python3 /home/mokha/fe-cbuild/Fonts/Scripts/glyph-installer-generator.py -i FontList.txt
[TXT]	/home/mokha/fe-cbuild/Contants/Text/Text.event
[AS ]	.cache_dir/lyn-ref.o
[CC ]	Wizardry/GameInitHook/source/GameInit.o
[CC ]	Wizardry/DebugKit/source/mgba.o
[CC ]	Wizardry/DebugKit/source/nocashgba.o
[CC ]	Wizardry/StatusGetterHack/Unit.o
[GEN]	GameData/Vanilla/ChracterData/CharacterTable.csv.event
[GEN]	GameData/Vanilla/ClassData/ClassTable.csv.event
[GEN]	Contants/Portrait/Source/Lysithea_mug.dmp
[GEN]	Contants/Sprite/Source/Alm_std.4bpp
[AAA]	Contants/Banim/Source/T0_RecuritF_Lance/_T0_RecruitF_LanceInstaller.event
[GEN]	Contants/ChapterTitles/Source/Ch0Title.4bpp
[GEN]	Contants/Sprite/Source/Alm_mov.4bpp
[GEN]	Contants/EfxAnim/Source/EfxDrsmmoya/1.img.bin
[GEN]	Contants/EfxAnim/Source/EfxDrsmmoya/2.img.bin
[GEN]	Contants/EfxAnim/Source/EfxDrsmmoya/3.img.bin
[GEN]	Contants/EfxAnim/Source/EfxDrsmmoya/4.img.bin
[GEN]	Contants/EfxAnim/Source/EfxDrsmmoya/5.img.bin
[GEN]	Contants/EfxAnim/Source/EfxDrsmmoya/6.img.bin
[GEN]	Contants/EfxAnim/Source/EfxDrsmmoya/7.img.bin
[GEN]	Contants/EfxAnim/Source/EfxDrsmmoya/8.img.bin
[GEN]	Contants/EfxAnim/Source/EfxDrsmmoya/9.img.bin
[GEN]	Contants/EfxAnim/Source/EfxDrsmmoya/10.img.bin
[GEN]	Contants/EfxAnim/Source/EfxDrsmmoya/11.img.bin
[GEN]	Contants/EfxAnim/Source/EfxDrsmmoya/12.img.bin
[GEN]	Contants/EfxAnim/Source/EfxDrsmmoya/13.img.bin
[CC ]	Fonts/Utf8/Utf8Decode.o
[GEN]	Fonts/build/GlyphItem/FontItem_3002.font.s
[GEN]	Fonts/build/GlyphItem/FontItem_FF1F.font.s
[GEN]	Fonts/build/GlyphItem/FontItem_FF01.font.s
[GEN]	Fonts/build/GlyphItem/FontItem_FF0C.font.s
[GEN]	Fonts/build/GlyphItem/FontItem_3001.font.s
[GEN]	Fonts/build/GlyphItem/FontItem_FF1B.font.s
[GEN]	Fonts/build/GlyphItem/FontItem_FF1A.font.s
[GEN]	Fonts/build/GlyphItem/FontItem_300C.font.s
[GEN]	Fonts/build/GlyphItem/FontItem_300D.font.s
[GEN]	Fonts/build/GlyphItem/FontItem_300E.font.s
[GEN]	Fonts/build/GlyphItem/FontItem_300F.font.s
[GEN]	Fonts/build/GlyphItem/FontItem_2018.font.s
[GEN]	Fonts/build/GlyphItem/FontItem_2019.font.s
[GEN]	Fonts/build/GlyphItem/FontItem_201C.font.s
[GEN]	Fonts/build/GlyphItem/FontItem_FF08.font.s
[GEN]	Fonts/build/GlyphItem/FontItem_FF09.font.s
[GEN]	Fonts/build/GlyphItem/FontItem_201D.font.s
[GEN]	Fonts/build/GlyphItem/FontItem_3014.font.s
[GEN]	Fonts/build/GlyphItem/FontItem_3015.font.s
[GEN]	Fonts/build/GlyphItem/FontItem_3010.font.s
[GEN]	Fonts/build/GlyphItem/FontItem_3011.font.s
[GEN]	Fonts/build/GlyphItem/FontItem_2014.font.s
[GEN]	Fonts/build/GlyphItem/FontItem_2026.font.s
[GEN]	Fonts/build/GlyphItem/FontItem_2013.font.s
[GEN]	Fonts/build/GlyphItem/FontItem_FF0E.font.s
[GEN]	Fonts/build/GlyphItem/FontItem_300A.font.s
[GEN]	Fonts/build/GlyphItem/FontItem_300B.font.s
[GEN]	Fonts/build/GlyphItem/FontItem_3008.font.s
[GEN]	Fonts/build/GlyphItem/FontItem_3009.font.s
[GEN]	Fonts/build/GlyphItem/FontItem_FF0B.font.s
[GEN]	Fonts/build/GlyphItem/FontItem_2022.font.s
[GEN]	Fonts/build/GlyphItem/FontItem_00B7.font.s
[GEN]	Fonts/build/GlyphItem/FontItem_002B.font.s
[GEN]	Fonts/build/GlyphItem/FontItem_554A.font.s
[GEN]	Fonts/build/GlyphItem/FontItem_963F.font.s
[GEN]	Fonts/build/GlyphItem/FontItem_57C3.font.s
[GEN]	Fonts/build/GlyphItem/FontItem_827E.font.s
[GEN]	Fonts/build/GlyphItem/FontItem_5B89.font.s
[GEN]	Fonts/build/GlyphItem/FontItem_7231.font.s
[GEN]	Fonts/build/GlyphItem/FontItem_6309.font.s
[GEN]	Fonts/build/GlyphItem/FontItem_6697.font.s
[GEN]	Fonts/build/GlyphItem/FontItem_5CB8.font.s
[GEN]	Fonts/build/GlyphItem/FontItem_6848.font.s
[GEN]	Fonts/build/GlyphItem/FontItem_7FF1.font.s
[GEN]	Fonts/build/GlyphItem/FontItem_50B2.font.s
[GEN]	Fonts/build/GlyphItem/FontItem_5965.font.s
[GEN]	Fonts/build/GlyphItem/FontItem_5427.font.s
[GEN]	Fonts/build/GlyphItem/FontItem_516B.font.s
[GEN]	Fonts/build/GlyphItem/FontItem_5DF4.font.s
[GEN]	Fonts/build/GlyphItem/FontItem_62D4.font.s
[GEN]	Fonts/build/GlyphItem/FontItem_628A.font.s
[GEN]	Fonts/build/GlyphItem/FontItem_9738.font.s
[GEN]	Fonts/build/GlyphItem/FontItem_7238.font.s
[GEN]	Fonts/build/GlyphItem/FontItem_767D.font.s
[GEN]	Fonts/build/GlyphItem/FontItem_6446.font.s
[GEN]	Fonts/build/GlyphItem/FontItem_8D25.font.s
[GEN]	Fonts/build/GlyphItem/FontItem_767E.font.s
[GEN]	Fonts/build/GlyphItem/FontItem_62DC.font.s
[GEN]	Fonts/build/GlyphItem/FontItem_73ED.font.s
[GEN]	Fonts/build/GlyphItem/FontItem_822C.font.s
[GEN]	Fonts/build/GlyphItem/FontItem_677F.font.s
[GEN]	Fonts/build/GlyphItem/FontItem_7248.font.s
[GEN]	Fonts/build/GlyphItem/FontItem_4F34.font.s
[GEN]	Fonts/build/GlyphItem/FontItem_534A.font.s
[GEN]	Fonts/build/GlyphItem/FontItem_529E.font.s
[GEN]	Fonts/build/GlyphItem/FontItem_7ECA.font.s
[GEN]	Fonts/build/GlyphItem/FontItem_90A6.font.s
[GEN]	Fonts/build/GlyphItem/FontItem_5E2E.font.s
[GEN]	Fonts/build/GlyphItem/FontItem_699C.font.s
[GEN]	Fonts/build/GlyphItem/FontItem_80DE.font.s
[GEN]	Fonts/build/GlyphItem/FontItem_5305.font.s
[GEN]	Fonts/build/GlyphItem/FontItem_4FDD.font.s
[GEN]	Fonts/build/GlyphItem/FontItem_9971.font.s
[GEN]	Fonts/build/GlyphItem/FontItem_5B9D.font.s
[GEN]	Fonts/build/GlyphItem/FontItem_62B1.font.s
[GEN]	Fonts/build/GlyphItem/FontItem_66B4.font.s
[GEN]	Fonts/build/GlyphItem/FontItem_9C8D.font.s
[GEN]	Fonts/build/GlyphItem/FontItem_62A5.font.s
[GEN]	Fonts/build/GlyphItem/FontItem_7206.font.s
[GEN]	Fonts/build/GlyphItem/FontItem_60B2.font.s
[GEN]	Fonts/build/GlyphItem/FontItem_5351.font.s
[GEN]	Fonts/build/GlyphItem/FontItem_5317.font.s
[GEN]	Fonts/build/GlyphItem/FontItem_8F88.font.s
[GEN]	Fonts/build/GlyphItem/FontItem_80CC.font.s
[GEN]	Fonts/build/GlyphItem/FontItem_8D1D.font.s
[GEN]	Fonts/build/GlyphItem/FontItem_500D.font.s
[GEN]	Fonts/build/GlyphItem/FontItem_5907.font.s
[GEN]	Fonts/build/GlyphItem/FontItem_88AB.font.s
[GEN]	Fonts/build/GlyphItem/FontItem_60EB.font.s
[GEN]	Fonts/build/GlyphItem/FontItem_5954.font.s
[GEN]	Fonts/build/GlyphItem/FontItem_5D29.font.s
[GEN]	Fonts/build/GlyphItem/FontItem_903C.font.s
[GEN]	Fonts/build/GlyphItem/FontItem_6BD4.font.s
[GEN]	Fonts/build/GlyphItem/FontItem_672C.font.s
[GEN]	Fonts/build/GlyphItem/FontItem_5F7C.font.s
[GEN]	Fonts/build/GlyphItem/FontItem_6BD5.font.s
[GEN]	Fonts/build/GlyphItem/FontItem_78A7.font.s
[GEN]	Fonts/build/GlyphItem/FontItem_5E01.font.s
[GEN]	Fonts/build/GlyphItem/FontItem_95ED.font.s
[GEN]	Fonts/build/GlyphItem/FontItem_5FC5.font.s
[GEN]	Fonts/build/GlyphItem/FontItem_81C2.font.s
[GEN]	Fonts/build/GlyphItem/FontItem_907F.font.s
[GEN]	Fonts/build/GlyphItem/FontItem_58C1.font.s
[GEN]	Fonts/build/GlyphItem/FontItem_97AD.font.s
[GEN]	Fonts/build/GlyphItem/FontItem_8FB9.font.s
[GEN]	Fonts/build/GlyphItem/FontItem_7F16.font.s
[GEN]	Fonts/build/GlyphItem/FontItem_4FBF.font.s
[GEN]	Fonts/build/GlyphItem/FontItem_53D8.font.s
[GEN]	Fonts/build/GlyphItem/FontItem_904D.font.s
[GEN]	Fonts/build/GlyphItem/FontItem_6807.font.s
[GEN]	Fonts/build/GlyphItem/FontItem_8868.font.s
[GEN]	Fonts/build/GlyphItem/FontItem_522B.font.s
[GEN]	Fonts/build/GlyphItem/FontItem_5175.font.s
[GEN]	Fonts/build/GlyphItem/FontItem_51B0.font.s
[GEN]	Fonts/build/GlyphItem/FontItem_67C4.font.s
[GEN]	Fonts/build/GlyphItem/FontItem_75C5.font.s
[GEN]	Fonts/build/GlyphItem/FontItem_5E76.font.s
[GEN]	Fonts/build/GlyphItem/FontItem_64AD.font.s
[GEN]	Fonts/build/GlyphItem/FontItem_6CE2.font.s
[GEN]	Fonts/build/GlyphItem/FontItem_535A.font.s
[GEN]	Fonts/build/GlyphItem/FontItem_4F2F.font.s
[GEN]	Fonts/build/GlyphItem/FontItem_6355.font.s
[GEN]	Fonts/build/GlyphItem/FontItem_535C.font.s
[GEN]	Fonts/build/GlyphItem/FontItem_8865.font.s
[GEN]	Fonts/build/GlyphItem/FontItem_4E0D.font.s
[GEN]	Fonts/build/GlyphItem/FontItem_5E03.font.s
[GEN]	Fonts/build/GlyphItem/FontItem_6B65.font.s
[GEN]	Fonts/build/GlyphItem/FontItem_90E8.font.s
[GEN]	Fonts/build/GlyphItem/FontItem_64E6.font.s
[GEN]	Fonts/build/GlyphItem/FontItem_624D.font.s
[GEN]	Fonts/build/GlyphItem/FontItem_8D22.font.s
[GEN]	Fonts/build/GlyphItem/FontItem_5F69.font.s
[GEN]	Fonts/build/GlyphItem/FontItem_83DC.font.s
[GEN]	Fonts/build/GlyphItem/FontItem_53C2.font.s
[GEN]	Fonts/build/GlyphItem/FontItem_6B8B.font.s
[GEN]	Fonts/build/GlyphItem/FontItem_82CD.font.s
[GEN]	Fonts/build/GlyphItem/FontItem_85CF.font.s
[GEN]	Fonts/build/GlyphItem/FontItem_64CD.font.s
[GEN]	Fonts/build/GlyphItem/FontItem_7B56.font.s
[GEN]	Fonts/build/GlyphItem/FontItem_8349.font.s
[GEN]	Fonts/build/GlyphItem/FontItem_4FA7.font.s
[GEN]	Fonts/build/GlyphItem/FontItem_6D4B.font.s
[GEN]	Fonts/build/GlyphItem/FontItem_67E5.font.s
[GEN]	Fonts/build/GlyphItem/FontItem_5C42.font.s
[GEN]	Fonts/build/GlyphItem/FontItem_5BDF.font.s
[GEN]	Fonts/build/GlyphItem/FontItem_5DEE.font.s
[GEN]	Fonts/build/GlyphItem/FontItem_94F2.font.s
[GEN]	Fonts/build/GlyphItem/FontItem_7F20.font.s
[GEN]	Fonts/build/GlyphItem/FontItem_4EA7.font.s
[GEN]	Fonts/build/GlyphItem/FontItem_573A.font.s
[GEN]	Fonts/build/GlyphItem/FontItem_5E38.font.s
[GEN]	Fonts/build/GlyphItem/FontItem_957F.font.s
[GEN]	Fonts/build/GlyphItem/FontItem_507F.font.s
[GEN]	Fonts/build/GlyphItem/FontItem_8D85.font.s
[GEN]	Fonts/build/GlyphItem/FontItem_671D.font.s
[GEN]	Fonts/build/GlyphItem/FontItem_5435.font.s
[GEN]	Fonts/build/GlyphItem/FontItem_64A4.font.s
[GEN]	Fonts/build/GlyphItem/FontItem_81E3.font.s
[GEN]	Fonts/build/GlyphItem/FontItem_5C18.font.s
[GEN]	Fonts/build/GlyphItem/FontItem_6C89.font.s
[GEN]	Fonts/build/GlyphItem/FontItem_79F0.font.s
[GEN]	Fonts/build/GlyphItem/FontItem_6210.font.s
[GEN]	Fonts/build/GlyphItem/FontItem_57CE.font.s
[GEN]	Fonts/build/GlyphItem/FontItem_4E58.font.s
[GEN]	Fonts/build/GlyphItem/FontItem_7A0B.font.s
[GEN]	Fonts/build/GlyphItem/FontItem_8BDA.font.s
[GEN]	Fonts/build/GlyphItem/FontItem_5403.font.s
[GEN]	Fonts/build/GlyphItem/FontItem_627F.font.s
[GEN]	Fonts/build/GlyphItem/FontItem_75F4.font.s
[GEN]	Fonts/build/GlyphItem/FontItem_6301.font.s
[GEN]	Fonts/build/GlyphItem/FontItem_5319.font.s
[GEN]	Fonts/build/GlyphItem/FontItem_8FDF.font.s
[GEN]	Fonts/build/GlyphItem/FontItem_5F1B.font.s
[GEN]	Fonts/build/GlyphItem/FontItem_9A70.font.s
[GEN]	Fonts/build/GlyphItem/FontItem_8D64.font.s
[GEN]	Fonts/build/GlyphItem/FontItem_5145.font.s
[GEN]	Fonts/build/GlyphItem/FontItem_51B2.font.s
[GEN]	Fonts/build/GlyphItem/FontItem_916C.font.s
[GEN]	Fonts/build/GlyphItem/FontItem_4EC7.font.s
[GEN]	Fonts/build/GlyphItem/FontItem_521D.font.s
[GEN]	Fonts/build/GlyphItem/FontItem_51FA.font.s
[GEN]	Fonts/build/GlyphItem/FontItem_53A8.font.s
[GEN]	Fonts/build/GlyphItem/FontItem_9664.font.s
[GEN]	Fonts/build/GlyphItem/FontItem_695A.font.s
[GEN]	Fonts/build/GlyphItem/FontItem_7840.font.s
[GEN]	Fonts/build/GlyphItem/FontItem_89E6.font.s
[GEN]	Fonts/build/GlyphItem/FontItem_5904.font.s
[GEN]	Fonts/build/GlyphItem/FontItem_5DDD.font.s
[GEN]	Fonts/build/GlyphItem/FontItem_7A7F.font.s
[GEN]	Fonts/build/GlyphItem/FontItem_4F20.font.s
[GEN]	Fonts/build/GlyphItem/FontItem_8239.font.s
[GEN]	Fonts/build/GlyphItem/FontItem_7A97.font.s
[GEN]	Fonts/build/GlyphItem/FontItem_5E8A.font.s
[GEN]	Fonts/build/GlyphItem/FontItem_521B.font.s
[GEN]	Fonts/build/GlyphItem/FontItem_9524.font.s
[GEN]	Fonts/build/GlyphItem/FontItem_5782.font.s
[GEN]	Fonts/build/GlyphItem/FontItem_7EAF.font.s
[GEN]	Fonts/build/GlyphItem/FontItem_8822.font.s
[GEN]	Fonts/build/GlyphItem/FontItem_8F9E.font.s
[GEN]	Fonts/build/GlyphItem/FontItem_96CC.font.s
[GEN]	Fonts/build/GlyphItem/FontItem_6148.font.s
[GEN]	Fonts/build/GlyphItem/FontItem_6B64.font.s
[GEN]	Fonts/build/GlyphItem/FontItem_523A.font.s
[GEN]	Fonts/build/GlyphItem/FontItem_8D50.font.s
[GEN]	Fonts/build/GlyphItem/FontItem_6B21.font.s
[GEN]	Fonts/build/GlyphItem/FontItem_5D14.font.s
[GEN]	Fonts/build/GlyphItem/FontItem_4ECE.font.s
[GEN]	Fonts/build/GlyphItem/FontItem_6751.font.s
[GEN]	Fonts/build/GlyphItem/FontItem_5B58.font.s
[GEN]	Fonts/build/GlyphItem/FontItem_9519.font.s
[GEN]	Fonts/build/GlyphItem/FontItem_642D.font.s
[GEN]	Fonts/build/GlyphItem/FontItem_7B54.font.s
[GEN]	Fonts/build/GlyphItem/FontItem_8FBE.font.s
[GEN]	Fonts/build/GlyphItem/FontItem_6253.font.s
[GEN]	Fonts/build/GlyphItem/FontItem_5927.font.s
[GEN]	Fonts/build/GlyphItem/FontItem_5446.font.s
[GEN]	Fonts/build/GlyphItem/FontItem_6234.font.s
[GEN]	Fonts/build/GlyphItem/FontItem_5E26.font.s
[GEN]	Fonts/build/GlyphItem/FontItem_4EE3.font.s
[GEN]	Fonts/build/GlyphItem/FontItem_5F85.font.s
[GEN]	Fonts/build/GlyphItem/FontItem_62C5.font.s
[GEN]	Fonts/build/GlyphItem/FontItem_5355.font.s
[GEN]	Fonts/build/GlyphItem/FontItem_80C6.font.s
[GEN]	Fonts/build/GlyphItem/FontItem_65E6.font.s
[GEN]	Fonts/build/GlyphItem/FontItem_4F46.font.s
[GEN]	Fonts/build/GlyphItem/FontItem_6DE1.font.s
[GEN]	Fonts/build/GlyphItem/FontItem_8BDE.font.s
[GEN]	Fonts/build/GlyphItem/FontItem_86CB.font.s
[GEN]	Fonts/build/GlyphItem/FontItem_5F53.font.s
[GEN]	Fonts/build/GlyphItem/FontItem_515A.font.s
[GEN]	Fonts/build/GlyphItem/FontItem_6321.font.s
[GEN]	Fonts/build/GlyphItem/FontItem_6863.font.s
[GEN]	Fonts/build/GlyphItem/FontItem_5200.font.s
[GEN]	Fonts/build/GlyphItem/FontItem_8E48.font.s
[GEN]	Fonts/build/GlyphItem/FontItem_5012.font.s
[GEN]	Fonts/build/GlyphItem/FontItem_5C9B.font.s
[GEN]	Fonts/build/GlyphItem/FontItem_7977.font.s
[GEN]	Fonts/build/GlyphItem/FontItem_5BFC.font.s
[GEN]	Fonts/build/GlyphItem/FontItem_5230.font.s
[GEN]	Fonts/build/GlyphItem/FontItem_9053.font.s
[GEN]	Fonts/build/GlyphItem/FontItem_76D7.font.s
[GEN]	Fonts/build/GlyphItem/FontItem_5FB7.font.s
[GEN]	Fonts/build/GlyphItem/FontItem_5F97.font.s
[GEN]	Fonts/build/GlyphItem/FontItem_767B.font.s
[GEN]	Fonts/build/GlyphItem/FontItem_7684.font.s
[GEN]	Fonts/build/GlyphItem/FontItem_7B49.font.s
[GEN]	Fonts/build/GlyphItem/FontItem_8FEA.font.s
[GEN]	Fonts/build/GlyphItem/FontItem_654C.font.s
[GEN]	Fonts/build/GlyphItem/FontItem_62B5.font.s
[GEN]	Fonts/build/GlyphItem/FontItem_5E95.font.s
[GEN]	Fonts/build/GlyphItem/FontItem_5730.font.s
[GEN]	Fonts/build/GlyphItem/FontItem_8482.font.s
[GEN]	Fonts/build/GlyphItem/FontItem_7B2C.font.s
[GEN]	Fonts/build/GlyphItem/FontItem_5F1F.font.s
[GEN]	Fonts/build/GlyphItem/FontItem_70B9.font.s
[GEN]	Fonts/build/GlyphItem/FontItem_7535.font.s
[GEN]	Fonts/build/GlyphItem/FontItem_5E97.font.s
[GEN]	Fonts/build/GlyphItem/FontItem_6BBF.font.s
[GEN]	Fonts/build/GlyphItem/FontItem_6389.font.s
[GEN]	Fonts/build/GlyphItem/FontItem_8C03.font.s
[GEN]	Fonts/build/GlyphItem/FontItem_540A.font.s
[GEN]	Fonts/build/GlyphItem/FontItem_9876.font.s
[GEN]	Fonts/build/GlyphItem/FontItem_5B9A.font.s
[GEN]	Fonts/build/GlyphItem/FontItem_4E22.font.s
[GEN]	Fonts/build/GlyphItem/FontItem_4E1C.font.s
[GEN]	Fonts/build/GlyphItem/FontItem_51AC.font.s
[GEN]	Fonts/build/GlyphItem/FontItem_61C2.font.s
[GEN]	Fonts/build/GlyphItem/FontItem_52A8.font.s
[GEN]	Fonts/build/GlyphItem/FontItem_51BB.font.s
[GEN]	Fonts/build/GlyphItem/FontItem_6D1E.font.s
[GEN]	Fonts/build/GlyphItem/FontItem_6597.font.s
[GEN]	Fonts/build/GlyphItem/FontItem_90FD.font.s
[GEN]	Fonts/build/GlyphItem/FontItem_7763.font.s
[GEN]	Fonts/build/GlyphItem/FontItem_72EC.font.s
[GEN]	Fonts/build/GlyphItem/FontItem_6BD2.font.s
[GEN]	Fonts/build/GlyphItem/FontItem_8BFB.font.s
[GEN]	Fonts/build/GlyphItem/FontItem_8D4C.font.s
[GEN]	Fonts/build/GlyphItem/FontItem_5835.font.s
[GEN]	Fonts/build/GlyphItem/FontItem_5EA6.font.s
[GEN]	Fonts/build/GlyphItem/FontItem_7AEF.font.s
[GEN]	Fonts/build/GlyphItem/FontItem_77ED.font.s
[GEN]	Fonts/build/GlyphItem/FontItem_6E21.font.s
[GEN]	Fonts/build/GlyphItem/FontItem_953B.font.s
[GEN]	Fonts/build/GlyphItem/FontItem_65AD.font.s
[GEN]	Fonts/build/GlyphItem/FontItem_6BB5.font.s
[GEN]	Fonts/build/GlyphItem/FontItem_961F.font.s
[GEN]	Fonts/build/GlyphItem/FontItem_5BF9.font.s
[GEN]	Fonts/build/GlyphItem/FontItem_987F.font.s
[GEN]	Fonts/build/GlyphItem/FontItem_76FE.font.s
[GEN]	Fonts/build/GlyphItem/FontItem_591A.font.s
[GEN]	Fonts/build/GlyphItem/FontItem_593A.font.s
[GEN]	Fonts/build/GlyphItem/FontItem_8EB2.font.s
[GEN]	Fonts/build/GlyphItem/FontItem_6076.font.s
[GEN]	Fonts/build/GlyphItem/FontItem_6069.font.s
[GEN]	Fonts/build/GlyphItem/FontItem_800C.font.s
[GEN]	Fonts/build/GlyphItem/FontItem_513F.font.s
[GEN]	Fonts/build/GlyphItem/FontItem_8033.font.s
[GEN]	Fonts/build/GlyphItem/FontItem_5C14.font.s
[GEN]	Fonts/build/GlyphItem/FontItem_4E8C.font.s
[GEN]	Fonts/build/GlyphItem/FontItem_53D1.font.s
[GEN]	Fonts/build/GlyphItem/FontItem_6CD5.font.s
[GEN]	Fonts/build/GlyphItem/FontItem_73D0.font.s
[GEN]	Fonts/build/GlyphItem/FontItem_756A.font.s
[GEN]	Fonts/build/GlyphItem/FontItem_7E41.font.s
[GEN]	Fonts/build/GlyphItem/FontItem_51E1.font.s
[GEN]	Fonts/build/GlyphItem/FontItem_70E6.font.s
[GEN]	Fonts/build/GlyphItem/FontItem_53CD.font.s
[GEN]	Fonts/build/GlyphItem/FontItem_8FD4.font.s
[GEN]	Fonts/build/GlyphItem/FontItem_8303.font.s
[GEN]	Fonts/build/GlyphItem/FontItem_72AF.font.s
[GEN]	Fonts/build/GlyphItem/FontItem_65B9.font.s
[GEN]	Fonts/build/GlyphItem/FontItem_623F.font.s
[GEN]	Fonts/build/GlyphItem/FontItem_9632.font.s
[GEN]	Fonts/build/GlyphItem/FontItem_4EFF.font.s
[GEN]	Fonts/build/GlyphItem/FontItem_8BBF.font.s
[GEN]	Fonts/build/GlyphItem/FontItem_653E.font.s
[GEN]	Fonts/build/GlyphItem/FontItem_83F2.font.s
[GEN]	Fonts/build/GlyphItem/FontItem_975E.font.s
[GEN]	Fonts/build/GlyphItem/FontItem_98DE.font.s
[GEN]	Fonts/build/GlyphItem/FontItem_5E9F.font.s
[GEN]	Fonts/build/GlyphItem/FontItem_8D39.font.s
[GEN]	Fonts/build/GlyphItem/FontItem_82AC.font.s
[GEN]	Fonts/build/GlyphItem/FontItem_5206.font.s
[GEN]	Fonts/build/GlyphItem/FontItem_594B.font.s
[GEN]	Fonts/build/GlyphItem/FontItem_4EFD.font.s
[GEN]	Fonts/build/GlyphItem/FontItem_6124.font.s
[GEN]	Fonts/build/GlyphItem/FontItem_4E30.font.s
[GEN]	Fonts/build/GlyphItem/FontItem_5C01.font.s
[GEN]	Fonts/build/GlyphItem/FontItem_950B.font.s
[GEN]	Fonts/build/GlyphItem/FontItem_98CE.font.s
[GEN]	Fonts/build/GlyphItem/FontItem_75AF.font.s
[GEN]	Fonts/build/GlyphItem/FontItem_9022.font.s
[GEN]	Fonts/build/GlyphItem/FontItem_7F1D.font.s
[GEN]	Fonts/build/GlyphItem/FontItem_5949.font.s
[GEN]	Fonts/build/GlyphItem/FontItem_5426.font.s
[GEN]	Fonts/build/GlyphItem/FontItem_592B.font.s
[GEN]	Fonts/build/GlyphItem/FontItem_5E45.font.s
[GEN]	Fonts/build/GlyphItem/FontItem_7B26.font.s
[GEN]	Fonts/build/GlyphItem/FontItem_670D.font.s
[GEN]	Fonts/build/GlyphItem/FontItem_6D6E.font.s
[GEN]	Fonts/build/GlyphItem/FontItem_798F.font.s
[GEN]	Fonts/build/GlyphItem/FontItem_5F17.font.s
[GEN]	Fonts/build/GlyphItem/FontItem_629A.font.s
[GEN]	Fonts/build/GlyphItem/FontItem_8F85.font.s
[GEN]	Fonts/build/GlyphItem/FontItem_65A7.font.s
[GEN]	Fonts/build/GlyphItem/FontItem_8150.font.s
[GEN]	Fonts/build/GlyphItem/FontItem_8D74.font.s
[GEN]	Fonts/build/GlyphItem/FontItem_526F.font.s
[GEN]	Fonts/build/GlyphItem/FontItem_8986.font.s
[GEN]	Fonts/build/GlyphItem/FontItem_8D4B.font.s
[GEN]	Fonts/build/GlyphItem/FontItem_590D.font.s
[GEN]	Fonts/build/GlyphItem/FontItem_4ED8.font.s
[GEN]	Fonts/build/GlyphItem/FontItem_7236.font.s
[GEN]	Fonts/build/GlyphItem/FontItem_8D1F.font.s
[GEN]	Fonts/build/GlyphItem/FontItem_5BCC.font.s
[GEN]	Fonts/build/GlyphItem/FontItem_9644.font.s
[GEN]	Fonts/build/GlyphItem/FontItem_5987.font.s
[GEN]	Fonts/build/GlyphItem/FontItem_7F1A.font.s
[GEN]	Fonts/build/GlyphItem/FontItem_8BE5.font.s
[GEN]	Fonts/build/GlyphItem/FontItem_6539.font.s
[GEN]	Fonts/build/GlyphItem/FontItem_6982.font.s
[GEN]	Fonts/build/GlyphItem/FontItem_76D6.font.s
[GEN]	Fonts/build/GlyphItem/FontItem_7518.font.s
[GEN]	Fonts/build/GlyphItem/FontItem_6746.font.s
[GEN]	Fonts/build/GlyphItem/FontItem_8D76.font.s
[GEN]	Fonts/build/GlyphItem/FontItem_611F.font.s
[GEN]	Fonts/build/GlyphItem/FontItem_521A.font.s
[GEN]	Fonts/build/GlyphItem/FontItem_94A2.font.s
[GEN]	Fonts/build/GlyphItem/FontItem_9AD8.font.s
[GEN]	Fonts/build/GlyphItem/FontItem_7CD5.font.s
[GEN]	Fonts/build/GlyphItem/FontItem_544A.font.s
[GEN]	Fonts/build/GlyphItem/FontItem_54E5.font.s
[GEN]	Fonts/build/GlyphItem/FontItem_6B4C.font.s
[GEN]	Fonts/build/GlyphItem/FontItem_683C.font.s
[GEN]	Fonts/build/GlyphItem/FontItem_9694.font.s
[GEN]	Fonts/build/GlyphItem/FontItem_4E2A.font.s
[GEN]	Fonts/build/GlyphItem/FontItem_5404.font.s
[GEN]	Fonts/build/GlyphItem/FontItem_7ED9.font.s
[GEN]	Fonts/build/GlyphItem/FontItem_6839.font.s
[GEN]	Fonts/build/GlyphItem/FontItem_8DDF.font.s
[GEN]	Fonts/build/GlyphItem/FontItem_8015.font.s
[GEN]	Fonts/build/GlyphItem/FontItem_66F4.font.s
[GEN]	Fonts/build/GlyphItem/FontItem_803F.font.s
[GEN]	Fonts/build/GlyphItem/FontItem_5DE5.font.s
[GEN]	Fonts/build/GlyphItem/FontItem_653B.font.s
[GEN]	Fonts/build/GlyphItem/FontItem_529F.font.s
[GEN]	Fonts/build/GlyphItem/FontItem_4F9B.font.s
[GEN]	Fonts/build/GlyphItem/FontItem_516C.font.s
[GEN]	Fonts/build/GlyphItem/FontItem_5BAB.font.s
[GEN]	Fonts/build/GlyphItem/FontItem_5F13.font.s
[GEN]	Fonts/build/GlyphItem/FontItem_8D21.font.s
[GEN]	Fonts/build/GlyphItem/FontItem_5171.font.s
[GEN]	Fonts/build/GlyphItem/FontItem_6784.font.s
[GEN]	Fonts/build/GlyphItem/FontItem_8D2D.font.s
[GEN]	Fonts/build/GlyphItem/FontItem_591F.font.s
[GEN]	Fonts/build/GlyphItem/FontItem_5B64.font.s
[GEN]	Fonts/build/GlyphItem/FontItem_59D1.font.s
[GEN]	Fonts/build/GlyphItem/FontItem_9F13.font.s
[GEN]	Fonts/build/GlyphItem/FontItem_53E4.font.s
[GEN]	Fonts/build/GlyphItem/FontItem_9AA8.font.s
[GEN]	Fonts/build/GlyphItem/FontItem_8C37.font.s
[GEN]	Fonts/build/GlyphItem/FontItem_6545.font.s
[GEN]	Fonts/build/GlyphItem/FontItem_987E.font.s
[GEN]	Fonts/build/GlyphItem/FontItem_56FA.font.s
[GEN]	Fonts/build/GlyphItem/FontItem_96C7.font.s
[GEN]	Fonts/build/GlyphItem/FontItem_602A.font.s
[GEN]	Fonts/build/GlyphItem/FontItem_5173.font.s
[GEN]	Fonts/build/GlyphItem/FontItem_5B98.font.s
[GEN]	Fonts/build/GlyphItem/FontItem_89C2.font.s
[GEN]	Fonts/build/GlyphItem/FontItem_7BA1.font.s
[GEN]	Fonts/build/GlyphItem/FontItem_9986.font.s
[GEN]	Fonts/build/GlyphItem/FontItem_60EF.font.s
[GEN]	Fonts/build/GlyphItem/FontItem_8D2F.font.s
[GEN]	Fonts/build/GlyphItem/FontItem_5149.font.s
[GEN]	Fonts/build/GlyphItem/FontItem_5E7F.font.s
[GEN]	Fonts/build/GlyphItem/FontItem_89C4.font.s
[GEN]	Fonts/build/GlyphItem/FontItem_5F52.font.s
[GEN]	Fonts/build/GlyphItem/FontItem_8F68.font.s
[GEN]	Fonts/build/GlyphItem/FontItem_9B3C.font.s
[GEN]	Fonts/build/GlyphItem/FontItem_8D35.font.s
[GEN]	Fonts/build/GlyphItem/FontItem_6EDA.font.s
[GEN]	Fonts/build/GlyphItem/FontItem_56FD.font.s
[GEN]	Fonts/build/GlyphItem/FontItem_679C.font.s
[GEN]	Fonts/build/GlyphItem/FontItem_8FC7.font.s
[GEN]	Fonts/build/GlyphItem/FontItem_54C8.font.s
[GEN]	Fonts/build/GlyphItem/FontItem_5B69.font.s
[GEN]	Fonts/build/GlyphItem/FontItem_6D77.font.s
[GEN]	Fonts/build/GlyphItem/FontItem_5BB3.font.s
[GEN]	Fonts/build/GlyphItem/FontItem_5BD2.font.s
[GEN]	Fonts/build/GlyphItem/FontItem_7FF0.font.s
[GEN]	Fonts/build/GlyphItem/FontItem_64BC.font.s
[GEN]	Fonts/build/GlyphItem/FontItem_6C49.font.s
[GEN]	Fonts/build/GlyphItem/FontItem_822A.font.s
[GEN]	Fonts/build/GlyphItem/FontItem_568E.font.s
[GEN]	Fonts/build/GlyphItem/FontItem_8C6A.font.s
[GEN]	Fonts/build/GlyphItem/FontItem_6BEB.font.s
[GEN]	Fonts/build/GlyphItem/FontItem_597D.font.s
[GEN]	Fonts/build/GlyphItem/FontItem_8017.font.s
[GEN]	Fonts/build/GlyphItem/FontItem_53F7.font.s
[GEN]	Fonts/build/GlyphItem/FontItem_548C.font.s
[GEN]	Fonts/build/GlyphItem/FontItem_4F55.font.s
[GEN]	Fonts/build/GlyphItem/FontItem_5408.font.s
[GEN]	Fonts/build/GlyphItem/FontItem_6CB3.font.s
[GEN]	Fonts/build/GlyphItem/FontItem_8D6B.font.s
[GEN]	Fonts/build/GlyphItem/FontItem_9ED1.font.s
[GEN]	Fonts/build/GlyphItem/FontItem_75D5.font.s
[GEN]	Fonts/build/GlyphItem/FontItem_5F88.font.s
[GEN]	Fonts/build/GlyphItem/FontItem_6068.font.s
[GEN]	Fonts/build/GlyphItem/FontItem_8861.font.s
[GEN]	Fonts/build/GlyphItem/FontItem_8F70.font.s
[GEN]	Fonts/build/GlyphItem/FontItem_7EA2.font.s
[GEN]	Fonts/build/GlyphItem/FontItem_4FAF.font.s
[GEN]	Fonts/build/GlyphItem/FontItem_539A.font.s
[GEN]	Fonts/build/GlyphItem/FontItem_5019.font.s
[GEN]	Fonts/build/GlyphItem/FontItem_540E.font.s
[GEN]	Fonts/build/GlyphItem/FontItem_547C.font.s
[GEN]	Fonts/build/GlyphItem/FontItem_4E4E.font.s
[GEN]	Fonts/build/GlyphItem/FontItem_7CCA.font.s
[GEN]	Fonts/build/GlyphItem/FontItem_6E56.font.s
[GEN]	Fonts/build/GlyphItem/FontItem_864E.font.s
[GEN]	Fonts/build/GlyphItem/FontItem_62A4.font.s
[GEN]	Fonts/build/GlyphItem/FontItem_4E92.font.s
[GEN]	Fonts/build/GlyphItem/FontItem_6237.font.s
[GEN]	Fonts/build/GlyphItem/FontItem_82B1.font.s
[GEN]	Fonts/build/GlyphItem/FontItem_534E.font.s
[GEN]	Fonts/build/GlyphItem/FontItem_753B.font.s
[GEN]	Fonts/build/GlyphItem/FontItem_5212.font.s
[GEN]	Fonts/build/GlyphItem/FontItem_5316.font.s
[GEN]	Fonts/build/GlyphItem/FontItem_8BDD.font.s
[GEN]	Fonts/build/GlyphItem/FontItem_6000.font.s
[GEN]	Fonts/build/GlyphItem/FontItem_574F.font.s
[GEN]	Fonts/build/GlyphItem/FontItem_6B22.font.s
[GEN]	Fonts/build/GlyphItem/FontItem_73AF.font.s
[GEN]	Fonts/build/GlyphItem/FontItem_8FD8.font.s
[GEN]	Fonts/build/GlyphItem/FontItem_6362.font.s
[GEN]	Fonts/build/GlyphItem/FontItem_60A3.font.s
[GEN]	Fonts/build/GlyphItem/FontItem_5524.font.s
[GEN]	Fonts/build/GlyphItem/FontItem_6DA3.font.s
[GEN]	Fonts/build/GlyphItem/FontItem_5E7B.font.s
[GEN]	Fonts/build/GlyphItem/FontItem_8352.font.s
[GEN]	Fonts/build/GlyphItem/FontItem_9EC4.font.s
[GEN]	Fonts/build/GlyphItem/FontItem_7687.font.s
[GEN]	Fonts/build/GlyphItem/FontItem_7070.font.s
[GEN]	Fonts/build/GlyphItem/FontItem_6325.font.s
[GEN]	Fonts/build/GlyphItem/FontItem_8F89.font.s
[GEN]	Fonts/build/GlyphItem/FontItem_6062.font.s
[GEN]	Fonts/build/GlyphItem/FontItem_56DE.font.s
[GEN]	Fonts/build/GlyphItem/FontItem_6167.font.s
[GEN]	Fonts/build/GlyphItem/FontItem_60E0.font.s
[GEN]	Fonts/build/GlyphItem/FontItem_4F1A.font.s
[GEN]	Fonts/build/GlyphItem/FontItem_7ED8.font.s
[GEN]	Fonts/build/GlyphItem/FontItem_660F.font.s
[GEN]	Fonts/build/GlyphItem/FontItem_5A5A.font.s
[GEN]	Fonts/build/GlyphItem/FontItem_9B42.font.s
[GEN]	Fonts/build/GlyphItem/FontItem_6DF7.font.s
[GEN]	Fonts/build/GlyphItem/FontItem_6D3B.font.s
[GEN]	Fonts/build/GlyphItem/FontItem_4F19.font.s
[GEN]	Fonts/build/GlyphItem/FontItem_706B.font.s
[GEN]	Fonts/build/GlyphItem/FontItem_83B7.font.s
[GEN]	Fonts/build/GlyphItem/FontItem_6216.font.s
[GEN]	Fonts/build/GlyphItem/FontItem_60D1.font.s
[GEN]	Fonts/build/GlyphItem/FontItem_7978.font.s
[GEN]	Fonts/build/GlyphItem/FontItem_51FB.font.s
[GEN]	Fonts/build/GlyphItem/FontItem_57FA.font.s
[GEN]	Fonts/build/GlyphItem/FontItem_673A.font.s
[GEN]	Fonts/build/GlyphItem/FontItem_8FF9.font.s
[GEN]	Fonts/build/GlyphItem/FontItem_6FC0.font.s
[GEN]	Fonts/build/GlyphItem/FontItem_59EC.font.s
[GEN]	Fonts/build/GlyphItem/FontItem_7EE9.font.s
[GEN]	Fonts/build/GlyphItem/FontItem_5409.font.s
[GEN]	Fonts/build/GlyphItem/FontItem_6781.font.s
[GEN]	Fonts/build/GlyphItem/FontItem_96C6.font.s
[GEN]	Fonts/build/GlyphItem/FontItem_53CA.font.s
[GEN]	Fonts/build/GlyphItem/FontItem_6025.font.s
[GEN]	Fonts/build/GlyphItem/FontItem_75BE.font.s
[GEN]	Fonts/build/GlyphItem/FontItem_5373.font.s
[GEN]	Fonts/build/GlyphItem/FontItem_7EA7.font.s
[GEN]	Fonts/build/GlyphItem/FontItem_51E0.font.s
[GEN]	Fonts/build/GlyphItem/FontItem_5DF1.font.s
[GEN]	Fonts/build/GlyphItem/FontItem_6280.font.s
[GEN]	Fonts/build/GlyphItem/FontItem_796D.font.s
[GEN]	Fonts/build/GlyphItem/FontItem_6D4E.font.s
[GEN]	Fonts/build/GlyphItem/FontItem_5BC4.font.s
[GEN]	Fonts/build/GlyphItem/FontItem_5BC2.font.s
[GEN]	Fonts/build/GlyphItem/FontItem_8BA1.font.s
[GEN]	Fonts/build/GlyphItem/FontItem_8BB0.font.s
[GEN]	Fonts/build/GlyphItem/FontItem_65E2.font.s
[GEN]	Fonts/build/GlyphItem/FontItem_7EE7.font.s
[GEN]	Fonts/build/GlyphItem/FontItem_7EAA.font.s
[GEN]	Fonts/build/GlyphItem/FontItem_5609.font.s
[GEN]	Fonts/build/GlyphItem/FontItem_5939.font.s
[GEN]	Fonts/build/GlyphItem/FontItem_4F73.font.s
[GEN]	Fonts/build/GlyphItem/FontItem_5BB6.font.s
[GEN]	Fonts/build/GlyphItem/FontItem_52A0.font.s
[GEN]	Fonts/build/GlyphItem/FontItem_7532.font.s
[GEN]	Fonts/build/GlyphItem/FontItem_5047.font.s
[GEN]	Fonts/build/GlyphItem/FontItem_4EF7.font.s
[GEN]	Fonts/build/GlyphItem/FontItem_67B6.font.s
[GEN]	Fonts/build/GlyphItem/FontItem_9A7E.font.s
[GEN]	Fonts/build/GlyphItem/FontItem_5AC1.font.s
[GEN]	Fonts/build/GlyphItem/FontItem_575A.font.s
[GEN]	Fonts/build/GlyphItem/FontItem_95F4.font.s
[GEN]	Fonts/build/GlyphItem/FontItem_517C.font.s
[GEN]	Fonts/build/GlyphItem/FontItem_80A9.font.s
[GEN]	Fonts/build/GlyphItem/FontItem_7B80.font.s
[GEN]	Fonts/build/GlyphItem/FontItem_8270.font.s
[GEN]	Fonts/build/GlyphItem/FontItem_51CF.font.s
[GEN]	Fonts/build/GlyphItem/FontItem_89C1.font.s
[GEN]	Fonts/build/GlyphItem/FontItem_952E.font.s
[GEN]	Fonts/build/GlyphItem/FontItem_7BAD.font.s
[GEN]	Fonts/build/GlyphItem/FontItem_4EF6.font.s
[GEN]	Fonts/build/GlyphItem/FontItem_5065.font.s
[GEN]	Fonts/build/GlyphItem/FontItem_5251.font.s
[GEN]	Fonts/build/GlyphItem/FontItem_6E10.font.s
[GEN]	Fonts/build/GlyphItem/FontItem_5EFA.font.s
[GEN]	Fonts/build/GlyphItem/FontItem_5C06.font.s
[GEN]	Fonts/build/GlyphItem/FontItem_5956.font.s
[GEN]	Fonts/build/GlyphItem/FontItem_8BB2.font.s
[GEN]	Fonts/build/GlyphItem/FontItem_964D.font.s
[GEN]	Fonts/build/GlyphItem/FontItem_7126.font.s
[GEN]	Fonts/build/GlyphItem/FontItem_4EA4.font.s
[GEN]	Fonts/build/GlyphItem/FontItem_90CA.font.s
[GEN]	Fonts/build/GlyphItem/FontItem_9A84.font.s
[GEN]	Fonts/build/GlyphItem/FontItem_811A.font.s
[GEN]	Fonts/build/GlyphItem/FontItem_89D2.font.s
[GEN]	Fonts/build/GlyphItem/FontItem_6559.font.s
[GEN]	Fonts/build/GlyphItem/FontItem_8F83.font.s
[GEN]	Fonts/build/GlyphItem/FontItem_63A5.font.s
[GEN]	Fonts/build/GlyphItem/FontItem_53EB.font.s
[GEN]	Fonts/build/GlyphItem/FontItem_52AB.font.s
[GEN]	Fonts/build/GlyphItem/FontItem_8282.font.s
[GEN]	Fonts/build/GlyphItem/FontItem_6377.font.s
[GEN]	Fonts/build/GlyphItem/FontItem_7AED.font.s
[GEN]	Fonts/build/GlyphItem/FontItem_6770.font.s
[GEN]	Fonts/build/GlyphItem/FontItem_6D01.font.s
[GEN]	Fonts/build/GlyphItem/FontItem_89E3.font.s
[GEN]	Fonts/build/GlyphItem/FontItem_59D0.font.s
[GEN]	Fonts/build/GlyphItem/FontItem_7ED3.font.s
[GEN]	Fonts/build/GlyphItem/FontItem_6212.font.s
[GEN]	Fonts/build/GlyphItem/FontItem_754C.font.s
[GEN]	Fonts/build/GlyphItem/FontItem_501F.font.s
[GEN]	Fonts/build/GlyphItem/FontItem_91D1.font.s
[GEN]	Fonts/build/GlyphItem/FontItem_4ECA.font.s
[GEN]	Fonts/build/GlyphItem/FontItem_6D25.font.s
[GEN]	Fonts/build/GlyphItem/FontItem_7D27.font.s
[GEN]	Fonts/build/GlyphItem/FontItem_4EC5.font.s
[GEN]	Fonts/build/GlyphItem/FontItem_8C28.font.s
[GEN]	Fonts/build/GlyphItem/FontItem_8FDB.font.s
[GEN]	Fonts/build/GlyphItem/FontItem_664B.font.s
[GEN]	Fonts/build/GlyphItem/FontItem_7981.font.s
[GEN]	Fonts/build/GlyphItem/FontItem_8FD1.font.s
[GEN]	Fonts/build/GlyphItem/FontItem_5C3D.font.s
[GEN]	Fonts/build/GlyphItem/FontItem_52B2.font.s
[GEN]	Fonts/build/GlyphItem/FontItem_60CA.font.s
[GEN]	Fonts/build/GlyphItem/FontItem_7CBE.font.s
[GEN]	Fonts/build/GlyphItem/FontItem_7ECF.font.s
[GEN]	Fonts/build/GlyphItem/FontItem_666F.font.s
[GEN]	Fonts/build/GlyphItem/FontItem_9759.font.s
[GEN]	Fonts/build/GlyphItem/FontItem_656C.font.s
[GEN]	Fonts/build/GlyphItem/FontItem_7ADF.font.s
[GEN]	Fonts/build/GlyphItem/FontItem_5883.font.s
[GEN]	Fonts/build/GlyphItem/FontItem_7ADE.font.s
[GEN]	Fonts/build/GlyphItem/FontItem_51C0.font.s
[GEN]	Fonts/build/GlyphItem/FontItem_7A76.font.s
[GEN]	Fonts/build/GlyphItem/FontItem_4E45.font.s
[GEN]	Fonts/build/GlyphItem/FontItem_9152.font.s
[GEN]	Fonts/build/GlyphItem/FontItem_6551.font.s
[GEN]	Fonts/build/GlyphItem/FontItem_65E7.font.s
[GEN]	Fonts/build/GlyphItem/FontItem_5C31.font.s
[GEN]	Fonts/build/GlyphItem/FontItem_72D9.font.s
[GEN]	Fonts/build/GlyphItem/FontItem_5C45.font.s
[GEN]	Fonts/build/GlyphItem/FontItem_5C40.font.s
[GEN]	Fonts/build/GlyphItem/FontItem_4E3E.font.s
[GEN]	Fonts/build/GlyphItem/FontItem_62D2.font.s
[GEN]	Fonts/build/GlyphItem/FontItem_805A.font.s
[GEN]	Fonts/build/GlyphItem/FontItem_636E.font.s
[GEN]	Fonts/build/GlyphItem/FontItem_5DE8.font.s
[GEN]	Fonts/build/GlyphItem/FontItem_5177.font.s
[GEN]	Fonts/build/GlyphItem/FontItem_8DDD.font.s
[GEN]	Fonts/build/GlyphItem/FontItem_53E5.font.s
[GEN]	Fonts/build/GlyphItem/FontItem_60E7.font.s
[GEN]	Fonts/build/GlyphItem/FontItem_5267.font.s
[GEN]	Fonts/build/GlyphItem/FontItem_7737.font.s
[GEN]	Fonts/build/GlyphItem/FontItem_5377.font.s
[GEN]	Fonts/build/GlyphItem/FontItem_7235.font.s
[GEN]	Fonts/build/GlyphItem/FontItem_89C9.font.s
[GEN]	Fonts/build/GlyphItem/FontItem_51B3.font.s
[GEN]	Fonts/build/GlyphItem/FontItem_7EDD.font.s
[GEN]	Fonts/build/GlyphItem/FontItem_5747.font.s
[GEN]	Fonts/build/GlyphItem/FontItem_541B.font.s
[GEN]	Fonts/build/GlyphItem/FontItem_5361.font.s
[GEN]	Fonts/build/GlyphItem/FontItem_519B.font.s
[GEN]	Fonts/build/GlyphItem/FontItem_5F00.font.s
[GEN]	Fonts/build/GlyphItem/FontItem_51EF.font.s
[GEN]	Fonts/build/GlyphItem/FontItem_6168.font.s
[GEN]	Fonts/build/GlyphItem/FontItem_582A.font.s
[GEN]	Fonts/build/GlyphItem/FontItem_574E.font.s
[GEN]	Fonts/build/GlyphItem/FontItem_780D.font.s
[GEN]	Fonts/build/GlyphItem/FontItem_770B.font.s
[GEN]	Fonts/build/GlyphItem/FontItem_5EB7.font.s
[GEN]	Fonts/build/GlyphItem/FontItem_6297.font.s
[GEN]	Fonts/build/GlyphItem/FontItem_8003.font.s
[GEN]	Fonts/build/GlyphItem/FontItem_9760.font.s
[GEN]	Fonts/build/GlyphItem/FontItem_67EF.font.s
[GEN]	Fonts/build/GlyphItem/FontItem_9897.font.s
[GEN]	Fonts/build/GlyphItem/FontItem_79D1.font.s
[GEN]	Fonts/build/GlyphItem/FontItem_53EF.font.s
[GEN]	Fonts/build/GlyphItem/FontItem_514B.font.s
[GEN]	Fonts/build/GlyphItem/FontItem_523B.font.s
[GEN]	Fonts/build/GlyphItem/FontItem_5BA2.font.s
[GEN]	Fonts/build/GlyphItem/FontItem_8BFE.font.s
[GEN]	Fonts/build/GlyphItem/FontItem_80AF.font.s
[GEN]	Fonts/build/GlyphItem/FontItem_57A6.font.s
[GEN]	Fonts/build/GlyphItem/FontItem_7A7A.font.s
[GEN]	Fonts/build/GlyphItem/FontItem_6050.font.s
[GEN]	Fonts/build/GlyphItem/FontItem_5B54.font.s
[GEN]	Fonts/build/GlyphItem/FontItem_53E3.font.s
[GEN]	Fonts/build/GlyphItem/FontItem_54ED.font.s
[GEN]	Fonts/build/GlyphItem/FontItem_7A9F.font.s
[GEN]	Fonts/build/GlyphItem/FontItem_82E6.font.s
[GEN]	Fonts/build/GlyphItem/FontItem_5E93.font.s
[GEN]	Fonts/build/GlyphItem/FontItem_5FEB.font.s
[GEN]	Fonts/build/GlyphItem/FontItem_72C2.font.s
[GEN]	Fonts/build/GlyphItem/FontItem_77FF.font.s
[GEN]	Fonts/build/GlyphItem/FontItem_51B5.font.s
[GEN]	Fonts/build/GlyphItem/FontItem_7AA5.font.s
[GEN]	Fonts/build/GlyphItem/FontItem_6E83.font.s
[GEN]	Fonts/build/GlyphItem/FontItem_56F0.font.s
[GEN]	Fonts/build/GlyphItem/FontItem_62EC.font.s
[GEN]	Fonts/build/GlyphItem/FontItem_9614.font.s
[GEN]	Fonts/build/GlyphItem/FontItem_62C9.font.s
[GEN]	Fonts/build/GlyphItem/FontItem_83B1.font.s
[GEN]	Fonts/build/GlyphItem/FontItem_6765.font.s
[GEN]	Fonts/build/GlyphItem/FontItem_8D56.font.s
[GEN]	Fonts/build/GlyphItem/FontItem_84DD.font.s
[GEN]	Fonts/build/GlyphItem/FontItem_5170.font.s
[GEN]	Fonts/build/GlyphItem/FontItem_89C8.font.s
[GEN]	Fonts/build/GlyphItem/FontItem_61D2.font.s
[GEN]	Fonts/build/GlyphItem/FontItem_7F06.font.s
[GEN]	Fonts/build/GlyphItem/FontItem_70C2.font.s
[GEN]	Fonts/build/GlyphItem/FontItem_72FC.font.s
[GEN]	Fonts/build/GlyphItem/FontItem_90CE.font.s
[GEN]	Fonts/build/GlyphItem/FontItem_6717.font.s
[GEN]	Fonts/build/GlyphItem/FontItem_6D6A.font.s
[GEN]	Fonts/build/GlyphItem/FontItem_52B3.font.s
[GEN]	Fonts/build/GlyphItem/FontItem_7262.font.s
[GEN]	Fonts/build/GlyphItem/FontItem_8001.font.s
[GEN]	Fonts/build/GlyphItem/FontItem_4E50.font.s
[GEN]	Fonts/build/GlyphItem/FontItem_96F7.font.s
[GEN]	Fonts/build/GlyphItem/FontItem_857E.font.s
[GEN]	Fonts/build/GlyphItem/FontItem_7C7B.font.s
[GEN]	Fonts/build/GlyphItem/FontItem_6CEA.font.s
[GEN]	Fonts/build/GlyphItem/FontItem_51B7.font.s
[GEN]	Fonts/build/GlyphItem/FontItem_79BB.font.s
[GEN]	Fonts/build/GlyphItem/FontItem_7406.font.s
[GEN]	Fonts/build/GlyphItem/FontItem_91CC.font.s
[GEN]	Fonts/build/GlyphItem/FontItem_793C.font.s
[GEN]	Fonts/build/GlyphItem/FontItem_8389.font.s
[GEN]	Fonts/build/GlyphItem/FontItem_540F.font.s
[GEN]	Fonts/build/GlyphItem/FontItem_4E3D.font.s
[GEN]	Fonts/build/GlyphItem/FontItem_5389.font.s
[GEN]	Fonts/build/GlyphItem/FontItem_52B1.font.s
[GEN]	Fonts/build/GlyphItem/FontItem_5386.font.s
[GEN]	Fonts/build/GlyphItem/FontItem_5229.font.s
[GEN]	Fonts/build/GlyphItem/FontItem_7ACB.font.s
[GEN]	Fonts/build/GlyphItem/FontItem_529B.font.s
[GEN]	Fonts/build/GlyphItem/FontItem_8054.font.s
[GEN]	Fonts/build/GlyphItem/FontItem_83B2.font.s
[GEN]	Fonts/build/GlyphItem/FontItem_8FDE.font.s
[GEN]	Fonts/build/GlyphItem/FontItem_601C.font.s
[GEN]	Fonts/build/GlyphItem/FontItem_8138.font.s
[GEN]	Fonts/build/GlyphItem/FontItem_94FE.font.s
[GEN]	Fonts/build/GlyphItem/FontItem_604B.font.s
[GEN]	Fonts/build/GlyphItem/FontItem_70BC.font.s
[GEN]	Fonts/build/GlyphItem/FontItem_7EC3.font.s
[GEN]	Fonts/build/GlyphItem/FontItem_826F.font.s
[GEN]	Fonts/build/GlyphItem/FontItem_4E24.font.s
[GEN]	Fonts/build/GlyphItem/FontItem_91CF.font.s
[GEN]	Fonts/build/GlyphItem/FontItem_4EAE.font.s
[GEN]	Fonts/build/GlyphItem/FontItem_804A.font.s
[GEN]	Fonts/build/GlyphItem/FontItem_7597.font.s
[GEN]	Fonts/build/GlyphItem/FontItem_4E86.font.s
[GEN]	Fonts/build/GlyphItem/FontItem_6599.font.s
[GEN]	Fonts/build/GlyphItem/FontItem_5217.font.s
[GEN]	Fonts/build/GlyphItem/FontItem_88C2.font.s
[GEN]	Fonts/build/GlyphItem/FontItem_70C8.font.s
[GEN]	Fonts/build/GlyphItem/FontItem_52A3.font.s
[GEN]	Fonts/build/GlyphItem/FontItem_730E.font.s
[GEN]	Fonts/build/GlyphItem/FontItem_6797.font.s
[GEN]	Fonts/build/GlyphItem/FontItem_4E34.font.s
[GEN]	Fonts/build/GlyphItem/FontItem_90BB.font.s
[GEN]	Fonts/build/GlyphItem/FontItem_51DB.font.s
[GEN]	Fonts/build/GlyphItem/FontItem_9F84.font.s
[GEN]	Fonts/build/GlyphItem/FontItem_7075.font.s
[GEN]	Fonts/build/GlyphItem/FontItem_9886.font.s
[GEN]	Fonts/build/GlyphItem/FontItem_53E6.font.s
[GEN]	Fonts/build/GlyphItem/FontItem_4EE4.font.s
[GEN]	Fonts/build/GlyphItem/FontItem_7559.font.s
[GEN]	Fonts/build/GlyphItem/FontItem_6D41.font.s
[GEN]	Fonts/build/GlyphItem/FontItem_9F99.font.s
[GEN]	Fonts/build/GlyphItem/FontItem_7B3C.font.s
[GEN]	Fonts/build/GlyphItem/FontItem_9686.font.s
[GEN]	Fonts/build/GlyphItem/FontItem_697C.font.s
[GEN]	Fonts/build/GlyphItem/FontItem_5362.font.s
[GEN]	Fonts/build/GlyphItem/FontItem_9C81.font.s
[GEN]	Fonts/build/GlyphItem/FontItem_9732.font.s
[GEN]	Fonts/build/GlyphItem/FontItem_8DEF.font.s
[GEN]	Fonts/build/GlyphItem/FontItem_9E7F.font.s
[GEN]	Fonts/build/GlyphItem/FontItem_5F55.font.s
[GEN]	Fonts/build/GlyphItem/FontItem_9646.font.s
[GEN]	Fonts/build/GlyphItem/FontItem_4FA3.font.s
[GEN]	Fonts/build/GlyphItem/FontItem_65C5.font.s
[GEN]	Fonts/build/GlyphItem/FontItem_8651.font.s
[GEN]	Fonts/build/GlyphItem/FontItem_5F8B.font.s
[GEN]	Fonts/build/GlyphItem/FontItem_7387.font.s
[GEN]	Fonts/build/GlyphItem/FontItem_7EFF.font.s
[GEN]	Fonts/build/GlyphItem/FontItem_4E71.font.s
[GEN]	Fonts/build/GlyphItem/FontItem_7565.font.s
[GEN]	Fonts/build/GlyphItem/FontItem_8F6E.font.s
[GEN]	Fonts/build/GlyphItem/FontItem_4F26.font.s
[GEN]	Fonts/build/GlyphItem/FontItem_8BBA.font.s
[GEN]	Fonts/build/GlyphItem/FontItem_7F57.font.s
[GEN]	Fonts/build/GlyphItem/FontItem_843D.font.s
[GEN]	Fonts/build/GlyphItem/FontItem_6D1B.font.s
[GEN]	Fonts/build/GlyphItem/FontItem_7EDC.font.s
[GEN]	Fonts/build/GlyphItem/FontItem_9EBB.font.s
[GEN]	Fonts/build/GlyphItem/FontItem_739B.font.s
[GEN]	Fonts/build/GlyphItem/FontItem_9A6C.font.s
[GEN]	Fonts/build/GlyphItem/FontItem_9A82.font.s
[GEN]	Fonts/build/GlyphItem/FontItem_5417.font.s
[GEN]	Fonts/build/GlyphItem/FontItem_57CB.font.s
[GEN]	Fonts/build/GlyphItem/FontItem_4E70.font.s
[GEN]	Fonts/build/GlyphItem/FontItem_5356.font.s
[GEN]	Fonts/build/GlyphItem/FontItem_8FC8.font.s
[GEN]	Fonts/build/GlyphItem/FontItem_86EE.font.s
[GEN]	Fonts/build/GlyphItem/FontItem_6EE1.font.s
[GEN]	Fonts/build/GlyphItem/FontItem_8513.font.s
[GEN]	Fonts/build/GlyphItem/FontItem_6162.font.s
[GEN]	Fonts/build/GlyphItem/FontItem_6F2B.font.s
[GEN]	Fonts/build/GlyphItem/FontItem_832B.font.s
[GEN]	Fonts/build/GlyphItem/FontItem_6C13.font.s
[GEN]	Fonts/build/GlyphItem/FontItem_5FD9.font.s
[GEN]	Fonts/build/GlyphItem/FontItem_732B.font.s
[GEN]	Fonts/build/GlyphItem/FontItem_6BDB.font.s
[GEN]	Fonts/build/GlyphItem/FontItem_8302.font.s
[GEN]	Fonts/build/GlyphItem/FontItem_4E48.font.s
[GEN]	Fonts/build/GlyphItem/FontItem_6885.font.s
[GEN]	Fonts/build/GlyphItem/FontItem_6CA1.font.s
[GEN]	Fonts/build/GlyphItem/FontItem_6BCF.font.s
[GEN]	Fonts/build/GlyphItem/FontItem_7F8E.font.s
[GEN]	Fonts/build/GlyphItem/FontItem_59B9.font.s
[GEN]	Fonts/build/GlyphItem/FontItem_95E8.font.s
[GEN]	Fonts/build/GlyphItem/FontItem_95F7.font.s
[GEN]	Fonts/build/GlyphItem/FontItem_4EEC.font.s
[GEN]	Fonts/build/GlyphItem/FontItem_8499.font.s
[GEN]	Fonts/build/GlyphItem/FontItem_76DF.font.s
[GEN]	Fonts/build/GlyphItem/FontItem_731B.font.s
[GEN]	Fonts/build/GlyphItem/FontItem_68A6.font.s
[GEN]	Fonts/build/GlyphItem/FontItem_8FF7.font.s
[GEN]	Fonts/build/GlyphItem/FontItem_8C1C.font.s
[GEN]	Fonts/build/GlyphItem/FontItem_7C73.font.s
[GEN]	Fonts/build/GlyphItem/FontItem_79D8.font.s
[GEN]	Fonts/build/GlyphItem/FontItem_5BC6.font.s
[GEN]	Fonts/build/GlyphItem/FontItem_7720.font.s
[GEN]	Fonts/build/GlyphItem/FontItem_52C9.font.s
[GEN]	Fonts/build/GlyphItem/FontItem_9762.font.s
[GEN]	Fonts/build/GlyphItem/FontItem_63CF.font.s
[GEN]	Fonts/build/GlyphItem/FontItem_706D.font.s
[GEN]	Fonts/build/GlyphItem/FontItem_6C11.font.s
[GEN]	Fonts/build/GlyphItem/FontItem_654F.font.s
[GEN]	Fonts/build/GlyphItem/FontItem_660E.font.s
[GEN]	Fonts/build/GlyphItem/FontItem_540D.font.s
[GEN]	Fonts/build/GlyphItem/FontItem_547D.font.s
[GEN]	Fonts/build/GlyphItem/FontItem_6478.font.s
[GEN]	Fonts/build/GlyphItem/FontItem_6A21.font.s
[GEN]	Fonts/build/GlyphItem/FontItem_78E8.font.s
[GEN]	Fonts/build/GlyphItem/FontItem_9B54.font.s
[GEN]	Fonts/build/GlyphItem/FontItem_672B.font.s
[GEN]	Fonts/build/GlyphItem/FontItem_83AB.font.s
[GEN]	Fonts/build/GlyphItem/FontItem_9ED8.font.s
[GEN]	Fonts/build/GlyphItem/FontItem_6F20.font.s
[GEN]	Fonts/build/GlyphItem/FontItem_5BDE.font.s
[GEN]	Fonts/build/GlyphItem/FontItem_8C0B.font.s
[GEN]	Fonts/build/GlyphItem/FontItem_67D0.font.s
[GEN]	Fonts/build/GlyphItem/FontItem_59C6.font.s
[GEN]	Fonts/build/GlyphItem/FontItem_6BCD.font.s
[GEN]	Fonts/build/GlyphItem/FontItem_5E55.font.s
[GEN]	Fonts/build/GlyphItem/FontItem_6155.font.s
[GEN]	Fonts/build/GlyphItem/FontItem_6728.font.s
[GEN]	Fonts/build/GlyphItem/FontItem_76EE.font.s
[GEN]	Fonts/build/GlyphItem/FontItem_7766.font.s
[GEN]	Fonts/build/GlyphItem/FontItem_7267.font.s
[GEN]	Fonts/build/GlyphItem/FontItem_7A46.font.s
[GEN]	Fonts/build/GlyphItem/FontItem_62FF.font.s
[GEN]	Fonts/build/GlyphItem/FontItem_54EA.font.s
[GEN]	Fonts/build/GlyphItem/FontItem_94A0.font.s
[GEN]	Fonts/build/GlyphItem/FontItem_90A3.font.s
[GEN]	Fonts/build/GlyphItem/FontItem_5A1C.font.s
[GEN]	Fonts/build/GlyphItem/FontItem_7EB3.font.s
[GEN]	Fonts/build/GlyphItem/FontItem_8010.font.s
[GEN]	Fonts/build/GlyphItem/FontItem_5948.font.s
[GEN]	Fonts/build/GlyphItem/FontItem_5357.font.s
[GEN]	Fonts/build/GlyphItem/FontItem_7537.font.s
[GEN]	Fonts/build/GlyphItem/FontItem_96BE.font.s
[GEN]	Fonts/build/GlyphItem/FontItem_8111.font.s
[GEN]	Fonts/build/GlyphItem/FontItem_95F9.font.s
[GEN]	Fonts/build/GlyphItem/FontItem_5462.font.s
[GEN]	Fonts/build/GlyphItem/FontItem_5185.font.s
[GEN]	Fonts/build/GlyphItem/FontItem_5AE9.font.s
[GEN]	Fonts/build/GlyphItem/FontItem_80FD.font.s
[GEN]	Fonts/build/GlyphItem/FontItem_59AE.font.s
[GEN]	Fonts/build/GlyphItem/FontItem_6CE5.font.s
[GEN]	Fonts/build/GlyphItem/FontItem_5C3C.font.s
[GEN]	Fonts/build/GlyphItem/FontItem_4F60.font.s
[GEN]	Fonts/build/GlyphItem/FontItem_5E74.font.s
[GEN]	Fonts/build/GlyphItem/FontItem_5FF5.font.s
[GEN]	Fonts/build/GlyphItem/FontItem_5A18.font.s
[GEN]	Fonts/build/GlyphItem/FontItem_60A8.font.s
[GEN]	Fonts/build/GlyphItem/FontItem_51DD.font.s
[GEN]	Fonts/build/GlyphItem/FontItem_5B81.font.s
[GEN]	Fonts/build/GlyphItem/FontItem_519C.font.s
[GEN]	Fonts/build/GlyphItem/FontItem_5974.font.s
[GEN]	Fonts/build/GlyphItem/FontItem_52AA.font.s
[GEN]	Fonts/build/GlyphItem/FontItem_6012.font.s
[GEN]	Fonts/build/GlyphItem/FontItem_5973.font.s
[GEN]	Fonts/build/GlyphItem/FontItem_6696.font.s
[GEN]	Fonts/build/GlyphItem/FontItem_8BFA.font.s
[GEN]	Fonts/build/GlyphItem/FontItem_5076.font.s
[GEN]	Fonts/build/GlyphItem/FontItem_6015.font.s
[GEN]	Fonts/build/GlyphItem/FontItem_62CD.font.s
[GEN]	Fonts/build/GlyphItem/FontItem_6392.font.s
[GEN]	Fonts/build/GlyphItem/FontItem_724C.font.s
[GEN]	Fonts/build/GlyphItem/FontItem_6D3E.font.s
[GEN]	Fonts/build/GlyphItem/FontItem_6F58.font.s
[GEN]	Fonts/build/GlyphItem/FontItem_78D0.font.s
[GEN]	Fonts/build/GlyphItem/FontItem_5224.font.s
[GEN]	Fonts/build/GlyphItem/FontItem_53DB.font.s
[GEN]	Fonts/build/GlyphItem/FontItem_5E9E.font.s
[GEN]	Fonts/build/GlyphItem/FontItem_65C1.font.s
[GEN]	Fonts/build/GlyphItem/FontItem_629B.font.s
[GEN]	Fonts/build/GlyphItem/FontItem_57F9.font.s
[GEN]	Fonts/build/GlyphItem/FontItem_966A.font.s
[GEN]	Fonts/build/GlyphItem/FontItem_914D.font.s
[GEN]	Fonts/build/GlyphItem/FontItem_670B.font.s
[GEN]	Fonts/build/GlyphItem/FontItem_6279.font.s
[GEN]	Fonts/build/GlyphItem/FontItem_75B2.font.s
[GEN]	Fonts/build/GlyphItem/FontItem_5339.font.s
[GEN]	Fonts/build/GlyphItem/FontItem_7247.font.s
[GEN]	Fonts/build/GlyphItem/FontItem_8D2B.font.s
[GEN]	Fonts/build/GlyphItem/FontItem_54C1.font.s
[GEN]	Fonts/build/GlyphItem/FontItem_5E73.font.s
[GEN]	Fonts/build/GlyphItem/FontItem_51ED.font.s
[GEN]	Fonts/build/GlyphItem/FontItem_8BC4.font.s
[GEN]	Fonts/build/GlyphItem/FontItem_5C4F.font.s
[GEN]	Fonts/build/GlyphItem/FontItem_6CFC.font.s
[GEN]	Fonts/build/GlyphItem/FontItem_5A46.font.s
[GEN]	Fonts/build/GlyphItem/FontItem_7834.font.s
[GEN]	Fonts/build/GlyphItem/FontItem_9B44.font.s
[GEN]	Fonts/build/GlyphItem/FontItem_8FEB.font.s
[GEN]	Fonts/build/GlyphItem/FontItem_4EC6.font.s
[GEN]	Fonts/build/GlyphItem/FontItem_6734.font.s
[GEN]	Fonts/build/GlyphItem/FontItem_666E.font.s
[GEN]	Fonts/build/GlyphItem/FontItem_671F.font.s
[GEN]	Fonts/build/GlyphItem/FontItem_59BB.font.s
[GEN]	Fonts/build/GlyphItem/FontItem_6F06.font.s
[GEN]	Fonts/build/GlyphItem/FontItem_5176.font.s
[GEN]	Fonts/build/GlyphItem/FontItem_5947.font.s
[GEN]	Fonts/build/GlyphItem/FontItem_9F50.font.s
[GEN]	Fonts/build/GlyphItem/FontItem_7948.font.s
[GEN]	Fonts/build/GlyphItem/FontItem_9A91.font.s
[GEN]	Fonts/build/GlyphItem/FontItem_8D77.font.s
[GEN]	Fonts/build/GlyphItem/FontItem_542F.font.s
[GEN]	Fonts/build/GlyphItem/FontItem_5951.font.s
[GEN]	Fonts/build/GlyphItem/FontItem_5668.font.s
[GEN]	Fonts/build/GlyphItem/FontItem_6C14.font.s
[GEN]	Fonts/build/GlyphItem/FontItem_5F03.font.s
[GEN]	Fonts/build/GlyphItem/FontItem_5343.font.s
[GEN]	Fonts/build/GlyphItem/FontItem_7B7E.font.s
[GEN]	Fonts/build/GlyphItem/FontItem_94B1.font.s
[GEN]	Fonts/build/GlyphItem/FontItem_524D.font.s
[GEN]	Fonts/build/GlyphItem/FontItem_6F5C.font.s
[GEN]	Fonts/build/GlyphItem/FontItem_67AA.font.s
[GEN]	Fonts/build/GlyphItem/FontItem_8154.font.s
[GEN]	Fonts/build/GlyphItem/FontItem_5899.font.s
[GEN]	Fonts/build/GlyphItem/FontItem_5F3A.font.s
[GEN]	Fonts/build/GlyphItem/FontItem_6865.font.s
[GEN]	Fonts/build/GlyphItem/FontItem_5DE7.font.s
[GEN]	Fonts/build/GlyphItem/FontItem_5207.font.s
[GEN]	Fonts/build/GlyphItem/FontItem_4E14.font.s
[GEN]	Fonts/build/GlyphItem/FontItem_4EB2.font.s
[GEN]	Fonts/build/GlyphItem/FontItem_52E4.font.s
[GEN]	Fonts/build/GlyphItem/FontItem_9752.font.s
[GEN]	Fonts/build/GlyphItem/FontItem_8F7B.font.s
[GEN]	Fonts/build/GlyphItem/FontItem_6E05.font.s
[GEN]	Fonts/build/GlyphItem/FontItem_6674.font.s
[GEN]	Fonts/build/GlyphItem/FontItem_60C5.font.s
[GEN]	Fonts/build/GlyphItem/FontItem_8BF7.font.s
[GEN]	Fonts/build/GlyphItem/FontItem_6C42.font.s
[GEN]	Fonts/build/GlyphItem/FontItem_533A.font.s
[GEN]	Fonts/build/GlyphItem/FontItem_66F2.font.s
[GEN]	Fonts/build/GlyphItem/FontItem_9A71.font.s
[GEN]	Fonts/build/GlyphItem/FontItem_53D6.font.s
[GEN]	Fonts/build/GlyphItem/FontItem_5A36.font.s
[GEN]	Fonts/build/GlyphItem/FontItem_8DA3.font.s
[GEN]	Fonts/build/GlyphItem/FontItem_53BB.font.s
[GEN]	Fonts/build/GlyphItem/FontItem_5708.font.s
[GEN]	Fonts/build/GlyphItem/FontItem_6743.font.s
[GEN]	Fonts/build/GlyphItem/FontItem_5168.font.s
[GEN]	Fonts/build/GlyphItem/FontItem_75CA.font.s
[GEN]	Fonts/build/GlyphItem/FontItem_62F3.font.s
[GEN]	Fonts/build/GlyphItem/FontItem_529D.font.s
[GEN]	Fonts/build/GlyphItem/FontItem_5374.font.s
[GEN]	Fonts/build/GlyphItem/FontItem_786E.font.s
[GEN]	Fonts/build/GlyphItem/FontItem_7FA4.font.s
[GEN]	Fonts/build/GlyphItem/FontItem_8BA9.font.s
[GEN]	Fonts/build/GlyphItem/FontItem_7136.font.s
[GEN]	Fonts/build/GlyphItem/FontItem_9976.font.s
[GEN]	Fonts/build/GlyphItem/FontItem_60F9.font.s
[GEN]	Fonts/build/GlyphItem/FontItem_70ED.font.s
[GEN]	Fonts/build/GlyphItem/FontItem_4EC1.font.s
[GEN]	Fonts/build/GlyphItem/FontItem_4EBA.font.s
[GEN]	Fonts/build/GlyphItem/FontItem_5FCD.font.s
[GEN]	Fonts/build/GlyphItem/FontItem_97E7.font.s
[GEN]	Fonts/build/GlyphItem/FontItem_4EFB.font.s
[GEN]	Fonts/build/GlyphItem/FontItem_8BA4.font.s
[GEN]	Fonts/build/GlyphItem/FontItem_5203.font.s
[GEN]	Fonts/build/GlyphItem/FontItem_6254.font.s
[GEN]	Fonts/build/GlyphItem/FontItem_4ECD.font.s
[GEN]	Fonts/build/GlyphItem/FontItem_65E5.font.s
[GEN]	Fonts/build/GlyphItem/FontItem_8363.font.s
[GEN]	Fonts/build/GlyphItem/FontItem_7194.font.s
[GEN]	Fonts/build/GlyphItem/FontItem_5BB9.font.s
[GEN]	Fonts/build/GlyphItem/FontItem_67D4.font.s
[GEN]	Fonts/build/GlyphItem/FontItem_8089.font.s
[GEN]	Fonts/build/GlyphItem/FontItem_5982.font.s
[GEN]	Fonts/build/GlyphItem/FontItem_8FB1.font.s
[GEN]	Fonts/build/GlyphItem/FontItem_4E73.font.s
[GEN]	Fonts/build/GlyphItem/FontItem_5165.font.s
[GEN]	Fonts/build/GlyphItem/FontItem_745E.font.s
[GEN]	Fonts/build/GlyphItem/FontItem_9510.font.s
[GEN]	Fonts/build/GlyphItem/FontItem_5F31.font.s
[GEN]	Fonts/build/GlyphItem/FontItem_6492.font.s
[GEN]	Fonts/build/GlyphItem/FontItem_8428.font.s
[GEN]	Fonts/build/GlyphItem/FontItem_585E.font.s
[GEN]	Fonts/build/GlyphItem/FontItem_4E09.font.s
[GEN]	Fonts/build/GlyphItem/FontItem_6563.font.s
[GEN]	Fonts/build/GlyphItem/FontItem_4E27.font.s
[GEN]	Fonts/build/GlyphItem/FontItem_9A9A.font.s
[GEN]	Fonts/build/GlyphItem/FontItem_8272.font.s
[GEN]	Fonts/build/GlyphItem/FontItem_68EE.font.s
[GEN]	Fonts/build/GlyphItem/FontItem_50E7.font.s
[GEN]	Fonts/build/GlyphItem/FontItem_6740.font.s
[GEN]	Fonts/build/GlyphItem/FontItem_6C99.font.s
[GEN]	Fonts/build/GlyphItem/FontItem_5C71.font.s
[GEN]	Fonts/build/GlyphItem/FontItem_5220.font.s
[GEN]	Fonts/build/GlyphItem/FontItem_95EA.font.s
[GEN]	Fonts/build/GlyphItem/FontItem_64C5.font.s
[GEN]	Fonts/build/GlyphItem/FontItem_5584.font.s
[GEN]	Fonts/build/GlyphItem/FontItem_4F24.font.s
[GEN]	Fonts/build/GlyphItem/FontItem_5546.font.s
[GEN]	Fonts/build/GlyphItem/FontItem_8D4F.font.s
[GEN]	Fonts/build/GlyphItem/FontItem_4E0A.font.s
[GEN]	Fonts/build/GlyphItem/FontItem_5C1A.font.s
[GEN]	Fonts/build/GlyphItem/FontItem_7A0D.font.s
[GEN]	Fonts/build/GlyphItem/FontItem_5C11.font.s
[GEN]	Fonts/build/GlyphItem/FontItem_820D.font.s
[GEN]	Fonts/build/GlyphItem/FontItem_5C04.font.s
[GEN]	Fonts/build/GlyphItem/FontItem_8BBE.font.s
[GEN]	Fonts/build/GlyphItem/FontItem_8EAB.font.s
[GEN]	Fonts/build/GlyphItem/FontItem_6DF1.font.s
[GEN]	Fonts/build/GlyphItem/FontItem_795E.font.s
[GEN]	Fonts/build/GlyphItem/FontItem_751A.font.s
[GEN]	Fonts/build/GlyphItem/FontItem_58F0.font.s
[GEN]	Fonts/build/GlyphItem/FontItem_751F.font.s
[GEN]	Fonts/build/GlyphItem/FontItem_5347.font.s
[GEN]	Fonts/build/GlyphItem/FontItem_5269.font.s
[GEN]	Fonts/build/GlyphItem/FontItem_80DC.font.s
[GEN]	Fonts/build/GlyphItem/FontItem_5723.font.s
[GEN]	Fonts/build/GlyphItem/FontItem_5E08.font.s
[GEN]	Fonts/build/GlyphItem/FontItem_5931.font.s
[GEN]	Fonts/build/GlyphItem/FontItem_72EE.font.s
[GEN]	Fonts/build/GlyphItem/FontItem_65BD.font.s
[GEN]	Fonts/build/GlyphItem/FontItem_6E7F.font.s
[GEN]	Fonts/build/GlyphItem/FontItem_8BD7.font.s
[GEN]	Fonts/build/GlyphItem/FontItem_5C38.font.s
[GEN]	Fonts/build/GlyphItem/FontItem_5341.font.s
[GEN]	Fonts/build/GlyphItem/FontItem_77F3.font.s
[GEN]	Fonts/build/GlyphItem/FontItem_65F6.font.s
[GEN]	Fonts/build/GlyphItem/FontItem_4EC0.font.s
[GEN]	Fonts/build/GlyphItem/FontItem_98DF.font.s
[GEN]	Fonts/build/GlyphItem/FontItem_5B9E.font.s
[GEN]	Fonts/build/GlyphItem/FontItem_8BC6.font.s
[GEN]	Fonts/build/GlyphItem/FontItem_53F2.font.s
[GEN]	Fonts/build/GlyphItem/FontItem_4F7F.font.s
[GEN]	Fonts/build/GlyphItem/FontItem_59CB.font.s
[GEN]	Fonts/build/GlyphItem/FontItem_5F0F.font.s
[GEN]	Fonts/build/GlyphItem/FontItem_58EB.font.s
[GEN]	Fonts/build/GlyphItem/FontItem_793A.font.s
[GEN]	Fonts/build/GlyphItem/FontItem_4E16.font.s
[GEN]	Fonts/build/GlyphItem/FontItem_4E8B.font.s
[GEN]	Fonts/build/GlyphItem/FontItem_8A93.font.s
[GEN]	Fonts/build/GlyphItem/FontItem_901D.font.s
[GEN]	Fonts/build/GlyphItem/FontItem_52BF.font.s
[GEN]	Fonts/build/GlyphItem/FontItem_662F.font.s
[GEN]	Fonts/build/GlyphItem/FontItem_9002.font.s
[GEN]	Fonts/build/GlyphItem/FontItem_4F8D.font.s
[GEN]	Fonts/build/GlyphItem/FontItem_91CA.font.s
[GEN]	Fonts/build/GlyphItem/FontItem_9970.font.s
[GEN]	Fonts/build/GlyphItem/FontItem_5E02.font.s
[GEN]	Fonts/build/GlyphItem/FontItem_89C6.font.s
[GEN]	Fonts/build/GlyphItem/FontItem_8BD5.font.s
[GEN]	Fonts/build/GlyphItem/FontItem_6536.font.s
[GEN]	Fonts/build/GlyphItem/FontItem_624B.font.s
[GEN]	Fonts/build/GlyphItem/FontItem_9996.font.s
[GEN]	Fonts/build/GlyphItem/FontItem_5B88.font.s
[GEN]	Fonts/build/GlyphItem/FontItem_6388.font.s
[GEN]	Fonts/build/GlyphItem/FontItem_53D7.font.s
[GEN]	Fonts/build/GlyphItem/FontItem_6B8A.font.s
[GEN]	Fonts/build/GlyphItem/FontItem_8F93.font.s
[GEN]	Fonts/build/GlyphItem/FontItem_53D4.font.s
[GEN]	Fonts/build/GlyphItem/FontItem_4E66.font.s
[GEN]	Fonts/build/GlyphItem/FontItem_719F.font.s
[GEN]	Fonts/build/GlyphItem/FontItem_5C5E.font.s
[GEN]	Fonts/build/GlyphItem/FontItem_672F.font.s
[GEN]	Fonts/build/GlyphItem/FontItem_8FF0.font.s
[GEN]	Fonts/build/GlyphItem/FontItem_6811.font.s
[GEN]	Fonts/build/GlyphItem/FontItem_675F.font.s
[GEN]	Fonts/build/GlyphItem/FontItem_6570.font.s
[GEN]	Fonts/build/GlyphItem/FontItem_7529.font.s
[GEN]	Fonts/build/GlyphItem/FontItem_5E05.font.s
[GEN]	Fonts/build/GlyphItem/FontItem_53CC.font.s
[GEN]	Fonts/build/GlyphItem/FontItem_723D.font.s
[GEN]	Fonts/build/GlyphItem/FontItem_8C01.font.s
[GEN]	Fonts/build/GlyphItem/FontItem_6C34.font.s
[GEN]	Fonts/build/GlyphItem/FontItem_7761.font.s
[GEN]	Fonts/build/GlyphItem/FontItem_987A.font.s
[GEN]	Fonts/build/GlyphItem/FontItem_8BF4.font.s
[GEN]	Fonts/build/GlyphItem/FontItem_65AF.font.s
[GEN]	Fonts/build/GlyphItem/FontItem_601D.font.s
[GEN]	Fonts/build/GlyphItem/FontItem_79C1.font.s
[GEN]	Fonts/build/GlyphItem/FontItem_53F8.font.s
[GEN]	Fonts/build/GlyphItem/FontItem_4E1D.font.s
[GEN]	Fonts/build/GlyphItem/FontItem_6B7B.font.s
[GEN]	Fonts/build/GlyphItem/FontItem_56DB.font.s
[GEN]	Fonts/build/GlyphItem/FontItem_4F3C.font.s
[GEN]	Fonts/build/GlyphItem/FontItem_9972.font.s
[GEN]	Fonts/build/GlyphItem/FontItem_677E.font.s
[GEN]	Fonts/build/GlyphItem/FontItem_8038.font.s
[GEN]	Fonts/build/GlyphItem/FontItem_9001.font.s
[GEN]	Fonts/build/GlyphItem/FontItem_82CF.font.s
[GEN]	Fonts/build/GlyphItem/FontItem_901F.font.s
[GEN]	Fonts/build/GlyphItem/FontItem_5BBF.font.s
[GEN]	Fonts/build/GlyphItem/FontItem_8BC9.font.s
[GEN]	Fonts/build/GlyphItem/FontItem_8083.font.s
[GEN]	Fonts/build/GlyphItem/FontItem_7B97.font.s
[GEN]	Fonts/build/GlyphItem/FontItem_867D.font.s
[GEN]	Fonts/build/GlyphItem/FontItem_968F.font.s
[GEN]	Fonts/build/GlyphItem/FontItem_788E.font.s
[GEN]	Fonts/build/GlyphItem/FontItem_5C81.font.s
[GEN]	Fonts/build/GlyphItem/FontItem_5B59.font.s
[GEN]	Fonts/build/GlyphItem/FontItem_635F.font.s
[GEN]	Fonts/build/GlyphItem/FontItem_7F29.font.s
[GEN]	Fonts/build/GlyphItem/FontItem_7D22.font.s
[GEN]	Fonts/build/GlyphItem/FontItem_9501.font.s
[GEN]	Fonts/build/GlyphItem/FontItem_6240.font.s
[GEN]	Fonts/build/GlyphItem/FontItem_4ED6.font.s
[GEN]	Fonts/build/GlyphItem/FontItem_5B83.font.s
[GEN]	Fonts/build/GlyphItem/FontItem_5979.font.s
[GEN]	Fonts/build/GlyphItem/FontItem_5854.font.s
[GEN]	Fonts/build/GlyphItem/FontItem_8E0F.font.s
[GEN]	Fonts/build/GlyphItem/FontItem_80CE.font.s
[GEN]	Fonts/build/GlyphItem/FontItem_53F0.font.s
[GEN]	Fonts/build/GlyphItem/FontItem_592A.font.s
[GEN]	Fonts/build/GlyphItem/FontItem_6001.font.s
[GEN]	Fonts/build/GlyphItem/FontItem_8D2A.font.s
[GEN]	Fonts/build/GlyphItem/FontItem_8C08.font.s
[GEN]	Fonts/build/GlyphItem/FontItem_5766.font.s
[GEN]	Fonts/build/GlyphItem/FontItem_63A2.font.s
[GEN]	Fonts/build/GlyphItem/FontItem_53F9.font.s
[GEN]	Fonts/build/GlyphItem/FontItem_5802.font.s
[GEN]	Fonts/build/GlyphItem/FontItem_6843.font.s
[GEN]	Fonts/build/GlyphItem/FontItem_9003.font.s
[GEN]	Fonts/build/GlyphItem/FontItem_8BA8.font.s
[GEN]	Fonts/build/GlyphItem/FontItem_5957.font.s
[GEN]	Fonts/build/GlyphItem/FontItem_7279.font.s
[GEN]	Fonts/build/GlyphItem/FontItem_68AF.font.s
[GEN]	Fonts/build/GlyphItem/FontItem_63D0.font.s
[GEN]	Fonts/build/GlyphItem/FontItem_9898.font.s
[GEN]	Fonts/build/GlyphItem/FontItem_4F53.font.s
[GEN]	Fonts/build/GlyphItem/FontItem_66FF.font.s
[GEN]	Fonts/build/GlyphItem/FontItem_5929.font.s
[GEN]	Fonts/build/GlyphItem/FontItem_6DFB.font.s
[GEN]	Fonts/build/GlyphItem/FontItem_7530.font.s
[GEN]	Fonts/build/GlyphItem/FontItem_6311.font.s
[GEN]	Fonts/build/GlyphItem/FontItem_6761.font.s
[GEN]	Fonts/build/GlyphItem/FontItem_8DF3.font.s
[GEN]	Fonts/build/GlyphItem/FontItem_8D34.font.s
[GEN]	Fonts/build/GlyphItem/FontItem_94C1.font.s
[GEN]	Fonts/build/GlyphItem/FontItem_542C.font.s
[GEN]	Fonts/build/GlyphItem/FontItem_5EF7.font.s
[GEN]	Fonts/build/GlyphItem/FontItem_505C.font.s
[GEN]	Fonts/build/GlyphItem/FontItem_5EAD.font.s
[GEN]	Fonts/build/GlyphItem/FontItem_901A.font.s
[GEN]	Fonts/build/GlyphItem/FontItem_540C.font.s
[GEN]	Fonts/build/GlyphItem/FontItem_6876.font.s
[GEN]	Fonts/build/GlyphItem/FontItem_7EDF.font.s
[GEN]	Fonts/build/GlyphItem/FontItem_75DB.font.s
[GEN]	Fonts/build/GlyphItem/FontItem_5077.font.s
[GEN]	Fonts/build/GlyphItem/FontItem_6295.font.s
[GEN]	Fonts/build/GlyphItem/FontItem_5934.font.s
[GEN]	Fonts/build/GlyphItem/FontItem_7A81.font.s
[GEN]	Fonts/build/GlyphItem/FontItem_56FE.font.s
[GEN]	Fonts/build/GlyphItem/FontItem_5F92.font.s
[GEN]	Fonts/build/GlyphItem/FontItem_9014.font.s
[GEN]	Fonts/build/GlyphItem/FontItem_571F.font.s
[GEN]	Fonts/build/GlyphItem/FontItem_5410.font.s
[GEN]	Fonts/build/GlyphItem/FontItem_56E2.font.s
[GEN]	Fonts/build/GlyphItem/FontItem_63A8.font.s
[GEN]	Fonts/build/GlyphItem/FontItem_9000.font.s
[GEN]	Fonts/build/GlyphItem/FontItem_6258.font.s
[GEN]	Fonts/build/GlyphItem/FontItem_8131.font.s
[GEN]	Fonts/build/GlyphItem/FontItem_74E6.font.s
[GEN]	Fonts/build/GlyphItem/FontItem_5916.font.s
[GEN]	Fonts/build/GlyphItem/FontItem_73A9.font.s
[GEN]	Fonts/build/GlyphItem/FontItem_5B8C.font.s
[GEN]	Fonts/build/GlyphItem/FontItem_633D.font.s
[GEN]	Fonts/build/GlyphItem/FontItem_665A.font.s
[GEN]	Fonts/build/GlyphItem/FontItem_4E07.font.s
[GEN]	Fonts/build/GlyphItem/FontItem_8155.font.s
[GEN]	Fonts/build/GlyphItem/FontItem_738B.font.s
[GEN]	Fonts/build/GlyphItem/FontItem_4EA1.font.s
[GEN]	Fonts/build/GlyphItem/FontItem_5F80.font.s
[GEN]	Fonts/build/GlyphItem/FontItem_671B.font.s
[GEN]	Fonts/build/GlyphItem/FontItem_5FD8.font.s
[GEN]	Fonts/build/GlyphItem/FontItem_5A01.font.s
[GEN]	Fonts/build/GlyphItem/FontItem_5FAE.font.s
[GEN]	Fonts/build/GlyphItem/FontItem_5371.font.s
[GEN]	Fonts/build/GlyphItem/FontItem_97E6.font.s
[GEN]	Fonts/build/GlyphItem/FontItem_56F4.font.s
[GEN]	Fonts/build/GlyphItem/FontItem_552F.font.s
[GEN]	Fonts/build/GlyphItem/FontItem_4E3A.font.s
[GEN]	Fonts/build/GlyphItem/FontItem_7EF4.font.s
[GEN]	Fonts/build/GlyphItem/FontItem_59D4.font.s
[GEN]	Fonts/build/GlyphItem/FontItem_4F1F.font.s
[GEN]	Fonts/build/GlyphItem/FontItem_672A.font.s
[GEN]	Fonts/build/GlyphItem/FontItem_5473.font.s
[GEN]	Fonts/build/GlyphItem/FontItem_754F.font.s
[GEN]	Fonts/build/GlyphItem/FontItem_4F4D.font.s
[GEN]	Fonts/build/GlyphItem/FontItem_8C13.font.s
[GEN]	Fonts/build/GlyphItem/FontItem_536B.font.s
[GEN]	Fonts/build/GlyphItem/FontItem_6E29.font.s
[GEN]	Fonts/build/GlyphItem/FontItem_6587.font.s
[GEN]	Fonts/build/GlyphItem/FontItem_95FB.font.s
[GEN]	Fonts/build/GlyphItem/FontItem_7EB9.font.s
[GEN]	Fonts/build/GlyphItem/FontItem_7A33.font.s
[GEN]	Fonts/build/GlyphItem/FontItem_95EE.font.s
[GEN]	Fonts/build/GlyphItem/FontItem_7FC1.font.s
[GEN]	Fonts/build/GlyphItem/FontItem_6211.font.s
[GEN]	Fonts/build/GlyphItem/FontItem_63E1.font.s
[GEN]	Fonts/build/GlyphItem/FontItem_6C83.font.s
[GEN]	Fonts/build/GlyphItem/FontItem_5DEB.font.s
[GEN]	Fonts/build/GlyphItem/FontItem_4E4C.font.s
[GEN]	Fonts/build/GlyphItem/FontItem_6C61.font.s
[GEN]	Fonts/build/GlyphItem/FontItem_5C4B.font.s
[GEN]	Fonts/build/GlyphItem/FontItem_65E0.font.s
[GEN]	Fonts/build/GlyphItem/FontItem_829C.font.s
[GEN]	Fonts/build/GlyphItem/FontItem_6B66.font.s
[GEN]	Fonts/build/GlyphItem/FontItem_4E94.font.s
[GEN]	Fonts/build/GlyphItem/FontItem_821E.font.s
[GEN]	Fonts/build/GlyphItem/FontItem_4F0D.font.s
[GEN]	Fonts/build/GlyphItem/FontItem_96FE.font.s
[GEN]	Fonts/build/GlyphItem/FontItem_7269.font.s
[GEN]	Fonts/build/GlyphItem/FontItem_52A1.font.s
[GEN]	Fonts/build/GlyphItem/FontItem_609F.font.s
[GEN]	Fonts/build/GlyphItem/FontItem_8BEF.font.s
[GEN]	Fonts/build/GlyphItem/FontItem_897F.font.s
[GEN]	Fonts/build/GlyphItem/FontItem_5438.font.s
[GEN]	Fonts/build/GlyphItem/FontItem_606F.font.s
[GEN]	Fonts/build/GlyphItem/FontItem_5E0C.font.s
[GEN]	Fonts/build/GlyphItem/FontItem_60DC.font.s
[GEN]	Fonts/build/GlyphItem/FontItem_6EAA.font.s
[GEN]	Fonts/build/GlyphItem/FontItem_88AD.font.s
[GEN]	Fonts/build/GlyphItem/FontItem_5E2D.font.s
[GEN]	Fonts/build/GlyphItem/FontItem_4E60.font.s
[GEN]	Fonts/build/GlyphItem/FontItem_559C.font.s
[GEN]	Fonts/build/GlyphItem/FontItem_7CFB.font.s
[GEN]	Fonts/build/GlyphItem/FontItem_620F.font.s
[GEN]	Fonts/build/GlyphItem/FontItem_7EC6.font.s
[GEN]	Fonts/build/GlyphItem/FontItem_4FA0.font.s
[GEN]	Fonts/build/GlyphItem/FontItem_72ED.font.s
[GEN]	Fonts/build/GlyphItem/FontItem_4E0B.font.s
[GEN]	Fonts/build/GlyphItem/FontItem_590F.font.s
[GEN]	Fonts/build/GlyphItem/FontItem_5148.font.s
[GEN]	Fonts/build/GlyphItem/FontItem_8D24.font.s
[GEN]	Fonts/build/GlyphItem/FontItem_95F2.font.s
[GEN]	Fonts/build/GlyphItem/FontItem_663E.font.s
[GEN]	Fonts/build/GlyphItem/FontItem_9669.font.s
[GEN]	Fonts/build/GlyphItem/FontItem_73B0.font.s
[GEN]	Fonts/build/GlyphItem/FontItem_732E.font.s
[GEN]	Fonts/build/GlyphItem/FontItem_7FA1.font.s
[GEN]	Fonts/build/GlyphItem/FontItem_9677.font.s
[GEN]	Fonts/build/GlyphItem/FontItem_9650.font.s
[GEN]	Fonts/build/GlyphItem/FontItem_7EBF.font.s
[GEN]	Fonts/build/GlyphItem/FontItem_76F8.font.s
[GEN]	Fonts/build/GlyphItem/FontItem_9999.font.s
[GEN]	Fonts/build/GlyphItem/FontItem_7BB1.font.s
[GEN]	Fonts/build/GlyphItem/FontItem_4E61.font.s
[GEN]	Fonts/build/GlyphItem/FontItem_7FD4.font.s
[GEN]	Fonts/build/GlyphItem/FontItem_8BE6.font.s
[GEN]	Fonts/build/GlyphItem/FontItem_60F3.font.s
[GEN]	Fonts/build/GlyphItem/FontItem_9879.font.s
[GEN]	Fonts/build/GlyphItem/FontItem_54CD.font.s
[GEN]	Fonts/build/GlyphItem/FontItem_50CF.font.s
[GEN]	Fonts/build/GlyphItem/FontItem_5411.font.s
[GEN]	Fonts/build/GlyphItem/FontItem_8C61.font.s
[GEN]	Fonts/build/GlyphItem/FontItem_6D88.font.s
[GEN]	Fonts/build/GlyphItem/FontItem_6653.font.s
[GEN]	Fonts/build/GlyphItem/FontItem_5C0F.font.s
[GEN]	Fonts/build/GlyphItem/FontItem_6821.font.s
[GEN]	Fonts/build/GlyphItem/FontItem_7B11.font.s
[GEN]	Fonts/build/GlyphItem/FontItem_6548.font.s
[GEN]	Fonts/build/GlyphItem/FontItem_4E9B.font.s
[GEN]	Fonts/build/GlyphItem/FontItem_534F.font.s
[GEN]	Fonts/build/GlyphItem/FontItem_90AA.font.s
[GEN]	Fonts/build/GlyphItem/FontItem_5199.font.s
[GEN]	Fonts/build/GlyphItem/FontItem_61C8.font.s
[GEN]	Fonts/build/GlyphItem/FontItem_8C22.font.s
[GEN]	Fonts/build/GlyphItem/FontItem_6B23.font.s
[GEN]	Fonts/build/GlyphItem/FontItem_8F9B.font.s
[GEN]	Fonts/build/GlyphItem/FontItem_65B0.font.s
[GEN]	Fonts/build/GlyphItem/FontItem_5FC3.font.s
[GEN]	Fonts/build/GlyphItem/FontItem_4FE1.font.s
[GEN]	Fonts/build/GlyphItem/FontItem_661F.font.s
[GEN]	Fonts/build/GlyphItem/FontItem_5174.font.s
[GEN]	Fonts/build/GlyphItem/FontItem_578B.font.s
[GEN]	Fonts/build/GlyphItem/FontItem_5F62.font.s
[GEN]	Fonts/build/GlyphItem/FontItem_884C.font.s
[GEN]	Fonts/build/GlyphItem/FontItem_9192.font.s
[GEN]	Fonts/build/GlyphItem/FontItem_5E78.font.s
[GEN]	Fonts/build/GlyphItem/FontItem_6027.font.s
[GEN]	Fonts/build/GlyphItem/FontItem_59D3.font.s
[GEN]	Fonts/build/GlyphItem/FontItem_5144.font.s
[GEN]	Fonts/build/GlyphItem/FontItem_96C4.font.s
[GEN]	Fonts/build/GlyphItem/FontItem_4F11.font.s
[GEN]	Fonts/build/GlyphItem/FontItem_4FEE.font.s
[GEN]	Fonts/build/GlyphItem/FontItem_7F9E.font.s
[GEN]	Fonts/build/GlyphItem/FontItem_79C0.font.s
[GEN]	Fonts/build/GlyphItem/FontItem_8896.font.s
[GEN]	Fonts/build/GlyphItem/FontItem_589F.font.s
[GEN]	Fonts/build/GlyphItem/FontItem_9700.font.s
[GEN]	Fonts/build/GlyphItem/FontItem_987B.font.s
[GEN]	Fonts/build/GlyphItem/FontItem_8BB8.font.s
[GEN]	Fonts/build/GlyphItem/FontItem_5E8F.font.s
[GEN]	Fonts/build/GlyphItem/FontItem_755C.font.s
[GEN]	Fonts/build/GlyphItem/FontItem_7EED.font.s
[GEN]	Fonts/build/GlyphItem/FontItem_5BA3.font.s
[GEN]	Fonts/build/GlyphItem/FontItem_60AC.font.s
[GEN]	Fonts/build/GlyphItem/FontItem_65CB.font.s
[GEN]	Fonts/build/GlyphItem/FontItem_9009.font.s
[GEN]	Fonts/build/GlyphItem/FontItem_9774.font.s
[GEN]	Fonts/build/GlyphItem/FontItem_5B66.font.s
[GEN]	Fonts/build/GlyphItem/FontItem_96EA.font.s
[GEN]	Fonts/build/GlyphItem/FontItem_8840.font.s
[GEN]	Fonts/build/GlyphItem/FontItem_52CB.font.s
[GEN]	Fonts/build/GlyphItem/FontItem_5FAA.font.s
[GEN]	Fonts/build/GlyphItem/FontItem_5BFB.font.s
[GEN]	Fonts/build/GlyphItem/FontItem_5DE1.font.s
[GEN]	Fonts/build/GlyphItem/FontItem_8BAD.font.s
[GEN]	Fonts/build/GlyphItem/FontItem_538B.font.s
[GEN]	Fonts/build/GlyphItem/FontItem_9E26.font.s
[GEN]	Fonts/build/GlyphItem/FontItem_82BD.font.s
[GEN]	Fonts/build/GlyphItem/FontItem_7259.font.s
[GEN]	Fonts/build/GlyphItem/FontItem_5D16.font.s
[GEN]	Fonts/build/GlyphItem/FontItem_6DAF.font.s
[GEN]	Fonts/build/GlyphItem/FontItem_96C5.font.s
[GEN]	Fonts/build/GlyphItem/FontItem_4E9A.font.s
[GEN]	Fonts/build/GlyphItem/FontItem_8BB6.font.s
[GEN]	Fonts/build/GlyphItem/FontItem_4E25.font.s
[GEN]	Fonts/build/GlyphItem/FontItem_7814.font.s
[GEN]	Fonts/build/GlyphItem/FontItem_5CA9.font.s
[GEN]	Fonts/build/GlyphItem/FontItem_5EF6.font.s
[GEN]	Fonts/build/GlyphItem/FontItem_8A00.font.s
[GEN]	Fonts/build/GlyphItem/FontItem_989C.font.s
[GEN]	Fonts/build/GlyphItem/FontItem_708E.font.s
[GEN]	Fonts/build/GlyphItem/FontItem_63A9.font.s
[GEN]	Fonts/build/GlyphItem/FontItem_773C.font.s
[GEN]	Fonts/build/GlyphItem/FontItem_6F14.font.s
[GEN]	Fonts/build/GlyphItem/FontItem_8273.font.s
[GEN]	Fonts/build/GlyphItem/FontItem_538C.font.s
[GEN]	Fonts/build/GlyphItem/FontItem_7130.font.s
[GEN]	Fonts/build/GlyphItem/FontItem_9A8C.font.s
[GEN]	Fonts/build/GlyphItem/FontItem_626C.font.s
[GEN]	Fonts/build/GlyphItem/FontItem_9633.font.s
[GEN]	Fonts/build/GlyphItem/FontItem_4EF0.font.s
[GEN]	Fonts/build/GlyphItem/FontItem_517B.font.s
[GEN]	Fonts/build/GlyphItem/FontItem_6837.font.s
[GEN]	Fonts/build/GlyphItem/FontItem_9080.font.s
[GEN]	Fonts/build/GlyphItem/FontItem_5996.font.s
[GEN]	Fonts/build/GlyphItem/FontItem_6447.font.s
[GEN]	Fonts/build/GlyphItem/FontItem_9065.font.s
[GEN]	Fonts/build/GlyphItem/FontItem_836F.font.s
[GEN]	Fonts/build/GlyphItem/FontItem_8981.font.s
[GEN]	Fonts/build/GlyphItem/FontItem_7237.font.s
[GEN]	Fonts/build/GlyphItem/FontItem_91CE.font.s
[GEN]	Fonts/build/GlyphItem/FontItem_4E5F.font.s
[GEN]	Fonts/build/GlyphItem/FontItem_4E1A.font.s
[GEN]	Fonts/build/GlyphItem/FontItem_591C.font.s
[GEN]	Fonts/build/GlyphItem/FontItem_4E00.font.s
[GEN]	Fonts/build/GlyphItem/FontItem_533B.font.s
[GEN]	Fonts/build/GlyphItem/FontItem_4F9D.font.s
[GEN]	Fonts/build/GlyphItem/FontItem_4F0A.font.s
[GEN]	Fonts/build/GlyphItem/FontItem_8863.font.s
[GEN]	Fonts/build/GlyphItem/FontItem_9057.font.s
[GEN]	Fonts/build/GlyphItem/FontItem_79FB.font.s
[GEN]	Fonts/build/GlyphItem/FontItem_4EEA.font.s
[GEN]	Fonts/build/GlyphItem/FontItem_7591.font.s
[GEN]	Fonts/build/GlyphItem/FontItem_5B9C.font.s
[GEN]	Fonts/build/GlyphItem/FontItem_59E8.font.s
[GEN]	Fonts/build/GlyphItem/FontItem_5DF2.font.s
[GEN]	Fonts/build/GlyphItem/FontItem_4EE5.font.s
[GEN]	Fonts/build/GlyphItem/FontItem_827A.font.s
[GEN]	Fonts/build/GlyphItem/FontItem_6613.font.s
[GEN]	Fonts/build/GlyphItem/FontItem_5F79.font.s
[GEN]	Fonts/build/GlyphItem/FontItem_88D4.font.s
[GEN]	Fonts/build/GlyphItem/FontItem_610F.font.s
[GEN]	Fonts/build/GlyphItem/FontItem_5FC6.font.s
[GEN]	Fonts/build/GlyphItem/FontItem_4E49.font.s
[GEN]	Fonts/build/GlyphItem/FontItem_76CA.font.s
[GEN]	Fonts/build/GlyphItem/FontItem_8BAE.font.s
[GEN]	Fonts/build/GlyphItem/FontItem_5F02.font.s
[GEN]	Fonts/build/GlyphItem/FontItem_7FFC.font.s
[GEN]	Fonts/build/GlyphItem/FontItem_56E0.font.s
[GEN]	Fonts/build/GlyphItem/FontItem_97F3.font.s
[GEN]	Fonts/build/GlyphItem/FontItem_9634.font.s
[GEN]	Fonts/build/GlyphItem/FontItem_541F.font.s
[GEN]	Fonts/build/GlyphItem/FontItem_94F6.font.s
[GEN]	Fonts/build/GlyphItem/FontItem_5F15.font.s
[GEN]	Fonts/build/GlyphItem/FontItem_9690.font.s
[GEN]	Fonts/build/GlyphItem/FontItem_5370.font.s
[GEN]	Fonts/build/GlyphItem/FontItem_82F1.font.s
[GEN]	Fonts/build/GlyphItem/FontItem_5E94.font.s
[GEN]	Fonts/build/GlyphItem/FontItem_8FCE.font.s
[GEN]	Fonts/build/GlyphItem/FontItem_8D62.font.s
[GEN]	Fonts/build/GlyphItem/FontItem_5F71.font.s
[GEN]	Fonts/build/GlyphItem/FontItem_786C.font.s
[GEN]	Fonts/build/GlyphItem/FontItem_62E5.font.s
[GEN]	Fonts/build/GlyphItem/FontItem_4F63.font.s
[GEN]	Fonts/build/GlyphItem/FontItem_6C38.font.s
[GEN]	Fonts/build/GlyphItem/FontItem_52C7.font.s
[GEN]	Fonts/build/GlyphItem/FontItem_7528.font.s
[GEN]	Fonts/build/GlyphItem/FontItem_5E7D.font.s
[GEN]	Fonts/build/GlyphItem/FontItem_4F18.font.s
[GEN]	Fonts/build/GlyphItem/FontItem_60A0.font.s
[GEN]	Fonts/build/GlyphItem/FontItem_5FE7.font.s
[GEN]	Fonts/build/GlyphItem/FontItem_5C24.font.s
[GEN]	Fonts/build/GlyphItem/FontItem_7531.font.s
[GEN]	Fonts/build/GlyphItem/FontItem_72B9.font.s
[GEN]	Fonts/build/GlyphItem/FontItem_6E38.font.s
[GEN]	Fonts/build/GlyphItem/FontItem_6709.font.s
[GEN]	Fonts/build/GlyphItem/FontItem_53CB.font.s
[GEN]	Fonts/build/GlyphItem/FontItem_53F3.font.s
[GEN]	Fonts/build/GlyphItem/FontItem_53C8.font.s
[GEN]	Fonts/build/GlyphItem/FontItem_5E7C.font.s
[GEN]	Fonts/build/GlyphItem/FontItem_4E8E.font.s
[GEN]	Fonts/build/GlyphItem/FontItem_4F59.font.s
[GEN]	Fonts/build/GlyphItem/FontItem_6109.font.s
[GEN]	Fonts/build/GlyphItem/FontItem_4E88.font.s
[GEN]	Fonts/build/GlyphItem/FontItem_96E8.font.s
[GEN]	Fonts/build/GlyphItem/FontItem_4E0E.font.s
[GEN]	Fonts/build/GlyphItem/FontItem_5C7F.font.s
[GEN]	Fonts/build/GlyphItem/FontItem_8BED.font.s
[GEN]	Fonts/build/GlyphItem/FontItem_7FBD.font.s
[GEN]	Fonts/build/GlyphItem/FontItem_7389.font.s
[GEN]	Fonts/build/GlyphItem/FontItem_57DF.font.s
[GEN]	Fonts/build/GlyphItem/FontItem_90C1.font.s
[GEN]	Fonts/build/GlyphItem/FontItem_9047.font.s
[GEN]	Fonts/build/GlyphItem/FontItem_5FA1.font.s
[GEN]	Fonts/build/GlyphItem/FontItem_6108.font.s
[GEN]	Fonts/build/GlyphItem/FontItem_6B32.font.s
[GEN]	Fonts/build/GlyphItem/FontItem_72F1.font.s
[GEN]	Fonts/build/GlyphItem/FontItem_80B2.font.s
[GEN]	Fonts/build/GlyphItem/FontItem_8A89.font.s
[GEN]	Fonts/build/GlyphItem/FontItem_9884.font.s
[GEN]	Fonts/build/GlyphItem/FontItem_8C6B.font.s
[GEN]	Fonts/build/GlyphItem/FontItem_5143.font.s
[GEN]	Fonts/build/GlyphItem/FontItem_539F.font.s
[GEN]	Fonts/build/GlyphItem/FontItem_63F4.font.s
[GEN]	Fonts/build/GlyphItem/FontItem_56ED.font.s
[GEN]	Fonts/build/GlyphItem/FontItem_5458.font.s
[GEN]	Fonts/build/GlyphItem/FontItem_6E90.font.s
[GEN]	Fonts/build/GlyphItem/FontItem_7F18.font.s
[GEN]	Fonts/build/GlyphItem/FontItem_8FDC.font.s
[GEN]	Fonts/build/GlyphItem/FontItem_613F.font.s
[GEN]	Fonts/build/GlyphItem/FontItem_9662.font.s
[GEN]	Fonts/build/GlyphItem/FontItem_7EA6.font.s
[GEN]	Fonts/build/GlyphItem/FontItem_8D8A.font.s
[GEN]	Fonts/build/GlyphItem/FontItem_8DC3.font.s
[GEN]	Fonts/build/GlyphItem/FontItem_94A5.font.s
[GEN]	Fonts/build/GlyphItem/FontItem_6708.font.s
[GEN]	Fonts/build/GlyphItem/FontItem_60A6.font.s
[GEN]	Fonts/build/GlyphItem/FontItem_8FD0.font.s
[GEN]	Fonts/build/GlyphItem/FontItem_5B55.font.s
[GEN]	Fonts/build/GlyphItem/FontItem_707E.font.s
[GEN]	Fonts/build/GlyphItem/FontItem_5BB0.font.s
[GEN]	Fonts/build/GlyphItem/FontItem_8F7D.font.s
[GEN]	Fonts/build/GlyphItem/FontItem_518D.font.s
[GEN]	Fonts/build/GlyphItem/FontItem_5728.font.s
[GEN]	Fonts/build/GlyphItem/FontItem_6682.font.s
[GEN]	Fonts/build/GlyphItem/FontItem_8D5E.font.s
[GEN]	Fonts/build/GlyphItem/FontItem_906D.font.s
[GEN]	Fonts/build/GlyphItem/FontItem_65E9.font.s
[GEN]	Fonts/build/GlyphItem/FontItem_9020.font.s
[GEN]	Fonts/build/GlyphItem/FontItem_8D23.font.s
[GEN]	Fonts/build/GlyphItem/FontItem_62E9.font.s
[GEN]	Fonts/build/GlyphItem/FontItem_5219.font.s
[GEN]	Fonts/build/GlyphItem/FontItem_6CFD.font.s
[GEN]	Fonts/build/GlyphItem/FontItem_8D3C.font.s
[GEN]	Fonts/build/GlyphItem/FontItem_600E.font.s
[GEN]	Fonts/build/GlyphItem/FontItem_589E.font.s
[GEN]	Fonts/build/GlyphItem/FontItem_618E.font.s
[GEN]	Fonts/build/GlyphItem/FontItem_66FE.font.s
[GEN]	Fonts/build/GlyphItem/FontItem_624E.font.s
[GEN]	Fonts/build/GlyphItem/FontItem_5B85.font.s
[GEN]	Fonts/build/GlyphItem/FontItem_5BE8.font.s
[GEN]	Fonts/build/GlyphItem/FontItem_65A9.font.s
[GEN]	Fonts/build/GlyphItem/FontItem_5C55.font.s
[GEN]	Fonts/build/GlyphItem/FontItem_5360.font.s
[GEN]	Fonts/build/GlyphItem/FontItem_6218.font.s
[GEN]	Fonts/build/GlyphItem/FontItem_7AD9.font.s
[GEN]	Fonts/build/GlyphItem/FontItem_7AE0.font.s
[GEN]	Fonts/build/GlyphItem/FontItem_5F70.font.s
[GEN]	Fonts/build/GlyphItem/FontItem_5F20.font.s
[GEN]	Fonts/build/GlyphItem/FontItem_638C.font.s
[GEN]	Fonts/build/GlyphItem/FontItem_6756.font.s
[GEN]	Fonts/build/GlyphItem/FontItem_4E08.font.s
[GEN]	Fonts/build/GlyphItem/FontItem_5E10.font.s
[GEN]	Fonts/build/GlyphItem/FontItem_969C.font.s
[GEN]	Fonts/build/GlyphItem/FontItem_62DB.font.s
[GEN]	Fonts/build/GlyphItem/FontItem_627E.font.s
[GEN]	Fonts/build/GlyphItem/FontItem_7167.font.s
[GEN]	Fonts/build/GlyphItem/FontItem_53EC.font.s
[GEN]	Fonts/build/GlyphItem/FontItem_8005.font.s
[GEN]	Fonts/build/GlyphItem/FontItem_8FD9.font.s
[GEN]	Fonts/build/GlyphItem/FontItem_73CD.font.s
[GEN]	Fonts/build/GlyphItem/FontItem_771F.font.s
[GEN]	Fonts/build/GlyphItem/FontItem_4FA6.font.s
[GEN]	Fonts/build/GlyphItem/FontItem_9707.font.s
[GEN]	Fonts/build/GlyphItem/FontItem_632F.font.s
[GEN]	Fonts/build/GlyphItem/FontItem_9547.font.s
[GEN]	Fonts/build/GlyphItem/FontItem_9635.font.s
[GEN]	Fonts/build/GlyphItem/FontItem_5F81.font.s
[GEN]	Fonts/build/GlyphItem/FontItem_4E89.font.s
[GEN]	Fonts/build/GlyphItem/FontItem_6574.font.s
[GEN]	Fonts/build/GlyphItem/FontItem_6B63.font.s
[GEN]	Fonts/build/GlyphItem/FontItem_653F.font.s
[GEN]	Fonts/build/GlyphItem/FontItem_75C7.font.s
[GEN]	Fonts/build/GlyphItem/FontItem_8BC1.font.s
[GEN]	Fonts/build/GlyphItem/FontItem_652F.font.s
[GEN]	Fonts/build/GlyphItem/FontItem_77E5.font.s
[GEN]	Fonts/build/GlyphItem/FontItem_4E4B.font.s
[GEN]	Fonts/build/GlyphItem/FontItem_7EC7.font.s
[GEN]	Fonts/build/GlyphItem/FontItem_804C.font.s
[GEN]	Fonts/build/GlyphItem/FontItem_76F4.font.s
[GEN]	Fonts/build/GlyphItem/FontItem_6267.font.s
[GEN]	Fonts/build/GlyphItem/FontItem_503C.font.s
[GEN]	Fonts/build/GlyphItem/FontItem_5740.font.s
[GEN]	Fonts/build/GlyphItem/FontItem_6307.font.s
[GEN]	Fonts/build/GlyphItem/FontItem_6B62.font.s
[GEN]	Fonts/build/GlyphItem/FontItem_53EA.font.s
[GEN]	Fonts/build/GlyphItem/FontItem_5FD7.font.s
[GEN]	Fonts/build/GlyphItem/FontItem_63B7.font.s
[GEN]	Fonts/build/GlyphItem/FontItem_81F3.font.s
[GEN]	Fonts/build/GlyphItem/FontItem_81F4.font.s
[GEN]	Fonts/build/GlyphItem/FontItem_7F6E.font.s
[GEN]	Fonts/build/GlyphItem/FontItem_5236.font.s
[GEN]	Fonts/build/GlyphItem/FontItem_667A.font.s
[GEN]	Fonts/build/GlyphItem/FontItem_8D28.font.s
[GEN]	Fonts/build/GlyphItem/FontItem_6CBB.font.s
[GEN]	Fonts/build/GlyphItem/FontItem_4E2D.font.s
[GEN]	Fonts/build/GlyphItem/FontItem_5FE0.font.s
[GEN]	Fonts/build/GlyphItem/FontItem_8877.font.s
[GEN]	Fonts/build/GlyphItem/FontItem_7EC8.font.s
[GEN]	Fonts/build/GlyphItem/FontItem_79CD.font.s
[GEN]	Fonts/build/GlyphItem/FontItem_91CD.font.s
[GEN]	Fonts/build/GlyphItem/FontItem_4F17.font.s
[GEN]	Fonts/build/GlyphItem/FontItem_5468.font.s
[GEN]	Fonts/build/GlyphItem/FontItem_663C.font.s
[GEN]	Fonts/build/GlyphItem/FontItem_6731.font.s
[GEN]	Fonts/build/GlyphItem/FontItem_9010.font.s
[GEN]	Fonts/build/GlyphItem/FontItem_7AF9.font.s
[GEN]	Fonts/build/GlyphItem/FontItem_4E3B.font.s
[GEN]	Fonts/build/GlyphItem/FontItem_8457.font.s
[GEN]	Fonts/build/GlyphItem/FontItem_67F1.font.s
[GEN]	Fonts/build/GlyphItem/FontItem_52A9.font.s
[GEN]	Fonts/build/GlyphItem/FontItem_4F4F.font.s
[GEN]	Fonts/build/GlyphItem/FontItem_6CE8.font.s
[GEN]	Fonts/build/GlyphItem/FontItem_795D.font.s
[GEN]	Fonts/build/GlyphItem/FontItem_9A7B.font.s
[GEN]	Fonts/build/GlyphItem/FontItem_722A.font.s
[GEN]	Fonts/build/GlyphItem/FontItem_4E13.font.s
[GEN]	Fonts/build/GlyphItem/FontItem_8F6C.font.s
[GEN]	Fonts/build/GlyphItem/FontItem_8D5A.font.s
[GEN]	Fonts/build/GlyphItem/FontItem_5E84.font.s
[GEN]	Fonts/build/GlyphItem/FontItem_88C5.font.s
[GEN]	Fonts/build/GlyphItem/FontItem_58EE.font.s
[GEN]	Fonts/build/GlyphItem/FontItem_72B6.font.s
[GEN]	Fonts/build/GlyphItem/FontItem_8FFD.font.s
[GEN]	Fonts/build/GlyphItem/FontItem_5760.font.s
[GEN]	Fonts/build/GlyphItem/FontItem_51C6.font.s
[GEN]	Fonts/build/GlyphItem/FontItem_7740.font.s
[GEN]	Fonts/build/GlyphItem/FontItem_707C.font.s
[GEN]	Fonts/build/GlyphItem/FontItem_5179.font.s
[GEN]	Fonts/build/GlyphItem/FontItem_8D44.font.s
[GEN]	Fonts/build/GlyphItem/FontItem_59FF.font.s
[GEN]	Fonts/build/GlyphItem/FontItem_6ECB.font.s
[GEN]	Fonts/build/GlyphItem/FontItem_5B50.font.s
[GEN]	Fonts/build/GlyphItem/FontItem_81EA.font.s
[GEN]	Fonts/build/GlyphItem/FontItem_5B57.font.s
[GEN]	Fonts/build/GlyphItem/FontItem_8E2A.font.s
[GEN]	Fonts/build/GlyphItem/FontItem_7EFC.font.s
[GEN]	Fonts/build/GlyphItem/FontItem_603B.font.s
[GEN]	Fonts/build/GlyphItem/FontItem_7EB5.font.s
[GEN]	Fonts/build/GlyphItem/FontItem_8D70.font.s
[GEN]	Fonts/build/GlyphItem/FontItem_594F.font.s
[GEN]	Fonts/build/GlyphItem/FontItem_8DB3.font.s
[GEN]	Fonts/build/GlyphItem/FontItem_65CF.font.s
[GEN]	Fonts/build/GlyphItem/FontItem_7956.font.s
[GEN]	Fonts/build/GlyphItem/FontItem_963B.font.s
[GEN]	Fonts/build/GlyphItem/FontItem_7EC4.font.s
[GEN]	Fonts/build/GlyphItem/FontItem_5634.font.s
[GEN]	Fonts/build/GlyphItem/FontItem_6700.font.s
[GEN]	Fonts/build/GlyphItem/FontItem_7F6A.font.s
[GEN]	Fonts/build/GlyphItem/FontItem_5C0A.font.s
[GEN]	Fonts/build/GlyphItem/FontItem_5DE6.font.s
[GEN]	Fonts/build/GlyphItem/FontItem_4F50.font.s
[GEN]	Fonts/build/GlyphItem/FontItem_505A.font.s
[GEN]	Fonts/build/GlyphItem/FontItem_4F5C.font.s
[GEN]	Fonts/build/GlyphItem/FontItem_5750.font.s
[GEN]	Fonts/build/GlyphItem/FontItem_5EA7.font.s
[GEN]	Fonts/build/GlyphItem/FontItem_502D.font.s
[GEN]	Fonts/build/GlyphItem/FontItem_8BAA.font.s
[GEN]	Fonts/build/GlyphItem/FontItem_8C19.font.s
[GEN]	Fonts/build/GlyphItem/FontItem_9631.font.s
[GEN]	Fonts/build/GlyphItem/FontItem_90B8.font.s
[GEN]	Fonts/build/GlyphItem/FontItem_831C.font.s
[GEN]	Fonts/build/GlyphItem/FontItem_8403.font.s
[GEN]	Fonts/build/GlyphItem/FontItem_5416.font.s
[GEN]	Fonts/build/GlyphItem/FontItem_5E37.font.s
[GEN]	Fonts/build/GlyphItem/FontItem_5C9A.font.s
[GEN]	Fonts/build/GlyphItem/FontItem_6115.font.s
[GEN]	Fonts/build/GlyphItem/FontItem_5F29.font.s
[GEN]	Fonts/build/GlyphItem/FontItem_5A05.font.s
[GEN]	Fonts/build/GlyphItem/FontItem_7F07.font.s
[GEN]	Fonts/build/GlyphItem/FontItem_7F2A.font.s
[GEN]	Fonts/build/GlyphItem/FontItem_73C2.font.s
[GEN]	Fonts/build/GlyphItem/FontItem_7F81.font.s
[GEN]	Fonts/build/GlyphItem/FontItem_94E0.font.s
[GEN]	Fonts/build/GlyphItem/FontItem_9556.font.s
[GEN]	Fonts/build/GlyphItem/FontItem_6602.font.s
[GEN]	Fonts/build/GlyphItem/FontItem_96BC.font.s
[GEN]	Fonts/build/GlyphItem/FontItem_707F.font.s
[GEN]	Fonts/build/GlyphItem/FontItem_518C.font.s
[GEN]	Fonts/build/GlyphItem/FontItem_63D2.font.s
[GEN]	Fonts/build/GlyphItem/FontItem_9F7F.font.s
[GEN]	Fonts/build/GlyphItem/FontItem_5D07.font.s
[GEN]	Fonts/build/GlyphItem/FontItem_4E1B.font.s
[GEN]	Fonts/build/GlyphItem/FontItem_63E3.font.s
[GEN]	Fonts/build/GlyphItem/FontItem_4E39.font.s
[GEN]	Fonts/build/GlyphItem/FontItem_5F39.font.s
[GEN]	Fonts/build/GlyphItem/FontItem_4FC3.font.s
[GEN]	Fonts/build/GlyphItem/FontItem_6EF4.font.s
[GEN]	Fonts/build/GlyphItem/FontItem_7B1B.font.s
[GEN]	Fonts/build/GlyphItem/FontItem_5E1D.font.s
[GEN]	Fonts/build/GlyphItem/FontItem_5960.font.s
[GEN]	Fonts/build/GlyphItem/FontItem_5178.font.s
[GEN]	Fonts/build/GlyphItem/FontItem_7779.font.s
[GEN]	Fonts/build/GlyphItem/FontItem_989D.font.s
[GEN]	Fonts/build/GlyphItem/FontItem_5CF0.font.s
[GEN]	Fonts/build/GlyphItem/FontItem_4F5B.font.s
[GEN]	Fonts/build/GlyphItem/FontItem_5085.font.s
[GEN]	Fonts/build/GlyphItem/FontItem_6E2F.font.s
[GEN]	Fonts/build/GlyphItem/FontItem_94A9.font.s
[GEN]	Fonts/build/GlyphItem/FontItem_5BE1.font.s
[GEN]	Fonts/build/GlyphItem/FontItem_901B.font.s
[GEN]	Fonts/build/GlyphItem/FontItem_95FA.font.s
[GEN]	Fonts/build/GlyphItem/FontItem_54C4.font.s
[GEN]	Fonts/build/GlyphItem/FontItem_54D7.font.s
[GEN]	Fonts/build/GlyphItem/FontItem_6ED1.font.s
[GEN]	Fonts/build/GlyphItem/FontItem_970D.font.s
[GEN]	Fonts/build/GlyphItem/FontItem_7A3D.font.s
[GEN]	Fonts/build/GlyphItem/FontItem_8D3E.font.s
[GEN]	Fonts/build/GlyphItem/FontItem_4FED.font.s
[GEN]	Fonts/build/GlyphItem/FontItem_8230.font.s
[GEN]	Fonts/build/GlyphItem/FontItem_50F5.font.s
[GEN]	Fonts/build/GlyphItem/FontItem_8857.font.s
[GEN]	Fonts/build/GlyphItem/FontItem_6676.font.s
[GEN]	Fonts/build/GlyphItem/FontItem_5F84.font.s
[GEN]	Fonts/build/GlyphItem/FontItem_65F7.font.s
[GEN]	Fonts/build/GlyphItem/FontItem_9ECE.font.s
[GEN]	Fonts/build/GlyphItem/FontItem_7433.font.s
[GEN]	Fonts/build/GlyphItem/FontItem_788C.font.s
[GEN]	Fonts/build/GlyphItem/FontItem_66FC.font.s
[GEN]	Fonts/build/GlyphItem/FontItem_8D38.font.s
[GEN]	Fonts/build/GlyphItem/FontItem_9E23.font.s
[GEN]	Fonts/build/GlyphItem/FontItem_6469.font.s
[GEN]	Fonts/build/GlyphItem/FontItem_4E43.font.s
[GEN]	Fonts/build/GlyphItem/FontItem_5B7D.font.s
[GEN]	Fonts/build/GlyphItem/FontItem_5E15.font.s
[GEN]	Fonts/build/GlyphItem/FontItem_70AE.font.s
[GEN]	Fonts/build/GlyphItem/FontItem_7BF7.font.s
[GEN]	Fonts/build/GlyphItem/FontItem_7BC7.font.s
[GEN]	Fonts/build/GlyphItem/FontItem_9887.font.s
[GEN]	Fonts/build/GlyphItem/FontItem_6B67.font.s
[GEN]	Fonts/build/GlyphItem/FontItem_6CC9.font.s
[GEN]	Fonts/build/GlyphItem/FontItem_4E18.font.s
[GEN]	Fonts/build/GlyphItem/FontItem_72AC.font.s
[GEN]	Fonts/build/GlyphItem/FontItem_6EB6.font.s
[GEN]	Fonts/build/GlyphItem/FontItem_745F.font.s
[GEN]	Fonts/build/GlyphItem/FontItem_838E.font.s
[GEN]	Fonts/build/GlyphItem/FontItem_6851.font.s
[GEN]	Fonts/build/GlyphItem/FontItem_6444.font.s
[GEN]	Fonts/build/GlyphItem/FontItem_8680.font.s
[GEN]	Fonts/build/GlyphItem/FontItem_4ED5.font.s
[GEN]	Fonts/build/GlyphItem/FontItem_552E.font.s
[GEN]	Fonts/build/GlyphItem/FontItem_517D.font.s
[GEN]	Fonts/build/GlyphItem/FontItem_77AC.font.s
[GEN]	Fonts/build/GlyphItem/FontItem_6DCC.font.s
[GEN]	Fonts/build/GlyphItem/FontItem_9882.font.s
[GEN]	Fonts/build/GlyphItem/FontItem_77B3.font.s
[GEN]	Fonts/build/GlyphItem/FontItem_6845.font.s
[GEN]	Fonts/build/GlyphItem/FontItem_6DA1.font.s
[GEN]	Fonts/build/GlyphItem/FontItem_6170.font.s
[GEN]	Fonts/build/GlyphItem/FontItem_6614.font.s
[GEN]	Fonts/build/GlyphItem/FontItem_819D.font.s
[GEN]	Fonts/build/GlyphItem/FontItem_6687.font.s
[GEN]	Fonts/build/GlyphItem/FontItem_8237.font.s
[GEN]	Fonts/build/GlyphItem/FontItem_85AA.font.s
[GEN]	Fonts/build/GlyphItem/FontItem_6BC5.font.s
[GEN]	Fonts/build/GlyphItem/FontItem_6768.font.s
[GEN]	Fonts/build/GlyphItem/FontItem_6EA2.font.s
[GEN]	Fonts/build/GlyphItem/FontItem_5706.font.s
[GEN]	Fonts/build/GlyphItem/FontItem_5353.font.s
[GEN]	Fonts/build/GlyphItem/FontItem_7F69.font.s
[GEN]	Fonts/build/GlyphItem/FontItem_7D2B.font.s
[GEN]	Fonts/build/GlyphItem/FontItem_5B97.font.s
[GEN]	Fonts/build/GlyphItem/FontItem_99A8.font.s
[GEN]	Fonts/build/GlyphItem/FontItem_8299.font.s
[GEN]	Fonts/build/GlyphItem/FontItem_595A.font.s
[GEN]	Fonts/build/GlyphItem/FontItem_5F11.font.s
[GEN]	Fonts/build/GlyphItem/FontItem_561F.font.s
[GEN]	Fonts/build/GlyphItem/FontItem_56D4.font.s
[GEN]	Fonts/build/GlyphItem/FontItem_5FA8.font.s
[GEN]	Fonts/build/GlyphItem/FontItem_6F29.font.s
[GEN]	Fonts/build/GlyphItem/FontItem_5F77.font.s
[GEN]	Fonts/build/GlyphItem/FontItem_8FE6.font.s
[GEN]	Fonts/build/GlyphItem/FontItem_9005.font.s
[GEN]	Fonts/build/GlyphItem/FontItem_9082.font.s
[GEN]	Fonts/build/GlyphItem/FontItem_6773.font.s
[GEN]	Fonts/build/GlyphItem/FontItem_621F.font.s
[GEN]	Fonts/build/GlyphItem/FontItem_61A9.font.s
[GEN]	Fonts/build/GlyphItem/FontItem_753A.font.s
[GEN]	Fonts/build/GlyphItem/FontItem_52C3.font.s
[GEN]	Fonts/build/GlyphItem/FontItem_54FA.font.s
[GEN]	Fonts/build/GlyphItem/FontItem_8328.font.s
[GEN]	Fonts/build/GlyphItem/FontItem_7C07.font.s
[GEN]	Fonts/build/GlyphItem/FontItem_675C.font.s
[GEN]	Fonts/build/GlyphItem/FontItem_52D2.font.s
[GEN]	Fonts/build/GlyphItem/FontItem_5CAD.font.s
[GEN]	Fonts/build/GlyphItem/FontItem_5375.font.s
[GEN]	Fonts/build/GlyphItem/FontItem_5E3D.font.s
[GEN]	Fonts/build/GlyphItem/FontItem_840C.font.s
[GEN]	Fonts/build/GlyphItem/FontItem_6CDE.font.s
[GEN]	Fonts/build/GlyphItem/FontItem_62AB.font.s
[GEN]	Fonts/build/GlyphItem/FontItem_94FA.font.s
[GEN]	Fonts/build/GlyphItem/FontItem_8C34.font.s
[GEN]	Fonts/build/GlyphItem/FontItem_5BDD.font.s
[GEN]	Fonts/build/GlyphItem/FontItem_8EAF.font.s
[GEN]	Fonts/build/GlyphItem/FontItem_5239.font.s
[GEN]	Fonts/build/GlyphItem/FontItem_7EB1.font.s
[GEN]	Fonts/build/GlyphItem/FontItem_5A49.font.s
[GEN]	Fonts/build/GlyphItem/FontItem_9890.font.s
[GEN]	Fonts/build/GlyphItem/FontItem_8BE3.font.s
[GEN]	Fonts/build/GlyphItem/FontItem_7ECE.font.s
[GEN]	Fonts/build/GlyphItem/FontItem_8424.font.s
[GEN]	Fonts/build/GlyphItem/FontItem_5CB3.font.s
[GEN]	Fonts/build/GlyphItem/FontItem_6E5B.font.s
[GEN]	Fonts/build/GlyphItem/FontItem_8718.font.s
[GEN]	Fonts/build/GlyphItem/FontItem_6EDE.font.s
[GEN]	Fonts/build/GlyphItem/FontItem_86DB.font.s
[GEN]	Fonts/build/GlyphItem/FontItem_5FD2.font.s
[GEN]	Fonts/build/GlyphItem/FontItem_5555.font.s
[GEN]	Fonts/build/GlyphItem/FontItem_8FE5.font.s
[GEN]	Fonts/build/GlyphItem/FontItem_7EEF.font.s
[GEN]	Fonts/build/GlyphItem/FontItem_73C0.font.s
[GEN]	Fonts/build/GlyphItem/FontItem_66DC.font.s
[GEN]	Fonts/build/GlyphItem/FontItem_7985.font.s
[GEN]	Fonts/build/GlyphItem/FontItem_7656.font.s
[GEN]	Fonts/build/GlyphItem/FontItem_8E35.font.s
[GEN]	Fonts/build/GlyphItem/FontItem_9AB7.font.s
[GEN]	Fonts/build/GlyphItem/FontItem_9AC5.font.s
[GEN]	Fonts/build/GlyphItem/FontItem_5570.font.s
[GEN]	Fonts/build/GlyphItem/FontItem_6328.font.s
[GEN]	Fonts/build/GlyphItem/FontItem_54CE.font.s
[GEN]	Fonts/build/GlyphItem/FontItem_5509.font.s
[GEN]	Fonts/build/GlyphItem/FontItem_54C0.font.s
[GEN]	Fonts/build/GlyphItem/FontItem_7691.font.s
[GEN]	Fonts/build/GlyphItem/FontItem_764C.font.s
[GEN]	Fonts/build/GlyphItem/FontItem_853C.font.s
[GEN]	Fonts/build/GlyphItem/FontItem_77EE.font.s
[GEN]	Fonts/build/GlyphItem/FontItem_788D.font.s
[GEN]	Fonts/build/GlyphItem/FontItem_9698.font.s
[GEN]	Fonts/build/GlyphItem/FontItem_978D.font.s
[GEN]	Fonts/build/GlyphItem/FontItem_6C28.font.s
[GEN]	Fonts/build/GlyphItem/FontItem_4FFA.font.s
[GEN]	Fonts/build/GlyphItem/FontItem_80FA.font.s
[GEN]	Fonts/build/GlyphItem/FontItem_80AE.font.s
[GEN]	Fonts/build/GlyphItem/FontItem_76CE.font.s
[GEN]	Fonts/build/GlyphItem/FontItem_51F9.font.s
[GEN]	Fonts/build/GlyphItem/FontItem_6556.font.s
[GEN]	Fonts/build/GlyphItem/FontItem_71AC.font.s
[GEN]	Fonts/build/GlyphItem/FontItem_8884.font.s
[GEN]	Fonts/build/GlyphItem/FontItem_61CA.font.s
[GEN]	Fonts/build/GlyphItem/FontItem_6FB3.font.s
[GEN]	Fonts/build/GlyphItem/FontItem_82AD.font.s
[GEN]	Fonts/build/GlyphItem/FontItem_634C.font.s
[GEN]	Fonts/build/GlyphItem/FontItem_6252.font.s
[GEN]	Fonts/build/GlyphItem/FontItem_53ED.font.s
[GEN]	Fonts/build/GlyphItem/FontItem_7B06.font.s
[GEN]	Fonts/build/GlyphItem/FontItem_75A4.font.s
[GEN]	Fonts/build/GlyphItem/FontItem_8DCB.font.s
[GEN]	Fonts/build/GlyphItem/FontItem_9776.font.s
[GEN]	Fonts/build/GlyphItem/FontItem_8019.font.s
[GEN]	Fonts/build/GlyphItem/FontItem_575D.font.s
[GEN]	Fonts/build/GlyphItem/FontItem_7F62.font.s
[GEN]	Fonts/build/GlyphItem/FontItem_67CF.font.s
[GEN]	Fonts/build/GlyphItem/FontItem_4F70.font.s
[GEN]	Fonts/build/GlyphItem/FontItem_7A17.font.s
[GEN]	Fonts/build/GlyphItem/FontItem_6591.font.s
[GEN]	Fonts/build/GlyphItem/FontItem_642C.font.s
[GEN]	Fonts/build/GlyphItem/FontItem_6273.font.s
[GEN]	Fonts/build/GlyphItem/FontItem_9881.font.s
[GEN]	Fonts/build/GlyphItem/FontItem_626E.font.s
[GEN]	Fonts/build/GlyphItem/FontItem_62CC.font.s
[GEN]	Fonts/build/GlyphItem/FontItem_74E3.font.s
[GEN]	Fonts/build/GlyphItem/FontItem_6886.font.s
[GEN]	Fonts/build/GlyphItem/FontItem_8180.font.s
[GEN]	Fonts/build/GlyphItem/FontItem_7ED1.font.s
[GEN]	Fonts/build/GlyphItem/FontItem_68D2.font.s
[GEN]	Fonts/build/GlyphItem/FontItem_78C5.font.s
[GEN]	Fonts/build/GlyphItem/FontItem_868C.font.s
[GEN]	Fonts/build/GlyphItem/FontItem_9551.font.s
[GEN]	Fonts/build/GlyphItem/FontItem_508D.font.s
[GEN]	Fonts/build/GlyphItem/FontItem_8C24.font.s
[GEN]	Fonts/build/GlyphItem/FontItem_82DE.font.s
[GEN]	Fonts/build/GlyphItem/FontItem_8912.font.s
[GEN]	Fonts/build/GlyphItem/FontItem_5265.font.s
[GEN]	Fonts/build/GlyphItem/FontItem_8584.font.s
[GEN]	Fonts/build/GlyphItem/FontItem_96F9.font.s
[GEN]	Fonts/build/GlyphItem/FontItem_5821.font.s
[GEN]	Fonts/build/GlyphItem/FontItem_8C79.font.s
[GEN]	Fonts/build/GlyphItem/FontItem_676F.font.s
[GEN]	Fonts/build/GlyphItem/FontItem_7891.font.s
[GEN]	Fonts/build/GlyphItem/FontItem_94A1.font.s
[GEN]	Fonts/build/GlyphItem/FontItem_72C8.font.s
[GEN]	Fonts/build/GlyphItem/FontItem_7119.font.s
[GEN]	Fonts/build/GlyphItem/FontItem_82EF.font.s
[GEN]	Fonts/build/GlyphItem/FontItem_7B28.font.s
[GEN]	Fonts/build/GlyphItem/FontItem_7EF7.font.s
[GEN]	Fonts/build/GlyphItem/FontItem_752D.font.s
[GEN]	Fonts/build/GlyphItem/FontItem_6CF5.font.s
[GEN]	Fonts/build/GlyphItem/FontItem_8E66.font.s
[GEN]	Fonts/build/GlyphItem/FontItem_8FF8.font.s
[GEN]	Fonts/build/GlyphItem/FontItem_9F3B.font.s
[GEN]	Fonts/build/GlyphItem/FontItem_9119.font.s
[GEN]	Fonts/build/GlyphItem/FontItem_7B14.font.s
[GEN]	Fonts/build/GlyphItem/FontItem_84D6.font.s
[GEN]	Fonts/build/GlyphItem/FontItem_853D.font.s
[GEN]	Fonts/build/GlyphItem/FontItem_6BD9.font.s
[GEN]	Fonts/build/GlyphItem/FontItem_6BD6.font.s
[GEN]	Fonts/build/GlyphItem/FontItem_5E87.font.s
[GEN]	Fonts/build/GlyphItem/FontItem_75F9.font.s
[GEN]	Fonts/build/GlyphItem/FontItem_655D.font.s
[GEN]	Fonts/build/GlyphItem/FontItem_5F0A.font.s
[GEN]	Fonts/build/GlyphItem/FontItem_8F9F.font.s
[GEN]	Fonts/build/GlyphItem/FontItem_965B.font.s
[GEN]	Fonts/build/GlyphItem/FontItem_8D2C.font.s
[GEN]	Fonts/build/GlyphItem/FontItem_6241.font.s
[GEN]	Fonts/build/GlyphItem/FontItem_535E.font.s
[GEN]	Fonts/build/GlyphItem/FontItem_8FA8.font.s
[GEN]	Fonts/build/GlyphItem/FontItem_8FA9.font.s
[GEN]	Fonts/build/GlyphItem/FontItem_8FAB.font.s
[GEN]	Fonts/build/GlyphItem/FontItem_5F6A.font.s
[GEN]	Fonts/build/GlyphItem/FontItem_8198.font.s
[GEN]	Fonts/build/GlyphItem/FontItem_9CD6.font.s
[GEN]	Fonts/build/GlyphItem/FontItem_618B.font.s
[GEN]	Fonts/build/GlyphItem/FontItem_762A.font.s
[GEN]	Fonts/build/GlyphItem/FontItem_5F6C.font.s
[GEN]	Fonts/build/GlyphItem/FontItem_658C.font.s
[GEN]	Fonts/build/GlyphItem/FontItem_6FD2.font.s
[GEN]	Fonts/build/GlyphItem/FontItem_6EE8.font.s
[GEN]	Fonts/build/GlyphItem/FontItem_5BBE.font.s
[GEN]	Fonts/build/GlyphItem/FontItem_6448.font.s
[GEN]	Fonts/build/GlyphItem/FontItem_4E19.font.s
[GEN]	Fonts/build/GlyphItem/FontItem_79C9.font.s
[GEN]	Fonts/build/GlyphItem/FontItem_997C.font.s
[GEN]	Fonts/build/GlyphItem/FontItem_70B3.font.s
[GEN]	Fonts/build/GlyphItem/FontItem_73BB.font.s
[GEN]	Fonts/build/GlyphItem/FontItem_83E0.font.s
[GEN]	Fonts/build/GlyphItem/FontItem_62E8.font.s
[GEN]	Fonts/build/GlyphItem/FontItem_94B5.font.s
[GEN]	Fonts/build/GlyphItem/FontItem_640F.font.s
[GEN]	Fonts/build/GlyphItem/FontItem_94C2.font.s
[GEN]	Fonts/build/GlyphItem/FontItem_7B94.font.s
[GEN]	Fonts/build/GlyphItem/FontItem_5E1B.font.s
[GEN]	Fonts/build/GlyphItem/FontItem_8236.font.s
[GEN]	Fonts/build/GlyphItem/FontItem_8116.font.s
[GEN]	Fonts/build/GlyphItem/FontItem_818A.font.s
[GEN]	Fonts/build/GlyphItem/FontItem_6E24.font.s
[GEN]	Fonts/build/GlyphItem/FontItem_6CCA.font.s
[GEN]	Fonts/build/GlyphItem/FontItem_9A73.font.s
[GEN]	Fonts/build/GlyphItem/FontItem_57E0.font.s
[GEN]	Fonts/build/GlyphItem/FontItem_7C3F.font.s
[GEN]	Fonts/build/GlyphItem/FontItem_6016.font.s
[GEN]	Fonts/build/GlyphItem/FontItem_731C.font.s
[GEN]	Fonts/build/GlyphItem/FontItem_88C1.font.s
[GEN]	Fonts/build/GlyphItem/FontItem_6750.font.s
[GEN]	Fonts/build/GlyphItem/FontItem_776C.font.s
[GEN]	Fonts/build/GlyphItem/FontItem_8E29.font.s
[GEN]	Fonts/build/GlyphItem/FontItem_91C7.font.s
[GEN]	Fonts/build/GlyphItem/FontItem_8521.font.s
[GEN]	Fonts/build/GlyphItem/FontItem_9910.font.s
[GEN]	Fonts/build/GlyphItem/FontItem_8695.font.s
[GEN]	Fonts/build/GlyphItem/FontItem_60ED.font.s
[GEN]	Fonts/build/GlyphItem/FontItem_60E8.font.s
[GEN]	Fonts/build/GlyphItem/FontItem_8231.font.s
[GEN]	Fonts/build/GlyphItem/FontItem_4ED3.font.s
[GEN]	Fonts/build/GlyphItem/FontItem_6CA7.font.s
[GEN]	Fonts/build/GlyphItem/FontItem_7CD9.font.s
[GEN]	Fonts/build/GlyphItem/FontItem_69FD.font.s
[GEN]	Fonts/build/GlyphItem/FontItem_66F9.font.s
[GEN]	Fonts/build/GlyphItem/FontItem_5395.font.s
[GEN]	Fonts/build/GlyphItem/FontItem_8E6D.font.s
[GEN]	Fonts/build/GlyphItem/FontItem_53C9.font.s
[GEN]	Fonts/build/GlyphItem/FontItem_832C.font.s
[GEN]	Fonts/build/GlyphItem/FontItem_8336.font.s
[GEN]	Fonts/build/GlyphItem/FontItem_78B4.font.s
[GEN]	Fonts/build/GlyphItem/FontItem_643D.font.s
[GEN]	Fonts/build/GlyphItem/FontItem_5C94.font.s
[GEN]	Fonts/build/GlyphItem/FontItem_8BE7.font.s
[GEN]	Fonts/build/GlyphItem/FontItem_62C6.font.s
[GEN]	Fonts/build/GlyphItem/FontItem_67F4.font.s
[GEN]	Fonts/build/GlyphItem/FontItem_8C7A.font.s
[GEN]	Fonts/build/GlyphItem/FontItem_6400.font.s
[GEN]	Fonts/build/GlyphItem/FontItem_63BA.font.s
[GEN]	Fonts/build/GlyphItem/FontItem_8749.font.s
[GEN]	Fonts/build/GlyphItem/FontItem_998B.font.s
[GEN]	Fonts/build/GlyphItem/FontItem_8C17.font.s
[GEN]	Fonts/build/GlyphItem/FontItem_9610.font.s
[GEN]	Fonts/build/GlyphItem/FontItem_98A4.font.s
[GEN]	Fonts/build/GlyphItem/FontItem_660C.font.s
[GEN]	Fonts/build/GlyphItem/FontItem_7316.font.s
[GEN]	Fonts/build/GlyphItem/FontItem_5C1D.font.s
[GEN]	Fonts/build/GlyphItem/FontItem_80A0.font.s
[GEN]	Fonts/build/GlyphItem/FontItem_5382.font.s
[GEN]	Fonts/build/GlyphItem/FontItem_655E.font.s
[GEN]	Fonts/build/GlyphItem/FontItem_7545.font.s
[GEN]	Fonts/build/GlyphItem/FontItem_5531.font.s
[GEN]	Fonts/build/GlyphItem/FontItem_5021.font.s
[GEN]	Fonts/build/GlyphItem/FontItem_6284.font.s
[GEN]	Fonts/build/GlyphItem/FontItem_949E.font.s
[GEN]	Fonts/build/GlyphItem/FontItem_5632.font.s
[GEN]	Fonts/build/GlyphItem/FontItem_6F6E.font.s
[GEN]	Fonts/build/GlyphItem/FontItem_5DE2.font.s
[GEN]	Fonts/build/GlyphItem/FontItem_7092.font.s
[GEN]	Fonts/build/GlyphItem/FontItem_8F66.font.s
[GEN]	Fonts/build/GlyphItem/FontItem_626F.font.s
[GEN]	Fonts/build/GlyphItem/FontItem_63A3.font.s
[GEN]	Fonts/build/GlyphItem/FontItem_5F7B.font.s
[GEN]	Fonts/build/GlyphItem/FontItem_6F88.font.s
[GEN]	Fonts/build/GlyphItem/FontItem_90F4.font.s
[GEN]	Fonts/build/GlyphItem/FontItem_8FB0.font.s
[GEN]	Fonts/build/GlyphItem/FontItem_6668.font.s
[GEN]	Fonts/build/GlyphItem/FontItem_5FF1.font.s
[GEN]	Fonts/build/GlyphItem/FontItem_9648.font.s
[GEN]	Fonts/build/GlyphItem/FontItem_8D81.font.s
[GEN]	Fonts/build/GlyphItem/FontItem_886C.font.s
[GEN]	Fonts/build/GlyphItem/FontItem_6491.font.s
[GEN]	Fonts/build/GlyphItem/FontItem_6A59.font.s
[GEN]	Fonts/build/GlyphItem/FontItem_5448.font.s
[GEN]	Fonts/build/GlyphItem/FontItem_60E9.font.s
[GEN]	Fonts/build/GlyphItem/FontItem_6F84.font.s
[GEN]	Fonts/build/GlyphItem/FontItem_901E.font.s
[GEN]	Fonts/build/GlyphItem/FontItem_9A8B.font.s
[GEN]	Fonts/build/GlyphItem/FontItem_79E4.font.s
[GEN]	Fonts/build/GlyphItem/FontItem_6C60.font.s
[GEN]	Fonts/build/GlyphItem/FontItem_803B.font.s
[GEN]	Fonts/build/GlyphItem/FontItem_4F88.font.s
[GEN]	Fonts/build/GlyphItem/FontItem_5C3A.font.s
[GEN]	Fonts/build/GlyphItem/FontItem_7FC5.font.s
[GEN]	Fonts/build/GlyphItem/FontItem_65A5.font.s
[GEN]	Fonts/build/GlyphItem/FontItem_70BD.font.s
[GEN]	Fonts/build/GlyphItem/FontItem_866B.font.s
[GEN]	Fonts/build/GlyphItem/FontItem_5BA0.font.s
[GEN]	Fonts/build/GlyphItem/FontItem_62BD.font.s
[GEN]	Fonts/build/GlyphItem/FontItem_7574.font.s
[GEN]	Fonts/build/GlyphItem/FontItem_8E0C.font.s
[GEN]	Fonts/build/GlyphItem/FontItem_7A20.font.s
[GEN]	Fonts/build/GlyphItem/FontItem_6101.font.s
[GEN]	Fonts/build/GlyphItem/FontItem_7B79.font.s
[GEN]	Fonts/build/GlyphItem/FontItem_7EF8.font.s
[GEN]	Fonts/build/GlyphItem/FontItem_7785.font.s
[GEN]	Fonts/build/GlyphItem/FontItem_4E11.font.s
[GEN]	Fonts/build/GlyphItem/FontItem_81ED.font.s
[GEN]	Fonts/build/GlyphItem/FontItem_6A71.font.s
[GEN]	Fonts/build/GlyphItem/FontItem_8E87.font.s
[GEN]	Fonts/build/GlyphItem/FontItem_9504.font.s
[GEN]	Fonts/build/GlyphItem/FontItem_96CF.font.s
[GEN]	Fonts/build/GlyphItem/FontItem_6EC1.font.s
[GEN]	Fonts/build/GlyphItem/FontItem_50A8.font.s
[GEN]	Fonts/build/GlyphItem/FontItem_77D7.font.s
[GEN]	Fonts/build/GlyphItem/FontItem_6410.font.s
[GEN]	Fonts/build/GlyphItem/FontItem_693D.font.s
[GEN]	Fonts/build/GlyphItem/FontItem_5598.font.s
[GEN]	Fonts/build/GlyphItem/FontItem_4E32.font.s
[GEN]	Fonts/build/GlyphItem/FontItem_75AE.font.s
[GEN]	Fonts/build/GlyphItem/FontItem_5E62.font.s
[GEN]	Fonts/build/GlyphItem/FontItem_95EF.font.s
[GEN]	Fonts/build/GlyphItem/FontItem_5439.font.s
[GEN]	Fonts/build/GlyphItem/FontItem_708A.font.s
[GEN]	Fonts/build/GlyphItem/FontItem_6376.font.s
[GEN]	Fonts/build/GlyphItem/FontItem_6625.font.s
[GEN]	Fonts/build/GlyphItem/FontItem_693F.font.s
[GEN]	Fonts/build/GlyphItem/FontItem_9187.font.s
[GEN]	Fonts/build/GlyphItem/FontItem_5507.font.s
[GEN]	Fonts/build/GlyphItem/FontItem_6DF3.font.s
[GEN]	Fonts/build/GlyphItem/FontItem_6233.font.s
[GEN]	Fonts/build/GlyphItem/FontItem_7EF0.font.s
[GEN]	Fonts/build/GlyphItem/FontItem_75B5.font.s
[GEN]	Fonts/build/GlyphItem/FontItem_78C1.font.s
[GEN]	Fonts/build/GlyphItem/FontItem_74F7.font.s
[GEN]	Fonts/build/GlyphItem/FontItem_8BCD.font.s
[GEN]	Fonts/build/GlyphItem/FontItem_806A.font.s
[GEN]	Fonts/build/GlyphItem/FontItem_8471.font.s
[GEN]	Fonts/build/GlyphItem/FontItem_56F1.font.s
[GEN]	Fonts/build/GlyphItem/FontItem_5306.font.s
[GEN]	Fonts/build/GlyphItem/FontItem_51D1.font.s
[GEN]	Fonts/build/GlyphItem/FontItem_7C97.font.s
[GEN]	Fonts/build/GlyphItem/FontItem_918B.font.s
[GEN]	Fonts/build/GlyphItem/FontItem_8E7F.font.s
[GEN]	Fonts/build/GlyphItem/FontItem_7BE1.font.s
[GEN]	Fonts/build/GlyphItem/FontItem_7A9C.font.s
[GEN]	Fonts/build/GlyphItem/FontItem_6467.font.s
[GEN]	Fonts/build/GlyphItem/FontItem_50AC.font.s
[GEN]	Fonts/build/GlyphItem/FontItem_8106.font.s
[GEN]	Fonts/build/GlyphItem/FontItem_7601.font.s
[GEN]	Fonts/build/GlyphItem/FontItem_7CB9.font.s
[GEN]	Fonts/build/GlyphItem/FontItem_6DEC.font.s
[GEN]	Fonts/build/GlyphItem/FontItem_7FE0.font.s
[GEN]	Fonts/build/GlyphItem/FontItem_5BF8.font.s
[GEN]	Fonts/build/GlyphItem/FontItem_78CB.font.s
[GEN]	Fonts/build/GlyphItem/FontItem_64AE.font.s
[GEN]	Fonts/build/GlyphItem/FontItem_6413.font.s
[GEN]	Fonts/build/GlyphItem/FontItem_63AA.font.s
[GEN]	Fonts/build/GlyphItem/FontItem_632B.font.s
[GEN]	Fonts/build/GlyphItem/FontItem_7629.font.s
[GEN]	Fonts/build/GlyphItem/FontItem_6B79.font.s
[GEN]	Fonts/build/GlyphItem/FontItem_50A3.font.s
[GEN]	Fonts/build/GlyphItem/FontItem_6B86.font.s
[GEN]	Fonts/build/GlyphItem/FontItem_888B.font.s
[GEN]	Fonts/build/GlyphItem/FontItem_8D37.font.s
[GEN]	Fonts/build/GlyphItem/FontItem_902E.font.s
[GEN]	Fonts/build/GlyphItem/FontItem_6020.font.s
[GEN]	Fonts/build/GlyphItem/FontItem_803D.font.s
[GEN]	Fonts/build/GlyphItem/FontItem_63B8.font.s
[GEN]	Fonts/build/GlyphItem/FontItem_90F8.font.s
[GEN]	Fonts/build/GlyphItem/FontItem_6C2E.font.s
[GEN]	Fonts/build/GlyphItem/FontItem_60EE.font.s
[GEN]	Fonts/build/GlyphItem/FontItem_8361.font.s
[GEN]	Fonts/build/GlyphItem/FontItem_6363.font.s
[GEN]	Fonts/build/GlyphItem/FontItem_7A3B.font.s
[GEN]	Fonts/build/GlyphItem/FontItem_60BC.font.s
[GEN]	Fonts/build/GlyphItem/FontItem_8E6C.font.s
[GEN]	Fonts/build/GlyphItem/FontItem_706F.font.s
[GEN]	Fonts/build/GlyphItem/FontItem_77AA.font.s
[GEN]	Fonts/build/GlyphItem/FontItem_51F3.font.s
[GEN]	Fonts/build/GlyphItem/FontItem_9093.font.s
[GEN]	Fonts/build/GlyphItem/FontItem_5824.font.s
[GEN]	Fonts/build/GlyphItem/FontItem_4F4E.font.s
[GEN]	Fonts/build/GlyphItem/FontItem_72C4.font.s
[GEN]	Fonts/build/GlyphItem/FontItem_6DA4.font.s
[GEN]	Fonts/build/GlyphItem/FontItem_7FDF.font.s
[GEN]	Fonts/build/GlyphItem/FontItem_5AE1.font.s
[GEN]	Fonts/build/GlyphItem/FontItem_9012.font.s
[GEN]	Fonts/build/GlyphItem/FontItem_7F14.font.s
[GEN]	Fonts/build/GlyphItem/FontItem_98A0.font.s
[GEN]	Fonts/build/GlyphItem/FontItem_6382.font.s
[GEN]	Fonts/build/GlyphItem/FontItem_6EC7.font.s
[GEN]	Fonts/build/GlyphItem/FontItem_7898.font.s
[GEN]	Fonts/build/GlyphItem/FontItem_975B.font.s
[GEN]	Fonts/build/GlyphItem/FontItem_57AB.font.s
[GEN]	Fonts/build/GlyphItem/FontItem_4F43.font.s
[GEN]	Fonts/build/GlyphItem/FontItem_7538.font.s
[GEN]	Fonts/build/GlyphItem/FontItem_60E6.font.s
[GEN]	Fonts/build/GlyphItem/FontItem_6DC0.font.s
[GEN]	Fonts/build/GlyphItem/FontItem_7889.font.s
[GEN]	Fonts/build/GlyphItem/FontItem_53FC.font.s
[GEN]	Fonts/build/GlyphItem/FontItem_96D5.font.s
[GEN]	Fonts/build/GlyphItem/FontItem_51CB.font.s
[GEN]	Fonts/build/GlyphItem/FontItem_5201.font.s
[GEN]	Fonts/build/GlyphItem/FontItem_9493.font.s
[GEN]	Fonts/build/GlyphItem/FontItem_7239.font.s
[GEN]	Fonts/build/GlyphItem/FontItem_8DCC.font.s
[GEN]	Fonts/build/GlyphItem/FontItem_789F.font.s
[GEN]	Fonts/build/GlyphItem/FontItem_8776.font.s
[GEN]	Fonts/build/GlyphItem/FontItem_8C0D.font.s
[GEN]	Fonts/build/GlyphItem/FontItem_8FED.font.s
[GEN]	Fonts/build/GlyphItem/FontItem_53E0.font.s
[GEN]	Fonts/build/GlyphItem/FontItem_4E01.font.s
[GEN]	Fonts/build/GlyphItem/FontItem_76EF.font.s
[GEN]	Fonts/build/GlyphItem/FontItem_53EE.font.s
[GEN]	Fonts/build/GlyphItem/FontItem_9489.font.s
[GEN]	Fonts/build/GlyphItem/FontItem_9F0E.font.s
[GEN]	Fonts/build/GlyphItem/FontItem_952D.font.s
[GEN]	Fonts/build/GlyphItem/FontItem_8BA2.font.s
[GEN]	Fonts/build/GlyphItem/FontItem_8463.font.s
[GEN]	Fonts/build/GlyphItem/FontItem_680B.font.s
[GEN]	Fonts/build/GlyphItem/FontItem_4F97.font.s
[GEN]	Fonts/build/GlyphItem/FontItem_606B.font.s
[GEN]	Fonts/build/GlyphItem/FontItem_515C.font.s
[GEN]	Fonts/build/GlyphItem/FontItem_6296.font.s
[GEN]	Fonts/build/GlyphItem/FontItem_9661.font.s
[GEN]	Fonts/build/GlyphItem/FontItem_8C46.font.s
[GEN]	Fonts/build/GlyphItem/FontItem_9017.font.s
[GEN]	Fonts/build/GlyphItem/FontItem_75D8.font.s
[GEN]	Fonts/build/GlyphItem/FontItem_728A.font.s
[GEN]	Fonts/build/GlyphItem/FontItem_9540.font.s
[GEN]	Fonts/build/GlyphItem/FontItem_809A.font.s
[GEN]	Fonts/build/GlyphItem/FontItem_5992.font.s
[GEN]	Fonts/build/GlyphItem/FontItem_7F0E.font.s
[GEN]	Fonts/build/GlyphItem/FontItem_5806.font.s
[GEN]	Fonts/build/GlyphItem/FontItem_5151.font.s
[GEN]	Fonts/build/GlyphItem/FontItem_58A9.font.s
[GEN]	Fonts/build/GlyphItem/FontItem_5428.font.s
[GEN]	Fonts/build/GlyphItem/FontItem_8E72.font.s
[GEN]	Fonts/build/GlyphItem/FontItem_6566.font.s
[GEN]	Fonts/build/GlyphItem/FontItem_56E4.font.s
[GEN]	Fonts/build/GlyphItem/FontItem_949D.font.s
[GEN]	Fonts/build/GlyphItem/FontItem_9041.font.s
[GEN]	Fonts/build/GlyphItem/FontItem_6387.font.s
[GEN]	Fonts/build/GlyphItem/FontItem_54C6.font.s
[GEN]	Fonts/build/GlyphItem/FontItem_579B.font.s
[GEN]	Fonts/build/GlyphItem/FontItem_6735.font.s
[GEN]	Fonts/build/GlyphItem/FontItem_8DFA.font.s
[GEN]	Fonts/build/GlyphItem/FontItem_8235.font.s
[GEN]	Fonts/build/GlyphItem/FontItem_5241.font.s
[GEN]	Fonts/build/GlyphItem/FontItem_60F0.font.s
[GEN]	Fonts/build/GlyphItem/FontItem_5815.font.s
[GEN]	Fonts/build/GlyphItem/FontItem_86FE.font.s
[GEN]	Fonts/build/GlyphItem/FontItem_5CE8.font.s
[GEN]	Fonts/build/GlyphItem/FontItem_9E45.font.s
[GEN]	Fonts/build/GlyphItem/FontItem_4FC4.font.s
[GEN]	Fonts/build/GlyphItem/FontItem_8BB9.font.s
[GEN]	Fonts/build/GlyphItem/FontItem_5A25.font.s
[GEN]	Fonts/build/GlyphItem/FontItem_5384.font.s
[GEN]	Fonts/build/GlyphItem/FontItem_627C.font.s
[GEN]	Fonts/build/GlyphItem/FontItem_904F.font.s
[GEN]	Fonts/build/GlyphItem/FontItem_9102.font.s
[GEN]	Fonts/build/GlyphItem/FontItem_997F.font.s
[GEN]	Fonts/build/GlyphItem/FontItem_9975.font.s
[GEN]	Fonts/build/GlyphItem/FontItem_6D31.font.s
[GEN]	Fonts/build/GlyphItem/FontItem_8D30.font.s
[GEN]	Fonts/build/GlyphItem/FontItem_7F5A.font.s
[GEN]	Fonts/build/GlyphItem/FontItem_7B4F.font.s
[GEN]	Fonts/build/GlyphItem/FontItem_4F10.font.s
[GEN]	Fonts/build/GlyphItem/FontItem_4E4F.font.s
[GEN]	Fonts/build/GlyphItem/FontItem_9600.font.s
[GEN]	Fonts/build/GlyphItem/FontItem_85E9.font.s
[GEN]	Fonts/build/GlyphItem/FontItem_5E06.font.s
[GEN]	Fonts/build/GlyphItem/FontItem_7FFB.font.s
[GEN]	Fonts/build/GlyphItem/FontItem_6A0A.font.s
[GEN]	Fonts/build/GlyphItem/FontItem_77FE.font.s
[GEN]	Fonts/build/GlyphItem/FontItem_9492.font.s
[GEN]	Fonts/build/GlyphItem/FontItem_8D29.font.s
[GEN]	Fonts/build/GlyphItem/FontItem_996D.font.s
[GEN]	Fonts/build/GlyphItem/FontItem_6CDB.font.s
[GEN]	Fonts/build/GlyphItem/FontItem_574A.font.s
[GEN]	Fonts/build/GlyphItem/FontItem_82B3.font.s
[GEN]	Fonts/build/GlyphItem/FontItem_80AA.font.s
[GEN]	Fonts/build/GlyphItem/FontItem_59A8.font.s
[GEN]	Fonts/build/GlyphItem/FontItem_7EBA.font.s
[GEN]	Fonts/build/GlyphItem/FontItem_5561.font.s
[GEN]	Fonts/build/GlyphItem/FontItem_80A5.font.s
[GEN]	Fonts/build/GlyphItem/FontItem_532A.font.s
[GEN]	Fonts/build/GlyphItem/FontItem_8BFD.font.s
[GEN]	Fonts/build/GlyphItem/FontItem_5420.font.s
[GEN]	Fonts/build/GlyphItem/FontItem_80BA.font.s
[GEN]	Fonts/build/GlyphItem/FontItem_6CB8.font.s
[GEN]	Fonts/build/GlyphItem/FontItem_915A.font.s
[GEN]	Fonts/build/GlyphItem/FontItem_5429.font.s
[GEN]	Fonts/build/GlyphItem/FontItem_6C1B.font.s
[GEN]	Fonts/build/GlyphItem/FontItem_7EB7.font.s
[GEN]	Fonts/build/GlyphItem/FontItem_575F.font.s
[GEN]	Fonts/build/GlyphItem/FontItem_711A.font.s
[GEN]	Fonts/build/GlyphItem/FontItem_6C7E.font.s
[GEN]	Fonts/build/GlyphItem/FontItem_7C89.font.s
[GEN]	Fonts/build/GlyphItem/FontItem_5FFF.font.s
[GEN]	Fonts/build/GlyphItem/FontItem_7CAA.font.s
[GEN]	Fonts/build/GlyphItem/FontItem_67AB.font.s
[GEN]	Fonts/build/GlyphItem/FontItem_8702.font.s
[GEN]	Fonts/build/GlyphItem/FontItem_70FD.font.s
[GEN]	Fonts/build/GlyphItem/FontItem_51AF.font.s
[GEN]	Fonts/build/GlyphItem/FontItem_8BBD.font.s
[GEN]	Fonts/build/GlyphItem/FontItem_51E4.font.s
[GEN]	Fonts/build/GlyphItem/FontItem_6577.font.s
[GEN]	Fonts/build/GlyphItem/FontItem_80A4.font.s
[GEN]	Fonts/build/GlyphItem/FontItem_5B75.font.s
[GEN]	Fonts/build/GlyphItem/FontItem_6276.font.s
[GEN]	Fonts/build/GlyphItem/FontItem_62C2.font.s
[GEN]	Fonts/build/GlyphItem/FontItem_8F90.font.s
[GEN]	Fonts/build/GlyphItem/FontItem_6C1F.font.s
[GEN]	Fonts/build/GlyphItem/FontItem_4F0F.font.s
[GEN]	Fonts/build/GlyphItem/FontItem_4FD8.font.s
[GEN]	Fonts/build/GlyphItem/FontItem_6DAA.font.s
[GEN]	Fonts/build/GlyphItem/FontItem_88B1.font.s
[GEN]	Fonts/build/GlyphItem/FontItem_752B.font.s
[GEN]	Fonts/build/GlyphItem/FontItem_4FEF.font.s
[GEN]	Fonts/build/GlyphItem/FontItem_91DC.font.s
[GEN]	Fonts/build/GlyphItem/FontItem_812F.font.s
[GEN]	Fonts/build/GlyphItem/FontItem_8151.font.s
[GEN]	Fonts/build/GlyphItem/FontItem_5E9C.font.s
[GEN]	Fonts/build/GlyphItem/FontItem_961C.font.s
[GEN]	Fonts/build/GlyphItem/FontItem_8179.font.s
[GEN]	Fonts/build/GlyphItem/FontItem_8BA3.font.s
[GEN]	Fonts/build/GlyphItem/FontItem_5490.font.s
[GEN]	Fonts/build/GlyphItem/FontItem_5676.font.s
[GEN]	Fonts/build/GlyphItem/FontItem_560E.font.s
[GEN]	Fonts/build/GlyphItem/FontItem_9499.font.s
[GEN]	Fonts/build/GlyphItem/FontItem_6E89.font.s
[GEN]	Fonts/build/GlyphItem/FontItem_5E72.font.s
[GEN]	Fonts/build/GlyphItem/FontItem_67D1.font.s
[GEN]	Fonts/build/GlyphItem/FontItem_7AFF.font.s
[GEN]	Fonts/build/GlyphItem/FontItem_809D.font.s
[GEN]	Fonts/build/GlyphItem/FontItem_79C6.font.s
[GEN]	Fonts/build/GlyphItem/FontItem_6562.font.s
[GEN]	Fonts/build/GlyphItem/FontItem_8D63.font.s
[GEN]	Fonts/build/GlyphItem/FontItem_5188.font.s
[GEN]	Fonts/build/GlyphItem/FontItem_7F38.font.s
[GEN]	Fonts/build/GlyphItem/FontItem_809B.font.s
[GEN]	Fonts/build/GlyphItem/FontItem_7EB2.font.s
[GEN]	Fonts/build/GlyphItem/FontItem_5C97.font.s
[GEN]	Fonts/build/GlyphItem/FontItem_6760.font.s
[GEN]	Fonts/build/GlyphItem/FontItem_7BD9.font.s
[GEN]	Fonts/build/GlyphItem/FontItem_768B.font.s
[GEN]	Fonts/build/GlyphItem/FontItem_818F.font.s
[GEN]	Fonts/build/GlyphItem/FontItem_7F94.font.s
[GEN]	Fonts/build/GlyphItem/FontItem_641E.font.s
[GEN]	Fonts/build/GlyphItem/FontItem_9550.font.s
[GEN]	Fonts/build/GlyphItem/FontItem_7A3F.font.s
[GEN]	Fonts/build/GlyphItem/FontItem_6401.font.s
[GEN]	Fonts/build/GlyphItem/FontItem_6208.font.s
[GEN]	Fonts/build/GlyphItem/FontItem_9E3D.font.s
[GEN]	Fonts/build/GlyphItem/FontItem_80F3.font.s
[GEN]	Fonts/build/GlyphItem/FontItem_7599.font.s
[GEN]	Fonts/build/GlyphItem/FontItem_5272.font.s
[GEN]	Fonts/build/GlyphItem/FontItem_9769.font.s
[GEN]	Fonts/build/GlyphItem/FontItem_845B.font.s
[GEN]	Fonts/build/GlyphItem/FontItem_86E4.font.s
[GEN]	Fonts/build/GlyphItem/FontItem_9601.font.s
[GEN]	Fonts/build/GlyphItem/FontItem_94EC.font.s
[GEN]	Fonts/build/GlyphItem/FontItem_5E9A.font.s
[GEN]	Fonts/build/GlyphItem/FontItem_7FB9.font.s
[GEN]	Fonts/build/GlyphItem/FontItem_57C2.font.s
[GEN]	Fonts/build/GlyphItem/FontItem_6897.font.s
[GEN]	Fonts/build/GlyphItem/FontItem_606D.font.s
[GEN]	Fonts/build/GlyphItem/FontItem_9F9A.font.s
[GEN]	Fonts/build/GlyphItem/FontItem_8EAC.font.s
[GEN]	Fonts/build/GlyphItem/FontItem_5DE9.font.s
[GEN]	Fonts/build/GlyphItem/FontItem_6C5E.font.s
[GEN]	Fonts/build/GlyphItem/FontItem_62F1.font.s
[GEN]	Fonts/build/GlyphItem/FontItem_52FE.font.s
[GEN]	Fonts/build/GlyphItem/FontItem_6C9F.font.s
[GEN]	Fonts/build/GlyphItem/FontItem_82DF.font.s
[GEN]	Fonts/build/GlyphItem/FontItem_72D7.font.s
[GEN]	Fonts/build/GlyphItem/FontItem_57A2.font.s
[GEN]	Fonts/build/GlyphItem/FontItem_8F9C.font.s
[GEN]	Fonts/build/GlyphItem/FontItem_83C7.font.s
[GEN]	Fonts/build/GlyphItem/FontItem_5495.font.s
[GEN]	Fonts/build/GlyphItem/FontItem_7B8D.font.s
[GEN]	Fonts/build/GlyphItem/FontItem_4F30.font.s
[GEN]	Fonts/build/GlyphItem/FontItem_6CBD.font.s
[GEN]	Fonts/build/GlyphItem/FontItem_86CA.font.s
[GEN]	Fonts/build/GlyphItem/FontItem_80A1.font.s
[GEN]	Fonts/build/GlyphItem/FontItem_522E.font.s
[GEN]	Fonts/build/GlyphItem/FontItem_74DC.font.s
[GEN]	Fonts/build/GlyphItem/FontItem_5250.font.s
[GEN]	Fonts/build/GlyphItem/FontItem_6302.font.s
[GEN]	Fonts/build/GlyphItem/FontItem_8902.font.s
[GEN]	Fonts/build/GlyphItem/FontItem_4E56.font.s
[GEN]	Fonts/build/GlyphItem/FontItem_62D0.font.s
[GEN]	Fonts/build/GlyphItem/FontItem_68FA.font.s
[GEN]	Fonts/build/GlyphItem/FontItem_51A0.font.s
[GEN]	Fonts/build/GlyphItem/FontItem_7F50.font.s
[GEN]	Fonts/build/GlyphItem/FontItem_704C.font.s
[GEN]	Fonts/build/GlyphItem/FontItem_7470.font.s
[GEN]	Fonts/build/GlyphItem/FontItem_572D.font.s
[GEN]	Fonts/build/GlyphItem/FontItem_7845.font.s
[GEN]	Fonts/build/GlyphItem/FontItem_9F9F.font.s
[GEN]	Fonts/build/GlyphItem/FontItem_8BE1.font.s
[GEN]	Fonts/build/GlyphItem/FontItem_7678.font.s
[GEN]	Fonts/build/GlyphItem/FontItem_6842.font.s
[GEN]	Fonts/build/GlyphItem/FontItem_67DC.font.s
[GEN]	Fonts/build/GlyphItem/FontItem_8DEA.font.s
[GEN]	Fonts/build/GlyphItem/FontItem_523D.font.s
[GEN]	Fonts/build/GlyphItem/FontItem_8F8A.font.s
[GEN]	Fonts/build/GlyphItem/FontItem_68CD.font.s
[GEN]	Fonts/build/GlyphItem/FontItem_9505.font.s
[GEN]	Fonts/build/GlyphItem/FontItem_90ED.font.s
[GEN]	Fonts/build/GlyphItem/FontItem_88F9.font.s
[GEN]	Fonts/build/GlyphItem/FontItem_9AB8.font.s
[GEN]	Fonts/build/GlyphItem/FontItem_6C26.font.s
[GEN]	Fonts/build/GlyphItem/FontItem_4EA5.font.s
[GEN]	Fonts/build/GlyphItem/FontItem_9A87.font.s
[GEN]	Fonts/build/GlyphItem/FontItem_9163.font.s
[GEN]	Fonts/build/GlyphItem/FontItem_61A8.font.s
[GEN]	Fonts/build/GlyphItem/FontItem_90AF.font.s
[GEN]	Fonts/build/GlyphItem/FontItem_97E9.font.s
[GEN]	Fonts/build/GlyphItem/FontItem_542B.font.s
[GEN]	Fonts/build/GlyphItem/FontItem_6DB5.font.s
[GEN]	Fonts/build/GlyphItem/FontItem_51FD.font.s
[GEN]	Fonts/build/GlyphItem/FontItem_558A.font.s
[GEN]	Fonts/build/GlyphItem/FontItem_7F55.font.s
[GEN]	Fonts/build/GlyphItem/FontItem_634D.font.s
[GEN]	Fonts/build/GlyphItem/FontItem_65F1.font.s
[GEN]	Fonts/build/GlyphItem/FontItem_61BE.font.s
[GEN]	Fonts/build/GlyphItem/FontItem_608D.font.s
[GEN]	Fonts/build/GlyphItem/FontItem_710A.font.s
[GEN]	Fonts/build/GlyphItem/FontItem_6C57.font.s
[GEN]	Fonts/build/GlyphItem/FontItem_592F.font.s
[GEN]	Fonts/build/GlyphItem/FontItem_676D.font.s
[GEN]	Fonts/build/GlyphItem/FontItem_58D5.font.s
[GEN]	Fonts/build/GlyphItem/FontItem_90DD.font.s
[GEN]	Fonts/build/GlyphItem/FontItem_6D69.font.s
[GEN]	Fonts/build/GlyphItem/FontItem_5475.font.s
[GEN]	Fonts/build/GlyphItem/FontItem_559D.font.s
[GEN]	Fonts/build/GlyphItem/FontItem_8377.font.s
[GEN]	Fonts/build/GlyphItem/FontItem_83CF.font.s
[GEN]	Fonts/build/GlyphItem/FontItem_6838.font.s
[GEN]	Fonts/build/GlyphItem/FontItem_79BE.font.s
[GEN]	Fonts/build/GlyphItem/FontItem_76D2.font.s
[GEN]	Fonts/build/GlyphItem/FontItem_8C89.font.s
[GEN]	Fonts/build/GlyphItem/FontItem_9602.font.s
[GEN]	Fonts/build/GlyphItem/FontItem_6DB8.font.s
[GEN]	Fonts/build/GlyphItem/FontItem_8910.font.s
[GEN]	Fonts/build/GlyphItem/FontItem_9E64.font.s
[GEN]	Fonts/build/GlyphItem/FontItem_8D3A.font.s
[GEN]	Fonts/build/GlyphItem/FontItem_563F.font.s
[GEN]	Fonts/build/GlyphItem/FontItem_72E0.font.s
[GEN]	Fonts/build/GlyphItem/FontItem_54FC.font.s
[GEN]	Fonts/build/GlyphItem/FontItem_4EA8.font.s
[GEN]	Fonts/build/GlyphItem/FontItem_6A2A.font.s
[GEN]	Fonts/build/GlyphItem/FontItem_6052.font.s
[GEN]	Fonts/build/GlyphItem/FontItem_70D8.font.s
[GEN]	Fonts/build/GlyphItem/FontItem_8679.font.s
[GEN]	Fonts/build/GlyphItem/FontItem_9E3F.font.s
[GEN]	Fonts/build/GlyphItem/FontItem_6D2A.font.s
[GEN]	Fonts/build/GlyphItem/FontItem_5B8F.font.s
[GEN]	Fonts/build/GlyphItem/FontItem_5F18.font.s
[GEN]	Fonts/build/GlyphItem/FontItem_5589.font.s
[GEN]	Fonts/build/GlyphItem/FontItem_7334.font.s
[GEN]	Fonts/build/GlyphItem/FontItem_543C.font.s
[GEN]	Fonts/build/GlyphItem/FontItem_5FFD.font.s
[GEN]	Fonts/build/GlyphItem/FontItem_745A.font.s
[GEN]	Fonts/build/GlyphItem/FontItem_58F6.font.s
[GEN]	Fonts/build/GlyphItem/FontItem_846B.font.s
[GEN]	Fonts/build/GlyphItem/FontItem_80E1.font.s
[GEN]	Fonts/build/GlyphItem/FontItem_8774.font.s
[GEN]	Fonts/build/GlyphItem/FontItem_72D0.font.s
[GEN]	Fonts/build/GlyphItem/FontItem_5F27.font.s
[GEN]	Fonts/build/GlyphItem/FontItem_552C.font.s
[GEN]	Fonts/build/GlyphItem/FontItem_6CAA.font.s
[GEN]	Fonts/build/GlyphItem/FontItem_733E.font.s
[GEN]	Fonts/build/GlyphItem/FontItem_69D0.font.s
[GEN]	Fonts/build/GlyphItem/FontItem_5F8A.font.s
[GEN]	Fonts/build/GlyphItem/FontItem_6DEE.font.s
[GEN]	Fonts/build/GlyphItem/FontItem_6853.font.s
[GEN]	Fonts/build/GlyphItem/FontItem_7F13.font.s
[GEN]	Fonts/build/GlyphItem/FontItem_75EA.font.s
[GEN]	Fonts/build/GlyphItem/FontItem_8C62.font.s
[GEN]	Fonts/build/GlyphItem/FontItem_7115.font.s
[GEN]	Fonts/build/GlyphItem/FontItem_5BA6.font.s
[GEN]	Fonts/build/GlyphItem/FontItem_614C.font.s
[GEN]	Fonts/build/GlyphItem/FontItem_78FA.font.s
[GEN]	Fonts/build/GlyphItem/FontItem_8757.font.s
[GEN]	Fonts/build/GlyphItem/FontItem_7C27.font.s
[GEN]	Fonts/build/GlyphItem/FontItem_51F0.font.s
[GEN]	Fonts/build/GlyphItem/FontItem_60F6.font.s
[GEN]	Fonts/build/GlyphItem/FontItem_714C.font.s
[GEN]	Fonts/build/GlyphItem/FontItem_6643.font.s
[GEN]	Fonts/build/GlyphItem/FontItem_5E4C.font.s
[GEN]	Fonts/build/GlyphItem/FontItem_604D.font.s
[GEN]	Fonts/build/GlyphItem/FontItem_8C0E.font.s
[GEN]	Fonts/build/GlyphItem/FontItem_5FBD.font.s
[GEN]	Fonts/build/GlyphItem/FontItem_86D4.font.s
[GEN]	Fonts/build/GlyphItem/FontItem_6BC1.font.s
[GEN]	Fonts/build/GlyphItem/FontItem_6094.font.s
[GEN]	Fonts/build/GlyphItem/FontItem_5349.font.s
[GEN]	Fonts/build/GlyphItem/FontItem_6666.font.s
[GEN]	Fonts/build/GlyphItem/FontItem_8D3F.font.s
[GEN]	Fonts/build/GlyphItem/FontItem_79FD.font.s
[GEN]	Fonts/build/GlyphItem/FontItem_70E9.font.s
[GEN]	Fonts/build/GlyphItem/FontItem_6C47.font.s
[GEN]	Fonts/build/GlyphItem/FontItem_8BB3.font.s
[GEN]	Fonts/build/GlyphItem/FontItem_8BF2.font.s
[GEN]	Fonts/build/GlyphItem/FontItem_8364.font.s
[GEN]	Fonts/build/GlyphItem/FontItem_6D51.font.s
[GEN]	Fonts/build/GlyphItem/FontItem_8C41.font.s
[GEN]	Fonts/build/GlyphItem/FontItem_8D27.font.s
[GEN]	Fonts/build/GlyphItem/FontItem_573E.font.s
[GEN]	Fonts/build/GlyphItem/FontItem_7578.font.s
[GEN]	Fonts/build/GlyphItem/FontItem_79EF.font.s
[GEN]	Fonts/build/GlyphItem/FontItem_7B95.font.s
[GEN]	Fonts/build/GlyphItem/FontItem_808C.font.s
[GEN]	Fonts/build/GlyphItem/FontItem_9965.font.s
[GEN]	Fonts/build/GlyphItem/FontItem_8BA5.font.s
[GEN]	Fonts/build/GlyphItem/FontItem_9E21.font.s
[GEN]	Fonts/build/GlyphItem/FontItem_7F09.font.s
[GEN]	Fonts/build/GlyphItem/FontItem_68D8.font.s
[GEN]	Fonts/build/GlyphItem/FontItem_8F91.font.s
[GEN]	Fonts/build/GlyphItem/FontItem_7C4D.font.s
[GEN]	Fonts/build/GlyphItem/FontItem_6C72.font.s
[GEN]	Fonts/build/GlyphItem/FontItem_5AC9.font.s
[GEN]	Fonts/build/GlyphItem/FontItem_6324.font.s
[GEN]	Fonts/build/GlyphItem/FontItem_810A.font.s
[GEN]	Fonts/build/GlyphItem/FontItem_84DF.font.s
[GEN]	Fonts/build/GlyphItem/FontItem_5180.font.s
[GEN]	Fonts/build/GlyphItem/FontItem_5B63.font.s
[GEN]	Fonts/build/GlyphItem/FontItem_4F0E.font.s
[GEN]	Fonts/build/GlyphItem/FontItem_5242.font.s
[GEN]	Fonts/build/GlyphItem/FontItem_60B8.font.s
[GEN]	Fonts/build/GlyphItem/FontItem_5FCC.font.s
[GEN]	Fonts/build/GlyphItem/FontItem_9645.font.s
[GEN]	Fonts/build/GlyphItem/FontItem_5993.font.s
[GEN]	Fonts/build/GlyphItem/FontItem_67B7.font.s
[GEN]	Fonts/build/GlyphItem/FontItem_835A.font.s
[GEN]	Fonts/build/GlyphItem/FontItem_988A.font.s
[GEN]	Fonts/build/GlyphItem/FontItem_94BE.font.s
[GEN]	Fonts/build/GlyphItem/FontItem_7A3C.font.s
[GEN]	Fonts/build/GlyphItem/FontItem_6B7C.font.s
[GEN]	Fonts/build/GlyphItem/FontItem_76D1.font.s
[GEN]	Fonts/build/GlyphItem/FontItem_5C16.font.s
[GEN]	Fonts/build/GlyphItem/FontItem_7B3A.font.s
[GEN]	Fonts/build/GlyphItem/FontItem_714E.font.s
[GEN]	Fonts/build/GlyphItem/FontItem_5978.font.s
[GEN]	Fonts/build/GlyphItem/FontItem_7F04.font.s
[GEN]	Fonts/build/GlyphItem/FontItem_8327.font.s
[GEN]	Fonts/build/GlyphItem/FontItem_68C0.font.s
[GEN]	Fonts/build/GlyphItem/FontItem_67EC.font.s
[GEN]	Fonts/build/GlyphItem/FontItem_78B1.font.s
[GEN]	Fonts/build/GlyphItem/FontItem_7877.font.s
[GEN]	Fonts/build/GlyphItem/FontItem_6361.font.s
[GEN]	Fonts/build/GlyphItem/FontItem_62E3.font.s
[GEN]	Fonts/build/GlyphItem/FontItem_526A.font.s
[GEN]	Fonts/build/GlyphItem/FontItem_8350.font.s
[GEN]	Fonts/build/GlyphItem/FontItem_69DB.font.s
[GEN]	Fonts/build/GlyphItem/FontItem_9274.font.s
[GEN]	Fonts/build/GlyphItem/FontItem_8DF5.font.s
[GEN]	Fonts/build/GlyphItem/FontItem_8D31.font.s
[GEN]	Fonts/build/GlyphItem/FontItem_996F.font.s
[GEN]	Fonts/build/GlyphItem/FontItem_6DA7.font.s
[GEN]	Fonts/build/GlyphItem/FontItem_6E85.font.s
[GEN]	Fonts/build/GlyphItem/FontItem_59DC.font.s
[GEN]	Fonts/build/GlyphItem/FontItem_6D46.font.s
[GEN]	Fonts/build/GlyphItem/FontItem_6C5F.font.s
[GEN]	Fonts/build/GlyphItem/FontItem_7586.font.s
[GEN]	Fonts/build/GlyphItem/FontItem_848B.font.s
[GEN]	Fonts/build/GlyphItem/FontItem_6868.font.s
[GEN]	Fonts/build/GlyphItem/FontItem_5320.font.s
[GEN]	Fonts/build/GlyphItem/FontItem_9171.font.s
[GEN]	Fonts/build/GlyphItem/FontItem_8549.font.s
[GEN]	Fonts/build/GlyphItem/FontItem_6912.font.s
[GEN]	Fonts/build/GlyphItem/FontItem_7901.font.s
[GEN]	Fonts/build/GlyphItem/FontItem_80F6.font.s
[GEN]	Fonts/build/GlyphItem/FontItem_6D47.font.s
[GEN]	Fonts/build/GlyphItem/FontItem_5A07.font.s
[GEN]	Fonts/build/GlyphItem/FontItem_56BC.font.s
[GEN]	Fonts/build/GlyphItem/FontItem_6405.font.s
[GEN]	Fonts/build/GlyphItem/FontItem_94F0.font.s
[GEN]	Fonts/build/GlyphItem/FontItem_77EB.font.s
[GEN]	Fonts/build/GlyphItem/FontItem_4FA5.font.s
[GEN]	Fonts/build/GlyphItem/FontItem_72E1.font.s
[GEN]	Fonts/build/GlyphItem/FontItem_997A.font.s
[GEN]	Fonts/build/GlyphItem/FontItem_7F34.font.s
[GEN]	Fonts/build/GlyphItem/FontItem_7EDE.font.s
[GEN]	Fonts/build/GlyphItem/FontItem_527F.font.s
[GEN]	Fonts/build/GlyphItem/FontItem_9175.font.s
[GEN]	Fonts/build/GlyphItem/FontItem_8F7F.font.s
[GEN]	Fonts/build/GlyphItem/FontItem_7A96.font.s
[GEN]	Fonts/build/GlyphItem/FontItem_63ED.font.s
[GEN]	Fonts/build/GlyphItem/FontItem_7686.font.s
[GEN]	Fonts/build/GlyphItem/FontItem_79F8.font.s
[GEN]	Fonts/build/GlyphItem/FontItem_9636.font.s
[GEN]	Fonts/build/GlyphItem/FontItem_622A.font.s
[GEN]	Fonts/build/GlyphItem/FontItem_6854.font.s
[GEN]	Fonts/build/GlyphItem/FontItem_776B.font.s
[GEN]	Fonts/build/GlyphItem/FontItem_85C9.font.s
[GEN]	Fonts/build/GlyphItem/FontItem_82A5.font.s
[GEN]	Fonts/build/GlyphItem/FontItem_4ECB.font.s
[GEN]	Fonts/build/GlyphItem/FontItem_75A5.font.s
[GEN]	Fonts/build/GlyphItem/FontItem_8BEB.font.s
[GEN]	Fonts/build/GlyphItem/FontItem_5C4A.font.s
[GEN]	Fonts/build/GlyphItem/FontItem_5DFE.font.s
[GEN]	Fonts/build/GlyphItem/FontItem_7B4B.font.s
[GEN]	Fonts/build/GlyphItem/FontItem_65A4.font.s
[GEN]	Fonts/build/GlyphItem/FontItem_895F.font.s
[GEN]	Fonts/build/GlyphItem/FontItem_9526.font.s
[GEN]	Fonts/build/GlyphItem/FontItem_9773.font.s
[GEN]	Fonts/build/GlyphItem/FontItem_70EC.font.s
[GEN]	Fonts/build/GlyphItem/FontItem_6D78.font.s
[GEN]	Fonts/build/GlyphItem/FontItem_8346.font.s
[GEN]	Fonts/build/GlyphItem/FontItem_5162.font.s
[GEN]	Fonts/build/GlyphItem/FontItem_830E.font.s
[GEN]	Fonts/build/GlyphItem/FontItem_775B.font.s
[GEN]	Fonts/build/GlyphItem/FontItem_9CB8.font.s
[GEN]	Fonts/build/GlyphItem/FontItem_4EAC.font.s
[GEN]	Fonts/build/GlyphItem/FontItem_7CB3.font.s
[GEN]	Fonts/build/GlyphItem/FontItem_4E95.font.s
[GEN]	Fonts/build/GlyphItem/FontItem_8B66.font.s
[GEN]	Fonts/build/GlyphItem/FontItem_9888.font.s
[GEN]	Fonts/build/GlyphItem/FontItem_955C.font.s
[GEN]	Fonts/build/GlyphItem/FontItem_75C9.font.s
[GEN]	Fonts/build/GlyphItem/FontItem_9756.font.s
[GEN]	Fonts/build/GlyphItem/FontItem_70AF.font.s
[GEN]	Fonts/build/GlyphItem/FontItem_7A98.font.s
[GEN]	Fonts/build/GlyphItem/FontItem_63EA.font.s
[GEN]	Fonts/build/GlyphItem/FontItem_7EA0.font.s
[GEN]	Fonts/build/GlyphItem/FontItem_7396.font.s
[GEN]	Fonts/build/GlyphItem/FontItem_97ED.font.s
[GEN]	Fonts/build/GlyphItem/FontItem_7078.font.s
[GEN]	Fonts/build/GlyphItem/FontItem_4E5D.font.s
[GEN]	Fonts/build/GlyphItem/FontItem_53A9.font.s
[GEN]	Fonts/build/GlyphItem/FontItem_81FC.font.s
[GEN]	Fonts/build/GlyphItem/FontItem_8205.font.s
[GEN]	Fonts/build/GlyphItem/FontItem_548E.font.s
[GEN]	Fonts/build/GlyphItem/FontItem_759A.font.s
[GEN]	Fonts/build/GlyphItem/FontItem_97A0.font.s
[GEN]	Fonts/build/GlyphItem/FontItem_62D8.font.s
[GEN]	Fonts/build/GlyphItem/FontItem_75BD.font.s
[GEN]	Fonts/build/GlyphItem/FontItem_9A79.font.s
[GEN]	Fonts/build/GlyphItem/FontItem_83CA.font.s
[GEN]	Fonts/build/GlyphItem/FontItem_5480.font.s
[GEN]	Fonts/build/GlyphItem/FontItem_77E9.font.s
[GEN]	Fonts/build/GlyphItem/FontItem_6CAE.font.s
[GEN]	Fonts/build/GlyphItem/FontItem_8E1E.font.s
[GEN]	Fonts/build/GlyphItem/FontItem_952F.font.s
[GEN]	Fonts/build/GlyphItem/FontItem_4FF1.font.s
[GEN]	Fonts/build/GlyphItem/FontItem_70AC.font.s
[GEN]	Fonts/build/GlyphItem/FontItem_6350.font.s
[GEN]	Fonts/build/GlyphItem/FontItem_9E43.font.s
[GEN]	Fonts/build/GlyphItem/FontItem_5A1F.font.s
[GEN]	Fonts/build/GlyphItem/FontItem_5026.font.s
[GEN]	Fonts/build/GlyphItem/FontItem_7EE2.font.s
[GEN]	Fonts/build/GlyphItem/FontItem_6485.font.s
[GEN]	Fonts/build/GlyphItem/FontItem_652B.font.s
[GEN]	Fonts/build/GlyphItem/FontItem_6289.font.s
[GEN]	Fonts/build/GlyphItem/FontItem_6398.font.s
[GEN]	Fonts/build/GlyphItem/FontItem_5014.font.s
[GEN]	Fonts/build/GlyphItem/FontItem_8BC0.font.s
[GEN]	Fonts/build/GlyphItem/FontItem_83CC.font.s
[GEN]	Fonts/build/GlyphItem/FontItem_94A7.font.s
[GEN]	Fonts/build/GlyphItem/FontItem_5CFB.font.s
[GEN]	Fonts/build/GlyphItem/FontItem_4FCA.font.s
[GEN]	Fonts/build/GlyphItem/FontItem_7AE3.font.s
[GEN]	Fonts/build/GlyphItem/FontItem_6D5A.font.s
[GEN]	Fonts/build/GlyphItem/FontItem_90E1.font.s
[GEN]	Fonts/build/GlyphItem/FontItem_9A8F.font.s
[GEN]	Fonts/build/GlyphItem/FontItem_5580.font.s
[GEN]	Fonts/build/GlyphItem/FontItem_5496.font.s
[GEN]	Fonts/build/GlyphItem/FontItem_54AF.font.s
[GEN]	Fonts/build/GlyphItem/FontItem_63E9.font.s
[GEN]	Fonts/build/GlyphItem/FontItem_6977.font.s
[GEN]	Fonts/build/GlyphItem/FontItem_520A.font.s
[GEN]	Fonts/build/GlyphItem/FontItem_52D8.font.s
[GEN]	Fonts/build/GlyphItem/FontItem_6177.font.s
[GEN]	Fonts/build/GlyphItem/FontItem_7CE0.font.s
[GEN]	Fonts/build/GlyphItem/FontItem_625B.font.s
[GEN]	Fonts/build/GlyphItem/FontItem_4EA2.font.s
[GEN]	Fonts/build/GlyphItem/FontItem_7095.font.s
[GEN]	Fonts/build/GlyphItem/FontItem_62F7.font.s
[GEN]	Fonts/build/GlyphItem/FontItem_70E4.font.s
[GEN]	Fonts/build/GlyphItem/FontItem_5777.font.s
[GEN]	Fonts/build/GlyphItem/FontItem_82DB.font.s
[GEN]	Fonts/build/GlyphItem/FontItem_68F5.font.s
[GEN]	Fonts/build/GlyphItem/FontItem_78D5.font.s
[GEN]	Fonts/build/GlyphItem/FontItem_58F3.font.s
[GEN]	Fonts/build/GlyphItem/FontItem_54B3.font.s
[GEN]	Fonts/build/GlyphItem/FontItem_6E34.font.s
[GEN]	Fonts/build/GlyphItem/FontItem_5543.font.s
[GEN]	Fonts/build/GlyphItem/FontItem_6073.font.s
[GEN]	Fonts/build/GlyphItem/FontItem_5751.font.s
[GEN]	Fonts/build/GlyphItem/FontItem_542D.font.s
[GEN]	Fonts/build/GlyphItem/FontItem_63A7.font.s
[GEN]	Fonts/build/GlyphItem/FontItem_62A0.font.s
[GEN]	Fonts/build/GlyphItem/FontItem_6263.font.s
[GEN]	Fonts/build/GlyphItem/FontItem_5BC7.font.s
[GEN]	Fonts/build/GlyphItem/FontItem_67AF.font.s
[GEN]	Fonts/build/GlyphItem/FontItem_9177.font.s
[GEN]	Fonts/build/GlyphItem/FontItem_88E4.font.s
[GEN]	Fonts/build/GlyphItem/FontItem_5938.font.s
[GEN]	Fonts/build/GlyphItem/FontItem_57AE.font.s
[GEN]	Fonts/build/GlyphItem/FontItem_630E.font.s
[GEN]	Fonts/build/GlyphItem/FontItem_8DE8.font.s
[GEN]	Fonts/build/GlyphItem/FontItem_80EF.font.s
[GEN]	Fonts/build/GlyphItem/FontItem_5757.font.s
[GEN]	Fonts/build/GlyphItem/FontItem_7B77.font.s
[GEN]	Fonts/build/GlyphItem/FontItem_4FA9.font.s
[GEN]	Fonts/build/GlyphItem/FontItem_5BBD.font.s
[GEN]	Fonts/build/GlyphItem/FontItem_6B3E.font.s
[GEN]	Fonts/build/GlyphItem/FontItem_5321.font.s
[GEN]	Fonts/build/GlyphItem/FontItem_7B50.font.s
[GEN]	Fonts/build/GlyphItem/FontItem_6846.font.s
[GEN]	Fonts/build/GlyphItem/FontItem_7736.font.s
[GEN]	Fonts/build/GlyphItem/FontItem_4E8F.font.s
[GEN]	Fonts/build/GlyphItem/FontItem_76D4.font.s
[GEN]	Fonts/build/GlyphItem/FontItem_5CBF.font.s
[GEN]	Fonts/build/GlyphItem/FontItem_8475.font.s
[GEN]	Fonts/build/GlyphItem/FontItem_594E.font.s
[GEN]	Fonts/build/GlyphItem/FontItem_9B41.font.s
[GEN]	Fonts/build/GlyphItem/FontItem_5080.font.s
[GEN]	Fonts/build/GlyphItem/FontItem_9988.font.s
[GEN]	Fonts/build/GlyphItem/FontItem_6127.font.s
[GEN]	Fonts/build/GlyphItem/FontItem_5764.font.s
[GEN]	Fonts/build/GlyphItem/FontItem_6606.font.s
[GEN]	Fonts/build/GlyphItem/FontItem_6346.font.s
[GEN]	Fonts/build/GlyphItem/FontItem_6269.font.s
[GEN]	Fonts/build/GlyphItem/FontItem_5ED3.font.s
[GEN]	Fonts/build/GlyphItem/FontItem_5783.font.s
[GEN]	Fonts/build/GlyphItem/FontItem_5587.font.s
[GEN]	Fonts/build/GlyphItem/FontItem_8721.font.s
[GEN]	Fonts/build/GlyphItem/FontItem_814A.font.s
[GEN]	Fonts/build/GlyphItem/FontItem_8FA3.font.s
[GEN]	Fonts/build/GlyphItem/FontItem_5566.font.s
[GEN]	Fonts/build/GlyphItem/FontItem_5A6A.font.s
[GEN]	Fonts/build/GlyphItem/FontItem_680F.font.s
[GEN]	Fonts/build/GlyphItem/FontItem_62E6.font.s
[GEN]	Fonts/build/GlyphItem/FontItem_7BEE.font.s
[GEN]	Fonts/build/GlyphItem/FontItem_9611.font.s
[GEN]	Fonts/build/GlyphItem/FontItem_6F9C.font.s
[GEN]	Fonts/build/GlyphItem/FontItem_8C30.font.s
[GEN]	Fonts/build/GlyphItem/FontItem_63FD.font.s
[GEN]	Fonts/build/GlyphItem/FontItem_6EE5.font.s
[GEN]	Fonts/build/GlyphItem/FontItem_7405.font.s
[GEN]	Fonts/build/GlyphItem/FontItem_6994.font.s
[GEN]	Fonts/build/GlyphItem/FontItem_5ECA.font.s
[GEN]	Fonts/build/GlyphItem/FontItem_635E.font.s
[GEN]	Fonts/build/GlyphItem/FontItem_4F6C.font.s
[GEN]	Fonts/build/GlyphItem/FontItem_59E5.font.s
[GEN]	Fonts/build/GlyphItem/FontItem_916A.font.s
[GEN]	Fonts/build/GlyphItem/FontItem_70D9.font.s
[GEN]	Fonts/build/GlyphItem/FontItem_6D9D.font.s
[GEN]	Fonts/build/GlyphItem/FontItem_956D.font.s
[GEN]	Fonts/build/GlyphItem/FontItem_78CA.font.s
[GEN]	Fonts/build/GlyphItem/FontItem_7D2F.font.s
[GEN]	Fonts/build/GlyphItem/FontItem_5121.font.s
[GEN]	Fonts/build/GlyphItem/FontItem_5792.font.s
[GEN]	Fonts/build/GlyphItem/FontItem_64C2.font.s
[GEN]	Fonts/build/GlyphItem/FontItem_808B.font.s
[GEN]	Fonts/build/GlyphItem/FontItem_68F1.font.s
[GEN]	Fonts/build/GlyphItem/FontItem_695E.font.s
[GEN]	Fonts/build/GlyphItem/FontItem_5398.font.s
[GEN]	Fonts/build/GlyphItem/FontItem_68A8.font.s
[GEN]	Fonts/build/GlyphItem/FontItem_7281.font.s
[GEN]	Fonts/build/GlyphItem/FontItem_7BF1.font.s
[GEN]	Fonts/build/GlyphItem/FontItem_72F8.font.s
[GEN]	Fonts/build/GlyphItem/FontItem_6F13.font.s
[GEN]	Fonts/build/GlyphItem/FontItem_674E.font.s
[GEN]	Fonts/build/GlyphItem/FontItem_9CA4.font.s
[GEN]	Fonts/build/GlyphItem/FontItem_8354.font.s
[GEN]	Fonts/build/GlyphItem/FontItem_6817.font.s
[GEN]	Fonts/build/GlyphItem/FontItem_783E.font.s
[GEN]	Fonts/build/GlyphItem/FontItem_5088.font.s
[GEN]	Fonts/build/GlyphItem/FontItem_4F8B.font.s
[GEN]	Fonts/build/GlyphItem/FontItem_4FD0.font.s
[GEN]	Fonts/build/GlyphItem/FontItem_75E2.font.s
[GEN]	Fonts/build/GlyphItem/FontItem_7C92.font.s
[GEN]	Fonts/build/GlyphItem/FontItem_6CA5.font.s
[GEN]	Fonts/build/GlyphItem/FontItem_96B6.font.s
[GEN]	Fonts/build/GlyphItem/FontItem_7483.font.s
[GEN]	Fonts/build/GlyphItem/FontItem_54E9.font.s
[GEN]	Fonts/build/GlyphItem/FontItem_4FE9.font.s
[GEN]	Fonts/build/GlyphItem/FontItem_9570.font.s
[GEN]	Fonts/build/GlyphItem/FontItem_5EC9.font.s
[GEN]	Fonts/build/GlyphItem/FontItem_6D9F.font.s
[GEN]	Fonts/build/GlyphItem/FontItem_5E18.font.s
[GEN]	Fonts/build/GlyphItem/FontItem_655B.font.s
[GEN]	Fonts/build/GlyphItem/FontItem_7CAE.font.s
[GEN]	Fonts/build/GlyphItem/FontItem_51C9.font.s
[GEN]	Fonts/build/GlyphItem/FontItem_6881.font.s
[GEN]	Fonts/build/GlyphItem/FontItem_7CB1.font.s
[GEN]	Fonts/build/GlyphItem/FontItem_8F86.font.s
[GEN]	Fonts/build/GlyphItem/FontItem_667E.font.s
[GEN]	Fonts/build/GlyphItem/FontItem_8C05.font.s
[GEN]	Fonts/build/GlyphItem/FontItem_64A9.font.s
[GEN]	Fonts/build/GlyphItem/FontItem_50DA.font.s
[GEN]	Fonts/build/GlyphItem/FontItem_71CE.font.s
[GEN]	Fonts/build/GlyphItem/FontItem_5BE5.font.s
[GEN]	Fonts/build/GlyphItem/FontItem_8FBD.font.s
[GEN]	Fonts/build/GlyphItem/FontItem_6F66.font.s
[GEN]	Fonts/build/GlyphItem/FontItem_6482.font.s
[GEN]	Fonts/build/GlyphItem/FontItem_9563.font.s
[GEN]	Fonts/build/GlyphItem/FontItem_5ED6.font.s
[GEN]	Fonts/build/GlyphItem/FontItem_78F7.font.s
[GEN]	Fonts/build/GlyphItem/FontItem_9716.font.s
[GEN]	Fonts/build/GlyphItem/FontItem_9CDE.font.s
[GEN]	Fonts/build/GlyphItem/FontItem_6DCB.font.s
[GEN]	Fonts/build/GlyphItem/FontItem_8D41.font.s
[GEN]	Fonts/build/GlyphItem/FontItem_541D.font.s
[GEN]	Fonts/build/GlyphItem/FontItem_62CE.font.s
[GEN]	Fonts/build/GlyphItem/FontItem_73B2.font.s
[GEN]	Fonts/build/GlyphItem/FontItem_83F1.font.s
[GEN]	Fonts/build/GlyphItem/FontItem_96F6.font.s
[GEN]	Fonts/build/GlyphItem/FontItem_94C3.font.s
[GEN]	Fonts/build/GlyphItem/FontItem_4F36.font.s
[GEN]	Fonts/build/GlyphItem/FontItem_7F9A.font.s
[GEN]	Fonts/build/GlyphItem/FontItem_51CC.font.s
[GEN]	Fonts/build/GlyphItem/FontItem_9675.font.s
[GEN]	Fonts/build/GlyphItem/FontItem_6E9C.font.s
[GEN]	Fonts/build/GlyphItem/FontItem_7409.font.s
[GEN]	Fonts/build/GlyphItem/FontItem_69B4.font.s
[GEN]	Fonts/build/GlyphItem/FontItem_786B.font.s
[GEN]	Fonts/build/GlyphItem/FontItem_998F.font.s
[GEN]	Fonts/build/GlyphItem/FontItem_5218.font.s
[GEN]	Fonts/build/GlyphItem/FontItem_7624.font.s
[GEN]	Fonts/build/GlyphItem/FontItem_67F3.font.s
[GEN]	Fonts/build/GlyphItem/FontItem_516D.font.s
[GEN]	Fonts/build/GlyphItem/FontItem_804B.font.s
[GEN]	Fonts/build/GlyphItem/FontItem_5499.font.s
[GEN]	Fonts/build/GlyphItem/FontItem_7ABF.font.s
[GEN]	Fonts/build/GlyphItem/FontItem_5784.font.s
[GEN]	Fonts/build/GlyphItem/FontItem_62E2.font.s
[GEN]	Fonts/build/GlyphItem/FontItem_9647.font.s
[GEN]	Fonts/build/GlyphItem/FontItem_5A04.font.s
[GEN]	Fonts/build/GlyphItem/FontItem_6402.font.s
[GEN]	Fonts/build/GlyphItem/FontItem_7BD3.font.s
[GEN]	Fonts/build/GlyphItem/FontItem_6F0F.font.s
[GEN]	Fonts/build/GlyphItem/FontItem_964B.font.s
[GEN]	Fonts/build/GlyphItem/FontItem_82A6.font.s
[GEN]	Fonts/build/GlyphItem/FontItem_9885.font.s
[GEN]	Fonts/build/GlyphItem/FontItem_5E90.font.s
[GEN]	Fonts/build/GlyphItem/FontItem_7089.font.s
[GEN]	Fonts/build/GlyphItem/FontItem_63B3.font.s
[GEN]	Fonts/build/GlyphItem/FontItem_5364.font.s
[GEN]	Fonts/build/GlyphItem/FontItem_864F.font.s
[GEN]	Fonts/build/GlyphItem/FontItem_9E93.font.s
[GEN]	Fonts/build/GlyphItem/FontItem_8D42.font.s
[GEN]	Fonts/build/GlyphItem/FontItem_6F5E.font.s
[GEN]	Fonts/build/GlyphItem/FontItem_7984.font.s
[GEN]	Fonts/build/GlyphItem/FontItem_622E.font.s
[GEN]	Fonts/build/GlyphItem/FontItem_9A74.font.s
[GEN]	Fonts/build/GlyphItem/FontItem_5415.font.s
[GEN]	Fonts/build/GlyphItem/FontItem_94DD.font.s
[GEN]	Fonts/build/GlyphItem/FontItem_5C65.font.s
[GEN]	Fonts/build/GlyphItem/FontItem_5C61.font.s
[GEN]	Fonts/build/GlyphItem/FontItem_7F15.font.s
[GEN]	Fonts/build/GlyphItem/FontItem_6C2F.font.s
[GEN]	Fonts/build/GlyphItem/FontItem_6EE4.font.s
[GEN]	Fonts/build/GlyphItem/FontItem_5CE6.font.s
[GEN]	Fonts/build/GlyphItem/FontItem_631B.font.s
[GEN]	Fonts/build/GlyphItem/FontItem_5B6A.font.s
[GEN]	Fonts/build/GlyphItem/FontItem_6EE6.font.s
[GEN]	Fonts/build/GlyphItem/FontItem_63A0.font.s
[GEN]	Fonts/build/GlyphItem/FontItem_62A1.font.s
[GEN]	Fonts/build/GlyphItem/FontItem_4ED1.font.s
[GEN]	Fonts/build/GlyphItem/FontItem_6CA6.font.s
[GEN]	Fonts/build/GlyphItem/FontItem_7EB6.font.s
[GEN]	Fonts/build/GlyphItem/FontItem_841D.font.s
[GEN]	Fonts/build/GlyphItem/FontItem_87BA.font.s
[GEN]	Fonts/build/GlyphItem/FontItem_903B.font.s
[GEN]	Fonts/build/GlyphItem/FontItem_9523.font.s
[GEN]	Fonts/build/GlyphItem/FontItem_7BA9.font.s
[GEN]	Fonts/build/GlyphItem/FontItem_9AA1.font.s
[GEN]	Fonts/build/GlyphItem/FontItem_88F8.font.s
[GEN]	Fonts/build/GlyphItem/FontItem_9A86.font.s
[GEN]	Fonts/build/GlyphItem/FontItem_5988.font.s
[GEN]	Fonts/build/GlyphItem/FontItem_7801.font.s
[GEN]	Fonts/build/GlyphItem/FontItem_8682.font.s
[GEN]	Fonts/build/GlyphItem/FontItem_561B.font.s
[GEN]	Fonts/build/GlyphItem/FontItem_9EA6.font.s
[GEN]	Fonts/build/GlyphItem/FontItem_8109.font.s
[GEN]	Fonts/build/GlyphItem/FontItem_7792.font.s
[GEN]	Fonts/build/GlyphItem/FontItem_9992.font.s
[GEN]	Fonts/build/GlyphItem/FontItem_8C29.font.s
[GEN]	Fonts/build/GlyphItem/FontItem_8292.font.s
[GEN]	Fonts/build/GlyphItem/FontItem_76F2.font.s
[GEN]	Fonts/build/GlyphItem/FontItem_83BD.font.s
[GEN]	Fonts/build/GlyphItem/FontItem_8305.font.s
[GEN]	Fonts/build/GlyphItem/FontItem_951A.font.s
[GEN]	Fonts/build/GlyphItem/FontItem_77DB.font.s
[GEN]	Fonts/build/GlyphItem/FontItem_94C6.font.s
[GEN]	Fonts/build/GlyphItem/FontItem_536F.font.s
[GEN]	Fonts/build/GlyphItem/FontItem_5192.font.s
[GEN]	Fonts/build/GlyphItem/FontItem_8C8C.font.s
[GEN]	Fonts/build/GlyphItem/FontItem_73AB.font.s
[GEN]	Fonts/build/GlyphItem/FontItem_679A.font.s
[GEN]	Fonts/build/GlyphItem/FontItem_9176.font.s
[GEN]	Fonts/build/GlyphItem/FontItem_9709.font.s
[GEN]	Fonts/build/GlyphItem/FontItem_7164.font.s
[GEN]	Fonts/build/GlyphItem/FontItem_7709.font.s
[GEN]	Fonts/build/GlyphItem/FontItem_5A92.font.s
[GEN]	Fonts/build/GlyphItem/FontItem_9541.font.s
[GEN]	Fonts/build/GlyphItem/FontItem_6627.font.s
[GEN]	Fonts/build/GlyphItem/FontItem_5BD0.font.s
[GEN]	Fonts/build/GlyphItem/FontItem_5A9A.font.s
[GEN]	Fonts/build/GlyphItem/FontItem_6AAC.font.s
[GEN]	Fonts/build/GlyphItem/FontItem_9530.font.s
[GEN]	Fonts/build/GlyphItem/FontItem_5B5F.font.s
[GEN]	Fonts/build/GlyphItem/FontItem_772F.font.s
[GEN]	Fonts/build/GlyphItem/FontItem_919A.font.s
[GEN]	Fonts/build/GlyphItem/FontItem_9761.font.s
[GEN]	Fonts/build/GlyphItem/FontItem_7CDC.font.s
[GEN]	Fonts/build/GlyphItem/FontItem_5F25.font.s
[GEN]	Fonts/build/GlyphItem/FontItem_89C5.font.s
[GEN]	Fonts/build/GlyphItem/FontItem_6CCC.font.s
[GEN]	Fonts/build/GlyphItem/FontItem_871C.font.s
[GEN]	Fonts/build/GlyphItem/FontItem_5E42.font.s
[GEN]	Fonts/build/GlyphItem/FontItem_68C9.font.s
[GEN]	Fonts/build/GlyphItem/FontItem_7EF5.font.s
[GEN]	Fonts/build/GlyphItem/FontItem_5195.font.s
[GEN]	Fonts/build/GlyphItem/FontItem_514D.font.s
[GEN]	Fonts/build/GlyphItem/FontItem_5A29.font.s
[GEN]	Fonts/build/GlyphItem/FontItem_7F05.font.s
[GEN]	Fonts/build/GlyphItem/FontItem_82D7.font.s
[GEN]	Fonts/build/GlyphItem/FontItem_7784.font.s
[GEN]	Fonts/build/GlyphItem/FontItem_85D0.font.s
[GEN]	Fonts/build/GlyphItem/FontItem_79D2.font.s
[GEN]	Fonts/build/GlyphItem/FontItem_6E3A.font.s
[GEN]	Fonts/build/GlyphItem/FontItem_5E99.font.s
[GEN]	Fonts/build/GlyphItem/FontItem_5999.font.s
[GEN]	Fonts/build/GlyphItem/FontItem_8511.font.s
[GEN]	Fonts/build/GlyphItem/FontItem_62BF.font.s
[GEN]	Fonts/build/GlyphItem/FontItem_76BF.font.s
[GEN]	Fonts/build/GlyphItem/FontItem_60AF.font.s
[GEN]	Fonts/build/GlyphItem/FontItem_95FD.font.s
[GEN]	Fonts/build/GlyphItem/FontItem_879F.font.s
[GEN]	Fonts/build/GlyphItem/FontItem_94ED.font.s
[GEN]	Fonts/build/GlyphItem/FontItem_8C2C.font.s
[GEN]	Fonts/build/GlyphItem/FontItem_6479.font.s
[GEN]	Fonts/build/GlyphItem/FontItem_8611.font.s
[GEN]	Fonts/build/GlyphItem/FontItem_819C.font.s
[GEN]	Fonts/build/GlyphItem/FontItem_62B9.font.s
[GEN]	Fonts/build/GlyphItem/FontItem_58A8.font.s
[GEN]	Fonts/build/GlyphItem/FontItem_6CAB.font.s
[GEN]	Fonts/build/GlyphItem/FontItem_964C.font.s
[GEN]	Fonts/build/GlyphItem/FontItem_725F.font.s
[GEN]	Fonts/build/GlyphItem/FontItem_62C7.font.s
[GEN]	Fonts/build/GlyphItem/FontItem_7261.font.s
[GEN]	Fonts/build/GlyphItem/FontItem_4EA9.font.s
[GEN]	Fonts/build/GlyphItem/FontItem_5893.font.s
[GEN]	Fonts/build/GlyphItem/FontItem_66AE.font.s
[GEN]	Fonts/build/GlyphItem/FontItem_52DF.font.s
[GEN]	Fonts/build/GlyphItem/FontItem_5450.font.s
[GEN]	Fonts/build/GlyphItem/FontItem_6C16.font.s
[GEN]	Fonts/build/GlyphItem/FontItem_5976.font.s
[GEN]	Fonts/build/GlyphItem/FontItem_56CA.font.s
[GEN]	Fonts/build/GlyphItem/FontItem_6320.font.s
[GEN]	Fonts/build/GlyphItem/FontItem_607C.font.s
[GEN]	Fonts/build/GlyphItem/FontItem_6DD6.font.s
[GEN]	Fonts/build/GlyphItem/FontItem_9981.font.s
[GEN]	Fonts/build/GlyphItem/FontItem_9713.font.s
[GEN]	Fonts/build/GlyphItem/FontItem_502A.font.s
[GEN]	Fonts/build/GlyphItem/FontItem_62DF.font.s
[GEN]	Fonts/build/GlyphItem/FontItem_533F.font.s
[GEN]	Fonts/build/GlyphItem/FontItem_817B.font.s
[GEN]	Fonts/build/GlyphItem/FontItem_9006.font.s
[GEN]	Fonts/build/GlyphItem/FontItem_6EBA.font.s
[GEN]	Fonts/build/GlyphItem/FontItem_852B.font.s
[GEN]	Fonts/build/GlyphItem/FontItem_62C8.font.s
[GEN]	Fonts/build/GlyphItem/FontItem_78BE.font.s
[GEN]	Fonts/build/GlyphItem/FontItem_64B5.font.s
[GEN]	Fonts/build/GlyphItem/FontItem_637B.font.s
[GEN]	Fonts/build/GlyphItem/FontItem_917F.font.s
[GEN]	Fonts/build/GlyphItem/FontItem_9E1F.font.s
[GEN]	Fonts/build/GlyphItem/FontItem_5C3F.font.s
[GEN]	Fonts/build/GlyphItem/FontItem_634F.font.s
[GEN]	Fonts/build/GlyphItem/FontItem_8042.font.s
[GEN]	Fonts/build/GlyphItem/FontItem_556E.font.s
[GEN]	Fonts/build/GlyphItem/FontItem_954A.font.s
[GEN]	Fonts/build/GlyphItem/FontItem_954D.font.s
[GEN]	Fonts/build/GlyphItem/FontItem_6D85.font.s
[GEN]	Fonts/build/GlyphItem/FontItem_67E0.font.s
[GEN]	Fonts/build/GlyphItem/FontItem_72DE.font.s
[GEN]	Fonts/build/GlyphItem/FontItem_62E7.font.s
[GEN]	Fonts/build/GlyphItem/FontItem_725B.font.s
[GEN]	Fonts/build/GlyphItem/FontItem_626D.font.s
[GEN]	Fonts/build/GlyphItem/FontItem_94AE.font.s
[GEN]	Fonts/build/GlyphItem/FontItem_7EBD.font.s
[GEN]	Fonts/build/GlyphItem/FontItem_8113.font.s
[GEN]	Fonts/build/GlyphItem/FontItem_6D53.font.s
[GEN]	Fonts/build/GlyphItem/FontItem_5F04.font.s
[GEN]	Fonts/build/GlyphItem/FontItem_8650.font.s
[GEN]	Fonts/build/GlyphItem/FontItem_759F.font.s
[GEN]	Fonts/build/GlyphItem/FontItem_632A.font.s
[GEN]	Fonts/build/GlyphItem/FontItem_61E6.font.s
[GEN]	Fonts/build/GlyphItem/FontItem_7CEF.font.s
[GEN]	Fonts/build/GlyphItem/FontItem_54E6.font.s
[GEN]	Fonts/build/GlyphItem/FontItem_6B27.font.s
[GEN]	Fonts/build/GlyphItem/FontItem_9E25.font.s
[GEN]	Fonts/build/GlyphItem/FontItem_6BB4.font.s
[GEN]	Fonts/build/GlyphItem/FontItem_85D5.font.s
[GEN]	Fonts/build/GlyphItem/FontItem_5455.font.s
[GEN]	Fonts/build/GlyphItem/FontItem_6CA4.font.s
[GEN]	Fonts/build/GlyphItem/FontItem_556A.font.s
[GEN]	Fonts/build/GlyphItem/FontItem_8DB4.font.s
[GEN]	Fonts/build/GlyphItem/FontItem_722C.font.s
[GEN]	Fonts/build/GlyphItem/FontItem_7436.font.s
[GEN]	Fonts/build/GlyphItem/FontItem_5F98.font.s
[GEN]	Fonts/build/GlyphItem/FontItem_6E43.font.s
[GEN]	Fonts/build/GlyphItem/FontItem_6500.font.s
[GEN]	Fonts/build/GlyphItem/FontItem_76D8.font.s
[GEN]	Fonts/build/GlyphItem/FontItem_76FC.font.s
[GEN]	Fonts/build/GlyphItem/FontItem_7554.font.s
[GEN]	Fonts/build/GlyphItem/FontItem_4E53.font.s
[GEN]	Fonts/build/GlyphItem/FontItem_802A.font.s
[GEN]	Fonts/build/GlyphItem/FontItem_80D6.font.s
[GEN]	Fonts/build/GlyphItem/FontItem_5486.font.s
[GEN]	Fonts/build/GlyphItem/FontItem_5228.font.s
[GEN]	Fonts/build/GlyphItem/FontItem_888D.font.s
[GEN]	Fonts/build/GlyphItem/FontItem_8DD1.font.s
[GEN]	Fonts/build/GlyphItem/FontItem_6CE1.font.s
[GEN]	Fonts/build/GlyphItem/FontItem_5478.font.s
[GEN]	Fonts/build/GlyphItem/FontItem_80DA.font.s
[GEN]	Fonts/build/GlyphItem/FontItem_88F4.font.s
[GEN]	Fonts/build/GlyphItem/FontItem_8D54.font.s
[GEN]	Fonts/build/GlyphItem/FontItem_4F69.font.s
[GEN]	Fonts/build/GlyphItem/FontItem_6C9B.font.s
[GEN]	Fonts/build/GlyphItem/FontItem_55B7.font.s
[GEN]	Fonts/build/GlyphItem/FontItem_76C6.font.s
[GEN]	Fonts/build/GlyphItem/FontItem_7830.font.s
[GEN]	Fonts/build/GlyphItem/FontItem_62A8.font.s
[GEN]	Fonts/build/GlyphItem/FontItem_70F9.font.s
[GEN]	Fonts/build/GlyphItem/FontItem_6F8E.font.s
[GEN]	Fonts/build/GlyphItem/FontItem_5F6D.font.s
[GEN]	Fonts/build/GlyphItem/FontItem_84EC.font.s
[GEN]	Fonts/build/GlyphItem/FontItem_68DA.font.s
[GEN]	Fonts/build/GlyphItem/FontItem_787C.font.s
[GEN]	Fonts/build/GlyphItem/FontItem_81A8.font.s
[GEN]	Fonts/build/GlyphItem/FontItem_9E4F.font.s
[GEN]	Fonts/build/GlyphItem/FontItem_6367.font.s
[GEN]	Fonts/build/GlyphItem/FontItem_78B0.font.s
[GEN]	Fonts/build/GlyphItem/FontItem_576F.font.s
[GEN]	Fonts/build/GlyphItem/FontItem_7812.font.s
[GEN]	Fonts/build/GlyphItem/FontItem_9739.font.s
[GEN]	Fonts/build/GlyphItem/FontItem_5288.font.s
[GEN]	Fonts/build/GlyphItem/FontItem_7435.font.s
[GEN]	Fonts/build/GlyphItem/FontItem_6BD7.font.s
[GEN]	Fonts/build/GlyphItem/FontItem_5564.font.s
[GEN]	Fonts/build/GlyphItem/FontItem_813E.font.s
[GEN]	Fonts/build/GlyphItem/FontItem_76AE.font.s
[GEN]	Fonts/build/GlyphItem/FontItem_75DE.font.s
[GEN]	Fonts/build/GlyphItem/FontItem_50FB.font.s
[GEN]	Fonts/build/GlyphItem/FontItem_5C41.font.s
[GEN]	Fonts/build/GlyphItem/FontItem_8B6C.font.s
[GEN]	Fonts/build/GlyphItem/FontItem_504F.font.s
[GEN]	Fonts/build/GlyphItem/FontItem_9A97.font.s
[GEN]	Fonts/build/GlyphItem/FontItem_98D8.font.s
[GEN]	Fonts/build/GlyphItem/FontItem_6F02.font.s
[GEN]	Fonts/build/GlyphItem/FontItem_74E2.font.s
[GEN]	Fonts/build/GlyphItem/FontItem_7968.font.s
[GEN]	Fonts/build/GlyphItem/FontItem_6487.font.s
[GEN]	Fonts/build/GlyphItem/FontItem_77A5.font.s
[GEN]	Fonts/build/GlyphItem/FontItem_62FC.font.s
[GEN]	Fonts/build/GlyphItem/FontItem_9891.font.s
[GEN]	Fonts/build/GlyphItem/FontItem_8058.font.s
[GEN]	Fonts/build/GlyphItem/FontItem_4E52.font.s
[GEN]	Fonts/build/GlyphItem/FontItem_576A.font.s
[GEN]	Fonts/build/GlyphItem/FontItem_82F9.font.s
[GEN]	Fonts/build/GlyphItem/FontItem_840D.font.s
[GEN]	Fonts/build/GlyphItem/FontItem_74F6.font.s
[GEN]	Fonts/build/GlyphItem/FontItem_5761.font.s
[GEN]	Fonts/build/GlyphItem/FontItem_7C95.font.s
[GEN]	Fonts/build/GlyphItem/FontItem_5256.font.s
[GEN]	Fonts/build/GlyphItem/FontItem_6251.font.s
[GEN]	Fonts/build/GlyphItem/FontItem_8386.font.s
[GEN]	Fonts/build/GlyphItem/FontItem_8461.font.s
[GEN]	Fonts/build/GlyphItem/FontItem_83E9.font.s
[GEN]	Fonts/build/GlyphItem/FontItem_84B2.font.s
[GEN]	Fonts/build/GlyphItem/FontItem_57D4.font.s
[GEN]	Fonts/build/GlyphItem/FontItem_5703.font.s
[GEN]	Fonts/build/GlyphItem/FontItem_6D66.font.s
[GEN]	Fonts/build/GlyphItem/FontItem_8C31.font.s
[GEN]	Fonts/build/GlyphItem/FontItem_66DD.font.s
[GEN]	Fonts/build/GlyphItem/FontItem_7011.font.s
[GEN]	Fonts/build/GlyphItem/FontItem_6B3A.font.s
[GEN]	Fonts/build/GlyphItem/FontItem_6816.font.s
[GEN]	Fonts/build/GlyphItem/FontItem_621A.font.s
[GEN]	Fonts/build/GlyphItem/FontItem_4E03.font.s
[GEN]	Fonts/build/GlyphItem/FontItem_51C4.font.s
[GEN]	Fonts/build/GlyphItem/FontItem_67D2.font.s
[GEN]	Fonts/build/GlyphItem/FontItem_6C8F.font.s
[GEN]	Fonts/build/GlyphItem/FontItem_68CB.font.s
[GEN]	Fonts/build/GlyphItem/FontItem_7566.font.s
[GEN]	Fonts/build/GlyphItem/FontItem_5D0E.font.s
[GEN]	Fonts/build/GlyphItem/FontItem_8110.font.s
[GEN]	Fonts/build/GlyphItem/FontItem_65D7.font.s
[GEN]	Fonts/build/GlyphItem/FontItem_7941.font.s
[GEN]	Fonts/build/GlyphItem/FontItem_5C82.font.s
[GEN]	Fonts/build/GlyphItem/FontItem_4E5E.font.s
[GEN]	Fonts/build/GlyphItem/FontItem_4F01.font.s
[GEN]	Fonts/build/GlyphItem/FontItem_780C.font.s
[GEN]	Fonts/build/GlyphItem/FontItem_8FC4.font.s
[GEN]	Fonts/build/GlyphItem/FontItem_6C7D.font.s
[GEN]	Fonts/build/GlyphItem/FontItem_6CE3.font.s
[GEN]	Fonts/build/GlyphItem/FontItem_8BAB.font.s
[GEN]	Fonts/build/GlyphItem/FontItem_6390.font.s
[GEN]	Fonts/build/GlyphItem/FontItem_6070.font.s
[GEN]	Fonts/build/GlyphItem/FontItem_6D3D.font.s
[GEN]	Fonts/build/GlyphItem/FontItem_7275.font.s
[GEN]	Fonts/build/GlyphItem/FontItem_6266.font.s
[GEN]	Fonts/build/GlyphItem/FontItem_948E.font.s
[GEN]	Fonts/build/GlyphItem/FontItem_94C5.font.s
[GEN]	Fonts/build/GlyphItem/FontItem_8FC1.font.s
[GEN]	Fonts/build/GlyphItem/FontItem_4EDF.font.s
[GEN]	Fonts/build/GlyphItem/FontItem_8C26.font.s
[GEN]	Fonts/build/GlyphItem/FontItem_4E7E.font.s
[GEN]	Fonts/build/GlyphItem/FontItem_9ED4.font.s
[GEN]	Fonts/build/GlyphItem/FontItem_94B3.font.s
[GEN]	Fonts/build/GlyphItem/FontItem_9063.font.s
[GEN]	Fonts/build/GlyphItem/FontItem_6D45.font.s
[GEN]	Fonts/build/GlyphItem/FontItem_5811.font.s
[GEN]	Fonts/build/GlyphItem/FontItem_5D4C.font.s
[GEN]	Fonts/build/GlyphItem/FontItem_6B20.font.s
[GEN]	Fonts/build/GlyphItem/FontItem_6B49.font.s
[GEN]	Fonts/build/GlyphItem/FontItem_545B.font.s
[GEN]	Fonts/build/GlyphItem/FontItem_7F8C.font.s
[GEN]	Fonts/build/GlyphItem/FontItem_8537.font.s
[GEN]	Fonts/build/GlyphItem/FontItem_62A2.font.s
[GEN]	Fonts/build/GlyphItem/FontItem_6A47.font.s
[GEN]	Fonts/build/GlyphItem/FontItem_9539.font.s
[GEN]	Fonts/build/GlyphItem/FontItem_6572.font.s
[GEN]	Fonts/build/GlyphItem/FontItem_6084.font.s
[GEN]	Fonts/build/GlyphItem/FontItem_77A7.font.s
[GEN]	Fonts/build/GlyphItem/FontItem_4E54.font.s
[GEN]	Fonts/build/GlyphItem/FontItem_4FA8.font.s
[GEN]	Fonts/build/GlyphItem/FontItem_9798.font.s
[GEN]	Fonts/build/GlyphItem/FontItem_64AC.font.s
[GEN]	Fonts/build/GlyphItem/FontItem_7FD8.font.s
[GEN]	Fonts/build/GlyphItem/FontItem_5CED.font.s
[GEN]	Fonts/build/GlyphItem/FontItem_4FCF.font.s
[GEN]	Fonts/build/GlyphItem/FontItem_7A8D.font.s
[GEN]	Fonts/build/GlyphItem/FontItem_8304.font.s
[GEN]	Fonts/build/GlyphItem/FontItem_602F.font.s
[GEN]	Fonts/build/GlyphItem/FontItem_7A83.font.s
[GEN]	Fonts/build/GlyphItem/FontItem_94A6.font.s
[GEN]	Fonts/build/GlyphItem/FontItem_4FB5.font.s
[GEN]	Fonts/build/GlyphItem/FontItem_79E6.font.s
[GEN]	Fonts/build/GlyphItem/FontItem_7434.font.s
[GEN]	Fonts/build/GlyphItem/FontItem_82B9.font.s
[GEN]	Fonts/build/GlyphItem/FontItem_64D2.font.s
[GEN]	Fonts/build/GlyphItem/FontItem_79BD.font.s
[GEN]	Fonts/build/GlyphItem/FontItem_6C81.font.s
[GEN]	Fonts/build/GlyphItem/FontItem_6C22.font.s
[GEN]	Fonts/build/GlyphItem/FontItem_503E.font.s
[GEN]	Fonts/build/GlyphItem/FontItem_537F.font.s
[GEN]	Fonts/build/GlyphItem/FontItem_64CE.font.s
[GEN]	Fonts/build/GlyphItem/FontItem_6C30.font.s
[GEN]	Fonts/build/GlyphItem/FontItem_9877.font.s
[GEN]	Fonts/build/GlyphItem/FontItem_5E86.font.s
[GEN]	Fonts/build/GlyphItem/FontItem_743C.font.s
[GEN]	Fonts/build/GlyphItem/FontItem_7A77.font.s
[GEN]	Fonts/build/GlyphItem/FontItem_79CB.font.s
[GEN]	Fonts/build/GlyphItem/FontItem_90B1.font.s
[GEN]	Fonts/build/GlyphItem/FontItem_7403.font.s
[GEN]	Fonts/build/GlyphItem/FontItem_56DA.font.s
[GEN]	Fonts/build/GlyphItem/FontItem_914B.font.s
[GEN]	Fonts/build/GlyphItem/FontItem_6CC5.font.s
[GEN]	Fonts/build/GlyphItem/FontItem_8D8B.font.s
[GEN]	Fonts/build/GlyphItem/FontItem_86C6.font.s
[GEN]	Fonts/build/GlyphItem/FontItem_5C48.font.s
[GEN]	Fonts/build/GlyphItem/FontItem_6E20.font.s
[GEN]	Fonts/build/GlyphItem/FontItem_9F8B.font.s
[GEN]	Fonts/build/GlyphItem/FontItem_98A7.font.s
[GEN]	Fonts/build/GlyphItem/FontItem_919B.font.s
[GEN]	Fonts/build/GlyphItem/FontItem_5238.font.s
[GEN]	Fonts/build/GlyphItem/FontItem_7F3A.font.s
[GEN]	Fonts/build/GlyphItem/FontItem_7094.font.s
[GEN]	Fonts/build/GlyphItem/FontItem_7638.font.s
[GEN]	Fonts/build/GlyphItem/FontItem_9E4A.font.s
[GEN]	Fonts/build/GlyphItem/FontItem_69B7.font.s
[GEN]	Fonts/build/GlyphItem/FontItem_96C0.font.s
[GEN]	Fonts/build/GlyphItem/FontItem_88D9.font.s
[GEN]	Fonts/build/GlyphItem/FontItem_71C3.font.s
[GEN]	Fonts/build/GlyphItem/FontItem_5189.font.s
[GEN]	Fonts/build/GlyphItem/FontItem_67D3.font.s
[GEN]	Fonts/build/GlyphItem/FontItem_74E4.font.s
[GEN]	Fonts/build/GlyphItem/FontItem_58E4.font.s
[GEN]	Fonts/build/GlyphItem/FontItem_6518.font.s
[GEN]	Fonts/build/GlyphItem/FontItem_56B7.font.s
[GEN]	Fonts/build/GlyphItem/FontItem_6270.font.s
[GEN]	Fonts/build/GlyphItem/FontItem_7ED5.font.s
[GEN]	Fonts/build/GlyphItem/FontItem_58EC.font.s
[GEN]	Fonts/build/GlyphItem/FontItem_598A.font.s
[GEN]	Fonts/build/GlyphItem/FontItem_7EAB.font.s
[GEN]	Fonts/build/GlyphItem/FontItem_620E.font.s
[GEN]	Fonts/build/GlyphItem/FontItem_8338.font.s
[GEN]	Fonts/build/GlyphItem/FontItem_84C9.font.s
[GEN]	Fonts/build/GlyphItem/FontItem_878D.font.s
[GEN]	Fonts/build/GlyphItem/FontItem_7ED2.font.s
[GEN]	Fonts/build/GlyphItem/FontItem_5197.font.s
[GEN]	Fonts/build/GlyphItem/FontItem_63C9.font.s
[GEN]	Fonts/build/GlyphItem/FontItem_8339.font.s
[GEN]	Fonts/build/GlyphItem/FontItem_8815.font.s
[GEN]	Fonts/build/GlyphItem/FontItem_5112.font.s
[GEN]	Fonts/build/GlyphItem/FontItem_5B7A.font.s
[GEN]	Fonts/build/GlyphItem/FontItem_6C5D.font.s
[GEN]	Fonts/build/GlyphItem/FontItem_8925.font.s
[GEN]	Fonts/build/GlyphItem/FontItem_8F6F.font.s
[GEN]	Fonts/build/GlyphItem/FontItem_962E.font.s
[GEN]	Fonts/build/GlyphItem/FontItem_854A.font.s
[GEN]	Fonts/build/GlyphItem/FontItem_95F0.font.s
[GEN]	Fonts/build/GlyphItem/FontItem_6DA6.font.s
[GEN]	Fonts/build/GlyphItem/FontItem_82E5.font.s
[GEN]	Fonts/build/GlyphItem/FontItem_6D12.font.s
[GEN]	Fonts/build/GlyphItem/FontItem_816E.font.s
[GEN]	Fonts/build/GlyphItem/FontItem_9CC3.font.s
[GEN]	Fonts/build/GlyphItem/FontItem_8D5B.font.s
[GEN]	Fonts/build/GlyphItem/FontItem_53C1.font.s
[GEN]	Fonts/build/GlyphItem/FontItem_4F1E.font.s
[GEN]	Fonts/build/GlyphItem/FontItem_55D3.font.s
[GEN]	Fonts/build/GlyphItem/FontItem_6414.font.s
[GEN]	Fonts/build/GlyphItem/FontItem_626B.font.s
[GEN]	Fonts/build/GlyphItem/FontItem_5AC2.font.s
[GEN]	Fonts/build/GlyphItem/FontItem_6DA9.font.s
[GEN]	Fonts/build/GlyphItem/FontItem_7802.font.s
[GEN]	Fonts/build/GlyphItem/FontItem_50BB.font.s
[GEN]	Fonts/build/GlyphItem/FontItem_5565.font.s
[GEN]	Fonts/build/GlyphItem/FontItem_715E.font.s
[GEN]	Fonts/build/GlyphItem/FontItem_7B5B.font.s
[GEN]	Fonts/build/GlyphItem/FontItem_6652.font.s
[GEN]	Fonts/build/GlyphItem/FontItem_73CA.font.s
[GEN]	Fonts/build/GlyphItem/FontItem_82EB.font.s
[GEN]	Fonts/build/GlyphItem/FontItem_6749.font.s
[GEN]	Fonts/build/GlyphItem/FontItem_717D.font.s
[GEN]	Fonts/build/GlyphItem/FontItem_886B.font.s
[GEN]	Fonts/build/GlyphItem/FontItem_9655.font.s
[GEN]	Fonts/build/GlyphItem/FontItem_8D61.font.s
[GEN]	Fonts/build/GlyphItem/FontItem_81B3.font.s
[GEN]	Fonts/build/GlyphItem/FontItem_6C55.font.s
[GEN]	Fonts/build/GlyphItem/FontItem_6247.font.s
[GEN]	Fonts/build/GlyphItem/FontItem_7F2E.font.s
[GEN]	Fonts/build/GlyphItem/FontItem_5892.font.s
[GEN]	Fonts/build/GlyphItem/FontItem_664C.font.s
[GEN]	Fonts/build/GlyphItem/FontItem_88F3.font.s
[GEN]	Fonts/build/GlyphItem/FontItem_68A2.font.s
[GEN]	Fonts/build/GlyphItem/FontItem_634E.font.s
[GEN]	Fonts/build/GlyphItem/FontItem_70E7.font.s
[GEN]	Fonts/build/GlyphItem/FontItem_828D.font.s
[GEN]	Fonts/build/GlyphItem/FontItem_52FA.font.s
[GEN]	Fonts/build/GlyphItem/FontItem_97F6.font.s
[GEN]	Fonts/build/GlyphItem/FontItem_54E8.font.s
[GEN]	Fonts/build/GlyphItem/FontItem_90B5.font.s
[GEN]	Fonts/build/GlyphItem/FontItem_7ECD.font.s
[GEN]	Fonts/build/GlyphItem/FontItem_5962.font.s
[GEN]	Fonts/build/GlyphItem/FontItem_8D4A.font.s
[GEN]	Fonts/build/GlyphItem/FontItem_86C7.font.s
[GEN]	Fonts/build/GlyphItem/FontItem_820C.font.s
[GEN]	Fonts/build/GlyphItem/FontItem_8D66.font.s
[GEN]	Fonts/build/GlyphItem/FontItem_6151.font.s
[GEN]	Fonts/build/GlyphItem/FontItem_6D89.font.s
[GEN]	Fonts/build/GlyphItem/FontItem_793E.font.s
[GEN]	Fonts/build/GlyphItem/FontItem_7837.font.s
[GEN]	Fonts/build/GlyphItem/FontItem_7533.font.s
[GEN]	Fonts/build/GlyphItem/FontItem_547B.font.s
[GEN]	Fonts/build/GlyphItem/FontItem_4F38.font.s
[GEN]	Fonts/build/GlyphItem/FontItem_5A20.font.s
[GEN]	Fonts/build/GlyphItem/FontItem_7EC5.font.s
[GEN]	Fonts/build/GlyphItem/FontItem_6C88.font.s
[GEN]	Fonts/build/GlyphItem/FontItem_5BA1.font.s
[GEN]	Fonts/build/GlyphItem/FontItem_5A76.font.s
[GEN]	Fonts/build/GlyphItem/FontItem_80BE.font.s
[GEN]	Fonts/build/GlyphItem/FontItem_614E.font.s
[GEN]	Fonts/build/GlyphItem/FontItem_6E17.font.s
[GEN]	Fonts/build/GlyphItem/FontItem_7525.font.s
[GEN]	Fonts/build/GlyphItem/FontItem_7272.font.s
[GEN]	Fonts/build/GlyphItem/FontItem_7EF3.font.s
[GEN]	Fonts/build/GlyphItem/FontItem_7701.font.s
[GEN]	Fonts/build/GlyphItem/FontItem_76DB.font.s
[GEN]	Fonts/build/GlyphItem/FontItem_8671.font.s
[GEN]	Fonts/build/GlyphItem/FontItem_62FE.font.s
[GEN]	Fonts/build/GlyphItem/FontItem_77E2.font.s
[GEN]	Fonts/build/GlyphItem/FontItem_5C4E.font.s
[GEN]	Fonts/build/GlyphItem/FontItem_9A76.font.s
[GEN]	Fonts/build/GlyphItem/FontItem_67FF.font.s
[GEN]	Fonts/build/GlyphItem/FontItem_62ED.font.s
[GEN]	Fonts/build/GlyphItem/FontItem_55DC.font.s
[GEN]	Fonts/build/GlyphItem/FontItem_566C.font.s
[GEN]	Fonts/build/GlyphItem/FontItem_6043.font.s
[GEN]	Fonts/build/GlyphItem/FontItem_6C0F.font.s
[GEN]	Fonts/build/GlyphItem/FontItem_5BA4.font.s
[GEN]	Fonts/build/GlyphItem/FontItem_5BFF.font.s
[GEN]	Fonts/build/GlyphItem/FontItem_852C.font.s
[GEN]	Fonts/build/GlyphItem/FontItem_7626.font.s
[GEN]	Fonts/build/GlyphItem/FontItem_67A2.font.s
[GEN]	Fonts/build/GlyphItem/FontItem_68B3.font.s
[GEN]	Fonts/build/GlyphItem/FontItem_6292.font.s
[GEN]	Fonts/build/GlyphItem/FontItem_8212.font.s
[GEN]	Fonts/build/GlyphItem/FontItem_6DD1.font.s
[GEN]	Fonts/build/GlyphItem/FontItem_758F.font.s
[GEN]	Fonts/build/GlyphItem/FontItem_8D4E.font.s
[GEN]	Fonts/build/GlyphItem/FontItem_5B70.font.s
[GEN]	Fonts/build/GlyphItem/FontItem_85AF.font.s
[GEN]	Fonts/build/GlyphItem/FontItem_6691.font.s
[GEN]	Fonts/build/GlyphItem/FontItem_66D9.font.s
[GEN]	Fonts/build/GlyphItem/FontItem_7F72.font.s
[GEN]	Fonts/build/GlyphItem/FontItem_8700.font.s
[GEN]	Fonts/build/GlyphItem/FontItem_9ECD.font.s
[GEN]	Fonts/build/GlyphItem/FontItem_9F20.font.s
[GEN]	Fonts/build/GlyphItem/FontItem_620D.font.s
[GEN]	Fonts/build/GlyphItem/FontItem_5885.font.s
[GEN]	Fonts/build/GlyphItem/FontItem_5EB6.font.s
[GEN]	Fonts/build/GlyphItem/FontItem_7AD6.font.s
[GEN]	Fonts/build/GlyphItem/FontItem_6F31.font.s
[GEN]	Fonts/build/GlyphItem/FontItem_5237.font.s
[GEN]	Fonts/build/GlyphItem/FontItem_6055.font.s
[GEN]	Fonts/build/GlyphItem/FontItem_800D.font.s
[GEN]	Fonts/build/GlyphItem/FontItem_6454.font.s
[GEN]	Fonts/build/GlyphItem/FontItem_8870.font.s
[GEN]	Fonts/build/GlyphItem/FontItem_6813.font.s
[GEN]	Fonts/build/GlyphItem/FontItem_62F4.font.s
[GEN]	Fonts/build/GlyphItem/FontItem_971C.font.s
[GEN]	Fonts/build/GlyphItem/FontItem_7A0E.font.s
[GEN]	Fonts/build/GlyphItem/FontItem_542E.font.s
[GEN]	Fonts/build/GlyphItem/FontItem_821C.font.s
[GEN]	Fonts/build/GlyphItem/FontItem_7855.font.s
[GEN]	Fonts/build/GlyphItem/FontItem_6714.font.s
[GEN]	Fonts/build/GlyphItem/FontItem_70C1.font.s
[GEN]	Fonts/build/GlyphItem/FontItem_6495.font.s
[GEN]	Fonts/build/GlyphItem/FontItem_5636.font.s
[GEN]	Fonts/build/GlyphItem/FontItem_8086.font.s
[GEN]	Fonts/build/GlyphItem/FontItem_5BFA.font.s
[GEN]	Fonts/build/GlyphItem/FontItem_55E3.font.s
[GEN]	Fonts/build/GlyphItem/FontItem_4F3A.font.s
[GEN]	Fonts/build/GlyphItem/FontItem_5DF3.font.s
[GEN]	Fonts/build/GlyphItem/FontItem_5B8B.font.s
[GEN]	Fonts/build/GlyphItem/FontItem_6002.font.s
[GEN]	Fonts/build/GlyphItem/FontItem_8BBC.font.s
[GEN]	Fonts/build/GlyphItem/FontItem_8BF5.font.s
[GEN]	Fonts/build/GlyphItem/FontItem_641C.font.s
[GEN]	Fonts/build/GlyphItem/FontItem_8258.font.s
[GEN]	Fonts/build/GlyphItem/FontItem_64DE.font.s
[GEN]	Fonts/build/GlyphItem/FontItem_55FD.font.s
[GEN]	Fonts/build/GlyphItem/FontItem_4FD7.font.s
[GEN]	Fonts/build/GlyphItem/FontItem_9165.font.s
[GEN]	Fonts/build/GlyphItem/FontItem_7D20.font.s
[GEN]	Fonts/build/GlyphItem/FontItem_7C9F.font.s
[GEN]	Fonts/build/GlyphItem/FontItem_5851.font.s
[GEN]	Fonts/build/GlyphItem/FontItem_50F3.font.s
[GEN]	Fonts/build/GlyphItem/FontItem_6EAF.font.s
[GEN]	Fonts/build/GlyphItem/FontItem_9178.font.s
[GEN]	Fonts/build/GlyphItem/FontItem_968B.font.s
[GEN]	Fonts/build/GlyphItem/FontItem_849C.font.s
[GEN]	Fonts/build/GlyphItem/FontItem_7EE5.font.s
[GEN]	Fonts/build/GlyphItem/FontItem_9AD3.font.s
[GEN]	Fonts/build/GlyphItem/FontItem_7A57.font.s
[GEN]	Fonts/build/GlyphItem/FontItem_9042.font.s
[GEN]	Fonts/build/GlyphItem/FontItem_96A7.font.s
[GEN]	Fonts/build/GlyphItem/FontItem_795F.font.s
[GEN]	Fonts/build/GlyphItem/FontItem_7B0B.font.s
[GEN]	Fonts/build/GlyphItem/FontItem_84D1.font.s
[GEN]	Fonts/build/GlyphItem/FontItem_68AD.font.s
[GEN]	Fonts/build/GlyphItem/FontItem_5506.font.s
[GEN]	Fonts/build/GlyphItem/FontItem_7410.font.s
[GEN]	Fonts/build/GlyphItem/FontItem_584C.font.s
[GEN]	Fonts/build/GlyphItem/FontItem_736D.font.s
[GEN]	Fonts/build/GlyphItem/FontItem_631E.font.s
[GEN]	Fonts/build/GlyphItem/FontItem_8E4B.font.s
[GEN]	Fonts/build/GlyphItem/FontItem_82D4.font.s
[GEN]	Fonts/build/GlyphItem/FontItem_62AC.font.s
[GEN]	Fonts/build/GlyphItem/FontItem_6CF0.font.s
[GEN]	Fonts/build/GlyphItem/FontItem_915E.font.s
[GEN]	Fonts/build/GlyphItem/FontItem_6C70.font.s
[GEN]	Fonts/build/GlyphItem/FontItem_574D.font.s
[GEN]	Fonts/build/GlyphItem/FontItem_644A.font.s
[GEN]	Fonts/build/GlyphItem/FontItem_6EE9.font.s
[GEN]	Fonts/build/GlyphItem/FontItem_762B.font.s
[GEN]	Fonts/build/GlyphItem/FontItem_575B.font.s
[GEN]	Fonts/build/GlyphItem/FontItem_6A80.font.s
[GEN]	Fonts/build/GlyphItem/FontItem_75F0.font.s
[GEN]	Fonts/build/GlyphItem/FontItem_6F6D.font.s
[GEN]	Fonts/build/GlyphItem/FontItem_8C2D.font.s
[GEN]	Fonts/build/GlyphItem/FontItem_6BEF.font.s
[GEN]	Fonts/build/GlyphItem/FontItem_8892.font.s
[GEN]	Fonts/build/GlyphItem/FontItem_78B3.font.s
[GEN]	Fonts/build/GlyphItem/FontItem_70AD.font.s
[GEN]	Fonts/build/GlyphItem/FontItem_6C64.font.s
[GEN]	Fonts/build/GlyphItem/FontItem_5858.font.s
[GEN]	Fonts/build/GlyphItem/FontItem_642A.font.s
[GEN]	Fonts/build/GlyphItem/FontItem_68E0.font.s
[GEN]	Fonts/build/GlyphItem/FontItem_819B.font.s
[GEN]	Fonts/build/GlyphItem/FontItem_5510.font.s
[GEN]	Fonts/build/GlyphItem/FontItem_7CD6.font.s
[GEN]	Fonts/build/GlyphItem/FontItem_5018.font.s
[GEN]	Fonts/build/GlyphItem/FontItem_8EBA.font.s
[GEN]	Fonts/build/GlyphItem/FontItem_8D9F.font.s
[GEN]	Fonts/build/GlyphItem/FontItem_70EB.font.s
[GEN]	Fonts/build/GlyphItem/FontItem_638F.font.s
[GEN]	Fonts/build/GlyphItem/FontItem_6D9B.font.s
[GEN]	Fonts/build/GlyphItem/FontItem_6ED4.font.s
[GEN]	Fonts/build/GlyphItem/FontItem_7EE6.font.s
[GEN]	Fonts/build/GlyphItem/FontItem_8404.font.s
[GEN]	Fonts/build/GlyphItem/FontItem_6DD8.font.s
[GEN]	Fonts/build/GlyphItem/FontItem_9676.font.s
[GEN]	Fonts/build/GlyphItem/FontItem_85E4.font.s
[GEN]	Fonts/build/GlyphItem/FontItem_817E.font.s
[GEN]	Fonts/build/GlyphItem/FontItem_75BC.font.s
[GEN]	Fonts/build/GlyphItem/FontItem_8A8A.font.s
[GEN]	Fonts/build/GlyphItem/FontItem_5254.font.s
[GEN]	Fonts/build/GlyphItem/FontItem_8E22.font.s
[GEN]	Fonts/build/GlyphItem/FontItem_9511.font.s
[GEN]	Fonts/build/GlyphItem/FontItem_8E44.font.s
[GEN]	Fonts/build/GlyphItem/FontItem_557C.font.s
[GEN]	Fonts/build/GlyphItem/FontItem_568F.font.s
[GEN]	Fonts/build/GlyphItem/FontItem_60D5.font.s
[GEN]	Fonts/build/GlyphItem/FontItem_6D95.font.s
[GEN]	Fonts/build/GlyphItem/FontItem_5243.font.s
[GEN]	Fonts/build/GlyphItem/FontItem_5C49.font.s
[GEN]	Fonts/build/GlyphItem/FontItem_586B.font.s
[GEN]	Fonts/build/GlyphItem/FontItem_751C.font.s
[GEN]	Fonts/build/GlyphItem/FontItem_606C.font.s
[GEN]	Fonts/build/GlyphItem/FontItem_8214.font.s
[GEN]	Fonts/build/GlyphItem/FontItem_8146.font.s
[GEN]	Fonts/build/GlyphItem/FontItem_8FE2.font.s
[GEN]	Fonts/build/GlyphItem/FontItem_773A.font.s
[GEN]	Fonts/build/GlyphItem/FontItem_5E16.font.s
[GEN]	Fonts/build/GlyphItem/FontItem_5385.font.s
[GEN]	Fonts/build/GlyphItem/FontItem_70C3.font.s
[GEN]	Fonts/build/GlyphItem/FontItem_6C40.font.s
[GEN]	Fonts/build/GlyphItem/FontItem_4EAD.font.s
[GEN]	Fonts/build/GlyphItem/FontItem_633A.font.s
[GEN]	Fonts/build/GlyphItem/FontItem_8247.font.s
[GEN]	Fonts/build/GlyphItem/FontItem_6850.font.s
[GEN]	Fonts/build/GlyphItem/FontItem_916E.font.s
[GEN]	Fonts/build/GlyphItem/FontItem_94DC.font.s
[GEN]	Fonts/build/GlyphItem/FontItem_5F64.font.s
[GEN]	Fonts/build/GlyphItem/FontItem_7AE5.font.s
[GEN]	Fonts/build/GlyphItem/FontItem_6345.font.s
[GEN]	Fonts/build/GlyphItem/FontItem_7B52.font.s
[GEN]	Fonts/build/GlyphItem/FontItem_900F.font.s
[GEN]	Fonts/build/GlyphItem/FontItem_51F8.font.s
[GEN]	Fonts/build/GlyphItem/FontItem_79C3.font.s
[GEN]	Fonts/build/GlyphItem/FontItem_6D82.font.s
[GEN]	Fonts/build/GlyphItem/FontItem_5C60.font.s
[GEN]	Fonts/build/GlyphItem/FontItem_5154.font.s
[GEN]	Fonts/build/GlyphItem/FontItem_6E4D.font.s
[GEN]	Fonts/build/GlyphItem/FontItem_9893.font.s
[GEN]	Fonts/build/GlyphItem/FontItem_817F.font.s
[GEN]	Fonts/build/GlyphItem/FontItem_8715.font.s
[GEN]	Fonts/build/GlyphItem/FontItem_892A.font.s
[GEN]	Fonts/build/GlyphItem/FontItem_541E.font.s
[GEN]	Fonts/build/GlyphItem/FontItem_5C6F.font.s
[GEN]	Fonts/build/GlyphItem/FontItem_81C0.font.s
[GEN]	Fonts/build/GlyphItem/FontItem_62D6.font.s
[GEN]	Fonts/build/GlyphItem/FontItem_9E35.font.s
[GEN]	Fonts/build/GlyphItem/FontItem_9640.font.s
[GEN]	Fonts/build/GlyphItem/FontItem_9A6E.font.s
[GEN]	Fonts/build/GlyphItem/FontItem_9A7C.font.s
[GEN]	Fonts/build/GlyphItem/FontItem_692D.font.s
[GEN]	Fonts/build/GlyphItem/FontItem_59A5.font.s
[GEN]	Fonts/build/GlyphItem/FontItem_62D3.font.s
[GEN]	Fonts/build/GlyphItem/FontItem_553E.font.s
[GEN]	Fonts/build/GlyphItem/FontItem_6316.font.s
[GEN]	Fonts/build/GlyphItem/FontItem_54C7.font.s
[GEN]	Fonts/build/GlyphItem/FontItem_86D9.font.s
[GEN]	Fonts/build/GlyphItem/FontItem_6D3C.font.s
[GEN]	Fonts/build/GlyphItem/FontItem_5A03.font.s
[GEN]	Fonts/build/GlyphItem/FontItem_889C.font.s
[GEN]	Fonts/build/GlyphItem/FontItem_6B6A.font.s
[GEN]	Fonts/build/GlyphItem/FontItem_8C4C.font.s
[GEN]	Fonts/build/GlyphItem/FontItem_5F2F.font.s
[GEN]	Fonts/build/GlyphItem/FontItem_6E7E.font.s
[GEN]	Fonts/build/GlyphItem/FontItem_987D.font.s
[GEN]	Fonts/build/GlyphItem/FontItem_4E38.font.s
[GEN]	Fonts/build/GlyphItem/FontItem_70F7.font.s
[GEN]	Fonts/build/GlyphItem/FontItem_7897.font.s
[GEN]	Fonts/build/GlyphItem/FontItem_7696.font.s
[GEN]	Fonts/build/GlyphItem/FontItem_60CB.font.s
[GEN]	Fonts/build/GlyphItem/FontItem_5B9B.font.s
[GEN]	Fonts/build/GlyphItem/FontItem_6C6A.font.s
[GEN]	Fonts/build/GlyphItem/FontItem_6789.font.s
[GEN]	Fonts/build/GlyphItem/FontItem_7F51.font.s
[GEN]	Fonts/build/GlyphItem/FontItem_65FA.font.s
[GEN]	Fonts/build/GlyphItem/FontItem_5984.font.s
[GEN]	Fonts/build/GlyphItem/FontItem_5DCD.font.s
[GEN]	Fonts/build/GlyphItem/FontItem_8FDD.font.s
[GEN]	Fonts/build/GlyphItem/FontItem_60DF.font.s
[GEN]	Fonts/build/GlyphItem/FontItem_6F4D.font.s
[GEN]	Fonts/build/GlyphItem/FontItem_82C7.font.s
[GEN]	Fonts/build/GlyphItem/FontItem_840E.font.s
[GEN]	Fonts/build/GlyphItem/FontItem_4F2A.font.s
[GEN]	Fonts/build/GlyphItem/FontItem_5C3E.font.s
[GEN]	Fonts/build/GlyphItem/FontItem_7EAC.font.s
[GEN]	Fonts/build/GlyphItem/FontItem_851A.font.s
[GEN]	Fonts/build/GlyphItem/FontItem_80C3.font.s
[GEN]	Fonts/build/GlyphItem/FontItem_5582.font.s
[GEN]	Fonts/build/GlyphItem/FontItem_9B4F.font.s
[GEN]	Fonts/build/GlyphItem/FontItem_6E2D.font.s
[GEN]	Fonts/build/GlyphItem/FontItem_5C09.font.s
[GEN]	Fonts/build/GlyphItem/FontItem_761F.font.s
[GEN]	Fonts/build/GlyphItem/FontItem_868A.font.s
[GEN]	Fonts/build/GlyphItem/FontItem_543B.font.s
[GEN]	Fonts/build/GlyphItem/FontItem_7D0A.font.s
[GEN]	Fonts/build/GlyphItem/FontItem_55E1.font.s
[GEN]	Fonts/build/GlyphItem/FontItem_74EE.font.s
[GEN]	Fonts/build/GlyphItem/FontItem_631D.font.s
[GEN]	Fonts/build/GlyphItem/FontItem_8717.font.s
[GEN]	Fonts/build/GlyphItem/FontItem_7A9D.font.s
[GEN]	Fonts/build/GlyphItem/FontItem_65A1.font.s
[GEN]	Fonts/build/GlyphItem/FontItem_5367.font.s
[GEN]	Fonts/build/GlyphItem/FontItem_545C.font.s
[GEN]	Fonts/build/GlyphItem/FontItem_94A8.font.s
[GEN]	Fonts/build/GlyphItem/FontItem_8BEC.font.s
[GEN]	Fonts/build/GlyphItem/FontItem_68A7.font.s
[GEN]	Fonts/build/GlyphItem/FontItem_543E.font.s
[GEN]	Fonts/build/GlyphItem/FontItem_5434.font.s
[GEN]	Fonts/build/GlyphItem/FontItem_6BCB.font.s
[GEN]	Fonts/build/GlyphItem/FontItem_6342.font.s
[GEN]	Fonts/build/GlyphItem/FontItem_5348.font.s
[GEN]	Fonts/build/GlyphItem/FontItem_4FAE.font.s
[GEN]	Fonts/build/GlyphItem/FontItem_575E.font.s
[GEN]	Fonts/build/GlyphItem/FontItem_620A.font.s
[GEN]	Fonts/build/GlyphItem/FontItem_6664.font.s
[GEN]	Fonts/build/GlyphItem/FontItem_52FF.font.s
[GEN]	Fonts/build/GlyphItem/FontItem_7199.font.s
[GEN]	Fonts/build/GlyphItem/FontItem_6790.font.s
[GEN]	Fonts/build/GlyphItem/FontItem_7852.font.s
[GEN]	Fonts/build/GlyphItem/FontItem_77FD.font.s
[GEN]	Fonts/build/GlyphItem/FontItem_6670.font.s
[GEN]	Fonts/build/GlyphItem/FontItem_563B.font.s
[GEN]	Fonts/build/GlyphItem/FontItem_9521.font.s
[GEN]	Fonts/build/GlyphItem/FontItem_727A.font.s
[GEN]	Fonts/build/GlyphItem/FontItem_7A00.font.s
[GEN]	Fonts/build/GlyphItem/FontItem_6089.font.s
[GEN]	Fonts/build/GlyphItem/FontItem_5915.font.s
[GEN]	Fonts/build/GlyphItem/FontItem_7184.font.s
[GEN]	Fonts/build/GlyphItem/FontItem_70EF.font.s
[GEN]	Fonts/build/GlyphItem/FontItem_6C50.font.s
[GEN]	Fonts/build/GlyphItem/FontItem_7280.font.s
[GEN]	Fonts/build/GlyphItem/FontItem_6A84.font.s
[GEN]	Fonts/build/GlyphItem/FontItem_5AB3.font.s
[GEN]	Fonts/build/GlyphItem/FontItem_94E3.font.s
[GEN]	Fonts/build/GlyphItem/FontItem_6D17.font.s
[GEN]	Fonts/build/GlyphItem/FontItem_9699.font.s
[GEN]	Fonts/build/GlyphItem/FontItem_778E.font.s
[GEN]	Fonts/build/GlyphItem/FontItem_867E.font.s
[GEN]	Fonts/build/GlyphItem/FontItem_5323.font.s
[GEN]	Fonts/build/GlyphItem/FontItem_971E.font.s
[GEN]	Fonts/build/GlyphItem/FontItem_8F96.font.s
[GEN]	Fonts/build/GlyphItem/FontItem_5CE1.font.s
[GEN]	Fonts/build/GlyphItem/FontItem_53A6.font.s
[GEN]	Fonts/build/GlyphItem/FontItem_5413.font.s
[GEN]	Fonts/build/GlyphItem/FontItem_6380.font.s
[GEN]	Fonts/build/GlyphItem/FontItem_9528.font.s
[GEN]	Fonts/build/GlyphItem/FontItem_4ED9.font.s
[GEN]	Fonts/build/GlyphItem/FontItem_9C9C.font.s
[GEN]	Fonts/build/GlyphItem/FontItem_7EA4.font.s
[GEN]	Fonts/build/GlyphItem/FontItem_54B8.font.s
[GEN]	Fonts/build/GlyphItem/FontItem_8854.font.s
[GEN]	Fonts/build/GlyphItem/FontItem_6D8E.font.s
[GEN]	Fonts/build/GlyphItem/FontItem_5F26.font.s
[GEN]	Fonts/build/GlyphItem/FontItem_5ACC.font.s
[GEN]	Fonts/build/GlyphItem/FontItem_53BF.font.s
[GEN]	Fonts/build/GlyphItem/FontItem_817A.font.s
[GEN]	Fonts/build/GlyphItem/FontItem_9985.font.s
[GEN]	Fonts/build/GlyphItem/FontItem_5BAA.font.s
[GEN]	Fonts/build/GlyphItem/FontItem_53A2.font.s
[GEN]	Fonts/build/GlyphItem/FontItem_9576.font.s
[GEN]	Fonts/build/GlyphItem/FontItem_8944.font.s
[GEN]	Fonts/build/GlyphItem/FontItem_6E58.font.s
[GEN]	Fonts/build/GlyphItem/FontItem_7965.font.s
[GEN]	Fonts/build/GlyphItem/FontItem_4EAB.font.s
[GEN]	Fonts/build/GlyphItem/FontItem_5DF7.font.s
[GEN]	Fonts/build/GlyphItem/FontItem_6A61.font.s
[GEN]	Fonts/build/GlyphItem/FontItem_8427.font.s
[GEN]	Fonts/build/GlyphItem/FontItem_785D.font.s
[GEN]	Fonts/build/GlyphItem/FontItem_9704.font.s
[GEN]	Fonts/build/GlyphItem/FontItem_524A.font.s
[GEN]	Fonts/build/GlyphItem/FontItem_54EE.font.s
[GEN]	Fonts/build/GlyphItem/FontItem_56A3.font.s
[GEN]	Fonts/build/GlyphItem/FontItem_9500.font.s
[GEN]	Fonts/build/GlyphItem/FontItem_5BB5.font.s
[GEN]	Fonts/build/GlyphItem/FontItem_6DC6.font.s
[GEN]	Fonts/build/GlyphItem/FontItem_5B5D.font.s
[GEN]	Fonts/build/GlyphItem/FontItem_8096.font.s
[GEN]	Fonts/build/GlyphItem/FontItem_5578.font.s
[GEN]	Fonts/build/GlyphItem/FontItem_6954.font.s
[GEN]	Fonts/build/GlyphItem/FontItem_6B47.font.s
[GEN]	Fonts/build/GlyphItem/FontItem_874E.font.s
[GEN]	Fonts/build/GlyphItem/FontItem_978B.font.s
[GEN]	Fonts/build/GlyphItem/FontItem_631F.font.s
[GEN]	Fonts/build/GlyphItem/FontItem_643A.font.s
[GEN]	Fonts/build/GlyphItem/FontItem_659C.font.s
[GEN]	Fonts/build/GlyphItem/FontItem_80C1.font.s
[GEN]	Fonts/build/GlyphItem/FontItem_8C10.font.s
[GEN]	Fonts/build/GlyphItem/FontItem_68B0.font.s
[GEN]	Fonts/build/GlyphItem/FontItem_5378.font.s
[GEN]	Fonts/build/GlyphItem/FontItem_87F9.font.s
[GEN]	Fonts/build/GlyphItem/FontItem_6CC4.font.s
[GEN]	Fonts/build/GlyphItem/FontItem_6CFB.font.s
[GEN]	Fonts/build/GlyphItem/FontItem_5C51.font.s
[GEN]	Fonts/build/GlyphItem/FontItem_82AF.font.s
[GEN]	Fonts/build/GlyphItem/FontItem_950C.font.s
[GEN]	Fonts/build/GlyphItem/FontItem_5FFB.font.s
[GEN]	Fonts/build/GlyphItem/FontItem_8845.font.s
[GEN]	Fonts/build/GlyphItem/FontItem_8165.font.s
[GEN]	Fonts/build/GlyphItem/FontItem_7329.font.s
[GEN]	Fonts/build/GlyphItem/FontItem_60FA.font.s
[GEN]	Fonts/build/GlyphItem/FontItem_5211.font.s
[GEN]	Fonts/build/GlyphItem/FontItem_90A2.font.s
[GEN]	Fonts/build/GlyphItem/FontItem_674F.font.s
[GEN]	Fonts/build/GlyphItem/FontItem_51F6.font.s
[GEN]	Fonts/build/GlyphItem/FontItem_80F8.font.s
[GEN]	Fonts/build/GlyphItem/FontItem_5308.font.s
[GEN]	Fonts/build/GlyphItem/FontItem_6C79.font.s
[GEN]	Fonts/build/GlyphItem/FontItem_718A.font.s
[GEN]	Fonts/build/GlyphItem/FontItem_673D.font.s
[GEN]	Fonts/build/GlyphItem/FontItem_55C5.font.s
[GEN]	Fonts/build/GlyphItem/FontItem_9508.font.s
[GEN]	Fonts/build/GlyphItem/FontItem_7EE3.font.s
[GEN]	Fonts/build/GlyphItem/FontItem_620C.font.s
[GEN]	Fonts/build/GlyphItem/FontItem_865A.font.s
[GEN]	Fonts/build/GlyphItem/FontItem_5618.font.s
[GEN]	Fonts/build/GlyphItem/FontItem_5F90.font.s
[GEN]	Fonts/build/GlyphItem/FontItem_84C4.font.s
[GEN]	Fonts/build/GlyphItem/FontItem_9157.font.s
[GEN]	Fonts/build/GlyphItem/FontItem_53D9.font.s
[GEN]	Fonts/build/GlyphItem/FontItem_65ED.font.s
[GEN]	Fonts/build/GlyphItem/FontItem_6064.font.s
[GEN]	Fonts/build/GlyphItem/FontItem_7D6E.font.s
[GEN]	Fonts/build/GlyphItem/FontItem_5A7F.font.s
[GEN]	Fonts/build/GlyphItem/FontItem_7EEA.font.s
[GEN]	Fonts/build/GlyphItem/FontItem_8F69.font.s
[GEN]	Fonts/build/GlyphItem/FontItem_55A7.font.s
[GEN]	Fonts/build/GlyphItem/FontItem_7384.font.s
[GEN]	Fonts/build/GlyphItem/FontItem_7663.font.s
[GEN]	Fonts/build/GlyphItem/FontItem_7729.font.s
[GEN]	Fonts/build/GlyphItem/FontItem_7EDA.font.s
[GEN]	Fonts/build/GlyphItem/FontItem_859B.font.s
[GEN]	Fonts/build/GlyphItem/FontItem_7A74.font.s
[GEN]	Fonts/build/GlyphItem/FontItem_718F.font.s
[GEN]	Fonts/build/GlyphItem/FontItem_65EC.font.s
[GEN]	Fonts/build/GlyphItem/FontItem_8BE2.font.s
[GEN]	Fonts/build/GlyphItem/FontItem_9A6F.font.s
[GEN]	Fonts/build/GlyphItem/FontItem_6B89.font.s
[GEN]	Fonts/build/GlyphItem/FontItem_6C5B.font.s
[GEN]	Fonts/build/GlyphItem/FontItem_8BAF.font.s
[GEN]	Fonts/build/GlyphItem/FontItem_900A.font.s
[GEN]	Fonts/build/GlyphItem/FontItem_8FC5.font.s
[GEN]	Fonts/build/GlyphItem/FontItem_62BC.font.s
[GEN]	Fonts/build/GlyphItem/FontItem_9E2D.font.s
[GEN]	Fonts/build/GlyphItem/FontItem_5440.font.s
[GEN]	Fonts/build/GlyphItem/FontItem_4E2B.font.s
[GEN]	Fonts/build/GlyphItem/FontItem_869C.font.s
[GEN]	Fonts/build/GlyphItem/FontItem_8859.font.s
[GEN]	Fonts/build/GlyphItem/FontItem_54D1.font.s
[GEN]	Fonts/build/GlyphItem/FontItem_7109.font.s
[GEN]	Fonts/build/GlyphItem/FontItem_54BD.font.s
[GEN]	Fonts/build/GlyphItem/FontItem_9609.font.s
[GEN]	Fonts/build/GlyphItem/FontItem_70DF.font.s
[GEN]	Fonts/build/GlyphItem/FontItem_6DF9.font.s
[GEN]	Fonts/build/GlyphItem/FontItem_76D0.font.s
[GEN]	Fonts/build/GlyphItem/FontItem_8712.font.s
[GEN]	Fonts/build/GlyphItem/FontItem_960E.font.s
[GEN]	Fonts/build/GlyphItem/FontItem_6CBF.font.s
[GEN]	Fonts/build/GlyphItem/FontItem_5944.font.s
[GEN]	Fonts/build/GlyphItem/FontItem_884D.font.s
[GEN]	Fonts/build/GlyphItem/FontItem_5830.font.s
[GEN]	Fonts/build/GlyphItem/FontItem_71D5.font.s
[GEN]	Fonts/build/GlyphItem/FontItem_781A.font.s
[GEN]	Fonts/build/GlyphItem/FontItem_96C1.font.s
[GEN]	Fonts/build/GlyphItem/FontItem_5501.font.s
[GEN]	Fonts/build/GlyphItem/FontItem_5F66.font.s
[GEN]	Fonts/build/GlyphItem/FontItem_5BB4.font.s
[GEN]	Fonts/build/GlyphItem/FontItem_8C1A.font.s
[GEN]	Fonts/build/GlyphItem/FontItem_6B83.font.s
[GEN]	Fonts/build/GlyphItem/FontItem_592E.font.s
[GEN]	Fonts/build/GlyphItem/FontItem_9E2F.font.s
[GEN]	Fonts/build/GlyphItem/FontItem_79E7.font.s
[GEN]	Fonts/build/GlyphItem/FontItem_4F6F.font.s
[GEN]	Fonts/build/GlyphItem/FontItem_75A1.font.s
[GEN]	Fonts/build/GlyphItem/FontItem_7F8A.font.s
[GEN]	Fonts/build/GlyphItem/FontItem_6D0B.font.s
[GEN]	Fonts/build/GlyphItem/FontItem_6C27.font.s
[GEN]	Fonts/build/GlyphItem/FontItem_75D2.font.s
[GEN]	Fonts/build/GlyphItem/FontItem_6F3E.font.s
[GEN]	Fonts/build/GlyphItem/FontItem_8170.font.s
[GEN]	Fonts/build/GlyphItem/FontItem_7476.font.s
[GEN]	Fonts/build/GlyphItem/FontItem_5C27.font.s
[GEN]	Fonts/build/GlyphItem/FontItem_7A91.font.s
[GEN]	Fonts/build/GlyphItem/FontItem_8C23.font.s
[GEN]	Fonts/build/GlyphItem/FontItem_59DA.font.s
[GEN]	Fonts/build/GlyphItem/FontItem_54AC.font.s
[GEN]	Fonts/build/GlyphItem/FontItem_8200.font.s
[GEN]	Fonts/build/GlyphItem/FontItem_8000.font.s
[GEN]	Fonts/build/GlyphItem/FontItem_6930.font.s
[GEN]	Fonts/build/GlyphItem/FontItem_564E.font.s
[GEN]	Fonts/build/GlyphItem/FontItem_8036.font.s
[GEN]	Fonts/build/GlyphItem/FontItem_9875.font.s
[GEN]	Fonts/build/GlyphItem/FontItem_6396.font.s
[GEN]	Fonts/build/GlyphItem/FontItem_51B6.font.s
[GEN]	Fonts/build/GlyphItem/FontItem_66F3.font.s
[GEN]	Fonts/build/GlyphItem/FontItem_53F6.font.s
[GEN]	Fonts/build/GlyphItem/FontItem_814B.font.s
[GEN]	Fonts/build/GlyphItem/FontItem_6DB2.font.s
[GEN]	Fonts/build/GlyphItem/FontItem_58F9.font.s
[GEN]	Fonts/build/GlyphItem/FontItem_63D6.font.s
[GEN]	Fonts/build/GlyphItem/FontItem_94F1.font.s
[GEN]	Fonts/build/GlyphItem/FontItem_5937.font.s
[GEN]	Fonts/build/GlyphItem/FontItem_80F0.font.s
[GEN]	Fonts/build/GlyphItem/FontItem_6C82.font.s
[GEN]	Fonts/build/GlyphItem/FontItem_5F5D.font.s
[GEN]	Fonts/build/GlyphItem/FontItem_6905.font.s
[GEN]	Fonts/build/GlyphItem/FontItem_8681.font.s
[GEN]	Fonts/build/GlyphItem/FontItem_501A.font.s
[GEN]	Fonts/build/GlyphItem/FontItem_4E59.font.s
[GEN]	Fonts/build/GlyphItem/FontItem_77E3.font.s
[GEN]	Fonts/build/GlyphItem/FontItem_6291.font.s
[GEN]	Fonts/build/GlyphItem/FontItem_9091.font.s
[GEN]	Fonts/build/GlyphItem/FontItem_5C79.font.s
[GEN]	Fonts/build/GlyphItem/FontItem_4EBF.font.s
[GEN]	Fonts/build/GlyphItem/FontItem_81C6.font.s
[GEN]	Fonts/build/GlyphItem/FontItem_9038.font.s
[GEN]	Fonts/build/GlyphItem/FontItem_8084.font.s
[GEN]	Fonts/build/GlyphItem/FontItem_75AB.font.s
[GEN]	Fonts/build/GlyphItem/FontItem_4EA6.font.s
[GEN]	Fonts/build/GlyphItem/FontItem_8C0A.font.s
[GEN]	Fonts/build/GlyphItem/FontItem_8BD1.font.s
[GEN]	Fonts/build/GlyphItem/FontItem_7FCC.font.s
[GEN]	Fonts/build/GlyphItem/FontItem_8335.font.s
[GEN]	Fonts/build/GlyphItem/FontItem_836B.font.s
[GEN]	Fonts/build/GlyphItem/FontItem_6BB7.font.s
[GEN]	Fonts/build/GlyphItem/FontItem_59FB.font.s
[GEN]	Fonts/build/GlyphItem/FontItem_6DEB.font.s
[GEN]	Fonts/build/GlyphItem/FontItem_5BC5.font.s
[GEN]	Fonts/build/GlyphItem/FontItem_996E.font.s
[GEN]	Fonts/build/GlyphItem/FontItem_5C39.font.s
[GEN]	Fonts/build/GlyphItem/FontItem_6A31.font.s
[GEN]	Fonts/build/GlyphItem/FontItem_5A74.font.s
[GEN]	Fonts/build/GlyphItem/FontItem_9E70.font.s
[GEN]	Fonts/build/GlyphItem/FontItem_7F28.font.s
[GEN]	Fonts/build/GlyphItem/FontItem_83B9.font.s
[GEN]	Fonts/build/GlyphItem/FontItem_8425.font.s
[GEN]	Fonts/build/GlyphItem/FontItem_8367.font.s
[GEN]	Fonts/build/GlyphItem/FontItem_8747.font.s
[GEN]	Fonts/build/GlyphItem/FontItem_76C8.font.s
[GEN]	Fonts/build/GlyphItem/FontItem_9896.font.s
[GEN]	Fonts/build/GlyphItem/FontItem_6620.font.s
[GEN]	Fonts/build/GlyphItem/FontItem_54DF.font.s
[GEN]	Fonts/build/GlyphItem/FontItem_81C3.font.s
[GEN]	Fonts/build/GlyphItem/FontItem_75C8.font.s
[GEN]	Fonts/build/GlyphItem/FontItem_5EB8.font.s
[GEN]	Fonts/build/GlyphItem/FontItem_96CD.font.s
[GEN]	Fonts/build/GlyphItem/FontItem_8E0A.font.s
[GEN]	Fonts/build/GlyphItem/FontItem_86F9.font.s
[GEN]	Fonts/build/GlyphItem/FontItem_548F.font.s
[GEN]	Fonts/build/GlyphItem/FontItem_6CF3.font.s
[GEN]	Fonts/build/GlyphItem/FontItem_6D8C.font.s
[GEN]	Fonts/build/GlyphItem/FontItem_607F.font.s
[GEN]	Fonts/build/GlyphItem/FontItem_90AE.font.s
[GEN]	Fonts/build/GlyphItem/FontItem_94C0.font.s
[GEN]	Fonts/build/GlyphItem/FontItem_6CB9.font.s
[GEN]	Fonts/build/GlyphItem/FontItem_9149.font.s
[GEN]	Fonts/build/GlyphItem/FontItem_4F51.font.s
[GEN]	Fonts/build/GlyphItem/FontItem_91C9.font.s
[GEN]	Fonts/build/GlyphItem/FontItem_8BF1.font.s
[GEN]	Fonts/build/GlyphItem/FontItem_8FC2.font.s
[GEN]	Fonts/build/GlyphItem/FontItem_6DE4.font.s
[GEN]	Fonts/build/GlyphItem/FontItem_76C2.font.s
[GEN]	Fonts/build/GlyphItem/FontItem_6986.font.s
[GEN]	Fonts/build/GlyphItem/FontItem_865E.font.s
[GEN]	Fonts/build/GlyphItem/FontItem_611A.font.s
[GEN]	Fonts/build/GlyphItem/FontItem_8206.font.s
[GEN]	Fonts/build/GlyphItem/FontItem_4FDE.font.s
[GEN]	Fonts/build/GlyphItem/FontItem_903E.font.s
[GEN]	Fonts/build/GlyphItem/FontItem_9C7C.font.s
[GEN]	Fonts/build/GlyphItem/FontItem_6E1D.font.s
[GEN]	Fonts/build/GlyphItem/FontItem_6E14.font.s
[GEN]	Fonts/build/GlyphItem/FontItem_9685.font.s
[GEN]	Fonts/build/GlyphItem/FontItem_5A31.font.s
[GEN]	Fonts/build/GlyphItem/FontItem_79B9.font.s
[GEN]	Fonts/build/GlyphItem/FontItem_5B87.font.s
[GEN]	Fonts/build/GlyphItem/FontItem_828B.font.s
[GEN]	Fonts/build/GlyphItem/FontItem_5401.font.s
[GEN]	Fonts/build/GlyphItem/FontItem_55BB.font.s
[GEN]	Fonts/build/GlyphItem/FontItem_5CEA.font.s
[GEN]	Fonts/build/GlyphItem/FontItem_6D74.font.s
[GEN]	Fonts/build/GlyphItem/FontItem_5BD3.font.s
[GEN]	Fonts/build/GlyphItem/FontItem_88D5.font.s
[GEN]	Fonts/build/GlyphItem/FontItem_9A6D.font.s
[GEN]	Fonts/build/GlyphItem/FontItem_9E33.font.s
[GEN]	Fonts/build/GlyphItem/FontItem_6E0A.font.s
[GEN]	Fonts/build/GlyphItem/FontItem_51A4.font.s
[GEN]	Fonts/build/GlyphItem/FontItem_57A3.font.s
[GEN]	Fonts/build/GlyphItem/FontItem_8881.font.s
[GEN]	Fonts/build/GlyphItem/FontItem_8F95.font.s
[GEN]	Fonts/build/GlyphItem/FontItem_733F.font.s
[GEN]	Fonts/build/GlyphItem/FontItem_82D1.font.s
[GEN]	Fonts/build/GlyphItem/FontItem_6028.font.s
[GEN]	Fonts/build/GlyphItem/FontItem_66F0.font.s
[GEN]	Fonts/build/GlyphItem/FontItem_7CA4.font.s
[GEN]	Fonts/build/GlyphItem/FontItem_9605.font.s
[GEN]	Fonts/build/GlyphItem/FontItem_8018.font.s
[GEN]	Fonts/build/GlyphItem/FontItem_4E91.font.s
[GEN]	Fonts/build/GlyphItem/FontItem_90E7.font.s
[GEN]	Fonts/build/GlyphItem/FontItem_5300.font.s
[GEN]	Fonts/build/GlyphItem/FontItem_9668.font.s
[GEN]	Fonts/build/GlyphItem/FontItem_5141.font.s
[GEN]	Fonts/build/GlyphItem/FontItem_8574.font.s
[GEN]	Fonts/build/GlyphItem/FontItem_915D.font.s
[GEN]	Fonts/build/GlyphItem/FontItem_6655.font.s
[GEN]	Fonts/build/GlyphItem/FontItem_97F5.font.s
[GEN]	Fonts/build/GlyphItem/FontItem_531D.font.s
[GEN]	Fonts/build/GlyphItem/FontItem_7838.font.s
[GEN]	Fonts/build/GlyphItem/FontItem_6742.font.s
[GEN]	Fonts/build/GlyphItem/FontItem_683D.font.s
[GEN]	Fonts/build/GlyphItem/FontItem_54C9.font.s
[GEN]	Fonts/build/GlyphItem/FontItem_54B1.font.s
[GEN]	Fonts/build/GlyphItem/FontItem_6512.font.s
[GEN]	Fonts/build/GlyphItem/FontItem_8D43.font.s
[GEN]	Fonts/build/GlyphItem/FontItem_810F.font.s
[GEN]	Fonts/build/GlyphItem/FontItem_846C.font.s
[GEN]	Fonts/build/GlyphItem/FontItem_7CDF.font.s
[GEN]	Fonts/build/GlyphItem/FontItem_51FF.font.s
[GEN]	Fonts/build/GlyphItem/FontItem_85FB.font.s
[GEN]	Fonts/build/GlyphItem/FontItem_67A3.font.s
[GEN]	Fonts/build/GlyphItem/FontItem_6FA1.font.s
[GEN]	Fonts/build/GlyphItem/FontItem_86A4.font.s
[GEN]	Fonts/build/GlyphItem/FontItem_8E81.font.s
[GEN]	Fonts/build/GlyphItem/FontItem_566A.font.s
[GEN]	Fonts/build/GlyphItem/FontItem_7682.font.s
[GEN]	Fonts/build/GlyphItem/FontItem_7076.font.s
[GEN]	Fonts/build/GlyphItem/FontItem_71E5.font.s
[GEN]	Fonts/build/GlyphItem/FontItem_8D60.font.s
[GEN]	Fonts/build/GlyphItem/FontItem_55B3.font.s
[GEN]	Fonts/build/GlyphItem/FontItem_6E23.font.s
[GEN]	Fonts/build/GlyphItem/FontItem_672D.font.s
[GEN]	Fonts/build/GlyphItem/FontItem_8F67.font.s
[GEN]	Fonts/build/GlyphItem/FontItem_94E1.font.s
[GEN]	Fonts/build/GlyphItem/FontItem_95F8.font.s
[GEN]	Fonts/build/GlyphItem/FontItem_7728.font.s
[GEN]	Fonts/build/GlyphItem/FontItem_6805.font.s
[GEN]	Fonts/build/GlyphItem/FontItem_69A8.font.s
[GEN]	Fonts/build/GlyphItem/FontItem_548B.font.s
[GEN]	Fonts/build/GlyphItem/FontItem_4E4D.font.s
[GEN]	Fonts/build/GlyphItem/FontItem_70B8.font.s
[GEN]	Fonts/build/GlyphItem/FontItem_8BC8.font.s
[GEN]	Fonts/build/GlyphItem/FontItem_6458.font.s
[GEN]	Fonts/build/GlyphItem/FontItem_658B.font.s
[GEN]	Fonts/build/GlyphItem/FontItem_7A84.font.s
[GEN]	Fonts/build/GlyphItem/FontItem_503A.font.s
[GEN]	Fonts/build/GlyphItem/FontItem_77BB.font.s
[GEN]	Fonts/build/GlyphItem/FontItem_6BE1.font.s
[GEN]	Fonts/build/GlyphItem/FontItem_8A79.font.s
[GEN]	Fonts/build/GlyphItem/FontItem_7C98.font.s
[GEN]	Fonts/build/GlyphItem/FontItem_6CBE.font.s
[GEN]	Fonts/build/GlyphItem/FontItem_76CF.font.s
[GEN]	Fonts/build/GlyphItem/FontItem_8F97.font.s
[GEN]	Fonts/build/GlyphItem/FontItem_5D2D.font.s
[GEN]	Fonts/build/GlyphItem/FontItem_8638.font.s
[GEN]	Fonts/build/GlyphItem/FontItem_6808.font.s
[GEN]	Fonts/build/GlyphItem/FontItem_7EFD.font.s
[GEN]	Fonts/build/GlyphItem/FontItem_6A1F.font.s
[GEN]	Fonts/build/GlyphItem/FontItem_6F33.font.s
[GEN]	Fonts/build/GlyphItem/FontItem_6DA8.font.s
[GEN]	Fonts/build/GlyphItem/FontItem_8D26.font.s
[GEN]	Fonts/build/GlyphItem/FontItem_4ED7.font.s
[GEN]	Fonts/build/GlyphItem/FontItem_80C0.font.s
[GEN]	Fonts/build/GlyphItem/FontItem_7634.font.s
[GEN]	Fonts/build/GlyphItem/FontItem_662D.font.s
[GEN]	Fonts/build/GlyphItem/FontItem_6CBC.font.s
[GEN]	Fonts/build/GlyphItem/FontItem_8D75.font.s
[GEN]	Fonts/build/GlyphItem/FontItem_5146.font.s
[GEN]	Fonts/build/GlyphItem/FontItem_8087.font.s
[GEN]	Fonts/build/GlyphItem/FontItem_906E.font.s
[GEN]	Fonts/build/GlyphItem/FontItem_6298.font.s
[GEN]	Fonts/build/GlyphItem/FontItem_54F2.font.s
[GEN]	Fonts/build/GlyphItem/FontItem_86F0.font.s
[GEN]	Fonts/build/GlyphItem/FontItem_8F99.font.s
[GEN]	Fonts/build/GlyphItem/FontItem_9517.font.s
[GEN]	Fonts/build/GlyphItem/FontItem_8517.font.s
[GEN]	Fonts/build/GlyphItem/FontItem_6D59.font.s
[GEN]	Fonts/build/GlyphItem/FontItem_659F.font.s
[GEN]	Fonts/build/GlyphItem/FontItem_7504.font.s
[GEN]	Fonts/build/GlyphItem/FontItem_7827.font.s
[GEN]	Fonts/build/GlyphItem/FontItem_81FB.font.s
[GEN]	Fonts/build/GlyphItem/FontItem_8D1E.font.s
[GEN]	Fonts/build/GlyphItem/FontItem_9488.font.s
[GEN]	Fonts/build/GlyphItem/FontItem_6795.font.s
[GEN]	Fonts/build/GlyphItem/FontItem_75B9.font.s
[GEN]	Fonts/build/GlyphItem/FontItem_8BCA.font.s
[GEN]	Fonts/build/GlyphItem/FontItem_84B8.font.s
[GEN]	Fonts/build/GlyphItem/FontItem_6323.font.s
[GEN]	Fonts/build/GlyphItem/FontItem_7741.font.s
[GEN]	Fonts/build/GlyphItem/FontItem_72F0.font.s
[GEN]	Fonts/build/GlyphItem/FontItem_6014.font.s
[GEN]	Fonts/build/GlyphItem/FontItem_62EF.font.s
[GEN]	Fonts/build/GlyphItem/FontItem_5E27.font.s
[GEN]	Fonts/build/GlyphItem/FontItem_90D1.font.s
[GEN]	Fonts/build/GlyphItem/FontItem_829D.font.s
[GEN]	Fonts/build/GlyphItem/FontItem_679D.font.s
[GEN]	Fonts/build/GlyphItem/FontItem_5431.font.s
[GEN]	Fonts/build/GlyphItem/FontItem_80A2.font.s
[GEN]	Fonts/build/GlyphItem/FontItem_8102.font.s
[GEN]	Fonts/build/GlyphItem/FontItem_6C41.font.s
[GEN]	Fonts/build/GlyphItem/FontItem_690D.font.s
[GEN]	Fonts/build/GlyphItem/FontItem_6B96.font.s
[GEN]	Fonts/build/GlyphItem/FontItem_4F84.font.s
[GEN]	Fonts/build/GlyphItem/FontItem_8DBE.font.s
[GEN]	Fonts/build/GlyphItem/FontItem_65E8.font.s
[GEN]	Fonts/build/GlyphItem/FontItem_7EB8.font.s
[GEN]	Fonts/build/GlyphItem/FontItem_631A.font.s
[GEN]	Fonts/build/GlyphItem/FontItem_5E1C.font.s
[GEN]	Fonts/build/GlyphItem/FontItem_5CD9.font.s
[GEN]	Fonts/build/GlyphItem/FontItem_79E9.font.s
[GEN]	Fonts/build/GlyphItem/FontItem_7A1A.font.s
[GEN]	Fonts/build/GlyphItem/FontItem_7099.font.s
[GEN]	Fonts/build/GlyphItem/FontItem_75D4.font.s
[GEN]	Fonts/build/GlyphItem/FontItem_7A92.font.s
[GEN]	Fonts/build/GlyphItem/FontItem_76C5.font.s
[GEN]	Fonts/build/GlyphItem/FontItem_949F.font.s
[GEN]	Fonts/build/GlyphItem/FontItem_80BF.font.s
[GEN]	Fonts/build/GlyphItem/FontItem_4EF2.font.s
[GEN]	Fonts/build/GlyphItem/FontItem_821F.font.s
[GEN]	Fonts/build/GlyphItem/FontItem_5DDE.font.s
[GEN]	Fonts/build/GlyphItem/FontItem_6D32.font.s
[GEN]	Fonts/build/GlyphItem/FontItem_8BCC.font.s
[GEN]	Fonts/build/GlyphItem/FontItem_7CA5.font.s
[GEN]	Fonts/build/GlyphItem/FontItem_8F74.font.s
[GEN]	Fonts/build/GlyphItem/FontItem_8098.font.s
[GEN]	Fonts/build/GlyphItem/FontItem_5E1A.font.s
[GEN]	Fonts/build/GlyphItem/FontItem_5492.font.s
[GEN]	Fonts/build/GlyphItem/FontItem_76B1.font.s
[GEN]	Fonts/build/GlyphItem/FontItem_5B99.font.s
[GEN]	Fonts/build/GlyphItem/FontItem_9AA4.font.s
[GEN]	Fonts/build/GlyphItem/FontItem_73E0.font.s
[GEN]	Fonts/build/GlyphItem/FontItem_682A.font.s
[GEN]	Fonts/build/GlyphItem/FontItem_732A.font.s
[GEN]	Fonts/build/GlyphItem/FontItem_8BF8.font.s
[GEN]	Fonts/build/GlyphItem/FontItem_8BDB.font.s
[GEN]	Fonts/build/GlyphItem/FontItem_70DB.font.s
[GEN]	Fonts/build/GlyphItem/FontItem_716E.font.s
[GEN]	Fonts/build/GlyphItem/FontItem_62C4.font.s
[GEN]	Fonts/build/GlyphItem/FontItem_77A9.font.s
[GEN]	Fonts/build/GlyphItem/FontItem_5631.font.s
[GEN]	Fonts/build/GlyphItem/FontItem_86C0.font.s
[GEN]	Fonts/build/GlyphItem/FontItem_8D2E.font.s
[GEN]	Fonts/build/GlyphItem/FontItem_94F8.font.s
[GEN]	Fonts/build/GlyphItem/FontItem_7B51.font.s
[GEN]	Fonts/build/GlyphItem/FontItem_6293.font.s
[GEN]	Fonts/build/GlyphItem/FontItem_62FD.font.s
[GEN]	Fonts/build/GlyphItem/FontItem_7816.font.s
[GEN]	Fonts/build/GlyphItem/FontItem_64B0.font.s
[GEN]	Fonts/build/GlyphItem/FontItem_7BC6.font.s
[GEN]	Fonts/build/GlyphItem/FontItem_6869.font.s
[GEN]	Fonts/build/GlyphItem/FontItem_5986.font.s
[GEN]	Fonts/build/GlyphItem/FontItem_649E.font.s
[GEN]	Fonts/build/GlyphItem/FontItem_690E.font.s
[GEN]	Fonts/build/GlyphItem/FontItem_9525.font.s
[GEN]	Fonts/build/GlyphItem/FontItem_8D58.font.s
[GEN]	Fonts/build/GlyphItem/FontItem_7F00.font.s
[GEN]	Fonts/build/GlyphItem/FontItem_8C06.font.s
[GEN]	Fonts/build/GlyphItem/FontItem_6349.font.s
[GEN]	Fonts/build/GlyphItem/FontItem_62D9.font.s
[GEN]	Fonts/build/GlyphItem/FontItem_684C.font.s
[GEN]	Fonts/build/GlyphItem/FontItem_7422.font.s
[GEN]	Fonts/build/GlyphItem/FontItem_8301.font.s
[GEN]	Fonts/build/GlyphItem/FontItem_914C.font.s
[GEN]	Fonts/build/GlyphItem/FontItem_5544.font.s
[GEN]	Fonts/build/GlyphItem/FontItem_6D4A.font.s
[GEN]	Fonts/build/GlyphItem/FontItem_54A8.font.s
[GEN]	Fonts/build/GlyphItem/FontItem_6DC4.font.s
[GEN]	Fonts/build/GlyphItem/FontItem_5B5C.font.s
[GEN]	Fonts/build/GlyphItem/FontItem_4ED4.font.s
[GEN]	Fonts/build/GlyphItem/FontItem_7C7D.font.s
[GEN]	Fonts/build/GlyphItem/FontItem_6ED3.font.s
[GEN]	Fonts/build/GlyphItem/FontItem_6E0D.font.s
[GEN]	Fonts/build/GlyphItem/FontItem_9B03.font.s
[GEN]	Fonts/build/GlyphItem/FontItem_68D5.font.s
[GEN]	Fonts/build/GlyphItem/FontItem_90B9.font.s
[GEN]	Fonts/build/GlyphItem/FontItem_63CD.font.s
[GEN]	Fonts/build/GlyphItem/FontItem_79DF.font.s
[GEN]	Fonts/build/GlyphItem/FontItem_5352.font.s
[GEN]	Fonts/build/GlyphItem/FontItem_8BC5.font.s
[GEN]	Fonts/build/GlyphItem/FontItem_94BB.font.s
[GEN]	Fonts/build/GlyphItem/FontItem_7E82.font.s
[GEN]	Fonts/build/GlyphItem/FontItem_9189.font.s
[GEN]	Fonts/build/GlyphItem/FontItem_9075.font.s
[GEN]	Fonts/build/GlyphItem/FontItem_6628.font.s
[GEN]	Fonts/build/GlyphItem/FontItem_67DE.font.s
[GEN]	Fonts/build/GlyphItem/FontItem_4E8D.font.s
[GEN]	Fonts/build/GlyphItem/FontItem_4E0C.font.s
[GEN]	Fonts/build/GlyphItem/FontItem_5140.font.s
[GEN]	Fonts/build/GlyphItem/FontItem_4E10.font.s
[GEN]	Fonts/build/GlyphItem/FontItem_5EFF.font.s
[GEN]	Fonts/build/GlyphItem/FontItem_5345.font.s
[GEN]	Fonts/build/GlyphItem/FontItem_4E15.font.s
[GEN]	Fonts/build/GlyphItem/FontItem_4E98.font.s
[GEN]	Fonts/build/GlyphItem/FontItem_4E1E.font.s
[GEN]	Fonts/build/GlyphItem/FontItem_9B32.font.s
[GEN]	Fonts/build/GlyphItem/FontItem_5B6C.font.s
[GEN]	Fonts/build/GlyphItem/FontItem_5669.font.s
[GEN]	Fonts/build/GlyphItem/FontItem_4E28.font.s
[GEN]	Fonts/build/GlyphItem/FontItem_79BA.font.s
[GEN]	Fonts/build/GlyphItem/FontItem_4E3F.font.s
[GEN]	Fonts/build/GlyphItem/FontItem_5315.font.s
[GEN]	Fonts/build/GlyphItem/FontItem_4E47.font.s
[GEN]	Fonts/build/GlyphItem/FontItem_592D.font.s
[GEN]	Fonts/build/GlyphItem/FontItem_723B.font.s
[GEN]	Fonts/build/GlyphItem/FontItem_536E.font.s
[GEN]	Fonts/build/GlyphItem/FontItem_6C10.font.s
[GEN]	Fonts/build/GlyphItem/FontItem_56DF.font.s
[GEN]	Fonts/build/GlyphItem/FontItem_80E4.font.s
[GEN]	Fonts/build/GlyphItem/FontItem_9997.font.s
[GEN]	Fonts/build/GlyphItem/FontItem_6BD3.font.s
[GEN]	Fonts/build/GlyphItem/FontItem_777E.font.s
[GEN]	Fonts/build/GlyphItem/FontItem_9F17.font.s
[GEN]	Fonts/build/GlyphItem/FontItem_4E36.font.s
[GEN]	Fonts/build/GlyphItem/FontItem_4E9F.font.s
[GEN]	Fonts/build/GlyphItem/FontItem_9F10.font.s
[GEN]	Fonts/build/GlyphItem/FontItem_4E5C.font.s
[GEN]	Fonts/build/GlyphItem/FontItem_4E69.font.s
[GEN]	Fonts/build/GlyphItem/FontItem_4E93.font.s
[GEN]	Fonts/build/GlyphItem/FontItem_8288.font.s
[GEN]	Fonts/build/GlyphItem/FontItem_5B5B.font.s
[GEN]	Fonts/build/GlyphItem/FontItem_556C.font.s
[GEN]	Fonts/build/GlyphItem/FontItem_560F.font.s
[GEN]	Fonts/build/GlyphItem/FontItem_4EC4.font.s
[GEN]	Fonts/build/GlyphItem/FontItem_538D.font.s
[GEN]	Fonts/build/GlyphItem/FontItem_539D.font.s
[GEN]	Fonts/build/GlyphItem/FontItem_53A3.font.s
[GEN]	Fonts/build/GlyphItem/FontItem_53A5.font.s
[GEN]	Fonts/build/GlyphItem/FontItem_53AE.font.s
[GEN]	Fonts/build/GlyphItem/FontItem_9765.font.s
[GEN]	Fonts/build/GlyphItem/FontItem_8D5D.font.s
[GEN]	Fonts/build/GlyphItem/FontItem_531A.font.s
[GEN]	Fonts/build/GlyphItem/FontItem_53F5.font.s
[GEN]	Fonts/build/GlyphItem/FontItem_5326.font.s
[GEN]	Fonts/build/GlyphItem/FontItem_532E.font.s
[GEN]	Fonts/build/GlyphItem/FontItem_533E.font.s
[GEN]	Fonts/build/GlyphItem/FontItem_8D5C.font.s
[GEN]	Fonts/build/GlyphItem/FontItem_5366.font.s
[GEN]	Fonts/build/GlyphItem/FontItem_5363.font.s
[GEN]	Fonts/build/GlyphItem/FontItem_5202.font.s
[GEN]	Fonts/build/GlyphItem/FontItem_5208.font.s
[GEN]	Fonts/build/GlyphItem/FontItem_520E.font.s
[GEN]	Fonts/build/GlyphItem/FontItem_522D.font.s
[GEN]	Fonts/build/GlyphItem/FontItem_5233.font.s
[GEN]	Fonts/build/GlyphItem/FontItem_523F.font.s
[GEN]	Fonts/build/GlyphItem/FontItem_5240.font.s
[GEN]	Fonts/build/GlyphItem/FontItem_524C.font.s
[GEN]	Fonts/build/GlyphItem/FontItem_525E.font.s
[GEN]	Fonts/build/GlyphItem/FontItem_5261.font.s
[GEN]	Fonts/build/GlyphItem/FontItem_525C.font.s
[GEN]	Fonts/build/GlyphItem/FontItem_84AF.font.s
[GEN]	Fonts/build/GlyphItem/FontItem_527D.font.s
[GEN]	Fonts/build/GlyphItem/FontItem_5282.font.s
[GEN]	Fonts/build/GlyphItem/FontItem_5290.font.s
[GEN]	Fonts/build/GlyphItem/FontItem_5281.font.s
[GEN]	Fonts/build/GlyphItem/FontItem_5293.font.s
[GEN]	Fonts/build/GlyphItem/FontItem_5182.font.s
[GEN]	Fonts/build/GlyphItem/FontItem_7F54.font.s
[GEN]	Fonts/build/GlyphItem/FontItem_4EBB.font.s
[GEN]	Fonts/build/GlyphItem/FontItem_4EC3.font.s
[GEN]	Fonts/build/GlyphItem/FontItem_4EC9.font.s
[GEN]	Fonts/build/GlyphItem/FontItem_4EC2.font.s
[GEN]	Fonts/build/GlyphItem/FontItem_4EE8.font.s
[GEN]	Fonts/build/GlyphItem/FontItem_4EE1.font.s
[GEN]	Fonts/build/GlyphItem/FontItem_4EEB.font.s
[GEN]	Fonts/build/GlyphItem/FontItem_4EDE.font.s
[GEN]	Fonts/build/GlyphItem/FontItem_4F1B.font.s
[GEN]	Fonts/build/GlyphItem/FontItem_4EF3.font.s
[GEN]	Fonts/build/GlyphItem/FontItem_4F22.font.s
[GEN]	Fonts/build/GlyphItem/FontItem_4F64.font.s
[GEN]	Fonts/build/GlyphItem/FontItem_4EF5.font.s
[GEN]	Fonts/build/GlyphItem/FontItem_4F25.font.s
[GEN]	Fonts/build/GlyphItem/FontItem_4F27.font.s
[GEN]	Fonts/build/GlyphItem/FontItem_4F09.font.s
[GEN]	Fonts/build/GlyphItem/FontItem_4F2B.font.s
[GEN]	Fonts/build/GlyphItem/FontItem_4F5E.font.s
[GEN]	Fonts/build/GlyphItem/FontItem_4F67.font.s
[GEN]	Fonts/build/GlyphItem/FontItem_6538.font.s
[GEN]	Fonts/build/GlyphItem/FontItem_4F5A.font.s
[GEN]	Fonts/build/GlyphItem/FontItem_4F5D.font.s
[GEN]	Fonts/build/GlyphItem/FontItem_4F5F.font.s
[GEN]	Fonts/build/GlyphItem/FontItem_4F57.font.s
[GEN]	Fonts/build/GlyphItem/FontItem_4F32.font.s
[GEN]	Fonts/build/GlyphItem/FontItem_4F3D.font.s
[GEN]	Fonts/build/GlyphItem/FontItem_4F76.font.s
[GEN]	Fonts/build/GlyphItem/FontItem_4F74.font.s
[GEN]	Fonts/build/GlyphItem/FontItem_4F91.font.s
[GEN]	Fonts/build/GlyphItem/FontItem_4F89.font.s
[GEN]	Fonts/build/GlyphItem/FontItem_4F83.font.s
[GEN]	Fonts/build/GlyphItem/FontItem_4F8F.font.s
[GEN]	Fonts/build/GlyphItem/FontItem_4F7E.font.s
[GEN]	Fonts/build/GlyphItem/FontItem_4F7B.font.s
[GEN]	Fonts/build/GlyphItem/FontItem_4FAA.font.s
[GEN]	Fonts/build/GlyphItem/FontItem_4F7C.font.s
[GEN]	Fonts/build/GlyphItem/FontItem_4FAC.font.s
[GEN]	Fonts/build/GlyphItem/FontItem_4F94.font.s
[GEN]	Fonts/build/GlyphItem/FontItem_4FE6.font.s
[GEN]	Fonts/build/GlyphItem/FontItem_4FE8.font.s
[GEN]	Fonts/build/GlyphItem/FontItem_4FEA.font.s
[GEN]	Fonts/build/GlyphItem/FontItem_4FC5.font.s
[GEN]	Fonts/build/GlyphItem/FontItem_4FDA.font.s
[GEN]	Fonts/build/GlyphItem/FontItem_4FE3.font.s
[GEN]	Fonts/build/GlyphItem/FontItem_4FDC.font.s
[GEN]	Fonts/build/GlyphItem/FontItem_4FD1.font.s
[GEN]	Fonts/build/GlyphItem/FontItem_4FDF.font.s
[GEN]	Fonts/build/GlyphItem/FontItem_4FF8.font.s
[GEN]	Fonts/build/GlyphItem/FontItem_5029.font.s
[GEN]	Fonts/build/GlyphItem/FontItem_504C.font.s
[GEN]	Fonts/build/GlyphItem/FontItem_4FF3.font.s
[GEN]	Fonts/build/GlyphItem/FontItem_502C.font.s
[GEN]	Fonts/build/GlyphItem/FontItem_500F.font.s
[GEN]	Fonts/build/GlyphItem/FontItem_502E.font.s
[GEN]	Fonts/build/GlyphItem/FontItem_4FFE.font.s
[GEN]	Fonts/build/GlyphItem/FontItem_501C.font.s
[GEN]	Fonts/build/GlyphItem/FontItem_500C.font.s
[GEN]	Fonts/build/GlyphItem/FontItem_5025.font.s
[GEN]	Fonts/build/GlyphItem/FontItem_5028.font.s
[GEN]	Fonts/build/GlyphItem/FontItem_507E.font.s
[GEN]	Fonts/build/GlyphItem/FontItem_5043.font.s
[GEN]	Fonts/build/GlyphItem/FontItem_5055.font.s
[GEN]	Fonts/build/GlyphItem/FontItem_5048.font.s
[GEN]	Fonts/build/GlyphItem/FontItem_504E.font.s
[GEN]	Fonts/build/GlyphItem/FontItem_506C.font.s
[GEN]	Fonts/build/GlyphItem/FontItem_507B.font.s
[GEN]	Fonts/build/GlyphItem/FontItem_50A5.font.s
[GEN]	Fonts/build/GlyphItem/FontItem_50A7.font.s
[GEN]	Fonts/build/GlyphItem/FontItem_50A9.font.s
[GEN]	Fonts/build/GlyphItem/FontItem_50BA.font.s
[GEN]	Fonts/build/GlyphItem/FontItem_50D6.font.s
[GEN]	Fonts/build/GlyphItem/FontItem_5106.font.s
[GEN]	Fonts/build/GlyphItem/FontItem_50ED.font.s
[GEN]	Fonts/build/GlyphItem/FontItem_50EC.font.s
[GEN]	Fonts/build/GlyphItem/FontItem_50EE.font.s
[GEN]	Fonts/build/GlyphItem/FontItem_50E6.font.s
[GEN]	Fonts/build/GlyphItem/FontItem_5107.font.s
[GEN]	Fonts/build/GlyphItem/FontItem_510B.font.s
[GEN]	Fonts/build/GlyphItem/FontItem_4EDD.font.s
[GEN]	Fonts/build/GlyphItem/FontItem_6C3D.font.s
[GEN]	Fonts/build/GlyphItem/FontItem_4F58.font.s
[GEN]	Fonts/build/GlyphItem/FontItem_4F65.font.s
[GEN]	Fonts/build/GlyphItem/FontItem_4FCE.font.s
[GEN]	Fonts/build/GlyphItem/FontItem_9FA0.font.s
[GEN]	Fonts/build/GlyphItem/FontItem_6C46.font.s
[GEN]	Fonts/build/GlyphItem/FontItem_7C74.font.s
[GEN]	Fonts/build/GlyphItem/FontItem_516E.font.s
[GEN]	Fonts/build/GlyphItem/FontItem_5DFD.font.s
[GEN]	Fonts/build/GlyphItem/FontItem_9EC9.font.s
[GEN]	Fonts/build/GlyphItem/FontItem_9998.font.s
[GEN]	Fonts/build/GlyphItem/FontItem_5181.font.s
[GEN]	Fonts/build/GlyphItem/FontItem_5914.font.s
[GEN]	Fonts/build/GlyphItem/FontItem_52F9.font.s
[GEN]	Fonts/build/GlyphItem/FontItem_530D.font.s
[GEN]	Fonts/build/GlyphItem/FontItem_8A07.font.s
[GEN]	Fonts/build/GlyphItem/FontItem_5310.font.s
[GEN]	Fonts/build/GlyphItem/FontItem_51EB.font.s
[GEN]	Fonts/build/GlyphItem/FontItem_5919.font.s
[GEN]	Fonts/build/GlyphItem/FontItem_5155.font.s
[GEN]	Fonts/build/GlyphItem/FontItem_4EA0.font.s
[GEN]	Fonts/build/GlyphItem/FontItem_5156.font.s
[GEN]	Fonts/build/GlyphItem/FontItem_4EB3.font.s
[GEN]	Fonts/build/GlyphItem/FontItem_886E.font.s
[GEN]	Fonts/build/GlyphItem/FontItem_88A4.font.s
[GEN]	Fonts/build/GlyphItem/FontItem_4EB5.font.s
[GEN]	Fonts/build/GlyphItem/FontItem_8114.font.s
[GEN]	Fonts/build/GlyphItem/FontItem_88D2.font.s
[GEN]	Fonts/build/GlyphItem/FontItem_7980.font.s
[GEN]	Fonts/build/GlyphItem/FontItem_5B34.font.s
[GEN]	Fonts/build/GlyphItem/FontItem_8803.font.s
[GEN]	Fonts/build/GlyphItem/FontItem_7FB8.font.s
[GEN]	Fonts/build/GlyphItem/FontItem_51AB.font.s
[GEN]	Fonts/build/GlyphItem/FontItem_51B1.font.s
[GEN]	Fonts/build/GlyphItem/FontItem_51BD.font.s
[GEN]	Fonts/build/GlyphItem/FontItem_51BC.font.s
[GEN]	Fonts/build/GlyphItem/FontItem_51C7.font.s
[GEN]	Fonts/build/GlyphItem/FontItem_5196.font.s
[GEN]	Fonts/build/GlyphItem/FontItem_51A2.font.s
[GEN]	Fonts/build/GlyphItem/FontItem_51A5.font.s
[GEN]	Fonts/build/GlyphItem/FontItem_8BA0.font.s
[GEN]	Fonts/build/GlyphItem/FontItem_8BA6.font.s
[GEN]	Fonts/build/GlyphItem/FontItem_8BA7.font.s
[GEN]	Fonts/build/GlyphItem/FontItem_8BB4.font.s
[GEN]	Fonts/build/GlyphItem/FontItem_8BB5.font.s
[GEN]	Fonts/build/GlyphItem/FontItem_8BB7.font.s
[GEN]	Fonts/build/GlyphItem/FontItem_8BC2.font.s
[GEN]	Fonts/build/GlyphItem/FontItem_8BC3.font.s
[GEN]	Fonts/build/GlyphItem/FontItem_8BCB.font.s
[GEN]	Fonts/build/GlyphItem/FontItem_8BCF.font.s
[GEN]	Fonts/build/GlyphItem/FontItem_8BCE.font.s
[GEN]	Fonts/build/GlyphItem/FontItem_8BD2.font.s
[GEN]	Fonts/build/GlyphItem/FontItem_8BD3.font.s
[GEN]	Fonts/build/GlyphItem/FontItem_8BD4.font.s
[GEN]	Fonts/build/GlyphItem/FontItem_8BD6.font.s
[GEN]	Fonts/build/GlyphItem/FontItem_8BD8.font.s
[GEN]	Fonts/build/GlyphItem/FontItem_8BD9.font.s
[GEN]	Fonts/build/GlyphItem/FontItem_8BDC.font.s
[GEN]	Fonts/build/GlyphItem/FontItem_8BDF.font.s
[GEN]	Fonts/build/GlyphItem/FontItem_8BE0.font.s
[GEN]	Fonts/build/GlyphItem/FontItem_8BE4.font.s
[GEN]	Fonts/build/GlyphItem/FontItem_8BE8.font.s
[GEN]	Fonts/build/GlyphItem/FontItem_8BE9.font.s
[GEN]	Fonts/build/GlyphItem/FontItem_8BEE.font.s
[GEN]	Fonts/build/GlyphItem/FontItem_8BF0.font.s
[GEN]	Fonts/build/GlyphItem/FontItem_8BF3.font.s
[GEN]	Fonts/build/GlyphItem/FontItem_8BF6.font.s
[GEN]	Fonts/build/GlyphItem/FontItem_8BF9.font.s
[GEN]	Fonts/build/GlyphItem/FontItem_8BFC.font.s
[GEN]	Fonts/build/GlyphItem/FontItem_8BFF.font.s
[GEN]	Fonts/build/GlyphItem/FontItem_8C00.font.s
[GEN]	Fonts/build/GlyphItem/FontItem_8C02.font.s
[GEN]	Fonts/build/GlyphItem/FontItem_8C04.font.s
[GEN]	Fonts/build/GlyphItem/FontItem_8C07.font.s
[GEN]	Fonts/build/GlyphItem/FontItem_8C0C.font.s
[GEN]	Fonts/build/GlyphItem/FontItem_8C0F.font.s
[GEN]	Fonts/build/GlyphItem/FontItem_8C11.font.s
[GEN]	Fonts/build/GlyphItem/FontItem_8C12.font.s
[GEN]	Fonts/build/GlyphItem/FontItem_8C14.font.s
[GEN]	Fonts/build/GlyphItem/FontItem_8C15.font.s
[GEN]	Fonts/build/GlyphItem/FontItem_8C16.font.s
[GEN]	Fonts/build/GlyphItem/FontItem_8C1B.font.s
[GEN]	Fonts/build/GlyphItem/FontItem_8C18.font.s
[GEN]	Fonts/build/GlyphItem/FontItem_8C1D.font.s
[GEN]	Fonts/build/GlyphItem/FontItem_8C1F.font.s
[GEN]	Fonts/build/GlyphItem/FontItem_8C20.font.s
[GEN]	Fonts/build/GlyphItem/FontItem_8C21.font.s
[GEN]	Fonts/build/GlyphItem/FontItem_8C25.font.s
[GEN]	Fonts/build/GlyphItem/FontItem_8C27.font.s
[GEN]	Fonts/build/GlyphItem/FontItem_8C2A.font.s
[GEN]	Fonts/build/GlyphItem/FontItem_8C2B.font.s
[GEN]	Fonts/build/GlyphItem/FontItem_8C2E.font.s
[GEN]	Fonts/build/GlyphItem/FontItem_8C2F.font.s
[GEN]	Fonts/build/GlyphItem/FontItem_8C32.font.s
[GEN]	Fonts/build/GlyphItem/FontItem_8C33.font.s
[GEN]	Fonts/build/GlyphItem/FontItem_8C35.font.s
[GEN]	Fonts/build/GlyphItem/FontItem_8C36.font.s
[GEN]	Fonts/build/GlyphItem/FontItem_5369.font.s
[GEN]	Fonts/build/GlyphItem/FontItem_537A.font.s
[GEN]	Fonts/build/GlyphItem/FontItem_961D.font.s
[GEN]	Fonts/build/GlyphItem/FontItem_9622.font.s
[GEN]	Fonts/build/GlyphItem/FontItem_9621.font.s
[GEN]	Fonts/build/GlyphItem/FontItem_962A.font.s
[GEN]	Fonts/build/GlyphItem/FontItem_963D.font.s
[GEN]	Fonts/build/GlyphItem/FontItem_963C.font.s
[GEN]	Fonts/build/GlyphItem/FontItem_9642.font.s
[GEN]	Fonts/build/GlyphItem/FontItem_9649.font.s
[GEN]	Fonts/build/GlyphItem/FontItem_9654.font.s
[GEN]	Fonts/build/GlyphItem/FontItem_965F.font.s
[GEN]	Fonts/build/GlyphItem/FontItem_9667.font.s
[GEN]	Fonts/build/GlyphItem/FontItem_966C.font.s
[GEN]	Fonts/build/GlyphItem/FontItem_9672.font.s
[GEN]	Fonts/build/GlyphItem/FontItem_9674.font.s
[GEN]	Fonts/build/GlyphItem/FontItem_9688.font.s
[GEN]	Fonts/build/GlyphItem/FontItem_968D.font.s
[GEN]	Fonts/build/GlyphItem/FontItem_9697.font.s
[GEN]	Fonts/build/GlyphItem/FontItem_96B0.font.s
[GEN]	Fonts/build/GlyphItem/FontItem_9097.font.s
[GEN]	Fonts/build/GlyphItem/FontItem_909B.font.s
[GEN]	Fonts/build/GlyphItem/FontItem_909D.font.s
[GEN]	Fonts/build/GlyphItem/FontItem_9099.font.s
[GEN]	Fonts/build/GlyphItem/FontItem_90AC.font.s
[GEN]	Fonts/build/GlyphItem/FontItem_90A1.font.s
[GEN]	Fonts/build/GlyphItem/FontItem_90B4.font.s
[GEN]	Fonts/build/GlyphItem/FontItem_90B3.font.s
[GEN]	Fonts/build/GlyphItem/FontItem_90B6.font.s
[GEN]	Fonts/build/GlyphItem/FontItem_90BA.font.s
[GEN]	Fonts/build/GlyphItem/FontItem_90B0.font.s
[GEN]	Fonts/build/GlyphItem/FontItem_90CF.font.s
[GEN]	Fonts/build/GlyphItem/FontItem_90C5.font.s
[GEN]	Fonts/build/GlyphItem/FontItem_90BE.font.s
[GEN]	Fonts/build/GlyphItem/FontItem_90D0.font.s
[GEN]	Fonts/build/GlyphItem/FontItem_90C4.font.s
[GEN]	Fonts/build/GlyphItem/FontItem_90C7.font.s
[GEN]	Fonts/build/GlyphItem/FontItem_90D3.font.s
[GEN]	Fonts/build/GlyphItem/FontItem_90E6.font.s
[GEN]	Fonts/build/GlyphItem/FontItem_90E2.font.s
[GEN]	Fonts/build/GlyphItem/FontItem_90DC.font.s
[GEN]	Fonts/build/GlyphItem/FontItem_90D7.font.s
[GEN]	Fonts/build/GlyphItem/FontItem_90DB.font.s
[GEN]	Fonts/build/GlyphItem/FontItem_90EB.font.s
[GEN]	Fonts/build/GlyphItem/FontItem_90EF.font.s
[GEN]	Fonts/build/GlyphItem/FontItem_90FE.font.s
[GEN]	Fonts/build/GlyphItem/FontItem_9104.font.s
[GEN]	Fonts/build/GlyphItem/FontItem_9122.font.s
[GEN]	Fonts/build/GlyphItem/FontItem_911E.font.s
[GEN]	Fonts/build/GlyphItem/FontItem_9123.font.s
[GEN]	Fonts/build/GlyphItem/FontItem_9131.font.s
[GEN]	Fonts/build/GlyphItem/FontItem_912F.font.s
[GEN]	Fonts/build/GlyphItem/FontItem_9139.font.s
[GEN]	Fonts/build/GlyphItem/FontItem_9143.font.s
[GEN]	Fonts/build/GlyphItem/FontItem_9146.font.s
[GEN]	Fonts/build/GlyphItem/FontItem_520D.font.s
[GEN]	Fonts/build/GlyphItem/FontItem_5942.font.s
[GEN]	Fonts/build/GlyphItem/FontItem_52A2.font.s
[GEN]	Fonts/build/GlyphItem/FontItem_52AC.font.s
[GEN]	Fonts/build/GlyphItem/FontItem_52AD.font.s
[GEN]	Fonts/build/GlyphItem/FontItem_52BE.font.s
[GEN]	Fonts/build/GlyphItem/FontItem_54FF.font.s
[GEN]	Fonts/build/GlyphItem/FontItem_52D0.font.s
[GEN]	Fonts/build/GlyphItem/FontItem_52D6.font.s
[GEN]	Fonts/build/GlyphItem/FontItem_52F0.font.s
[GEN]	Fonts/build/GlyphItem/FontItem_53DF.font.s
[GEN]	Fonts/build/GlyphItem/FontItem_71EE.font.s
[GEN]	Fonts/build/GlyphItem/FontItem_77CD.font.s
[GEN]	Fonts/build/GlyphItem/FontItem_5EF4.font.s
[GEN]	Fonts/build/GlyphItem/FontItem_51F5.font.s
[GEN]	Fonts/build/GlyphItem/FontItem_51FC.font.s
[GEN]	Fonts/build/GlyphItem/FontItem_9B2F.font.s
[GEN]	Fonts/build/GlyphItem/FontItem_53B6.font.s
[GEN]	Fonts/build/GlyphItem/FontItem_5F01.font.s
[GEN]	Fonts/build/GlyphItem/FontItem_755A.font.s
[GEN]	Fonts/build/GlyphItem/FontItem_5DEF.font.s
[GEN]	Fonts/build/GlyphItem/FontItem_574C.font.s
[GEN]	Fonts/build/GlyphItem/FontItem_57A9.font.s
[GEN]	Fonts/build/GlyphItem/FontItem_57A1.font.s
[GEN]	Fonts/build/GlyphItem/FontItem_587E.font.s
[GEN]	Fonts/build/GlyphItem/FontItem_58BC.font.s
[GEN]	Fonts/build/GlyphItem/FontItem_58C5.font.s
[GEN]	Fonts/build/GlyphItem/FontItem_58D1.font.s
[GEN]	Fonts/build/GlyphItem/FontItem_5729.font.s
[GEN]	Fonts/build/GlyphItem/FontItem_572C.font.s
[GEN]	Fonts/build/GlyphItem/FontItem_572A.font.s
[GEN]	Fonts/build/GlyphItem/FontItem_5733.font.s
[GEN]	Fonts/build/GlyphItem/FontItem_5739.font.s
[GEN]	Fonts/build/GlyphItem/FontItem_572E.font.s
[GEN]	Fonts/build/GlyphItem/FontItem_572F.font.s
[GEN]	Fonts/build/GlyphItem/FontItem_575C.font.s
[GEN]	Fonts/build/GlyphItem/FontItem_573B.font.s
[GEN]	Fonts/build/GlyphItem/FontItem_5742.font.s
[GEN]	Fonts/build/GlyphItem/FontItem_5769.font.s
[GEN]	Fonts/build/GlyphItem/FontItem_5785.font.s
[GEN]	Fonts/build/GlyphItem/FontItem_576B.font.s
[GEN]	Fonts/build/GlyphItem/FontItem_5786.font.s
[GEN]	Fonts/build/GlyphItem/FontItem_577C.font.s
[GEN]	Fonts/build/GlyphItem/FontItem_577B.font.s
[GEN]	Fonts/build/GlyphItem/FontItem_5768.font.s
[GEN]	Fonts/build/GlyphItem/FontItem_576D.font.s
[GEN]	Fonts/build/GlyphItem/FontItem_5776.font.s
[GEN]	Fonts/build/GlyphItem/FontItem_5773.font.s
[GEN]	Fonts/build/GlyphItem/FontItem_57AD.font.s
[GEN]	Fonts/build/GlyphItem/FontItem_57A4.font.s
[GEN]	Fonts/build/GlyphItem/FontItem_578C.font.s
[GEN]	Fonts/build/GlyphItem/FontItem_57B2.font.s
[GEN]	Fonts/build/GlyphItem/FontItem_57CF.font.s
[GEN]	Fonts/build/GlyphItem/FontItem_57A7.font.s
[GEN]	Fonts/build/GlyphItem/FontItem_57B4.font.s
[GEN]	Fonts/build/GlyphItem/FontItem_5793.font.s
[GEN]	Fonts/build/GlyphItem/FontItem_57A0.font.s
[GEN]	Fonts/build/GlyphItem/FontItem_57D5.font.s
[GEN]	Fonts/build/GlyphItem/FontItem_57D8.font.s
[GEN]	Fonts/build/GlyphItem/FontItem_57DA.font.s
[GEN]	Fonts/build/GlyphItem/FontItem_57D9.font.s
[GEN]	Fonts/build/GlyphItem/FontItem_57D2.font.s
[GEN]	Fonts/build/GlyphItem/FontItem_57B8.font.s
[GEN]	Fonts/build/GlyphItem/FontItem_57F4.font.s
[GEN]	Fonts/build/GlyphItem/FontItem_57EF.font.s
[GEN]	Fonts/build/GlyphItem/FontItem_57F8.font.s
[GEN]	Fonts/build/GlyphItem/FontItem_57E4.font.s
[GEN]	Fonts/build/GlyphItem/FontItem_57DD.font.s
[GEN]	Fonts/build/GlyphItem/FontItem_580B.font.s
[GEN]	Fonts/build/GlyphItem/FontItem_580D.font.s
[GEN]	Fonts/build/GlyphItem/FontItem_57FD.font.s
[GEN]	Fonts/build/GlyphItem/FontItem_57ED.font.s
[GEN]	Fonts/build/GlyphItem/FontItem_5800.font.s
[GEN]	Fonts/build/GlyphItem/FontItem_581E.font.s
[GEN]	Fonts/build/GlyphItem/FontItem_5819.font.s
[GEN]	Fonts/build/GlyphItem/FontItem_5844.font.s
[GEN]	Fonts/build/GlyphItem/FontItem_5820.font.s
[GEN]	Fonts/build/GlyphItem/FontItem_5865.font.s
[GEN]	Fonts/build/GlyphItem/FontItem_586C.font.s
[GEN]	Fonts/build/GlyphItem/FontItem_5881.font.s
[GEN]	Fonts/build/GlyphItem/FontItem_5889.font.s
[GEN]	Fonts/build/GlyphItem/FontItem_589A.font.s
[GEN]	Fonts/build/GlyphItem/FontItem_5880.font.s
[GEN]	Fonts/build/GlyphItem/FontItem_9F19.font.s
[GEN]	Fonts/build/GlyphItem/FontItem_61FF.font.s
[GEN]	Fonts/build/GlyphItem/FontItem_8279.font.s
[GEN]	Fonts/build/GlyphItem/FontItem_827D.font.s
[GEN]	Fonts/build/GlyphItem/FontItem_827F.font.s
[GEN]	Fonts/build/GlyphItem/FontItem_828F.font.s
[GEN]	Fonts/build/GlyphItem/FontItem_828A.font.s
[GEN]	Fonts/build/GlyphItem/FontItem_82A8.font.s
[GEN]	Fonts/build/GlyphItem/FontItem_8284.font.s
[GEN]	Fonts/build/GlyphItem/FontItem_828E.font.s
[GEN]	Fonts/build/GlyphItem/FontItem_8291.font.s
[GEN]	Fonts/build/GlyphItem/FontItem_8297.font.s
[GEN]	Fonts/build/GlyphItem/FontItem_82AB.font.s
[GEN]	Fonts/build/GlyphItem/FontItem_82B8.font.s
[GEN]	Fonts/build/GlyphItem/FontItem_82BE.font.s
[GEN]	Fonts/build/GlyphItem/FontItem_82B0.font.s
[GEN]	Fonts/build/GlyphItem/FontItem_82C8.font.s
[GEN]	Fonts/build/GlyphItem/FontItem_82CA.font.s
[GEN]	Fonts/build/GlyphItem/FontItem_82E3.font.s
[GEN]	Fonts/build/GlyphItem/FontItem_82B7.font.s
[GEN]	Fonts/build/GlyphItem/FontItem_8298.font.s
[GEN]	Fonts/build/GlyphItem/FontItem_82AE.font.s
[GEN]	Fonts/build/GlyphItem/FontItem_82CB.font.s
[GEN]	Fonts/build/GlyphItem/FontItem_82CC.font.s
[GEN]	Fonts/build/GlyphItem/FontItem_82C1.font.s
[GEN]	Fonts/build/GlyphItem/FontItem_82A9.font.s
[GEN]	Fonts/build/GlyphItem/FontItem_82B4.font.s
[GEN]	Fonts/build/GlyphItem/FontItem_82A1.font.s
[GEN]	Fonts/build/GlyphItem/FontItem_82AA.font.s
[GEN]	Fonts/build/GlyphItem/FontItem_829F.font.s
[GEN]	Fonts/build/GlyphItem/FontItem_82C4.font.s
[GEN]	Fonts/build/GlyphItem/FontItem_82CE.font.s
[GEN]	Fonts/build/GlyphItem/FontItem_82A4.font.s
[GEN]	Fonts/build/GlyphItem/FontItem_82E1.font.s
[GEN]	Fonts/build/GlyphItem/FontItem_8309.font.s
[GEN]	Fonts/build/GlyphItem/FontItem_82F7.font.s
[GEN]	Fonts/build/GlyphItem/FontItem_82E4.font.s
[GEN]	Fonts/build/GlyphItem/FontItem_830F.font.s
[GEN]	Fonts/build/GlyphItem/FontItem_8307.font.s
[GEN]	Fonts/build/GlyphItem/FontItem_82DC.font.s
[GEN]	Fonts/build/GlyphItem/FontItem_82F4.font.s
[GEN]	Fonts/build/GlyphItem/FontItem_82D2.font.s
[GEN]	Fonts/build/GlyphItem/FontItem_82D8.font.s
[GEN]	Fonts/build/GlyphItem/FontItem_830C.font.s
[GEN]	Fonts/build/GlyphItem/FontItem_82FB.font.s
[GEN]	Fonts/build/GlyphItem/FontItem_82D3.font.s
[GEN]	Fonts/build/GlyphItem/FontItem_8311.font.s
[GEN]	Fonts/build/GlyphItem/FontItem_831A.font.s
[GEN]	Fonts/build/GlyphItem/FontItem_8306.font.s
[GEN]	Fonts/build/GlyphItem/FontItem_8314.font.s
[GEN]	Fonts/build/GlyphItem/FontItem_8315.font.s
[GEN]	Fonts/build/GlyphItem/FontItem_82E0.font.s
[GEN]	Fonts/build/GlyphItem/FontItem_82D5.font.s
[GEN]	Fonts/build/GlyphItem/FontItem_8351.font.s
[GEN]	Fonts/build/GlyphItem/FontItem_835B.font.s
[GEN]	Fonts/build/GlyphItem/FontItem_835C.font.s
[GEN]	Fonts/build/GlyphItem/FontItem_8308.font.s
[GEN]	Fonts/build/GlyphItem/FontItem_8392.font.s
[GEN]	Fonts/build/GlyphItem/FontItem_833C.font.s
[GEN]	Fonts/build/GlyphItem/FontItem_8334.font.s
[GEN]	Fonts/build/GlyphItem/FontItem_8331.font.s
[GEN]	Fonts/build/GlyphItem/FontItem_839B.font.s
[GEN]	Fonts/build/GlyphItem/FontItem_835E.font.s
[GEN]	Fonts/build/GlyphItem/FontItem_832F.font.s
[GEN]	Fonts/build/GlyphItem/FontItem_834F.font.s
[GEN]	Fonts/build/GlyphItem/FontItem_8347.font.s
[GEN]	Fonts/build/GlyphItem/FontItem_8343.font.s
[GEN]	Fonts/build/GlyphItem/FontItem_835F.font.s
[GEN]	Fonts/build/GlyphItem/FontItem_8340.font.s
[GEN]	Fonts/build/GlyphItem/FontItem_8317.font.s
[GEN]	Fonts/build/GlyphItem/FontItem_8360.font.s
[GEN]	Fonts/build/GlyphItem/FontItem_832D.font.s
[GEN]	Fonts/build/GlyphItem/FontItem_833A.font.s
[GEN]	Fonts/build/GlyphItem/FontItem_8333.font.s
[GEN]	Fonts/build/GlyphItem/FontItem_8366.font.s
[GEN]	Fonts/build/GlyphItem/FontItem_8365.font.s
[GEN]	Fonts/build/GlyphItem/FontItem_8368.font.s
[GEN]	Fonts/build/GlyphItem/FontItem_831B.font.s
[GEN]	Fonts/build/GlyphItem/FontItem_8369.font.s
[GEN]	Fonts/build/GlyphItem/FontItem_836C.font.s
[GEN]	Fonts/build/GlyphItem/FontItem_836A.font.s
[GEN]	Fonts/build/GlyphItem/FontItem_836D.font.s
[GEN]	Fonts/build/GlyphItem/FontItem_836E.font.s
[GEN]	Fonts/build/GlyphItem/FontItem_83B0.font.s
[GEN]	Fonts/build/GlyphItem/FontItem_8378.font.s
[GEN]	Fonts/build/GlyphItem/FontItem_83B3.font.s
[GEN]	Fonts/build/GlyphItem/FontItem_83B4.font.s
[GEN]	Fonts/build/GlyphItem/FontItem_83A0.font.s
[GEN]	Fonts/build/GlyphItem/FontItem_83AA.font.s
[GEN]	Fonts/build/GlyphItem/FontItem_8393.font.s
[GEN]	Fonts/build/GlyphItem/FontItem_839C.font.s
[GEN]	Fonts/build/GlyphItem/FontItem_8385.font.s
[GEN]	Fonts/build/GlyphItem/FontItem_837C.font.s
[GEN]	Fonts/build/GlyphItem/FontItem_83B6.font.s
[GEN]	Fonts/build/GlyphItem/FontItem_83A9.font.s
[GEN]	Fonts/build/GlyphItem/FontItem_837D.font.s
[GEN]	Fonts/build/GlyphItem/FontItem_83B8.font.s
[GEN]	Fonts/build/GlyphItem/FontItem_837B.font.s
[GEN]	Fonts/build/GlyphItem/FontItem_8398.font.s
[GEN]	Fonts/build/GlyphItem/FontItem_839E.font.s
[GEN]	Fonts/build/GlyphItem/FontItem_83A8.font.s
[GEN]	Fonts/build/GlyphItem/FontItem_83BA.font.s
[GEN]	Fonts/build/GlyphItem/FontItem_83BC.font.s
[GEN]	Fonts/build/GlyphItem/FontItem_83C1.font.s
[GEN]	Fonts/build/GlyphItem/FontItem_8401.font.s
[GEN]	Fonts/build/GlyphItem/FontItem_83E5.font.s
[GEN]	Fonts/build/GlyphItem/FontItem_83D8.font.s
[GEN]	Fonts/build/GlyphItem/FontItem_5807.font.s
[GEN]	Fonts/build/GlyphItem/FontItem_8418.font.s
[GEN]	Fonts/build/GlyphItem/FontItem_840B.font.s
[GEN]	Fonts/build/GlyphItem/FontItem_83DD.font.s
[GEN]	Fonts/build/GlyphItem/FontItem_83FD.font.s
[GEN]	Fonts/build/GlyphItem/FontItem_83D6.font.s
[GEN]	Fonts/build/GlyphItem/FontItem_841C.font.s
[GEN]	Fonts/build/GlyphItem/FontItem_8438.font.s
[GEN]	Fonts/build/GlyphItem/FontItem_8411.font.s
[GEN]	Fonts/build/GlyphItem/FontItem_8406.font.s
[GEN]	Fonts/build/GlyphItem/FontItem_83D4.font.s
[GEN]	Fonts/build/GlyphItem/FontItem_83DF.font.s
[GEN]	Fonts/build/GlyphItem/FontItem_840F.font.s
[GEN]	Fonts/build/GlyphItem/FontItem_83F8.font.s
[GEN]	Fonts/build/GlyphItem/FontItem_83F9.font.s
[GEN]	Fonts/build/GlyphItem/FontItem_83EA.font.s
[GEN]	Fonts/build/GlyphItem/FontItem_83C5.font.s
[GEN]	Fonts/build/GlyphItem/FontItem_83C0.font.s
[GEN]	Fonts/build/GlyphItem/FontItem_8426.font.s
[GEN]	Fonts/build/GlyphItem/FontItem_83F0.font.s
[GEN]	Fonts/build/GlyphItem/FontItem_83E1.font.s
[GEN]	Fonts/build/GlyphItem/FontItem_845C.font.s
[GEN]	Fonts/build/GlyphItem/FontItem_8451.font.s
[GEN]	Fonts/build/GlyphItem/FontItem_845A.font.s
[GEN]	Fonts/build/GlyphItem/FontItem_8459.font.s
[GEN]	Fonts/build/GlyphItem/FontItem_8473.font.s
[GEN]	Fonts/build/GlyphItem/FontItem_8487.font.s
[GEN]	Fonts/build/GlyphItem/FontItem_8488.font.s
[GEN]	Fonts/build/GlyphItem/FontItem_847A.font.s
[GEN]	Fonts/build/GlyphItem/FontItem_8489.font.s
[GEN]	Fonts/build/GlyphItem/FontItem_8478.font.s
[GEN]	Fonts/build/GlyphItem/FontItem_843C.font.s
[GEN]	Fonts/build/GlyphItem/FontItem_8446.font.s
[GEN]	Fonts/build/GlyphItem/FontItem_8469.font.s
[GEN]	Fonts/build/GlyphItem/FontItem_8476.font.s
[GEN]	Fonts/build/GlyphItem/FontItem_848C.font.s
[GEN]	Fonts/build/GlyphItem/FontItem_848E.font.s
[GEN]	Fonts/build/GlyphItem/FontItem_8431.font.s
[GEN]	Fonts/build/GlyphItem/FontItem_846D.font.s
[GEN]	Fonts/build/GlyphItem/FontItem_84C1.font.s
[GEN]	Fonts/build/GlyphItem/FontItem_84CD.font.s
[GEN]	Fonts/build/GlyphItem/FontItem_84D0.font.s
[GEN]	Fonts/build/GlyphItem/FontItem_84E6.font.s
[GEN]	Fonts/build/GlyphItem/FontItem_84BD.font.s
[GEN]	Fonts/build/GlyphItem/FontItem_84D3.font.s
[GEN]	Fonts/build/GlyphItem/FontItem_84CA.font.s
[GEN]	Fonts/build/GlyphItem/FontItem_84BF.font.s
[GEN]	Fonts/build/GlyphItem/FontItem_84BA.font.s
[GEN]	Fonts/build/GlyphItem/FontItem_84E0.font.s
[GEN]	Fonts/build/GlyphItem/FontItem_84A1.font.s
[GEN]	Fonts/build/GlyphItem/FontItem_84B9.font.s
[GEN]	Fonts/build/GlyphItem/FontItem_84B4.font.s
[GEN]	Fonts/build/GlyphItem/FontItem_8497.font.s
[GEN]	Fonts/build/GlyphItem/FontItem_84E5.font.s
[GEN]	Fonts/build/GlyphItem/FontItem_84E3.font.s
[GEN]	Fonts/build/GlyphItem/FontItem_850C.font.s
[GEN]	Fonts/build/GlyphItem/FontItem_750D.font.s
[GEN]	Fonts/build/GlyphItem/FontItem_8538.font.s
[GEN]	Fonts/build/GlyphItem/FontItem_84F0.font.s
[GEN]	Fonts/build/GlyphItem/FontItem_8539.font.s
[GEN]	Fonts/build/GlyphItem/FontItem_851F.font.s
[GEN]	Fonts/build/GlyphItem/FontItem_853A.font.s
[GEN]	Fonts/build/GlyphItem/FontItem_8556.font.s
[GEN]	Fonts/build/GlyphItem/FontItem_853B.font.s
[GEN]	Fonts/build/GlyphItem/FontItem_84FF.font.s
[GEN]	Fonts/build/GlyphItem/FontItem_84FC.font.s
[GEN]	Fonts/build/GlyphItem/FontItem_8559.font.s
[GEN]	Fonts/build/GlyphItem/FontItem_8548.font.s
[GEN]	Fonts/build/GlyphItem/FontItem_8568.font.s
[GEN]	Fonts/build/GlyphItem/FontItem_8564.font.s
[GEN]	Fonts/build/GlyphItem/FontItem_855E.font.s
[GEN]	Fonts/build/GlyphItem/FontItem_857A.font.s
[GEN]	Fonts/build/GlyphItem/FontItem_77A2.font.s
[GEN]	Fonts/build/GlyphItem/FontItem_8543.font.s
[GEN]	Fonts/build/GlyphItem/FontItem_8572.font.s
[GEN]	Fonts/build/GlyphItem/FontItem_857B.font.s
[GEN]	Fonts/build/GlyphItem/FontItem_85A4.font.s
[GEN]	Fonts/build/GlyphItem/FontItem_85A8.font.s
[GEN]	Fonts/build/GlyphItem/FontItem_8587.font.s
[GEN]	Fonts/build/GlyphItem/FontItem_858F.font.s
[GEN]	Fonts/build/GlyphItem/FontItem_8579.font.s
[GEN]	Fonts/build/GlyphItem/FontItem_85AE.font.s
[GEN]	Fonts/build/GlyphItem/FontItem_859C.font.s
[GEN]	Fonts/build/GlyphItem/FontItem_8585.font.s
[GEN]	Fonts/build/GlyphItem/FontItem_85B9.font.s
[GEN]	Fonts/build/GlyphItem/FontItem_85B7.font.s
[GEN]	Fonts/build/GlyphItem/FontItem_85B0.font.s
[GEN]	Fonts/build/GlyphItem/FontItem_85D3.font.s
[GEN]	Fonts/build/GlyphItem/FontItem_85C1.font.s
[GEN]	Fonts/build/GlyphItem/FontItem_85DC.font.s
[GEN]	Fonts/build/GlyphItem/FontItem_85FF.font.s
[GEN]	Fonts/build/GlyphItem/FontItem_8627.font.s
[GEN]	Fonts/build/GlyphItem/FontItem_8605.font.s
[GEN]	Fonts/build/GlyphItem/FontItem_8629.font.s
[GEN]	Fonts/build/GlyphItem/FontItem_8616.font.s
[GEN]	Fonts/build/GlyphItem/FontItem_863C.font.s
[GEN]	Fonts/build/GlyphItem/FontItem_5EFE.font.s
[GEN]	Fonts/build/GlyphItem/FontItem_5F08.font.s
[GEN]	Fonts/build/GlyphItem/FontItem_593C.font.s
[GEN]	Fonts/build/GlyphItem/FontItem_5941.font.s
[GEN]	Fonts/build/GlyphItem/FontItem_8037.font.s
[GEN]	Fonts/build/GlyphItem/FontItem_5955.font.s
[GEN]	Fonts/build/GlyphItem/FontItem_5958.font.s
[GEN]	Fonts/build/GlyphItem/FontItem_530F.font.s
[GEN]	Fonts/build/GlyphItem/FontItem_5C22.font.s
[GEN]	Fonts/build/GlyphItem/FontItem_5C25.font.s
[GEN]	Fonts/build/GlyphItem/FontItem_5C2C.font.s
[GEN]	Fonts/build/GlyphItem/FontItem_5C34.font.s
[GEN]	Fonts/build/GlyphItem/FontItem_624C.font.s
[GEN]	Fonts/build/GlyphItem/FontItem_626A.font.s
[GEN]	Fonts/build/GlyphItem/FontItem_629F.font.s
[GEN]	Fonts/build/GlyphItem/FontItem_62BB.font.s
[GEN]	Fonts/build/GlyphItem/FontItem_62CA.font.s
[GEN]	Fonts/build/GlyphItem/FontItem_62DA.font.s
[GEN]	Fonts/build/GlyphItem/FontItem_62D7.font.s
[GEN]	Fonts/build/GlyphItem/FontItem_62EE.font.s
[GEN]	Fonts/build/GlyphItem/FontItem_6322.font.s
[GEN]	Fonts/build/GlyphItem/FontItem_62F6.font.s
[GEN]	Fonts/build/GlyphItem/FontItem_6339.font.s
[GEN]	Fonts/build/GlyphItem/FontItem_634B.font.s
[GEN]	Fonts/build/GlyphItem/FontItem_6343.font.s
[GEN]	Fonts/build/GlyphItem/FontItem_63AD.font.s
[GEN]	Fonts/build/GlyphItem/FontItem_63F6.font.s
[GEN]	Fonts/build/GlyphItem/FontItem_6371.font.s
[GEN]	Fonts/build/GlyphItem/FontItem_637A.font.s
[GEN]	Fonts/build/GlyphItem/FontItem_638E.font.s
[GEN]	Fonts/build/GlyphItem/FontItem_63B4.font.s
[GEN]	Fonts/build/GlyphItem/FontItem_636D.font.s
[GEN]	Fonts/build/GlyphItem/FontItem_63AC.font.s
[GEN]	Fonts/build/GlyphItem/FontItem_638A.font.s
[GEN]	Fonts/build/GlyphItem/FontItem_6369.font.s
[GEN]	Fonts/build/GlyphItem/FontItem_63AE.font.s
[GEN]	Fonts/build/GlyphItem/FontItem_63BC.font.s
[GEN]	Fonts/build/GlyphItem/FontItem_63F2.font.s
[GEN]	Fonts/build/GlyphItem/FontItem_63F8.font.s
[GEN]	Fonts/build/GlyphItem/FontItem_63E0.font.s
[GEN]	Fonts/build/GlyphItem/FontItem_63FF.font.s
[GEN]	Fonts/build/GlyphItem/FontItem_63C4.font.s
[GEN]	Fonts/build/GlyphItem/FontItem_63DE.font.s
[GEN]	Fonts/build/GlyphItem/FontItem_63CE.font.s
[GEN]	Fonts/build/GlyphItem/FontItem_6452.font.s
[GEN]	Fonts/build/GlyphItem/FontItem_63C6.font.s
[GEN]	Fonts/build/GlyphItem/FontItem_63BE.font.s
[GEN]	Fonts/build/GlyphItem/FontItem_6445.font.s
[GEN]	Fonts/build/GlyphItem/FontItem_6441.font.s
[GEN]	Fonts/build/GlyphItem/FontItem_640B.font.s
[GEN]	Fonts/build/GlyphItem/FontItem_641B.font.s
[GEN]	Fonts/build/GlyphItem/FontItem_6420.font.s
[GEN]	Fonts/build/GlyphItem/FontItem_640C.font.s
[GEN]	Fonts/build/GlyphItem/FontItem_6426.font.s
[GEN]	Fonts/build/GlyphItem/FontItem_6421.font.s
[GEN]	Fonts/build/GlyphItem/FontItem_645E.font.s
[GEN]	Fonts/build/GlyphItem/FontItem_6484.font.s
[GEN]	Fonts/build/GlyphItem/FontItem_646D.font.s
[GEN]	Fonts/build/GlyphItem/FontItem_6496.font.s
[GEN]	Fonts/build/GlyphItem/FontItem_647A.font.s
[GEN]	Fonts/build/GlyphItem/FontItem_64B7.font.s
[GEN]	Fonts/build/GlyphItem/FontItem_64B8.font.s
[GEN]	Fonts/build/GlyphItem/FontItem_6499.font.s
[GEN]	Fonts/build/GlyphItem/FontItem_64BA.font.s
[GEN]	Fonts/build/GlyphItem/FontItem_64C0.font.s
[GEN]	Fonts/build/GlyphItem/FontItem_64D0.font.s
[GEN]	Fonts/build/GlyphItem/FontItem_64D7.font.s
[GEN]	Fonts/build/GlyphItem/FontItem_64E4.font.s
[GEN]	Fonts/build/GlyphItem/FontItem_64E2.font.s
[GEN]	Fonts/build/GlyphItem/FontItem_6509.font.s
[GEN]	Fonts/build/GlyphItem/FontItem_6525.font.s
[GEN]	Fonts/build/GlyphItem/FontItem_652E.font.s
[GEN]	Fonts/build/GlyphItem/FontItem_5F0B.font.s
[GEN]	Fonts/build/GlyphItem/FontItem_7519.font.s
[GEN]	Fonts/build/GlyphItem/FontItem_535F.font.s
[GEN]	Fonts/build/GlyphItem/FontItem_53F1.font.s
[GEN]	Fonts/build/GlyphItem/FontItem_53FD.font.s
[GEN]	Fonts/build/GlyphItem/FontItem_53E9.font.s
[GEN]	Fonts/build/GlyphItem/FontItem_53E8.font.s
[GEN]	Fonts/build/GlyphItem/FontItem_53FB.font.s
[GEN]	Fonts/build/GlyphItem/FontItem_5412.font.s
[GEN]	Fonts/build/GlyphItem/FontItem_5406.font.s
[GEN]	Fonts/build/GlyphItem/FontItem_544B.font.s
[GEN]	Fonts/build/GlyphItem/FontItem_5452.font.s
[GEN]	Fonts/build/GlyphItem/FontItem_5453.font.s
[GEN]	Fonts/build/GlyphItem/FontItem_5454.font.s
[GEN]	Fonts/build/GlyphItem/FontItem_5456.font.s
[GEN]	Fonts/build/GlyphItem/FontItem_5443.font.s
[GEN]	Fonts/build/GlyphItem/FontItem_5421.font.s
[GEN]	Fonts/build/GlyphItem/FontItem_5457.font.s
[GEN]	Fonts/build/GlyphItem/FontItem_5459.font.s
[GEN]	Fonts/build/GlyphItem/FontItem_5423.font.s
[GEN]	Fonts/build/GlyphItem/FontItem_5432.font.s
[GEN]	Fonts/build/GlyphItem/FontItem_5482.font.s
[GEN]	Fonts/build/GlyphItem/FontItem_5494.font.s
[GEN]	Fonts/build/GlyphItem/FontItem_5477.font.s
[GEN]	Fonts/build/GlyphItem/FontItem_5471.font.s
[GEN]	Fonts/build/GlyphItem/FontItem_5464.font.s
[GEN]	Fonts/build/GlyphItem/FontItem_549A.font.s
[GEN]	Fonts/build/GlyphItem/FontItem_549B.font.s
[GEN]	Fonts/build/GlyphItem/FontItem_5484.font.s
[GEN]	Fonts/build/GlyphItem/FontItem_5476.font.s
[GEN]	Fonts/build/GlyphItem/FontItem_5466.font.s
[GEN]	Fonts/build/GlyphItem/FontItem_549D.font.s
[GEN]	Fonts/build/GlyphItem/FontItem_54D0.font.s
[GEN]	Fonts/build/GlyphItem/FontItem_54AD.font.s
[GEN]	Fonts/build/GlyphItem/FontItem_54C2.font.s
[GEN]	Fonts/build/GlyphItem/FontItem_54B4.font.s
[GEN]	Fonts/build/GlyphItem/FontItem_54D2.font.s
[GEN]	Fonts/build/GlyphItem/FontItem_54A7.font.s
[GEN]	Fonts/build/GlyphItem/FontItem_54A6.font.s
[GEN]	Fonts/build/GlyphItem/FontItem_54D3.font.s
[GEN]	Fonts/build/GlyphItem/FontItem_54D4.font.s
[GEN]	Fonts/build/GlyphItem/FontItem_5472.font.s
[GEN]	Fonts/build/GlyphItem/FontItem_54A3.font.s
[GEN]	Fonts/build/GlyphItem/FontItem_54D5.font.s
[GEN]	Fonts/build/GlyphItem/FontItem_54BB.font.s
[GEN]	Fonts/build/GlyphItem/FontItem_54BF.font.s
[GEN]	Fonts/build/GlyphItem/FontItem_54CC.font.s
[GEN]	Fonts/build/GlyphItem/FontItem_54D9.font.s
[GEN]	Fonts/build/GlyphItem/FontItem_54DA.font.s
[GEN]	Fonts/build/GlyphItem/FontItem_54DC.font.s
[GEN]	Fonts/build/GlyphItem/FontItem_54A9.font.s
[GEN]	Fonts/build/GlyphItem/FontItem_54AA.font.s
[GEN]	Fonts/build/GlyphItem/FontItem_54A4.font.s
[GEN]	Fonts/build/GlyphItem/FontItem_54DD.font.s
[GEN]	Fonts/build/GlyphItem/FontItem_54CF.font.s
[GEN]	Fonts/build/GlyphItem/FontItem_54DE.font.s
[GEN]	Fonts/build/GlyphItem/FontItem_551B.font.s
[GEN]	Fonts/build/GlyphItem/FontItem_54E7.font.s
[GEN]	Fonts/build/GlyphItem/FontItem_5520.font.s
[GEN]	Fonts/build/GlyphItem/FontItem_54FD.font.s
[GEN]	Fonts/build/GlyphItem/FontItem_5514.font.s
[GEN]	Fonts/build/GlyphItem/FontItem_54F3.font.s
[GEN]	Fonts/build/GlyphItem/FontItem_5522.font.s
[GEN]	Fonts/build/GlyphItem/FontItem_5523.font.s
[GEN]	Fonts/build/GlyphItem/FontItem_550F.font.s
[GEN]	Fonts/build/GlyphItem/FontItem_5511.font.s
[GEN]	Fonts/build/GlyphItem/FontItem_5527.font.s
[GEN]	Fonts/build/GlyphItem/FontItem_552A.font.s
[GEN]	Fonts/build/GlyphItem/FontItem_5567.font.s
[GEN]	Fonts/build/GlyphItem/FontItem_558F.font.s
[GEN]	Fonts/build/GlyphItem/FontItem_55B5.font.s
[GEN]	Fonts/build/GlyphItem/FontItem_5549.font.s
[GEN]	Fonts/build/GlyphItem/FontItem_556D.font.s
[GEN]	Fonts/build/GlyphItem/FontItem_5541.font.s
[GEN]	Fonts/build/GlyphItem/FontItem_553F.font.s
[GEN]	Fonts/build/GlyphItem/FontItem_5550.font.s
[GEN]	Fonts/build/GlyphItem/FontItem_553C.font.s
[GEN]	Fonts/build/GlyphItem/FontItem_5537.font.s
[GEN]	Fonts/build/GlyphItem/FontItem_5556.font.s
[GEN]	Fonts/build/GlyphItem/FontItem_5575.font.s
[GEN]	Fonts/build/GlyphItem/FontItem_5576.font.s
[GEN]	Fonts/build/GlyphItem/FontItem_5577.font.s
[GEN]	Fonts/build/GlyphItem/FontItem_5533.font.s
[GEN]	Fonts/build/GlyphItem/FontItem_5530.font.s
[GEN]	Fonts/build/GlyphItem/FontItem_555C.font.s
[GEN]	Fonts/build/GlyphItem/FontItem_558B.font.s
[GEN]	Fonts/build/GlyphItem/FontItem_55D2.font.s
[GEN]	Fonts/build/GlyphItem/FontItem_5583.font.s
[GEN]	Fonts/build/GlyphItem/FontItem_55B1.font.s
[GEN]	Fonts/build/GlyphItem/FontItem_55B9.font.s
[GEN]	Fonts/build/GlyphItem/FontItem_5588.font.s
[GEN]	Fonts/build/GlyphItem/FontItem_5581.font.s
[GEN]	Fonts/build/GlyphItem/FontItem_559F.font.s
[GEN]	Fonts/build/GlyphItem/FontItem_557E.font.s
[GEN]	Fonts/build/GlyphItem/FontItem_55D6.font.s
[GEN]	Fonts/build/GlyphItem/FontItem_5591.font.s
[GEN]	Fonts/build/GlyphItem/FontItem_557B.font.s
[GEN]	Fonts/build/GlyphItem/FontItem_55DF.font.s
[GEN]	Fonts/build/GlyphItem/FontItem_55BD.font.s
[GEN]	Fonts/build/GlyphItem/FontItem_55BE.font.s
[GEN]	Fonts/build/GlyphItem/FontItem_5594.font.s
[GEN]	Fonts/build/GlyphItem/FontItem_5599.font.s
[GEN]	Fonts/build/GlyphItem/FontItem_55EA.font.s
[GEN]	Fonts/build/GlyphItem/FontItem_55F7.font.s
[GEN]	Fonts/build/GlyphItem/FontItem_55C9.font.s
[GEN]	Fonts/build/GlyphItem/FontItem_55D1.font.s
[GEN]	Fonts/build/GlyphItem/FontItem_55EB.font.s
[GEN]	Fonts/build/GlyphItem/FontItem_55EC.font.s
[GEN]	Fonts/build/GlyphItem/FontItem_55D4.font.s
[GEN]	Fonts/build/GlyphItem/FontItem_55E6.font.s
[GEN]	Fonts/build/GlyphItem/FontItem_55DD.font.s
[GEN]	Fonts/build/GlyphItem/FontItem_55C4.font.s
[GEN]	Fonts/build/GlyphItem/FontItem_55EF.font.s
[GEN]	Fonts/build/GlyphItem/FontItem_55E5.font.s
[GEN]	Fonts/build/GlyphItem/FontItem_55F2.font.s
[GEN]	Fonts/build/GlyphItem/FontItem_55F3.font.s
[GEN]	Fonts/build/GlyphItem/FontItem_55CC.font.s
[GEN]	Fonts/build/GlyphItem/FontItem_55CD.font.s
[GEN]	Fonts/build/GlyphItem/FontItem_55E8.font.s
[GEN]	Fonts/build/GlyphItem/FontItem_55F5.font.s
[GEN]	Fonts/build/GlyphItem/FontItem_55E4.font.s
[GEN]	Fonts/build/GlyphItem/FontItem_8F94.font.s
[GEN]	Fonts/build/GlyphItem/FontItem_561E.font.s
[GEN]	Fonts/build/GlyphItem/FontItem_5608.font.s
[GEN]	Fonts/build/GlyphItem/FontItem_560C.font.s
[GEN]	Fonts/build/GlyphItem/FontItem_5601.font.s
[GEN]	Fonts/build/GlyphItem/FontItem_5624.font.s
[GEN]	Fonts/build/GlyphItem/FontItem_5623.font.s
[GEN]	Fonts/build/GlyphItem/FontItem_55FE.font.s
[GEN]	Fonts/build/GlyphItem/FontItem_5600.font.s
[GEN]	Fonts/build/GlyphItem/FontItem_5627.font.s
[GEN]	Fonts/build/GlyphItem/FontItem_562D.font.s
[GEN]	Fonts/build/GlyphItem/FontItem_5658.font.s
[GEN]	Fonts/build/GlyphItem/FontItem_5639.font.s
[GEN]	Fonts/build/GlyphItem/FontItem_5657.font.s
[GEN]	Fonts/build/GlyphItem/FontItem_562C.font.s
[GEN]	Fonts/build/GlyphItem/FontItem_564D.font.s
[GEN]	Fonts/build/GlyphItem/FontItem_5662.font.s
[GEN]	Fonts/build/GlyphItem/FontItem_5659.font.s
[GEN]	Fonts/build/GlyphItem/FontItem_565C.font.s
[GEN]	Fonts/build/GlyphItem/FontItem_564C.font.s
[GEN]	Fonts/build/GlyphItem/FontItem_5654.font.s
[GEN]	Fonts/build/GlyphItem/FontItem_5686.font.s
[GEN]	Fonts/build/GlyphItem/FontItem_5664.font.s
[GEN]	Fonts/build/GlyphItem/FontItem_5671.font.s
[GEN]	Fonts/build/GlyphItem/FontItem_566B.font.s
[GEN]	Fonts/build/GlyphItem/FontItem_567B.font.s
[GEN]	Fonts/build/GlyphItem/FontItem_567C.font.s
[GEN]	Fonts/build/GlyphItem/FontItem_5685.font.s
[GEN]	Fonts/build/GlyphItem/FontItem_5693.font.s
[GEN]	Fonts/build/GlyphItem/FontItem_56AF.font.s
[GEN]	Fonts/build/GlyphItem/FontItem_56D7.font.s
[GEN]	Fonts/build/GlyphItem/FontItem_56DD.font.s
[GEN]	Fonts/build/GlyphItem/FontItem_56E1.font.s
[GEN]	Fonts/build/GlyphItem/FontItem_56F5.font.s
[GEN]	Fonts/build/GlyphItem/FontItem_56EB.font.s
[GEN]	Fonts/build/GlyphItem/FontItem_56F9.font.s
[GEN]	Fonts/build/GlyphItem/FontItem_56FF.font.s
[GEN]	Fonts/build/GlyphItem/FontItem_5704.font.s
[GEN]	Fonts/build/GlyphItem/FontItem_570A.font.s
[GEN]	Fonts/build/GlyphItem/FontItem_5709.font.s
[GEN]	Fonts/build/GlyphItem/FontItem_571C.font.s
[GEN]	Fonts/build/GlyphItem/FontItem_5E0F.font.s
[GEN]	Fonts/build/GlyphItem/FontItem_5E19.font.s
[GEN]	Fonts/build/GlyphItem/FontItem_5E14.font.s
[GEN]	Fonts/build/GlyphItem/FontItem_5E11.font.s
[GEN]	Fonts/build/GlyphItem/FontItem_5E31.font.s
[GEN]	Fonts/build/GlyphItem/FontItem_5E3B.font.s
[GEN]	Fonts/build/GlyphItem/FontItem_5E3C.font.s
[GEN]	Fonts/build/GlyphItem/FontItem_5E44.font.s
[GEN]	Fonts/build/GlyphItem/FontItem_5E54.font.s
[GEN]	Fonts/build/GlyphItem/FontItem_5E5B.font.s
[GEN]	Fonts/build/GlyphItem/FontItem_5E5E.font.s
[GEN]	Fonts/build/GlyphItem/FontItem_5E61.font.s
[GEN]	Fonts/build/GlyphItem/FontItem_5C8C.font.s
[GEN]	Fonts/build/GlyphItem/FontItem_5C7A.font.s
[GEN]	Fonts/build/GlyphItem/FontItem_5C8D.font.s
[GEN]	Fonts/build/GlyphItem/FontItem_5C90.font.s
[GEN]	Fonts/build/GlyphItem/FontItem_5C96.font.s
[GEN]	Fonts/build/GlyphItem/FontItem_5C88.font.s
[GEN]	Fonts/build/GlyphItem/FontItem_5C98.font.s
[GEN]	Fonts/build/GlyphItem/FontItem_5C99.font.s
[GEN]	Fonts/build/GlyphItem/FontItem_5C91.font.s
[GEN]	Fonts/build/GlyphItem/FontItem_5C9C.font.s
[GEN]	Fonts/build/GlyphItem/FontItem_5CB5.font.s
[GEN]	Fonts/build/GlyphItem/FontItem_5CA2.font.s
[GEN]	Fonts/build/GlyphItem/FontItem_5CBD.font.s
[GEN]	Fonts/build/GlyphItem/FontItem_5CAC.font.s
[GEN]	Fonts/build/GlyphItem/FontItem_5CAB.font.s
[GEN]	Fonts/build/GlyphItem/FontItem_5CB1.font.s
[GEN]	Fonts/build/GlyphItem/FontItem_5CA3.font.s
[GEN]	Fonts/build/GlyphItem/FontItem_5CC1.font.s
[GEN]	Fonts/build/GlyphItem/FontItem_5CB7.font.s
[GEN]	Fonts/build/GlyphItem/FontItem_5CC4.font.s
[GEN]	Fonts/build/GlyphItem/FontItem_5CD2.font.s
[GEN]	Fonts/build/GlyphItem/FontItem_5CE4.font.s
[GEN]	Fonts/build/GlyphItem/FontItem_5CCB.font.s
[GEN]	Fonts/build/GlyphItem/FontItem_5CE5.font.s
[GEN]	Fonts/build/GlyphItem/FontItem_5D02.font.s
[GEN]	Fonts/build/GlyphItem/FontItem_5D03.font.s
[GEN]	Fonts/build/GlyphItem/FontItem_5D27.font.s
[GEN]	Fonts/build/GlyphItem/FontItem_5D26.font.s
[GEN]	Fonts/build/GlyphItem/FontItem_5D2E.font.s
[GEN]	Fonts/build/GlyphItem/FontItem_5D24.font.s
[GEN]	Fonts/build/GlyphItem/FontItem_5D1E.font.s
[GEN]	Fonts/build/GlyphItem/FontItem_5D06.font.s
[GEN]	Fonts/build/GlyphItem/FontItem_5D1B.font.s
[GEN]	Fonts/build/GlyphItem/FontItem_5D58.font.s
[GEN]	Fonts/build/GlyphItem/FontItem_5D3E.font.s
[GEN]	Fonts/build/GlyphItem/FontItem_5D34.font.s
[GEN]	Fonts/build/GlyphItem/FontItem_5D3D.font.s
[GEN]	Fonts/build/GlyphItem/FontItem_5D6C.font.s
[GEN]	Fonts/build/GlyphItem/FontItem_5D5B.font.s
[GEN]	Fonts/build/GlyphItem/FontItem_5D6F.font.s
[GEN]	Fonts/build/GlyphItem/FontItem_5D5D.font.s
[GEN]	Fonts/build/GlyphItem/FontItem_5D6B.font.s
[GEN]	Fonts/build/GlyphItem/FontItem_5D4B.font.s
[GEN]	Fonts/build/GlyphItem/FontItem_5D4A.font.s
[GEN]	Fonts/build/GlyphItem/FontItem_5D69.font.s
[GEN]	Fonts/build/GlyphItem/FontItem_5D74.font.s
[GEN]	Fonts/build/GlyphItem/FontItem_5D82.font.s
[GEN]	Fonts/build/GlyphItem/FontItem_5D99.font.s
[GEN]	Fonts/build/GlyphItem/FontItem_5D9D.font.s
[GEN]	Fonts/build/GlyphItem/FontItem_8C73.font.s
[GEN]	Fonts/build/GlyphItem/FontItem_5DB7.font.s
[GEN]	Fonts/build/GlyphItem/FontItem_5DC5.font.s
[GEN]	Fonts/build/GlyphItem/FontItem_5F73.font.s
[GEN]	Fonts/build/GlyphItem/FontItem_5F82.font.s
[GEN]	Fonts/build/GlyphItem/FontItem_5F87.font.s
[GEN]	Fonts/build/GlyphItem/FontItem_5F89.font.s
[GEN]	Fonts/build/GlyphItem/FontItem_5F8C.font.s
[GEN]	Fonts/build/GlyphItem/FontItem_5F95.font.s
[GEN]	Fonts/build/GlyphItem/FontItem_5F99.font.s
[GEN]	Fonts/build/GlyphItem/FontItem_5F9C.font.s
[GEN]	Fonts/build/GlyphItem/FontItem_5FAD.font.s
[GEN]	Fonts/build/GlyphItem/FontItem_5FB5.font.s
[GEN]	Fonts/build/GlyphItem/FontItem_5FBC.font.s
[GEN]	Fonts/build/GlyphItem/FontItem_8862.font.s
[GEN]	Fonts/build/GlyphItem/FontItem_5F61.font.s
[GEN]	Fonts/build/GlyphItem/FontItem_72AD.font.s
[GEN]	Fonts/build/GlyphItem/FontItem_72B0.font.s
[GEN]	Fonts/build/GlyphItem/FontItem_72B4.font.s
[GEN]	Fonts/build/GlyphItem/FontItem_72B7.font.s
[GEN]	Fonts/build/GlyphItem/FontItem_72B8.font.s
[GEN]	Fonts/build/GlyphItem/FontItem_72C3.font.s
[GEN]	Fonts/build/GlyphItem/FontItem_72C1.font.s
[GEN]	Fonts/build/GlyphItem/FontItem_72CE.font.s
[GEN]	Fonts/build/GlyphItem/FontItem_72CD.font.s
[GEN]	Fonts/build/GlyphItem/FontItem_72D2.font.s
[GEN]	Fonts/build/GlyphItem/FontItem_72E8.font.s
[GEN]	Fonts/build/GlyphItem/FontItem_72EF.font.s
[GEN]	Fonts/build/GlyphItem/FontItem_72E9.font.s
[GEN]	Fonts/build/GlyphItem/FontItem_72F2.font.s
[GEN]	Fonts/build/GlyphItem/FontItem_72F4.font.s
[GEN]	Fonts/build/GlyphItem/FontItem_72F7.font.s
[GEN]	Fonts/build/GlyphItem/FontItem_7301.font.s
[GEN]	Fonts/build/GlyphItem/FontItem_72F3.font.s
[GEN]	Fonts/build/GlyphItem/FontItem_7303.font.s
[GEN]	Fonts/build/GlyphItem/FontItem_72FA.font.s
[GEN]	Fonts/build/GlyphItem/FontItem_72FB.font.s
[GEN]	Fonts/build/GlyphItem/FontItem_7317.font.s
[GEN]	Fonts/build/GlyphItem/FontItem_7313.font.s
[GEN]	Fonts/build/GlyphItem/FontItem_7321.font.s
[GEN]	Fonts/build/GlyphItem/FontItem_730A.font.s
[GEN]	Fonts/build/GlyphItem/FontItem_731E.font.s
[GEN]	Fonts/build/GlyphItem/FontItem_731D.font.s
[GEN]	Fonts/build/GlyphItem/FontItem_7315.font.s
[GEN]	Fonts/build/GlyphItem/FontItem_7322.font.s
[GEN]	Fonts/build/GlyphItem/FontItem_7339.font.s
[GEN]	Fonts/build/GlyphItem/FontItem_7325.font.s
[GEN]	Fonts/build/GlyphItem/FontItem_732C.font.s
[GEN]	Fonts/build/GlyphItem/FontItem_7338.font.s
[GEN]	Fonts/build/GlyphItem/FontItem_7331.font.s
[GEN]	Fonts/build/GlyphItem/FontItem_7350.font.s
[GEN]	Fonts/build/GlyphItem/FontItem_734D.font.s
[GEN]	Fonts/build/GlyphItem/FontItem_7357.font.s
[GEN]	Fonts/build/GlyphItem/FontItem_7360.font.s
[GEN]	Fonts/build/GlyphItem/FontItem_736C.font.s
[GEN]	Fonts/build/GlyphItem/FontItem_736F.font.s
[GEN]	Fonts/build/GlyphItem/FontItem_737E.font.s
[GEN]	Fonts/build/GlyphItem/FontItem_821B.font.s
[GEN]	Fonts/build/GlyphItem/FontItem_5925.font.s
[GEN]	Fonts/build/GlyphItem/FontItem_98E7.font.s
[GEN]	Fonts/build/GlyphItem/FontItem_5924.font.s
[GEN]	Fonts/build/GlyphItem/FontItem_5902.font.s
[GEN]	Fonts/build/GlyphItem/FontItem_9963.font.s
[GEN]	Fonts/build/GlyphItem/FontItem_9967.font.s
[GEN]	Fonts/build/GlyphItem/FontItem_9968.font.s
[GEN]	Fonts/build/GlyphItem/FontItem_9969.font.s
[GEN]	Fonts/build/GlyphItem/FontItem_996A.font.s
[GEN]	Fonts/build/GlyphItem/FontItem_996B.font.s
[GEN]	Fonts/build/GlyphItem/FontItem_996C.font.s
[GEN]	Fonts/build/GlyphItem/FontItem_9974.font.s
[GEN]	Fonts/build/GlyphItem/FontItem_9977.font.s
[GEN]	Fonts/build/GlyphItem/FontItem_997D.font.s
[GEN]	Fonts/build/GlyphItem/FontItem_9980.font.s
[GEN]	Fonts/build/GlyphItem/FontItem_9984.font.s
[GEN]	Fonts/build/GlyphItem/FontItem_9987.font.s
[GEN]	Fonts/build/GlyphItem/FontItem_998A.font.s
[GEN]	Fonts/build/GlyphItem/FontItem_998D.font.s
[GEN]	Fonts/build/GlyphItem/FontItem_9990.font.s
[GEN]	Fonts/build/GlyphItem/FontItem_9991.font.s
[GEN]	Fonts/build/GlyphItem/FontItem_9993.font.s
[GEN]	Fonts/build/GlyphItem/FontItem_9994.font.s
[GEN]	Fonts/build/GlyphItem/FontItem_9995.font.s
[GEN]	Fonts/build/GlyphItem/FontItem_5E80.font.s
[GEN]	Fonts/build/GlyphItem/FontItem_5E91.font.s
[GEN]	Fonts/build/GlyphItem/FontItem_5E8B.font.s
[GEN]	Fonts/build/GlyphItem/FontItem_5E96.font.s
[GEN]	Fonts/build/GlyphItem/FontItem_5EA5.font.s
[GEN]	Fonts/build/GlyphItem/FontItem_5EA0.font.s
[GEN]	Fonts/build/GlyphItem/FontItem_5EB9.font.s
[GEN]	Fonts/build/GlyphItem/FontItem_5EB5.font.s
[GEN]	Fonts/build/GlyphItem/FontItem_5EBE.font.s
[GEN]	Fonts/build/GlyphItem/FontItem_5EB3.font.s
[GEN]	Fonts/build/GlyphItem/FontItem_8D53.font.s
[GEN]	Fonts/build/GlyphItem/FontItem_5ED2.font.s
[GEN]	Fonts/build/GlyphItem/FontItem_5ED1.font.s
[GEN]	Fonts/build/GlyphItem/FontItem_5EDB.font.s
[GEN]	Fonts/build/GlyphItem/FontItem_5EE8.font.s
[GEN]	Fonts/build/GlyphItem/FontItem_5EEA.font.s
[GEN]	Fonts/build/GlyphItem/FontItem_81BA.font.s
[GEN]	Fonts/build/GlyphItem/FontItem_5FC4.font.s
[GEN]	Fonts/build/GlyphItem/FontItem_5FC9.font.s
[GEN]	Fonts/build/GlyphItem/FontItem_5FD6.font.s
[GEN]	Fonts/build/GlyphItem/FontItem_5FCF.font.s
[GEN]	Fonts/build/GlyphItem/FontItem_6003.font.s
[GEN]	Fonts/build/GlyphItem/FontItem_5FEE.font.s
[GEN]	Fonts/build/GlyphItem/FontItem_6004.font.s
[GEN]	Fonts/build/GlyphItem/FontItem_5FE1.font.s
[GEN]	Fonts/build/GlyphItem/FontItem_5FE4.font.s
[GEN]	Fonts/build/GlyphItem/FontItem_5FFE.font.s
[GEN]	Fonts/build/GlyphItem/FontItem_6005.font.s
[GEN]	Fonts/build/GlyphItem/FontItem_6006.font.s
[GEN]	Fonts/build/GlyphItem/FontItem_5FEA.font.s
[GEN]	Fonts/build/GlyphItem/FontItem_5FED.font.s
[GEN]	Fonts/build/GlyphItem/FontItem_5FF8.font.s
[GEN]	Fonts/build/GlyphItem/FontItem_6019.font.s
[GEN]	Fonts/build/GlyphItem/FontItem_6035.font.s
[GEN]	Fonts/build/GlyphItem/FontItem_6026.font.s
[GEN]	Fonts/build/GlyphItem/FontItem_601B.font.s
[GEN]	Fonts/build/GlyphItem/FontItem_600F.font.s
[GEN]	Fonts/build/GlyphItem/FontItem_600D.font.s
[GEN]	Fonts/build/GlyphItem/FontItem_6029.font.s
[GEN]	Fonts/build/GlyphItem/FontItem_602B.font.s
[GEN]	Fonts/build/GlyphItem/FontItem_600A.font.s
[GEN]	Fonts/build/GlyphItem/FontItem_603F.font.s
[GEN]	Fonts/build/GlyphItem/FontItem_6021.font.s
[GEN]	Fonts/build/GlyphItem/FontItem_6078.font.s
[GEN]	Fonts/build/GlyphItem/FontItem_6079.font.s
[GEN]	Fonts/build/GlyphItem/FontItem_607B.font.s
[GEN]	Fonts/build/GlyphItem/FontItem_607A.font.s
[GEN]	Fonts/build/GlyphItem/FontItem_6042.font.s
[GEN]	Fonts/build/GlyphItem/FontItem_606A.font.s
[GEN]	Fonts/build/GlyphItem/FontItem_607D.font.s
[GEN]	Fonts/build/GlyphItem/FontItem_6096.font.s
[GEN]	Fonts/build/GlyphItem/FontItem_609A.font.s
[GEN]	Fonts/build/GlyphItem/FontItem_60AD.font.s
[GEN]	Fonts/build/GlyphItem/FontItem_609D.font.s
[GEN]	Fonts/build/GlyphItem/FontItem_6083.font.s
[GEN]	Fonts/build/GlyphItem/FontItem_6092.font.s
[GEN]	Fonts/build/GlyphItem/FontItem_608C.font.s
[GEN]	Fonts/build/GlyphItem/FontItem_609B.font.s
[GEN]	Fonts/build/GlyphItem/FontItem_60EC.font.s
[GEN]	Fonts/build/GlyphItem/FontItem_60BB.font.s
[GEN]	Fonts/build/GlyphItem/FontItem_60B1.font.s
[GEN]	Fonts/build/GlyphItem/FontItem_60DD.font.s
[GEN]	Fonts/build/GlyphItem/FontItem_60D8.font.s
[GEN]	Fonts/build/GlyphItem/FontItem_60C6.font.s
[GEN]	Fonts/build/GlyphItem/FontItem_60DA.font.s
[GEN]	Fonts/build/GlyphItem/FontItem_60B4.font.s
[GEN]	Fonts/build/GlyphItem/FontItem_6120.font.s
[GEN]	Fonts/build/GlyphItem/FontItem_6126.font.s
[GEN]	Fonts/build/GlyphItem/FontItem_6123.font.s
[GEN]	Fonts/build/GlyphItem/FontItem_60F4.font.s
[GEN]	Fonts/build/GlyphItem/FontItem_6100.font.s
[GEN]	Fonts/build/GlyphItem/FontItem_610E.font.s
[GEN]	Fonts/build/GlyphItem/FontItem_612B.font.s
[GEN]	Fonts/build/GlyphItem/FontItem_614A.font.s
[GEN]	Fonts/build/GlyphItem/FontItem_6175.font.s
[GEN]	Fonts/build/GlyphItem/FontItem_61AC.font.s
[GEN]	Fonts/build/GlyphItem/FontItem_6194.font.s
[GEN]	Fonts/build/GlyphItem/FontItem_61A7.font.s
[GEN]	Fonts/build/GlyphItem/FontItem_61B7.font.s
[GEN]	Fonts/build/GlyphItem/FontItem_61D4.font.s
[GEN]	Fonts/build/GlyphItem/FontItem_61F5.font.s
[GEN]	Fonts/build/GlyphItem/FontItem_5FDD.font.s
[GEN]	Fonts/build/GlyphItem/FontItem_96B3.font.s
[GEN]	Fonts/build/GlyphItem/FontItem_95E9.font.s
[GEN]	Fonts/build/GlyphItem/FontItem_95EB.font.s
[GEN]	Fonts/build/GlyphItem/FontItem_95F1.font.s
[GEN]	Fonts/build/GlyphItem/FontItem_95F3.font.s
[GEN]	Fonts/build/GlyphItem/FontItem_95F5.font.s
[GEN]	Fonts/build/GlyphItem/FontItem_95F6.font.s
[GEN]	Fonts/build/GlyphItem/FontItem_95FC.font.s
[GEN]	Fonts/build/GlyphItem/FontItem_95FE.font.s
[GEN]	Fonts/build/GlyphItem/FontItem_9603.font.s
[GEN]	Fonts/build/GlyphItem/FontItem_9604.font.s
[GEN]	Fonts/build/GlyphItem/FontItem_9606.font.s
[GEN]	Fonts/build/GlyphItem/FontItem_9608.font.s
[GEN]	Fonts/build/GlyphItem/FontItem_960A.font.s
[GEN]	Fonts/build/GlyphItem/FontItem_960B.font.s
[GEN]	Fonts/build/GlyphItem/FontItem_960C.font.s
[GEN]	Fonts/build/GlyphItem/FontItem_960D.font.s
[GEN]	Fonts/build/GlyphItem/FontItem_960F.font.s
[GEN]	Fonts/build/GlyphItem/FontItem_9612.font.s
[GEN]	Fonts/build/GlyphItem/FontItem_9615.font.s
[GEN]	Fonts/build/GlyphItem/FontItem_9616.font.s
[GEN]	Fonts/build/GlyphItem/FontItem_9617.font.s
[GEN]	Fonts/build/GlyphItem/FontItem_9619.font.s
[GEN]	Fonts/build/GlyphItem/FontItem_961A.font.s
[GEN]	Fonts/build/GlyphItem/FontItem_4E2C.font.s
[GEN]	Fonts/build/GlyphItem/FontItem_723F.font.s
[GEN]	Fonts/build/GlyphItem/FontItem_6215.font.s
[GEN]	Fonts/build/GlyphItem/FontItem_6C35.font.s
[GEN]	Fonts/build/GlyphItem/FontItem_6C54.font.s
[GEN]	Fonts/build/GlyphItem/FontItem_6C5C.font.s
[GEN]	Fonts/build/GlyphItem/FontItem_6C4A.font.s
[GEN]	Fonts/build/GlyphItem/FontItem_6CA3.font.s
[GEN]	Fonts/build/GlyphItem/FontItem_6C85.font.s
[GEN]	Fonts/build/GlyphItem/FontItem_6C90.font.s
[GEN]	Fonts/build/GlyphItem/FontItem_6C94.font.s
[GEN]	Fonts/build/GlyphItem/FontItem_6C8C.font.s
[GEN]	Fonts/build/GlyphItem/FontItem_6C68.font.s
[GEN]	Fonts/build/GlyphItem/FontItem_6C69.font.s
[GEN]	Fonts/build/GlyphItem/FontItem_6C74.font.s
[GEN]	Fonts/build/GlyphItem/FontItem_6C76.font.s
[GEN]	Fonts/build/GlyphItem/FontItem_6C86.font.s
[GEN]	Fonts/build/GlyphItem/FontItem_6CA9.font.s
[GEN]	Fonts/build/GlyphItem/FontItem_6CD0.font.s
[GEN]	Fonts/build/GlyphItem/FontItem_6CD4.font.s
[GEN]	Fonts/build/GlyphItem/FontItem_6CAD.font.s
[GEN]	Fonts/build/GlyphItem/FontItem_6CF7.font.s
[GEN]	Fonts/build/GlyphItem/FontItem_6CF8.font.s
[GEN]	Fonts/build/GlyphItem/FontItem_6CF1.font.s
[GEN]	Fonts/build/GlyphItem/FontItem_6CD7.font.s
[GEN]	Fonts/build/GlyphItem/FontItem_6CB2.font.s
[GEN]	Fonts/build/GlyphItem/FontItem_6CE0.font.s
[GEN]	Fonts/build/GlyphItem/FontItem_6CD6.font.s
[GEN]	Fonts/build/GlyphItem/FontItem_6CFA.font.s
[GEN]	Fonts/build/GlyphItem/FontItem_6CEB.font.s
[GEN]	Fonts/build/GlyphItem/FontItem_6CEE.font.s
[GEN]	Fonts/build/GlyphItem/FontItem_6CB1.font.s
[GEN]	Fonts/build/GlyphItem/FontItem_6CD3.font.s
[GEN]	Fonts/build/GlyphItem/FontItem_6CEF.font.s
[GEN]	Fonts/build/GlyphItem/FontItem_6CFE.font.s
[GEN]	Fonts/build/GlyphItem/FontItem_6D39.font.s
[GEN]	Fonts/build/GlyphItem/FontItem_6D27.font.s
[GEN]	Fonts/build/GlyphItem/FontItem_6D0C.font.s
[GEN]	Fonts/build/GlyphItem/FontItem_6D43.font.s
[GEN]	Fonts/build/GlyphItem/FontItem_6D48.font.s
[GEN]	Fonts/build/GlyphItem/FontItem_6D07.font.s
[GEN]	Fonts/build/GlyphItem/FontItem_6D04.font.s
[GEN]	Fonts/build/GlyphItem/FontItem_6D19.font.s
[GEN]	Fonts/build/GlyphItem/FontItem_6D0E.font.s
[GEN]	Fonts/build/GlyphItem/FontItem_6D2B.font.s
[GEN]	Fonts/build/GlyphItem/FontItem_6D4D.font.s
[GEN]	Fonts/build/GlyphItem/FontItem_6D2E.font.s
[GEN]	Fonts/build/GlyphItem/FontItem_6D35.font.s
[GEN]	Fonts/build/GlyphItem/FontItem_6D1A.font.s
[GEN]	Fonts/build/GlyphItem/FontItem_6D4F.font.s
[GEN]	Fonts/build/GlyphItem/FontItem_6D52.font.s
[GEN]	Fonts/build/GlyphItem/FontItem_6D54.font.s
[GEN]	Fonts/build/GlyphItem/FontItem_6D33.font.s
[GEN]	Fonts/build/GlyphItem/FontItem_6D91.font.s
[GEN]	Fonts/build/GlyphItem/FontItem_6D6F.font.s
[GEN]	Fonts/build/GlyphItem/FontItem_6D9E.font.s
[GEN]	Fonts/build/GlyphItem/FontItem_6DA0.font.s
[GEN]	Fonts/build/GlyphItem/FontItem_6D5E.font.s
[GEN]	Fonts/build/GlyphItem/FontItem_6D93.font.s
[GEN]	Fonts/build/GlyphItem/FontItem_6D94.font.s
[GEN]	Fonts/build/GlyphItem/FontItem_6D5C.font.s
[GEN]	Fonts/build/GlyphItem/FontItem_6D60.font.s
[GEN]	Fonts/build/GlyphItem/FontItem_6D7C.font.s
[GEN]	Fonts/build/GlyphItem/FontItem_6D63.font.s
[GEN]	Fonts/build/GlyphItem/FontItem_6E1A.font.s
[GEN]	Fonts/build/GlyphItem/FontItem_6DC7.font.s
[GEN]	Fonts/build/GlyphItem/FontItem_6DC5.font.s
[GEN]	Fonts/build/GlyphItem/FontItem_6DDE.font.s
[GEN]	Fonts/build/GlyphItem/FontItem_6E0E.font.s
[GEN]	Fonts/build/GlyphItem/FontItem_6DBF.font.s
[GEN]	Fonts/build/GlyphItem/FontItem_6DE0.font.s
[GEN]	Fonts/build/GlyphItem/FontItem_6E11.font.s
[GEN]	Fonts/build/GlyphItem/FontItem_6DE6.font.s
[GEN]	Fonts/build/GlyphItem/FontItem_6DDD.font.s
[GEN]	Fonts/build/GlyphItem/FontItem_6DD9.font.s
[GEN]	Fonts/build/GlyphItem/FontItem_6E16.font.s
[GEN]	Fonts/build/GlyphItem/FontItem_6DAB.font.s
[GEN]	Fonts/build/GlyphItem/FontItem_6E0C.font.s
[GEN]	Fonts/build/GlyphItem/FontItem_6DAE.font.s
[GEN]	Fonts/build/GlyphItem/FontItem_6E2B.font.s
[GEN]	Fonts/build/GlyphItem/FontItem_6E6E.font.s
[GEN]	Fonts/build/GlyphItem/FontItem_6E4E.font.s
[GEN]	Fonts/build/GlyphItem/FontItem_6E6B.font.s
[GEN]	Fonts/build/GlyphItem/FontItem_6EB2.font.s
[GEN]	Fonts/build/GlyphItem/FontItem_6E5F.font.s
[GEN]	Fonts/build/GlyphItem/FontItem_6E86.font.s
[GEN]	Fonts/build/GlyphItem/FontItem_6E53.font.s
[GEN]	Fonts/build/GlyphItem/FontItem_6E54.font.s
[GEN]	Fonts/build/GlyphItem/FontItem_6E32.font.s
[GEN]	Fonts/build/GlyphItem/FontItem_6E25.font.s
[GEN]	Fonts/build/GlyphItem/FontItem_6E44.font.s
[GEN]	Fonts/build/GlyphItem/FontItem_6EDF.font.s
[GEN]	Fonts/build/GlyphItem/FontItem_6EB1.font.s
[GEN]	Fonts/build/GlyphItem/FontItem_6E98.font.s
[GEN]	Fonts/build/GlyphItem/FontItem_6EE0.font.s
[GEN]	Fonts/build/GlyphItem/FontItem_6F2D.font.s
[GEN]	Fonts/build/GlyphItem/FontItem_6EE2.font.s
[GEN]	Fonts/build/GlyphItem/FontItem_6EA5.font.s
[GEN]	Fonts/build/GlyphItem/FontItem_6EA7.font.s
[GEN]	Fonts/build/GlyphItem/FontItem_6EBD.font.s
[GEN]	Fonts/build/GlyphItem/FontItem_6EBB.font.s
[GEN]	Fonts/build/GlyphItem/FontItem_6EB7.font.s
[GEN]	Fonts/build/GlyphItem/FontItem_6ED7.font.s
[GEN]	Fonts/build/GlyphItem/FontItem_6EB4.font.s
[GEN]	Fonts/build/GlyphItem/FontItem_6ECF.font.s
[GEN]	Fonts/build/GlyphItem/FontItem_6E8F.font.s
[GEN]	Fonts/build/GlyphItem/FontItem_6EC2.font.s
[GEN]	Fonts/build/GlyphItem/FontItem_6E9F.font.s
[GEN]	Fonts/build/GlyphItem/FontItem_6F62.font.s
[GEN]	Fonts/build/GlyphItem/FontItem_6F46.font.s
[GEN]	Fonts/build/GlyphItem/FontItem_6F47.font.s
[GEN]	Fonts/build/GlyphItem/FontItem_6F24.font.s
[GEN]	Fonts/build/GlyphItem/FontItem_6F15.font.s
[GEN]	Fonts/build/GlyphItem/FontItem_6EF9.font.s
[GEN]	Fonts/build/GlyphItem/FontItem_6F2F.font.s
[GEN]	Fonts/build/GlyphItem/FontItem_6F36.font.s
[GEN]	Fonts/build/GlyphItem/FontItem_6F4B.font.s
[GEN]	Fonts/build/GlyphItem/FontItem_6F74.font.s
[GEN]	Fonts/build/GlyphItem/FontItem_6F2A.font.s
[GEN]	Fonts/build/GlyphItem/FontItem_6F09.font.s
[GEN]	Fonts/build/GlyphItem/FontItem_6F89.font.s
[GEN]	Fonts/build/GlyphItem/FontItem_6F8D.font.s
[GEN]	Fonts/build/GlyphItem/FontItem_6F8C.font.s
[GEN]	Fonts/build/GlyphItem/FontItem_6F78.font.s
[GEN]	Fonts/build/GlyphItem/FontItem_6F72.font.s
[GEN]	Fonts/build/GlyphItem/FontItem_6F7C.font.s
[GEN]	Fonts/build/GlyphItem/FontItem_6F7A.font.s
[GEN]	Fonts/build/GlyphItem/FontItem_6FD1.font.s
[GEN]	Fonts/build/GlyphItem/FontItem_6FC9.font.s
[GEN]	Fonts/build/GlyphItem/FontItem_6FA7.font.s
[GEN]	Fonts/build/GlyphItem/FontItem_6FB9.font.s
[GEN]	Fonts/build/GlyphItem/FontItem_6FB6.font.s
[GEN]	Fonts/build/GlyphItem/FontItem_6FC2.font.s
[GEN]	Fonts/build/GlyphItem/FontItem_6FE1.font.s
[GEN]	Fonts/build/GlyphItem/FontItem_6FEE.font.s
[GEN]	Fonts/build/GlyphItem/FontItem_6FDE.font.s
[GEN]	Fonts/build/GlyphItem/FontItem_6FE0.font.s
[GEN]	Fonts/build/GlyphItem/FontItem_6FEF.font.s
[GEN]	Fonts/build/GlyphItem/FontItem_701A.font.s
[GEN]	Fonts/build/GlyphItem/FontItem_7023.font.s
[GEN]	Fonts/build/GlyphItem/FontItem_701B.font.s
[GEN]	Fonts/build/GlyphItem/FontItem_7039.font.s
[GEN]	Fonts/build/GlyphItem/FontItem_7035.font.s
[GEN]	Fonts/build/GlyphItem/FontItem_704F.font.s
[GEN]	Fonts/build/GlyphItem/FontItem_705E.font.s
[GEN]	Fonts/build/GlyphItem/FontItem_5B80.font.s
[GEN]	Fonts/build/GlyphItem/FontItem_5B84.font.s
[GEN]	Fonts/build/GlyphItem/FontItem_5B95.font.s
[GEN]	Fonts/build/GlyphItem/FontItem_5B93.font.s
[GEN]	Fonts/build/GlyphItem/FontItem_5BA5.font.s
[GEN]	Fonts/build/GlyphItem/FontItem_5BB8.font.s
[GEN]	Fonts/build/GlyphItem/FontItem_752F.font.s
[GEN]	Fonts/build/GlyphItem/FontItem_9A9E.font.s
[GEN]	Fonts/build/GlyphItem/FontItem_6434.font.s
[GEN]	Fonts/build/GlyphItem/FontItem_5BE4.font.s
[GEN]	Fonts/build/GlyphItem/FontItem_5BEE.font.s
[GEN]	Fonts/build/GlyphItem/FontItem_8930.font.s
[GEN]	Fonts/build/GlyphItem/FontItem_5BF0.font.s
[GEN]	Fonts/build/GlyphItem/FontItem_8E47.font.s
[GEN]	Fonts/build/GlyphItem/FontItem_8B07.font.s
[GEN]	Fonts/build/GlyphItem/FontItem_8FB6.font.s
[GEN]	Fonts/build/GlyphItem/FontItem_8FD3.font.s
[GEN]	Fonts/build/GlyphItem/FontItem_8FD5.font.s
[GEN]	Fonts/build/GlyphItem/FontItem_8FEE.font.s
[GEN]	Fonts/build/GlyphItem/FontItem_8FE4.font.s
[GEN]	Fonts/build/GlyphItem/FontItem_8FE9.font.s
[GEN]	Fonts/build/GlyphItem/FontItem_8FF3.font.s
[GEN]	Fonts/build/GlyphItem/FontItem_8FE8.font.s
[GEN]	Fonts/build/GlyphItem/FontItem_9004.font.s
[GEN]	Fonts/build/GlyphItem/FontItem_900B.font.s
[GEN]	Fonts/build/GlyphItem/FontItem_9026.font.s
[GEN]	Fonts/build/GlyphItem/FontItem_9011.font.s
[GEN]	Fonts/build/GlyphItem/FontItem_900D.font.s
[GEN]	Fonts/build/GlyphItem/FontItem_9016.font.s
[GEN]	Fonts/build/GlyphItem/FontItem_9021.font.s
[GEN]	Fonts/build/GlyphItem/FontItem_9035.font.s
[GEN]	Fonts/build/GlyphItem/FontItem_9036.font.s
[GEN]	Fonts/build/GlyphItem/FontItem_902D.font.s
[GEN]	Fonts/build/GlyphItem/FontItem_902F.font.s
[GEN]	Fonts/build/GlyphItem/FontItem_9044.font.s
[GEN]	Fonts/build/GlyphItem/FontItem_9051.font.s
[GEN]	Fonts/build/GlyphItem/FontItem_9052.font.s
[GEN]	Fonts/build/GlyphItem/FontItem_9050.font.s
[GEN]	Fonts/build/GlyphItem/FontItem_9068.font.s
[GEN]	Fonts/build/GlyphItem/FontItem_9058.font.s
[GEN]	Fonts/build/GlyphItem/FontItem_9062.font.s
[GEN]	Fonts/build/GlyphItem/FontItem_905B.font.s
[GEN]	Fonts/build/GlyphItem/FontItem_66B9.font.s
[GEN]	Fonts/build/GlyphItem/FontItem_9074.font.s
[GEN]	Fonts/build/GlyphItem/FontItem_907D.font.s
[GEN]	Fonts/build/GlyphItem/FontItem_9088.font.s
[GEN]	Fonts/build/GlyphItem/FontItem_9083.font.s
[GEN]	Fonts/build/GlyphItem/FontItem_908B.font.s
[GEN]	Fonts/build/GlyphItem/FontItem_5F50.font.s
[GEN]	Fonts/build/GlyphItem/FontItem_5F57.font.s
[GEN]	Fonts/build/GlyphItem/FontItem_5F56.font.s
[GEN]	Fonts/build/GlyphItem/FontItem_5F58.font.s
[GEN]	Fonts/build/GlyphItem/FontItem_5C3B.font.s
[GEN]	Fonts/build/GlyphItem/FontItem_54AB.font.s
[GEN]	Fonts/build/GlyphItem/FontItem_5C50.font.s
[GEN]	Fonts/build/GlyphItem/FontItem_5C59.font.s
[GEN]	Fonts/build/GlyphItem/FontItem_5B71.font.s
[GEN]	Fonts/build/GlyphItem/FontItem_5C63.font.s
[GEN]	Fonts/build/GlyphItem/FontItem_5C66.font.s
[GEN]	Fonts/build/GlyphItem/FontItem_7FBC.font.s
[GEN]	Fonts/build/GlyphItem/FontItem_5F2A.font.s
[GEN]	Fonts/build/GlyphItem/FontItem_5F2D.font.s
[GEN]	Fonts/build/GlyphItem/FontItem_8274.font.s
[GEN]	Fonts/build/GlyphItem/FontItem_5F3C.font.s
[GEN]	Fonts/build/GlyphItem/FontItem_9B3B.font.s
[GEN]	Fonts/build/GlyphItem/FontItem_5C6E.font.s
[GEN]	Fonts/build/GlyphItem/FontItem_5981.font.s
[GEN]	Fonts/build/GlyphItem/FontItem_5983.font.s
[GEN]	Fonts/build/GlyphItem/FontItem_598D.font.s
[GEN]	Fonts/build/GlyphItem/FontItem_59A9.font.s
[GEN]	Fonts/build/GlyphItem/FontItem_59AA.font.s
[GEN]	Fonts/build/GlyphItem/FontItem_59A3.font.s
[GEN]	Fonts/build/GlyphItem/FontItem_5997.font.s
[GEN]	Fonts/build/GlyphItem/FontItem_59CA.font.s
[GEN]	Fonts/build/GlyphItem/FontItem_59AB.font.s
[GEN]	Fonts/build/GlyphItem/FontItem_599E.font.s
[GEN]	Fonts/build/GlyphItem/FontItem_59A4.font.s
[GEN]	Fonts/build/GlyphItem/FontItem_59D2.font.s
[GEN]	Fonts/build/GlyphItem/FontItem_59B2.font.s
[GEN]	Fonts/build/GlyphItem/FontItem_59AF.font.s
[GEN]	Fonts/build/GlyphItem/FontItem_59D7.font.s
[GEN]	Fonts/build/GlyphItem/FontItem_59BE.font.s
[GEN]	Fonts/build/GlyphItem/FontItem_5A06.font.s
[GEN]	Fonts/build/GlyphItem/FontItem_59DD.font.s
[GEN]	Fonts/build/GlyphItem/FontItem_5A08.font.s
[GEN]	Fonts/build/GlyphItem/FontItem_59E3.font.s
[GEN]	Fonts/build/GlyphItem/FontItem_59D8.font.s
[GEN]	Fonts/build/GlyphItem/FontItem_59F9.font.s
[GEN]	Fonts/build/GlyphItem/FontItem_5A0C.font.s
[GEN]	Fonts/build/GlyphItem/FontItem_5A09.font.s
[GEN]	Fonts/build/GlyphItem/FontItem_5A32.font.s
[GEN]	Fonts/build/GlyphItem/FontItem_5A34.font.s
[GEN]	Fonts/build/GlyphItem/FontItem_5A11.font.s
[GEN]	Fonts/build/GlyphItem/FontItem_5A23.font.s
[GEN]	Fonts/build/GlyphItem/FontItem_5A13.font.s
[GEN]	Fonts/build/GlyphItem/FontItem_5A40.font.s
[GEN]	Fonts/build/GlyphItem/FontItem_5A67.font.s
[GEN]	Fonts/build/GlyphItem/FontItem_5A4A.font.s
[GEN]	Fonts/build/GlyphItem/FontItem_5A55.font.s
[GEN]	Fonts/build/GlyphItem/FontItem_5A3C.font.s
[GEN]	Fonts/build/GlyphItem/FontItem_5A62.font.s
[GEN]	Fonts/build/GlyphItem/FontItem_5A75.font.s
[GEN]	Fonts/build/GlyphItem/FontItem_80EC.font.s
[GEN]	Fonts/build/GlyphItem/FontItem_5AAA.font.s
[GEN]	Fonts/build/GlyphItem/FontItem_5A9B.font.s
[GEN]	Fonts/build/GlyphItem/FontItem_5A77.font.s
[GEN]	Fonts/build/GlyphItem/FontItem_5A7A.font.s
[GEN]	Fonts/build/GlyphItem/FontItem_5ABE.font.s
[GEN]	Fonts/build/GlyphItem/FontItem_5AEB.font.s
[GEN]	Fonts/build/GlyphItem/FontItem_5AB2.font.s
[GEN]	Fonts/build/GlyphItem/FontItem_5AD2.font.s
[GEN]	Fonts/build/GlyphItem/FontItem_5AD4.font.s
[GEN]	Fonts/build/GlyphItem/FontItem_5AB8.font.s
[GEN]	Fonts/build/GlyphItem/FontItem_5AE0.font.s
[GEN]	Fonts/build/GlyphItem/FontItem_5AE3.font.s
[GEN]	Fonts/build/GlyphItem/FontItem_5AF1.font.s
[GEN]	Fonts/build/GlyphItem/FontItem_5AD6.font.s
[GEN]	Fonts/build/GlyphItem/FontItem_5AE6.font.s
[GEN]	Fonts/build/GlyphItem/FontItem_5AD8.font.s
[GEN]	Fonts/build/GlyphItem/FontItem_5ADC.font.s
[GEN]	Fonts/build/GlyphItem/FontItem_5B09.font.s
[GEN]	Fonts/build/GlyphItem/FontItem_5B17.font.s
[GEN]	Fonts/build/GlyphItem/FontItem_5B16.font.s
[GEN]	Fonts/build/GlyphItem/FontItem_5B32.font.s
[GEN]	Fonts/build/GlyphItem/FontItem_5B37.font.s
[GEN]	Fonts/build/GlyphItem/FontItem_5B40.font.s
[GEN]	Fonts/build/GlyphItem/FontItem_5C15.font.s
[GEN]	Fonts/build/GlyphItem/FontItem_5C1C.font.s
[GEN]	Fonts/build/GlyphItem/FontItem_5B5A.font.s
[GEN]	Fonts/build/GlyphItem/FontItem_5B65.font.s
[GEN]	Fonts/build/GlyphItem/FontItem_5B73.font.s
[GEN]	Fonts/build/GlyphItem/FontItem_5B51.font.s
[GEN]	Fonts/build/GlyphItem/FontItem_5B53.font.s
[GEN]	Fonts/build/GlyphItem/FontItem_5B62.font.s
[GEN]	Fonts/build/GlyphItem/FontItem_9A75.font.s
[GEN]	Fonts/build/GlyphItem/FontItem_9A77.font.s
[GEN]	Fonts/build/GlyphItem/FontItem_9A78.font.s
[GEN]	Fonts/build/GlyphItem/FontItem_9A7A.font.s
[GEN]	Fonts/build/GlyphItem/FontItem_9A7F.font.s
[GEN]	Fonts/build/GlyphItem/FontItem_9A7D.font.s
[GEN]	Fonts/build/GlyphItem/FontItem_9A80.font.s
[GEN]	Fonts/build/GlyphItem/FontItem_9A81.font.s
[GEN]	Fonts/build/GlyphItem/FontItem_9A85.font.s
[GEN]	Fonts/build/GlyphItem/FontItem_9A88.font.s
[GEN]	Fonts/build/GlyphItem/FontItem_9A8A.font.s
[GEN]	Fonts/build/GlyphItem/FontItem_9A90.font.s
[GEN]	Fonts/build/GlyphItem/FontItem_9A92.font.s
[GEN]	Fonts/build/GlyphItem/FontItem_9A93.font.s
[GEN]	Fonts/build/GlyphItem/FontItem_9A96.font.s
[GEN]	Fonts/build/GlyphItem/FontItem_9A98.font.s
[GEN]	Fonts/build/GlyphItem/FontItem_9A9B.font.s
[GEN]	Fonts/build/GlyphItem/FontItem_9A9C.font.s
[GEN]	Fonts/build/GlyphItem/FontItem_9A9D.font.s
[GEN]	Fonts/build/GlyphItem/FontItem_9A9F.font.s
[GEN]	Fonts/build/GlyphItem/FontItem_9AA0.font.s
[GEN]	Fonts/build/GlyphItem/FontItem_9AA2.font.s
[GEN]	Fonts/build/GlyphItem/FontItem_9AA3.font.s
[GEN]	Fonts/build/GlyphItem/FontItem_9AA5.font.s
[GEN]	Fonts/build/GlyphItem/FontItem_9AA7.font.s
[GEN]	Fonts/build/GlyphItem/FontItem_7E9F.font.s
[GEN]	Fonts/build/GlyphItem/FontItem_7EA1.font.s
[GEN]	Fonts/build/GlyphItem/FontItem_7EA3.font.s
[GEN]	Fonts/build/GlyphItem/FontItem_7EA5.font.s
[GEN]	Fonts/build/GlyphItem/FontItem_7EA8.font.s
[GEN]	Fonts/build/GlyphItem/FontItem_7EA9.font.s
[GEN]	Fonts/build/GlyphItem/FontItem_7EAD.font.s
[GEN]	Fonts/build/GlyphItem/FontItem_7EB0.font.s
[GEN]	Fonts/build/GlyphItem/FontItem_7EBE.font.s
[GEN]	Fonts/build/GlyphItem/FontItem_7EC0.font.s
[GEN]	Fonts/build/GlyphItem/FontItem_7EC1.font.s
[GEN]	Fonts/build/GlyphItem/FontItem_7EC2.font.s
[GEN]	Fonts/build/GlyphItem/FontItem_7EC9.font.s
[GEN]	Fonts/build/GlyphItem/FontItem_7ECB.font.s
[GEN]	Fonts/build/GlyphItem/FontItem_7ECC.font.s
[GEN]	Fonts/build/GlyphItem/FontItem_7ED0.font.s
[GEN]	Fonts/build/GlyphItem/FontItem_7ED4.font.s
[GEN]	Fonts/build/GlyphItem/FontItem_7ED7.font.s
[GEN]	Fonts/build/GlyphItem/FontItem_7EDB.font.s
[GEN]	Fonts/build/GlyphItem/FontItem_7EE0.font.s
[GEN]	Fonts/build/GlyphItem/FontItem_7EE1.font.s
[GEN]	Fonts/build/GlyphItem/FontItem_7EE8.font.s
[GEN]	Fonts/build/GlyphItem/FontItem_7EEB.font.s
[GEN]	Fonts/build/GlyphItem/FontItem_7EEE.font.s
[GEN]	Fonts/build/GlyphItem/FontItem_7EF1.font.s
[GEN]	Fonts/build/GlyphItem/FontItem_7EF2.font.s
[GEN]	Fonts/build/GlyphItem/FontItem_7F0D.font.s
[GEN]	Fonts/build/GlyphItem/FontItem_7EF6.font.s
[GEN]	Fonts/build/GlyphItem/FontItem_7EFA.font.s
[GEN]	Fonts/build/GlyphItem/FontItem_7EFB.font.s
[GEN]	Fonts/build/GlyphItem/FontItem_7EFE.font.s
[GEN]	Fonts/build/GlyphItem/FontItem_7F01.font.s
[GEN]	Fonts/build/GlyphItem/FontItem_7F02.font.s
[GEN]	Fonts/build/GlyphItem/FontItem_7F03.font.s
[GEN]	Fonts/build/GlyphItem/FontItem_7F08.font.s
[GEN]	Fonts/build/GlyphItem/FontItem_7F0B.font.s
[GEN]	Fonts/build/GlyphItem/FontItem_7F0C.font.s
[GEN]	Fonts/build/GlyphItem/FontItem_7F0F.font.s
[GEN]	Fonts/build/GlyphItem/FontItem_7F11.font.s
[GEN]	Fonts/build/GlyphItem/FontItem_7F12.font.s
[GEN]	Fonts/build/GlyphItem/FontItem_7F17.font.s
[GEN]	Fonts/build/GlyphItem/FontItem_7F19.font.s
[GEN]	Fonts/build/GlyphItem/FontItem_7F1C.font.s
[GEN]	Fonts/build/GlyphItem/FontItem_7F1B.font.s
[GEN]	Fonts/build/GlyphItem/FontItem_7F1F.font.s
[GEN]	Fonts/build/GlyphItem/FontItem_7F21.font.s
[GEN]	Fonts/build/GlyphItem/FontItem_7F22.font.s
[GEN]	Fonts/build/GlyphItem/FontItem_7F23.font.s
[GEN]	Fonts/build/GlyphItem/FontItem_7F24.font.s
[GEN]	Fonts/build/GlyphItem/FontItem_7F25.font.s
[GEN]	Fonts/build/GlyphItem/FontItem_7F26.font.s
[GEN]	Fonts/build/GlyphItem/FontItem_7F27.font.s
[GEN]	Fonts/build/GlyphItem/FontItem_7F2B.font.s
[GEN]	Fonts/build/GlyphItem/FontItem_7F2C.font.s
[GEN]	Fonts/build/GlyphItem/FontItem_7F2D.font.s
[GEN]	Fonts/build/GlyphItem/FontItem_7F2F.font.s
[GEN]	Fonts/build/GlyphItem/FontItem_7F30.font.s
[GEN]	Fonts/build/GlyphItem/FontItem_7F31.font.s
[GEN]	Fonts/build/GlyphItem/FontItem_7F32.font.s
[GEN]	Fonts/build/GlyphItem/FontItem_7F33.font.s
[GEN]	Fonts/build/GlyphItem/FontItem_7F35.font.s
[GEN]	Fonts/build/GlyphItem/FontItem_5E7A.font.s
[GEN]	Fonts/build/GlyphItem/FontItem_757F.font.s
[GEN]	Fonts/build/GlyphItem/FontItem_5DDB.font.s
[GEN]	Fonts/build/GlyphItem/FontItem_753E.font.s
[GEN]	Fonts/build/GlyphItem/FontItem_9095.font.s
[GEN]	Fonts/build/GlyphItem/FontItem_738E.font.s
[GEN]	Fonts/build/GlyphItem/FontItem_7391.font.s
[GEN]	Fonts/build/GlyphItem/FontItem_73AE.font.s
[GEN]	Fonts/build/GlyphItem/FontItem_73A2.font.s
[GEN]	Fonts/build/GlyphItem/FontItem_739F.font.s
[GEN]	Fonts/build/GlyphItem/FontItem_73CF.font.s
[GEN]	Fonts/build/GlyphItem/FontItem_73D1.font.s
[GEN]	Fonts/build/GlyphItem/FontItem_73B7.font.s
[GEN]	Fonts/build/GlyphItem/FontItem_73B3.font.s
[GEN]	Fonts/build/GlyphItem/FontItem_73C9.font.s
[GEN]	Fonts/build/GlyphItem/FontItem_73C8.font.s
[GEN]	Fonts/build/GlyphItem/FontItem_73E5.font.s
[GEN]	Fonts/build/GlyphItem/FontItem_73D9.font.s
[GEN]	Fonts/build/GlyphItem/FontItem_987C.font.s
[GEN]	Fonts/build/GlyphItem/FontItem_740A.font.s
[GEN]	Fonts/build/GlyphItem/FontItem_73E9.font.s
[GEN]	Fonts/build/GlyphItem/FontItem_73E7.font.s
[GEN]	Fonts/build/GlyphItem/FontItem_73DE.font.s
[GEN]	Fonts/build/GlyphItem/FontItem_73BA.font.s
[GEN]	Fonts/build/GlyphItem/FontItem_73F2.font.s
[GEN]	Fonts/build/GlyphItem/FontItem_740F.font.s
[GEN]	Fonts/build/GlyphItem/FontItem_742A.font.s
[GEN]	Fonts/build/GlyphItem/FontItem_745B.font.s
[GEN]	Fonts/build/GlyphItem/FontItem_7426.font.s
[GEN]	Fonts/build/GlyphItem/FontItem_7425.font.s
[GEN]	Fonts/build/GlyphItem/FontItem_7428.font.s
[GEN]	Fonts/build/GlyphItem/FontItem_7430.font.s
[GEN]	Fonts/build/GlyphItem/FontItem_742E.font.s
[GEN]	Fonts/build/GlyphItem/FontItem_742C.font.s
[GEN]	Fonts/build/GlyphItem/FontItem_741B.font.s
[GEN]	Fonts/build/GlyphItem/FontItem_741A.font.s
[GEN]	Fonts/build/GlyphItem/FontItem_7441.font.s
[GEN]	Fonts/build/GlyphItem/FontItem_745C.font.s
[GEN]	Fonts/build/GlyphItem/FontItem_7457.font.s
[GEN]	Fonts/build/GlyphItem/FontItem_7455.font.s
[GEN]	Fonts/build/GlyphItem/FontItem_7459.font.s
[GEN]	Fonts/build/GlyphItem/FontItem_7477.font.s
[GEN]	Fonts/build/GlyphItem/FontItem_746D.font.s
[GEN]	Fonts/build/GlyphItem/FontItem_747E.font.s
[GEN]	Fonts/build/GlyphItem/FontItem_749C.font.s
[GEN]	Fonts/build/GlyphItem/FontItem_748E.font.s
[GEN]	Fonts/build/GlyphItem/FontItem_7480.font.s
[GEN]	Fonts/build/GlyphItem/FontItem_7481.font.s
[GEN]	Fonts/build/GlyphItem/FontItem_7487.font.s
[GEN]	Fonts/build/GlyphItem/FontItem_748B.font.s
[GEN]	Fonts/build/GlyphItem/FontItem_749E.font.s
[GEN]	Fonts/build/GlyphItem/FontItem_74A8.font.s
[GEN]	Fonts/build/GlyphItem/FontItem_74A9.font.s
[GEN]	Fonts/build/GlyphItem/FontItem_7490.font.s
[GEN]	Fonts/build/GlyphItem/FontItem_74A7.font.s
[GEN]	Fonts/build/GlyphItem/FontItem_74D2.font.s
[GEN]	Fonts/build/GlyphItem/FontItem_74BA.font.s
[GEN]	Fonts/build/GlyphItem/FontItem_97EA.font.s
[GEN]	Fonts/build/GlyphItem/FontItem_97EB.font.s
[GEN]	Fonts/build/GlyphItem/FontItem_97EC.font.s
[GEN]	Fonts/build/GlyphItem/FontItem_674C.font.s
[GEN]	Fonts/build/GlyphItem/FontItem_6753.font.s
[GEN]	Fonts/build/GlyphItem/FontItem_675E.font.s
[GEN]	Fonts/build/GlyphItem/FontItem_6748.font.s
[GEN]	Fonts/build/GlyphItem/FontItem_6769.font.s
[GEN]	Fonts/build/GlyphItem/FontItem_67A5.font.s
[GEN]	Fonts/build/GlyphItem/FontItem_6787.font.s
[GEN]	Fonts/build/GlyphItem/FontItem_676A.font.s
[GEN]	Fonts/build/GlyphItem/FontItem_6798.font.s
[GEN]	Fonts/build/GlyphItem/FontItem_67A7.font.s
[GEN]	Fonts/build/GlyphItem/FontItem_6775.font.s
[GEN]	Fonts/build/GlyphItem/FontItem_67A8.font.s
[GEN]	Fonts/build/GlyphItem/FontItem_679E.font.s
[GEN]	Fonts/build/GlyphItem/FontItem_67AD.font.s
[GEN]	Fonts/build/GlyphItem/FontItem_678B.font.s
[GEN]	Fonts/build/GlyphItem/FontItem_6777.font.s
[GEN]	Fonts/build/GlyphItem/FontItem_677C.font.s
[GEN]	Fonts/build/GlyphItem/FontItem_67F0.font.s
[GEN]	Fonts/build/GlyphItem/FontItem_6809.font.s
[GEN]	Fonts/build/GlyphItem/FontItem_67D8.font.s
[GEN]	Fonts/build/GlyphItem/FontItem_680A.font.s
[GEN]	Fonts/build/GlyphItem/FontItem_67E9.font.s
[GEN]	Fonts/build/GlyphItem/FontItem_67B0.font.s
[GEN]	Fonts/build/GlyphItem/FontItem_680C.font.s
[GEN]	Fonts/build/GlyphItem/FontItem_67D9.font.s
[GEN]	Fonts/build/GlyphItem/FontItem_67B5.font.s
[GEN]	Fonts/build/GlyphItem/FontItem_67DA.font.s
[GEN]	Fonts/build/GlyphItem/FontItem_67B3.font.s
[GEN]	Fonts/build/GlyphItem/FontItem_67DD.font.s
[GEN]	Fonts/build/GlyphItem/FontItem_6800.font.s
[GEN]	Fonts/build/GlyphItem/FontItem_67C3.font.s
[GEN]	Fonts/build/GlyphItem/FontItem_67B8.font.s
[GEN]	Fonts/build/GlyphItem/FontItem_67E2.font.s
[GEN]	Fonts/build/GlyphItem/FontItem_680E.font.s
[GEN]	Fonts/build/GlyphItem/FontItem_67C1.font.s
[GEN]	Fonts/build/GlyphItem/FontItem_67FD.font.s
[GEN]	Fonts/build/GlyphItem/FontItem_6832.font.s
[GEN]	Fonts/build/GlyphItem/FontItem_6833.font.s
[GEN]	Fonts/build/GlyphItem/FontItem_6860.font.s
[GEN]	Fonts/build/GlyphItem/FontItem_6861.font.s
[GEN]	Fonts/build/GlyphItem/FontItem_684E.font.s
[GEN]	Fonts/build/GlyphItem/FontItem_6862.font.s
[GEN]	Fonts/build/GlyphItem/FontItem_6844.font.s
[GEN]	Fonts/build/GlyphItem/FontItem_6864.font.s
[GEN]	Fonts/build/GlyphItem/FontItem_6883.font.s
[GEN]	Fonts/build/GlyphItem/FontItem_681D.font.s
[GEN]	Fonts/build/GlyphItem/FontItem_6855.font.s
[GEN]	Fonts/build/GlyphItem/FontItem_6866.font.s
[GEN]	Fonts/build/GlyphItem/FontItem_6841.font.s
[GEN]	Fonts/build/GlyphItem/FontItem_6867.font.s
[GEN]	Fonts/build/GlyphItem/FontItem_6840.font.s
[GEN]	Fonts/build/GlyphItem/FontItem_683E.font.s
[GEN]	Fonts/build/GlyphItem/FontItem_684A.font.s
[GEN]	Fonts/build/GlyphItem/FontItem_6849.font.s
[GEN]	Fonts/build/GlyphItem/FontItem_6829.font.s
[GEN]	Fonts/build/GlyphItem/FontItem_68B5.font.s
[GEN]	Fonts/build/GlyphItem/FontItem_688F.font.s
[GEN]	Fonts/build/GlyphItem/FontItem_6874.font.s
[GEN]	Fonts/build/GlyphItem/FontItem_6877.font.s
[GEN]	Fonts/build/GlyphItem/FontItem_6893.font.s
[GEN]	Fonts/build/GlyphItem/FontItem_686B.font.s
[GEN]	Fonts/build/GlyphItem/FontItem_68C2.font.s
[GEN]	Fonts/build/GlyphItem/FontItem_696E.font.s
[GEN]	Fonts/build/GlyphItem/FontItem_68FC.font.s
[GEN]	Fonts/build/GlyphItem/FontItem_691F.font.s
[GEN]	Fonts/build/GlyphItem/FontItem_6920.font.s
[GEN]	Fonts/build/GlyphItem/FontItem_68F9.font.s
[GEN]	Fonts/build/GlyphItem/FontItem_6924.font.s
[GEN]	Fonts/build/GlyphItem/FontItem_68F0.font.s
[GEN]	Fonts/build/GlyphItem/FontItem_690B.font.s
[GEN]	Fonts/build/GlyphItem/FontItem_6901.font.s
[GEN]	Fonts/build/GlyphItem/FontItem_6957.font.s
[GEN]	Fonts/build/GlyphItem/FontItem_68E3.font.s
[GEN]	Fonts/build/GlyphItem/FontItem_6910.font.s
[GEN]	Fonts/build/GlyphItem/FontItem_6971.font.s
[GEN]	Fonts/build/GlyphItem/FontItem_6939.font.s
[GEN]	Fonts/build/GlyphItem/FontItem_6960.font.s
[GEN]	Fonts/build/GlyphItem/FontItem_6942.font.s
[GEN]	Fonts/build/GlyphItem/FontItem_695D.font.s
[GEN]	Fonts/build/GlyphItem/FontItem_6984.font.s
[GEN]	Fonts/build/GlyphItem/FontItem_696B.font.s
[GEN]	Fonts/build/GlyphItem/FontItem_6980.font.s
[GEN]	Fonts/build/GlyphItem/FontItem_6998.font.s
[GEN]	Fonts/build/GlyphItem/FontItem_6978.font.s
[GEN]	Fonts/build/GlyphItem/FontItem_6934.font.s
[GEN]	Fonts/build/GlyphItem/FontItem_69CC.font.s
[GEN]	Fonts/build/GlyphItem/FontItem_6987.font.s
[GEN]	Fonts/build/GlyphItem/FontItem_6988.font.s
[GEN]	Fonts/build/GlyphItem/FontItem_69CE.font.s
[GEN]	Fonts/build/GlyphItem/FontItem_6989.font.s
[GEN]	Fonts/build/GlyphItem/FontItem_6966.font.s
[GEN]	Fonts/build/GlyphItem/FontItem_6963.font.s
[GEN]	Fonts/build/GlyphItem/FontItem_6979.font.s
[GEN]	Fonts/build/GlyphItem/FontItem_699B.font.s
[GEN]	Fonts/build/GlyphItem/FontItem_69A7.font.s
[GEN]	Fonts/build/GlyphItem/FontItem_69BB.font.s
[GEN]	Fonts/build/GlyphItem/FontItem_69AB.font.s
[GEN]	Fonts/build/GlyphItem/FontItem_69AD.font.s
[GEN]	Fonts/build/GlyphItem/FontItem_69D4.font.s
[GEN]	Fonts/build/GlyphItem/FontItem_69B1.font.s
[GEN]	Fonts/build/GlyphItem/FontItem_69C1.font.s
[GEN]	Fonts/build/GlyphItem/FontItem_69CA.font.s
[GEN]	Fonts/build/GlyphItem/FontItem_69DF.font.s
[GEN]	Fonts/build/GlyphItem/FontItem_6995.font.s
[GEN]	Fonts/build/GlyphItem/FontItem_69E0.font.s
[GEN]	Fonts/build/GlyphItem/FontItem_698D.font.s
[GEN]	Fonts/build/GlyphItem/FontItem_69FF.font.s
[GEN]	Fonts/build/GlyphItem/FontItem_6A2F.font.s
[GEN]	Fonts/build/GlyphItem/FontItem_69ED.font.s
[GEN]	Fonts/build/GlyphItem/FontItem_6A17.font.s
[GEN]	Fonts/build/GlyphItem/FontItem_6A18.font.s
[GEN]	Fonts/build/GlyphItem/FontItem_6A65.font.s
[GEN]	Fonts/build/GlyphItem/FontItem_69F2.font.s
[GEN]	Fonts/build/GlyphItem/FontItem_6A44.font.s
[GEN]	Fonts/build/GlyphItem/FontItem_6A3E.font.s
[GEN]	Fonts/build/GlyphItem/FontItem_6AA0.font.s
[GEN]	Fonts/build/GlyphItem/FontItem_6A50.font.s
[GEN]	Fonts/build/GlyphItem/FontItem_6A5B.font.s
[GEN]	Fonts/build/GlyphItem/FontItem_6A35.font.s
[GEN]	Fonts/build/GlyphItem/FontItem_6A8E.font.s
[GEN]	Fonts/build/GlyphItem/FontItem_6A79.font.s
[GEN]	Fonts/build/GlyphItem/FontItem_6A3D.font.s
[GEN]	Fonts/build/GlyphItem/FontItem_6A28.font.s
[GEN]	Fonts/build/GlyphItem/FontItem_6A58.font.s
[GEN]	Fonts/build/GlyphItem/FontItem_6A7C.font.s
[GEN]	Fonts/build/GlyphItem/FontItem_6A91.font.s
[GEN]	Fonts/build/GlyphItem/FontItem_6A90.font.s
[GEN]	Fonts/build/GlyphItem/FontItem_6AA9.font.s
[GEN]	Fonts/build/GlyphItem/FontItem_6A97.font.s
[GEN]	Fonts/build/GlyphItem/FontItem_6AAB.font.s
[GEN]	Fonts/build/GlyphItem/FontItem_7337.font.s
[GEN]	Fonts/build/GlyphItem/FontItem_7352.font.s
[GEN]	Fonts/build/GlyphItem/FontItem_6B81.font.s
[GEN]	Fonts/build/GlyphItem/FontItem_6B82.font.s
[GEN]	Fonts/build/GlyphItem/FontItem_6B87.font.s
[GEN]	Fonts/build/GlyphItem/FontItem_6B84.font.s
[GEN]	Fonts/build/GlyphItem/FontItem_6B92.font.s
[GEN]	Fonts/build/GlyphItem/FontItem_6B93.font.s
[GEN]	Fonts/build/GlyphItem/FontItem_6B8D.font.s
[GEN]	Fonts/build/GlyphItem/FontItem_6B9A.font.s
[GEN]	Fonts/build/GlyphItem/FontItem_6B9B.font.s
[GEN]	Fonts/build/GlyphItem/FontItem_6BA1.font.s
[GEN]	Fonts/build/GlyphItem/FontItem_6BAA.font.s
[GEN]	Fonts/build/GlyphItem/FontItem_8F6B.font.s
[GEN]	Fonts/build/GlyphItem/FontItem_8F6D.font.s
[GEN]	Fonts/build/GlyphItem/FontItem_8F71.font.s
[GEN]	Fonts/build/GlyphItem/FontItem_8F72.font.s
[GEN]	Fonts/build/GlyphItem/FontItem_8F73.font.s
[GEN]	Fonts/build/GlyphItem/FontItem_8F75.font.s
[GEN]	Fonts/build/GlyphItem/FontItem_8F76.font.s
[GEN]	Fonts/build/GlyphItem/FontItem_8F78.font.s
[GEN]	Fonts/build/GlyphItem/FontItem_8F77.font.s
[GEN]	Fonts/build/GlyphItem/FontItem_8F79.font.s
[GEN]	Fonts/build/GlyphItem/FontItem_8F7A.font.s
[GEN]	Fonts/build/GlyphItem/FontItem_8F7C.font.s
[GEN]	Fonts/build/GlyphItem/FontItem_8F7E.font.s
[GEN]	Fonts/build/GlyphItem/FontItem_8F81.font.s
[GEN]	Fonts/build/GlyphItem/FontItem_8F82.font.s
[GEN]	Fonts/build/GlyphItem/FontItem_8F84.font.s
[GEN]	Fonts/build/GlyphItem/FontItem_8F87.font.s
[GEN]	Fonts/build/GlyphItem/FontItem_8F8B.font.s
[GEN]	Fonts/build/GlyphItem/FontItem_8F8D.font.s
[GEN]	Fonts/build/GlyphItem/FontItem_8F8E.font.s
[GEN]	Fonts/build/GlyphItem/FontItem_8F8F.font.s
[GEN]	Fonts/build/GlyphItem/FontItem_8F98.font.s
[GEN]	Fonts/build/GlyphItem/FontItem_8F9A.font.s
[GEN]	Fonts/build/GlyphItem/FontItem_8ECE.font.s
[GEN]	Fonts/build/GlyphItem/FontItem_620B.font.s
[GEN]	Fonts/build/GlyphItem/FontItem_6217.font.s
[GEN]	Fonts/build/GlyphItem/FontItem_621B.font.s
[GEN]	Fonts/build/GlyphItem/FontItem_6222.font.s
[GEN]	Fonts/build/GlyphItem/FontItem_6221.font.s
[GEN]	Fonts/build/GlyphItem/FontItem_6225.font.s
[GEN]	Fonts/build/GlyphItem/FontItem_6224.font.s
[GEN]	Fonts/build/GlyphItem/FontItem_622C.font.s
[GEN]	Fonts/build/GlyphItem/FontItem_81E7.font.s
[GEN]	Fonts/build/GlyphItem/FontItem_74EF.font.s
[GEN]	Fonts/build/GlyphItem/FontItem_74F4.font.s
[GEN]	Fonts/build/GlyphItem/FontItem_74FF.font.s
[GEN]	Fonts/build/GlyphItem/FontItem_750F.font.s
[GEN]	Fonts/build/GlyphItem/FontItem_7511.font.s
[GEN]	Fonts/build/GlyphItem/FontItem_7513.font.s
[GEN]	Fonts/build/GlyphItem/FontItem_6534.font.s
[GEN]	Fonts/build/GlyphItem/FontItem_65EE.font.s
[GEN]	Fonts/build/GlyphItem/FontItem_65EF.font.s
[GEN]	Fonts/build/GlyphItem/FontItem_65F0.font.s
[GEN]	Fonts/build/GlyphItem/FontItem_660A.font.s
[GEN]	Fonts/build/GlyphItem/FontItem_6619.font.s
[GEN]	Fonts/build/GlyphItem/FontItem_6772.font.s
[GEN]	Fonts/build/GlyphItem/FontItem_6603.font.s
[GEN]	Fonts/build/GlyphItem/FontItem_6615.font.s
[GEN]	Fonts/build/GlyphItem/FontItem_6600.font.s
[GEN]	Fonts/build/GlyphItem/FontItem_7085.font.s
[GEN]	Fonts/build/GlyphItem/FontItem_66F7.font.s
[GEN]	Fonts/build/GlyphItem/FontItem_661D.font.s
[GEN]	Fonts/build/GlyphItem/FontItem_6634.font.s
[GEN]	Fonts/build/GlyphItem/FontItem_6631.font.s
[GEN]	Fonts/build/GlyphItem/FontItem_6636.font.s
[GEN]	Fonts/build/GlyphItem/FontItem_6635.font.s
[GEN]	Fonts/build/GlyphItem/FontItem_8006.font.s
[GEN]	Fonts/build/GlyphItem/FontItem_665F.font.s
[GEN]	Fonts/build/GlyphItem/FontItem_6654.font.s
[GEN]	Fonts/build/GlyphItem/FontItem_6641.font.s
[GEN]	Fonts/build/GlyphItem/FontItem_664F.font.s
[GEN]	Fonts/build/GlyphItem/FontItem_6656.font.s
[GEN]	Fonts/build/GlyphItem/FontItem_6661.font.s
[GEN]	Fonts/build/GlyphItem/FontItem_6657.font.s
[GEN]	Fonts/build/GlyphItem/FontItem_6677.font.s
[GEN]	Fonts/build/GlyphItem/FontItem_6684.font.s
[GEN]	Fonts/build/GlyphItem/FontItem_668C.font.s
[GEN]	Fonts/build/GlyphItem/FontItem_66A7.font.s
[GEN]	Fonts/build/GlyphItem/FontItem_669D.font.s
[GEN]	Fonts/build/GlyphItem/FontItem_66BE.font.s
[GEN]	Fonts/build/GlyphItem/FontItem_66DB.font.s
[GEN]	Fonts/build/GlyphItem/FontItem_66E6.font.s
[GEN]	Fonts/build/GlyphItem/FontItem_66E9.font.s
[GEN]	Fonts/build/GlyphItem/FontItem_8D32.font.s
[GEN]	Fonts/build/GlyphItem/FontItem_8D33.font.s
[GEN]	Fonts/build/GlyphItem/FontItem_8D36.font.s
[GEN]	Fonts/build/GlyphItem/FontItem_8D3B.font.s
[GEN]	Fonts/build/GlyphItem/FontItem_8D3D.font.s
[GEN]	Fonts/build/GlyphItem/FontItem_8D40.font.s
[GEN]	Fonts/build/GlyphItem/FontItem_8D45.font.s
[GEN]	Fonts/build/GlyphItem/FontItem_8D46.font.s
[GEN]	Fonts/build/GlyphItem/FontItem_8D48.font.s
[GEN]	Fonts/build/GlyphItem/FontItem_8D49.font.s
[GEN]	Fonts/build/GlyphItem/FontItem_8D47.font.s
[GEN]	Fonts/build/GlyphItem/FontItem_8D4D.font.s
[GEN]	Fonts/build/GlyphItem/FontItem_8D55.font.s
[GEN]	Fonts/build/GlyphItem/FontItem_8D59.font.s
[GEN]	Fonts/build/GlyphItem/FontItem_89C7.font.s
[GEN]	Fonts/build/GlyphItem/FontItem_89CA.font.s
[GEN]	Fonts/build/GlyphItem/FontItem_89CB.font.s
[GEN]	Fonts/build/GlyphItem/FontItem_89CC.font.s
[GEN]	Fonts/build/GlyphItem/FontItem_89CE.font.s
[GEN]	Fonts/build/GlyphItem/FontItem_89CF.font.s
[GEN]	Fonts/build/GlyphItem/FontItem_89D0.font.s
[GEN]	Fonts/build/GlyphItem/FontItem_89D1.font.s
[GEN]	Fonts/build/GlyphItem/FontItem_726E.font.s
[GEN]	Fonts/build/GlyphItem/FontItem_729F.font.s
[GEN]	Fonts/build/GlyphItem/FontItem_725D.font.s
[GEN]	Fonts/build/GlyphItem/FontItem_7266.font.s
[GEN]	Fonts/build/GlyphItem/FontItem_726F.font.s
[GEN]	Fonts/build/GlyphItem/FontItem_727E.font.s
[GEN]	Fonts/build/GlyphItem/FontItem_727F.font.s
[GEN]	Fonts/build/GlyphItem/FontItem_7284.font.s
[GEN]	Fonts/build/GlyphItem/FontItem_728B.font.s
[GEN]	Fonts/build/GlyphItem/FontItem_728D.font.s
[GEN]	Fonts/build/GlyphItem/FontItem_728F.font.s
[GEN]	Fonts/build/GlyphItem/FontItem_7292.font.s
[GEN]	Fonts/build/GlyphItem/FontItem_6308.font.s
[GEN]	Fonts/build/GlyphItem/FontItem_6332.font.s
[GEN]	Fonts/build/GlyphItem/FontItem_63B0.font.s
[GEN]	Fonts/build/GlyphItem/FontItem_643F.font.s
[GEN]	Fonts/build/GlyphItem/FontItem_64D8.font.s
[GEN]	Fonts/build/GlyphItem/FontItem_8004.font.s
[GEN]	Fonts/build/GlyphItem/FontItem_6BEA.font.s
[GEN]	Fonts/build/GlyphItem/FontItem_6BF3.font.s
[GEN]	Fonts/build/GlyphItem/FontItem_6BFD.font.s
[GEN]	Fonts/build/GlyphItem/FontItem_6BF5.font.s
[GEN]	Fonts/build/GlyphItem/FontItem_6BF9.font.s
[GEN]	Fonts/build/GlyphItem/FontItem_6C05.font.s
[GEN]	Fonts/build/GlyphItem/FontItem_6C07.font.s
[GEN]	Fonts/build/GlyphItem/FontItem_6C06.font.s
[GEN]	Fonts/build/GlyphItem/FontItem_6C0D.font.s
[GEN]	Fonts/build/GlyphItem/FontItem_6C15.font.s
[GEN]	Fonts/build/GlyphItem/FontItem_6C18.font.s
[GEN]	Fonts/build/GlyphItem/FontItem_6C19.font.s
[GEN]	Fonts/build/GlyphItem/FontItem_6C1A.font.s
[GEN]	Fonts/build/GlyphItem/FontItem_6C21.font.s
[GEN]	Fonts/build/GlyphItem/FontItem_6C29.font.s
[GEN]	Fonts/build/GlyphItem/FontItem_6C24.font.s
[GEN]	Fonts/build/GlyphItem/FontItem_6C2A.font.s
[GEN]	Fonts/build/GlyphItem/FontItem_6C32.font.s
[GEN]	Fonts/build/GlyphItem/FontItem_6535.font.s
[GEN]	Fonts/build/GlyphItem/FontItem_6555.font.s
[GEN]	Fonts/build/GlyphItem/FontItem_656B.font.s
[GEN]	Fonts/build/GlyphItem/FontItem_724D.font.s
[GEN]	Fonts/build/GlyphItem/FontItem_7252.font.s
[GEN]	Fonts/build/GlyphItem/FontItem_7256.font.s
[GEN]	Fonts/build/GlyphItem/FontItem_7230.font.s
[GEN]	Fonts/build/GlyphItem/FontItem_8662.font.s
[GEN]	Fonts/build/GlyphItem/FontItem_5216.font.s
[GEN]	Fonts/build/GlyphItem/FontItem_809F.font.s
[GEN]	Fonts/build/GlyphItem/FontItem_809C.font.s
[GEN]	Fonts/build/GlyphItem/FontItem_8093.font.s
[GEN]	Fonts/build/GlyphItem/FontItem_80BC.font.s
[GEN]	Fonts/build/GlyphItem/FontItem_670A.font.s
[GEN]	Fonts/build/GlyphItem/FontItem_80BD.font.s
[GEN]	Fonts/build/GlyphItem/FontItem_80B1.font.s
[GEN]	Fonts/build/GlyphItem/FontItem_80AB.font.s
[GEN]	Fonts/build/GlyphItem/FontItem_80AD.font.s
[GEN]	Fonts/build/GlyphItem/FontItem_80B4.font.s
[GEN]	Fonts/build/GlyphItem/FontItem_80B7.font.s
[GEN]	Fonts/build/GlyphItem/FontItem_80E7.font.s
[GEN]	Fonts/build/GlyphItem/FontItem_80E8.font.s
[GEN]	Fonts/build/GlyphItem/FontItem_80E9.font.s
[GEN]	Fonts/build/GlyphItem/FontItem_80EA.font.s
[GEN]	Fonts/build/GlyphItem/FontItem_80DB.font.s
[GEN]	Fonts/build/GlyphItem/FontItem_80C2.font.s
[GEN]	Fonts/build/GlyphItem/FontItem_80C4.font.s
[GEN]	Fonts/build/GlyphItem/FontItem_80D9.font.s
[GEN]	Fonts/build/GlyphItem/FontItem_80CD.font.s
[GEN]	Fonts/build/GlyphItem/FontItem_80D7.font.s
[GEN]	Fonts/build/GlyphItem/FontItem_6710.font.s
[GEN]	Fonts/build/GlyphItem/FontItem_80DD.font.s
[GEN]	Fonts/build/GlyphItem/FontItem_80EB.font.s
[GEN]	Fonts/build/GlyphItem/FontItem_80F1.font.s
[GEN]	Fonts/build/GlyphItem/FontItem_80F4.font.s
[GEN]	Fonts/build/GlyphItem/FontItem_80ED.font.s
[GEN]	Fonts/build/GlyphItem/FontItem_810D.font.s
[GEN]	Fonts/build/GlyphItem/FontItem_810E.font.s
[GEN]	Fonts/build/GlyphItem/FontItem_80F2.font.s
[GEN]	Fonts/build/GlyphItem/FontItem_80FC.font.s
[GEN]	Fonts/build/GlyphItem/FontItem_6715.font.s
[GEN]	Fonts/build/GlyphItem/FontItem_8112.font.s
[GEN]	Fonts/build/GlyphItem/FontItem_8C5A.font.s
[GEN]	Fonts/build/GlyphItem/FontItem_8136.font.s
[GEN]	Fonts/build/GlyphItem/FontItem_811E.font.s
[GEN]	Fonts/build/GlyphItem/FontItem_812C.font.s
[GEN]	Fonts/build/GlyphItem/FontItem_8118.font.s
[GEN]	Fonts/build/GlyphItem/FontItem_8132.font.s
[GEN]	Fonts/build/GlyphItem/FontItem_8148.font.s
[GEN]	Fonts/build/GlyphItem/FontItem_814C.font.s
[GEN]	Fonts/build/GlyphItem/FontItem_8153.font.s
[GEN]	Fonts/build/GlyphItem/FontItem_8174.font.s
[GEN]	Fonts/build/GlyphItem/FontItem_8159.font.s
[GEN]	Fonts/build/GlyphItem/FontItem_815A.font.s
[GEN]	Fonts/build/GlyphItem/FontItem_8171.font.s
[GEN]	Fonts/build/GlyphItem/FontItem_8160.font.s
[GEN]	Fonts/build/GlyphItem/FontItem_8169.font.s
[GEN]	Fonts/build/GlyphItem/FontItem_817C.font.s
[GEN]	Fonts/build/GlyphItem/FontItem_817D.font.s
[GEN]	Fonts/build/GlyphItem/FontItem_816D.font.s
[GEN]	Fonts/build/GlyphItem/FontItem_8167.font.s
[GEN]	Fonts/build/GlyphItem/FontItem_584D.font.s
[GEN]	Fonts/build/GlyphItem/FontItem_5AB5.font.s
[GEN]	Fonts/build/GlyphItem/FontItem_8188.font.s
[GEN]	Fonts/build/GlyphItem/FontItem_8182.font.s
[GEN]	Fonts/build/GlyphItem/FontItem_8191.font.s
[GEN]	Fonts/build/GlyphItem/FontItem_6ED5.font.s
[GEN]	Fonts/build/GlyphItem/FontItem_81A3.font.s
[GEN]	Fonts/build/GlyphItem/FontItem_81AA.font.s
[GEN]	Fonts/build/GlyphItem/FontItem_81CC.font.s
[GEN]	Fonts/build/GlyphItem/FontItem_6726.font.s
[GEN]	Fonts/build/GlyphItem/FontItem_81CA.font.s
[GEN]	Fonts/build/GlyphItem/FontItem_81BB.font.s
[GEN]	Fonts/build/GlyphItem/FontItem_81C1.font.s
[GEN]	Fonts/build/GlyphItem/FontItem_81A6.font.s
[GEN]	Fonts/build/GlyphItem/FontItem_6B24.font.s
[GEN]	Fonts/build/GlyphItem/FontItem_6B37.font.s
[GEN]	Fonts/build/GlyphItem/FontItem_6B39.font.s
[GEN]	Fonts/build/GlyphItem/FontItem_6B43.font.s
[GEN]	Fonts/build/GlyphItem/FontItem_6B46.font.s
[GEN]	Fonts/build/GlyphItem/FontItem_6B59.font.s
[GEN]	Fonts/build/GlyphItem/FontItem_98D1.font.s
[GEN]	Fonts/build/GlyphItem/FontItem_98D2.font.s
[GEN]	Fonts/build/GlyphItem/FontItem_98D3.font.s
[GEN]	Fonts/build/GlyphItem/FontItem_98D5.font.s
[GEN]	Fonts/build/GlyphItem/FontItem_98D9.font.s
[GEN]	Fonts/build/GlyphItem/FontItem_98DA.font.s
[GEN]	Fonts/build/GlyphItem/FontItem_6BB3.font.s
[GEN]	Fonts/build/GlyphItem/FontItem_5F40.font.s
[GEN]	Fonts/build/GlyphItem/FontItem_6BC2.font.s
[GEN]	Fonts/build/GlyphItem/FontItem_89F3.font.s
[GEN]	Fonts/build/GlyphItem/FontItem_6590.font.s
[GEN]	Fonts/build/GlyphItem/FontItem_9F51.font.s
[GEN]	Fonts/build/GlyphItem/FontItem_6593.font.s
[GEN]	Fonts/build/GlyphItem/FontItem_65BC.font.s
[GEN]	Fonts/build/GlyphItem/FontItem_65C6.font.s
[GEN]	Fonts/build/GlyphItem/FontItem_65C4.font.s
[GEN]	Fonts/build/GlyphItem/FontItem_65C3.font.s
[GEN]	Fonts/build/GlyphItem/FontItem_65CC.font.s
[GEN]	Fonts/build/GlyphItem/FontItem_65CE.font.s
[GEN]	Fonts/build/GlyphItem/FontItem_65D2.font.s
[GEN]	Fonts/build/GlyphItem/FontItem_65D6.font.s
[GEN]	Fonts/build/GlyphItem/FontItem_7080.font.s
[GEN]	Fonts/build/GlyphItem/FontItem_709C.font.s
[GEN]	Fonts/build/GlyphItem/FontItem_7096.font.s
[GEN]	Fonts/build/GlyphItem/FontItem_709D.font.s
[GEN]	Fonts/build/GlyphItem/FontItem_70BB.font.s
[GEN]	Fonts/build/GlyphItem/FontItem_70C0.font.s
[GEN]	Fonts/build/GlyphItem/FontItem_70B7.font.s
[GEN]	Fonts/build/GlyphItem/FontItem_70AB.font.s
[GEN]	Fonts/build/GlyphItem/FontItem_70B1.font.s
[GEN]	Fonts/build/GlyphItem/FontItem_70E8.font.s
[GEN]	Fonts/build/GlyphItem/FontItem_70CA.font.s
[GEN]	Fonts/build/GlyphItem/FontItem_7110.font.s
[GEN]	Fonts/build/GlyphItem/FontItem_7113.font.s
[GEN]	Fonts/build/GlyphItem/FontItem_7116.font.s
[GEN]	Fonts/build/GlyphItem/FontItem_712F.font.s
[GEN]	Fonts/build/GlyphItem/FontItem_7131.font.s
[GEN]	Fonts/build/GlyphItem/FontItem_7173.font.s
[GEN]	Fonts/build/GlyphItem/FontItem_715C.font.s
[GEN]	Fonts/build/GlyphItem/FontItem_7168.font.s
[GEN]	Fonts/build/GlyphItem/FontItem_7145.font.s
[GEN]	Fonts/build/GlyphItem/FontItem_7172.font.s
[GEN]	Fonts/build/GlyphItem/FontItem_714A.font.s
[GEN]	Fonts/build/GlyphItem/FontItem_7178.font.s
[GEN]	Fonts/build/GlyphItem/FontItem_717A.font.s
[GEN]	Fonts/build/GlyphItem/FontItem_7198.font.s
[GEN]	Fonts/build/GlyphItem/FontItem_71B3.font.s
[GEN]	Fonts/build/GlyphItem/FontItem_71B5.font.s
[GEN]	Fonts/build/GlyphItem/FontItem_71A8.font.s
[GEN]	Fonts/build/GlyphItem/FontItem_71A0.font.s
[GEN]	Fonts/build/GlyphItem/FontItem_71E0.font.s
[GEN]	Fonts/build/GlyphItem/FontItem_71D4.font.s
[GEN]	Fonts/build/GlyphItem/FontItem_71E7.font.s
[GEN]	Fonts/build/GlyphItem/FontItem_71F9.font.s
[GEN]	Fonts/build/GlyphItem/FontItem_721D.font.s
[GEN]	Fonts/build/GlyphItem/FontItem_7228.font.s
[GEN]	Fonts/build/GlyphItem/FontItem_706C.font.s
[GEN]	Fonts/build/GlyphItem/FontItem_7118.font.s
[GEN]	Fonts/build/GlyphItem/FontItem_7166.font.s
[GEN]	Fonts/build/GlyphItem/FontItem_71B9.font.s
[GEN]	Fonts/build/GlyphItem/FontItem_623E.font.s
[GEN]	Fonts/build/GlyphItem/FontItem_623D.font.s
[GEN]	Fonts/build/GlyphItem/FontItem_6243.font.s
[GEN]	Fonts/build/GlyphItem/FontItem_6248.font.s
[GEN]	Fonts/build/GlyphItem/FontItem_6249.font.s
[GEN]	Fonts/build/GlyphItem/FontItem_793B.font.s
[GEN]	Fonts/build/GlyphItem/FontItem_7940.font.s
[GEN]	Fonts/build/GlyphItem/FontItem_7946.font.s
[GEN]	Fonts/build/GlyphItem/FontItem_7949.font.s
[GEN]	Fonts/build/GlyphItem/FontItem_795B.font.s
[GEN]	Fonts/build/GlyphItem/FontItem_795C.font.s
[GEN]	Fonts/build/GlyphItem/FontItem_7953.font.s
[GEN]	Fonts/build/GlyphItem/FontItem_795A.font.s
[GEN]	Fonts/build/GlyphItem/FontItem_7962.font.s
[GEN]	Fonts/build/GlyphItem/FontItem_7957.font.s
[GEN]	Fonts/build/GlyphItem/FontItem_7960.font.s
[GEN]	Fonts/build/GlyphItem/FontItem_796F.font.s
[GEN]	Fonts/build/GlyphItem/FontItem_7967.font.s
[GEN]	Fonts/build/GlyphItem/FontItem_797A.font.s
[GEN]	Fonts/build/GlyphItem/FontItem_798A.font.s
[GEN]	Fonts/build/GlyphItem/FontItem_799A.font.s
[GEN]	Fonts/build/GlyphItem/FontItem_79A7.font.s
[GEN]	Fonts/build/GlyphItem/FontItem_79B3.font.s
[GEN]	Fonts/build/GlyphItem/FontItem_5FD1.font.s
[GEN]	Fonts/build/GlyphItem/FontItem_5FD0.font.s
[GEN]	Fonts/build/GlyphItem/FontItem_603C.font.s
[GEN]	Fonts/build/GlyphItem/FontItem_605D.font.s
[GEN]	Fonts/build/GlyphItem/FontItem_605A.font.s
[GEN]	Fonts/build/GlyphItem/FontItem_6067.font.s
[GEN]	Fonts/build/GlyphItem/FontItem_6041.font.s
[GEN]	Fonts/build/GlyphItem/FontItem_6059.font.s
[GEN]	Fonts/build/GlyphItem/FontItem_6063.font.s
[GEN]	Fonts/build/GlyphItem/FontItem_60AB.font.s
[GEN]	Fonts/build/GlyphItem/FontItem_6106.font.s
[GEN]	Fonts/build/GlyphItem/FontItem_610D.font.s
[GEN]	Fonts/build/GlyphItem/FontItem_615D.font.s
[GEN]	Fonts/build/GlyphItem/FontItem_619D.font.s
[GEN]	Fonts/build/GlyphItem/FontItem_61CB.font.s
[GEN]	Fonts/build/GlyphItem/FontItem_61D1.font.s
[GEN]	Fonts/build/GlyphItem/FontItem_6206.font.s
[GEN]	Fonts/build/GlyphItem/FontItem_8080.font.s
[GEN]	Fonts/build/GlyphItem/FontItem_807F.font.s
[GEN]	Fonts/build/GlyphItem/FontItem_6C93.font.s
[GEN]	Fonts/build/GlyphItem/FontItem_6CF6.font.s
[GEN]	Fonts/build/GlyphItem/FontItem_6DFC.font.s
[GEN]	Fonts/build/GlyphItem/FontItem_77F6.font.s
[GEN]	Fonts/build/GlyphItem/FontItem_77F8.font.s
[GEN]	Fonts/build/GlyphItem/FontItem_7800.font.s
[GEN]	Fonts/build/GlyphItem/FontItem_7809.font.s
[GEN]	Fonts/build/GlyphItem/FontItem_7817.font.s
[GEN]	Fonts/build/GlyphItem/FontItem_7818.font.s
[GEN]	Fonts/build/GlyphItem/FontItem_7811.font.s
[GEN]	Fonts/build/GlyphItem/FontItem_65AB.font.s
[GEN]	Fonts/build/GlyphItem/FontItem_782D.font.s
[GEN]	Fonts/build/GlyphItem/FontItem_781C.font.s
[GEN]	Fonts/build/GlyphItem/FontItem_781D.font.s
[GEN]	Fonts/build/GlyphItem/FontItem_7839.font.s
[GEN]	Fonts/build/GlyphItem/FontItem_783A.font.s
[GEN]	Fonts/build/GlyphItem/FontItem_783B.font.s
[GEN]	Fonts/build/GlyphItem/FontItem_781F.font.s
[GEN]	Fonts/build/GlyphItem/FontItem_783C.font.s
[GEN]	Fonts/build/GlyphItem/FontItem_7825.font.s
[GEN]	Fonts/build/GlyphItem/FontItem_782C.font.s
[GEN]	Fonts/build/GlyphItem/FontItem_7823.font.s
[GEN]	Fonts/build/GlyphItem/FontItem_7829.font.s
[GEN]	Fonts/build/GlyphItem/FontItem_784E.font.s
[GEN]	Fonts/build/GlyphItem/FontItem_786D.font.s
[GEN]	Fonts/build/GlyphItem/FontItem_7856.font.s
[GEN]	Fonts/build/GlyphItem/FontItem_7857.font.s
[GEN]	Fonts/build/GlyphItem/FontItem_7826.font.s
[GEN]	Fonts/build/GlyphItem/FontItem_7850.font.s
[GEN]	Fonts/build/GlyphItem/FontItem_7847.font.s
[GEN]	Fonts/build/GlyphItem/FontItem_784C.font.s
[GEN]	Fonts/build/GlyphItem/FontItem_786A.font.s
[GEN]	Fonts/build/GlyphItem/FontItem_789B.font.s
[GEN]	Fonts/build/GlyphItem/FontItem_7893.font.s
[GEN]	Fonts/build/GlyphItem/FontItem_789A.font.s
[GEN]	Fonts/build/GlyphItem/FontItem_7887.font.s
[GEN]	Fonts/build/GlyphItem/FontItem_789C.font.s
[GEN]	Fonts/build/GlyphItem/FontItem_78A1.font.s
[GEN]	Fonts/build/GlyphItem/FontItem_78A3.font.s
[GEN]	Fonts/build/GlyphItem/FontItem_78B2.font.s
[GEN]	Fonts/build/GlyphItem/FontItem_78B9.font.s
[GEN]	Fonts/build/GlyphItem/FontItem_78A5.font.s
[GEN]	Fonts/build/GlyphItem/FontItem_78D4.font.s
[GEN]	Fonts/build/GlyphItem/FontItem_78D9.font.s
[GEN]	Fonts/build/GlyphItem/FontItem_78C9.font.s
[GEN]	Fonts/build/GlyphItem/FontItem_78EC.font.s
[GEN]	Fonts/build/GlyphItem/FontItem_78F2.font.s
[GEN]	Fonts/build/GlyphItem/FontItem_7905.font.s
[GEN]	Fonts/build/GlyphItem/FontItem_78F4.font.s
[GEN]	Fonts/build/GlyphItem/FontItem_7913.font.s
[GEN]	Fonts/build/GlyphItem/FontItem_7924.font.s
[GEN]	Fonts/build/GlyphItem/FontItem_791E.font.s
[GEN]	Fonts/build/GlyphItem/FontItem_7934.font.s
[GEN]	Fonts/build/GlyphItem/FontItem_9F9B.font.s
[GEN]	Fonts/build/GlyphItem/FontItem_9EF9.font.s
[GEN]	Fonts/build/GlyphItem/FontItem_9EFB.font.s
[GEN]	Fonts/build/GlyphItem/FontItem_9EFC.font.s
[GEN]	Fonts/build/GlyphItem/FontItem_76F1.font.s
[GEN]	Fonts/build/GlyphItem/FontItem_7704.font.s
[GEN]	Fonts/build/GlyphItem/FontItem_770D.font.s
[GEN]	Fonts/build/GlyphItem/FontItem_76F9.font.s
[GEN]	Fonts/build/GlyphItem/FontItem_7707.font.s
[GEN]	Fonts/build/GlyphItem/FontItem_7708.font.s
[GEN]	Fonts/build/GlyphItem/FontItem_771A.font.s
[GEN]	Fonts/build/GlyphItem/FontItem_7722.font.s
[GEN]	Fonts/build/GlyphItem/FontItem_7719.font.s
[GEN]	Fonts/build/GlyphItem/FontItem_772D.font.s
[GEN]	Fonts/build/GlyphItem/FontItem_7726.font.s
[GEN]	Fonts/build/GlyphItem/FontItem_7735.font.s
[GEN]	Fonts/build/GlyphItem/FontItem_7738.font.s
[GEN]	Fonts/build/GlyphItem/FontItem_7750.font.s
[GEN]	Fonts/build/GlyphItem/FontItem_7751.font.s
[GEN]	Fonts/build/GlyphItem/FontItem_7747.font.s
[GEN]	Fonts/build/GlyphItem/FontItem_7743.font.s
[GEN]	Fonts/build/GlyphItem/FontItem_775A.font.s
[GEN]	Fonts/build/GlyphItem/FontItem_7768.font.s
[GEN]	Fonts/build/GlyphItem/FontItem_7762.font.s
[GEN]	Fonts/build/GlyphItem/FontItem_7765.font.s
[GEN]	Fonts/build/GlyphItem/FontItem_777F.font.s
[GEN]	Fonts/build/GlyphItem/FontItem_778D.font.s
[GEN]	Fonts/build/GlyphItem/FontItem_777D.font.s
[GEN]	Fonts/build/GlyphItem/FontItem_7780.font.s
[GEN]	Fonts/build/GlyphItem/FontItem_778C.font.s
[GEN]	Fonts/build/GlyphItem/FontItem_7791.font.s
[GEN]	Fonts/build/GlyphItem/FontItem_779F.font.s
[GEN]	Fonts/build/GlyphItem/FontItem_77A0.font.s
[GEN]	Fonts/build/GlyphItem/FontItem_77B0.font.s
[GEN]	Fonts/build/GlyphItem/FontItem_77B5.font.s
[GEN]	Fonts/build/GlyphItem/FontItem_77BD.font.s
[GEN]	Fonts/build/GlyphItem/FontItem_7540.font.s
[GEN]	Fonts/build/GlyphItem/FontItem_754E.font.s
[GEN]	Fonts/build/GlyphItem/FontItem_754B.font.s
[GEN]	Fonts/build/GlyphItem/FontItem_7548.font.s
[GEN]	Fonts/build/GlyphItem/FontItem_755B.font.s
[GEN]	Fonts/build/GlyphItem/FontItem_7572.font.s
[GEN]	Fonts/build/GlyphItem/FontItem_7579.font.s
[GEN]	Fonts/build/GlyphItem/FontItem_7583.font.s
[GEN]	Fonts/build/GlyphItem/FontItem_7F58.font.s
[GEN]	Fonts/build/GlyphItem/FontItem_7F61.font.s
[GEN]	Fonts/build/GlyphItem/FontItem_7F5F.font.s
[GEN]	Fonts/build/GlyphItem/FontItem_8A48.font.s
[GEN]	Fonts/build/GlyphItem/FontItem_7F68.font.s
[GEN]	Fonts/build/GlyphItem/FontItem_7F74.font.s
[GEN]	Fonts/build/GlyphItem/FontItem_7F71.font.s
[GEN]	Fonts/build/GlyphItem/FontItem_7F79.font.s
[GEN]	Fonts/build/GlyphItem/FontItem_7F7E.font.s
[GEN]	Fonts/build/GlyphItem/FontItem_76CD.font.s
[GEN]	Fonts/build/GlyphItem/FontItem_76E5.font.s
[GEN]	Fonts/build/GlyphItem/FontItem_8832.font.s
[GEN]	Fonts/build/GlyphItem/FontItem_9485.font.s
[GEN]	Fonts/build/GlyphItem/FontItem_9486.font.s
[GEN]	Fonts/build/GlyphItem/FontItem_9487.font.s
[GEN]	Fonts/build/GlyphItem/FontItem_948B.font.s
[GEN]	Fonts/build/GlyphItem/FontItem_948A.font.s
[GEN]	Fonts/build/GlyphItem/FontItem_948C.font.s
[GEN]	Fonts/build/GlyphItem/FontItem_948D.font.s
[GEN]	Fonts/build/GlyphItem/FontItem_948F.font.s
[GEN]	Fonts/build/GlyphItem/FontItem_9490.font.s
[GEN]	Fonts/build/GlyphItem/FontItem_9494.font.s
[GEN]	Fonts/build/GlyphItem/FontItem_9497.font.s
[GEN]	Fonts/build/GlyphItem/FontItem_9495.font.s
[GEN]	Fonts/build/GlyphItem/FontItem_949A.font.s
[GEN]	Fonts/build/GlyphItem/FontItem_949B.font.s
[GEN]	Fonts/build/GlyphItem/FontItem_949C.font.s
[GEN]	Fonts/build/GlyphItem/FontItem_94A3.font.s
[GEN]	Fonts/build/GlyphItem/FontItem_94A4.font.s
[GEN]	Fonts/build/GlyphItem/FontItem_94AB.font.s
[GEN]	Fonts/build/GlyphItem/FontItem_94AA.font.s
[GEN]	Fonts/build/GlyphItem/FontItem_94AD.font.s
[GEN]	Fonts/build/GlyphItem/FontItem_94AC.font.s
[GEN]	Fonts/build/GlyphItem/FontItem_94AF.font.s
[GEN]	Fonts/build/GlyphItem/FontItem_94B0.font.s
[GEN]	Fonts/build/GlyphItem/FontItem_94B2.font.s
[GEN]	Fonts/build/GlyphItem/FontItem_94B4.font.s
[GEN]	Fonts/build/GlyphItem/FontItem_94B6.font.s
[GEN]	Fonts/build/GlyphItem/FontItem_94B7.font.s
[GEN]	Fonts/build/GlyphItem/FontItem_94B8.font.s
[GEN]	Fonts/build/GlyphItem/FontItem_94B9.font.s
[GEN]	Fonts/build/GlyphItem/FontItem_94BA.font.s
[GEN]	Fonts/build/GlyphItem/FontItem_94BC.font.s
[GEN]	Fonts/build/GlyphItem/FontItem_94BD.font.s
[GEN]	Fonts/build/GlyphItem/FontItem_94BF.font.s
[GEN]	Fonts/build/GlyphItem/FontItem_94C4.font.s
[GEN]	Fonts/build/GlyphItem/FontItem_94C8.font.s
[GEN]	Fonts/build/GlyphItem/FontItem_94C9.font.s
[GEN]	Fonts/build/GlyphItem/FontItem_94CA.font.s
[GEN]	Fonts/build/GlyphItem/FontItem_94CB.font.s
[GEN]	Fonts/build/GlyphItem/FontItem_94CC.font.s
[GEN]	Fonts/build/GlyphItem/FontItem_94CD.font.s
[GEN]	Fonts/build/GlyphItem/FontItem_94CE.font.s
[GEN]	Fonts/build/GlyphItem/FontItem_94D0.font.s
[GEN]	Fonts/build/GlyphItem/FontItem_94D1.font.s
[GEN]	Fonts/build/GlyphItem/FontItem_94D2.font.s
[GEN]	Fonts/build/GlyphItem/FontItem_94D5.font.s
[GEN]	Fonts/build/GlyphItem/FontItem_94D6.font.s
[GEN]	Fonts/build/GlyphItem/FontItem_94D7.font.s
[GEN]	Fonts/build/GlyphItem/FontItem_94D9.font.s
[GEN]	Fonts/build/GlyphItem/FontItem_94D8.font.s
[GEN]	Fonts/build/GlyphItem/FontItem_94DB.font.s
[GEN]	Fonts/build/GlyphItem/FontItem_94DE.font.s
[GEN]	Fonts/build/GlyphItem/FontItem_94DF.font.s
[GEN]	Fonts/build/GlyphItem/FontItem_94E2.font.s
[GEN]	Fonts/build/GlyphItem/FontItem_94E4.font.s
[GEN]	Fonts/build/GlyphItem/FontItem_94E5.font.s
[GEN]	Fonts/build/GlyphItem/FontItem_94E7.font.s
[GEN]	Fonts/build/GlyphItem/FontItem_94E8.font.s
[GEN]	Fonts/build/GlyphItem/FontItem_94EA.font.s
[GEN]	Fonts/build/GlyphItem/FontItem_94E9.font.s
[GEN]	Fonts/build/GlyphItem/FontItem_94EB.font.s
[GEN]	Fonts/build/GlyphItem/FontItem_94EE.font.s
[GEN]	Fonts/build/GlyphItem/FontItem_94EF.font.s
[GEN]	Fonts/build/GlyphItem/FontItem_94F3.font.s
[GEN]	Fonts/build/GlyphItem/FontItem_94F4.font.s
[GEN]	Fonts/build/GlyphItem/FontItem_94F5.font.s
[GEN]	Fonts/build/GlyphItem/FontItem_94F7.font.s
[GEN]	Fonts/build/GlyphItem/FontItem_94F9.font.s
[GEN]	Fonts/build/GlyphItem/FontItem_94FC.font.s
[GEN]	Fonts/build/GlyphItem/FontItem_94FD.font.s
[GEN]	Fonts/build/GlyphItem/FontItem_94FF.font.s
[GEN]	Fonts/build/GlyphItem/FontItem_9503.font.s
[GEN]	Fonts/build/GlyphItem/FontItem_9502.font.s
[GEN]	Fonts/build/GlyphItem/FontItem_9506.font.s
[GEN]	Fonts/build/GlyphItem/FontItem_9507.font.s
[GEN]	Fonts/build/GlyphItem/FontItem_9509.font.s
[GEN]	Fonts/build/GlyphItem/FontItem_950A.font.s
[GEN]	Fonts/build/GlyphItem/FontItem_950D.font.s
[GEN]	Fonts/build/GlyphItem/FontItem_950E.font.s
[GEN]	Fonts/build/GlyphItem/FontItem_950F.font.s
[GEN]	Fonts/build/GlyphItem/FontItem_9512.font.s
[GEN]	Fonts/build/GlyphItem/FontItem_9513.font.s
[GEN]	Fonts/build/GlyphItem/FontItem_9514.font.s
[GEN]	Fonts/build/GlyphItem/FontItem_9515.font.s
[GEN]	Fonts/build/GlyphItem/FontItem_9516.font.s
[GEN]	Fonts/build/GlyphItem/FontItem_9518.font.s
[GEN]	Fonts/build/GlyphItem/FontItem_951B.font.s
[GEN]	Fonts/build/GlyphItem/FontItem_951D.font.s
[GEN]	Fonts/build/GlyphItem/FontItem_951E.font.s
[GEN]	Fonts/build/GlyphItem/FontItem_951F.font.s
[GEN]	Fonts/build/GlyphItem/FontItem_9522.font.s
[GEN]	Fonts/build/GlyphItem/FontItem_952A.font.s
[GEN]	Fonts/build/GlyphItem/FontItem_952B.font.s
[GEN]	Fonts/build/GlyphItem/FontItem_9529.font.s
[GEN]	Fonts/build/GlyphItem/FontItem_952C.font.s
[GEN]	Fonts/build/GlyphItem/FontItem_9531.font.s
[GEN]	Fonts/build/GlyphItem/FontItem_9532.font.s
[GEN]	Fonts/build/GlyphItem/FontItem_9534.font.s
[GEN]	Fonts/build/GlyphItem/FontItem_9536.font.s
[GEN]	Fonts/build/GlyphItem/FontItem_9537.font.s
[GEN]	Fonts/build/GlyphItem/FontItem_9538.font.s
[GEN]	Fonts/build/GlyphItem/FontItem_953C.font.s
[GEN]	Fonts/build/GlyphItem/FontItem_953E.font.s
[GEN]	Fonts/build/GlyphItem/FontItem_953F.font.s
[GEN]	Fonts/build/GlyphItem/FontItem_9542.font.s
[GEN]	Fonts/build/GlyphItem/FontItem_9535.font.s
[GEN]	Fonts/build/GlyphItem/FontItem_9544.font.s
[GEN]	Fonts/build/GlyphItem/FontItem_9545.font.s
[GEN]	Fonts/build/GlyphItem/FontItem_9546.font.s
[GEN]	Fonts/build/GlyphItem/FontItem_9549.font.s
[GEN]	Fonts/build/GlyphItem/FontItem_954C.font.s
[GEN]	Fonts/build/GlyphItem/FontItem_954E.font.s
[GEN]	Fonts/build/GlyphItem/FontItem_954F.font.s
[GEN]	Fonts/build/GlyphItem/FontItem_9552.font.s
[GEN]	Fonts/build/GlyphItem/FontItem_9553.font.s
[GEN]	Fonts/build/GlyphItem/FontItem_9554.font.s
[GEN]	Fonts/build/GlyphItem/FontItem_9557.font.s
[GEN]	Fonts/build/GlyphItem/FontItem_9558.font.s
[GEN]	Fonts/build/GlyphItem/FontItem_9559.font.s
[GEN]	Fonts/build/GlyphItem/FontItem_955B.font.s
[GEN]	Fonts/build/GlyphItem/FontItem_955E.font.s
[GEN]	Fonts/build/GlyphItem/FontItem_955F.font.s
[GEN]	Fonts/build/GlyphItem/FontItem_955D.font.s
[GEN]	Fonts/build/GlyphItem/FontItem_9561.font.s
[GEN]	Fonts/build/GlyphItem/FontItem_9562.font.s
[GEN]	Fonts/build/GlyphItem/FontItem_9564.font.s
[GEN]	Fonts/build/GlyphItem/FontItem_9565.font.s
[GEN]	Fonts/build/GlyphItem/FontItem_9566.font.s
[GEN]	Fonts/build/GlyphItem/FontItem_9567.font.s
[GEN]	Fonts/build/GlyphItem/FontItem_9568.font.s
[GEN]	Fonts/build/GlyphItem/FontItem_9569.font.s
[GEN]	Fonts/build/GlyphItem/FontItem_956A.font.s
[GEN]	Fonts/build/GlyphItem/FontItem_956B.font.s
[GEN]	Fonts/build/GlyphItem/FontItem_956C.font.s
[GEN]	Fonts/build/GlyphItem/FontItem_956F.font.s
[GEN]	Fonts/build/GlyphItem/FontItem_9571.font.s
[GEN]	Fonts/build/GlyphItem/FontItem_9572.font.s
[GEN]	Fonts/build/GlyphItem/FontItem_9573.font.s
[GEN]	Fonts/build/GlyphItem/FontItem_953A.font.s
[GEN]	Fonts/build/GlyphItem/FontItem_77E7.font.s
[GEN]	Fonts/build/GlyphItem/FontItem_77EC.font.s
[GEN]	Fonts/build/GlyphItem/FontItem_96C9.font.s
[GEN]	Fonts/build/GlyphItem/FontItem_79D5.font.s
[GEN]	Fonts/build/GlyphItem/FontItem_79ED.font.s
[GEN]	Fonts/build/GlyphItem/FontItem_79E3.font.s
[GEN]	Fonts/build/GlyphItem/FontItem_79EB.font.s
[GEN]	Fonts/build/GlyphItem/FontItem_7A06.font.s
[GEN]	Fonts/build/GlyphItem/FontItem_5D47.font.s
[GEN]	Fonts/build/GlyphItem/FontItem_7A03.font.s
[GEN]	Fonts/build/GlyphItem/FontItem_7A02.font.s
[GEN]	Fonts/build/GlyphItem/FontItem_7A1E.font.s
[GEN]	Fonts/build/GlyphItem/FontItem_7A14.font.s
[GEN]	Fonts/build/GlyphItem/FontItem_7A39.font.s
[GEN]	Fonts/build/GlyphItem/FontItem_7A37.font.s
[GEN]	Fonts/build/GlyphItem/FontItem_7A51.font.s
[GEN]	Fonts/build/GlyphItem/FontItem_9ECF.font.s
[GEN]	Fonts/build/GlyphItem/FontItem_99A5.font.s
[GEN]	Fonts/build/GlyphItem/FontItem_7A70.font.s
[GEN]	Fonts/build/GlyphItem/FontItem_7688.font.s
[GEN]	Fonts/build/GlyphItem/FontItem_768E.font.s
[GEN]	Fonts/build/GlyphItem/FontItem_7693.font.s
[GEN]	Fonts/build/GlyphItem/FontItem_7699.font.s
[GEN]	Fonts/build/GlyphItem/FontItem_76A4.font.s
[GEN]	Fonts/build/GlyphItem/FontItem_74DE.font.s
[GEN]	Fonts/build/GlyphItem/FontItem_74E0.font.s
[GEN]	Fonts/build/GlyphItem/FontItem_752C.font.s
[GEN]	Fonts/build/GlyphItem/FontItem_9E20.font.s
[GEN]	Fonts/build/GlyphItem/FontItem_9E22.font.s
[GEN]	Fonts/build/GlyphItem/FontItem_9E28.font.s
[GEN]	Fonts/build/GlyphItem/FontItem_9E29.font.s
[GEN]	Fonts/build/GlyphItem/FontItem_9E2A.font.s
[GEN]	Fonts/build/GlyphItem/FontItem_9E2B.font.s
[GEN]	Fonts/build/GlyphItem/FontItem_9E2C.font.s
[GEN]	Fonts/build/GlyphItem/FontItem_9E32.font.s
[GEN]	Fonts/build/GlyphItem/FontItem_9E31.font.s
[GEN]	Fonts/build/GlyphItem/FontItem_9E36.font.s
[GEN]	Fonts/build/GlyphItem/FontItem_9E38.font.s
[GEN]	Fonts/build/GlyphItem/FontItem_9E37.font.s
[GEN]	Fonts/build/GlyphItem/FontItem_9E39.font.s
[GEN]	Fonts/build/GlyphItem/FontItem_9E3A.font.s
[GEN]	Fonts/build/GlyphItem/FontItem_9E3E.font.s
[GEN]	Fonts/build/GlyphItem/FontItem_9E41.font.s
[GEN]	Fonts/build/GlyphItem/FontItem_9E42.font.s
[GEN]	Fonts/build/GlyphItem/FontItem_9E44.font.s
[GEN]	Fonts/build/GlyphItem/FontItem_9E46.font.s
[GEN]	Fonts/build/GlyphItem/FontItem_9E47.font.s
[GEN]	Fonts/build/GlyphItem/FontItem_9E48.font.s
[GEN]	Fonts/build/GlyphItem/FontItem_9E49.font.s
[GEN]	Fonts/build/GlyphItem/FontItem_9E4B.font.s
[GEN]	Fonts/build/GlyphItem/FontItem_9E4C.font.s
[GEN]	Fonts/build/GlyphItem/FontItem_9E4E.font.s
[GEN]	Fonts/build/GlyphItem/FontItem_9E51.font.s
[GEN]	Fonts/build/GlyphItem/FontItem_9E55.font.s
[GEN]	Fonts/build/GlyphItem/FontItem_9E57.font.s
[GEN]	Fonts/build/GlyphItem/FontItem_9E5A.font.s
[GEN]	Fonts/build/GlyphItem/FontItem_9E5B.font.s
[GEN]	Fonts/build/GlyphItem/FontItem_9E5C.font.s
[GEN]	Fonts/build/GlyphItem/FontItem_9E5E.font.s
[GEN]	Fonts/build/GlyphItem/FontItem_9E63.font.s
[GEN]	Fonts/build/GlyphItem/FontItem_9E66.font.s
[GEN]	Fonts/build/GlyphItem/FontItem_9E67.font.s
[GEN]	Fonts/build/GlyphItem/FontItem_9E68.font.s
[GEN]	Fonts/build/GlyphItem/FontItem_9E69.font.s
[GEN]	Fonts/build/GlyphItem/FontItem_9E6A.font.s
[GEN]	Fonts/build/GlyphItem/FontItem_9E6B.font.s
[GEN]	Fonts/build/GlyphItem/FontItem_9E6C.font.s
[GEN]	Fonts/build/GlyphItem/FontItem_9E71.font.s
[GEN]	Fonts/build/GlyphItem/FontItem_9E6D.font.s
[GEN]	Fonts/build/GlyphItem/FontItem_9E73.font.s
[GEN]	Fonts/build/GlyphItem/FontItem_7592.font.s
[GEN]	Fonts/build/GlyphItem/FontItem_7594.font.s
[GEN]	Fonts/build/GlyphItem/FontItem_7596.font.s
[GEN]	Fonts/build/GlyphItem/FontItem_75A0.font.s
[GEN]	Fonts/build/GlyphItem/FontItem_759D.font.s
[GEN]	Fonts/build/GlyphItem/FontItem_75AC.font.s
[GEN]	Fonts/build/GlyphItem/FontItem_75A3.font.s
[GEN]	Fonts/build/GlyphItem/FontItem_75B3.font.s
[GEN]	Fonts/build/GlyphItem/FontItem_75B4.font.s
[GEN]	Fonts/build/GlyphItem/FontItem_75B8.font.s
[GEN]	Fonts/build/GlyphItem/FontItem_75C4.font.s
[GEN]	Fonts/build/GlyphItem/FontItem_75B1.font.s
[GEN]	Fonts/build/GlyphItem/FontItem_75B0.font.s
[GEN]	Fonts/build/GlyphItem/FontItem_75C3.font.s
[GEN]	Fonts/build/GlyphItem/FontItem_75C2.font.s
[GEN]	Fonts/build/GlyphItem/FontItem_75D6.font.s
[GEN]	Fonts/build/GlyphItem/FontItem_75CD.font.s
[GEN]	Fonts/build/GlyphItem/FontItem_75E3.font.s
[GEN]	Fonts/build/GlyphItem/FontItem_75E8.font.s
[GEN]	Fonts/build/GlyphItem/FontItem_75E6.font.s
[GEN]	Fonts/build/GlyphItem/FontItem_75E4.font.s
[GEN]	Fonts/build/GlyphItem/FontItem_75EB.font.s
[GEN]	Fonts/build/GlyphItem/FontItem_75E7.font.s
[GEN]	Fonts/build/GlyphItem/FontItem_7603.font.s
[GEN]	Fonts/build/GlyphItem/FontItem_75F1.font.s
[GEN]	Fonts/build/GlyphItem/FontItem_75FC.font.s
[GEN]	Fonts/build/GlyphItem/FontItem_75FF.font.s
[GEN]	Fonts/build/GlyphItem/FontItem_7610.font.s
[GEN]	Fonts/build/GlyphItem/FontItem_7600.font.s
[GEN]	Fonts/build/GlyphItem/FontItem_7605.font.s
[GEN]	Fonts/build/GlyphItem/FontItem_760C.font.s
[GEN]	Fonts/build/GlyphItem/FontItem_7617.font.s
[GEN]	Fonts/build/GlyphItem/FontItem_760A.font.s
[GEN]	Fonts/build/GlyphItem/FontItem_7625.font.s
[GEN]	Fonts/build/GlyphItem/FontItem_7618.font.s
[GEN]	Fonts/build/GlyphItem/FontItem_7615.font.s
[GEN]	Fonts/build/GlyphItem/FontItem_7619.font.s
[GEN]	Fonts/build/GlyphItem/FontItem_761B.font.s
[GEN]	Fonts/build/GlyphItem/FontItem_763C.font.s
[GEN]	Fonts/build/GlyphItem/FontItem_7622.font.s
[GEN]	Fonts/build/GlyphItem/FontItem_7620.font.s
[GEN]	Fonts/build/GlyphItem/FontItem_7640.font.s
[GEN]	Fonts/build/GlyphItem/FontItem_762D.font.s
[GEN]	Fonts/build/GlyphItem/FontItem_7630.font.s
[GEN]	Fonts/build/GlyphItem/FontItem_763F.font.s
[GEN]	Fonts/build/GlyphItem/FontItem_7635.font.s
[GEN]	Fonts/build/GlyphItem/FontItem_7643.font.s
[GEN]	Fonts/build/GlyphItem/FontItem_763E.font.s
[GEN]	Fonts/build/GlyphItem/FontItem_7633.font.s
[GEN]	Fonts/build/GlyphItem/FontItem_764D.font.s
[GEN]	Fonts/build/GlyphItem/FontItem_765E.font.s
[GEN]	Fonts/build/GlyphItem/FontItem_7654.font.s
[GEN]	Fonts/build/GlyphItem/FontItem_765C.font.s
[GEN]	Fonts/build/GlyphItem/FontItem_766B.font.s
[GEN]	Fonts/build/GlyphItem/FontItem_766F.font.s
[GEN]	Fonts/build/GlyphItem/FontItem_7FCA.font.s
[GEN]	Fonts/build/GlyphItem/FontItem_7AE6.font.s
[GEN]	Fonts/build/GlyphItem/FontItem_7A78.font.s
[GEN]	Fonts/build/GlyphItem/FontItem_7A79.font.s
[GEN]	Fonts/build/GlyphItem/FontItem_7A80.font.s
[GEN]	Fonts/build/GlyphItem/FontItem_7A86.font.s
[GEN]	Fonts/build/GlyphItem/FontItem_7A88.font.s
[GEN]	Fonts/build/GlyphItem/FontItem_7A95.font.s
[GEN]	Fonts/build/GlyphItem/FontItem_7AA6.font.s
[GEN]	Fonts/build/GlyphItem/FontItem_7AA0.font.s
[GEN]	Fonts/build/GlyphItem/FontItem_7AAC.font.s
[GEN]	Fonts/build/GlyphItem/FontItem_7AA8.font.s
[GEN]	Fonts/build/GlyphItem/FontItem_7AAD.font.s
[GEN]	Fonts/build/GlyphItem/FontItem_7AB3.font.s
[GEN]	Fonts/build/GlyphItem/FontItem_8864.font.s
[GEN]	Fonts/build/GlyphItem/FontItem_8869.font.s
[GEN]	Fonts/build/GlyphItem/FontItem_8872.font.s
[GEN]	Fonts/build/GlyphItem/FontItem_887D.font.s
[GEN]	Fonts/build/GlyphItem/FontItem_887F.font.s
[GEN]	Fonts/build/GlyphItem/FontItem_8882.font.s
[GEN]	Fonts/build/GlyphItem/FontItem_88A2.font.s
[GEN]	Fonts/build/GlyphItem/FontItem_88C6.font.s
[GEN]	Fonts/build/GlyphItem/FontItem_88B7.font.s
[GEN]	Fonts/build/GlyphItem/FontItem_88BC.font.s
[GEN]	Fonts/build/GlyphItem/FontItem_88C9.font.s
[GEN]	Fonts/build/GlyphItem/FontItem_88E2.font.s
[GEN]	Fonts/build/GlyphItem/FontItem_88CE.font.s
[GEN]	Fonts/build/GlyphItem/FontItem_88E3.font.s
[GEN]	Fonts/build/GlyphItem/FontItem_88E5.font.s
[GEN]	Fonts/build/GlyphItem/FontItem_88F1.font.s
[GEN]	Fonts/build/GlyphItem/FontItem_891A.font.s
[GEN]	Fonts/build/GlyphItem/FontItem_88FC.font.s
[GEN]	Fonts/build/GlyphItem/FontItem_88E8.font.s
[GEN]	Fonts/build/GlyphItem/FontItem_88FE.font.s
[GEN]	Fonts/build/GlyphItem/FontItem_88F0.font.s
[GEN]	Fonts/build/GlyphItem/FontItem_8921.font.s
[GEN]	Fonts/build/GlyphItem/FontItem_8919.font.s
[GEN]	Fonts/build/GlyphItem/FontItem_8913.font.s
[GEN]	Fonts/build/GlyphItem/FontItem_891B.font.s
[GEN]	Fonts/build/GlyphItem/FontItem_890A.font.s
[GEN]	Fonts/build/GlyphItem/FontItem_8934.font.s
[GEN]	Fonts/build/GlyphItem/FontItem_892B.font.s
[GEN]	Fonts/build/GlyphItem/FontItem_8936.font.s
[GEN]	Fonts/build/GlyphItem/FontItem_8941.font.s
[GEN]	Fonts/build/GlyphItem/FontItem_8966.font.s
[GEN]	Fonts/build/GlyphItem/FontItem_897B.font.s
[GEN]	Fonts/build/GlyphItem/FontItem_758B.font.s
[GEN]	Fonts/build/GlyphItem/FontItem_80E5.font.s
[GEN]	Fonts/build/GlyphItem/FontItem_76B2.font.s
[GEN]	Fonts/build/GlyphItem/FontItem_76B4.font.s
[GEN]	Fonts/build/GlyphItem/FontItem_77DC.font.s
[GEN]	Fonts/build/GlyphItem/FontItem_8012.font.s
[GEN]	Fonts/build/GlyphItem/FontItem_8014.font.s
[GEN]	Fonts/build/GlyphItem/FontItem_8016.font.s
[GEN]	Fonts/build/GlyphItem/FontItem_801C.font.s
[GEN]	Fonts/build/GlyphItem/FontItem_8020.font.s
[GEN]	Fonts/build/GlyphItem/FontItem_8022.font.s
[GEN]	Fonts/build/GlyphItem/FontItem_8025.font.s
[GEN]	Fonts/build/GlyphItem/FontItem_8026.font.s
[GEN]	Fonts/build/GlyphItem/FontItem_8027.font.s
[GEN]	Fonts/build/GlyphItem/FontItem_8029.font.s
[GEN]	Fonts/build/GlyphItem/FontItem_8028.font.s
[GEN]	Fonts/build/GlyphItem/FontItem_8031.font.s
[GEN]	Fonts/build/GlyphItem/FontItem_800B.font.s
[GEN]	Fonts/build/GlyphItem/FontItem_8035.font.s
[GEN]	Fonts/build/GlyphItem/FontItem_8043.font.s
[GEN]	Fonts/build/GlyphItem/FontItem_8046.font.s
[GEN]	Fonts/build/GlyphItem/FontItem_804D.font.s
[GEN]	Fonts/build/GlyphItem/FontItem_8052.font.s
[GEN]	Fonts/build/GlyphItem/FontItem_8069.font.s
[GEN]	Fonts/build/GlyphItem/FontItem_8071.font.s
[GEN]	Fonts/build/GlyphItem/FontItem_8983.font.s
[GEN]	Fonts/build/GlyphItem/FontItem_9878.font.s
[GEN]	Fonts/build/GlyphItem/FontItem_9880.font.s
[GEN]	Fonts/build/GlyphItem/FontItem_9883.font.s
[GEN]	Fonts/build/GlyphItem/FontItem_9889.font.s
[GEN]	Fonts/build/GlyphItem/FontItem_988C.font.s
[GEN]	Fonts/build/GlyphItem/FontItem_988D.font.s
[GEN]	Fonts/build/GlyphItem/FontItem_988F.font.s
[GEN]	Fonts/build/GlyphItem/FontItem_9894.font.s
[GEN]	Fonts/build/GlyphItem/FontItem_989A.font.s
[GEN]	Fonts/build/GlyphItem/FontItem_989B.font.s
[GEN]	Fonts/build/GlyphItem/FontItem_989E.font.s
[GEN]	Fonts/build/GlyphItem/FontItem_989F.font.s
[GEN]	Fonts/build/GlyphItem/FontItem_98A1.font.s
[GEN]	Fonts/build/GlyphItem/FontItem_98A2.font.s
[GEN]	Fonts/build/GlyphItem/FontItem_98A5.font.s
[GEN]	Fonts/build/GlyphItem/FontItem_98A6.font.s
[GEN]	Fonts/build/GlyphItem/FontItem_864D.font.s
[GEN]	Fonts/build/GlyphItem/FontItem_8654.font.s
[GEN]	Fonts/build/GlyphItem/FontItem_866C.font.s
[GEN]	Fonts/build/GlyphItem/FontItem_866E.font.s
[GEN]	Fonts/build/GlyphItem/FontItem_867F.font.s
[GEN]	Fonts/build/GlyphItem/FontItem_867A.font.s
[GEN]	Fonts/build/GlyphItem/FontItem_867C.font.s
[GEN]	Fonts/build/GlyphItem/FontItem_867B.font.s
[GEN]	Fonts/build/GlyphItem/FontItem_86A8.font.s
[GEN]	Fonts/build/GlyphItem/FontItem_868D.font.s
[GEN]	Fonts/build/GlyphItem/FontItem_868B.font.s
[GEN]	Fonts/build/GlyphItem/FontItem_86AC.font.s
[GEN]	Fonts/build/GlyphItem/FontItem_869D.font.s
[GEN]	Fonts/build/GlyphItem/FontItem_86A7.font.s
[GEN]	Fonts/build/GlyphItem/FontItem_86A3.font.s
[GEN]	Fonts/build/GlyphItem/FontItem_86AA.font.s
[GEN]	Fonts/build/GlyphItem/FontItem_8693.font.s
[GEN]	Fonts/build/GlyphItem/FontItem_86A9.font.s
[GEN]	Fonts/build/GlyphItem/FontItem_86B6.font.s
[GEN]	Fonts/build/GlyphItem/FontItem_86C4.font.s
[GEN]	Fonts/build/GlyphItem/FontItem_86B5.font.s
[GEN]	Fonts/build/GlyphItem/FontItem_86CE.font.s
[GEN]	Fonts/build/GlyphItem/FontItem_86B0.font.s
[GEN]	Fonts/build/GlyphItem/FontItem_86BA.font.s
[GEN]	Fonts/build/GlyphItem/FontItem_86B1.font.s
[GEN]	Fonts/build/GlyphItem/FontItem_86AF.font.s
[GEN]	Fonts/build/GlyphItem/FontItem_86C9.font.s
[GEN]	Fonts/build/GlyphItem/FontItem_86CF.font.s
[GEN]	Fonts/build/GlyphItem/FontItem_86B4.font.s
[GEN]	Fonts/build/GlyphItem/FontItem_86E9.font.s
[GEN]	Fonts/build/GlyphItem/FontItem_86F1.font.s
[GEN]	Fonts/build/GlyphItem/FontItem_86F2.font.s
[GEN]	Fonts/build/GlyphItem/FontItem_86ED.font.s
[GEN]	Fonts/build/GlyphItem/FontItem_86F3.font.s
[GEN]	Fonts/build/GlyphItem/FontItem_86D0.font.s
[GEN]	Fonts/build/GlyphItem/FontItem_8713.font.s
[GEN]	Fonts/build/GlyphItem/FontItem_86DE.font.s
[GEN]	Fonts/build/GlyphItem/FontItem_86F4.font.s
[GEN]	Fonts/build/GlyphItem/FontItem_86DF.font.s
[GEN]	Fonts/build/GlyphItem/FontItem_86D8.font.s
[GEN]	Fonts/build/GlyphItem/FontItem_86D1.font.s
[GEN]	Fonts/build/GlyphItem/FontItem_8703.font.s
[GEN]	Fonts/build/GlyphItem/FontItem_8707.font.s
[GEN]	Fonts/build/GlyphItem/FontItem_86F8.font.s
[GEN]	Fonts/build/GlyphItem/FontItem_8708.font.s
[GEN]	Fonts/build/GlyphItem/FontItem_870A.font.s
[GEN]	Fonts/build/GlyphItem/FontItem_870D.font.s
[GEN]	Fonts/build/GlyphItem/FontItem_8709.font.s
[GEN]	Fonts/build/GlyphItem/FontItem_8723.font.s
[GEN]	Fonts/build/GlyphItem/FontItem_873B.font.s
[GEN]	Fonts/build/GlyphItem/FontItem_871E.font.s
[GEN]	Fonts/build/GlyphItem/FontItem_8725.font.s
[GEN]	Fonts/build/GlyphItem/FontItem_872E.font.s
[GEN]	Fonts/build/GlyphItem/FontItem_871A.font.s
[GEN]	Fonts/build/GlyphItem/FontItem_873E.font.s
[GEN]	Fonts/build/GlyphItem/FontItem_8748.font.s
[GEN]	Fonts/build/GlyphItem/FontItem_8734.font.s
[GEN]	Fonts/build/GlyphItem/FontItem_8731.font.s
[GEN]	Fonts/build/GlyphItem/FontItem_8729.font.s
[GEN]	Fonts/build/GlyphItem/FontItem_8737.font.s
[GEN]	Fonts/build/GlyphItem/FontItem_873F.font.s
[GEN]	Fonts/build/GlyphItem/FontItem_8782.font.s
[GEN]	Fonts/build/GlyphItem/FontItem_8722.font.s
[GEN]	Fonts/build/GlyphItem/FontItem_877D.font.s
[GEN]	Fonts/build/GlyphItem/FontItem_877E.font.s
[GEN]	Fonts/build/GlyphItem/FontItem_877B.font.s
[GEN]	Fonts/build/GlyphItem/FontItem_8760.font.s
[GEN]	Fonts/build/GlyphItem/FontItem_8770.font.s
[GEN]	Fonts/build/GlyphItem/FontItem_874C.font.s
[GEN]	Fonts/build/GlyphItem/FontItem_876E.font.s
[GEN]	Fonts/build/GlyphItem/FontItem_878B.font.s
[GEN]	Fonts/build/GlyphItem/FontItem_8753.font.s
[GEN]	Fonts/build/GlyphItem/FontItem_8763.font.s
[GEN]	Fonts/build/GlyphItem/FontItem_877C.font.s
[GEN]	Fonts/build/GlyphItem/FontItem_8764.font.s
[GEN]	Fonts/build/GlyphItem/FontItem_8759.font.s
[GEN]	Fonts/build/GlyphItem/FontItem_8765.font.s
[GEN]	Fonts/build/GlyphItem/FontItem_8793.font.s
[GEN]	Fonts/build/GlyphItem/FontItem_87AF.font.s
[GEN]	Fonts/build/GlyphItem/FontItem_87A8.font.s
[GEN]	Fonts/build/GlyphItem/FontItem_87D2.font.s
[GEN]	Fonts/build/GlyphItem/FontItem_87C6.font.s
[GEN]	Fonts/build/GlyphItem/FontItem_8788.font.s
[GEN]	Fonts/build/GlyphItem/FontItem_8785.font.s
[GEN]	Fonts/build/GlyphItem/FontItem_87AD.font.s
[GEN]	Fonts/build/GlyphItem/FontItem_8797.font.s
[GEN]	Fonts/build/GlyphItem/FontItem_8783.font.s
[GEN]	Fonts/build/GlyphItem/FontItem_87AB.font.s
[GEN]	Fonts/build/GlyphItem/FontItem_87E5.font.s
[GEN]	Fonts/build/GlyphItem/FontItem_87AC.font.s
[GEN]	Fonts/build/GlyphItem/FontItem_87B5.font.s
[GEN]	Fonts/build/GlyphItem/FontItem_87B3.font.s
[GEN]	Fonts/build/GlyphItem/FontItem_87CB.font.s
[GEN]	Fonts/build/GlyphItem/FontItem_87D3.font.s
[GEN]	Fonts/build/GlyphItem/FontItem_87BD.font.s
[GEN]	Fonts/build/GlyphItem/FontItem_87D1.font.s
[GEN]	Fonts/build/GlyphItem/FontItem_87C0.font.s
[GEN]	Fonts/build/GlyphItem/FontItem_87CA.font.s
[GEN]	Fonts/build/GlyphItem/FontItem_87DB.font.s
[GEN]	Fonts/build/GlyphItem/FontItem_87EA.font.s
[GEN]	Fonts/build/GlyphItem/FontItem_87E0.font.s
[GEN]	Fonts/build/GlyphItem/FontItem_87EE.font.s
[GEN]	Fonts/build/GlyphItem/FontItem_8816.font.s
[GEN]	Fonts/build/GlyphItem/FontItem_8813.font.s
[GEN]	Fonts/build/GlyphItem/FontItem_87FE.font.s
[GEN]	Fonts/build/GlyphItem/FontItem_880A.font.s
[GEN]	Fonts/build/GlyphItem/FontItem_881B.font.s
[GEN]	Fonts/build/GlyphItem/FontItem_8821.font.s
[GEN]	Fonts/build/GlyphItem/FontItem_8839.font.s
[GEN]	Fonts/build/GlyphItem/FontItem_883C.font.s
[GEN]	Fonts/build/GlyphItem/FontItem_7F36.font.s
[GEN]	Fonts/build/GlyphItem/FontItem_7F42.font.s
[GEN]	Fonts/build/GlyphItem/FontItem_7F44.font.s
[GEN]	Fonts/build/GlyphItem/FontItem_7F45.font.s
[GEN]	Fonts/build/GlyphItem/FontItem_8210.font.s
[GEN]	Fonts/build/GlyphItem/FontItem_7AFA.font.s
[GEN]	Fonts/build/GlyphItem/FontItem_7AFD.font.s
[GEN]	Fonts/build/GlyphItem/FontItem_7B08.font.s
[GEN]	Fonts/build/GlyphItem/FontItem_7B03.font.s
[GEN]	Fonts/build/GlyphItem/FontItem_7B04.font.s
[GEN]	Fonts/build/GlyphItem/FontItem_7B15.font.s
[GEN]	Fonts/build/GlyphItem/FontItem_7B0A.font.s
[GEN]	Fonts/build/GlyphItem/FontItem_7B2B.font.s
[GEN]	Fonts/build/GlyphItem/FontItem_7B0F.font.s
[GEN]	Fonts/build/GlyphItem/FontItem_7B47.font.s
[GEN]	Fonts/build/GlyphItem/FontItem_7B38.font.s
[GEN]	Fonts/build/GlyphItem/FontItem_7B2A.font.s
[GEN]	Fonts/build/GlyphItem/FontItem_7B19.font.s
[GEN]	Fonts/build/GlyphItem/FontItem_7B2E.font.s
[GEN]	Fonts/build/GlyphItem/FontItem_7B31.font.s
[GEN]	Fonts/build/GlyphItem/FontItem_7B20.font.s
[GEN]	Fonts/build/GlyphItem/FontItem_7B25.font.s
[GEN]	Fonts/build/GlyphItem/FontItem_7B24.font.s
[GEN]	Fonts/build/GlyphItem/FontItem_7B33.font.s
[GEN]	Fonts/build/GlyphItem/FontItem_7B3E.font.s
[GEN]	Fonts/build/GlyphItem/FontItem_7B1E.font.s
[GEN]	Fonts/build/GlyphItem/FontItem_7B58.font.s
[GEN]	Fonts/build/GlyphItem/FontItem_7B5A.font.s
[GEN]	Fonts/build/GlyphItem/FontItem_7B45.font.s
[GEN]	Fonts/build/GlyphItem/FontItem_7B75.font.s
[GEN]	Fonts/build/GlyphItem/FontItem_7B4C.font.s
[GEN]	Fonts/build/GlyphItem/FontItem_7B5D.font.s
[GEN]	Fonts/build/GlyphItem/FontItem_7B60.font.s
[GEN]	Fonts/build/GlyphItem/FontItem_7B6E.font.s
[GEN]	Fonts/build/GlyphItem/FontItem_7B7B.font.s
[GEN]	Fonts/build/GlyphItem/FontItem_7B62.font.s
[GEN]	Fonts/build/GlyphItem/FontItem_7B72.font.s
[GEN]	Fonts/build/GlyphItem/FontItem_7B71.font.s
[GEN]	Fonts/build/GlyphItem/FontItem_7B90.font.s
[GEN]	Fonts/build/GlyphItem/FontItem_7BA6.font.s
[GEN]	Fonts/build/GlyphItem/FontItem_7BA7.font.s
[GEN]	Fonts/build/GlyphItem/FontItem_7BB8.font.s
[GEN]	Fonts/build/GlyphItem/FontItem_7BAC.font.s
[GEN]	Fonts/build/GlyphItem/FontItem_7B9D.font.s
[GEN]	Fonts/build/GlyphItem/FontItem_7BA8.font.s
[GEN]	Fonts/build/GlyphItem/FontItem_7B85.font.s
[GEN]	Fonts/build/GlyphItem/FontItem_7BAA.font.s
[GEN]	Fonts/build/GlyphItem/FontItem_7B9C.font.s
[GEN]	Fonts/build/GlyphItem/FontItem_7BA2.font.s
[GEN]	Fonts/build/GlyphItem/FontItem_7BAB.font.s
[GEN]	Fonts/build/GlyphItem/FontItem_7BB4.font.s
[GEN]	Fonts/build/GlyphItem/FontItem_7BD1.font.s
[GEN]	Fonts/build/GlyphItem/FontItem_7BC1.font.s
[GEN]	Fonts/build/GlyphItem/FontItem_7BCC.font.s
[GEN]	Fonts/build/GlyphItem/FontItem_7BDD.font.s
[GEN]	Fonts/build/GlyphItem/FontItem_7BDA.font.s
[GEN]	Fonts/build/GlyphItem/FontItem_7BE5.font.s
[GEN]	Fonts/build/GlyphItem/FontItem_7BE6.font.s
[GEN]	Fonts/build/GlyphItem/FontItem_7BEA.font.s
[GEN]	Fonts/build/GlyphItem/FontItem_7C0C.font.s
[GEN]	Fonts/build/GlyphItem/FontItem_7BFE.font.s
[GEN]	Fonts/build/GlyphItem/FontItem_7BFC.font.s
[GEN]	Fonts/build/GlyphItem/FontItem_7C0F.font.s
[GEN]	Fonts/build/GlyphItem/FontItem_7C16.font.s
[GEN]	Fonts/build/GlyphItem/FontItem_7C0B.font.s
[GEN]	Fonts/build/GlyphItem/FontItem_7C1F.font.s
[GEN]	Fonts/build/GlyphItem/FontItem_7C2A.font.s
[GEN]	Fonts/build/GlyphItem/FontItem_7C26.font.s
[GEN]	Fonts/build/GlyphItem/FontItem_7C38.font.s
[GEN]	Fonts/build/GlyphItem/FontItem_7C41.font.s
[GEN]	Fonts/build/GlyphItem/FontItem_7C40.font.s
[GEN]	Fonts/build/GlyphItem/FontItem_81FE.font.s
[GEN]	Fonts/build/GlyphItem/FontItem_8201.font.s
[GEN]	Fonts/build/GlyphItem/FontItem_8202.font.s
[GEN]	Fonts/build/GlyphItem/FontItem_8204.font.s
[GEN]	Fonts/build/GlyphItem/FontItem_81EC.font.s
[GEN]	Fonts/build/GlyphItem/FontItem_8844.font.s
[GEN]	Fonts/build/GlyphItem/FontItem_8221.font.s
[GEN]	Fonts/build/GlyphItem/FontItem_8222.font.s
[GEN]	Fonts/build/GlyphItem/FontItem_8223.font.s
[GEN]	Fonts/build/GlyphItem/FontItem_822D.font.s
[GEN]	Fonts/build/GlyphItem/FontItem_822F.font.s
[GEN]	Fonts/build/GlyphItem/FontItem_8228.font.s
[GEN]	Fonts/build/GlyphItem/FontItem_822B.font.s
[GEN]	Fonts/build/GlyphItem/FontItem_8238.font.s
[GEN]	Fonts/build/GlyphItem/FontItem_823B.font.s
[GEN]	Fonts/build/GlyphItem/FontItem_8233.font.s
[GEN]	Fonts/build/GlyphItem/FontItem_8234.font.s
[GEN]	Fonts/build/GlyphItem/FontItem_823E.font.s
[GEN]	Fonts/build/GlyphItem/FontItem_8244.font.s
[GEN]	Fonts/build/GlyphItem/FontItem_8249.font.s
[GEN]	Fonts/build/GlyphItem/FontItem_824B.font.s
[GEN]	Fonts/build/GlyphItem/FontItem_824F.font.s
[GEN]	Fonts/build/GlyphItem/FontItem_825A.font.s
[GEN]	Fonts/build/GlyphItem/FontItem_825F.font.s
[GEN]	Fonts/build/GlyphItem/FontItem_8268.font.s
[GEN]	Fonts/build/GlyphItem/FontItem_887E.font.s
[GEN]	Fonts/build/GlyphItem/FontItem_8885.font.s
[GEN]	Fonts/build/GlyphItem/FontItem_8888.font.s
[GEN]	Fonts/build/GlyphItem/FontItem_88D8.font.s
[GEN]	Fonts/build/GlyphItem/FontItem_88DF.font.s
[GEN]	Fonts/build/GlyphItem/FontItem_895E.font.s
[GEN]	Fonts/build/GlyphItem/FontItem_7F9D.font.s
[GEN]	Fonts/build/GlyphItem/FontItem_7F9F.font.s
[GEN]	Fonts/build/GlyphItem/FontItem_7FA7.font.s
[GEN]	Fonts/build/GlyphItem/FontItem_7FAF.font.s
[GEN]	Fonts/build/GlyphItem/FontItem_7FB0.font.s
[GEN]	Fonts/build/GlyphItem/FontItem_7FB2.font.s
[GEN]	Fonts/build/GlyphItem/FontItem_7C7C.font.s
[GEN]	Fonts/build/GlyphItem/FontItem_6549.font.s
[GEN]	Fonts/build/GlyphItem/FontItem_7C91.font.s
[GEN]	Fonts/build/GlyphItem/FontItem_7C9D.font.s
[GEN]	Fonts/build/GlyphItem/FontItem_7C9C.font.s
[GEN]	Fonts/build/GlyphItem/FontItem_7C9E.font.s
[GEN]	Fonts/build/GlyphItem/FontItem_7CA2.font.s
[GEN]	Fonts/build/GlyphItem/FontItem_7CB2.font.s
[GEN]	Fonts/build/GlyphItem/FontItem_7CBC.font.s
[GEN]	Fonts/build/GlyphItem/FontItem_7CBD.font.s
[GEN]	Fonts/build/GlyphItem/FontItem_7CC1.font.s
[GEN]	Fonts/build/GlyphItem/FontItem_7CC7.font.s
[GEN]	Fonts/build/GlyphItem/FontItem_7CCC.font.s
[GEN]	Fonts/build/GlyphItem/FontItem_7CCD.font.s
[GEN]	Fonts/build/GlyphItem/FontItem_7CC8.font.s
[GEN]	Fonts/build/GlyphItem/FontItem_7CC5.font.s
[GEN]	Fonts/build/GlyphItem/FontItem_7CD7.font.s
[GEN]	Fonts/build/GlyphItem/FontItem_7CE8.font.s
[GEN]	Fonts/build/GlyphItem/FontItem_826E.font.s
[GEN]	Fonts/build/GlyphItem/FontItem_66A8.font.s
[GEN]	Fonts/build/GlyphItem/FontItem_7FBF.font.s
[GEN]	Fonts/build/GlyphItem/FontItem_7FCE.font.s
[GEN]	Fonts/build/GlyphItem/FontItem_7FD5.font.s
[GEN]	Fonts/build/GlyphItem/FontItem_7FE5.font.s
[GEN]	Fonts/build/GlyphItem/FontItem_7FE1.font.s
[GEN]	Fonts/build/GlyphItem/FontItem_7FE6.font.s
[GEN]	Fonts/build/GlyphItem/FontItem_7FE9.font.s
[GEN]	Fonts/build/GlyphItem/FontItem_7FEE.font.s
[GEN]	Fonts/build/GlyphItem/FontItem_7FF3.font.s
[GEN]	Fonts/build/GlyphItem/FontItem_7CF8.font.s
[GEN]	Fonts/build/GlyphItem/FontItem_7D77.font.s
[GEN]	Fonts/build/GlyphItem/FontItem_7DA6.font.s
[GEN]	Fonts/build/GlyphItem/FontItem_7DAE.font.s
[GEN]	Fonts/build/GlyphItem/FontItem_7E47.font.s
[GEN]	Fonts/build/GlyphItem/FontItem_7E9B.font.s
[GEN]	Fonts/build/GlyphItem/FontItem_9EB8.font.s
[GEN]	Fonts/build/GlyphItem/FontItem_9EB4.font.s
[GEN]	Fonts/build/GlyphItem/FontItem_8D73.font.s
[GEN]	Fonts/build/GlyphItem/FontItem_8D84.font.s
[GEN]	Fonts/build/GlyphItem/FontItem_8D94.font.s
[GEN]	Fonts/build/GlyphItem/FontItem_8D91.font.s
[GEN]	Fonts/build/GlyphItem/FontItem_8DB1.font.s
[GEN]	Fonts/build/GlyphItem/FontItem_8D67.font.s
[GEN]	Fonts/build/GlyphItem/FontItem_8D6D.font.s
[GEN]	Fonts/build/GlyphItem/FontItem_8C47.font.s
[GEN]	Fonts/build/GlyphItem/FontItem_8C49.font.s
[GEN]	Fonts/build/GlyphItem/FontItem_914A.font.s
[GEN]	Fonts/build/GlyphItem/FontItem_9150.font.s
[GEN]	Fonts/build/GlyphItem/FontItem_914E.font.s
[GEN]	Fonts/build/GlyphItem/FontItem_914F.font.s
[GEN]	Fonts/build/GlyphItem/FontItem_9164.font.s
[GEN]	Fonts/build/GlyphItem/FontItem_9162.font.s
[GEN]	Fonts/build/GlyphItem/FontItem_9161.font.s
[GEN]	Fonts/build/GlyphItem/FontItem_9170.font.s
[GEN]	Fonts/build/GlyphItem/FontItem_9169.font.s
[GEN]	Fonts/build/GlyphItem/FontItem_916F.font.s
[GEN]	Fonts/build/GlyphItem/FontItem_917D.font.s
[GEN]	Fonts/build/GlyphItem/FontItem_917E.font.s
[GEN]	Fonts/build/GlyphItem/FontItem_9172.font.s
[GEN]	Fonts/build/GlyphItem/FontItem_9174.font.s
[GEN]	Fonts/build/GlyphItem/FontItem_9179.font.s
[GEN]	Fonts/build/GlyphItem/FontItem_918C.font.s
[GEN]	Fonts/build/GlyphItem/FontItem_9185.font.s
[GEN]	Fonts/build/GlyphItem/FontItem_9190.font.s
[GEN]	Fonts/build/GlyphItem/FontItem_918D.font.s
[GEN]	Fonts/build/GlyphItem/FontItem_9191.font.s
[GEN]	Fonts/build/GlyphItem/FontItem_91A2.font.s
[GEN]	Fonts/build/GlyphItem/FontItem_91A3.font.s
[GEN]	Fonts/build/GlyphItem/FontItem_91AA.font.s
[GEN]	Fonts/build/GlyphItem/FontItem_91AD.font.s
[GEN]	Fonts/build/GlyphItem/FontItem_91AE.font.s
[GEN]	Fonts/build/GlyphItem/FontItem_91AF.font.s
[GEN]	Fonts/build/GlyphItem/FontItem_91B5.font.s
[GEN]	Fonts/build/GlyphItem/FontItem_91B4.font.s
[GEN]	Fonts/build/GlyphItem/FontItem_91BA.font.s
[GEN]	Fonts/build/GlyphItem/FontItem_8C55.font.s
[GEN]	Fonts/build/GlyphItem/FontItem_9E7E.font.s
[GEN]	Fonts/build/GlyphItem/FontItem_8DB8.font.s
[GEN]	Fonts/build/GlyphItem/FontItem_8DEB.font.s
[GEN]	Fonts/build/GlyphItem/FontItem_8E05.font.s
[GEN]	Fonts/build/GlyphItem/FontItem_8E59.font.s
[GEN]	Fonts/build/GlyphItem/FontItem_8E69.font.s
[GEN]	Fonts/build/GlyphItem/FontItem_8DB5.font.s
[GEN]	Fonts/build/GlyphItem/FontItem_8DBF.font.s
[GEN]	Fonts/build/GlyphItem/FontItem_8DBC.font.s
[GEN]	Fonts/build/GlyphItem/FontItem_8DBA.font.s
[GEN]	Fonts/build/GlyphItem/FontItem_8DC4.font.s
[GEN]	Fonts/build/GlyphItem/FontItem_8DD6.font.s
[GEN]	Fonts/build/GlyphItem/FontItem_8DD7.font.s
[GEN]	Fonts/build/GlyphItem/FontItem_8DDA.font.s
[GEN]	Fonts/build/GlyphItem/FontItem_8DDE.font.s
[GEN]	Fonts/build/GlyphItem/FontItem_8DCE.font.s
[GEN]	Fonts/build/GlyphItem/FontItem_8DCF.font.s
[GEN]	Fonts/build/GlyphItem/FontItem_8DDB.font.s
[GEN]	Fonts/build/GlyphItem/FontItem_8DC6.font.s
[GEN]	Fonts/build/GlyphItem/FontItem_8DEC.font.s
[GEN]	Fonts/build/GlyphItem/FontItem_8DF7.font.s
[GEN]	Fonts/build/GlyphItem/FontItem_8DF8.font.s
[GEN]	Fonts/build/GlyphItem/FontItem_8DE3.font.s
[GEN]	Fonts/build/GlyphItem/FontItem_8DF9.font.s
[GEN]	Fonts/build/GlyphItem/FontItem_8DFB.font.s
[GEN]	Fonts/build/GlyphItem/FontItem_8DE4.font.s
[GEN]	Fonts/build/GlyphItem/FontItem_8E09.font.s
[GEN]	Fonts/build/GlyphItem/FontItem_8DFD.font.s
[GEN]	Fonts/build/GlyphItem/FontItem_8E14.font.s
[GEN]	Fonts/build/GlyphItem/FontItem_8E1D.font.s
[GEN]	Fonts/build/GlyphItem/FontItem_8E1F.font.s
[GEN]	Fonts/build/GlyphItem/FontItem_8E2C.font.s
[GEN]	Fonts/build/GlyphItem/FontItem_8E2E.font.s
[GEN]	Fonts/build/GlyphItem/FontItem_8E23.font.s
[GEN]	Fonts/build/GlyphItem/FontItem_8E2F.font.s
[GEN]	Fonts/build/GlyphItem/FontItem_8E3A.font.s
[GEN]	Fonts/build/GlyphItem/FontItem_8E40.font.s
[GEN]	Fonts/build/GlyphItem/FontItem_8E39.font.s
[GEN]	Fonts/build/GlyphItem/FontItem_8E3D.font.s
[GEN]	Fonts/build/GlyphItem/FontItem_8E31.font.s
[GEN]	Fonts/build/GlyphItem/FontItem_8E49.font.s
[GEN]	Fonts/build/GlyphItem/FontItem_8E41.font.s
[GEN]	Fonts/build/GlyphItem/FontItem_8E42.font.s
[GEN]	Fonts/build/GlyphItem/FontItem_8E51.font.s
[GEN]	Fonts/build/GlyphItem/FontItem_8E52.font.s
[GEN]	Fonts/build/GlyphItem/FontItem_8E4A.font.s
[GEN]	Fonts/build/GlyphItem/FontItem_8E70.font.s
[GEN]	Fonts/build/GlyphItem/FontItem_8E76.font.s
[GEN]	Fonts/build/GlyphItem/FontItem_8E7C.font.s
[GEN]	Fonts/build/GlyphItem/FontItem_8E6F.font.s
[GEN]	Fonts/build/GlyphItem/FontItem_8E74.font.s
[GEN]	Fonts/build/GlyphItem/FontItem_8E85.font.s
[GEN]	Fonts/build/GlyphItem/FontItem_8E8F.font.s
[GEN]	Fonts/build/GlyphItem/FontItem_8E94.font.s
[GEN]	Fonts/build/GlyphItem/FontItem_8E90.font.s
[GEN]	Fonts/build/GlyphItem/FontItem_8E9C.font.s
[GEN]	Fonts/build/GlyphItem/FontItem_8E9E.font.s
[GEN]	Fonts/build/GlyphItem/FontItem_8C78.font.s
[GEN]	Fonts/build/GlyphItem/FontItem_8C82.font.s
[GEN]	Fonts/build/GlyphItem/FontItem_8C8A.font.s
[GEN]	Fonts/build/GlyphItem/FontItem_8C85.font.s
[GEN]	Fonts/build/GlyphItem/FontItem_8C98.font.s
[GEN]	Fonts/build/GlyphItem/FontItem_8C94.font.s
[GEN]	Fonts/build/GlyphItem/FontItem_659B.font.s
[GEN]	Fonts/build/GlyphItem/FontItem_89D6.font.s
[GEN]	Fonts/build/GlyphItem/FontItem_89DE.font.s
[GEN]	Fonts/build/GlyphItem/FontItem_89DA.font.s
[GEN]	Fonts/build/GlyphItem/FontItem_89DC.font.s
[GEN]	Fonts/build/GlyphItem/FontItem_89E5.font.s
[GEN]	Fonts/build/GlyphItem/FontItem_89EB.font.s
[GEN]	Fonts/build/GlyphItem/FontItem_89EF.font.s
[GEN]	Fonts/build/GlyphItem/FontItem_8A3E.font.s
[GEN]	Fonts/build/GlyphItem/FontItem_8B26.font.s
[GEN]	Fonts/build/GlyphItem/FontItem_9753.font.s
[GEN]	Fonts/build/GlyphItem/FontItem_96E9.font.s
[GEN]	Fonts/build/GlyphItem/FontItem_96F3.font.s
[GEN]	Fonts/build/GlyphItem/FontItem_96EF.font.s
[GEN]	Fonts/build/GlyphItem/FontItem_9706.font.s
[GEN]	Fonts/build/GlyphItem/FontItem_9701.font.s
[GEN]	Fonts/build/GlyphItem/FontItem_9708.font.s
[GEN]	Fonts/build/GlyphItem/FontItem_970F.font.s
[GEN]	Fonts/build/GlyphItem/FontItem_970E.font.s
[GEN]	Fonts/build/GlyphItem/FontItem_972A.font.s
[GEN]	Fonts/build/GlyphItem/FontItem_972D.font.s
[GEN]	Fonts/build/GlyphItem/FontItem_9730.font.s
[GEN]	Fonts/build/GlyphItem/FontItem_973E.font.s
[GEN]	Fonts/build/GlyphItem/FontItem_9F80.font.s
[GEN]	Fonts/build/GlyphItem/FontItem_9F83.font.s
[GEN]	Fonts/build/GlyphItem/FontItem_9F85.font.s
[GEN]	Fonts/build/GlyphItem/FontItem_9F86.font.s
[GEN]	Fonts/build/GlyphItem/FontItem_9F87.font.s
[GEN]	Fonts/build/GlyphItem/FontItem_9F88.font.s
[GEN]	Fonts/build/GlyphItem/FontItem_9F89.font.s
[GEN]	Fonts/build/GlyphItem/FontItem_9F8A.font.s
[GEN]	Fonts/build/GlyphItem/FontItem_9F8C.font.s
[GEN]	Fonts/build/GlyphItem/FontItem_9EFE.font.s
[GEN]	Fonts/build/GlyphItem/FontItem_9F0B.font.s
[GEN]	Fonts/build/GlyphItem/FontItem_9F0D.font.s
[GEN]	Fonts/build/GlyphItem/FontItem_96B9.font.s
[GEN]	Fonts/build/GlyphItem/FontItem_96BD.font.s
[GEN]	Fonts/build/GlyphItem/FontItem_96CE.font.s
[GEN]	Fonts/build/GlyphItem/FontItem_96D2.font.s
[GEN]	Fonts/build/GlyphItem/FontItem_77BF.font.s
[GEN]	Fonts/build/GlyphItem/FontItem_96E0.font.s
[GEN]	Fonts/build/GlyphItem/FontItem_928E.font.s
[GEN]	Fonts/build/GlyphItem/FontItem_92AE.font.s
[GEN]	Fonts/build/GlyphItem/FontItem_92C8.font.s
[GEN]	Fonts/build/GlyphItem/FontItem_933E.font.s
[GEN]	Fonts/build/GlyphItem/FontItem_936A.font.s
[GEN]	Fonts/build/GlyphItem/FontItem_93CA.font.s
[GEN]	Fonts/build/GlyphItem/FontItem_938F.font.s
[GEN]	Fonts/build/GlyphItem/FontItem_943E.font.s
[GEN]	Fonts/build/GlyphItem/FontItem_946B.font.s
[GEN]	Fonts/build/GlyphItem/FontItem_9C7F.font.s
[GEN]	Fonts/build/GlyphItem/FontItem_9C82.font.s
[GEN]	Fonts/build/GlyphItem/FontItem_9C85.font.s
[GEN]	Fonts/build/GlyphItem/FontItem_9C86.font.s
[GEN]	Fonts/build/GlyphItem/FontItem_9C87.font.s
[GEN]	Fonts/build/GlyphItem/FontItem_9C88.font.s
[GEN]	Fonts/build/GlyphItem/FontItem_7A23.font.s
[GEN]	Fonts/build/GlyphItem/FontItem_9C8B.font.s
[GEN]	Fonts/build/GlyphItem/FontItem_9C8E.font.s
[GEN]	Fonts/build/GlyphItem/FontItem_9C90.font.s
[GEN]	Fonts/build/GlyphItem/FontItem_9C91.font.s
[GEN]	Fonts/build/GlyphItem/FontItem_9C92.font.s
[GEN]	Fonts/build/GlyphItem/FontItem_9C94.font.s
[GEN]	Fonts/build/GlyphItem/FontItem_9C95.font.s
[GEN]	Fonts/build/GlyphItem/FontItem_9C9A.font.s
[GEN]	Fonts/build/GlyphItem/FontItem_9C9B.font.s
[GEN]	Fonts/build/GlyphItem/FontItem_9C9E.font.s
[GEN]	Fonts/build/GlyphItem/FontItem_9C9F.font.s
[GEN]	Fonts/build/GlyphItem/FontItem_9CA0.font.s
[GEN]	Fonts/build/GlyphItem/FontItem_9CA1.font.s
[GEN]	Fonts/build/GlyphItem/FontItem_9CA2.font.s
[GEN]	Fonts/build/GlyphItem/FontItem_9CA3.font.s
[GEN]	Fonts/build/GlyphItem/FontItem_9CA5.font.s
[GEN]	Fonts/build/GlyphItem/FontItem_9CA6.font.s
[GEN]	Fonts/build/GlyphItem/FontItem_9CA7.font.s
[GEN]	Fonts/build/GlyphItem/FontItem_9CA8.font.s
[GEN]	Fonts/build/GlyphItem/FontItem_9CA9.font.s
[GEN]	Fonts/build/GlyphItem/FontItem_9CAB.font.s
[GEN]	Fonts/build/GlyphItem/FontItem_9CAD.font.s
[GEN]	Fonts/build/GlyphItem/FontItem_9CAE.font.s
[GEN]	Fonts/build/GlyphItem/FontItem_9CB0.font.s
[GEN]	Fonts/build/GlyphItem/FontItem_9CB1.font.s
[GEN]	Fonts/build/GlyphItem/FontItem_9CB2.font.s
[GEN]	Fonts/build/GlyphItem/FontItem_9CB3.font.s
[GEN]	Fonts/build/GlyphItem/FontItem_9CB4.font.s
[GEN]	Fonts/build/GlyphItem/FontItem_9CB5.font.s
[GEN]	Fonts/build/GlyphItem/FontItem_9CB6.font.s
[GEN]	Fonts/build/GlyphItem/FontItem_9CB7.font.s
[GEN]	Fonts/build/GlyphItem/FontItem_9CBA.font.s
[GEN]	Fonts/build/GlyphItem/FontItem_9CBB.font.s
[GEN]	Fonts/build/GlyphItem/FontItem_9CBC.font.s
[GEN]	Fonts/build/GlyphItem/FontItem_9CBD.font.s
[GEN]	Fonts/build/GlyphItem/FontItem_9CC4.font.s
[GEN]	Fonts/build/GlyphItem/FontItem_9CC5.font.s
[GEN]	Fonts/build/GlyphItem/FontItem_9CC6.font.s
[GEN]	Fonts/build/GlyphItem/FontItem_9CC7.font.s
[GEN]	Fonts/build/GlyphItem/FontItem_9CCA.font.s
[GEN]	Fonts/build/GlyphItem/FontItem_9CCB.font.s
[GEN]	Fonts/build/GlyphItem/FontItem_9CCC.font.s
[GEN]	Fonts/build/GlyphItem/FontItem_9CCD.font.s
[GEN]	Fonts/build/GlyphItem/FontItem_9CCE.font.s
[GEN]	Fonts/build/GlyphItem/FontItem_9CCF.font.s
[GEN]	Fonts/build/GlyphItem/FontItem_9CD0.font.s
[GEN]	Fonts/build/GlyphItem/FontItem_9CD3.font.s
[GEN]	Fonts/build/GlyphItem/FontItem_9CD4.font.s
[GEN]	Fonts/build/GlyphItem/FontItem_9CD5.font.s
[GEN]	Fonts/build/GlyphItem/FontItem_9CD7.font.s
[GEN]	Fonts/build/GlyphItem/FontItem_9CD8.font.s
[GEN]	Fonts/build/GlyphItem/FontItem_9CD9.font.s
[GEN]	Fonts/build/GlyphItem/FontItem_9CDC.font.s
[GEN]	Fonts/build/GlyphItem/FontItem_9CDD.font.s
[GEN]	Fonts/build/GlyphItem/FontItem_9CDF.font.s
[GEN]	Fonts/build/GlyphItem/FontItem_9CE2.font.s
[GEN]	Fonts/build/GlyphItem/FontItem_977C.font.s
[GEN]	Fonts/build/GlyphItem/FontItem_9785.font.s
[GEN]	Fonts/build/GlyphItem/FontItem_9791.font.s
[GEN]	Fonts/build/GlyphItem/FontItem_9792.font.s
[GEN]	Fonts/build/GlyphItem/FontItem_9794.font.s
[GEN]	Fonts/build/GlyphItem/FontItem_97AF.font.s
[GEN]	Fonts/build/GlyphItem/FontItem_97AB.font.s
[GEN]	Fonts/build/GlyphItem/FontItem_97A3.font.s
[GEN]	Fonts/build/GlyphItem/FontItem_97B2.font.s
[GEN]	Fonts/build/GlyphItem/FontItem_97B4.font.s
[GEN]	Fonts/build/GlyphItem/FontItem_9AB1.font.s
[GEN]	Fonts/build/GlyphItem/FontItem_9AB0.font.s
[GEN]	Fonts/build/GlyphItem/FontItem_9E58.font.s
[GEN]	Fonts/build/GlyphItem/FontItem_9AB6.font.s
[GEN]	Fonts/build/GlyphItem/FontItem_9ABA.font.s
[GEN]	Fonts/build/GlyphItem/FontItem_9ABC.font.s
[GEN]	Fonts/build/GlyphItem/FontItem_9AC1.font.s
[GEN]	Fonts/build/GlyphItem/FontItem_9AC0.font.s
[GEN]	Fonts/build/GlyphItem/FontItem_9AC2.font.s
[GEN]	Fonts/build/GlyphItem/FontItem_9ACB.font.s
[GEN]	Fonts/build/GlyphItem/FontItem_9ACC.font.s
[GEN]	Fonts/build/GlyphItem/FontItem_9AD1.font.s
[GEN]	Fonts/build/GlyphItem/FontItem_9B45.font.s
[GEN]	Fonts/build/GlyphItem/FontItem_9B43.font.s
[GEN]	Fonts/build/GlyphItem/FontItem_9B47.font.s
[GEN]	Fonts/build/GlyphItem/FontItem_9B49.font.s
[GEN]	Fonts/build/GlyphItem/FontItem_9B48.font.s
[GEN]	Fonts/build/GlyphItem/FontItem_9B4D.font.s
[GEN]	Fonts/build/GlyphItem/FontItem_9B51.font.s
[GEN]	Fonts/build/GlyphItem/FontItem_98E8.font.s
[GEN]	Fonts/build/GlyphItem/FontItem_990D.font.s
[GEN]	Fonts/build/GlyphItem/FontItem_992E.font.s
[GEN]	Fonts/build/GlyphItem/FontItem_9955.font.s
[GEN]	Fonts/build/GlyphItem/FontItem_9954.font.s
[GEN]	Fonts/build/GlyphItem/FontItem_9ADF.font.s
[GEN]	Fonts/build/GlyphItem/FontItem_9AE1.font.s
[GEN]	Fonts/build/GlyphItem/FontItem_9AE6.font.s
[GEN]	Fonts/build/GlyphItem/FontItem_9AEF.font.s
[GEN]	Fonts/build/GlyphItem/FontItem_9AEB.font.s
[GEN]	Fonts/build/GlyphItem/FontItem_9AFB.font.s
[GEN]	Fonts/build/GlyphItem/FontItem_9AED.font.s
[GEN]	Fonts/build/GlyphItem/FontItem_9AF9.font.s
[GEN]	Fonts/build/GlyphItem/FontItem_9B08.font.s
[GEN]	Fonts/build/GlyphItem/FontItem_9B0F.font.s
[GEN]	Fonts/build/GlyphItem/FontItem_9B13.font.s
[GEN]	Fonts/build/GlyphItem/FontItem_9B1F.font.s
[GEN]	Fonts/build/GlyphItem/FontItem_9B23.font.s
[GEN]	Fonts/build/GlyphItem/FontItem_9EBD.font.s
[GEN]	Fonts/build/GlyphItem/FontItem_9EBE.font.s
[GEN]	Fonts/build/GlyphItem/FontItem_7E3B.font.s
[GEN]	Fonts/build/GlyphItem/FontItem_9E82.font.s
[GEN]	Fonts/build/GlyphItem/FontItem_9E87.font.s
[GEN]	Fonts/build/GlyphItem/FontItem_9E88.font.s
[GEN]	Fonts/build/GlyphItem/FontItem_9E8B.font.s
[GEN]	Fonts/build/GlyphItem/FontItem_9E92.font.s
[GEN]	Fonts/build/GlyphItem/FontItem_93D6.font.s
[GEN]	Fonts/build/GlyphItem/FontItem_9E9D.font.s
[GEN]	Fonts/build/GlyphItem/FontItem_9E9F.font.s
[GEN]	Fonts/build/GlyphItem/FontItem_9EDB.font.s
[GEN]	Fonts/build/GlyphItem/FontItem_9EDC.font.s
[GEN]	Fonts/build/GlyphItem/FontItem_9EDD.font.s
[GEN]	Fonts/build/GlyphItem/FontItem_9EE0.font.s
[GEN]	Fonts/build/GlyphItem/FontItem_9EDF.font.s
[GEN]	Fonts/build/GlyphItem/FontItem_9EE2.font.s
[GEN]	Fonts/build/GlyphItem/FontItem_9EE9.font.s
[GEN]	Fonts/build/GlyphItem/FontItem_9EE7.font.s
[GEN]	Fonts/build/GlyphItem/FontItem_9EE5.font.s
[GEN]	Fonts/build/GlyphItem/FontItem_9EEA.font.s
[GEN]	Fonts/build/GlyphItem/FontItem_9EEF.font.s
[GEN]	Fonts/build/GlyphItem/FontItem_9F22.font.s
[GEN]	Fonts/build/GlyphItem/FontItem_9F2C.font.s
[GEN]	Fonts/build/GlyphItem/FontItem_9F2F.font.s
[GEN]	Fonts/build/GlyphItem/FontItem_9F39.font.s
[GEN]	Fonts/build/GlyphItem/FontItem_9F37.font.s
[GEN]	Fonts/build/GlyphItem/FontItem_9F3D.font.s
[GEN]	Fonts/build/GlyphItem/FontItem_9F3E.font.s
[GEN]	Fonts/build/GlyphItem/FontItem_9F44.font.s
[GEN]	Fonts/build/GlyphItem/FontItem_30A1.font.s
[GEN]	Fonts/build/GlyphItem/FontItem_2170.font.s
[GEN]	Fonts/build/GlyphItem/FontItem_3000.font.s
[GEN]	Fonts/build/GlyphItem/FontItem_6A5F.font.s
[GEN]	Fonts/build/GlyphItem/FontItem_84EE.font.s
[GEN]	Fonts/build/GlyphItem/FontItem_30A2.font.s
[GEN]	Fonts/build/GlyphItem/FontItem_2171.font.s
[GEN]	Fonts/build/GlyphItem/FontItem_9670.font.s
[GEN]	Fonts/build/GlyphItem/FontItem_9023.font.s
[GEN]	Fonts/build/GlyphItem/FontItem_5E30.font.s
[GEN]	Fonts/build/GlyphItem/FontItem_8F38.font.s
[GEN]	Fonts/build/GlyphItem/FontItem_30A3.font.s
[GEN]	Fonts/build/GlyphItem/FontItem_2172.font.s
[GEN]	Fonts/build/GlyphItem/FontItem_9054.font.s
[GEN]	Fonts/build/GlyphItem/FontItem_96A0.font.s
[GEN]	Fonts/build/GlyphItem/FontItem_30A4.font.s
[GEN]	Fonts/build/GlyphItem/FontItem_2173.font.s
[GEN]	Fonts/build/GlyphItem/FontItem_6C17.font.s
[GEN]	Fonts/build/GlyphItem/FontItem_30A5.font.s
[GEN]	Fonts/build/GlyphItem/FontItem_2174.font.s
[GEN]	Fonts/build/GlyphItem/FontItem_596A.font.s
[GEN]	Fonts/build/GlyphItem/FontItem_7E54.font.s
[GEN]	Fonts/build/GlyphItem/FontItem_512A.font.s
[GEN]	Fonts/build/GlyphItem/FontItem_30A6.font.s
[GEN]	Fonts/build/GlyphItem/FontItem_2175.font.s
[GEN]	Fonts/build/GlyphItem/FontItem_30FB.font.s
[GEN]	Fonts/build/GlyphItem/FontItem_6BBA.font.s
[GEN]	Fonts/build/GlyphItem/FontItem_8077.font.s
[GEN]	Fonts/build/GlyphItem/FontItem_30A7.font.s
[GEN]	Fonts/build/GlyphItem/FontItem_2176.font.s
[GEN]	Fonts/build/GlyphItem/FontItem_8A8D.font.s
[GEN]	Fonts/build/GlyphItem/FontItem_30A8.font.s
[GEN]	Fonts/build/GlyphItem/FontItem_2177.font.s
[GEN]	Fonts/build/GlyphItem/FontItem_6575.font.s
[GEN]	Fonts/build/GlyphItem/FontItem_96D1.font.s
[GEN]	Fonts/build/GlyphItem/FontItem_7D75.font.s
[GEN]	Fonts/build/GlyphItem/FontItem_30A9.font.s
[GEN]	Fonts/build/GlyphItem/FontItem_2178.font.s
[GEN]	Fonts/build/GlyphItem/FontItem_30AA.font.s
[GEN]	Fonts/build/GlyphItem/FontItem_2179.font.s
[GEN]	Fonts/build/GlyphItem/FontItem_9078.font.s
[GEN]	Fonts/build/GlyphItem/FontItem_7D42.font.s
[GEN]	Fonts/build/GlyphItem/FontItem_30AB.font.s
[GEN]	Fonts/build/GlyphItem/FontItem_958B.font.s
[GEN]	Fonts/build/GlyphItem/FontItem_52B4.font.s
[GEN]	Fonts/build/GlyphItem/FontItem_309B.font.s
[GEN]	Fonts/build/GlyphItem/FontItem_7D46.font.s
[GEN]	Fonts/build/GlyphItem/FontItem_30AC.font.s
[GEN]	Fonts/build/GlyphItem/FontItem_8A2A.font.s
[GEN]	Fonts/build/GlyphItem/FontItem_898F.font.s
[GEN]	Fonts/build/GlyphItem/FontItem_968E.font.s
[GEN]	Fonts/build/GlyphItem/FontItem_309C.font.s
[GEN]	Fonts/build/GlyphItem/FontItem_7FD2.font.s
[GEN]	Fonts/build/GlyphItem/FontItem_30AD.font.s
[GEN]	Fonts/build/GlyphItem/FontItem_8C4A.font.s
[GEN]	Fonts/build/GlyphItem/FontItem_8A18.font.s
[GEN]	Fonts/build/GlyphItem/FontItem_5E83.font.s
[GEN]	Fonts/build/GlyphItem/FontItem_30AE.font.s
[GEN]	Fonts/build/GlyphItem/FontItem_8CB4.font.s
[GEN]	Fonts/build/GlyphItem/FontItem_71B1.font.s
[GEN]	Fonts/build/GlyphItem/FontItem_9583.font.s
[GEN]	Fonts/build/GlyphItem/FontItem_52F2.font.s
[GEN]	Fonts/build/GlyphItem/FontItem_30AF.font.s
[GEN]	Fonts/build/GlyphItem/FontItem_8AB0.font.s
[GEN]	Fonts/build/GlyphItem/FontItem_6E67.font.s
[GEN]	Fonts/build/GlyphItem/FontItem_30B0.font.s
[GEN]	Fonts/build/GlyphItem/FontItem_FF10.font.s
[GEN]	Fonts/build/GlyphItem/FontItem_30B1.font.s
[GEN]	Fonts/build/GlyphItem/FontItem_FF11.font.s
[GEN]	Fonts/build/GlyphItem/FontItem_59EB.font.s
[GEN]	Fonts/build/GlyphItem/FontItem_8F1D.font.s
[GEN]	Fonts/build/GlyphItem/FontItem_5358.font.s
[GEN]	Fonts/build/GlyphItem/FontItem_8A13.font.s
[GEN]	Fonts/build/GlyphItem/FontItem_8972.font.s
[GEN]	Fonts/build/GlyphItem/FontItem_30B2.font.s
[GEN]	Fonts/build/GlyphItem/FontItem_FF12.font.s
[GEN]	Fonts/build/GlyphItem/FontItem_5606.font.s
[GEN]	Fonts/build/GlyphItem/FontItem_6E26.font.s
[GEN]	Fonts/build/GlyphItem/FontItem_30B3.font.s
[GEN]	Fonts/build/GlyphItem/FontItem_FF13.font.s
[GEN]	Fonts/build/GlyphItem/FontItem_8ECD.font.s
[GEN]	Fonts/build/GlyphItem/FontItem_9A0E.font.s
[GEN]	Fonts/build/GlyphItem/FontItem_30B4.font.s
[GEN]	Fonts/build/GlyphItem/FontItem_FF14.font.s
[GEN]	Fonts/build/GlyphItem/FontItem_7526.font.s
[GEN]	Fonts/build/GlyphItem/FontItem_30B5.font.s
[GEN]	Fonts/build/GlyphItem/FontItem_FF15.font.s
[GEN]	Fonts/build/GlyphItem/FontItem_2160.font.s
[GEN]	Fonts/build/GlyphItem/FontItem_9031.font.s
[GEN]	Fonts/build/GlyphItem/FontItem_30B6.font.s
[GEN]	Fonts/build/GlyphItem/FontItem_FF16.font.s
[GEN]	Fonts/build/GlyphItem/FontItem_8A98.font.s
[GEN]	Fonts/build/GlyphItem/FontItem_2161.font.s
[GEN]	Fonts/build/GlyphItem/FontItem_30B7.font.s
[GEN]	Fonts/build/GlyphItem/FontItem_FF17.font.s
[GEN]	Fonts/build/GlyphItem/FontItem_904A.font.s
[GEN]	Fonts/build/GlyphItem/FontItem_2162.font.s
[GEN]	Fonts/build/GlyphItem/FontItem_5100.font.s
[GEN]	Fonts/build/GlyphItem/FontItem_30B8.font.s
[GEN]	Fonts/build/GlyphItem/FontItem_FF18.font.s
[GEN]	Fonts/build/GlyphItem/FontItem_6A19.font.s
[GEN]	Fonts/build/GlyphItem/FontItem_4FC2.font.s
[GEN]	Fonts/build/GlyphItem/FontItem_2163.font.s
[GEN]	Fonts/build/GlyphItem/FontItem_30B9.font.s
[GEN]	Fonts/build/GlyphItem/FontItem_FF19.font.s
[GEN]	Fonts/build/GlyphItem/FontItem_3005.font.s
[GEN]	Fonts/build/GlyphItem/FontItem_6C37.font.s
[GEN]	Fonts/build/GlyphItem/FontItem_2164.font.s
[GEN]	Fonts/build/GlyphItem/FontItem_30BA.font.s
[GEN]	Fonts/build/GlyphItem/FontItem_7523.font.s
[GEN]	Fonts/build/GlyphItem/FontItem_30BB.font.s
[GEN]	Fonts/build/GlyphItem/FontItem_30BC.font.s
[GEN]	Fonts/build/GlyphItem/FontItem_30FC.font.s
[GEN]	Fonts/build/GlyphItem/FontItem_30BD.font.s
[GEN]	Fonts/build/GlyphItem/FontItem_5642.font.s
[GEN]	Fonts/build/GlyphItem/FontItem_30BE.font.s
[GEN]	Fonts/build/GlyphItem/FontItem_5F93.font.s
[GEN]	Fonts/build/GlyphItem/FontItem_8EE2.font.s
[GEN]	Fonts/build/GlyphItem/FontItem_72A0.font.s
[GEN]	Fonts/build/GlyphItem/FontItem_8A55.font.s
[GEN]	Fonts/build/GlyphItem/FontItem_30BF.font.s
[GEN]	Fonts/build/GlyphItem/FontItem_FF0F.font.s
[GEN]	Fonts/build/GlyphItem/FontItem_904B.font.s
[GEN]	Fonts/build/GlyphItem/FontItem_9332.font.s
[GEN]	Fonts/build/GlyphItem/FontItem_6FD8.font.s
[GEN]	Fonts/build/GlyphItem/FontItem_30C0.font.s
[GEN]	Fonts/build/GlyphItem/FontItem_96F2.font.s
[GEN]	Fonts/build/GlyphItem/FontItem_FF3C.font.s
[GEN]	Fonts/build/GlyphItem/FontItem_30C1.font.s
[GEN]	Fonts/build/GlyphItem/FontItem_FF5E.font.s
[GEN]	Fonts/build/GlyphItem/FontItem_FF21.font.s
[GEN]	Fonts/build/GlyphItem/FontItem_7FA9.font.s
[GEN]	Fonts/build/GlyphItem/FontItem_4F1D.font.s
[GEN]	Fonts/build/GlyphItem/FontItem_30C2.font.s
[GEN]	Fonts/build/GlyphItem/FontItem_FF22.font.s
[GEN]	Fonts/build/GlyphItem/FontItem_8A95.font.s
[GEN]	Fonts/build/GlyphItem/FontItem_9810.font.s
[GEN]	Fonts/build/GlyphItem/FontItem_65AC.font.s
[GEN]	Fonts/build/GlyphItem/FontItem_30C3.font.s
[GEN]	Fonts/build/GlyphItem/FontItem_FF23.font.s
[GEN]	Fonts/build/GlyphItem/FontItem_8A71.font.s
[GEN]	Fonts/build/GlyphItem/FontItem_50AD.font.s
[GEN]	Fonts/build/GlyphItem/FontItem_7363.font.s
[GEN]	Fonts/build/GlyphItem/FontItem_30C4.font.s
[GEN]	Fonts/build/GlyphItem/FontItem_FF24.font.s
[GEN]	Fonts/build/GlyphItem/FontItem_56E3.font.s
[GEN]	Fonts/build/GlyphItem/FontItem_8B70.font.s
[GEN]	Fonts/build/GlyphItem/FontItem_55B6.font.s
[GEN]	Fonts/build/GlyphItem/FontItem_30C5.font.s
[GEN]	Fonts/build/GlyphItem/FontItem_FF25.font.s
[GEN]	Fonts/build/GlyphItem/FontItem_58C7.font.s
[GEN]	Fonts/build/GlyphItem/FontItem_96FB.font.s
[GEN]	Fonts/build/GlyphItem/FontItem_8B00.font.s
[GEN]	Fonts/build/GlyphItem/FontItem_30C6.font.s
[GEN]	Fonts/build/GlyphItem/FontItem_FF26.font.s
[GEN]	Fonts/build/GlyphItem/FontItem_89AA.font.s
[GEN]	Fonts/build/GlyphItem/FontItem_8987.font.s
[GEN]	Fonts/build/GlyphItem/FontItem_5F3E.font.s
[GEN]	Fonts/build/GlyphItem/FontItem_30C7.font.s
[GEN]	Fonts/build/GlyphItem/FontItem_FF27.font.s
[GEN]	Fonts/build/GlyphItem/FontItem_8CBF.font.s
[GEN]	Fonts/build/GlyphItem/FontItem_30C8.font.s
[GEN]	Fonts/build/GlyphItem/FontItem_FF28.font.s
[GEN]	Fonts/build/GlyphItem/FontItem_7D44.font.s
[GEN]	Fonts/build/GlyphItem/FontItem_62E1.font.s
[GEN]	Fonts/build/GlyphItem/FontItem_5B0C.font.s
[GEN]	Fonts/build/GlyphItem/FontItem_30C9.font.s
[GEN]	Fonts/build/GlyphItem/FontItem_FF29.font.s
[GEN]	Fonts/build/GlyphItem/FontItem_6804.font.s
[GEN]	Fonts/build/GlyphItem/FontItem_63FA.font.s
[GEN]	Fonts/build/GlyphItem/FontItem_30CA.font.s
[GEN]	Fonts/build/GlyphItem/FontItem_FF2A.font.s
[GEN]	Fonts/build/GlyphItem/FontItem_9032.font.s
[GEN]	Fonts/build/GlyphItem/FontItem_30CB.font.s
[GEN]	Fonts/build/GlyphItem/FontItem_FF2B.font.s
[GEN]	Fonts/build/GlyphItem/FontItem_30CC.font.s
[GEN]	Fonts/build/GlyphItem/FontItem_FF2C.font.s
[GEN]	Fonts/build/GlyphItem/FontItem_6E13.font.s
[GEN]	Fonts/build/GlyphItem/FontItem_8AC7.font.s
[GEN]	Fonts/build/GlyphItem/FontItem_30CD.font.s
[GEN]	Fonts/build/GlyphItem/FontItem_FF2D.font.s
[GEN]	Fonts/build/GlyphItem/FontItem_69D8.font.s
[GEN]	Fonts/build/GlyphItem/FontItem_5024.font.s
[GEN]	Fonts/build/GlyphItem/FontItem_7C9B.font.s
[GEN]	Fonts/build/GlyphItem/FontItem_7372.font.s
[GEN]	Fonts/build/GlyphItem/FontItem_30CE.font.s
[GEN]	Fonts/build/GlyphItem/FontItem_FF2E.font.s
[GEN]	Fonts/build/GlyphItem/FontItem_78BA.font.s
[GEN]	Fonts/build/GlyphItem/FontItem_30CF.font.s
[GEN]	Fonts/build/GlyphItem/FontItem_FF2F.font.s
[GEN]	Fonts/build/GlyphItem/FontItem_99AC.font.s
[GEN]	Fonts/build/GlyphItem/FontItem_5275.font.s
[GEN]	Fonts/build/GlyphItem/FontItem_8CA7.font.s
[GEN]	Fonts/build/GlyphItem/FontItem_30D0.font.s
[GEN]	Fonts/build/GlyphItem/FontItem_FF30.font.s
[GEN]	Fonts/build/GlyphItem/FontItem_59C9.font.s
[GEN]	Fonts/build/GlyphItem/FontItem_7D4C.font.s
[GEN]	Fonts/build/GlyphItem/FontItem_899A.font.s
[GEN]	Fonts/build/GlyphItem/FontItem_30D1.font.s
[GEN]	Fonts/build/GlyphItem/FontItem_FF31.font.s
[GEN]	Fonts/build/GlyphItem/FontItem_8853.font.s
[GEN]	Fonts/build/GlyphItem/FontItem_7D99.font.s
[GEN]	Fonts/build/GlyphItem/FontItem_5EC3.font.s
[GEN]	Fonts/build/GlyphItem/FontItem_0430.font.s
[GEN]	Fonts/build/GlyphItem/FontItem_30D2.font.s
[GEN]	Fonts/build/GlyphItem/FontItem_FF32.font.s
[GEN]	Fonts/build/GlyphItem/FontItem_885B.font.s
[GEN]	Fonts/build/GlyphItem/FontItem_8CED.font.s
[GEN]	Fonts/build/GlyphItem/FontItem_7A62.font.s
[GEN]	Fonts/build/GlyphItem/FontItem_0431.font.s
[GEN]	Fonts/build/GlyphItem/FontItem_30D3.font.s
[GEN]	Fonts/build/GlyphItem/FontItem_FF33.font.s
[GEN]	Fonts/build/GlyphItem/FontItem_5C4D.font.s
[GEN]	Fonts/build/GlyphItem/FontItem_0432.font.s
[GEN]	Fonts/build/GlyphItem/FontItem_30D4.font.s
[GEN]	Fonts/build/GlyphItem/FontItem_FF34.font.s
[GEN]	Fonts/build/GlyphItem/FontItem_6557.font.s
[GEN]	Fonts/build/GlyphItem/FontItem_92ED.font.s
[GEN]	Fonts/build/GlyphItem/FontItem_0433.font.s
[GEN]	Fonts/build/GlyphItem/FontItem_30D5.font.s
[GEN]	Fonts/build/GlyphItem/FontItem_FF35.font.s
[GEN]	Fonts/build/GlyphItem/FontItem_5E2B.font.s
[GEN]	Fonts/build/GlyphItem/FontItem_8449.font.s
[GEN]	Fonts/build/GlyphItem/FontItem_30D6.font.s
[GEN]	Fonts/build/GlyphItem/FontItem_FF36.font.s
[GEN]	Fonts/build/GlyphItem/FontItem_86CD.font.s
[GEN]	Fonts/build/GlyphItem/FontItem_30D7.font.s
[GEN]	Fonts/build/GlyphItem/FontItem_FF37.font.s
[GEN]	Fonts/build/GlyphItem/FontItem_7A7D.font.s
[GEN]	Fonts/build/GlyphItem/FontItem_8A08.font.s
[GEN]	Fonts/build/GlyphItem/FontItem_30D8.font.s
[GEN]	Fonts/build/GlyphItem/FontItem_FF38.font.s
[GEN]	Fonts/build/GlyphItem/FontItem_9663.font.s
[GEN]	Fonts/build/GlyphItem/FontItem_5C64.font.s
[GEN]	Fonts/build/GlyphItem/FontItem_0436.font.s
[GEN]	Fonts/build/GlyphItem/FontItem_30D9.font.s
[GEN]	Fonts/build/GlyphItem/FontItem_FF39.font.s
[GEN]	Fonts/build/GlyphItem/FontItem_0437.font.s
[GEN]	Fonts/build/GlyphItem/FontItem_30DA.font.s
[GEN]	Fonts/build/GlyphItem/FontItem_FF3A.font.s
[GEN]	Fonts/build/GlyphItem/FontItem_8EFD.font.s
[GEN]	Fonts/build/GlyphItem/FontItem_8F29.font.s
[GEN]	Fonts/build/GlyphItem/FontItem_697D.font.s
[GEN]	Fonts/build/GlyphItem/FontItem_8ACD.font.s
[GEN]	Fonts/build/GlyphItem/FontItem_0438.font.s
[GEN]	Fonts/build/GlyphItem/FontItem_30DB.font.s
[GEN]	Fonts/build/GlyphItem/FontItem_7BC9.font.s
[GEN]	Fonts/build/GlyphItem/FontItem_967D.font.s
[GEN]	Fonts/build/GlyphItem/FontItem_984D.font.s
[GEN]	Fonts/build/GlyphItem/FontItem_9271.font.s
[GEN]	Fonts/build/GlyphItem/FontItem_0439.font.s
[GEN]	Fonts/build/GlyphItem/FontItem_30DC.font.s
[GEN]	Fonts/build/GlyphItem/FontItem_990A.font.s
[GEN]	Fonts/build/GlyphItem/FontItem_5BAE.font.s
[GEN]	Fonts/build/GlyphItem/FontItem_635C.font.s
[GEN]	Fonts/build/GlyphItem/FontItem_30DD.font.s
[GEN]	Fonts/build/GlyphItem/FontItem_FF0D.font.s
[GEN]	Fonts/build/GlyphItem/FontItem_6383.font.s
[GEN]	Fonts/build/GlyphItem/FontItem_92FC.font.s
[GEN]	Fonts/build/GlyphItem/FontItem_639F.font.s
[GEN]	Fonts/build/GlyphItem/FontItem_639B.font.s
[GEN]	Fonts/build/GlyphItem/FontItem_30DE.font.s
[GEN]	Fonts/build/GlyphItem/FontItem_56F3.font.s
[GEN]	Fonts/build/GlyphItem/FontItem_30DF.font.s
[GEN]	Fonts/build/GlyphItem/FontItem_043D.font.s
[GEN]	Fonts/build/GlyphItem/FontItem_30E0.font.s
[GEN]	Fonts/build/GlyphItem/FontItem_6E96.font.s
[GEN]	Fonts/build/GlyphItem/FontItem_51CD.font.s
[GEN]	Fonts/build/GlyphItem/FontItem_9805.font.s
[GEN]	Fonts/build/GlyphItem/FontItem_043E.font.s
[GEN]	Fonts/build/GlyphItem/FontItem_30E1.font.s
[GEN]	Fonts/build/GlyphItem/FontItem_FF41.font.s
[GEN]	Fonts/build/GlyphItem/FontItem_043F.font.s
[GEN]	Fonts/build/GlyphItem/FontItem_30E2.font.s
[GEN]	Fonts/build/GlyphItem/FontItem_FF42.font.s
[GEN]	Fonts/build/GlyphItem/FontItem_6483.font.s
[GEN]	Fonts/build/GlyphItem/FontItem_2260.font.s
[GEN]	Fonts/build/GlyphItem/FontItem_0440.font.s
[GEN]	Fonts/build/GlyphItem/FontItem_30E3.font.s
[GEN]	Fonts/build/GlyphItem/FontItem_FF43.font.s
[GEN]	Fonts/build/GlyphItem/FontItem_FF1C.font.s
[GEN]	Fonts/build/GlyphItem/FontItem_8CB7.font.s
[GEN]	Fonts/build/GlyphItem/FontItem_7D14.font.s
[GEN]	Fonts/build/GlyphItem/FontItem_30E4.font.s
[GEN]	Fonts/build/GlyphItem/FontItem_FF44.font.s
[GEN]	Fonts/build/GlyphItem/FontItem_FF1E.font.s
[GEN]	Fonts/build/GlyphItem/FontItem_69CD.font.s
[GEN]	Fonts/build/GlyphItem/FontItem_58F2.font.s
[GEN]	Fonts/build/GlyphItem/FontItem_525B.font.s
[GEN]	Fonts/build/GlyphItem/FontItem_30E5.font.s
[GEN]	Fonts/build/GlyphItem/FontItem_FF45.font.s
[GEN]	Fonts/build/GlyphItem/FontItem_2266.font.s
[GEN]	Fonts/build/GlyphItem/FontItem_30E6.font.s
[GEN]	Fonts/build/GlyphItem/FontItem_FF46.font.s
[GEN]	Fonts/build/GlyphItem/FontItem_7D19.font.s
[GEN]	Fonts/build/GlyphItem/FontItem_2267.font.s
[GEN]	Fonts/build/GlyphItem/FontItem_5091.font.s
[GEN]	Fonts/build/GlyphItem/FontItem_30E7.font.s
[GEN]	Fonts/build/GlyphItem/FontItem_FF47.font.s
[GEN]	Fonts/build/GlyphItem/FontItem_5CF6.font.s
[GEN]	Fonts/build/GlyphItem/FontItem_9019.font.s
[GEN]	Fonts/build/GlyphItem/FontItem_9806.font.s
[GEN]	Fonts/build/GlyphItem/FontItem_221E.font.s
[GEN]	Fonts/build/GlyphItem/FontItem_30E8.font.s
[GEN]	Fonts/build/GlyphItem/FontItem_FF48.font.s
[GEN]	Fonts/build/GlyphItem/FontItem_6C7A.font.s
[GEN]	Fonts/build/GlyphItem/FontItem_51E6.font.s
[GEN]	Fonts/build/GlyphItem/FontItem_6BCE.font.s
[GEN]	Fonts/build/GlyphItem/FontItem_7C8B.font.s
[GEN]	Fonts/build/GlyphItem/FontItem_2234.font.s
[GEN]	Fonts/build/GlyphItem/FontItem_30E9.font.s
[GEN]	Fonts/build/GlyphItem/FontItem_FF49.font.s
[GEN]	Fonts/build/GlyphItem/FontItem_8CA0.font.s
[GEN]	Fonts/build/GlyphItem/FontItem_7D1A.font.s
[GEN]	Fonts/build/GlyphItem/FontItem_30EA.font.s
[GEN]	Fonts/build/GlyphItem/FontItem_FF4A.font.s
[GEN]	Fonts/build/GlyphItem/FontItem_983C.font.s
[GEN]	Fonts/build/GlyphItem/FontItem_0448.font.s
[GEN]	Fonts/build/GlyphItem/FontItem_30EB.font.s
[GEN]	Fonts/build/GlyphItem/FontItem_FF4B.font.s
[GEN]	Fonts/build/GlyphItem/FontItem_8996.font.s
[GEN]	Fonts/build/GlyphItem/FontItem_7D50.font.s
[GEN]	Fonts/build/GlyphItem/FontItem_7D66.font.s
[GEN]	Fonts/build/GlyphItem/FontItem_7A93.font.s
[GEN]	Fonts/build/GlyphItem/FontItem_0449.font.s
[GEN]	Fonts/build/GlyphItem/FontItem_30EC.font.s
[GEN]	Fonts/build/GlyphItem/FontItem_FF4C.font.s
[GEN]	Fonts/build/GlyphItem/FontItem_6771.font.s
[GEN]	Fonts/build/GlyphItem/FontItem_044A.font.s
[GEN]	Fonts/build/GlyphItem/FontItem_30ED.font.s
[GEN]	Fonts/build/GlyphItem/FontItem_FF4D.font.s
[GEN]	Fonts/build/GlyphItem/FontItem_7D61.font.s
[GEN]	Fonts/build/GlyphItem/FontItem_7DCF.font.s
[GEN]	Fonts/build/GlyphItem/FontItem_8A69.font.s
[GEN]	Fonts/build/GlyphItem/FontItem_044B.font.s
[GEN]	Fonts/build/GlyphItem/FontItem_FF4E.font.s
[GEN]	Fonts/build/GlyphItem/FontItem_8A66.font.s
[GEN]	Fonts/build/GlyphItem/FontItem_30EF.font.s
[GEN]	Fonts/build/GlyphItem/FontItem_FF4F.font.s
[GEN]	Fonts/build/GlyphItem/FontItem_7DD2.font.s
[GEN]	Fonts/build/GlyphItem/FontItem_FF50.font.s
[GEN]	Fonts/build/GlyphItem/FontItem_8276.font.s
[GEN]	Fonts/build/GlyphItem/FontItem_FF51.font.s
[GEN]	Fonts/build/GlyphItem/FontItem_66F8.font.s
[GEN]	Fonts/build/GlyphItem/FontItem_8CC7.font.s
[GEN]	Fonts/build/GlyphItem/FontItem_FF52.font.s
[GEN]	Fonts/build/GlyphItem/FontItem_30F2.font.s
[GEN]	Fonts/build/GlyphItem/FontItem_62E0.font.s
[GEN]	Fonts/build/GlyphItem/FontItem_30F3.font.s
[GEN]	Fonts/build/GlyphItem/FontItem_FF53.font.s
[GEN]	Fonts/build/GlyphItem/FontItem_9060.font.s
[GEN]	Fonts/build/GlyphItem/FontItem_6319.font.s
[GEN]	Fonts/build/GlyphItem/FontItem_99D0.font.s
[GEN]	Fonts/build/GlyphItem/FontItem_FF05.font.s
[GEN]	Fonts/build/GlyphItem/FontItem_30F4.font.s
[GEN]	Fonts/build/GlyphItem/FontItem_FF54.font.s
[GEN]	Fonts/build/GlyphItem/FontItem_FF03.font.s
[GEN]	Fonts/build/GlyphItem/FontItem_8AF8.font.s
[GEN]	Fonts/build/GlyphItem/FontItem_FF55.font.s
[GEN]	Fonts/build/GlyphItem/FontItem_9ED2.font.s
[GEN]	Fonts/build/GlyphItem/FontItem_5263.font.s
[GEN]	Fonts/build/GlyphItem/FontItem_6B6F.font.s
[GEN]	Fonts/build/GlyphItem/FontItem_646F.font.s
[GEN]	Fonts/build/GlyphItem/FontItem_FF56.font.s
[GEN]	Fonts/build/GlyphItem/FontItem_FF0A.font.s
[GEN]	Fonts/build/GlyphItem/FontItem_7344.font.s
[GEN]	Fonts/build/GlyphItem/FontItem_8A31.font.s
[GEN]	Fonts/build/GlyphItem/FontItem_FF57.font.s
[GEN]	Fonts/build/GlyphItem/FontItem_98A8.font.s
[GEN]	Fonts/build/GlyphItem/FontItem_89A7.font.s
[GEN]	Fonts/build/GlyphItem/FontItem_FF58.font.s
[GEN]	Fonts/build/GlyphItem/FontItem_6C5A.font.s
[GEN]	Fonts/build/GlyphItem/FontItem_FF59.font.s
[GEN]	Fonts/build/GlyphItem/FontItem_5150.font.s
[GEN]	Fonts/build/GlyphItem/FontItem_8CAF.font.s
[GEN]	Fonts/build/GlyphItem/FontItem_6F01.font.s
[GEN]	Fonts/build/GlyphItem/FontItem_FF5A.font.s
[GEN]	Fonts/build/GlyphItem/FontItem_2605.font.s
[GEN]	Fonts/build/GlyphItem/FontItem_565B.font.s
[GEN]	Fonts/build/GlyphItem/FontItem_9A12.font.s
[GEN]	Fonts/build/GlyphItem/FontItem_5FA9.font.s
[GEN]	Fonts/build/GlyphItem/FontItem_61F8.font.s
[GEN]	Fonts/build/GlyphItem/FontItem_7D71.font.s
[GEN]	Fonts/build/GlyphItem/FontItem_5897.font.s
[GEN]	Fonts/build/GlyphItem/FontItem_50B7.font.s
[GEN]	Fonts/build/GlyphItem/FontItem_8FBC.font.s
[GEN]	Fonts/build/GlyphItem/FontItem_6642.font.s
[GEN]	Fonts/build/GlyphItem/FontItem_511F.font.s
[GEN]	Fonts/build/GlyphItem/FontItem_5FDC.font.s
[GEN]	Fonts/build/GlyphItem/FontItem_6E80.font.s
[GEN]	Fonts/build/GlyphItem/FontItem_5BF5.font.s
[GEN]	Fonts/build/GlyphItem/FontItem_3041.font.s
[GEN]	Fonts/build/GlyphItem/FontItem_52DD.font.s
[GEN]	Fonts/build/GlyphItem/FontItem_3042.font.s
[GEN]	Fonts/build/GlyphItem/FontItem_9803.font.s
[GEN]	Fonts/build/GlyphItem/FontItem_6A29.font.s
[GEN]	Fonts/build/GlyphItem/FontItem_88CF.font.s
[GEN]	Fonts/build/GlyphItem/FontItem_F8F0.font.s
[GEN]	Fonts/build/GlyphItem/FontItem_3043.font.s
[GEN]	Fonts/build/GlyphItem/FontItem_8907.font.s
[GEN]	Fonts/build/GlyphItem/FontItem_250C.font.s
[GEN]	Fonts/build/GlyphItem/FontItem_3044.font.s
[GEN]	Fonts/build/GlyphItem/FontItem_8A0E.font.s
[GEN]	Fonts/build/GlyphItem/FontItem_5F14.font.s
[GEN]	Fonts/build/GlyphItem/FontItem_2510.font.s
[GEN]	Fonts/build/GlyphItem/FontItem_3045.font.s
[GEN]	Fonts/build/GlyphItem/FontItem_96E2.font.s
[GEN]	Fonts/build/GlyphItem/FontItem_3046.font.s
[GEN]	Fonts/build/GlyphItem/FontItem_611B.font.s
[GEN]	Fonts/build/GlyphItem/FontItem_9678.font.s
[GEN]	Fonts/build/GlyphItem/FontItem_5074.font.s
[GEN]	Fonts/build/GlyphItem/FontItem_7B48.font.s
[GEN]	Fonts/build/GlyphItem/FontItem_3047.font.s
[GEN]	Fonts/build/GlyphItem/FontItem_6255.font.s
[GEN]	Fonts/build/GlyphItem/FontItem_5FB4.font.s
[GEN]	Fonts/build/GlyphItem/FontItem_251C.font.s
[GEN]	Fonts/build/GlyphItem/FontItem_3048.font.s
[GEN]	Fonts/build/GlyphItem/FontItem_5354.font.s
[GEN]	Fonts/build/GlyphItem/FontItem_3049.font.s
[GEN]	Fonts/build/GlyphItem/FontItem_3012.font.s
[GEN]	Fonts/build/GlyphItem/FontItem_304A.font.s
[GEN]	Fonts/build/GlyphItem/FontItem_2192.font.s
[GEN]	Fonts/build/GlyphItem/FontItem_52E2.font.s
[GEN]	Fonts/build/GlyphItem/FontItem_2534.font.s
[GEN]	Fonts/build/GlyphItem/FontItem_304B.font.s
[GEN]	Fonts/build/GlyphItem/FontItem_7F60.font.s
[GEN]	Fonts/build/GlyphItem/FontItem_898B.font.s
[GEN]	Fonts/build/GlyphItem/FontItem_304C.font.s
[GEN]	Fonts/build/GlyphItem/FontItem_982D.font.s
[GEN]	Fonts/build/GlyphItem/FontItem_5DFB.font.s
[GEN]	Fonts/build/GlyphItem/FontItem_304D.font.s
[GEN]	Fonts/build/GlyphItem/FontItem_60AA.font.s
[GEN]	Fonts/build/GlyphItem/FontItem_8CE2.font.s
[GEN]	Fonts/build/GlyphItem/FontItem_559A.font.s
[GEN]	Fonts/build/GlyphItem/FontItem_304E.font.s
[GEN]	Fonts/build/GlyphItem/FontItem_95D8.font.s
[GEN]	Fonts/build/GlyphItem/FontItem_8108.font.s
[GEN]	Fonts/build/GlyphItem/FontItem_304F.font.s
[GEN]	Fonts/build/GlyphItem/FontItem_5F37.font.s
[GEN]	Fonts/build/GlyphItem/FontItem_767A.font.s
[GEN]	Fonts/build/GlyphItem/FontItem_50CD.font.s
[GEN]	Fonts/build/GlyphItem/FontItem_3050.font.s
[GEN]	Fonts/build/GlyphItem/FontItem_52D5.font.s
[GEN]	Fonts/build/GlyphItem/FontItem_3051.font.s
[GEN]	Fonts/build/GlyphItem/FontItem_8CCA.font.s
[GEN]	Fonts/build/GlyphItem/FontItem_8B58.font.s
[GEN]	Fonts/build/GlyphItem/FontItem_61B6.font.s
[GEN]	Fonts/build/GlyphItem/FontItem_967A.font.s
[GEN]	Fonts/build/GlyphItem/FontItem_9AEA.font.s
[GEN]	Fonts/build/GlyphItem/FontItem_3052.font.s
[GEN]	Fonts/build/GlyphItem/FontItem_3053.font.s
[GEN]	Fonts/build/GlyphItem/FontItem_7D9A.font.s
[GEN]	Fonts/build/GlyphItem/FontItem_52D9.font.s
[GEN]	Fonts/build/GlyphItem/FontItem_9A13.font.s
[GEN]	Fonts/build/GlyphItem/FontItem_5C0E.font.s
[GEN]	Fonts/build/GlyphItem/FontItem_7F70.font.s
[GEN]	Fonts/build/GlyphItem/FontItem_596E.font.s
[GEN]	Fonts/build/GlyphItem/FontItem_3054.font.s
[GEN]	Fonts/build/GlyphItem/FontItem_629C.font.s
[GEN]	Fonts/build/GlyphItem/FontItem_8ABF.font.s
[GEN]	Fonts/build/GlyphItem/FontItem_5922.font.s
[GEN]	Fonts/build/GlyphItem/FontItem_3055.font.s
[GEN]	Fonts/build/GlyphItem/FontItem_7ADC.font.s
[GEN]	Fonts/build/GlyphItem/FontItem_7121.font.s
[GEN]	Fonts/build/GlyphItem/FontItem_5727.font.s
[GEN]	Fonts/build/GlyphItem/FontItem_3056.font.s
[GEN]	Fonts/build/GlyphItem/FontItem_6A4B.font.s
[GEN]	Fonts/build/GlyphItem/FontItem_3057.font.s
[GEN]	Fonts/build/GlyphItem/FontItem_6271.font.s
[GEN]	Fonts/build/GlyphItem/FontItem_4FB6.font.s
[GEN]	Fonts/build/GlyphItem/FontItem_6CC1.font.s
[GEN]	Fonts/build/GlyphItem/FontItem_53B3.font.s
[GEN]	Fonts/build/GlyphItem/FontItem_3058.font.s
[GEN]	Fonts/build/GlyphItem/FontItem_9727.font.s
[GEN]	Fonts/build/GlyphItem/FontItem_3059.font.s
[GEN]	Fonts/build/GlyphItem/FontItem_9577.font.s
[GEN]	Fonts/build/GlyphItem/FontItem_5B6B.font.s
[GEN]	Fonts/build/GlyphItem/FontItem_805E.font.s
[GEN]	Fonts/build/GlyphItem/FontItem_63DB.font.s
[GEN]	Fonts/build/GlyphItem/FontItem_305A.font.s
[GEN]	Fonts/build/GlyphItem/FontItem_6E1B.font.s
[GEN]	Fonts/build/GlyphItem/FontItem_6607.font.s
[GEN]	Fonts/build/GlyphItem/FontItem_865C.font.s
[GEN]	Fonts/build/GlyphItem/FontItem_9802.font.s
[GEN]	Fonts/build/GlyphItem/FontItem_2208.font.s
[GEN]	Fonts/build/GlyphItem/FontItem_7A4F.font.s
[GEN]	Fonts/build/GlyphItem/FontItem_305B.font.s
[GEN]	Fonts/build/GlyphItem/FontItem_8056.font.s
[GEN]	Fonts/build/GlyphItem/FontItem_640D.font.s
[GEN]	Fonts/build/GlyphItem/FontItem_220B.font.s
[GEN]	Fonts/build/GlyphItem/FontItem_305C.font.s
[GEN]	Fonts/build/GlyphItem/FontItem_2286.font.s
[GEN]	Fonts/build/GlyphItem/FontItem_305D.font.s
[GEN]	Fonts/build/GlyphItem/FontItem_73FE.font.s
[GEN]	Fonts/build/GlyphItem/FontItem_8208.font.s
[GEN]	Fonts/build/GlyphItem/FontItem_5CE0.font.s
[GEN]	Fonts/build/GlyphItem/FontItem_5840.font.s
[GEN]	Fonts/build/GlyphItem/FontItem_2287.font.s
[GEN]	Fonts/build/GlyphItem/FontItem_305E.font.s
[GEN]	Fonts/build/GlyphItem/FontItem_4E21.font.s
[GEN]	Fonts/build/GlyphItem/FontItem_4EEE.font.s
[GEN]	Fonts/build/GlyphItem/FontItem_2282.font.s
[GEN]	Fonts/build/GlyphItem/FontItem_305F.font.s
[GEN]	Fonts/build/GlyphItem/FontItem_8AA0.font.s
[GEN]	Fonts/build/GlyphItem/FontItem_90F7.font.s
[GEN]	Fonts/build/GlyphItem/FontItem_2283.font.s
[GEN]	Fonts/build/GlyphItem/FontItem_6B53.font.s
[GEN]	Fonts/build/GlyphItem/FontItem_3060.font.s
[GEN]	Fonts/build/GlyphItem/FontItem_222A.font.s
[GEN]	Fonts/build/GlyphItem/FontItem_3061.font.s
[GEN]	Fonts/build/GlyphItem/FontItem_8CEA.font.s
[GEN]	Fonts/build/GlyphItem/FontItem_8ACB.font.s
[GEN]	Fonts/build/GlyphItem/FontItem_4FA1.font.s
[GEN]	Fonts/build/GlyphItem/FontItem_97FF.font.s
[GEN]	Fonts/build/GlyphItem/FontItem_6F22.font.s
[GEN]	Fonts/build/GlyphItem/FontItem_3062.font.s
[GEN]	Fonts/build/GlyphItem/FontItem_5B9F.font.s
[GEN]	Fonts/build/GlyphItem/FontItem_4E26.font.s
[GEN]	Fonts/build/GlyphItem/FontItem_3063.font.s
[GEN]	Fonts/build/GlyphItem/FontItem_9298.font.s
[GEN]	Fonts/build/GlyphItem/FontItem_9A5A.font.s
[GEN]	Fonts/build/GlyphItem/FontItem_3064.font.s
[GEN]	Fonts/build/GlyphItem/FontItem_500B.font.s
[GEN]	Fonts/build/GlyphItem/FontItem_731F.font.s
[GEN]	Fonts/build/GlyphItem/FontItem_9589.font.s
[GEN]	Fonts/build/GlyphItem/FontItem_6E09.font.s
[GEN]	Fonts/build/GlyphItem/FontItem_3065.font.s
[GEN]	Fonts/build/GlyphItem/FontItem_03B5.font.s
[GEN]	Fonts/build/GlyphItem/FontItem_3066.font.s
[GEN]	Fonts/build/GlyphItem/FontItem_713C.font.s
[GEN]	Fonts/build/GlyphItem/FontItem_76E3.font.s
[GEN]	Fonts/build/GlyphItem/FontItem_3067.font.s
[GEN]	Fonts/build/GlyphItem/FontItem_6EC5.font.s
[GEN]	Fonts/build/GlyphItem/FontItem_95C7.font.s
[GEN]	Fonts/build/GlyphItem/FontItem_3068.font.s
[GEN]	Fonts/build/GlyphItem/FontItem_696D.font.s
[GEN]	Fonts/build/GlyphItem/FontItem_3069.font.s
[GEN]	Fonts/build/GlyphItem/FontItem_8AAD.font.s
[GEN]	Fonts/build/GlyphItem/FontItem_306A.font.s
[GEN]	Fonts/build/GlyphItem/FontItem_7C21.font.s
[GEN]	Fonts/build/GlyphItem/FontItem_2227.font.s
[GEN]	Fonts/build/GlyphItem/FontItem_306B.font.s
[GEN]	Fonts/build/GlyphItem/FontItem_6975.font.s
[GEN]	Fonts/build/GlyphItem/FontItem_5EAB.font.s
[GEN]	Fonts/build/GlyphItem/FontItem_306C.font.s
[GEN]	Fonts/build/GlyphItem/FontItem_5225.font.s
[GEN]	Fonts/build/GlyphItem/FontItem_306D.font.s
[GEN]	Fonts/build/GlyphItem/FontItem_306E.font.s
[GEN]	Fonts/build/GlyphItem/FontItem_9818.font.s
[GEN]	Fonts/build/GlyphItem/FontItem_5049.font.s
[GEN]	Fonts/build/GlyphItem/FontItem_6368.font.s
[GEN]	Fonts/build/GlyphItem/FontItem_8CA9.font.s
[GEN]	Fonts/build/GlyphItem/FontItem_306F.font.s
[GEN]	Fonts/build/GlyphItem/FontItem_56F2.font.s
[GEN]	Fonts/build/GlyphItem/FontItem_7BC4.font.s
[GEN]	Fonts/build/GlyphItem/FontItem_3070.font.s
[GEN]	Fonts/build/GlyphItem/FontItem_5BFE.font.s
[GEN]	Fonts/build/GlyphItem/FontItem_7DD1.font.s
[GEN]	Fonts/build/GlyphItem/FontItem_3071.font.s
[GEN]	Fonts/build/GlyphItem/FontItem_89B3.font.s
[GEN]	Fonts/build/GlyphItem/FontItem_5909.font.s
[GEN]	Fonts/build/GlyphItem/FontItem_7A4D.font.s
[GEN]	Fonts/build/GlyphItem/FontItem_6E08.font.s
[GEN]	Fonts/build/GlyphItem/FontItem_3072.font.s
[GEN]	Fonts/build/GlyphItem/FontItem_707D.font.s
[GEN]	Fonts/build/GlyphItem/FontItem_8ACC.font.s
[GEN]	Fonts/build/GlyphItem/FontItem_3073.font.s
[GEN]	Fonts/build/GlyphItem/FontItem_5E2F.font.s
[GEN]	Fonts/build/GlyphItem/FontItem_7E3E.font.s
[GEN]	Fonts/build/GlyphItem/FontItem_8CAB.font.s
[GEN]	Fonts/build/GlyphItem/FontItem_3074.font.s
[GEN]	Fonts/build/GlyphItem/FontItem_9084.font.s
[GEN]	Fonts/build/GlyphItem/FontItem_7DE8.font.s
[GEN]	Fonts/build/GlyphItem/FontItem_3075.font.s
[GEN]	Fonts/build/GlyphItem/FontItem_8FBA.font.s
[GEN]	Fonts/build/GlyphItem/FontItem_8CAC.font.s
[GEN]	Fonts/build/GlyphItem/FontItem_7815.font.s
[GEN]	Fonts/build/GlyphItem/FontItem_8B1D.font.s
[GEN]	Fonts/build/GlyphItem/FontItem_3076.font.s
[GEN]	Fonts/build/GlyphItem/FontItem_9593.font.s
[GEN]	Fonts/build/GlyphItem/FontItem_8ECA.font.s
[GEN]	Fonts/build/GlyphItem/FontItem_614B.font.s
[GEN]	Fonts/build/GlyphItem/FontItem_3077.font.s
[GEN]	Fonts/build/GlyphItem/FontItem_8DE1.font.s
[GEN]	Fonts/build/GlyphItem/FontItem_81E8.font.s
[GEN]	Fonts/build/GlyphItem/FontItem_3078.font.s
[GEN]	Fonts/build/GlyphItem/FontItem_8A87.font.s
[GEN]	Fonts/build/GlyphItem/FontItem_95A2.font.s
[GEN]	Fonts/build/GlyphItem/FontItem_8F2A.font.s
[GEN]	Fonts/build/GlyphItem/FontItem_3079.font.s
[GEN]	Fonts/build/GlyphItem/FontItem_96A3.font.s
[GEN]	Fonts/build/GlyphItem/FontItem_7D30.font.s
[GEN]	Fonts/build/GlyphItem/FontItem_9665.font.s
[GEN]	Fonts/build/GlyphItem/FontItem_70BA.font.s
[GEN]	Fonts/build/GlyphItem/FontItem_6F70.font.s
[GEN]	Fonts/build/GlyphItem/FontItem_5132.font.s
[GEN]	Fonts/build/GlyphItem/FontItem_307A.font.s
[GEN]	Fonts/build/GlyphItem/FontItem_8A3C.font.s
[GEN]	Fonts/build/GlyphItem/FontItem_307B.font.s
[GEN]	Fonts/build/GlyphItem/FontItem_9ED9.font.s
[GEN]	Fonts/build/GlyphItem/FontItem_7570.font.s
[GEN]	Fonts/build/GlyphItem/FontItem_83D3.font.s
[GEN]	Fonts/build/GlyphItem/FontItem_307C.font.s
[GEN]	Fonts/build/GlyphItem/FontItem_9867.font.s
[GEN]	Fonts/build/GlyphItem/FontItem_8A73.font.s
[GEN]	Fonts/build/GlyphItem/FontItem_2220.font.s
[GEN]	Fonts/build/GlyphItem/FontItem_307D.font.s
[GEN]	Fonts/build/GlyphItem/FontItem_969B.font.s
[GEN]	Fonts/build/GlyphItem/FontItem_307E.font.s
[GEN]	Fonts/build/GlyphItem/FontItem_8CDE.font.s
[GEN]	Fonts/build/GlyphItem/FontItem_6D99.font.s
[GEN]	Fonts/build/GlyphItem/FontItem_307F.font.s
[GEN]	Fonts/build/GlyphItem/FontItem_8A2D.font.s
[GEN]	Fonts/build/GlyphItem/FontItem_920D.font.s
[GEN]	Fonts/build/GlyphItem/FontItem_8CB8.font.s
[GEN]	Fonts/build/GlyphItem/FontItem_3080.font.s
[GEN]	Fonts/build/GlyphItem/FontItem_985E.font.s
[GEN]	Fonts/build/GlyphItem/FontItem_2207.font.s
[GEN]	Fonts/build/GlyphItem/FontItem_3081.font.s
[GEN]	Fonts/build/GlyphItem/FontItem_7BC0.font.s
[GEN]	Fonts/build/GlyphItem/FontItem_623B.font.s
[GEN]	Fonts/build/GlyphItem/FontItem_904E.font.s
[GEN]	Fonts/build/GlyphItem/FontItem_2261.font.s
[GEN]	Fonts/build/GlyphItem/FontItem_3082.font.s
[GEN]	Fonts/build/GlyphItem/FontItem_8CA1.font.s
[GEN]	Fonts/build/GlyphItem/FontItem_968A.font.s
[GEN]	Fonts/build/GlyphItem/FontItem_6B69.font.s
[GEN]	Fonts/build/GlyphItem/FontItem_8AAC.font.s
[GEN]	Fonts/build/GlyphItem/FontItem_3083.font.s
[GEN]	Fonts/build/GlyphItem/FontItem_9055.font.s
[GEN]	Fonts/build/GlyphItem/FontItem_3084.font.s
[GEN]	Fonts/build/GlyphItem/FontItem_7D76.font.s
[GEN]	Fonts/build/GlyphItem/FontItem_9280.font.s
[GEN]	Fonts/build/GlyphItem/FontItem_907A.font.s
[GEN]	Fonts/build/GlyphItem/FontItem_554F.font.s
[GEN]	Fonts/build/GlyphItem/FontItem_88DC.font.s
[GEN]	Fonts/build/GlyphItem/FontItem_3085.font.s
[GEN]	Fonts/build/GlyphItem/FontItem_5075.font.s
[GEN]	Fonts/build/GlyphItem/FontItem_3086.font.s
[GEN]	Fonts/build/GlyphItem/FontItem_7D0B.font.s
[GEN]	Fonts/build/GlyphItem/FontItem_8B0E.font.s
[GEN]	Fonts/build/GlyphItem/FontItem_3087.font.s
[GEN]	Fonts/build/GlyphItem/FontItem_9580.font.s
[GEN]	Fonts/build/GlyphItem/FontItem_3088.font.s
[GEN]	Fonts/build/GlyphItem/FontItem_4E57.font.s
[GEN]	Fonts/build/GlyphItem/FontItem_3089.font.s
[GEN]	Fonts/build/GlyphItem/FontItem_9854.font.s
[GEN]	Fonts/build/GlyphItem/FontItem_222B.font.s
[GEN]	Fonts/build/GlyphItem/FontItem_308A.font.s
[GEN]	Fonts/build/GlyphItem/FontItem_9858.font.s
[GEN]	Fonts/build/GlyphItem/FontItem_984C.font.s
[GEN]	Fonts/build/GlyphItem/FontItem_222C.font.s
[GEN]	Fonts/build/GlyphItem/FontItem_308B.font.s
[GEN]	Fonts/build/GlyphItem/FontItem_308C.font.s
[GEN]	Fonts/build/GlyphItem/FontItem_5834.font.s
[GEN]	Fonts/build/GlyphItem/FontItem_96B7.font.s
[GEN]	Fonts/build/GlyphItem/FontItem_8A9E.font.s
[GEN]	Fonts/build/GlyphItem/FontItem_7DCB.font.s
[GEN]	Fonts/build/GlyphItem/FontItem_5C02.font.s
[GEN]	Fonts/build/GlyphItem/FontItem_9264.font.s
[GEN]	Fonts/build/GlyphItem/FontItem_308D.font.s
[GEN]	Fonts/build/GlyphItem/FontItem_99C6.font.s
[GEN]	Fonts/build/GlyphItem/FontItem_8B77.font.s
[GEN]	Fonts/build/GlyphItem/FontItem_970A.font.s
[GEN]	Fonts/build/GlyphItem/FontItem_5B22.font.s
[GEN]	Fonts/build/GlyphItem/FontItem_308F.font.s
[GEN]	Fonts/build/GlyphItem/FontItem_6226.font.s
[GEN]	Fonts/build/GlyphItem/FontItem_7A2E.font.s
[GEN]	Fonts/build/GlyphItem/FontItem_5023.font.s
[GEN]	Fonts/build/GlyphItem/FontItem_9E97.font.s
[GEN]	Fonts/build/GlyphItem/FontItem_7A32.font.s
[GEN]	Fonts/build/GlyphItem/FontItem_96E3.font.s
[GEN]	Fonts/build/GlyphItem/FontItem_66A6.font.s
[GEN]	Fonts/build/GlyphItem/FontItem_3092.font.s
[GEN]	Fonts/build/GlyphItem/FontItem_6B74.font.s
[GEN]	Fonts/build/GlyphItem/FontItem_629E.font.s
[GEN]	Fonts/build/GlyphItem/FontItem_3093.font.s
[GEN]	Fonts/build/GlyphItem/FontItem_5831.font.s
[GEN]	Fonts/build/GlyphItem/FontItem_7D04.font.s
[GEN]	Fonts/build/GlyphItem/FontItem_98DB.font.s
[GEN]	Fonts/build/GlyphItem/FontItem_6D44.font.s
[GEN]	Fonts/build/GlyphItem/FontItem_85AC.font.s
[GEN]	Fonts/build/GlyphItem/FontItem_58CA.font.s
[GEN]	Fonts/build/GlyphItem/FontItem_8A33.font.s
[GEN]	Fonts/build/GlyphItem/FontItem_546A.font.s
[GEN]	Fonts/build/GlyphItem/FontItem_8E8D.font.s
[GEN]	Fonts/build/GlyphItem/FontItem_5E7E.font.s
[GEN]	Fonts/build/GlyphItem/FontItem_5099.font.s
[GEN]	Fonts/build/GlyphItem/FontItem_54E1.font.s
[GEN]	Fonts/build/GlyphItem/FontItem_8A17.font.s
[GEN]	Fonts/build/GlyphItem/FontItem_5302.font.s
[GEN]	Fonts/build/GlyphItem/FontItem_63EE.font.s
[GEN]	Fonts/build/GlyphItem/FontItem_6A39.font.s
[GEN]	Fonts/build/GlyphItem/FontItem_6190.font.s
[GEN]	Fonts/build/GlyphItem/FontItem_52B9.font.s
[GEN]	Fonts/build/GlyphItem/FontItem_8AE6.font.s
[GEN]	Fonts/build/GlyphItem/FontItem_7DF4.font.s
[GEN]	Fonts/build/GlyphItem/FontItem_53CE.font.s
[GEN]	Fonts/build/GlyphItem/FontItem_7652.font.s
[GEN]	Fonts/build/GlyphItem/FontItem_7DDA.font.s
[GEN]	Fonts/build/GlyphItem/FontItem_98FE.font.s
[GEN]	Fonts/build/GlyphItem/FontItem_0020.font.s
[GEN]	Fonts/build/GlyphItem/FontItem_0021.font.s
[GEN]	Fonts/build/GlyphItem/FontItem_0022.font.s
[GEN]	Fonts/build/GlyphItem/FontItem_0023.font.s
[GEN]	Fonts/build/GlyphItem/FontItem_0024.font.s
[GEN]	Fonts/build/GlyphItem/FontItem_0025.font.s
[GEN]	Fonts/build/GlyphItem/FontItem_0026.font.s
[GEN]	Fonts/build/GlyphItem/FontItem_0027.font.s
[GEN]	Fonts/build/GlyphItem/FontItem_0028.font.s
[GEN]	Fonts/build/GlyphItem/FontItem_0029.font.s
[GEN]	Fonts/build/GlyphItem/FontItem_002A.font.s
[GEN]	Fonts/build/GlyphItem/FontItem_002C.font.s
[GEN]	Fonts/build/GlyphItem/FontItem_002D.font.s
[GEN]	Fonts/build/GlyphItem/FontItem_002E.font.s
[GEN]	Fonts/build/GlyphItem/FontItem_002F.font.s
[GEN]	Fonts/build/GlyphItem/FontItem_0030.font.s
[GEN]	Fonts/build/GlyphItem/FontItem_0031.font.s
[GEN]	Fonts/build/GlyphItem/FontItem_0032.font.s
[GEN]	Fonts/build/GlyphItem/FontItem_0033.font.s
[GEN]	Fonts/build/GlyphItem/FontItem_0034.font.s
[GEN]	Fonts/build/GlyphItem/FontItem_0035.font.s
[GEN]	Fonts/build/GlyphItem/FontItem_0036.font.s
[GEN]	Fonts/build/GlyphItem/FontItem_0037.font.s
[GEN]	Fonts/build/GlyphItem/FontItem_0038.font.s
[GEN]	Fonts/build/GlyphItem/FontItem_0039.font.s
[GEN]	Fonts/build/GlyphItem/FontItem_003A.font.s
[GEN]	Fonts/build/GlyphItem/FontItem_003B.font.s
[GEN]	Fonts/build/GlyphItem/FontItem_003C.font.s
[GEN]	Fonts/build/GlyphItem/FontItem_003D.font.s
[GEN]	Fonts/build/GlyphItem/FontItem_003E.font.s
[GEN]	Fonts/build/GlyphItem/FontItem_003F.font.s
[GEN]	Fonts/build/GlyphItem/FontItem_0040.font.s
[GEN]	Fonts/build/GlyphItem/FontItem_0041.font.s
[GEN]	Fonts/build/GlyphItem/FontItem_0042.font.s
[GEN]	Fonts/build/GlyphItem/FontItem_0043.font.s
[GEN]	Fonts/build/GlyphItem/FontItem_0044.font.s
[GEN]	Fonts/build/GlyphItem/FontItem_0045.font.s
[GEN]	Fonts/build/GlyphItem/FontItem_0046.font.s
[GEN]	Fonts/build/GlyphItem/FontItem_0047.font.s
[GEN]	Fonts/build/GlyphItem/FontItem_0048.font.s
[GEN]	Fonts/build/GlyphItem/FontItem_0049.font.s
[GEN]	Fonts/build/GlyphItem/FontItem_004A.font.s
[GEN]	Fonts/build/GlyphItem/FontItem_004B.font.s
[GEN]	Fonts/build/GlyphItem/FontItem_004C.font.s
[GEN]	Fonts/build/GlyphItem/FontItem_004D.font.s
[GEN]	Fonts/build/GlyphItem/FontItem_004E.font.s
[GEN]	Fonts/build/GlyphItem/FontItem_004F.font.s
[GEN]	Fonts/build/GlyphItem/FontItem_0050.font.s
[GEN]	Fonts/build/GlyphItem/FontItem_0051.font.s
[GEN]	Fonts/build/GlyphItem/FontItem_0052.font.s
[GEN]	Fonts/build/GlyphItem/FontItem_0053.font.s
[GEN]	Fonts/build/GlyphItem/FontItem_0054.font.s
[GEN]	Fonts/build/GlyphItem/FontItem_0055.font.s
[GEN]	Fonts/build/GlyphItem/FontItem_0056.font.s
[GEN]	Fonts/build/GlyphItem/FontItem_0057.font.s
[GEN]	Fonts/build/GlyphItem/FontItem_0058.font.s
[GEN]	Fonts/build/GlyphItem/FontItem_0059.font.s
[GEN]	Fonts/build/GlyphItem/FontItem_005A.font.s
[GEN]	Fonts/build/GlyphItem/FontItem_005B.font.s
[GEN]	Fonts/build/GlyphItem/FontItem_005C.font.s
[GEN]	Fonts/build/GlyphItem/FontItem_005D.font.s
[GEN]	Fonts/build/GlyphItem/FontItem_005E.font.s
[GEN]	Fonts/build/GlyphItem/FontItem_005F.font.s
[GEN]	Fonts/build/GlyphItem/FontItem_0060.font.s
[GEN]	Fonts/build/GlyphItem/FontItem_0061.font.s
[GEN]	Fonts/build/GlyphItem/FontItem_0062.font.s
[GEN]	Fonts/build/GlyphItem/FontItem_0063.font.s
[GEN]	Fonts/build/GlyphItem/FontItem_0064.font.s
[GEN]	Fonts/build/GlyphItem/FontItem_0065.font.s
[GEN]	Fonts/build/GlyphItem/FontItem_0066.font.s
[GEN]	Fonts/build/GlyphItem/FontItem_0067.font.s
[GEN]	Fonts/build/GlyphItem/FontItem_0068.font.s
[GEN]	Fonts/build/GlyphItem/FontItem_0069.font.s
[GEN]	Fonts/build/GlyphItem/FontItem_006A.font.s
[GEN]	Fonts/build/GlyphItem/FontItem_006B.font.s
[GEN]	Fonts/build/GlyphItem/FontItem_006C.font.s
[GEN]	Fonts/build/GlyphItem/FontItem_006D.font.s
[GEN]	Fonts/build/GlyphItem/FontItem_006E.font.s
[GEN]	Fonts/build/GlyphItem/FontItem_006F.font.s
[GEN]	Fonts/build/GlyphItem/FontItem_0070.font.s
[GEN]	Fonts/build/GlyphItem/FontItem_0071.font.s
[GEN]	Fonts/build/GlyphItem/FontItem_0072.font.s
[GEN]	Fonts/build/GlyphItem/FontItem_0073.font.s
[GEN]	Fonts/build/GlyphItem/FontItem_0074.font.s
[GEN]	Fonts/build/GlyphItem/FontItem_0075.font.s
[GEN]	Fonts/build/GlyphItem/FontItem_0076.font.s
[GEN]	Fonts/build/GlyphItem/FontItem_0077.font.s
[GEN]	Fonts/build/GlyphItem/FontItem_0078.font.s
[GEN]	Fonts/build/GlyphItem/FontItem_0079.font.s
[GEN]	Fonts/build/GlyphItem/FontItem_007A.font.s
[GEN]	Fonts/build/GlyphItem/FontItem_007B.font.s
[GEN]	Fonts/build/GlyphItem/FontItem_007C.font.s
[GEN]	Fonts/build/GlyphItem/FontItem_007D.font.s
[GEN]	Fonts/build/GlyphItem/FontItem_007E.font.s
[GEN]	Fonts/build/GlyphItem/FontItem_007F.font.s
[GEN]	Fonts/build/GlyphItem/FontItem_008C.font.s
[GEN]	Fonts/build/GlyphItem/FontItem_0091.font.s
[GEN]	Fonts/build/GlyphItem/FontItem_0092.font.s
[GEN]	Fonts/build/GlyphItem/FontItem_0093.font.s
[GEN]	Fonts/build/GlyphItem/FontItem_0094.font.s
[GEN]	Fonts/build/GlyphItem/FontItem_009C.font.s
[GEN]	Fonts/build/GlyphItem/FontItem_00A1.font.s
[GEN]	Fonts/build/GlyphItem/FontItem_00AA.font.s
[GEN]	Fonts/build/GlyphItem/FontItem_00AB.font.s
[GEN]	Fonts/build/GlyphItem/FontItem_00BA.font.s
[GEN]	Fonts/build/GlyphItem/FontItem_00BB.font.s
[GEN]	Fonts/build/GlyphItem/FontItem_00BF.font.s
[GEN]	Fonts/build/GlyphItem/FontItem_00C0.font.s
[GEN]	Fonts/build/GlyphItem/FontItem_00C1.font.s
[GEN]	Fonts/build/GlyphItem/FontItem_00C2.font.s
[GEN]	Fonts/build/GlyphItem/FontItem_00C4.font.s
[GEN]	Fonts/build/GlyphItem/FontItem_00C7.font.s
[GEN]	Fonts/build/GlyphItem/FontItem_00C8.font.s
[GEN]	Fonts/build/GlyphItem/FontItem_00C9.font.s
[GEN]	Fonts/build/GlyphItem/FontItem_00CA.font.s
[GEN]	Fonts/build/GlyphItem/FontItem_00CB.font.s
[GEN]	Fonts/build/GlyphItem/FontItem_00CC.font.s
[GEN]	Fonts/build/GlyphItem/FontItem_00CD.font.s
[GEN]	Fonts/build/GlyphItem/FontItem_00CE.font.s
[GEN]	Fonts/build/GlyphItem/FontItem_00CF.font.s
[GEN]	Fonts/build/GlyphItem/FontItem_00D1.font.s
[GEN]	Fonts/build/GlyphItem/FontItem_00D2.font.s
[GEN]	Fonts/build/GlyphItem/FontItem_00D3.font.s
[GEN]	Fonts/build/GlyphItem/FontItem_00D4.font.s
[GEN]	Fonts/build/GlyphItem/FontItem_00D6.font.s
[GEN]	Fonts/build/GlyphItem/FontItem_00D9.font.s
[GEN]	Fonts/build/GlyphItem/FontItem_00DA.font.s
[GEN]	Fonts/build/GlyphItem/FontItem_00DB.font.s
[GEN]	Fonts/build/GlyphItem/FontItem_00DC.font.s
[GEN]	Fonts/build/GlyphItem/FontItem_00DF.font.s
[GEN]	Fonts/build/GlyphItem/FontItem_00E0.font.s
[GEN]	Fonts/build/GlyphItem/FontItem_00E1.font.s
[GEN]	Fonts/build/GlyphItem/FontItem_00E2.font.s
[GEN]	Fonts/build/GlyphItem/FontItem_00E4.font.s
[GEN]	Fonts/build/GlyphItem/FontItem_00E7.font.s
[GEN]	Fonts/build/GlyphItem/FontItem_00E8.font.s
[GEN]	Fonts/build/GlyphItem/FontItem_00E9.font.s
[GEN]	Fonts/build/GlyphItem/FontItem_00EA.font.s
[GEN]	Fonts/build/GlyphItem/FontItem_00EB.font.s
[GEN]	Fonts/build/GlyphItem/FontItem_00EC.font.s
[GEN]	Fonts/build/GlyphItem/FontItem_00ED.font.s
[GEN]	Fonts/build/GlyphItem/FontItem_00EE.font.s
[GEN]	Fonts/build/GlyphItem/FontItem_00EF.font.s
[GEN]	Fonts/build/GlyphItem/FontItem_00F1.font.s
[GEN]	Fonts/build/GlyphItem/FontItem_00F2.font.s
[GEN]	Fonts/build/GlyphItem/FontItem_00F3.font.s
[GEN]	Fonts/build/GlyphItem/FontItem_00F4.font.s
[GEN]	Fonts/build/GlyphItem/FontItem_00F6.font.s
[GEN]	Fonts/build/GlyphItem/FontItem_00F9.font.s
[GEN]	Fonts/build/GlyphItem/FontItem_00FA.font.s
[GEN]	Fonts/build/GlyphItem/FontItem_00FB.font.s
[GEN]	Fonts/build/GlyphItem/FontItem_00FC.font.s
[GEN]	Fonts/build/GlyphItem/FontItem_2500.font.s
[GEN]	Fonts/build/GlyphItem/FontItem_8805.font.s
[GEN]	Fonts/build/GlyphItem/FontItem_2606.font.s
[GEN]	Fonts/build/GlyphItem/FontItem_3007.font.s
[GEN]	Fonts/build/GlyphItem/FontItem_7C12.font.s
[GEN]	Fonts/build/GlyphItem/FontItem_8D14.font.s
[GEN]	Fonts/build/GlyphItem/FontItem_7114.font.s
[GEN]	Fonts/build/GlyphItem/FontItem_2015.font.s
[GEN]	Fonts/build/GlyphItem/FontItem_8D16.font.s
[GEN]	Fonts/build/GlyphItem/FontItem_9A19.font.s
[GEN]	Fonts/build/GlyphItem/FontItem_721B.font.s
[GEN]	Fonts/build/GlyphItem/FontItem_8A1B.font.s
[GEN]	Fonts/build/GlyphItem/FontItem_FF1D.font.s
[GEN]	Fonts/build/GlyphItem/FontItem_8A25.font.s
[GEN]	Fonts/build/GlyphItem/FontItem_2027.font.s
[GEN]	Fonts/build/GlyphItem/FontItem_5629.font.s
[GEN]	Fonts/build/GlyphItem/FontItem_792B.font.s
[GEN]	Fonts/build/GlyphItem/FontItem_9B31.font.s
[GEN]	Fonts/build/GlyphItem/FontItem_7432.font.s
[GEN]	Fonts/build/GlyphItem/FontItem_6B38.font.s
[GEN]	Fonts/build/GlyphItem/FontItem_723A.font.s
[GEN]	Fonts/build/GlyphItem/FontItem_6E3E.font.s
[GEN]	Fonts/build/GlyphItem/FontItem_7942.font.s
[GEN]	Fonts/build/GlyphItem/FontItem_9D44.font.s
[GEN]	Fonts/build/GlyphItem/FontItem_7149.font.s
[GEN]	Fonts/build/GlyphItem/FontItem_5C53.font.s
[GEN]	Fonts/build/GlyphItem/FontItem_9A55.font.s
[GEN]	Fonts/build/GlyphItem/FontItem_8A5B.font.s
[GEN]	Fonts/build/GlyphItem/FontItem_615F.font.s
[GEN]	Fonts/build/GlyphItem/FontItem_7C60.font.s
[GEN]	Fonts/build/GlyphItem/FontItem_7260.font.s
[GEN]	Fonts/build/GlyphItem/FontItem_2661.font.s
[GEN]	Fonts/build/GlyphItem/FontItem_2264.font.s
[GEN]	Fonts/build/GlyphItem/FontItem_2265.font.s
[GEN]	Fonts/build/GlyphItem/FontItem_8569.font.s
[GEN]	Fonts/build/GlyphItem/FontItem_266A.font.s
[GEN]	Fonts/build/GlyphItem/FontItem_727D.font.s
[GEN]	Fonts/build/GlyphItem/FontItem_547F.font.s
[GEN]	Fonts/build/GlyphItem/FontItem_9081.font.s
[GEN]	Fonts/build/GlyphItem/FontItem_8E8A.font.s
[GEN]	Fonts/build/GlyphItem/FontItem_8599.font.s
[GEN]	Fonts/build/GlyphItem/FontItem_5A9E.font.s
[GEN]	Fonts/build/GlyphItem/FontItem_03A4.font.s
[GEN]	Fonts/build/GlyphItem/FontItem_03A9.font.s
[GEN]	Fonts/build/GlyphItem/FontItem_61AB.font.s
[GEN]	Fonts/build/GlyphItem/FontItem_5FAC.font.s
[GEN]	Fonts/build/GlyphItem/FontItem_53AD.font.s
[GEN]	Fonts/build/GlyphItem/FontItem_98AF.font.s
[GEN]	Fonts/build/GlyphItem/FontItem_55B0.font.s
[GEN]	Fonts/build/GlyphItem/FontItem_59B3.font.s
[GEN]	Fonts/build/GlyphItem/FontItem_60B6.font.s
[GEN]	Fonts/build/GlyphItem/FontItem_76BA.font.s
[GEN]	Fonts/build/GlyphItem/FontItem_63BB.font.s
[GEN]	Fonts/build/GlyphItem/FontItem_7DBB.font.s
[GEN]	Fonts/build/GlyphItem/FontItem_8FBF.font.s
[GEN]	Fonts/build/GlyphItem/FontItem_79BF.font.s
[GEN]	Fonts/build/GlyphItem/FontItem_98C4.font.s
[GEN]	Fonts/build/GlyphItem/FontItem_50C5.font.s
[GEN]	Fonts/build/GlyphItem/FontItem_83C8.font.s
[GEN]	Fonts/build/GlyphItem/FontItem_8ECB.font.s
[GEN]	Fonts/build/GlyphItem/FontItem_25CB.font.s
[GEN]	Fonts/build/GlyphItem/FontItem_00D7.font.s
[GEN]	Fonts/build/GlyphItem/FontItem_7DD8.font.s
[GEN]	Fonts/build/GlyphItem/FontItem_66E0.font.s
[GEN]	Fonts/build/GlyphItem/FontItem_53E1.font.s
[GEN]	Fonts/build/GlyphItem/FontItem_61E3.font.s
[GEN]	Fonts/build/GlyphItem/FontItem_8CE4.font.s
[GEN]	Fonts/build/GlyphItem/FontItem_81E5.font.s
[GEN]	Fonts/build/GlyphItem/FontItem_00E6.font.s
[GEN]	Fonts/build/GlyphItem/FontItem_71E6.font.s
[GEN]	Fonts/build/GlyphItem/FontItem_75E9.font.s
[GEN]	Fonts/build/GlyphItem/FontItem_85EA.font.s
[GEN]	Fonts/build/GlyphItem/FontItem_51EA.font.s
[GEN]	Fonts/build/GlyphItem/FontItem_8AEB.font.s
[GEN]	Fonts/build/GlyphItem/FontItem_25EF.font.s
[GEN]	Fonts/build/GlyphItem/FontItem_00F0.font.s
[GEN]	Fonts/build/GlyphItem/FontItem_68F2.font.s
[GEN]	Fonts/build/GlyphItem/FontItem_00F8.font.s
[GEN]	Fonts/build/GlyphItem/FontItem_87FB.font.s
[GEN]	Fonts/build/GlyphItem/FontItem_00FD.font.s
[GEN]	Fonts/build/GlyphItem/FontItem_905C.font.s
[GEN]	Fonts/build/GlyphItem/FontItem_947D.font.s
[GEN]	Fonts/build/GlyphItem/FontItem_6AC2.font.s
[GEN]	Fonts/build/GlyphItem/FontItem_00FE.font.s
[GEN]	Fonts/build/GlyphItem/FontItem_7E6B.font.s
[GEN]	Fonts/build/GlyphItem/FontItem_25B8.font.s
[GEN]	Fonts/build/GlyphItem/FontItem_25B9.font.s
[GEN]	Fonts/build/GlyphText/FontText_3002.font.s
[GEN]	Fonts/build/GlyphText/FontText_FF1F.font.s
[GEN]	Fonts/build/GlyphText/FontText_FF01.font.s
[GEN]	Fonts/build/GlyphText/FontText_FF0C.font.s
[GEN]	Fonts/build/GlyphText/FontText_3001.font.s
[GEN]	Fonts/build/GlyphText/FontText_FF1B.font.s
[GEN]	Fonts/build/GlyphText/FontText_FF1A.font.s
[GEN]	Fonts/build/GlyphText/FontText_300C.font.s
[GEN]	Fonts/build/GlyphText/FontText_300D.font.s
[GEN]	Fonts/build/GlyphText/FontText_300E.font.s
[GEN]	Fonts/build/GlyphText/FontText_300F.font.s
[GEN]	Fonts/build/GlyphText/FontText_2018.font.s
[GEN]	Fonts/build/GlyphText/FontText_2019.font.s
[GEN]	Fonts/build/GlyphText/FontText_201C.font.s
[GEN]	Fonts/build/GlyphText/FontText_201D.font.s
[GEN]	Fonts/build/GlyphText/FontText_FF08.font.s
[GEN]	Fonts/build/GlyphText/FontText_FF09.font.s
[GEN]	Fonts/build/GlyphText/FontText_3014.font.s
[GEN]	Fonts/build/GlyphText/FontText_3015.font.s
[GEN]	Fonts/build/GlyphText/FontText_3010.font.s
[GEN]	Fonts/build/GlyphText/FontText_3011.font.s
[GEN]	Fonts/build/GlyphText/FontText_2014.font.s
[GEN]	Fonts/build/GlyphText/FontText_2026.font.s
[GEN]	Fonts/build/GlyphText/FontText_2013.font.s
[GEN]	Fonts/build/GlyphText/FontText_FF0E.font.s
[GEN]	Fonts/build/GlyphText/FontText_300A.font.s
[GEN]	Fonts/build/GlyphText/FontText_300B.font.s
[GEN]	Fonts/build/GlyphText/FontText_3008.font.s
[GEN]	Fonts/build/GlyphText/FontText_3009.font.s
[GEN]	Fonts/build/GlyphText/FontText_FF0B.font.s
[GEN]	Fonts/build/GlyphText/FontText_00B7.font.s
[GEN]	Fonts/build/GlyphText/FontText_2022.font.s
[GEN]	Fonts/build/GlyphText/FontText_002B.font.s
[GEN]	Fonts/build/GlyphText/FontText_3003.font.s
[GEN]	Fonts/build/GlyphText/FontText_00B0.font.s
[GEN]	Fonts/build/GlyphText/FontText_5570.font.s
[GEN]	Fonts/build/GlyphText/FontText_554A.font.s
[GEN]	Fonts/build/GlyphText/FontText_963F.font.s
[GEN]	Fonts/build/GlyphText/FontText_57C3.font.s
[GEN]	Fonts/build/GlyphText/FontText_6328.font.s
[GEN]	Fonts/build/GlyphText/FontText_54CE.font.s
[GEN]	Fonts/build/GlyphText/FontText_5509.font.s
[GEN]	Fonts/build/GlyphText/FontText_54C0.font.s
[GEN]	Fonts/build/GlyphText/FontText_853C.font.s
[GEN]	Fonts/build/GlyphText/FontText_77EE.font.s
[GEN]	Fonts/build/GlyphText/FontText_827E.font.s
[GEN]	Fonts/build/GlyphText/FontText_788D.font.s
[GEN]	Fonts/build/GlyphText/FontText_7231.font.s
[GEN]	Fonts/build/GlyphText/FontText_5B89.font.s
[GEN]	Fonts/build/GlyphText/FontText_6309.font.s
[GEN]	Fonts/build/GlyphText/FontText_6697.font.s
[GEN]	Fonts/build/GlyphText/FontText_5CB8.font.s
[GEN]	Fonts/build/GlyphText/FontText_6848.font.s
[GEN]	Fonts/build/GlyphText/FontText_80AE.font.s
[GEN]	Fonts/build/GlyphText/FontText_7FF1.font.s
[GEN]	Fonts/build/GlyphText/FontText_50B2.font.s
[GEN]	Fonts/build/GlyphText/FontText_5965.font.s
[GEN]	Fonts/build/GlyphText/FontText_5427.font.s
[GEN]	Fonts/build/GlyphText/FontText_516B.font.s
[GEN]	Fonts/build/GlyphText/FontText_5DF4.font.s
[GEN]	Fonts/build/GlyphText/FontText_62D4.font.s
[GEN]	Fonts/build/GlyphText/FontText_8DCB.font.s
[GEN]	Fonts/build/GlyphText/FontText_628A.font.s
[GEN]	Fonts/build/GlyphText/FontText_9738.font.s
[GEN]	Fonts/build/GlyphText/FontText_7F62.font.s
[GEN]	Fonts/build/GlyphText/FontText_7238.font.s
[GEN]	Fonts/build/GlyphText/FontText_767D.font.s
[GEN]	Fonts/build/GlyphText/FontText_767E.font.s
[GEN]	Fonts/build/GlyphText/FontText_6446.font.s
[GEN]	Fonts/build/GlyphText/FontText_8D25.font.s
[GEN]	Fonts/build/GlyphText/FontText_62DC.font.s
[GEN]	Fonts/build/GlyphText/FontText_6591.font.s
[GEN]	Fonts/build/GlyphText/FontText_73ED.font.s
[GEN]	Fonts/build/GlyphText/FontText_642C.font.s
[GEN]	Fonts/build/GlyphText/FontText_6273.font.s
[GEN]	Fonts/build/GlyphText/FontText_822C.font.s
[GEN]	Fonts/build/GlyphText/FontText_677F.font.s
[GEN]	Fonts/build/GlyphText/FontText_7248.font.s
[GEN]	Fonts/build/GlyphText/FontText_626E.font.s
[GEN]	Fonts/build/GlyphText/FontText_4F34.font.s
[GEN]	Fonts/build/GlyphText/FontText_534A.font.s
[GEN]	Fonts/build/GlyphText/FontText_529E.font.s
[GEN]	Fonts/build/GlyphText/FontText_7ECA.font.s
[GEN]	Fonts/build/GlyphText/FontText_90A6.font.s
[GEN]	Fonts/build/GlyphText/FontText_5E2E.font.s
[GEN]	Fonts/build/GlyphText/FontText_699C.font.s
[GEN]	Fonts/build/GlyphText/FontText_8180.font.s
[GEN]	Fonts/build/GlyphText/FontText_7ED1.font.s
[GEN]	Fonts/build/GlyphText/FontText_68D2.font.s
[GEN]	Fonts/build/GlyphText/FontText_508D.font.s
[GEN]	Fonts/build/GlyphText/FontText_80DE.font.s
[GEN]	Fonts/build/GlyphText/FontText_5305.font.s
[GEN]	Fonts/build/GlyphText/FontText_5265.font.s
[GEN]	Fonts/build/GlyphText/FontText_8584.font.s
[GEN]	Fonts/build/GlyphText/FontText_4FDD.font.s
[GEN]	Fonts/build/GlyphText/FontText_5821.font.s
[GEN]	Fonts/build/GlyphText/FontText_9971.font.s
[GEN]	Fonts/build/GlyphText/FontText_5B9D.font.s
[GEN]	Fonts/build/GlyphText/FontText_62B1.font.s
[GEN]	Fonts/build/GlyphText/FontText_62A5.font.s
[GEN]	Fonts/build/GlyphText/FontText_66B4.font.s
[GEN]	Fonts/build/GlyphText/FontText_9C8D.font.s
[GEN]	Fonts/build/GlyphText/FontText_7206.font.s
[GEN]	Fonts/build/GlyphText/FontText_676F.font.s
[GEN]	Fonts/build/GlyphText/FontText_60B2.font.s
[GEN]	Fonts/build/GlyphText/FontText_5351.font.s
[GEN]	Fonts/build/GlyphText/FontText_5317.font.s
[GEN]	Fonts/build/GlyphText/FontText_8F88.font.s
[GEN]	Fonts/build/GlyphText/FontText_80CC.font.s
[GEN]	Fonts/build/GlyphText/FontText_8D1D.font.s
[GEN]	Fonts/build/GlyphText/FontText_500D.font.s
[GEN]	Fonts/build/GlyphText/FontText_5907.font.s
[GEN]	Fonts/build/GlyphText/FontText_60EB.font.s
[GEN]	Fonts/build/GlyphText/FontText_88AB.font.s
[GEN]	Fonts/build/GlyphText/FontText_5954.font.s
[GEN]	Fonts/build/GlyphText/FontText_672C.font.s
[GEN]	Fonts/build/GlyphText/FontText_7B28.font.s
[GEN]	Fonts/build/GlyphText/FontText_5D29.font.s
[GEN]	Fonts/build/GlyphText/FontText_8FF8.font.s
[GEN]	Fonts/build/GlyphText/FontText_903C.font.s
[GEN]	Fonts/build/GlyphText/FontText_9F3B.font.s
[GEN]	Fonts/build/GlyphText/FontText_6BD4.font.s
[GEN]	Fonts/build/GlyphText/FontText_9119.font.s
[GEN]	Fonts/build/GlyphText/FontText_7B14.font.s
[GEN]	Fonts/build/GlyphText/FontText_5F7C.font.s
[GEN]	Fonts/build/GlyphText/FontText_78A7.font.s
[GEN]	Fonts/build/GlyphText/FontText_853D.font.s
[GEN]	Fonts/build/GlyphText/FontText_6BD5.font.s
[GEN]	Fonts/build/GlyphText/FontText_5E01.font.s
[GEN]	Fonts/build/GlyphText/FontText_5E87.font.s
[GEN]	Fonts/build/GlyphText/FontText_95ED.font.s
[GEN]	Fonts/build/GlyphText/FontText_5FC5.font.s
[GEN]	Fonts/build/GlyphText/FontText_58C1.font.s
[GEN]	Fonts/build/GlyphText/FontText_81C2.font.s
[GEN]	Fonts/build/GlyphText/FontText_907F.font.s
[GEN]	Fonts/build/GlyphText/FontText_965B.font.s
[GEN]	Fonts/build/GlyphText/FontText_97AD.font.s
[GEN]	Fonts/build/GlyphText/FontText_8FB9.font.s
[GEN]	Fonts/build/GlyphText/FontText_7F16.font.s
[GEN]	Fonts/build/GlyphText/FontText_8D2C.font.s
[GEN]	Fonts/build/GlyphText/FontText_4FBF.font.s
[GEN]	Fonts/build/GlyphText/FontText_53D8.font.s
[GEN]	Fonts/build/GlyphText/FontText_8FA8.font.s
[GEN]	Fonts/build/GlyphText/FontText_904D.font.s
[GEN]	Fonts/build/GlyphText/FontText_6807.font.s
[GEN]	Fonts/build/GlyphText/FontText_8868.font.s
[GEN]	Fonts/build/GlyphText/FontText_9CD6.font.s
[GEN]	Fonts/build/GlyphText/FontText_522B.font.s
[GEN]	Fonts/build/GlyphText/FontText_5175.font.s
[GEN]	Fonts/build/GlyphText/FontText_51B0.font.s
[GEN]	Fonts/build/GlyphText/FontText_67C4.font.s
[GEN]	Fonts/build/GlyphText/FontText_75C5.font.s
[GEN]	Fonts/build/GlyphText/FontText_5E76.font.s
[GEN]	Fonts/build/GlyphText/FontText_64AD.font.s
[GEN]	Fonts/build/GlyphText/FontText_6CE2.font.s
[GEN]	Fonts/build/GlyphText/FontText_535A.font.s
[GEN]	Fonts/build/GlyphText/FontText_640F.font.s
[GEN]	Fonts/build/GlyphText/FontText_4F2F.font.s
[GEN]	Fonts/build/GlyphText/FontText_8116.font.s
[GEN]	Fonts/build/GlyphText/FontText_6355.font.s
[GEN]	Fonts/build/GlyphText/FontText_535C.font.s
[GEN]	Fonts/build/GlyphText/FontText_8865.font.s
[GEN]	Fonts/build/GlyphText/FontText_4E0D.font.s
[GEN]	Fonts/build/GlyphText/FontText_5E03.font.s
[GEN]	Fonts/build/GlyphText/FontText_6B65.font.s
[GEN]	Fonts/build/GlyphText/FontText_90E8.font.s
[GEN]	Fonts/build/GlyphText/FontText_6016.font.s
[GEN]	Fonts/build/GlyphText/FontText_64E6.font.s
[GEN]	Fonts/build/GlyphText/FontText_88C1.font.s
[GEN]	Fonts/build/GlyphText/FontText_6750.font.s
[GEN]	Fonts/build/GlyphText/FontText_624D.font.s
[GEN]	Fonts/build/GlyphText/FontText_8D22.font.s
[GEN]	Fonts/build/GlyphText/FontText_8E29.font.s
[GEN]	Fonts/build/GlyphText/FontText_91C7.font.s
[GEN]	Fonts/build/GlyphText/FontText_5F69.font.s
[GEN]	Fonts/build/GlyphText/FontText_83DC.font.s
[GEN]	Fonts/build/GlyphText/FontText_9910.font.s
[GEN]	Fonts/build/GlyphText/FontText_53C2.font.s
[GEN]	Fonts/build/GlyphText/FontText_6B8B.font.s
[GEN]	Fonts/build/GlyphText/FontText_60E8.font.s
[GEN]	Fonts/build/GlyphText/FontText_82CD.font.s
[GEN]	Fonts/build/GlyphText/FontText_85CF.font.s
[GEN]	Fonts/build/GlyphText/FontText_64CD.font.s
[GEN]	Fonts/build/GlyphText/FontText_8349.font.s
[GEN]	Fonts/build/GlyphText/FontText_7B56.font.s
[GEN]	Fonts/build/GlyphText/FontText_4FA7.font.s
[GEN]	Fonts/build/GlyphText/FontText_6D4B.font.s
[GEN]	Fonts/build/GlyphText/FontText_5C42.font.s
[GEN]	Fonts/build/GlyphText/FontText_8E6D.font.s
[GEN]	Fonts/build/GlyphText/FontText_8336.font.s
[GEN]	Fonts/build/GlyphText/FontText_67E5.font.s
[GEN]	Fonts/build/GlyphText/FontText_5BDF.font.s
[GEN]	Fonts/build/GlyphText/FontText_5C94.font.s
[GEN]	Fonts/build/GlyphText/FontText_5DEE.font.s
[GEN]	Fonts/build/GlyphText/FontText_67F4.font.s
[GEN]	Fonts/build/GlyphText/FontText_7F20.font.s
[GEN]	Fonts/build/GlyphText/FontText_94F2.font.s
[GEN]	Fonts/build/GlyphText/FontText_4EA7.font.s
[GEN]	Fonts/build/GlyphText/FontText_98A4.font.s
[GEN]	Fonts/build/GlyphText/FontText_660C.font.s
[GEN]	Fonts/build/GlyphText/FontText_573A.font.s
[GEN]	Fonts/build/GlyphText/FontText_5C1D.font.s
[GEN]	Fonts/build/GlyphText/FontText_5E38.font.s
[GEN]	Fonts/build/GlyphText/FontText_957F.font.s
[GEN]	Fonts/build/GlyphText/FontText_507F.font.s
[GEN]	Fonts/build/GlyphText/FontText_80A0.font.s
[GEN]	Fonts/build/GlyphText/FontText_7545.font.s
[GEN]	Fonts/build/GlyphText/FontText_5531.font.s
[GEN]	Fonts/build/GlyphText/FontText_8D85.font.s
[GEN]	Fonts/build/GlyphText/FontText_6284.font.s
[GEN]	Fonts/build/GlyphText/FontText_671D.font.s
[GEN]	Fonts/build/GlyphText/FontText_6F6E.font.s
[GEN]	Fonts/build/GlyphText/FontText_5DE2.font.s
[GEN]	Fonts/build/GlyphText/FontText_5435.font.s
[GEN]	Fonts/build/GlyphText/FontText_8F66.font.s
[GEN]	Fonts/build/GlyphText/FontText_626F.font.s
[GEN]	Fonts/build/GlyphText/FontText_64A4.font.s
[GEN]	Fonts/build/GlyphText/FontText_5F7B.font.s
[GEN]	Fonts/build/GlyphText/FontText_81E3.font.s
[GEN]	Fonts/build/GlyphText/FontText_5C18.font.s
[GEN]	Fonts/build/GlyphText/FontText_6C89.font.s
[GEN]	Fonts/build/GlyphText/FontText_8D81.font.s
[GEN]	Fonts/build/GlyphText/FontText_6491.font.s
[GEN]	Fonts/build/GlyphText/FontText_79F0.font.s
[GEN]	Fonts/build/GlyphText/FontText_57CE.font.s
[GEN]	Fonts/build/GlyphText/FontText_6210.font.s
[GEN]	Fonts/build/GlyphText/FontText_5448.font.s
[GEN]	Fonts/build/GlyphText/FontText_4E58.font.s
[GEN]	Fonts/build/GlyphText/FontText_7A0B.font.s
[GEN]	Fonts/build/GlyphText/FontText_60E9.font.s
[GEN]	Fonts/build/GlyphText/FontText_8BDA.font.s
[GEN]	Fonts/build/GlyphText/FontText_627F.font.s
[GEN]	Fonts/build/GlyphText/FontText_901E.font.s
[GEN]	Fonts/build/GlyphText/FontText_9A8B.font.s
[GEN]	Fonts/build/GlyphText/FontText_5403.font.s
[GEN]	Fonts/build/GlyphText/FontText_75F4.font.s
[GEN]	Fonts/build/GlyphText/FontText_6301.font.s
[GEN]	Fonts/build/GlyphText/FontText_5319.font.s
[GEN]	Fonts/build/GlyphText/FontText_6C60.font.s
[GEN]	Fonts/build/GlyphText/FontText_8FDF.font.s
[GEN]	Fonts/build/GlyphText/FontText_5F1B.font.s
[GEN]	Fonts/build/GlyphText/FontText_9A70.font.s
[GEN]	Fonts/build/GlyphText/FontText_803B.font.s
[GEN]	Fonts/build/GlyphText/FontText_8D64.font.s
[GEN]	Fonts/build/GlyphText/FontText_7FC5.font.s
[GEN]	Fonts/build/GlyphText/FontText_65A5.font.s
[GEN]	Fonts/build/GlyphText/FontText_5145.font.s
[GEN]	Fonts/build/GlyphText/FontText_51B2.font.s
[GEN]	Fonts/build/GlyphText/FontText_5BA0.font.s
[GEN]	Fonts/build/GlyphText/FontText_916C.font.s
[GEN]	Fonts/build/GlyphText/FontText_7574.font.s
[GEN]	Fonts/build/GlyphText/FontText_8E0C.font.s
[GEN]	Fonts/build/GlyphText/FontText_6101.font.s
[GEN]	Fonts/build/GlyphText/FontText_4EC7.font.s
[GEN]	Fonts/build/GlyphText/FontText_4E11.font.s
[GEN]	Fonts/build/GlyphText/FontText_81ED.font.s
[GEN]	Fonts/build/GlyphText/FontText_521D.font.s
[GEN]	Fonts/build/GlyphText/FontText_51FA.font.s
[GEN]	Fonts/build/GlyphText/FontText_53A8.font.s
[GEN]	Fonts/build/GlyphText/FontText_8E87.font.s
[GEN]	Fonts/build/GlyphText/FontText_9664.font.s
[GEN]	Fonts/build/GlyphText/FontText_695A.font.s
[GEN]	Fonts/build/GlyphText/FontText_7840.font.s
[GEN]	Fonts/build/GlyphText/FontText_50A8.font.s
[GEN]	Fonts/build/GlyphText/FontText_89E6.font.s
[GEN]	Fonts/build/GlyphText/FontText_5904.font.s
[GEN]	Fonts/build/GlyphText/FontText_5DDD.font.s
[GEN]	Fonts/build/GlyphText/FontText_7A7F.font.s
[GEN]	Fonts/build/GlyphText/FontText_4F20.font.s
[GEN]	Fonts/build/GlyphText/FontText_8239.font.s
[GEN]	Fonts/build/GlyphText/FontText_5598.font.s
[GEN]	Fonts/build/GlyphText/FontText_4E32.font.s
[GEN]	Fonts/build/GlyphText/FontText_7A97.font.s
[GEN]	Fonts/build/GlyphText/FontText_5E8A.font.s
[GEN]	Fonts/build/GlyphText/FontText_95EF.font.s
[GEN]	Fonts/build/GlyphText/FontText_521B.font.s
[GEN]	Fonts/build/GlyphText/FontText_5439.font.s
[GEN]	Fonts/build/GlyphText/FontText_9524.font.s
[GEN]	Fonts/build/GlyphText/FontText_5782.font.s
[GEN]	Fonts/build/GlyphText/FontText_6625.font.s
[GEN]	Fonts/build/GlyphText/FontText_7EAF.font.s
[GEN]	Fonts/build/GlyphText/FontText_8822.font.s
[GEN]	Fonts/build/GlyphText/FontText_6233.font.s
[GEN]	Fonts/build/GlyphText/FontText_96CC.font.s
[GEN]	Fonts/build/GlyphText/FontText_8F9E.font.s
[GEN]	Fonts/build/GlyphText/FontText_6148.font.s
[GEN]	Fonts/build/GlyphText/FontText_8BCD.font.s
[GEN]	Fonts/build/GlyphText/FontText_6B64.font.s
[GEN]	Fonts/build/GlyphText/FontText_523A.font.s
[GEN]	Fonts/build/GlyphText/FontText_8D50.font.s
[GEN]	Fonts/build/GlyphText/FontText_6B21.font.s
[GEN]	Fonts/build/GlyphText/FontText_806A.font.s
[GEN]	Fonts/build/GlyphText/FontText_5306.font.s
[GEN]	Fonts/build/GlyphText/FontText_4ECE.font.s
[GEN]	Fonts/build/GlyphText/FontText_7C97.font.s
[GEN]	Fonts/build/GlyphText/FontText_7A9C.font.s
[GEN]	Fonts/build/GlyphText/FontText_6467.font.s
[GEN]	Fonts/build/GlyphText/FontText_5D14.font.s
[GEN]	Fonts/build/GlyphText/FontText_8106.font.s
[GEN]	Fonts/build/GlyphText/FontText_7601.font.s
[GEN]	Fonts/build/GlyphText/FontText_7CB9.font.s
[GEN]	Fonts/build/GlyphText/FontText_6751.font.s
[GEN]	Fonts/build/GlyphText/FontText_5B58.font.s
[GEN]	Fonts/build/GlyphText/FontText_5BF8.font.s
[GEN]	Fonts/build/GlyphText/FontText_78CB.font.s
[GEN]	Fonts/build/GlyphText/FontText_6413.font.s
[GEN]	Fonts/build/GlyphText/FontText_9519.font.s
[GEN]	Fonts/build/GlyphText/FontText_642D.font.s
[GEN]	Fonts/build/GlyphText/FontText_8FBE.font.s
[GEN]	Fonts/build/GlyphText/FontText_7B54.font.s
[GEN]	Fonts/build/GlyphText/FontText_6253.font.s
[GEN]	Fonts/build/GlyphText/FontText_5927.font.s
[GEN]	Fonts/build/GlyphText/FontText_5446.font.s
[GEN]	Fonts/build/GlyphText/FontText_6B79.font.s
[GEN]	Fonts/build/GlyphText/FontText_6234.font.s
[GEN]	Fonts/build/GlyphText/FontText_5E26.font.s
[GEN]	Fonts/build/GlyphText/FontText_4EE3.font.s
[GEN]	Fonts/build/GlyphText/FontText_888B.font.s
[GEN]	Fonts/build/GlyphText/FontText_5F85.font.s
[GEN]	Fonts/build/GlyphText/FontText_902E.font.s
[GEN]	Fonts/build/GlyphText/FontText_6020.font.s
[GEN]	Fonts/build/GlyphText/FontText_62C5.font.s
[GEN]	Fonts/build/GlyphText/FontText_5355.font.s
[GEN]	Fonts/build/GlyphText/FontText_80C6.font.s
[GEN]	Fonts/build/GlyphText/FontText_65E6.font.s
[GEN]	Fonts/build/GlyphText/FontText_4F46.font.s
[GEN]	Fonts/build/GlyphText/FontText_6DE1.font.s
[GEN]	Fonts/build/GlyphText/FontText_8BDE.font.s
[GEN]	Fonts/build/GlyphText/FontText_86CB.font.s
[GEN]	Fonts/build/GlyphText/FontText_5F53.font.s
[GEN]	Fonts/build/GlyphText/FontText_6321.font.s
[GEN]	Fonts/build/GlyphText/FontText_515A.font.s
[GEN]	Fonts/build/GlyphText/FontText_8361.font.s
[GEN]	Fonts/build/GlyphText/FontText_6863.font.s
[GEN]	Fonts/build/GlyphText/FontText_5200.font.s
[GEN]	Fonts/build/GlyphText/FontText_6363.font.s
[GEN]	Fonts/build/GlyphText/FontText_8E48.font.s
[GEN]	Fonts/build/GlyphText/FontText_5012.font.s
[GEN]	Fonts/build/GlyphText/FontText_5C9B.font.s
[GEN]	Fonts/build/GlyphText/FontText_7977.font.s
[GEN]	Fonts/build/GlyphText/FontText_5BFC.font.s
[GEN]	Fonts/build/GlyphText/FontText_5230.font.s
[GEN]	Fonts/build/GlyphText/FontText_9053.font.s
[GEN]	Fonts/build/GlyphText/FontText_76D7.font.s
[GEN]	Fonts/build/GlyphText/FontText_5FB7.font.s
[GEN]	Fonts/build/GlyphText/FontText_5F97.font.s
[GEN]	Fonts/build/GlyphText/FontText_7684.font.s
[GEN]	Fonts/build/GlyphText/FontText_8E6C.font.s
[GEN]	Fonts/build/GlyphText/FontText_706F.font.s
[GEN]	Fonts/build/GlyphText/FontText_767B.font.s
[GEN]	Fonts/build/GlyphText/FontText_7B49.font.s
[GEN]	Fonts/build/GlyphText/FontText_77AA.font.s
[GEN]	Fonts/build/GlyphText/FontText_4F4E.font.s
[GEN]	Fonts/build/GlyphText/FontText_8FEA.font.s
[GEN]	Fonts/build/GlyphText/FontText_654C.font.s
[GEN]	Fonts/build/GlyphText/FontText_5AE1.font.s
[GEN]	Fonts/build/GlyphText/FontText_62B5.font.s
[GEN]	Fonts/build/GlyphText/FontText_5E95.font.s
[GEN]	Fonts/build/GlyphText/FontText_5730.font.s
[GEN]	Fonts/build/GlyphText/FontText_8482.font.s
[GEN]	Fonts/build/GlyphText/FontText_7B2C.font.s
[GEN]	Fonts/build/GlyphText/FontText_5F1F.font.s
[GEN]	Fonts/build/GlyphText/FontText_7F14.font.s
[GEN]	Fonts/build/GlyphText/FontText_98A0.font.s
[GEN]	Fonts/build/GlyphText/FontText_70B9.font.s
[GEN]	Fonts/build/GlyphText/FontText_57AB.font.s
[GEN]	Fonts/build/GlyphText/FontText_7535.font.s
[GEN]	Fonts/build/GlyphText/FontText_5E97.font.s
[GEN]	Fonts/build/GlyphText/FontText_6BBF.font.s
[GEN]	Fonts/build/GlyphText/FontText_5201.font.s
[GEN]	Fonts/build/GlyphText/FontText_6389.font.s
[GEN]	Fonts/build/GlyphText/FontText_540A.font.s
[GEN]	Fonts/build/GlyphText/FontText_9493.font.s
[GEN]	Fonts/build/GlyphText/FontText_8C03.font.s
[GEN]	Fonts/build/GlyphText/FontText_8DCC.font.s
[GEN]	Fonts/build/GlyphText/FontText_789F.font.s
[GEN]	Fonts/build/GlyphText/FontText_8776.font.s
[GEN]	Fonts/build/GlyphText/FontText_8C0D.font.s
[GEN]	Fonts/build/GlyphText/FontText_76EF.font.s
[GEN]	Fonts/build/GlyphText/FontText_9489.font.s
[GEN]	Fonts/build/GlyphText/FontText_9876.font.s
[GEN]	Fonts/build/GlyphText/FontText_5B9A.font.s
[GEN]	Fonts/build/GlyphText/FontText_8BA2.font.s
[GEN]	Fonts/build/GlyphText/FontText_4E22.font.s
[GEN]	Fonts/build/GlyphText/FontText_4E1C.font.s
[GEN]	Fonts/build/GlyphText/FontText_51AC.font.s
[GEN]	Fonts/build/GlyphText/FontText_61C2.font.s
[GEN]	Fonts/build/GlyphText/FontText_52A8.font.s
[GEN]	Fonts/build/GlyphText/FontText_51BB.font.s
[GEN]	Fonts/build/GlyphText/FontText_6D1E.font.s
[GEN]	Fonts/build/GlyphText/FontText_515C.font.s
[GEN]	Fonts/build/GlyphText/FontText_6296.font.s
[GEN]	Fonts/build/GlyphText/FontText_6597.font.s
[GEN]	Fonts/build/GlyphText/FontText_9017.font.s
[GEN]	Fonts/build/GlyphText/FontText_90FD.font.s
[GEN]	Fonts/build/GlyphText/FontText_7763.font.s
[GEN]	Fonts/build/GlyphText/FontText_6BD2.font.s
[GEN]	Fonts/build/GlyphText/FontText_72EC.font.s
[GEN]	Fonts/build/GlyphText/FontText_8BFB.font.s
[GEN]	Fonts/build/GlyphText/FontText_5835.font.s
[GEN]	Fonts/build/GlyphText/FontText_8D4C.font.s
[GEN]	Fonts/build/GlyphText/FontText_809A.font.s
[GEN]	Fonts/build/GlyphText/FontText_5EA6.font.s
[GEN]	Fonts/build/GlyphText/FontText_6E21.font.s
[GEN]	Fonts/build/GlyphText/FontText_5992.font.s
[GEN]	Fonts/build/GlyphText/FontText_7AEF.font.s
[GEN]	Fonts/build/GlyphText/FontText_77ED.font.s
[GEN]	Fonts/build/GlyphText/FontText_953B.font.s
[GEN]	Fonts/build/GlyphText/FontText_6BB5.font.s
[GEN]	Fonts/build/GlyphText/FontText_65AD.font.s
[GEN]	Fonts/build/GlyphText/FontText_5806.font.s
[GEN]	Fonts/build/GlyphText/FontText_961F.font.s
[GEN]	Fonts/build/GlyphText/FontText_5BF9.font.s
[GEN]	Fonts/build/GlyphText/FontText_987F.font.s
[GEN]	Fonts/build/GlyphText/FontText_949D.font.s
[GEN]	Fonts/build/GlyphText/FontText_76FE.font.s
[GEN]	Fonts/build/GlyphText/FontText_591A.font.s
[GEN]	Fonts/build/GlyphText/FontText_593A.font.s
[GEN]	Fonts/build/GlyphText/FontText_8EB2.font.s
[GEN]	Fonts/build/GlyphText/FontText_6735.font.s
[GEN]	Fonts/build/GlyphText/FontText_5815.font.s
[GEN]	Fonts/build/GlyphText/FontText_6076.font.s
[GEN]	Fonts/build/GlyphText/FontText_997F.font.s
[GEN]	Fonts/build/GlyphText/FontText_6069.font.s
[GEN]	Fonts/build/GlyphText/FontText_800C.font.s
[GEN]	Fonts/build/GlyphText/FontText_513F.font.s
[GEN]	Fonts/build/GlyphText/FontText_8033.font.s
[GEN]	Fonts/build/GlyphText/FontText_5C14.font.s
[GEN]	Fonts/build/GlyphText/FontText_4E8C.font.s
[GEN]	Fonts/build/GlyphText/FontText_53D1.font.s
[GEN]	Fonts/build/GlyphText/FontText_7F5A.font.s
[GEN]	Fonts/build/GlyphText/FontText_4F10.font.s
[GEN]	Fonts/build/GlyphText/FontText_6CD5.font.s
[GEN]	Fonts/build/GlyphText/FontText_73D0.font.s
[GEN]	Fonts/build/GlyphText/FontText_756A.font.s
[GEN]	Fonts/build/GlyphText/FontText_7FFB.font.s
[GEN]	Fonts/build/GlyphText/FontText_7E41.font.s
[GEN]	Fonts/build/GlyphText/FontText_51E1.font.s
[GEN]	Fonts/build/GlyphText/FontText_70E6.font.s
[GEN]	Fonts/build/GlyphText/FontText_53CD.font.s
[GEN]	Fonts/build/GlyphText/FontText_8FD4.font.s
[GEN]	Fonts/build/GlyphText/FontText_8303.font.s
[GEN]	Fonts/build/GlyphText/FontText_72AF.font.s
[GEN]	Fonts/build/GlyphText/FontText_996D.font.s
[GEN]	Fonts/build/GlyphText/FontText_82B3.font.s
[GEN]	Fonts/build/GlyphText/FontText_65B9.font.s
[GEN]	Fonts/build/GlyphText/FontText_623F.font.s
[GEN]	Fonts/build/GlyphText/FontText_9632.font.s
[GEN]	Fonts/build/GlyphText/FontText_59A8.font.s
[GEN]	Fonts/build/GlyphText/FontText_4EFF.font.s
[GEN]	Fonts/build/GlyphText/FontText_8BBF.font.s
[GEN]	Fonts/build/GlyphText/FontText_653E.font.s
[GEN]	Fonts/build/GlyphText/FontText_83F2.font.s
[GEN]	Fonts/build/GlyphText/FontText_975E.font.s
[GEN]	Fonts/build/GlyphText/FontText_98DE.font.s
[GEN]	Fonts/build/GlyphText/FontText_532A.font.s
[GEN]	Fonts/build/GlyphText/FontText_5E9F.font.s
[GEN]	Fonts/build/GlyphText/FontText_6CB8.font.s
[GEN]	Fonts/build/GlyphText/FontText_8D39.font.s
[GEN]	Fonts/build/GlyphText/FontText_82AC.font.s
[GEN]	Fonts/build/GlyphText/FontText_5429.font.s
[GEN]	Fonts/build/GlyphText/FontText_6C1B.font.s
[GEN]	Fonts/build/GlyphText/FontText_5206.font.s
[GEN]	Fonts/build/GlyphText/FontText_7C89.font.s
[GEN]	Fonts/build/GlyphText/FontText_594B.font.s
[GEN]	Fonts/build/GlyphText/FontText_4EFD.font.s
[GEN]	Fonts/build/GlyphText/FontText_6124.font.s
[GEN]	Fonts/build/GlyphText/FontText_4E30.font.s
[GEN]	Fonts/build/GlyphText/FontText_5C01.font.s
[GEN]	Fonts/build/GlyphText/FontText_950B.font.s
[GEN]	Fonts/build/GlyphText/FontText_98CE.font.s
[GEN]	Fonts/build/GlyphText/FontText_75AF.font.s
[GEN]	Fonts/build/GlyphText/FontText_9022.font.s
[GEN]	Fonts/build/GlyphText/FontText_7F1D.font.s
[GEN]	Fonts/build/GlyphText/FontText_8BBD.font.s
[GEN]	Fonts/build/GlyphText/FontText_5949.font.s
[GEN]	Fonts/build/GlyphText/FontText_5426.font.s
[GEN]	Fonts/build/GlyphText/FontText_592B.font.s
[GEN]	Fonts/build/GlyphText/FontText_80A4.font.s
[GEN]	Fonts/build/GlyphText/FontText_6276.font.s
[GEN]	Fonts/build/GlyphText/FontText_62C2.font.s
[GEN]	Fonts/build/GlyphText/FontText_5E45.font.s
[GEN]	Fonts/build/GlyphText/FontText_7B26.font.s
[GEN]	Fonts/build/GlyphText/FontText_4F0F.font.s
[GEN]	Fonts/build/GlyphText/FontText_4FD8.font.s
[GEN]	Fonts/build/GlyphText/FontText_670D.font.s
[GEN]	Fonts/build/GlyphText/FontText_6D6E.font.s
[GEN]	Fonts/build/GlyphText/FontText_798F.font.s
[GEN]	Fonts/build/GlyphText/FontText_5F17.font.s
[GEN]	Fonts/build/GlyphText/FontText_629A.font.s
[GEN]	Fonts/build/GlyphText/FontText_8F85.font.s
[GEN]	Fonts/build/GlyphText/FontText_4FEF.font.s
[GEN]	Fonts/build/GlyphText/FontText_65A7.font.s
[GEN]	Fonts/build/GlyphText/FontText_5E9C.font.s
[GEN]	Fonts/build/GlyphText/FontText_8150.font.s
[GEN]	Fonts/build/GlyphText/FontText_8D74.font.s
[GEN]	Fonts/build/GlyphText/FontText_526F.font.s
[GEN]	Fonts/build/GlyphText/FontText_8986.font.s
[GEN]	Fonts/build/GlyphText/FontText_8D4B.font.s
[GEN]	Fonts/build/GlyphText/FontText_590D.font.s
[GEN]	Fonts/build/GlyphText/FontText_4ED8.font.s
[GEN]	Fonts/build/GlyphText/FontText_7236.font.s
[GEN]	Fonts/build/GlyphText/FontText_8D1F.font.s
[GEN]	Fonts/build/GlyphText/FontText_5BCC.font.s
[GEN]	Fonts/build/GlyphText/FontText_9644.font.s
[GEN]	Fonts/build/GlyphText/FontText_5987.font.s
[GEN]	Fonts/build/GlyphText/FontText_7F1A.font.s
[GEN]	Fonts/build/GlyphText/FontText_5490.font.s
[GEN]	Fonts/build/GlyphText/FontText_8BE5.font.s
[GEN]	Fonts/build/GlyphText/FontText_6539.font.s
[GEN]	Fonts/build/GlyphText/FontText_6982.font.s
[GEN]	Fonts/build/GlyphText/FontText_76D6.font.s
[GEN]	Fonts/build/GlyphText/FontText_5E72.font.s
[GEN]	Fonts/build/GlyphText/FontText_7518.font.s
[GEN]	Fonts/build/GlyphText/FontText_6746.font.s
[GEN]	Fonts/build/GlyphText/FontText_8D76.font.s
[GEN]	Fonts/build/GlyphText/FontText_611F.font.s
[GEN]	Fonts/build/GlyphText/FontText_6562.font.s
[GEN]	Fonts/build/GlyphText/FontText_5188.font.s
[GEN]	Fonts/build/GlyphText/FontText_521A.font.s
[GEN]	Fonts/build/GlyphText/FontText_94A2.font.s
[GEN]	Fonts/build/GlyphText/FontText_9AD8.font.s
[GEN]	Fonts/build/GlyphText/FontText_818F.font.s
[GEN]	Fonts/build/GlyphText/FontText_7F94.font.s
[GEN]	Fonts/build/GlyphText/FontText_7CD5.font.s
[GEN]	Fonts/build/GlyphText/FontText_641E.font.s
[GEN]	Fonts/build/GlyphText/FontText_544A.font.s
[GEN]	Fonts/build/GlyphText/FontText_54E5.font.s
[GEN]	Fonts/build/GlyphText/FontText_6B4C.font.s
[GEN]	Fonts/build/GlyphText/FontText_6208.font.s
[GEN]	Fonts/build/GlyphText/FontText_9769.font.s
[GEN]	Fonts/build/GlyphText/FontText_845B.font.s
[GEN]	Fonts/build/GlyphText/FontText_683C.font.s
[GEN]	Fonts/build/GlyphText/FontText_9601.font.s
[GEN]	Fonts/build/GlyphText/FontText_9694.font.s
[GEN]	Fonts/build/GlyphText/FontText_4E2A.font.s
[GEN]	Fonts/build/GlyphText/FontText_5404.font.s
[GEN]	Fonts/build/GlyphText/FontText_7ED9.font.s
[GEN]	Fonts/build/GlyphText/FontText_6839.font.s
[GEN]	Fonts/build/GlyphText/FontText_8DDF.font.s
[GEN]	Fonts/build/GlyphText/FontText_8015.font.s
[GEN]	Fonts/build/GlyphText/FontText_66F4.font.s
[GEN]	Fonts/build/GlyphText/FontText_803F.font.s
[GEN]	Fonts/build/GlyphText/FontText_5DE5.font.s
[GEN]	Fonts/build/GlyphText/FontText_653B.font.s
[GEN]	Fonts/build/GlyphText/FontText_529F.font.s
[GEN]	Fonts/build/GlyphText/FontText_606D.font.s
[GEN]	Fonts/build/GlyphText/FontText_4F9B.font.s
[GEN]	Fonts/build/GlyphText/FontText_8EAC.font.s
[GEN]	Fonts/build/GlyphText/FontText_516C.font.s
[GEN]	Fonts/build/GlyphText/FontText_5BAB.font.s
[GEN]	Fonts/build/GlyphText/FontText_5F13.font.s
[GEN]	Fonts/build/GlyphText/FontText_5DE9.font.s
[GEN]	Fonts/build/GlyphText/FontText_8D21.font.s
[GEN]	Fonts/build/GlyphText/FontText_5171.font.s
[GEN]	Fonts/build/GlyphText/FontText_52FE.font.s
[GEN]	Fonts/build/GlyphText/FontText_72D7.font.s
[GEN]	Fonts/build/GlyphText/FontText_6784.font.s
[GEN]	Fonts/build/GlyphText/FontText_8D2D.font.s
[GEN]	Fonts/build/GlyphText/FontText_591F.font.s
[GEN]	Fonts/build/GlyphText/FontText_8F9C.font.s
[GEN]	Fonts/build/GlyphText/FontText_4F30.font.s
[GEN]	Fonts/build/GlyphText/FontText_5B64.font.s
[GEN]	Fonts/build/GlyphText/FontText_59D1.font.s
[GEN]	Fonts/build/GlyphText/FontText_9F13.font.s
[GEN]	Fonts/build/GlyphText/FontText_53E4.font.s
[GEN]	Fonts/build/GlyphText/FontText_9AA8.font.s
[GEN]	Fonts/build/GlyphText/FontText_8C37.font.s
[GEN]	Fonts/build/GlyphText/FontText_80A1.font.s
[GEN]	Fonts/build/GlyphText/FontText_6545.font.s
[GEN]	Fonts/build/GlyphText/FontText_987E.font.s
[GEN]	Fonts/build/GlyphText/FontText_56FA.font.s
[GEN]	Fonts/build/GlyphText/FontText_96C7.font.s
[GEN]	Fonts/build/GlyphText/FontText_522E.font.s
[GEN]	Fonts/build/GlyphText/FontText_74DC.font.s
[GEN]	Fonts/build/GlyphText/FontText_6302.font.s
[GEN]	Fonts/build/GlyphText/FontText_4E56.font.s
[GEN]	Fonts/build/GlyphText/FontText_602A.font.s
[GEN]	Fonts/build/GlyphText/FontText_68FA.font.s
[GEN]	Fonts/build/GlyphText/FontText_5173.font.s
[GEN]	Fonts/build/GlyphText/FontText_5B98.font.s
[GEN]	Fonts/build/GlyphText/FontText_51A0.font.s
[GEN]	Fonts/build/GlyphText/FontText_89C2.font.s
[GEN]	Fonts/build/GlyphText/FontText_7BA1.font.s
[GEN]	Fonts/build/GlyphText/FontText_9986.font.s
[GEN]	Fonts/build/GlyphText/FontText_7F50.font.s
[GEN]	Fonts/build/GlyphText/FontText_60EF.font.s
[GEN]	Fonts/build/GlyphText/FontText_704C.font.s
[GEN]	Fonts/build/GlyphText/FontText_8D2F.font.s
[GEN]	Fonts/build/GlyphText/FontText_5149.font.s
[GEN]	Fonts/build/GlyphText/FontText_5E7F.font.s
[GEN]	Fonts/build/GlyphText/FontText_89C4.font.s
[GEN]	Fonts/build/GlyphText/FontText_5F52.font.s
[GEN]	Fonts/build/GlyphText/FontText_8F68.font.s
[GEN]	Fonts/build/GlyphText/FontText_9B3C.font.s
[GEN]	Fonts/build/GlyphText/FontText_8BE1.font.s
[GEN]	Fonts/build/GlyphText/FontText_8D35.font.s
[GEN]	Fonts/build/GlyphText/FontText_6EDA.font.s
[GEN]	Fonts/build/GlyphText/FontText_56FD.font.s
[GEN]	Fonts/build/GlyphText/FontText_679C.font.s
[GEN]	Fonts/build/GlyphText/FontText_8FC7.font.s
[GEN]	Fonts/build/GlyphText/FontText_54C8.font.s
[GEN]	Fonts/build/GlyphText/FontText_5B69.font.s
[GEN]	Fonts/build/GlyphText/FontText_6D77.font.s
[GEN]	Fonts/build/GlyphText/FontText_5BB3.font.s
[GEN]	Fonts/build/GlyphText/FontText_9A87.font.s
[GEN]	Fonts/build/GlyphText/FontText_542B.font.s
[GEN]	Fonts/build/GlyphText/FontText_5BD2.font.s
[GEN]	Fonts/build/GlyphText/FontText_558A.font.s
[GEN]	Fonts/build/GlyphText/FontText_7F55.font.s
[GEN]	Fonts/build/GlyphText/FontText_7FF0.font.s
[GEN]	Fonts/build/GlyphText/FontText_64BC.font.s
[GEN]	Fonts/build/GlyphText/FontText_61BE.font.s
[GEN]	Fonts/build/GlyphText/FontText_608D.font.s
[GEN]	Fonts/build/GlyphText/FontText_6C57.font.s
[GEN]	Fonts/build/GlyphText/FontText_6C49.font.s
[GEN]	Fonts/build/GlyphText/FontText_822A.font.s
[GEN]	Fonts/build/GlyphText/FontText_568E.font.s
[GEN]	Fonts/build/GlyphText/FontText_8C6A.font.s
[GEN]	Fonts/build/GlyphText/FontText_6BEB.font.s
[GEN]	Fonts/build/GlyphText/FontText_597D.font.s
[GEN]	Fonts/build/GlyphText/FontText_8017.font.s
[GEN]	Fonts/build/GlyphText/FontText_53F7.font.s
[GEN]	Fonts/build/GlyphText/FontText_5475.font.s
[GEN]	Fonts/build/GlyphText/FontText_559D.font.s
[GEN]	Fonts/build/GlyphText/FontText_548C.font.s
[GEN]	Fonts/build/GlyphText/FontText_4F55.font.s
[GEN]	Fonts/build/GlyphText/FontText_5408.font.s
[GEN]	Fonts/build/GlyphText/FontText_6CB3.font.s
[GEN]	Fonts/build/GlyphText/FontText_8D6B.font.s
[GEN]	Fonts/build/GlyphText/FontText_8D3A.font.s
[GEN]	Fonts/build/GlyphText/FontText_563F.font.s
[GEN]	Fonts/build/GlyphText/FontText_9ED1.font.s
[GEN]	Fonts/build/GlyphText/FontText_75D5.font.s
[GEN]	Fonts/build/GlyphText/FontText_5F88.font.s
[GEN]	Fonts/build/GlyphText/FontText_72E0.font.s
[GEN]	Fonts/build/GlyphText/FontText_6068.font.s
[GEN]	Fonts/build/GlyphText/FontText_54FC.font.s
[GEN]	Fonts/build/GlyphText/FontText_6A2A.font.s
[GEN]	Fonts/build/GlyphText/FontText_8861.font.s
[GEN]	Fonts/build/GlyphText/FontText_6052.font.s
[GEN]	Fonts/build/GlyphText/FontText_8F70.font.s
[GEN]	Fonts/build/GlyphText/FontText_5B8F.font.s
[GEN]	Fonts/build/GlyphText/FontText_7EA2.font.s
[GEN]	Fonts/build/GlyphText/FontText_4FAF.font.s
[GEN]	Fonts/build/GlyphText/FontText_539A.font.s
[GEN]	Fonts/build/GlyphText/FontText_5019.font.s
[GEN]	Fonts/build/GlyphText/FontText_540E.font.s
[GEN]	Fonts/build/GlyphText/FontText_547C.font.s
[GEN]	Fonts/build/GlyphText/FontText_4E4E.font.s
[GEN]	Fonts/build/GlyphText/FontText_5FFD.font.s
[GEN]	Fonts/build/GlyphText/FontText_80E1.font.s
[GEN]	Fonts/build/GlyphText/FontText_8774.font.s
[GEN]	Fonts/build/GlyphText/FontText_7CCA.font.s
[GEN]	Fonts/build/GlyphText/FontText_6E56.font.s
[GEN]	Fonts/build/GlyphText/FontText_864E.font.s
[GEN]	Fonts/build/GlyphText/FontText_62A4.font.s
[GEN]	Fonts/build/GlyphText/FontText_4E92.font.s
[GEN]	Fonts/build/GlyphText/FontText_6237.font.s
[GEN]	Fonts/build/GlyphText/FontText_82B1.font.s
[GEN]	Fonts/build/GlyphText/FontText_534E.font.s
[GEN]	Fonts/build/GlyphText/FontText_733E.font.s
[GEN]	Fonts/build/GlyphText/FontText_753B.font.s
[GEN]	Fonts/build/GlyphText/FontText_5212.font.s
[GEN]	Fonts/build/GlyphText/FontText_5316.font.s
[GEN]	Fonts/build/GlyphText/FontText_8BDD.font.s
[GEN]	Fonts/build/GlyphText/FontText_5F8A.font.s
[GEN]	Fonts/build/GlyphText/FontText_6000.font.s
[GEN]	Fonts/build/GlyphText/FontText_574F.font.s
[GEN]	Fonts/build/GlyphText/FontText_6B22.font.s
[GEN]	Fonts/build/GlyphText/FontText_73AF.font.s
[GEN]	Fonts/build/GlyphText/FontText_8FD8.font.s
[GEN]	Fonts/build/GlyphText/FontText_7F13.font.s
[GEN]	Fonts/build/GlyphText/FontText_6362.font.s
[GEN]	Fonts/build/GlyphText/FontText_60A3.font.s
[GEN]	Fonts/build/GlyphText/FontText_5524.font.s
[GEN]	Fonts/build/GlyphText/FontText_6DA3.font.s
[GEN]	Fonts/build/GlyphText/FontText_5E7B.font.s
[GEN]	Fonts/build/GlyphText/FontText_8352.font.s
[GEN]	Fonts/build/GlyphText/FontText_614C.font.s
[GEN]	Fonts/build/GlyphText/FontText_9EC4.font.s
[GEN]	Fonts/build/GlyphText/FontText_7687.font.s
[GEN]	Fonts/build/GlyphText/FontText_60F6.font.s
[GEN]	Fonts/build/GlyphText/FontText_6643.font.s
[GEN]	Fonts/build/GlyphText/FontText_8C0E.font.s
[GEN]	Fonts/build/GlyphText/FontText_7070.font.s
[GEN]	Fonts/build/GlyphText/FontText_6325.font.s
[GEN]	Fonts/build/GlyphText/FontText_8F89.font.s
[GEN]	Fonts/build/GlyphText/FontText_6062.font.s
[GEN]	Fonts/build/GlyphText/FontText_56DE.font.s
[GEN]	Fonts/build/GlyphText/FontText_6BC1.font.s
[GEN]	Fonts/build/GlyphText/FontText_6094.font.s
[GEN]	Fonts/build/GlyphText/FontText_6167.font.s
[GEN]	Fonts/build/GlyphText/FontText_60E0.font.s
[GEN]	Fonts/build/GlyphText/FontText_8D3F.font.s
[GEN]	Fonts/build/GlyphText/FontText_4F1A.font.s
[GEN]	Fonts/build/GlyphText/FontText_6C47.font.s
[GEN]	Fonts/build/GlyphText/FontText_8BF2.font.s
[GEN]	Fonts/build/GlyphText/FontText_7ED8.font.s
[GEN]	Fonts/build/GlyphText/FontText_660F.font.s
[GEN]	Fonts/build/GlyphText/FontText_5A5A.font.s
[GEN]	Fonts/build/GlyphText/FontText_9B42.font.s
[GEN]	Fonts/build/GlyphText/FontText_6DF7.font.s
[GEN]	Fonts/build/GlyphText/FontText_6D3B.font.s
[GEN]	Fonts/build/GlyphText/FontText_4F19.font.s
[GEN]	Fonts/build/GlyphText/FontText_706B.font.s
[GEN]	Fonts/build/GlyphText/FontText_83B7.font.s
[GEN]	Fonts/build/GlyphText/FontText_6216.font.s
[GEN]	Fonts/build/GlyphText/FontText_60D1.font.s
[GEN]	Fonts/build/GlyphText/FontText_8D27.font.s
[GEN]	Fonts/build/GlyphText/FontText_7978.font.s
[GEN]	Fonts/build/GlyphText/FontText_51FB.font.s
[GEN]	Fonts/build/GlyphText/FontText_573E.font.s
[GEN]	Fonts/build/GlyphText/FontText_57FA.font.s
[GEN]	Fonts/build/GlyphText/FontText_673A.font.s
[GEN]	Fonts/build/GlyphText/FontText_79EF.font.s
[GEN]	Fonts/build/GlyphText/FontText_808C.font.s
[GEN]	Fonts/build/GlyphText/FontText_9965.font.s
[GEN]	Fonts/build/GlyphText/FontText_8FF9.font.s
[GEN]	Fonts/build/GlyphText/FontText_6FC0.font.s
[GEN]	Fonts/build/GlyphText/FontText_9E21.font.s
[GEN]	Fonts/build/GlyphText/FontText_59EC.font.s
[GEN]	Fonts/build/GlyphText/FontText_7EE9.font.s
[GEN]	Fonts/build/GlyphText/FontText_7F09.font.s
[GEN]	Fonts/build/GlyphText/FontText_5409.font.s
[GEN]	Fonts/build/GlyphText/FontText_6781.font.s
[GEN]	Fonts/build/GlyphText/FontText_68D8.font.s
[GEN]	Fonts/build/GlyphText/FontText_7C4D.font.s
[GEN]	Fonts/build/GlyphText/FontText_96C6.font.s
[GEN]	Fonts/build/GlyphText/FontText_53CA.font.s
[GEN]	Fonts/build/GlyphText/FontText_6025.font.s
[GEN]	Fonts/build/GlyphText/FontText_75BE.font.s
[GEN]	Fonts/build/GlyphText/FontText_5373.font.s
[GEN]	Fonts/build/GlyphText/FontText_5AC9.font.s
[GEN]	Fonts/build/GlyphText/FontText_7EA7.font.s
[GEN]	Fonts/build/GlyphText/FontText_51E0.font.s
[GEN]	Fonts/build/GlyphText/FontText_5DF1.font.s
[GEN]	Fonts/build/GlyphText/FontText_6280.font.s
[GEN]	Fonts/build/GlyphText/FontText_4F0E.font.s
[GEN]	Fonts/build/GlyphText/FontText_796D.font.s
[GEN]	Fonts/build/GlyphText/FontText_6D4E.font.s
[GEN]	Fonts/build/GlyphText/FontText_5BC4.font.s
[GEN]	Fonts/build/GlyphText/FontText_5BC2.font.s
[GEN]	Fonts/build/GlyphText/FontText_8BA1.font.s
[GEN]	Fonts/build/GlyphText/FontText_8BB0.font.s
[GEN]	Fonts/build/GlyphText/FontText_65E2.font.s
[GEN]	Fonts/build/GlyphText/FontText_9645.font.s
[GEN]	Fonts/build/GlyphText/FontText_7EE7.font.s
[GEN]	Fonts/build/GlyphText/FontText_7EAA.font.s
[GEN]	Fonts/build/GlyphText/FontText_5609.font.s
[GEN]	Fonts/build/GlyphText/FontText_5939.font.s
[GEN]	Fonts/build/GlyphText/FontText_4F73.font.s
[GEN]	Fonts/build/GlyphText/FontText_5BB6.font.s
[GEN]	Fonts/build/GlyphText/FontText_52A0.font.s
[GEN]	Fonts/build/GlyphText/FontText_7532.font.s
[GEN]	Fonts/build/GlyphText/FontText_5047.font.s
[GEN]	Fonts/build/GlyphText/FontText_7A3C.font.s
[GEN]	Fonts/build/GlyphText/FontText_4EF7.font.s
[GEN]	Fonts/build/GlyphText/FontText_67B6.font.s
[GEN]	Fonts/build/GlyphText/FontText_9A7E.font.s
[GEN]	Fonts/build/GlyphText/FontText_5AC1.font.s
[GEN]	Fonts/build/GlyphText/FontText_6B7C.font.s
[GEN]	Fonts/build/GlyphText/FontText_76D1.font.s
[GEN]	Fonts/build/GlyphText/FontText_575A.font.s
[GEN]	Fonts/build/GlyphText/FontText_5C16.font.s
[GEN]	Fonts/build/GlyphText/FontText_95F4.font.s
[GEN]	Fonts/build/GlyphText/FontText_517C.font.s
[GEN]	Fonts/build/GlyphText/FontText_80A9.font.s
[GEN]	Fonts/build/GlyphText/FontText_8270.font.s
[GEN]	Fonts/build/GlyphText/FontText_5978.font.s
[GEN]	Fonts/build/GlyphText/FontText_6361.font.s
[GEN]	Fonts/build/GlyphText/FontText_7B80.font.s
[GEN]	Fonts/build/GlyphText/FontText_51CF.font.s
[GEN]	Fonts/build/GlyphText/FontText_8350.font.s
[GEN]	Fonts/build/GlyphText/FontText_8D31.font.s
[GEN]	Fonts/build/GlyphText/FontText_89C1.font.s
[GEN]	Fonts/build/GlyphText/FontText_952E.font.s
[GEN]	Fonts/build/GlyphText/FontText_7BAD.font.s
[GEN]	Fonts/build/GlyphText/FontText_4EF6.font.s
[GEN]	Fonts/build/GlyphText/FontText_5065.font.s
[GEN]	Fonts/build/GlyphText/FontText_5251.font.s
[GEN]	Fonts/build/GlyphText/FontText_6E10.font.s
[GEN]	Fonts/build/GlyphText/FontText_5EFA.font.s
[GEN]	Fonts/build/GlyphText/FontText_5C06.font.s
[GEN]	Fonts/build/GlyphText/FontText_5956.font.s
[GEN]	Fonts/build/GlyphText/FontText_8BB2.font.s
[GEN]	Fonts/build/GlyphText/FontText_964D.font.s
[GEN]	Fonts/build/GlyphText/FontText_7126.font.s
[GEN]	Fonts/build/GlyphText/FontText_4EA4.font.s
[GEN]	Fonts/build/GlyphText/FontText_90CA.font.s
[GEN]	Fonts/build/GlyphText/FontText_9A84.font.s
[GEN]	Fonts/build/GlyphText/FontText_5A07.font.s
[GEN]	Fonts/build/GlyphText/FontText_6405.font.s
[GEN]	Fonts/build/GlyphText/FontText_4FA5.font.s
[GEN]	Fonts/build/GlyphText/FontText_811A.font.s
[GEN]	Fonts/build/GlyphText/FontText_72E1.font.s
[GEN]	Fonts/build/GlyphText/FontText_89D2.font.s
[GEN]	Fonts/build/GlyphText/FontText_527F.font.s
[GEN]	Fonts/build/GlyphText/FontText_6559.font.s
[GEN]	Fonts/build/GlyphText/FontText_8F83.font.s
[GEN]	Fonts/build/GlyphText/FontText_53EB.font.s
[GEN]	Fonts/build/GlyphText/FontText_63A5.font.s
[GEN]	Fonts/build/GlyphText/FontText_7686.font.s
[GEN]	Fonts/build/GlyphText/FontText_9636.font.s
[GEN]	Fonts/build/GlyphText/FontText_52AB.font.s
[GEN]	Fonts/build/GlyphText/FontText_8282.font.s
[GEN]	Fonts/build/GlyphText/FontText_6770.font.s
[GEN]	Fonts/build/GlyphText/FontText_6377.font.s
[GEN]	Fonts/build/GlyphText/FontText_7AED.font.s
[GEN]	Fonts/build/GlyphText/FontText_6D01.font.s
[GEN]	Fonts/build/GlyphText/FontText_7ED3.font.s
[GEN]	Fonts/build/GlyphText/FontText_89E3.font.s
[GEN]	Fonts/build/GlyphText/FontText_59D0.font.s
[GEN]	Fonts/build/GlyphText/FontText_6212.font.s
[GEN]	Fonts/build/GlyphText/FontText_754C.font.s
[GEN]	Fonts/build/GlyphText/FontText_501F.font.s
[GEN]	Fonts/build/GlyphText/FontText_4ECB.font.s
[GEN]	Fonts/build/GlyphText/FontText_91D1.font.s
[GEN]	Fonts/build/GlyphText/FontText_4ECA.font.s
[GEN]	Fonts/build/GlyphText/FontText_6D25.font.s
[GEN]	Fonts/build/GlyphText/FontText_7D27.font.s
[GEN]	Fonts/build/GlyphText/FontText_4EC5.font.s
[GEN]	Fonts/build/GlyphText/FontText_8C28.font.s
[GEN]	Fonts/build/GlyphText/FontText_8FDB.font.s
[GEN]	Fonts/build/GlyphText/FontText_664B.font.s
[GEN]	Fonts/build/GlyphText/FontText_7981.font.s
[GEN]	Fonts/build/GlyphText/FontText_8FD1.font.s
[GEN]	Fonts/build/GlyphText/FontText_70EC.font.s
[GEN]	Fonts/build/GlyphText/FontText_6D78.font.s
[GEN]	Fonts/build/GlyphText/FontText_5C3D.font.s
[GEN]	Fonts/build/GlyphText/FontText_52B2.font.s
[GEN]	Fonts/build/GlyphText/FontText_775B.font.s
[GEN]	Fonts/build/GlyphText/FontText_60CA.font.s
[GEN]	Fonts/build/GlyphText/FontText_7CBE.font.s
[GEN]	Fonts/build/GlyphText/FontText_7ECF.font.s
[GEN]	Fonts/build/GlyphText/FontText_4E95.font.s
[GEN]	Fonts/build/GlyphText/FontText_8B66.font.s
[GEN]	Fonts/build/GlyphText/FontText_666F.font.s
[GEN]	Fonts/build/GlyphText/FontText_9759.font.s
[GEN]	Fonts/build/GlyphText/FontText_5883.font.s
[GEN]	Fonts/build/GlyphText/FontText_656C.font.s
[GEN]	Fonts/build/GlyphText/FontText_955C.font.s
[GEN]	Fonts/build/GlyphText/FontText_7ADF.font.s
[GEN]	Fonts/build/GlyphText/FontText_7ADE.font.s
[GEN]	Fonts/build/GlyphText/FontText_51C0.font.s
[GEN]	Fonts/build/GlyphText/FontText_63EA.font.s
[GEN]	Fonts/build/GlyphText/FontText_7A76.font.s
[GEN]	Fonts/build/GlyphText/FontText_7EA0.font.s
[GEN]	Fonts/build/GlyphText/FontText_4E45.font.s
[GEN]	Fonts/build/GlyphText/FontText_4E5D.font.s
[GEN]	Fonts/build/GlyphText/FontText_9152.font.s
[GEN]	Fonts/build/GlyphText/FontText_6551.font.s
[GEN]	Fonts/build/GlyphText/FontText_65E7.font.s
[GEN]	Fonts/build/GlyphText/FontText_8205.font.s
[GEN]	Fonts/build/GlyphText/FontText_5C31.font.s
[GEN]	Fonts/build/GlyphText/FontText_97A0.font.s
[GEN]	Fonts/build/GlyphText/FontText_62D8.font.s
[GEN]	Fonts/build/GlyphText/FontText_72D9.font.s
[GEN]	Fonts/build/GlyphText/FontText_5C45.font.s
[GEN]	Fonts/build/GlyphText/FontText_5C40.font.s
[GEN]	Fonts/build/GlyphText/FontText_77E9.font.s
[GEN]	Fonts/build/GlyphText/FontText_4E3E.font.s
[GEN]	Fonts/build/GlyphText/FontText_6CAE.font.s
[GEN]	Fonts/build/GlyphText/FontText_805A.font.s
[GEN]	Fonts/build/GlyphText/FontText_62D2.font.s
[GEN]	Fonts/build/GlyphText/FontText_636E.font.s
[GEN]	Fonts/build/GlyphText/FontText_5DE8.font.s
[GEN]	Fonts/build/GlyphText/FontText_5177.font.s
[GEN]	Fonts/build/GlyphText/FontText_8DDD.font.s
[GEN]	Fonts/build/GlyphText/FontText_8E1E.font.s
[GEN]	Fonts/build/GlyphText/FontText_53E5.font.s
[GEN]	Fonts/build/GlyphText/FontText_60E7.font.s
[GEN]	Fonts/build/GlyphText/FontText_5267.font.s
[GEN]	Fonts/build/GlyphText/FontText_5026.font.s
[GEN]	Fonts/build/GlyphText/FontText_7737.font.s
[GEN]	Fonts/build/GlyphText/FontText_5377.font.s
[GEN]	Fonts/build/GlyphText/FontText_7235.font.s
[GEN]	Fonts/build/GlyphText/FontText_89C9.font.s
[GEN]	Fonts/build/GlyphText/FontText_51B3.font.s
[GEN]	Fonts/build/GlyphText/FontText_8BC0.font.s
[GEN]	Fonts/build/GlyphText/FontText_7EDD.font.s
[GEN]	Fonts/build/GlyphText/FontText_5747.font.s
[GEN]	Fonts/build/GlyphText/FontText_519B.font.s
[GEN]	Fonts/build/GlyphText/FontText_541B.font.s
[GEN]	Fonts/build/GlyphText/FontText_5CFB.font.s
[GEN]	Fonts/build/GlyphText/FontText_4FCA.font.s
[GEN]	Fonts/build/GlyphText/FontText_5361.font.s
[GEN]	Fonts/build/GlyphText/FontText_54AF.font.s
[GEN]	Fonts/build/GlyphText/FontText_5F00.font.s
[GEN]	Fonts/build/GlyphText/FontText_6977.font.s
[GEN]	Fonts/build/GlyphText/FontText_51EF.font.s
[GEN]	Fonts/build/GlyphText/FontText_6168.font.s
[GEN]	Fonts/build/GlyphText/FontText_582A.font.s
[GEN]	Fonts/build/GlyphText/FontText_574E.font.s
[GEN]	Fonts/build/GlyphText/FontText_780D.font.s
[GEN]	Fonts/build/GlyphText/FontText_770B.font.s
[GEN]	Fonts/build/GlyphText/FontText_5EB7.font.s
[GEN]	Fonts/build/GlyphText/FontText_6297.font.s
[GEN]	Fonts/build/GlyphText/FontText_8003.font.s
[GEN]	Fonts/build/GlyphText/FontText_62F7.font.s
[GEN]	Fonts/build/GlyphText/FontText_9760.font.s
[GEN]	Fonts/build/GlyphText/FontText_67EF.font.s
[GEN]	Fonts/build/GlyphText/FontText_68F5.font.s
[GEN]	Fonts/build/GlyphText/FontText_78D5.font.s
[GEN]	Fonts/build/GlyphText/FontText_9897.font.s
[GEN]	Fonts/build/GlyphText/FontText_79D1.font.s
[GEN]	Fonts/build/GlyphText/FontText_54B3.font.s
[GEN]	Fonts/build/GlyphText/FontText_53EF.font.s
[GEN]	Fonts/build/GlyphText/FontText_514B.font.s
[GEN]	Fonts/build/GlyphText/FontText_523B.font.s
[GEN]	Fonts/build/GlyphText/FontText_5BA2.font.s
[GEN]	Fonts/build/GlyphText/FontText_8BFE.font.s
[GEN]	Fonts/build/GlyphText/FontText_80AF.font.s
[GEN]	Fonts/build/GlyphText/FontText_5543.font.s
[GEN]	Fonts/build/GlyphText/FontText_57A6.font.s
[GEN]	Fonts/build/GlyphText/FontText_6073.font.s
[GEN]	Fonts/build/GlyphText/FontText_5751.font.s
[GEN]	Fonts/build/GlyphText/FontText_7A7A.font.s
[GEN]	Fonts/build/GlyphText/FontText_6050.font.s
[GEN]	Fonts/build/GlyphText/FontText_5B54.font.s
[GEN]	Fonts/build/GlyphText/FontText_63A7.font.s
[GEN]	Fonts/build/GlyphText/FontText_53E3.font.s
[GEN]	Fonts/build/GlyphText/FontText_6263.font.s
[GEN]	Fonts/build/GlyphText/FontText_67AF.font.s
[GEN]	Fonts/build/GlyphText/FontText_54ED.font.s
[GEN]	Fonts/build/GlyphText/FontText_7A9F.font.s
[GEN]	Fonts/build/GlyphText/FontText_82E6.font.s
[GEN]	Fonts/build/GlyphText/FontText_9177.font.s
[GEN]	Fonts/build/GlyphText/FontText_5E93.font.s
[GEN]	Fonts/build/GlyphText/FontText_5938.font.s
[GEN]	Fonts/build/GlyphText/FontText_5757.font.s
[GEN]	Fonts/build/GlyphText/FontText_5FEB.font.s
[GEN]	Fonts/build/GlyphText/FontText_5BBD.font.s
[GEN]	Fonts/build/GlyphText/FontText_72C2.font.s
[GEN]	Fonts/build/GlyphText/FontText_77FF.font.s
[GEN]	Fonts/build/GlyphText/FontText_51B5.font.s
[GEN]	Fonts/build/GlyphText/FontText_4E8F.font.s
[GEN]	Fonts/build/GlyphText/FontText_76D4.font.s
[GEN]	Fonts/build/GlyphText/FontText_7AA5.font.s
[GEN]	Fonts/build/GlyphText/FontText_9B41.font.s
[GEN]	Fonts/build/GlyphText/FontText_5080.font.s
[GEN]	Fonts/build/GlyphText/FontText_6127.font.s
[GEN]	Fonts/build/GlyphText/FontText_6E83.font.s
[GEN]	Fonts/build/GlyphText/FontText_56F0.font.s
[GEN]	Fonts/build/GlyphText/FontText_62EC.font.s
[GEN]	Fonts/build/GlyphText/FontText_6269.font.s
[GEN]	Fonts/build/GlyphText/FontText_9614.font.s
[GEN]	Fonts/build/GlyphText/FontText_5783.font.s
[GEN]	Fonts/build/GlyphText/FontText_62C9.font.s
[GEN]	Fonts/build/GlyphText/FontText_5566.font.s
[GEN]	Fonts/build/GlyphText/FontText_83B1.font.s
[GEN]	Fonts/build/GlyphText/FontText_6765.font.s
[GEN]	Fonts/build/GlyphText/FontText_8D56.font.s
[GEN]	Fonts/build/GlyphText/FontText_84DD.font.s
[GEN]	Fonts/build/GlyphText/FontText_680F.font.s
[GEN]	Fonts/build/GlyphText/FontText_7BEE.font.s
[GEN]	Fonts/build/GlyphText/FontText_5170.font.s
[GEN]	Fonts/build/GlyphText/FontText_89C8.font.s
[GEN]	Fonts/build/GlyphText/FontText_61D2.font.s
[GEN]	Fonts/build/GlyphText/FontText_7F06.font.s
[GEN]	Fonts/build/GlyphText/FontText_70C2.font.s
[GEN]	Fonts/build/GlyphText/FontText_6EE5.font.s
[GEN]	Fonts/build/GlyphText/FontText_72FC.font.s
[GEN]	Fonts/build/GlyphText/FontText_90CE.font.s
[GEN]	Fonts/build/GlyphText/FontText_6717.font.s
[GEN]	Fonts/build/GlyphText/FontText_6D6A.font.s
[GEN]	Fonts/build/GlyphText/FontText_52B3.font.s
[GEN]	Fonts/build/GlyphText/FontText_7262.font.s
[GEN]	Fonts/build/GlyphText/FontText_8001.font.s
[GEN]	Fonts/build/GlyphText/FontText_4E50.font.s
[GEN]	Fonts/build/GlyphText/FontText_96F7.font.s
[GEN]	Fonts/build/GlyphText/FontText_857E.font.s
[GEN]	Fonts/build/GlyphText/FontText_7D2F.font.s
[GEN]	Fonts/build/GlyphText/FontText_5121.font.s
[GEN]	Fonts/build/GlyphText/FontText_5792.font.s
[GEN]	Fonts/build/GlyphText/FontText_7C7B.font.s
[GEN]	Fonts/build/GlyphText/FontText_6CEA.font.s
[GEN]	Fonts/build/GlyphText/FontText_695E.font.s
[GEN]	Fonts/build/GlyphText/FontText_51B7.font.s
[GEN]	Fonts/build/GlyphText/FontText_79BB.font.s
[GEN]	Fonts/build/GlyphText/FontText_7406.font.s
[GEN]	Fonts/build/GlyphText/FontText_91CC.font.s
[GEN]	Fonts/build/GlyphText/FontText_793C.font.s
[GEN]	Fonts/build/GlyphText/FontText_8389.font.s
[GEN]	Fonts/build/GlyphText/FontText_540F.font.s
[GEN]	Fonts/build/GlyphText/FontText_4E3D.font.s
[GEN]	Fonts/build/GlyphText/FontText_5389.font.s
[GEN]	Fonts/build/GlyphText/FontText_52B1.font.s
[GEN]	Fonts/build/GlyphText/FontText_5386.font.s
[GEN]	Fonts/build/GlyphText/FontText_5229.font.s
[GEN]	Fonts/build/GlyphText/FontText_4F8B.font.s
[GEN]	Fonts/build/GlyphText/FontText_7ACB.font.s
[GEN]	Fonts/build/GlyphText/FontText_96B6.font.s
[GEN]	Fonts/build/GlyphText/FontText_529B.font.s
[GEN]	Fonts/build/GlyphText/FontText_54E9.font.s
[GEN]	Fonts/build/GlyphText/FontText_4FE9.font.s
[GEN]	Fonts/build/GlyphText/FontText_8054.font.s
[GEN]	Fonts/build/GlyphText/FontText_83B2.font.s
[GEN]	Fonts/build/GlyphText/FontText_8FDE.font.s
[GEN]	Fonts/build/GlyphText/FontText_601C.font.s
[GEN]	Fonts/build/GlyphText/FontText_8138.font.s
[GEN]	Fonts/build/GlyphText/FontText_94FE.font.s
[GEN]	Fonts/build/GlyphText/FontText_604B.font.s
[GEN]	Fonts/build/GlyphText/FontText_70BC.font.s
[GEN]	Fonts/build/GlyphText/FontText_7EC3.font.s
[GEN]	Fonts/build/GlyphText/FontText_7CAE.font.s
[GEN]	Fonts/build/GlyphText/FontText_51C9.font.s
[GEN]	Fonts/build/GlyphText/FontText_826F.font.s
[GEN]	Fonts/build/GlyphText/FontText_4E24.font.s
[GEN]	Fonts/build/GlyphText/FontText_91CF.font.s
[GEN]	Fonts/build/GlyphText/FontText_4EAE.font.s
[GEN]	Fonts/build/GlyphText/FontText_8C05.font.s
[GEN]	Fonts/build/GlyphText/FontText_804A.font.s
[GEN]	Fonts/build/GlyphText/FontText_7597.font.s
[GEN]	Fonts/build/GlyphText/FontText_4E86.font.s
[GEN]	Fonts/build/GlyphText/FontText_6599.font.s
[GEN]	Fonts/build/GlyphText/FontText_5217.font.s
[GEN]	Fonts/build/GlyphText/FontText_88C2.font.s
[GEN]	Fonts/build/GlyphText/FontText_70C8.font.s
[GEN]	Fonts/build/GlyphText/FontText_52A3.font.s
[GEN]	Fonts/build/GlyphText/FontText_730E.font.s
[GEN]	Fonts/build/GlyphText/FontText_6797.font.s
[GEN]	Fonts/build/GlyphText/FontText_4E34.font.s
[GEN]	Fonts/build/GlyphText/FontText_90BB.font.s
[GEN]	Fonts/build/GlyphText/FontText_9CDE.font.s
[GEN]	Fonts/build/GlyphText/FontText_51DB.font.s
[GEN]	Fonts/build/GlyphText/FontText_96F6.font.s
[GEN]	Fonts/build/GlyphText/FontText_9F84.font.s
[GEN]	Fonts/build/GlyphText/FontText_51CC.font.s
[GEN]	Fonts/build/GlyphText/FontText_7075.font.s
[GEN]	Fonts/build/GlyphText/FontText_9886.font.s
[GEN]	Fonts/build/GlyphText/FontText_53E6.font.s
[GEN]	Fonts/build/GlyphText/FontText_4EE4.font.s
[GEN]	Fonts/build/GlyphText/FontText_6E9C.font.s
[GEN]	Fonts/build/GlyphText/FontText_7559.font.s
[GEN]	Fonts/build/GlyphText/FontText_6D41.font.s
[GEN]	Fonts/build/GlyphText/FontText_516D.font.s
[GEN]	Fonts/build/GlyphText/FontText_9F99.font.s
[GEN]	Fonts/build/GlyphText/FontText_804B.font.s
[GEN]	Fonts/build/GlyphText/FontText_7B3C.font.s
[GEN]	Fonts/build/GlyphText/FontText_9686.font.s
[GEN]	Fonts/build/GlyphText/FontText_697C.font.s
[GEN]	Fonts/build/GlyphText/FontText_6F0F.font.s
[GEN]	Fonts/build/GlyphText/FontText_964B.font.s
[GEN]	Fonts/build/GlyphText/FontText_5362.font.s
[GEN]	Fonts/build/GlyphText/FontText_864F.font.s
[GEN]	Fonts/build/GlyphText/FontText_9C81.font.s
[GEN]	Fonts/build/GlyphText/FontText_9732.font.s
[GEN]	Fonts/build/GlyphText/FontText_8DEF.font.s
[GEN]	Fonts/build/GlyphText/FontText_8D42.font.s
[GEN]	Fonts/build/GlyphText/FontText_9E7F.font.s
[GEN]	Fonts/build/GlyphText/FontText_5F55.font.s
[GEN]	Fonts/build/GlyphText/FontText_9646.font.s
[GEN]	Fonts/build/GlyphText/FontText_4FA3.font.s
[GEN]	Fonts/build/GlyphText/FontText_65C5.font.s
[GEN]	Fonts/build/GlyphText/FontText_5C61.font.s
[GEN]	Fonts/build/GlyphText/FontText_8651.font.s
[GEN]	Fonts/build/GlyphText/FontText_5F8B.font.s
[GEN]	Fonts/build/GlyphText/FontText_7387.font.s
[GEN]	Fonts/build/GlyphText/FontText_7EFF.font.s
[GEN]	Fonts/build/GlyphText/FontText_4E71.font.s
[GEN]	Fonts/build/GlyphText/FontText_7565.font.s
[GEN]	Fonts/build/GlyphText/FontText_8F6E.font.s
[GEN]	Fonts/build/GlyphText/FontText_4F26.font.s
[GEN]	Fonts/build/GlyphText/FontText_6CA6.font.s
[GEN]	Fonts/build/GlyphText/FontText_8BBA.font.s
[GEN]	Fonts/build/GlyphText/FontText_7F57.font.s
[GEN]	Fonts/build/GlyphText/FontText_843D.font.s
[GEN]	Fonts/build/GlyphText/FontText_6D1B.font.s
[GEN]	Fonts/build/GlyphText/FontText_7EDC.font.s
[GEN]	Fonts/build/GlyphText/FontText_5988.font.s
[GEN]	Fonts/build/GlyphText/FontText_9EBB.font.s
[GEN]	Fonts/build/GlyphText/FontText_739B.font.s
[GEN]	Fonts/build/GlyphText/FontText_7801.font.s
[GEN]	Fonts/build/GlyphText/FontText_9A6C.font.s
[GEN]	Fonts/build/GlyphText/FontText_9A82.font.s
[GEN]	Fonts/build/GlyphText/FontText_561B.font.s
[GEN]	Fonts/build/GlyphText/FontText_5417.font.s
[GEN]	Fonts/build/GlyphText/FontText_57CB.font.s
[GEN]	Fonts/build/GlyphText/FontText_4E70.font.s
[GEN]	Fonts/build/GlyphText/FontText_5356.font.s
[GEN]	Fonts/build/GlyphText/FontText_8FC8.font.s
[GEN]	Fonts/build/GlyphText/FontText_8109.font.s
[GEN]	Fonts/build/GlyphText/FontText_7792.font.s
[GEN]	Fonts/build/GlyphText/FontText_86EE.font.s
[GEN]	Fonts/build/GlyphText/FontText_6EE1.font.s
[GEN]	Fonts/build/GlyphText/FontText_8513.font.s
[GEN]	Fonts/build/GlyphText/FontText_6162.font.s
[GEN]	Fonts/build/GlyphText/FontText_6F2B.font.s
[GEN]	Fonts/build/GlyphText/FontText_8292.font.s
[GEN]	Fonts/build/GlyphText/FontText_832B.font.s
[GEN]	Fonts/build/GlyphText/FontText_76F2.font.s
[GEN]	Fonts/build/GlyphText/FontText_6C13.font.s
[GEN]	Fonts/build/GlyphText/FontText_5FD9.font.s
[GEN]	Fonts/build/GlyphText/FontText_83BD.font.s
[GEN]	Fonts/build/GlyphText/FontText_732B.font.s
[GEN]	Fonts/build/GlyphText/FontText_8305.font.s
[GEN]	Fonts/build/GlyphText/FontText_6BDB.font.s
[GEN]	Fonts/build/GlyphText/FontText_8302.font.s
[GEN]	Fonts/build/GlyphText/FontText_5192.font.s
[GEN]	Fonts/build/GlyphText/FontText_8C8C.font.s
[GEN]	Fonts/build/GlyphText/FontText_4E48.font.s
[GEN]	Fonts/build/GlyphText/FontText_6885.font.s
[GEN]	Fonts/build/GlyphText/FontText_9709.font.s
[GEN]	Fonts/build/GlyphText/FontText_6CA1.font.s
[GEN]	Fonts/build/GlyphText/FontText_7709.font.s
[GEN]	Fonts/build/GlyphText/FontText_6BCF.font.s
[GEN]	Fonts/build/GlyphText/FontText_7F8E.font.s
[GEN]	Fonts/build/GlyphText/FontText_6627.font.s
[GEN]	Fonts/build/GlyphText/FontText_59B9.font.s
[GEN]	Fonts/build/GlyphText/FontText_5A9A.font.s
[GEN]	Fonts/build/GlyphText/FontText_95E8.font.s
[GEN]	Fonts/build/GlyphText/FontText_95F7.font.s
[GEN]	Fonts/build/GlyphText/FontText_4EEC.font.s
[GEN]	Fonts/build/GlyphText/FontText_8499.font.s
[GEN]	Fonts/build/GlyphText/FontText_76DF.font.s
[GEN]	Fonts/build/GlyphText/FontText_731B.font.s
[GEN]	Fonts/build/GlyphText/FontText_68A6.font.s
[GEN]	Fonts/build/GlyphText/FontText_8FF7.font.s
[GEN]	Fonts/build/GlyphText/FontText_8C1C.font.s
[GEN]	Fonts/build/GlyphText/FontText_5F25.font.s
[GEN]	Fonts/build/GlyphText/FontText_7C73.font.s
[GEN]	Fonts/build/GlyphText/FontText_79D8.font.s
[GEN]	Fonts/build/GlyphText/FontText_5BC6.font.s
[GEN]	Fonts/build/GlyphText/FontText_7720.font.s
[GEN]	Fonts/build/GlyphText/FontText_5195.font.s
[GEN]	Fonts/build/GlyphText/FontText_514D.font.s
[GEN]	Fonts/build/GlyphText/FontText_52C9.font.s
[GEN]	Fonts/build/GlyphText/FontText_9762.font.s
[GEN]	Fonts/build/GlyphText/FontText_82D7.font.s
[GEN]	Fonts/build/GlyphText/FontText_63CF.font.s
[GEN]	Fonts/build/GlyphText/FontText_7784.font.s
[GEN]	Fonts/build/GlyphText/FontText_6E3A.font.s
[GEN]	Fonts/build/GlyphText/FontText_5999.font.s
[GEN]	Fonts/build/GlyphText/FontText_706D.font.s
[GEN]	Fonts/build/GlyphText/FontText_6C11.font.s
[GEN]	Fonts/build/GlyphText/FontText_654F.font.s
[GEN]	Fonts/build/GlyphText/FontText_660E.font.s
[GEN]	Fonts/build/GlyphText/FontText_540D.font.s
[GEN]	Fonts/build/GlyphText/FontText_547D.font.s
[GEN]	Fonts/build/GlyphText/FontText_8C2C.font.s
[GEN]	Fonts/build/GlyphText/FontText_6478.font.s
[GEN]	Fonts/build/GlyphText/FontText_6A21.font.s
[GEN]	Fonts/build/GlyphText/FontText_78E8.font.s
[GEN]	Fonts/build/GlyphText/FontText_9B54.font.s
[GEN]	Fonts/build/GlyphText/FontText_62B9.font.s
[GEN]	Fonts/build/GlyphText/FontText_672B.font.s
[GEN]	Fonts/build/GlyphText/FontText_83AB.font.s
[GEN]	Fonts/build/GlyphText/FontText_9ED8.font.s
[GEN]	Fonts/build/GlyphText/FontText_6F20.font.s
[GEN]	Fonts/build/GlyphText/FontText_5BDE.font.s
[GEN]	Fonts/build/GlyphText/FontText_964C.font.s
[GEN]	Fonts/build/GlyphText/FontText_8C0B.font.s
[GEN]	Fonts/build/GlyphText/FontText_67D0.font.s
[GEN]	Fonts/build/GlyphText/FontText_59C6.font.s
[GEN]	Fonts/build/GlyphText/FontText_6BCD.font.s
[GEN]	Fonts/build/GlyphText/FontText_5E55.font.s
[GEN]	Fonts/build/GlyphText/FontText_6155.font.s
[GEN]	Fonts/build/GlyphText/FontText_6728.font.s
[GEN]	Fonts/build/GlyphText/FontText_76EE.font.s
[GEN]	Fonts/build/GlyphText/FontText_7766.font.s
[GEN]	Fonts/build/GlyphText/FontText_7267.font.s
[GEN]	Fonts/build/GlyphText/FontText_7A46.font.s
[GEN]	Fonts/build/GlyphText/FontText_62FF.font.s
[GEN]	Fonts/build/GlyphText/FontText_54EA.font.s
[GEN]	Fonts/build/GlyphText/FontText_94A0.font.s
[GEN]	Fonts/build/GlyphText/FontText_90A3.font.s
[GEN]	Fonts/build/GlyphText/FontText_5A1C.font.s
[GEN]	Fonts/build/GlyphText/FontText_7EB3.font.s
[GEN]	Fonts/build/GlyphText/FontText_5976.font.s
[GEN]	Fonts/build/GlyphText/FontText_8010.font.s
[GEN]	Fonts/build/GlyphText/FontText_5948.font.s
[GEN]	Fonts/build/GlyphText/FontText_5357.font.s
[GEN]	Fonts/build/GlyphText/FontText_7537.font.s
[GEN]	Fonts/build/GlyphText/FontText_96BE.font.s
[GEN]	Fonts/build/GlyphText/FontText_6320.font.s
[GEN]	Fonts/build/GlyphText/FontText_8111.font.s
[GEN]	Fonts/build/GlyphText/FontText_607C.font.s
[GEN]	Fonts/build/GlyphText/FontText_95F9.font.s
[GEN]	Fonts/build/GlyphText/FontText_5462.font.s
[GEN]	Fonts/build/GlyphText/FontText_5185.font.s
[GEN]	Fonts/build/GlyphText/FontText_5AE9.font.s
[GEN]	Fonts/build/GlyphText/FontText_80FD.font.s
[GEN]	Fonts/build/GlyphText/FontText_59AE.font.s
[GEN]	Fonts/build/GlyphText/FontText_6CE5.font.s
[GEN]	Fonts/build/GlyphText/FontText_5C3C.font.s
[GEN]	Fonts/build/GlyphText/FontText_4F60.font.s
[GEN]	Fonts/build/GlyphText/FontText_5E74.font.s
[GEN]	Fonts/build/GlyphText/FontText_5FF5.font.s
[GEN]	Fonts/build/GlyphText/FontText_5A18.font.s
[GEN]	Fonts/build/GlyphText/FontText_9E1F.font.s
[GEN]	Fonts/build/GlyphText/FontText_60A8.font.s
[GEN]	Fonts/build/GlyphText/FontText_51DD.font.s
[GEN]	Fonts/build/GlyphText/FontText_5B81.font.s
[GEN]	Fonts/build/GlyphText/FontText_725B.font.s
[GEN]	Fonts/build/GlyphText/FontText_626D.font.s
[GEN]	Fonts/build/GlyphText/FontText_6D53.font.s
[GEN]	Fonts/build/GlyphText/FontText_519C.font.s
[GEN]	Fonts/build/GlyphText/FontText_5F04.font.s
[GEN]	Fonts/build/GlyphText/FontText_5974.font.s
[GEN]	Fonts/build/GlyphText/FontText_52AA.font.s
[GEN]	Fonts/build/GlyphText/FontText_6012.font.s
[GEN]	Fonts/build/GlyphText/FontText_5973.font.s
[GEN]	Fonts/build/GlyphText/FontText_6696.font.s
[GEN]	Fonts/build/GlyphText/FontText_8650.font.s
[GEN]	Fonts/build/GlyphText/FontText_61E6.font.s
[GEN]	Fonts/build/GlyphText/FontText_8BFA.font.s
[GEN]	Fonts/build/GlyphText/FontText_54E6.font.s
[GEN]	Fonts/build/GlyphText/FontText_5076.font.s
[GEN]	Fonts/build/GlyphText/FontText_722C.font.s
[GEN]	Fonts/build/GlyphText/FontText_6015.font.s
[GEN]	Fonts/build/GlyphText/FontText_62CD.font.s
[GEN]	Fonts/build/GlyphText/FontText_6392.font.s
[GEN]	Fonts/build/GlyphText/FontText_724C.font.s
[GEN]	Fonts/build/GlyphText/FontText_5F98.font.s
[GEN]	Fonts/build/GlyphText/FontText_6D3E.font.s
[GEN]	Fonts/build/GlyphText/FontText_6F58.font.s
[GEN]	Fonts/build/GlyphText/FontText_76D8.font.s
[GEN]	Fonts/build/GlyphText/FontText_78D0.font.s
[GEN]	Fonts/build/GlyphText/FontText_76FC.font.s
[GEN]	Fonts/build/GlyphText/FontText_5224.font.s
[GEN]	Fonts/build/GlyphText/FontText_53DB.font.s
[GEN]	Fonts/build/GlyphText/FontText_5E9E.font.s
[GEN]	Fonts/build/GlyphText/FontText_65C1.font.s
[GEN]	Fonts/build/GlyphText/FontText_80D6.font.s
[GEN]	Fonts/build/GlyphText/FontText_629B.font.s
[GEN]	Fonts/build/GlyphText/FontText_888D.font.s
[GEN]	Fonts/build/GlyphText/FontText_8DD1.font.s
[GEN]	Fonts/build/GlyphText/FontText_6CE1.font.s
[GEN]	Fonts/build/GlyphText/FontText_5478.font.s
[GEN]	Fonts/build/GlyphText/FontText_57F9.font.s
[GEN]	Fonts/build/GlyphText/FontText_8D54.font.s
[GEN]	Fonts/build/GlyphText/FontText_966A.font.s
[GEN]	Fonts/build/GlyphText/FontText_914D.font.s
[GEN]	Fonts/build/GlyphText/FontText_4F69.font.s
[GEN]	Fonts/build/GlyphText/FontText_55B7.font.s
[GEN]	Fonts/build/GlyphText/FontText_84EC.font.s
[GEN]	Fonts/build/GlyphText/FontText_670B.font.s
[GEN]	Fonts/build/GlyphText/FontText_78B0.font.s
[GEN]	Fonts/build/GlyphText/FontText_6279.font.s
[GEN]	Fonts/build/GlyphText/FontText_813E.font.s
[GEN]	Fonts/build/GlyphText/FontText_75B2.font.s
[GEN]	Fonts/build/GlyphText/FontText_76AE.font.s
[GEN]	Fonts/build/GlyphText/FontText_5339.font.s
[GEN]	Fonts/build/GlyphText/FontText_50FB.font.s
[GEN]	Fonts/build/GlyphText/FontText_5C41.font.s
[GEN]	Fonts/build/GlyphText/FontText_504F.font.s
[GEN]	Fonts/build/GlyphText/FontText_7247.font.s
[GEN]	Fonts/build/GlyphText/FontText_9A97.font.s
[GEN]	Fonts/build/GlyphText/FontText_98D8.font.s
[GEN]	Fonts/build/GlyphText/FontText_6F02.font.s
[GEN]	Fonts/build/GlyphText/FontText_62FC.font.s
[GEN]	Fonts/build/GlyphText/FontText_9891.font.s
[GEN]	Fonts/build/GlyphText/FontText_8D2B.font.s
[GEN]	Fonts/build/GlyphText/FontText_54C1.font.s
[GEN]	Fonts/build/GlyphText/FontText_5E73.font.s
[GEN]	Fonts/build/GlyphText/FontText_51ED.font.s
[GEN]	Fonts/build/GlyphText/FontText_8BC4.font.s
[GEN]	Fonts/build/GlyphText/FontText_5C4F.font.s
[GEN]	Fonts/build/GlyphText/FontText_6CFC.font.s
[GEN]	Fonts/build/GlyphText/FontText_5A46.font.s
[GEN]	Fonts/build/GlyphText/FontText_7834.font.s
[GEN]	Fonts/build/GlyphText/FontText_9B44.font.s
[GEN]	Fonts/build/GlyphText/FontText_8FEB.font.s
[GEN]	Fonts/build/GlyphText/FontText_4EC6.font.s
[GEN]	Fonts/build/GlyphText/FontText_6734.font.s
[GEN]	Fonts/build/GlyphText/FontText_666E.font.s
[GEN]	Fonts/build/GlyphText/FontText_671F.font.s
[GEN]	Fonts/build/GlyphText/FontText_6B3A.font.s
[GEN]	Fonts/build/GlyphText/FontText_59BB.font.s
[GEN]	Fonts/build/GlyphText/FontText_4E03.font.s
[GEN]	Fonts/build/GlyphText/FontText_6F06.font.s
[GEN]	Fonts/build/GlyphText/FontText_5176.font.s
[GEN]	Fonts/build/GlyphText/FontText_68CB.font.s
[GEN]	Fonts/build/GlyphText/FontText_5947.font.s
[GEN]	Fonts/build/GlyphText/FontText_9F50.font.s
[GEN]	Fonts/build/GlyphText/FontText_7948.font.s
[GEN]	Fonts/build/GlyphText/FontText_9A91.font.s
[GEN]	Fonts/build/GlyphText/FontText_8D77.font.s
[GEN]	Fonts/build/GlyphText/FontText_5C82.font.s
[GEN]	Fonts/build/GlyphText/FontText_4E5E.font.s
[GEN]	Fonts/build/GlyphText/FontText_542F.font.s
[GEN]	Fonts/build/GlyphText/FontText_5951.font.s
[GEN]	Fonts/build/GlyphText/FontText_5668.font.s
[GEN]	Fonts/build/GlyphText/FontText_6C14.font.s
[GEN]	Fonts/build/GlyphText/FontText_5F03.font.s
[GEN]	Fonts/build/GlyphText/FontText_6CE3.font.s
[GEN]	Fonts/build/GlyphText/FontText_6390.font.s
[GEN]	Fonts/build/GlyphText/FontText_7275.font.s
[GEN]	Fonts/build/GlyphText/FontText_5343.font.s
[GEN]	Fonts/build/GlyphText/FontText_8FC1.font.s
[GEN]	Fonts/build/GlyphText/FontText_7B7E.font.s
[GEN]	Fonts/build/GlyphText/FontText_8C26.font.s
[GEN]	Fonts/build/GlyphText/FontText_94B1.font.s
[GEN]	Fonts/build/GlyphText/FontText_524D.font.s
[GEN]	Fonts/build/GlyphText/FontText_6F5C.font.s
[GEN]	Fonts/build/GlyphText/FontText_9063.font.s
[GEN]	Fonts/build/GlyphText/FontText_6D45.font.s
[GEN]	Fonts/build/GlyphText/FontText_5D4C.font.s
[GEN]	Fonts/build/GlyphText/FontText_6B20.font.s
[GEN]	Fonts/build/GlyphText/FontText_6B49.font.s
[GEN]	Fonts/build/GlyphText/FontText_67AA.font.s
[GEN]	Fonts/build/GlyphText/FontText_8154.font.s
[GEN]	Fonts/build/GlyphText/FontText_5899.font.s
[GEN]	Fonts/build/GlyphText/FontText_5F3A.font.s
[GEN]	Fonts/build/GlyphText/FontText_62A2.font.s
[GEN]	Fonts/build/GlyphText/FontText_6572.font.s
[GEN]	Fonts/build/GlyphText/FontText_6084.font.s
[GEN]	Fonts/build/GlyphText/FontText_6865.font.s
[GEN]	Fonts/build/GlyphText/FontText_77A7.font.s
[GEN]	Fonts/build/GlyphText/FontText_5DE7.font.s
[GEN]	Fonts/build/GlyphText/FontText_7FD8.font.s
[GEN]	Fonts/build/GlyphText/FontText_7A8D.font.s
[GEN]	Fonts/build/GlyphText/FontText_5207.font.s
[GEN]	Fonts/build/GlyphText/FontText_4E14.font.s
[GEN]	Fonts/build/GlyphText/FontText_602F.font.s
[GEN]	Fonts/build/GlyphText/FontText_4FB5.font.s
[GEN]	Fonts/build/GlyphText/FontText_4EB2.font.s
[GEN]	Fonts/build/GlyphText/FontText_52E4.font.s
[GEN]	Fonts/build/GlyphText/FontText_9752.font.s
[GEN]	Fonts/build/GlyphText/FontText_8F7B.font.s
[GEN]	Fonts/build/GlyphText/FontText_503E.font.s
[GEN]	Fonts/build/GlyphText/FontText_537F.font.s
[GEN]	Fonts/build/GlyphText/FontText_6E05.font.s
[GEN]	Fonts/build/GlyphText/FontText_6674.font.s
[GEN]	Fonts/build/GlyphText/FontText_60C5.font.s
[GEN]	Fonts/build/GlyphText/FontText_8BF7.font.s
[GEN]	Fonts/build/GlyphText/FontText_5E86.font.s
[GEN]	Fonts/build/GlyphText/FontText_7A77.font.s
[GEN]	Fonts/build/GlyphText/FontText_6C42.font.s
[GEN]	Fonts/build/GlyphText/FontText_56DA.font.s
[GEN]	Fonts/build/GlyphText/FontText_533A.font.s
[GEN]	Fonts/build/GlyphText/FontText_66F2.font.s
[GEN]	Fonts/build/GlyphText/FontText_5C48.font.s
[GEN]	Fonts/build/GlyphText/FontText_9A71.font.s
[GEN]	Fonts/build/GlyphText/FontText_53D6.font.s
[GEN]	Fonts/build/GlyphText/FontText_5A36.font.s
[GEN]	Fonts/build/GlyphText/FontText_8DA3.font.s
[GEN]	Fonts/build/GlyphText/FontText_53BB.font.s
[GEN]	Fonts/build/GlyphText/FontText_5708.font.s
[GEN]	Fonts/build/GlyphText/FontText_6743.font.s
[GEN]	Fonts/build/GlyphText/FontText_5168.font.s
[GEN]	Fonts/build/GlyphText/FontText_75CA.font.s
[GEN]	Fonts/build/GlyphText/FontText_62F3.font.s
[GEN]	Fonts/build/GlyphText/FontText_5238.font.s
[GEN]	Fonts/build/GlyphText/FontText_529D.font.s
[GEN]	Fonts/build/GlyphText/FontText_7F3A.font.s
[GEN]	Fonts/build/GlyphText/FontText_5374.font.s
[GEN]	Fonts/build/GlyphText/FontText_786E.font.s
[GEN]	Fonts/build/GlyphText/FontText_7FA4.font.s
[GEN]	Fonts/build/GlyphText/FontText_7136.font.s
[GEN]	Fonts/build/GlyphText/FontText_71C3.font.s
[GEN]	Fonts/build/GlyphText/FontText_56B7.font.s
[GEN]	Fonts/build/GlyphText/FontText_8BA9.font.s
[GEN]	Fonts/build/GlyphText/FontText_9976.font.s
[GEN]	Fonts/build/GlyphText/FontText_6270.font.s
[GEN]	Fonts/build/GlyphText/FontText_7ED5.font.s
[GEN]	Fonts/build/GlyphText/FontText_60F9.font.s
[GEN]	Fonts/build/GlyphText/FontText_70ED.font.s
[GEN]	Fonts/build/GlyphText/FontText_4EC1.font.s
[GEN]	Fonts/build/GlyphText/FontText_4EBA.font.s
[GEN]	Fonts/build/GlyphText/FontText_5FCD.font.s
[GEN]	Fonts/build/GlyphText/FontText_97E7.font.s
[GEN]	Fonts/build/GlyphText/FontText_4EFB.font.s
[GEN]	Fonts/build/GlyphText/FontText_8BA4.font.s
[GEN]	Fonts/build/GlyphText/FontText_5203.font.s
[GEN]	Fonts/build/GlyphText/FontText_6254.font.s
[GEN]	Fonts/build/GlyphText/FontText_4ECD.font.s
[GEN]	Fonts/build/GlyphText/FontText_65E5.font.s
[GEN]	Fonts/build/GlyphText/FontText_620E.font.s
[GEN]	Fonts/build/GlyphText/FontText_8363.font.s
[GEN]	Fonts/build/GlyphText/FontText_878D.font.s
[GEN]	Fonts/build/GlyphText/FontText_7194.font.s
[GEN]	Fonts/build/GlyphText/FontText_5BB9.font.s
[GEN]	Fonts/build/GlyphText/FontText_67D4.font.s
[GEN]	Fonts/build/GlyphText/FontText_8089.font.s
[GEN]	Fonts/build/GlyphText/FontText_5982.font.s
[GEN]	Fonts/build/GlyphText/FontText_8FB1.font.s
[GEN]	Fonts/build/GlyphText/FontText_4E73.font.s
[GEN]	Fonts/build/GlyphText/FontText_5165.font.s
[GEN]	Fonts/build/GlyphText/FontText_8F6F.font.s
[GEN]	Fonts/build/GlyphText/FontText_745E.font.s
[GEN]	Fonts/build/GlyphText/FontText_9510.font.s
[GEN]	Fonts/build/GlyphText/FontText_82E5.font.s
[GEN]	Fonts/build/GlyphText/FontText_5F31.font.s
[GEN]	Fonts/build/GlyphText/FontText_6492.font.s
[GEN]	Fonts/build/GlyphText/FontText_8428.font.s
[GEN]	Fonts/build/GlyphText/FontText_585E.font.s
[GEN]	Fonts/build/GlyphText/FontText_8D5B.font.s
[GEN]	Fonts/build/GlyphText/FontText_4E09.font.s
[GEN]	Fonts/build/GlyphText/FontText_6563.font.s
[GEN]	Fonts/build/GlyphText/FontText_55D3.font.s
[GEN]	Fonts/build/GlyphText/FontText_4E27.font.s
[GEN]	Fonts/build/GlyphText/FontText_9A9A.font.s
[GEN]	Fonts/build/GlyphText/FontText_626B.font.s
[GEN]	Fonts/build/GlyphText/FontText_8272.font.s
[GEN]	Fonts/build/GlyphText/FontText_6DA9.font.s
[GEN]	Fonts/build/GlyphText/FontText_68EE.font.s
[GEN]	Fonts/build/GlyphText/FontText_50E7.font.s
[GEN]	Fonts/build/GlyphText/FontText_6740.font.s
[GEN]	Fonts/build/GlyphText/FontText_6C99.font.s
[GEN]	Fonts/build/GlyphText/FontText_50BB.font.s
[GEN]	Fonts/build/GlyphText/FontText_5565.font.s
[GEN]	Fonts/build/GlyphText/FontText_5C71.font.s
[GEN]	Fonts/build/GlyphText/FontText_5220.font.s
[GEN]	Fonts/build/GlyphText/FontText_95EA.font.s
[GEN]	Fonts/build/GlyphText/FontText_64C5.font.s
[GEN]	Fonts/build/GlyphText/FontText_5584.font.s
[GEN]	Fonts/build/GlyphText/FontText_4F24.font.s
[GEN]	Fonts/build/GlyphText/FontText_5546.font.s
[GEN]	Fonts/build/GlyphText/FontText_8D4F.font.s
[GEN]	Fonts/build/GlyphText/FontText_4E0A.font.s
[GEN]	Fonts/build/GlyphText/FontText_5C1A.font.s
[GEN]	Fonts/build/GlyphText/FontText_7A0D.font.s
[GEN]	Fonts/build/GlyphText/FontText_70E7.font.s
[GEN]	Fonts/build/GlyphText/FontText_5C11.font.s
[GEN]	Fonts/build/GlyphText/FontText_7ECD.font.s
[GEN]	Fonts/build/GlyphText/FontText_86C7.font.s
[GEN]	Fonts/build/GlyphText/FontText_820C.font.s
[GEN]	Fonts/build/GlyphText/FontText_820D.font.s
[GEN]	Fonts/build/GlyphText/FontText_5C04.font.s
[GEN]	Fonts/build/GlyphText/FontText_6D89.font.s
[GEN]	Fonts/build/GlyphText/FontText_8BBE.font.s
[GEN]	Fonts/build/GlyphText/FontText_547B.font.s
[GEN]	Fonts/build/GlyphText/FontText_4F38.font.s
[GEN]	Fonts/build/GlyphText/FontText_8EAB.font.s
[GEN]	Fonts/build/GlyphText/FontText_6DF1.font.s
[GEN]	Fonts/build/GlyphText/FontText_7EC5.font.s
[GEN]	Fonts/build/GlyphText/FontText_795E.font.s
[GEN]	Fonts/build/GlyphText/FontText_5A76.font.s
[GEN]	Fonts/build/GlyphText/FontText_751A.font.s
[GEN]	Fonts/build/GlyphText/FontText_614E.font.s
[GEN]	Fonts/build/GlyphText/FontText_58F0.font.s
[GEN]	Fonts/build/GlyphText/FontText_751F.font.s
[GEN]	Fonts/build/GlyphText/FontText_7272.font.s
[GEN]	Fonts/build/GlyphText/FontText_5347.font.s
[GEN]	Fonts/build/GlyphText/FontText_7701.font.s
[GEN]	Fonts/build/GlyphText/FontText_76DB.font.s
[GEN]	Fonts/build/GlyphText/FontText_5269.font.s
[GEN]	Fonts/build/GlyphText/FontText_80DC.font.s
[GEN]	Fonts/build/GlyphText/FontText_5723.font.s
[GEN]	Fonts/build/GlyphText/FontText_5E08.font.s
[GEN]	Fonts/build/GlyphText/FontText_5931.font.s
[GEN]	Fonts/build/GlyphText/FontText_72EE.font.s
[GEN]	Fonts/build/GlyphText/FontText_65BD.font.s
[GEN]	Fonts/build/GlyphText/FontText_6E7F.font.s
[GEN]	Fonts/build/GlyphText/FontText_8BD7.font.s
[GEN]	Fonts/build/GlyphText/FontText_5C38.font.s
[GEN]	Fonts/build/GlyphText/FontText_5341.font.s
[GEN]	Fonts/build/GlyphText/FontText_77F3.font.s
[GEN]	Fonts/build/GlyphText/FontText_62FE.font.s
[GEN]	Fonts/build/GlyphText/FontText_65F6.font.s
[GEN]	Fonts/build/GlyphText/FontText_4EC0.font.s
[GEN]	Fonts/build/GlyphText/FontText_98DF.font.s
[GEN]	Fonts/build/GlyphText/FontText_5B9E.font.s
[GEN]	Fonts/build/GlyphText/FontText_8BC6.font.s
[GEN]	Fonts/build/GlyphText/FontText_53F2.font.s
[GEN]	Fonts/build/GlyphText/FontText_77E2.font.s
[GEN]	Fonts/build/GlyphText/FontText_4F7F.font.s
[GEN]	Fonts/build/GlyphText/FontText_5C4E.font.s
[GEN]	Fonts/build/GlyphText/FontText_59CB.font.s
[GEN]	Fonts/build/GlyphText/FontText_5F0F.font.s
[GEN]	Fonts/build/GlyphText/FontText_793A.font.s
[GEN]	Fonts/build/GlyphText/FontText_58EB.font.s
[GEN]	Fonts/build/GlyphText/FontText_4E16.font.s
[GEN]	Fonts/build/GlyphText/FontText_4E8B.font.s
[GEN]	Fonts/build/GlyphText/FontText_8A93.font.s
[GEN]	Fonts/build/GlyphText/FontText_901D.font.s
[GEN]	Fonts/build/GlyphText/FontText_52BF.font.s
[GEN]	Fonts/build/GlyphText/FontText_662F.font.s
[GEN]	Fonts/build/GlyphText/FontText_566C.font.s
[GEN]	Fonts/build/GlyphText/FontText_9002.font.s
[GEN]	Fonts/build/GlyphText/FontText_4F8D.font.s
[GEN]	Fonts/build/GlyphText/FontText_91CA.font.s
[GEN]	Fonts/build/GlyphText/FontText_9970.font.s
[GEN]	Fonts/build/GlyphText/FontText_5E02.font.s
[GEN]	Fonts/build/GlyphText/FontText_5BA4.font.s
[GEN]	Fonts/build/GlyphText/FontText_89C6.font.s
[GEN]	Fonts/build/GlyphText/FontText_8BD5.font.s
[GEN]	Fonts/build/GlyphText/FontText_6536.font.s
[GEN]	Fonts/build/GlyphText/FontText_624B.font.s
[GEN]	Fonts/build/GlyphText/FontText_9996.font.s
[GEN]	Fonts/build/GlyphText/FontText_5B88.font.s
[GEN]	Fonts/build/GlyphText/FontText_6388.font.s
[GEN]	Fonts/build/GlyphText/FontText_53D7.font.s
[GEN]	Fonts/build/GlyphText/FontText_68B3.font.s
[GEN]	Fonts/build/GlyphText/FontText_6B8A.font.s
[GEN]	Fonts/build/GlyphText/FontText_8F93.font.s
[GEN]	Fonts/build/GlyphText/FontText_53D4.font.s
[GEN]	Fonts/build/GlyphText/FontText_8212.font.s
[GEN]	Fonts/build/GlyphText/FontText_6DD1.font.s
[GEN]	Fonts/build/GlyphText/FontText_758F.font.s
[GEN]	Fonts/build/GlyphText/FontText_4E66.font.s
[GEN]	Fonts/build/GlyphText/FontText_8D4E.font.s
[GEN]	Fonts/build/GlyphText/FontText_719F.font.s
[GEN]	Fonts/build/GlyphText/FontText_6691.font.s
[GEN]	Fonts/build/GlyphText/FontText_7F72.font.s
[GEN]	Fonts/build/GlyphText/FontText_9F20.font.s
[GEN]	Fonts/build/GlyphText/FontText_5C5E.font.s
[GEN]	Fonts/build/GlyphText/FontText_672F.font.s
[GEN]	Fonts/build/GlyphText/FontText_8FF0.font.s
[GEN]	Fonts/build/GlyphText/FontText_6811.font.s
[GEN]	Fonts/build/GlyphText/FontText_675F.font.s
[GEN]	Fonts/build/GlyphText/FontText_6570.font.s
[GEN]	Fonts/build/GlyphText/FontText_6055.font.s
[GEN]	Fonts/build/GlyphText/FontText_800D.font.s
[GEN]	Fonts/build/GlyphText/FontText_6454.font.s
[GEN]	Fonts/build/GlyphText/FontText_8870.font.s
[GEN]	Fonts/build/GlyphText/FontText_7529.font.s
[GEN]	Fonts/build/GlyphText/FontText_5E05.font.s
[GEN]	Fonts/build/GlyphText/FontText_53CC.font.s
[GEN]	Fonts/build/GlyphText/FontText_723D.font.s
[GEN]	Fonts/build/GlyphText/FontText_8C01.font.s
[GEN]	Fonts/build/GlyphText/FontText_6C34.font.s
[GEN]	Fonts/build/GlyphText/FontText_7761.font.s
[GEN]	Fonts/build/GlyphText/FontText_987A.font.s
[GEN]	Fonts/build/GlyphText/FontText_8BF4.font.s
[GEN]	Fonts/build/GlyphText/FontText_65AF.font.s
[GEN]	Fonts/build/GlyphText/FontText_6495.font.s
[GEN]	Fonts/build/GlyphText/FontText_601D.font.s
[GEN]	Fonts/build/GlyphText/FontText_79C1.font.s
[GEN]	Fonts/build/GlyphText/FontText_53F8.font.s
[GEN]	Fonts/build/GlyphText/FontText_4E1D.font.s
[GEN]	Fonts/build/GlyphText/FontText_6B7B.font.s
[GEN]	Fonts/build/GlyphText/FontText_8086.font.s
[GEN]	Fonts/build/GlyphText/FontText_56DB.font.s
[GEN]	Fonts/build/GlyphText/FontText_4F3A.font.s
[GEN]	Fonts/build/GlyphText/FontText_4F3C.font.s
[GEN]	Fonts/build/GlyphText/FontText_9972.font.s
[GEN]	Fonts/build/GlyphText/FontText_677E.font.s
[GEN]	Fonts/build/GlyphText/FontText_8038.font.s
[GEN]	Fonts/build/GlyphText/FontText_9001.font.s
[GEN]	Fonts/build/GlyphText/FontText_641C.font.s
[GEN]	Fonts/build/GlyphText/FontText_8258.font.s
[GEN]	Fonts/build/GlyphText/FontText_82CF.font.s
[GEN]	Fonts/build/GlyphText/FontText_4FD7.font.s
[GEN]	Fonts/build/GlyphText/FontText_7D20.font.s
[GEN]	Fonts/build/GlyphText/FontText_901F.font.s
[GEN]	Fonts/build/GlyphText/FontText_5BBF.font.s
[GEN]	Fonts/build/GlyphText/FontText_8BC9.font.s
[GEN]	Fonts/build/GlyphText/FontText_8083.font.s
[GEN]	Fonts/build/GlyphText/FontText_9178.font.s
[GEN]	Fonts/build/GlyphText/FontText_7B97.font.s
[GEN]	Fonts/build/GlyphText/FontText_867D.font.s
[GEN]	Fonts/build/GlyphText/FontText_968F.font.s
[GEN]	Fonts/build/GlyphText/FontText_9AD3.font.s
[GEN]	Fonts/build/GlyphText/FontText_788E.font.s
[GEN]	Fonts/build/GlyphText/FontText_5C81.font.s
[GEN]	Fonts/build/GlyphText/FontText_5B59.font.s
[GEN]	Fonts/build/GlyphText/FontText_635F.font.s
[GEN]	Fonts/build/GlyphText/FontText_7F29.font.s
[GEN]	Fonts/build/GlyphText/FontText_7410.font.s
[GEN]	Fonts/build/GlyphText/FontText_7D22.font.s
[GEN]	Fonts/build/GlyphText/FontText_9501.font.s
[GEN]	Fonts/build/GlyphText/FontText_6240.font.s
[GEN]	Fonts/build/GlyphText/FontText_584C.font.s
[GEN]	Fonts/build/GlyphText/FontText_4ED6.font.s
[GEN]	Fonts/build/GlyphText/FontText_5B83.font.s
[GEN]	Fonts/build/GlyphText/FontText_5979.font.s
[GEN]	Fonts/build/GlyphText/FontText_5854.font.s
[GEN]	Fonts/build/GlyphText/FontText_8E0F.font.s
[GEN]	Fonts/build/GlyphText/FontText_80CE.font.s
[GEN]	Fonts/build/GlyphText/FontText_62AC.font.s
[GEN]	Fonts/build/GlyphText/FontText_53F0.font.s
[GEN]	Fonts/build/GlyphText/FontText_592A.font.s
[GEN]	Fonts/build/GlyphText/FontText_6001.font.s
[GEN]	Fonts/build/GlyphText/FontText_644A.font.s
[GEN]	Fonts/build/GlyphText/FontText_8D2A.font.s
[GEN]	Fonts/build/GlyphText/FontText_575B.font.s
[GEN]	Fonts/build/GlyphText/FontText_8C08.font.s
[GEN]	Fonts/build/GlyphText/FontText_5766.font.s
[GEN]	Fonts/build/GlyphText/FontText_63A2.font.s
[GEN]	Fonts/build/GlyphText/FontText_53F9.font.s
[GEN]	Fonts/build/GlyphText/FontText_6C64.font.s
[GEN]	Fonts/build/GlyphText/FontText_642A.font.s
[GEN]	Fonts/build/GlyphText/FontText_5802.font.s
[GEN]	Fonts/build/GlyphText/FontText_819B.font.s
[GEN]	Fonts/build/GlyphText/FontText_8D9F.font.s
[GEN]	Fonts/build/GlyphText/FontText_6843.font.s
[GEN]	Fonts/build/GlyphText/FontText_9003.font.s
[GEN]	Fonts/build/GlyphText/FontText_8BA8.font.s
[GEN]	Fonts/build/GlyphText/FontText_5957.font.s
[GEN]	Fonts/build/GlyphText/FontText_7279.font.s
[GEN]	Fonts/build/GlyphText/FontText_817E.font.s
[GEN]	Fonts/build/GlyphText/FontText_75BC.font.s
[GEN]	Fonts/build/GlyphText/FontText_68AF.font.s
[GEN]	Fonts/build/GlyphText/FontText_63D0.font.s
[GEN]	Fonts/build/GlyphText/FontText_9898.font.s
[GEN]	Fonts/build/GlyphText/FontText_4F53.font.s
[GEN]	Fonts/build/GlyphText/FontText_66FF.font.s
[GEN]	Fonts/build/GlyphText/FontText_60D5.font.s
[GEN]	Fonts/build/GlyphText/FontText_5929.font.s
[GEN]	Fonts/build/GlyphText/FontText_6DFB.font.s
[GEN]	Fonts/build/GlyphText/FontText_7530.font.s
[GEN]	Fonts/build/GlyphText/FontText_751C.font.s
[GEN]	Fonts/build/GlyphText/FontText_6311.font.s
[GEN]	Fonts/build/GlyphText/FontText_6761.font.s
[GEN]	Fonts/build/GlyphText/FontText_8FE2.font.s
[GEN]	Fonts/build/GlyphText/FontText_8DF3.font.s
[GEN]	Fonts/build/GlyphText/FontText_8D34.font.s
[GEN]	Fonts/build/GlyphText/FontText_94C1.font.s
[GEN]	Fonts/build/GlyphText/FontText_5385.font.s
[GEN]	Fonts/build/GlyphText/FontText_542C.font.s
[GEN]	Fonts/build/GlyphText/FontText_5EF7.font.s
[GEN]	Fonts/build/GlyphText/FontText_505C.font.s
[GEN]	Fonts/build/GlyphText/FontText_4EAD.font.s
[GEN]	Fonts/build/GlyphText/FontText_5EAD.font.s
[GEN]	Fonts/build/GlyphText/FontText_633A.font.s
[GEN]	Fonts/build/GlyphText/FontText_901A.font.s
[GEN]	Fonts/build/GlyphText/FontText_540C.font.s
[GEN]	Fonts/build/GlyphText/FontText_6876.font.s
[GEN]	Fonts/build/GlyphText/FontText_7EDF.font.s
[GEN]	Fonts/build/GlyphText/FontText_75DB.font.s
[GEN]	Fonts/build/GlyphText/FontText_5077.font.s
[GEN]	Fonts/build/GlyphText/FontText_6295.font.s
[GEN]	Fonts/build/GlyphText/FontText_5934.font.s
[GEN]	Fonts/build/GlyphText/FontText_900F.font.s
[GEN]	Fonts/build/GlyphText/FontText_7A81.font.s
[GEN]	Fonts/build/GlyphText/FontText_56FE.font.s
[GEN]	Fonts/build/GlyphText/FontText_5F92.font.s
[GEN]	Fonts/build/GlyphText/FontText_9014.font.s
[GEN]	Fonts/build/GlyphText/FontText_6D82.font.s
[GEN]	Fonts/build/GlyphText/FontText_571F.font.s
[GEN]	Fonts/build/GlyphText/FontText_5410.font.s
[GEN]	Fonts/build/GlyphText/FontText_56E2.font.s
[GEN]	Fonts/build/GlyphText/FontText_63A8.font.s
[GEN]	Fonts/build/GlyphText/FontText_817F.font.s
[GEN]	Fonts/build/GlyphText/FontText_9000.font.s
[GEN]	Fonts/build/GlyphText/FontText_541E.font.s
[GEN]	Fonts/build/GlyphText/FontText_62D6.font.s
[GEN]	Fonts/build/GlyphText/FontText_6258.font.s
[GEN]	Fonts/build/GlyphText/FontText_8131.font.s
[GEN]	Fonts/build/GlyphText/FontText_62D3.font.s
[GEN]	Fonts/build/GlyphText/FontText_6316.font.s
[GEN]	Fonts/build/GlyphText/FontText_54C7.font.s
[GEN]	Fonts/build/GlyphText/FontText_86D9.font.s
[GEN]	Fonts/build/GlyphText/FontText_5A03.font.s
[GEN]	Fonts/build/GlyphText/FontText_74E6.font.s
[GEN]	Fonts/build/GlyphText/FontText_6B6A.font.s
[GEN]	Fonts/build/GlyphText/FontText_5916.font.s
[GEN]	Fonts/build/GlyphText/FontText_5F2F.font.s
[GEN]	Fonts/build/GlyphText/FontText_6E7E.font.s
[GEN]	Fonts/build/GlyphText/FontText_73A9.font.s
[GEN]	Fonts/build/GlyphText/FontText_987D.font.s
[GEN]	Fonts/build/GlyphText/FontText_5B8C.font.s
[GEN]	Fonts/build/GlyphText/FontText_633D.font.s
[GEN]	Fonts/build/GlyphText/FontText_665A.font.s
[GEN]	Fonts/build/GlyphText/FontText_4E07.font.s
[GEN]	Fonts/build/GlyphText/FontText_8155.font.s
[GEN]	Fonts/build/GlyphText/FontText_738B.font.s
[GEN]	Fonts/build/GlyphText/FontText_4EA1.font.s
[GEN]	Fonts/build/GlyphText/FontText_6789.font.s
[GEN]	Fonts/build/GlyphText/FontText_7F51.font.s
[GEN]	Fonts/build/GlyphText/FontText_5F80.font.s
[GEN]	Fonts/build/GlyphText/FontText_671B.font.s
[GEN]	Fonts/build/GlyphText/FontText_5FD8.font.s
[GEN]	Fonts/build/GlyphText/FontText_5984.font.s
[GEN]	Fonts/build/GlyphText/FontText_5A01.font.s
[GEN]	Fonts/build/GlyphText/FontText_5FAE.font.s
[GEN]	Fonts/build/GlyphText/FontText_5371.font.s
[GEN]	Fonts/build/GlyphText/FontText_97E6.font.s
[GEN]	Fonts/build/GlyphText/FontText_8FDD.font.s
[GEN]	Fonts/build/GlyphText/FontText_56F4.font.s
[GEN]	Fonts/build/GlyphText/FontText_552F.font.s
[GEN]	Fonts/build/GlyphText/FontText_4E3A.font.s
[GEN]	Fonts/build/GlyphText/FontText_7EF4.font.s
[GEN]	Fonts/build/GlyphText/FontText_59D4.font.s
[GEN]	Fonts/build/GlyphText/FontText_4F1F.font.s
[GEN]	Fonts/build/GlyphText/FontText_5C3E.font.s
[GEN]	Fonts/build/GlyphText/FontText_672A.font.s
[GEN]	Fonts/build/GlyphText/FontText_5473.font.s
[GEN]	Fonts/build/GlyphText/FontText_754F.font.s
[GEN]	Fonts/build/GlyphText/FontText_80C3.font.s
[GEN]	Fonts/build/GlyphText/FontText_5582.font.s
[GEN]	Fonts/build/GlyphText/FontText_4F4D.font.s
[GEN]	Fonts/build/GlyphText/FontText_8C13.font.s
[GEN]	Fonts/build/GlyphText/FontText_536B.font.s
[GEN]	Fonts/build/GlyphText/FontText_6E29.font.s
[GEN]	Fonts/build/GlyphText/FontText_6587.font.s
[GEN]	Fonts/build/GlyphText/FontText_95FB.font.s
[GEN]	Fonts/build/GlyphText/FontText_7EB9.font.s
[GEN]	Fonts/build/GlyphText/FontText_543B.font.s
[GEN]	Fonts/build/GlyphText/FontText_7A33.font.s
[GEN]	Fonts/build/GlyphText/FontText_7D0A.font.s
[GEN]	Fonts/build/GlyphText/FontText_95EE.font.s
[GEN]	Fonts/build/GlyphText/FontText_7FC1.font.s
[GEN]	Fonts/build/GlyphText/FontText_74EE.font.s
[GEN]	Fonts/build/GlyphText/FontText_7A9D.font.s
[GEN]	Fonts/build/GlyphText/FontText_6211.font.s
[GEN]	Fonts/build/GlyphText/FontText_5367.font.s
[GEN]	Fonts/build/GlyphText/FontText_63E1.font.s
[GEN]	Fonts/build/GlyphText/FontText_6C83.font.s
[GEN]	Fonts/build/GlyphText/FontText_5DEB.font.s
[GEN]	Fonts/build/GlyphText/FontText_545C.font.s
[GEN]	Fonts/build/GlyphText/FontText_4E4C.font.s
[GEN]	Fonts/build/GlyphText/FontText_6C61.font.s
[GEN]	Fonts/build/GlyphText/FontText_8BEC.font.s
[GEN]	Fonts/build/GlyphText/FontText_5C4B.font.s
[GEN]	Fonts/build/GlyphText/FontText_65E0.font.s
[GEN]	Fonts/build/GlyphText/FontText_829C.font.s
[GEN]	Fonts/build/GlyphText/FontText_6B66.font.s
[GEN]	Fonts/build/GlyphText/FontText_4E94.font.s
[GEN]	Fonts/build/GlyphText/FontText_821E.font.s
[GEN]	Fonts/build/GlyphText/FontText_4F0D.font.s
[GEN]	Fonts/build/GlyphText/FontText_4FAE.font.s
[GEN]	Fonts/build/GlyphText/FontText_96FE.font.s
[GEN]	Fonts/build/GlyphText/FontText_7269.font.s
[GEN]	Fonts/build/GlyphText/FontText_52FF.font.s
[GEN]	Fonts/build/GlyphText/FontText_52A1.font.s
[GEN]	Fonts/build/GlyphText/FontText_609F.font.s
[GEN]	Fonts/build/GlyphText/FontText_8BEF.font.s
[GEN]	Fonts/build/GlyphText/FontText_897F.font.s
[GEN]	Fonts/build/GlyphText/FontText_5438.font.s
[GEN]	Fonts/build/GlyphText/FontText_727A.font.s
[GEN]	Fonts/build/GlyphText/FontText_606F.font.s
[GEN]	Fonts/build/GlyphText/FontText_5E0C.font.s
[GEN]	Fonts/build/GlyphText/FontText_6089.font.s
[GEN]	Fonts/build/GlyphText/FontText_5915.font.s
[GEN]	Fonts/build/GlyphText/FontText_60DC.font.s
[GEN]	Fonts/build/GlyphText/FontText_6EAA.font.s
[GEN]	Fonts/build/GlyphText/FontText_88AD.font.s
[GEN]	Fonts/build/GlyphText/FontText_5E2D.font.s
[GEN]	Fonts/build/GlyphText/FontText_4E60.font.s
[GEN]	Fonts/build/GlyphText/FontText_5AB3.font.s
[GEN]	Fonts/build/GlyphText/FontText_559C.font.s
[GEN]	Fonts/build/GlyphText/FontText_6D17.font.s
[GEN]	Fonts/build/GlyphText/FontText_7CFB.font.s
[GEN]	Fonts/build/GlyphText/FontText_9699.font.s
[GEN]	Fonts/build/GlyphText/FontText_620F.font.s
[GEN]	Fonts/build/GlyphText/FontText_7EC6.font.s
[GEN]	Fonts/build/GlyphText/FontText_778E.font.s
[GEN]	Fonts/build/GlyphText/FontText_8F96.font.s
[GEN]	Fonts/build/GlyphText/FontText_4FA0.font.s
[GEN]	Fonts/build/GlyphText/FontText_72ED.font.s
[GEN]	Fonts/build/GlyphText/FontText_4E0B.font.s
[GEN]	Fonts/build/GlyphText/FontText_590F.font.s
[GEN]	Fonts/build/GlyphText/FontText_5413.font.s
[GEN]	Fonts/build/GlyphText/FontText_6380.font.s
[GEN]	Fonts/build/GlyphText/FontText_5148.font.s
[GEN]	Fonts/build/GlyphText/FontText_9C9C.font.s
[GEN]	Fonts/build/GlyphText/FontText_8D24.font.s
[GEN]	Fonts/build/GlyphText/FontText_95F2.font.s
[GEN]	Fonts/build/GlyphText/FontText_5F26.font.s
[GEN]	Fonts/build/GlyphText/FontText_5ACC.font.s
[GEN]	Fonts/build/GlyphText/FontText_663E.font.s
[GEN]	Fonts/build/GlyphText/FontText_9669.font.s
[GEN]	Fonts/build/GlyphText/FontText_73B0.font.s
[GEN]	Fonts/build/GlyphText/FontText_732E.font.s
[GEN]	Fonts/build/GlyphText/FontText_7FA1.font.s
[GEN]	Fonts/build/GlyphText/FontText_9677.font.s
[GEN]	Fonts/build/GlyphText/FontText_9650.font.s
[GEN]	Fonts/build/GlyphText/FontText_7EBF.font.s
[GEN]	Fonts/build/GlyphText/FontText_76F8.font.s
[GEN]	Fonts/build/GlyphText/FontText_53A2.font.s
[GEN]	Fonts/build/GlyphText/FontText_9999.font.s
[GEN]	Fonts/build/GlyphText/FontText_7BB1.font.s
[GEN]	Fonts/build/GlyphText/FontText_4E61.font.s
[GEN]	Fonts/build/GlyphText/FontText_7FD4.font.s
[GEN]	Fonts/build/GlyphText/FontText_7965.font.s
[GEN]	Fonts/build/GlyphText/FontText_8BE6.font.s
[GEN]	Fonts/build/GlyphText/FontText_60F3.font.s
[GEN]	Fonts/build/GlyphText/FontText_54CD.font.s
[GEN]	Fonts/build/GlyphText/FontText_4EAB.font.s
[GEN]	Fonts/build/GlyphText/FontText_9879.font.s
[GEN]	Fonts/build/GlyphText/FontText_50CF.font.s
[GEN]	Fonts/build/GlyphText/FontText_5411.font.s
[GEN]	Fonts/build/GlyphText/FontText_8C61.font.s
[GEN]	Fonts/build/GlyphText/FontText_524A.font.s
[GEN]	Fonts/build/GlyphText/FontText_56A3.font.s
[GEN]	Fonts/build/GlyphText/FontText_9500.font.s
[GEN]	Fonts/build/GlyphText/FontText_6D88.font.s
[GEN]	Fonts/build/GlyphText/FontText_6653.font.s
[GEN]	Fonts/build/GlyphText/FontText_5C0F.font.s
[GEN]	Fonts/build/GlyphText/FontText_5B5D.font.s
[GEN]	Fonts/build/GlyphText/FontText_6821.font.s
[GEN]	Fonts/build/GlyphText/FontText_7B11.font.s
[GEN]	Fonts/build/GlyphText/FontText_6548.font.s
[GEN]	Fonts/build/GlyphText/FontText_4E9B.font.s
[GEN]	Fonts/build/GlyphText/FontText_978B.font.s
[GEN]	Fonts/build/GlyphText/FontText_534F.font.s
[GEN]	Fonts/build/GlyphText/FontText_643A.font.s
[GEN]	Fonts/build/GlyphText/FontText_90AA.font.s
[GEN]	Fonts/build/GlyphText/FontText_80C1.font.s
[GEN]	Fonts/build/GlyphText/FontText_5199.font.s
[GEN]	Fonts/build/GlyphText/FontText_61C8.font.s
[GEN]	Fonts/build/GlyphText/FontText_6CC4.font.s
[GEN]	Fonts/build/GlyphText/FontText_8C22.font.s
[GEN]	Fonts/build/GlyphText/FontText_6B23.font.s
[GEN]	Fonts/build/GlyphText/FontText_8F9B.font.s
[GEN]	Fonts/build/GlyphText/FontText_65B0.font.s
[GEN]	Fonts/build/GlyphText/FontText_5FC3.font.s
[GEN]	Fonts/build/GlyphText/FontText_4FE1.font.s
[GEN]	Fonts/build/GlyphText/FontText_661F.font.s
[GEN]	Fonts/build/GlyphText/FontText_8165.font.s
[GEN]	Fonts/build/GlyphText/FontText_5174.font.s
[GEN]	Fonts/build/GlyphText/FontText_578B.font.s
[GEN]	Fonts/build/GlyphText/FontText_5F62.font.s
[GEN]	Fonts/build/GlyphText/FontText_884C.font.s
[GEN]	Fonts/build/GlyphText/FontText_9192.font.s
[GEN]	Fonts/build/GlyphText/FontText_5E78.font.s
[GEN]	Fonts/build/GlyphText/FontText_6027.font.s
[GEN]	Fonts/build/GlyphText/FontText_59D3.font.s
[GEN]	Fonts/build/GlyphText/FontText_5144.font.s
[GEN]	Fonts/build/GlyphText/FontText_51F6.font.s
[GEN]	Fonts/build/GlyphText/FontText_80F8.font.s
[GEN]	Fonts/build/GlyphText/FontText_96C4.font.s
[GEN]	Fonts/build/GlyphText/FontText_4F11.font.s
[GEN]	Fonts/build/GlyphText/FontText_4FEE.font.s
[GEN]	Fonts/build/GlyphText/FontText_7F9E.font.s
[GEN]	Fonts/build/GlyphText/FontText_673D.font.s
[GEN]	Fonts/build/GlyphText/FontText_79C0.font.s
[GEN]	Fonts/build/GlyphText/FontText_8896.font.s
[GEN]	Fonts/build/GlyphText/FontText_589F.font.s
[GEN]	Fonts/build/GlyphText/FontText_9700.font.s
[GEN]	Fonts/build/GlyphText/FontText_865A.font.s
[GEN]	Fonts/build/GlyphText/FontText_5618.font.s
[GEN]	Fonts/build/GlyphText/FontText_987B.font.s
[GEN]	Fonts/build/GlyphText/FontText_8BB8.font.s
[GEN]	Fonts/build/GlyphText/FontText_84C4.font.s
[GEN]	Fonts/build/GlyphText/FontText_5E8F.font.s
[GEN]	Fonts/build/GlyphText/FontText_755C.font.s
[GEN]	Fonts/build/GlyphText/FontText_5A7F.font.s
[GEN]	Fonts/build/GlyphText/FontText_7EEA.font.s
[GEN]	Fonts/build/GlyphText/FontText_7EED.font.s
[GEN]	Fonts/build/GlyphText/FontText_5BA3.font.s
[GEN]	Fonts/build/GlyphText/FontText_60AC.font.s
[GEN]	Fonts/build/GlyphText/FontText_65CB.font.s
[GEN]	Fonts/build/GlyphText/FontText_9009.font.s
[GEN]	Fonts/build/GlyphText/FontText_9774.font.s
[GEN]	Fonts/build/GlyphText/FontText_5B66.font.s
[GEN]	Fonts/build/GlyphText/FontText_96EA.font.s
[GEN]	Fonts/build/GlyphText/FontText_8840.font.s
[GEN]	Fonts/build/GlyphText/FontText_52CB.font.s
[GEN]	Fonts/build/GlyphText/FontText_5FAA.font.s
[GEN]	Fonts/build/GlyphText/FontText_8BE2.font.s
[GEN]	Fonts/build/GlyphText/FontText_5BFB.font.s
[GEN]	Fonts/build/GlyphText/FontText_5DE1.font.s
[GEN]	Fonts/build/GlyphText/FontText_8BAD.font.s
[GEN]	Fonts/build/GlyphText/FontText_8BAF.font.s
[GEN]	Fonts/build/GlyphText/FontText_8FC5.font.s
[GEN]	Fonts/build/GlyphText/FontText_538B.font.s
[GEN]	Fonts/build/GlyphText/FontText_62BC.font.s
[GEN]	Fonts/build/GlyphText/FontText_9E26.font.s
[GEN]	Fonts/build/GlyphText/FontText_5440.font.s
[GEN]	Fonts/build/GlyphText/FontText_4E2B.font.s
[GEN]	Fonts/build/GlyphText/FontText_82BD.font.s
[GEN]	Fonts/build/GlyphText/FontText_7259.font.s
[GEN]	Fonts/build/GlyphText/FontText_5D16.font.s
[GEN]	Fonts/build/GlyphText/FontText_6DAF.font.s
[GEN]	Fonts/build/GlyphText/FontText_96C5.font.s
[GEN]	Fonts/build/GlyphText/FontText_4E9A.font.s
[GEN]	Fonts/build/GlyphText/FontText_8BB6.font.s
[GEN]	Fonts/build/GlyphText/FontText_70DF.font.s
[GEN]	Fonts/build/GlyphText/FontText_6DF9.font.s
[GEN]	Fonts/build/GlyphText/FontText_4E25.font.s
[GEN]	Fonts/build/GlyphText/FontText_7814.font.s
[GEN]	Fonts/build/GlyphText/FontText_5CA9.font.s
[GEN]	Fonts/build/GlyphText/FontText_5EF6.font.s
[GEN]	Fonts/build/GlyphText/FontText_8A00.font.s
[GEN]	Fonts/build/GlyphText/FontText_989C.font.s
[GEN]	Fonts/build/GlyphText/FontText_708E.font.s
[GEN]	Fonts/build/GlyphText/FontText_6CBF.font.s
[GEN]	Fonts/build/GlyphText/FontText_63A9.font.s
[GEN]	Fonts/build/GlyphText/FontText_773C.font.s
[GEN]	Fonts/build/GlyphText/FontText_884D.font.s
[GEN]	Fonts/build/GlyphText/FontText_6F14.font.s
[GEN]	Fonts/build/GlyphText/FontText_8273.font.s
[GEN]	Fonts/build/GlyphText/FontText_538C.font.s
[GEN]	Fonts/build/GlyphText/FontText_7130.font.s
[GEN]	Fonts/build/GlyphText/FontText_5BB4.font.s
[GEN]	Fonts/build/GlyphText/FontText_9A8C.font.s
[GEN]	Fonts/build/GlyphText/FontText_6B83.font.s
[GEN]	Fonts/build/GlyphText/FontText_592E.font.s
[GEN]	Fonts/build/GlyphText/FontText_626C.font.s
[GEN]	Fonts/build/GlyphText/FontText_7F8A.font.s
[GEN]	Fonts/build/GlyphText/FontText_6D0B.font.s
[GEN]	Fonts/build/GlyphText/FontText_9633.font.s
[GEN]	Fonts/build/GlyphText/FontText_4EF0.font.s
[GEN]	Fonts/build/GlyphText/FontText_517B.font.s
[GEN]	Fonts/build/GlyphText/FontText_6837.font.s
[GEN]	Fonts/build/GlyphText/FontText_9080.font.s
[GEN]	Fonts/build/GlyphText/FontText_8170.font.s
[GEN]	Fonts/build/GlyphText/FontText_5996.font.s
[GEN]	Fonts/build/GlyphText/FontText_6447.font.s
[GEN]	Fonts/build/GlyphText/FontText_9065.font.s
[GEN]	Fonts/build/GlyphText/FontText_836F.font.s
[GEN]	Fonts/build/GlyphText/FontText_8981.font.s
[GEN]	Fonts/build/GlyphText/FontText_8000.font.s
[GEN]	Fonts/build/GlyphText/FontText_7237.font.s
[GEN]	Fonts/build/GlyphText/FontText_91CE.font.s
[GEN]	Fonts/build/GlyphText/FontText_4E5F.font.s
[GEN]	Fonts/build/GlyphText/FontText_4E1A.font.s
[GEN]	Fonts/build/GlyphText/FontText_53F6.font.s
[GEN]	Fonts/build/GlyphText/FontText_591C.font.s
[GEN]	Fonts/build/GlyphText/FontText_6DB2.font.s
[GEN]	Fonts/build/GlyphText/FontText_4E00.font.s
[GEN]	Fonts/build/GlyphText/FontText_533B.font.s
[GEN]	Fonts/build/GlyphText/FontText_4F9D.font.s
[GEN]	Fonts/build/GlyphText/FontText_4F0A.font.s
[GEN]	Fonts/build/GlyphText/FontText_8863.font.s
[GEN]	Fonts/build/GlyphText/FontText_9057.font.s
[GEN]	Fonts/build/GlyphText/FontText_79FB.font.s
[GEN]	Fonts/build/GlyphText/FontText_4EEA.font.s
[GEN]	Fonts/build/GlyphText/FontText_7591.font.s
[GEN]	Fonts/build/GlyphText/FontText_5B9C.font.s
[GEN]	Fonts/build/GlyphText/FontText_59E8.font.s
[GEN]	Fonts/build/GlyphText/FontText_5DF2.font.s
[GEN]	Fonts/build/GlyphText/FontText_4EE5.font.s
[GEN]	Fonts/build/GlyphText/FontText_827A.font.s
[GEN]	Fonts/build/GlyphText/FontText_6291.font.s
[GEN]	Fonts/build/GlyphText/FontText_6613.font.s
[GEN]	Fonts/build/GlyphText/FontText_5F79.font.s
[GEN]	Fonts/build/GlyphText/FontText_4EA6.font.s
[GEN]	Fonts/build/GlyphText/FontText_88D4.font.s
[GEN]	Fonts/build/GlyphText/FontText_610F.font.s
[GEN]	Fonts/build/GlyphText/FontText_5FC6.font.s
[GEN]	Fonts/build/GlyphText/FontText_4E49.font.s
[GEN]	Fonts/build/GlyphText/FontText_76CA.font.s
[GEN]	Fonts/build/GlyphText/FontText_8BAE.font.s
[GEN]	Fonts/build/GlyphText/FontText_5F02.font.s
[GEN]	Fonts/build/GlyphText/FontText_7FFC.font.s
[GEN]	Fonts/build/GlyphText/FontText_836B.font.s
[GEN]	Fonts/build/GlyphText/FontText_56E0.font.s
[GEN]	Fonts/build/GlyphText/FontText_97F3.font.s
[GEN]	Fonts/build/GlyphText/FontText_9634.font.s
[GEN]	Fonts/build/GlyphText/FontText_541F.font.s
[GEN]	Fonts/build/GlyphText/FontText_94F6.font.s
[GEN]	Fonts/build/GlyphText/FontText_5F15.font.s
[GEN]	Fonts/build/GlyphText/FontText_9690.font.s
[GEN]	Fonts/build/GlyphText/FontText_5370.font.s
[GEN]	Fonts/build/GlyphText/FontText_82F1.font.s
[GEN]	Fonts/build/GlyphText/FontText_5A74.font.s
[GEN]	Fonts/build/GlyphText/FontText_5E94.font.s
[GEN]	Fonts/build/GlyphText/FontText_8425.font.s
[GEN]	Fonts/build/GlyphText/FontText_8FCE.font.s
[GEN]	Fonts/build/GlyphText/FontText_8D62.font.s
[GEN]	Fonts/build/GlyphText/FontText_5F71.font.s
[GEN]	Fonts/build/GlyphText/FontText_786C.font.s
[GEN]	Fonts/build/GlyphText/FontText_6620.font.s
[GEN]	Fonts/build/GlyphText/FontText_54DF.font.s
[GEN]	Fonts/build/GlyphText/FontText_62E5.font.s
[GEN]	Fonts/build/GlyphText/FontText_4F63.font.s
[GEN]	Fonts/build/GlyphText/FontText_5EB8.font.s
[GEN]	Fonts/build/GlyphText/FontText_6C38.font.s
[GEN]	Fonts/build/GlyphText/FontText_52C7.font.s
[GEN]	Fonts/build/GlyphText/FontText_7528.font.s
[GEN]	Fonts/build/GlyphText/FontText_5E7D.font.s
[GEN]	Fonts/build/GlyphText/FontText_4F18.font.s
[GEN]	Fonts/build/GlyphText/FontText_60A0.font.s
[GEN]	Fonts/build/GlyphText/FontText_5FE7.font.s
[GEN]	Fonts/build/GlyphText/FontText_5C24.font.s
[GEN]	Fonts/build/GlyphText/FontText_7531.font.s
[GEN]	Fonts/build/GlyphText/FontText_72B9.font.s
[GEN]	Fonts/build/GlyphText/FontText_6CB9.font.s
[GEN]	Fonts/build/GlyphText/FontText_6E38.font.s
[GEN]	Fonts/build/GlyphText/FontText_6709.font.s
[GEN]	Fonts/build/GlyphText/FontText_53CB.font.s
[GEN]	Fonts/build/GlyphText/FontText_53F3.font.s
[GEN]	Fonts/build/GlyphText/FontText_4F51.font.s
[GEN]	Fonts/build/GlyphText/FontText_8BF1.font.s
[GEN]	Fonts/build/GlyphText/FontText_53C8.font.s
[GEN]	Fonts/build/GlyphText/FontText_5E7C.font.s
[GEN]	Fonts/build/GlyphText/FontText_4E8E.font.s
[GEN]	Fonts/build/GlyphText/FontText_611A.font.s
[GEN]	Fonts/build/GlyphText/FontText_4F59.font.s
[GEN]	Fonts/build/GlyphText/FontText_9C7C.font.s
[GEN]	Fonts/build/GlyphText/FontText_6109.font.s
[GEN]	Fonts/build/GlyphText/FontText_4E88.font.s
[GEN]	Fonts/build/GlyphText/FontText_96E8.font.s
[GEN]	Fonts/build/GlyphText/FontText_4E0E.font.s
[GEN]	Fonts/build/GlyphText/FontText_5C7F.font.s
[GEN]	Fonts/build/GlyphText/FontText_5B87.font.s
[GEN]	Fonts/build/GlyphText/FontText_8BED.font.s
[GEN]	Fonts/build/GlyphText/FontText_7FBD.font.s
[GEN]	Fonts/build/GlyphText/FontText_7389.font.s
[GEN]	Fonts/build/GlyphText/FontText_57DF.font.s
[GEN]	Fonts/build/GlyphText/FontText_90C1.font.s
[GEN]	Fonts/build/GlyphText/FontText_9047.font.s
[GEN]	Fonts/build/GlyphText/FontText_55BB.font.s
[GEN]	Fonts/build/GlyphText/FontText_5FA1.font.s
[GEN]	Fonts/build/GlyphText/FontText_6108.font.s
[GEN]	Fonts/build/GlyphText/FontText_6B32.font.s
[GEN]	Fonts/build/GlyphText/FontText_72F1.font.s
[GEN]	Fonts/build/GlyphText/FontText_80B2.font.s
[GEN]	Fonts/build/GlyphText/FontText_8A89.font.s
[GEN]	Fonts/build/GlyphText/FontText_88D5.font.s
[GEN]	Fonts/build/GlyphText/FontText_9884.font.s
[GEN]	Fonts/build/GlyphText/FontText_8C6B.font.s
[GEN]	Fonts/build/GlyphText/FontText_9A6D.font.s
[GEN]	Fonts/build/GlyphText/FontText_6E0A.font.s
[GEN]	Fonts/build/GlyphText/FontText_5143.font.s
[GEN]	Fonts/build/GlyphText/FontText_539F.font.s
[GEN]	Fonts/build/GlyphText/FontText_63F4.font.s
[GEN]	Fonts/build/GlyphText/FontText_56ED.font.s
[GEN]	Fonts/build/GlyphText/FontText_5458.font.s
[GEN]	Fonts/build/GlyphText/FontText_6E90.font.s
[GEN]	Fonts/build/GlyphText/FontText_7F18.font.s
[GEN]	Fonts/build/GlyphText/FontText_8FDC.font.s
[GEN]	Fonts/build/GlyphText/FontText_613F.font.s
[GEN]	Fonts/build/GlyphText/FontText_6028.font.s
[GEN]	Fonts/build/GlyphText/FontText_9662.font.s
[GEN]	Fonts/build/GlyphText/FontText_7EA6.font.s
[GEN]	Fonts/build/GlyphText/FontText_8D8A.font.s
[GEN]	Fonts/build/GlyphText/FontText_8DC3.font.s
[GEN]	Fonts/build/GlyphText/FontText_94A5.font.s
[GEN]	Fonts/build/GlyphText/FontText_6708.font.s
[GEN]	Fonts/build/GlyphText/FontText_60A6.font.s
[GEN]	Fonts/build/GlyphText/FontText_9605.font.s
[GEN]	Fonts/build/GlyphText/FontText_4E91.font.s
[GEN]	Fonts/build/GlyphText/FontText_5141.font.s
[GEN]	Fonts/build/GlyphText/FontText_8FD0.font.s
[GEN]	Fonts/build/GlyphText/FontText_6655.font.s
[GEN]	Fonts/build/GlyphText/FontText_5B55.font.s
[GEN]	Fonts/build/GlyphText/FontText_7838.font.s
[GEN]	Fonts/build/GlyphText/FontText_6742.font.s
[GEN]	Fonts/build/GlyphText/FontText_707E.font.s
[GEN]	Fonts/build/GlyphText/FontText_5BB0.font.s
[GEN]	Fonts/build/GlyphText/FontText_8F7D.font.s
[GEN]	Fonts/build/GlyphText/FontText_518D.font.s
[GEN]	Fonts/build/GlyphText/FontText_5728.font.s
[GEN]	Fonts/build/GlyphText/FontText_6512.font.s
[GEN]	Fonts/build/GlyphText/FontText_6682.font.s
[GEN]	Fonts/build/GlyphText/FontText_8D5E.font.s
[GEN]	Fonts/build/GlyphText/FontText_810F.font.s
[GEN]	Fonts/build/GlyphText/FontText_906D.font.s
[GEN]	Fonts/build/GlyphText/FontText_7CDF.font.s
[GEN]	Fonts/build/GlyphText/FontText_65E9.font.s
[GEN]	Fonts/build/GlyphText/FontText_9020.font.s
[GEN]	Fonts/build/GlyphText/FontText_8D23.font.s
[GEN]	Fonts/build/GlyphText/FontText_62E9.font.s
[GEN]	Fonts/build/GlyphText/FontText_5219.font.s
[GEN]	Fonts/build/GlyphText/FontText_6CFD.font.s
[GEN]	Fonts/build/GlyphText/FontText_8D3C.font.s
[GEN]	Fonts/build/GlyphText/FontText_600E.font.s
[GEN]	Fonts/build/GlyphText/FontText_589E.font.s
[GEN]	Fonts/build/GlyphText/FontText_618E.font.s
[GEN]	Fonts/build/GlyphText/FontText_66FE.font.s
[GEN]	Fonts/build/GlyphText/FontText_8D60.font.s
[GEN]	Fonts/build/GlyphText/FontText_624E.font.s
[GEN]	Fonts/build/GlyphText/FontText_55B3.font.s
[GEN]	Fonts/build/GlyphText/FontText_6E23.font.s
[GEN]	Fonts/build/GlyphText/FontText_7728.font.s
[GEN]	Fonts/build/GlyphText/FontText_548B.font.s
[GEN]	Fonts/build/GlyphText/FontText_4E4D.font.s
[GEN]	Fonts/build/GlyphText/FontText_6458.font.s
[GEN]	Fonts/build/GlyphText/FontText_5B85.font.s
[GEN]	Fonts/build/GlyphText/FontText_7A84.font.s
[GEN]	Fonts/build/GlyphText/FontText_503A.font.s
[GEN]	Fonts/build/GlyphText/FontText_5BE8.font.s
[GEN]	Fonts/build/GlyphText/FontText_77BB.font.s
[GEN]	Fonts/build/GlyphText/FontText_7C98.font.s
[GEN]	Fonts/build/GlyphText/FontText_6CBE.font.s
[GEN]	Fonts/build/GlyphText/FontText_65A9.font.s
[GEN]	Fonts/build/GlyphText/FontText_5C55.font.s
[GEN]	Fonts/build/GlyphText/FontText_5360.font.s
[GEN]	Fonts/build/GlyphText/FontText_6218.font.s
[GEN]	Fonts/build/GlyphText/FontText_7AD9.font.s
[GEN]	Fonts/build/GlyphText/FontText_7EFD.font.s
[GEN]	Fonts/build/GlyphText/FontText_7AE0.font.s
[GEN]	Fonts/build/GlyphText/FontText_5F70.font.s
[GEN]	Fonts/build/GlyphText/FontText_5F20.font.s
[GEN]	Fonts/build/GlyphText/FontText_638C.font.s
[GEN]	Fonts/build/GlyphText/FontText_6DA8.font.s
[GEN]	Fonts/build/GlyphText/FontText_6756.font.s
[GEN]	Fonts/build/GlyphText/FontText_4E08.font.s
[GEN]	Fonts/build/GlyphText/FontText_5E10.font.s
[GEN]	Fonts/build/GlyphText/FontText_4ED7.font.s
[GEN]	Fonts/build/GlyphText/FontText_969C.font.s
[GEN]	Fonts/build/GlyphText/FontText_62DB.font.s
[GEN]	Fonts/build/GlyphText/FontText_627E.font.s
[GEN]	Fonts/build/GlyphText/FontText_7167.font.s
[GEN]	Fonts/build/GlyphText/FontText_5146.font.s
[GEN]	Fonts/build/GlyphText/FontText_53EC.font.s
[GEN]	Fonts/build/GlyphText/FontText_906E.font.s
[GEN]	Fonts/build/GlyphText/FontText_6298.font.s
[GEN]	Fonts/build/GlyphText/FontText_8005.font.s
[GEN]	Fonts/build/GlyphText/FontText_8FD9.font.s
[GEN]	Fonts/build/GlyphText/FontText_73CD.font.s
[GEN]	Fonts/build/GlyphText/FontText_771F.font.s
[GEN]	Fonts/build/GlyphText/FontText_9488.font.s
[GEN]	Fonts/build/GlyphText/FontText_4FA6.font.s
[GEN]	Fonts/build/GlyphText/FontText_9707.font.s
[GEN]	Fonts/build/GlyphText/FontText_632F.font.s
[GEN]	Fonts/build/GlyphText/FontText_9547.font.s
[GEN]	Fonts/build/GlyphText/FontText_9635.font.s
[GEN]	Fonts/build/GlyphText/FontText_6323.font.s
[GEN]	Fonts/build/GlyphText/FontText_7741.font.s
[GEN]	Fonts/build/GlyphText/FontText_5F81.font.s
[GEN]	Fonts/build/GlyphText/FontText_4E89.font.s
[GEN]	Fonts/build/GlyphText/FontText_6574.font.s
[GEN]	Fonts/build/GlyphText/FontText_62EF.font.s
[GEN]	Fonts/build/GlyphText/FontText_6B63.font.s
[GEN]	Fonts/build/GlyphText/FontText_653F.font.s
[GEN]	Fonts/build/GlyphText/FontText_75C7.font.s
[GEN]	Fonts/build/GlyphText/FontText_90D1.font.s
[GEN]	Fonts/build/GlyphText/FontText_8BC1.font.s
[GEN]	Fonts/build/GlyphText/FontText_679D.font.s
[GEN]	Fonts/build/GlyphText/FontText_652F.font.s
[GEN]	Fonts/build/GlyphText/FontText_77E5.font.s
[GEN]	Fonts/build/GlyphText/FontText_8102.font.s
[GEN]	Fonts/build/GlyphText/FontText_4E4B.font.s
[GEN]	Fonts/build/GlyphText/FontText_7EC7.font.s
[GEN]	Fonts/build/GlyphText/FontText_804C.font.s
[GEN]	Fonts/build/GlyphText/FontText_76F4.font.s
[GEN]	Fonts/build/GlyphText/FontText_690D.font.s
[GEN]	Fonts/build/GlyphText/FontText_6B96.font.s
[GEN]	Fonts/build/GlyphText/FontText_6267.font.s
[GEN]	Fonts/build/GlyphText/FontText_503C.font.s
[GEN]	Fonts/build/GlyphText/FontText_5740.font.s
[GEN]	Fonts/build/GlyphText/FontText_6307.font.s
[GEN]	Fonts/build/GlyphText/FontText_6B62.font.s
[GEN]	Fonts/build/GlyphText/FontText_8DBE.font.s
[GEN]	Fonts/build/GlyphText/FontText_53EA.font.s
[GEN]	Fonts/build/GlyphText/FontText_65E8.font.s
[GEN]	Fonts/build/GlyphText/FontText_7EB8.font.s
[GEN]	Fonts/build/GlyphText/FontText_5FD7.font.s
[GEN]	Fonts/build/GlyphText/FontText_631A.font.s
[GEN]	Fonts/build/GlyphText/FontText_63B7.font.s
[GEN]	Fonts/build/GlyphText/FontText_81F3.font.s
[GEN]	Fonts/build/GlyphText/FontText_81F4.font.s
[GEN]	Fonts/build/GlyphText/FontText_7F6E.font.s
[GEN]	Fonts/build/GlyphText/FontText_5236.font.s
[GEN]	Fonts/build/GlyphText/FontText_667A.font.s
[GEN]	Fonts/build/GlyphText/FontText_79E9.font.s
[GEN]	Fonts/build/GlyphText/FontText_7A1A.font.s
[GEN]	Fonts/build/GlyphText/FontText_8D28.font.s
[GEN]	Fonts/build/GlyphText/FontText_6CBB.font.s
[GEN]	Fonts/build/GlyphText/FontText_4E2D.font.s
[GEN]	Fonts/build/GlyphText/FontText_5FE0.font.s
[GEN]	Fonts/build/GlyphText/FontText_949F.font.s
[GEN]	Fonts/build/GlyphText/FontText_8877.font.s
[GEN]	Fonts/build/GlyphText/FontText_7EC8.font.s
[GEN]	Fonts/build/GlyphText/FontText_79CD.font.s
[GEN]	Fonts/build/GlyphText/FontText_91CD.font.s
[GEN]	Fonts/build/GlyphText/FontText_4F17.font.s
[GEN]	Fonts/build/GlyphText/FontText_5468.font.s
[GEN]	Fonts/build/GlyphText/FontText_6D32.font.s
[GEN]	Fonts/build/GlyphText/FontText_5492.font.s
[GEN]	Fonts/build/GlyphText/FontText_76B1.font.s
[GEN]	Fonts/build/GlyphText/FontText_5B99.font.s
[GEN]	Fonts/build/GlyphText/FontText_663C.font.s
[GEN]	Fonts/build/GlyphText/FontText_73E0.font.s
[GEN]	Fonts/build/GlyphText/FontText_6731.font.s
[GEN]	Fonts/build/GlyphText/FontText_732A.font.s
[GEN]	Fonts/build/GlyphText/FontText_8BF8.font.s
[GEN]	Fonts/build/GlyphText/FontText_9010.font.s
[GEN]	Fonts/build/GlyphText/FontText_7AF9.font.s
[GEN]	Fonts/build/GlyphText/FontText_5631.font.s
[GEN]	Fonts/build/GlyphText/FontText_4E3B.font.s
[GEN]	Fonts/build/GlyphText/FontText_8457.font.s
[GEN]	Fonts/build/GlyphText/FontText_67F1.font.s
[GEN]	Fonts/build/GlyphText/FontText_52A9.font.s
[GEN]	Fonts/build/GlyphText/FontText_4F4F.font.s
[GEN]	Fonts/build/GlyphText/FontText_6CE8.font.s
[GEN]	Fonts/build/GlyphText/FontText_795D.font.s
[GEN]	Fonts/build/GlyphText/FontText_9A7B.font.s
[GEN]	Fonts/build/GlyphText/FontText_6293.font.s
[GEN]	Fonts/build/GlyphText/FontText_722A.font.s
[GEN]	Fonts/build/GlyphText/FontText_62FD.font.s
[GEN]	Fonts/build/GlyphText/FontText_4E13.font.s
[GEN]	Fonts/build/GlyphText/FontText_8F6C.font.s
[GEN]	Fonts/build/GlyphText/FontText_8D5A.font.s
[GEN]	Fonts/build/GlyphText/FontText_5E84.font.s
[GEN]	Fonts/build/GlyphText/FontText_88C5.font.s
[GEN]	Fonts/build/GlyphText/FontText_649E.font.s
[GEN]	Fonts/build/GlyphText/FontText_58EE.font.s
[GEN]	Fonts/build/GlyphText/FontText_72B6.font.s
[GEN]	Fonts/build/GlyphText/FontText_8FFD.font.s
[GEN]	Fonts/build/GlyphText/FontText_5760.font.s
[GEN]	Fonts/build/GlyphText/FontText_51C6.font.s
[GEN]	Fonts/build/GlyphText/FontText_6349.font.s
[GEN]	Fonts/build/GlyphText/FontText_684C.font.s
[GEN]	Fonts/build/GlyphText/FontText_7422.font.s
[GEN]	Fonts/build/GlyphText/FontText_7740.font.s
[GEN]	Fonts/build/GlyphText/FontText_707C.font.s
[GEN]	Fonts/build/GlyphText/FontText_5179.font.s
[GEN]	Fonts/build/GlyphText/FontText_8D44.font.s
[GEN]	Fonts/build/GlyphText/FontText_59FF.font.s
[GEN]	Fonts/build/GlyphText/FontText_6ECB.font.s
[GEN]	Fonts/build/GlyphText/FontText_4ED4.font.s
[GEN]	Fonts/build/GlyphText/FontText_5B50.font.s
[GEN]	Fonts/build/GlyphText/FontText_81EA.font.s
[GEN]	Fonts/build/GlyphText/FontText_5B57.font.s
[GEN]	Fonts/build/GlyphText/FontText_8E2A.font.s
[GEN]	Fonts/build/GlyphText/FontText_7EFC.font.s
[GEN]	Fonts/build/GlyphText/FontText_603B.font.s
[GEN]	Fonts/build/GlyphText/FontText_7EB5.font.s
[GEN]	Fonts/build/GlyphText/FontText_8D70.font.s
[GEN]	Fonts/build/GlyphText/FontText_594F.font.s
[GEN]	Fonts/build/GlyphText/FontText_63CD.font.s
[GEN]	Fonts/build/GlyphText/FontText_8DB3.font.s
[GEN]	Fonts/build/GlyphText/FontText_5352.font.s
[GEN]	Fonts/build/GlyphText/FontText_65CF.font.s
[GEN]	Fonts/build/GlyphText/FontText_7956.font.s
[GEN]	Fonts/build/GlyphText/FontText_8BC5.font.s
[GEN]	Fonts/build/GlyphText/FontText_963B.font.s
[GEN]	Fonts/build/GlyphText/FontText_7EC4.font.s
[GEN]	Fonts/build/GlyphText/FontText_94BB.font.s
[GEN]	Fonts/build/GlyphText/FontText_5634.font.s
[GEN]	Fonts/build/GlyphText/FontText_6700.font.s
[GEN]	Fonts/build/GlyphText/FontText_7F6A.font.s
[GEN]	Fonts/build/GlyphText/FontText_5C0A.font.s
[GEN]	Fonts/build/GlyphText/FontText_9075.font.s
[GEN]	Fonts/build/GlyphText/FontText_6628.font.s
[GEN]	Fonts/build/GlyphText/FontText_5DE6.font.s
[GEN]	Fonts/build/GlyphText/FontText_4F50.font.s
[GEN]	Fonts/build/GlyphText/FontText_505A.font.s
[GEN]	Fonts/build/GlyphText/FontText_4F5C.font.s
[GEN]	Fonts/build/GlyphText/FontText_5750.font.s
[GEN]	Fonts/build/GlyphText/FontText_5EA7.font.s
[GEN]	Fonts/build/GlyphText/FontText_53AE.font.s
[GEN]	Fonts/build/GlyphText/FontText_502D.font.s
[GEN]	Fonts/build/GlyphText/FontText_516E.font.s
[GEN]	Fonts/build/GlyphText/FontText_4EB5.font.s
[GEN]	Fonts/build/GlyphText/FontText_7980.font.s
[GEN]	Fonts/build/GlyphText/FontText_51A5.font.s
[GEN]	Fonts/build/GlyphText/FontText_8BAA.font.s
[GEN]	Fonts/build/GlyphText/FontText_8C19.font.s
[GEN]	Fonts/build/GlyphText/FontText_9631.font.s
[GEN]	Fonts/build/GlyphText/FontText_90B8.font.s
[GEN]	Fonts/build/GlyphText/FontText_831C.font.s
[GEN]	Fonts/build/GlyphText/FontText_8403.font.s
[GEN]	Fonts/build/GlyphText/FontText_53FD.font.s
[GEN]	Fonts/build/GlyphText/FontText_53E8.font.s
[GEN]	Fonts/build/GlyphText/FontText_5416.font.s
[GEN]	Fonts/build/GlyphText/FontText_5443.font.s
[GEN]	Fonts/build/GlyphText/FontText_5471.font.s
[GEN]	Fonts/build/GlyphText/FontText_54A6.font.s
[GEN]	Fonts/build/GlyphText/FontText_5520.font.s
[GEN]	Fonts/build/GlyphText/FontText_5514.font.s
[GEN]	Fonts/build/GlyphText/FontText_5567.font.s
[GEN]	Fonts/build/GlyphText/FontText_5594.font.s
[GEN]	Fonts/build/GlyphText/FontText_55E6.font.s
[GEN]	Fonts/build/GlyphText/FontText_55EF.font.s
[GEN]	Fonts/build/GlyphText/FontText_5601.font.s
[GEN]	Fonts/build/GlyphText/FontText_5657.font.s
[GEN]	Fonts/build/GlyphText/FontText_5E37.font.s
[GEN]	Fonts/build/GlyphText/FontText_5C9A.font.s
[GEN]	Fonts/build/GlyphText/FontText_60D8.font.s
[GEN]	Fonts/build/GlyphText/FontText_6115.font.s
[GEN]	Fonts/build/GlyphText/FontText_6123.font.s
[GEN]	Fonts/build/GlyphText/FontText_6C8C.font.s
[GEN]	Fonts/build/GlyphText/FontText_6E0E.font.s
[GEN]	Fonts/build/GlyphText/FontText_5F29.font.s
[GEN]	Fonts/build/GlyphText/FontText_5A05.font.s
[GEN]	Fonts/build/GlyphText/FontText_7EA3.font.s
[GEN]	Fonts/build/GlyphText/FontText_7F07.font.s
[GEN]	Fonts/build/GlyphText/FontText_7F2A.font.s
[GEN]	Fonts/build/GlyphText/FontText_73C2.font.s
[GEN]	Fonts/build/GlyphText/FontText_73C0.font.s
[GEN]	Fonts/build/GlyphText/FontText_67AD.font.s
[GEN]	Fonts/build/GlyphText/FontText_89CA.font.s
[GEN]	Fonts/build/GlyphText/FontText_89CE.font.s
[GEN]	Fonts/build/GlyphText/FontText_6555.font.s
[GEN]	Fonts/build/GlyphText/FontText_80E7.font.s
[GEN]	Fonts/build/GlyphText/FontText_6726.font.s
[GEN]	Fonts/build/GlyphText/FontText_70AB.font.s
[GEN]	Fonts/build/GlyphText/FontText_6249.font.s
[GEN]	Fonts/build/GlyphText/FontText_7826.font.s
[GEN]	Fonts/build/GlyphText/FontText_777F.font.s
[GEN]	Fonts/build/GlyphText/FontText_7F81.font.s
[GEN]	Fonts/build/GlyphText/FontText_94E0.font.s
[GEN]	Fonts/build/GlyphText/FontText_9556.font.s
[GEN]	Fonts/build/GlyphText/FontText_956F.font.s
[GEN]	Fonts/build/GlyphText/FontText_9573.font.s
[GEN]	Fonts/build/GlyphText/FontText_9E6B.font.s
[GEN]	Fonts/build/GlyphText/FontText_7620.font.s
[GEN]	Fonts/build/GlyphText/FontText_8654.font.s
[GEN]	Fonts/build/GlyphText/FontText_871A.font.s
[GEN]	Fonts/build/GlyphText/FontText_8E42.font.s
[GEN]	Fonts/build/GlyphText/FontText_8E8F.font.s
[GEN]	Fonts/build/GlyphText/FontText_96BC.font.s
[GEN]	Fonts/build/GlyphText/FontText_9B45.font.s
[GEN]	Fonts/build/GlyphText/FontText_9EBE.font.s
[GEN]	Fonts/build/GlyphText/FontText_7691.font.s
[GEN]	Fonts/build/GlyphText/FontText_4FFA.font.s
[GEN]	Fonts/build/GlyphText/FontText_6602.font.s
[GEN]	Fonts/build/GlyphText/FontText_71AC.font.s
[GEN]	Fonts/build/GlyphText/FontText_6252.font.s
[GEN]	Fonts/build/GlyphText/FontText_75A4.font.s
[GEN]	Fonts/build/GlyphText/FontText_72C8.font.s
[GEN]	Fonts/build/GlyphText/FontText_7119.font.s
[GEN]	Fonts/build/GlyphText/FontText_7EF7.font.s
[GEN]	Fonts/build/GlyphText/FontText_752D.font.s
[GEN]	Fonts/build/GlyphText/FontText_6BD9.font.s
[GEN]	Fonts/build/GlyphText/FontText_75F9.font.s
[GEN]	Fonts/build/GlyphText/FontText_8F9F.font.s
[GEN]	Fonts/build/GlyphText/FontText_6241.font.s
[GEN]	Fonts/build/GlyphText/FontText_8FA9.font.s
[GEN]	Fonts/build/GlyphText/FontText_4E19.font.s
[GEN]	Fonts/build/GlyphText/FontText_79C9.font.s
[GEN]	Fonts/build/GlyphText/FontText_62E8.font.s
[GEN]	Fonts/build/GlyphText/FontText_818A.font.s
[GEN]	Fonts/build/GlyphText/FontText_731C.font.s
[GEN]	Fonts/build/GlyphText/FontText_60ED.font.s
[GEN]	Fonts/build/GlyphText/FontText_707F.font.s
[GEN]	Fonts/build/GlyphText/FontText_8231.font.s
[GEN]	Fonts/build/GlyphText/FontText_4ED3.font.s
[GEN]	Fonts/build/GlyphText/FontText_518C.font.s
[GEN]	Fonts/build/GlyphText/FontText_63D2.font.s
[GEN]	Fonts/build/GlyphText/FontText_62C6.font.s
[GEN]	Fonts/build/GlyphText/FontText_63BA.font.s
[GEN]	Fonts/build/GlyphText/FontText_7316.font.s
[GEN]	Fonts/build/GlyphText/FontText_655E.font.s
[GEN]	Fonts/build/GlyphText/FontText_5632.font.s
[GEN]	Fonts/build/GlyphText/FontText_7092.font.s
[GEN]	Fonts/build/GlyphText/FontText_6F88.font.s
[GEN]	Fonts/build/GlyphText/FontText_6668.font.s
[GEN]	Fonts/build/GlyphText/FontText_5FF1.font.s
[GEN]	Fonts/build/GlyphText/FontText_9648.font.s
[GEN]	Fonts/build/GlyphText/FontText_886C.font.s
[GEN]	Fonts/build/GlyphText/FontText_9F7F.font.s
[GEN]	Fonts/build/GlyphText/FontText_4F88.font.s
[GEN]	Fonts/build/GlyphText/FontText_866B.font.s
[GEN]	Fonts/build/GlyphText/FontText_5D07.font.s
[GEN]	Fonts/build/GlyphText/FontText_62BD.font.s
[GEN]	Fonts/build/GlyphText/FontText_7B79.font.s
[GEN]	Fonts/build/GlyphText/FontText_78BA.font.s
[GEN]	Fonts/build/GlyphText/FontText_63E3.font.s
[GEN]	Fonts/build/GlyphText/FontText_75AE.font.s
[GEN]	Fonts/build/GlyphText/FontText_6376.font.s
[GEN]	Fonts/build/GlyphText/FontText_5507.font.s
[GEN]	Fonts/build/GlyphText/FontText_7EF0.font.s
[GEN]	Fonts/build/GlyphText/FontText_4E1B.font.s
[GEN]	Fonts/build/GlyphText/FontText_51D1.font.s
[GEN]	Fonts/build/GlyphText/FontText_4FC3.font.s
[GEN]	Fonts/build/GlyphText/FontText_7BE1.font.s
[GEN]	Fonts/build/GlyphText/FontText_50AC.font.s
[GEN]	Fonts/build/GlyphText/FontText_63AA.font.s
[GEN]	Fonts/build/GlyphText/FontText_803D.font.s
[GEN]	Fonts/build/GlyphText/FontText_4E39.font.s
[GEN]	Fonts/build/GlyphText/FontText_5F39.font.s
[GEN]	Fonts/build/GlyphText/FontText_60BC.font.s
[GEN]	Fonts/build/GlyphText/FontText_6EF4.font.s
[GEN]	Fonts/build/GlyphText/FontText_7B1B.font.s
[GEN]	Fonts/build/GlyphText/FontText_5E1D.font.s
[GEN]	Fonts/build/GlyphText/FontText_5178.font.s
[GEN]	Fonts/build/GlyphText/FontText_60E6.font.s
[GEN]	Fonts/build/GlyphText/FontText_5960.font.s
[GEN]	Fonts/build/GlyphText/FontText_7239.font.s
[GEN]	Fonts/build/GlyphText/FontText_53E0.font.s
[GEN]	Fonts/build/GlyphText/FontText_4E01.font.s
[GEN]	Fonts/build/GlyphText/FontText_53EE.font.s
[GEN]	Fonts/build/GlyphText/FontText_680B.font.s
[GEN]	Fonts/build/GlyphText/FontText_9661.font.s
[GEN]	Fonts/build/GlyphText/FontText_7779.font.s
[GEN]	Fonts/build/GlyphText/FontText_54C6.font.s
[GEN]	Fonts/build/GlyphText/FontText_5241.font.s
[GEN]	Fonts/build/GlyphText/FontText_989D.font.s
[GEN]	Fonts/build/GlyphText/FontText_904F.font.s
[GEN]	Fonts/build/GlyphText/FontText_9975.font.s
[GEN]	Fonts/build/GlyphText/FontText_4E4F.font.s
[GEN]	Fonts/build/GlyphText/FontText_5E06.font.s
[GEN]	Fonts/build/GlyphText/FontText_6CDB.font.s
[GEN]	Fonts/build/GlyphText/FontText_80A5.font.s
[GEN]	Fonts/build/GlyphText/FontText_80BA.font.s
[GEN]	Fonts/build/GlyphText/FontText_7EB7.font.s
[GEN]	Fonts/build/GlyphText/FontText_575F.font.s
[GEN]	Fonts/build/GlyphText/FontText_711A.font.s
[GEN]	Fonts/build/GlyphText/FontText_8702.font.s
[GEN]	Fonts/build/GlyphText/FontText_5CF0.font.s
[GEN]	Fonts/build/GlyphText/FontText_4F5B.font.s
[GEN]	Fonts/build/GlyphText/FontText_6577.font.s
[GEN]	Fonts/build/GlyphText/FontText_88B1.font.s
[GEN]	Fonts/build/GlyphText/FontText_5085.font.s
[GEN]	Fonts/build/GlyphText/FontText_8179.font.s
[GEN]	Fonts/build/GlyphText/FontText_560E.font.s
[GEN]	Fonts/build/GlyphText/FontText_809D.font.s
[GEN]	Fonts/build/GlyphText/FontText_5C97.font.s
[GEN]	Fonts/build/GlyphText/FontText_6E2F.font.s
[GEN]	Fonts/build/GlyphText/FontText_6401.font.s
[GEN]	Fonts/build/GlyphText/FontText_80F3.font.s
[GEN]	Fonts/build/GlyphText/FontText_5272.font.s
[GEN]	Fonts/build/GlyphText/FontText_7FB9.font.s
[GEN]	Fonts/build/GlyphText/FontText_6897.font.s
[GEN]	Fonts/build/GlyphText/FontText_94A9.font.s
[GEN]	Fonts/build/GlyphText/FontText_6C9F.font.s
[GEN]	Fonts/build/GlyphText/FontText_82DF.font.s
[GEN]	Fonts/build/GlyphText/FontText_5495.font.s
[GEN]	Fonts/build/GlyphText/FontText_5BE1.font.s
[GEN]	Fonts/build/GlyphText/FontText_62D0.font.s
[GEN]	Fonts/build/GlyphText/FontText_901B.font.s
[GEN]	Fonts/build/GlyphText/FontText_95FA.font.s
[GEN]	Fonts/build/GlyphText/FontText_8DEA.font.s
[GEN]	Fonts/build/GlyphText/FontText_68CD.font.s
[GEN]	Fonts/build/GlyphText/FontText_9505.font.s
[GEN]	Fonts/build/GlyphText/FontText_9AB8.font.s
[GEN]	Fonts/build/GlyphText/FontText_9163.font.s
[GEN]	Fonts/build/GlyphText/FontText_79BE.font.s
[GEN]	Fonts/build/GlyphText/FontText_8C89.font.s
[GEN]	Fonts/build/GlyphText/FontText_54C4.font.s
[GEN]	Fonts/build/GlyphText/FontText_70D8.font.s
[GEN]	Fonts/build/GlyphText/FontText_5589.font.s
[GEN]	Fonts/build/GlyphText/FontText_72D0.font.s
[GEN]	Fonts/build/GlyphText/FontText_552C.font.s
[GEN]	Fonts/build/GlyphText/FontText_54D7.font.s
[GEN]	Fonts/build/GlyphText/FontText_6ED1.font.s
[GEN]	Fonts/build/GlyphText/FontText_8BB3.font.s
[GEN]	Fonts/build/GlyphText/FontText_6D51.font.s
[GEN]	Fonts/build/GlyphText/FontText_8C41.font.s
[GEN]	Fonts/build/GlyphText/FontText_970D.font.s
[GEN]	Fonts/build/GlyphText/FontText_7A3D.font.s
[GEN]	Fonts/build/GlyphText/FontText_8F91.font.s
[GEN]	Fonts/build/GlyphText/FontText_6324.font.s
[GEN]	Fonts/build/GlyphText/FontText_5B63.font.s
[GEN]	Fonts/build/GlyphText/FontText_5FCC.font.s
[GEN]	Fonts/build/GlyphText/FontText_8D3E.font.s
[GEN]	Fonts/build/GlyphText/FontText_714E.font.s
[GEN]	Fonts/build/GlyphText/FontText_68C0.font.s
[GEN]	Fonts/build/GlyphText/FontText_62E3.font.s
[GEN]	Fonts/build/GlyphText/FontText_4FED.font.s
[GEN]	Fonts/build/GlyphText/FontText_8DF5.font.s
[GEN]	Fonts/build/GlyphText/FontText_7D50.font.s
[GEN]	Fonts/build/GlyphText/FontText_8230.font.s
[GEN]	Fonts/build/GlyphText/FontText_50F5.font.s
[GEN]	Fonts/build/GlyphText/FontText_6D46.font.s
[GEN]	Fonts/build/GlyphText/FontText_6868.font.s
[GEN]	Fonts/build/GlyphText/FontText_9171.font.s
[GEN]	Fonts/build/GlyphText/FontText_7EDE.font.s
[GEN]	Fonts/build/GlyphText/FontText_63ED.font.s
[GEN]	Fonts/build/GlyphText/FontText_8857.font.s
[GEN]	Fonts/build/GlyphText/FontText_622A.font.s
[GEN]	Fonts/build/GlyphText/FontText_7B4B.font.s
[GEN]	Fonts/build/GlyphText/FontText_9526.font.s
[GEN]	Fonts/build/GlyphText/FontText_8346.font.s
[GEN]	Fonts/build/GlyphText/FontText_6676.font.s
[GEN]	Fonts/build/GlyphText/FontText_9888.font.s
[GEN]	Fonts/build/GlyphText/FontText_5F84.font.s
[GEN]	Fonts/build/GlyphText/FontText_53A9.font.s
[GEN]	Fonts/build/GlyphText/FontText_759A.font.s
[GEN]	Fonts/build/GlyphText/FontText_4FF1.font.s
[GEN]	Fonts/build/GlyphText/FontText_6350.font.s
[GEN]	Fonts/build/GlyphText/FontText_6398.font.s
[GEN]	Fonts/build/GlyphText/FontText_5014.font.s
[GEN]	Fonts/build/GlyphText/FontText_94A7.font.s
[GEN]	Fonts/build/GlyphText/FontText_5580.font.s
[GEN]	Fonts/build/GlyphText/FontText_6177.font.s
[GEN]	Fonts/build/GlyphText/FontText_625B.font.s
[GEN]	Fonts/build/GlyphText/FontText_70E4.font.s
[GEN]	Fonts/build/GlyphText/FontText_58F3.font.s
[GEN]	Fonts/build/GlyphText/FontText_6E34.font.s
[GEN]	Fonts/build/GlyphText/FontText_57AE.font.s
[GEN]	Fonts/build/GlyphText/FontText_8DE8.font.s
[GEN]	Fonts/build/GlyphText/FontText_6B3E.font.s
[GEN]	Fonts/build/GlyphText/FontText_6846.font.s
[GEN]	Fonts/build/GlyphText/FontText_65F7.font.s
[GEN]	Fonts/build/GlyphText/FontText_5A6A.font.s
[GEN]	Fonts/build/GlyphText/FontText_62E6.font.s
[GEN]	Fonts/build/GlyphText/FontText_635E.font.s
[GEN]	Fonts/build/GlyphText/FontText_808B.font.s
[GEN]	Fonts/build/GlyphText/FontText_9ECE.font.s
[GEN]	Fonts/build/GlyphText/FontText_7BF1.font.s
[GEN]	Fonts/build/GlyphText/FontText_72F8.font.s
[GEN]	Fonts/build/GlyphText/FontText_6F13.font.s
[GEN]	Fonts/build/GlyphText/FontText_674E.font.s
[GEN]	Fonts/build/GlyphText/FontText_6817.font.s
[GEN]	Fonts/build/GlyphText/FontText_5EC9.font.s
[GEN]	Fonts/build/GlyphText/FontText_655B.font.s
[GEN]	Fonts/build/GlyphText/FontText_6482.font.s
[GEN]	Fonts/build/GlyphText/FontText_7433.font.s
[GEN]	Fonts/build/GlyphText/FontText_6DCB.font.s
[GEN]	Fonts/build/GlyphText/FontText_62CE.font.s
[GEN]	Fonts/build/GlyphText/FontText_9675.font.s
[GEN]	Fonts/build/GlyphText/FontText_5499.font.s
[GEN]	Fonts/build/GlyphText/FontText_62E2.font.s
[GEN]	Fonts/build/GlyphText/FontText_7089.font.s
[GEN]	Fonts/build/GlyphText/FontText_63B3.font.s
[GEN]	Fonts/build/GlyphText/FontText_788C.font.s
[GEN]	Fonts/build/GlyphText/FontText_622E.font.s
[GEN]	Fonts/build/GlyphText/FontText_9A74.font.s
[GEN]	Fonts/build/GlyphText/FontText_63A0.font.s
[GEN]	Fonts/build/GlyphText/FontText_841D.font.s
[GEN]	Fonts/build/GlyphText/FontText_903B.font.s
[GEN]	Fonts/build/GlyphText/FontText_9AA1.font.s
[GEN]	Fonts/build/GlyphText/FontText_9992.font.s
[GEN]	Fonts/build/GlyphText/FontText_66FC.font.s
[GEN]	Fonts/build/GlyphText/FontText_77DB.font.s
[GEN]	Fonts/build/GlyphText/FontText_8D38.font.s
[GEN]	Fonts/build/GlyphText/FontText_679A.font.s
[GEN]	Fonts/build/GlyphText/FontText_5BD0.font.s
[GEN]	Fonts/build/GlyphText/FontText_772F.font.s
[GEN]	Fonts/build/GlyphText/FontText_89C5.font.s
[GEN]	Fonts/build/GlyphText/FontText_871C.font.s
[GEN]	Fonts/build/GlyphText/FontText_7EF5.font.s
[GEN]	Fonts/build/GlyphText/FontText_79D2.font.s
[GEN]	Fonts/build/GlyphText/FontText_8511.font.s
[GEN]	Fonts/build/GlyphText/FontText_62BF.font.s
[GEN]	Fonts/build/GlyphText/FontText_60AF.font.s
[GEN]	Fonts/build/GlyphText/FontText_9E23.font.s
[GEN]	Fonts/build/GlyphText/FontText_94ED.font.s
[GEN]	Fonts/build/GlyphText/FontText_6469.font.s
[GEN]	Fonts/build/GlyphText/FontText_5893.font.s
[GEN]	Fonts/build/GlyphText/FontText_52DF.font.s
[GEN]	Fonts/build/GlyphText/FontText_5450.font.s
[GEN]	Fonts/build/GlyphText/FontText_4E43.font.s
[GEN]	Fonts/build/GlyphText/FontText_56CA.font.s
[GEN]	Fonts/build/GlyphText/FontText_9981.font.s
[GEN]	Fonts/build/GlyphText/FontText_817B.font.s
[GEN]	Fonts/build/GlyphText/FontText_9006.font.s
[GEN]	Fonts/build/GlyphText/FontText_6EBA.font.s
[GEN]	Fonts/build/GlyphText/FontText_634F.font.s
[GEN]	Fonts/build/GlyphText/FontText_5B7D.font.s
[GEN]	Fonts/build/GlyphText/FontText_6BB4.font.s
[GEN]	Fonts/build/GlyphText/FontText_556A.font.s
[GEN]	Fonts/build/GlyphText/FontText_8DB4.font.s
[GEN]	Fonts/build/GlyphText/FontText_5E15.font.s
[GEN]	Fonts/build/GlyphText/FontText_5486.font.s
[GEN]	Fonts/build/GlyphText/FontText_70AE.font.s
[GEN]	Fonts/build/GlyphText/FontText_6C9B.font.s
[GEN]	Fonts/build/GlyphText/FontText_7BF7.font.s
[GEN]	Fonts/build/GlyphText/FontText_5288.font.s
[GEN]	Fonts/build/GlyphText/FontText_8B6C.font.s
[GEN]	Fonts/build/GlyphText/FontText_7BC7.font.s
[GEN]	Fonts/build/GlyphText/FontText_7968.font.s
[GEN]	Fonts/build/GlyphText/FontText_6487.font.s
[GEN]	Fonts/build/GlyphText/FontText_82F9.font.s
[GEN]	Fonts/build/GlyphText/FontText_840D.font.s
[GEN]	Fonts/build/GlyphText/FontText_9887.font.s
[GEN]	Fonts/build/GlyphText/FontText_83E9.font.s
[GEN]	Fonts/build/GlyphText/FontText_8C31.font.s
[GEN]	Fonts/build/GlyphText/FontText_621A.font.s
[GEN]	Fonts/build/GlyphText/FontText_51C4.font.s
[GEN]	Fonts/build/GlyphText/FontText_6B67.font.s
[GEN]	Fonts/build/GlyphText/FontText_65D7.font.s
[GEN]	Fonts/build/GlyphText/FontText_4F01.font.s
[GEN]	Fonts/build/GlyphText/FontText_6070.font.s
[GEN]	Fonts/build/GlyphText/FontText_6D3D.font.s
[GEN]	Fonts/build/GlyphText/FontText_545B.font.s
[GEN]	Fonts/build/GlyphText/FontText_4E54.font.s
[GEN]	Fonts/build/GlyphText/FontText_9798.font.s
[GEN]	Fonts/build/GlyphText/FontText_5CED.font.s
[GEN]	Fonts/build/GlyphText/FontText_7A83.font.s
[GEN]	Fonts/build/GlyphText/FontText_94A6.font.s
[GEN]	Fonts/build/GlyphText/FontText_64D2.font.s
[GEN]	Fonts/build/GlyphText/FontText_79BD.font.s
[GEN]	Fonts/build/GlyphText/FontText_79CB.font.s
[GEN]	Fonts/build/GlyphText/FontText_4E18.font.s
[GEN]	Fonts/build/GlyphText/FontText_7403.font.s
[GEN]	Fonts/build/GlyphText/FontText_8D8B.font.s
[GEN]	Fonts/build/GlyphText/FontText_6CC9.font.s
[GEN]	Fonts/build/GlyphText/FontText_72AC.font.s
[GEN]	Fonts/build/GlyphText/FontText_67D3.font.s
[GEN]	Fonts/build/GlyphText/FontText_58E4.font.s
[GEN]	Fonts/build/GlyphText/FontText_6EB6.font.s
[GEN]	Fonts/build/GlyphText/FontText_6851.font.s
[GEN]	Fonts/build/GlyphText/FontText_745F.font.s
[GEN]	Fonts/build/GlyphText/FontText_838E.font.s
[GEN]	Fonts/build/GlyphText/FontText_7802.font.s
[GEN]	Fonts/build/GlyphText/FontText_715E.font.s
[GEN]	Fonts/build/GlyphText/FontText_6652.font.s
[GEN]	Fonts/build/GlyphText/FontText_717D.font.s
[GEN]	Fonts/build/GlyphText/FontText_6247.font.s
[GEN]	Fonts/build/GlyphText/FontText_634E.font.s
[GEN]	Fonts/build/GlyphText/FontText_5962.font.s
[GEN]	Fonts/build/GlyphText/FontText_8D66.font.s
[GEN]	Fonts/build/GlyphText/FontText_6444.font.s
[GEN]	Fonts/build/GlyphText/FontText_793E.font.s
[GEN]	Fonts/build/GlyphText/FontText_7533.font.s
[GEN]	Fonts/build/GlyphText/FontText_6E17.font.s
[GEN]	Fonts/build/GlyphText/FontText_7525.font.s
[GEN]	Fonts/build/GlyphText/FontText_7EF3.font.s
[GEN]	Fonts/build/GlyphText/FontText_8680.font.s
[GEN]	Fonts/build/GlyphText/FontText_67FF.font.s
[GEN]	Fonts/build/GlyphText/FontText_4ED5.font.s
[GEN]	Fonts/build/GlyphText/FontText_552E.font.s
[GEN]	Fonts/build/GlyphText/FontText_7626.font.s
[GEN]	Fonts/build/GlyphText/FontText_517D.font.s
[GEN]	Fonts/build/GlyphText/FontText_5B70.font.s
[GEN]	Fonts/build/GlyphText/FontText_7AD6.font.s
[GEN]	Fonts/build/GlyphText/FontText_77AC.font.s
[GEN]	Fonts/build/GlyphText/FontText_7855.font.s
[GEN]	Fonts/build/GlyphText/FontText_70C1.font.s
[GEN]	Fonts/build/GlyphText/FontText_6002.font.s
[GEN]	Fonts/build/GlyphText/FontText_9882.font.s
[GEN]	Fonts/build/GlyphText/FontText_8BF5.font.s
[GEN]	Fonts/build/GlyphText/FontText_8E4B.font.s
[GEN]	Fonts/build/GlyphText/FontText_6BEF.font.s
[GEN]	Fonts/build/GlyphText/FontText_8EBA.font.s
[GEN]	Fonts/build/GlyphText/FontText_6DCC.font.s
[GEN]	Fonts/build/GlyphText/FontText_70EB.font.s
[GEN]	Fonts/build/GlyphText/FontText_638F.font.s
[GEN]	Fonts/build/GlyphText/FontText_9676.font.s
[GEN]	Fonts/build/GlyphText/FontText_5254.font.s
[GEN]	Fonts/build/GlyphText/FontText_8E22.font.s
[GEN]	Fonts/build/GlyphText/FontText_557C.font.s
[GEN]	Fonts/build/GlyphText/FontText_6D95.font.s
[GEN]	Fonts/build/GlyphText/FontText_586B.font.s
[GEN]	Fonts/build/GlyphText/FontText_606C.font.s
[GEN]	Fonts/build/GlyphText/FontText_773A.font.s
[GEN]	Fonts/build/GlyphText/FontText_77B3.font.s
[GEN]	Fonts/build/GlyphText/FontText_7AE5.font.s
[GEN]	Fonts/build/GlyphText/FontText_79C3.font.s
[GEN]	Fonts/build/GlyphText/FontText_5C60.font.s
[GEN]	Fonts/build/GlyphText/FontText_5154.font.s
[GEN]	Fonts/build/GlyphText/FontText_59A5.font.s
[GEN]	Fonts/build/GlyphText/FontText_4E38.font.s
[GEN]	Fonts/build/GlyphText/FontText_6845.font.s
[GEN]	Fonts/build/GlyphText/FontText_60DF.font.s
[GEN]	Fonts/build/GlyphText/FontText_4F2A.font.s
[GEN]	Fonts/build/GlyphText/FontText_6170.font.s
[GEN]	Fonts/build/GlyphText/FontText_761F.font.s
[GEN]	Fonts/build/GlyphText/FontText_6DA1.font.s
[GEN]	Fonts/build/GlyphText/FontText_543E.font.s
[GEN]	Fonts/build/GlyphText/FontText_6614.font.s
[GEN]	Fonts/build/GlyphText/FontText_6790.font.s
[GEN]	Fonts/build/GlyphText/FontText_6670.font.s
[GEN]	Fonts/build/GlyphText/FontText_563B.font.s
[GEN]	Fonts/build/GlyphText/FontText_7A00.font.s
[GEN]	Fonts/build/GlyphText/FontText_819D.font.s
[GEN]	Fonts/build/GlyphText/FontText_867E.font.s
[GEN]	Fonts/build/GlyphText/FontText_6687.font.s
[GEN]	Fonts/build/GlyphText/FontText_7EA4.font.s
[GEN]	Fonts/build/GlyphText/FontText_54B8.font.s
[GEN]	Fonts/build/GlyphText/FontText_8854.font.s
[GEN]	Fonts/build/GlyphText/FontText_8237.font.s
[GEN]	Fonts/build/GlyphText/FontText_5DF7.font.s
[GEN]	Fonts/build/GlyphText/FontText_54EE.font.s
[GEN]	Fonts/build/GlyphText/FontText_8096.font.s
[GEN]	Fonts/build/GlyphText/FontText_6B47.font.s
[GEN]	Fonts/build/GlyphText/FontText_631F.font.s
[GEN]	Fonts/build/GlyphText/FontText_87F9.font.s
[GEN]	Fonts/build/GlyphText/FontText_85AA.font.s
[GEN]	Fonts/build/GlyphText/FontText_60FA.font.s
[GEN]	Fonts/build/GlyphText/FontText_5211.font.s
[GEN]	Fonts/build/GlyphText/FontText_55C5.font.s
[GEN]	Fonts/build/GlyphText/FontText_9508.font.s
[GEN]	Fonts/build/GlyphText/FontText_53D9.font.s
[GEN]	Fonts/build/GlyphText/FontText_6064.font.s
[GEN]	Fonts/build/GlyphText/FontText_7384.font.s
[GEN]	Fonts/build/GlyphText/FontText_7729.font.s
[GEN]	Fonts/build/GlyphText/FontText_7A74.font.s
[GEN]	Fonts/build/GlyphText/FontText_900A.font.s
[GEN]	Fonts/build/GlyphText/FontText_7109.font.s
[GEN]	Fonts/build/GlyphText/FontText_54BD.font.s
[GEN]	Fonts/build/GlyphText/FontText_5944.font.s
[GEN]	Fonts/build/GlyphText/FontText_6768.font.s
[GEN]	Fonts/build/GlyphText/FontText_54AC.font.s
[GEN]	Fonts/build/GlyphText/FontText_8036.font.s
[GEN]	Fonts/build/GlyphText/FontText_9875.font.s
[GEN]	Fonts/build/GlyphText/FontText_814B.font.s
[GEN]	Fonts/build/GlyphText/FontText_6905.font.s
[GEN]	Fonts/build/GlyphText/FontText_4EBF.font.s
[GEN]	Fonts/build/GlyphText/FontText_6BC5.font.s
[GEN]	Fonts/build/GlyphText/FontText_6EA2.font.s
[GEN]	Fonts/build/GlyphText/FontText_996E.font.s
[GEN]	Fonts/build/GlyphText/FontText_9E70.font.s
[GEN]	Fonts/build/GlyphText/FontText_548F.font.s
[GEN]	Fonts/build/GlyphText/FontText_6CF3.font.s
[GEN]	Fonts/build/GlyphText/FontText_6D8C.font.s
[GEN]	Fonts/build/GlyphText/FontText_607F.font.s
[GEN]	Fonts/build/GlyphText/FontText_903E.font.s
[GEN]	Fonts/build/GlyphText/FontText_5401.font.s
[GEN]	Fonts/build/GlyphText/FontText_5706.font.s
[GEN]	Fonts/build/GlyphText/FontText_8574.font.s
[GEN]	Fonts/build/GlyphText/FontText_97F5.font.s
[GEN]	Fonts/build/GlyphText/FontText_54B1.font.s
[GEN]	Fonts/build/GlyphText/FontText_846C.font.s
[GEN]	Fonts/build/GlyphText/FontText_51FF.font.s
[GEN]	Fonts/build/GlyphText/FontText_8E81.font.s
[GEN]	Fonts/build/GlyphText/FontText_71E5.font.s
[GEN]	Fonts/build/GlyphText/FontText_70B8.font.s
[GEN]	Fonts/build/GlyphText/FontText_8BC8.font.s
[GEN]	Fonts/build/GlyphText/FontText_8D26.font.s
[GEN]	Fonts/build/GlyphText/FontText_662D.font.s
[GEN]	Fonts/build/GlyphText/FontText_6CBC.font.s
[GEN]	Fonts/build/GlyphText/FontText_7F69.font.s
[GEN]	Fonts/build/GlyphText/FontText_8F99.font.s
[GEN]	Fonts/build/GlyphText/FontText_659F.font.s
[GEN]	Fonts/build/GlyphText/FontText_6795.font.s
[GEN]	Fonts/build/GlyphText/FontText_5431.font.s
[GEN]	Fonts/build/GlyphText/FontText_5E1C.font.s
[GEN]	Fonts/build/GlyphText/FontText_5CD9.font.s
[GEN]	Fonts/build/GlyphText/FontText_821F.font.s
[GEN]	Fonts/build/GlyphText/FontText_9AA4.font.s
[GEN]	Fonts/build/GlyphText/FontText_682A.font.s
[GEN]	Fonts/build/GlyphText/FontText_77A9.font.s
[GEN]	Fonts/build/GlyphText/FontText_7B51.font.s
[GEN]	Fonts/build/GlyphText/FontText_64B0.font.s
[GEN]	Fonts/build/GlyphText/FontText_6869.font.s
[GEN]	Fonts/build/GlyphText/FontText_5986.font.s
[GEN]	Fonts/build/GlyphText/FontText_8D58.font.s
[GEN]	Fonts/build/GlyphText/FontText_7F00.font.s
[GEN]	Fonts/build/GlyphText/FontText_5353.font.s
[GEN]	Fonts/build/GlyphText/FontText_6D4A.font.s
[GEN]	Fonts/build/GlyphText/FontText_7D2B.font.s
[GEN]	Fonts/build/GlyphText/FontText_6ED3.font.s
[GEN]	Fonts/build/GlyphText/FontText_5B97.font.s
[GEN]	Fonts/build/GlyphText/FontText_9189.font.s
[GEN]	Fonts/build/GlyphText/FontText_4E98.font.s
[GEN]	Fonts/build/GlyphText/FontText_53F5.font.s
[GEN]	Fonts/build/GlyphText/FontText_4F7B.font.s
[GEN]	Fonts/build/GlyphText/FontText_7FB8.font.s
[GEN]	Fonts/build/GlyphText/FontText_8BA7.font.s
[GEN]	Fonts/build/GlyphText/FontText_8C12.font.s
[GEN]	Fonts/build/GlyphText/FontText_8C15.font.s
[GEN]	Fonts/build/GlyphText/FontText_99A8.font.s
[GEN]	Fonts/build/GlyphText/FontText_8299.font.s
[GEN]	Fonts/build/GlyphText/FontText_595A.font.s
[GEN]	Fonts/build/GlyphText/FontText_62D7.font.s
[GEN]	Fonts/build/GlyphText/FontText_636D.font.s
[GEN]	Fonts/build/GlyphText/FontText_5F11.font.s
[GEN]	Fonts/build/GlyphText/FontText_53F1.font.s
[GEN]	Fonts/build/GlyphText/FontText_544B.font.s
[GEN]	Fonts/build/GlyphText/FontText_5494.font.s
[GEN]	Fonts/build/GlyphText/FontText_549D.font.s
[GEN]	Fonts/build/GlyphText/FontText_54A7.font.s
[GEN]	Fonts/build/GlyphText/FontText_54E7.font.s
[GEN]	Fonts/build/GlyphText/FontText_5527.font.s
[GEN]	Fonts/build/GlyphText/FontText_5537.font.s
[GEN]	Fonts/build/GlyphText/FontText_557E.font.s
[GEN]	Fonts/build/GlyphText/FontText_55BD.font.s
[GEN]	Fonts/build/GlyphText/FontText_55F7.font.s
[GEN]	Fonts/build/GlyphText/FontText_561F.font.s
[GEN]	Fonts/build/GlyphText/FontText_55EC.font.s
[GEN]	Fonts/build/GlyphText/FontText_55E8.font.s
[GEN]	Fonts/build/GlyphText/FontText_55E4.font.s
[GEN]	Fonts/build/GlyphText/FontText_5608.font.s
[GEN]	Fonts/build/GlyphText/FontText_5623.font.s
[GEN]	Fonts/build/GlyphText/FontText_5600.font.s
[GEN]	Fonts/build/GlyphText/FontText_5662.font.s
[GEN]	Fonts/build/GlyphText/FontText_565C.font.s
[GEN]	Fonts/build/GlyphText/FontText_56AF.font.s
[GEN]	Fonts/build/GlyphText/FontText_56D4.font.s
[GEN]	Fonts/build/GlyphText/FontText_56F5.font.s
[GEN]	Fonts/build/GlyphText/FontText_56EB.font.s
[GEN]	Fonts/build/GlyphText/FontText_5D3D.font.s
[GEN]	Fonts/build/GlyphText/FontText_5F77.font.s
[GEN]	Fonts/build/GlyphText/FontText_5FA8.font.s
[GEN]	Fonts/build/GlyphText/FontText_72E9.font.s
[GEN]	Fonts/build/GlyphText/FontText_731D.font.s
[GEN]	Fonts/build/GlyphText/FontText_9977.font.s
[GEN]	Fonts/build/GlyphText/FontText_5FCF.font.s
[GEN]	Fonts/build/GlyphText/FontText_60EC.font.s
[GEN]	Fonts/build/GlyphText/FontText_60B4.font.s
[GEN]	Fonts/build/GlyphText/FontText_6194.font.s
[GEN]	Fonts/build/GlyphText/FontText_9616.font.s
[GEN]	Fonts/build/GlyphText/FontText_6D4F.font.s
[GEN]	Fonts/build/GlyphText/FontText_6F29.font.s
[GEN]	Fonts/build/GlyphText/FontText_8FE6.font.s
[GEN]	Fonts/build/GlyphText/FontText_9005.font.s
[GEN]	Fonts/build/GlyphText/FontText_9082.font.s
[GEN]	Fonts/build/GlyphText/FontText_5B71.font.s
[GEN]	Fonts/build/GlyphText/FontText_5983.font.s
[GEN]	Fonts/build/GlyphText/FontText_599E.font.s
[GEN]	Fonts/build/GlyphText/FontText_59BE.font.s
[GEN]	Fonts/build/GlyphText/FontText_5A34.font.s
[GEN]	Fonts/build/GlyphText/FontText_7F30.font.s
[GEN]	Fonts/build/GlyphText/FontText_6773.font.s
[GEN]	Fonts/build/GlyphText/FontText_6963.font.s
[GEN]	Fonts/build/GlyphText/FontText_6B84.font.s
[GEN]	Fonts/build/GlyphText/FontText_968A.font.s
[GEN]	Fonts/build/GlyphText/FontText_621F.font.s
[GEN]	Fonts/build/GlyphText/FontText_63B0.font.s
[GEN]	Fonts/build/GlyphText/FontText_80B4.font.s
[GEN]	Fonts/build/GlyphText/FontText_6B43.font.s
[GEN]	Fonts/build/GlyphText/FontText_98D2.font.s
[GEN]	Fonts/build/GlyphText/FontText_7940.font.s
[GEN]	Fonts/build/GlyphText/FontText_6059.font.s
[GEN]	Fonts/build/GlyphText/FontText_61A9.font.s
[GEN]	Fonts/build/GlyphText/FontText_789C.font.s
[GEN]	Fonts/build/GlyphText/FontText_7738.font.s
[GEN]	Fonts/build/GlyphText/FontText_753A.font.s
[GEN]	Fonts/build/GlyphText/FontText_88E8.font.s
[GEN]	Fonts/build/GlyphText/FontText_7B19.font.s
[GEN]	Fonts/build/GlyphText/FontText_7FE9.font.s
[GEN]	Fonts/build/GlyphText/FontText_8DF7.font.s
[GEN]	Fonts/build/GlyphText/FontText_8E4A.font.s
[GEN]	Fonts/build/GlyphText/FontText_9706.font.s
[GEN]	Fonts/build/GlyphText/FontText_9C7F.font.s
[GEN]	Fonts/build/GlyphText/FontText_98E8.font.s
[GEN]	Fonts/build/GlyphText/FontText_978D.font.s
[GEN]	Fonts/build/GlyphText/FontText_61CA.font.s
[GEN]	Fonts/build/GlyphText/FontText_9776.font.s
[GEN]	Fonts/build/GlyphText/FontText_62CC.font.s
[GEN]	Fonts/build/GlyphText/FontText_5F0A.font.s
[GEN]	Fonts/build/GlyphText/FontText_618B.font.s
[GEN]	Fonts/build/GlyphText/FontText_5F6C.font.s
[GEN]	Fonts/build/GlyphText/FontText_5BBE.font.s
[GEN]	Fonts/build/GlyphText/FontText_52C3.font.s
[GEN]	Fonts/build/GlyphText/FontText_6CCA.font.s
[GEN]	Fonts/build/GlyphText/FontText_9A73.font.s
[GEN]	Fonts/build/GlyphText/FontText_54FA.font.s
[GEN]	Fonts/build/GlyphText/FontText_776C.font.s
[GEN]	Fonts/build/GlyphText/FontText_832C.font.s
[GEN]	Fonts/build/GlyphText/FontText_6A59.font.s
[GEN]	Fonts/build/GlyphText/FontText_6F84.font.s
[GEN]	Fonts/build/GlyphText/FontText_79E4.font.s
[GEN]	Fonts/build/GlyphText/FontText_5C3A.font.s
[GEN]	Fonts/build/GlyphText/FontText_7EF8.font.s
[GEN]	Fonts/build/GlyphText/FontText_8328.font.s
[GEN]	Fonts/build/GlyphText/FontText_918B.font.s
[GEN]	Fonts/build/GlyphText/FontText_7C07.font.s
[GEN]	Fonts/build/GlyphText/FontText_6B86.font.s
[GEN]	Fonts/build/GlyphText/FontText_96D5.font.s
[GEN]	Fonts/build/GlyphText/FontText_8C46.font.s
[GEN]	Fonts/build/GlyphText/FontText_675C.font.s
[GEN]	Fonts/build/GlyphText/FontText_60F0.font.s
[GEN]	Fonts/build/GlyphText/FontText_9E45.font.s
[GEN]	Fonts/build/GlyphText/FontText_5384.font.s
[GEN]	Fonts/build/GlyphText/FontText_8D29.font.s
[GEN]	Fonts/build/GlyphText/FontText_5676.font.s
[GEN]	Fonts/build/GlyphText/FontText_7AFF.font.s
[GEN]	Fonts/build/GlyphText/FontText_634D.font.s
[GEN]	Fonts/build/GlyphText/FontText_6838.font.s
[GEN]	Fonts/build/GlyphText/FontText_76D2.font.s
[GEN]	Fonts/build/GlyphText/FontText_9E3F.font.s
[GEN]	Fonts/build/GlyphText/FontText_543C.font.s
[GEN]	Fonts/build/GlyphText/FontText_78FA.font.s
[GEN]	Fonts/build/GlyphText/FontText_79FD.font.s
[GEN]	Fonts/build/GlyphText/FontText_60B8.font.s
[GEN]	Fonts/build/GlyphText/FontText_996F.font.s
[GEN]	Fonts/build/GlyphText/FontText_6E85.font.s
[GEN]	Fonts/build/GlyphText/FontText_5320.font.s
[GEN]	Fonts/build/GlyphText/FontText_7F34.font.s
[GEN]	Fonts/build/GlyphText/FontText_8F7F.font.s
[GEN]	Fonts/build/GlyphText/FontText_8BEB.font.s
[GEN]	Fonts/build/GlyphText/FontText_5C4A.font.s
[GEN]	Fonts/build/GlyphText/FontText_81FC.font.s
[GEN]	Fonts/build/GlyphText/FontText_4EA2.font.s
[GEN]	Fonts/build/GlyphText/FontText_82DB.font.s
[GEN]	Fonts/build/GlyphText/FontText_9988.font.s
[GEN]	Fonts/build/GlyphText/FontText_6606.font.s
[GEN]	Fonts/build/GlyphText/FontText_8FA3.font.s
[GEN]	Fonts/build/GlyphText/FontText_6F9C.font.s
[GEN]	Fonts/build/GlyphText/FontText_52D2.font.s
[GEN]	Fonts/build/GlyphText/FontText_64C2.font.s
[GEN]	Fonts/build/GlyphText/FontText_5E18.font.s
[GEN]	Fonts/build/GlyphText/FontText_50DA.font.s
[GEN]	Fonts/build/GlyphText/FontText_8FBD.font.s
[GEN]	Fonts/build/GlyphText/FontText_541D.font.s
[GEN]	Fonts/build/GlyphText/FontText_5CAD.font.s
[GEN]	Fonts/build/GlyphText/FontText_786B.font.s
[GEN]	Fonts/build/GlyphText/FontText_5C65.font.s
[GEN]	Fonts/build/GlyphText/FontText_5B6A.font.s
[GEN]	Fonts/build/GlyphText/FontText_5375.font.s
[GEN]	Fonts/build/GlyphText/FontText_88F8.font.s
[GEN]	Fonts/build/GlyphText/FontText_8108.font.s
[GEN]	Fonts/build/GlyphText/FontText_536F.font.s
[GEN]	Fonts/build/GlyphText/FontText_5E3D.font.s
[GEN]	Fonts/build/GlyphText/FontText_840C.font.s
[GEN]	Fonts/build/GlyphText/FontText_9761.font.s
[GEN]	Fonts/build/GlyphText/FontText_6CDE.font.s
[GEN]	Fonts/build/GlyphText/FontText_7EBD.font.s
[GEN]	Fonts/build/GlyphText/FontText_632A.font.s
[GEN]	Fonts/build/GlyphText/FontText_5455.font.s
[GEN]	Fonts/build/GlyphText/FontText_6E43.font.s
[GEN]	Fonts/build/GlyphText/FontText_6F8E.font.s
[GEN]	Fonts/build/GlyphText/FontText_62AB.font.s
[GEN]	Fonts/build/GlyphText/FontText_6251.font.s
[GEN]	Fonts/build/GlyphText/FontText_94FA.font.s
[GEN]	Fonts/build/GlyphText/FontText_6816.font.s
[GEN]	Fonts/build/GlyphText/FontText_5D0E.font.s
[GEN]	Fonts/build/GlyphText/FontText_8FC4.font.s
[GEN]	Fonts/build/GlyphText/FontText_8C34.font.s
[GEN]	Fonts/build/GlyphText/FontText_4FCF.font.s
[GEN]	Fonts/build/GlyphText/FontText_5BDD.font.s
[GEN]	Fonts/build/GlyphText/FontText_8EAF.font.s
[GEN]	Fonts/build/GlyphText/FontText_88D9.font.s
[GEN]	Fonts/build/GlyphText/FontText_7ED2.font.s
[GEN]	Fonts/build/GlyphText/FontText_6C5D.font.s
[GEN]	Fonts/build/GlyphText/FontText_6D12.font.s
[GEN]	Fonts/build/GlyphText/FontText_5239.font.s
[GEN]	Fonts/build/GlyphText/FontText_7EB1.font.s
[GEN]	Fonts/build/GlyphText/FontText_54E8.font.s
[GEN]	Fonts/build/GlyphText/FontText_8D4A.font.s
[GEN]	Fonts/build/GlyphText/FontText_5BA1.font.s
[GEN]	Fonts/build/GlyphText/FontText_62ED.font.s
[GEN]	Fonts/build/GlyphText/FontText_55DC.font.s
[GEN]	Fonts/build/GlyphText/FontText_5BFF.font.s
[GEN]	Fonts/build/GlyphText/FontText_5EB6.font.s
[GEN]	Fonts/build/GlyphText/FontText_62F4.font.s
[GEN]	Fonts/build/GlyphText/FontText_7A0E.font.s
[GEN]	Fonts/build/GlyphText/FontText_68AD.font.s
[GEN]	Fonts/build/GlyphText/FontText_5506.font.s
[GEN]	Fonts/build/GlyphText/FontText_6CF0.font.s
[GEN]	Fonts/build/GlyphText/FontText_762B.font.s
[GEN]	Fonts/build/GlyphText/FontText_70AD.font.s
[GEN]	Fonts/build/GlyphText/FontText_5510.font.s
[GEN]	Fonts/build/GlyphText/FontText_7CD6.font.s
[GEN]	Fonts/build/GlyphText/FontText_5018.font.s
[GEN]	Fonts/build/GlyphText/FontText_6D9B.font.s
[GEN]	Fonts/build/GlyphText/FontText_6DD8.font.s
[GEN]	Fonts/build/GlyphText/FontText_9893.font.s
[GEN]	Fonts/build/GlyphText/FontText_553E.font.s
[GEN]	Fonts/build/GlyphText/FontText_60CB.font.s
[GEN]	Fonts/build/GlyphText/FontText_5A49.font.s
[GEN]	Fonts/build/GlyphText/FontText_6C6A.font.s
[GEN]	Fonts/build/GlyphText/FontText_840E.font.s
[GEN]	Fonts/build/GlyphText/FontText_6BCB.font.s
[GEN]	Fonts/build/GlyphText/FontText_817A.font.s
[GEN]	Fonts/build/GlyphText/FontText_9576.font.s
[GEN]	Fonts/build/GlyphText/FontText_659C.font.s
[GEN]	Fonts/build/GlyphText/FontText_8C10.font.s
[GEN]	Fonts/build/GlyphText/FontText_8845.font.s
[GEN]	Fonts/build/GlyphText/FontText_7EE3.font.s
[GEN]	Fonts/build/GlyphText/FontText_96C1.font.s
[GEN]	Fonts/build/GlyphText/FontText_75D2.font.s
[GEN]	Fonts/build/GlyphText/FontText_9890.font.s
[GEN]	Fonts/build/GlyphText/FontText_8681.font.s
[GEN]	Fonts/build/GlyphText/FontText_8BE3.font.s
[GEN]	Fonts/build/GlyphText/FontText_8C0A.font.s
[GEN]	Fonts/build/GlyphText/FontText_7ECE.font.s
[GEN]	Fonts/build/GlyphText/FontText_8424.font.s
[GEN]	Fonts/build/GlyphText/FontText_6D74.font.s
[GEN]	Fonts/build/GlyphText/FontText_5CB3.font.s
[GEN]	Fonts/build/GlyphText/FontText_683D.font.s
[GEN]	Fonts/build/GlyphText/FontText_54C9.font.s
[GEN]	Fonts/build/GlyphText/FontText_85FB.font.s
[GEN]	Fonts/build/GlyphText/FontText_6E5B.font.s
[GEN]	Fonts/build/GlyphText/FontText_7634.font.s
[GEN]	Fonts/build/GlyphText/FontText_81FB.font.s
[GEN]	Fonts/build/GlyphText/FontText_8718.font.s
[GEN]	Fonts/build/GlyphText/FontText_80A2.font.s
[GEN]	Fonts/build/GlyphText/FontText_6EDE.font.s
[GEN]	Fonts/build/GlyphText/FontText_4EF2.font.s
[GEN]	Fonts/build/GlyphText/FontText_86DB.font.s
[GEN]	Fonts/build/GlyphText/FontText_914C.font.s
[GEN]	Fonts/build/GlyphText/FontText_54A8.font.s
[GEN]	Fonts/build/GlyphText/FontText_5B6C.font.s
[GEN]	Fonts/build/GlyphText/FontText_592D.font.s
[GEN]	Fonts/build/GlyphText/FontText_556C.font.s
[GEN]	Fonts/build/GlyphText/FontText_8D5D.font.s
[GEN]	Fonts/build/GlyphText/FontText_6538.font.s
[GEN]	Fonts/build/GlyphText/FontText_4F83.font.s
[GEN]	Fonts/build/GlyphText/FontText_57A0.font.s
[GEN]	Fonts/build/GlyphText/FontText_5FD2.font.s
[GEN]	Fonts/build/GlyphText/FontText_5457.font.s
[GEN]	Fonts/build/GlyphText/FontText_54BF.font.s
[GEN]	Fonts/build/GlyphText/FontText_5555.font.s
[GEN]	Fonts/build/GlyphText/FontText_55D2.font.s
[GEN]	Fonts/build/GlyphText/FontText_55F5.font.s
[GEN]	Fonts/build/GlyphText/FontText_5C8C.font.s
[GEN]	Fonts/build/GlyphText/FontText_5C96.font.s
[GEN]	Fonts/build/GlyphText/FontText_72B7.font.s
[GEN]	Fonts/build/GlyphText/FontText_5FEA.font.s
[GEN]	Fonts/build/GlyphText/FontText_6021.font.s
[GEN]	Fonts/build/GlyphText/FontText_61AC.font.s
[GEN]	Fonts/build/GlyphText/FontText_61A7.font.s
[GEN]	Fonts/build/GlyphText/FontText_6C90.font.s
[GEN]	Fonts/build/GlyphText/FontText_6CEF.font.s
[GEN]	Fonts/build/GlyphText/FontText_6F47.font.s
[GEN]	Fonts/build/GlyphText/FontText_6F09.font.s
[GEN]	Fonts/build/GlyphText/FontText_8FE5.font.s
[GEN]	Fonts/build/GlyphText/FontText_905D.font.s
[GEN]	Fonts/build/GlyphText/FontText_54AB.font.s
[GEN]	Fonts/build/GlyphText/FontText_59A9.font.s
[GEN]	Fonts/build/GlyphText/FontText_7EEF.font.s
[GEN]	Fonts/build/GlyphText/FontText_7F08.font.s
[GEN]	Fonts/build/GlyphText/FontText_7F24.font.s
[GEN]	Fonts/build/GlyphText/FontText_7F25.font.s
[GEN]	Fonts/build/GlyphText/FontText_73B7.font.s
[GEN]	Fonts/build/GlyphText/FontText_6775.font.s
[GEN]	Fonts/build/GlyphText/FontText_8F84.font.s
[GEN]	Fonts/build/GlyphText/FontText_66DC.font.s
[GEN]	Fonts/build/GlyphText/FontText_814C.font.s
[GEN]	Fonts/build/GlyphText/FontText_7096.font.s
[GEN]	Fonts/build/GlyphText/FontText_7985.font.s
[GEN]	Fonts/build/GlyphText/FontText_77F6.font.s
[GEN]	Fonts/build/GlyphText/FontText_781D.font.s
[GEN]	Fonts/build/GlyphText/FontText_7750.font.s
[GEN]	Fonts/build/GlyphText/FontText_75CD.font.s
[GEN]	Fonts/build/GlyphText/FontText_7656.font.s
[GEN]	Fonts/build/GlyphText/FontText_877C.font.s
[GEN]	Fonts/build/GlyphText/FontText_8E69.font.s
[GEN]	Fonts/build/GlyphText/FontText_8E35.font.s
[GEN]	Fonts/build/GlyphText/FontText_9AB0.font.s
[GEN]	Fonts/build/GlyphText/FontText_9AB7.font.s
[GEN]	Fonts/build/GlyphText/FontText_9AC5.font.s
[GEN]	Fonts/build/GlyphText/FontText_764C.font.s
[GEN]	Fonts/build/GlyphText/FontText_9698.font.s
[GEN]	Fonts/build/GlyphText/FontText_6C28.font.s
[GEN]	Fonts/build/GlyphText/FontText_80FA.font.s
[GEN]	Fonts/build/GlyphText/FontText_76CE.font.s
[GEN]	Fonts/build/GlyphText/FontText_51F9.font.s
[GEN]	Fonts/build/GlyphText/FontText_6556.font.s
[GEN]	Fonts/build/GlyphText/FontText_8884.font.s
[GEN]	Fonts/build/GlyphText/FontText_6FB3.font.s
[GEN]	Fonts/build/GlyphText/FontText_82AD.font.s
[GEN]	Fonts/build/GlyphText/FontText_634C.font.s
[GEN]	Fonts/build/GlyphText/FontText_53ED.font.s
[GEN]	Fonts/build/GlyphText/FontText_7B06.font.s
[GEN]	Fonts/build/GlyphText/FontText_8019.font.s
[GEN]	Fonts/build/GlyphText/FontText_575D.font.s
[GEN]	Fonts/build/GlyphText/FontText_67CF.font.s
[GEN]	Fonts/build/GlyphText/FontText_4F70.font.s
[GEN]	Fonts/build/GlyphText/FontText_7A17.font.s
[GEN]	Fonts/build/GlyphText/FontText_9881.font.s
[GEN]	Fonts/build/GlyphText/FontText_74E3.font.s
[GEN]	Fonts/build/GlyphText/FontText_6886.font.s
[GEN]	Fonts/build/GlyphText/FontText_78C5.font.s
[GEN]	Fonts/build/GlyphText/FontText_868C.font.s
[GEN]	Fonts/build/GlyphText/FontText_9551.font.s
[GEN]	Fonts/build/GlyphText/FontText_8C24.font.s
[GEN]	Fonts/build/GlyphText/FontText_82DE.font.s
[GEN]	Fonts/build/GlyphText/FontText_8912.font.s
[GEN]	Fonts/build/GlyphText/FontText_96F9.font.s
[GEN]	Fonts/build/GlyphText/FontText_8C79.font.s
[GEN]	Fonts/build/GlyphText/FontText_7891.font.s
[GEN]	Fonts/build/GlyphText/FontText_94A1.font.s
[GEN]	Fonts/build/GlyphText/FontText_82EF.font.s
[GEN]	Fonts/build/GlyphText/FontText_6CF5.font.s
[GEN]	Fonts/build/GlyphText/FontText_8E66.font.s
[GEN]	Fonts/build/GlyphText/FontText_84D6.font.s
[GEN]	Fonts/build/GlyphText/FontText_6BD6.font.s
[GEN]	Fonts/build/GlyphText/FontText_655D.font.s
[GEN]	Fonts/build/GlyphText/FontText_535E.font.s
[GEN]	Fonts/build/GlyphText/FontText_8FAB.font.s
[GEN]	Fonts/build/GlyphText/FontText_5F6A.font.s
[GEN]	Fonts/build/GlyphText/FontText_8198.font.s
[GEN]	Fonts/build/GlyphText/FontText_762A.font.s
[GEN]	Fonts/build/GlyphText/FontText_658C.font.s
[GEN]	Fonts/build/GlyphText/FontText_6FD2.font.s
[GEN]	Fonts/build/GlyphText/FontText_6EE8.font.s
[GEN]	Fonts/build/GlyphText/FontText_6448.font.s
[GEN]	Fonts/build/GlyphText/FontText_997C.font.s
[GEN]	Fonts/build/GlyphText/FontText_70B3.font.s
[GEN]	Fonts/build/GlyphText/FontText_73BB.font.s
[GEN]	Fonts/build/GlyphText/FontText_83E0.font.s
[GEN]	Fonts/build/GlyphText/FontText_94B5.font.s
[GEN]	Fonts/build/GlyphText/FontText_94C2.font.s
[GEN]	Fonts/build/GlyphText/FontText_7B94.font.s
[GEN]	Fonts/build/GlyphText/FontText_5E1B.font.s
[GEN]	Fonts/build/GlyphText/FontText_8236.font.s
[GEN]	Fonts/build/GlyphText/FontText_6E24.font.s
[GEN]	Fonts/build/GlyphText/FontText_57E0.font.s
[GEN]	Fonts/build/GlyphText/FontText_7C3F.font.s
[GEN]	Fonts/build/GlyphText/FontText_8521.font.s
[GEN]	Fonts/build/GlyphText/FontText_8695.font.s
[GEN]	Fonts/build/GlyphText/FontText_6CA7.font.s
[GEN]	Fonts/build/GlyphText/FontText_7CD9.font.s
[GEN]	Fonts/build/GlyphText/FontText_69FD.font.s
[GEN]	Fonts/build/GlyphText/FontText_66F9.font.s
[GEN]	Fonts/build/GlyphText/FontText_5395.font.s
[GEN]	Fonts/build/GlyphText/FontText_53C9.font.s
[GEN]	Fonts/build/GlyphText/FontText_78B4.font.s
[GEN]	Fonts/build/GlyphText/FontText_643D.font.s
[GEN]	Fonts/build/GlyphText/FontText_8BE7.font.s
[GEN]	Fonts/build/GlyphText/FontText_8C7A.font.s
[GEN]	Fonts/build/GlyphText/FontText_6400.font.s
[GEN]	Fonts/build/GlyphText/FontText_8749.font.s
[GEN]	Fonts/build/GlyphText/FontText_998B.font.s
[GEN]	Fonts/build/GlyphText/FontText_8C17.font.s
[GEN]	Fonts/build/GlyphText/FontText_9610.font.s
[GEN]	Fonts/build/GlyphText/FontText_5382.font.s
[GEN]	Fonts/build/GlyphText/FontText_5021.font.s
[GEN]	Fonts/build/GlyphText/FontText_949E.font.s
[GEN]	Fonts/build/GlyphText/FontText_63A3.font.s
[GEN]	Fonts/build/GlyphText/FontText_90F4.font.s
[GEN]	Fonts/build/GlyphText/FontText_8FB0.font.s
[GEN]	Fonts/build/GlyphText/FontText_70BD.font.s
[GEN]	Fonts/build/GlyphText/FontText_7A20.font.s
[GEN]	Fonts/build/GlyphText/FontText_7785.font.s
[GEN]	Fonts/build/GlyphText/FontText_6A71.font.s
[GEN]	Fonts/build/GlyphText/FontText_9504.font.s
[GEN]	Fonts/build/GlyphText/FontText_96CF.font.s
[GEN]	Fonts/build/GlyphText/FontText_6EC1.font.s
[GEN]	Fonts/build/GlyphText/FontText_77D7.font.s
[GEN]	Fonts/build/GlyphText/FontText_6410.font.s
[GEN]	Fonts/build/GlyphText/FontText_693D.font.s
[GEN]	Fonts/build/GlyphText/FontText_5E62.font.s
[GEN]	Fonts/build/GlyphText/FontText_708A.font.s
[GEN]	Fonts/build/GlyphText/FontText_693F.font.s
[GEN]	Fonts/build/GlyphText/FontText_9187.font.s
[GEN]	Fonts/build/GlyphText/FontText_6DF3.font.s
[GEN]	Fonts/build/GlyphText/FontText_75B5.font.s
[GEN]	Fonts/build/GlyphText/FontText_78C1.font.s
[GEN]	Fonts/build/GlyphText/FontText_74F7.font.s
[GEN]	Fonts/build/GlyphText/FontText_8471.font.s
[GEN]	Fonts/build/GlyphText/FontText_56F1.font.s
[GEN]	Fonts/build/GlyphText/FontText_8E7F.font.s
[GEN]	Fonts/build/GlyphText/FontText_6DEC.font.s
[GEN]	Fonts/build/GlyphText/FontText_7FE0.font.s
[GEN]	Fonts/build/GlyphText/FontText_64AE.font.s
[GEN]	Fonts/build/GlyphText/FontText_632B.font.s
[GEN]	Fonts/build/GlyphText/FontText_7629.font.s
[GEN]	Fonts/build/GlyphText/FontText_50A3.font.s
[GEN]	Fonts/build/GlyphText/FontText_8D37.font.s
[GEN]	Fonts/build/GlyphText/FontText_90F8.font.s
[GEN]	Fonts/build/GlyphText/FontText_63B8.font.s
[GEN]	Fonts/build/GlyphText/FontText_6C2E.font.s
[GEN]	Fonts/build/GlyphText/FontText_60EE.font.s
[GEN]	Fonts/build/GlyphText/FontText_7A3B.font.s
[GEN]	Fonts/build/GlyphText/FontText_51F3.font.s
[GEN]	Fonts/build/GlyphText/FontText_9093.font.s
[GEN]	Fonts/build/GlyphText/FontText_5824.font.s
[GEN]	Fonts/build/GlyphText/FontText_72C4.font.s
[GEN]	Fonts/build/GlyphText/FontText_6DA4.font.s
[GEN]	Fonts/build/GlyphText/FontText_7FDF.font.s
[GEN]	Fonts/build/GlyphText/FontText_9012.font.s
[GEN]	Fonts/build/GlyphText/FontText_6382.font.s
[GEN]	Fonts/build/GlyphText/FontText_6EC7.font.s
[GEN]	Fonts/build/GlyphText/FontText_7898.font.s
[GEN]	Fonts/build/GlyphText/FontText_975B.font.s
[GEN]	Fonts/build/GlyphText/FontText_4F43.font.s
[GEN]	Fonts/build/GlyphText/FontText_7538.font.s
[GEN]	Fonts/build/GlyphText/FontText_6DC0.font.s
[GEN]	Fonts/build/GlyphText/FontText_7889.font.s
[GEN]	Fonts/build/GlyphText/FontText_53FC.font.s
[GEN]	Fonts/build/GlyphText/FontText_51CB.font.s
[GEN]	Fonts/build/GlyphText/FontText_8FED.font.s
[GEN]	Fonts/build/GlyphText/FontText_9F0E.font.s
[GEN]	Fonts/build/GlyphText/FontText_952D.font.s
[GEN]	Fonts/build/GlyphText/FontText_8463.font.s
[GEN]	Fonts/build/GlyphText/FontText_4F97.font.s
[GEN]	Fonts/build/GlyphText/FontText_606B.font.s
[GEN]	Fonts/build/GlyphText/FontText_75D8.font.s
[GEN]	Fonts/build/GlyphText/FontText_728A.font.s
[GEN]	Fonts/build/GlyphText/FontText_9540.font.s
[GEN]	Fonts/build/GlyphText/FontText_7F0E.font.s
[GEN]	Fonts/build/GlyphText/FontText_5151.font.s
[GEN]	Fonts/build/GlyphText/FontText_58A9.font.s
[GEN]	Fonts/build/GlyphText/FontText_5428.font.s
[GEN]	Fonts/build/GlyphText/FontText_8E72.font.s
[GEN]	Fonts/build/GlyphText/FontText_6566.font.s
[GEN]	Fonts/build/GlyphText/FontText_56E4.font.s
[GEN]	Fonts/build/GlyphText/FontText_9041.font.s
[GEN]	Fonts/build/GlyphText/FontText_6387.font.s
[GEN]	Fonts/build/GlyphText/FontText_579B.font.s
[GEN]	Fonts/build/GlyphText/FontText_8DFA.font.s
[GEN]	Fonts/build/GlyphText/FontText_8235.font.s
[GEN]	Fonts/build/GlyphText/FontText_86FE.font.s
[GEN]	Fonts/build/GlyphText/FontText_5CE8.font.s
[GEN]	Fonts/build/GlyphText/FontText_4FC4.font.s
[GEN]	Fonts/build/GlyphText/FontText_8BB9.font.s
[GEN]	Fonts/build/GlyphText/FontText_5A25.font.s
[GEN]	Fonts/build/GlyphText/FontText_627C.font.s
[GEN]	Fonts/build/GlyphText/FontText_9102.font.s
[GEN]	Fonts/build/GlyphText/FontText_6D31.font.s
[GEN]	Fonts/build/GlyphText/FontText_8D30.font.s
[GEN]	Fonts/build/GlyphText/FontText_7B4F.font.s
[GEN]	Fonts/build/GlyphText/FontText_9600.font.s
[GEN]	Fonts/build/GlyphText/FontText_85E9.font.s
[GEN]	Fonts/build/GlyphText/FontText_6A0A.font.s
[GEN]	Fonts/build/GlyphText/FontText_77FE.font.s
[GEN]	Fonts/build/GlyphText/FontText_9492.font.s
[GEN]	Fonts/build/GlyphText/FontText_574A.font.s
[GEN]	Fonts/build/GlyphText/FontText_80AA.font.s
[GEN]	Fonts/build/GlyphText/FontText_7EBA.font.s
[GEN]	Fonts/build/GlyphText/FontText_5561.font.s
[GEN]	Fonts/build/GlyphText/FontText_8BFD.font.s
[GEN]	Fonts/build/GlyphText/FontText_5420.font.s
[GEN]	Fonts/build/GlyphText/FontText_915A.font.s
[GEN]	Fonts/build/GlyphText/FontText_6C7E.font.s
[GEN]	Fonts/build/GlyphText/FontText_5FFF.font.s
[GEN]	Fonts/build/GlyphText/FontText_7CAA.font.s
[GEN]	Fonts/build/GlyphText/FontText_67AB.font.s
[GEN]	Fonts/build/GlyphText/FontText_70FD.font.s
[GEN]	Fonts/build/GlyphText/FontText_51AF.font.s
[GEN]	Fonts/build/GlyphText/FontText_51E4.font.s
[GEN]	Fonts/build/GlyphText/FontText_5B75.font.s
[GEN]	Fonts/build/GlyphText/FontText_8F90.font.s
[GEN]	Fonts/build/GlyphText/FontText_6C1F.font.s
[GEN]	Fonts/build/GlyphText/FontText_6DAA.font.s
[GEN]	Fonts/build/GlyphText/FontText_752B.font.s
[GEN]	Fonts/build/GlyphText/FontText_91DC.font.s
[GEN]	Fonts/build/GlyphText/FontText_812F.font.s
[GEN]	Fonts/build/GlyphText/FontText_8151.font.s
[GEN]	Fonts/build/GlyphText/FontText_961C.font.s
[GEN]	Fonts/build/GlyphText/FontText_8BA3.font.s
[GEN]	Fonts/build/GlyphText/FontText_9499.font.s
[GEN]	Fonts/build/GlyphText/FontText_6E89.font.s
[GEN]	Fonts/build/GlyphText/FontText_67D1.font.s
[GEN]	Fonts/build/GlyphText/FontText_79C6.font.s
[GEN]	Fonts/build/GlyphText/FontText_8D63.font.s
[GEN]	Fonts/build/GlyphText/FontText_7F38.font.s
[GEN]	Fonts/build/GlyphText/FontText_809B.font.s
[GEN]	Fonts/build/GlyphText/FontText_7EB2.font.s
[GEN]	Fonts/build/GlyphText/FontText_6760.font.s
[GEN]	Fonts/build/GlyphText/FontText_7BD9.font.s
[GEN]	Fonts/build/GlyphText/FontText_768B.font.s
[GEN]	Fonts/build/GlyphText/FontText_9550.font.s
[GEN]	Fonts/build/GlyphText/FontText_7A3F.font.s
[GEN]	Fonts/build/GlyphText/FontText_9E3D.font.s
[GEN]	Fonts/build/GlyphText/FontText_7599.font.s
[GEN]	Fonts/build/GlyphText/FontText_86E4.font.s
[GEN]	Fonts/build/GlyphText/FontText_94EC.font.s
[GEN]	Fonts/build/GlyphText/FontText_5E9A.font.s
[GEN]	Fonts/build/GlyphText/FontText_57C2.font.s
[GEN]	Fonts/build/GlyphText/FontText_9F9A.font.s
[GEN]	Fonts/build/GlyphText/FontText_6C5E.font.s
[GEN]	Fonts/build/GlyphText/FontText_62F1.font.s
[GEN]	Fonts/build/GlyphText/FontText_57A2.font.s
[GEN]	Fonts/build/GlyphText/FontText_83C7.font.s
[GEN]	Fonts/build/GlyphText/FontText_7B8D.font.s
[GEN]	Fonts/build/GlyphText/FontText_6CBD.font.s
[GEN]	Fonts/build/GlyphText/FontText_86CA.font.s
[GEN]	Fonts/build/GlyphText/FontText_5250.font.s
[GEN]	Fonts/build/GlyphText/FontText_8902.font.s
[GEN]	Fonts/build/GlyphText/FontText_7470.font.s
[GEN]	Fonts/build/GlyphText/FontText_572D.font.s
[GEN]	Fonts/build/GlyphText/FontText_7845.font.s
[GEN]	Fonts/build/GlyphText/FontText_9F9F.font.s
[GEN]	Fonts/build/GlyphText/FontText_7678.font.s
[GEN]	Fonts/build/GlyphText/FontText_6842.font.s
[GEN]	Fonts/build/GlyphText/FontText_67DC.font.s
[GEN]	Fonts/build/GlyphText/FontText_523D.font.s
[GEN]	Fonts/build/GlyphText/FontText_8F8A.font.s
[GEN]	Fonts/build/GlyphText/FontText_90ED.font.s
[GEN]	Fonts/build/GlyphText/FontText_88F9.font.s
[GEN]	Fonts/build/GlyphText/FontText_6C26.font.s
[GEN]	Fonts/build/GlyphText/FontText_4EA5.font.s
[GEN]	Fonts/build/GlyphText/FontText_61A8.font.s
[GEN]	Fonts/build/GlyphText/FontText_90AF.font.s
[GEN]	Fonts/build/GlyphText/FontText_97E9.font.s
[GEN]	Fonts/build/GlyphText/FontText_6DB5.font.s
[GEN]	Fonts/build/GlyphText/FontText_51FD.font.s
[GEN]	Fonts/build/GlyphText/FontText_65F1.font.s
[GEN]	Fonts/build/GlyphText/FontText_710A.font.s
[GEN]	Fonts/build/GlyphText/FontText_592F.font.s
[GEN]	Fonts/build/GlyphText/FontText_676D.font.s
[GEN]	Fonts/build/GlyphText/FontText_58D5.font.s
[GEN]	Fonts/build/GlyphText/FontText_90DD.font.s
[GEN]	Fonts/build/GlyphText/FontText_6D69.font.s
[GEN]	Fonts/build/GlyphText/FontText_8377.font.s
[GEN]	Fonts/build/GlyphText/FontText_83CF.font.s
[GEN]	Fonts/build/GlyphText/FontText_9602.font.s
[GEN]	Fonts/build/GlyphText/FontText_6DB8.font.s
[GEN]	Fonts/build/GlyphText/FontText_8910.font.s
[GEN]	Fonts/build/GlyphText/FontText_9E64.font.s
[GEN]	Fonts/build/GlyphText/FontText_4EA8.font.s
[GEN]	Fonts/build/GlyphText/FontText_8679.font.s
[GEN]	Fonts/build/GlyphText/FontText_6D2A.font.s
[GEN]	Fonts/build/GlyphText/FontText_5F18.font.s
[GEN]	Fonts/build/GlyphText/FontText_7334.font.s
[GEN]	Fonts/build/GlyphText/FontText_745A.font.s
[GEN]	Fonts/build/GlyphText/FontText_58F6.font.s
[GEN]	Fonts/build/GlyphText/FontText_846B.font.s
[GEN]	Fonts/build/GlyphText/FontText_5F27.font.s
[GEN]	Fonts/build/GlyphText/FontText_6CAA.font.s
[GEN]	Fonts/build/GlyphText/FontText_69D0.font.s
[GEN]	Fonts/build/GlyphText/FontText_6DEE.font.s
[GEN]	Fonts/build/GlyphText/FontText_6853.font.s
[GEN]	Fonts/build/GlyphText/FontText_75EA.font.s
[GEN]	Fonts/build/GlyphText/FontText_8C62.font.s
[GEN]	Fonts/build/GlyphText/FontText_7115.font.s
[GEN]	Fonts/build/GlyphText/FontText_5BA6.font.s
[GEN]	Fonts/build/GlyphText/FontText_8757.font.s
[GEN]	Fonts/build/GlyphText/FontText_7C27.font.s
[GEN]	Fonts/build/GlyphText/FontText_51F0.font.s
[GEN]	Fonts/build/GlyphText/FontText_714C.font.s
[GEN]	Fonts/build/GlyphText/FontText_5E4C.font.s
[GEN]	Fonts/build/GlyphText/FontText_604D.font.s
[GEN]	Fonts/build/GlyphText/FontText_5FBD.font.s
[GEN]	Fonts/build/GlyphText/FontText_86D4.font.s
[GEN]	Fonts/build/GlyphText/FontText_5349.font.s
[GEN]	Fonts/build/GlyphText/FontText_6666.font.s
[GEN]	Fonts/build/GlyphText/FontText_70E9.font.s
[GEN]	Fonts/build/GlyphText/FontText_8364.font.s
[GEN]	Fonts/build/GlyphText/FontText_7578.font.s
[GEN]	Fonts/build/GlyphText/FontText_7B95.font.s
[GEN]	Fonts/build/GlyphText/FontText_8BA5.font.s
[GEN]	Fonts/build/GlyphText/FontText_6C72.font.s
[GEN]	Fonts/build/GlyphText/FontText_810A.font.s
[GEN]	Fonts/build/GlyphText/FontText_84DF.font.s
[GEN]	Fonts/build/GlyphText/FontText_5180.font.s
[GEN]	Fonts/build/GlyphText/FontText_5242.font.s
[GEN]	Fonts/build/GlyphText/FontText_5993.font.s
[GEN]	Fonts/build/GlyphText/FontText_67B7.font.s
[GEN]	Fonts/build/GlyphText/FontText_835A.font.s
[GEN]	Fonts/build/GlyphText/FontText_988A.font.s
[GEN]	Fonts/build/GlyphText/FontText_94BE.font.s
[GEN]	Fonts/build/GlyphText/FontText_7B3A.font.s
[GEN]	Fonts/build/GlyphText/FontText_7F04.font.s
[GEN]	Fonts/build/GlyphText/FontText_8327.font.s
[GEN]	Fonts/build/GlyphText/FontText_67EC.font.s
[GEN]	Fonts/build/GlyphText/FontText_78B1.font.s
[GEN]	Fonts/build/GlyphText/FontText_7877.font.s
[GEN]	Fonts/build/GlyphText/FontText_526A.font.s
[GEN]	Fonts/build/GlyphText/FontText_69DB.font.s
[GEN]	Fonts/build/GlyphText/FontText_9274.font.s
[GEN]	Fonts/build/GlyphText/FontText_6DA7.font.s
[GEN]	Fonts/build/GlyphText/FontText_59DC.font.s
[GEN]	Fonts/build/GlyphText/FontText_6C5F.font.s
[GEN]	Fonts/build/GlyphText/FontText_7586.font.s
[GEN]	Fonts/build/GlyphText/FontText_848B.font.s
[GEN]	Fonts/build/GlyphText/FontText_8549.font.s
[GEN]	Fonts/build/GlyphText/FontText_6912.font.s
[GEN]	Fonts/build/GlyphText/FontText_7901.font.s
[GEN]	Fonts/build/GlyphText/FontText_80F6.font.s
[GEN]	Fonts/build/GlyphText/FontText_6D47.font.s
[GEN]	Fonts/build/GlyphText/FontText_56BC.font.s
[GEN]	Fonts/build/GlyphText/FontText_94F0.font.s
[GEN]	Fonts/build/GlyphText/FontText_77EB.font.s
[GEN]	Fonts/build/GlyphText/FontText_997A.font.s
[GEN]	Fonts/build/GlyphText/FontText_9175.font.s
[GEN]	Fonts/build/GlyphText/FontText_7A96.font.s
[GEN]	Fonts/build/GlyphText/FontText_79F8.font.s
[GEN]	Fonts/build/GlyphText/FontText_6854.font.s
[GEN]	Fonts/build/GlyphText/FontText_776B.font.s
[GEN]	Fonts/build/GlyphText/FontText_85C9.font.s
[GEN]	Fonts/build/GlyphText/FontText_82A5.font.s
[GEN]	Fonts/build/GlyphText/FontText_75A5.font.s
[GEN]	Fonts/build/GlyphText/FontText_5DFE.font.s
[GEN]	Fonts/build/GlyphText/FontText_65A4.font.s
[GEN]	Fonts/build/GlyphText/FontText_895F.font.s
[GEN]	Fonts/build/GlyphText/FontText_9773.font.s
[GEN]	Fonts/build/GlyphText/FontText_5162.font.s
[GEN]	Fonts/build/GlyphText/FontText_830E.font.s
[GEN]	Fonts/build/GlyphText/FontText_9CB8.font.s
[GEN]	Fonts/build/GlyphText/FontText_4EAC.font.s
[GEN]	Fonts/build/GlyphText/FontText_7CB3.font.s
[GEN]	Fonts/build/GlyphText/FontText_75C9.font.s
[GEN]	Fonts/build/GlyphText/FontText_9756.font.s
[GEN]	Fonts/build/GlyphText/FontText_70AF.font.s
[GEN]	Fonts/build/GlyphText/FontText_7A98.font.s
[GEN]	Fonts/build/GlyphText/FontText_7396.font.s
[GEN]	Fonts/build/GlyphText/FontText_97ED.font.s
[GEN]	Fonts/build/GlyphText/FontText_7078.font.s
[GEN]	Fonts/build/GlyphText/FontText_548E.font.s
[GEN]	Fonts/build/GlyphText/FontText_75BD.font.s
[GEN]	Fonts/build/GlyphText/FontText_9A79.font.s
[GEN]	Fonts/build/GlyphText/FontText_83CA.font.s
[GEN]	Fonts/build/GlyphText/FontText_5480.font.s
[GEN]	Fonts/build/GlyphText/FontText_952F.font.s
[GEN]	Fonts/build/GlyphText/FontText_70AC.font.s
[GEN]	Fonts/build/GlyphText/FontText_9E43.font.s
[GEN]	Fonts/build/GlyphText/FontText_5A1F.font.s
[GEN]	Fonts/build/GlyphText/FontText_7EE2.font.s
[GEN]	Fonts/build/GlyphText/FontText_6485.font.s
[GEN]	Fonts/build/GlyphText/FontText_652B.font.s
[GEN]	Fonts/build/GlyphText/FontText_6289.font.s
[GEN]	Fonts/build/GlyphText/FontText_83CC.font.s
[GEN]	Fonts/build/GlyphText/FontText_7AE3.font.s
[GEN]	Fonts/build/GlyphText/FontText_6D5A.font.s
[GEN]	Fonts/build/GlyphText/FontText_90E1.font.s
[GEN]	Fonts/build/GlyphText/FontText_9A8F.font.s
[GEN]	Fonts/build/GlyphText/FontText_5496.font.s
[GEN]	Fonts/build/GlyphText/FontText_63E9.font.s
[GEN]	Fonts/build/GlyphText/FontText_520A.font.s
[GEN]	Fonts/build/GlyphText/FontText_52D8.font.s
[GEN]	Fonts/build/GlyphText/FontText_7CE0.font.s
[GEN]	Fonts/build/GlyphText/FontText_7095.font.s
[GEN]	Fonts/build/GlyphText/FontText_5777.font.s
[GEN]	Fonts/build/GlyphText/FontText_542D.font.s
[GEN]	Fonts/build/GlyphText/FontText_62A0.font.s
[GEN]	Fonts/build/GlyphText/FontText_5BC7.font.s
[GEN]	Fonts/build/GlyphText/FontText_88E4.font.s
[GEN]	Fonts/build/GlyphText/FontText_630E.font.s
[GEN]	Fonts/build/GlyphText/FontText_80EF.font.s
[GEN]	Fonts/build/GlyphText/FontText_7B77.font.s
[GEN]	Fonts/build/GlyphText/FontText_4FA9.font.s
[GEN]	Fonts/build/GlyphText/FontText_5321.font.s
[GEN]	Fonts/build/GlyphText/FontText_7B50.font.s
[GEN]	Fonts/build/GlyphText/FontText_7736.font.s
[GEN]	Fonts/build/GlyphText/FontText_5CBF.font.s
[GEN]	Fonts/build/GlyphText/FontText_8475.font.s
[GEN]	Fonts/build/GlyphText/FontText_594E.font.s
[GEN]	Fonts/build/GlyphText/FontText_5764.font.s
[GEN]	Fonts/build/GlyphText/FontText_6346.font.s
[GEN]	Fonts/build/GlyphText/FontText_5ED3.font.s
[GEN]	Fonts/build/GlyphText/FontText_5587.font.s
[GEN]	Fonts/build/GlyphText/FontText_8721.font.s
[GEN]	Fonts/build/GlyphText/FontText_814A.font.s
[GEN]	Fonts/build/GlyphText/FontText_9611.font.s
[GEN]	Fonts/build/GlyphText/FontText_8C30.font.s
[GEN]	Fonts/build/GlyphText/FontText_63FD.font.s
[GEN]	Fonts/build/GlyphText/FontText_7405.font.s
[GEN]	Fonts/build/GlyphText/FontText_6994.font.s
[GEN]	Fonts/build/GlyphText/FontText_5ECA.font.s
[GEN]	Fonts/build/GlyphText/FontText_4F6C.font.s
[GEN]	Fonts/build/GlyphText/FontText_59E5.font.s
[GEN]	Fonts/build/GlyphText/FontText_916A.font.s
[GEN]	Fonts/build/GlyphText/FontText_70D9.font.s
[GEN]	Fonts/build/GlyphText/FontText_6D9D.font.s
[GEN]	Fonts/build/GlyphText/FontText_956D.font.s
[GEN]	Fonts/build/GlyphText/FontText_78CA.font.s
[GEN]	Fonts/build/GlyphText/FontText_68F1.font.s
[GEN]	Fonts/build/GlyphText/FontText_5398.font.s
[GEN]	Fonts/build/GlyphText/FontText_68A8.font.s
[GEN]	Fonts/build/GlyphText/FontText_7281.font.s
[GEN]	Fonts/build/GlyphText/FontText_9CA4.font.s
[GEN]	Fonts/build/GlyphText/FontText_8354.font.s
[GEN]	Fonts/build/GlyphText/FontText_783E.font.s
[GEN]	Fonts/build/GlyphText/FontText_5088.font.s
[GEN]	Fonts/build/GlyphText/FontText_4FD0.font.s
[GEN]	Fonts/build/GlyphText/FontText_75E2.font.s
[GEN]	Fonts/build/GlyphText/FontText_7C92.font.s
[GEN]	Fonts/build/GlyphText/FontText_6CA5.font.s
[GEN]	Fonts/build/GlyphText/FontText_7483.font.s
[GEN]	Fonts/build/GlyphText/FontText_9570.font.s
[GEN]	Fonts/build/GlyphText/FontText_6D9F.font.s
[GEN]	Fonts/build/GlyphText/FontText_6881.font.s
[GEN]	Fonts/build/GlyphText/FontText_7CB1.font.s
[GEN]	Fonts/build/GlyphText/FontText_8F86.font.s
[GEN]	Fonts/build/GlyphText/FontText_667E.font.s
[GEN]	Fonts/build/GlyphText/FontText_64A9.font.s
[GEN]	Fonts/build/GlyphText/FontText_71CE.font.s
[GEN]	Fonts/build/GlyphText/FontText_5BE5.font.s
[GEN]	Fonts/build/GlyphText/FontText_6F66.font.s
[GEN]	Fonts/build/GlyphText/FontText_9563.font.s
[GEN]	Fonts/build/GlyphText/FontText_5ED6.font.s
[GEN]	Fonts/build/GlyphText/FontText_78F7.font.s
[GEN]	Fonts/build/GlyphText/FontText_9716.font.s
[GEN]	Fonts/build/GlyphText/FontText_8D41.font.s
[GEN]	Fonts/build/GlyphText/FontText_73B2.font.s
[GEN]	Fonts/build/GlyphText/FontText_83F1.font.s
[GEN]	Fonts/build/GlyphText/FontText_94C3.font.s
[GEN]	Fonts/build/GlyphText/FontText_4F36.font.s
[GEN]	Fonts/build/GlyphText/FontText_7F9A.font.s
[GEN]	Fonts/build/GlyphText/FontText_7409.font.s
[GEN]	Fonts/build/GlyphText/FontText_69B4.font.s
[GEN]	Fonts/build/GlyphText/FontText_998F.font.s
[GEN]	Fonts/build/GlyphText/FontText_5218.font.s
[GEN]	Fonts/build/GlyphText/FontText_7624.font.s
[GEN]	Fonts/build/GlyphText/FontText_67F3.font.s
[GEN]	Fonts/build/GlyphText/FontText_7ABF.font.s
[GEN]	Fonts/build/GlyphText/FontText_5784.font.s
[GEN]	Fonts/build/GlyphText/FontText_9647.font.s
[GEN]	Fonts/build/GlyphText/FontText_5A04.font.s
[GEN]	Fonts/build/GlyphText/FontText_6402.font.s
[GEN]	Fonts/build/GlyphText/FontText_7BD3.font.s
[GEN]	Fonts/build/GlyphText/FontText_82A6.font.s
[GEN]	Fonts/build/GlyphText/FontText_9885.font.s
[GEN]	Fonts/build/GlyphText/FontText_5E90.font.s
[GEN]	Fonts/build/GlyphText/FontText_5364.font.s
[GEN]	Fonts/build/GlyphText/FontText_9E93.font.s
[GEN]	Fonts/build/GlyphText/FontText_6F5E.font.s
[GEN]	Fonts/build/GlyphText/FontText_7984.font.s
[GEN]	Fonts/build/GlyphText/FontText_5415.font.s
[GEN]	Fonts/build/GlyphText/FontText_94DD.font.s
[GEN]	Fonts/build/GlyphText/FontText_7F15.font.s
[GEN]	Fonts/build/GlyphText/FontText_6C2F.font.s
[GEN]	Fonts/build/GlyphText/FontText_6EE4.font.s
[GEN]	Fonts/build/GlyphText/FontText_5CE6.font.s
[GEN]	Fonts/build/GlyphText/FontText_631B.font.s
[GEN]	Fonts/build/GlyphText/FontText_6EE6.font.s
[GEN]	Fonts/build/GlyphText/FontText_62A1.font.s
[GEN]	Fonts/build/GlyphText/FontText_4ED1.font.s
[GEN]	Fonts/build/GlyphText/FontText_7EB6.font.s
[GEN]	Fonts/build/GlyphText/FontText_87BA.font.s
[GEN]	Fonts/build/GlyphText/FontText_9523.font.s
[GEN]	Fonts/build/GlyphText/FontText_7BA9.font.s
[GEN]	Fonts/build/GlyphText/FontText_9A86.font.s
[GEN]	Fonts/build/GlyphText/FontText_8682.font.s
[GEN]	Fonts/build/GlyphText/FontText_9EA6.font.s
[GEN]	Fonts/build/GlyphText/FontText_8C29.font.s
[GEN]	Fonts/build/GlyphText/FontText_951A.font.s
[GEN]	Fonts/build/GlyphText/FontText_94C6.font.s
[GEN]	Fonts/build/GlyphText/FontText_73AB.font.s
[GEN]	Fonts/build/GlyphText/FontText_9176.font.s
[GEN]	Fonts/build/GlyphText/FontText_7164.font.s
[GEN]	Fonts/build/GlyphText/FontText_5A92.font.s
[GEN]	Fonts/build/GlyphText/FontText_9541.font.s
[GEN]	Fonts/build/GlyphText/FontText_6AAC.font.s
[GEN]	Fonts/build/GlyphText/FontText_9530.font.s
[GEN]	Fonts/build/GlyphText/FontText_5B5F.font.s
[GEN]	Fonts/build/GlyphText/FontText_919A.font.s
[GEN]	Fonts/build/GlyphText/FontText_7CDC.font.s
[GEN]	Fonts/build/GlyphText/FontText_6CCC.font.s
[GEN]	Fonts/build/GlyphText/FontText_5E42.font.s
[GEN]	Fonts/build/GlyphText/FontText_68C9.font.s
[GEN]	Fonts/build/GlyphText/FontText_5A29.font.s
[GEN]	Fonts/build/GlyphText/FontText_7F05.font.s
[GEN]	Fonts/build/GlyphText/FontText_85D0.font.s
[GEN]	Fonts/build/GlyphText/FontText_5E99.font.s
[GEN]	Fonts/build/GlyphText/FontText_76BF.font.s
[GEN]	Fonts/build/GlyphText/FontText_95FD.font.s
[GEN]	Fonts/build/GlyphText/FontText_879F.font.s
[GEN]	Fonts/build/GlyphText/FontText_6479.font.s
[GEN]	Fonts/build/GlyphText/FontText_8611.font.s
[GEN]	Fonts/build/GlyphText/FontText_819C.font.s
[GEN]	Fonts/build/GlyphText/FontText_58A8.font.s
[GEN]	Fonts/build/GlyphText/FontText_6CAB.font.s
[GEN]	Fonts/build/GlyphText/FontText_725F.font.s
[GEN]	Fonts/build/GlyphText/FontText_62C7.font.s
[GEN]	Fonts/build/GlyphText/FontText_7261.font.s
[GEN]	Fonts/build/GlyphText/FontText_4EA9.font.s
[GEN]	Fonts/build/GlyphText/FontText_66AE.font.s
[GEN]	Fonts/build/GlyphText/FontText_6C16.font.s
[GEN]	Fonts/build/GlyphText/FontText_6DD6.font.s
[GEN]	Fonts/build/GlyphText/FontText_9713.font.s
[GEN]	Fonts/build/GlyphText/FontText_502A.font.s
[GEN]	Fonts/build/GlyphText/FontText_62DF.font.s
[GEN]	Fonts/build/GlyphText/FontText_533F.font.s
[GEN]	Fonts/build/GlyphText/FontText_852B.font.s
[GEN]	Fonts/build/GlyphText/FontText_62C8.font.s
[GEN]	Fonts/build/GlyphText/FontText_78BE.font.s
[GEN]	Fonts/build/GlyphText/FontText_64B5.font.s
[GEN]	Fonts/build/GlyphText/FontText_637B.font.s
[GEN]	Fonts/build/GlyphText/FontText_917F.font.s
[GEN]	Fonts/build/GlyphText/FontText_5C3F.font.s
[GEN]	Fonts/build/GlyphText/FontText_8042.font.s
[GEN]	Fonts/build/GlyphText/FontText_556E.font.s
[GEN]	Fonts/build/GlyphText/FontText_954A.font.s
[GEN]	Fonts/build/GlyphText/FontText_954D.font.s
[GEN]	Fonts/build/GlyphText/FontText_6D85.font.s
[GEN]	Fonts/build/GlyphText/FontText_67E0.font.s
[GEN]	Fonts/build/GlyphText/FontText_72DE.font.s
[GEN]	Fonts/build/GlyphText/FontText_62E7.font.s
[GEN]	Fonts/build/GlyphText/FontText_94AE.font.s
[GEN]	Fonts/build/GlyphText/FontText_8113.font.s
[GEN]	Fonts/build/GlyphText/FontText_759F.font.s
[GEN]	Fonts/build/GlyphText/FontText_7CEF.font.s
[GEN]	Fonts/build/GlyphText/FontText_6B27.font.s
[GEN]	Fonts/build/GlyphText/FontText_9E25.font.s
[GEN]	Fonts/build/GlyphText/FontText_85D5.font.s
[GEN]	Fonts/build/GlyphText/FontText_6CA4.font.s
[GEN]	Fonts/build/GlyphText/FontText_7436.font.s
[GEN]	Fonts/build/GlyphText/FontText_6500.font.s
[GEN]	Fonts/build/GlyphText/FontText_7554.font.s
[GEN]	Fonts/build/GlyphText/FontText_4E53.font.s
[GEN]	Fonts/build/GlyphText/FontText_802A.font.s
[GEN]	Fonts/build/GlyphText/FontText_5228.font.s
[GEN]	Fonts/build/GlyphText/FontText_80DA.font.s
[GEN]	Fonts/build/GlyphText/FontText_88F4.font.s
[GEN]	Fonts/build/GlyphText/FontText_76C6.font.s
[GEN]	Fonts/build/GlyphText/FontText_7830.font.s
[GEN]	Fonts/build/GlyphText/FontText_62A8.font.s
[GEN]	Fonts/build/GlyphText/FontText_70F9.font.s
[GEN]	Fonts/build/GlyphText/FontText_5F6D.font.s
[GEN]	Fonts/build/GlyphText/FontText_68DA.font.s
[GEN]	Fonts/build/GlyphText/FontText_787C.font.s
[GEN]	Fonts/build/GlyphText/FontText_81A8.font.s
[GEN]	Fonts/build/GlyphText/FontText_9E4F.font.s
[GEN]	Fonts/build/GlyphText/FontText_6367.font.s
[GEN]	Fonts/build/GlyphText/FontText_576F.font.s
[GEN]	Fonts/build/GlyphText/FontText_7812.font.s
[GEN]	Fonts/build/GlyphText/FontText_9739.font.s
[GEN]	Fonts/build/GlyphText/FontText_7435.font.s
[GEN]	Fonts/build/GlyphText/FontText_6BD7.font.s
[GEN]	Fonts/build/GlyphText/FontText_5564.font.s
[GEN]	Fonts/build/GlyphText/FontText_75DE.font.s
[GEN]	Fonts/build/GlyphText/FontText_74E2.font.s
[GEN]	Fonts/build/GlyphText/FontText_77A5.font.s
[GEN]	Fonts/build/GlyphText/FontText_8058.font.s
[GEN]	Fonts/build/GlyphText/FontText_4E52.font.s
[GEN]	Fonts/build/GlyphText/FontText_576A.font.s
[GEN]	Fonts/build/GlyphText/FontText_74F6.font.s
[GEN]	Fonts/build/GlyphText/FontText_5761.font.s
[GEN]	Fonts/build/GlyphText/FontText_7C95.font.s
[GEN]	Fonts/build/GlyphText/FontText_5256.font.s
[GEN]	Fonts/build/GlyphText/FontText_8386.font.s
[GEN]	Fonts/build/GlyphText/FontText_8461.font.s
[GEN]	Fonts/build/GlyphText/FontText_84B2.font.s
[GEN]	Fonts/build/GlyphText/FontText_57D4.font.s
[GEN]	Fonts/build/GlyphText/FontText_5703.font.s
[GEN]	Fonts/build/GlyphText/FontText_6D66.font.s
[GEN]	Fonts/build/GlyphText/FontText_66DD.font.s
[GEN]	Fonts/build/GlyphText/FontText_7011.font.s
[GEN]	Fonts/build/GlyphText/FontText_67D2.font.s
[GEN]	Fonts/build/GlyphText/FontText_6C8F.font.s
[GEN]	Fonts/build/GlyphText/FontText_7566.font.s
[GEN]	Fonts/build/GlyphText/FontText_8110.font.s
[GEN]	Fonts/build/GlyphText/FontText_7941.font.s
[GEN]	Fonts/build/GlyphText/FontText_780C.font.s
[GEN]	Fonts/build/GlyphText/FontText_6C7D.font.s
[GEN]	Fonts/build/GlyphText/FontText_8BAB.font.s
[GEN]	Fonts/build/GlyphText/FontText_6266.font.s
[GEN]	Fonts/build/GlyphText/FontText_948E.font.s
[GEN]	Fonts/build/GlyphText/FontText_94C5.font.s
[GEN]	Fonts/build/GlyphText/FontText_4EDF.font.s
[GEN]	Fonts/build/GlyphText/FontText_4E7E.font.s
[GEN]	Fonts/build/GlyphText/FontText_9ED4.font.s
[GEN]	Fonts/build/GlyphText/FontText_94B3.font.s
[GEN]	Fonts/build/GlyphText/FontText_5811.font.s
[GEN]	Fonts/build/GlyphText/FontText_7F8C.font.s
[GEN]	Fonts/build/GlyphText/FontText_8537.font.s
[GEN]	Fonts/build/GlyphText/FontText_6A47.font.s
[GEN]	Fonts/build/GlyphText/FontText_9539.font.s
[GEN]	Fonts/build/GlyphText/FontText_4FA8.font.s
[GEN]	Fonts/build/GlyphText/FontText_64AC.font.s
[GEN]	Fonts/build/GlyphText/FontText_8304.font.s
[GEN]	Fonts/build/GlyphText/FontText_79E6.font.s
[GEN]	Fonts/build/GlyphText/FontText_7434.font.s
[GEN]	Fonts/build/GlyphText/FontText_82B9.font.s
[GEN]	Fonts/build/GlyphText/FontText_6C81.font.s
[GEN]	Fonts/build/GlyphText/FontText_6C22.font.s
[GEN]	Fonts/build/GlyphText/FontText_64CE.font.s
[GEN]	Fonts/build/GlyphText/FontText_6C30.font.s
[GEN]	Fonts/build/GlyphText/FontText_9877.font.s
[GEN]	Fonts/build/GlyphText/FontText_743C.font.s
[GEN]	Fonts/build/GlyphText/FontText_90B1.font.s
[GEN]	Fonts/build/GlyphText/FontText_914B.font.s
[GEN]	Fonts/build/GlyphText/FontText_6CC5.font.s
[GEN]	Fonts/build/GlyphText/FontText_86C6.font.s
[GEN]	Fonts/build/GlyphText/FontText_6E20.font.s
[GEN]	Fonts/build/GlyphText/FontText_9F8B.font.s
[GEN]	Fonts/build/GlyphText/FontText_98A7.font.s
[GEN]	Fonts/build/GlyphText/FontText_919B.font.s
[GEN]	Fonts/build/GlyphText/FontText_7094.font.s
[GEN]	Fonts/build/GlyphText/FontText_7638.font.s
[GEN]	Fonts/build/GlyphText/FontText_9E4A.font.s
[GEN]	Fonts/build/GlyphText/FontText_69B7.font.s
[GEN]	Fonts/build/GlyphText/FontText_96C0.font.s
[GEN]	Fonts/build/GlyphText/FontText_5189.font.s
[GEN]	Fonts/build/GlyphText/FontText_74E4.font.s
[GEN]	Fonts/build/GlyphText/FontText_6518.font.s
[GEN]	Fonts/build/GlyphText/FontText_58EC.font.s
[GEN]	Fonts/build/GlyphText/FontText_598A.font.s
[GEN]	Fonts/build/GlyphText/FontText_7EAB.font.s
[GEN]	Fonts/build/GlyphText/FontText_8338.font.s
[GEN]	Fonts/build/GlyphText/FontText_84C9.font.s
[GEN]	Fonts/build/GlyphText/FontText_5197.font.s
[GEN]	Fonts/build/GlyphText/FontText_63C9.font.s
[GEN]	Fonts/build/GlyphText/FontText_8339.font.s
[GEN]	Fonts/build/GlyphText/FontText_8815.font.s
[GEN]	Fonts/build/GlyphText/FontText_5112.font.s
[GEN]	Fonts/build/GlyphText/FontText_5B7A.font.s
[GEN]	Fonts/build/GlyphText/FontText_8925.font.s
[GEN]	Fonts/build/GlyphText/FontText_962E.font.s
[GEN]	Fonts/build/GlyphText/FontText_854A.font.s
[GEN]	Fonts/build/GlyphText/FontText_95F0.font.s
[GEN]	Fonts/build/GlyphText/FontText_6DA6.font.s
[GEN]	Fonts/build/GlyphText/FontText_816E.font.s
[GEN]	Fonts/build/GlyphText/FontText_9CC3.font.s
[GEN]	Fonts/build/GlyphText/FontText_53C1.font.s
[GEN]	Fonts/build/GlyphText/FontText_4F1E.font.s
[GEN]	Fonts/build/GlyphText/FontText_6414.font.s
[GEN]	Fonts/build/GlyphText/FontText_5AC2.font.s
[GEN]	Fonts/build/GlyphText/FontText_7B5B.font.s
[GEN]	Fonts/build/GlyphText/FontText_73CA.font.s
[GEN]	Fonts/build/GlyphText/FontText_82EB.font.s
[GEN]	Fonts/build/GlyphText/FontText_6749.font.s
[GEN]	Fonts/build/GlyphText/FontText_886B.font.s
[GEN]	Fonts/build/GlyphText/FontText_9655.font.s
[GEN]	Fonts/build/GlyphText/FontText_8D61.font.s
[GEN]	Fonts/build/GlyphText/FontText_81B3.font.s
[GEN]	Fonts/build/GlyphText/FontText_6C55.font.s
[GEN]	Fonts/build/GlyphText/FontText_7F2E.font.s
[GEN]	Fonts/build/GlyphText/FontText_5892.font.s
[GEN]	Fonts/build/GlyphText/FontText_664C.font.s
[GEN]	Fonts/build/GlyphText/FontText_88F3.font.s
[GEN]	Fonts/build/GlyphText/FontText_68A2.font.s
[GEN]	Fonts/build/GlyphText/FontText_828D.font.s
[GEN]	Fonts/build/GlyphText/FontText_52FA.font.s
[GEN]	Fonts/build/GlyphText/FontText_97F6.font.s
[GEN]	Fonts/build/GlyphText/FontText_90B5.font.s
[GEN]	Fonts/build/GlyphText/FontText_6151.font.s
[GEN]	Fonts/build/GlyphText/FontText_7837.font.s
[GEN]	Fonts/build/GlyphText/FontText_5A20.font.s
[GEN]	Fonts/build/GlyphText/FontText_6C88.font.s
[GEN]	Fonts/build/GlyphText/FontText_80BE.font.s
[GEN]	Fonts/build/GlyphText/FontText_8671.font.s
[GEN]	Fonts/build/GlyphText/FontText_9A76.font.s
[GEN]	Fonts/build/GlyphText/FontText_6C0F.font.s
[GEN]	Fonts/build/GlyphText/FontText_6043.font.s
[GEN]	Fonts/build/GlyphText/FontText_852C.font.s
[GEN]	Fonts/build/GlyphText/FontText_67A2.font.s
[GEN]	Fonts/build/GlyphText/FontText_6292.font.s
[GEN]	Fonts/build/GlyphText/FontText_85AF.font.s
[GEN]	Fonts/build/GlyphText/FontText_66D9.font.s
[GEN]	Fonts/build/GlyphText/FontText_8700.font.s
[GEN]	Fonts/build/GlyphText/FontText_9ECD.font.s
[GEN]	Fonts/build/GlyphText/FontText_620D.font.s
[GEN]	Fonts/build/GlyphText/FontText_5885.font.s
[GEN]	Fonts/build/GlyphText/FontText_6F31.font.s
[GEN]	Fonts/build/GlyphText/FontText_5237.font.s
[GEN]	Fonts/build/GlyphText/FontText_6813.font.s
[GEN]	Fonts/build/GlyphText/FontText_971C.font.s
[GEN]	Fonts/build/GlyphText/FontText_542E.font.s
[GEN]	Fonts/build/GlyphText/FontText_821C.font.s
[GEN]	Fonts/build/GlyphText/FontText_6714.font.s
[GEN]	Fonts/build/GlyphText/FontText_5636.font.s
[GEN]	Fonts/build/GlyphText/FontText_5BFA.font.s
[GEN]	Fonts/build/GlyphText/FontText_55E3.font.s
[GEN]	Fonts/build/GlyphText/FontText_5DF3.font.s
[GEN]	Fonts/build/GlyphText/FontText_5B8B.font.s
[GEN]	Fonts/build/GlyphText/FontText_8BBC.font.s
[GEN]	Fonts/build/GlyphText/FontText_64DE.font.s
[GEN]	Fonts/build/GlyphText/FontText_55FD.font.s
[GEN]	Fonts/build/GlyphText/FontText_9165.font.s
[GEN]	Fonts/build/GlyphText/FontText_7C9F.font.s
[GEN]	Fonts/build/GlyphText/FontText_50F3.font.s
[GEN]	Fonts/build/GlyphText/FontText_5851.font.s
[GEN]	Fonts/build/GlyphText/FontText_6EAF.font.s
[GEN]	Fonts/build/GlyphText/FontText_849C.font.s
[GEN]	Fonts/build/GlyphText/FontText_968B.font.s
[GEN]	Fonts/build/GlyphText/FontText_7EE5.font.s
[GEN]	Fonts/build/GlyphText/FontText_7A57.font.s
[GEN]	Fonts/build/GlyphText/FontText_9042.font.s
[GEN]	Fonts/build/GlyphText/FontText_96A7.font.s
[GEN]	Fonts/build/GlyphText/FontText_795F.font.s
[GEN]	Fonts/build/GlyphText/FontText_7B0B.font.s
[GEN]	Fonts/build/GlyphText/FontText_84D1.font.s
[GEN]	Fonts/build/GlyphText/FontText_736D.font.s
[GEN]	Fonts/build/GlyphText/FontText_631E.font.s
[GEN]	Fonts/build/GlyphText/FontText_82D4.font.s
[GEN]	Fonts/build/GlyphText/FontText_915E.font.s
[GEN]	Fonts/build/GlyphText/FontText_6C70.font.s
[GEN]	Fonts/build/GlyphText/FontText_574D.font.s
[GEN]	Fonts/build/GlyphText/FontText_6EE9.font.s
[GEN]	Fonts/build/GlyphText/FontText_6A80.font.s
[GEN]	Fonts/build/GlyphText/FontText_75F0.font.s
[GEN]	Fonts/build/GlyphText/FontText_6F6D.font.s
[GEN]	Fonts/build/GlyphText/FontText_8C2D.font.s
[GEN]	Fonts/build/GlyphText/FontText_8892.font.s
[GEN]	Fonts/build/GlyphText/FontText_78B3.font.s
[GEN]	Fonts/build/GlyphText/FontText_5858.font.s
[GEN]	Fonts/build/GlyphText/FontText_68E0.font.s
[GEN]	Fonts/build/GlyphText/FontText_6ED4.font.s
[GEN]	Fonts/build/GlyphText/FontText_7EE6.font.s
[GEN]	Fonts/build/GlyphText/FontText_8404.font.s
[GEN]	Fonts/build/GlyphText/FontText_85E4.font.s
[GEN]	Fonts/build/GlyphText/FontText_8A8A.font.s
[GEN]	Fonts/build/GlyphText/FontText_9511.font.s
[GEN]	Fonts/build/GlyphText/FontText_8E44.font.s
[GEN]	Fonts/build/GlyphText/FontText_568F.font.s
[GEN]	Fonts/build/GlyphText/FontText_5243.font.s
[GEN]	Fonts/build/GlyphText/FontText_5C49.font.s
[GEN]	Fonts/build/GlyphText/FontText_8214.font.s
[GEN]	Fonts/build/GlyphText/FontText_8146.font.s
[GEN]	Fonts/build/GlyphText/FontText_5E16.font.s
[GEN]	Fonts/build/GlyphText/FontText_70C3.font.s
[GEN]	Fonts/build/GlyphText/FontText_6C40.font.s
[GEN]	Fonts/build/GlyphText/FontText_8247.font.s
[GEN]	Fonts/build/GlyphText/FontText_6850.font.s
[GEN]	Fonts/build/GlyphText/FontText_916E.font.s
[GEN]	Fonts/build/GlyphText/FontText_94DC.font.s
[GEN]	Fonts/build/GlyphText/FontText_5F64.font.s
[GEN]	Fonts/build/GlyphText/FontText_6345.font.s
[GEN]	Fonts/build/GlyphText/FontText_7B52.font.s
[GEN]	Fonts/build/GlyphText/FontText_51F8.font.s
[GEN]	Fonts/build/GlyphText/FontText_6E4D.font.s
[GEN]	Fonts/build/GlyphText/FontText_8715.font.s
[GEN]	Fonts/build/GlyphText/FontText_892A.font.s
[GEN]	Fonts/build/GlyphText/FontText_5C6F.font.s
[GEN]	Fonts/build/GlyphText/FontText_81C0.font.s
[GEN]	Fonts/build/GlyphText/FontText_9E35.font.s
[GEN]	Fonts/build/GlyphText/FontText_9640.font.s
[GEN]	Fonts/build/GlyphText/FontText_9A6E.font.s
[GEN]	Fonts/build/GlyphText/FontText_9A7C.font.s
[GEN]	Fonts/build/GlyphText/FontText_692D.font.s
[GEN]	Fonts/build/GlyphText/FontText_6D3C.font.s
[GEN]	Fonts/build/GlyphText/FontText_889C.font.s
[GEN]	Fonts/build/GlyphText/FontText_8C4C.font.s
[GEN]	Fonts/build/GlyphText/FontText_70F7.font.s
[GEN]	Fonts/build/GlyphText/FontText_7897.font.s
[GEN]	Fonts/build/GlyphText/FontText_7696.font.s
[GEN]	Fonts/build/GlyphText/FontText_5B9B.font.s
[GEN]	Fonts/build/GlyphText/FontText_65FA.font.s
[GEN]	Fonts/build/GlyphText/FontText_5DCD.font.s
[GEN]	Fonts/build/GlyphText/FontText_6F4D.font.s
[GEN]	Fonts/build/GlyphText/FontText_82C7.font.s
[GEN]	Fonts/build/GlyphText/FontText_7EAC.font.s
[GEN]	Fonts/build/GlyphText/FontText_851A.font.s
[GEN]	Fonts/build/GlyphText/FontText_9B4F.font.s
[GEN]	Fonts/build/GlyphText/FontText_6E2D.font.s
[GEN]	Fonts/build/GlyphText/FontText_5C09.font.s
[GEN]	Fonts/build/GlyphText/FontText_868A.font.s
[GEN]	Fonts/build/GlyphText/FontText_55E1.font.s
[GEN]	Fonts/build/GlyphText/FontText_631D.font.s
[GEN]	Fonts/build/GlyphText/FontText_8717.font.s
[GEN]	Fonts/build/GlyphText/FontText_65A1.font.s
[GEN]	Fonts/build/GlyphText/FontText_94A8.font.s
[GEN]	Fonts/build/GlyphText/FontText_68A7.font.s
[GEN]	Fonts/build/GlyphText/FontText_5434.font.s
[GEN]	Fonts/build/GlyphText/FontText_6342.font.s
[GEN]	Fonts/build/GlyphText/FontText_5348.font.s
[GEN]	Fonts/build/GlyphText/FontText_575E.font.s
[GEN]	Fonts/build/GlyphText/FontText_620A.font.s
[GEN]	Fonts/build/GlyphText/FontText_6664.font.s
[GEN]	Fonts/build/GlyphText/FontText_7199.font.s
[GEN]	Fonts/build/GlyphText/FontText_7852.font.s
[GEN]	Fonts/build/GlyphText/FontText_77FD.font.s
[GEN]	Fonts/build/GlyphText/FontText_9521.font.s
[GEN]	Fonts/build/GlyphText/FontText_7184.font.s
[GEN]	Fonts/build/GlyphText/FontText_70EF.font.s
[GEN]	Fonts/build/GlyphText/FontText_6C50.font.s
[GEN]	Fonts/build/GlyphText/FontText_7280.font.s
[GEN]	Fonts/build/GlyphText/FontText_6A84.font.s
[GEN]	Fonts/build/GlyphText/FontText_94E3.font.s
[GEN]	Fonts/build/GlyphText/FontText_5323.font.s
[GEN]	Fonts/build/GlyphText/FontText_971E.font.s
[GEN]	Fonts/build/GlyphText/FontText_5CE1.font.s
[GEN]	Fonts/build/GlyphText/FontText_53A6.font.s
[GEN]	Fonts/build/GlyphText/FontText_9528.font.s
[GEN]	Fonts/build/GlyphText/FontText_4ED9.font.s
[GEN]	Fonts/build/GlyphText/FontText_6D8E.font.s
[GEN]	Fonts/build/GlyphText/FontText_53BF.font.s
[GEN]	Fonts/build/GlyphText/FontText_9985.font.s
[GEN]	Fonts/build/GlyphText/FontText_5BAA.font.s
[GEN]	Fonts/build/GlyphText/FontText_8944.font.s
[GEN]	Fonts/build/GlyphText/FontText_6E58.font.s
[GEN]	Fonts/build/GlyphText/FontText_6A61.font.s
[GEN]	Fonts/build/GlyphText/FontText_8427.font.s
[GEN]	Fonts/build/GlyphText/FontText_785D.font.s
[GEN]	Fonts/build/GlyphText/FontText_9704.font.s
[GEN]	Fonts/build/GlyphText/FontText_5BB5.font.s
[GEN]	Fonts/build/GlyphText/FontText_6DC6.font.s
[GEN]	Fonts/build/GlyphText/FontText_5578.font.s
[GEN]	Fonts/build/GlyphText/FontText_6954.font.s
[GEN]	Fonts/build/GlyphText/FontText_874E.font.s
[GEN]	Fonts/build/GlyphText/FontText_68B0.font.s
[GEN]	Fonts/build/GlyphText/FontText_5378.font.s
[GEN]	Fonts/build/GlyphText/FontText_6CFB.font.s
[GEN]	Fonts/build/GlyphText/FontText_5C51.font.s
[GEN]	Fonts/build/GlyphText/FontText_82AF.font.s
[GEN]	Fonts/build/GlyphText/FontText_950C.font.s
[GEN]	Fonts/build/GlyphText/FontText_5FFB.font.s
[GEN]	Fonts/build/GlyphText/FontText_7329.font.s
[GEN]	Fonts/build/GlyphText/FontText_90A2.font.s
[GEN]	Fonts/build/GlyphText/FontText_674F.font.s
[GEN]	Fonts/build/GlyphText/FontText_5308.font.s
[GEN]	Fonts/build/GlyphText/FontText_6C79.font.s
[GEN]	Fonts/build/GlyphText/FontText_718A.font.s
[GEN]	Fonts/build/GlyphText/FontText_620C.font.s
[GEN]	Fonts/build/GlyphText/FontText_5F90.font.s
[GEN]	Fonts/build/GlyphText/FontText_9157.font.s
[GEN]	Fonts/build/GlyphText/FontText_65ED.font.s
[GEN]	Fonts/build/GlyphText/FontText_7D6E.font.s
[GEN]	Fonts/build/GlyphText/FontText_8F69.font.s
[GEN]	Fonts/build/GlyphText/FontText_55A7.font.s
[GEN]	Fonts/build/GlyphText/FontText_7663.font.s
[GEN]	Fonts/build/GlyphText/FontText_7EDA.font.s
[GEN]	Fonts/build/GlyphText/FontText_859B.font.s
[GEN]	Fonts/build/GlyphText/FontText_718F.font.s
[GEN]	Fonts/build/GlyphText/FontText_65EC.font.s
[GEN]	Fonts/build/GlyphText/FontText_9A6F.font.s
[GEN]	Fonts/build/GlyphText/FontText_6B89.font.s
[GEN]	Fonts/build/GlyphText/FontText_6C5B.font.s
[GEN]	Fonts/build/GlyphText/FontText_9E2D.font.s
[GEN]	Fonts/build/GlyphText/FontText_869C.font.s
[GEN]	Fonts/build/GlyphText/FontText_8859.font.s
[GEN]	Fonts/build/GlyphText/FontText_54D1.font.s
[GEN]	Fonts/build/GlyphText/FontText_9609.font.s
[GEN]	Fonts/build/GlyphText/FontText_76D0.font.s
[GEN]	Fonts/build/GlyphText/FontText_8712.font.s
[GEN]	Fonts/build/GlyphText/FontText_960E.font.s
[GEN]	Fonts/build/GlyphText/FontText_5830.font.s
[GEN]	Fonts/build/GlyphText/FontText_71D5.font.s
[GEN]	Fonts/build/GlyphText/FontText_781A.font.s
[GEN]	Fonts/build/GlyphText/FontText_5501.font.s
[GEN]	Fonts/build/GlyphText/FontText_5F66.font.s
[GEN]	Fonts/build/GlyphText/FontText_8C1A.font.s
[GEN]	Fonts/build/GlyphText/FontText_9E2F.font.s
[GEN]	Fonts/build/GlyphText/FontText_79E7.font.s
[GEN]	Fonts/build/GlyphText/FontText_4F6F.font.s
[GEN]	Fonts/build/GlyphText/FontText_75A1.font.s
[GEN]	Fonts/build/GlyphText/FontText_6C27.font.s
[GEN]	Fonts/build/GlyphText/FontText_6F3E.font.s
[GEN]	Fonts/build/GlyphText/FontText_7476.font.s
[GEN]	Fonts/build/GlyphText/FontText_5C27.font.s
[GEN]	Fonts/build/GlyphText/FontText_7A91.font.s
[GEN]	Fonts/build/GlyphText/FontText_8C23.font.s
[GEN]	Fonts/build/GlyphText/FontText_59DA.font.s
[GEN]	Fonts/build/GlyphText/FontText_8200.font.s
[GEN]	Fonts/build/GlyphText/FontText_6930.font.s
[GEN]	Fonts/build/GlyphText/FontText_564E.font.s
[GEN]	Fonts/build/GlyphText/FontText_51B6.font.s
[GEN]	Fonts/build/GlyphText/FontText_6396.font.s
[GEN]	Fonts/build/GlyphText/FontText_66F3.font.s
[GEN]	Fonts/build/GlyphText/FontText_58F9.font.s
[GEN]	Fonts/build/GlyphText/FontText_63D6.font.s
[GEN]	Fonts/build/GlyphText/FontText_94F1.font.s
[GEN]	Fonts/build/GlyphText/FontText_5937.font.s
[GEN]	Fonts/build/GlyphText/FontText_80F0.font.s
[GEN]	Fonts/build/GlyphText/FontText_6C82.font.s
[GEN]	Fonts/build/GlyphText/FontText_5F5D.font.s
[GEN]	Fonts/build/GlyphText/FontText_501A.font.s
[GEN]	Fonts/build/GlyphText/FontText_4E59.font.s
[GEN]	Fonts/build/GlyphText/FontText_77E3.font.s
[GEN]	Fonts/build/GlyphText/FontText_9091.font.s
[GEN]	Fonts/build/GlyphText/FontText_5C79.font.s
[GEN]	Fonts/build/GlyphText/FontText_81C6.font.s
[GEN]	Fonts/build/GlyphText/FontText_9038.font.s
[GEN]	Fonts/build/GlyphText/FontText_8084.font.s
[GEN]	Fonts/build/GlyphText/FontText_75AB.font.s
[GEN]	Fonts/build/GlyphText/FontText_8BD1.font.s
[GEN]	Fonts/build/GlyphText/FontText_7FCC.font.s
[GEN]	Fonts/build/GlyphText/FontText_8335.font.s
[GEN]	Fonts/build/GlyphText/FontText_6BB7.font.s
[GEN]	Fonts/build/GlyphText/FontText_59FB.font.s
[GEN]	Fonts/build/GlyphText/FontText_6DEB.font.s
[GEN]	Fonts/build/GlyphText/FontText_5BC5.font.s
[GEN]	Fonts/build/GlyphText/FontText_5C39.font.s
[GEN]	Fonts/build/GlyphText/FontText_6A31.font.s
[GEN]	Fonts/build/GlyphText/FontText_7F28.font.s
[GEN]	Fonts/build/GlyphText/FontText_83B9.font.s
[GEN]	Fonts/build/GlyphText/FontText_8367.font.s
[GEN]	Fonts/build/GlyphText/FontText_8747.font.s
[GEN]	Fonts/build/GlyphText/FontText_76C8.font.s
[GEN]	Fonts/build/GlyphText/FontText_9896.font.s
[GEN]	Fonts/build/GlyphText/FontText_81C3.font.s
[GEN]	Fonts/build/GlyphText/FontText_75C8.font.s
[GEN]	Fonts/build/GlyphText/FontText_96CD.font.s
[GEN]	Fonts/build/GlyphText/FontText_8E0A.font.s
[GEN]	Fonts/build/GlyphText/FontText_86F9.font.s
[GEN]	Fonts/build/GlyphText/FontText_90AE.font.s
[GEN]	Fonts/build/GlyphText/FontText_94C0.font.s
[GEN]	Fonts/build/GlyphText/FontText_9149.font.s
[GEN]	Fonts/build/GlyphText/FontText_91C9.font.s
[GEN]	Fonts/build/GlyphText/FontText_8FC2.font.s
[GEN]	Fonts/build/GlyphText/FontText_6DE4.font.s
[GEN]	Fonts/build/GlyphText/FontText_76C2.font.s
[GEN]	Fonts/build/GlyphText/FontText_6986.font.s
[GEN]	Fonts/build/GlyphText/FontText_865E.font.s
[GEN]	Fonts/build/GlyphText/FontText_8206.font.s
[GEN]	Fonts/build/GlyphText/FontText_4FDE.font.s
[GEN]	Fonts/build/GlyphText/FontText_6E1D.font.s
[GEN]	Fonts/build/GlyphText/FontText_6E14.font.s
[GEN]	Fonts/build/GlyphText/FontText_9685.font.s
[GEN]	Fonts/build/GlyphText/FontText_5A31.font.s
[GEN]	Fonts/build/GlyphText/FontText_79B9.font.s
[GEN]	Fonts/build/GlyphText/FontText_828B.font.s
[GEN]	Fonts/build/GlyphText/FontText_5CEA.font.s
[GEN]	Fonts/build/GlyphText/FontText_5BD3.font.s
[GEN]	Fonts/build/GlyphText/FontText_9E33.font.s
[GEN]	Fonts/build/GlyphText/FontText_51A4.font.s
[GEN]	Fonts/build/GlyphText/FontText_57A3.font.s
[GEN]	Fonts/build/GlyphText/FontText_8881.font.s
[GEN]	Fonts/build/GlyphText/FontText_8F95.font.s
[GEN]	Fonts/build/GlyphText/FontText_733F.font.s
[GEN]	Fonts/build/GlyphText/FontText_82D1.font.s
[GEN]	Fonts/build/GlyphText/FontText_66F0.font.s
[GEN]	Fonts/build/GlyphText/FontText_7CA4.font.s
[GEN]	Fonts/build/GlyphText/FontText_8018.font.s
[GEN]	Fonts/build/GlyphText/FontText_90E7.font.s
[GEN]	Fonts/build/GlyphText/FontText_5300.font.s
[GEN]	Fonts/build/GlyphText/FontText_9668.font.s
[GEN]	Fonts/build/GlyphText/FontText_915D.font.s
[GEN]	Fonts/build/GlyphText/FontText_531D.font.s
[GEN]	Fonts/build/GlyphText/FontText_8D43.font.s
[GEN]	Fonts/build/GlyphText/FontText_67A3.font.s
[GEN]	Fonts/build/GlyphText/FontText_6FA1.font.s
[GEN]	Fonts/build/GlyphText/FontText_86A4.font.s
[GEN]	Fonts/build/GlyphText/FontText_566A.font.s
[GEN]	Fonts/build/GlyphText/FontText_7682.font.s
[GEN]	Fonts/build/GlyphText/FontText_7076.font.s
[GEN]	Fonts/build/GlyphText/FontText_672D.font.s
[GEN]	Fonts/build/GlyphText/FontText_8F67.font.s
[GEN]	Fonts/build/GlyphText/FontText_94E1.font.s
[GEN]	Fonts/build/GlyphText/FontText_95F8.font.s
[GEN]	Fonts/build/GlyphText/FontText_6805.font.s
[GEN]	Fonts/build/GlyphText/FontText_69A8.font.s
[GEN]	Fonts/build/GlyphText/FontText_658B.font.s
[GEN]	Fonts/build/GlyphText/FontText_6BE1.font.s
[GEN]	Fonts/build/GlyphText/FontText_8A79.font.s
[GEN]	Fonts/build/GlyphText/FontText_76CF.font.s
[GEN]	Fonts/build/GlyphText/FontText_8F97.font.s
[GEN]	Fonts/build/GlyphText/FontText_5D2D.font.s
[GEN]	Fonts/build/GlyphText/FontText_8638.font.s
[GEN]	Fonts/build/GlyphText/FontText_6808.font.s
[GEN]	Fonts/build/GlyphText/FontText_6A1F.font.s
[GEN]	Fonts/build/GlyphText/FontText_6F33.font.s
[GEN]	Fonts/build/GlyphText/FontText_80C0.font.s
[GEN]	Fonts/build/GlyphText/FontText_8D75.font.s
[GEN]	Fonts/build/GlyphText/FontText_8087.font.s
[GEN]	Fonts/build/GlyphText/FontText_54F2.font.s
[GEN]	Fonts/build/GlyphText/FontText_86F0.font.s
[GEN]	Fonts/build/GlyphText/FontText_9517.font.s
[GEN]	Fonts/build/GlyphText/FontText_8517.font.s
[GEN]	Fonts/build/GlyphText/FontText_6D59.font.s
[GEN]	Fonts/build/GlyphText/FontText_7504.font.s
[GEN]	Fonts/build/GlyphText/FontText_7827.font.s
[GEN]	Fonts/build/GlyphText/FontText_8D1E.font.s
[GEN]	Fonts/build/GlyphText/FontText_75B9.font.s
[GEN]	Fonts/build/GlyphText/FontText_8BCA.font.s
[GEN]	Fonts/build/GlyphText/FontText_84B8.font.s
[GEN]	Fonts/build/GlyphText/FontText_72F0.font.s
[GEN]	Fonts/build/GlyphText/FontText_6014.font.s
[GEN]	Fonts/build/GlyphText/FontText_5E27.font.s
[GEN]	Fonts/build/GlyphText/FontText_829D.font.s
[GEN]	Fonts/build/GlyphText/FontText_6C41.font.s
[GEN]	Fonts/build/GlyphText/FontText_4F84.font.s
[GEN]	Fonts/build/GlyphText/FontText_7099.font.s
[GEN]	Fonts/build/GlyphText/FontText_75D4.font.s
[GEN]	Fonts/build/GlyphText/FontText_7A92.font.s
[GEN]	Fonts/build/GlyphText/FontText_76C5.font.s
[GEN]	Fonts/build/GlyphText/FontText_80BF.font.s
[GEN]	Fonts/build/GlyphText/FontText_5DDE.font.s
[GEN]	Fonts/build/GlyphText/FontText_8BCC.font.s
[GEN]	Fonts/build/GlyphText/FontText_7CA5.font.s
[GEN]	Fonts/build/GlyphText/FontText_8F74.font.s
[GEN]	Fonts/build/GlyphText/FontText_8098.font.s
[GEN]	Fonts/build/GlyphText/FontText_5E1A.font.s
[GEN]	Fonts/build/GlyphText/FontText_8BDB.font.s
[GEN]	Fonts/build/GlyphText/FontText_70DB.font.s
[GEN]	Fonts/build/GlyphText/FontText_716E.font.s
[GEN]	Fonts/build/GlyphText/FontText_62C4.font.s
[GEN]	Fonts/build/GlyphText/FontText_86C0.font.s
[GEN]	Fonts/build/GlyphText/FontText_8D2E.font.s
[GEN]	Fonts/build/GlyphText/FontText_94F8.font.s
[GEN]	Fonts/build/GlyphText/FontText_7816.font.s
[GEN]	Fonts/build/GlyphText/FontText_7BC6.font.s
[GEN]	Fonts/build/GlyphText/FontText_690E.font.s
[GEN]	Fonts/build/GlyphText/FontText_9525.font.s
[GEN]	Fonts/build/GlyphText/FontText_8C06.font.s
[GEN]	Fonts/build/GlyphText/FontText_62D9.font.s
[GEN]	Fonts/build/GlyphText/FontText_8301.font.s
[GEN]	Fonts/build/GlyphText/FontText_5544.font.s
[GEN]	Fonts/build/GlyphText/FontText_6DC4.font.s
[GEN]	Fonts/build/GlyphText/FontText_5B5C.font.s
[GEN]	Fonts/build/GlyphText/FontText_7C7D.font.s
[GEN]	Fonts/build/GlyphText/FontText_6E0D.font.s
[GEN]	Fonts/build/GlyphText/FontText_9B03.font.s
[GEN]	Fonts/build/GlyphText/FontText_68D5.font.s
[GEN]	Fonts/build/GlyphText/FontText_90B9.font.s
[GEN]	Fonts/build/GlyphText/FontText_79DF.font.s
[GEN]	Fonts/build/GlyphText/FontText_7E82.font.s
[GEN]	Fonts/build/GlyphText/FontText_67DE.font.s
[GEN]	Fonts/build/GlyphText/FontText_4E8D.font.s
[GEN]	Fonts/build/GlyphText/FontText_4E0C.font.s
[GEN]	Fonts/build/GlyphText/FontText_5140.font.s
[GEN]	Fonts/build/GlyphText/FontText_4E10.font.s
[GEN]	Fonts/build/GlyphText/FontText_5EFF.font.s
[GEN]	Fonts/build/GlyphText/FontText_5345.font.s
[GEN]	Fonts/build/GlyphText/FontText_4E15.font.s
[GEN]	Fonts/build/GlyphText/FontText_4E1E.font.s
[GEN]	Fonts/build/GlyphText/FontText_9B32.font.s
[GEN]	Fonts/build/GlyphText/FontText_5669.font.s
[GEN]	Fonts/build/GlyphText/FontText_4E28.font.s
[GEN]	Fonts/build/GlyphText/FontText_79BA.font.s
[GEN]	Fonts/build/GlyphText/FontText_4E3F.font.s
[GEN]	Fonts/build/GlyphText/FontText_5315.font.s
[GEN]	Fonts/build/GlyphText/FontText_4E47.font.s
[GEN]	Fonts/build/GlyphText/FontText_723B.font.s
[GEN]	Fonts/build/GlyphText/FontText_536E.font.s
[GEN]	Fonts/build/GlyphText/FontText_6C10.font.s
[GEN]	Fonts/build/GlyphText/FontText_56DF.font.s
[GEN]	Fonts/build/GlyphText/FontText_80E4.font.s
[GEN]	Fonts/build/GlyphText/FontText_9997.font.s
[GEN]	Fonts/build/GlyphText/FontText_6BD3.font.s
[GEN]	Fonts/build/GlyphText/FontText_777E.font.s
[GEN]	Fonts/build/GlyphText/FontText_9F17.font.s
[GEN]	Fonts/build/GlyphText/FontText_4E36.font.s
[GEN]	Fonts/build/GlyphText/FontText_4E9F.font.s
[GEN]	Fonts/build/GlyphText/FontText_9F10.font.s
[GEN]	Fonts/build/GlyphText/FontText_4E5C.font.s
[GEN]	Fonts/build/GlyphText/FontText_4E69.font.s
[GEN]	Fonts/build/GlyphText/FontText_4E93.font.s
[GEN]	Fonts/build/GlyphText/FontText_8288.font.s
[GEN]	Fonts/build/GlyphText/FontText_5B5B.font.s
[GEN]	Fonts/build/GlyphText/FontText_560F.font.s
[GEN]	Fonts/build/GlyphText/FontText_4EC4.font.s
[GEN]	Fonts/build/GlyphText/FontText_538D.font.s
[GEN]	Fonts/build/GlyphText/FontText_539D.font.s
[GEN]	Fonts/build/GlyphText/FontText_53A3.font.s
[GEN]	Fonts/build/GlyphText/FontText_53A5.font.s
[GEN]	Fonts/build/GlyphText/FontText_9765.font.s
[GEN]	Fonts/build/GlyphText/FontText_531A.font.s
[GEN]	Fonts/build/GlyphText/FontText_5326.font.s
[GEN]	Fonts/build/GlyphText/FontText_532E.font.s
[GEN]	Fonts/build/GlyphText/FontText_533E.font.s
[GEN]	Fonts/build/GlyphText/FontText_8D5C.font.s
[GEN]	Fonts/build/GlyphText/FontText_5366.font.s
[GEN]	Fonts/build/GlyphText/FontText_5363.font.s
[GEN]	Fonts/build/GlyphText/FontText_5202.font.s
[GEN]	Fonts/build/GlyphText/FontText_5208.font.s
[GEN]	Fonts/build/GlyphText/FontText_520E.font.s
[GEN]	Fonts/build/GlyphText/FontText_522D.font.s
[GEN]	Fonts/build/GlyphText/FontText_5233.font.s
[GEN]	Fonts/build/GlyphText/FontText_523F.font.s
[GEN]	Fonts/build/GlyphText/FontText_5240.font.s
[GEN]	Fonts/build/GlyphText/FontText_524C.font.s
[GEN]	Fonts/build/GlyphText/FontText_525E.font.s
[GEN]	Fonts/build/GlyphText/FontText_5261.font.s
[GEN]	Fonts/build/GlyphText/FontText_525C.font.s
[GEN]	Fonts/build/GlyphText/FontText_84AF.font.s
[GEN]	Fonts/build/GlyphText/FontText_527D.font.s
[GEN]	Fonts/build/GlyphText/FontText_5282.font.s
[GEN]	Fonts/build/GlyphText/FontText_5281.font.s
[GEN]	Fonts/build/GlyphText/FontText_5290.font.s
[GEN]	Fonts/build/GlyphText/FontText_5293.font.s
[GEN]	Fonts/build/GlyphText/FontText_5182.font.s
[GEN]	Fonts/build/GlyphText/FontText_7F54.font.s
[GEN]	Fonts/build/GlyphText/FontText_4EBB.font.s
[GEN]	Fonts/build/GlyphText/FontText_4EC3.font.s
[GEN]	Fonts/build/GlyphText/FontText_4EC9.font.s
[GEN]	Fonts/build/GlyphText/FontText_4EC2.font.s
[GEN]	Fonts/build/GlyphText/FontText_4EE8.font.s
[GEN]	Fonts/build/GlyphText/FontText_4EE1.font.s
[GEN]	Fonts/build/GlyphText/FontText_4EEB.font.s
[GEN]	Fonts/build/GlyphText/FontText_4EDE.font.s
[GEN]	Fonts/build/GlyphText/FontText_4F1B.font.s
[GEN]	Fonts/build/GlyphText/FontText_4EF3.font.s
[GEN]	Fonts/build/GlyphText/FontText_4F22.font.s
[GEN]	Fonts/build/GlyphText/FontText_4F64.font.s
[GEN]	Fonts/build/GlyphText/FontText_4EF5.font.s
[GEN]	Fonts/build/GlyphText/FontText_4F25.font.s
[GEN]	Fonts/build/GlyphText/FontText_4F27.font.s
[GEN]	Fonts/build/GlyphText/FontText_4F09.font.s
[GEN]	Fonts/build/GlyphText/FontText_4F2B.font.s
[GEN]	Fonts/build/GlyphText/FontText_4F5E.font.s
[GEN]	Fonts/build/GlyphText/FontText_4F67.font.s
[GEN]	Fonts/build/GlyphText/FontText_4F5A.font.s
[GEN]	Fonts/build/GlyphText/FontText_4F5D.font.s
[GEN]	Fonts/build/GlyphText/FontText_4F5F.font.s
[GEN]	Fonts/build/GlyphText/FontText_4F57.font.s
[GEN]	Fonts/build/GlyphText/FontText_4F32.font.s
[GEN]	Fonts/build/GlyphText/FontText_4F3D.font.s
[GEN]	Fonts/build/GlyphText/FontText_4F76.font.s
[GEN]	Fonts/build/GlyphText/FontText_4F74.font.s
[GEN]	Fonts/build/GlyphText/FontText_4F91.font.s
[GEN]	Fonts/build/GlyphText/FontText_4F89.font.s
[GEN]	Fonts/build/GlyphText/FontText_4F8F.font.s
[GEN]	Fonts/build/GlyphText/FontText_4F7E.font.s
[GEN]	Fonts/build/GlyphText/FontText_4FAA.font.s
[GEN]	Fonts/build/GlyphText/FontText_4F7C.font.s
[GEN]	Fonts/build/GlyphText/FontText_4FAC.font.s
[GEN]	Fonts/build/GlyphText/FontText_4F94.font.s
[GEN]	Fonts/build/GlyphText/FontText_4FE6.font.s
[GEN]	Fonts/build/GlyphText/FontText_4FE8.font.s
[GEN]	Fonts/build/GlyphText/FontText_4FEA.font.s
[GEN]	Fonts/build/GlyphText/FontText_4FC5.font.s
[GEN]	Fonts/build/GlyphText/FontText_4FDA.font.s
[GEN]	Fonts/build/GlyphText/FontText_4FE3.font.s
[GEN]	Fonts/build/GlyphText/FontText_4FDC.font.s
[GEN]	Fonts/build/GlyphText/FontText_4FD1.font.s
[GEN]	Fonts/build/GlyphText/FontText_4FDF.font.s
[GEN]	Fonts/build/GlyphText/FontText_4FF8.font.s
[GEN]	Fonts/build/GlyphText/FontText_5029.font.s
[GEN]	Fonts/build/GlyphText/FontText_504C.font.s
[GEN]	Fonts/build/GlyphText/FontText_4FF3.font.s
[GEN]	Fonts/build/GlyphText/FontText_502C.font.s
[GEN]	Fonts/build/GlyphText/FontText_500F.font.s
[GEN]	Fonts/build/GlyphText/FontText_502E.font.s
[GEN]	Fonts/build/GlyphText/FontText_4FFE.font.s
[GEN]	Fonts/build/GlyphText/FontText_501C.font.s
[GEN]	Fonts/build/GlyphText/FontText_500C.font.s
[GEN]	Fonts/build/GlyphText/FontText_5025.font.s
[GEN]	Fonts/build/GlyphText/FontText_5028.font.s
[GEN]	Fonts/build/GlyphText/FontText_507E.font.s
[GEN]	Fonts/build/GlyphText/FontText_5043.font.s
[GEN]	Fonts/build/GlyphText/FontText_5055.font.s
[GEN]	Fonts/build/GlyphText/FontText_5048.font.s
[GEN]	Fonts/build/GlyphText/FontText_504E.font.s
[GEN]	Fonts/build/GlyphText/FontText_506C.font.s
[GEN]	Fonts/build/GlyphText/FontText_507B.font.s
[GEN]	Fonts/build/GlyphText/FontText_50A5.font.s
[GEN]	Fonts/build/GlyphText/FontText_50A7.font.s
[GEN]	Fonts/build/GlyphText/FontText_50A9.font.s
[GEN]	Fonts/build/GlyphText/FontText_50BA.font.s
[GEN]	Fonts/build/GlyphText/FontText_50D6.font.s
[GEN]	Fonts/build/GlyphText/FontText_5106.font.s
[GEN]	Fonts/build/GlyphText/FontText_50ED.font.s
[GEN]	Fonts/build/GlyphText/FontText_50EC.font.s
[GEN]	Fonts/build/GlyphText/FontText_50E6.font.s
[GEN]	Fonts/build/GlyphText/FontText_50EE.font.s
[GEN]	Fonts/build/GlyphText/FontText_5107.font.s
[GEN]	Fonts/build/GlyphText/FontText_510B.font.s
[GEN]	Fonts/build/GlyphText/FontText_4EDD.font.s
[GEN]	Fonts/build/GlyphText/FontText_6C3D.font.s
[GEN]	Fonts/build/GlyphText/FontText_4F58.font.s
[GEN]	Fonts/build/GlyphText/FontText_4F65.font.s
[GEN]	Fonts/build/GlyphText/FontText_4FCE.font.s
[GEN]	Fonts/build/GlyphText/FontText_9FA0.font.s
[GEN]	Fonts/build/GlyphText/FontText_6C46.font.s
[GEN]	Fonts/build/GlyphText/FontText_7C74.font.s
[GEN]	Fonts/build/GlyphText/FontText_5DFD.font.s
[GEN]	Fonts/build/GlyphText/FontText_9EC9.font.s
[GEN]	Fonts/build/GlyphText/FontText_9998.font.s
[GEN]	Fonts/build/GlyphText/FontText_5181.font.s
[GEN]	Fonts/build/GlyphText/FontText_5914.font.s
[GEN]	Fonts/build/GlyphText/FontText_52F9.font.s
[GEN]	Fonts/build/GlyphText/FontText_530D.font.s
[GEN]	Fonts/build/GlyphText/FontText_8A07.font.s
[GEN]	Fonts/build/GlyphText/FontText_5310.font.s
[GEN]	Fonts/build/GlyphText/FontText_51EB.font.s
[GEN]	Fonts/build/GlyphText/FontText_5919.font.s
[GEN]	Fonts/build/GlyphText/FontText_5155.font.s
[GEN]	Fonts/build/GlyphText/FontText_4EA0.font.s
[GEN]	Fonts/build/GlyphText/FontText_5156.font.s
[GEN]	Fonts/build/GlyphText/FontText_4EB3.font.s
[GEN]	Fonts/build/GlyphText/FontText_886E.font.s
[GEN]	Fonts/build/GlyphText/FontText_88A4.font.s
[GEN]	Fonts/build/GlyphText/FontText_8114.font.s
[GEN]	Fonts/build/GlyphText/FontText_88D2.font.s
[GEN]	Fonts/build/GlyphText/FontText_5B34.font.s
[GEN]	Fonts/build/GlyphText/FontText_8803.font.s
[GEN]	Fonts/build/GlyphText/FontText_51AB.font.s
[GEN]	Fonts/build/GlyphText/FontText_51B1.font.s
[GEN]	Fonts/build/GlyphText/FontText_51BD.font.s
[GEN]	Fonts/build/GlyphText/FontText_51BC.font.s
[GEN]	Fonts/build/GlyphText/FontText_51C7.font.s
[GEN]	Fonts/build/GlyphText/FontText_5196.font.s
[GEN]	Fonts/build/GlyphText/FontText_51A2.font.s
[GEN]	Fonts/build/GlyphText/FontText_8BA0.font.s
[GEN]	Fonts/build/GlyphText/FontText_8BA6.font.s
[GEN]	Fonts/build/GlyphText/FontText_8BB4.font.s
[GEN]	Fonts/build/GlyphText/FontText_8BB5.font.s
[GEN]	Fonts/build/GlyphText/FontText_8BB7.font.s
[GEN]	Fonts/build/GlyphText/FontText_8BC2.font.s
[GEN]	Fonts/build/GlyphText/FontText_8BC3.font.s
[GEN]	Fonts/build/GlyphText/FontText_8BCB.font.s
[GEN]	Fonts/build/GlyphText/FontText_8BCF.font.s
[GEN]	Fonts/build/GlyphText/FontText_8BCE.font.s
[GEN]	Fonts/build/GlyphText/FontText_8BD2.font.s
[GEN]	Fonts/build/GlyphText/FontText_8BD3.font.s
[GEN]	Fonts/build/GlyphText/FontText_8BD4.font.s
[GEN]	Fonts/build/GlyphText/FontText_8BD6.font.s
[GEN]	Fonts/build/GlyphText/FontText_8BD8.font.s
[GEN]	Fonts/build/GlyphText/FontText_8BD9.font.s
[GEN]	Fonts/build/GlyphText/FontText_8BDC.font.s
[GEN]	Fonts/build/GlyphText/FontText_8BDF.font.s
[GEN]	Fonts/build/GlyphText/FontText_8BE0.font.s
[GEN]	Fonts/build/GlyphText/FontText_8BE4.font.s
[GEN]	Fonts/build/GlyphText/FontText_8BE8.font.s
[GEN]	Fonts/build/GlyphText/FontText_8BE9.font.s
[GEN]	Fonts/build/GlyphText/FontText_8BEE.font.s
[GEN]	Fonts/build/GlyphText/FontText_8BF0.font.s
[GEN]	Fonts/build/GlyphText/FontText_8BF3.font.s
[GEN]	Fonts/build/GlyphText/FontText_8BF6.font.s
[GEN]	Fonts/build/GlyphText/FontText_8BF9.font.s
[GEN]	Fonts/build/GlyphText/FontText_8BFC.font.s
[GEN]	Fonts/build/GlyphText/FontText_8BFF.font.s
[GEN]	Fonts/build/GlyphText/FontText_8C00.font.s
[GEN]	Fonts/build/GlyphText/FontText_8C02.font.s
[GEN]	Fonts/build/GlyphText/FontText_8C04.font.s
[GEN]	Fonts/build/GlyphText/FontText_8C07.font.s
[GEN]	Fonts/build/GlyphText/FontText_8C0C.font.s
[GEN]	Fonts/build/GlyphText/FontText_8C0F.font.s
[GEN]	Fonts/build/GlyphText/FontText_8C11.font.s
[GEN]	Fonts/build/GlyphText/FontText_8C14.font.s
[GEN]	Fonts/build/GlyphText/FontText_8C16.font.s
[GEN]	Fonts/build/GlyphText/FontText_8C1B.font.s
[GEN]	Fonts/build/GlyphText/FontText_8C18.font.s
[GEN]	Fonts/build/GlyphText/FontText_8C1D.font.s
[GEN]	Fonts/build/GlyphText/FontText_8C1F.font.s
[GEN]	Fonts/build/GlyphText/FontText_8C20.font.s
[GEN]	Fonts/build/GlyphText/FontText_8C21.font.s
[GEN]	Fonts/build/GlyphText/FontText_8C25.font.s
[GEN]	Fonts/build/GlyphText/FontText_8C27.font.s
[GEN]	Fonts/build/GlyphText/FontText_8C2A.font.s
[GEN]	Fonts/build/GlyphText/FontText_8C2B.font.s
[GEN]	Fonts/build/GlyphText/FontText_8C2E.font.s
[GEN]	Fonts/build/GlyphText/FontText_8C2F.font.s
[GEN]	Fonts/build/GlyphText/FontText_8C32.font.s
[GEN]	Fonts/build/GlyphText/FontText_8C33.font.s
[GEN]	Fonts/build/GlyphText/FontText_8C35.font.s
[GEN]	Fonts/build/GlyphText/FontText_8C36.font.s
[GEN]	Fonts/build/GlyphText/FontText_5369.font.s
[GEN]	Fonts/build/GlyphText/FontText_537A.font.s
[GEN]	Fonts/build/GlyphText/FontText_961D.font.s
[GEN]	Fonts/build/GlyphText/FontText_9622.font.s
[GEN]	Fonts/build/GlyphText/FontText_9621.font.s
[GEN]	Fonts/build/GlyphText/FontText_962A.font.s
[GEN]	Fonts/build/GlyphText/FontText_963D.font.s
[GEN]	Fonts/build/GlyphText/FontText_963C.font.s
[GEN]	Fonts/build/GlyphText/FontText_9642.font.s
[GEN]	Fonts/build/GlyphText/FontText_9649.font.s
[GEN]	Fonts/build/GlyphText/FontText_9654.font.s
[GEN]	Fonts/build/GlyphText/FontText_965F.font.s
[GEN]	Fonts/build/GlyphText/FontText_9667.font.s
[GEN]	Fonts/build/GlyphText/FontText_966C.font.s
[GEN]	Fonts/build/GlyphText/FontText_9672.font.s
[GEN]	Fonts/build/GlyphText/FontText_9674.font.s
[GEN]	Fonts/build/GlyphText/FontText_9688.font.s
[GEN]	Fonts/build/GlyphText/FontText_968D.font.s
[GEN]	Fonts/build/GlyphText/FontText_9697.font.s
[GEN]	Fonts/build/GlyphText/FontText_96B0.font.s
[GEN]	Fonts/build/GlyphText/FontText_9097.font.s
[GEN]	Fonts/build/GlyphText/FontText_909B.font.s
[GEN]	Fonts/build/GlyphText/FontText_909D.font.s
[GEN]	Fonts/build/GlyphText/FontText_9099.font.s
[GEN]	Fonts/build/GlyphText/FontText_90AC.font.s
[GEN]	Fonts/build/GlyphText/FontText_90A1.font.s
[GEN]	Fonts/build/GlyphText/FontText_90B4.font.s
[GEN]	Fonts/build/GlyphText/FontText_90B3.font.s
[GEN]	Fonts/build/GlyphText/FontText_90B6.font.s
[GEN]	Fonts/build/GlyphText/FontText_90BA.font.s
[GEN]	Fonts/build/GlyphText/FontText_90B0.font.s
[GEN]	Fonts/build/GlyphText/FontText_90CF.font.s
[GEN]	Fonts/build/GlyphText/FontText_90C5.font.s
[GEN]	Fonts/build/GlyphText/FontText_90BE.font.s
[GEN]	Fonts/build/GlyphText/FontText_90D0.font.s
[GEN]	Fonts/build/GlyphText/FontText_90C4.font.s
[GEN]	Fonts/build/GlyphText/FontText_90C7.font.s
[GEN]	Fonts/build/GlyphText/FontText_90D3.font.s
[GEN]	Fonts/build/GlyphText/FontText_90E6.font.s
[GEN]	Fonts/build/GlyphText/FontText_90E2.font.s
[GEN]	Fonts/build/GlyphText/FontText_90DC.font.s
[GEN]	Fonts/build/GlyphText/FontText_90D7.font.s
[GEN]	Fonts/build/GlyphText/FontText_90DB.font.s
[GEN]	Fonts/build/GlyphText/FontText_90EB.font.s
[GEN]	Fonts/build/GlyphText/FontText_90EF.font.s
[GEN]	Fonts/build/GlyphText/FontText_90FE.font.s
[GEN]	Fonts/build/GlyphText/FontText_9104.font.s
[GEN]	Fonts/build/GlyphText/FontText_9122.font.s
[GEN]	Fonts/build/GlyphText/FontText_911E.font.s
[GEN]	Fonts/build/GlyphText/FontText_9123.font.s
[GEN]	Fonts/build/GlyphText/FontText_9131.font.s
[GEN]	Fonts/build/GlyphText/FontText_912F.font.s
[GEN]	Fonts/build/GlyphText/FontText_9139.font.s
[GEN]	Fonts/build/GlyphText/FontText_9143.font.s
[GEN]	Fonts/build/GlyphText/FontText_9146.font.s
[GEN]	Fonts/build/GlyphText/FontText_520D.font.s
[GEN]	Fonts/build/GlyphText/FontText_5942.font.s
[GEN]	Fonts/build/GlyphText/FontText_52A2.font.s
[GEN]	Fonts/build/GlyphText/FontText_52AC.font.s
[GEN]	Fonts/build/GlyphText/FontText_52AD.font.s
[GEN]	Fonts/build/GlyphText/FontText_52BE.font.s
[GEN]	Fonts/build/GlyphText/FontText_54FF.font.s
[GEN]	Fonts/build/GlyphText/FontText_52D0.font.s
[GEN]	Fonts/build/GlyphText/FontText_52D6.font.s
[GEN]	Fonts/build/GlyphText/FontText_52F0.font.s
[GEN]	Fonts/build/GlyphText/FontText_53DF.font.s
[GEN]	Fonts/build/GlyphText/FontText_71EE.font.s
[GEN]	Fonts/build/GlyphText/FontText_77CD.font.s
[GEN]	Fonts/build/GlyphText/FontText_5EF4.font.s
[GEN]	Fonts/build/GlyphText/FontText_51F5.font.s
[GEN]	Fonts/build/GlyphText/FontText_51FC.font.s
[GEN]	Fonts/build/GlyphText/FontText_9B2F.font.s
[GEN]	Fonts/build/GlyphText/FontText_53B6.font.s
[GEN]	Fonts/build/GlyphText/FontText_5F01.font.s
[GEN]	Fonts/build/GlyphText/FontText_755A.font.s
[GEN]	Fonts/build/GlyphText/FontText_5DEF.font.s
[GEN]	Fonts/build/GlyphText/FontText_574C.font.s
[GEN]	Fonts/build/GlyphText/FontText_57A9.font.s
[GEN]	Fonts/build/GlyphText/FontText_57A1.font.s
[GEN]	Fonts/build/GlyphText/FontText_587E.font.s
[GEN]	Fonts/build/GlyphText/FontText_58BC.font.s
[GEN]	Fonts/build/GlyphText/FontText_58C5.font.s
[GEN]	Fonts/build/GlyphText/FontText_58D1.font.s
[GEN]	Fonts/build/GlyphText/FontText_5729.font.s
[GEN]	Fonts/build/GlyphText/FontText_572C.font.s
[GEN]	Fonts/build/GlyphText/FontText_572A.font.s
[GEN]	Fonts/build/GlyphText/FontText_5733.font.s
[GEN]	Fonts/build/GlyphText/FontText_5739.font.s
[GEN]	Fonts/build/GlyphText/FontText_572E.font.s
[GEN]	Fonts/build/GlyphText/FontText_572F.font.s
[GEN]	Fonts/build/GlyphText/FontText_575C.font.s
[GEN]	Fonts/build/GlyphText/FontText_573B.font.s
[GEN]	Fonts/build/GlyphText/FontText_5742.font.s
[GEN]	Fonts/build/GlyphText/FontText_5769.font.s
[GEN]	Fonts/build/GlyphText/FontText_5785.font.s
[GEN]	Fonts/build/GlyphText/FontText_576B.font.s
[GEN]	Fonts/build/GlyphText/FontText_5786.font.s
[GEN]	Fonts/build/GlyphText/FontText_577C.font.s
[GEN]	Fonts/build/GlyphText/FontText_577B.font.s
[GEN]	Fonts/build/GlyphText/FontText_5768.font.s
[GEN]	Fonts/build/GlyphText/FontText_576D.font.s
[GEN]	Fonts/build/GlyphText/FontText_5776.font.s
[GEN]	Fonts/build/GlyphText/FontText_5773.font.s
[GEN]	Fonts/build/GlyphText/FontText_57AD.font.s
[GEN]	Fonts/build/GlyphText/FontText_57A4.font.s
[GEN]	Fonts/build/GlyphText/FontText_578C.font.s
[GEN]	Fonts/build/GlyphText/FontText_57B2.font.s
[GEN]	Fonts/build/GlyphText/FontText_57CF.font.s
[GEN]	Fonts/build/GlyphText/FontText_57A7.font.s
[GEN]	Fonts/build/GlyphText/FontText_57B4.font.s
[GEN]	Fonts/build/GlyphText/FontText_5793.font.s
[GEN]	Fonts/build/GlyphText/FontText_57D5.font.s
[GEN]	Fonts/build/GlyphText/FontText_57D8.font.s
[GEN]	Fonts/build/GlyphText/FontText_57DA.font.s
[GEN]	Fonts/build/GlyphText/FontText_57D9.font.s
[GEN]	Fonts/build/GlyphText/FontText_57D2.font.s
[GEN]	Fonts/build/GlyphText/FontText_57B8.font.s
[GEN]	Fonts/build/GlyphText/FontText_57F4.font.s
[GEN]	Fonts/build/GlyphText/FontText_57EF.font.s
[GEN]	Fonts/build/GlyphText/FontText_57F8.font.s
[GEN]	Fonts/build/GlyphText/FontText_57E4.font.s
[GEN]	Fonts/build/GlyphText/FontText_57DD.font.s
[GEN]	Fonts/build/GlyphText/FontText_580B.font.s
[GEN]	Fonts/build/GlyphText/FontText_580D.font.s
[GEN]	Fonts/build/GlyphText/FontText_57FD.font.s
[GEN]	Fonts/build/GlyphText/FontText_57ED.font.s
[GEN]	Fonts/build/GlyphText/FontText_5800.font.s
[GEN]	Fonts/build/GlyphText/FontText_581E.font.s
[GEN]	Fonts/build/GlyphText/FontText_5819.font.s
[GEN]	Fonts/build/GlyphText/FontText_5844.font.s
[GEN]	Fonts/build/GlyphText/FontText_5820.font.s
[GEN]	Fonts/build/GlyphText/FontText_5865.font.s
[GEN]	Fonts/build/GlyphText/FontText_586C.font.s
[GEN]	Fonts/build/GlyphText/FontText_5881.font.s
[GEN]	Fonts/build/GlyphText/FontText_5889.font.s
[GEN]	Fonts/build/GlyphText/FontText_589A.font.s
[GEN]	Fonts/build/GlyphText/FontText_5880.font.s
[GEN]	Fonts/build/GlyphText/FontText_9F19.font.s
[GEN]	Fonts/build/GlyphText/FontText_61FF.font.s
[GEN]	Fonts/build/GlyphText/FontText_8279.font.s
[GEN]	Fonts/build/GlyphText/FontText_827D.font.s
[GEN]	Fonts/build/GlyphText/FontText_827F.font.s
[GEN]	Fonts/build/GlyphText/FontText_828F.font.s
[GEN]	Fonts/build/GlyphText/FontText_828A.font.s
[GEN]	Fonts/build/GlyphText/FontText_82A8.font.s
[GEN]	Fonts/build/GlyphText/FontText_8284.font.s
[GEN]	Fonts/build/GlyphText/FontText_828E.font.s
[GEN]	Fonts/build/GlyphText/FontText_8291.font.s
[GEN]	Fonts/build/GlyphText/FontText_8297.font.s
[GEN]	Fonts/build/GlyphText/FontText_82AB.font.s
[GEN]	Fonts/build/GlyphText/FontText_82B8.font.s
[GEN]	Fonts/build/GlyphText/FontText_82BE.font.s
[GEN]	Fonts/build/GlyphText/FontText_82B0.font.s
[GEN]	Fonts/build/GlyphText/FontText_82C8.font.s
[GEN]	Fonts/build/GlyphText/FontText_82CA.font.s
[GEN]	Fonts/build/GlyphText/FontText_82E3.font.s
[GEN]	Fonts/build/GlyphText/FontText_8298.font.s
[GEN]	Fonts/build/GlyphText/FontText_82B7.font.s
[GEN]	Fonts/build/GlyphText/FontText_82AE.font.s
[GEN]	Fonts/build/GlyphText/FontText_82CB.font.s
[GEN]	Fonts/build/GlyphText/FontText_82CC.font.s
[GEN]	Fonts/build/GlyphText/FontText_82C1.font.s
[GEN]	Fonts/build/GlyphText/FontText_82A9.font.s
[GEN]	Fonts/build/GlyphText/FontText_82B4.font.s
[GEN]	Fonts/build/GlyphText/FontText_82A1.font.s
[GEN]	Fonts/build/GlyphText/FontText_82AA.font.s
[GEN]	Fonts/build/GlyphText/FontText_829F.font.s
[GEN]	Fonts/build/GlyphText/FontText_82C4.font.s
[GEN]	Fonts/build/GlyphText/FontText_82CE.font.s
[GEN]	Fonts/build/GlyphText/FontText_82A4.font.s
[GEN]	Fonts/build/GlyphText/FontText_82E1.font.s
[GEN]	Fonts/build/GlyphText/FontText_8309.font.s
[GEN]	Fonts/build/GlyphText/FontText_82F7.font.s
[GEN]	Fonts/build/GlyphText/FontText_82E4.font.s
[GEN]	Fonts/build/GlyphText/FontText_830F.font.s
[GEN]	Fonts/build/GlyphText/FontText_8307.font.s
[GEN]	Fonts/build/GlyphText/FontText_82DC.font.s
[GEN]	Fonts/build/GlyphText/FontText_82F4.font.s
[GEN]	Fonts/build/GlyphText/FontText_82D2.font.s
[GEN]	Fonts/build/GlyphText/FontText_82D8.font.s
[GEN]	Fonts/build/GlyphText/FontText_830C.font.s
[GEN]	Fonts/build/GlyphText/FontText_82FB.font.s
[GEN]	Fonts/build/GlyphText/FontText_82D3.font.s
[GEN]	Fonts/build/GlyphText/FontText_8311.font.s
[GEN]	Fonts/build/GlyphText/FontText_831A.font.s
[GEN]	Fonts/build/GlyphText/FontText_8306.font.s
[GEN]	Fonts/build/GlyphText/FontText_8314.font.s
[GEN]	Fonts/build/GlyphText/FontText_8315.font.s
[GEN]	Fonts/build/GlyphText/FontText_82E0.font.s
[GEN]	Fonts/build/GlyphText/FontText_82D5.font.s
[GEN]	Fonts/build/GlyphText/FontText_8351.font.s
[GEN]	Fonts/build/GlyphText/FontText_835B.font.s
[GEN]	Fonts/build/GlyphText/FontText_835C.font.s
[GEN]	Fonts/build/GlyphText/FontText_8308.font.s
[GEN]	Fonts/build/GlyphText/FontText_8392.font.s
[GEN]	Fonts/build/GlyphText/FontText_833C.font.s
[GEN]	Fonts/build/GlyphText/FontText_8334.font.s
[GEN]	Fonts/build/GlyphText/FontText_8331.font.s
[GEN]	Fonts/build/GlyphText/FontText_839B.font.s
[GEN]	Fonts/build/GlyphText/FontText_835E.font.s
[GEN]	Fonts/build/GlyphText/FontText_834F.font.s
[GEN]	Fonts/build/GlyphText/FontText_832F.font.s
[GEN]	Fonts/build/GlyphText/FontText_8347.font.s
[GEN]	Fonts/build/GlyphText/FontText_8343.font.s
[GEN]	Fonts/build/GlyphText/FontText_835F.font.s
[GEN]	Fonts/build/GlyphText/FontText_8340.font.s
[GEN]	Fonts/build/GlyphText/FontText_8317.font.s
[GEN]	Fonts/build/GlyphText/FontText_8360.font.s
[GEN]	Fonts/build/GlyphText/FontText_832D.font.s
[GEN]	Fonts/build/GlyphText/FontText_833A.font.s
[GEN]	Fonts/build/GlyphText/FontText_8333.font.s
[GEN]	Fonts/build/GlyphText/FontText_8366.font.s
[GEN]	Fonts/build/GlyphText/FontText_8365.font.s
[GEN]	Fonts/build/GlyphText/FontText_8368.font.s
[GEN]	Fonts/build/GlyphText/FontText_831B.font.s
[GEN]	Fonts/build/GlyphText/FontText_8369.font.s
[GEN]	Fonts/build/GlyphText/FontText_836C.font.s
[GEN]	Fonts/build/GlyphText/FontText_836A.font.s
[GEN]	Fonts/build/GlyphText/FontText_836D.font.s
[GEN]	Fonts/build/GlyphText/FontText_836E.font.s
[GEN]	Fonts/build/GlyphText/FontText_83B0.font.s
[GEN]	Fonts/build/GlyphText/FontText_8378.font.s
[GEN]	Fonts/build/GlyphText/FontText_83B3.font.s
[GEN]	Fonts/build/GlyphText/FontText_83B4.font.s
[GEN]	Fonts/build/GlyphText/FontText_83A0.font.s
[GEN]	Fonts/build/GlyphText/FontText_83AA.font.s
[GEN]	Fonts/build/GlyphText/FontText_8393.font.s
[GEN]	Fonts/build/GlyphText/FontText_839C.font.s
[GEN]	Fonts/build/GlyphText/FontText_8385.font.s
[GEN]	Fonts/build/GlyphText/FontText_837C.font.s
[GEN]	Fonts/build/GlyphText/FontText_83B6.font.s
[GEN]	Fonts/build/GlyphText/FontText_83A9.font.s
[GEN]	Fonts/build/GlyphText/FontText_837D.font.s
[GEN]	Fonts/build/GlyphText/FontText_83B8.font.s
[GEN]	Fonts/build/GlyphText/FontText_837B.font.s
[GEN]	Fonts/build/GlyphText/FontText_8398.font.s
[GEN]	Fonts/build/GlyphText/FontText_839E.font.s
[GEN]	Fonts/build/GlyphText/FontText_83A8.font.s
[GEN]	Fonts/build/GlyphText/FontText_83BA.font.s
[GEN]	Fonts/build/GlyphText/FontText_83BC.font.s
[GEN]	Fonts/build/GlyphText/FontText_83C1.font.s
[GEN]	Fonts/build/GlyphText/FontText_8401.font.s
[GEN]	Fonts/build/GlyphText/FontText_83E5.font.s
[GEN]	Fonts/build/GlyphText/FontText_83D8.font.s
[GEN]	Fonts/build/GlyphText/FontText_5807.font.s
[GEN]	Fonts/build/GlyphText/FontText_8418.font.s
[GEN]	Fonts/build/GlyphText/FontText_840B.font.s
[GEN]	Fonts/build/GlyphText/FontText_83DD.font.s
[GEN]	Fonts/build/GlyphText/FontText_83FD.font.s
[GEN]	Fonts/build/GlyphText/FontText_83D6.font.s
[GEN]	Fonts/build/GlyphText/FontText_841C.font.s
[GEN]	Fonts/build/GlyphText/FontText_8438.font.s
[GEN]	Fonts/build/GlyphText/FontText_8411.font.s
[GEN]	Fonts/build/GlyphText/FontText_8406.font.s
[GEN]	Fonts/build/GlyphText/FontText_83D4.font.s
[GEN]	Fonts/build/GlyphText/FontText_83DF.font.s
[GEN]	Fonts/build/GlyphText/FontText_840F.font.s
[GEN]	Fonts/build/GlyphText/FontText_83F8.font.s
[GEN]	Fonts/build/GlyphText/FontText_83F9.font.s
[GEN]	Fonts/build/GlyphText/FontText_83EA.font.s
[GEN]	Fonts/build/GlyphText/FontText_83C5.font.s
[GEN]	Fonts/build/GlyphText/FontText_83C0.font.s
[GEN]	Fonts/build/GlyphText/FontText_8426.font.s
[GEN]	Fonts/build/GlyphText/FontText_83F0.font.s
[GEN]	Fonts/build/GlyphText/FontText_83E1.font.s
[GEN]	Fonts/build/GlyphText/FontText_845C.font.s
[GEN]	Fonts/build/GlyphText/FontText_8451.font.s
[GEN]	Fonts/build/GlyphText/FontText_845A.font.s
[GEN]	Fonts/build/GlyphText/FontText_8459.font.s
[GEN]	Fonts/build/GlyphText/FontText_8473.font.s
[GEN]	Fonts/build/GlyphText/FontText_8487.font.s
[GEN]	Fonts/build/GlyphText/FontText_8488.font.s
[GEN]	Fonts/build/GlyphText/FontText_847A.font.s
[GEN]	Fonts/build/GlyphText/FontText_8489.font.s
[GEN]	Fonts/build/GlyphText/FontText_8478.font.s
[GEN]	Fonts/build/GlyphText/FontText_843C.font.s
[GEN]	Fonts/build/GlyphText/FontText_8446.font.s
[GEN]	Fonts/build/GlyphText/FontText_8469.font.s
[GEN]	Fonts/build/GlyphText/FontText_8476.font.s
[GEN]	Fonts/build/GlyphText/FontText_848C.font.s
[GEN]	Fonts/build/GlyphText/FontText_848E.font.s
[GEN]	Fonts/build/GlyphText/FontText_8431.font.s
[GEN]	Fonts/build/GlyphText/FontText_846D.font.s
[GEN]	Fonts/build/GlyphText/FontText_84C1.font.s
[GEN]	Fonts/build/GlyphText/FontText_84CD.font.s
[GEN]	Fonts/build/GlyphText/FontText_84D0.font.s
[GEN]	Fonts/build/GlyphText/FontText_84E6.font.s
[GEN]	Fonts/build/GlyphText/FontText_84BD.font.s
[GEN]	Fonts/build/GlyphText/FontText_84D3.font.s
[GEN]	Fonts/build/GlyphText/FontText_84CA.font.s
[GEN]	Fonts/build/GlyphText/FontText_84BF.font.s
[GEN]	Fonts/build/GlyphText/FontText_84BA.font.s
[GEN]	Fonts/build/GlyphText/FontText_84E0.font.s
[GEN]	Fonts/build/GlyphText/FontText_84A1.font.s
[GEN]	Fonts/build/GlyphText/FontText_84B9.font.s
[GEN]	Fonts/build/GlyphText/FontText_84B4.font.s
[GEN]	Fonts/build/GlyphText/FontText_8497.font.s
[GEN]	Fonts/build/GlyphText/FontText_84E5.font.s
[GEN]	Fonts/build/GlyphText/FontText_84E3.font.s
[GEN]	Fonts/build/GlyphText/FontText_850C.font.s
[GEN]	Fonts/build/GlyphText/FontText_750D.font.s
[GEN]	Fonts/build/GlyphText/FontText_8538.font.s
[GEN]	Fonts/build/GlyphText/FontText_84F0.font.s
[GEN]	Fonts/build/GlyphText/FontText_8539.font.s
[GEN]	Fonts/build/GlyphText/FontText_851F.font.s
[GEN]	Fonts/build/GlyphText/FontText_853A.font.s
[GEN]	Fonts/build/GlyphText/FontText_8556.font.s
[GEN]	Fonts/build/GlyphText/FontText_853B.font.s
[GEN]	Fonts/build/GlyphText/FontText_84FF.font.s
[GEN]	Fonts/build/GlyphText/FontText_84FC.font.s
[GEN]	Fonts/build/GlyphText/FontText_8559.font.s
[GEN]	Fonts/build/GlyphText/FontText_8548.font.s
[GEN]	Fonts/build/GlyphText/FontText_8568.font.s
[GEN]	Fonts/build/GlyphText/FontText_8564.font.s
[GEN]	Fonts/build/GlyphText/FontText_855E.font.s
[GEN]	Fonts/build/GlyphText/FontText_857A.font.s
[GEN]	Fonts/build/GlyphText/FontText_77A2.font.s
[GEN]	Fonts/build/GlyphText/FontText_8543.font.s
[GEN]	Fonts/build/GlyphText/FontText_8572.font.s
[GEN]	Fonts/build/GlyphText/FontText_857B.font.s
[GEN]	Fonts/build/GlyphText/FontText_85A4.font.s
[GEN]	Fonts/build/GlyphText/FontText_85A8.font.s
[GEN]	Fonts/build/GlyphText/FontText_8587.font.s
[GEN]	Fonts/build/GlyphText/FontText_858F.font.s
[GEN]	Fonts/build/GlyphText/FontText_8579.font.s
[GEN]	Fonts/build/GlyphText/FontText_85AE.font.s
[GEN]	Fonts/build/GlyphText/FontText_859C.font.s
[GEN]	Fonts/build/GlyphText/FontText_8585.font.s
[GEN]	Fonts/build/GlyphText/FontText_85B9.font.s
[GEN]	Fonts/build/GlyphText/FontText_85B7.font.s
[GEN]	Fonts/build/GlyphText/FontText_85B0.font.s
[GEN]	Fonts/build/GlyphText/FontText_85D3.font.s
[GEN]	Fonts/build/GlyphText/FontText_85C1.font.s
[GEN]	Fonts/build/GlyphText/FontText_85DC.font.s
[GEN]	Fonts/build/GlyphText/FontText_85FF.font.s
[GEN]	Fonts/build/GlyphText/FontText_8627.font.s
[GEN]	Fonts/build/GlyphText/FontText_8605.font.s
[GEN]	Fonts/build/GlyphText/FontText_8629.font.s
[GEN]	Fonts/build/GlyphText/FontText_8616.font.s
[GEN]	Fonts/build/GlyphText/FontText_863C.font.s
[GEN]	Fonts/build/GlyphText/FontText_5EFE.font.s
[GEN]	Fonts/build/GlyphText/FontText_5F08.font.s
[GEN]	Fonts/build/GlyphText/FontText_593C.font.s
[GEN]	Fonts/build/GlyphText/FontText_5941.font.s
[GEN]	Fonts/build/GlyphText/FontText_8037.font.s
[GEN]	Fonts/build/GlyphText/FontText_5955.font.s
[GEN]	Fonts/build/GlyphText/FontText_5958.font.s
[GEN]	Fonts/build/GlyphText/FontText_530F.font.s
[GEN]	Fonts/build/GlyphText/FontText_5C22.font.s
[GEN]	Fonts/build/GlyphText/FontText_5C25.font.s
[GEN]	Fonts/build/GlyphText/FontText_5C2C.font.s
[GEN]	Fonts/build/GlyphText/FontText_5C34.font.s
[GEN]	Fonts/build/GlyphText/FontText_624C.font.s
[GEN]	Fonts/build/GlyphText/FontText_626A.font.s
[GEN]	Fonts/build/GlyphText/FontText_629F.font.s
[GEN]	Fonts/build/GlyphText/FontText_62BB.font.s
[GEN]	Fonts/build/GlyphText/FontText_62CA.font.s
[GEN]	Fonts/build/GlyphText/FontText_62DA.font.s
[GEN]	Fonts/build/GlyphText/FontText_62EE.font.s
[GEN]	Fonts/build/GlyphText/FontText_6322.font.s
[GEN]	Fonts/build/GlyphText/FontText_62F6.font.s
[GEN]	Fonts/build/GlyphText/FontText_6339.font.s
[GEN]	Fonts/build/GlyphText/FontText_634B.font.s
[GEN]	Fonts/build/GlyphText/FontText_6343.font.s
[GEN]	Fonts/build/GlyphText/FontText_63AD.font.s
[GEN]	Fonts/build/GlyphText/FontText_63F6.font.s
[GEN]	Fonts/build/GlyphText/FontText_6371.font.s
[GEN]	Fonts/build/GlyphText/FontText_637A.font.s
[GEN]	Fonts/build/GlyphText/FontText_638E.font.s
[GEN]	Fonts/build/GlyphText/FontText_63B4.font.s
[GEN]	Fonts/build/GlyphText/FontText_63AC.font.s
[GEN]	Fonts/build/GlyphText/FontText_638A.font.s
[GEN]	Fonts/build/GlyphText/FontText_6369.font.s
[GEN]	Fonts/build/GlyphText/FontText_63AE.font.s
[GEN]	Fonts/build/GlyphText/FontText_63BC.font.s
[GEN]	Fonts/build/GlyphText/FontText_63F2.font.s
[GEN]	Fonts/build/GlyphText/FontText_63F8.font.s
[GEN]	Fonts/build/GlyphText/FontText_63E0.font.s
[GEN]	Fonts/build/GlyphText/FontText_63FF.font.s
[GEN]	Fonts/build/GlyphText/FontText_63C4.font.s
[GEN]	Fonts/build/GlyphText/FontText_63DE.font.s
[GEN]	Fonts/build/GlyphText/FontText_63CE.font.s
[GEN]	Fonts/build/GlyphText/FontText_6452.font.s
[GEN]	Fonts/build/GlyphText/FontText_63C6.font.s
[GEN]	Fonts/build/GlyphText/FontText_63BE.font.s
[GEN]	Fonts/build/GlyphText/FontText_6445.font.s
[GEN]	Fonts/build/GlyphText/FontText_6441.font.s
[GEN]	Fonts/build/GlyphText/FontText_640B.font.s
[GEN]	Fonts/build/GlyphText/FontText_641B.font.s
[GEN]	Fonts/build/GlyphText/FontText_6420.font.s
[GEN]	Fonts/build/GlyphText/FontText_640C.font.s
[GEN]	Fonts/build/GlyphText/FontText_6426.font.s
[GEN]	Fonts/build/GlyphText/FontText_6421.font.s
[GEN]	Fonts/build/GlyphText/FontText_645E.font.s
[GEN]	Fonts/build/GlyphText/FontText_6484.font.s
[GEN]	Fonts/build/GlyphText/FontText_646D.font.s
[GEN]	Fonts/build/GlyphText/FontText_6496.font.s
[GEN]	Fonts/build/GlyphText/FontText_647A.font.s
[GEN]	Fonts/build/GlyphText/FontText_64B7.font.s
[GEN]	Fonts/build/GlyphText/FontText_64B8.font.s
[GEN]	Fonts/build/GlyphText/FontText_6499.font.s
[GEN]	Fonts/build/GlyphText/FontText_64BA.font.s
[GEN]	Fonts/build/GlyphText/FontText_64C0.font.s
[GEN]	Fonts/build/GlyphText/FontText_64D0.font.s
[GEN]	Fonts/build/GlyphText/FontText_64D7.font.s
[GEN]	Fonts/build/GlyphText/FontText_64E4.font.s
[GEN]	Fonts/build/GlyphText/FontText_64E2.font.s
[GEN]	Fonts/build/GlyphText/FontText_6509.font.s
[GEN]	Fonts/build/GlyphText/FontText_6525.font.s
[GEN]	Fonts/build/GlyphText/FontText_652E.font.s
[GEN]	Fonts/build/GlyphText/FontText_5F0B.font.s
[GEN]	Fonts/build/GlyphText/FontText_7519.font.s
[GEN]	Fonts/build/GlyphText/FontText_535F.font.s
[GEN]	Fonts/build/GlyphText/FontText_53E9.font.s
[GEN]	Fonts/build/GlyphText/FontText_53FB.font.s
[GEN]	Fonts/build/GlyphText/FontText_5412.font.s
[GEN]	Fonts/build/GlyphText/FontText_5406.font.s
[GEN]	Fonts/build/GlyphText/FontText_5452.font.s
[GEN]	Fonts/build/GlyphText/FontText_5453.font.s
[GEN]	Fonts/build/GlyphText/FontText_5454.font.s
[GEN]	Fonts/build/GlyphText/FontText_5456.font.s
[GEN]	Fonts/build/GlyphText/FontText_5421.font.s
[GEN]	Fonts/build/GlyphText/FontText_5459.font.s
[GEN]	Fonts/build/GlyphText/FontText_5423.font.s
[GEN]	Fonts/build/GlyphText/FontText_5432.font.s
[GEN]	Fonts/build/GlyphText/FontText_5482.font.s
[GEN]	Fonts/build/GlyphText/FontText_5477.font.s
[GEN]	Fonts/build/GlyphText/FontText_5464.font.s
[GEN]	Fonts/build/GlyphText/FontText_549A.font.s
[GEN]	Fonts/build/GlyphText/FontText_549B.font.s
[GEN]	Fonts/build/GlyphText/FontText_5484.font.s
[GEN]	Fonts/build/GlyphText/FontText_5476.font.s
[GEN]	Fonts/build/GlyphText/FontText_5466.font.s
[GEN]	Fonts/build/GlyphText/FontText_54D0.font.s
[GEN]	Fonts/build/GlyphText/FontText_54AD.font.s
[GEN]	Fonts/build/GlyphText/FontText_54C2.font.s
[GEN]	Fonts/build/GlyphText/FontText_54B4.font.s
[GEN]	Fonts/build/GlyphText/FontText_54D2.font.s
[GEN]	Fonts/build/GlyphText/FontText_54D3.font.s
[GEN]	Fonts/build/GlyphText/FontText_54D4.font.s
[GEN]	Fonts/build/GlyphText/FontText_5472.font.s
[GEN]	Fonts/build/GlyphText/FontText_54A3.font.s
[GEN]	Fonts/build/GlyphText/FontText_54D5.font.s
[GEN]	Fonts/build/GlyphText/FontText_54BB.font.s
[GEN]	Fonts/build/GlyphText/FontText_54CC.font.s
[GEN]	Fonts/build/GlyphText/FontText_54D9.font.s
[GEN]	Fonts/build/GlyphText/FontText_54DA.font.s
[GEN]	Fonts/build/GlyphText/FontText_54DC.font.s
[GEN]	Fonts/build/GlyphText/FontText_54A9.font.s
[GEN]	Fonts/build/GlyphText/FontText_54AA.font.s
[GEN]	Fonts/build/GlyphText/FontText_54A4.font.s
[GEN]	Fonts/build/GlyphText/FontText_54DD.font.s
[GEN]	Fonts/build/GlyphText/FontText_54CF.font.s
[GEN]	Fonts/build/GlyphText/FontText_54DE.font.s
[GEN]	Fonts/build/GlyphText/FontText_551B.font.s
[GEN]	Fonts/build/GlyphText/FontText_54FD.font.s
[GEN]	Fonts/build/GlyphText/FontText_54F3.font.s
[GEN]	Fonts/build/GlyphText/FontText_5522.font.s
[GEN]	Fonts/build/GlyphText/FontText_5523.font.s
[GEN]	Fonts/build/GlyphText/FontText_550F.font.s
[GEN]	Fonts/build/GlyphText/FontText_5511.font.s
[GEN]	Fonts/build/GlyphText/FontText_552A.font.s
[GEN]	Fonts/build/GlyphText/FontText_558F.font.s
[GEN]	Fonts/build/GlyphText/FontText_55B5.font.s
[GEN]	Fonts/build/GlyphText/FontText_5549.font.s
[GEN]	Fonts/build/GlyphText/FontText_556D.font.s
[GEN]	Fonts/build/GlyphText/FontText_5541.font.s
[GEN]	Fonts/build/GlyphText/FontText_553F.font.s
[GEN]	Fonts/build/GlyphText/FontText_5550.font.s
[GEN]	Fonts/build/GlyphText/FontText_553C.font.s
[GEN]	Fonts/build/GlyphText/FontText_5556.font.s
[GEN]	Fonts/build/GlyphText/FontText_5575.font.s
[GEN]	Fonts/build/GlyphText/FontText_5576.font.s
[GEN]	Fonts/build/GlyphText/FontText_5577.font.s
[GEN]	Fonts/build/GlyphText/FontText_5533.font.s
[GEN]	Fonts/build/GlyphText/FontText_5530.font.s
[GEN]	Fonts/build/GlyphText/FontText_555C.font.s
[GEN]	Fonts/build/GlyphText/FontText_558B.font.s
[GEN]	Fonts/build/GlyphText/FontText_5583.font.s
[GEN]	Fonts/build/GlyphText/FontText_55B1.font.s
[GEN]	Fonts/build/GlyphText/FontText_55B9.font.s
[GEN]	Fonts/build/GlyphText/FontText_5588.font.s
[GEN]	Fonts/build/GlyphText/FontText_5581.font.s
[GEN]	Fonts/build/GlyphText/FontText_559F.font.s
[GEN]	Fonts/build/GlyphText/FontText_55D6.font.s
[GEN]	Fonts/build/GlyphText/FontText_5591.font.s
[GEN]	Fonts/build/GlyphText/FontText_557B.font.s
[GEN]	Fonts/build/GlyphText/FontText_55DF.font.s
[GEN]	Fonts/build/GlyphText/FontText_55BE.font.s
[GEN]	Fonts/build/GlyphText/FontText_5599.font.s
[GEN]	Fonts/build/GlyphText/FontText_55EA.font.s
[GEN]	Fonts/build/GlyphText/FontText_55C9.font.s
[GEN]	Fonts/build/GlyphText/FontText_55D1.font.s
[GEN]	Fonts/build/GlyphText/FontText_55EB.font.s
[GEN]	Fonts/build/GlyphText/FontText_55D4.font.s
[GEN]	Fonts/build/GlyphText/FontText_55DD.font.s
[GEN]	Fonts/build/GlyphText/FontText_55C4.font.s
[GEN]	Fonts/build/GlyphText/FontText_55E5.font.s
[GEN]	Fonts/build/GlyphText/FontText_55F2.font.s
[GEN]	Fonts/build/GlyphText/FontText_55F3.font.s
[GEN]	Fonts/build/GlyphText/FontText_55CC.font.s
[GEN]	Fonts/build/GlyphText/FontText_55CD.font.s
[GEN]	Fonts/build/GlyphText/FontText_8F94.font.s
[GEN]	Fonts/build/GlyphText/FontText_561E.font.s
[GEN]	Fonts/build/GlyphText/FontText_560C.font.s
[GEN]	Fonts/build/GlyphText/FontText_5624.font.s
[GEN]	Fonts/build/GlyphText/FontText_55FE.font.s
[GEN]	Fonts/build/GlyphText/FontText_5627.font.s
[GEN]	Fonts/build/GlyphText/FontText_562D.font.s
[GEN]	Fonts/build/GlyphText/FontText_5658.font.s
[GEN]	Fonts/build/GlyphText/FontText_5639.font.s
[GEN]	Fonts/build/GlyphText/FontText_562C.font.s
[GEN]	Fonts/build/GlyphText/FontText_564D.font.s
[GEN]	Fonts/build/GlyphText/FontText_5659.font.s
[GEN]	Fonts/build/GlyphText/FontText_564C.font.s
[GEN]	Fonts/build/GlyphText/FontText_5654.font.s
[GEN]	Fonts/build/GlyphText/FontText_5686.font.s
[GEN]	Fonts/build/GlyphText/FontText_5664.font.s
[GEN]	Fonts/build/GlyphText/FontText_5671.font.s
[GEN]	Fonts/build/GlyphText/FontText_566B.font.s
[GEN]	Fonts/build/GlyphText/FontText_567B.font.s
[GEN]	Fonts/build/GlyphText/FontText_567C.font.s
[GEN]	Fonts/build/GlyphText/FontText_5685.font.s
[GEN]	Fonts/build/GlyphText/FontText_5693.font.s
[GEN]	Fonts/build/GlyphText/FontText_56D7.font.s
[GEN]	Fonts/build/GlyphText/FontText_56DD.font.s
[GEN]	Fonts/build/GlyphText/FontText_56E1.font.s
[GEN]	Fonts/build/GlyphText/FontText_56F9.font.s
[GEN]	Fonts/build/GlyphText/FontText_56FF.font.s
[GEN]	Fonts/build/GlyphText/FontText_5704.font.s
[GEN]	Fonts/build/GlyphText/FontText_570A.font.s
[GEN]	Fonts/build/GlyphText/FontText_5709.font.s
[GEN]	Fonts/build/GlyphText/FontText_571C.font.s
[GEN]	Fonts/build/GlyphText/FontText_5E0F.font.s
[GEN]	Fonts/build/GlyphText/FontText_5E19.font.s
[GEN]	Fonts/build/GlyphText/FontText_5E14.font.s
[GEN]	Fonts/build/GlyphText/FontText_5E11.font.s
[GEN]	Fonts/build/GlyphText/FontText_5E31.font.s
[GEN]	Fonts/build/GlyphText/FontText_5E3B.font.s
[GEN]	Fonts/build/GlyphText/FontText_5E3C.font.s
[GEN]	Fonts/build/GlyphText/FontText_5E44.font.s
[GEN]	Fonts/build/GlyphText/FontText_5E54.font.s
[GEN]	Fonts/build/GlyphText/FontText_5E5B.font.s
[GEN]	Fonts/build/GlyphText/FontText_5E5E.font.s
[GEN]	Fonts/build/GlyphText/FontText_5E61.font.s
[GEN]	Fonts/build/GlyphText/FontText_5C7A.font.s
[GEN]	Fonts/build/GlyphText/FontText_5C8D.font.s
[GEN]	Fonts/build/GlyphText/FontText_5C90.font.s
[GEN]	Fonts/build/GlyphText/FontText_5C88.font.s
[GEN]	Fonts/build/GlyphText/FontText_5C98.font.s
[GEN]	Fonts/build/GlyphText/FontText_5C99.font.s
[GEN]	Fonts/build/GlyphText/FontText_5C91.font.s
[GEN]	Fonts/build/GlyphText/FontText_5C9C.font.s
[GEN]	Fonts/build/GlyphText/FontText_5CB5.font.s
[GEN]	Fonts/build/GlyphText/FontText_5CA2.font.s
[GEN]	Fonts/build/GlyphText/FontText_5CBD.font.s
[GEN]	Fonts/build/GlyphText/FontText_5CAC.font.s
[GEN]	Fonts/build/GlyphText/FontText_5CAB.font.s
[GEN]	Fonts/build/GlyphText/FontText_5CB1.font.s
[GEN]	Fonts/build/GlyphText/FontText_5CA3.font.s
[GEN]	Fonts/build/GlyphText/FontText_5CC1.font.s
[GEN]	Fonts/build/GlyphText/FontText_5CB7.font.s
[GEN]	Fonts/build/GlyphText/FontText_5CC4.font.s
[GEN]	Fonts/build/GlyphText/FontText_5CD2.font.s
[GEN]	Fonts/build/GlyphText/FontText_5CE4.font.s
[GEN]	Fonts/build/GlyphText/FontText_5CCB.font.s
[GEN]	Fonts/build/GlyphText/FontText_5CE5.font.s
[GEN]	Fonts/build/GlyphText/FontText_5D02.font.s
[GEN]	Fonts/build/GlyphText/FontText_5D03.font.s
[GEN]	Fonts/build/GlyphText/FontText_5D27.font.s
[GEN]	Fonts/build/GlyphText/FontText_5D26.font.s
[GEN]	Fonts/build/GlyphText/FontText_5D2E.font.s
[GEN]	Fonts/build/GlyphText/FontText_5D24.font.s
[GEN]	Fonts/build/GlyphText/FontText_5D1E.font.s
[GEN]	Fonts/build/GlyphText/FontText_5D06.font.s
[GEN]	Fonts/build/GlyphText/FontText_5D1B.font.s
[GEN]	Fonts/build/GlyphText/FontText_5D58.font.s
[GEN]	Fonts/build/GlyphText/FontText_5D3E.font.s
[GEN]	Fonts/build/GlyphText/FontText_5D34.font.s
[GEN]	Fonts/build/GlyphText/FontText_5D6C.font.s
[GEN]	Fonts/build/GlyphText/FontText_5D5B.font.s
[GEN]	Fonts/build/GlyphText/FontText_5D6F.font.s
[GEN]	Fonts/build/GlyphText/FontText_5D5D.font.s
[GEN]	Fonts/build/GlyphText/FontText_5D6B.font.s
[GEN]	Fonts/build/GlyphText/FontText_5D4B.font.s
[GEN]	Fonts/build/GlyphText/FontText_5D4A.font.s
[GEN]	Fonts/build/GlyphText/FontText_5D74.font.s
[GEN]	Fonts/build/GlyphText/FontText_5D69.font.s
[GEN]	Fonts/build/GlyphText/FontText_5D82.font.s
[GEN]	Fonts/build/GlyphText/FontText_5D99.font.s
[GEN]	Fonts/build/GlyphText/FontText_5D9D.font.s
[GEN]	Fonts/build/GlyphText/FontText_8C73.font.s
[GEN]	Fonts/build/GlyphText/FontText_5DB7.font.s
[GEN]	Fonts/build/GlyphText/FontText_5DC5.font.s
[GEN]	Fonts/build/GlyphText/FontText_5F73.font.s
[GEN]	Fonts/build/GlyphText/FontText_5F82.font.s
[GEN]	Fonts/build/GlyphText/FontText_5F87.font.s
[GEN]	Fonts/build/GlyphText/FontText_5F89.font.s
[GEN]	Fonts/build/GlyphText/FontText_5F8C.font.s
[GEN]	Fonts/build/GlyphText/FontText_5F95.font.s
[GEN]	Fonts/build/GlyphText/FontText_5F99.font.s
[GEN]	Fonts/build/GlyphText/FontText_5F9C.font.s
[GEN]	Fonts/build/GlyphText/FontText_5FAD.font.s
[GEN]	Fonts/build/GlyphText/FontText_5FB5.font.s
[GEN]	Fonts/build/GlyphText/FontText_5FBC.font.s
[GEN]	Fonts/build/GlyphText/FontText_8862.font.s
[GEN]	Fonts/build/GlyphText/FontText_5F61.font.s
[GEN]	Fonts/build/GlyphText/FontText_72AD.font.s
[GEN]	Fonts/build/GlyphText/FontText_72B0.font.s
[GEN]	Fonts/build/GlyphText/FontText_72B4.font.s
[GEN]	Fonts/build/GlyphText/FontText_72B8.font.s
[GEN]	Fonts/build/GlyphText/FontText_72C3.font.s
[GEN]	Fonts/build/GlyphText/FontText_72C1.font.s
[GEN]	Fonts/build/GlyphText/FontText_72CE.font.s
[GEN]	Fonts/build/GlyphText/FontText_72CD.font.s
[GEN]	Fonts/build/GlyphText/FontText_72D2.font.s
[GEN]	Fonts/build/GlyphText/FontText_72E8.font.s
[GEN]	Fonts/build/GlyphText/FontText_72EF.font.s
[GEN]	Fonts/build/GlyphText/FontText_72F2.font.s
[GEN]	Fonts/build/GlyphText/FontText_72F4.font.s
[GEN]	Fonts/build/GlyphText/FontText_72F7.font.s
[GEN]	Fonts/build/GlyphText/FontText_7301.font.s
[GEN]	Fonts/build/GlyphText/FontText_72F3.font.s
[GEN]	Fonts/build/GlyphText/FontText_7303.font.s
[GEN]	Fonts/build/GlyphText/FontText_72FA.font.s
[GEN]	Fonts/build/GlyphText/FontText_72FB.font.s
[GEN]	Fonts/build/GlyphText/FontText_7317.font.s
[GEN]	Fonts/build/GlyphText/FontText_7313.font.s
[GEN]	Fonts/build/GlyphText/FontText_7321.font.s
[GEN]	Fonts/build/GlyphText/FontText_730A.font.s
[GEN]	Fonts/build/GlyphText/FontText_731E.font.s
[GEN]	Fonts/build/GlyphText/FontText_7315.font.s
[GEN]	Fonts/build/GlyphText/FontText_7322.font.s
[GEN]	Fonts/build/GlyphText/FontText_7339.font.s
[GEN]	Fonts/build/GlyphText/FontText_7325.font.s
[GEN]	Fonts/build/GlyphText/FontText_732C.font.s
[GEN]	Fonts/build/GlyphText/FontText_7338.font.s
[GEN]	Fonts/build/GlyphText/FontText_7331.font.s
[GEN]	Fonts/build/GlyphText/FontText_7350.font.s
[GEN]	Fonts/build/GlyphText/FontText_734D.font.s
[GEN]	Fonts/build/GlyphText/FontText_7357.font.s
[GEN]	Fonts/build/GlyphText/FontText_7360.font.s
[GEN]	Fonts/build/GlyphText/FontText_736C.font.s
[GEN]	Fonts/build/GlyphText/FontText_736F.font.s
[GEN]	Fonts/build/GlyphText/FontText_737E.font.s
[GEN]	Fonts/build/GlyphText/FontText_821B.font.s
[GEN]	Fonts/build/GlyphText/FontText_5925.font.s
[GEN]	Fonts/build/GlyphText/FontText_98E7.font.s
[GEN]	Fonts/build/GlyphText/FontText_5924.font.s
[GEN]	Fonts/build/GlyphText/FontText_5902.font.s
[GEN]	Fonts/build/GlyphText/FontText_9963.font.s
[GEN]	Fonts/build/GlyphText/FontText_9967.font.s
[GEN]	Fonts/build/GlyphText/FontText_9968.font.s
[GEN]	Fonts/build/GlyphText/FontText_9969.font.s
[GEN]	Fonts/build/GlyphText/FontText_996A.font.s
[GEN]	Fonts/build/GlyphText/FontText_996B.font.s
[GEN]	Fonts/build/GlyphText/FontText_996C.font.s
[GEN]	Fonts/build/GlyphText/FontText_9974.font.s
[GEN]	Fonts/build/GlyphText/FontText_997D.font.s
[GEN]	Fonts/build/GlyphText/FontText_9980.font.s
[GEN]	Fonts/build/GlyphText/FontText_9984.font.s
[GEN]	Fonts/build/GlyphText/FontText_9987.font.s
[GEN]	Fonts/build/GlyphText/FontText_998A.font.s
[GEN]	Fonts/build/GlyphText/FontText_998D.font.s
[GEN]	Fonts/build/GlyphText/FontText_9990.font.s
[GEN]	Fonts/build/GlyphText/FontText_9991.font.s
[GEN]	Fonts/build/GlyphText/FontText_9993.font.s
[GEN]	Fonts/build/GlyphText/FontText_9994.font.s
[GEN]	Fonts/build/GlyphText/FontText_9995.font.s
[GEN]	Fonts/build/GlyphText/FontText_5E80.font.s
[GEN]	Fonts/build/GlyphText/FontText_5E91.font.s
[GEN]	Fonts/build/GlyphText/FontText_5E8B.font.s
[GEN]	Fonts/build/GlyphText/FontText_5E96.font.s
[GEN]	Fonts/build/GlyphText/FontText_5EA5.font.s
[GEN]	Fonts/build/GlyphText/FontText_5EA0.font.s
[GEN]	Fonts/build/GlyphText/FontText_5EB9.font.s
[GEN]	Fonts/build/GlyphText/FontText_5EB5.font.s
[GEN]	Fonts/build/GlyphText/FontText_5EBE.font.s
[GEN]	Fonts/build/GlyphText/FontText_5EB3.font.s
[GEN]	Fonts/build/GlyphText/FontText_8D53.font.s
[GEN]	Fonts/build/GlyphText/FontText_5ED2.font.s
[GEN]	Fonts/build/GlyphText/FontText_5ED1.font.s
[GEN]	Fonts/build/GlyphText/FontText_5EDB.font.s
[GEN]	Fonts/build/GlyphText/FontText_5EE8.font.s
[GEN]	Fonts/build/GlyphText/FontText_5EEA.font.s
[GEN]	Fonts/build/GlyphText/FontText_81BA.font.s
[GEN]	Fonts/build/GlyphText/FontText_5FC4.font.s
[GEN]	Fonts/build/GlyphText/FontText_5FC9.font.s
[GEN]	Fonts/build/GlyphText/FontText_5FD6.font.s
[GEN]	Fonts/build/GlyphText/FontText_6003.font.s
[GEN]	Fonts/build/GlyphText/FontText_5FEE.font.s
[GEN]	Fonts/build/GlyphText/FontText_6004.font.s
[GEN]	Fonts/build/GlyphText/FontText_5FE1.font.s
[GEN]	Fonts/build/GlyphText/FontText_5FE4.font.s
[GEN]	Fonts/build/GlyphText/FontText_5FFE.font.s
[GEN]	Fonts/build/GlyphText/FontText_6005.font.s
[GEN]	Fonts/build/GlyphText/FontText_6006.font.s
[GEN]	Fonts/build/GlyphText/FontText_5FED.font.s
[GEN]	Fonts/build/GlyphText/FontText_5FF8.font.s
[GEN]	Fonts/build/GlyphText/FontText_6019.font.s
[GEN]	Fonts/build/GlyphText/FontText_6035.font.s
[GEN]	Fonts/build/GlyphText/FontText_6026.font.s
[GEN]	Fonts/build/GlyphText/FontText_601B.font.s
[GEN]	Fonts/build/GlyphText/FontText_600F.font.s
[GEN]	Fonts/build/GlyphText/FontText_600D.font.s
[GEN]	Fonts/build/GlyphText/FontText_6029.font.s
[GEN]	Fonts/build/GlyphText/FontText_602B.font.s
[GEN]	Fonts/build/GlyphText/FontText_600A.font.s
[GEN]	Fonts/build/GlyphText/FontText_603F.font.s
[GEN]	Fonts/build/GlyphText/FontText_6078.font.s
[GEN]	Fonts/build/GlyphText/FontText_6079.font.s
[GEN]	Fonts/build/GlyphText/FontText_607B.font.s
[GEN]	Fonts/build/GlyphText/FontText_607A.font.s
[GEN]	Fonts/build/GlyphText/FontText_6042.font.s
[GEN]	Fonts/build/GlyphText/FontText_606A.font.s
[GEN]	Fonts/build/GlyphText/FontText_607D.font.s
[GEN]	Fonts/build/GlyphText/FontText_6096.font.s
[GEN]	Fonts/build/GlyphText/FontText_609A.font.s
[GEN]	Fonts/build/GlyphText/FontText_60AD.font.s
[GEN]	Fonts/build/GlyphText/FontText_609D.font.s
[GEN]	Fonts/build/GlyphText/FontText_6083.font.s
[GEN]	Fonts/build/GlyphText/FontText_6092.font.s
[GEN]	Fonts/build/GlyphText/FontText_608C.font.s
[GEN]	Fonts/build/GlyphText/FontText_609B.font.s
[GEN]	Fonts/build/GlyphText/FontText_60BB.font.s
[GEN]	Fonts/build/GlyphText/FontText_60B1.font.s
[GEN]	Fonts/build/GlyphText/FontText_60DD.font.s
[GEN]	Fonts/build/GlyphText/FontText_60C6.font.s
[GEN]	Fonts/build/GlyphText/FontText_60DA.font.s
[GEN]	Fonts/build/GlyphText/FontText_6120.font.s
[GEN]	Fonts/build/GlyphText/FontText_6126.font.s
[GEN]	Fonts/build/GlyphText/FontText_60F4.font.s
[GEN]	Fonts/build/GlyphText/FontText_6100.font.s
[GEN]	Fonts/build/GlyphText/FontText_610E.font.s
[GEN]	Fonts/build/GlyphText/FontText_612B.font.s
[GEN]	Fonts/build/GlyphText/FontText_614A.font.s
[GEN]	Fonts/build/GlyphText/FontText_6175.font.s
[GEN]	Fonts/build/GlyphText/FontText_61B7.font.s
[GEN]	Fonts/build/GlyphText/FontText_61D4.font.s
[GEN]	Fonts/build/GlyphText/FontText_61F5.font.s
[GEN]	Fonts/build/GlyphText/FontText_5FDD.font.s
[GEN]	Fonts/build/GlyphText/FontText_96B3.font.s
[GEN]	Fonts/build/GlyphText/FontText_95E9.font.s
[GEN]	Fonts/build/GlyphText/FontText_95EB.font.s
[GEN]	Fonts/build/GlyphText/FontText_95F1.font.s
[GEN]	Fonts/build/GlyphText/FontText_95F3.font.s
[GEN]	Fonts/build/GlyphText/FontText_95F5.font.s
[GEN]	Fonts/build/GlyphText/FontText_95F6.font.s
[GEN]	Fonts/build/GlyphText/FontText_95FC.font.s
[GEN]	Fonts/build/GlyphText/FontText_95FE.font.s
[GEN]	Fonts/build/GlyphText/FontText_9603.font.s
[GEN]	Fonts/build/GlyphText/FontText_9604.font.s
[GEN]	Fonts/build/GlyphText/FontText_9606.font.s
[GEN]	Fonts/build/GlyphText/FontText_9608.font.s
[GEN]	Fonts/build/GlyphText/FontText_960A.font.s
[GEN]	Fonts/build/GlyphText/FontText_960B.font.s
[GEN]	Fonts/build/GlyphText/FontText_960C.font.s
[GEN]	Fonts/build/GlyphText/FontText_960D.font.s
[GEN]	Fonts/build/GlyphText/FontText_960F.font.s
[GEN]	Fonts/build/GlyphText/FontText_9612.font.s
[GEN]	Fonts/build/GlyphText/FontText_9615.font.s
[GEN]	Fonts/build/GlyphText/FontText_9617.font.s
[GEN]	Fonts/build/GlyphText/FontText_9619.font.s
[GEN]	Fonts/build/GlyphText/FontText_961A.font.s
[GEN]	Fonts/build/GlyphText/FontText_4E2C.font.s
[GEN]	Fonts/build/GlyphText/FontText_723F.font.s
[GEN]	Fonts/build/GlyphText/FontText_6215.font.s
[GEN]	Fonts/build/GlyphText/FontText_6C35.font.s
[GEN]	Fonts/build/GlyphText/FontText_6C54.font.s
[GEN]	Fonts/build/GlyphText/FontText_6C5C.font.s
[GEN]	Fonts/build/GlyphText/FontText_6C4A.font.s
[GEN]	Fonts/build/GlyphText/FontText_6CA3.font.s
[GEN]	Fonts/build/GlyphText/FontText_6C85.font.s
[GEN]	Fonts/build/GlyphText/FontText_6C94.font.s
[GEN]	Fonts/build/GlyphText/FontText_6C68.font.s
[GEN]	Fonts/build/GlyphText/FontText_6C69.font.s
[GEN]	Fonts/build/GlyphText/FontText_6C74.font.s
[GEN]	Fonts/build/GlyphText/FontText_6C76.font.s
[GEN]	Fonts/build/GlyphText/FontText_6C86.font.s
[GEN]	Fonts/build/GlyphText/FontText_6CA9.font.s
[GEN]	Fonts/build/GlyphText/FontText_6CD0.font.s
[GEN]	Fonts/build/GlyphText/FontText_6CD4.font.s
[GEN]	Fonts/build/GlyphText/FontText_6CAD.font.s
[GEN]	Fonts/build/GlyphText/FontText_6CF7.font.s
[GEN]	Fonts/build/GlyphText/FontText_6CF8.font.s
[GEN]	Fonts/build/GlyphText/FontText_6CF1.font.s
[GEN]	Fonts/build/GlyphText/FontText_6CD7.font.s
[GEN]	Fonts/build/GlyphText/FontText_6CB2.font.s
[GEN]	Fonts/build/GlyphText/FontText_6CE0.font.s
[GEN]	Fonts/build/GlyphText/FontText_6CD6.font.s
[GEN]	Fonts/build/GlyphText/FontText_6CFA.font.s
[GEN]	Fonts/build/GlyphText/FontText_6CEB.font.s
[GEN]	Fonts/build/GlyphText/FontText_6CEE.font.s
[GEN]	Fonts/build/GlyphText/FontText_6CB1.font.s
[GEN]	Fonts/build/GlyphText/FontText_6CD3.font.s
[GEN]	Fonts/build/GlyphText/FontText_6CFE.font.s
[GEN]	Fonts/build/GlyphText/FontText_6D39.font.s
[GEN]	Fonts/build/GlyphText/FontText_6D27.font.s
[GEN]	Fonts/build/GlyphText/FontText_6D0C.font.s
[GEN]	Fonts/build/GlyphText/FontText_6D43.font.s
[GEN]	Fonts/build/GlyphText/FontText_6D48.font.s
[GEN]	Fonts/build/GlyphText/FontText_6D07.font.s
[GEN]	Fonts/build/GlyphText/FontText_6D04.font.s
[GEN]	Fonts/build/GlyphText/FontText_6D19.font.s
[GEN]	Fonts/build/GlyphText/FontText_6D0E.font.s
[GEN]	Fonts/build/GlyphText/FontText_6D2B.font.s
[GEN]	Fonts/build/GlyphText/FontText_6D4D.font.s
[GEN]	Fonts/build/GlyphText/FontText_6D2E.font.s
[GEN]	Fonts/build/GlyphText/FontText_6D35.font.s
[GEN]	Fonts/build/GlyphText/FontText_6D1A.font.s
[GEN]	Fonts/build/GlyphText/FontText_6D52.font.s
[GEN]	Fonts/build/GlyphText/FontText_6D54.font.s
[GEN]	Fonts/build/GlyphText/FontText_6D33.font.s
[GEN]	Fonts/build/GlyphText/FontText_6D91.font.s
[GEN]	Fonts/build/GlyphText/FontText_6D6F.font.s
[GEN]	Fonts/build/GlyphText/FontText_6D9E.font.s
[GEN]	Fonts/build/GlyphText/FontText_6DA0.font.s
[GEN]	Fonts/build/GlyphText/FontText_6D5E.font.s
[GEN]	Fonts/build/GlyphText/FontText_6D93.font.s
[GEN]	Fonts/build/GlyphText/FontText_6D94.font.s
[GEN]	Fonts/build/GlyphText/FontText_6D5C.font.s
[GEN]	Fonts/build/GlyphText/FontText_6D60.font.s
[GEN]	Fonts/build/GlyphText/FontText_6D7C.font.s
[GEN]	Fonts/build/GlyphText/FontText_6D63.font.s
[GEN]	Fonts/build/GlyphText/FontText_6E1A.font.s
[GEN]	Fonts/build/GlyphText/FontText_6DC7.font.s
[GEN]	Fonts/build/GlyphText/FontText_6DC5.font.s
[GEN]	Fonts/build/GlyphText/FontText_6DDE.font.s
[GEN]	Fonts/build/GlyphText/FontText_6DBF.font.s
[GEN]	Fonts/build/GlyphText/FontText_6DE0.font.s
[GEN]	Fonts/build/GlyphText/FontText_6E11.font.s
[GEN]	Fonts/build/GlyphText/FontText_6DE6.font.s
[GEN]	Fonts/build/GlyphText/FontText_6DDD.font.s
[GEN]	Fonts/build/GlyphText/FontText_6DD9.font.s
[GEN]	Fonts/build/GlyphText/FontText_6E16.font.s
[GEN]	Fonts/build/GlyphText/FontText_6DAB.font.s
[GEN]	Fonts/build/GlyphText/FontText_6E0C.font.s
[GEN]	Fonts/build/GlyphText/FontText_6DAE.font.s
[GEN]	Fonts/build/GlyphText/FontText_6E2B.font.s
[GEN]	Fonts/build/GlyphText/FontText_6E6E.font.s
[GEN]	Fonts/build/GlyphText/FontText_6E4E.font.s
[GEN]	Fonts/build/GlyphText/FontText_6E6B.font.s
[GEN]	Fonts/build/GlyphText/FontText_6EB2.font.s
[GEN]	Fonts/build/GlyphText/FontText_6E5F.font.s
[GEN]	Fonts/build/GlyphText/FontText_6E86.font.s
[GEN]	Fonts/build/GlyphText/FontText_6E53.font.s
[GEN]	Fonts/build/GlyphText/FontText_6E54.font.s
[GEN]	Fonts/build/GlyphText/FontText_6E32.font.s
[GEN]	Fonts/build/GlyphText/FontText_6E25.font.s
[GEN]	Fonts/build/GlyphText/FontText_6E44.font.s
[GEN]	Fonts/build/GlyphText/FontText_6EDF.font.s
[GEN]	Fonts/build/GlyphText/FontText_6EB1.font.s
[GEN]	Fonts/build/GlyphText/FontText_6E98.font.s
[GEN]	Fonts/build/GlyphText/FontText_6EE0.font.s
[GEN]	Fonts/build/GlyphText/FontText_6F2D.font.s
[GEN]	Fonts/build/GlyphText/FontText_6EE2.font.s
[GEN]	Fonts/build/GlyphText/FontText_6EA5.font.s
[GEN]	Fonts/build/GlyphText/FontText_6EA7.font.s
[GEN]	Fonts/build/GlyphText/FontText_6EBD.font.s
[GEN]	Fonts/build/GlyphText/FontText_6EBB.font.s
[GEN]	Fonts/build/GlyphText/FontText_6EB7.font.s
[GEN]	Fonts/build/GlyphText/FontText_6ED7.font.s
[GEN]	Fonts/build/GlyphText/FontText_6EB4.font.s
[GEN]	Fonts/build/GlyphText/FontText_6ECF.font.s
[GEN]	Fonts/build/GlyphText/FontText_6E8F.font.s
[GEN]	Fonts/build/GlyphText/FontText_6EC2.font.s
[GEN]	Fonts/build/GlyphText/FontText_6E9F.font.s
[GEN]	Fonts/build/GlyphText/FontText_6F62.font.s
[GEN]	Fonts/build/GlyphText/FontText_6F46.font.s
[GEN]	Fonts/build/GlyphText/FontText_6F24.font.s
[GEN]	Fonts/build/GlyphText/FontText_6F15.font.s
[GEN]	Fonts/build/GlyphText/FontText_6EF9.font.s
[GEN]	Fonts/build/GlyphText/FontText_6F2F.font.s
[GEN]	Fonts/build/GlyphText/FontText_6F36.font.s
[GEN]	Fonts/build/GlyphText/FontText_6F4B.font.s
[GEN]	Fonts/build/GlyphText/FontText_6F74.font.s
[GEN]	Fonts/build/GlyphText/FontText_6F2A.font.s
[GEN]	Fonts/build/GlyphText/FontText_6F89.font.s
[GEN]	Fonts/build/GlyphText/FontText_6F8D.font.s
[GEN]	Fonts/build/GlyphText/FontText_6F8C.font.s
[GEN]	Fonts/build/GlyphText/FontText_6F78.font.s
[GEN]	Fonts/build/GlyphText/FontText_6F72.font.s
[GEN]	Fonts/build/GlyphText/FontText_6F7C.font.s
[GEN]	Fonts/build/GlyphText/FontText_6F7A.font.s
[GEN]	Fonts/build/GlyphText/FontText_6FD1.font.s
[GEN]	Fonts/build/GlyphText/FontText_6FC9.font.s
[GEN]	Fonts/build/GlyphText/FontText_6FA7.font.s
[GEN]	Fonts/build/GlyphText/FontText_6FB9.font.s
[GEN]	Fonts/build/GlyphText/FontText_6FB6.font.s
[GEN]	Fonts/build/GlyphText/FontText_6FC2.font.s
[GEN]	Fonts/build/GlyphText/FontText_6FE1.font.s
[GEN]	Fonts/build/GlyphText/FontText_6FEE.font.s
[GEN]	Fonts/build/GlyphText/FontText_6FDE.font.s
[GEN]	Fonts/build/GlyphText/FontText_6FE0.font.s
[GEN]	Fonts/build/GlyphText/FontText_6FEF.font.s
[GEN]	Fonts/build/GlyphText/FontText_701A.font.s
[GEN]	Fonts/build/GlyphText/FontText_7023.font.s
[GEN]	Fonts/build/GlyphText/FontText_701B.font.s
[GEN]	Fonts/build/GlyphText/FontText_7039.font.s
[GEN]	Fonts/build/GlyphText/FontText_7035.font.s
[GEN]	Fonts/build/GlyphText/FontText_704F.font.s
[GEN]	Fonts/build/GlyphText/FontText_705E.font.s
[GEN]	Fonts/build/GlyphText/FontText_5B80.font.s
[GEN]	Fonts/build/GlyphText/FontText_5B84.font.s
[GEN]	Fonts/build/GlyphText/FontText_5B95.font.s
[GEN]	Fonts/build/GlyphText/FontText_5B93.font.s
[GEN]	Fonts/build/GlyphText/FontText_5BA5.font.s
[GEN]	Fonts/build/GlyphText/FontText_5BB8.font.s
[GEN]	Fonts/build/GlyphText/FontText_752F.font.s
[GEN]	Fonts/build/GlyphText/FontText_9A9E.font.s
[GEN]	Fonts/build/GlyphText/FontText_6434.font.s
[GEN]	Fonts/build/GlyphText/FontText_5BE4.font.s
[GEN]	Fonts/build/GlyphText/FontText_5BEE.font.s
[GEN]	Fonts/build/GlyphText/FontText_8930.font.s
[GEN]	Fonts/build/GlyphText/FontText_5BF0.font.s
[GEN]	Fonts/build/GlyphText/FontText_8E47.font.s
[GEN]	Fonts/build/GlyphText/FontText_8B07.font.s
[GEN]	Fonts/build/GlyphText/FontText_8FB6.font.s
[GEN]	Fonts/build/GlyphText/FontText_8FD3.font.s
[GEN]	Fonts/build/GlyphText/FontText_8FD5.font.s
[GEN]	Fonts/build/GlyphText/FontText_8FEE.font.s
[GEN]	Fonts/build/GlyphText/FontText_8FE4.font.s
[GEN]	Fonts/build/GlyphText/FontText_8FE9.font.s
[GEN]	Fonts/build/GlyphText/FontText_8FF3.font.s
[GEN]	Fonts/build/GlyphText/FontText_8FE8.font.s
[GEN]	Fonts/build/GlyphText/FontText_9004.font.s
[GEN]	Fonts/build/GlyphText/FontText_900B.font.s
[GEN]	Fonts/build/GlyphText/FontText_9026.font.s
[GEN]	Fonts/build/GlyphText/FontText_9011.font.s
[GEN]	Fonts/build/GlyphText/FontText_900D.font.s
[GEN]	Fonts/build/GlyphText/FontText_9016.font.s
[GEN]	Fonts/build/GlyphText/FontText_9021.font.s
[GEN]	Fonts/build/GlyphText/FontText_9035.font.s
[GEN]	Fonts/build/GlyphText/FontText_9036.font.s
[GEN]	Fonts/build/GlyphText/FontText_902D.font.s
[GEN]	Fonts/build/GlyphText/FontText_902F.font.s
[GEN]	Fonts/build/GlyphText/FontText_9044.font.s
[GEN]	Fonts/build/GlyphText/FontText_9051.font.s
[GEN]	Fonts/build/GlyphText/FontText_9052.font.s
[GEN]	Fonts/build/GlyphText/FontText_9050.font.s
[GEN]	Fonts/build/GlyphText/FontText_9068.font.s
[GEN]	Fonts/build/GlyphText/FontText_9058.font.s
[GEN]	Fonts/build/GlyphText/FontText_9062.font.s
[GEN]	Fonts/build/GlyphText/FontText_905B.font.s
[GEN]	Fonts/build/GlyphText/FontText_66B9.font.s
[GEN]	Fonts/build/GlyphText/FontText_9074.font.s
[GEN]	Fonts/build/GlyphText/FontText_907D.font.s
[GEN]	Fonts/build/GlyphText/FontText_9088.font.s
[GEN]	Fonts/build/GlyphText/FontText_9083.font.s
[GEN]	Fonts/build/GlyphText/FontText_908B.font.s
[GEN]	Fonts/build/GlyphText/FontText_5F50.font.s
[GEN]	Fonts/build/GlyphText/FontText_5F57.font.s
[GEN]	Fonts/build/GlyphText/FontText_5F56.font.s
[GEN]	Fonts/build/GlyphText/FontText_5F58.font.s
[GEN]	Fonts/build/GlyphText/FontText_5C3B.font.s
[GEN]	Fonts/build/GlyphText/FontText_5C50.font.s
[GEN]	Fonts/build/GlyphText/FontText_5C59.font.s
[GEN]	Fonts/build/GlyphText/FontText_5C63.font.s
[GEN]	Fonts/build/GlyphText/FontText_5C66.font.s
[GEN]	Fonts/build/GlyphText/FontText_7FBC.font.s
[GEN]	Fonts/build/GlyphText/FontText_5F2A.font.s
[GEN]	Fonts/build/GlyphText/FontText_5F2D.font.s
[GEN]	Fonts/build/GlyphText/FontText_8274.font.s
[GEN]	Fonts/build/GlyphText/FontText_5F3C.font.s
[GEN]	Fonts/build/GlyphText/FontText_9B3B.font.s
[GEN]	Fonts/build/GlyphText/FontText_5C6E.font.s
[GEN]	Fonts/build/GlyphText/FontText_5981.font.s
[GEN]	Fonts/build/GlyphText/FontText_598D.font.s
[GEN]	Fonts/build/GlyphText/FontText_59AA.font.s
[GEN]	Fonts/build/GlyphText/FontText_59A3.font.s
[GEN]	Fonts/build/GlyphText/FontText_5997.font.s
[GEN]	Fonts/build/GlyphText/FontText_59CA.font.s
[GEN]	Fonts/build/GlyphText/FontText_59AB.font.s
[GEN]	Fonts/build/GlyphText/FontText_59A4.font.s
[GEN]	Fonts/build/GlyphText/FontText_59D2.font.s
[GEN]	Fonts/build/GlyphText/FontText_59B2.font.s
[GEN]	Fonts/build/GlyphText/FontText_59AF.font.s
[GEN]	Fonts/build/GlyphText/FontText_59D7.font.s
[GEN]	Fonts/build/GlyphText/FontText_5A06.font.s
[GEN]	Fonts/build/GlyphText/FontText_59DD.font.s
[GEN]	Fonts/build/GlyphText/FontText_5A08.font.s
[GEN]	Fonts/build/GlyphText/FontText_59E3.font.s
[GEN]	Fonts/build/GlyphText/FontText_59D8.font.s
[GEN]	Fonts/build/GlyphText/FontText_59F9.font.s
[GEN]	Fonts/build/GlyphText/FontText_5A0C.font.s
[GEN]	Fonts/build/GlyphText/FontText_5A09.font.s
[GEN]	Fonts/build/GlyphText/FontText_5A32.font.s
[GEN]	Fonts/build/GlyphText/FontText_5A11.font.s
[GEN]	Fonts/build/GlyphText/FontText_5A23.font.s
[GEN]	Fonts/build/GlyphText/FontText_5A13.font.s
[GEN]	Fonts/build/GlyphText/FontText_5A40.font.s
[GEN]	Fonts/build/GlyphText/FontText_5A67.font.s
[GEN]	Fonts/build/GlyphText/FontText_5A4A.font.s
[GEN]	Fonts/build/GlyphText/FontText_5A55.font.s
[GEN]	Fonts/build/GlyphText/FontText_5A3C.font.s
[GEN]	Fonts/build/GlyphText/FontText_5A62.font.s
[GEN]	Fonts/build/GlyphText/FontText_5A75.font.s
[GEN]	Fonts/build/GlyphText/FontText_80EC.font.s
[GEN]	Fonts/build/GlyphText/FontText_5AAA.font.s
[GEN]	Fonts/build/GlyphText/FontText_5A9B.font.s
[GEN]	Fonts/build/GlyphText/FontText_5A77.font.s
[GEN]	Fonts/build/GlyphText/FontText_5A7A.font.s
[GEN]	Fonts/build/GlyphText/FontText_5ABE.font.s
[GEN]	Fonts/build/GlyphText/FontText_5AEB.font.s
[GEN]	Fonts/build/GlyphText/FontText_5AB2.font.s
[GEN]	Fonts/build/GlyphText/FontText_5AD2.font.s
[GEN]	Fonts/build/GlyphText/FontText_5AD4.font.s
[GEN]	Fonts/build/GlyphText/FontText_5AB8.font.s
[GEN]	Fonts/build/GlyphText/FontText_5AE0.font.s
[GEN]	Fonts/build/GlyphText/FontText_5AE3.font.s
[GEN]	Fonts/build/GlyphText/FontText_5AF1.font.s
[GEN]	Fonts/build/GlyphText/FontText_5AD6.font.s
[GEN]	Fonts/build/GlyphText/FontText_5AE6.font.s
[GEN]	Fonts/build/GlyphText/FontText_5AD8.font.s
[GEN]	Fonts/build/GlyphText/FontText_5ADC.font.s
[GEN]	Fonts/build/GlyphText/FontText_5B09.font.s
[GEN]	Fonts/build/GlyphText/FontText_5B17.font.s
[GEN]	Fonts/build/GlyphText/FontText_5B16.font.s
[GEN]	Fonts/build/GlyphText/FontText_5B32.font.s
[GEN]	Fonts/build/GlyphText/FontText_5B37.font.s
[GEN]	Fonts/build/GlyphText/FontText_5B40.font.s
[GEN]	Fonts/build/GlyphText/FontText_5C15.font.s
[GEN]	Fonts/build/GlyphText/FontText_5C1C.font.s
[GEN]	Fonts/build/GlyphText/FontText_5B5A.font.s
[GEN]	Fonts/build/GlyphText/FontText_5B65.font.s
[GEN]	Fonts/build/GlyphText/FontText_5B73.font.s
[GEN]	Fonts/build/GlyphText/FontText_5B51.font.s
[GEN]	Fonts/build/GlyphText/FontText_5B53.font.s
[GEN]	Fonts/build/GlyphText/FontText_5B62.font.s
[GEN]	Fonts/build/GlyphText/FontText_9A75.font.s
[GEN]	Fonts/build/GlyphText/FontText_9A77.font.s
[GEN]	Fonts/build/GlyphText/FontText_9A78.font.s
[GEN]	Fonts/build/GlyphText/FontText_9A7A.font.s
[GEN]	Fonts/build/GlyphText/FontText_9A7F.font.s
[GEN]	Fonts/build/GlyphText/FontText_9A7D.font.s
[GEN]	Fonts/build/GlyphText/FontText_9A80.font.s
[GEN]	Fonts/build/GlyphText/FontText_9A81.font.s
[GEN]	Fonts/build/GlyphText/FontText_9A85.font.s
[GEN]	Fonts/build/GlyphText/FontText_9A88.font.s
[GEN]	Fonts/build/GlyphText/FontText_9A8A.font.s
[GEN]	Fonts/build/GlyphText/FontText_9A90.font.s
[GEN]	Fonts/build/GlyphText/FontText_9A92.font.s
[GEN]	Fonts/build/GlyphText/FontText_9A93.font.s
[GEN]	Fonts/build/GlyphText/FontText_9A96.font.s
[GEN]	Fonts/build/GlyphText/FontText_9A98.font.s
[GEN]	Fonts/build/GlyphText/FontText_9A9B.font.s
[GEN]	Fonts/build/GlyphText/FontText_9A9C.font.s
[GEN]	Fonts/build/GlyphText/FontText_9A9D.font.s
[GEN]	Fonts/build/GlyphText/FontText_9A9F.font.s
[GEN]	Fonts/build/GlyphText/FontText_9AA0.font.s
[GEN]	Fonts/build/GlyphText/FontText_9AA2.font.s
[GEN]	Fonts/build/GlyphText/FontText_9AA3.font.s
[GEN]	Fonts/build/GlyphText/FontText_9AA5.font.s
[GEN]	Fonts/build/GlyphText/FontText_9AA7.font.s
[GEN]	Fonts/build/GlyphText/FontText_7E9F.font.s
[GEN]	Fonts/build/GlyphText/FontText_7EA1.font.s
[GEN]	Fonts/build/GlyphText/FontText_7EA5.font.s
[GEN]	Fonts/build/GlyphText/FontText_7EA8.font.s
[GEN]	Fonts/build/GlyphText/FontText_7EA9.font.s
[GEN]	Fonts/build/GlyphText/FontText_7EAD.font.s
[GEN]	Fonts/build/GlyphText/FontText_7EB0.font.s
[GEN]	Fonts/build/GlyphText/FontText_7EBE.font.s
[GEN]	Fonts/build/GlyphText/FontText_7EC0.font.s
[GEN]	Fonts/build/GlyphText/FontText_7EC1.font.s
[GEN]	Fonts/build/GlyphText/FontText_7EC2.font.s
[GEN]	Fonts/build/GlyphText/FontText_7EC9.font.s
[GEN]	Fonts/build/GlyphText/FontText_7ECB.font.s
[GEN]	Fonts/build/GlyphText/FontText_7ECC.font.s
[GEN]	Fonts/build/GlyphText/FontText_7ED0.font.s
[GEN]	Fonts/build/GlyphText/FontText_7ED4.font.s
[GEN]	Fonts/build/GlyphText/FontText_7ED7.font.s
[GEN]	Fonts/build/GlyphText/FontText_7EDB.font.s
[GEN]	Fonts/build/GlyphText/FontText_7EE0.font.s
[GEN]	Fonts/build/GlyphText/FontText_7EE1.font.s
[GEN]	Fonts/build/GlyphText/FontText_7EE8.font.s
[GEN]	Fonts/build/GlyphText/FontText_7EEB.font.s
[GEN]	Fonts/build/GlyphText/FontText_7EEE.font.s
[GEN]	Fonts/build/GlyphText/FontText_7EF1.font.s
[GEN]	Fonts/build/GlyphText/FontText_7EF2.font.s
[GEN]	Fonts/build/GlyphText/FontText_7F0D.font.s
[GEN]	Fonts/build/GlyphText/FontText_7EF6.font.s
[GEN]	Fonts/build/GlyphText/FontText_7EFA.font.s
[GEN]	Fonts/build/GlyphText/FontText_7EFB.font.s
[GEN]	Fonts/build/GlyphText/FontText_7EFE.font.s
[GEN]	Fonts/build/GlyphText/FontText_7F01.font.s
[GEN]	Fonts/build/GlyphText/FontText_7F02.font.s
[GEN]	Fonts/build/GlyphText/FontText_7F03.font.s
[GEN]	Fonts/build/GlyphText/FontText_7F0B.font.s
[GEN]	Fonts/build/GlyphText/FontText_7F0C.font.s
[GEN]	Fonts/build/GlyphText/FontText_7F0F.font.s
[GEN]	Fonts/build/GlyphText/FontText_7F11.font.s
[GEN]	Fonts/build/GlyphText/FontText_7F12.font.s
[GEN]	Fonts/build/GlyphText/FontText_7F17.font.s
[GEN]	Fonts/build/GlyphText/FontText_7F19.font.s
[GEN]	Fonts/build/GlyphText/FontText_7F1C.font.s
[GEN]	Fonts/build/GlyphText/FontText_7F1B.font.s
[GEN]	Fonts/build/GlyphText/FontText_7F1F.font.s
[GEN]	Fonts/build/GlyphText/FontText_7F21.font.s
[GEN]	Fonts/build/GlyphText/FontText_7F22.font.s
[GEN]	Fonts/build/GlyphText/FontText_7F23.font.s
[GEN]	Fonts/build/GlyphText/FontText_7F26.font.s
[GEN]	Fonts/build/GlyphText/FontText_7F27.font.s
[GEN]	Fonts/build/GlyphText/FontText_7F2B.font.s
[GEN]	Fonts/build/GlyphText/FontText_7F2C.font.s
[GEN]	Fonts/build/GlyphText/FontText_7F2D.font.s
[GEN]	Fonts/build/GlyphText/FontText_7F2F.font.s
[GEN]	Fonts/build/GlyphText/FontText_7F31.font.s
[GEN]	Fonts/build/GlyphText/FontText_7F32.font.s
[GEN]	Fonts/build/GlyphText/FontText_7F33.font.s
[GEN]	Fonts/build/GlyphText/FontText_7F35.font.s
[GEN]	Fonts/build/GlyphText/FontText_5E7A.font.s
[GEN]	Fonts/build/GlyphText/FontText_757F.font.s
[GEN]	Fonts/build/GlyphText/FontText_5DDB.font.s
[GEN]	Fonts/build/GlyphText/FontText_753E.font.s
[GEN]	Fonts/build/GlyphText/FontText_9095.font.s
[GEN]	Fonts/build/GlyphText/FontText_738E.font.s
[GEN]	Fonts/build/GlyphText/FontText_7391.font.s
[GEN]	Fonts/build/GlyphText/FontText_73AE.font.s
[GEN]	Fonts/build/GlyphText/FontText_73A2.font.s
[GEN]	Fonts/build/GlyphText/FontText_739F.font.s
[GEN]	Fonts/build/GlyphText/FontText_73CF.font.s
[GEN]	Fonts/build/GlyphText/FontText_73D1.font.s
[GEN]	Fonts/build/GlyphText/FontText_73B3.font.s
[GEN]	Fonts/build/GlyphText/FontText_73C9.font.s
[GEN]	Fonts/build/GlyphText/FontText_73C8.font.s
[GEN]	Fonts/build/GlyphText/FontText_73E5.font.s
[GEN]	Fonts/build/GlyphText/FontText_73D9.font.s
[GEN]	Fonts/build/GlyphText/FontText_987C.font.s
[GEN]	Fonts/build/GlyphText/FontText_740A.font.s
[GEN]	Fonts/build/GlyphText/FontText_73E9.font.s
[GEN]	Fonts/build/GlyphText/FontText_73E7.font.s
[GEN]	Fonts/build/GlyphText/FontText_73DE.font.s
[GEN]	Fonts/build/GlyphText/FontText_73BA.font.s
[GEN]	Fonts/build/GlyphText/FontText_73F2.font.s
[GEN]	Fonts/build/GlyphText/FontText_740F.font.s
[GEN]	Fonts/build/GlyphText/FontText_742A.font.s
[GEN]	Fonts/build/GlyphText/FontText_745B.font.s
[GEN]	Fonts/build/GlyphText/FontText_7426.font.s
[GEN]	Fonts/build/GlyphText/FontText_7425.font.s
[GEN]	Fonts/build/GlyphText/FontText_7428.font.s
[GEN]	Fonts/build/GlyphText/FontText_7430.font.s
[GEN]	Fonts/build/GlyphText/FontText_742E.font.s
[GEN]	Fonts/build/GlyphText/FontText_742C.font.s
[GEN]	Fonts/build/GlyphText/FontText_741B.font.s
[GEN]	Fonts/build/GlyphText/FontText_741A.font.s
[GEN]	Fonts/build/GlyphText/FontText_7441.font.s
[GEN]	Fonts/build/GlyphText/FontText_745C.font.s
[GEN]	Fonts/build/GlyphText/FontText_7457.font.s
[GEN]	Fonts/build/GlyphText/FontText_7455.font.s
[GEN]	Fonts/build/GlyphText/FontText_7459.font.s
[GEN]	Fonts/build/GlyphText/FontText_7477.font.s
[GEN]	Fonts/build/GlyphText/FontText_746D.font.s
[GEN]	Fonts/build/GlyphText/FontText_747E.font.s
[GEN]	Fonts/build/GlyphText/FontText_749C.font.s
[GEN]	Fonts/build/GlyphText/FontText_748E.font.s
[GEN]	Fonts/build/GlyphText/FontText_7480.font.s
[GEN]	Fonts/build/GlyphText/FontText_7481.font.s
[GEN]	Fonts/build/GlyphText/FontText_7487.font.s
[GEN]	Fonts/build/GlyphText/FontText_748B.font.s
[GEN]	Fonts/build/GlyphText/FontText_749E.font.s
[GEN]	Fonts/build/GlyphText/FontText_74A8.font.s
[GEN]	Fonts/build/GlyphText/FontText_74A9.font.s
[GEN]	Fonts/build/GlyphText/FontText_7490.font.s
[GEN]	Fonts/build/GlyphText/FontText_74A7.font.s
[GEN]	Fonts/build/GlyphText/FontText_74D2.font.s
[GEN]	Fonts/build/GlyphText/FontText_74BA.font.s
[GEN]	Fonts/build/GlyphText/FontText_97EA.font.s
[GEN]	Fonts/build/GlyphText/FontText_97EB.font.s
[GEN]	Fonts/build/GlyphText/FontText_97EC.font.s
[GEN]	Fonts/build/GlyphText/FontText_674C.font.s
[GEN]	Fonts/build/GlyphText/FontText_6753.font.s
[GEN]	Fonts/build/GlyphText/FontText_675E.font.s
[GEN]	Fonts/build/GlyphText/FontText_6748.font.s
[GEN]	Fonts/build/GlyphText/FontText_6769.font.s
[GEN]	Fonts/build/GlyphText/FontText_67A5.font.s
[GEN]	Fonts/build/GlyphText/FontText_6787.font.s
[GEN]	Fonts/build/GlyphText/FontText_676A.font.s
[GEN]	Fonts/build/GlyphText/FontText_6798.font.s
[GEN]	Fonts/build/GlyphText/FontText_67A7.font.s
[GEN]	Fonts/build/GlyphText/FontText_67A8.font.s
[GEN]	Fonts/build/GlyphText/FontText_679E.font.s
[GEN]	Fonts/build/GlyphText/FontText_678B.font.s
[GEN]	Fonts/build/GlyphText/FontText_6777.font.s
[GEN]	Fonts/build/GlyphText/FontText_677C.font.s
[GEN]	Fonts/build/GlyphText/FontText_67F0.font.s
[GEN]	Fonts/build/GlyphText/FontText_6809.font.s
[GEN]	Fonts/build/GlyphText/FontText_67D8.font.s
[GEN]	Fonts/build/GlyphText/FontText_680A.font.s
[GEN]	Fonts/build/GlyphText/FontText_67E9.font.s
[GEN]	Fonts/build/GlyphText/FontText_67B0.font.s
[GEN]	Fonts/build/GlyphText/FontText_680C.font.s
[GEN]	Fonts/build/GlyphText/FontText_67D9.font.s
[GEN]	Fonts/build/GlyphText/FontText_67B5.font.s
[GEN]	Fonts/build/GlyphText/FontText_67DA.font.s
[GEN]	Fonts/build/GlyphText/FontText_67B3.font.s
[GEN]	Fonts/build/GlyphText/FontText_67DD.font.s
[GEN]	Fonts/build/GlyphText/FontText_6800.font.s
[GEN]	Fonts/build/GlyphText/FontText_67C3.font.s
[GEN]	Fonts/build/GlyphText/FontText_67B8.font.s
[GEN]	Fonts/build/GlyphText/FontText_67E2.font.s
[GEN]	Fonts/build/GlyphText/FontText_680E.font.s
[GEN]	Fonts/build/GlyphText/FontText_67C1.font.s
[GEN]	Fonts/build/GlyphText/FontText_67FD.font.s
[GEN]	Fonts/build/GlyphText/FontText_6832.font.s
[GEN]	Fonts/build/GlyphText/FontText_6833.font.s
[GEN]	Fonts/build/GlyphText/FontText_6860.font.s
[GEN]	Fonts/build/GlyphText/FontText_6861.font.s
[GEN]	Fonts/build/GlyphText/FontText_684E.font.s
[GEN]	Fonts/build/GlyphText/FontText_6862.font.s
[GEN]	Fonts/build/GlyphText/FontText_6844.font.s
[GEN]	Fonts/build/GlyphText/FontText_6864.font.s
[GEN]	Fonts/build/GlyphText/FontText_6883.font.s
[GEN]	Fonts/build/GlyphText/FontText_681D.font.s
[GEN]	Fonts/build/GlyphText/FontText_6855.font.s
[GEN]	Fonts/build/GlyphText/FontText_6866.font.s
[GEN]	Fonts/build/GlyphText/FontText_6841.font.s
[GEN]	Fonts/build/GlyphText/FontText_6867.font.s
[GEN]	Fonts/build/GlyphText/FontText_6840.font.s
[GEN]	Fonts/build/GlyphText/FontText_683E.font.s
[GEN]	Fonts/build/GlyphText/FontText_684A.font.s
[GEN]	Fonts/build/GlyphText/FontText_6849.font.s
[GEN]	Fonts/build/GlyphText/FontText_6829.font.s
[GEN]	Fonts/build/GlyphText/FontText_68B5.font.s
[GEN]	Fonts/build/GlyphText/FontText_688F.font.s
[GEN]	Fonts/build/GlyphText/FontText_6874.font.s
[GEN]	Fonts/build/GlyphText/FontText_6877.font.s
[GEN]	Fonts/build/GlyphText/FontText_6893.font.s
[GEN]	Fonts/build/GlyphText/FontText_686B.font.s
[GEN]	Fonts/build/GlyphText/FontText_68C2.font.s
[GEN]	Fonts/build/GlyphText/FontText_696E.font.s
[GEN]	Fonts/build/GlyphText/FontText_68FC.font.s
[GEN]	Fonts/build/GlyphText/FontText_691F.font.s
[GEN]	Fonts/build/GlyphText/FontText_6920.font.s
[GEN]	Fonts/build/GlyphText/FontText_68F9.font.s
[GEN]	Fonts/build/GlyphText/FontText_6924.font.s
[GEN]	Fonts/build/GlyphText/FontText_68F0.font.s
[GEN]	Fonts/build/GlyphText/FontText_690B.font.s
[GEN]	Fonts/build/GlyphText/FontText_6901.font.s
[GEN]	Fonts/build/GlyphText/FontText_6957.font.s
[GEN]	Fonts/build/GlyphText/FontText_68E3.font.s
[GEN]	Fonts/build/GlyphText/FontText_6910.font.s
[GEN]	Fonts/build/GlyphText/FontText_6971.font.s
[GEN]	Fonts/build/GlyphText/FontText_6939.font.s
[GEN]	Fonts/build/GlyphText/FontText_6960.font.s
[GEN]	Fonts/build/GlyphText/FontText_6942.font.s
[GEN]	Fonts/build/GlyphText/FontText_695D.font.s
[GEN]	Fonts/build/GlyphText/FontText_6984.font.s
[GEN]	Fonts/build/GlyphText/FontText_696B.font.s
[GEN]	Fonts/build/GlyphText/FontText_6980.font.s
[GEN]	Fonts/build/GlyphText/FontText_6998.font.s
[GEN]	Fonts/build/GlyphText/FontText_6978.font.s
[GEN]	Fonts/build/GlyphText/FontText_6934.font.s
[GEN]	Fonts/build/GlyphText/FontText_69CC.font.s
[GEN]	Fonts/build/GlyphText/FontText_6987.font.s
[GEN]	Fonts/build/GlyphText/FontText_6988.font.s
[GEN]	Fonts/build/GlyphText/FontText_69CE.font.s
[GEN]	Fonts/build/GlyphText/FontText_6989.font.s
[GEN]	Fonts/build/GlyphText/FontText_6966.font.s
[GEN]	Fonts/build/GlyphText/FontText_6979.font.s
[GEN]	Fonts/build/GlyphText/FontText_699B.font.s
[GEN]	Fonts/build/GlyphText/FontText_69A7.font.s
[GEN]	Fonts/build/GlyphText/FontText_69BB.font.s
[GEN]	Fonts/build/GlyphText/FontText_69AB.font.s
[GEN]	Fonts/build/GlyphText/FontText_69AD.font.s
[GEN]	Fonts/build/GlyphText/FontText_69D4.font.s
[GEN]	Fonts/build/GlyphText/FontText_69B1.font.s
[GEN]	Fonts/build/GlyphText/FontText_69C1.font.s
[GEN]	Fonts/build/GlyphText/FontText_69CA.font.s
[GEN]	Fonts/build/GlyphText/FontText_69DF.font.s
[GEN]	Fonts/build/GlyphText/FontText_6995.font.s
[GEN]	Fonts/build/GlyphText/FontText_69E0.font.s
[GEN]	Fonts/build/GlyphText/FontText_698D.font.s
[GEN]	Fonts/build/GlyphText/FontText_69FF.font.s
[GEN]	Fonts/build/GlyphText/FontText_6A2F.font.s
[GEN]	Fonts/build/GlyphText/FontText_69ED.font.s
[GEN]	Fonts/build/GlyphText/FontText_6A17.font.s
[GEN]	Fonts/build/GlyphText/FontText_6A18.font.s
[GEN]	Fonts/build/GlyphText/FontText_6A65.font.s
[GEN]	Fonts/build/GlyphText/FontText_69F2.font.s
[GEN]	Fonts/build/GlyphText/FontText_6A44.font.s
[GEN]	Fonts/build/GlyphText/FontText_6A3E.font.s
[GEN]	Fonts/build/GlyphText/FontText_6AA0.font.s
[GEN]	Fonts/build/GlyphText/FontText_6A50.font.s
[GEN]	Fonts/build/GlyphText/FontText_6A5B.font.s
[GEN]	Fonts/build/GlyphText/FontText_6A35.font.s
[GEN]	Fonts/build/GlyphText/FontText_6A8E.font.s
[GEN]	Fonts/build/GlyphText/FontText_6A79.font.s
[GEN]	Fonts/build/GlyphText/FontText_6A3D.font.s
[GEN]	Fonts/build/GlyphText/FontText_6A28.font.s
[GEN]	Fonts/build/GlyphText/FontText_6A58.font.s
[GEN]	Fonts/build/GlyphText/FontText_6A7C.font.s
[GEN]	Fonts/build/GlyphText/FontText_6A91.font.s
[GEN]	Fonts/build/GlyphText/FontText_6A90.font.s
[GEN]	Fonts/build/GlyphText/FontText_6AA9.font.s
[GEN]	Fonts/build/GlyphText/FontText_6A97.font.s
[GEN]	Fonts/build/GlyphText/FontText_6AAB.font.s
[GEN]	Fonts/build/GlyphText/FontText_7337.font.s
[GEN]	Fonts/build/GlyphText/FontText_7352.font.s
[GEN]	Fonts/build/GlyphText/FontText_6B81.font.s
[GEN]	Fonts/build/GlyphText/FontText_6B82.font.s
[GEN]	Fonts/build/GlyphText/FontText_6B87.font.s
[GEN]	Fonts/build/GlyphText/FontText_6B92.font.s
[GEN]	Fonts/build/GlyphText/FontText_6B93.font.s
[GEN]	Fonts/build/GlyphText/FontText_6B8D.font.s
[GEN]	Fonts/build/GlyphText/FontText_6B9A.font.s
[GEN]	Fonts/build/GlyphText/FontText_6B9B.font.s
[GEN]	Fonts/build/GlyphText/FontText_6BA1.font.s
[GEN]	Fonts/build/GlyphText/FontText_6BAA.font.s
[GEN]	Fonts/build/GlyphText/FontText_8F6B.font.s
[GEN]	Fonts/build/GlyphText/FontText_8F6D.font.s
[GEN]	Fonts/build/GlyphText/FontText_8F71.font.s
[GEN]	Fonts/build/GlyphText/FontText_8F72.font.s
[GEN]	Fonts/build/GlyphText/FontText_8F73.font.s
[GEN]	Fonts/build/GlyphText/FontText_8F75.font.s
[GEN]	Fonts/build/GlyphText/FontText_8F76.font.s
[GEN]	Fonts/build/GlyphText/FontText_8F78.font.s
[GEN]	Fonts/build/GlyphText/FontText_8F77.font.s
[GEN]	Fonts/build/GlyphText/FontText_8F79.font.s
[GEN]	Fonts/build/GlyphText/FontText_8F7A.font.s
[GEN]	Fonts/build/GlyphText/FontText_8F7C.font.s
[GEN]	Fonts/build/GlyphText/FontText_8F7E.font.s
[GEN]	Fonts/build/GlyphText/FontText_8F81.font.s
[GEN]	Fonts/build/GlyphText/FontText_8F82.font.s
[GEN]	Fonts/build/GlyphText/FontText_8F87.font.s
[GEN]	Fonts/build/GlyphText/FontText_8F8B.font.s
[GEN]	Fonts/build/GlyphText/FontText_8F8D.font.s
[GEN]	Fonts/build/GlyphText/FontText_8F8E.font.s
[GEN]	Fonts/build/GlyphText/FontText_8F8F.font.s
[GEN]	Fonts/build/GlyphText/FontText_8F98.font.s
[GEN]	Fonts/build/GlyphText/FontText_8F9A.font.s
[GEN]	Fonts/build/GlyphText/FontText_8ECE.font.s
[GEN]	Fonts/build/GlyphText/FontText_620B.font.s
[GEN]	Fonts/build/GlyphText/FontText_6217.font.s
[GEN]	Fonts/build/GlyphText/FontText_621B.font.s
[GEN]	Fonts/build/GlyphText/FontText_6222.font.s
[GEN]	Fonts/build/GlyphText/FontText_6221.font.s
[GEN]	Fonts/build/GlyphText/FontText_6225.font.s
[GEN]	Fonts/build/GlyphText/FontText_6224.font.s
[GEN]	Fonts/build/GlyphText/FontText_622C.font.s
[GEN]	Fonts/build/GlyphText/FontText_81E7.font.s
[GEN]	Fonts/build/GlyphText/FontText_74EF.font.s
[GEN]	Fonts/build/GlyphText/FontText_74F4.font.s
[GEN]	Fonts/build/GlyphText/FontText_74FF.font.s
[GEN]	Fonts/build/GlyphText/FontText_750F.font.s
[GEN]	Fonts/build/GlyphText/FontText_7511.font.s
[GEN]	Fonts/build/GlyphText/FontText_7513.font.s
[GEN]	Fonts/build/GlyphText/FontText_6534.font.s
[GEN]	Fonts/build/GlyphText/FontText_65EE.font.s
[GEN]	Fonts/build/GlyphText/FontText_65EF.font.s
[GEN]	Fonts/build/GlyphText/FontText_65F0.font.s
[GEN]	Fonts/build/GlyphText/FontText_660A.font.s
[GEN]	Fonts/build/GlyphText/FontText_6619.font.s
[GEN]	Fonts/build/GlyphText/FontText_6772.font.s
[GEN]	Fonts/build/GlyphText/FontText_6603.font.s
[GEN]	Fonts/build/GlyphText/FontText_6615.font.s
[GEN]	Fonts/build/GlyphText/FontText_6600.font.s
[GEN]	Fonts/build/GlyphText/FontText_7085.font.s
[GEN]	Fonts/build/GlyphText/FontText_66F7.font.s
[GEN]	Fonts/build/GlyphText/FontText_661D.font.s
[GEN]	Fonts/build/GlyphText/FontText_6634.font.s
[GEN]	Fonts/build/GlyphText/FontText_6631.font.s
[GEN]	Fonts/build/GlyphText/FontText_6636.font.s
[GEN]	Fonts/build/GlyphText/FontText_6635.font.s
[GEN]	Fonts/build/GlyphText/FontText_8006.font.s
[GEN]	Fonts/build/GlyphText/FontText_665F.font.s
[GEN]	Fonts/build/GlyphText/FontText_6654.font.s
[GEN]	Fonts/build/GlyphText/FontText_6641.font.s
[GEN]	Fonts/build/GlyphText/FontText_664F.font.s
[GEN]	Fonts/build/GlyphText/FontText_6656.font.s
[GEN]	Fonts/build/GlyphText/FontText_6661.font.s
[GEN]	Fonts/build/GlyphText/FontText_6657.font.s
[GEN]	Fonts/build/GlyphText/FontText_6677.font.s
[GEN]	Fonts/build/GlyphText/FontText_6684.font.s
[GEN]	Fonts/build/GlyphText/FontText_668C.font.s
[GEN]	Fonts/build/GlyphText/FontText_66A7.font.s
[GEN]	Fonts/build/GlyphText/FontText_669D.font.s
[GEN]	Fonts/build/GlyphText/FontText_66BE.font.s
[GEN]	Fonts/build/GlyphText/FontText_66DB.font.s
[GEN]	Fonts/build/GlyphText/FontText_66E6.font.s
[GEN]	Fonts/build/GlyphText/FontText_66E9.font.s
[GEN]	Fonts/build/GlyphText/FontText_8D32.font.s
[GEN]	Fonts/build/GlyphText/FontText_8D33.font.s
[GEN]	Fonts/build/GlyphText/FontText_8D36.font.s
[GEN]	Fonts/build/GlyphText/FontText_8D3B.font.s
[GEN]	Fonts/build/GlyphText/FontText_8D3D.font.s
[GEN]	Fonts/build/GlyphText/FontText_8D40.font.s
[GEN]	Fonts/build/GlyphText/FontText_8D45.font.s
[GEN]	Fonts/build/GlyphText/FontText_8D46.font.s
[GEN]	Fonts/build/GlyphText/FontText_8D48.font.s
[GEN]	Fonts/build/GlyphText/FontText_8D49.font.s
[GEN]	Fonts/build/GlyphText/FontText_8D47.font.s
[GEN]	Fonts/build/GlyphText/FontText_8D4D.font.s
[GEN]	Fonts/build/GlyphText/FontText_8D55.font.s
[GEN]	Fonts/build/GlyphText/FontText_8D59.font.s
[GEN]	Fonts/build/GlyphText/FontText_89C7.font.s
[GEN]	Fonts/build/GlyphText/FontText_89CB.font.s
[GEN]	Fonts/build/GlyphText/FontText_89CC.font.s
[GEN]	Fonts/build/GlyphText/FontText_89CF.font.s
[GEN]	Fonts/build/GlyphText/FontText_89D0.font.s
[GEN]	Fonts/build/GlyphText/FontText_89D1.font.s
[GEN]	Fonts/build/GlyphText/FontText_726E.font.s
[GEN]	Fonts/build/GlyphText/FontText_729F.font.s
[GEN]	Fonts/build/GlyphText/FontText_725D.font.s
[GEN]	Fonts/build/GlyphText/FontText_7266.font.s
[GEN]	Fonts/build/GlyphText/FontText_726F.font.s
[GEN]	Fonts/build/GlyphText/FontText_727E.font.s
[GEN]	Fonts/build/GlyphText/FontText_727F.font.s
[GEN]	Fonts/build/GlyphText/FontText_7284.font.s
[GEN]	Fonts/build/GlyphText/FontText_728B.font.s
[GEN]	Fonts/build/GlyphText/FontText_728D.font.s
[GEN]	Fonts/build/GlyphText/FontText_728F.font.s
[GEN]	Fonts/build/GlyphText/FontText_7292.font.s
[GEN]	Fonts/build/GlyphText/FontText_6308.font.s
[GEN]	Fonts/build/GlyphText/FontText_6332.font.s
[GEN]	Fonts/build/GlyphText/FontText_643F.font.s
[GEN]	Fonts/build/GlyphText/FontText_64D8.font.s
[GEN]	Fonts/build/GlyphText/FontText_8004.font.s
[GEN]	Fonts/build/GlyphText/FontText_6BEA.font.s
[GEN]	Fonts/build/GlyphText/FontText_6BF3.font.s
[GEN]	Fonts/build/GlyphText/FontText_6BFD.font.s
[GEN]	Fonts/build/GlyphText/FontText_6BF5.font.s
[GEN]	Fonts/build/GlyphText/FontText_6BF9.font.s
[GEN]	Fonts/build/GlyphText/FontText_6C05.font.s
[GEN]	Fonts/build/GlyphText/FontText_6C07.font.s
[GEN]	Fonts/build/GlyphText/FontText_6C06.font.s
[GEN]	Fonts/build/GlyphText/FontText_6C0D.font.s
[GEN]	Fonts/build/GlyphText/FontText_6C15.font.s
[GEN]	Fonts/build/GlyphText/FontText_6C18.font.s
[GEN]	Fonts/build/GlyphText/FontText_6C19.font.s
[GEN]	Fonts/build/GlyphText/FontText_6C1A.font.s
[GEN]	Fonts/build/GlyphText/FontText_6C21.font.s
[GEN]	Fonts/build/GlyphText/FontText_6C29.font.s
[GEN]	Fonts/build/GlyphText/FontText_6C24.font.s
[GEN]	Fonts/build/GlyphText/FontText_6C2A.font.s
[GEN]	Fonts/build/GlyphText/FontText_6C32.font.s
[GEN]	Fonts/build/GlyphText/FontText_6535.font.s
[GEN]	Fonts/build/GlyphText/FontText_656B.font.s
[GEN]	Fonts/build/GlyphText/FontText_724D.font.s
[GEN]	Fonts/build/GlyphText/FontText_7252.font.s
[GEN]	Fonts/build/GlyphText/FontText_7256.font.s
[GEN]	Fonts/build/GlyphText/FontText_7230.font.s
[GEN]	Fonts/build/GlyphText/FontText_8662.font.s
[GEN]	Fonts/build/GlyphText/FontText_5216.font.s
[GEN]	Fonts/build/GlyphText/FontText_809F.font.s
[GEN]	Fonts/build/GlyphText/FontText_809C.font.s
[GEN]	Fonts/build/GlyphText/FontText_8093.font.s
[GEN]	Fonts/build/GlyphText/FontText_80BC.font.s
[GEN]	Fonts/build/GlyphText/FontText_670A.font.s
[GEN]	Fonts/build/GlyphText/FontText_80BD.font.s
[GEN]	Fonts/build/GlyphText/FontText_80B1.font.s
[GEN]	Fonts/build/GlyphText/FontText_80AB.font.s
[GEN]	Fonts/build/GlyphText/FontText_80AD.font.s
[GEN]	Fonts/build/GlyphText/FontText_80B7.font.s
[GEN]	Fonts/build/GlyphText/FontText_80E8.font.s
[GEN]	Fonts/build/GlyphText/FontText_80E9.font.s
[GEN]	Fonts/build/GlyphText/FontText_80EA.font.s
[GEN]	Fonts/build/GlyphText/FontText_80DB.font.s
[GEN]	Fonts/build/GlyphText/FontText_80C2.font.s
[GEN]	Fonts/build/GlyphText/FontText_80C4.font.s
[GEN]	Fonts/build/GlyphText/FontText_80D9.font.s
[GEN]	Fonts/build/GlyphText/FontText_80CD.font.s
[GEN]	Fonts/build/GlyphText/FontText_80D7.font.s
[GEN]	Fonts/build/GlyphText/FontText_6710.font.s
[GEN]	Fonts/build/GlyphText/FontText_80DD.font.s
[GEN]	Fonts/build/GlyphText/FontText_80EB.font.s
[GEN]	Fonts/build/GlyphText/FontText_80F1.font.s
[GEN]	Fonts/build/GlyphText/FontText_80F4.font.s
[GEN]	Fonts/build/GlyphText/FontText_80ED.font.s
[GEN]	Fonts/build/GlyphText/FontText_810D.font.s
[GEN]	Fonts/build/GlyphText/FontText_810E.font.s
[GEN]	Fonts/build/GlyphText/FontText_80F2.font.s
[GEN]	Fonts/build/GlyphText/FontText_80FC.font.s
[GEN]	Fonts/build/GlyphText/FontText_6715.font.s
[GEN]	Fonts/build/GlyphText/FontText_8112.font.s
[GEN]	Fonts/build/GlyphText/FontText_8C5A.font.s
[GEN]	Fonts/build/GlyphText/FontText_8136.font.s
[GEN]	Fonts/build/GlyphText/FontText_811E.font.s
[GEN]	Fonts/build/GlyphText/FontText_812C.font.s
[GEN]	Fonts/build/GlyphText/FontText_8118.font.s
[GEN]	Fonts/build/GlyphText/FontText_8132.font.s
[GEN]	Fonts/build/GlyphText/FontText_8148.font.s
[GEN]	Fonts/build/GlyphText/FontText_8153.font.s
[GEN]	Fonts/build/GlyphText/FontText_8174.font.s
[GEN]	Fonts/build/GlyphText/FontText_8159.font.s
[GEN]	Fonts/build/GlyphText/FontText_815A.font.s
[GEN]	Fonts/build/GlyphText/FontText_8171.font.s
[GEN]	Fonts/build/GlyphText/FontText_8160.font.s
[GEN]	Fonts/build/GlyphText/FontText_8169.font.s
[GEN]	Fonts/build/GlyphText/FontText_817C.font.s
[GEN]	Fonts/build/GlyphText/FontText_817D.font.s
[GEN]	Fonts/build/GlyphText/FontText_816D.font.s
[GEN]	Fonts/build/GlyphText/FontText_8167.font.s
[GEN]	Fonts/build/GlyphText/FontText_584D.font.s
[GEN]	Fonts/build/GlyphText/FontText_5AB5.font.s
[GEN]	Fonts/build/GlyphText/FontText_8188.font.s
[GEN]	Fonts/build/GlyphText/FontText_8182.font.s
[GEN]	Fonts/build/GlyphText/FontText_8191.font.s
[GEN]	Fonts/build/GlyphText/FontText_6ED5.font.s
[GEN]	Fonts/build/GlyphText/FontText_81A3.font.s
[GEN]	Fonts/build/GlyphText/FontText_81AA.font.s
[GEN]	Fonts/build/GlyphText/FontText_81CC.font.s
[GEN]	Fonts/build/GlyphText/FontText_81CA.font.s
[GEN]	Fonts/build/GlyphText/FontText_81BB.font.s
[GEN]	Fonts/build/GlyphText/FontText_81C1.font.s
[GEN]	Fonts/build/GlyphText/FontText_81A6.font.s
[GEN]	Fonts/build/GlyphText/FontText_6B24.font.s
[GEN]	Fonts/build/GlyphText/FontText_6B37.font.s
[GEN]	Fonts/build/GlyphText/FontText_6B39.font.s
[GEN]	Fonts/build/GlyphText/FontText_6B46.font.s
[GEN]	Fonts/build/GlyphText/FontText_6B59.font.s
[GEN]	Fonts/build/GlyphText/FontText_98D1.font.s
[GEN]	Fonts/build/GlyphText/FontText_98D3.font.s
[GEN]	Fonts/build/GlyphText/FontText_98D5.font.s
[GEN]	Fonts/build/GlyphText/FontText_98D9.font.s
[GEN]	Fonts/build/GlyphText/FontText_98DA.font.s
[GEN]	Fonts/build/GlyphText/FontText_6BB3.font.s
[GEN]	Fonts/build/GlyphText/FontText_5F40.font.s
[GEN]	Fonts/build/GlyphText/FontText_6BC2.font.s
[GEN]	Fonts/build/GlyphText/FontText_89F3.font.s
[GEN]	Fonts/build/GlyphText/FontText_6590.font.s
[GEN]	Fonts/build/GlyphText/FontText_9F51.font.s
[GEN]	Fonts/build/GlyphText/FontText_6593.font.s
[GEN]	Fonts/build/GlyphText/FontText_65BC.font.s
[GEN]	Fonts/build/GlyphText/FontText_65C6.font.s
[GEN]	Fonts/build/GlyphText/FontText_65C4.font.s
[GEN]	Fonts/build/GlyphText/FontText_65C3.font.s
[GEN]	Fonts/build/GlyphText/FontText_65CC.font.s
[GEN]	Fonts/build/GlyphText/FontText_65CE.font.s
[GEN]	Fonts/build/GlyphText/FontText_65D2.font.s
[GEN]	Fonts/build/GlyphText/FontText_65D6.font.s
[GEN]	Fonts/build/GlyphText/FontText_7080.font.s
[GEN]	Fonts/build/GlyphText/FontText_709C.font.s
[GEN]	Fonts/build/GlyphText/FontText_709D.font.s
[GEN]	Fonts/build/GlyphText/FontText_70BB.font.s
[GEN]	Fonts/build/GlyphText/FontText_70C0.font.s
[GEN]	Fonts/build/GlyphText/FontText_70B7.font.s
[GEN]	Fonts/build/GlyphText/FontText_70B1.font.s
[GEN]	Fonts/build/GlyphText/FontText_70E8.font.s
[GEN]	Fonts/build/GlyphText/FontText_70CA.font.s
[GEN]	Fonts/build/GlyphText/FontText_7110.font.s
[GEN]	Fonts/build/GlyphText/FontText_7113.font.s
[GEN]	Fonts/build/GlyphText/FontText_7116.font.s
[GEN]	Fonts/build/GlyphText/FontText_712F.font.s
[GEN]	Fonts/build/GlyphText/FontText_7131.font.s
[GEN]	Fonts/build/GlyphText/FontText_7173.font.s
[GEN]	Fonts/build/GlyphText/FontText_715C.font.s
[GEN]	Fonts/build/GlyphText/FontText_7168.font.s
[GEN]	Fonts/build/GlyphText/FontText_7145.font.s
[GEN]	Fonts/build/GlyphText/FontText_7172.font.s
[GEN]	Fonts/build/GlyphText/FontText_714A.font.s
[GEN]	Fonts/build/GlyphText/FontText_7178.font.s
[GEN]	Fonts/build/GlyphText/FontText_717A.font.s
[GEN]	Fonts/build/GlyphText/FontText_7198.font.s
[GEN]	Fonts/build/GlyphText/FontText_71B3.font.s
[GEN]	Fonts/build/GlyphText/FontText_71B5.font.s
[GEN]	Fonts/build/GlyphText/FontText_71A8.font.s
[GEN]	Fonts/build/GlyphText/FontText_71A0.font.s
[GEN]	Fonts/build/GlyphText/FontText_71E0.font.s
[GEN]	Fonts/build/GlyphText/FontText_71D4.font.s
[GEN]	Fonts/build/GlyphText/FontText_71E7.font.s
[GEN]	Fonts/build/GlyphText/FontText_71F9.font.s
[GEN]	Fonts/build/GlyphText/FontText_721D.font.s
[GEN]	Fonts/build/GlyphText/FontText_7228.font.s
[GEN]	Fonts/build/GlyphText/FontText_706C.font.s
[GEN]	Fonts/build/GlyphText/FontText_7118.font.s
[GEN]	Fonts/build/GlyphText/FontText_7166.font.s
[GEN]	Fonts/build/GlyphText/FontText_71B9.font.s
[GEN]	Fonts/build/GlyphText/FontText_623E.font.s
[GEN]	Fonts/build/GlyphText/FontText_623D.font.s
[GEN]	Fonts/build/GlyphText/FontText_6243.font.s
[GEN]	Fonts/build/GlyphText/FontText_6248.font.s
[GEN]	Fonts/build/GlyphText/FontText_793B.font.s
[GEN]	Fonts/build/GlyphText/FontText_7946.font.s
[GEN]	Fonts/build/GlyphText/FontText_7949.font.s
[GEN]	Fonts/build/GlyphText/FontText_795B.font.s
[GEN]	Fonts/build/GlyphText/FontText_795C.font.s
[GEN]	Fonts/build/GlyphText/FontText_7953.font.s
[GEN]	Fonts/build/GlyphText/FontText_795A.font.s
[GEN]	Fonts/build/GlyphText/FontText_7962.font.s
[GEN]	Fonts/build/GlyphText/FontText_7957.font.s
[GEN]	Fonts/build/GlyphText/FontText_7960.font.s
[GEN]	Fonts/build/GlyphText/FontText_796F.font.s
[GEN]	Fonts/build/GlyphText/FontText_7967.font.s
[GEN]	Fonts/build/GlyphText/FontText_797A.font.s
[GEN]	Fonts/build/GlyphText/FontText_798A.font.s
[GEN]	Fonts/build/GlyphText/FontText_799A.font.s
[GEN]	Fonts/build/GlyphText/FontText_79A7.font.s
[GEN]	Fonts/build/GlyphText/FontText_79B3.font.s
[GEN]	Fonts/build/GlyphText/FontText_5FD1.font.s
[GEN]	Fonts/build/GlyphText/FontText_5FD0.font.s
[GEN]	Fonts/build/GlyphText/FontText_603C.font.s
[GEN]	Fonts/build/GlyphText/FontText_605D.font.s
[GEN]	Fonts/build/GlyphText/FontText_605A.font.s
[GEN]	Fonts/build/GlyphText/FontText_6067.font.s
[GEN]	Fonts/build/GlyphText/FontText_6041.font.s
[GEN]	Fonts/build/GlyphText/FontText_6063.font.s
[GEN]	Fonts/build/GlyphText/FontText_60AB.font.s
[GEN]	Fonts/build/GlyphText/FontText_6106.font.s
[GEN]	Fonts/build/GlyphText/FontText_610D.font.s
[GEN]	Fonts/build/GlyphText/FontText_615D.font.s
[GEN]	Fonts/build/GlyphText/FontText_619D.font.s
[GEN]	Fonts/build/GlyphText/FontText_61CB.font.s
[GEN]	Fonts/build/GlyphText/FontText_61D1.font.s
[GEN]	Fonts/build/GlyphText/FontText_6206.font.s
[GEN]	Fonts/build/GlyphText/FontText_8080.font.s
[GEN]	Fonts/build/GlyphText/FontText_807F.font.s
[GEN]	Fonts/build/GlyphText/FontText_6C93.font.s
[GEN]	Fonts/build/GlyphText/FontText_6CF6.font.s
[GEN]	Fonts/build/GlyphText/FontText_6DFC.font.s
[GEN]	Fonts/build/GlyphText/FontText_77F8.font.s
[GEN]	Fonts/build/GlyphText/FontText_7800.font.s
[GEN]	Fonts/build/GlyphText/FontText_7809.font.s
[GEN]	Fonts/build/GlyphText/FontText_7817.font.s
[GEN]	Fonts/build/GlyphText/FontText_7818.font.s
[GEN]	Fonts/build/GlyphText/FontText_7811.font.s
[GEN]	Fonts/build/GlyphText/FontText_65AB.font.s
[GEN]	Fonts/build/GlyphText/FontText_782D.font.s
[GEN]	Fonts/build/GlyphText/FontText_781C.font.s
[GEN]	Fonts/build/GlyphText/FontText_7839.font.s
[GEN]	Fonts/build/GlyphText/FontText_783A.font.s
[GEN]	Fonts/build/GlyphText/FontText_783B.font.s
[GEN]	Fonts/build/GlyphText/FontText_781F.font.s
[GEN]	Fonts/build/GlyphText/FontText_783C.font.s
[GEN]	Fonts/build/GlyphText/FontText_7825.font.s
[GEN]	Fonts/build/GlyphText/FontText_782C.font.s
[GEN]	Fonts/build/GlyphText/FontText_7823.font.s
[GEN]	Fonts/build/GlyphText/FontText_7829.font.s
[GEN]	Fonts/build/GlyphText/FontText_784E.font.s
[GEN]	Fonts/build/GlyphText/FontText_786D.font.s
[GEN]	Fonts/build/GlyphText/FontText_7856.font.s
[GEN]	Fonts/build/GlyphText/FontText_7857.font.s
[GEN]	Fonts/build/GlyphText/FontText_7850.font.s
[GEN]	Fonts/build/GlyphText/FontText_7847.font.s
[GEN]	Fonts/build/GlyphText/FontText_784C.font.s
[GEN]	Fonts/build/GlyphText/FontText_786A.font.s
[GEN]	Fonts/build/GlyphText/FontText_789B.font.s
[GEN]	Fonts/build/GlyphText/FontText_7893.font.s
[GEN]	Fonts/build/GlyphText/FontText_789A.font.s
[GEN]	Fonts/build/GlyphText/FontText_7887.font.s
[GEN]	Fonts/build/GlyphText/FontText_78A1.font.s
[GEN]	Fonts/build/GlyphText/FontText_78A3.font.s
[GEN]	Fonts/build/GlyphText/FontText_78B2.font.s
[GEN]	Fonts/build/GlyphText/FontText_78B9.font.s
[GEN]	Fonts/build/GlyphText/FontText_78A5.font.s
[GEN]	Fonts/build/GlyphText/FontText_78D4.font.s
[GEN]	Fonts/build/GlyphText/FontText_78D9.font.s
[GEN]	Fonts/build/GlyphText/FontText_78C9.font.s
[GEN]	Fonts/build/GlyphText/FontText_78EC.font.s
[GEN]	Fonts/build/GlyphText/FontText_78F2.font.s
[GEN]	Fonts/build/GlyphText/FontText_7905.font.s
[GEN]	Fonts/build/GlyphText/FontText_78F4.font.s
[GEN]	Fonts/build/GlyphText/FontText_7913.font.s
[GEN]	Fonts/build/GlyphText/FontText_7924.font.s
[GEN]	Fonts/build/GlyphText/FontText_791E.font.s
[GEN]	Fonts/build/GlyphText/FontText_7934.font.s
[GEN]	Fonts/build/GlyphText/FontText_9F9B.font.s
[GEN]	Fonts/build/GlyphText/FontText_9EF9.font.s
[GEN]	Fonts/build/GlyphText/FontText_9EFB.font.s
[GEN]	Fonts/build/GlyphText/FontText_9EFC.font.s
[GEN]	Fonts/build/GlyphText/FontText_76F1.font.s
[GEN]	Fonts/build/GlyphText/FontText_7704.font.s
[GEN]	Fonts/build/GlyphText/FontText_770D.font.s
[GEN]	Fonts/build/GlyphText/FontText_76F9.font.s
[GEN]	Fonts/build/GlyphText/FontText_7707.font.s
[GEN]	Fonts/build/GlyphText/FontText_7708.font.s
[GEN]	Fonts/build/GlyphText/FontText_771A.font.s
[GEN]	Fonts/build/GlyphText/FontText_7722.font.s
[GEN]	Fonts/build/GlyphText/FontText_7719.font.s
[GEN]	Fonts/build/GlyphText/FontText_772D.font.s
[GEN]	Fonts/build/GlyphText/FontText_7726.font.s
[GEN]	Fonts/build/GlyphText/FontText_7735.font.s
[GEN]	Fonts/build/GlyphText/FontText_7751.font.s
[GEN]	Fonts/build/GlyphText/FontText_7747.font.s
[GEN]	Fonts/build/GlyphText/FontText_7743.font.s
[GEN]	Fonts/build/GlyphText/FontText_775A.font.s
[GEN]	Fonts/build/GlyphText/FontText_7768.font.s
[GEN]	Fonts/build/GlyphText/FontText_7762.font.s
[GEN]	Fonts/build/GlyphText/FontText_7765.font.s
[GEN]	Fonts/build/GlyphText/FontText_778D.font.s
[GEN]	Fonts/build/GlyphText/FontText_777D.font.s
[GEN]	Fonts/build/GlyphText/FontText_7780.font.s
[GEN]	Fonts/build/GlyphText/FontText_778C.font.s
[GEN]	Fonts/build/GlyphText/FontText_7791.font.s
[GEN]	Fonts/build/GlyphText/FontText_779F.font.s
[GEN]	Fonts/build/GlyphText/FontText_77A0.font.s
[GEN]	Fonts/build/GlyphText/FontText_77B0.font.s
[GEN]	Fonts/build/GlyphText/FontText_77B5.font.s
[GEN]	Fonts/build/GlyphText/FontText_77BD.font.s
[GEN]	Fonts/build/GlyphText/FontText_7540.font.s
[GEN]	Fonts/build/GlyphText/FontText_754E.font.s
[GEN]	Fonts/build/GlyphText/FontText_754B.font.s
[GEN]	Fonts/build/GlyphText/FontText_7548.font.s
[GEN]	Fonts/build/GlyphText/FontText_755B.font.s
[GEN]	Fonts/build/GlyphText/FontText_7572.font.s
[GEN]	Fonts/build/GlyphText/FontText_7579.font.s
[GEN]	Fonts/build/GlyphText/FontText_7583.font.s
[GEN]	Fonts/build/GlyphText/FontText_7F58.font.s
[GEN]	Fonts/build/GlyphText/FontText_7F61.font.s
[GEN]	Fonts/build/GlyphText/FontText_7F5F.font.s
[GEN]	Fonts/build/GlyphText/FontText_8A48.font.s
[GEN]	Fonts/build/GlyphText/FontText_7F68.font.s
[GEN]	Fonts/build/GlyphText/FontText_7F74.font.s
[GEN]	Fonts/build/GlyphText/FontText_7F71.font.s
[GEN]	Fonts/build/GlyphText/FontText_7F79.font.s
[GEN]	Fonts/build/GlyphText/FontText_7F7E.font.s
[GEN]	Fonts/build/GlyphText/FontText_76CD.font.s
[GEN]	Fonts/build/GlyphText/FontText_76E5.font.s
[GEN]	Fonts/build/GlyphText/FontText_8832.font.s
[GEN]	Fonts/build/GlyphText/FontText_9485.font.s
[GEN]	Fonts/build/GlyphText/FontText_9486.font.s
[GEN]	Fonts/build/GlyphText/FontText_9487.font.s
[GEN]	Fonts/build/GlyphText/FontText_948B.font.s
[GEN]	Fonts/build/GlyphText/FontText_948A.font.s
[GEN]	Fonts/build/GlyphText/FontText_948C.font.s
[GEN]	Fonts/build/GlyphText/FontText_948D.font.s
[GEN]	Fonts/build/GlyphText/FontText_948F.font.s
[GEN]	Fonts/build/GlyphText/FontText_9490.font.s
[GEN]	Fonts/build/GlyphText/FontText_9494.font.s
[GEN]	Fonts/build/GlyphText/FontText_9497.font.s
[GEN]	Fonts/build/GlyphText/FontText_9495.font.s
[GEN]	Fonts/build/GlyphText/FontText_949A.font.s
[GEN]	Fonts/build/GlyphText/FontText_949B.font.s
[GEN]	Fonts/build/GlyphText/FontText_949C.font.s
[GEN]	Fonts/build/GlyphText/FontText_94A3.font.s
[GEN]	Fonts/build/GlyphText/FontText_94A4.font.s
[GEN]	Fonts/build/GlyphText/FontText_94AB.font.s
[GEN]	Fonts/build/GlyphText/FontText_94AA.font.s
[GEN]	Fonts/build/GlyphText/FontText_94AD.font.s
[GEN]	Fonts/build/GlyphText/FontText_94AC.font.s
[GEN]	Fonts/build/GlyphText/FontText_94AF.font.s
[GEN]	Fonts/build/GlyphText/FontText_94B0.font.s
[GEN]	Fonts/build/GlyphText/FontText_94B2.font.s
[GEN]	Fonts/build/GlyphText/FontText_94B4.font.s
[GEN]	Fonts/build/GlyphText/FontText_94B6.font.s
[GEN]	Fonts/build/GlyphText/FontText_94B7.font.s
[GEN]	Fonts/build/GlyphText/FontText_94B8.font.s
[GEN]	Fonts/build/GlyphText/FontText_94B9.font.s
[GEN]	Fonts/build/GlyphText/FontText_94BA.font.s
[GEN]	Fonts/build/GlyphText/FontText_94BC.font.s
[GEN]	Fonts/build/GlyphText/FontText_94BD.font.s
[GEN]	Fonts/build/GlyphText/FontText_94BF.font.s
[GEN]	Fonts/build/GlyphText/FontText_94C4.font.s
[GEN]	Fonts/build/GlyphText/FontText_94C8.font.s
[GEN]	Fonts/build/GlyphText/FontText_94C9.font.s
[GEN]	Fonts/build/GlyphText/FontText_94CA.font.s
[GEN]	Fonts/build/GlyphText/FontText_94CB.font.s
[GEN]	Fonts/build/GlyphText/FontText_94CC.font.s
[GEN]	Fonts/build/GlyphText/FontText_94CD.font.s
[GEN]	Fonts/build/GlyphText/FontText_94CE.font.s
[GEN]	Fonts/build/GlyphText/FontText_94D0.font.s
[GEN]	Fonts/build/GlyphText/FontText_94D1.font.s
[GEN]	Fonts/build/GlyphText/FontText_94D2.font.s
[GEN]	Fonts/build/GlyphText/FontText_94D5.font.s
[GEN]	Fonts/build/GlyphText/FontText_94D6.font.s
[GEN]	Fonts/build/GlyphText/FontText_94D7.font.s
[GEN]	Fonts/build/GlyphText/FontText_94D9.font.s
[GEN]	Fonts/build/GlyphText/FontText_94D8.font.s
[GEN]	Fonts/build/GlyphText/FontText_94DB.font.s
[GEN]	Fonts/build/GlyphText/FontText_94DE.font.s
[GEN]	Fonts/build/GlyphText/FontText_94DF.font.s
[GEN]	Fonts/build/GlyphText/FontText_94E2.font.s
[GEN]	Fonts/build/GlyphText/FontText_94E4.font.s
[GEN]	Fonts/build/GlyphText/FontText_94E5.font.s
[GEN]	Fonts/build/GlyphText/FontText_94E7.font.s
[GEN]	Fonts/build/GlyphText/FontText_94E8.font.s
[GEN]	Fonts/build/GlyphText/FontText_94EA.font.s
[GEN]	Fonts/build/GlyphText/FontText_94E9.font.s
[GEN]	Fonts/build/GlyphText/FontText_94EB.font.s
[GEN]	Fonts/build/GlyphText/FontText_94EE.font.s
[GEN]	Fonts/build/GlyphText/FontText_94EF.font.s
[GEN]	Fonts/build/GlyphText/FontText_94F3.font.s
[GEN]	Fonts/build/GlyphText/FontText_94F4.font.s
[GEN]	Fonts/build/GlyphText/FontText_94F5.font.s
[GEN]	Fonts/build/GlyphText/FontText_94F7.font.s
[GEN]	Fonts/build/GlyphText/FontText_94F9.font.s
[GEN]	Fonts/build/GlyphText/FontText_94FC.font.s
[GEN]	Fonts/build/GlyphText/FontText_94FD.font.s
[GEN]	Fonts/build/GlyphText/FontText_94FF.font.s
[GEN]	Fonts/build/GlyphText/FontText_9503.font.s
[GEN]	Fonts/build/GlyphText/FontText_9502.font.s
[GEN]	Fonts/build/GlyphText/FontText_9506.font.s
[GEN]	Fonts/build/GlyphText/FontText_9507.font.s
[GEN]	Fonts/build/GlyphText/FontText_9509.font.s
[GEN]	Fonts/build/GlyphText/FontText_950A.font.s
[GEN]	Fonts/build/GlyphText/FontText_950D.font.s
[GEN]	Fonts/build/GlyphText/FontText_950E.font.s
[GEN]	Fonts/build/GlyphText/FontText_950F.font.s
[GEN]	Fonts/build/GlyphText/FontText_9512.font.s
[GEN]	Fonts/build/GlyphText/FontText_9513.font.s
[GEN]	Fonts/build/GlyphText/FontText_9514.font.s
[GEN]	Fonts/build/GlyphText/FontText_9515.font.s
[GEN]	Fonts/build/GlyphText/FontText_9516.font.s
[GEN]	Fonts/build/GlyphText/FontText_9518.font.s
[GEN]	Fonts/build/GlyphText/FontText_951B.font.s
[GEN]	Fonts/build/GlyphText/FontText_951D.font.s
[GEN]	Fonts/build/GlyphText/FontText_951E.font.s
[GEN]	Fonts/build/GlyphText/FontText_951F.font.s
[GEN]	Fonts/build/GlyphText/FontText_9522.font.s
[GEN]	Fonts/build/GlyphText/FontText_952A.font.s
[GEN]	Fonts/build/GlyphText/FontText_952B.font.s
[GEN]	Fonts/build/GlyphText/FontText_9529.font.s
[GEN]	Fonts/build/GlyphText/FontText_952C.font.s
[GEN]	Fonts/build/GlyphText/FontText_9531.font.s
[GEN]	Fonts/build/GlyphText/FontText_9532.font.s
[GEN]	Fonts/build/GlyphText/FontText_9534.font.s
[GEN]	Fonts/build/GlyphText/FontText_9536.font.s
[GEN]	Fonts/build/GlyphText/FontText_9537.font.s
[GEN]	Fonts/build/GlyphText/FontText_9538.font.s
[GEN]	Fonts/build/GlyphText/FontText_953C.font.s
[GEN]	Fonts/build/GlyphText/FontText_953E.font.s
[GEN]	Fonts/build/GlyphText/FontText_953F.font.s
[GEN]	Fonts/build/GlyphText/FontText_9542.font.s
[GEN]	Fonts/build/GlyphText/FontText_9535.font.s
[GEN]	Fonts/build/GlyphText/FontText_9544.font.s
[GEN]	Fonts/build/GlyphText/FontText_9545.font.s
[GEN]	Fonts/build/GlyphText/FontText_9546.font.s
[GEN]	Fonts/build/GlyphText/FontText_9549.font.s
[GEN]	Fonts/build/GlyphText/FontText_954C.font.s
[GEN]	Fonts/build/GlyphText/FontText_954E.font.s
[GEN]	Fonts/build/GlyphText/FontText_954F.font.s
[GEN]	Fonts/build/GlyphText/FontText_9552.font.s
[GEN]	Fonts/build/GlyphText/FontText_9553.font.s
[GEN]	Fonts/build/GlyphText/FontText_9554.font.s
[GEN]	Fonts/build/GlyphText/FontText_9557.font.s
[GEN]	Fonts/build/GlyphText/FontText_9558.font.s
[GEN]	Fonts/build/GlyphText/FontText_9559.font.s
[GEN]	Fonts/build/GlyphText/FontText_955B.font.s
[GEN]	Fonts/build/GlyphText/FontText_955E.font.s
[GEN]	Fonts/build/GlyphText/FontText_955F.font.s
[GEN]	Fonts/build/GlyphText/FontText_955D.font.s
[GEN]	Fonts/build/GlyphText/FontText_9561.font.s
[GEN]	Fonts/build/GlyphText/FontText_9562.font.s
[GEN]	Fonts/build/GlyphText/FontText_9564.font.s
[GEN]	Fonts/build/GlyphText/FontText_9565.font.s
[GEN]	Fonts/build/GlyphText/FontText_9566.font.s
[GEN]	Fonts/build/GlyphText/FontText_9567.font.s
[GEN]	Fonts/build/GlyphText/FontText_9568.font.s
[GEN]	Fonts/build/GlyphText/FontText_9569.font.s
[GEN]	Fonts/build/GlyphText/FontText_956A.font.s
[GEN]	Fonts/build/GlyphText/FontText_956B.font.s
[GEN]	Fonts/build/GlyphText/FontText_956C.font.s
[GEN]	Fonts/build/GlyphText/FontText_9571.font.s
[GEN]	Fonts/build/GlyphText/FontText_9572.font.s
[GEN]	Fonts/build/GlyphText/FontText_953A.font.s
[GEN]	Fonts/build/GlyphText/FontText_77E7.font.s
[GEN]	Fonts/build/GlyphText/FontText_77EC.font.s
[GEN]	Fonts/build/GlyphText/FontText_96C9.font.s
[GEN]	Fonts/build/GlyphText/FontText_79D5.font.s
[GEN]	Fonts/build/GlyphText/FontText_79ED.font.s
[GEN]	Fonts/build/GlyphText/FontText_79E3.font.s
[GEN]	Fonts/build/GlyphText/FontText_79EB.font.s
[GEN]	Fonts/build/GlyphText/FontText_7A06.font.s
[GEN]	Fonts/build/GlyphText/FontText_5D47.font.s
[GEN]	Fonts/build/GlyphText/FontText_7A03.font.s
[GEN]	Fonts/build/GlyphText/FontText_7A02.font.s
[GEN]	Fonts/build/GlyphText/FontText_7A1E.font.s
[GEN]	Fonts/build/GlyphText/FontText_7A14.font.s
[GEN]	Fonts/build/GlyphText/FontText_7A39.font.s
[GEN]	Fonts/build/GlyphText/FontText_7A37.font.s
[GEN]	Fonts/build/GlyphText/FontText_7A51.font.s
[GEN]	Fonts/build/GlyphText/FontText_9ECF.font.s
[GEN]	Fonts/build/GlyphText/FontText_99A5.font.s
[GEN]	Fonts/build/GlyphText/FontText_7A70.font.s
[GEN]	Fonts/build/GlyphText/FontText_7688.font.s
[GEN]	Fonts/build/GlyphText/FontText_768E.font.s
[GEN]	Fonts/build/GlyphText/FontText_7693.font.s
[GEN]	Fonts/build/GlyphText/FontText_7699.font.s
[GEN]	Fonts/build/GlyphText/FontText_76A4.font.s
[GEN]	Fonts/build/GlyphText/FontText_74DE.font.s
[GEN]	Fonts/build/GlyphText/FontText_74E0.font.s
[GEN]	Fonts/build/GlyphText/FontText_752C.font.s
[GEN]	Fonts/build/GlyphText/FontText_9E20.font.s
[GEN]	Fonts/build/GlyphText/FontText_9E22.font.s
[GEN]	Fonts/build/GlyphText/FontText_9E28.font.s
[GEN]	Fonts/build/GlyphText/FontText_9E29.font.s
[GEN]	Fonts/build/GlyphText/FontText_9E2A.font.s
[GEN]	Fonts/build/GlyphText/FontText_9E2B.font.s
[GEN]	Fonts/build/GlyphText/FontText_9E2C.font.s
[GEN]	Fonts/build/GlyphText/FontText_9E32.font.s
[GEN]	Fonts/build/GlyphText/FontText_9E31.font.s
[GEN]	Fonts/build/GlyphText/FontText_9E36.font.s
[GEN]	Fonts/build/GlyphText/FontText_9E38.font.s
[GEN]	Fonts/build/GlyphText/FontText_9E37.font.s
[GEN]	Fonts/build/GlyphText/FontText_9E39.font.s
[GEN]	Fonts/build/GlyphText/FontText_9E3A.font.s
[GEN]	Fonts/build/GlyphText/FontText_9E3E.font.s
[GEN]	Fonts/build/GlyphText/FontText_9E41.font.s
[GEN]	Fonts/build/GlyphText/FontText_9E42.font.s
[GEN]	Fonts/build/GlyphText/FontText_9E44.font.s
[GEN]	Fonts/build/GlyphText/FontText_9E46.font.s
[GEN]	Fonts/build/GlyphText/FontText_9E47.font.s
[GEN]	Fonts/build/GlyphText/FontText_9E48.font.s
[GEN]	Fonts/build/GlyphText/FontText_9E49.font.s
[GEN]	Fonts/build/GlyphText/FontText_9E4B.font.s
[GEN]	Fonts/build/GlyphText/FontText_9E4C.font.s
[GEN]	Fonts/build/GlyphText/FontText_9E4E.font.s
[GEN]	Fonts/build/GlyphText/FontText_9E51.font.s
[GEN]	Fonts/build/GlyphText/FontText_9E55.font.s
[GEN]	Fonts/build/GlyphText/FontText_9E57.font.s
[GEN]	Fonts/build/GlyphText/FontText_9E5A.font.s
[GEN]	Fonts/build/GlyphText/FontText_9E5B.font.s
[GEN]	Fonts/build/GlyphText/FontText_9E5C.font.s
[GEN]	Fonts/build/GlyphText/FontText_9E5E.font.s
[GEN]	Fonts/build/GlyphText/FontText_9E63.font.s
[GEN]	Fonts/build/GlyphText/FontText_9E66.font.s
[GEN]	Fonts/build/GlyphText/FontText_9E67.font.s
[GEN]	Fonts/build/GlyphText/FontText_9E68.font.s
[GEN]	Fonts/build/GlyphText/FontText_9E69.font.s
[GEN]	Fonts/build/GlyphText/FontText_9E6A.font.s
[GEN]	Fonts/build/GlyphText/FontText_9E6C.font.s
[GEN]	Fonts/build/GlyphText/FontText_9E71.font.s
[GEN]	Fonts/build/GlyphText/FontText_9E6D.font.s
[GEN]	Fonts/build/GlyphText/FontText_9E73.font.s
[GEN]	Fonts/build/GlyphText/FontText_7592.font.s
[GEN]	Fonts/build/GlyphText/FontText_7594.font.s
[GEN]	Fonts/build/GlyphText/FontText_7596.font.s
[GEN]	Fonts/build/GlyphText/FontText_75A0.font.s
[GEN]	Fonts/build/GlyphText/FontText_759D.font.s
[GEN]	Fonts/build/GlyphText/FontText_75AC.font.s
[GEN]	Fonts/build/GlyphText/FontText_75A3.font.s
[GEN]	Fonts/build/GlyphText/FontText_75B3.font.s
[GEN]	Fonts/build/GlyphText/FontText_75B4.font.s
[GEN]	Fonts/build/GlyphText/FontText_75B8.font.s
[GEN]	Fonts/build/GlyphText/FontText_75C4.font.s
[GEN]	Fonts/build/GlyphText/FontText_75B1.font.s
[GEN]	Fonts/build/GlyphText/FontText_75B0.font.s
[GEN]	Fonts/build/GlyphText/FontText_75C3.font.s
[GEN]	Fonts/build/GlyphText/FontText_75C2.font.s
[GEN]	Fonts/build/GlyphText/FontText_75D6.font.s
[GEN]	Fonts/build/GlyphText/FontText_75E3.font.s
[GEN]	Fonts/build/GlyphText/FontText_75E8.font.s
[GEN]	Fonts/build/GlyphText/FontText_75E6.font.s
[GEN]	Fonts/build/GlyphText/FontText_75E4.font.s
[GEN]	Fonts/build/GlyphText/FontText_75EB.font.s
[GEN]	Fonts/build/GlyphText/FontText_75E7.font.s
[GEN]	Fonts/build/GlyphText/FontText_7603.font.s
[GEN]	Fonts/build/GlyphText/FontText_75F1.font.s
[GEN]	Fonts/build/GlyphText/FontText_75FC.font.s
[GEN]	Fonts/build/GlyphText/FontText_75FF.font.s
[GEN]	Fonts/build/GlyphText/FontText_7610.font.s
[GEN]	Fonts/build/GlyphText/FontText_7600.font.s
[GEN]	Fonts/build/GlyphText/FontText_7605.font.s
[GEN]	Fonts/build/GlyphText/FontText_760C.font.s
[GEN]	Fonts/build/GlyphText/FontText_7617.font.s
[GEN]	Fonts/build/GlyphText/FontText_760A.font.s
[GEN]	Fonts/build/GlyphText/FontText_7625.font.s
[GEN]	Fonts/build/GlyphText/FontText_7618.font.s
[GEN]	Fonts/build/GlyphText/FontText_7615.font.s
[GEN]	Fonts/build/GlyphText/FontText_7619.font.s
[GEN]	Fonts/build/GlyphText/FontText_761B.font.s
[GEN]	Fonts/build/GlyphText/FontText_763C.font.s
[GEN]	Fonts/build/GlyphText/FontText_7622.font.s
[GEN]	Fonts/build/GlyphText/FontText_7640.font.s
[GEN]	Fonts/build/GlyphText/FontText_762D.font.s
[GEN]	Fonts/build/GlyphText/FontText_7630.font.s
[GEN]	Fonts/build/GlyphText/FontText_763F.font.s
[GEN]	Fonts/build/GlyphText/FontText_7635.font.s
[GEN]	Fonts/build/GlyphText/FontText_7643.font.s
[GEN]	Fonts/build/GlyphText/FontText_763E.font.s
[GEN]	Fonts/build/GlyphText/FontText_7633.font.s
[GEN]	Fonts/build/GlyphText/FontText_764D.font.s
[GEN]	Fonts/build/GlyphText/FontText_765E.font.s
[GEN]	Fonts/build/GlyphText/FontText_7654.font.s
[GEN]	Fonts/build/GlyphText/FontText_765C.font.s
[GEN]	Fonts/build/GlyphText/FontText_766B.font.s
[GEN]	Fonts/build/GlyphText/FontText_766F.font.s
[GEN]	Fonts/build/GlyphText/FontText_7FCA.font.s
[GEN]	Fonts/build/GlyphText/FontText_7AE6.font.s
[GEN]	Fonts/build/GlyphText/FontText_7A78.font.s
[GEN]	Fonts/build/GlyphText/FontText_7A79.font.s
[GEN]	Fonts/build/GlyphText/FontText_7A80.font.s
[GEN]	Fonts/build/GlyphText/FontText_7A86.font.s
[GEN]	Fonts/build/GlyphText/FontText_7A88.font.s
[GEN]	Fonts/build/GlyphText/FontText_7A95.font.s
[GEN]	Fonts/build/GlyphText/FontText_7AA6.font.s
[GEN]	Fonts/build/GlyphText/FontText_7AA0.font.s
[GEN]	Fonts/build/GlyphText/FontText_7AAC.font.s
[GEN]	Fonts/build/GlyphText/FontText_7AA8.font.s
[GEN]	Fonts/build/GlyphText/FontText_7AAD.font.s
[GEN]	Fonts/build/GlyphText/FontText_7AB3.font.s
[GEN]	Fonts/build/GlyphText/FontText_8864.font.s
[GEN]	Fonts/build/GlyphText/FontText_8869.font.s
[GEN]	Fonts/build/GlyphText/FontText_8872.font.s
[GEN]	Fonts/build/GlyphText/FontText_887D.font.s
[GEN]	Fonts/build/GlyphText/FontText_887F.font.s
[GEN]	Fonts/build/GlyphText/FontText_8882.font.s
[GEN]	Fonts/build/GlyphText/FontText_88A2.font.s
[GEN]	Fonts/build/GlyphText/FontText_88C6.font.s
[GEN]	Fonts/build/GlyphText/FontText_88B7.font.s
[GEN]	Fonts/build/GlyphText/FontText_88BC.font.s
[GEN]	Fonts/build/GlyphText/FontText_88C9.font.s
[GEN]	Fonts/build/GlyphText/FontText_88E2.font.s
[GEN]	Fonts/build/GlyphText/FontText_88CE.font.s
[GEN]	Fonts/build/GlyphText/FontText_88E3.font.s
[GEN]	Fonts/build/GlyphText/FontText_88E5.font.s
[GEN]	Fonts/build/GlyphText/FontText_88F1.font.s
[GEN]	Fonts/build/GlyphText/FontText_891A.font.s
[GEN]	Fonts/build/GlyphText/FontText_88FC.font.s
[GEN]	Fonts/build/GlyphText/FontText_88FE.font.s
[GEN]	Fonts/build/GlyphText/FontText_88F0.font.s
[GEN]	Fonts/build/GlyphText/FontText_8921.font.s
[GEN]	Fonts/build/GlyphText/FontText_8919.font.s
[GEN]	Fonts/build/GlyphText/FontText_8913.font.s
[GEN]	Fonts/build/GlyphText/FontText_891B.font.s
[GEN]	Fonts/build/GlyphText/FontText_890A.font.s
[GEN]	Fonts/build/GlyphText/FontText_8934.font.s
[GEN]	Fonts/build/GlyphText/FontText_892B.font.s
[GEN]	Fonts/build/GlyphText/FontText_8936.font.s
[GEN]	Fonts/build/GlyphText/FontText_8941.font.s
[GEN]	Fonts/build/GlyphText/FontText_8966.font.s
[GEN]	Fonts/build/GlyphText/FontText_897B.font.s
[GEN]	Fonts/build/GlyphText/FontText_758B.font.s
[GEN]	Fonts/build/GlyphText/FontText_80E5.font.s
[GEN]	Fonts/build/GlyphText/FontText_76B2.font.s
[GEN]	Fonts/build/GlyphText/FontText_76B4.font.s
[GEN]	Fonts/build/GlyphText/FontText_77DC.font.s
[GEN]	Fonts/build/GlyphText/FontText_8012.font.s
[GEN]	Fonts/build/GlyphText/FontText_8014.font.s
[GEN]	Fonts/build/GlyphText/FontText_8016.font.s
[GEN]	Fonts/build/GlyphText/FontText_801C.font.s
[GEN]	Fonts/build/GlyphText/FontText_8020.font.s
[GEN]	Fonts/build/GlyphText/FontText_8022.font.s
[GEN]	Fonts/build/GlyphText/FontText_8025.font.s
[GEN]	Fonts/build/GlyphText/FontText_8026.font.s
[GEN]	Fonts/build/GlyphText/FontText_8027.font.s
[GEN]	Fonts/build/GlyphText/FontText_8029.font.s
[GEN]	Fonts/build/GlyphText/FontText_8028.font.s
[GEN]	Fonts/build/GlyphText/FontText_8031.font.s
[GEN]	Fonts/build/GlyphText/FontText_800B.font.s
[GEN]	Fonts/build/GlyphText/FontText_8035.font.s
[GEN]	Fonts/build/GlyphText/FontText_8043.font.s
[GEN]	Fonts/build/GlyphText/FontText_8046.font.s
[GEN]	Fonts/build/GlyphText/FontText_804D.font.s
[GEN]	Fonts/build/GlyphText/FontText_8052.font.s
[GEN]	Fonts/build/GlyphText/FontText_8069.font.s
[GEN]	Fonts/build/GlyphText/FontText_8071.font.s
[GEN]	Fonts/build/GlyphText/FontText_8983.font.s
[GEN]	Fonts/build/GlyphText/FontText_9878.font.s
[GEN]	Fonts/build/GlyphText/FontText_9880.font.s
[GEN]	Fonts/build/GlyphText/FontText_9883.font.s
[GEN]	Fonts/build/GlyphText/FontText_9889.font.s
[GEN]	Fonts/build/GlyphText/FontText_988C.font.s
[GEN]	Fonts/build/GlyphText/FontText_988D.font.s
[GEN]	Fonts/build/GlyphText/FontText_988F.font.s
[GEN]	Fonts/build/GlyphText/FontText_9894.font.s
[GEN]	Fonts/build/GlyphText/FontText_989A.font.s
[GEN]	Fonts/build/GlyphText/FontText_989B.font.s
[GEN]	Fonts/build/GlyphText/FontText_989E.font.s
[GEN]	Fonts/build/GlyphText/FontText_989F.font.s
[GEN]	Fonts/build/GlyphText/FontText_98A1.font.s
[GEN]	Fonts/build/GlyphText/FontText_98A2.font.s
[GEN]	Fonts/build/GlyphText/FontText_98A5.font.s
[GEN]	Fonts/build/GlyphText/FontText_98A6.font.s
[GEN]	Fonts/build/GlyphText/FontText_864D.font.s
[GEN]	Fonts/build/GlyphText/FontText_866C.font.s
[GEN]	Fonts/build/GlyphText/FontText_866E.font.s
[GEN]	Fonts/build/GlyphText/FontText_867F.font.s
[GEN]	Fonts/build/GlyphText/FontText_867A.font.s
[GEN]	Fonts/build/GlyphText/FontText_867C.font.s
[GEN]	Fonts/build/GlyphText/FontText_867B.font.s
[GEN]	Fonts/build/GlyphText/FontText_86A8.font.s
[GEN]	Fonts/build/GlyphText/FontText_868D.font.s
[GEN]	Fonts/build/GlyphText/FontText_868B.font.s
[GEN]	Fonts/build/GlyphText/FontText_86AC.font.s
[GEN]	Fonts/build/GlyphText/FontText_869D.font.s
[GEN]	Fonts/build/GlyphText/FontText_86A7.font.s
[GEN]	Fonts/build/GlyphText/FontText_86A3.font.s
[GEN]	Fonts/build/GlyphText/FontText_86AA.font.s
[GEN]	Fonts/build/GlyphText/FontText_8693.font.s
[GEN]	Fonts/build/GlyphText/FontText_86A9.font.s
[GEN]	Fonts/build/GlyphText/FontText_86B6.font.s
[GEN]	Fonts/build/GlyphText/FontText_86C4.font.s
[GEN]	Fonts/build/GlyphText/FontText_86B5.font.s
[GEN]	Fonts/build/GlyphText/FontText_86CE.font.s
[GEN]	Fonts/build/GlyphText/FontText_86B0.font.s
[GEN]	Fonts/build/GlyphText/FontText_86BA.font.s
[GEN]	Fonts/build/GlyphText/FontText_86B1.font.s
[GEN]	Fonts/build/GlyphText/FontText_86AF.font.s
[GEN]	Fonts/build/GlyphText/FontText_86C9.font.s
[GEN]	Fonts/build/GlyphText/FontText_86CF.font.s
[GEN]	Fonts/build/GlyphText/FontText_86B4.font.s
[GEN]	Fonts/build/GlyphText/FontText_86E9.font.s
[GEN]	Fonts/build/GlyphText/FontText_86F1.font.s
[GEN]	Fonts/build/GlyphText/FontText_86F2.font.s
[GEN]	Fonts/build/GlyphText/FontText_86ED.font.s
[GEN]	Fonts/build/GlyphText/FontText_86F3.font.s
[GEN]	Fonts/build/GlyphText/FontText_86D0.font.s
[GEN]	Fonts/build/GlyphText/FontText_8713.font.s
[GEN]	Fonts/build/GlyphText/FontText_86DE.font.s
[GEN]	Fonts/build/GlyphText/FontText_86F4.font.s
[GEN]	Fonts/build/GlyphText/FontText_86DF.font.s
[GEN]	Fonts/build/GlyphText/FontText_86D8.font.s
[GEN]	Fonts/build/GlyphText/FontText_86D1.font.s
[GEN]	Fonts/build/GlyphText/FontText_8703.font.s
[GEN]	Fonts/build/GlyphText/FontText_8707.font.s
[GEN]	Fonts/build/GlyphText/FontText_86F8.font.s
[GEN]	Fonts/build/GlyphText/FontText_8708.font.s
[GEN]	Fonts/build/GlyphText/FontText_870A.font.s
[GEN]	Fonts/build/GlyphText/FontText_870D.font.s
[GEN]	Fonts/build/GlyphText/FontText_8709.font.s
[GEN]	Fonts/build/GlyphText/FontText_8723.font.s
[GEN]	Fonts/build/GlyphText/FontText_873B.font.s
[GEN]	Fonts/build/GlyphText/FontText_871E.font.s
[GEN]	Fonts/build/GlyphText/FontText_8725.font.s
[GEN]	Fonts/build/GlyphText/FontText_872E.font.s
[GEN]	Fonts/build/GlyphText/FontText_873E.font.s
[GEN]	Fonts/build/GlyphText/FontText_8748.font.s
[GEN]	Fonts/build/GlyphText/FontText_8734.font.s
[GEN]	Fonts/build/GlyphText/FontText_8731.font.s
[GEN]	Fonts/build/GlyphText/FontText_8729.font.s
[GEN]	Fonts/build/GlyphText/FontText_8737.font.s
[GEN]	Fonts/build/GlyphText/FontText_873F.font.s
[GEN]	Fonts/build/GlyphText/FontText_8782.font.s
[GEN]	Fonts/build/GlyphText/FontText_8722.font.s
[GEN]	Fonts/build/GlyphText/FontText_877D.font.s
[GEN]	Fonts/build/GlyphText/FontText_877E.font.s
[GEN]	Fonts/build/GlyphText/FontText_877B.font.s
[GEN]	Fonts/build/GlyphText/FontText_8760.font.s
[GEN]	Fonts/build/GlyphText/FontText_8770.font.s
[GEN]	Fonts/build/GlyphText/FontText_874C.font.s
[GEN]	Fonts/build/GlyphText/FontText_876E.font.s
[GEN]	Fonts/build/GlyphText/FontText_878B.font.s
[GEN]	Fonts/build/GlyphText/FontText_8753.font.s
[GEN]	Fonts/build/GlyphText/FontText_8763.font.s
[GEN]	Fonts/build/GlyphText/FontText_8764.font.s
[GEN]	Fonts/build/GlyphText/FontText_8759.font.s
[GEN]	Fonts/build/GlyphText/FontText_8765.font.s
[GEN]	Fonts/build/GlyphText/FontText_8793.font.s
[GEN]	Fonts/build/GlyphText/FontText_87AF.font.s
[GEN]	Fonts/build/GlyphText/FontText_87A8.font.s
[GEN]	Fonts/build/GlyphText/FontText_87D2.font.s
[GEN]	Fonts/build/GlyphText/FontText_87C6.font.s
[GEN]	Fonts/build/GlyphText/FontText_8788.font.s
[GEN]	Fonts/build/GlyphText/FontText_8785.font.s
[GEN]	Fonts/build/GlyphText/FontText_87AD.font.s
[GEN]	Fonts/build/GlyphText/FontText_8797.font.s
[GEN]	Fonts/build/GlyphText/FontText_8783.font.s
[GEN]	Fonts/build/GlyphText/FontText_87AB.font.s
[GEN]	Fonts/build/GlyphText/FontText_87E5.font.s
[GEN]	Fonts/build/GlyphText/FontText_87AC.font.s
[GEN]	Fonts/build/GlyphText/FontText_87B5.font.s
[GEN]	Fonts/build/GlyphText/FontText_87B3.font.s
[GEN]	Fonts/build/GlyphText/FontText_87CB.font.s
[GEN]	Fonts/build/GlyphText/FontText_87D3.font.s
[GEN]	Fonts/build/GlyphText/FontText_87BD.font.s
[GEN]	Fonts/build/GlyphText/FontText_87D1.font.s
[GEN]	Fonts/build/GlyphText/FontText_87C0.font.s
[GEN]	Fonts/build/GlyphText/FontText_87CA.font.s
[GEN]	Fonts/build/GlyphText/FontText_87DB.font.s
[GEN]	Fonts/build/GlyphText/FontText_87EA.font.s
[GEN]	Fonts/build/GlyphText/FontText_87E0.font.s
[GEN]	Fonts/build/GlyphText/FontText_87EE.font.s
[GEN]	Fonts/build/GlyphText/FontText_8816.font.s
[GEN]	Fonts/build/GlyphText/FontText_8813.font.s
[GEN]	Fonts/build/GlyphText/FontText_87FE.font.s
[GEN]	Fonts/build/GlyphText/FontText_880A.font.s
[GEN]	Fonts/build/GlyphText/FontText_881B.font.s
[GEN]	Fonts/build/GlyphText/FontText_8821.font.s
[GEN]	Fonts/build/GlyphText/FontText_8839.font.s
[GEN]	Fonts/build/GlyphText/FontText_883C.font.s
[GEN]	Fonts/build/GlyphText/FontText_7F36.font.s
[GEN]	Fonts/build/GlyphText/FontText_7F42.font.s
[GEN]	Fonts/build/GlyphText/FontText_7F44.font.s
[GEN]	Fonts/build/GlyphText/FontText_7F45.font.s
[GEN]	Fonts/build/GlyphText/FontText_8210.font.s
[GEN]	Fonts/build/GlyphText/FontText_7AFA.font.s
[GEN]	Fonts/build/GlyphText/FontText_7AFD.font.s
[GEN]	Fonts/build/GlyphText/FontText_7B08.font.s
[GEN]	Fonts/build/GlyphText/FontText_7B03.font.s
[GEN]	Fonts/build/GlyphText/FontText_7B04.font.s
[GEN]	Fonts/build/GlyphText/FontText_7B15.font.s
[GEN]	Fonts/build/GlyphText/FontText_7B0A.font.s
[GEN]	Fonts/build/GlyphText/FontText_7B2B.font.s
[GEN]	Fonts/build/GlyphText/FontText_7B0F.font.s
[GEN]	Fonts/build/GlyphText/FontText_7B47.font.s
[GEN]	Fonts/build/GlyphText/FontText_7B38.font.s
[GEN]	Fonts/build/GlyphText/FontText_7B2A.font.s
[GEN]	Fonts/build/GlyphText/FontText_7B2E.font.s
[GEN]	Fonts/build/GlyphText/FontText_7B31.font.s
[GEN]	Fonts/build/GlyphText/FontText_7B20.font.s
[GEN]	Fonts/build/GlyphText/FontText_7B25.font.s
[GEN]	Fonts/build/GlyphText/FontText_7B24.font.s
[GEN]	Fonts/build/GlyphText/FontText_7B33.font.s
[GEN]	Fonts/build/GlyphText/FontText_7B3E.font.s
[GEN]	Fonts/build/GlyphText/FontText_7B1E.font.s
[GEN]	Fonts/build/GlyphText/FontText_7B58.font.s
[GEN]	Fonts/build/GlyphText/FontText_7B5A.font.s
[GEN]	Fonts/build/GlyphText/FontText_7B45.font.s
[GEN]	Fonts/build/GlyphText/FontText_7B75.font.s
[GEN]	Fonts/build/GlyphText/FontText_7B4C.font.s
[GEN]	Fonts/build/GlyphText/FontText_7B5D.font.s
[GEN]	Fonts/build/GlyphText/FontText_7B60.font.s
[GEN]	Fonts/build/GlyphText/FontText_7B6E.font.s
[GEN]	Fonts/build/GlyphText/FontText_7B7B.font.s
[GEN]	Fonts/build/GlyphText/FontText_7B62.font.s
[GEN]	Fonts/build/GlyphText/FontText_7B72.font.s
[GEN]	Fonts/build/GlyphText/FontText_7B71.font.s
[GEN]	Fonts/build/GlyphText/FontText_7B90.font.s
[GEN]	Fonts/build/GlyphText/FontText_7BA6.font.s
[GEN]	Fonts/build/GlyphText/FontText_7BA7.font.s
[GEN]	Fonts/build/GlyphText/FontText_7BB8.font.s
[GEN]	Fonts/build/GlyphText/FontText_7BAC.font.s
[GEN]	Fonts/build/GlyphText/FontText_7B9D.font.s
[GEN]	Fonts/build/GlyphText/FontText_7BA8.font.s
[GEN]	Fonts/build/GlyphText/FontText_7B85.font.s
[GEN]	Fonts/build/GlyphText/FontText_7BAA.font.s
[GEN]	Fonts/build/GlyphText/FontText_7B9C.font.s
[GEN]	Fonts/build/GlyphText/FontText_7BA2.font.s
[GEN]	Fonts/build/GlyphText/FontText_7BAB.font.s
[GEN]	Fonts/build/GlyphText/FontText_7BB4.font.s
[GEN]	Fonts/build/GlyphText/FontText_7BD1.font.s
[GEN]	Fonts/build/GlyphText/FontText_7BC1.font.s
[GEN]	Fonts/build/GlyphText/FontText_7BCC.font.s
[GEN]	Fonts/build/GlyphText/FontText_7BDD.font.s
[GEN]	Fonts/build/GlyphText/FontText_7BDA.font.s
[GEN]	Fonts/build/GlyphText/FontText_7BE5.font.s
[GEN]	Fonts/build/GlyphText/FontText_7BE6.font.s
[GEN]	Fonts/build/GlyphText/FontText_7BEA.font.s
[GEN]	Fonts/build/GlyphText/FontText_7C0C.font.s
[GEN]	Fonts/build/GlyphText/FontText_7BFE.font.s
[GEN]	Fonts/build/GlyphText/FontText_7BFC.font.s
[GEN]	Fonts/build/GlyphText/FontText_7C0F.font.s
[GEN]	Fonts/build/GlyphText/FontText_7C16.font.s
[GEN]	Fonts/build/GlyphText/FontText_7C0B.font.s
[GEN]	Fonts/build/GlyphText/FontText_7C1F.font.s
[GEN]	Fonts/build/GlyphText/FontText_7C2A.font.s
[GEN]	Fonts/build/GlyphText/FontText_7C26.font.s
[GEN]	Fonts/build/GlyphText/FontText_7C38.font.s
[GEN]	Fonts/build/GlyphText/FontText_7C41.font.s
[GEN]	Fonts/build/GlyphText/FontText_7C40.font.s
[GEN]	Fonts/build/GlyphText/FontText_81FE.font.s
[GEN]	Fonts/build/GlyphText/FontText_8201.font.s
[GEN]	Fonts/build/GlyphText/FontText_8202.font.s
[GEN]	Fonts/build/GlyphText/FontText_8204.font.s
[GEN]	Fonts/build/GlyphText/FontText_81EC.font.s
[GEN]	Fonts/build/GlyphText/FontText_8844.font.s
[GEN]	Fonts/build/GlyphText/FontText_8221.font.s
[GEN]	Fonts/build/GlyphText/FontText_8222.font.s
[GEN]	Fonts/build/GlyphText/FontText_8223.font.s
[GEN]	Fonts/build/GlyphText/FontText_822D.font.s
[GEN]	Fonts/build/GlyphText/FontText_822F.font.s
[GEN]	Fonts/build/GlyphText/FontText_8228.font.s
[GEN]	Fonts/build/GlyphText/FontText_822B.font.s
[GEN]	Fonts/build/GlyphText/FontText_8238.font.s
[GEN]	Fonts/build/GlyphText/FontText_823B.font.s
[GEN]	Fonts/build/GlyphText/FontText_8233.font.s
[GEN]	Fonts/build/GlyphText/FontText_8234.font.s
[GEN]	Fonts/build/GlyphText/FontText_823E.font.s
[GEN]	Fonts/build/GlyphText/FontText_8244.font.s
[GEN]	Fonts/build/GlyphText/FontText_8249.font.s
[GEN]	Fonts/build/GlyphText/FontText_824B.font.s
[GEN]	Fonts/build/GlyphText/FontText_824F.font.s
[GEN]	Fonts/build/GlyphText/FontText_825A.font.s
[GEN]	Fonts/build/GlyphText/FontText_825F.font.s
[GEN]	Fonts/build/GlyphText/FontText_8268.font.s
[GEN]	Fonts/build/GlyphText/FontText_887E.font.s
[GEN]	Fonts/build/GlyphText/FontText_8885.font.s
[GEN]	Fonts/build/GlyphText/FontText_8888.font.s
[GEN]	Fonts/build/GlyphText/FontText_88D8.font.s
[GEN]	Fonts/build/GlyphText/FontText_88DF.font.s
[GEN]	Fonts/build/GlyphText/FontText_895E.font.s
[GEN]	Fonts/build/GlyphText/FontText_7F9D.font.s
[GEN]	Fonts/build/GlyphText/FontText_7F9F.font.s
[GEN]	Fonts/build/GlyphText/FontText_7FA7.font.s
[GEN]	Fonts/build/GlyphText/FontText_7FAF.font.s
[GEN]	Fonts/build/GlyphText/FontText_7FB0.font.s
[GEN]	Fonts/build/GlyphText/FontText_7FB2.font.s
[GEN]	Fonts/build/GlyphText/FontText_7C7C.font.s
[GEN]	Fonts/build/GlyphText/FontText_6549.font.s
[GEN]	Fonts/build/GlyphText/FontText_7C91.font.s
[GEN]	Fonts/build/GlyphText/FontText_7C9D.font.s
[GEN]	Fonts/build/GlyphText/FontText_7C9C.font.s
[GEN]	Fonts/build/GlyphText/FontText_7C9E.font.s
[GEN]	Fonts/build/GlyphText/FontText_7CA2.font.s
[GEN]	Fonts/build/GlyphText/FontText_7CB2.font.s
[GEN]	Fonts/build/GlyphText/FontText_7CBC.font.s
[GEN]	Fonts/build/GlyphText/FontText_7CBD.font.s
[GEN]	Fonts/build/GlyphText/FontText_7CC1.font.s
[GEN]	Fonts/build/GlyphText/FontText_7CC7.font.s
[GEN]	Fonts/build/GlyphText/FontText_7CCC.font.s
[GEN]	Fonts/build/GlyphText/FontText_7CCD.font.s
[GEN]	Fonts/build/GlyphText/FontText_7CC8.font.s
[GEN]	Fonts/build/GlyphText/FontText_7CC5.font.s
[GEN]	Fonts/build/GlyphText/FontText_7CD7.font.s
[GEN]	Fonts/build/GlyphText/FontText_7CE8.font.s
[GEN]	Fonts/build/GlyphText/FontText_826E.font.s
[GEN]	Fonts/build/GlyphText/FontText_66A8.font.s
[GEN]	Fonts/build/GlyphText/FontText_7FBF.font.s
[GEN]	Fonts/build/GlyphText/FontText_7FCE.font.s
[GEN]	Fonts/build/GlyphText/FontText_7FD5.font.s
[GEN]	Fonts/build/GlyphText/FontText_7FE5.font.s
[GEN]	Fonts/build/GlyphText/FontText_7FE1.font.s
[GEN]	Fonts/build/GlyphText/FontText_7FE6.font.s
[GEN]	Fonts/build/GlyphText/FontText_7FEE.font.s
[GEN]	Fonts/build/GlyphText/FontText_7FF3.font.s
[GEN]	Fonts/build/GlyphText/FontText_7CF8.font.s
[GEN]	Fonts/build/GlyphText/FontText_7D77.font.s
[GEN]	Fonts/build/GlyphText/FontText_7DA6.font.s
[GEN]	Fonts/build/GlyphText/FontText_7DAE.font.s
[GEN]	Fonts/build/GlyphText/FontText_7E47.font.s
[GEN]	Fonts/build/GlyphText/FontText_7E9B.font.s
[GEN]	Fonts/build/GlyphText/FontText_9EB8.font.s
[GEN]	Fonts/build/GlyphText/FontText_9EB4.font.s
[GEN]	Fonts/build/GlyphText/FontText_8D73.font.s
[GEN]	Fonts/build/GlyphText/FontText_8D84.font.s
[GEN]	Fonts/build/GlyphText/FontText_8D94.font.s
[GEN]	Fonts/build/GlyphText/FontText_8D91.font.s
[GEN]	Fonts/build/GlyphText/FontText_8DB1.font.s
[GEN]	Fonts/build/GlyphText/FontText_8D67.font.s
[GEN]	Fonts/build/GlyphText/FontText_8D6D.font.s
[GEN]	Fonts/build/GlyphText/FontText_8C47.font.s
[GEN]	Fonts/build/GlyphText/FontText_8C49.font.s
[GEN]	Fonts/build/GlyphText/FontText_914A.font.s
[GEN]	Fonts/build/GlyphText/FontText_9150.font.s
[GEN]	Fonts/build/GlyphText/FontText_914E.font.s
[GEN]	Fonts/build/GlyphText/FontText_914F.font.s
[GEN]	Fonts/build/GlyphText/FontText_9164.font.s
[GEN]	Fonts/build/GlyphText/FontText_9162.font.s
[GEN]	Fonts/build/GlyphText/FontText_9161.font.s
[GEN]	Fonts/build/GlyphText/FontText_9170.font.s
[GEN]	Fonts/build/GlyphText/FontText_9169.font.s
[GEN]	Fonts/build/GlyphText/FontText_916F.font.s
[GEN]	Fonts/build/GlyphText/FontText_917D.font.s
[GEN]	Fonts/build/GlyphText/FontText_917E.font.s
[GEN]	Fonts/build/GlyphText/FontText_9172.font.s
[GEN]	Fonts/build/GlyphText/FontText_9174.font.s
[GEN]	Fonts/build/GlyphText/FontText_9179.font.s
[GEN]	Fonts/build/GlyphText/FontText_918C.font.s
[GEN]	Fonts/build/GlyphText/FontText_9185.font.s
[GEN]	Fonts/build/GlyphText/FontText_9190.font.s
[GEN]	Fonts/build/GlyphText/FontText_918D.font.s
[GEN]	Fonts/build/GlyphText/FontText_9191.font.s
[GEN]	Fonts/build/GlyphText/FontText_91A2.font.s
[GEN]	Fonts/build/GlyphText/FontText_91A3.font.s
[GEN]	Fonts/build/GlyphText/FontText_91AA.font.s
[GEN]	Fonts/build/GlyphText/FontText_91AD.font.s
[GEN]	Fonts/build/GlyphText/FontText_91AE.font.s
[GEN]	Fonts/build/GlyphText/FontText_91AF.font.s
[GEN]	Fonts/build/GlyphText/FontText_91B5.font.s
[GEN]	Fonts/build/GlyphText/FontText_91B4.font.s
[GEN]	Fonts/build/GlyphText/FontText_91BA.font.s
[GEN]	Fonts/build/GlyphText/FontText_8C55.font.s
[GEN]	Fonts/build/GlyphText/FontText_9E7E.font.s
[GEN]	Fonts/build/GlyphText/FontText_8DB8.font.s
[GEN]	Fonts/build/GlyphText/FontText_8DEB.font.s
[GEN]	Fonts/build/GlyphText/FontText_8E05.font.s
[GEN]	Fonts/build/GlyphText/FontText_8E59.font.s
[GEN]	Fonts/build/GlyphText/FontText_8DB5.font.s
[GEN]	Fonts/build/GlyphText/FontText_8DBF.font.s
[GEN]	Fonts/build/GlyphText/FontText_8DBC.font.s
[GEN]	Fonts/build/GlyphText/FontText_8DBA.font.s
[GEN]	Fonts/build/GlyphText/FontText_8DC4.font.s
[GEN]	Fonts/build/GlyphText/FontText_8DD6.font.s
[GEN]	Fonts/build/GlyphText/FontText_8DD7.font.s
[GEN]	Fonts/build/GlyphText/FontText_8DDA.font.s
[GEN]	Fonts/build/GlyphText/FontText_8DDE.font.s
[GEN]	Fonts/build/GlyphText/FontText_8DCE.font.s
[GEN]	Fonts/build/GlyphText/FontText_8DCF.font.s
[GEN]	Fonts/build/GlyphText/FontText_8DDB.font.s
[GEN]	Fonts/build/GlyphText/FontText_8DC6.font.s
[GEN]	Fonts/build/GlyphText/FontText_8DEC.font.s
[GEN]	Fonts/build/GlyphText/FontText_8DF8.font.s
[GEN]	Fonts/build/GlyphText/FontText_8DE3.font.s
[GEN]	Fonts/build/GlyphText/FontText_8DF9.font.s
[GEN]	Fonts/build/GlyphText/FontText_8DFB.font.s
[GEN]	Fonts/build/GlyphText/FontText_8DE4.font.s
[GEN]	Fonts/build/GlyphText/FontText_8E09.font.s
[GEN]	Fonts/build/GlyphText/FontText_8DFD.font.s
[GEN]	Fonts/build/GlyphText/FontText_8E14.font.s
[GEN]	Fonts/build/GlyphText/FontText_8E1D.font.s
[GEN]	Fonts/build/GlyphText/FontText_8E1F.font.s
[GEN]	Fonts/build/GlyphText/FontText_8E2C.font.s
[GEN]	Fonts/build/GlyphText/FontText_8E2E.font.s
[GEN]	Fonts/build/GlyphText/FontText_8E23.font.s
[GEN]	Fonts/build/GlyphText/FontText_8E2F.font.s
[GEN]	Fonts/build/GlyphText/FontText_8E3A.font.s
[GEN]	Fonts/build/GlyphText/FontText_8E40.font.s
[GEN]	Fonts/build/GlyphText/FontText_8E39.font.s
[GEN]	Fonts/build/GlyphText/FontText_8E3D.font.s
[GEN]	Fonts/build/GlyphText/FontText_8E31.font.s
[GEN]	Fonts/build/GlyphText/FontText_8E49.font.s
[GEN]	Fonts/build/GlyphText/FontText_8E41.font.s
[GEN]	Fonts/build/GlyphText/FontText_8E51.font.s
[GEN]	Fonts/build/GlyphText/FontText_8E52.font.s
[GEN]	Fonts/build/GlyphText/FontText_8E70.font.s
[GEN]	Fonts/build/GlyphText/FontText_8E76.font.s
[GEN]	Fonts/build/GlyphText/FontText_8E7C.font.s
[GEN]	Fonts/build/GlyphText/FontText_8E6F.font.s
[GEN]	Fonts/build/GlyphText/FontText_8E74.font.s
[GEN]	Fonts/build/GlyphText/FontText_8E85.font.s
[GEN]	Fonts/build/GlyphText/FontText_8E94.font.s
[GEN]	Fonts/build/GlyphText/FontText_8E90.font.s
[GEN]	Fonts/build/GlyphText/FontText_8E9C.font.s
[GEN]	Fonts/build/GlyphText/FontText_8E9E.font.s
[GEN]	Fonts/build/GlyphText/FontText_8C78.font.s
[GEN]	Fonts/build/GlyphText/FontText_8C82.font.s
[GEN]	Fonts/build/GlyphText/FontText_8C8A.font.s
[GEN]	Fonts/build/GlyphText/FontText_8C85.font.s
[GEN]	Fonts/build/GlyphText/FontText_8C98.font.s
[GEN]	Fonts/build/GlyphText/FontText_8C94.font.s
[GEN]	Fonts/build/GlyphText/FontText_659B.font.s
[GEN]	Fonts/build/GlyphText/FontText_89D6.font.s
[GEN]	Fonts/build/GlyphText/FontText_89DE.font.s
[GEN]	Fonts/build/GlyphText/FontText_89DA.font.s
[GEN]	Fonts/build/GlyphText/FontText_89DC.font.s
[GEN]	Fonts/build/GlyphText/FontText_89E5.font.s
[GEN]	Fonts/build/GlyphText/FontText_89EB.font.s
[GEN]	Fonts/build/GlyphText/FontText_89EF.font.s
[GEN]	Fonts/build/GlyphText/FontText_8A3E.font.s
[GEN]	Fonts/build/GlyphText/FontText_8B26.font.s
[GEN]	Fonts/build/GlyphText/FontText_9753.font.s
[GEN]	Fonts/build/GlyphText/FontText_96E9.font.s
[GEN]	Fonts/build/GlyphText/FontText_96F3.font.s
[GEN]	Fonts/build/GlyphText/FontText_96EF.font.s
[GEN]	Fonts/build/GlyphText/FontText_9701.font.s
[GEN]	Fonts/build/GlyphText/FontText_9708.font.s
[GEN]	Fonts/build/GlyphText/FontText_970F.font.s
[GEN]	Fonts/build/GlyphText/FontText_970E.font.s
[GEN]	Fonts/build/GlyphText/FontText_972A.font.s
[GEN]	Fonts/build/GlyphText/FontText_972D.font.s
[GEN]	Fonts/build/GlyphText/FontText_9730.font.s
[GEN]	Fonts/build/GlyphText/FontText_973E.font.s
[GEN]	Fonts/build/GlyphText/FontText_9F80.font.s
[GEN]	Fonts/build/GlyphText/FontText_9F83.font.s
[GEN]	Fonts/build/GlyphText/FontText_9F85.font.s
[GEN]	Fonts/build/GlyphText/FontText_9F86.font.s
[GEN]	Fonts/build/GlyphText/FontText_9F87.font.s
[GEN]	Fonts/build/GlyphText/FontText_9F88.font.s
[GEN]	Fonts/build/GlyphText/FontText_9F89.font.s
[GEN]	Fonts/build/GlyphText/FontText_9F8A.font.s
[GEN]	Fonts/build/GlyphText/FontText_9F8C.font.s
[GEN]	Fonts/build/GlyphText/FontText_9EFE.font.s
[GEN]	Fonts/build/GlyphText/FontText_9F0B.font.s
[GEN]	Fonts/build/GlyphText/FontText_9F0D.font.s
[GEN]	Fonts/build/GlyphText/FontText_96B9.font.s
[GEN]	Fonts/build/GlyphText/FontText_96BD.font.s
[GEN]	Fonts/build/GlyphText/FontText_96CE.font.s
[GEN]	Fonts/build/GlyphText/FontText_96D2.font.s
[GEN]	Fonts/build/GlyphText/FontText_77BF.font.s
[GEN]	Fonts/build/GlyphText/FontText_96E0.font.s
[GEN]	Fonts/build/GlyphText/FontText_928E.font.s
[GEN]	Fonts/build/GlyphText/FontText_92AE.font.s
[GEN]	Fonts/build/GlyphText/FontText_92C8.font.s
[GEN]	Fonts/build/GlyphText/FontText_933E.font.s
[GEN]	Fonts/build/GlyphText/FontText_936A.font.s
[GEN]	Fonts/build/GlyphText/FontText_93CA.font.s
[GEN]	Fonts/build/GlyphText/FontText_938F.font.s
[GEN]	Fonts/build/GlyphText/FontText_943E.font.s
[GEN]	Fonts/build/GlyphText/FontText_946B.font.s
[GEN]	Fonts/build/GlyphText/FontText_9C82.font.s
[GEN]	Fonts/build/GlyphText/FontText_9C85.font.s
[GEN]	Fonts/build/GlyphText/FontText_9C86.font.s
[GEN]	Fonts/build/GlyphText/FontText_9C87.font.s
[GEN]	Fonts/build/GlyphText/FontText_9C88.font.s
[GEN]	Fonts/build/GlyphText/FontText_7A23.font.s
[GEN]	Fonts/build/GlyphText/FontText_9C8B.font.s
[GEN]	Fonts/build/GlyphText/FontText_9C8E.font.s
[GEN]	Fonts/build/GlyphText/FontText_9C90.font.s
[GEN]	Fonts/build/GlyphText/FontText_9C91.font.s
[GEN]	Fonts/build/GlyphText/FontText_9C92.font.s
[GEN]	Fonts/build/GlyphText/FontText_9C94.font.s
[GEN]	Fonts/build/GlyphText/FontText_9C95.font.s
[GEN]	Fonts/build/GlyphText/FontText_9C9A.font.s
[GEN]	Fonts/build/GlyphText/FontText_9C9B.font.s
[GEN]	Fonts/build/GlyphText/FontText_9C9E.font.s
[GEN]	Fonts/build/GlyphText/FontText_9C9F.font.s
[GEN]	Fonts/build/GlyphText/FontText_9CA0.font.s
[GEN]	Fonts/build/GlyphText/FontText_9CA1.font.s
[GEN]	Fonts/build/GlyphText/FontText_9CA2.font.s
[GEN]	Fonts/build/GlyphText/FontText_9CA3.font.s
[GEN]	Fonts/build/GlyphText/FontText_9CA5.font.s
[GEN]	Fonts/build/GlyphText/FontText_9CA6.font.s
[GEN]	Fonts/build/GlyphText/FontText_9CA7.font.s
[GEN]	Fonts/build/GlyphText/FontText_9CA8.font.s
[GEN]	Fonts/build/GlyphText/FontText_9CA9.font.s
[GEN]	Fonts/build/GlyphText/FontText_9CAB.font.s
[GEN]	Fonts/build/GlyphText/FontText_9CAD.font.s
[GEN]	Fonts/build/GlyphText/FontText_9CAE.font.s
[GEN]	Fonts/build/GlyphText/FontText_9CB0.font.s
[GEN]	Fonts/build/GlyphText/FontText_9CB1.font.s
[GEN]	Fonts/build/GlyphText/FontText_9CB2.font.s
[GEN]	Fonts/build/GlyphText/FontText_9CB3.font.s
[GEN]	Fonts/build/GlyphText/FontText_9CB4.font.s
[GEN]	Fonts/build/GlyphText/FontText_9CB5.font.s
[GEN]	Fonts/build/GlyphText/FontText_9CB6.font.s
[GEN]	Fonts/build/GlyphText/FontText_9CB7.font.s
[GEN]	Fonts/build/GlyphText/FontText_9CBA.font.s
[GEN]	Fonts/build/GlyphText/FontText_9CBB.font.s
[GEN]	Fonts/build/GlyphText/FontText_9CBC.font.s
[GEN]	Fonts/build/GlyphText/FontText_9CBD.font.s
[GEN]	Fonts/build/GlyphText/FontText_9CC4.font.s
[GEN]	Fonts/build/GlyphText/FontText_9CC5.font.s
[GEN]	Fonts/build/GlyphText/FontText_9CC6.font.s
[GEN]	Fonts/build/GlyphText/FontText_9CC7.font.s
[GEN]	Fonts/build/GlyphText/FontText_9CCA.font.s
[GEN]	Fonts/build/GlyphText/FontText_9CCB.font.s
[GEN]	Fonts/build/GlyphText/FontText_9CCC.font.s
[GEN]	Fonts/build/GlyphText/FontText_9CCD.font.s
[GEN]	Fonts/build/GlyphText/FontText_9CCE.font.s
[GEN]	Fonts/build/GlyphText/FontText_9CCF.font.s
[GEN]	Fonts/build/GlyphText/FontText_9CD0.font.s
[GEN]	Fonts/build/GlyphText/FontText_9CD3.font.s
[GEN]	Fonts/build/GlyphText/FontText_9CD4.font.s
[GEN]	Fonts/build/GlyphText/FontText_9CD5.font.s
[GEN]	Fonts/build/GlyphText/FontText_9CD7.font.s
[GEN]	Fonts/build/GlyphText/FontText_9CD8.font.s
[GEN]	Fonts/build/GlyphText/FontText_9CD9.font.s
[GEN]	Fonts/build/GlyphText/FontText_9CDC.font.s
[GEN]	Fonts/build/GlyphText/FontText_9CDD.font.s
[GEN]	Fonts/build/GlyphText/FontText_9CDF.font.s
[GEN]	Fonts/build/GlyphText/FontText_9CE2.font.s
[GEN]	Fonts/build/GlyphText/FontText_977C.font.s
[GEN]	Fonts/build/GlyphText/FontText_9785.font.s
[GEN]	Fonts/build/GlyphText/FontText_9791.font.s
[GEN]	Fonts/build/GlyphText/FontText_9792.font.s
[GEN]	Fonts/build/GlyphText/FontText_9794.font.s
[GEN]	Fonts/build/GlyphText/FontText_97AF.font.s
[GEN]	Fonts/build/GlyphText/FontText_97AB.font.s
[GEN]	Fonts/build/GlyphText/FontText_97A3.font.s
[GEN]	Fonts/build/GlyphText/FontText_97B2.font.s
[GEN]	Fonts/build/GlyphText/FontText_97B4.font.s
[GEN]	Fonts/build/GlyphText/FontText_9AB1.font.s
[GEN]	Fonts/build/GlyphText/FontText_9E58.font.s
[GEN]	Fonts/build/GlyphText/FontText_9AB6.font.s
[GEN]	Fonts/build/GlyphText/FontText_9ABA.font.s
[GEN]	Fonts/build/GlyphText/FontText_9ABC.font.s
[GEN]	Fonts/build/GlyphText/FontText_9AC1.font.s
[GEN]	Fonts/build/GlyphText/FontText_9AC0.font.s
[GEN]	Fonts/build/GlyphText/FontText_9AC2.font.s
[GEN]	Fonts/build/GlyphText/FontText_9ACB.font.s
[GEN]	Fonts/build/GlyphText/FontText_9ACC.font.s
[GEN]	Fonts/build/GlyphText/FontText_9AD1.font.s
[GEN]	Fonts/build/GlyphText/FontText_9B43.font.s
[GEN]	Fonts/build/GlyphText/FontText_9B47.font.s
[GEN]	Fonts/build/GlyphText/FontText_9B49.font.s
[GEN]	Fonts/build/GlyphText/FontText_9B48.font.s
[GEN]	Fonts/build/GlyphText/FontText_9B4D.font.s
[GEN]	Fonts/build/GlyphText/FontText_9B51.font.s
[GEN]	Fonts/build/GlyphText/FontText_990D.font.s
[GEN]	Fonts/build/GlyphText/FontText_992E.font.s
[GEN]	Fonts/build/GlyphText/FontText_9955.font.s
[GEN]	Fonts/build/GlyphText/FontText_9954.font.s
[GEN]	Fonts/build/GlyphText/FontText_9ADF.font.s
[GEN]	Fonts/build/GlyphText/FontText_9AE1.font.s
[GEN]	Fonts/build/GlyphText/FontText_9AE6.font.s
[GEN]	Fonts/build/GlyphText/FontText_9AEF.font.s
[GEN]	Fonts/build/GlyphText/FontText_9AEB.font.s
[GEN]	Fonts/build/GlyphText/FontText_9AFB.font.s
[GEN]	Fonts/build/GlyphText/FontText_9AED.font.s
[GEN]	Fonts/build/GlyphText/FontText_9AF9.font.s
[GEN]	Fonts/build/GlyphText/FontText_9B08.font.s
[GEN]	Fonts/build/GlyphText/FontText_9B0F.font.s
[GEN]	Fonts/build/GlyphText/FontText_9B13.font.s
[GEN]	Fonts/build/GlyphText/FontText_9B1F.font.s
[GEN]	Fonts/build/GlyphText/FontText_9B23.font.s
[GEN]	Fonts/build/GlyphText/FontText_9EBD.font.s
[GEN]	Fonts/build/GlyphText/FontText_7E3B.font.s
[GEN]	Fonts/build/GlyphText/FontText_9E82.font.s
[GEN]	Fonts/build/GlyphText/FontText_9E87.font.s
[GEN]	Fonts/build/GlyphText/FontText_9E88.font.s
[GEN]	Fonts/build/GlyphText/FontText_9E8B.font.s
[GEN]	Fonts/build/GlyphText/FontText_9E92.font.s
[GEN]	Fonts/build/GlyphText/FontText_93D6.font.s
[GEN]	Fonts/build/GlyphText/FontText_9E9D.font.s
[GEN]	Fonts/build/GlyphText/FontText_9E9F.font.s
[GEN]	Fonts/build/GlyphText/FontText_9EDB.font.s
[GEN]	Fonts/build/GlyphText/FontText_9EDC.font.s
[GEN]	Fonts/build/GlyphText/FontText_9EDD.font.s
[GEN]	Fonts/build/GlyphText/FontText_9EE0.font.s
[GEN]	Fonts/build/GlyphText/FontText_9EDF.font.s
[GEN]	Fonts/build/GlyphText/FontText_9EE2.font.s
[GEN]	Fonts/build/GlyphText/FontText_9EE9.font.s
[GEN]	Fonts/build/GlyphText/FontText_9EE7.font.s
[GEN]	Fonts/build/GlyphText/FontText_9EE5.font.s
[GEN]	Fonts/build/GlyphText/FontText_9EEA.font.s
[GEN]	Fonts/build/GlyphText/FontText_9EEF.font.s
[GEN]	Fonts/build/GlyphText/FontText_9F22.font.s
[GEN]	Fonts/build/GlyphText/FontText_9F2C.font.s
[GEN]	Fonts/build/GlyphText/FontText_9F2F.font.s
[GEN]	Fonts/build/GlyphText/FontText_9F39.font.s
[GEN]	Fonts/build/GlyphText/FontText_9F37.font.s
[GEN]	Fonts/build/GlyphText/FontText_9F3D.font.s
[GEN]	Fonts/build/GlyphText/FontText_9F3E.font.s
[GEN]	Fonts/build/GlyphText/FontText_9F44.font.s
[GEN]	Fonts/build/GlyphText/FontText_30A1.font.s
[GEN]	Fonts/build/GlyphText/FontText_2460.font.s
[GEN]	Fonts/build/GlyphText/FontText_3000.font.s
[GEN]	Fonts/build/GlyphText/FontText_6A5F.font.s
[GEN]	Fonts/build/GlyphText/FontText_84EE.font.s
[GEN]	Fonts/build/GlyphText/FontText_7E4A.font.s
[GEN]	Fonts/build/GlyphText/FontText_30A2.font.s
[GEN]	Fonts/build/GlyphText/FontText_2461.font.s
[GEN]	Fonts/build/GlyphText/FontText_9670.font.s
[GEN]	Fonts/build/GlyphText/FontText_9023.font.s
[GEN]	Fonts/build/GlyphText/FontText_5E30.font.s
[GEN]	Fonts/build/GlyphText/FontText_7FA8.font.s
[GEN]	Fonts/build/GlyphText/FontText_8F38.font.s
[GEN]	Fonts/build/GlyphText/FontText_30A3.font.s
[GEN]	Fonts/build/GlyphText/FontText_2462.font.s
[GEN]	Fonts/build/GlyphText/FontText_9054.font.s
[GEN]	Fonts/build/GlyphText/FontText_96A0.font.s
[GEN]	Fonts/build/GlyphText/FontText_932C.font.s
[GEN]	Fonts/build/GlyphText/FontText_30A4.font.s
[GEN]	Fonts/build/GlyphText/FontText_2463.font.s
[GEN]	Fonts/build/GlyphText/FontText_6C17.font.s
[GEN]	Fonts/build/GlyphText/FontText_7832.font.s
[GEN]	Fonts/build/GlyphText/FontText_30A5.font.s
[GEN]	Fonts/build/GlyphText/FontText_2464.font.s
[GEN]	Fonts/build/GlyphText/FontText_596A.font.s
[GEN]	Fonts/build/GlyphText/FontText_7E54.font.s
[GEN]	Fonts/build/GlyphText/FontText_512A.font.s
[GEN]	Fonts/build/GlyphText/FontText_30A6.font.s
[GEN]	Fonts/build/GlyphText/FontText_2465.font.s
[GEN]	Fonts/build/GlyphText/FontText_30FB.font.s
[GEN]	Fonts/build/GlyphText/FontText_6BBA.font.s
[GEN]	Fonts/build/GlyphText/FontText_8077.font.s
[GEN]	Fonts/build/GlyphText/FontText_30A7.font.s
[GEN]	Fonts/build/GlyphText/FontText_2466.font.s
[GEN]	Fonts/build/GlyphText/FontText_8A8D.font.s
[GEN]	Fonts/build/GlyphText/FontText_8A6E.font.s
[GEN]	Fonts/build/GlyphText/FontText_30A8.font.s
[GEN]	Fonts/build/GlyphText/FontText_2467.font.s
[GEN]	Fonts/build/GlyphText/FontText_6575.font.s
[GEN]	Fonts/build/GlyphText/FontText_96D1.font.s
[GEN]	Fonts/build/GlyphText/FontText_7D75.font.s
[GEN]	Fonts/build/GlyphText/FontText_30A9.font.s
[GEN]	Fonts/build/GlyphText/FontText_2468.font.s
[GEN]	Fonts/build/GlyphText/FontText_30AA.font.s
[GEN]	Fonts/build/GlyphText/FontText_9078.font.s
[GEN]	Fonts/build/GlyphText/FontText_7D42.font.s
[GEN]	Fonts/build/GlyphText/FontText_7D00.font.s
[GEN]	Fonts/build/GlyphText/FontText_8755.font.s
[GEN]	Fonts/build/GlyphText/FontText_30AB.font.s
[GEN]	Fonts/build/GlyphText/FontText_958B.font.s
[GEN]	Fonts/build/GlyphText/FontText_52B4.font.s
[GEN]	Fonts/build/GlyphText/FontText_7D46.font.s
[GEN]	Fonts/build/GlyphText/FontText_5BE7.font.s
[GEN]	Fonts/build/GlyphText/FontText_6182.font.s
[GEN]	Fonts/build/GlyphText/FontText_7E70.font.s
[GEN]	Fonts/build/GlyphText/FontText_30AC.font.s
[GEN]	Fonts/build/GlyphText/FontText_8A2A.font.s
[GEN]	Fonts/build/GlyphText/FontText_898F.font.s
[GEN]	Fonts/build/GlyphText/FontText_968E.font.s
[GEN]	Fonts/build/GlyphText/FontText_7FD2.font.s
[GEN]	Fonts/build/GlyphText/FontText_9069.font.s
[GEN]	Fonts/build/GlyphText/FontText_92AD.font.s
[GEN]	Fonts/build/GlyphText/FontText_9306.font.s
[GEN]	Fonts/build/GlyphText/FontText_30AD.font.s
[GEN]	Fonts/build/GlyphText/FontText_8C4A.font.s
[GEN]	Fonts/build/GlyphText/FontText_8A18.font.s
[GEN]	Fonts/build/GlyphText/FontText_5E83.font.s
[GEN]	Fonts/build/GlyphText/FontText_8C9D.font.s
[GEN]	Fonts/build/GlyphText/FontText_9D5C.font.s
[GEN]	Fonts/build/GlyphText/FontText_30AE.font.s
[GEN]	Fonts/build/GlyphText/FontText_8CB4.font.s
[GEN]	Fonts/build/GlyphText/FontText_71B1.font.s
[GEN]	Fonts/build/GlyphText/FontText_51F1.font.s
[GEN]	Fonts/build/GlyphText/FontText_7B46.font.s
[GEN]	Fonts/build/GlyphText/FontText_52F2.font.s
[GEN]	Fonts/build/GlyphText/FontText_9583.font.s
[GEN]	Fonts/build/GlyphText/FontText_30AF.font.s
[GEN]	Fonts/build/GlyphText/FontText_8AB0.font.s
[GEN]	Fonts/build/GlyphText/FontText_6E67.font.s
[GEN]	Fonts/build/GlyphText/FontText_9BAE.font.s
[GEN]	Fonts/build/GlyphText/FontText_30B0.font.s
[GEN]	Fonts/build/GlyphText/FontText_FF10.font.s
[GEN]	Fonts/build/GlyphText/FontText_5FB9.font.s
[GEN]	Fonts/build/GlyphText/FontText_8846.font.s
[GEN]	Fonts/build/GlyphText/FontText_98FD.font.s
[GEN]	Fonts/build/GlyphText/FontText_30B1.font.s
[GEN]	Fonts/build/GlyphText/FontText_FF11.font.s
[GEN]	Fonts/build/GlyphText/FontText_59EB.font.s
[GEN]	Fonts/build/GlyphText/FontText_5358.font.s
[GEN]	Fonts/build/GlyphText/FontText_8972.font.s
[GEN]	Fonts/build/GlyphText/FontText_8A13.font.s
[GEN]	Fonts/build/GlyphText/FontText_8F1D.font.s
[GEN]	Fonts/build/GlyphText/FontText_7336.font.s
[GEN]	Fonts/build/GlyphText/FontText_30B2.font.s
[GEN]	Fonts/build/GlyphText/FontText_FF12.font.s
[GEN]	Fonts/build/GlyphText/FontText_5606.font.s
[GEN]	Fonts/build/GlyphText/FontText_8B90.font.s
[GEN]	Fonts/build/GlyphText/FontText_6E26.font.s
[GEN]	Fonts/build/GlyphText/FontText_98E2.font.s
[GEN]	Fonts/build/GlyphText/FontText_30B3.font.s
[GEN]	Fonts/build/GlyphText/FontText_FF13.font.s
[GEN]	Fonts/build/GlyphText/FontText_8ECD.font.s
[GEN]	Fonts/build/GlyphText/FontText_9A0E.font.s
[GEN]	Fonts/build/GlyphText/FontText_5BE9.font.s
[GEN]	Fonts/build/GlyphText/FontText_511A.font.s
[GEN]	Fonts/build/GlyphText/FontText_7D10.font.s
[GEN]	Fonts/build/GlyphText/FontText_30B4.font.s
[GEN]	Fonts/build/GlyphText/FontText_FF14.font.s
[GEN]	Fonts/build/GlyphText/FontText_9244.font.s
[GEN]	Fonts/build/GlyphText/FontText_5504.font.s
[GEN]	Fonts/build/GlyphText/FontText_30B5.font.s
[GEN]	Fonts/build/GlyphText/FontText_FF15.font.s
[GEN]	Fonts/build/GlyphText/FontText_9031.font.s
[GEN]	Fonts/build/GlyphText/FontText_30B6.font.s
[GEN]	Fonts/build/GlyphText/FontText_FF16.font.s
[GEN]	Fonts/build/GlyphText/FontText_8A98.font.s
[GEN]	Fonts/build/GlyphText/FontText_507D.font.s
[GEN]	Fonts/build/GlyphText/FontText_7BED.font.s
[GEN]	Fonts/build/GlyphText/FontText_30B7.font.s
[GEN]	Fonts/build/GlyphText/FontText_FF17.font.s
[GEN]	Fonts/build/GlyphText/FontText_904A.font.s
[GEN]	Fonts/build/GlyphText/FontText_5100.font.s
[GEN]	Fonts/build/GlyphText/FontText_30B8.font.s
[GEN]	Fonts/build/GlyphText/FontText_FF18.font.s
[GEN]	Fonts/build/GlyphText/FontText_6A19.font.s
[GEN]	Fonts/build/GlyphText/FontText_4FC2.font.s
[GEN]	Fonts/build/GlyphText/FontText_8E99.font.s
[GEN]	Fonts/build/GlyphText/FontText_30B9.font.s
[GEN]	Fonts/build/GlyphText/FontText_FF19.font.s
[GEN]	Fonts/build/GlyphText/FontText_3005.font.s
[GEN]	Fonts/build/GlyphText/FontText_6C37.font.s
[GEN]	Fonts/build/GlyphText/FontText_50BE.font.s
[GEN]	Fonts/build/GlyphText/FontText_5538.font.s
[GEN]	Fonts/build/GlyphText/FontText_30BA.font.s
[GEN]	Fonts/build/GlyphText/FontText_6FAA.font.s
[GEN]	Fonts/build/GlyphText/FontText_7523.font.s
[GEN]	Fonts/build/GlyphText/FontText_60A9.font.s
[GEN]	Fonts/build/GlyphText/FontText_7DBA.font.s
[GEN]	Fonts/build/GlyphText/FontText_622F.font.s
[GEN]	Fonts/build/GlyphText/FontText_30BB.font.s
[GEN]	Fonts/build/GlyphText/FontText_93A7.font.s
[GEN]	Fonts/build/GlyphText/FontText_6FC3.font.s
[GEN]	Fonts/build/GlyphText/FontText_30BC.font.s
[GEN]	Fonts/build/GlyphText/FontText_30FC.font.s
[GEN]	Fonts/build/GlyphText/FontText_7D0D.font.s
[GEN]	Fonts/build/GlyphText/FontText_5553.font.s
[GEN]	Fonts/build/GlyphText/FontText_30BD.font.s
[GEN]	Fonts/build/GlyphText/FontText_69CB.font.s
[GEN]	Fonts/build/GlyphText/FontText_5642.font.s
[GEN]	Fonts/build/GlyphText/FontText_30BE.font.s
[GEN]	Fonts/build/GlyphText/FontText_5F93.font.s
[GEN]	Fonts/build/GlyphText/FontText_8EE2.font.s
[GEN]	Fonts/build/GlyphText/FontText_72A0.font.s
[GEN]	Fonts/build/GlyphText/FontText_8A55.font.s
[GEN]	Fonts/build/GlyphText/FontText_8A03.font.s
[GEN]	Fonts/build/GlyphText/FontText_8133.font.s
[GEN]	Fonts/build/GlyphText/FontText_30BF.font.s
[GEN]	Fonts/build/GlyphText/FontText_FF0F.font.s
[GEN]	Fonts/build/GlyphText/FontText_904B.font.s
[GEN]	Fonts/build/GlyphText/FontText_9332.font.s
[GEN]	Fonts/build/GlyphText/FontText_8CDB.font.s
[GEN]	Fonts/build/GlyphText/FontText_30C0.font.s
[GEN]	Fonts/build/GlyphText/FontText_96F2.font.s
[GEN]	Fonts/build/GlyphText/FontText_FF3C.font.s
[GEN]	Fonts/build/GlyphText/FontText_8AD6.font.s
[GEN]	Fonts/build/GlyphText/FontText_8FB2.font.s
[GEN]	Fonts/build/GlyphText/FontText_30C1.font.s
[GEN]	Fonts/build/GlyphText/FontText_FF5E.font.s
[GEN]	Fonts/build/GlyphText/FontText_FF21.font.s
[GEN]	Fonts/build/GlyphText/FontText_7FA9.font.s
[GEN]	Fonts/build/GlyphText/FontText_4F1D.font.s
[GEN]	Fonts/build/GlyphText/FontText_8F3F.font.s
[GEN]	Fonts/build/GlyphText/FontText_30C2.font.s
[GEN]	Fonts/build/GlyphText/FontText_FF22.font.s
[GEN]	Fonts/build/GlyphText/FontText_8A95.font.s
[GEN]	Fonts/build/GlyphText/FontText_9810.font.s
[GEN]	Fonts/build/GlyphText/FontText_65AC.font.s
[GEN]	Fonts/build/GlyphText/FontText_6E0B.font.s
[GEN]	Fonts/build/GlyphText/FontText_7D33.font.s
[GEN]	Fonts/build/GlyphText/FontText_30C3.font.s
[GEN]	Fonts/build/GlyphText/FontText_FF23.font.s
[GEN]	Fonts/build/GlyphText/FontText_8A71.font.s
[GEN]	Fonts/build/GlyphText/FontText_50AD.font.s
[GEN]	Fonts/build/GlyphText/FontText_6075.font.s
[GEN]	Fonts/build/GlyphText/FontText_790E.font.s
[GEN]	Fonts/build/GlyphText/FontText_935B.font.s
[GEN]	Fonts/build/GlyphText/FontText_7363.font.s
[GEN]	Fonts/build/GlyphText/FontText_30C4.font.s
[GEN]	Fonts/build/GlyphText/FontText_FF24.font.s
[GEN]	Fonts/build/GlyphText/FontText_56E3.font.s
[GEN]	Fonts/build/GlyphText/FontText_8B70.font.s
[GEN]	Fonts/build/GlyphText/FontText_55B6.font.s
[GEN]	Fonts/build/GlyphText/FontText_30C5.font.s
[GEN]	Fonts/build/GlyphText/FontText_FF25.font.s
[GEN]	Fonts/build/GlyphText/FontText_58C7.font.s
[GEN]	Fonts/build/GlyphText/FontText_96FB.font.s
[GEN]	Fonts/build/GlyphText/FontText_8B00.font.s
[GEN]	Fonts/build/GlyphText/FontText_5687.font.s
[GEN]	Fonts/build/GlyphText/FontText_30C6.font.s
[GEN]	Fonts/build/GlyphText/FontText_FF26.font.s
[GEN]	Fonts/build/GlyphText/FontText_89AA.font.s
[GEN]	Fonts/build/GlyphText/FontText_8987.font.s
[GEN]	Fonts/build/GlyphText/FontText_5F3E.font.s
[GEN]	Fonts/build/GlyphText/FontText_8107.font.s
[GEN]	Fonts/build/GlyphText/FontText_30C7.font.s
[GEN]	Fonts/build/GlyphText/FontText_FF27.font.s
[GEN]	Fonts/build/GlyphText/FontText_8CBF.font.s
[GEN]	Fonts/build/GlyphText/FontText_8A3A.font.s
[GEN]	Fonts/build/GlyphText/FontText_30C8.font.s
[GEN]	Fonts/build/GlyphText/FontText_FF28.font.s
[GEN]	Fonts/build/GlyphText/FontText_7D05.font.s
[GEN]	Fonts/build/GlyphText/FontText_7D44.font.s
[GEN]	Fonts/build/GlyphText/FontText_62E1.font.s
[GEN]	Fonts/build/GlyphText/FontText_67A0.font.s
[GEN]	Fonts/build/GlyphText/FontText_5B0C.font.s
[GEN]	Fonts/build/GlyphText/FontText_30C9.font.s
[GEN]	Fonts/build/GlyphText/FontText_FF29.font.s
[GEN]	Fonts/build/GlyphText/FontText_6804.font.s
[GEN]	Fonts/build/GlyphText/FontText_63FA.font.s
[GEN]	Fonts/build/GlyphText/FontText_9DF2.font.s
[GEN]	Fonts/build/GlyphText/FontText_5857.font.s
[GEN]	Fonts/build/GlyphText/FontText_5191.font.s
[GEN]	Fonts/build/GlyphText/FontText_30CA.font.s
[GEN]	Fonts/build/GlyphText/FontText_FF2A.font.s
[GEN]	Fonts/build/GlyphText/FontText_9032.font.s
[GEN]	Fonts/build/GlyphText/FontText_59AC.font.s
[GEN]	Fonts/build/GlyphText/FontText_64C1.font.s
[GEN]	Fonts/build/GlyphText/FontText_8A34.font.s
[GEN]	Fonts/build/GlyphText/FontText_30CB.font.s
[GEN]	Fonts/build/GlyphText/FontText_FF2B.font.s
[GEN]	Fonts/build/GlyphText/FontText_91DD.font.s
[GEN]	Fonts/build/GlyphText/FontText_982C.font.s
[GEN]	Fonts/build/GlyphText/FontText_7DB1.font.s
[GEN]	Fonts/build/GlyphText/FontText_30CC.font.s
[GEN]	Fonts/build/GlyphText/FontText_FF2C.font.s
[GEN]	Fonts/build/GlyphText/FontText_8AC7.font.s
[GEN]	Fonts/build/GlyphText/FontText_7E2E.font.s
[GEN]	Fonts/build/GlyphText/FontText_6BBB.font.s
[GEN]	Fonts/build/GlyphText/FontText_6E13.font.s
[GEN]	Fonts/build/GlyphText/FontText_30CD.font.s
[GEN]	Fonts/build/GlyphText/FontText_FF2D.font.s
[GEN]	Fonts/build/GlyphText/FontText_69D8.font.s
[GEN]	Fonts/build/GlyphText/FontText_5024.font.s
[GEN]	Fonts/build/GlyphText/FontText_7C9B.font.s
[GEN]	Fonts/build/GlyphText/FontText_7372.font.s
[GEN]	Fonts/build/GlyphText/FontText_8A70.font.s
[GEN]	Fonts/build/GlyphText/FontText_50D5.font.s
[GEN]	Fonts/build/GlyphText/FontText_8A6B.font.s
[GEN]	Fonts/build/GlyphText/FontText_30CE.font.s
[GEN]	Fonts/build/GlyphText/FontText_FF2E.font.s
[GEN]	Fonts/build/GlyphText/FontText_30CF.font.s
[GEN]	Fonts/build/GlyphText/FontText_FF2F.font.s
[GEN]	Fonts/build/GlyphText/FontText_99AC.font.s
[GEN]	Fonts/build/GlyphText/FontText_5275.font.s
[GEN]	Fonts/build/GlyphText/FontText_8CA7.font.s
[GEN]	Fonts/build/GlyphText/FontText_7A6B.font.s
[GEN]	Fonts/build/GlyphText/FontText_30D0.font.s
[GEN]	Fonts/build/GlyphText/FontText_FF30.font.s
[GEN]	Fonts/build/GlyphText/FontText_59C9.font.s
[GEN]	Fonts/build/GlyphText/FontText_7D4C.font.s
[GEN]	Fonts/build/GlyphText/FontText_899A.font.s
[GEN]	Fonts/build/GlyphText/FontText_5875.font.s
[GEN]	Fonts/build/GlyphText/FontText_8CD3.font.s
[GEN]	Fonts/build/GlyphText/FontText_64B2.font.s
[GEN]	Fonts/build/GlyphText/FontText_30D1.font.s
[GEN]	Fonts/build/GlyphText/FontText_FF31.font.s
[GEN]	Fonts/build/GlyphText/FontText_8853.font.s
[GEN]	Fonts/build/GlyphText/FontText_7D99.font.s
[GEN]	Fonts/build/GlyphText/FontText_6065.font.s
[GEN]	Fonts/build/GlyphText/FontText_0430.font.s
[GEN]	Fonts/build/GlyphText/FontText_5EC3.font.s
[GEN]	Fonts/build/GlyphText/FontText_983B.font.s
[GEN]	Fonts/build/GlyphText/FontText_30D2.font.s
[GEN]	Fonts/build/GlyphText/FontText_FF32.font.s
[GEN]	Fonts/build/GlyphText/FontText_885B.font.s
[GEN]	Fonts/build/GlyphText/FontText_62DD.font.s
[GEN]	Fonts/build/GlyphText/FontText_8CED.font.s
[GEN]	Fonts/build/GlyphText/FontText_5C0B.font.s
[GEN]	Fonts/build/GlyphText/FontText_0431.font.s
[GEN]	Fonts/build/GlyphText/FontText_7E4B.font.s
[GEN]	Fonts/build/GlyphText/FontText_5009.font.s
[GEN]	Fonts/build/GlyphText/FontText_30D3.font.s
[GEN]	Fonts/build/GlyphText/FontText_FF33.font.s
[GEN]	Fonts/build/GlyphText/FontText_8F03.font.s
[GEN]	Fonts/build/GlyphText/FontText_5C4D.font.s
[GEN]	Fonts/build/GlyphText/FontText_6BB2.font.s
[GEN]	Fonts/build/GlyphText/FontText_0432.font.s
[GEN]	Fonts/build/GlyphText/FontText_8A60.font.s
[GEN]	Fonts/build/GlyphText/FontText_30D4.font.s
[GEN]	Fonts/build/GlyphText/FontText_FF34.font.s
[GEN]	Fonts/build/GlyphText/FontText_6557.font.s
[GEN]	Fonts/build/GlyphText/FontText_92ED.font.s
[GEN]	Fonts/build/GlyphText/FontText_0433.font.s
[GEN]	Fonts/build/GlyphText/FontText_30D5.font.s
[GEN]	Fonts/build/GlyphText/FontText_FF35.font.s
[GEN]	Fonts/build/GlyphText/FontText_0434.font.s
[GEN]	Fonts/build/GlyphText/FontText_5E2B.font.s
[GEN]	Fonts/build/GlyphText/FontText_8449.font.s
[GEN]	Fonts/build/GlyphText/FontText_95A3.font.s
[GEN]	Fonts/build/GlyphText/FontText_30D6.font.s
[GEN]	Fonts/build/GlyphText/FontText_FF36.font.s
[GEN]	Fonts/build/GlyphText/FontText_86CD.font.s
[GEN]	Fonts/build/GlyphText/FontText_8B1B.font.s
[GEN]	Fonts/build/GlyphText/FontText_30D7.font.s
[GEN]	Fonts/build/GlyphText/FontText_FF37.font.s
[GEN]	Fonts/build/GlyphText/FontText_8A08.font.s
[GEN]	Fonts/build/GlyphText/FontText_30D8.font.s
[GEN]	Fonts/build/GlyphText/FontText_FF38.font.s
[GEN]	Fonts/build/GlyphText/FontText_9663.font.s
[GEN]	Fonts/build/GlyphText/FontText_5A66.font.s
[GEN]	Fonts/build/GlyphText/FontText_5C64.font.s
[GEN]	Fonts/build/GlyphText/FontText_0436.font.s
[GEN]	Fonts/build/GlyphText/FontText_30D9.font.s
[GEN]	Fonts/build/GlyphText/FontText_FF39.font.s
[GEN]	Fonts/build/GlyphText/FontText_9045.font.s
[GEN]	Fonts/build/GlyphText/FontText_976D.font.s
[GEN]	Fonts/build/GlyphText/FontText_30DA.font.s
[GEN]	Fonts/build/GlyphText/FontText_FF3A.font.s
[GEN]	Fonts/build/GlyphText/FontText_8EFD.font.s
[GEN]	Fonts/build/GlyphText/FontText_8F29.font.s
[GEN]	Fonts/build/GlyphText/FontText_697D.font.s
[GEN]	Fonts/build/GlyphText/FontText_8ACD.font.s
[GEN]	Fonts/build/GlyphText/FontText_8B01.font.s
[GEN]	Fonts/build/GlyphText/FontText_99B3.font.s
[GEN]	Fonts/build/GlyphText/FontText_30DB.font.s
[GEN]	Fonts/build/GlyphText/FontText_7BC9.font.s
[GEN]	Fonts/build/GlyphText/FontText_967D.font.s
[GEN]	Fonts/build/GlyphText/FontText_984D.font.s
[GEN]	Fonts/build/GlyphText/FontText_9271.font.s
[GEN]	Fonts/build/GlyphText/FontText_30DC.font.s
[GEN]	Fonts/build/GlyphText/FontText_990A.font.s
[GEN]	Fonts/build/GlyphText/FontText_5BAE.font.s
[GEN]	Fonts/build/GlyphText/FontText_635C.font.s
[GEN]	Fonts/build/GlyphText/FontText_30DD.font.s
[GEN]	Fonts/build/GlyphText/FontText_FF0D.font.s
[GEN]	Fonts/build/GlyphText/FontText_6383.font.s
[GEN]	Fonts/build/GlyphText/FontText_92FC.font.s
[GEN]	Fonts/build/GlyphText/FontText_639F.font.s
[GEN]	Fonts/build/GlyphText/FontText_639B.font.s
[GEN]	Fonts/build/GlyphText/FontText_30DE.font.s
[GEN]	Fonts/build/GlyphText/FontText_56F3.font.s
[GEN]	Fonts/build/GlyphText/FontText_30DF.font.s
[GEN]	Fonts/build/GlyphText/FontText_00D7.font.s
[GEN]	Fonts/build/GlyphText/FontText_5186.font.s
[GEN]	Fonts/build/GlyphText/FontText_30E0.font.s
[GEN]	Fonts/build/GlyphText/FontText_6E96.font.s
[GEN]	Fonts/build/GlyphText/FontText_51CD.font.s
[GEN]	Fonts/build/GlyphText/FontText_5287.font.s
[GEN]	Fonts/build/GlyphText/FontText_9805.font.s
[GEN]	Fonts/build/GlyphText/FontText_5712.font.s
[GEN]	Fonts/build/GlyphText/FontText_30E1.font.s
[GEN]	Fonts/build/GlyphText/FontText_FF41.font.s
[GEN]	Fonts/build/GlyphText/FontText_30E2.font.s
[GEN]	Fonts/build/GlyphText/FontText_FF42.font.s
[GEN]	Fonts/build/GlyphText/FontText_6483.font.s
[GEN]	Fonts/build/GlyphText/FontText_7345.font.s
[GEN]	Fonts/build/GlyphText/FontText_30E3.font.s
[GEN]	Fonts/build/GlyphText/FontText_FF43.font.s
[GEN]	Fonts/build/GlyphText/FontText_FF1C.font.s
[GEN]	Fonts/build/GlyphText/FontText_5DE3.font.s
[GEN]	Fonts/build/GlyphText/FontText_8CB7.font.s
[GEN]	Fonts/build/GlyphText/FontText_7D14.font.s
[GEN]	Fonts/build/GlyphText/FontText_30E4.font.s
[GEN]	Fonts/build/GlyphText/FontText_FF44.font.s
[GEN]	Fonts/build/GlyphText/FontText_FF1E.font.s
[GEN]	Fonts/build/GlyphText/FontText_69CD.font.s
[GEN]	Fonts/build/GlyphText/FontText_58F2.font.s
[GEN]	Fonts/build/GlyphText/FontText_525B.font.s
[GEN]	Fonts/build/GlyphText/FontText_30E5.font.s
[GEN]	Fonts/build/GlyphText/FontText_FF45.font.s
[GEN]	Fonts/build/GlyphText/FontText_7F85.font.s
[GEN]	Fonts/build/GlyphText/FontText_30E6.font.s
[GEN]	Fonts/build/GlyphText/FontText_FF46.font.s
[GEN]	Fonts/build/GlyphText/FontText_7D19.font.s
[GEN]	Fonts/build/GlyphText/FontText_5091.font.s
[GEN]	Fonts/build/GlyphText/FontText_689F.font.s
[GEN]	Fonts/build/GlyphText/FontText_30E7.font.s
[GEN]	Fonts/build/GlyphText/FontText_FF47.font.s
[GEN]	Fonts/build/GlyphText/FontText_5CF6.font.s
[GEN]	Fonts/build/GlyphText/FontText_9806.font.s
[GEN]	Fonts/build/GlyphText/FontText_7AAE.font.s
[GEN]	Fonts/build/GlyphText/FontText_30E8.font.s
[GEN]	Fonts/build/GlyphText/FontText_FF48.font.s
[GEN]	Fonts/build/GlyphText/FontText_6C7A.font.s
[GEN]	Fonts/build/GlyphText/FontText_51E6.font.s
[GEN]	Fonts/build/GlyphText/FontText_6BCE.font.s
[GEN]	Fonts/build/GlyphText/FontText_7C8B.font.s
[GEN]	Fonts/build/GlyphText/FontText_30E9.font.s
[GEN]	Fonts/build/GlyphText/FontText_FF49.font.s
[GEN]	Fonts/build/GlyphText/FontText_8CA0.font.s
[GEN]	Fonts/build/GlyphText/FontText_7D1A.font.s
[GEN]	Fonts/build/GlyphText/FontText_6E07.font.s
[GEN]	Fonts/build/GlyphText/FontText_6F54.font.s
[GEN]	Fonts/build/GlyphText/FontText_30EA.font.s
[GEN]	Fonts/build/GlyphText/FontText_FF4A.font.s
[GEN]	Fonts/build/GlyphText/FontText_983C.font.s
[GEN]	Fonts/build/GlyphText/FontText_30EB.font.s
[GEN]	Fonts/build/GlyphText/FontText_FF4B.font.s
[GEN]	Fonts/build/GlyphText/FontText_8996.font.s
[GEN]	Fonts/build/GlyphText/FontText_7D66.font.s
[GEN]	Fonts/build/GlyphText/FontText_30EC.font.s
[GEN]	Fonts/build/GlyphText/FontText_FF4C.font.s
[GEN]	Fonts/build/GlyphText/FontText_6771.font.s
[GEN]	Fonts/build/GlyphText/FontText_7159.font.s
[GEN]	Fonts/build/GlyphText/FontText_8A5E.font.s
[GEN]	Fonts/build/GlyphText/FontText_9154.font.s
[GEN]	Fonts/build/GlyphText/FontText_30ED.font.s
[GEN]	Fonts/build/GlyphText/FontText_FF4D.font.s
[GEN]	Fonts/build/GlyphText/FontText_7D61.font.s
[GEN]	Fonts/build/GlyphText/FontText_7DCF.font.s
[GEN]	Fonts/build/GlyphText/FontText_8A69.font.s
[GEN]	Fonts/build/GlyphText/FontText_8F44.font.s
[GEN]	Fonts/build/GlyphText/FontText_8A23.font.s
[GEN]	Fonts/build/GlyphText/FontText_FF4E.font.s
[GEN]	Fonts/build/GlyphText/FontText_8A66.font.s
[GEN]	Fonts/build/GlyphText/FontText_30EF.font.s
[GEN]	Fonts/build/GlyphText/FontText_FF4F.font.s
[GEN]	Fonts/build/GlyphText/FontText_7DD2.font.s
[GEN]	Fonts/build/GlyphText/FontText_7E01.font.s
[GEN]	Fonts/build/GlyphText/FontText_8061.font.s
[GEN]	Fonts/build/GlyphText/FontText_FF50.font.s
[GEN]	Fonts/build/GlyphText/FontText_5039.font.s
[GEN]	Fonts/build/GlyphText/FontText_FF51.font.s
[GEN]	Fonts/build/GlyphText/FontText_66F8.font.s
[GEN]	Fonts/build/GlyphText/FontText_8CC7.font.s
[GEN]	Fonts/build/GlyphText/FontText_FF52.font.s
[GEN]	Fonts/build/GlyphText/FontText_30F2.font.s
[GEN]	Fonts/build/GlyphText/FontText_62E0.font.s
[GEN]	Fonts/build/GlyphText/FontText_5D50.font.s
[GEN]	Fonts/build/GlyphText/FontText_8CDC.font.s
[GEN]	Fonts/build/GlyphText/FontText_7647.font.s
[GEN]	Fonts/build/GlyphText/FontText_30F3.font.s
[GEN]	Fonts/build/GlyphText/FontText_FF53.font.s
[GEN]	Fonts/build/GlyphText/FontText_9060.font.s
[GEN]	Fonts/build/GlyphText/FontText_6319.font.s
[GEN]	Fonts/build/GlyphText/FontText_99D0.font.s
[GEN]	Fonts/build/GlyphText/FontText_84BC.font.s
[GEN]	Fonts/build/GlyphText/FontText_30F4.font.s
[GEN]	Fonts/build/GlyphText/FontText_FF54.font.s
[GEN]	Fonts/build/GlyphText/FontText_8AF8.font.s
[GEN]	Fonts/build/GlyphText/FontText_98FC.font.s
[GEN]	Fonts/build/GlyphText/FontText_FF55.font.s
[GEN]	Fonts/build/GlyphText/FontText_9ED2.font.s
[GEN]	Fonts/build/GlyphText/FontText_5263.font.s
[GEN]	Fonts/build/GlyphText/FontText_6B6F.font.s
[GEN]	Fonts/build/GlyphText/FontText_FF06.font.s
[GEN]	Fonts/build/GlyphText/FontText_85CD.font.s
[GEN]	Fonts/build/GlyphText/FontText_FF56.font.s
[GEN]	Fonts/build/GlyphText/FontText_7344.font.s
[GEN]	Fonts/build/GlyphText/FontText_8A31.font.s
[GEN]	Fonts/build/GlyphText/FontText_30F6.font.s
[GEN]	Fonts/build/GlyphText/FontText_5869.font.s
[GEN]	Fonts/build/GlyphText/FontText_FF57.font.s
[GEN]	Fonts/build/GlyphText/FontText_98A8.font.s
[GEN]	Fonts/build/GlyphText/FontText_89A7.font.s
[GEN]	Fonts/build/GlyphText/FontText_FF58.font.s
[GEN]	Fonts/build/GlyphText/FontText_6C5A.font.s
[GEN]	Fonts/build/GlyphText/FontText_5805.font.s
[GEN]	Fonts/build/GlyphText/FontText_FF59.font.s
[GEN]	Fonts/build/GlyphText/FontText_5150.font.s
[GEN]	Fonts/build/GlyphText/FontText_8CAF.font.s
[GEN]	Fonts/build/GlyphText/FontText_6F01.font.s
[GEN]	Fonts/build/GlyphText/FontText_56EE.font.s
[GEN]	Fonts/build/GlyphText/FontText_FF5A.font.s
[GEN]	Fonts/build/GlyphText/FontText_565B.font.s
[GEN]	Fonts/build/GlyphText/FontText_9A12.font.s
[GEN]	Fonts/build/GlyphText/FontText_9B5A.font.s
[GEN]	Fonts/build/GlyphText/FontText_7E1B.font.s
[GEN]	Fonts/build/GlyphText/FontText_766A.font.s
[GEN]	Fonts/build/GlyphText/FontText_5FA9.font.s
[GEN]	Fonts/build/GlyphText/FontText_61F8.font.s
[GEN]	Fonts/build/GlyphText/FontText_7D71.font.s
[GEN]	Fonts/build/GlyphText/FontText_5897.font.s
[GEN]	Fonts/build/GlyphText/FontText_50B7.font.s
[GEN]	Fonts/build/GlyphText/FontText_8FBC.font.s
[GEN]	Fonts/build/GlyphText/FontText_6642.font.s
[GEN]	Fonts/build/GlyphText/FontText_511F.font.s
[GEN]	Fonts/build/GlyphText/FontText_5FDC.font.s
[GEN]	Fonts/build/GlyphText/FontText_6E80.font.s
[GEN]	Fonts/build/GlyphText/FontText_5BF5.font.s
[GEN]	Fonts/build/GlyphText/FontText_3041.font.s
[GEN]	Fonts/build/GlyphText/FontText_52DD.font.s
[GEN]	Fonts/build/GlyphText/FontText_691C.font.s
[GEN]	Fonts/build/GlyphText/FontText_81D3.font.s
[GEN]	Fonts/build/GlyphText/FontText_3042.font.s
[GEN]	Fonts/build/GlyphText/FontText_9803.font.s
[GEN]	Fonts/build/GlyphText/FontText_6A29.font.s
[GEN]	Fonts/build/GlyphText/FontText_88CF.font.s
[GEN]	Fonts/build/GlyphText/FontText_8535.font.s
[GEN]	Fonts/build/GlyphText/FontText_5E33.font.s
[GEN]	Fonts/build/GlyphText/FontText_3043.font.s
[GEN]	Fonts/build/GlyphText/FontText_8907.font.s
[GEN]	Fonts/build/GlyphText/FontText_8D08.font.s
[GEN]	Fonts/build/GlyphText/FontText_3044.font.s
[GEN]	Fonts/build/GlyphText/FontText_8A0E.font.s
[GEN]	Fonts/build/GlyphText/FontText_5F14.font.s
[GEN]	Fonts/build/GlyphText/FontText_3045.font.s
[GEN]	Fonts/build/GlyphText/FontText_96E2.font.s
[GEN]	Fonts/build/GlyphText/FontText_5F35.font.s
[GEN]	Fonts/build/GlyphText/FontText_7AF6.font.s
[GEN]	Fonts/build/GlyphText/FontText_702C.font.s
[GEN]	Fonts/build/GlyphText/FontText_6DF5.font.s
[GEN]	Fonts/build/GlyphText/FontText_3046.font.s
[GEN]	Fonts/build/GlyphText/FontText_611B.font.s
[GEN]	Fonts/build/GlyphText/FontText_9678.font.s
[GEN]	Fonts/build/GlyphText/FontText_5074.font.s
[GEN]	Fonts/build/GlyphText/FontText_7B48.font.s
[GEN]	Fonts/build/GlyphText/FontText_6D1F.font.s
[GEN]	Fonts/build/GlyphText/FontText_5F6B.font.s
[GEN]	Fonts/build/GlyphText/FontText_3047.font.s
[GEN]	Fonts/build/GlyphText/FontText_6255.font.s
[GEN]	Fonts/build/GlyphText/FontText_5FB4.font.s
[GEN]	Fonts/build/GlyphText/FontText_5247.font.s
[GEN]	Fonts/build/GlyphText/FontText_3048.font.s
[GEN]	Fonts/build/GlyphText/FontText_5354.font.s
[GEN]	Fonts/build/GlyphText/FontText_7D79.font.s
[GEN]	Fonts/build/GlyphText/FontText_3049.font.s
[GEN]	Fonts/build/GlyphText/FontText_3012.font.s
[GEN]	Fonts/build/GlyphText/FontText_5968.font.s
[GEN]	Fonts/build/GlyphText/FontText_304A.font.s
[GEN]	Fonts/build/GlyphText/FontText_52E2.font.s
[GEN]	Fonts/build/GlyphText/FontText_7551.font.s
[GEN]	Fonts/build/GlyphText/FontText_304B.font.s
[GEN]	Fonts/build/GlyphText/FontText_7F60.font.s
[GEN]	Fonts/build/GlyphText/FontText_898B.font.s
[GEN]	Fonts/build/GlyphText/FontText_52E7.font.s
[GEN]	Fonts/build/GlyphText/FontText_304C.font.s
[GEN]	Fonts/build/GlyphText/FontText_982D.font.s
[GEN]	Fonts/build/GlyphText/FontText_5DFB.font.s
[GEN]	Fonts/build/GlyphText/FontText_6E2C.font.s
[GEN]	Fonts/build/GlyphText/FontText_304D.font.s
[GEN]	Fonts/build/GlyphText/FontText_60AA.font.s
[GEN]	Fonts/build/GlyphText/FontText_8CE2.font.s
[GEN]	Fonts/build/GlyphText/FontText_559A.font.s
[GEN]	Fonts/build/GlyphText/FontText_304E.font.s
[GEN]	Fonts/build/GlyphText/FontText_95D8.font.s
[GEN]	Fonts/build/GlyphText/FontText_8ED2.font.s
[GEN]	Fonts/build/GlyphText/FontText_304F.font.s
[GEN]	Fonts/build/GlyphText/FontText_5F37.font.s
[GEN]	Fonts/build/GlyphText/FontText_767A.font.s
[GEN]	Fonts/build/GlyphText/FontText_50CD.font.s
[GEN]	Fonts/build/GlyphText/FontText_5104.font.s
[GEN]	Fonts/build/GlyphText/FontText_3050.font.s
[GEN]	Fonts/build/GlyphText/FontText_52D5.font.s
[GEN]	Fonts/build/GlyphText/FontText_8074.font.s
[GEN]	Fonts/build/GlyphText/FontText_61A4.font.s
[GEN]	Fonts/build/GlyphText/FontText_3051.font.s
[GEN]	Fonts/build/GlyphText/FontText_8CCA.font.s
[GEN]	Fonts/build/GlyphText/FontText_8B58.font.s
[GEN]	Fonts/build/GlyphText/FontText_61B6.font.s
[GEN]	Fonts/build/GlyphText/FontText_967A.font.s
[GEN]	Fonts/build/GlyphText/FontText_9AEA.font.s
[GEN]	Fonts/build/GlyphText/FontText_3052.font.s
[GEN]	Fonts/build/GlyphText/FontText_5BDB.font.s
[GEN]	Fonts/build/GlyphText/FontText_3053.font.s
[GEN]	Fonts/build/GlyphText/FontText_7D9A.font.s
[GEN]	Fonts/build/GlyphText/FontText_52D9.font.s
[GEN]	Fonts/build/GlyphText/FontText_9A13.font.s
[GEN]	Fonts/build/GlyphText/FontText_5C0E.font.s
[GEN]	Fonts/build/GlyphText/FontText_7F70.font.s
[GEN]	Fonts/build/GlyphText/FontText_596E.font.s
[GEN]	Fonts/build/GlyphText/FontText_3054.font.s
[GEN]	Fonts/build/GlyphText/FontText_629C.font.s
[GEN]	Fonts/build/GlyphText/FontText_8ABF.font.s
[GEN]	Fonts/build/GlyphText/FontText_5922.font.s
[GEN]	Fonts/build/GlyphText/FontText_5E79.font.s
[GEN]	Fonts/build/GlyphText/FontText_3055.font.s
[GEN]	Fonts/build/GlyphText/FontText_7ADC.font.s
[GEN]	Fonts/build/GlyphText/FontText_7121.font.s
[GEN]	Fonts/build/GlyphText/FontText_5727.font.s
[GEN]	Fonts/build/GlyphText/FontText_3056.font.s
[GEN]	Fonts/build/GlyphText/FontText_6A4B.font.s
[GEN]	Fonts/build/GlyphText/FontText_7D1B.font.s
[GEN]	Fonts/build/GlyphText/FontText_3057.font.s
[GEN]	Fonts/build/GlyphText/FontText_6271.font.s
[GEN]	Fonts/build/GlyphText/FontText_4FB6.font.s
[GEN]	Fonts/build/GlyphText/FontText_6CC1.font.s
[GEN]	Fonts/build/GlyphText/FontText_6163.font.s
[GEN]	Fonts/build/GlyphText/FontText_53B3.font.s
[GEN]	Fonts/build/GlyphText/FontText_96F0.font.s
[GEN]	Fonts/build/GlyphText/FontText_63C3.font.s
[GEN]	Fonts/build/GlyphText/FontText_3058.font.s
[GEN]	Fonts/build/GlyphText/FontText_9727.font.s
[GEN]	Fonts/build/GlyphText/FontText_616E.font.s
[GEN]	Fonts/build/GlyphText/FontText_3059.font.s
[GEN]	Fonts/build/GlyphText/FontText_9577.font.s
[GEN]	Fonts/build/GlyphText/FontText_5B6B.font.s
[GEN]	Fonts/build/GlyphText/FontText_805E.font.s
[GEN]	Fonts/build/GlyphText/FontText_63DB.font.s
[GEN]	Fonts/build/GlyphText/FontText_57F7.font.s
[GEN]	Fonts/build/GlyphText/FontText_305A.font.s
[GEN]	Fonts/build/GlyphText/FontText_6E1B.font.s
[GEN]	Fonts/build/GlyphText/FontText_6607.font.s
[GEN]	Fonts/build/GlyphText/FontText_865C.font.s
[GEN]	Fonts/build/GlyphText/FontText_7A4F.font.s
[GEN]	Fonts/build/GlyphText/FontText_9802.font.s
[GEN]	Fonts/build/GlyphText/FontText_67FB.font.s
[GEN]	Fonts/build/GlyphText/FontText_305B.font.s
[GEN]	Fonts/build/GlyphText/FontText_8056.font.s
[GEN]	Fonts/build/GlyphText/FontText_4F75.font.s
[GEN]	Fonts/build/GlyphText/FontText_9CE5.font.s
[GEN]	Fonts/build/GlyphText/FontText_640D.font.s
[GEN]	Fonts/build/GlyphText/FontText_305C.font.s
[GEN]	Fonts/build/GlyphText/FontText_52C5.font.s
[GEN]	Fonts/build/GlyphText/FontText_8105.font.s
[GEN]	Fonts/build/GlyphText/FontText_305D.font.s
[GEN]	Fonts/build/GlyphText/FontText_73FE.font.s
[GEN]	Fonts/build/GlyphText/FontText_8208.font.s
[GEN]	Fonts/build/GlyphText/FontText_5CE0.font.s
[GEN]	Fonts/build/GlyphText/FontText_88FD.font.s
[GEN]	Fonts/build/GlyphText/FontText_305E.font.s
[GEN]	Fonts/build/GlyphText/FontText_4E21.font.s
[GEN]	Fonts/build/GlyphText/FontText_4EEE.font.s
[GEN]	Fonts/build/GlyphText/FontText_305F.font.s
[GEN]	Fonts/build/GlyphText/FontText_8AA0.font.s
[GEN]	Fonts/build/GlyphText/FontText_6B53.font.s
[GEN]	Fonts/build/GlyphText/FontText_90F7.font.s
[GEN]	Fonts/build/GlyphText/FontText_3060.font.s
[GEN]	Fonts/build/GlyphText/FontText_93E1.font.s
[GEN]	Fonts/build/GlyphText/FontText_3061.font.s
[GEN]	Fonts/build/GlyphText/FontText_8CEA.font.s
[GEN]	Fonts/build/GlyphText/FontText_8ACB.font.s
[GEN]	Fonts/build/GlyphText/FontText_4FA1.font.s
[GEN]	Fonts/build/GlyphText/FontText_97FF.font.s
[GEN]	Fonts/build/GlyphText/FontText_6F22.font.s
[GEN]	Fonts/build/GlyphText/FontText_5FB3.font.s
[GEN]	Fonts/build/GlyphText/FontText_3062.font.s
[GEN]	Fonts/build/GlyphText/FontText_5B9F.font.s
[GEN]	Fonts/build/GlyphText/FontText_4E26.font.s
[GEN]	Fonts/build/GlyphText/FontText_6D9C.font.s
[GEN]	Fonts/build/GlyphText/FontText_3063.font.s
[GEN]	Fonts/build/GlyphText/FontText_9A5A.font.s
[GEN]	Fonts/build/GlyphText/FontText_93AE.font.s
[GEN]	Fonts/build/GlyphText/FontText_9298.font.s
[GEN]	Fonts/build/GlyphText/FontText_6DBC.font.s
[GEN]	Fonts/build/GlyphText/FontText_3064.font.s
[GEN]	Fonts/build/GlyphText/FontText_500B.font.s
[GEN]	Fonts/build/GlyphText/FontText_731F.font.s
[GEN]	Fonts/build/GlyphText/FontText_9589.font.s
[GEN]	Fonts/build/GlyphText/FontText_6E09.font.s
[GEN]	Fonts/build/GlyphText/FontText_9CF4.font.s
[GEN]	Fonts/build/GlyphText/FontText_74B0.font.s
[GEN]	Fonts/build/GlyphText/FontText_3065.font.s
[GEN]	Fonts/build/GlyphText/FontText_03B5.font.s
[GEN]	Fonts/build/GlyphText/FontText_59EA.font.s
[GEN]	Fonts/build/GlyphText/FontText_7642.font.s
[GEN]	Fonts/build/GlyphText/FontText_8CAA.font.s
[GEN]	Fonts/build/GlyphText/FontText_3066.font.s
[GEN]	Fonts/build/GlyphText/FontText_713C.font.s
[GEN]	Fonts/build/GlyphText/FontText_76E3.font.s
[GEN]	Fonts/build/GlyphText/FontText_6C4E.font.s
[GEN]	Fonts/build/GlyphText/FontText_3067.font.s
[GEN]	Fonts/build/GlyphText/FontText_6EC5.font.s
[GEN]	Fonts/build/GlyphText/FontText_95C7.font.s
[GEN]	Fonts/build/GlyphText/FontText_6681.font.s
[GEN]	Fonts/build/GlyphText/FontText_9801.font.s
[GEN]	Fonts/build/GlyphText/FontText_3068.font.s
[GEN]	Fonts/build/GlyphText/FontText_696D.font.s
[GEN]	Fonts/build/GlyphText/FontText_7CE7.font.s
[GEN]	Fonts/build/GlyphText/FontText_3069.font.s
[GEN]	Fonts/build/GlyphText/FontText_8AAD.font.s
[GEN]	Fonts/build/GlyphText/FontText_96BB.font.s
[GEN]	Fonts/build/GlyphText/FontText_306A.font.s
[GEN]	Fonts/build/GlyphText/FontText_7C21.font.s
[GEN]	Fonts/build/GlyphText/FontText_306B.font.s
[GEN]	Fonts/build/GlyphText/FontText_6975.font.s
[GEN]	Fonts/build/GlyphText/FontText_820E.font.s
[GEN]	Fonts/build/GlyphText/FontText_5EAB.font.s
[GEN]	Fonts/build/GlyphText/FontText_7DE9.font.s
[GEN]	Fonts/build/GlyphText/FontText_306C.font.s
[GEN]	Fonts/build/GlyphText/FontText_5225.font.s
[GEN]	Fonts/build/GlyphText/FontText_99C4.font.s
[GEN]	Fonts/build/GlyphText/FontText_306D.font.s
[GEN]	Fonts/build/GlyphText/FontText_21D2.font.s
[GEN]	Fonts/build/GlyphText/FontText_6238.font.s
[GEN]	Fonts/build/GlyphText/FontText_306E.font.s
[GEN]	Fonts/build/GlyphText/FontText_9818.font.s
[GEN]	Fonts/build/GlyphText/FontText_5049.font.s
[GEN]	Fonts/build/GlyphText/FontText_6368.font.s
[GEN]	Fonts/build/GlyphText/FontText_63A1.font.s
[GEN]	Fonts/build/GlyphText/FontText_306F.font.s
[GEN]	Fonts/build/GlyphText/FontText_56F2.font.s
[GEN]	Fonts/build/GlyphText/FontText_7BC4.font.s
[GEN]	Fonts/build/GlyphText/FontText_3070.font.s
[GEN]	Fonts/build/GlyphText/FontText_5BFE.font.s
[GEN]	Fonts/build/GlyphText/FontText_7DD1.font.s
[GEN]	Fonts/build/GlyphText/FontText_6B73.font.s
[GEN]	Fonts/build/GlyphText/FontText_3071.font.s
[GEN]	Fonts/build/GlyphText/FontText_5909.font.s
[GEN]	Fonts/build/GlyphText/FontText_7A4D.font.s
[GEN]	Fonts/build/GlyphText/FontText_6E08.font.s
[GEN]	Fonts/build/GlyphText/FontText_7169.font.s
[GEN]	Fonts/build/GlyphText/FontText_89B3.font.s
[GEN]	Fonts/build/GlyphText/FontText_7CA7.font.s
[GEN]	Fonts/build/GlyphText/FontText_3072.font.s
[GEN]	Fonts/build/GlyphText/FontText_707D.font.s
[GEN]	Fonts/build/GlyphText/FontText_8ACC.font.s
[GEN]	Fonts/build/GlyphText/FontText_7D39.font.s
[GEN]	Fonts/build/GlyphText/FontText_3073.font.s
[GEN]	Fonts/build/GlyphText/FontText_5E2F.font.s
[GEN]	Fonts/build/GlyphText/FontText_7E3E.font.s
[GEN]	Fonts/build/GlyphText/FontText_8CAB.font.s
[GEN]	Fonts/build/GlyphText/FontText_98EF.font.s
[GEN]	Fonts/build/GlyphText/FontText_8D04.font.s
[GEN]	Fonts/build/GlyphText/FontText_3074.font.s
[GEN]	Fonts/build/GlyphText/FontText_9084.font.s
[GEN]	Fonts/build/GlyphText/FontText_7DE8.font.s
[GEN]	Fonts/build/GlyphText/FontText_8D05.font.s
[GEN]	Fonts/build/GlyphText/FontText_3075.font.s
[GEN]	Fonts/build/GlyphText/FontText_8FBA.font.s
[GEN]	Fonts/build/GlyphText/FontText_8CAC.font.s
[GEN]	Fonts/build/GlyphText/FontText_7815.font.s
[GEN]	Fonts/build/GlyphText/FontText_8B1D.font.s
[GEN]	Fonts/build/GlyphText/FontText_6669.font.s
[GEN]	Fonts/build/GlyphText/FontText_3076.font.s
[GEN]	Fonts/build/GlyphText/FontText_9593.font.s
[GEN]	Fonts/build/GlyphText/FontText_8ECA.font.s
[GEN]	Fonts/build/GlyphText/FontText_614B.font.s
[GEN]	Fonts/build/GlyphText/FontText_7DB2.font.s
[GEN]	Fonts/build/GlyphText/FontText_3077.font.s
[GEN]	Fonts/build/GlyphText/FontText_8DE1.font.s
[GEN]	Fonts/build/GlyphText/FontText_81E8.font.s
[GEN]	Fonts/build/GlyphText/FontText_885D.font.s
[GEN]	Fonts/build/GlyphText/FontText_76E4.font.s
[GEN]	Fonts/build/GlyphText/FontText_3078.font.s
[GEN]	Fonts/build/GlyphText/FontText_8A87.font.s
[GEN]	Fonts/build/GlyphText/FontText_95A2.font.s
[GEN]	Fonts/build/GlyphText/FontText_8F2A.font.s
[GEN]	Fonts/build/GlyphText/FontText_658E.font.s
[GEN]	Fonts/build/GlyphText/FontText_3079.font.s
[GEN]	Fonts/build/GlyphText/FontText_96A3.font.s
[GEN]	Fonts/build/GlyphText/FontText_7D30.font.s
[GEN]	Fonts/build/GlyphText/FontText_9665.font.s
[GEN]	Fonts/build/GlyphText/FontText_70BA.font.s
[GEN]	Fonts/build/GlyphText/FontText_6F70.font.s
[GEN]	Fonts/build/GlyphText/FontText_5132.font.s
[GEN]	Fonts/build/GlyphText/FontText_307A.font.s
[GEN]	Fonts/build/GlyphText/FontText_8A3C.font.s
[GEN]	Fonts/build/GlyphText/FontText_83EF.font.s
[GEN]	Fonts/build/GlyphText/FontText_307B.font.s
[GEN]	Fonts/build/GlyphText/FontText_9ED9.font.s
[GEN]	Fonts/build/GlyphText/FontText_7570.font.s
[GEN]	Fonts/build/GlyphText/FontText_9928.font.s
[GEN]	Fonts/build/GlyphText/FontText_7DCA.font.s
[GEN]	Fonts/build/GlyphText/FontText_83D3.font.s
[GEN]	Fonts/build/GlyphText/FontText_307C.font.s
[GEN]	Fonts/build/GlyphText/FontText_9867.font.s
[GEN]	Fonts/build/GlyphText/FontText_8A73.font.s
[GEN]	Fonts/build/GlyphText/FontText_8F09.font.s
[GEN]	Fonts/build/GlyphText/FontText_307D.font.s
[GEN]	Fonts/build/GlyphText/FontText_7DAD.font.s
[GEN]	Fonts/build/GlyphText/FontText_969B.font.s
[GEN]	Fonts/build/GlyphText/FontText_8AB2.font.s
[GEN]	Fonts/build/GlyphText/FontText_5451.font.s
[GEN]	Fonts/build/GlyphText/FontText_307E.font.s
[GEN]	Fonts/build/GlyphText/FontText_8CDE.font.s
[GEN]	Fonts/build/GlyphText/FontText_6D99.font.s
[GEN]	Fonts/build/GlyphText/FontText_66C7.font.s
[GEN]	Fonts/build/GlyphText/FontText_307F.font.s
[GEN]	Fonts/build/GlyphText/FontText_8CA8.font.s
[GEN]	Fonts/build/GlyphText/FontText_8A2D.font.s
[GEN]	Fonts/build/GlyphText/FontText_920D.font.s
[GEN]	Fonts/build/GlyphText/FontText_8CB8.font.s
[GEN]	Fonts/build/GlyphText/FontText_3080.font.s
[GEN]	Fonts/build/GlyphText/FontText_985E.font.s
[GEN]	Fonts/build/GlyphText/FontText_8B39.font.s
[GEN]	Fonts/build/GlyphText/FontText_91E3.font.s
[GEN]	Fonts/build/GlyphText/FontText_3081.font.s
[GEN]	Fonts/build/GlyphText/FontText_7BC0.font.s
[GEN]	Fonts/build/GlyphText/FontText_623B.font.s
[GEN]	Fonts/build/GlyphText/FontText_904E.font.s
[GEN]	Fonts/build/GlyphText/FontText_91C8.font.s
[GEN]	Fonts/build/GlyphText/FontText_6191.font.s
[GEN]	Fonts/build/GlyphText/FontText_3082.font.s
[GEN]	Fonts/build/GlyphText/FontText_8CA1.font.s
[GEN]	Fonts/build/GlyphText/FontText_6B69.font.s
[GEN]	Fonts/build/GlyphText/FontText_8AAC.font.s
[GEN]	Fonts/build/GlyphText/FontText_3083.font.s
[GEN]	Fonts/build/GlyphText/FontText_9055.font.s
[GEN]	Fonts/build/GlyphText/FontText_8CB0.font.s
[GEN]	Fonts/build/GlyphText/FontText_51B4.font.s
[GEN]	Fonts/build/GlyphText/FontText_3084.font.s
[GEN]	Fonts/build/GlyphText/FontText_7D76.font.s
[GEN]	Fonts/build/GlyphText/FontText_9280.font.s
[GEN]	Fonts/build/GlyphText/FontText_907A.font.s
[GEN]	Fonts/build/GlyphText/FontText_554F.font.s
[GEN]	Fonts/build/GlyphText/FontText_88DC.font.s
[GEN]	Fonts/build/GlyphText/FontText_3085.font.s
[GEN]	Fonts/build/GlyphText/FontText_5075.font.s
[GEN]	Fonts/build/GlyphText/FontText_3086.font.s
[GEN]	Fonts/build/GlyphText/FontText_7D0B.font.s
[GEN]	Fonts/build/GlyphText/FontText_8B0E.font.s
[GEN]	Fonts/build/GlyphText/FontText_3087.font.s
[GEN]	Fonts/build/GlyphText/FontText_9580.font.s
[GEN]	Fonts/build/GlyphText/FontText_3088.font.s
[GEN]	Fonts/build/GlyphText/FontText_4E57.font.s
[GEN]	Fonts/build/GlyphText/FontText_9811.font.s
[GEN]	Fonts/build/GlyphText/FontText_3089.font.s
[GEN]	Fonts/build/GlyphText/FontText_9854.font.s
[GEN]	Fonts/build/GlyphText/FontText_54B2.font.s
[GEN]	Fonts/build/GlyphText/FontText_308A.font.s
[GEN]	Fonts/build/GlyphText/FontText_9858.font.s
[GEN]	Fonts/build/GlyphText/FontText_984C.font.s
[GEN]	Fonts/build/GlyphText/FontText_5270.font.s
[GEN]	Fonts/build/GlyphText/FontText_308B.font.s
[GEN]	Fonts/build/GlyphText/FontText_9DF9.font.s
[GEN]	Fonts/build/GlyphText/FontText_99B4.font.s
[GEN]	Fonts/build/GlyphText/FontText_308C.font.s
[GEN]	Fonts/build/GlyphText/FontText_5834.font.s
[GEN]	Fonts/build/GlyphText/FontText_96B7.font.s
[GEN]	Fonts/build/GlyphText/FontText_8A9E.font.s
[GEN]	Fonts/build/GlyphText/FontText_5C02.font.s
[GEN]	Fonts/build/GlyphText/FontText_7E04.font.s
[GEN]	Fonts/build/GlyphText/FontText_8CC0.font.s
[GEN]	Fonts/build/GlyphText/FontText_9264.font.s
[GEN]	Fonts/build/GlyphText/FontText_7DCB.font.s
[GEN]	Fonts/build/GlyphText/FontText_308D.font.s
[GEN]	Fonts/build/GlyphText/FontText_8AA4.font.s
[GEN]	Fonts/build/GlyphText/FontText_9D09.font.s
[GEN]	Fonts/build/GlyphText/FontText_99C6.font.s
[GEN]	Fonts/build/GlyphText/FontText_8B77.font.s
[GEN]	Fonts/build/GlyphText/FontText_970A.font.s
[GEN]	Fonts/build/GlyphText/FontText_5B22.font.s
[GEN]	Fonts/build/GlyphText/FontText_308F.font.s
[GEN]	Fonts/build/GlyphText/FontText_6226.font.s
[GEN]	Fonts/build/GlyphText/FontText_7A2E.font.s
[GEN]	Fonts/build/GlyphText/FontText_5023.font.s
[GEN]	Fonts/build/GlyphText/FontText_9E97.font.s
[GEN]	Fonts/build/GlyphText/FontText_99D5.font.s
[GEN]	Fonts/build/GlyphText/FontText_8EDF.font.s
[GEN]	Fonts/build/GlyphText/FontText_7A32.font.s
[GEN]	Fonts/build/GlyphText/FontText_9F62.font.s
[GEN]	Fonts/build/GlyphText/FontText_99D2.font.s
[GEN]	Fonts/build/GlyphText/FontText_96E3.font.s
[GEN]	Fonts/build/GlyphText/FontText_66A6.font.s
[GEN]	Fonts/build/GlyphText/FontText_8CBB.font.s
[GEN]	Fonts/build/GlyphText/FontText_3092.font.s
[GEN]	Fonts/build/GlyphText/FontText_6B74.font.s
[GEN]	Fonts/build/GlyphText/FontText_629E.font.s
[GEN]	Fonts/build/GlyphText/FontText_3093.font.s
[GEN]	Fonts/build/GlyphText/FontText_5831.font.s
[GEN]	Fonts/build/GlyphText/FontText_7D04.font.s
[GEN]	Fonts/build/GlyphText/FontText_98DB.font.s
[GEN]	Fonts/build/GlyphText/FontText_85AC.font.s
[GEN]	Fonts/build/GlyphText/FontText_6CA2.font.s
[GEN]	Fonts/build/GlyphText/FontText_6688.font.s
[GEN]	Fonts/build/GlyphText/FontText_6D44.font.s
[GEN]	Fonts/build/GlyphText/FontText_58CA.font.s
[GEN]	Fonts/build/GlyphText/FontText_8A33.font.s
[GEN]	Fonts/build/GlyphText/FontText_546A.font.s
[GEN]	Fonts/build/GlyphText/FontText_8E8D.font.s
[GEN]	Fonts/build/GlyphText/FontText_5E7E.font.s
[GEN]	Fonts/build/GlyphText/FontText_5099.font.s
[GEN]	Fonts/build/GlyphText/FontText_54E1.font.s
[GEN]	Fonts/build/GlyphText/FontText_8A17.font.s
[GEN]	Fonts/build/GlyphText/FontText_5302.font.s
[GEN]	Fonts/build/GlyphText/FontText_63EE.font.s
[GEN]	Fonts/build/GlyphText/FontText_8CD1.font.s
[GEN]	Fonts/build/GlyphText/FontText_932F.font.s
[GEN]	Fonts/build/GlyphText/FontText_6190.font.s
[GEN]	Fonts/build/GlyphText/FontText_7DE0.font.s
[GEN]	Fonts/build/GlyphText/FontText_6A39.font.s
[GEN]	Fonts/build/GlyphText/FontText_8B72.font.s
[GEN]	Fonts/build/GlyphText/FontText_52B9.font.s
[GEN]	Fonts/build/GlyphText/FontText_8AFE.font.s
[GEN]	Fonts/build/GlyphText/FontText_98F2.font.s
[GEN]	Fonts/build/GlyphText/FontText_61D0.font.s
[GEN]	Fonts/build/GlyphText/FontText_8A02.font.s
[GEN]	Fonts/build/GlyphText/FontText_8AE6.font.s
[GEN]	Fonts/build/GlyphText/FontText_7DF4.font.s
[GEN]	Fonts/build/GlyphText/FontText_518A.font.s
[GEN]	Fonts/build/GlyphText/FontText_53CE.font.s
[GEN]	Fonts/build/GlyphText/FontText_7DDA.font.s
[GEN]	Fonts/build/GlyphText/FontText_98FE.font.s
[GEN]	Fonts/build/GlyphText/FontText_7652.font.s
[GEN]	Fonts/build/GlyphText/FontText_68C4.font.s
[GEN]	Fonts/build/GlyphText/FontText_0020.font.s
[GEN]	Fonts/build/GlyphText/FontText_0021.font.s
[GEN]	Fonts/build/GlyphText/FontText_0022.font.s
[GEN]	Fonts/build/GlyphText/FontText_0023.font.s
[GEN]	Fonts/build/GlyphText/FontText_0024.font.s
[GEN]	Fonts/build/GlyphText/FontText_0025.font.s
[GEN]	Fonts/build/GlyphText/FontText_0026.font.s
[GEN]	Fonts/build/GlyphText/FontText_0027.font.s
[GEN]	Fonts/build/GlyphText/FontText_0028.font.s
[GEN]	Fonts/build/GlyphText/FontText_0029.font.s
[GEN]	Fonts/build/GlyphText/FontText_002A.font.s
[GEN]	Fonts/build/GlyphText/FontText_002C.font.s
[GEN]	Fonts/build/GlyphText/FontText_002D.font.s
[GEN]	Fonts/build/GlyphText/FontText_002E.font.s
[GEN]	Fonts/build/GlyphText/FontText_002F.font.s
[GEN]	Fonts/build/GlyphText/FontText_0030.font.s
[GEN]	Fonts/build/GlyphText/FontText_0031.font.s
[GEN]	Fonts/build/GlyphText/FontText_0032.font.s
[GEN]	Fonts/build/GlyphText/FontText_0033.font.s
[GEN]	Fonts/build/GlyphText/FontText_0034.font.s
[GEN]	Fonts/build/GlyphText/FontText_0035.font.s
[GEN]	Fonts/build/GlyphText/FontText_0036.font.s
[GEN]	Fonts/build/GlyphText/FontText_0037.font.s
[GEN]	Fonts/build/GlyphText/FontText_0038.font.s
[GEN]	Fonts/build/GlyphText/FontText_0039.font.s
[GEN]	Fonts/build/GlyphText/FontText_003A.font.s
[GEN]	Fonts/build/GlyphText/FontText_003B.font.s
[GEN]	Fonts/build/GlyphText/FontText_003C.font.s
[GEN]	Fonts/build/GlyphText/FontText_003D.font.s
[GEN]	Fonts/build/GlyphText/FontText_003E.font.s
[GEN]	Fonts/build/GlyphText/FontText_003F.font.s
[GEN]	Fonts/build/GlyphText/FontText_0040.font.s
[GEN]	Fonts/build/GlyphText/FontText_0041.font.s
[GEN]	Fonts/build/GlyphText/FontText_0042.font.s
[GEN]	Fonts/build/GlyphText/FontText_0043.font.s
[GEN]	Fonts/build/GlyphText/FontText_0044.font.s
[GEN]	Fonts/build/GlyphText/FontText_0045.font.s
[GEN]	Fonts/build/GlyphText/FontText_0046.font.s
[GEN]	Fonts/build/GlyphText/FontText_0047.font.s
[GEN]	Fonts/build/GlyphText/FontText_0048.font.s
[GEN]	Fonts/build/GlyphText/FontText_0049.font.s
[GEN]	Fonts/build/GlyphText/FontText_004A.font.s
[GEN]	Fonts/build/GlyphText/FontText_004B.font.s
[GEN]	Fonts/build/GlyphText/FontText_004C.font.s
[GEN]	Fonts/build/GlyphText/FontText_004D.font.s
[GEN]	Fonts/build/GlyphText/FontText_004E.font.s
[GEN]	Fonts/build/GlyphText/FontText_004F.font.s
[GEN]	Fonts/build/GlyphText/FontText_0050.font.s
[GEN]	Fonts/build/GlyphText/FontText_0051.font.s
[GEN]	Fonts/build/GlyphText/FontText_0052.font.s
[GEN]	Fonts/build/GlyphText/FontText_0053.font.s
[GEN]	Fonts/build/GlyphText/FontText_0054.font.s
[GEN]	Fonts/build/GlyphText/FontText_0055.font.s
[GEN]	Fonts/build/GlyphText/FontText_0056.font.s
[GEN]	Fonts/build/GlyphText/FontText_0057.font.s
[GEN]	Fonts/build/GlyphText/FontText_0058.font.s
[GEN]	Fonts/build/GlyphText/FontText_0059.font.s
[GEN]	Fonts/build/GlyphText/FontText_005A.font.s
[GEN]	Fonts/build/GlyphText/FontText_005B.font.s
[GEN]	Fonts/build/GlyphText/FontText_005C.font.s
[GEN]	Fonts/build/GlyphText/FontText_005D.font.s
[GEN]	Fonts/build/GlyphText/FontText_005E.font.s
[GEN]	Fonts/build/GlyphText/FontText_005F.font.s
[GEN]	Fonts/build/GlyphText/FontText_0060.font.s
[GEN]	Fonts/build/GlyphText/FontText_0061.font.s
[GEN]	Fonts/build/GlyphText/FontText_0062.font.s
[GEN]	Fonts/build/GlyphText/FontText_0063.font.s
[GEN]	Fonts/build/GlyphText/FontText_0064.font.s
[GEN]	Fonts/build/GlyphText/FontText_0065.font.s
[GEN]	Fonts/build/GlyphText/FontText_0066.font.s
[GEN]	Fonts/build/GlyphText/FontText_0067.font.s
[GEN]	Fonts/build/GlyphText/FontText_0068.font.s
[GEN]	Fonts/build/GlyphText/FontText_0069.font.s
[GEN]	Fonts/build/GlyphText/FontText_006A.font.s
[GEN]	Fonts/build/GlyphText/FontText_006B.font.s
[GEN]	Fonts/build/GlyphText/FontText_006C.font.s
[GEN]	Fonts/build/GlyphText/FontText_006D.font.s
[GEN]	Fonts/build/GlyphText/FontText_006E.font.s
[GEN]	Fonts/build/GlyphText/FontText_006F.font.s
[GEN]	Fonts/build/GlyphText/FontText_0070.font.s
[GEN]	Fonts/build/GlyphText/FontText_0071.font.s
[GEN]	Fonts/build/GlyphText/FontText_0072.font.s
[GEN]	Fonts/build/GlyphText/FontText_0073.font.s
[GEN]	Fonts/build/GlyphText/FontText_0074.font.s
[GEN]	Fonts/build/GlyphText/FontText_0075.font.s
[GEN]	Fonts/build/GlyphText/FontText_0076.font.s
[GEN]	Fonts/build/GlyphText/FontText_0077.font.s
[GEN]	Fonts/build/GlyphText/FontText_0078.font.s
[GEN]	Fonts/build/GlyphText/FontText_0079.font.s
[GEN]	Fonts/build/GlyphText/FontText_007A.font.s
[GEN]	Fonts/build/GlyphText/FontText_007B.font.s
[GEN]	Fonts/build/GlyphText/FontText_007C.font.s
[GEN]	Fonts/build/GlyphText/FontText_007D.font.s
[GEN]	Fonts/build/GlyphText/FontText_007E.font.s
[GEN]	Fonts/build/GlyphText/FontText_008C.font.s
[GEN]	Fonts/build/GlyphText/FontText_0091.font.s
[GEN]	Fonts/build/GlyphText/FontText_0092.font.s
[GEN]	Fonts/build/GlyphText/FontText_0093.font.s
[GEN]	Fonts/build/GlyphText/FontText_0094.font.s
[GEN]	Fonts/build/GlyphText/FontText_009C.font.s
[GEN]	Fonts/build/GlyphText/FontText_00A1.font.s
[GEN]	Fonts/build/GlyphText/FontText_00AA.font.s
[GEN]	Fonts/build/GlyphText/FontText_00AB.font.s
[GEN]	Fonts/build/GlyphText/FontText_00BA.font.s
[GEN]	Fonts/build/GlyphText/FontText_00BB.font.s
[GEN]	Fonts/build/GlyphText/FontText_00BF.font.s
[GEN]	Fonts/build/GlyphText/FontText_00C0.font.s
[GEN]	Fonts/build/GlyphText/FontText_00C1.font.s
[GEN]	Fonts/build/GlyphText/FontText_00C2.font.s
[GEN]	Fonts/build/GlyphText/FontText_00C4.font.s
[GEN]	Fonts/build/GlyphText/FontText_00C7.font.s
[GEN]	Fonts/build/GlyphText/FontText_00C8.font.s
[GEN]	Fonts/build/GlyphText/FontText_00C9.font.s
[GEN]	Fonts/build/GlyphText/FontText_00CA.font.s
[GEN]	Fonts/build/GlyphText/FontText_00CB.font.s
[GEN]	Fonts/build/GlyphText/FontText_00CC.font.s
[GEN]	Fonts/build/GlyphText/FontText_00CD.font.s
[GEN]	Fonts/build/GlyphText/FontText_00CE.font.s
[GEN]	Fonts/build/GlyphText/FontText_00CF.font.s
[GEN]	Fonts/build/GlyphText/FontText_00D1.font.s
[GEN]	Fonts/build/GlyphText/FontText_00D2.font.s
[GEN]	Fonts/build/GlyphText/FontText_00D3.font.s
[GEN]	Fonts/build/GlyphText/FontText_00D4.font.s
[GEN]	Fonts/build/GlyphText/FontText_00D6.font.s
[GEN]	Fonts/build/GlyphText/FontText_00D9.font.s
[GEN]	Fonts/build/GlyphText/FontText_00DA.font.s
[GEN]	Fonts/build/GlyphText/FontText_00DB.font.s
[GEN]	Fonts/build/GlyphText/FontText_00DC.font.s
[GEN]	Fonts/build/GlyphText/FontText_00DF.font.s
[GEN]	Fonts/build/GlyphText/FontText_00E0.font.s
[GEN]	Fonts/build/GlyphText/FontText_00E1.font.s
[GEN]	Fonts/build/GlyphText/FontText_00E2.font.s
[GEN]	Fonts/build/GlyphText/FontText_00E4.font.s
[GEN]	Fonts/build/GlyphText/FontText_00E7.font.s
[GEN]	Fonts/build/GlyphText/FontText_00E8.font.s
[GEN]	Fonts/build/GlyphText/FontText_00E9.font.s
[GEN]	Fonts/build/GlyphText/FontText_00EA.font.s
[GEN]	Fonts/build/GlyphText/FontText_00EB.font.s
[GEN]	Fonts/build/GlyphText/FontText_00EC.font.s
[GEN]	Fonts/build/GlyphText/FontText_00ED.font.s
[GEN]	Fonts/build/GlyphText/FontText_00EE.font.s
[GEN]	Fonts/build/GlyphText/FontText_00EF.font.s
[GEN]	Fonts/build/GlyphText/FontText_00F1.font.s
[GEN]	Fonts/build/GlyphText/FontText_00F2.font.s
[GEN]	Fonts/build/GlyphText/FontText_00F3.font.s
[GEN]	Fonts/build/GlyphText/FontText_00F4.font.s
[GEN]	Fonts/build/GlyphText/FontText_00F6.font.s
[GEN]	Fonts/build/GlyphText/FontText_00F9.font.s
[GEN]	Fonts/build/GlyphText/FontText_00FA.font.s
[GEN]	Fonts/build/GlyphText/FontText_00FB.font.s
[GEN]	Fonts/build/GlyphText/FontText_00FC.font.s
[GEN]	Fonts/build/GlyphText/FontText_2500.font.s
[GEN]	Fonts/build/GlyphText/FontText_2605.font.s
[GEN]	Fonts/build/GlyphText/FontText_8805.font.s
[GEN]	Fonts/build/GlyphText/FontText_2606.font.s
[GEN]	Fonts/build/GlyphText/FontText_3007.font.s
[GEN]	Fonts/build/GlyphText/FontText_7C12.font.s
[GEN]	Fonts/build/GlyphText/FontText_8D14.font.s
[GEN]	Fonts/build/GlyphText/FontText_7114.font.s
[GEN]	Fonts/build/GlyphText/FontText_2015.font.s
[GEN]	Fonts/build/GlyphText/FontText_8D16.font.s
[GEN]	Fonts/build/GlyphText/FontText_9A19.font.s
[GEN]	Fonts/build/GlyphText/FontText_721B.font.s
[GEN]	Fonts/build/GlyphText/FontText_8A1B.font.s
[GEN]	Fonts/build/GlyphText/FontText_FF1D.font.s
[GEN]	Fonts/build/GlyphText/FontText_8A25.font.s
[GEN]	Fonts/build/GlyphText/FontText_2027.font.s
[GEN]	Fonts/build/GlyphText/FontText_5629.font.s
[GEN]	Fonts/build/GlyphText/FontText_792B.font.s
[GEN]	Fonts/build/GlyphText/FontText_9B31.font.s
[GEN]	Fonts/build/GlyphText/FontText_7432.font.s
[GEN]	Fonts/build/GlyphText/FontText_6B38.font.s
[GEN]	Fonts/build/GlyphText/FontText_723A.font.s
[GEN]	Fonts/build/GlyphText/FontText_6E3E.font.s
[GEN]	Fonts/build/GlyphText/FontText_7942.font.s
[GEN]	Fonts/build/GlyphText/FontText_9D44.font.s
[GEN]	Fonts/build/GlyphText/FontText_7149.font.s
[GEN]	Fonts/build/GlyphText/FontText_5C53.font.s
[GEN]	Fonts/build/GlyphText/FontText_9A55.font.s
[GEN]	Fonts/build/GlyphText/FontText_8A5B.font.s
[GEN]	Fonts/build/GlyphText/FontText_615F.font.s
[GEN]	Fonts/build/GlyphText/FontText_7C60.font.s
[GEN]	Fonts/build/GlyphText/FontText_7260.font.s
[GEN]	Fonts/build/GlyphText/FontText_2661.font.s
[GEN]	Fonts/build/GlyphText/FontText_2264.font.s
[GEN]	Fonts/build/GlyphText/FontText_2265.font.s
[GEN]	Fonts/build/GlyphText/FontText_8569.font.s
[GEN]	Fonts/build/GlyphText/FontText_266A.font.s
[GEN]	Fonts/build/GlyphText/FontText_727D.font.s
[GEN]	Fonts/build/GlyphText/FontText_547F.font.s
[GEN]	Fonts/build/GlyphText/FontText_007F.font.s
[GEN]	Fonts/build/GlyphText/FontText_9081.font.s
[GEN]	Fonts/build/GlyphText/FontText_8E8A.font.s
[GEN]	Fonts/build/GlyphText/FontText_8599.font.s
[GEN]	Fonts/build/GlyphText/FontText_5A9E.font.s
[GEN]	Fonts/build/GlyphText/FontText_03A4.font.s
[GEN]	Fonts/build/GlyphText/FontText_03A9.font.s
[GEN]	Fonts/build/GlyphText/FontText_61AB.font.s
[GEN]	Fonts/build/GlyphText/FontText_5FAC.font.s
[GEN]	Fonts/build/GlyphText/FontText_53AD.font.s
[GEN]	Fonts/build/GlyphText/FontText_98AF.font.s
[GEN]	Fonts/build/GlyphText/FontText_55B0.font.s
[GEN]	Fonts/build/GlyphText/FontText_59B3.font.s
[GEN]	Fonts/build/GlyphText/FontText_60B6.font.s
[GEN]	Fonts/build/GlyphText/FontText_76BA.font.s
[GEN]	Fonts/build/GlyphText/FontText_63BB.font.s
[GEN]	Fonts/build/GlyphText/FontText_7DBB.font.s
[GEN]	Fonts/build/GlyphText/FontText_8FBF.font.s
[GEN]	Fonts/build/GlyphText/FontText_79BF.font.s
[GEN]	Fonts/build/GlyphText/FontText_98C4.font.s
[GEN]	Fonts/build/GlyphText/FontText_50C5.font.s
[GEN]	Fonts/build/GlyphText/FontText_83C8.font.s
[GEN]	Fonts/build/GlyphText/FontText_8ECB.font.s
[GEN]	Fonts/build/GlyphText/FontText_25CB.font.s
[GEN]	Fonts/build/GlyphText/FontText_7DD8.font.s
[GEN]	Fonts/build/GlyphText/FontText_66E0.font.s
[GEN]	Fonts/build/GlyphText/FontText_53E1.font.s
[GEN]	Fonts/build/GlyphText/FontText_61E3.font.s
[GEN]	Fonts/build/GlyphText/FontText_8CE4.font.s
[GEN]	Fonts/build/GlyphText/FontText_81E5.font.s
[GEN]	Fonts/build/GlyphText/FontText_00E6.font.s
[GEN]	Fonts/build/GlyphText/FontText_71E6.font.s
[GEN]	Fonts/build/GlyphText/FontText_75E9.font.s
[GEN]	Fonts/build/GlyphText/FontText_85EA.font.s
[GEN]	Fonts/build/GlyphText/FontText_51EA.font.s
[GEN]	Fonts/build/GlyphText/FontText_8AEB.font.s
[GEN]	Fonts/build/GlyphText/FontText_25EF.font.s
[GEN]	Fonts/build/GlyphText/FontText_00F0.font.s
[GEN]	Fonts/build/GlyphText/FontText_68F2.font.s
[GEN]	Fonts/build/GlyphText/FontText_00F8.font.s
[GEN]	Fonts/build/GlyphText/FontText_87FB.font.s
[GEN]	Fonts/build/GlyphText/FontText_00FD.font.s
[GEN]	Fonts/build/GlyphText/FontText_905C.font.s
[GEN]	Fonts/build/GlyphText/FontText_947D.font.s
[GEN]	Fonts/build/GlyphText/FontText_6AC2.font.s
[GEN]	Fonts/build/GlyphText/FontText_00FE.font.s
[GEN]	Fonts/build/GlyphText/FontText_7E6B.font.s
[GEN]	Fonts/build/GlyphText/FontText_25B8.font.s
[GEN]	Fonts/build/GlyphText/FontText_25B9.font.s
[LYN]	Wizardry/GameInitHook/source/GameInit.lyn.event
[LYN]	Wizardry/DebugKit/source/mgba.lyn.event
[LYN]	Wizardry/DebugKit/source/nocashgba.lyn.event
[LYN]	Wizardry/StatusGetterHack/Unit.lyn.event
[GEN]	Contants/Portrait/Portraits.event
[LZ ]	Contants/Sprite/Source/Alm_std.4bpp.lz
[LZ ]	Contants/Sprite/Source/Alm_mov.4bpp.lz
[LZ ]	Contants/ChapterTitles/Source/Ch0Title.4bpp.lz
[GEN]	Contants/EfxAnim/Source/EfxDrsmmoya/EfxDrsmmoya.efx.event
[LYN]	Fonts/Utf8/Utf8Decode.lyn.event
[AS ]	Fonts/build/GlyphItem/FontItem_3002.font.o
[AS ]	Fonts/build/GlyphItem/FontItem_FF1F.font.o
[AS ]	Fonts/build/GlyphItem/FontItem_FF01.font.o
[AS ]	Fonts/build/GlyphItem/FontItem_FF0C.font.o
[AS ]	Fonts/build/GlyphItem/FontItem_3001.font.o
[AS ]	Fonts/build/GlyphItem/FontItem_FF1B.font.o
[AS ]	Fonts/build/GlyphItem/FontItem_FF1A.font.o
[AS ]	Fonts/build/GlyphItem/FontItem_300C.font.o
[AS ]	Fonts/build/GlyphItem/FontItem_300D.font.o
[AS ]	Fonts/build/GlyphItem/FontItem_300E.font.o
[AS ]	Fonts/build/GlyphItem/FontItem_300F.font.o
[AS ]	Fonts/build/GlyphItem/FontItem_2018.font.o
[AS ]	Fonts/build/GlyphItem/FontItem_201C.font.o
[AS ]	Fonts/build/GlyphItem/FontItem_201D.font.o
[AS ]	Fonts/build/GlyphItem/FontItem_FF08.font.o
[AS ]	Fonts/build/GlyphItem/FontItem_2019.font.o
[AS ]	Fonts/build/GlyphItem/FontItem_FF09.font.o
[AS ]	Fonts/build/GlyphItem/FontItem_3014.font.o
[AS ]	Fonts/build/GlyphItem/FontItem_3015.font.o
[AS ]	Fonts/build/GlyphItem/FontItem_3010.font.o
[AS ]	Fonts/build/GlyphItem/FontItem_3011.font.o
[AS ]	Fonts/build/GlyphItem/FontItem_2014.font.o
[AS ]	Fonts/build/GlyphItem/FontItem_2026.font.o
[AS ]	Fonts/build/GlyphItem/FontItem_2013.font.o
[AS ]	Fonts/build/GlyphItem/FontItem_FF0E.font.o
[AS ]	Fonts/build/GlyphItem/FontItem_300A.font.o
[AS ]	Fonts/build/GlyphItem/FontItem_300B.font.o
[AS ]	Fonts/build/GlyphItem/FontItem_3008.font.o
[AS ]	Fonts/build/GlyphItem/FontItem_3009.font.o
[AS ]	Fonts/build/GlyphItem/FontItem_FF0B.font.o
[AS ]	Fonts/build/GlyphItem/FontItem_00B7.font.o
[AS ]	Fonts/build/GlyphItem/FontItem_2022.font.o
[AS ]	Fonts/build/GlyphItem/FontItem_002B.font.o
[AS ]	Fonts/build/GlyphItem/FontItem_554A.font.o
[AS ]	Fonts/build/GlyphItem/FontItem_963F.font.o
[AS ]	Fonts/build/GlyphItem/FontItem_57C3.font.o
[AS ]	Fonts/build/GlyphItem/FontItem_827E.font.o
[AS ]	Fonts/build/GlyphItem/FontItem_7231.font.o
[AS ]	Fonts/build/GlyphItem/FontItem_5B89.font.o
[AS ]	Fonts/build/GlyphItem/FontItem_6309.font.o
[AS ]	Fonts/build/GlyphItem/FontItem_6697.font.o
[AS ]	Fonts/build/GlyphItem/FontItem_5CB8.font.o
[AS ]	Fonts/build/GlyphItem/FontItem_6848.font.o
[AS ]	Fonts/build/GlyphItem/FontItem_7FF1.font.o
[AS ]	Fonts/build/GlyphItem/FontItem_50B2.font.o
[AS ]	Fonts/build/GlyphItem/FontItem_5965.font.o
[AS ]	Fonts/build/GlyphItem/FontItem_5427.font.o
[AS ]	Fonts/build/GlyphItem/FontItem_516B.font.o
[AS ]	Fonts/build/GlyphItem/FontItem_5DF4.font.o
[AS ]	Fonts/build/GlyphItem/FontItem_62D4.font.o
[AS ]	Fonts/build/GlyphItem/FontItem_628A.font.o
[AS ]	Fonts/build/GlyphItem/FontItem_9738.font.o
[AS ]	Fonts/build/GlyphItem/FontItem_7238.font.o
[AS ]	Fonts/build/GlyphItem/FontItem_767D.font.o
[AS ]	Fonts/build/GlyphItem/FontItem_767E.font.o
[AS ]	Fonts/build/GlyphItem/FontItem_6446.font.o
[AS ]	Fonts/build/GlyphItem/FontItem_62DC.font.o
[AS ]	Fonts/build/GlyphItem/FontItem_8D25.font.o
[AS ]	Fonts/build/GlyphItem/FontItem_73ED.font.o
[AS ]	Fonts/build/GlyphItem/FontItem_822C.font.o
[AS ]	Fonts/build/GlyphItem/FontItem_677F.font.o
[AS ]	Fonts/build/GlyphItem/FontItem_7248.font.o
[AS ]	Fonts/build/GlyphItem/FontItem_4F34.font.o
[AS ]	Fonts/build/GlyphItem/FontItem_534A.font.o
[AS ]	Fonts/build/GlyphItem/FontItem_529E.font.o
[AS ]	Fonts/build/GlyphItem/FontItem_7ECA.font.o
[AS ]	Fonts/build/GlyphItem/FontItem_90A6.font.o
[AS ]	Fonts/build/GlyphItem/FontItem_5E2E.font.o
[AS ]	Fonts/build/GlyphItem/FontItem_699C.font.o
[AS ]	Fonts/build/GlyphItem/FontItem_80DE.font.o
[AS ]	Fonts/build/GlyphItem/FontItem_5305.font.o
[AS ]	Fonts/build/GlyphItem/FontItem_4FDD.font.o
[AS ]	Fonts/build/GlyphItem/FontItem_9971.font.o
[AS ]	Fonts/build/GlyphItem/FontItem_5B9D.font.o
[AS ]	Fonts/build/GlyphItem/FontItem_62B1.font.o
[AS ]	Fonts/build/GlyphItem/FontItem_62A5.font.o
[AS ]	Fonts/build/GlyphItem/FontItem_66B4.font.o
[AS ]	Fonts/build/GlyphItem/FontItem_9C8D.font.o
[AS ]	Fonts/build/GlyphItem/FontItem_7206.font.o
[AS ]	Fonts/build/GlyphItem/FontItem_60B2.font.o
[AS ]	Fonts/build/GlyphItem/FontItem_5351.font.o
[AS ]	Fonts/build/GlyphItem/FontItem_5317.font.o
[AS ]	Fonts/build/GlyphItem/FontItem_80CC.font.o
[AS ]	Fonts/build/GlyphItem/FontItem_8F88.font.o
[AS ]	Fonts/build/GlyphItem/FontItem_8D1D.font.o
[AS ]	Fonts/build/GlyphItem/FontItem_500D.font.o
[AS ]	Fonts/build/GlyphItem/FontItem_5907.font.o
[AS ]	Fonts/build/GlyphItem/FontItem_60EB.font.o
[AS ]	Fonts/build/GlyphItem/FontItem_88AB.font.o
[AS ]	Fonts/build/GlyphItem/FontItem_5954.font.o
[AS ]	Fonts/build/GlyphItem/FontItem_672C.font.o
[AS ]	Fonts/build/GlyphItem/FontItem_5D29.font.o
[AS ]	Fonts/build/GlyphItem/FontItem_903C.font.o
[AS ]	Fonts/build/GlyphItem/FontItem_6BD4.font.o
[AS ]	Fonts/build/GlyphItem/FontItem_5F7C.font.o
[AS ]	Fonts/build/GlyphItem/FontItem_78A7.font.o
[AS ]	Fonts/build/GlyphItem/FontItem_6BD5.font.o
[AS ]	Fonts/build/GlyphItem/FontItem_5E01.font.o
[AS ]	Fonts/build/GlyphItem/FontItem_95ED.font.o
[AS ]	Fonts/build/GlyphItem/FontItem_5FC5.font.o
[AS ]	Fonts/build/GlyphItem/FontItem_58C1.font.o
[AS ]	Fonts/build/GlyphItem/FontItem_81C2.font.o
[AS ]	Fonts/build/GlyphItem/FontItem_907F.font.o
[AS ]	Fonts/build/GlyphItem/FontItem_97AD.font.o
[AS ]	Fonts/build/GlyphItem/FontItem_8FB9.font.o
[AS ]	Fonts/build/GlyphItem/FontItem_7F16.font.o
[AS ]	Fonts/build/GlyphItem/FontItem_4FBF.font.o
[AS ]	Fonts/build/GlyphItem/FontItem_53D8.font.o
[AS ]	Fonts/build/GlyphItem/FontItem_904D.font.o
[AS ]	Fonts/build/GlyphItem/FontItem_6807.font.o
[AS ]	Fonts/build/GlyphItem/FontItem_8868.font.o
[AS ]	Fonts/build/GlyphItem/FontItem_522B.font.o
[AS ]	Fonts/build/GlyphItem/FontItem_5175.font.o
[AS ]	Fonts/build/GlyphItem/FontItem_51B0.font.o
[AS ]	Fonts/build/GlyphItem/FontItem_67C4.font.o
[AS ]	Fonts/build/GlyphItem/FontItem_75C5.font.o
[AS ]	Fonts/build/GlyphItem/FontItem_5E76.font.o
[AS ]	Fonts/build/GlyphItem/FontItem_64AD.font.o
[AS ]	Fonts/build/GlyphItem/FontItem_6CE2.font.o
[AS ]	Fonts/build/GlyphItem/FontItem_535A.font.o
[AS ]	Fonts/build/GlyphItem/FontItem_4F2F.font.o
[AS ]	Fonts/build/GlyphItem/FontItem_6355.font.o
[AS ]	Fonts/build/GlyphItem/FontItem_535C.font.o
[AS ]	Fonts/build/GlyphItem/FontItem_8865.font.o
[AS ]	Fonts/build/GlyphItem/FontItem_4E0D.font.o
[AS ]	Fonts/build/GlyphItem/FontItem_5E03.font.o
[AS ]	Fonts/build/GlyphItem/FontItem_6B65.font.o
[AS ]	Fonts/build/GlyphItem/FontItem_90E8.font.o
[AS ]	Fonts/build/GlyphItem/FontItem_64E6.font.o
[AS ]	Fonts/build/GlyphItem/FontItem_624D.font.o
[AS ]	Fonts/build/GlyphItem/FontItem_8D22.font.o
[AS ]	Fonts/build/GlyphItem/FontItem_5F69.font.o
[AS ]	Fonts/build/GlyphItem/FontItem_83DC.font.o
[AS ]	Fonts/build/GlyphItem/FontItem_53C2.font.o
[AS ]	Fonts/build/GlyphItem/FontItem_6B8B.font.o
[AS ]	Fonts/build/GlyphItem/FontItem_82CD.font.o
[AS ]	Fonts/build/GlyphItem/FontItem_85CF.font.o
[AS ]	Fonts/build/GlyphItem/FontItem_64CD.font.o
[AS ]	Fonts/build/GlyphItem/FontItem_8349.font.o
[AS ]	Fonts/build/GlyphItem/FontItem_7B56.font.o
[AS ]	Fonts/build/GlyphItem/FontItem_4FA7.font.o
[AS ]	Fonts/build/GlyphItem/FontItem_6D4B.font.o
[AS ]	Fonts/build/GlyphItem/FontItem_5C42.font.o
[AS ]	Fonts/build/GlyphItem/FontItem_67E5.font.o
[AS ]	Fonts/build/GlyphItem/FontItem_5DEE.font.o
[AS ]	Fonts/build/GlyphItem/FontItem_5BDF.font.o
[AS ]	Fonts/build/GlyphItem/FontItem_7F20.font.o
[AS ]	Fonts/build/GlyphItem/FontItem_94F2.font.o
[AS ]	Fonts/build/GlyphItem/FontItem_573A.font.o
[AS ]	Fonts/build/GlyphItem/FontItem_4EA7.font.o
[AS ]	Fonts/build/GlyphItem/FontItem_5E38.font.o
[AS ]	Fonts/build/GlyphItem/FontItem_957F.font.o
[AS ]	Fonts/build/GlyphItem/FontItem_507F.font.o
[AS ]	Fonts/build/GlyphItem/FontItem_8D85.font.o
[AS ]	Fonts/build/GlyphItem/FontItem_671D.font.o
[AS ]	Fonts/build/GlyphItem/FontItem_5435.font.o
[AS ]	Fonts/build/GlyphItem/FontItem_64A4.font.o
[AS ]	Fonts/build/GlyphItem/FontItem_5C18.font.o
[AS ]	Fonts/build/GlyphItem/FontItem_81E3.font.o
[AS ]	Fonts/build/GlyphItem/FontItem_6C89.font.o
[AS ]	Fonts/build/GlyphItem/FontItem_79F0.font.o
[AS ]	Fonts/build/GlyphItem/FontItem_57CE.font.o
[AS ]	Fonts/build/GlyphItem/FontItem_6210.font.o
[AS ]	Fonts/build/GlyphItem/FontItem_4E58.font.o
[AS ]	Fonts/build/GlyphItem/FontItem_7A0B.font.o
[AS ]	Fonts/build/GlyphItem/FontItem_8BDA.font.o
[AS ]	Fonts/build/GlyphItem/FontItem_627F.font.o
[AS ]	Fonts/build/GlyphItem/FontItem_75F4.font.o
[AS ]	Fonts/build/GlyphItem/FontItem_5403.font.o
[AS ]	Fonts/build/GlyphItem/FontItem_6301.font.o
[AS ]	Fonts/build/GlyphItem/FontItem_5319.font.o
[AS ]	Fonts/build/GlyphItem/FontItem_8FDF.font.o
[AS ]	Fonts/build/GlyphItem/FontItem_5F1B.font.o
[AS ]	Fonts/build/GlyphItem/FontItem_9A70.font.o
[AS ]	Fonts/build/GlyphItem/FontItem_8D64.font.o
[AS ]	Fonts/build/GlyphItem/FontItem_5145.font.o
[AS ]	Fonts/build/GlyphItem/FontItem_51B2.font.o
[AS ]	Fonts/build/GlyphItem/FontItem_916C.font.o
[AS ]	Fonts/build/GlyphItem/FontItem_4EC7.font.o
[AS ]	Fonts/build/GlyphItem/FontItem_521D.font.o
[AS ]	Fonts/build/GlyphItem/FontItem_51FA.font.o
[AS ]	Fonts/build/GlyphItem/FontItem_53A8.font.o
[AS ]	Fonts/build/GlyphItem/FontItem_9664.font.o
[AS ]	Fonts/build/GlyphItem/FontItem_695A.font.o
[AS ]	Fonts/build/GlyphItem/FontItem_7840.font.o
[AS ]	Fonts/build/GlyphItem/FontItem_89E6.font.o
[AS ]	Fonts/build/GlyphItem/FontItem_5904.font.o
[AS ]	Fonts/build/GlyphItem/FontItem_5DDD.font.o
[AS ]	Fonts/build/GlyphItem/FontItem_7A7F.font.o
[AS ]	Fonts/build/GlyphItem/FontItem_4F20.font.o
[AS ]	Fonts/build/GlyphItem/FontItem_8239.font.o
[AS ]	Fonts/build/GlyphItem/FontItem_7A97.font.o
[AS ]	Fonts/build/GlyphItem/FontItem_5E8A.font.o
[AS ]	Fonts/build/GlyphItem/FontItem_521B.font.o
[AS ]	Fonts/build/GlyphItem/FontItem_9524.font.o
[AS ]	Fonts/build/GlyphItem/FontItem_5782.font.o
[AS ]	Fonts/build/GlyphItem/FontItem_7EAF.font.o
[AS ]	Fonts/build/GlyphItem/FontItem_96CC.font.o
[AS ]	Fonts/build/GlyphItem/FontItem_8822.font.o
[AS ]	Fonts/build/GlyphItem/FontItem_8F9E.font.o
[AS ]	Fonts/build/GlyphItem/FontItem_6148.font.o
[AS ]	Fonts/build/GlyphItem/FontItem_6B64.font.o
[AS ]	Fonts/build/GlyphItem/FontItem_523A.font.o
[AS ]	Fonts/build/GlyphItem/FontItem_8D50.font.o
[AS ]	Fonts/build/GlyphItem/FontItem_6B21.font.o
[AS ]	Fonts/build/GlyphItem/FontItem_4ECE.font.o
[AS ]	Fonts/build/GlyphItem/FontItem_5D14.font.o
[AS ]	Fonts/build/GlyphItem/FontItem_6751.font.o
[AS ]	Fonts/build/GlyphItem/FontItem_5B58.font.o
[AS ]	Fonts/build/GlyphItem/FontItem_9519.font.o
[AS ]	Fonts/build/GlyphItem/FontItem_642D.font.o
[AS ]	Fonts/build/GlyphItem/FontItem_8FBE.font.o
[AS ]	Fonts/build/GlyphItem/FontItem_7B54.font.o
[AS ]	Fonts/build/GlyphItem/FontItem_6253.font.o
[AS ]	Fonts/build/GlyphItem/FontItem_5927.font.o
[AS ]	Fonts/build/GlyphItem/FontItem_5446.font.o
[AS ]	Fonts/build/GlyphItem/FontItem_6234.font.o
[AS ]	Fonts/build/GlyphItem/FontItem_5E26.font.o
[AS ]	Fonts/build/GlyphItem/FontItem_4EE3.font.o
[AS ]	Fonts/build/GlyphItem/FontItem_62C5.font.o
[AS ]	Fonts/build/GlyphItem/FontItem_5F85.font.o
[AS ]	Fonts/build/GlyphItem/FontItem_5355.font.o
[AS ]	Fonts/build/GlyphItem/FontItem_80C6.font.o
[AS ]	Fonts/build/GlyphItem/FontItem_65E6.font.o
[AS ]	Fonts/build/GlyphItem/FontItem_4F46.font.o
[AS ]	Fonts/build/GlyphItem/FontItem_6DE1.font.o
[AS ]	Fonts/build/GlyphItem/FontItem_8BDE.font.o
[AS ]	Fonts/build/GlyphItem/FontItem_86CB.font.o
[AS ]	Fonts/build/GlyphItem/FontItem_5F53.font.o
[AS ]	Fonts/build/GlyphItem/FontItem_6321.font.o
[AS ]	Fonts/build/GlyphItem/FontItem_515A.font.o
[AS ]	Fonts/build/GlyphItem/FontItem_6863.font.o
[AS ]	Fonts/build/GlyphItem/FontItem_5200.font.o
[AS ]	Fonts/build/GlyphItem/FontItem_8E48.font.o
[AS ]	Fonts/build/GlyphItem/FontItem_5012.font.o
[AS ]	Fonts/build/GlyphItem/FontItem_5C9B.font.o
[AS ]	Fonts/build/GlyphItem/FontItem_7977.font.o
[AS ]	Fonts/build/GlyphItem/FontItem_5BFC.font.o
[AS ]	Fonts/build/GlyphItem/FontItem_5230.font.o
[AS ]	Fonts/build/GlyphItem/FontItem_9053.font.o
[AS ]	Fonts/build/GlyphItem/FontItem_76D7.font.o
[AS ]	Fonts/build/GlyphItem/FontItem_5FB7.font.o
[AS ]	Fonts/build/GlyphItem/FontItem_5F97.font.o
[AS ]	Fonts/build/GlyphItem/FontItem_7684.font.o
[AS ]	Fonts/build/GlyphItem/FontItem_767B.font.o
[AS ]	Fonts/build/GlyphItem/FontItem_7B49.font.o
[AS ]	Fonts/build/GlyphItem/FontItem_8FEA.font.o
[AS ]	Fonts/build/GlyphItem/FontItem_654C.font.o
[AS ]	Fonts/build/GlyphItem/FontItem_62B5.font.o
[AS ]	Fonts/build/GlyphItem/FontItem_5E95.font.o
[AS ]	Fonts/build/GlyphItem/FontItem_5730.font.o
[AS ]	Fonts/build/GlyphItem/FontItem_8482.font.o
[AS ]	Fonts/build/GlyphItem/FontItem_7B2C.font.o
[AS ]	Fonts/build/GlyphItem/FontItem_5F1F.font.o
[AS ]	Fonts/build/GlyphItem/FontItem_70B9.font.o
[AS ]	Fonts/build/GlyphItem/FontItem_7535.font.o
[AS ]	Fonts/build/GlyphItem/FontItem_5E97.font.o
[AS ]	Fonts/build/GlyphItem/FontItem_6BBF.font.o
[AS ]	Fonts/build/GlyphItem/FontItem_6389.font.o
[AS ]	Fonts/build/GlyphItem/FontItem_540A.font.o
[AS ]	Fonts/build/GlyphItem/FontItem_8C03.font.o
[AS ]	Fonts/build/GlyphItem/FontItem_9876.font.o
[AS ]	Fonts/build/GlyphItem/FontItem_5B9A.font.o
[AS ]	Fonts/build/GlyphItem/FontItem_4E22.font.o
[AS ]	Fonts/build/GlyphItem/FontItem_4E1C.font.o
[AS ]	Fonts/build/GlyphItem/FontItem_51AC.font.o
[AS ]	Fonts/build/GlyphItem/FontItem_61C2.font.o
[AS ]	Fonts/build/GlyphItem/FontItem_52A8.font.o
[AS ]	Fonts/build/GlyphItem/FontItem_51BB.font.o
[AS ]	Fonts/build/GlyphItem/FontItem_6D1E.font.o
[AS ]	Fonts/build/GlyphItem/FontItem_6597.font.o
[AS ]	Fonts/build/GlyphItem/FontItem_90FD.font.o
[AS ]	Fonts/build/GlyphItem/FontItem_7763.font.o
[AS ]	Fonts/build/GlyphItem/FontItem_6BD2.font.o
[AS ]	Fonts/build/GlyphItem/FontItem_72EC.font.o
[AS ]	Fonts/build/GlyphItem/FontItem_8BFB.font.o
[AS ]	Fonts/build/GlyphItem/FontItem_5835.font.o
[AS ]	Fonts/build/GlyphItem/FontItem_8D4C.font.o
[AS ]	Fonts/build/GlyphItem/FontItem_5EA6.font.o
[AS ]	Fonts/build/GlyphItem/FontItem_6E21.font.o
[AS ]	Fonts/build/GlyphItem/FontItem_7AEF.font.o
[AS ]	Fonts/build/GlyphItem/FontItem_77ED.font.o
[AS ]	Fonts/build/GlyphItem/FontItem_953B.font.o
[AS ]	Fonts/build/GlyphItem/FontItem_6BB5.font.o
[AS ]	Fonts/build/GlyphItem/FontItem_65AD.font.o
[AS ]	Fonts/build/GlyphItem/FontItem_961F.font.o
[AS ]	Fonts/build/GlyphItem/FontItem_5BF9.font.o
[AS ]	Fonts/build/GlyphItem/FontItem_987F.font.o
[AS ]	Fonts/build/GlyphItem/FontItem_76FE.font.o
[AS ]	Fonts/build/GlyphItem/FontItem_591A.font.o
[AS ]	Fonts/build/GlyphItem/FontItem_593A.font.o
[AS ]	Fonts/build/GlyphItem/FontItem_8EB2.font.o
[AS ]	Fonts/build/GlyphItem/FontItem_6076.font.o
[AS ]	Fonts/build/GlyphItem/FontItem_6069.font.o
[AS ]	Fonts/build/GlyphItem/FontItem_800C.font.o
[AS ]	Fonts/build/GlyphItem/FontItem_513F.font.o
[AS ]	Fonts/build/GlyphItem/FontItem_8033.font.o
[AS ]	Fonts/build/GlyphItem/FontItem_5C14.font.o
[AS ]	Fonts/build/GlyphItem/FontItem_4E8C.font.o
[AS ]	Fonts/build/GlyphItem/FontItem_53D1.font.o
[AS ]	Fonts/build/GlyphItem/FontItem_6CD5.font.o
[AS ]	Fonts/build/GlyphItem/FontItem_73D0.font.o
[AS ]	Fonts/build/GlyphItem/FontItem_756A.font.o
[AS ]	Fonts/build/GlyphItem/FontItem_7E41.font.o
[AS ]	Fonts/build/GlyphItem/FontItem_51E1.font.o
[AS ]	Fonts/build/GlyphItem/FontItem_70E6.font.o
[AS ]	Fonts/build/GlyphItem/FontItem_53CD.font.o
[AS ]	Fonts/build/GlyphItem/FontItem_8FD4.font.o
[AS ]	Fonts/build/GlyphItem/FontItem_8303.font.o
[AS ]	Fonts/build/GlyphItem/FontItem_72AF.font.o
[AS ]	Fonts/build/GlyphItem/FontItem_65B9.font.o
[AS ]	Fonts/build/GlyphItem/FontItem_623F.font.o
[AS ]	Fonts/build/GlyphItem/FontItem_9632.font.o
[AS ]	Fonts/build/GlyphItem/FontItem_4EFF.font.o
[AS ]	Fonts/build/GlyphItem/FontItem_8BBF.font.o
[AS ]	Fonts/build/GlyphItem/FontItem_653E.font.o
[AS ]	Fonts/build/GlyphItem/FontItem_83F2.font.o
[AS ]	Fonts/build/GlyphItem/FontItem_98DE.font.o
[AS ]	Fonts/build/GlyphItem/FontItem_975E.font.o
[AS ]	Fonts/build/GlyphItem/FontItem_5E9F.font.o
[AS ]	Fonts/build/GlyphItem/FontItem_8D39.font.o
[AS ]	Fonts/build/GlyphItem/FontItem_82AC.font.o
[AS ]	Fonts/build/GlyphItem/FontItem_5206.font.o
[AS ]	Fonts/build/GlyphItem/FontItem_594B.font.o
[AS ]	Fonts/build/GlyphItem/FontItem_4EFD.font.o
[AS ]	Fonts/build/GlyphItem/FontItem_6124.font.o
[AS ]	Fonts/build/GlyphItem/FontItem_4E30.font.o
[AS ]	Fonts/build/GlyphItem/FontItem_5C01.font.o
[AS ]	Fonts/build/GlyphItem/FontItem_950B.font.o
[AS ]	Fonts/build/GlyphItem/FontItem_98CE.font.o
[AS ]	Fonts/build/GlyphItem/FontItem_9022.font.o
[AS ]	Fonts/build/GlyphItem/FontItem_75AF.font.o
[AS ]	Fonts/build/GlyphItem/FontItem_7F1D.font.o
[AS ]	Fonts/build/GlyphItem/FontItem_5949.font.o
[AS ]	Fonts/build/GlyphItem/FontItem_5426.font.o
[AS ]	Fonts/build/GlyphItem/FontItem_592B.font.o
[AS ]	Fonts/build/GlyphItem/FontItem_5E45.font.o
[AS ]	Fonts/build/GlyphItem/FontItem_7B26.font.o
[AS ]	Fonts/build/GlyphItem/FontItem_670D.font.o
[AS ]	Fonts/build/GlyphItem/FontItem_6D6E.font.o
[AS ]	Fonts/build/GlyphItem/FontItem_798F.font.o
[AS ]	Fonts/build/GlyphItem/FontItem_5F17.font.o
[AS ]	Fonts/build/GlyphItem/FontItem_629A.font.o
[AS ]	Fonts/build/GlyphItem/FontItem_8F85.font.o
[AS ]	Fonts/build/GlyphItem/FontItem_65A7.font.o
[AS ]	Fonts/build/GlyphItem/FontItem_8150.font.o
[AS ]	Fonts/build/GlyphItem/FontItem_8D74.font.o
[AS ]	Fonts/build/GlyphItem/FontItem_526F.font.o
[AS ]	Fonts/build/GlyphItem/FontItem_8986.font.o
[AS ]	Fonts/build/GlyphItem/FontItem_8D4B.font.o
[AS ]	Fonts/build/GlyphItem/FontItem_590D.font.o
[AS ]	Fonts/build/GlyphItem/FontItem_4ED8.font.o
[AS ]	Fonts/build/GlyphItem/FontItem_8D1F.font.o
[AS ]	Fonts/build/GlyphItem/FontItem_7236.font.o
[AS ]	Fonts/build/GlyphItem/FontItem_5BCC.font.o
[AS ]	Fonts/build/GlyphItem/FontItem_9644.font.o
[AS ]	Fonts/build/GlyphItem/FontItem_5987.font.o
[AS ]	Fonts/build/GlyphItem/FontItem_7F1A.font.o
[AS ]	Fonts/build/GlyphItem/FontItem_8BE5.font.o
[AS ]	Fonts/build/GlyphItem/FontItem_6539.font.o
[AS ]	Fonts/build/GlyphItem/FontItem_6982.font.o
[AS ]	Fonts/build/GlyphItem/FontItem_76D6.font.o
[AS ]	Fonts/build/GlyphItem/FontItem_7518.font.o
[AS ]	Fonts/build/GlyphItem/FontItem_6746.font.o
[AS ]	Fonts/build/GlyphItem/FontItem_8D76.font.o
[AS ]	Fonts/build/GlyphItem/FontItem_611F.font.o
[AS ]	Fonts/build/GlyphItem/FontItem_521A.font.o
[AS ]	Fonts/build/GlyphItem/FontItem_94A2.font.o
[AS ]	Fonts/build/GlyphItem/FontItem_9AD8.font.o
[AS ]	Fonts/build/GlyphItem/FontItem_7CD5.font.o
[AS ]	Fonts/build/GlyphItem/FontItem_544A.font.o
[AS ]	Fonts/build/GlyphItem/FontItem_54E5.font.o
[AS ]	Fonts/build/GlyphItem/FontItem_6B4C.font.o
[AS ]	Fonts/build/GlyphItem/FontItem_683C.font.o
[AS ]	Fonts/build/GlyphItem/FontItem_9694.font.o
[AS ]	Fonts/build/GlyphItem/FontItem_4E2A.font.o
[AS ]	Fonts/build/GlyphItem/FontItem_5404.font.o
[AS ]	Fonts/build/GlyphItem/FontItem_7ED9.font.o
[AS ]	Fonts/build/GlyphItem/FontItem_6839.font.o
[AS ]	Fonts/build/GlyphItem/FontItem_8DDF.font.o
[AS ]	Fonts/build/GlyphItem/FontItem_8015.font.o
[AS ]	Fonts/build/GlyphItem/FontItem_66F4.font.o
[AS ]	Fonts/build/GlyphItem/FontItem_803F.font.o
[AS ]	Fonts/build/GlyphItem/FontItem_5DE5.font.o
[AS ]	Fonts/build/GlyphItem/FontItem_653B.font.o
[AS ]	Fonts/build/GlyphItem/FontItem_529F.font.o
[AS ]	Fonts/build/GlyphItem/FontItem_4F9B.font.o
[AS ]	Fonts/build/GlyphItem/FontItem_516C.font.o
[AS ]	Fonts/build/GlyphItem/FontItem_5BAB.font.o
[AS ]	Fonts/build/GlyphItem/FontItem_5F13.font.o
[AS ]	Fonts/build/GlyphItem/FontItem_8D21.font.o
[AS ]	Fonts/build/GlyphItem/FontItem_5171.font.o
[AS ]	Fonts/build/GlyphItem/FontItem_6784.font.o
[AS ]	Fonts/build/GlyphItem/FontItem_8D2D.font.o
[AS ]	Fonts/build/GlyphItem/FontItem_5B64.font.o
[AS ]	Fonts/build/GlyphItem/FontItem_591F.font.o
[AS ]	Fonts/build/GlyphItem/FontItem_59D1.font.o
[AS ]	Fonts/build/GlyphItem/FontItem_9F13.font.o
[AS ]	Fonts/build/GlyphItem/FontItem_53E4.font.o
[AS ]	Fonts/build/GlyphItem/FontItem_9AA8.font.o
[AS ]	Fonts/build/GlyphItem/FontItem_6545.font.o
[AS ]	Fonts/build/GlyphItem/FontItem_8C37.font.o
[AS ]	Fonts/build/GlyphItem/FontItem_56FA.font.o
[AS ]	Fonts/build/GlyphItem/FontItem_987E.font.o
[AS ]	Fonts/build/GlyphItem/FontItem_96C7.font.o
[AS ]	Fonts/build/GlyphItem/FontItem_602A.font.o
[AS ]	Fonts/build/GlyphItem/FontItem_5173.font.o
[AS ]	Fonts/build/GlyphItem/FontItem_5B98.font.o
[AS ]	Fonts/build/GlyphItem/FontItem_89C2.font.o
[AS ]	Fonts/build/GlyphItem/FontItem_7BA1.font.o
[AS ]	Fonts/build/GlyphItem/FontItem_9986.font.o
[AS ]	Fonts/build/GlyphItem/FontItem_60EF.font.o
[AS ]	Fonts/build/GlyphItem/FontItem_8D2F.font.o
[AS ]	Fonts/build/GlyphItem/FontItem_5149.font.o
[AS ]	Fonts/build/GlyphItem/FontItem_5E7F.font.o
[AS ]	Fonts/build/GlyphItem/FontItem_89C4.font.o
[AS ]	Fonts/build/GlyphItem/FontItem_5F52.font.o
[AS ]	Fonts/build/GlyphItem/FontItem_8F68.font.o
[AS ]	Fonts/build/GlyphItem/FontItem_9B3C.font.o
[AS ]	Fonts/build/GlyphItem/FontItem_8D35.font.o
[AS ]	Fonts/build/GlyphItem/FontItem_56FD.font.o
[AS ]	Fonts/build/GlyphItem/FontItem_6EDA.font.o
[AS ]	Fonts/build/GlyphItem/FontItem_679C.font.o
[AS ]	Fonts/build/GlyphItem/FontItem_8FC7.font.o
[AS ]	Fonts/build/GlyphItem/FontItem_54C8.font.o
[AS ]	Fonts/build/GlyphItem/FontItem_5B69.font.o
[AS ]	Fonts/build/GlyphItem/FontItem_6D77.font.o
[AS ]	Fonts/build/GlyphItem/FontItem_5BB3.font.o
[AS ]	Fonts/build/GlyphItem/FontItem_5BD2.font.o
[AS ]	Fonts/build/GlyphItem/FontItem_7FF0.font.o
[AS ]	Fonts/build/GlyphItem/FontItem_64BC.font.o
[AS ]	Fonts/build/GlyphItem/FontItem_6C49.font.o
[AS ]	Fonts/build/GlyphItem/FontItem_822A.font.o
[AS ]	Fonts/build/GlyphItem/FontItem_568E.font.o
[AS ]	Fonts/build/GlyphItem/FontItem_8C6A.font.o
[AS ]	Fonts/build/GlyphItem/FontItem_6BEB.font.o
[AS ]	Fonts/build/GlyphItem/FontItem_597D.font.o
[AS ]	Fonts/build/GlyphItem/FontItem_8017.font.o
[AS ]	Fonts/build/GlyphItem/FontItem_53F7.font.o
[AS ]	Fonts/build/GlyphItem/FontItem_548C.font.o
[AS ]	Fonts/build/GlyphItem/FontItem_4F55.font.o
[AS ]	Fonts/build/GlyphItem/FontItem_5408.font.o
[AS ]	Fonts/build/GlyphItem/FontItem_6CB3.font.o
[AS ]	Fonts/build/GlyphItem/FontItem_8D6B.font.o
[AS ]	Fonts/build/GlyphItem/FontItem_9ED1.font.o
[AS ]	Fonts/build/GlyphItem/FontItem_75D5.font.o
[AS ]	Fonts/build/GlyphItem/FontItem_5F88.font.o
[AS ]	Fonts/build/GlyphItem/FontItem_6068.font.o
[AS ]	Fonts/build/GlyphItem/FontItem_8861.font.o
[AS ]	Fonts/build/GlyphItem/FontItem_8F70.font.o
[AS ]	Fonts/build/GlyphItem/FontItem_7EA2.font.o
[AS ]	Fonts/build/GlyphItem/FontItem_4FAF.font.o
[AS ]	Fonts/build/GlyphItem/FontItem_539A.font.o
[AS ]	Fonts/build/GlyphItem/FontItem_5019.font.o
[AS ]	Fonts/build/GlyphItem/FontItem_540E.font.o
[AS ]	Fonts/build/GlyphItem/FontItem_547C.font.o
[AS ]	Fonts/build/GlyphItem/FontItem_7CCA.font.o
[AS ]	Fonts/build/GlyphItem/FontItem_6E56.font.o
[AS ]	Fonts/build/GlyphItem/FontItem_4E4E.font.o
[AS ]	Fonts/build/GlyphItem/FontItem_864E.font.o
[AS ]	Fonts/build/GlyphItem/FontItem_62A4.font.o
[AS ]	Fonts/build/GlyphItem/FontItem_4E92.font.o
[AS ]	Fonts/build/GlyphItem/FontItem_6237.font.o
[AS ]	Fonts/build/GlyphItem/FontItem_82B1.font.o
[AS ]	Fonts/build/GlyphItem/FontItem_534E.font.o
[AS ]	Fonts/build/GlyphItem/FontItem_5212.font.o
[AS ]	Fonts/build/GlyphItem/FontItem_753B.font.o
[AS ]	Fonts/build/GlyphItem/FontItem_5316.font.o
[AS ]	Fonts/build/GlyphItem/FontItem_8BDD.font.o
[AS ]	Fonts/build/GlyphItem/FontItem_6000.font.o
[AS ]	Fonts/build/GlyphItem/FontItem_574F.font.o
[AS ]	Fonts/build/GlyphItem/FontItem_6B22.font.o
[AS ]	Fonts/build/GlyphItem/FontItem_73AF.font.o
[AS ]	Fonts/build/GlyphItem/FontItem_8FD8.font.o
[AS ]	Fonts/build/GlyphItem/FontItem_6362.font.o
[AS ]	Fonts/build/GlyphItem/FontItem_60A3.font.o
[AS ]	Fonts/build/GlyphItem/FontItem_5524.font.o
[AS ]	Fonts/build/GlyphItem/FontItem_6DA3.font.o
[AS ]	Fonts/build/GlyphItem/FontItem_5E7B.font.o
[AS ]	Fonts/build/GlyphItem/FontItem_8352.font.o
[AS ]	Fonts/build/GlyphItem/FontItem_9EC4.font.o
[AS ]	Fonts/build/GlyphItem/FontItem_7687.font.o
[AS ]	Fonts/build/GlyphItem/FontItem_7070.font.o
[AS ]	Fonts/build/GlyphItem/FontItem_8F89.font.o
[AS ]	Fonts/build/GlyphItem/FontItem_6325.font.o
[AS ]	Fonts/build/GlyphItem/FontItem_6062.font.o
[AS ]	Fonts/build/GlyphItem/FontItem_56DE.font.o
[AS ]	Fonts/build/GlyphItem/FontItem_6167.font.o
[AS ]	Fonts/build/GlyphItem/FontItem_60E0.font.o
[AS ]	Fonts/build/GlyphItem/FontItem_4F1A.font.o
[AS ]	Fonts/build/GlyphItem/FontItem_7ED8.font.o
[AS ]	Fonts/build/GlyphItem/FontItem_660F.font.o
[AS ]	Fonts/build/GlyphItem/FontItem_5A5A.font.o
[AS ]	Fonts/build/GlyphItem/FontItem_9B42.font.o
[AS ]	Fonts/build/GlyphItem/FontItem_6DF7.font.o
[AS ]	Fonts/build/GlyphItem/FontItem_4F19.font.o
[AS ]	Fonts/build/GlyphItem/FontItem_6D3B.font.o
[AS ]	Fonts/build/GlyphItem/FontItem_706B.font.o
[AS ]	Fonts/build/GlyphItem/FontItem_83B7.font.o
[AS ]	Fonts/build/GlyphItem/FontItem_6216.font.o
[AS ]	Fonts/build/GlyphItem/FontItem_60D1.font.o
[AS ]	Fonts/build/GlyphItem/FontItem_7978.font.o
[AS ]	Fonts/build/GlyphItem/FontItem_51FB.font.o
[AS ]	Fonts/build/GlyphItem/FontItem_57FA.font.o
[AS ]	Fonts/build/GlyphItem/FontItem_673A.font.o
[AS ]	Fonts/build/GlyphItem/FontItem_8FF9.font.o
[AS ]	Fonts/build/GlyphItem/FontItem_6FC0.font.o
[AS ]	Fonts/build/GlyphItem/FontItem_59EC.font.o
[AS ]	Fonts/build/GlyphItem/FontItem_5409.font.o
[AS ]	Fonts/build/GlyphItem/FontItem_7EE9.font.o
[AS ]	Fonts/build/GlyphItem/FontItem_6781.font.o
[AS ]	Fonts/build/GlyphItem/FontItem_96C6.font.o
[AS ]	Fonts/build/GlyphItem/FontItem_53CA.font.o
[AS ]	Fonts/build/GlyphItem/FontItem_6025.font.o
[AS ]	Fonts/build/GlyphItem/FontItem_75BE.font.o
[AS ]	Fonts/build/GlyphItem/FontItem_5373.font.o
[AS ]	Fonts/build/GlyphItem/FontItem_7EA7.font.o
[AS ]	Fonts/build/GlyphItem/FontItem_51E0.font.o
[AS ]	Fonts/build/GlyphItem/FontItem_5DF1.font.o
[AS ]	Fonts/build/GlyphItem/FontItem_6280.font.o
[AS ]	Fonts/build/GlyphItem/FontItem_796D.font.o
[AS ]	Fonts/build/GlyphItem/FontItem_6D4E.font.o
[AS ]	Fonts/build/GlyphItem/FontItem_5BC4.font.o
[AS ]	Fonts/build/GlyphItem/FontItem_5BC2.font.o
[AS ]	Fonts/build/GlyphItem/FontItem_8BA1.font.o
[AS ]	Fonts/build/GlyphItem/FontItem_8BB0.font.o
[AS ]	Fonts/build/GlyphItem/FontItem_65E2.font.o
[AS ]	Fonts/build/GlyphItem/FontItem_7EE7.font.o
[AS ]	Fonts/build/GlyphItem/FontItem_7EAA.font.o
[AS ]	Fonts/build/GlyphItem/FontItem_5609.font.o
[AS ]	Fonts/build/GlyphItem/FontItem_5939.font.o
[AS ]	Fonts/build/GlyphItem/FontItem_4F73.font.o
[AS ]	Fonts/build/GlyphItem/FontItem_52A0.font.o
[AS ]	Fonts/build/GlyphItem/FontItem_5BB6.font.o
[AS ]	Fonts/build/GlyphItem/FontItem_7532.font.o
[AS ]	Fonts/build/GlyphItem/FontItem_5047.font.o
[AS ]	Fonts/build/GlyphItem/FontItem_4EF7.font.o
[AS ]	Fonts/build/GlyphItem/FontItem_67B6.font.o
[AS ]	Fonts/build/GlyphItem/FontItem_9A7E.font.o
[AS ]	Fonts/build/GlyphItem/FontItem_5AC1.font.o
[AS ]	Fonts/build/GlyphItem/FontItem_575A.font.o
[AS ]	Fonts/build/GlyphItem/FontItem_95F4.font.o
[AS ]	Fonts/build/GlyphItem/FontItem_517C.font.o
[AS ]	Fonts/build/GlyphItem/FontItem_80A9.font.o
[AS ]	Fonts/build/GlyphItem/FontItem_8270.font.o
[AS ]	Fonts/build/GlyphItem/FontItem_7B80.font.o
[AS ]	Fonts/build/GlyphItem/FontItem_51CF.font.o
[AS ]	Fonts/build/GlyphItem/FontItem_89C1.font.o
[AS ]	Fonts/build/GlyphItem/FontItem_952E.font.o
[AS ]	Fonts/build/GlyphItem/FontItem_7BAD.font.o
[AS ]	Fonts/build/GlyphItem/FontItem_4EF6.font.o
[AS ]	Fonts/build/GlyphItem/FontItem_5065.font.o
[AS ]	Fonts/build/GlyphItem/FontItem_5251.font.o
[AS ]	Fonts/build/GlyphItem/FontItem_6E10.font.o
[AS ]	Fonts/build/GlyphItem/FontItem_5EFA.font.o
[AS ]	Fonts/build/GlyphItem/FontItem_5C06.font.o
[AS ]	Fonts/build/GlyphItem/FontItem_5956.font.o
[AS ]	Fonts/build/GlyphItem/FontItem_8BB2.font.o
[AS ]	Fonts/build/GlyphItem/FontItem_964D.font.o
[AS ]	Fonts/build/GlyphItem/FontItem_7126.font.o
[AS ]	Fonts/build/GlyphItem/FontItem_4EA4.font.o
[AS ]	Fonts/build/GlyphItem/FontItem_90CA.font.o
[AS ]	Fonts/build/GlyphItem/FontItem_9A84.font.o
[AS ]	Fonts/build/GlyphItem/FontItem_811A.font.o
[AS ]	Fonts/build/GlyphItem/FontItem_89D2.font.o
[AS ]	Fonts/build/GlyphItem/FontItem_6559.font.o
[AS ]	Fonts/build/GlyphItem/FontItem_8F83.font.o
[AS ]	Fonts/build/GlyphItem/FontItem_53EB.font.o
[AS ]	Fonts/build/GlyphItem/FontItem_63A5.font.o
[AS ]	Fonts/build/GlyphItem/FontItem_52AB.font.o
[AS ]	Fonts/build/GlyphItem/FontItem_8282.font.o
[AS ]	Fonts/build/GlyphItem/FontItem_6770.font.o
[AS ]	Fonts/build/GlyphItem/FontItem_6377.font.o
[AS ]	Fonts/build/GlyphItem/FontItem_7AED.font.o
[AS ]	Fonts/build/GlyphItem/FontItem_6D01.font.o
[AS ]	Fonts/build/GlyphItem/FontItem_7ED3.font.o
[AS ]	Fonts/build/GlyphItem/FontItem_89E3.font.o
[AS ]	Fonts/build/GlyphItem/FontItem_59D0.font.o
[AS ]	Fonts/build/GlyphItem/FontItem_6212.font.o
[AS ]	Fonts/build/GlyphItem/FontItem_754C.font.o
[AS ]	Fonts/build/GlyphItem/FontItem_501F.font.o
[AS ]	Fonts/build/GlyphItem/FontItem_91D1.font.o
[AS ]	Fonts/build/GlyphItem/FontItem_4ECA.font.o
[AS ]	Fonts/build/GlyphItem/FontItem_6D25.font.o
[AS ]	Fonts/build/GlyphItem/FontItem_7D27.font.o
[AS ]	Fonts/build/GlyphItem/FontItem_4EC5.font.o
[AS ]	Fonts/build/GlyphItem/FontItem_8C28.font.o
[AS ]	Fonts/build/GlyphItem/FontItem_664B.font.o
[AS ]	Fonts/build/GlyphItem/FontItem_8FDB.font.o
[AS ]	Fonts/build/GlyphItem/FontItem_7981.font.o
[AS ]	Fonts/build/GlyphItem/FontItem_5C3D.font.o
[AS ]	Fonts/build/GlyphItem/FontItem_8FD1.font.o
[AS ]	Fonts/build/GlyphItem/FontItem_60CA.font.o
[AS ]	Fonts/build/GlyphItem/FontItem_52B2.font.o
[AS ]	Fonts/build/GlyphItem/FontItem_7CBE.font.o
[AS ]	Fonts/build/GlyphItem/FontItem_7ECF.font.o
[AS ]	Fonts/build/GlyphItem/FontItem_666F.font.o
[AS ]	Fonts/build/GlyphItem/FontItem_9759.font.o
[AS ]	Fonts/build/GlyphItem/FontItem_5883.font.o
[AS ]	Fonts/build/GlyphItem/FontItem_7ADF.font.o
[AS ]	Fonts/build/GlyphItem/FontItem_656C.font.o
[AS ]	Fonts/build/GlyphItem/FontItem_7ADE.font.o
[AS ]	Fonts/build/GlyphItem/FontItem_51C0.font.o
[AS ]	Fonts/build/GlyphItem/FontItem_7A76.font.o
[AS ]	Fonts/build/GlyphItem/FontItem_4E45.font.o
[AS ]	Fonts/build/GlyphItem/FontItem_9152.font.o
[AS ]	Fonts/build/GlyphItem/FontItem_6551.font.o
[AS ]	Fonts/build/GlyphItem/FontItem_65E7.font.o
[AS ]	Fonts/build/GlyphItem/FontItem_5C31.font.o
[AS ]	Fonts/build/GlyphItem/FontItem_72D9.font.o
[AS ]	Fonts/build/GlyphItem/FontItem_5C45.font.o
[AS ]	Fonts/build/GlyphItem/FontItem_5C40.font.o
[AS ]	Fonts/build/GlyphItem/FontItem_4E3E.font.o
[AS ]	Fonts/build/GlyphItem/FontItem_805A.font.o
[AS ]	Fonts/build/GlyphItem/FontItem_62D2.font.o
[AS ]	Fonts/build/GlyphItem/FontItem_636E.font.o
[AS ]	Fonts/build/GlyphItem/FontItem_5DE8.font.o
[AS ]	Fonts/build/GlyphItem/FontItem_5177.font.o
[AS ]	Fonts/build/GlyphItem/FontItem_8DDD.font.o
[AS ]	Fonts/build/GlyphItem/FontItem_53E5.font.o
[AS ]	Fonts/build/GlyphItem/FontItem_60E7.font.o
[AS ]	Fonts/build/GlyphItem/FontItem_5267.font.o
[AS ]	Fonts/build/GlyphItem/FontItem_7737.font.o
[AS ]	Fonts/build/GlyphItem/FontItem_5377.font.o
[AS ]	Fonts/build/GlyphItem/FontItem_7235.font.o
[AS ]	Fonts/build/GlyphItem/FontItem_89C9.font.o
[AS ]	Fonts/build/GlyphItem/FontItem_51B3.font.o
[AS ]	Fonts/build/GlyphItem/FontItem_7EDD.font.o
[AS ]	Fonts/build/GlyphItem/FontItem_5747.font.o
[AS ]	Fonts/build/GlyphItem/FontItem_519B.font.o
[AS ]	Fonts/build/GlyphItem/FontItem_541B.font.o
[AS ]	Fonts/build/GlyphItem/FontItem_5361.font.o
[AS ]	Fonts/build/GlyphItem/FontItem_5F00.font.o
[AS ]	Fonts/build/GlyphItem/FontItem_51EF.font.o
[AS ]	Fonts/build/GlyphItem/FontItem_6168.font.o
[AS ]	Fonts/build/GlyphItem/FontItem_582A.font.o
[AS ]	Fonts/build/GlyphItem/FontItem_574E.font.o
[AS ]	Fonts/build/GlyphItem/FontItem_780D.font.o
[AS ]	Fonts/build/GlyphItem/FontItem_770B.font.o
[AS ]	Fonts/build/GlyphItem/FontItem_5EB7.font.o
[AS ]	Fonts/build/GlyphItem/FontItem_6297.font.o
[AS ]	Fonts/build/GlyphItem/FontItem_8003.font.o
[AS ]	Fonts/build/GlyphItem/FontItem_9760.font.o
[AS ]	Fonts/build/GlyphItem/FontItem_67EF.font.o
[AS ]	Fonts/build/GlyphItem/FontItem_9897.font.o
[AS ]	Fonts/build/GlyphItem/FontItem_79D1.font.o
[AS ]	Fonts/build/GlyphItem/FontItem_53EF.font.o
[AS ]	Fonts/build/GlyphItem/FontItem_514B.font.o
[AS ]	Fonts/build/GlyphItem/FontItem_523B.font.o
[AS ]	Fonts/build/GlyphItem/FontItem_5BA2.font.o
[AS ]	Fonts/build/GlyphItem/FontItem_8BFE.font.o
[AS ]	Fonts/build/GlyphItem/FontItem_57A6.font.o
[AS ]	Fonts/build/GlyphItem/FontItem_80AF.font.o
[AS ]	Fonts/build/GlyphItem/FontItem_7A7A.font.o
[AS ]	Fonts/build/GlyphItem/FontItem_6050.font.o
[AS ]	Fonts/build/GlyphItem/FontItem_5B54.font.o
[AS ]	Fonts/build/GlyphItem/FontItem_53E3.font.o
[AS ]	Fonts/build/GlyphItem/FontItem_54ED.font.o
[AS ]	Fonts/build/GlyphItem/FontItem_7A9F.font.o
[AS ]	Fonts/build/GlyphItem/FontItem_82E6.font.o
[AS ]	Fonts/build/GlyphItem/FontItem_5E93.font.o
[AS ]	Fonts/build/GlyphItem/FontItem_5FEB.font.o
[AS ]	Fonts/build/GlyphItem/FontItem_72C2.font.o
[AS ]	Fonts/build/GlyphItem/FontItem_77FF.font.o
[AS ]	Fonts/build/GlyphItem/FontItem_51B5.font.o
[AS ]	Fonts/build/GlyphItem/FontItem_7AA5.font.o
[AS ]	Fonts/build/GlyphItem/FontItem_6E83.font.o
[AS ]	Fonts/build/GlyphItem/FontItem_62EC.font.o
[AS ]	Fonts/build/GlyphItem/FontItem_56F0.font.o
[AS ]	Fonts/build/GlyphItem/FontItem_9614.font.o
[AS ]	Fonts/build/GlyphItem/FontItem_62C9.font.o
[AS ]	Fonts/build/GlyphItem/FontItem_83B1.font.o
[AS ]	Fonts/build/GlyphItem/FontItem_6765.font.o
[AS ]	Fonts/build/GlyphItem/FontItem_8D56.font.o
[AS ]	Fonts/build/GlyphItem/FontItem_84DD.font.o
[AS ]	Fonts/build/GlyphItem/FontItem_5170.font.o
[AS ]	Fonts/build/GlyphItem/FontItem_89C8.font.o
[AS ]	Fonts/build/GlyphItem/FontItem_61D2.font.o
[AS ]	Fonts/build/GlyphItem/FontItem_7F06.font.o
[AS ]	Fonts/build/GlyphItem/FontItem_70C2.font.o
[AS ]	Fonts/build/GlyphItem/FontItem_72FC.font.o
[AS ]	Fonts/build/GlyphItem/FontItem_90CE.font.o
[AS ]	Fonts/build/GlyphItem/FontItem_6717.font.o
[AS ]	Fonts/build/GlyphItem/FontItem_6D6A.font.o
[AS ]	Fonts/build/GlyphItem/FontItem_7262.font.o
[AS ]	Fonts/build/GlyphItem/FontItem_52B3.font.o
[AS ]	Fonts/build/GlyphItem/FontItem_8001.font.o
[AS ]	Fonts/build/GlyphItem/FontItem_4E50.font.o
[AS ]	Fonts/build/GlyphItem/FontItem_96F7.font.o
[AS ]	Fonts/build/GlyphItem/FontItem_857E.font.o
[AS ]	Fonts/build/GlyphItem/FontItem_7C7B.font.o
[AS ]	Fonts/build/GlyphItem/FontItem_6CEA.font.o
[AS ]	Fonts/build/GlyphItem/FontItem_51B7.font.o
[AS ]	Fonts/build/GlyphItem/FontItem_79BB.font.o
[AS ]	Fonts/build/GlyphItem/FontItem_7406.font.o
[AS ]	Fonts/build/GlyphItem/FontItem_91CC.font.o
[AS ]	Fonts/build/GlyphItem/FontItem_793C.font.o
[AS ]	Fonts/build/GlyphItem/FontItem_8389.font.o
[AS ]	Fonts/build/GlyphItem/FontItem_540F.font.o
[AS ]	Fonts/build/GlyphItem/FontItem_4E3D.font.o
[AS ]	Fonts/build/GlyphItem/FontItem_5389.font.o
[AS ]	Fonts/build/GlyphItem/FontItem_52B1.font.o
[AS ]	Fonts/build/GlyphItem/FontItem_5386.font.o
[AS ]	Fonts/build/GlyphItem/FontItem_5229.font.o
[AS ]	Fonts/build/GlyphItem/FontItem_7ACB.font.o
[AS ]	Fonts/build/GlyphItem/FontItem_529B.font.o
[AS ]	Fonts/build/GlyphItem/FontItem_8054.font.o
[AS ]	Fonts/build/GlyphItem/FontItem_83B2.font.o
[AS ]	Fonts/build/GlyphItem/FontItem_8FDE.font.o
[AS ]	Fonts/build/GlyphItem/FontItem_601C.font.o
[AS ]	Fonts/build/GlyphItem/FontItem_8138.font.o
[AS ]	Fonts/build/GlyphItem/FontItem_94FE.font.o
[AS ]	Fonts/build/GlyphItem/FontItem_604B.font.o
[AS ]	Fonts/build/GlyphItem/FontItem_70BC.font.o
[AS ]	Fonts/build/GlyphItem/FontItem_7EC3.font.o
[AS ]	Fonts/build/GlyphItem/FontItem_826F.font.o
[AS ]	Fonts/build/GlyphItem/FontItem_4E24.font.o
[AS ]	Fonts/build/GlyphItem/FontItem_91CF.font.o
[AS ]	Fonts/build/GlyphItem/FontItem_4EAE.font.o
[AS ]	Fonts/build/GlyphItem/FontItem_804A.font.o
[AS ]	Fonts/build/GlyphItem/FontItem_7597.font.o
[AS ]	Fonts/build/GlyphItem/FontItem_4E86.font.o
[AS ]	Fonts/build/GlyphItem/FontItem_6599.font.o
[AS ]	Fonts/build/GlyphItem/FontItem_5217.font.o
[AS ]	Fonts/build/GlyphItem/FontItem_88C2.font.o
[AS ]	Fonts/build/GlyphItem/FontItem_70C8.font.o
[AS ]	Fonts/build/GlyphItem/FontItem_52A3.font.o
[AS ]	Fonts/build/GlyphItem/FontItem_730E.font.o
[AS ]	Fonts/build/GlyphItem/FontItem_6797.font.o
[AS ]	Fonts/build/GlyphItem/FontItem_4E34.font.o
[AS ]	Fonts/build/GlyphItem/FontItem_90BB.font.o
[AS ]	Fonts/build/GlyphItem/FontItem_51DB.font.o
[AS ]	Fonts/build/GlyphItem/FontItem_9F84.font.o
[AS ]	Fonts/build/GlyphItem/FontItem_7075.font.o
[AS ]	Fonts/build/GlyphItem/FontItem_9886.font.o
[AS ]	Fonts/build/GlyphItem/FontItem_53E6.font.o
[AS ]	Fonts/build/GlyphItem/FontItem_4EE4.font.o
[AS ]	Fonts/build/GlyphItem/FontItem_7559.font.o
[AS ]	Fonts/build/GlyphItem/FontItem_6D41.font.o
[AS ]	Fonts/build/GlyphItem/FontItem_9F99.font.o
[AS ]	Fonts/build/GlyphItem/FontItem_7B3C.font.o
[AS ]	Fonts/build/GlyphItem/FontItem_9686.font.o
[AS ]	Fonts/build/GlyphItem/FontItem_697C.font.o
[AS ]	Fonts/build/GlyphItem/FontItem_5362.font.o
[AS ]	Fonts/build/GlyphItem/FontItem_9C81.font.o
[AS ]	Fonts/build/GlyphItem/FontItem_9732.font.o
[AS ]	Fonts/build/GlyphItem/FontItem_8DEF.font.o
[AS ]	Fonts/build/GlyphItem/FontItem_9E7F.font.o
[AS ]	Fonts/build/GlyphItem/FontItem_5F55.font.o
[AS ]	Fonts/build/GlyphItem/FontItem_9646.font.o
[AS ]	Fonts/build/GlyphItem/FontItem_4FA3.font.o
[AS ]	Fonts/build/GlyphItem/FontItem_8651.font.o
[AS ]	Fonts/build/GlyphItem/FontItem_5F8B.font.o
[AS ]	Fonts/build/GlyphItem/FontItem_65C5.font.o
[AS ]	Fonts/build/GlyphItem/FontItem_7387.font.o
[AS ]	Fonts/build/GlyphItem/FontItem_7EFF.font.o
[AS ]	Fonts/build/GlyphItem/FontItem_4E71.font.o
[AS ]	Fonts/build/GlyphItem/FontItem_7565.font.o
[AS ]	Fonts/build/GlyphItem/FontItem_8F6E.font.o
[AS ]	Fonts/build/GlyphItem/FontItem_4F26.font.o
[AS ]	Fonts/build/GlyphItem/FontItem_8BBA.font.o
[AS ]	Fonts/build/GlyphItem/FontItem_7F57.font.o
[AS ]	Fonts/build/GlyphItem/FontItem_843D.font.o
[AS ]	Fonts/build/GlyphItem/FontItem_6D1B.font.o
[AS ]	Fonts/build/GlyphItem/FontItem_7EDC.font.o
[AS ]	Fonts/build/GlyphItem/FontItem_9EBB.font.o
[AS ]	Fonts/build/GlyphItem/FontItem_739B.font.o
[AS ]	Fonts/build/GlyphItem/FontItem_9A6C.font.o
[AS ]	Fonts/build/GlyphItem/FontItem_9A82.font.o
[AS ]	Fonts/build/GlyphItem/FontItem_5417.font.o
[AS ]	Fonts/build/GlyphItem/FontItem_57CB.font.o
[AS ]	Fonts/build/GlyphItem/FontItem_4E70.font.o
[AS ]	Fonts/build/GlyphItem/FontItem_5356.font.o
[AS ]	Fonts/build/GlyphItem/FontItem_8FC8.font.o
[AS ]	Fonts/build/GlyphItem/FontItem_86EE.font.o
[AS ]	Fonts/build/GlyphItem/FontItem_6EE1.font.o
[AS ]	Fonts/build/GlyphItem/FontItem_8513.font.o
[AS ]	Fonts/build/GlyphItem/FontItem_6162.font.o
[AS ]	Fonts/build/GlyphItem/FontItem_6F2B.font.o
[AS ]	Fonts/build/GlyphItem/FontItem_832B.font.o
[AS ]	Fonts/build/GlyphItem/FontItem_6C13.font.o
[AS ]	Fonts/build/GlyphItem/FontItem_5FD9.font.o
[AS ]	Fonts/build/GlyphItem/FontItem_732B.font.o
[AS ]	Fonts/build/GlyphItem/FontItem_6BDB.font.o
[AS ]	Fonts/build/GlyphItem/FontItem_8302.font.o
[AS ]	Fonts/build/GlyphItem/FontItem_4E48.font.o
[AS ]	Fonts/build/GlyphItem/FontItem_6885.font.o
[AS ]	Fonts/build/GlyphItem/FontItem_6CA1.font.o
[AS ]	Fonts/build/GlyphItem/FontItem_6BCF.font.o
[AS ]	Fonts/build/GlyphItem/FontItem_7F8E.font.o
[AS ]	Fonts/build/GlyphItem/FontItem_59B9.font.o
[AS ]	Fonts/build/GlyphItem/FontItem_95E8.font.o
[AS ]	Fonts/build/GlyphItem/FontItem_95F7.font.o
[AS ]	Fonts/build/GlyphItem/FontItem_4EEC.font.o
[AS ]	Fonts/build/GlyphItem/FontItem_8499.font.o
[AS ]	Fonts/build/GlyphItem/FontItem_76DF.font.o
[AS ]	Fonts/build/GlyphItem/FontItem_731B.font.o
[AS ]	Fonts/build/GlyphItem/FontItem_68A6.font.o
[AS ]	Fonts/build/GlyphItem/FontItem_8FF7.font.o
[AS ]	Fonts/build/GlyphItem/FontItem_8C1C.font.o
[AS ]	Fonts/build/GlyphItem/FontItem_7C73.font.o
[AS ]	Fonts/build/GlyphItem/FontItem_79D8.font.o
[AS ]	Fonts/build/GlyphItem/FontItem_5BC6.font.o
[AS ]	Fonts/build/GlyphItem/FontItem_7720.font.o
[AS ]	Fonts/build/GlyphItem/FontItem_52C9.font.o
[AS ]	Fonts/build/GlyphItem/FontItem_9762.font.o
[AS ]	Fonts/build/GlyphItem/FontItem_63CF.font.o
[AS ]	Fonts/build/GlyphItem/FontItem_706D.font.o
[AS ]	Fonts/build/GlyphItem/FontItem_6C11.font.o
[AS ]	Fonts/build/GlyphItem/FontItem_654F.font.o
[AS ]	Fonts/build/GlyphItem/FontItem_660E.font.o
[AS ]	Fonts/build/GlyphItem/FontItem_540D.font.o
[AS ]	Fonts/build/GlyphItem/FontItem_547D.font.o
[AS ]	Fonts/build/GlyphItem/FontItem_6478.font.o
[AS ]	Fonts/build/GlyphItem/FontItem_6A21.font.o
[AS ]	Fonts/build/GlyphItem/FontItem_78E8.font.o
[AS ]	Fonts/build/GlyphItem/FontItem_9B54.font.o
[AS ]	Fonts/build/GlyphItem/FontItem_672B.font.o
[AS ]	Fonts/build/GlyphItem/FontItem_83AB.font.o
[AS ]	Fonts/build/GlyphItem/FontItem_9ED8.font.o
[AS ]	Fonts/build/GlyphItem/FontItem_6F20.font.o
[AS ]	Fonts/build/GlyphItem/FontItem_5BDE.font.o
[AS ]	Fonts/build/GlyphItem/FontItem_8C0B.font.o
[AS ]	Fonts/build/GlyphItem/FontItem_67D0.font.o
[AS ]	Fonts/build/GlyphItem/FontItem_59C6.font.o
[AS ]	Fonts/build/GlyphItem/FontItem_5E55.font.o
[AS ]	Fonts/build/GlyphItem/FontItem_6BCD.font.o
[AS ]	Fonts/build/GlyphItem/FontItem_6155.font.o
[AS ]	Fonts/build/GlyphItem/FontItem_6728.font.o
[AS ]	Fonts/build/GlyphItem/FontItem_76EE.font.o
[AS ]	Fonts/build/GlyphItem/FontItem_7766.font.o
[AS ]	Fonts/build/GlyphItem/FontItem_7267.font.o
[AS ]	Fonts/build/GlyphItem/FontItem_7A46.font.o
[AS ]	Fonts/build/GlyphItem/FontItem_62FF.font.o
[AS ]	Fonts/build/GlyphItem/FontItem_54EA.font.o
[AS ]	Fonts/build/GlyphItem/FontItem_90A3.font.o
[AS ]	Fonts/build/GlyphItem/FontItem_94A0.font.o
[AS ]	Fonts/build/GlyphItem/FontItem_5A1C.font.o
[AS ]	Fonts/build/GlyphItem/FontItem_7EB3.font.o
[AS ]	Fonts/build/GlyphItem/FontItem_5948.font.o
[AS ]	Fonts/build/GlyphItem/FontItem_8010.font.o
[AS ]	Fonts/build/GlyphItem/FontItem_5357.font.o
[AS ]	Fonts/build/GlyphItem/FontItem_7537.font.o
[AS ]	Fonts/build/GlyphItem/FontItem_96BE.font.o
[AS ]	Fonts/build/GlyphItem/FontItem_8111.font.o
[AS ]	Fonts/build/GlyphItem/FontItem_95F9.font.o
[AS ]	Fonts/build/GlyphItem/FontItem_5462.font.o
[AS ]	Fonts/build/GlyphItem/FontItem_5185.font.o
[AS ]	Fonts/build/GlyphItem/FontItem_5AE9.font.o
[AS ]	Fonts/build/GlyphItem/FontItem_80FD.font.o
[AS ]	Fonts/build/GlyphItem/FontItem_59AE.font.o
[AS ]	Fonts/build/GlyphItem/FontItem_6CE5.font.o
[AS ]	Fonts/build/GlyphItem/FontItem_5C3C.font.o
[AS ]	Fonts/build/GlyphItem/FontItem_4F60.font.o
[AS ]	Fonts/build/GlyphItem/FontItem_5FF5.font.o
[AS ]	Fonts/build/GlyphItem/FontItem_5E74.font.o
[AS ]	Fonts/build/GlyphItem/FontItem_5A18.font.o
[AS ]	Fonts/build/GlyphItem/FontItem_60A8.font.o
[AS ]	Fonts/build/GlyphItem/FontItem_51DD.font.o
[AS ]	Fonts/build/GlyphItem/FontItem_5B81.font.o
[AS ]	Fonts/build/GlyphItem/FontItem_519C.font.o
[AS ]	Fonts/build/GlyphItem/FontItem_5974.font.o
[AS ]	Fonts/build/GlyphItem/FontItem_52AA.font.o
[AS ]	Fonts/build/GlyphItem/FontItem_6012.font.o
[AS ]	Fonts/build/GlyphItem/FontItem_5973.font.o
[AS ]	Fonts/build/GlyphItem/FontItem_6696.font.o
[AS ]	Fonts/build/GlyphItem/FontItem_8BFA.font.o
[AS ]	Fonts/build/GlyphItem/FontItem_5076.font.o
[AS ]	Fonts/build/GlyphItem/FontItem_6015.font.o
[AS ]	Fonts/build/GlyphItem/FontItem_62CD.font.o
[AS ]	Fonts/build/GlyphItem/FontItem_6392.font.o
[AS ]	Fonts/build/GlyphItem/FontItem_724C.font.o
[AS ]	Fonts/build/GlyphItem/FontItem_6D3E.font.o
[AS ]	Fonts/build/GlyphItem/FontItem_6F58.font.o
[AS ]	Fonts/build/GlyphItem/FontItem_78D0.font.o
[AS ]	Fonts/build/GlyphItem/FontItem_5224.font.o
[AS ]	Fonts/build/GlyphItem/FontItem_53DB.font.o
[AS ]	Fonts/build/GlyphItem/FontItem_5E9E.font.o
[AS ]	Fonts/build/GlyphItem/FontItem_65C1.font.o
[AS ]	Fonts/build/GlyphItem/FontItem_629B.font.o
[AS ]	Fonts/build/GlyphItem/FontItem_57F9.font.o
[AS ]	Fonts/build/GlyphItem/FontItem_966A.font.o
[AS ]	Fonts/build/GlyphItem/FontItem_914D.font.o
[AS ]	Fonts/build/GlyphItem/FontItem_670B.font.o
[AS ]	Fonts/build/GlyphItem/FontItem_6279.font.o
[AS ]	Fonts/build/GlyphItem/FontItem_75B2.font.o
[AS ]	Fonts/build/GlyphItem/FontItem_5339.font.o
[AS ]	Fonts/build/GlyphItem/FontItem_7247.font.o
[AS ]	Fonts/build/GlyphItem/FontItem_8D2B.font.o
[AS ]	Fonts/build/GlyphItem/FontItem_54C1.font.o
[AS ]	Fonts/build/GlyphItem/FontItem_5E73.font.o
[AS ]	Fonts/build/GlyphItem/FontItem_51ED.font.o
[AS ]	Fonts/build/GlyphItem/FontItem_8BC4.font.o
[AS ]	Fonts/build/GlyphItem/FontItem_5C4F.font.o
[AS ]	Fonts/build/GlyphItem/FontItem_6CFC.font.o
[AS ]	Fonts/build/GlyphItem/FontItem_5A46.font.o
[AS ]	Fonts/build/GlyphItem/FontItem_7834.font.o
[AS ]	Fonts/build/GlyphItem/FontItem_9B44.font.o
[AS ]	Fonts/build/GlyphItem/FontItem_8FEB.font.o
[AS ]	Fonts/build/GlyphItem/FontItem_4EC6.font.o
[AS ]	Fonts/build/GlyphItem/FontItem_6734.font.o
[AS ]	Fonts/build/GlyphItem/FontItem_666E.font.o
[AS ]	Fonts/build/GlyphItem/FontItem_671F.font.o
[AS ]	Fonts/build/GlyphItem/FontItem_59BB.font.o
[AS ]	Fonts/build/GlyphItem/FontItem_6F06.font.o
[AS ]	Fonts/build/GlyphItem/FontItem_5176.font.o
[AS ]	Fonts/build/GlyphItem/FontItem_5947.font.o
[AS ]	Fonts/build/GlyphItem/FontItem_9F50.font.o
[AS ]	Fonts/build/GlyphItem/FontItem_7948.font.o
[AS ]	Fonts/build/GlyphItem/FontItem_9A91.font.o
[AS ]	Fonts/build/GlyphItem/FontItem_8D77.font.o
[AS ]	Fonts/build/GlyphItem/FontItem_542F.font.o
[AS ]	Fonts/build/GlyphItem/FontItem_5951.font.o
[AS ]	Fonts/build/GlyphItem/FontItem_5668.font.o
[AS ]	Fonts/build/GlyphItem/FontItem_6C14.font.o
[AS ]	Fonts/build/GlyphItem/FontItem_5F03.font.o
[AS ]	Fonts/build/GlyphItem/FontItem_5343.font.o
[AS ]	Fonts/build/GlyphItem/FontItem_7B7E.font.o
[AS ]	Fonts/build/GlyphItem/FontItem_94B1.font.o
[AS ]	Fonts/build/GlyphItem/FontItem_524D.font.o
[AS ]	Fonts/build/GlyphItem/FontItem_6F5C.font.o
[AS ]	Fonts/build/GlyphItem/FontItem_67AA.font.o
[AS ]	Fonts/build/GlyphItem/FontItem_8154.font.o
[AS ]	Fonts/build/GlyphItem/FontItem_5899.font.o
[AS ]	Fonts/build/GlyphItem/FontItem_5F3A.font.o
[AS ]	Fonts/build/GlyphItem/FontItem_6865.font.o
[AS ]	Fonts/build/GlyphItem/FontItem_5DE7.font.o
[AS ]	Fonts/build/GlyphItem/FontItem_5207.font.o
[AS ]	Fonts/build/GlyphItem/FontItem_4E14.font.o
[AS ]	Fonts/build/GlyphItem/FontItem_52E4.font.o
[AS ]	Fonts/build/GlyphItem/FontItem_4EB2.font.o
[AS ]	Fonts/build/GlyphItem/FontItem_9752.font.o
[AS ]	Fonts/build/GlyphItem/FontItem_8F7B.font.o
[AS ]	Fonts/build/GlyphItem/FontItem_6E05.font.o
[AS ]	Fonts/build/GlyphItem/FontItem_6674.font.o
[AS ]	Fonts/build/GlyphItem/FontItem_60C5.font.o
[AS ]	Fonts/build/GlyphItem/FontItem_8BF7.font.o
[AS ]	Fonts/build/GlyphItem/FontItem_6C42.font.o
[AS ]	Fonts/build/GlyphItem/FontItem_66F2.font.o
[AS ]	Fonts/build/GlyphItem/FontItem_533A.font.o
[AS ]	Fonts/build/GlyphItem/FontItem_9A71.font.o
[AS ]	Fonts/build/GlyphItem/FontItem_53D6.font.o
[AS ]	Fonts/build/GlyphItem/FontItem_5A36.font.o
[AS ]	Fonts/build/GlyphItem/FontItem_8DA3.font.o
[AS ]	Fonts/build/GlyphItem/FontItem_53BB.font.o
[AS ]	Fonts/build/GlyphItem/FontItem_5708.font.o
[AS ]	Fonts/build/GlyphItem/FontItem_6743.font.o
[AS ]	Fonts/build/GlyphItem/FontItem_5168.font.o
[AS ]	Fonts/build/GlyphItem/FontItem_75CA.font.o
[AS ]	Fonts/build/GlyphItem/FontItem_62F3.font.o
[AS ]	Fonts/build/GlyphItem/FontItem_529D.font.o
[AS ]	Fonts/build/GlyphItem/FontItem_5374.font.o
[AS ]	Fonts/build/GlyphItem/FontItem_786E.font.o
[AS ]	Fonts/build/GlyphItem/FontItem_7FA4.font.o
[AS ]	Fonts/build/GlyphItem/FontItem_7136.font.o
[AS ]	Fonts/build/GlyphItem/FontItem_8BA9.font.o
[AS ]	Fonts/build/GlyphItem/FontItem_9976.font.o
[AS ]	Fonts/build/GlyphItem/FontItem_60F9.font.o
[AS ]	Fonts/build/GlyphItem/FontItem_70ED.font.o
[AS ]	Fonts/build/GlyphItem/FontItem_4EC1.font.o
[AS ]	Fonts/build/GlyphItem/FontItem_4EBA.font.o
[AS ]	Fonts/build/GlyphItem/FontItem_5FCD.font.o
[AS ]	Fonts/build/GlyphItem/FontItem_4EFB.font.o
[AS ]	Fonts/build/GlyphItem/FontItem_97E7.font.o
[AS ]	Fonts/build/GlyphItem/FontItem_8BA4.font.o
[AS ]	Fonts/build/GlyphItem/FontItem_5203.font.o
[AS ]	Fonts/build/GlyphItem/FontItem_6254.font.o
[AS ]	Fonts/build/GlyphItem/FontItem_4ECD.font.o
[AS ]	Fonts/build/GlyphItem/FontItem_65E5.font.o
[AS ]	Fonts/build/GlyphItem/FontItem_8363.font.o
[AS ]	Fonts/build/GlyphItem/FontItem_7194.font.o
[AS ]	Fonts/build/GlyphItem/FontItem_5BB9.font.o
[AS ]	Fonts/build/GlyphItem/FontItem_67D4.font.o
[AS ]	Fonts/build/GlyphItem/FontItem_8089.font.o
[AS ]	Fonts/build/GlyphItem/FontItem_5982.font.o
[AS ]	Fonts/build/GlyphItem/FontItem_8FB1.font.o
[AS ]	Fonts/build/GlyphItem/FontItem_4E73.font.o
[AS ]	Fonts/build/GlyphItem/FontItem_5165.font.o
[AS ]	Fonts/build/GlyphItem/FontItem_745E.font.o
[AS ]	Fonts/build/GlyphItem/FontItem_9510.font.o
[AS ]	Fonts/build/GlyphItem/FontItem_5F31.font.o
[AS ]	Fonts/build/GlyphItem/FontItem_6492.font.o
[AS ]	Fonts/build/GlyphItem/FontItem_8428.font.o
[AS ]	Fonts/build/GlyphItem/FontItem_585E.font.o
[AS ]	Fonts/build/GlyphItem/FontItem_4E09.font.o
[AS ]	Fonts/build/GlyphItem/FontItem_6563.font.o
[AS ]	Fonts/build/GlyphItem/FontItem_4E27.font.o
[AS ]	Fonts/build/GlyphItem/FontItem_9A9A.font.o
[AS ]	Fonts/build/GlyphItem/FontItem_8272.font.o
[AS ]	Fonts/build/GlyphItem/FontItem_68EE.font.o
[AS ]	Fonts/build/GlyphItem/FontItem_50E7.font.o
[AS ]	Fonts/build/GlyphItem/FontItem_6740.font.o
[AS ]	Fonts/build/GlyphItem/FontItem_6C99.font.o
[AS ]	Fonts/build/GlyphItem/FontItem_5C71.font.o
[AS ]	Fonts/build/GlyphItem/FontItem_5220.font.o
[AS ]	Fonts/build/GlyphItem/FontItem_95EA.font.o
[AS ]	Fonts/build/GlyphItem/FontItem_64C5.font.o
[AS ]	Fonts/build/GlyphItem/FontItem_5584.font.o
[AS ]	Fonts/build/GlyphItem/FontItem_4F24.font.o
[AS ]	Fonts/build/GlyphItem/FontItem_5546.font.o
[AS ]	Fonts/build/GlyphItem/FontItem_8D4F.font.o
[AS ]	Fonts/build/GlyphItem/FontItem_4E0A.font.o
[AS ]	Fonts/build/GlyphItem/FontItem_5C1A.font.o
[AS ]	Fonts/build/GlyphItem/FontItem_7A0D.font.o
[AS ]	Fonts/build/GlyphItem/FontItem_5C11.font.o
[AS ]	Fonts/build/GlyphItem/FontItem_820D.font.o
[AS ]	Fonts/build/GlyphItem/FontItem_5C04.font.o
[AS ]	Fonts/build/GlyphItem/FontItem_8BBE.font.o
[AS ]	Fonts/build/GlyphItem/FontItem_8EAB.font.o
[AS ]	Fonts/build/GlyphItem/FontItem_795E.font.o
[AS ]	Fonts/build/GlyphItem/FontItem_6DF1.font.o
[AS ]	Fonts/build/GlyphItem/FontItem_751A.font.o
[AS ]	Fonts/build/GlyphItem/FontItem_58F0.font.o
[AS ]	Fonts/build/GlyphItem/FontItem_751F.font.o
[AS ]	Fonts/build/GlyphItem/FontItem_5347.font.o
[AS ]	Fonts/build/GlyphItem/FontItem_5269.font.o
[AS ]	Fonts/build/GlyphItem/FontItem_80DC.font.o
[AS ]	Fonts/build/GlyphItem/FontItem_5723.font.o
[AS ]	Fonts/build/GlyphItem/FontItem_5E08.font.o
[AS ]	Fonts/build/GlyphItem/FontItem_5931.font.o
[AS ]	Fonts/build/GlyphItem/FontItem_72EE.font.o
[AS ]	Fonts/build/GlyphItem/FontItem_65BD.font.o
[AS ]	Fonts/build/GlyphItem/FontItem_6E7F.font.o
[AS ]	Fonts/build/GlyphItem/FontItem_8BD7.font.o
[AS ]	Fonts/build/GlyphItem/FontItem_5C38.font.o
[AS ]	Fonts/build/GlyphItem/FontItem_5341.font.o
[AS ]	Fonts/build/GlyphItem/FontItem_77F3.font.o
[AS ]	Fonts/build/GlyphItem/FontItem_65F6.font.o
[AS ]	Fonts/build/GlyphItem/FontItem_4EC0.font.o
[AS ]	Fonts/build/GlyphItem/FontItem_98DF.font.o
[AS ]	Fonts/build/GlyphItem/FontItem_5B9E.font.o
[AS ]	Fonts/build/GlyphItem/FontItem_8BC6.font.o
[AS ]	Fonts/build/GlyphItem/FontItem_53F2.font.o
[AS ]	Fonts/build/GlyphItem/FontItem_4F7F.font.o
[AS ]	Fonts/build/GlyphItem/FontItem_59CB.font.o
[AS ]	Fonts/build/GlyphItem/FontItem_5F0F.font.o
[AS ]	Fonts/build/GlyphItem/FontItem_793A.font.o
[AS ]	Fonts/build/GlyphItem/FontItem_58EB.font.o
[AS ]	Fonts/build/GlyphItem/FontItem_4E16.font.o
[AS ]	Fonts/build/GlyphItem/FontItem_4E8B.font.o
[AS ]	Fonts/build/GlyphItem/FontItem_8A93.font.o
[AS ]	Fonts/build/GlyphItem/FontItem_901D.font.o
[AS ]	Fonts/build/GlyphItem/FontItem_52BF.font.o
[AS ]	Fonts/build/GlyphItem/FontItem_662F.font.o
[AS ]	Fonts/build/GlyphItem/FontItem_9002.font.o
[AS ]	Fonts/build/GlyphItem/FontItem_4F8D.font.o
[AS ]	Fonts/build/GlyphItem/FontItem_91CA.font.o
[AS ]	Fonts/build/GlyphItem/FontItem_9970.font.o
[AS ]	Fonts/build/GlyphItem/FontItem_5E02.font.o
[AS ]	Fonts/build/GlyphItem/FontItem_89C6.font.o
[AS ]	Fonts/build/GlyphItem/FontItem_8BD5.font.o
[AS ]	Fonts/build/GlyphItem/FontItem_6536.font.o
[AS ]	Fonts/build/GlyphItem/FontItem_624B.font.o
[AS ]	Fonts/build/GlyphItem/FontItem_9996.font.o
[AS ]	Fonts/build/GlyphItem/FontItem_5B88.font.o
[AS ]	Fonts/build/GlyphItem/FontItem_6388.font.o
[AS ]	Fonts/build/GlyphItem/FontItem_53D7.font.o
[AS ]	Fonts/build/GlyphItem/FontItem_6B8A.font.o
[AS ]	Fonts/build/GlyphItem/FontItem_8F93.font.o
[AS ]	Fonts/build/GlyphItem/FontItem_53D4.font.o
[AS ]	Fonts/build/GlyphItem/FontItem_4E66.font.o
[AS ]	Fonts/build/GlyphItem/FontItem_719F.font.o
[AS ]	Fonts/build/GlyphItem/FontItem_5C5E.font.o
[AS ]	Fonts/build/GlyphItem/FontItem_672F.font.o
[AS ]	Fonts/build/GlyphItem/FontItem_8FF0.font.o
[AS ]	Fonts/build/GlyphItem/FontItem_6811.font.o
[AS ]	Fonts/build/GlyphItem/FontItem_675F.font.o
[AS ]	Fonts/build/GlyphItem/FontItem_6570.font.o
[AS ]	Fonts/build/GlyphItem/FontItem_7529.font.o
[AS ]	Fonts/build/GlyphItem/FontItem_5E05.font.o
[AS ]	Fonts/build/GlyphItem/FontItem_53CC.font.o
[AS ]	Fonts/build/GlyphItem/FontItem_723D.font.o
[AS ]	Fonts/build/GlyphItem/FontItem_8C01.font.o
[AS ]	Fonts/build/GlyphItem/FontItem_6C34.font.o
[AS ]	Fonts/build/GlyphItem/FontItem_7761.font.o
[AS ]	Fonts/build/GlyphItem/FontItem_987A.font.o
[AS ]	Fonts/build/GlyphItem/FontItem_8BF4.font.o
[AS ]	Fonts/build/GlyphItem/FontItem_65AF.font.o
[AS ]	Fonts/build/GlyphItem/FontItem_601D.font.o
[AS ]	Fonts/build/GlyphItem/FontItem_79C1.font.o
[AS ]	Fonts/build/GlyphItem/FontItem_53F8.font.o
[AS ]	Fonts/build/GlyphItem/FontItem_4E1D.font.o
[AS ]	Fonts/build/GlyphItem/FontItem_6B7B.font.o
[AS ]	Fonts/build/GlyphItem/FontItem_56DB.font.o
[AS ]	Fonts/build/GlyphItem/FontItem_4F3C.font.o
[AS ]	Fonts/build/GlyphItem/FontItem_9972.font.o
[AS ]	Fonts/build/GlyphItem/FontItem_677E.font.o
[AS ]	Fonts/build/GlyphItem/FontItem_8038.font.o
[AS ]	Fonts/build/GlyphItem/FontItem_9001.font.o
[AS ]	Fonts/build/GlyphItem/FontItem_82CF.font.o
[AS ]	Fonts/build/GlyphItem/FontItem_901F.font.o
[AS ]	Fonts/build/GlyphItem/FontItem_5BBF.font.o
[AS ]	Fonts/build/GlyphItem/FontItem_8BC9.font.o
[AS ]	Fonts/build/GlyphItem/FontItem_8083.font.o
[AS ]	Fonts/build/GlyphItem/FontItem_7B97.font.o
[AS ]	Fonts/build/GlyphItem/FontItem_867D.font.o
[AS ]	Fonts/build/GlyphItem/FontItem_968F.font.o
[AS ]	Fonts/build/GlyphItem/FontItem_788E.font.o
[AS ]	Fonts/build/GlyphItem/FontItem_5C81.font.o
[AS ]	Fonts/build/GlyphItem/FontItem_5B59.font.o
[AS ]	Fonts/build/GlyphItem/FontItem_635F.font.o
[AS ]	Fonts/build/GlyphItem/FontItem_7F29.font.o
[AS ]	Fonts/build/GlyphItem/FontItem_7D22.font.o
[AS ]	Fonts/build/GlyphItem/FontItem_6240.font.o
[AS ]	Fonts/build/GlyphItem/FontItem_9501.font.o
[AS ]	Fonts/build/GlyphItem/FontItem_4ED6.font.o
[AS ]	Fonts/build/GlyphItem/FontItem_5B83.font.o
[AS ]	Fonts/build/GlyphItem/FontItem_5979.font.o
[AS ]	Fonts/build/GlyphItem/FontItem_5854.font.o
[AS ]	Fonts/build/GlyphItem/FontItem_8E0F.font.o
[AS ]	Fonts/build/GlyphItem/FontItem_80CE.font.o
[AS ]	Fonts/build/GlyphItem/FontItem_53F0.font.o
[AS ]	Fonts/build/GlyphItem/FontItem_592A.font.o
[AS ]	Fonts/build/GlyphItem/FontItem_6001.font.o
[AS ]	Fonts/build/GlyphItem/FontItem_8D2A.font.o
[AS ]	Fonts/build/GlyphItem/FontItem_5766.font.o
[AS ]	Fonts/build/GlyphItem/FontItem_8C08.font.o
[AS ]	Fonts/build/GlyphItem/FontItem_63A2.font.o
[AS ]	Fonts/build/GlyphItem/FontItem_53F9.font.o
[AS ]	Fonts/build/GlyphItem/FontItem_5802.font.o
[AS ]	Fonts/build/GlyphItem/FontItem_6843.font.o
[AS ]	Fonts/build/GlyphItem/FontItem_9003.font.o
[AS ]	Fonts/build/GlyphItem/FontItem_8BA8.font.o
[AS ]	Fonts/build/GlyphItem/FontItem_5957.font.o
[AS ]	Fonts/build/GlyphItem/FontItem_7279.font.o
[AS ]	Fonts/build/GlyphItem/FontItem_68AF.font.o
[AS ]	Fonts/build/GlyphItem/FontItem_63D0.font.o
[AS ]	Fonts/build/GlyphItem/FontItem_9898.font.o
[AS ]	Fonts/build/GlyphItem/FontItem_4F53.font.o
[AS ]	Fonts/build/GlyphItem/FontItem_66FF.font.o
[AS ]	Fonts/build/GlyphItem/FontItem_5929.font.o
[AS ]	Fonts/build/GlyphItem/FontItem_6DFB.font.o
[AS ]	Fonts/build/GlyphItem/FontItem_7530.font.o
[AS ]	Fonts/build/GlyphItem/FontItem_6311.font.o
[AS ]	Fonts/build/GlyphItem/FontItem_6761.font.o
[AS ]	Fonts/build/GlyphItem/FontItem_8DF3.font.o
[AS ]	Fonts/build/GlyphItem/FontItem_8D34.font.o
[AS ]	Fonts/build/GlyphItem/FontItem_94C1.font.o
[AS ]	Fonts/build/GlyphItem/FontItem_542C.font.o
[AS ]	Fonts/build/GlyphItem/FontItem_5EF7.font.o
[AS ]	Fonts/build/GlyphItem/FontItem_505C.font.o
[AS ]	Fonts/build/GlyphItem/FontItem_5EAD.font.o
[AS ]	Fonts/build/GlyphItem/FontItem_901A.font.o
[AS ]	Fonts/build/GlyphItem/FontItem_540C.font.o
[AS ]	Fonts/build/GlyphItem/FontItem_6876.font.o
[AS ]	Fonts/build/GlyphItem/FontItem_7EDF.font.o
[AS ]	Fonts/build/GlyphItem/FontItem_75DB.font.o
[AS ]	Fonts/build/GlyphItem/FontItem_5077.font.o
[AS ]	Fonts/build/GlyphItem/FontItem_6295.font.o
[AS ]	Fonts/build/GlyphItem/FontItem_5934.font.o
[AS ]	Fonts/build/GlyphItem/FontItem_7A81.font.o
[AS ]	Fonts/build/GlyphItem/FontItem_56FE.font.o
[AS ]	Fonts/build/GlyphItem/FontItem_5F92.font.o
[AS ]	Fonts/build/GlyphItem/FontItem_9014.font.o
[AS ]	Fonts/build/GlyphItem/FontItem_571F.font.o
[AS ]	Fonts/build/GlyphItem/FontItem_5410.font.o
[AS ]	Fonts/build/GlyphItem/FontItem_56E2.font.o
[AS ]	Fonts/build/GlyphItem/FontItem_63A8.font.o
[AS ]	Fonts/build/GlyphItem/FontItem_9000.font.o
[AS ]	Fonts/build/GlyphItem/FontItem_6258.font.o
[AS ]	Fonts/build/GlyphItem/FontItem_8131.font.o
[AS ]	Fonts/build/GlyphItem/FontItem_74E6.font.o
[AS ]	Fonts/build/GlyphItem/FontItem_5916.font.o
[AS ]	Fonts/build/GlyphItem/FontItem_73A9.font.o
[AS ]	Fonts/build/GlyphItem/FontItem_5B8C.font.o
[AS ]	Fonts/build/GlyphItem/FontItem_633D.font.o
[AS ]	Fonts/build/GlyphItem/FontItem_665A.font.o
[AS ]	Fonts/build/GlyphItem/FontItem_4E07.font.o
[AS ]	Fonts/build/GlyphItem/FontItem_8155.font.o
[AS ]	Fonts/build/GlyphItem/FontItem_738B.font.o
[AS ]	Fonts/build/GlyphItem/FontItem_4EA1.font.o
[AS ]	Fonts/build/GlyphItem/FontItem_5F80.font.o
[AS ]	Fonts/build/GlyphItem/FontItem_671B.font.o
[AS ]	Fonts/build/GlyphItem/FontItem_5FD8.font.o
[AS ]	Fonts/build/GlyphItem/FontItem_5A01.font.o
[AS ]	Fonts/build/GlyphItem/FontItem_5FAE.font.o
[AS ]	Fonts/build/GlyphItem/FontItem_5371.font.o
[AS ]	Fonts/build/GlyphItem/FontItem_97E6.font.o
[AS ]	Fonts/build/GlyphItem/FontItem_56F4.font.o
[AS ]	Fonts/build/GlyphItem/FontItem_552F.font.o
[AS ]	Fonts/build/GlyphItem/FontItem_4E3A.font.o
[AS ]	Fonts/build/GlyphItem/FontItem_7EF4.font.o
[AS ]	Fonts/build/GlyphItem/FontItem_59D4.font.o
[AS ]	Fonts/build/GlyphItem/FontItem_672A.font.o
[AS ]	Fonts/build/GlyphItem/FontItem_4F1F.font.o
[AS ]	Fonts/build/GlyphItem/FontItem_5473.font.o
[AS ]	Fonts/build/GlyphItem/FontItem_754F.font.o
[AS ]	Fonts/build/GlyphItem/FontItem_4F4D.font.o
[AS ]	Fonts/build/GlyphItem/FontItem_8C13.font.o
[AS ]	Fonts/build/GlyphItem/FontItem_536B.font.o
[AS ]	Fonts/build/GlyphItem/FontItem_6E29.font.o
[AS ]	Fonts/build/GlyphItem/FontItem_6587.font.o
[AS ]	Fonts/build/GlyphItem/FontItem_95FB.font.o
[AS ]	Fonts/build/GlyphItem/FontItem_7EB9.font.o
[AS ]	Fonts/build/GlyphItem/FontItem_7A33.font.o
[AS ]	Fonts/build/GlyphItem/FontItem_95EE.font.o
[AS ]	Fonts/build/GlyphItem/FontItem_7FC1.font.o
[AS ]	Fonts/build/GlyphItem/FontItem_6211.font.o
[AS ]	Fonts/build/GlyphItem/FontItem_63E1.font.o
[AS ]	Fonts/build/GlyphItem/FontItem_6C83.font.o
[AS ]	Fonts/build/GlyphItem/FontItem_5DEB.font.o
[AS ]	Fonts/build/GlyphItem/FontItem_4E4C.font.o
[AS ]	Fonts/build/GlyphItem/FontItem_6C61.font.o
[AS ]	Fonts/build/GlyphItem/FontItem_5C4B.font.o
[AS ]	Fonts/build/GlyphItem/FontItem_65E0.font.o
[AS ]	Fonts/build/GlyphItem/FontItem_829C.font.o
[AS ]	Fonts/build/GlyphItem/FontItem_6B66.font.o
[AS ]	Fonts/build/GlyphItem/FontItem_4E94.font.o
[AS ]	Fonts/build/GlyphItem/FontItem_821E.font.o
[AS ]	Fonts/build/GlyphItem/FontItem_4F0D.font.o
[AS ]	Fonts/build/GlyphItem/FontItem_96FE.font.o
[AS ]	Fonts/build/GlyphItem/FontItem_7269.font.o
[AS ]	Fonts/build/GlyphItem/FontItem_52A1.font.o
[AS ]	Fonts/build/GlyphItem/FontItem_609F.font.o
[AS ]	Fonts/build/GlyphItem/FontItem_8BEF.font.o
[AS ]	Fonts/build/GlyphItem/FontItem_897F.font.o
[AS ]	Fonts/build/GlyphItem/FontItem_5438.font.o
[AS ]	Fonts/build/GlyphItem/FontItem_606F.font.o
[AS ]	Fonts/build/GlyphItem/FontItem_5E0C.font.o
[AS ]	Fonts/build/GlyphItem/FontItem_60DC.font.o
[AS ]	Fonts/build/GlyphItem/FontItem_6EAA.font.o
[AS ]	Fonts/build/GlyphItem/FontItem_88AD.font.o
[AS ]	Fonts/build/GlyphItem/FontItem_5E2D.font.o
[AS ]	Fonts/build/GlyphItem/FontItem_4E60.font.o
[AS ]	Fonts/build/GlyphItem/FontItem_559C.font.o
[AS ]	Fonts/build/GlyphItem/FontItem_7CFB.font.o
[AS ]	Fonts/build/GlyphItem/FontItem_620F.font.o
[AS ]	Fonts/build/GlyphItem/FontItem_4FA0.font.o
[AS ]	Fonts/build/GlyphItem/FontItem_7EC6.font.o
[AS ]	Fonts/build/GlyphItem/FontItem_72ED.font.o
[AS ]	Fonts/build/GlyphItem/FontItem_4E0B.font.o
[AS ]	Fonts/build/GlyphItem/FontItem_590F.font.o
[AS ]	Fonts/build/GlyphItem/FontItem_5148.font.o
[AS ]	Fonts/build/GlyphItem/FontItem_95F2.font.o
[AS ]	Fonts/build/GlyphItem/FontItem_8D24.font.o
[AS ]	Fonts/build/GlyphItem/FontItem_663E.font.o
[AS ]	Fonts/build/GlyphItem/FontItem_9669.font.o
[AS ]	Fonts/build/GlyphItem/FontItem_73B0.font.o
[AS ]	Fonts/build/GlyphItem/FontItem_732E.font.o
[AS ]	Fonts/build/GlyphItem/FontItem_7FA1.font.o
[AS ]	Fonts/build/GlyphItem/FontItem_9677.font.o
[AS ]	Fonts/build/GlyphItem/FontItem_9650.font.o
[AS ]	Fonts/build/GlyphItem/FontItem_7EBF.font.o
[AS ]	Fonts/build/GlyphItem/FontItem_76F8.font.o
[AS ]	Fonts/build/GlyphItem/FontItem_9999.font.o
[AS ]	Fonts/build/GlyphItem/FontItem_7BB1.font.o
[AS ]	Fonts/build/GlyphItem/FontItem_7FD4.font.o
[AS ]	Fonts/build/GlyphItem/FontItem_4E61.font.o
[AS ]	Fonts/build/GlyphItem/FontItem_8BE6.font.o
[AS ]	Fonts/build/GlyphItem/FontItem_60F3.font.o
[AS ]	Fonts/build/GlyphItem/FontItem_54CD.font.o
[AS ]	Fonts/build/GlyphItem/FontItem_9879.font.o
[AS ]	Fonts/build/GlyphItem/FontItem_50CF.font.o
[AS ]	Fonts/build/GlyphItem/FontItem_5411.font.o
[AS ]	Fonts/build/GlyphItem/FontItem_8C61.font.o
[AS ]	Fonts/build/GlyphItem/FontItem_6D88.font.o
[AS ]	Fonts/build/GlyphItem/FontItem_5C0F.font.o
[AS ]	Fonts/build/GlyphItem/FontItem_6653.font.o
[AS ]	Fonts/build/GlyphItem/FontItem_6821.font.o
[AS ]	Fonts/build/GlyphItem/FontItem_7B11.font.o
[AS ]	Fonts/build/GlyphItem/FontItem_6548.font.o
[AS ]	Fonts/build/GlyphItem/FontItem_534F.font.o
[AS ]	Fonts/build/GlyphItem/FontItem_4E9B.font.o
[AS ]	Fonts/build/GlyphItem/FontItem_90AA.font.o
[AS ]	Fonts/build/GlyphItem/FontItem_5199.font.o
[AS ]	Fonts/build/GlyphItem/FontItem_8C22.font.o
[AS ]	Fonts/build/GlyphItem/FontItem_61C8.font.o
[AS ]	Fonts/build/GlyphItem/FontItem_6B23.font.o
[AS ]	Fonts/build/GlyphItem/FontItem_8F9B.font.o
[AS ]	Fonts/build/GlyphItem/FontItem_65B0.font.o
[AS ]	Fonts/build/GlyphItem/FontItem_5FC3.font.o
[AS ]	Fonts/build/GlyphItem/FontItem_4FE1.font.o
[AS ]	Fonts/build/GlyphItem/FontItem_661F.font.o
[AS ]	Fonts/build/GlyphItem/FontItem_5174.font.o
[AS ]	Fonts/build/GlyphItem/FontItem_578B.font.o
[AS ]	Fonts/build/GlyphItem/FontItem_5F62.font.o
[AS ]	Fonts/build/GlyphItem/FontItem_884C.font.o
[AS ]	Fonts/build/GlyphItem/FontItem_9192.font.o
[AS ]	Fonts/build/GlyphItem/FontItem_5E78.font.o
[AS ]	Fonts/build/GlyphItem/FontItem_6027.font.o
[AS ]	Fonts/build/GlyphItem/FontItem_59D3.font.o
[AS ]	Fonts/build/GlyphItem/FontItem_5144.font.o
[AS ]	Fonts/build/GlyphItem/FontItem_96C4.font.o
[AS ]	Fonts/build/GlyphItem/FontItem_4F11.font.o
[AS ]	Fonts/build/GlyphItem/FontItem_4FEE.font.o
[AS ]	Fonts/build/GlyphItem/FontItem_7F9E.font.o
[AS ]	Fonts/build/GlyphItem/FontItem_79C0.font.o
[AS ]	Fonts/build/GlyphItem/FontItem_8896.font.o
[AS ]	Fonts/build/GlyphItem/FontItem_589F.font.o
[AS ]	Fonts/build/GlyphItem/FontItem_9700.font.o
[AS ]	Fonts/build/GlyphItem/FontItem_987B.font.o
[AS ]	Fonts/build/GlyphItem/FontItem_8BB8.font.o
[AS ]	Fonts/build/GlyphItem/FontItem_5E8F.font.o
[AS ]	Fonts/build/GlyphItem/FontItem_755C.font.o
[AS ]	Fonts/build/GlyphItem/FontItem_7EED.font.o
[AS ]	Fonts/build/GlyphItem/FontItem_5BA3.font.o
[AS ]	Fonts/build/GlyphItem/FontItem_60AC.font.o
[AS ]	Fonts/build/GlyphItem/FontItem_65CB.font.o
[AS ]	Fonts/build/GlyphItem/FontItem_9009.font.o
[AS ]	Fonts/build/GlyphItem/FontItem_9774.font.o
[AS ]	Fonts/build/GlyphItem/FontItem_5B66.font.o
[AS ]	Fonts/build/GlyphItem/FontItem_96EA.font.o
[AS ]	Fonts/build/GlyphItem/FontItem_8840.font.o
[AS ]	Fonts/build/GlyphItem/FontItem_52CB.font.o
[AS ]	Fonts/build/GlyphItem/FontItem_5FAA.font.o
[AS ]	Fonts/build/GlyphItem/FontItem_5BFB.font.o
[AS ]	Fonts/build/GlyphItem/FontItem_5DE1.font.o
[AS ]	Fonts/build/GlyphItem/FontItem_8BAD.font.o
[AS ]	Fonts/build/GlyphItem/FontItem_538B.font.o
[AS ]	Fonts/build/GlyphItem/FontItem_9E26.font.o
[AS ]	Fonts/build/GlyphItem/FontItem_82BD.font.o
[AS ]	Fonts/build/GlyphItem/FontItem_7259.font.o
[AS ]	Fonts/build/GlyphItem/FontItem_5D16.font.o
[AS ]	Fonts/build/GlyphItem/FontItem_6DAF.font.o
[AS ]	Fonts/build/GlyphItem/FontItem_96C5.font.o
[AS ]	Fonts/build/GlyphItem/FontItem_4E9A.font.o
[AS ]	Fonts/build/GlyphItem/FontItem_8BB6.font.o
[AS ]	Fonts/build/GlyphItem/FontItem_4E25.font.o
[AS ]	Fonts/build/GlyphItem/FontItem_7814.font.o
[AS ]	Fonts/build/GlyphItem/FontItem_5CA9.font.o
[AS ]	Fonts/build/GlyphItem/FontItem_5EF6.font.o
[AS ]	Fonts/build/GlyphItem/FontItem_8A00.font.o
[AS ]	Fonts/build/GlyphItem/FontItem_989C.font.o
[AS ]	Fonts/build/GlyphItem/FontItem_708E.font.o
[AS ]	Fonts/build/GlyphItem/FontItem_63A9.font.o
[AS ]	Fonts/build/GlyphItem/FontItem_773C.font.o
[AS ]	Fonts/build/GlyphItem/FontItem_6F14.font.o
[AS ]	Fonts/build/GlyphItem/FontItem_8273.font.o
[AS ]	Fonts/build/GlyphItem/FontItem_538C.font.o
[AS ]	Fonts/build/GlyphItem/FontItem_7130.font.o
[AS ]	Fonts/build/GlyphItem/FontItem_9A8C.font.o
[AS ]	Fonts/build/GlyphItem/FontItem_626C.font.o
[AS ]	Fonts/build/GlyphItem/FontItem_9633.font.o
[AS ]	Fonts/build/GlyphItem/FontItem_4EF0.font.o
[AS ]	Fonts/build/GlyphItem/FontItem_517B.font.o
[AS ]	Fonts/build/GlyphItem/FontItem_6837.font.o
[AS ]	Fonts/build/GlyphItem/FontItem_9080.font.o
[AS ]	Fonts/build/GlyphItem/FontItem_5996.font.o
[AS ]	Fonts/build/GlyphItem/FontItem_6447.font.o
[AS ]	Fonts/build/GlyphItem/FontItem_9065.font.o
[AS ]	Fonts/build/GlyphItem/FontItem_836F.font.o
[AS ]	Fonts/build/GlyphItem/FontItem_8981.font.o
[AS ]	Fonts/build/GlyphItem/FontItem_7237.font.o
[AS ]	Fonts/build/GlyphItem/FontItem_91CE.font.o
[AS ]	Fonts/build/GlyphItem/FontItem_4E5F.font.o
[AS ]	Fonts/build/GlyphItem/FontItem_4E1A.font.o
[AS ]	Fonts/build/GlyphItem/FontItem_591C.font.o
[AS ]	Fonts/build/GlyphItem/FontItem_4E00.font.o
[AS ]	Fonts/build/GlyphItem/FontItem_533B.font.o
[AS ]	Fonts/build/GlyphItem/FontItem_4F9D.font.o
[AS ]	Fonts/build/GlyphItem/FontItem_4F0A.font.o
[AS ]	Fonts/build/GlyphItem/FontItem_8863.font.o
[AS ]	Fonts/build/GlyphItem/FontItem_9057.font.o
[AS ]	Fonts/build/GlyphItem/FontItem_79FB.font.o
[AS ]	Fonts/build/GlyphItem/FontItem_4EEA.font.o
[AS ]	Fonts/build/GlyphItem/FontItem_7591.font.o
[AS ]	Fonts/build/GlyphItem/FontItem_5B9C.font.o
[AS ]	Fonts/build/GlyphItem/FontItem_59E8.font.o
[AS ]	Fonts/build/GlyphItem/FontItem_5DF2.font.o
[AS ]	Fonts/build/GlyphItem/FontItem_4EE5.font.o
[AS ]	Fonts/build/GlyphItem/FontItem_827A.font.o
[AS ]	Fonts/build/GlyphItem/FontItem_6613.font.o
[AS ]	Fonts/build/GlyphItem/FontItem_5F79.font.o
[AS ]	Fonts/build/GlyphItem/FontItem_88D4.font.o
[AS ]	Fonts/build/GlyphItem/FontItem_610F.font.o
[AS ]	Fonts/build/GlyphItem/FontItem_5FC6.font.o
[AS ]	Fonts/build/GlyphItem/FontItem_4E49.font.o
[AS ]	Fonts/build/GlyphItem/FontItem_76CA.font.o
[AS ]	Fonts/build/GlyphItem/FontItem_8BAE.font.o
[AS ]	Fonts/build/GlyphItem/FontItem_5F02.font.o
[AS ]	Fonts/build/GlyphItem/FontItem_7FFC.font.o
[AS ]	Fonts/build/GlyphItem/FontItem_56E0.font.o
[AS ]	Fonts/build/GlyphItem/FontItem_97F3.font.o
[AS ]	Fonts/build/GlyphItem/FontItem_9634.font.o
[AS ]	Fonts/build/GlyphItem/FontItem_541F.font.o
[AS ]	Fonts/build/GlyphItem/FontItem_94F6.font.o
[AS ]	Fonts/build/GlyphItem/FontItem_5F15.font.o
[AS ]	Fonts/build/GlyphItem/FontItem_9690.font.o
[AS ]	Fonts/build/GlyphItem/FontItem_5370.font.o
[AS ]	Fonts/build/GlyphItem/FontItem_82F1.font.o
[AS ]	Fonts/build/GlyphItem/FontItem_5E94.font.o
[AS ]	Fonts/build/GlyphItem/FontItem_8FCE.font.o
[AS ]	Fonts/build/GlyphItem/FontItem_8D62.font.o
[AS ]	Fonts/build/GlyphItem/FontItem_5F71.font.o
[AS ]	Fonts/build/GlyphItem/FontItem_786C.font.o
[AS ]	Fonts/build/GlyphItem/FontItem_4F63.font.o
[AS ]	Fonts/build/GlyphItem/FontItem_62E5.font.o
[AS ]	Fonts/build/GlyphItem/FontItem_6C38.font.o
[AS ]	Fonts/build/GlyphItem/FontItem_52C7.font.o
[AS ]	Fonts/build/GlyphItem/FontItem_7528.font.o
[AS ]	Fonts/build/GlyphItem/FontItem_5E7D.font.o
[AS ]	Fonts/build/GlyphItem/FontItem_4F18.font.o
[AS ]	Fonts/build/GlyphItem/FontItem_60A0.font.o
[AS ]	Fonts/build/GlyphItem/FontItem_5FE7.font.o
[AS ]	Fonts/build/GlyphItem/FontItem_5C24.font.o
[AS ]	Fonts/build/GlyphItem/FontItem_7531.font.o
[AS ]	Fonts/build/GlyphItem/FontItem_72B9.font.o
[AS ]	Fonts/build/GlyphItem/FontItem_6E38.font.o
[AS ]	Fonts/build/GlyphItem/FontItem_6709.font.o
[AS ]	Fonts/build/GlyphItem/FontItem_53CB.font.o
[AS ]	Fonts/build/GlyphItem/FontItem_53F3.font.o
[AS ]	Fonts/build/GlyphItem/FontItem_53C8.font.o
[AS ]	Fonts/build/GlyphItem/FontItem_5E7C.font.o
[AS ]	Fonts/build/GlyphItem/FontItem_4E8E.font.o
[AS ]	Fonts/build/GlyphItem/FontItem_4F59.font.o
[AS ]	Fonts/build/GlyphItem/FontItem_6109.font.o
[AS ]	Fonts/build/GlyphItem/FontItem_4E88.font.o
[AS ]	Fonts/build/GlyphItem/FontItem_96E8.font.o
[AS ]	Fonts/build/GlyphItem/FontItem_4E0E.font.o
[AS ]	Fonts/build/GlyphItem/FontItem_5C7F.font.o
[AS ]	Fonts/build/GlyphItem/FontItem_8BED.font.o
[AS ]	Fonts/build/GlyphItem/FontItem_7389.font.o
[AS ]	Fonts/build/GlyphItem/FontItem_7FBD.font.o
[AS ]	Fonts/build/GlyphItem/FontItem_57DF.font.o
[AS ]	Fonts/build/GlyphItem/FontItem_90C1.font.o
[AS ]	Fonts/build/GlyphItem/FontItem_9047.font.o
[AS ]	Fonts/build/GlyphItem/FontItem_5FA1.font.o
[AS ]	Fonts/build/GlyphItem/FontItem_6108.font.o
[AS ]	Fonts/build/GlyphItem/FontItem_6B32.font.o
[AS ]	Fonts/build/GlyphItem/FontItem_72F1.font.o
[AS ]	Fonts/build/GlyphItem/FontItem_80B2.font.o
[AS ]	Fonts/build/GlyphItem/FontItem_8A89.font.o
[AS ]	Fonts/build/GlyphItem/FontItem_9884.font.o
[AS ]	Fonts/build/GlyphItem/FontItem_8C6B.font.o
[AS ]	Fonts/build/GlyphItem/FontItem_5143.font.o
[AS ]	Fonts/build/GlyphItem/FontItem_539F.font.o
[AS ]	Fonts/build/GlyphItem/FontItem_63F4.font.o
[AS ]	Fonts/build/GlyphItem/FontItem_56ED.font.o
[AS ]	Fonts/build/GlyphItem/FontItem_5458.font.o
[AS ]	Fonts/build/GlyphItem/FontItem_7F18.font.o
[AS ]	Fonts/build/GlyphItem/FontItem_6E90.font.o
[AS ]	Fonts/build/GlyphItem/FontItem_8FDC.font.o
[AS ]	Fonts/build/GlyphItem/FontItem_613F.font.o
[AS ]	Fonts/build/GlyphItem/FontItem_9662.font.o
[AS ]	Fonts/build/GlyphItem/FontItem_7EA6.font.o
[AS ]	Fonts/build/GlyphItem/FontItem_8D8A.font.o
[AS ]	Fonts/build/GlyphItem/FontItem_8DC3.font.o
[AS ]	Fonts/build/GlyphItem/FontItem_94A5.font.o
[AS ]	Fonts/build/GlyphItem/FontItem_6708.font.o
[AS ]	Fonts/build/GlyphItem/FontItem_60A6.font.o
[AS ]	Fonts/build/GlyphItem/FontItem_8FD0.font.o
[AS ]	Fonts/build/GlyphItem/FontItem_5B55.font.o
[AS ]	Fonts/build/GlyphItem/FontItem_707E.font.o
[AS ]	Fonts/build/GlyphItem/FontItem_5BB0.font.o
[AS ]	Fonts/build/GlyphItem/FontItem_8F7D.font.o
[AS ]	Fonts/build/GlyphItem/FontItem_518D.font.o
[AS ]	Fonts/build/GlyphItem/FontItem_5728.font.o
[AS ]	Fonts/build/GlyphItem/FontItem_6682.font.o
[AS ]	Fonts/build/GlyphItem/FontItem_8D5E.font.o
[AS ]	Fonts/build/GlyphItem/FontItem_906D.font.o
[AS ]	Fonts/build/GlyphItem/FontItem_9020.font.o
[AS ]	Fonts/build/GlyphItem/FontItem_65E9.font.o
[AS ]	Fonts/build/GlyphItem/FontItem_8D23.font.o
[AS ]	Fonts/build/GlyphItem/FontItem_62E9.font.o
[AS ]	Fonts/build/GlyphItem/FontItem_5219.font.o
[AS ]	Fonts/build/GlyphItem/FontItem_6CFD.font.o
[AS ]	Fonts/build/GlyphItem/FontItem_8D3C.font.o
[AS ]	Fonts/build/GlyphItem/FontItem_600E.font.o
[AS ]	Fonts/build/GlyphItem/FontItem_589E.font.o
[AS ]	Fonts/build/GlyphItem/FontItem_618E.font.o
[AS ]	Fonts/build/GlyphItem/FontItem_66FE.font.o
[AS ]	Fonts/build/GlyphItem/FontItem_624E.font.o
[AS ]	Fonts/build/GlyphItem/FontItem_5B85.font.o
[AS ]	Fonts/build/GlyphItem/FontItem_5BE8.font.o
[AS ]	Fonts/build/GlyphItem/FontItem_65A9.font.o
[AS ]	Fonts/build/GlyphItem/FontItem_5C55.font.o
[AS ]	Fonts/build/GlyphItem/FontItem_5360.font.o
[AS ]	Fonts/build/GlyphItem/FontItem_6218.font.o
[AS ]	Fonts/build/GlyphItem/FontItem_7AD9.font.o
[AS ]	Fonts/build/GlyphItem/FontItem_7AE0.font.o
[AS ]	Fonts/build/GlyphItem/FontItem_5F70.font.o
[AS ]	Fonts/build/GlyphItem/FontItem_5F20.font.o
[AS ]	Fonts/build/GlyphItem/FontItem_638C.font.o
[AS ]	Fonts/build/GlyphItem/FontItem_6756.font.o
[AS ]	Fonts/build/GlyphItem/FontItem_4E08.font.o
[AS ]	Fonts/build/GlyphItem/FontItem_5E10.font.o
[AS ]	Fonts/build/GlyphItem/FontItem_969C.font.o
[AS ]	Fonts/build/GlyphItem/FontItem_627E.font.o
[AS ]	Fonts/build/GlyphItem/FontItem_62DB.font.o
[AS ]	Fonts/build/GlyphItem/FontItem_7167.font.o
[AS ]	Fonts/build/GlyphItem/FontItem_53EC.font.o
[AS ]	Fonts/build/GlyphItem/FontItem_8FD9.font.o
[AS ]	Fonts/build/GlyphItem/FontItem_8005.font.o
[AS ]	Fonts/build/GlyphItem/FontItem_73CD.font.o
[AS ]	Fonts/build/GlyphItem/FontItem_771F.font.o
[AS ]	Fonts/build/GlyphItem/FontItem_4FA6.font.o
[AS ]	Fonts/build/GlyphItem/FontItem_9707.font.o
[AS ]	Fonts/build/GlyphItem/FontItem_632F.font.o
[AS ]	Fonts/build/GlyphItem/FontItem_9547.font.o
[AS ]	Fonts/build/GlyphItem/FontItem_9635.font.o
[AS ]	Fonts/build/GlyphItem/FontItem_5F81.font.o
[AS ]	Fonts/build/GlyphItem/FontItem_4E89.font.o
[AS ]	Fonts/build/GlyphItem/FontItem_6B63.font.o
[AS ]	Fonts/build/GlyphItem/FontItem_6574.font.o
[AS ]	Fonts/build/GlyphItem/FontItem_653F.font.o
[AS ]	Fonts/build/GlyphItem/FontItem_75C7.font.o
[AS ]	Fonts/build/GlyphItem/FontItem_8BC1.font.o
[AS ]	Fonts/build/GlyphItem/FontItem_652F.font.o
[AS ]	Fonts/build/GlyphItem/FontItem_77E5.font.o
[AS ]	Fonts/build/GlyphItem/FontItem_4E4B.font.o
[AS ]	Fonts/build/GlyphItem/FontItem_804C.font.o
[AS ]	Fonts/build/GlyphItem/FontItem_7EC7.font.o
[AS ]	Fonts/build/GlyphItem/FontItem_76F4.font.o
[AS ]	Fonts/build/GlyphItem/FontItem_6267.font.o
[AS ]	Fonts/build/GlyphItem/FontItem_503C.font.o
[AS ]	Fonts/build/GlyphItem/FontItem_5740.font.o
[AS ]	Fonts/build/GlyphItem/FontItem_6307.font.o
[AS ]	Fonts/build/GlyphItem/FontItem_6B62.font.o
[AS ]	Fonts/build/GlyphItem/FontItem_53EA.font.o
[AS ]	Fonts/build/GlyphItem/FontItem_5FD7.font.o
[AS ]	Fonts/build/GlyphItem/FontItem_63B7.font.o
[AS ]	Fonts/build/GlyphItem/FontItem_81F3.font.o
[AS ]	Fonts/build/GlyphItem/FontItem_81F4.font.o
[AS ]	Fonts/build/GlyphItem/FontItem_7F6E.font.o
[AS ]	Fonts/build/GlyphItem/FontItem_5236.font.o
[AS ]	Fonts/build/GlyphItem/FontItem_667A.font.o
[AS ]	Fonts/build/GlyphItem/FontItem_8D28.font.o
[AS ]	Fonts/build/GlyphItem/FontItem_6CBB.font.o
[AS ]	Fonts/build/GlyphItem/FontItem_4E2D.font.o
[AS ]	Fonts/build/GlyphItem/FontItem_5FE0.font.o
[AS ]	Fonts/build/GlyphItem/FontItem_8877.font.o
[AS ]	Fonts/build/GlyphItem/FontItem_7EC8.font.o
[AS ]	Fonts/build/GlyphItem/FontItem_79CD.font.o
[AS ]	Fonts/build/GlyphItem/FontItem_91CD.font.o
[AS ]	Fonts/build/GlyphItem/FontItem_4F17.font.o
[AS ]	Fonts/build/GlyphItem/FontItem_5468.font.o
[AS ]	Fonts/build/GlyphItem/FontItem_663C.font.o
[AS ]	Fonts/build/GlyphItem/FontItem_6731.font.o
[AS ]	Fonts/build/GlyphItem/FontItem_7AF9.font.o
[AS ]	Fonts/build/GlyphItem/FontItem_9010.font.o
[AS ]	Fonts/build/GlyphItem/FontItem_4E3B.font.o
[AS ]	Fonts/build/GlyphItem/FontItem_8457.font.o
[AS ]	Fonts/build/GlyphItem/FontItem_52A9.font.o
[AS ]	Fonts/build/GlyphItem/FontItem_67F1.font.o
[AS ]	Fonts/build/GlyphItem/FontItem_4F4F.font.o
[AS ]	Fonts/build/GlyphItem/FontItem_6CE8.font.o
[AS ]	Fonts/build/GlyphItem/FontItem_795D.font.o
[AS ]	Fonts/build/GlyphItem/FontItem_9A7B.font.o
[AS ]	Fonts/build/GlyphItem/FontItem_722A.font.o
[AS ]	Fonts/build/GlyphItem/FontItem_4E13.font.o
[AS ]	Fonts/build/GlyphItem/FontItem_8F6C.font.o
[AS ]	Fonts/build/GlyphItem/FontItem_8D5A.font.o
[AS ]	Fonts/build/GlyphItem/FontItem_5E84.font.o
[AS ]	Fonts/build/GlyphItem/FontItem_88C5.font.o
[AS ]	Fonts/build/GlyphItem/FontItem_58EE.font.o
[AS ]	Fonts/build/GlyphItem/FontItem_72B6.font.o
[AS ]	Fonts/build/GlyphItem/FontItem_8FFD.font.o
[AS ]	Fonts/build/GlyphItem/FontItem_5760.font.o
[AS ]	Fonts/build/GlyphItem/FontItem_51C6.font.o
[AS ]	Fonts/build/GlyphItem/FontItem_7740.font.o
[AS ]	Fonts/build/GlyphItem/FontItem_707C.font.o
[AS ]	Fonts/build/GlyphItem/FontItem_5179.font.o
[AS ]	Fonts/build/GlyphItem/FontItem_8D44.font.o
[AS ]	Fonts/build/GlyphItem/FontItem_59FF.font.o
[AS ]	Fonts/build/GlyphItem/FontItem_6ECB.font.o
[AS ]	Fonts/build/GlyphItem/FontItem_5B50.font.o
[AS ]	Fonts/build/GlyphItem/FontItem_81EA.font.o
[AS ]	Fonts/build/GlyphItem/FontItem_5B57.font.o
[AS ]	Fonts/build/GlyphItem/FontItem_8E2A.font.o
[AS ]	Fonts/build/GlyphItem/FontItem_7EFC.font.o
[AS ]	Fonts/build/GlyphItem/FontItem_603B.font.o
[AS ]	Fonts/build/GlyphItem/FontItem_7EB5.font.o
[AS ]	Fonts/build/GlyphItem/FontItem_8D70.font.o
[AS ]	Fonts/build/GlyphItem/FontItem_594F.font.o
[AS ]	Fonts/build/GlyphItem/FontItem_8DB3.font.o
[AS ]	Fonts/build/GlyphItem/FontItem_65CF.font.o
[AS ]	Fonts/build/GlyphItem/FontItem_7956.font.o
[AS ]	Fonts/build/GlyphItem/FontItem_963B.font.o
[AS ]	Fonts/build/GlyphItem/FontItem_7EC4.font.o
[AS ]	Fonts/build/GlyphItem/FontItem_5634.font.o
[AS ]	Fonts/build/GlyphItem/FontItem_6700.font.o
[AS ]	Fonts/build/GlyphItem/FontItem_7F6A.font.o
[AS ]	Fonts/build/GlyphItem/FontItem_5C0A.font.o
[AS ]	Fonts/build/GlyphItem/FontItem_5DE6.font.o
[AS ]	Fonts/build/GlyphItem/FontItem_505A.font.o
[AS ]	Fonts/build/GlyphItem/FontItem_4F50.font.o
[AS ]	Fonts/build/GlyphItem/FontItem_4F5C.font.o
[AS ]	Fonts/build/GlyphItem/FontItem_5750.font.o
[AS ]	Fonts/build/GlyphItem/FontItem_5EA7.font.o
[AS ]	Fonts/build/GlyphItem/FontItem_502D.font.o
[AS ]	Fonts/build/GlyphItem/FontItem_8BAA.font.o
[AS ]	Fonts/build/GlyphItem/FontItem_8C19.font.o
[AS ]	Fonts/build/GlyphItem/FontItem_9631.font.o
[AS ]	Fonts/build/GlyphItem/FontItem_90B8.font.o
[AS ]	Fonts/build/GlyphItem/FontItem_831C.font.o
[AS ]	Fonts/build/GlyphItem/FontItem_8403.font.o
[AS ]	Fonts/build/GlyphItem/FontItem_5416.font.o
[AS ]	Fonts/build/GlyphItem/FontItem_5E37.font.o
[AS ]	Fonts/build/GlyphItem/FontItem_5C9A.font.o
[AS ]	Fonts/build/GlyphItem/FontItem_6115.font.o
[AS ]	Fonts/build/GlyphItem/FontItem_5F29.font.o
[AS ]	Fonts/build/GlyphItem/FontItem_5A05.font.o
[AS ]	Fonts/build/GlyphItem/FontItem_7F07.font.o
[AS ]	Fonts/build/GlyphItem/FontItem_7F2A.font.o
[AS ]	Fonts/build/GlyphItem/FontItem_73C2.font.o
[AS ]	Fonts/build/GlyphItem/FontItem_7F81.font.o
[AS ]	Fonts/build/GlyphItem/FontItem_94E0.font.o
[AS ]	Fonts/build/GlyphItem/FontItem_9556.font.o
[AS ]	Fonts/build/GlyphItem/FontItem_96BC.font.o
[AS ]	Fonts/build/GlyphItem/FontItem_6602.font.o
[AS ]	Fonts/build/GlyphItem/FontItem_707F.font.o
[AS ]	Fonts/build/GlyphItem/FontItem_518C.font.o
[AS ]	Fonts/build/GlyphItem/FontItem_63D2.font.o
[AS ]	Fonts/build/GlyphItem/FontItem_9F7F.font.o
[AS ]	Fonts/build/GlyphItem/FontItem_5D07.font.o
[AS ]	Fonts/build/GlyphItem/FontItem_63E3.font.o
[AS ]	Fonts/build/GlyphItem/FontItem_4E1B.font.o
[AS ]	Fonts/build/GlyphItem/FontItem_4FC3.font.o
[AS ]	Fonts/build/GlyphItem/FontItem_4E39.font.o
[AS ]	Fonts/build/GlyphItem/FontItem_5F39.font.o
[AS ]	Fonts/build/GlyphItem/FontItem_6EF4.font.o
[AS ]	Fonts/build/GlyphItem/FontItem_7B1B.font.o
[AS ]	Fonts/build/GlyphItem/FontItem_5E1D.font.o
[AS ]	Fonts/build/GlyphItem/FontItem_5178.font.o
[AS ]	Fonts/build/GlyphItem/FontItem_5960.font.o
[AS ]	Fonts/build/GlyphItem/FontItem_7779.font.o
[AS ]	Fonts/build/GlyphItem/FontItem_989D.font.o
[AS ]	Fonts/build/GlyphItem/FontItem_5CF0.font.o
[AS ]	Fonts/build/GlyphItem/FontItem_4F5B.font.o
[AS ]	Fonts/build/GlyphItem/FontItem_5085.font.o
[AS ]	Fonts/build/GlyphItem/FontItem_6E2F.font.o
[AS ]	Fonts/build/GlyphItem/FontItem_94A9.font.o
[AS ]	Fonts/build/GlyphItem/FontItem_5BE1.font.o
[AS ]	Fonts/build/GlyphItem/FontItem_901B.font.o
[AS ]	Fonts/build/GlyphItem/FontItem_95FA.font.o
[AS ]	Fonts/build/GlyphItem/FontItem_54C4.font.o
[AS ]	Fonts/build/GlyphItem/FontItem_54D7.font.o
[AS ]	Fonts/build/GlyphItem/FontItem_6ED1.font.o
[AS ]	Fonts/build/GlyphItem/FontItem_970D.font.o
[AS ]	Fonts/build/GlyphItem/FontItem_7A3D.font.o
[AS ]	Fonts/build/GlyphItem/FontItem_8D3E.font.o
[AS ]	Fonts/build/GlyphItem/FontItem_4FED.font.o
[AS ]	Fonts/build/GlyphItem/FontItem_8230.font.o
[AS ]	Fonts/build/GlyphItem/FontItem_50F5.font.o
[AS ]	Fonts/build/GlyphItem/FontItem_8857.font.o
[AS ]	Fonts/build/GlyphItem/FontItem_6676.font.o
[AS ]	Fonts/build/GlyphItem/FontItem_5F84.font.o
[AS ]	Fonts/build/GlyphItem/FontItem_65F7.font.o
[AS ]	Fonts/build/GlyphItem/FontItem_9ECE.font.o
[AS ]	Fonts/build/GlyphItem/FontItem_7433.font.o
[AS ]	Fonts/build/GlyphItem/FontItem_788C.font.o
[AS ]	Fonts/build/GlyphItem/FontItem_66FC.font.o
[AS ]	Fonts/build/GlyphItem/FontItem_8D38.font.o
[AS ]	Fonts/build/GlyphItem/FontItem_9E23.font.o
[AS ]	Fonts/build/GlyphItem/FontItem_6469.font.o
[AS ]	Fonts/build/GlyphItem/FontItem_4E43.font.o
[AS ]	Fonts/build/GlyphItem/FontItem_5B7D.font.o
[AS ]	Fonts/build/GlyphItem/FontItem_5E15.font.o
[AS ]	Fonts/build/GlyphItem/FontItem_70AE.font.o
[AS ]	Fonts/build/GlyphItem/FontItem_7BF7.font.o
[AS ]	Fonts/build/GlyphItem/FontItem_7BC7.font.o
[AS ]	Fonts/build/GlyphItem/FontItem_9887.font.o
[AS ]	Fonts/build/GlyphItem/FontItem_6B67.font.o
[AS ]	Fonts/build/GlyphItem/FontItem_4E18.font.o
[AS ]	Fonts/build/GlyphItem/FontItem_6CC9.font.o
[AS ]	Fonts/build/GlyphItem/FontItem_72AC.font.o
[AS ]	Fonts/build/GlyphItem/FontItem_6EB6.font.o
[AS ]	Fonts/build/GlyphItem/FontItem_6851.font.o
[AS ]	Fonts/build/GlyphItem/FontItem_745F.font.o
[AS ]	Fonts/build/GlyphItem/FontItem_838E.font.o
[AS ]	Fonts/build/GlyphItem/FontItem_6444.font.o
[AS ]	Fonts/build/GlyphItem/FontItem_8680.font.o
[AS ]	Fonts/build/GlyphItem/FontItem_4ED5.font.o
[AS ]	Fonts/build/GlyphItem/FontItem_552E.font.o
[AS ]	Fonts/build/GlyphItem/FontItem_517D.font.o
[AS ]	Fonts/build/GlyphItem/FontItem_77AC.font.o
[AS ]	Fonts/build/GlyphItem/FontItem_9882.font.o
[AS ]	Fonts/build/GlyphItem/FontItem_6DCC.font.o
[AS ]	Fonts/build/GlyphItem/FontItem_77B3.font.o
[AS ]	Fonts/build/GlyphItem/FontItem_6845.font.o
[AS ]	Fonts/build/GlyphItem/FontItem_6170.font.o
[AS ]	Fonts/build/GlyphItem/FontItem_6DA1.font.o
[AS ]	Fonts/build/GlyphItem/FontItem_6614.font.o
[AS ]	Fonts/build/GlyphItem/FontItem_819D.font.o
[AS ]	Fonts/build/GlyphItem/FontItem_6687.font.o
[AS ]	Fonts/build/GlyphItem/FontItem_8237.font.o
[AS ]	Fonts/build/GlyphItem/FontItem_85AA.font.o
[AS ]	Fonts/build/GlyphItem/FontItem_6768.font.o
[AS ]	Fonts/build/GlyphItem/FontItem_6BC5.font.o
[AS ]	Fonts/build/GlyphItem/FontItem_6EA2.font.o
[AS ]	Fonts/build/GlyphItem/FontItem_5706.font.o
[AS ]	Fonts/build/GlyphItem/FontItem_7F69.font.o
[AS ]	Fonts/build/GlyphItem/FontItem_5353.font.o
[AS ]	Fonts/build/GlyphItem/FontItem_7D2B.font.o
[AS ]	Fonts/build/GlyphItem/FontItem_5B97.font.o
[AS ]	Fonts/build/GlyphItem/FontItem_99A8.font.o
[AS ]	Fonts/build/GlyphItem/FontItem_8299.font.o
[AS ]	Fonts/build/GlyphItem/FontItem_595A.font.o
[AS ]	Fonts/build/GlyphItem/FontItem_5F11.font.o
[AS ]	Fonts/build/GlyphItem/FontItem_561F.font.o
[AS ]	Fonts/build/GlyphItem/FontItem_56D4.font.o
[AS ]	Fonts/build/GlyphItem/FontItem_5F77.font.o
[AS ]	Fonts/build/GlyphItem/FontItem_5FA8.font.o
[AS ]	Fonts/build/GlyphItem/FontItem_6F29.font.o
[AS ]	Fonts/build/GlyphItem/FontItem_8FE6.font.o
[AS ]	Fonts/build/GlyphItem/FontItem_9082.font.o
[AS ]	Fonts/build/GlyphItem/FontItem_9005.font.o
[AS ]	Fonts/build/GlyphItem/FontItem_6773.font.o
[AS ]	Fonts/build/GlyphItem/FontItem_621F.font.o
[AS ]	Fonts/build/GlyphItem/FontItem_61A9.font.o
[AS ]	Fonts/build/GlyphItem/FontItem_753A.font.o
[AS ]	Fonts/build/GlyphItem/FontItem_52C3.font.o
[AS ]	Fonts/build/GlyphItem/FontItem_54FA.font.o
[AS ]	Fonts/build/GlyphItem/FontItem_8328.font.o
[AS ]	Fonts/build/GlyphItem/FontItem_7C07.font.o
[AS ]	Fonts/build/GlyphItem/FontItem_675C.font.o
[AS ]	Fonts/build/GlyphItem/FontItem_52D2.font.o
[AS ]	Fonts/build/GlyphItem/FontItem_5CAD.font.o
[AS ]	Fonts/build/GlyphItem/FontItem_5375.font.o
[AS ]	Fonts/build/GlyphItem/FontItem_5E3D.font.o
[AS ]	Fonts/build/GlyphItem/FontItem_840C.font.o
[AS ]	Fonts/build/GlyphItem/FontItem_6CDE.font.o
[AS ]	Fonts/build/GlyphItem/FontItem_62AB.font.o
[AS ]	Fonts/build/GlyphItem/FontItem_94FA.font.o
[AS ]	Fonts/build/GlyphItem/FontItem_8C34.font.o
[AS ]	Fonts/build/GlyphItem/FontItem_5BDD.font.o
[AS ]	Fonts/build/GlyphItem/FontItem_8EAF.font.o
[AS ]	Fonts/build/GlyphItem/FontItem_5239.font.o
[AS ]	Fonts/build/GlyphItem/FontItem_7EB1.font.o
[AS ]	Fonts/build/GlyphItem/FontItem_5A49.font.o
[AS ]	Fonts/build/GlyphItem/FontItem_9890.font.o
[AS ]	Fonts/build/GlyphItem/FontItem_8BE3.font.o
[AS ]	Fonts/build/GlyphItem/FontItem_7ECE.font.o
[AS ]	Fonts/build/GlyphItem/FontItem_5CB3.font.o
[AS ]	Fonts/build/GlyphItem/FontItem_8424.font.o
[AS ]	Fonts/build/GlyphItem/FontItem_6E5B.font.o
[AS ]	Fonts/build/GlyphItem/FontItem_8718.font.o
[AS ]	Fonts/build/GlyphItem/FontItem_6EDE.font.o
[AS ]	Fonts/build/GlyphItem/FontItem_86DB.font.o
[AS ]	Fonts/build/GlyphItem/FontItem_5FD2.font.o
[AS ]	Fonts/build/GlyphItem/FontItem_5555.font.o
[AS ]	Fonts/build/GlyphItem/FontItem_7EEF.font.o
[AS ]	Fonts/build/GlyphItem/FontItem_8FE5.font.o
[AS ]	Fonts/build/GlyphItem/FontItem_73C0.font.o
[AS ]	Fonts/build/GlyphItem/FontItem_66DC.font.o
[AS ]	Fonts/build/GlyphItem/FontItem_7985.font.o
[AS ]	Fonts/build/GlyphItem/FontItem_8E35.font.o
[AS ]	Fonts/build/GlyphItem/FontItem_7656.font.o
[AS ]	Fonts/build/GlyphItem/FontItem_9AB7.font.o
[AS ]	Fonts/build/GlyphItem/FontItem_9AC5.font.o
[AS ]	Fonts/build/GlyphItem/FontItem_5570.font.o
[AS ]	Fonts/build/GlyphItem/FontItem_6328.font.o
[AS ]	Fonts/build/GlyphItem/FontItem_54CE.font.o
[AS ]	Fonts/build/GlyphItem/FontItem_5509.font.o
[AS ]	Fonts/build/GlyphItem/FontItem_54C0.font.o
[AS ]	Fonts/build/GlyphItem/FontItem_7691.font.o
[AS ]	Fonts/build/GlyphItem/FontItem_764C.font.o
[AS ]	Fonts/build/GlyphItem/FontItem_853C.font.o
[AS ]	Fonts/build/GlyphItem/FontItem_77EE.font.o
[AS ]	Fonts/build/GlyphItem/FontItem_788D.font.o
[AS ]	Fonts/build/GlyphItem/FontItem_9698.font.o
[AS ]	Fonts/build/GlyphItem/FontItem_978D.font.o
[AS ]	Fonts/build/GlyphItem/FontItem_6C28.font.o
[AS ]	Fonts/build/GlyphItem/FontItem_4FFA.font.o
[AS ]	Fonts/build/GlyphItem/FontItem_80FA.font.o
[AS ]	Fonts/build/GlyphItem/FontItem_80AE.font.o
[AS ]	Fonts/build/GlyphItem/FontItem_76CE.font.o
[AS ]	Fonts/build/GlyphItem/FontItem_51F9.font.o
[AS ]	Fonts/build/GlyphItem/FontItem_71AC.font.o
[AS ]	Fonts/build/GlyphItem/FontItem_6556.font.o
[AS ]	Fonts/build/GlyphItem/FontItem_8884.font.o
[AS ]	Fonts/build/GlyphItem/FontItem_61CA.font.o
[AS ]	Fonts/build/GlyphItem/FontItem_6FB3.font.o
[AS ]	Fonts/build/GlyphItem/FontItem_82AD.font.o
[AS ]	Fonts/build/GlyphItem/FontItem_634C.font.o
[AS ]	Fonts/build/GlyphItem/FontItem_6252.font.o
[AS ]	Fonts/build/GlyphItem/FontItem_53ED.font.o
[AS ]	Fonts/build/GlyphItem/FontItem_7B06.font.o
[AS ]	Fonts/build/GlyphItem/FontItem_75A4.font.o
[AS ]	Fonts/build/GlyphItem/FontItem_8DCB.font.o
[AS ]	Fonts/build/GlyphItem/FontItem_9776.font.o
[AS ]	Fonts/build/GlyphItem/FontItem_8019.font.o
[AS ]	Fonts/build/GlyphItem/FontItem_575D.font.o
[AS ]	Fonts/build/GlyphItem/FontItem_7F62.font.o
[AS ]	Fonts/build/GlyphItem/FontItem_67CF.font.o
[AS ]	Fonts/build/GlyphItem/FontItem_4F70.font.o
[AS ]	Fonts/build/GlyphItem/FontItem_7A17.font.o
[AS ]	Fonts/build/GlyphItem/FontItem_6591.font.o
[AS ]	Fonts/build/GlyphItem/FontItem_642C.font.o
[AS ]	Fonts/build/GlyphItem/FontItem_6273.font.o
[AS ]	Fonts/build/GlyphItem/FontItem_9881.font.o
[AS ]	Fonts/build/GlyphItem/FontItem_626E.font.o
[AS ]	Fonts/build/GlyphItem/FontItem_62CC.font.o
[AS ]	Fonts/build/GlyphItem/FontItem_74E3.font.o
[AS ]	Fonts/build/GlyphItem/FontItem_6886.font.o
[AS ]	Fonts/build/GlyphItem/FontItem_8180.font.o
[AS ]	Fonts/build/GlyphItem/FontItem_7ED1.font.o
[AS ]	Fonts/build/GlyphItem/FontItem_68D2.font.o
[AS ]	Fonts/build/GlyphItem/FontItem_78C5.font.o
[AS ]	Fonts/build/GlyphItem/FontItem_868C.font.o
[AS ]	Fonts/build/GlyphItem/FontItem_9551.font.o
[AS ]	Fonts/build/GlyphItem/FontItem_508D.font.o
[AS ]	Fonts/build/GlyphItem/FontItem_8C24.font.o
[AS ]	Fonts/build/GlyphItem/FontItem_8912.font.o
[AS ]	Fonts/build/GlyphItem/FontItem_82DE.font.o
[AS ]	Fonts/build/GlyphItem/FontItem_5265.font.o
[AS ]	Fonts/build/GlyphItem/FontItem_8584.font.o
[AS ]	Fonts/build/GlyphItem/FontItem_96F9.font.o
[AS ]	Fonts/build/GlyphItem/FontItem_5821.font.o
[AS ]	Fonts/build/GlyphItem/FontItem_8C79.font.o
[AS ]	Fonts/build/GlyphItem/FontItem_676F.font.o
[AS ]	Fonts/build/GlyphItem/FontItem_7891.font.o
[AS ]	Fonts/build/GlyphItem/FontItem_94A1.font.o
[AS ]	Fonts/build/GlyphItem/FontItem_72C8.font.o
[AS ]	Fonts/build/GlyphItem/FontItem_7119.font.o
[AS ]	Fonts/build/GlyphItem/FontItem_82EF.font.o
[AS ]	Fonts/build/GlyphItem/FontItem_7B28.font.o
[AS ]	Fonts/build/GlyphItem/FontItem_7EF7.font.o
[AS ]	Fonts/build/GlyphItem/FontItem_752D.font.o
[AS ]	Fonts/build/GlyphItem/FontItem_6CF5.font.o
[AS ]	Fonts/build/GlyphItem/FontItem_8E66.font.o
[AS ]	Fonts/build/GlyphItem/FontItem_8FF8.font.o
[AS ]	Fonts/build/GlyphItem/FontItem_9F3B.font.o
[AS ]	Fonts/build/GlyphItem/FontItem_9119.font.o
[AS ]	Fonts/build/GlyphItem/FontItem_7B14.font.o
[AS ]	Fonts/build/GlyphItem/FontItem_84D6.font.o
[AS ]	Fonts/build/GlyphItem/FontItem_853D.font.o
[AS ]	Fonts/build/GlyphItem/FontItem_6BD9.font.o
[AS ]	Fonts/build/GlyphItem/FontItem_6BD6.font.o
[AS ]	Fonts/build/GlyphItem/FontItem_5E87.font.o
[AS ]	Fonts/build/GlyphItem/FontItem_75F9.font.o
[AS ]	Fonts/build/GlyphItem/FontItem_655D.font.o
[AS ]	Fonts/build/GlyphItem/FontItem_5F0A.font.o
[AS ]	Fonts/build/GlyphItem/FontItem_8F9F.font.o
[AS ]	Fonts/build/GlyphItem/FontItem_965B.font.o
[AS ]	Fonts/build/GlyphItem/FontItem_8D2C.font.o
[AS ]	Fonts/build/GlyphItem/FontItem_6241.font.o
[AS ]	Fonts/build/GlyphItem/FontItem_535E.font.o
[AS ]	Fonts/build/GlyphItem/FontItem_8FA8.font.o
[AS ]	Fonts/build/GlyphItem/FontItem_8FA9.font.o
[AS ]	Fonts/build/GlyphItem/FontItem_8FAB.font.o
[AS ]	Fonts/build/GlyphItem/FontItem_5F6A.font.o
[AS ]	Fonts/build/GlyphItem/FontItem_8198.font.o
[AS ]	Fonts/build/GlyphItem/FontItem_9CD6.font.o
[AS ]	Fonts/build/GlyphItem/FontItem_618B.font.o
[AS ]	Fonts/build/GlyphItem/FontItem_762A.font.o
[AS ]	Fonts/build/GlyphItem/FontItem_658C.font.o
[AS ]	Fonts/build/GlyphItem/FontItem_5F6C.font.o
[AS ]	Fonts/build/GlyphItem/FontItem_6FD2.font.o
[AS ]	Fonts/build/GlyphItem/FontItem_6EE8.font.o
[AS ]	Fonts/build/GlyphItem/FontItem_5BBE.font.o
[AS ]	Fonts/build/GlyphItem/FontItem_6448.font.o
[AS ]	Fonts/build/GlyphItem/FontItem_4E19.font.o
[AS ]	Fonts/build/GlyphItem/FontItem_79C9.font.o
[AS ]	Fonts/build/GlyphItem/FontItem_997C.font.o
[AS ]	Fonts/build/GlyphItem/FontItem_70B3.font.o
[AS ]	Fonts/build/GlyphItem/FontItem_73BB.font.o
[AS ]	Fonts/build/GlyphItem/FontItem_83E0.font.o
[AS ]	Fonts/build/GlyphItem/FontItem_62E8.font.o
[AS ]	Fonts/build/GlyphItem/FontItem_94B5.font.o
[AS ]	Fonts/build/GlyphItem/FontItem_640F.font.o
[AS ]	Fonts/build/GlyphItem/FontItem_94C2.font.o
[AS ]	Fonts/build/GlyphItem/FontItem_7B94.font.o
[AS ]	Fonts/build/GlyphItem/FontItem_5E1B.font.o
[AS ]	Fonts/build/GlyphItem/FontItem_8236.font.o
[AS ]	Fonts/build/GlyphItem/FontItem_8116.font.o
[AS ]	Fonts/build/GlyphItem/FontItem_818A.font.o
[AS ]	Fonts/build/GlyphItem/FontItem_6E24.font.o
[AS ]	Fonts/build/GlyphItem/FontItem_6CCA.font.o
[AS ]	Fonts/build/GlyphItem/FontItem_9A73.font.o
[AS ]	Fonts/build/GlyphItem/FontItem_57E0.font.o
[AS ]	Fonts/build/GlyphItem/FontItem_7C3F.font.o
[AS ]	Fonts/build/GlyphItem/FontItem_6016.font.o
[AS ]	Fonts/build/GlyphItem/FontItem_731C.font.o
[AS ]	Fonts/build/GlyphItem/FontItem_6750.font.o
[AS ]	Fonts/build/GlyphItem/FontItem_88C1.font.o
[AS ]	Fonts/build/GlyphItem/FontItem_776C.font.o
[AS ]	Fonts/build/GlyphItem/FontItem_8E29.font.o
[AS ]	Fonts/build/GlyphItem/FontItem_91C7.font.o
[AS ]	Fonts/build/GlyphItem/FontItem_8521.font.o
[AS ]	Fonts/build/GlyphItem/FontItem_9910.font.o
[AS ]	Fonts/build/GlyphItem/FontItem_8695.font.o
[AS ]	Fonts/build/GlyphItem/FontItem_60ED.font.o
[AS ]	Fonts/build/GlyphItem/FontItem_60E8.font.o
[AS ]	Fonts/build/GlyphItem/FontItem_8231.font.o
[AS ]	Fonts/build/GlyphItem/FontItem_4ED3.font.o
[AS ]	Fonts/build/GlyphItem/FontItem_6CA7.font.o
[AS ]	Fonts/build/GlyphItem/FontItem_7CD9.font.o
[AS ]	Fonts/build/GlyphItem/FontItem_69FD.font.o
[AS ]	Fonts/build/GlyphItem/FontItem_66F9.font.o
[AS ]	Fonts/build/GlyphItem/FontItem_5395.font.o
[AS ]	Fonts/build/GlyphItem/FontItem_8E6D.font.o
[AS ]	Fonts/build/GlyphItem/FontItem_53C9.font.o
[AS ]	Fonts/build/GlyphItem/FontItem_832C.font.o
[AS ]	Fonts/build/GlyphItem/FontItem_8336.font.o
[AS ]	Fonts/build/GlyphItem/FontItem_78B4.font.o
[AS ]	Fonts/build/GlyphItem/FontItem_643D.font.o
[AS ]	Fonts/build/GlyphItem/FontItem_5C94.font.o
[AS ]	Fonts/build/GlyphItem/FontItem_8BE7.font.o
[AS ]	Fonts/build/GlyphItem/FontItem_62C6.font.o
[AS ]	Fonts/build/GlyphItem/FontItem_67F4.font.o
[AS ]	Fonts/build/GlyphItem/FontItem_8C7A.font.o
[AS ]	Fonts/build/GlyphItem/FontItem_6400.font.o
[AS ]	Fonts/build/GlyphItem/FontItem_63BA.font.o
[AS ]	Fonts/build/GlyphItem/FontItem_8749.font.o
[AS ]	Fonts/build/GlyphItem/FontItem_998B.font.o
[AS ]	Fonts/build/GlyphItem/FontItem_8C17.font.o
[AS ]	Fonts/build/GlyphItem/FontItem_9610.font.o
[AS ]	Fonts/build/GlyphItem/FontItem_98A4.font.o
[AS ]	Fonts/build/GlyphItem/FontItem_660C.font.o
[AS ]	Fonts/build/GlyphItem/FontItem_7316.font.o
[AS ]	Fonts/build/GlyphItem/FontItem_5C1D.font.o
[AS ]	Fonts/build/GlyphItem/FontItem_80A0.font.o
[AS ]	Fonts/build/GlyphItem/FontItem_5382.font.o
[AS ]	Fonts/build/GlyphItem/FontItem_655E.font.o
[AS ]	Fonts/build/GlyphItem/FontItem_7545.font.o
[AS ]	Fonts/build/GlyphItem/FontItem_5531.font.o
[AS ]	Fonts/build/GlyphItem/FontItem_5021.font.o
[AS ]	Fonts/build/GlyphItem/FontItem_6284.font.o
[AS ]	Fonts/build/GlyphItem/FontItem_949E.font.o
[AS ]	Fonts/build/GlyphItem/FontItem_5632.font.o
[AS ]	Fonts/build/GlyphItem/FontItem_6F6E.font.o
[AS ]	Fonts/build/GlyphItem/FontItem_5DE2.font.o
[AS ]	Fonts/build/GlyphItem/FontItem_7092.font.o
[AS ]	Fonts/build/GlyphItem/FontItem_8F66.font.o
[AS ]	Fonts/build/GlyphItem/FontItem_626F.font.o
[AS ]	Fonts/build/GlyphItem/FontItem_63A3.font.o
[AS ]	Fonts/build/GlyphItem/FontItem_5F7B.font.o
[AS ]	Fonts/build/GlyphItem/FontItem_6F88.font.o
[AS ]	Fonts/build/GlyphItem/FontItem_90F4.font.o
[AS ]	Fonts/build/GlyphItem/FontItem_8FB0.font.o
[AS ]	Fonts/build/GlyphItem/FontItem_6668.font.o
[AS ]	Fonts/build/GlyphItem/FontItem_5FF1.font.o
[AS ]	Fonts/build/GlyphItem/FontItem_9648.font.o
[AS ]	Fonts/build/GlyphItem/FontItem_8D81.font.o
[AS ]	Fonts/build/GlyphItem/FontItem_886C.font.o
[AS ]	Fonts/build/GlyphItem/FontItem_6491.font.o
[AS ]	Fonts/build/GlyphItem/FontItem_6A59.font.o
[AS ]	Fonts/build/GlyphItem/FontItem_5448.font.o
[AS ]	Fonts/build/GlyphItem/FontItem_60E9.font.o
[AS ]	Fonts/build/GlyphItem/FontItem_6F84.font.o
[AS ]	Fonts/build/GlyphItem/FontItem_901E.font.o
[AS ]	Fonts/build/GlyphItem/FontItem_9A8B.font.o
[AS ]	Fonts/build/GlyphItem/FontItem_79E4.font.o
[AS ]	Fonts/build/GlyphItem/FontItem_6C60.font.o
[AS ]	Fonts/build/GlyphItem/FontItem_803B.font.o
[AS ]	Fonts/build/GlyphItem/FontItem_4F88.font.o
[AS ]	Fonts/build/GlyphItem/FontItem_5C3A.font.o
[AS ]	Fonts/build/GlyphItem/FontItem_7FC5.font.o
[AS ]	Fonts/build/GlyphItem/FontItem_65A5.font.o
[AS ]	Fonts/build/GlyphItem/FontItem_70BD.font.o
[AS ]	Fonts/build/GlyphItem/FontItem_866B.font.o
[AS ]	Fonts/build/GlyphItem/FontItem_5BA0.font.o
[AS ]	Fonts/build/GlyphItem/FontItem_62BD.font.o
[AS ]	Fonts/build/GlyphItem/FontItem_7574.font.o
[AS ]	Fonts/build/GlyphItem/FontItem_8E0C.font.o
[AS ]	Fonts/build/GlyphItem/FontItem_7A20.font.o
[AS ]	Fonts/build/GlyphItem/FontItem_6101.font.o
[AS ]	Fonts/build/GlyphItem/FontItem_7B79.font.o
[AS ]	Fonts/build/GlyphItem/FontItem_7EF8.font.o
[AS ]	Fonts/build/GlyphItem/FontItem_7785.font.o
[AS ]	Fonts/build/GlyphItem/FontItem_4E11.font.o
[AS ]	Fonts/build/GlyphItem/FontItem_81ED.font.o
[AS ]	Fonts/build/GlyphItem/FontItem_6A71.font.o
[AS ]	Fonts/build/GlyphItem/FontItem_8E87.font.o
[AS ]	Fonts/build/GlyphItem/FontItem_9504.font.o
[AS ]	Fonts/build/GlyphItem/FontItem_96CF.font.o
[AS ]	Fonts/build/GlyphItem/FontItem_6EC1.font.o
[AS ]	Fonts/build/GlyphItem/FontItem_50A8.font.o
[AS ]	Fonts/build/GlyphItem/FontItem_77D7.font.o
[AS ]	Fonts/build/GlyphItem/FontItem_6410.font.o
[AS ]	Fonts/build/GlyphItem/FontItem_693D.font.o
[AS ]	Fonts/build/GlyphItem/FontItem_5598.font.o
[AS ]	Fonts/build/GlyphItem/FontItem_4E32.font.o
[AS ]	Fonts/build/GlyphItem/FontItem_75AE.font.o
[AS ]	Fonts/build/GlyphItem/FontItem_5E62.font.o
[AS ]	Fonts/build/GlyphItem/FontItem_95EF.font.o
[AS ]	Fonts/build/GlyphItem/FontItem_5439.font.o
[AS ]	Fonts/build/GlyphItem/FontItem_708A.font.o
[AS ]	Fonts/build/GlyphItem/FontItem_6376.font.o
[AS ]	Fonts/build/GlyphItem/FontItem_6625.font.o
[AS ]	Fonts/build/GlyphItem/FontItem_693F.font.o
[AS ]	Fonts/build/GlyphItem/FontItem_9187.font.o
[AS ]	Fonts/build/GlyphItem/FontItem_5507.font.o
[AS ]	Fonts/build/GlyphItem/FontItem_6DF3.font.o
[AS ]	Fonts/build/GlyphItem/FontItem_6233.font.o
[AS ]	Fonts/build/GlyphItem/FontItem_7EF0.font.o
[AS ]	Fonts/build/GlyphItem/FontItem_75B5.font.o
[AS ]	Fonts/build/GlyphItem/FontItem_78C1.font.o
[AS ]	Fonts/build/GlyphItem/FontItem_74F7.font.o
[AS ]	Fonts/build/GlyphItem/FontItem_8BCD.font.o
[AS ]	Fonts/build/GlyphItem/FontItem_806A.font.o
[AS ]	Fonts/build/GlyphItem/FontItem_8471.font.o
[AS ]	Fonts/build/GlyphItem/FontItem_56F1.font.o
[AS ]	Fonts/build/GlyphItem/FontItem_5306.font.o
[AS ]	Fonts/build/GlyphItem/FontItem_51D1.font.o
[AS ]	Fonts/build/GlyphItem/FontItem_7C97.font.o
[AS ]	Fonts/build/GlyphItem/FontItem_918B.font.o
[AS ]	Fonts/build/GlyphItem/FontItem_8E7F.font.o
[AS ]	Fonts/build/GlyphItem/FontItem_7BE1.font.o
[AS ]	Fonts/build/GlyphItem/FontItem_7A9C.font.o
[AS ]	Fonts/build/GlyphItem/FontItem_50AC.font.o
[AS ]	Fonts/build/GlyphItem/FontItem_6467.font.o
[AS ]	Fonts/build/GlyphItem/FontItem_8106.font.o
[AS ]	Fonts/build/GlyphItem/FontItem_7CB9.font.o
[AS ]	Fonts/build/GlyphItem/FontItem_7601.font.o
[AS ]	Fonts/build/GlyphItem/FontItem_6DEC.font.o
[AS ]	Fonts/build/GlyphItem/FontItem_7FE0.font.o
[AS ]	Fonts/build/GlyphItem/FontItem_5BF8.font.o
[AS ]	Fonts/build/GlyphItem/FontItem_78CB.font.o
[AS ]	Fonts/build/GlyphItem/FontItem_64AE.font.o
[AS ]	Fonts/build/GlyphItem/FontItem_63AA.font.o
[AS ]	Fonts/build/GlyphItem/FontItem_6413.font.o
[AS ]	Fonts/build/GlyphItem/FontItem_632B.font.o
[AS ]	Fonts/build/GlyphItem/FontItem_7629.font.o
[AS ]	Fonts/build/GlyphItem/FontItem_6B79.font.o
[AS ]	Fonts/build/GlyphItem/FontItem_50A3.font.o
[AS ]	Fonts/build/GlyphItem/FontItem_8D37.font.o
[AS ]	Fonts/build/GlyphItem/FontItem_6B86.font.o
[AS ]	Fonts/build/GlyphItem/FontItem_888B.font.o
[AS ]	Fonts/build/GlyphItem/FontItem_902E.font.o
[AS ]	Fonts/build/GlyphItem/FontItem_6020.font.o
[AS ]	Fonts/build/GlyphItem/FontItem_803D.font.o
[AS ]	Fonts/build/GlyphItem/FontItem_90F8.font.o
[AS ]	Fonts/build/GlyphItem/FontItem_63B8.font.o
[AS ]	Fonts/build/GlyphItem/FontItem_6C2E.font.o
[AS ]	Fonts/build/GlyphItem/FontItem_8361.font.o
[AS ]	Fonts/build/GlyphItem/FontItem_60EE.font.o
[AS ]	Fonts/build/GlyphItem/FontItem_6363.font.o
[AS ]	Fonts/build/GlyphItem/FontItem_7A3B.font.o
[AS ]	Fonts/build/GlyphItem/FontItem_60BC.font.o
[AS ]	Fonts/build/GlyphItem/FontItem_8E6C.font.o
[AS ]	Fonts/build/GlyphItem/FontItem_77AA.font.o
[AS ]	Fonts/build/GlyphItem/FontItem_706F.font.o
[AS ]	Fonts/build/GlyphItem/FontItem_51F3.font.o
[AS ]	Fonts/build/GlyphItem/FontItem_9093.font.o
[AS ]	Fonts/build/GlyphItem/FontItem_5824.font.o
[AS ]	Fonts/build/GlyphItem/FontItem_4F4E.font.o
[AS ]	Fonts/build/GlyphItem/FontItem_72C4.font.o
[AS ]	Fonts/build/GlyphItem/FontItem_6DA4.font.o
[AS ]	Fonts/build/GlyphItem/FontItem_7FDF.font.o
[AS ]	Fonts/build/GlyphItem/FontItem_5AE1.font.o
[AS ]	Fonts/build/GlyphItem/FontItem_9012.font.o
[AS ]	Fonts/build/GlyphItem/FontItem_7F14.font.o
[AS ]	Fonts/build/GlyphItem/FontItem_98A0.font.o
[AS ]	Fonts/build/GlyphItem/FontItem_6382.font.o
[AS ]	Fonts/build/GlyphItem/FontItem_6EC7.font.o
[AS ]	Fonts/build/GlyphItem/FontItem_7898.font.o
[AS ]	Fonts/build/GlyphItem/FontItem_975B.font.o
[AS ]	Fonts/build/GlyphItem/FontItem_57AB.font.o
[AS ]	Fonts/build/GlyphItem/FontItem_4F43.font.o
[AS ]	Fonts/build/GlyphItem/FontItem_60E6.font.o
[AS ]	Fonts/build/GlyphItem/FontItem_7538.font.o
[AS ]	Fonts/build/GlyphItem/FontItem_6DC0.font.o
[AS ]	Fonts/build/GlyphItem/FontItem_7889.font.o
[AS ]	Fonts/build/GlyphItem/FontItem_53FC.font.o
[AS ]	Fonts/build/GlyphItem/FontItem_96D5.font.o
[AS ]	Fonts/build/GlyphItem/FontItem_51CB.font.o
[AS ]	Fonts/build/GlyphItem/FontItem_5201.font.o
[AS ]	Fonts/build/GlyphItem/FontItem_9493.font.o
[AS ]	Fonts/build/GlyphItem/FontItem_8DCC.font.o
[AS ]	Fonts/build/GlyphItem/FontItem_7239.font.o
[AS ]	Fonts/build/GlyphItem/FontItem_789F.font.o
[AS ]	Fonts/build/GlyphItem/FontItem_8776.font.o
[AS ]	Fonts/build/GlyphItem/FontItem_8FED.font.o
[AS ]	Fonts/build/GlyphItem/FontItem_8C0D.font.o
[AS ]	Fonts/build/GlyphItem/FontItem_53E0.font.o
[AS ]	Fonts/build/GlyphItem/FontItem_4E01.font.o
[AS ]	Fonts/build/GlyphItem/FontItem_76EF.font.o
[AS ]	Fonts/build/GlyphItem/FontItem_53EE.font.o
[AS ]	Fonts/build/GlyphItem/FontItem_9489.font.o
[AS ]	Fonts/build/GlyphItem/FontItem_9F0E.font.o
[AS ]	Fonts/build/GlyphItem/FontItem_952D.font.o
[AS ]	Fonts/build/GlyphItem/FontItem_8BA2.font.o
[AS ]	Fonts/build/GlyphItem/FontItem_8463.font.o
[AS ]	Fonts/build/GlyphItem/FontItem_680B.font.o
[AS ]	Fonts/build/GlyphItem/FontItem_4F97.font.o
[AS ]	Fonts/build/GlyphItem/FontItem_606B.font.o
[AS ]	Fonts/build/GlyphItem/FontItem_515C.font.o
[AS ]	Fonts/build/GlyphItem/FontItem_6296.font.o
[AS ]	Fonts/build/GlyphItem/FontItem_9661.font.o
[AS ]	Fonts/build/GlyphItem/FontItem_8C46.font.o
[AS ]	Fonts/build/GlyphItem/FontItem_9017.font.o
[AS ]	Fonts/build/GlyphItem/FontItem_75D8.font.o
[AS ]	Fonts/build/GlyphItem/FontItem_728A.font.o
[AS ]	Fonts/build/GlyphItem/FontItem_9540.font.o
[AS ]	Fonts/build/GlyphItem/FontItem_809A.font.o
[AS ]	Fonts/build/GlyphItem/FontItem_5992.font.o
[AS ]	Fonts/build/GlyphItem/FontItem_7F0E.font.o
[AS ]	Fonts/build/GlyphItem/FontItem_5806.font.o
[AS ]	Fonts/build/GlyphItem/FontItem_5151.font.o
[AS ]	Fonts/build/GlyphItem/FontItem_58A9.font.o
[AS ]	Fonts/build/GlyphItem/FontItem_5428.font.o
[AS ]	Fonts/build/GlyphItem/FontItem_8E72.font.o
[AS ]	Fonts/build/GlyphItem/FontItem_6566.font.o
[AS ]	Fonts/build/GlyphItem/FontItem_56E4.font.o
[AS ]	Fonts/build/GlyphItem/FontItem_949D.font.o
[AS ]	Fonts/build/GlyphItem/FontItem_9041.font.o
[AS ]	Fonts/build/GlyphItem/FontItem_6387.font.o
[AS ]	Fonts/build/GlyphItem/FontItem_54C6.font.o
[AS ]	Fonts/build/GlyphItem/FontItem_579B.font.o
[AS ]	Fonts/build/GlyphItem/FontItem_6735.font.o
[AS ]	Fonts/build/GlyphItem/FontItem_8DFA.font.o
[AS ]	Fonts/build/GlyphItem/FontItem_8235.font.o
[AS ]	Fonts/build/GlyphItem/FontItem_5241.font.o
[AS ]	Fonts/build/GlyphItem/FontItem_60F0.font.o
[AS ]	Fonts/build/GlyphItem/FontItem_5815.font.o
[AS ]	Fonts/build/GlyphItem/FontItem_86FE.font.o
[AS ]	Fonts/build/GlyphItem/FontItem_5CE8.font.o
[AS ]	Fonts/build/GlyphItem/FontItem_9E45.font.o
[AS ]	Fonts/build/GlyphItem/FontItem_4FC4.font.o
[AS ]	Fonts/build/GlyphItem/FontItem_8BB9.font.o
[AS ]	Fonts/build/GlyphItem/FontItem_5A25.font.o
[AS ]	Fonts/build/GlyphItem/FontItem_5384.font.o
[AS ]	Fonts/build/GlyphItem/FontItem_627C.font.o
[AS ]	Fonts/build/GlyphItem/FontItem_904F.font.o
[AS ]	Fonts/build/GlyphItem/FontItem_9102.font.o
[AS ]	Fonts/build/GlyphItem/FontItem_997F.font.o
[AS ]	Fonts/build/GlyphItem/FontItem_9975.font.o
[AS ]	Fonts/build/GlyphItem/FontItem_6D31.font.o
[AS ]	Fonts/build/GlyphItem/FontItem_8D30.font.o
[AS ]	Fonts/build/GlyphItem/FontItem_7F5A.font.o
[AS ]	Fonts/build/GlyphItem/FontItem_7B4F.font.o
[AS ]	Fonts/build/GlyphItem/FontItem_4F10.font.o
[AS ]	Fonts/build/GlyphItem/FontItem_4E4F.font.o
[AS ]	Fonts/build/GlyphItem/FontItem_9600.font.o
[AS ]	Fonts/build/GlyphItem/FontItem_85E9.font.o
[AS ]	Fonts/build/GlyphItem/FontItem_5E06.font.o
[AS ]	Fonts/build/GlyphItem/FontItem_7FFB.font.o
[AS ]	Fonts/build/GlyphItem/FontItem_6A0A.font.o
[AS ]	Fonts/build/GlyphItem/FontItem_77FE.font.o
[AS ]	Fonts/build/GlyphItem/FontItem_9492.font.o
[AS ]	Fonts/build/GlyphItem/FontItem_8D29.font.o
[AS ]	Fonts/build/GlyphItem/FontItem_996D.font.o
[AS ]	Fonts/build/GlyphItem/FontItem_6CDB.font.o
[AS ]	Fonts/build/GlyphItem/FontItem_574A.font.o
[AS ]	Fonts/build/GlyphItem/FontItem_82B3.font.o
[AS ]	Fonts/build/GlyphItem/FontItem_80AA.font.o
[AS ]	Fonts/build/GlyphItem/FontItem_59A8.font.o
[AS ]	Fonts/build/GlyphItem/FontItem_7EBA.font.o
[AS ]	Fonts/build/GlyphItem/FontItem_5561.font.o
[AS ]	Fonts/build/GlyphItem/FontItem_80A5.font.o
[AS ]	Fonts/build/GlyphItem/FontItem_532A.font.o
[AS ]	Fonts/build/GlyphItem/FontItem_8BFD.font.o
[AS ]	Fonts/build/GlyphItem/FontItem_5420.font.o
[AS ]	Fonts/build/GlyphItem/FontItem_80BA.font.o
[AS ]	Fonts/build/GlyphItem/FontItem_6CB8.font.o
[AS ]	Fonts/build/GlyphItem/FontItem_915A.font.o
[AS ]	Fonts/build/GlyphItem/FontItem_5429.font.o
[AS ]	Fonts/build/GlyphItem/FontItem_6C1B.font.o
[AS ]	Fonts/build/GlyphItem/FontItem_7EB7.font.o
[AS ]	Fonts/build/GlyphItem/FontItem_575F.font.o
[AS ]	Fonts/build/GlyphItem/FontItem_711A.font.o
[AS ]	Fonts/build/GlyphItem/FontItem_6C7E.font.o
[AS ]	Fonts/build/GlyphItem/FontItem_7C89.font.o
[AS ]	Fonts/build/GlyphItem/FontItem_5FFF.font.o
[AS ]	Fonts/build/GlyphItem/FontItem_7CAA.font.o
[AS ]	Fonts/build/GlyphItem/FontItem_67AB.font.o
[AS ]	Fonts/build/GlyphItem/FontItem_8702.font.o
[AS ]	Fonts/build/GlyphItem/FontItem_70FD.font.o
[AS ]	Fonts/build/GlyphItem/FontItem_51AF.font.o
[AS ]	Fonts/build/GlyphItem/FontItem_8BBD.font.o
[AS ]	Fonts/build/GlyphItem/FontItem_51E4.font.o
[AS ]	Fonts/build/GlyphItem/FontItem_6577.font.o
[AS ]	Fonts/build/GlyphItem/FontItem_80A4.font.o
[AS ]	Fonts/build/GlyphItem/FontItem_5B75.font.o
[AS ]	Fonts/build/GlyphItem/FontItem_6276.font.o
[AS ]	Fonts/build/GlyphItem/FontItem_62C2.font.o
[AS ]	Fonts/build/GlyphItem/FontItem_8F90.font.o
[AS ]	Fonts/build/GlyphItem/FontItem_6C1F.font.o
[AS ]	Fonts/build/GlyphItem/FontItem_4F0F.font.o
[AS ]	Fonts/build/GlyphItem/FontItem_4FD8.font.o
[AS ]	Fonts/build/GlyphItem/FontItem_6DAA.font.o
[AS ]	Fonts/build/GlyphItem/FontItem_752B.font.o
[AS ]	Fonts/build/GlyphItem/FontItem_88B1.font.o
[AS ]	Fonts/build/GlyphItem/FontItem_4FEF.font.o
[AS ]	Fonts/build/GlyphItem/FontItem_91DC.font.o
[AS ]	Fonts/build/GlyphItem/FontItem_812F.font.o
[AS ]	Fonts/build/GlyphItem/FontItem_8151.font.o
[AS ]	Fonts/build/GlyphItem/FontItem_5E9C.font.o
[AS ]	Fonts/build/GlyphItem/FontItem_961C.font.o
[AS ]	Fonts/build/GlyphItem/FontItem_8179.font.o
[AS ]	Fonts/build/GlyphItem/FontItem_8BA3.font.o
[AS ]	Fonts/build/GlyphItem/FontItem_5490.font.o
[AS ]	Fonts/build/GlyphItem/FontItem_5676.font.o
[AS ]	Fonts/build/GlyphItem/FontItem_560E.font.o
[AS ]	Fonts/build/GlyphItem/FontItem_9499.font.o
[AS ]	Fonts/build/GlyphItem/FontItem_6E89.font.o
[AS ]	Fonts/build/GlyphItem/FontItem_5E72.font.o
[AS ]	Fonts/build/GlyphItem/FontItem_67D1.font.o
[AS ]	Fonts/build/GlyphItem/FontItem_7AFF.font.o
[AS ]	Fonts/build/GlyphItem/FontItem_809D.font.o
[AS ]	Fonts/build/GlyphItem/FontItem_79C6.font.o
[AS ]	Fonts/build/GlyphItem/FontItem_6562.font.o
[AS ]	Fonts/build/GlyphItem/FontItem_8D63.font.o
[AS ]	Fonts/build/GlyphItem/FontItem_5188.font.o
[AS ]	Fonts/build/GlyphItem/FontItem_7F38.font.o
[AS ]	Fonts/build/GlyphItem/FontItem_809B.font.o
[AS ]	Fonts/build/GlyphItem/FontItem_7EB2.font.o
[AS ]	Fonts/build/GlyphItem/FontItem_5C97.font.o
[AS ]	Fonts/build/GlyphItem/FontItem_6760.font.o
[AS ]	Fonts/build/GlyphItem/FontItem_7BD9.font.o
[AS ]	Fonts/build/GlyphItem/FontItem_768B.font.o
[AS ]	Fonts/build/GlyphItem/FontItem_818F.font.o
[AS ]	Fonts/build/GlyphItem/FontItem_7F94.font.o
[AS ]	Fonts/build/GlyphItem/FontItem_641E.font.o
[AS ]	Fonts/build/GlyphItem/FontItem_9550.font.o
[AS ]	Fonts/build/GlyphItem/FontItem_7A3F.font.o
[AS ]	Fonts/build/GlyphItem/FontItem_6401.font.o
[AS ]	Fonts/build/GlyphItem/FontItem_6208.font.o
[AS ]	Fonts/build/GlyphItem/FontItem_9E3D.font.o
[AS ]	Fonts/build/GlyphItem/FontItem_80F3.font.o
[AS ]	Fonts/build/GlyphItem/FontItem_7599.font.o
[AS ]	Fonts/build/GlyphItem/FontItem_5272.font.o
[AS ]	Fonts/build/GlyphItem/FontItem_9769.font.o
[AS ]	Fonts/build/GlyphItem/FontItem_845B.font.o
[AS ]	Fonts/build/GlyphItem/FontItem_86E4.font.o
[AS ]	Fonts/build/GlyphItem/FontItem_9601.font.o
[AS ]	Fonts/build/GlyphItem/FontItem_94EC.font.o
[AS ]	Fonts/build/GlyphItem/FontItem_5E9A.font.o
[AS ]	Fonts/build/GlyphItem/FontItem_7FB9.font.o
[AS ]	Fonts/build/GlyphItem/FontItem_57C2.font.o
[AS ]	Fonts/build/GlyphItem/FontItem_6897.font.o
[AS ]	Fonts/build/GlyphItem/FontItem_606D.font.o
[AS ]	Fonts/build/GlyphItem/FontItem_9F9A.font.o
[AS ]	Fonts/build/GlyphItem/FontItem_8EAC.font.o
[AS ]	Fonts/build/GlyphItem/FontItem_5DE9.font.o
[AS ]	Fonts/build/GlyphItem/FontItem_6C5E.font.o
[AS ]	Fonts/build/GlyphItem/FontItem_62F1.font.o
[AS ]	Fonts/build/GlyphItem/FontItem_52FE.font.o
[AS ]	Fonts/build/GlyphItem/FontItem_6C9F.font.o
[AS ]	Fonts/build/GlyphItem/FontItem_82DF.font.o
[AS ]	Fonts/build/GlyphItem/FontItem_72D7.font.o
[AS ]	Fonts/build/GlyphItem/FontItem_57A2.font.o
[AS ]	Fonts/build/GlyphItem/FontItem_8F9C.font.o
[AS ]	Fonts/build/GlyphItem/FontItem_83C7.font.o
[AS ]	Fonts/build/GlyphItem/FontItem_5495.font.o
[AS ]	Fonts/build/GlyphItem/FontItem_7B8D.font.o
[AS ]	Fonts/build/GlyphItem/FontItem_6CBD.font.o
[AS ]	Fonts/build/GlyphItem/FontItem_4F30.font.o
[AS ]	Fonts/build/GlyphItem/FontItem_86CA.font.o
[AS ]	Fonts/build/GlyphItem/FontItem_80A1.font.o
[AS ]	Fonts/build/GlyphItem/FontItem_522E.font.o
[AS ]	Fonts/build/GlyphItem/FontItem_74DC.font.o
[AS ]	Fonts/build/GlyphItem/FontItem_5250.font.o
[AS ]	Fonts/build/GlyphItem/FontItem_6302.font.o
[AS ]	Fonts/build/GlyphItem/FontItem_4E56.font.o
[AS ]	Fonts/build/GlyphItem/FontItem_8902.font.o
[AS ]	Fonts/build/GlyphItem/FontItem_62D0.font.o
[AS ]	Fonts/build/GlyphItem/FontItem_68FA.font.o
[AS ]	Fonts/build/GlyphItem/FontItem_51A0.font.o
[AS ]	Fonts/build/GlyphItem/FontItem_704C.font.o
[AS ]	Fonts/build/GlyphItem/FontItem_7F50.font.o
[AS ]	Fonts/build/GlyphItem/FontItem_7470.font.o
[AS ]	Fonts/build/GlyphItem/FontItem_572D.font.o
[AS ]	Fonts/build/GlyphItem/FontItem_7845.font.o
[AS ]	Fonts/build/GlyphItem/FontItem_9F9F.font.o
[AS ]	Fonts/build/GlyphItem/FontItem_8BE1.font.o
[AS ]	Fonts/build/GlyphItem/FontItem_7678.font.o
[AS ]	Fonts/build/GlyphItem/FontItem_6842.font.o
[AS ]	Fonts/build/GlyphItem/FontItem_8DEA.font.o
[AS ]	Fonts/build/GlyphItem/FontItem_67DC.font.o
[AS ]	Fonts/build/GlyphItem/FontItem_523D.font.o
[AS ]	Fonts/build/GlyphItem/FontItem_8F8A.font.o
[AS ]	Fonts/build/GlyphItem/FontItem_68CD.font.o
[AS ]	Fonts/build/GlyphItem/FontItem_9505.font.o
[AS ]	Fonts/build/GlyphItem/FontItem_90ED.font.o
[AS ]	Fonts/build/GlyphItem/FontItem_88F9.font.o
[AS ]	Fonts/build/GlyphItem/FontItem_9AB8.font.o
[AS ]	Fonts/build/GlyphItem/FontItem_6C26.font.o
[AS ]	Fonts/build/GlyphItem/FontItem_4EA5.font.o
[AS ]	Fonts/build/GlyphItem/FontItem_9A87.font.o
[AS ]	Fonts/build/GlyphItem/FontItem_9163.font.o
[AS ]	Fonts/build/GlyphItem/FontItem_61A8.font.o
[AS ]	Fonts/build/GlyphItem/FontItem_90AF.font.o
[AS ]	Fonts/build/GlyphItem/FontItem_97E9.font.o
[AS ]	Fonts/build/GlyphItem/FontItem_542B.font.o
[AS ]	Fonts/build/GlyphItem/FontItem_6DB5.font.o
[AS ]	Fonts/build/GlyphItem/FontItem_51FD.font.o
[AS ]	Fonts/build/GlyphItem/FontItem_558A.font.o
[AS ]	Fonts/build/GlyphItem/FontItem_7F55.font.o
[AS ]	Fonts/build/GlyphItem/FontItem_634D.font.o
[AS ]	Fonts/build/GlyphItem/FontItem_65F1.font.o
[AS ]	Fonts/build/GlyphItem/FontItem_61BE.font.o
[AS ]	Fonts/build/GlyphItem/FontItem_608D.font.o
[AS ]	Fonts/build/GlyphItem/FontItem_710A.font.o
[AS ]	Fonts/build/GlyphItem/FontItem_6C57.font.o
[AS ]	Fonts/build/GlyphItem/FontItem_592F.font.o
[AS ]	Fonts/build/GlyphItem/FontItem_676D.font.o
[AS ]	Fonts/build/GlyphItem/FontItem_58D5.font.o
[AS ]	Fonts/build/GlyphItem/FontItem_90DD.font.o
[AS ]	Fonts/build/GlyphItem/FontItem_6D69.font.o
[AS ]	Fonts/build/GlyphItem/FontItem_5475.font.o
[AS ]	Fonts/build/GlyphItem/FontItem_559D.font.o
[AS ]	Fonts/build/GlyphItem/FontItem_8377.font.o
[AS ]	Fonts/build/GlyphItem/FontItem_83CF.font.o
[AS ]	Fonts/build/GlyphItem/FontItem_6838.font.o
[AS ]	Fonts/build/GlyphItem/FontItem_79BE.font.o
[AS ]	Fonts/build/GlyphItem/FontItem_76D2.font.o
[AS ]	Fonts/build/GlyphItem/FontItem_8C89.font.o
[AS ]	Fonts/build/GlyphItem/FontItem_9602.font.o
[AS ]	Fonts/build/GlyphItem/FontItem_6DB8.font.o
[AS ]	Fonts/build/GlyphItem/FontItem_8910.font.o
[AS ]	Fonts/build/GlyphItem/FontItem_9E64.font.o
[AS ]	Fonts/build/GlyphItem/FontItem_8D3A.font.o
[AS ]	Fonts/build/GlyphItem/FontItem_563F.font.o
[AS ]	Fonts/build/GlyphItem/FontItem_72E0.font.o
[AS ]	Fonts/build/GlyphItem/FontItem_54FC.font.o
[AS ]	Fonts/build/GlyphItem/FontItem_4EA8.font.o
[AS ]	Fonts/build/GlyphItem/FontItem_6A2A.font.o
[AS ]	Fonts/build/GlyphItem/FontItem_6052.font.o
[AS ]	Fonts/build/GlyphItem/FontItem_70D8.font.o
[AS ]	Fonts/build/GlyphItem/FontItem_8679.font.o
[AS ]	Fonts/build/GlyphItem/FontItem_9E3F.font.o
[AS ]	Fonts/build/GlyphItem/FontItem_6D2A.font.o
[AS ]	Fonts/build/GlyphItem/FontItem_5B8F.font.o
[AS ]	Fonts/build/GlyphItem/FontItem_5F18.font.o
[AS ]	Fonts/build/GlyphItem/FontItem_7334.font.o
[AS ]	Fonts/build/GlyphItem/FontItem_5589.font.o
[AS ]	Fonts/build/GlyphItem/FontItem_543C.font.o
[AS ]	Fonts/build/GlyphItem/FontItem_5FFD.font.o
[AS ]	Fonts/build/GlyphItem/FontItem_745A.font.o
[AS ]	Fonts/build/GlyphItem/FontItem_58F6.font.o
[AS ]	Fonts/build/GlyphItem/FontItem_846B.font.o
[AS ]	Fonts/build/GlyphItem/FontItem_80E1.font.o
[AS ]	Fonts/build/GlyphItem/FontItem_8774.font.o
[AS ]	Fonts/build/GlyphItem/FontItem_72D0.font.o
[AS ]	Fonts/build/GlyphItem/FontItem_5F27.font.o
[AS ]	Fonts/build/GlyphItem/FontItem_552C.font.o
[AS ]	Fonts/build/GlyphItem/FontItem_6CAA.font.o
[AS ]	Fonts/build/GlyphItem/FontItem_733E.font.o
[AS ]	Fonts/build/GlyphItem/FontItem_69D0.font.o
[AS ]	Fonts/build/GlyphItem/FontItem_5F8A.font.o
[AS ]	Fonts/build/GlyphItem/FontItem_6DEE.font.o
[AS ]	Fonts/build/GlyphItem/FontItem_6853.font.o
[AS ]	Fonts/build/GlyphItem/FontItem_7F13.font.o
[AS ]	Fonts/build/GlyphItem/FontItem_75EA.font.o
[AS ]	Fonts/build/GlyphItem/FontItem_8C62.font.o
[AS ]	Fonts/build/GlyphItem/FontItem_7115.font.o
[AS ]	Fonts/build/GlyphItem/FontItem_5BA6.font.o
[AS ]	Fonts/build/GlyphItem/FontItem_614C.font.o
[AS ]	Fonts/build/GlyphItem/FontItem_78FA.font.o
[AS ]	Fonts/build/GlyphItem/FontItem_8757.font.o
[AS ]	Fonts/build/GlyphItem/FontItem_7C27.font.o
[AS ]	Fonts/build/GlyphItem/FontItem_51F0.font.o
[AS ]	Fonts/build/GlyphItem/FontItem_60F6.font.o
[AS ]	Fonts/build/GlyphItem/FontItem_714C.font.o
[AS ]	Fonts/build/GlyphItem/FontItem_6643.font.o
[AS ]	Fonts/build/GlyphItem/FontItem_5E4C.font.o
[AS ]	Fonts/build/GlyphItem/FontItem_604D.font.o
[AS ]	Fonts/build/GlyphItem/FontItem_8C0E.font.o
[AS ]	Fonts/build/GlyphItem/FontItem_5FBD.font.o
[AS ]	Fonts/build/GlyphItem/FontItem_86D4.font.o
[AS ]	Fonts/build/GlyphItem/FontItem_6BC1.font.o
[AS ]	Fonts/build/GlyphItem/FontItem_6094.font.o
[AS ]	Fonts/build/GlyphItem/FontItem_5349.font.o
[AS ]	Fonts/build/GlyphItem/FontItem_6666.font.o
[AS ]	Fonts/build/GlyphItem/FontItem_8D3F.font.o
[AS ]	Fonts/build/GlyphItem/FontItem_79FD.font.o
[AS ]	Fonts/build/GlyphItem/FontItem_70E9.font.o
[AS ]	Fonts/build/GlyphItem/FontItem_6C47.font.o
[AS ]	Fonts/build/GlyphItem/FontItem_8BB3.font.o
[AS ]	Fonts/build/GlyphItem/FontItem_8BF2.font.o
[AS ]	Fonts/build/GlyphItem/FontItem_8364.font.o
[AS ]	Fonts/build/GlyphItem/FontItem_6D51.font.o
[AS ]	Fonts/build/GlyphItem/FontItem_8C41.font.o
[AS ]	Fonts/build/GlyphItem/FontItem_8D27.font.o
[AS ]	Fonts/build/GlyphItem/FontItem_573E.font.o
[AS ]	Fonts/build/GlyphItem/FontItem_7578.font.o
[AS ]	Fonts/build/GlyphItem/FontItem_79EF.font.o
[AS ]	Fonts/build/GlyphItem/FontItem_7B95.font.o
[AS ]	Fonts/build/GlyphItem/FontItem_808C.font.o
[AS ]	Fonts/build/GlyphItem/FontItem_9965.font.o
[AS ]	Fonts/build/GlyphItem/FontItem_8BA5.font.o
[AS ]	Fonts/build/GlyphItem/FontItem_9E21.font.o
[AS ]	Fonts/build/GlyphItem/FontItem_7F09.font.o
[AS ]	Fonts/build/GlyphItem/FontItem_68D8.font.o
[AS ]	Fonts/build/GlyphItem/FontItem_8F91.font.o
[AS ]	Fonts/build/GlyphItem/FontItem_7C4D.font.o
[AS ]	Fonts/build/GlyphItem/FontItem_6C72.font.o
[AS ]	Fonts/build/GlyphItem/FontItem_5AC9.font.o
[AS ]	Fonts/build/GlyphItem/FontItem_6324.font.o
[AS ]	Fonts/build/GlyphItem/FontItem_810A.font.o
[AS ]	Fonts/build/GlyphItem/FontItem_84DF.font.o
[AS ]	Fonts/build/GlyphItem/FontItem_5180.font.o
[AS ]	Fonts/build/GlyphItem/FontItem_5B63.font.o
[AS ]	Fonts/build/GlyphItem/FontItem_4F0E.font.o
[AS ]	Fonts/build/GlyphItem/FontItem_5242.font.o
[AS ]	Fonts/build/GlyphItem/FontItem_60B8.font.o
[AS ]	Fonts/build/GlyphItem/FontItem_5FCC.font.o
[AS ]	Fonts/build/GlyphItem/FontItem_9645.font.o
[AS ]	Fonts/build/GlyphItem/FontItem_5993.font.o
[AS ]	Fonts/build/GlyphItem/FontItem_67B7.font.o
[AS ]	Fonts/build/GlyphItem/FontItem_835A.font.o
[AS ]	Fonts/build/GlyphItem/FontItem_988A.font.o
[AS ]	Fonts/build/GlyphItem/FontItem_94BE.font.o
[AS ]	Fonts/build/GlyphItem/FontItem_7A3C.font.o
[AS ]	Fonts/build/GlyphItem/FontItem_6B7C.font.o
[AS ]	Fonts/build/GlyphItem/FontItem_76D1.font.o
[AS ]	Fonts/build/GlyphItem/FontItem_5C16.font.o
[AS ]	Fonts/build/GlyphItem/FontItem_7B3A.font.o
[AS ]	Fonts/build/GlyphItem/FontItem_714E.font.o
[AS ]	Fonts/build/GlyphItem/FontItem_5978.font.o
[AS ]	Fonts/build/GlyphItem/FontItem_7F04.font.o
[AS ]	Fonts/build/GlyphItem/FontItem_8327.font.o
[AS ]	Fonts/build/GlyphItem/FontItem_68C0.font.o
[AS ]	Fonts/build/GlyphItem/FontItem_67EC.font.o
[AS ]	Fonts/build/GlyphItem/FontItem_78B1.font.o
[AS ]	Fonts/build/GlyphItem/FontItem_7877.font.o
[AS ]	Fonts/build/GlyphItem/FontItem_62E3.font.o
[AS ]	Fonts/build/GlyphItem/FontItem_6361.font.o
[AS ]	Fonts/build/GlyphItem/FontItem_526A.font.o
[AS ]	Fonts/build/GlyphItem/FontItem_8350.font.o
[AS ]	Fonts/build/GlyphItem/FontItem_69DB.font.o
[AS ]	Fonts/build/GlyphItem/FontItem_9274.font.o
[AS ]	Fonts/build/GlyphItem/FontItem_8DF5.font.o
[AS ]	Fonts/build/GlyphItem/FontItem_8D31.font.o
[AS ]	Fonts/build/GlyphItem/FontItem_996F.font.o
[AS ]	Fonts/build/GlyphItem/FontItem_6E85.font.o
[AS ]	Fonts/build/GlyphItem/FontItem_6DA7.font.o
[AS ]	Fonts/build/GlyphItem/FontItem_59DC.font.o
[AS ]	Fonts/build/GlyphItem/FontItem_6D46.font.o
[AS ]	Fonts/build/GlyphItem/FontItem_6C5F.font.o
[AS ]	Fonts/build/GlyphItem/FontItem_7586.font.o
[AS ]	Fonts/build/GlyphItem/FontItem_848B.font.o
[AS ]	Fonts/build/GlyphItem/FontItem_6868.font.o
[AS ]	Fonts/build/GlyphItem/FontItem_5320.font.o
[AS ]	Fonts/build/GlyphItem/FontItem_9171.font.o
[AS ]	Fonts/build/GlyphItem/FontItem_8549.font.o
[AS ]	Fonts/build/GlyphItem/FontItem_6912.font.o
[AS ]	Fonts/build/GlyphItem/FontItem_7901.font.o
[AS ]	Fonts/build/GlyphItem/FontItem_80F6.font.o
[AS ]	Fonts/build/GlyphItem/FontItem_6D47.font.o
[AS ]	Fonts/build/GlyphItem/FontItem_5A07.font.o
[AS ]	Fonts/build/GlyphItem/FontItem_56BC.font.o
[AS ]	Fonts/build/GlyphItem/FontItem_6405.font.o
[AS ]	Fonts/build/GlyphItem/FontItem_94F0.font.o
[AS ]	Fonts/build/GlyphItem/FontItem_77EB.font.o
[AS ]	Fonts/build/GlyphItem/FontItem_4FA5.font.o
[AS ]	Fonts/build/GlyphItem/FontItem_72E1.font.o
[AS ]	Fonts/build/GlyphItem/FontItem_997A.font.o
[AS ]	Fonts/build/GlyphItem/FontItem_7F34.font.o
[AS ]	Fonts/build/GlyphItem/FontItem_527F.font.o
[AS ]	Fonts/build/GlyphItem/FontItem_7EDE.font.o
[AS ]	Fonts/build/GlyphItem/FontItem_9175.font.o
[AS ]	Fonts/build/GlyphItem/FontItem_8F7F.font.o
[AS ]	Fonts/build/GlyphItem/FontItem_7A96.font.o
[AS ]	Fonts/build/GlyphItem/FontItem_63ED.font.o
[AS ]	Fonts/build/GlyphItem/FontItem_7686.font.o
[AS ]	Fonts/build/GlyphItem/FontItem_79F8.font.o
[AS ]	Fonts/build/GlyphItem/FontItem_9636.font.o
[AS ]	Fonts/build/GlyphItem/FontItem_622A.font.o
[AS ]	Fonts/build/GlyphItem/FontItem_6854.font.o
[AS ]	Fonts/build/GlyphItem/FontItem_776B.font.o
[AS ]	Fonts/build/GlyphItem/FontItem_85C9.font.o
[AS ]	Fonts/build/GlyphItem/FontItem_82A5.font.o
[AS ]	Fonts/build/GlyphItem/FontItem_4ECB.font.o
[AS ]	Fonts/build/GlyphItem/FontItem_75A5.font.o
[AS ]	Fonts/build/GlyphItem/FontItem_8BEB.font.o
[AS ]	Fonts/build/GlyphItem/FontItem_5DFE.font.o
[AS ]	Fonts/build/GlyphItem/FontItem_5C4A.font.o
[AS ]	Fonts/build/GlyphItem/FontItem_7B4B.font.o
[AS ]	Fonts/build/GlyphItem/FontItem_895F.font.o
[AS ]	Fonts/build/GlyphItem/FontItem_65A4.font.o
[AS ]	Fonts/build/GlyphItem/FontItem_9526.font.o
[AS ]	Fonts/build/GlyphItem/FontItem_9773.font.o
[AS ]	Fonts/build/GlyphItem/FontItem_70EC.font.o
[AS ]	Fonts/build/GlyphItem/FontItem_6D78.font.o
[AS ]	Fonts/build/GlyphItem/FontItem_8346.font.o
[AS ]	Fonts/build/GlyphItem/FontItem_5162.font.o
[AS ]	Fonts/build/GlyphItem/FontItem_830E.font.o
[AS ]	Fonts/build/GlyphItem/FontItem_775B.font.o
[AS ]	Fonts/build/GlyphItem/FontItem_9CB8.font.o
[AS ]	Fonts/build/GlyphItem/FontItem_4EAC.font.o
[AS ]	Fonts/build/GlyphItem/FontItem_7CB3.font.o
[AS ]	Fonts/build/GlyphItem/FontItem_4E95.font.o
[AS ]	Fonts/build/GlyphItem/FontItem_8B66.font.o
[AS ]	Fonts/build/GlyphItem/FontItem_955C.font.o
[AS ]	Fonts/build/GlyphItem/FontItem_9888.font.o
[AS ]	Fonts/build/GlyphItem/FontItem_9756.font.o
[AS ]	Fonts/build/GlyphItem/FontItem_75C9.font.o
[AS ]	Fonts/build/GlyphItem/FontItem_70AF.font.o
[AS ]	Fonts/build/GlyphItem/FontItem_7A98.font.o
[AS ]	Fonts/build/GlyphItem/FontItem_63EA.font.o
[AS ]	Fonts/build/GlyphItem/FontItem_7EA0.font.o
[AS ]	Fonts/build/GlyphItem/FontItem_7396.font.o
[AS ]	Fonts/build/GlyphItem/FontItem_97ED.font.o
[AS ]	Fonts/build/GlyphItem/FontItem_7078.font.o
[AS ]	Fonts/build/GlyphItem/FontItem_4E5D.font.o
[AS ]	Fonts/build/GlyphItem/FontItem_53A9.font.o
[AS ]	Fonts/build/GlyphItem/FontItem_81FC.font.o
[AS ]	Fonts/build/GlyphItem/FontItem_8205.font.o
[AS ]	Fonts/build/GlyphItem/FontItem_548E.font.o
[AS ]	Fonts/build/GlyphItem/FontItem_759A.font.o
[AS ]	Fonts/build/GlyphItem/FontItem_97A0.font.o
[AS ]	Fonts/build/GlyphItem/FontItem_62D8.font.o
[AS ]	Fonts/build/GlyphItem/FontItem_75BD.font.o
[AS ]	Fonts/build/GlyphItem/FontItem_9A79.font.o
[AS ]	Fonts/build/GlyphItem/FontItem_83CA.font.o
[AS ]	Fonts/build/GlyphItem/FontItem_5480.font.o
[AS ]	Fonts/build/GlyphItem/FontItem_77E9.font.o
[AS ]	Fonts/build/GlyphItem/FontItem_6CAE.font.o
[AS ]	Fonts/build/GlyphItem/FontItem_952F.font.o
[AS ]	Fonts/build/GlyphItem/FontItem_8E1E.font.o
[AS ]	Fonts/build/GlyphItem/FontItem_4FF1.font.o
[AS ]	Fonts/build/GlyphItem/FontItem_70AC.font.o
[AS ]	Fonts/build/GlyphItem/FontItem_6350.font.o
[AS ]	Fonts/build/GlyphItem/FontItem_9E43.font.o
[AS ]	Fonts/build/GlyphItem/FontItem_5A1F.font.o
[AS ]	Fonts/build/GlyphItem/FontItem_5026.font.o
[AS ]	Fonts/build/GlyphItem/FontItem_7EE2.font.o
[AS ]	Fonts/build/GlyphItem/FontItem_6485.font.o
[AS ]	Fonts/build/GlyphItem/FontItem_652B.font.o
[AS ]	Fonts/build/GlyphItem/FontItem_6289.font.o
[AS ]	Fonts/build/GlyphItem/FontItem_6398.font.o
[AS ]	Fonts/build/GlyphItem/FontItem_5014.font.o
[AS ]	Fonts/build/GlyphItem/FontItem_8BC0.font.o
[AS ]	Fonts/build/GlyphItem/FontItem_83CC.font.o
[AS ]	Fonts/build/GlyphItem/FontItem_94A7.font.o
[AS ]	Fonts/build/GlyphItem/FontItem_5CFB.font.o
[AS ]	Fonts/build/GlyphItem/FontItem_4FCA.font.o
[AS ]	Fonts/build/GlyphItem/FontItem_7AE3.font.o
[AS ]	Fonts/build/GlyphItem/FontItem_6D5A.font.o
[AS ]	Fonts/build/GlyphItem/FontItem_90E1.font.o
[AS ]	Fonts/build/GlyphItem/FontItem_9A8F.font.o
[AS ]	Fonts/build/GlyphItem/FontItem_5580.font.o
[AS ]	Fonts/build/GlyphItem/FontItem_5496.font.o
[AS ]	Fonts/build/GlyphItem/FontItem_54AF.font.o
[AS ]	Fonts/build/GlyphItem/FontItem_63E9.font.o
[AS ]	Fonts/build/GlyphItem/FontItem_6977.font.o
[AS ]	Fonts/build/GlyphItem/FontItem_520A.font.o
[AS ]	Fonts/build/GlyphItem/FontItem_52D8.font.o
[AS ]	Fonts/build/GlyphItem/FontItem_7CE0.font.o
[AS ]	Fonts/build/GlyphItem/FontItem_6177.font.o
[AS ]	Fonts/build/GlyphItem/FontItem_625B.font.o
[AS ]	Fonts/build/GlyphItem/FontItem_4EA2.font.o
[AS ]	Fonts/build/GlyphItem/FontItem_7095.font.o
[AS ]	Fonts/build/GlyphItem/FontItem_62F7.font.o
[AS ]	Fonts/build/GlyphItem/FontItem_70E4.font.o
[AS ]	Fonts/build/GlyphItem/FontItem_5777.font.o
[AS ]	Fonts/build/GlyphItem/FontItem_82DB.font.o
[AS ]	Fonts/build/GlyphItem/FontItem_68F5.font.o
[AS ]	Fonts/build/GlyphItem/FontItem_78D5.font.o
[AS ]	Fonts/build/GlyphItem/FontItem_54B3.font.o
[AS ]	Fonts/build/GlyphItem/FontItem_58F3.font.o
[AS ]	Fonts/build/GlyphItem/FontItem_6E34.font.o
[AS ]	Fonts/build/GlyphItem/FontItem_5543.font.o
[AS ]	Fonts/build/GlyphItem/FontItem_6073.font.o
[AS ]	Fonts/build/GlyphItem/FontItem_5751.font.o
[AS ]	Fonts/build/GlyphItem/FontItem_542D.font.o
[AS ]	Fonts/build/GlyphItem/FontItem_63A7.font.o
[AS ]	Fonts/build/GlyphItem/FontItem_62A0.font.o
[AS ]	Fonts/build/GlyphItem/FontItem_6263.font.o
[AS ]	Fonts/build/GlyphItem/FontItem_5BC7.font.o
[AS ]	Fonts/build/GlyphItem/FontItem_67AF.font.o
[AS ]	Fonts/build/GlyphItem/FontItem_9177.font.o
[AS ]	Fonts/build/GlyphItem/FontItem_88E4.font.o
[AS ]	Fonts/build/GlyphItem/FontItem_5938.font.o
[AS ]	Fonts/build/GlyphItem/FontItem_57AE.font.o
[AS ]	Fonts/build/GlyphItem/FontItem_630E.font.o
[AS ]	Fonts/build/GlyphItem/FontItem_8DE8.font.o
[AS ]	Fonts/build/GlyphItem/FontItem_80EF.font.o
[AS ]	Fonts/build/GlyphItem/FontItem_5757.font.o
[AS ]	Fonts/build/GlyphItem/FontItem_7B77.font.o
[AS ]	Fonts/build/GlyphItem/FontItem_4FA9.font.o
[AS ]	Fonts/build/GlyphItem/FontItem_5BBD.font.o
[AS ]	Fonts/build/GlyphItem/FontItem_6B3E.font.o
[AS ]	Fonts/build/GlyphItem/FontItem_5321.font.o
[AS ]	Fonts/build/GlyphItem/FontItem_7B50.font.o
[AS ]	Fonts/build/GlyphItem/FontItem_6846.font.o
[AS ]	Fonts/build/GlyphItem/FontItem_7736.font.o
[AS ]	Fonts/build/GlyphItem/FontItem_4E8F.font.o
[AS ]	Fonts/build/GlyphItem/FontItem_76D4.font.o
[AS ]	Fonts/build/GlyphItem/FontItem_5CBF.font.o
[AS ]	Fonts/build/GlyphItem/FontItem_8475.font.o
[AS ]	Fonts/build/GlyphItem/FontItem_594E.font.o
[AS ]	Fonts/build/GlyphItem/FontItem_9B41.font.o
[AS ]	Fonts/build/GlyphItem/FontItem_5080.font.o
[AS ]	Fonts/build/GlyphItem/FontItem_9988.font.o
[AS ]	Fonts/build/GlyphItem/FontItem_6127.font.o
[AS ]	Fonts/build/GlyphItem/FontItem_5764.font.o
[AS ]	Fonts/build/GlyphItem/FontItem_6606.font.o
[AS ]	Fonts/build/GlyphItem/FontItem_6346.font.o
[AS ]	Fonts/build/GlyphItem/FontItem_6269.font.o
[AS ]	Fonts/build/GlyphItem/FontItem_5ED3.font.o
[AS ]	Fonts/build/GlyphItem/FontItem_5783.font.o
[AS ]	Fonts/build/GlyphItem/FontItem_5587.font.o
[AS ]	Fonts/build/GlyphItem/FontItem_8721.font.o
[AS ]	Fonts/build/GlyphItem/FontItem_814A.font.o
[AS ]	Fonts/build/GlyphItem/FontItem_8FA3.font.o
[AS ]	Fonts/build/GlyphItem/FontItem_5566.font.o
[AS ]	Fonts/build/GlyphItem/FontItem_5A6A.font.o
[AS ]	Fonts/build/GlyphItem/FontItem_680F.font.o
[AS ]	Fonts/build/GlyphItem/FontItem_62E6.font.o
[AS ]	Fonts/build/GlyphItem/FontItem_7BEE.font.o
[AS ]	Fonts/build/GlyphItem/FontItem_9611.font.o
[AS ]	Fonts/build/GlyphItem/FontItem_6F9C.font.o
[AS ]	Fonts/build/GlyphItem/FontItem_8C30.font.o
[AS ]	Fonts/build/GlyphItem/FontItem_63FD.font.o
[AS ]	Fonts/build/GlyphItem/FontItem_6EE5.font.o
[AS ]	Fonts/build/GlyphItem/FontItem_7405.font.o
[AS ]	Fonts/build/GlyphItem/FontItem_6994.font.o
[AS ]	Fonts/build/GlyphItem/FontItem_5ECA.font.o
[AS ]	Fonts/build/GlyphItem/FontItem_635E.font.o
[AS ]	Fonts/build/GlyphItem/FontItem_4F6C.font.o
[AS ]	Fonts/build/GlyphItem/FontItem_59E5.font.o
[AS ]	Fonts/build/GlyphItem/FontItem_916A.font.o
[AS ]	Fonts/build/GlyphItem/FontItem_70D9.font.o
[AS ]	Fonts/build/GlyphItem/FontItem_6D9D.font.o
[AS ]	Fonts/build/GlyphItem/FontItem_956D.font.o
[AS ]	Fonts/build/GlyphItem/FontItem_78CA.font.o
[AS ]	Fonts/build/GlyphItem/FontItem_7D2F.font.o
[AS ]	Fonts/build/GlyphItem/FontItem_5121.font.o
[AS ]	Fonts/build/GlyphItem/FontItem_5792.font.o
[AS ]	Fonts/build/GlyphItem/FontItem_64C2.font.o
[AS ]	Fonts/build/GlyphItem/FontItem_808B.font.o
[AS ]	Fonts/build/GlyphItem/FontItem_68F1.font.o
[AS ]	Fonts/build/GlyphItem/FontItem_695E.font.o
[AS ]	Fonts/build/GlyphItem/FontItem_5398.font.o
[AS ]	Fonts/build/GlyphItem/FontItem_68A8.font.o
[AS ]	Fonts/build/GlyphItem/FontItem_7281.font.o
[AS ]	Fonts/build/GlyphItem/FontItem_7BF1.font.o
[AS ]	Fonts/build/GlyphItem/FontItem_72F8.font.o
[AS ]	Fonts/build/GlyphItem/FontItem_6F13.font.o
[AS ]	Fonts/build/GlyphItem/FontItem_674E.font.o
[AS ]	Fonts/build/GlyphItem/FontItem_9CA4.font.o
[AS ]	Fonts/build/GlyphItem/FontItem_8354.font.o
[AS ]	Fonts/build/GlyphItem/FontItem_6817.font.o
[AS ]	Fonts/build/GlyphItem/FontItem_783E.font.o
[AS ]	Fonts/build/GlyphItem/FontItem_5088.font.o
[AS ]	Fonts/build/GlyphItem/FontItem_4F8B.font.o
[AS ]	Fonts/build/GlyphItem/FontItem_4FD0.font.o
[AS ]	Fonts/build/GlyphItem/FontItem_75E2.font.o
[AS ]	Fonts/build/GlyphItem/FontItem_7C92.font.o
[AS ]	Fonts/build/GlyphItem/FontItem_6CA5.font.o
[AS ]	Fonts/build/GlyphItem/FontItem_96B6.font.o
[AS ]	Fonts/build/GlyphItem/FontItem_7483.font.o
[AS ]	Fonts/build/GlyphItem/FontItem_54E9.font.o
[AS ]	Fonts/build/GlyphItem/FontItem_4FE9.font.o
[AS ]	Fonts/build/GlyphItem/FontItem_9570.font.o
[AS ]	Fonts/build/GlyphItem/FontItem_5EC9.font.o
[AS ]	Fonts/build/GlyphItem/FontItem_6D9F.font.o
[AS ]	Fonts/build/GlyphItem/FontItem_5E18.font.o
[AS ]	Fonts/build/GlyphItem/FontItem_655B.font.o
[AS ]	Fonts/build/GlyphItem/FontItem_7CAE.font.o
[AS ]	Fonts/build/GlyphItem/FontItem_51C9.font.o
[AS ]	Fonts/build/GlyphItem/FontItem_7CB1.font.o
[AS ]	Fonts/build/GlyphItem/FontItem_6881.font.o
[AS ]	Fonts/build/GlyphItem/FontItem_8F86.font.o
[AS ]	Fonts/build/GlyphItem/FontItem_667E.font.o
[AS ]	Fonts/build/GlyphItem/FontItem_8C05.font.o
[AS ]	Fonts/build/GlyphItem/FontItem_50DA.font.o
[AS ]	Fonts/build/GlyphItem/FontItem_64A9.font.o
[AS ]	Fonts/build/GlyphItem/FontItem_71CE.font.o
[AS ]	Fonts/build/GlyphItem/FontItem_5BE5.font.o
[AS ]	Fonts/build/GlyphItem/FontItem_8FBD.font.o
[AS ]	Fonts/build/GlyphItem/FontItem_6F66.font.o
[AS ]	Fonts/build/GlyphItem/FontItem_6482.font.o
[AS ]	Fonts/build/GlyphItem/FontItem_9563.font.o
[AS ]	Fonts/build/GlyphItem/FontItem_5ED6.font.o
[AS ]	Fonts/build/GlyphItem/FontItem_78F7.font.o
[AS ]	Fonts/build/GlyphItem/FontItem_9716.font.o
[AS ]	Fonts/build/GlyphItem/FontItem_9CDE.font.o
[AS ]	Fonts/build/GlyphItem/FontItem_6DCB.font.o
[AS ]	Fonts/build/GlyphItem/FontItem_8D41.font.o
[AS ]	Fonts/build/GlyphItem/FontItem_541D.font.o
[AS ]	Fonts/build/GlyphItem/FontItem_62CE.font.o
[AS ]	Fonts/build/GlyphItem/FontItem_73B2.font.o
[AS ]	Fonts/build/GlyphItem/FontItem_83F1.font.o
[AS ]	Fonts/build/GlyphItem/FontItem_96F6.font.o
[AS ]	Fonts/build/GlyphItem/FontItem_94C3.font.o
[AS ]	Fonts/build/GlyphItem/FontItem_4F36.font.o
[AS ]	Fonts/build/GlyphItem/FontItem_7F9A.font.o
[AS ]	Fonts/build/GlyphItem/FontItem_51CC.font.o
[AS ]	Fonts/build/GlyphItem/FontItem_6E9C.font.o
[AS ]	Fonts/build/GlyphItem/FontItem_9675.font.o
[AS ]	Fonts/build/GlyphItem/FontItem_7409.font.o
[AS ]	Fonts/build/GlyphItem/FontItem_69B4.font.o
[AS ]	Fonts/build/GlyphItem/FontItem_786B.font.o
[AS ]	Fonts/build/GlyphItem/FontItem_998F.font.o
[AS ]	Fonts/build/GlyphItem/FontItem_5218.font.o
[AS ]	Fonts/build/GlyphItem/FontItem_7624.font.o
[AS ]	Fonts/build/GlyphItem/FontItem_67F3.font.o
[AS ]	Fonts/build/GlyphItem/FontItem_516D.font.o
[AS ]	Fonts/build/GlyphItem/FontItem_804B.font.o
[AS ]	Fonts/build/GlyphItem/FontItem_5499.font.o
[AS ]	Fonts/build/GlyphItem/FontItem_7ABF.font.o
[AS ]	Fonts/build/GlyphItem/FontItem_5784.font.o
[AS ]	Fonts/build/GlyphItem/FontItem_62E2.font.o
[AS ]	Fonts/build/GlyphItem/FontItem_9647.font.o
[AS ]	Fonts/build/GlyphItem/FontItem_5A04.font.o
[AS ]	Fonts/build/GlyphItem/FontItem_7BD3.font.o
[AS ]	Fonts/build/GlyphItem/FontItem_6402.font.o
[AS ]	Fonts/build/GlyphItem/FontItem_6F0F.font.o
[AS ]	Fonts/build/GlyphItem/FontItem_964B.font.o
[AS ]	Fonts/build/GlyphItem/FontItem_82A6.font.o
[AS ]	Fonts/build/GlyphItem/FontItem_9885.font.o
[AS ]	Fonts/build/GlyphItem/FontItem_5E90.font.o
[AS ]	Fonts/build/GlyphItem/FontItem_7089.font.o
[AS ]	Fonts/build/GlyphItem/FontItem_63B3.font.o
[AS ]	Fonts/build/GlyphItem/FontItem_5364.font.o
[AS ]	Fonts/build/GlyphItem/FontItem_864F.font.o
[AS ]	Fonts/build/GlyphItem/FontItem_9E93.font.o
[AS ]	Fonts/build/GlyphItem/FontItem_8D42.font.o
[AS ]	Fonts/build/GlyphItem/FontItem_6F5E.font.o
[AS ]	Fonts/build/GlyphItem/FontItem_7984.font.o
[AS ]	Fonts/build/GlyphItem/FontItem_622E.font.o
[AS ]	Fonts/build/GlyphItem/FontItem_9A74.font.o
[AS ]	Fonts/build/GlyphItem/FontItem_5415.font.o
[AS ]	Fonts/build/GlyphItem/FontItem_94DD.font.o
[AS ]	Fonts/build/GlyphItem/FontItem_5C65.font.o
[AS ]	Fonts/build/GlyphItem/FontItem_5C61.font.o
[AS ]	Fonts/build/GlyphItem/FontItem_7F15.font.o
[AS ]	Fonts/build/GlyphItem/FontItem_6C2F.font.o
[AS ]	Fonts/build/GlyphItem/FontItem_6EE4.font.o
[AS ]	Fonts/build/GlyphItem/FontItem_5CE6.font.o
[AS ]	Fonts/build/GlyphItem/FontItem_631B.font.o
[AS ]	Fonts/build/GlyphItem/FontItem_6EE6.font.o
[AS ]	Fonts/build/GlyphItem/FontItem_5B6A.font.o
[AS ]	Fonts/build/GlyphItem/FontItem_63A0.font.o
[AS ]	Fonts/build/GlyphItem/FontItem_62A1.font.o
[AS ]	Fonts/build/GlyphItem/FontItem_4ED1.font.o
[AS ]	Fonts/build/GlyphItem/FontItem_6CA6.font.o
[AS ]	Fonts/build/GlyphItem/FontItem_7EB6.font.o
[AS ]	Fonts/build/GlyphItem/FontItem_841D.font.o
[AS ]	Fonts/build/GlyphItem/FontItem_87BA.font.o
[AS ]	Fonts/build/GlyphItem/FontItem_9523.font.o
[AS ]	Fonts/build/GlyphItem/FontItem_903B.font.o
[AS ]	Fonts/build/GlyphItem/FontItem_7BA9.font.o
[AS ]	Fonts/build/GlyphItem/FontItem_9AA1.font.o
[AS ]	Fonts/build/GlyphItem/FontItem_9A86.font.o
[AS ]	Fonts/build/GlyphItem/FontItem_88F8.font.o
[AS ]	Fonts/build/GlyphItem/FontItem_5988.font.o
[AS ]	Fonts/build/GlyphItem/FontItem_7801.font.o
[AS ]	Fonts/build/GlyphItem/FontItem_8682.font.o
[AS ]	Fonts/build/GlyphItem/FontItem_561B.font.o
[AS ]	Fonts/build/GlyphItem/FontItem_9EA6.font.o
[AS ]	Fonts/build/GlyphItem/FontItem_8109.font.o
[AS ]	Fonts/build/GlyphItem/FontItem_7792.font.o
[AS ]	Fonts/build/GlyphItem/FontItem_9992.font.o
[AS ]	Fonts/build/GlyphItem/FontItem_8C29.font.o
[AS ]	Fonts/build/GlyphItem/FontItem_8292.font.o
[AS ]	Fonts/build/GlyphItem/FontItem_76F2.font.o
[AS ]	Fonts/build/GlyphItem/FontItem_83BD.font.o
[AS ]	Fonts/build/GlyphItem/FontItem_8305.font.o
[AS ]	Fonts/build/GlyphItem/FontItem_951A.font.o
[AS ]	Fonts/build/GlyphItem/FontItem_77DB.font.o
[AS ]	Fonts/build/GlyphItem/FontItem_94C6.font.o
[AS ]	Fonts/build/GlyphItem/FontItem_536F.font.o
[AS ]	Fonts/build/GlyphItem/FontItem_5192.font.o
[AS ]	Fonts/build/GlyphItem/FontItem_8C8C.font.o
[AS ]	Fonts/build/GlyphItem/FontItem_73AB.font.o
[AS ]	Fonts/build/GlyphItem/FontItem_679A.font.o
[AS ]	Fonts/build/GlyphItem/FontItem_9176.font.o
[AS ]	Fonts/build/GlyphItem/FontItem_9709.font.o
[AS ]	Fonts/build/GlyphItem/FontItem_7164.font.o
[AS ]	Fonts/build/GlyphItem/FontItem_7709.font.o
[AS ]	Fonts/build/GlyphItem/FontItem_5A92.font.o
[AS ]	Fonts/build/GlyphItem/FontItem_9541.font.o
[AS ]	Fonts/build/GlyphItem/FontItem_6627.font.o
[AS ]	Fonts/build/GlyphItem/FontItem_5BD0.font.o
[AS ]	Fonts/build/GlyphItem/FontItem_5A9A.font.o
[AS ]	Fonts/build/GlyphItem/FontItem_6AAC.font.o
[AS ]	Fonts/build/GlyphItem/FontItem_9530.font.o
[AS ]	Fonts/build/GlyphItem/FontItem_5B5F.font.o
[AS ]	Fonts/build/GlyphItem/FontItem_919A.font.o
[AS ]	Fonts/build/GlyphItem/FontItem_772F.font.o
[AS ]	Fonts/build/GlyphItem/FontItem_9761.font.o
[AS ]	Fonts/build/GlyphItem/FontItem_7CDC.font.o
[AS ]	Fonts/build/GlyphItem/FontItem_5F25.font.o
[AS ]	Fonts/build/GlyphItem/FontItem_89C5.font.o
[AS ]	Fonts/build/GlyphItem/FontItem_6CCC.font.o
[AS ]	Fonts/build/GlyphItem/FontItem_871C.font.o
[AS ]	Fonts/build/GlyphItem/FontItem_5E42.font.o
[AS ]	Fonts/build/GlyphItem/FontItem_68C9.font.o
[AS ]	Fonts/build/GlyphItem/FontItem_7EF5.font.o
[AS ]	Fonts/build/GlyphItem/FontItem_5195.font.o
[AS ]	Fonts/build/GlyphItem/FontItem_514D.font.o
[AS ]	Fonts/build/GlyphItem/FontItem_5A29.font.o
[AS ]	Fonts/build/GlyphItem/FontItem_7F05.font.o
[AS ]	Fonts/build/GlyphItem/FontItem_82D7.font.o
[AS ]	Fonts/build/GlyphItem/FontItem_7784.font.o
[AS ]	Fonts/build/GlyphItem/FontItem_85D0.font.o
[AS ]	Fonts/build/GlyphItem/FontItem_79D2.font.o
[AS ]	Fonts/build/GlyphItem/FontItem_6E3A.font.o
[AS ]	Fonts/build/GlyphItem/FontItem_5E99.font.o
[AS ]	Fonts/build/GlyphItem/FontItem_5999.font.o
[AS ]	Fonts/build/GlyphItem/FontItem_8511.font.o
[AS ]	Fonts/build/GlyphItem/FontItem_62BF.font.o
[AS ]	Fonts/build/GlyphItem/FontItem_76BF.font.o
[AS ]	Fonts/build/GlyphItem/FontItem_60AF.font.o
[AS ]	Fonts/build/GlyphItem/FontItem_95FD.font.o
[AS ]	Fonts/build/GlyphItem/FontItem_879F.font.o
[AS ]	Fonts/build/GlyphItem/FontItem_94ED.font.o
[AS ]	Fonts/build/GlyphItem/FontItem_8C2C.font.o
[AS ]	Fonts/build/GlyphItem/FontItem_6479.font.o
[AS ]	Fonts/build/GlyphItem/FontItem_8611.font.o
[AS ]	Fonts/build/GlyphItem/FontItem_819C.font.o
[AS ]	Fonts/build/GlyphItem/FontItem_62B9.font.o
[AS ]	Fonts/build/GlyphItem/FontItem_58A8.font.o
[AS ]	Fonts/build/GlyphItem/FontItem_6CAB.font.o
[AS ]	Fonts/build/GlyphItem/FontItem_964C.font.o
[AS ]	Fonts/build/GlyphItem/FontItem_725F.font.o
[AS ]	Fonts/build/GlyphItem/FontItem_7261.font.o
[AS ]	Fonts/build/GlyphItem/FontItem_62C7.font.o
[AS ]	Fonts/build/GlyphItem/FontItem_4EA9.font.o
[AS ]	Fonts/build/GlyphItem/FontItem_66AE.font.o
[AS ]	Fonts/build/GlyphItem/FontItem_5893.font.o
[AS ]	Fonts/build/GlyphItem/FontItem_5450.font.o
[AS ]	Fonts/build/GlyphItem/FontItem_52DF.font.o
[AS ]	Fonts/build/GlyphItem/FontItem_6C16.font.o
[AS ]	Fonts/build/GlyphItem/FontItem_5976.font.o
[AS ]	Fonts/build/GlyphItem/FontItem_56CA.font.o
[AS ]	Fonts/build/GlyphItem/FontItem_6320.font.o
[AS ]	Fonts/build/GlyphItem/FontItem_607C.font.o
[AS ]	Fonts/build/GlyphItem/FontItem_6DD6.font.o
[AS ]	Fonts/build/GlyphItem/FontItem_9981.font.o
[AS ]	Fonts/build/GlyphItem/FontItem_9713.font.o
[AS ]	Fonts/build/GlyphItem/FontItem_502A.font.o
[AS ]	Fonts/build/GlyphItem/FontItem_62DF.font.o
[AS ]	Fonts/build/GlyphItem/FontItem_533F.font.o
[AS ]	Fonts/build/GlyphItem/FontItem_817B.font.o
[AS ]	Fonts/build/GlyphItem/FontItem_9006.font.o
[AS ]	Fonts/build/GlyphItem/FontItem_6EBA.font.o
[AS ]	Fonts/build/GlyphItem/FontItem_852B.font.o
[AS ]	Fonts/build/GlyphItem/FontItem_62C8.font.o
[AS ]	Fonts/build/GlyphItem/FontItem_78BE.font.o
[AS ]	Fonts/build/GlyphItem/FontItem_64B5.font.o
[AS ]	Fonts/build/GlyphItem/FontItem_637B.font.o
[AS ]	Fonts/build/GlyphItem/FontItem_917F.font.o
[AS ]	Fonts/build/GlyphItem/FontItem_9E1F.font.o
[AS ]	Fonts/build/GlyphItem/FontItem_5C3F.font.o
[AS ]	Fonts/build/GlyphItem/FontItem_634F.font.o
[AS ]	Fonts/build/GlyphItem/FontItem_8042.font.o
[AS ]	Fonts/build/GlyphItem/FontItem_556E.font.o
[AS ]	Fonts/build/GlyphItem/FontItem_954A.font.o
[AS ]	Fonts/build/GlyphItem/FontItem_954D.font.o
[AS ]	Fonts/build/GlyphItem/FontItem_6D85.font.o
[AS ]	Fonts/build/GlyphItem/FontItem_67E0.font.o
[AS ]	Fonts/build/GlyphItem/FontItem_72DE.font.o
[AS ]	Fonts/build/GlyphItem/FontItem_62E7.font.o
[AS ]	Fonts/build/GlyphItem/FontItem_725B.font.o
[AS ]	Fonts/build/GlyphItem/FontItem_626D.font.o
[AS ]	Fonts/build/GlyphItem/FontItem_94AE.font.o
[AS ]	Fonts/build/GlyphItem/FontItem_7EBD.font.o
[AS ]	Fonts/build/GlyphItem/FontItem_8113.font.o
[AS ]	Fonts/build/GlyphItem/FontItem_6D53.font.o
[AS ]	Fonts/build/GlyphItem/FontItem_5F04.font.o
[AS ]	Fonts/build/GlyphItem/FontItem_8650.font.o
[AS ]	Fonts/build/GlyphItem/FontItem_759F.font.o
[AS ]	Fonts/build/GlyphItem/FontItem_632A.font.o
[AS ]	Fonts/build/GlyphItem/FontItem_61E6.font.o
[AS ]	Fonts/build/GlyphItem/FontItem_7CEF.font.o
[AS ]	Fonts/build/GlyphItem/FontItem_54E6.font.o
[AS ]	Fonts/build/GlyphItem/FontItem_6B27.font.o
[AS ]	Fonts/build/GlyphItem/FontItem_6BB4.font.o
[AS ]	Fonts/build/GlyphItem/FontItem_9E25.font.o
[AS ]	Fonts/build/GlyphItem/FontItem_85D5.font.o
[AS ]	Fonts/build/GlyphItem/FontItem_5455.font.o
[AS ]	Fonts/build/GlyphItem/FontItem_6CA4.font.o
[AS ]	Fonts/build/GlyphItem/FontItem_8DB4.font.o
[AS ]	Fonts/build/GlyphItem/FontItem_556A.font.o
[AS ]	Fonts/build/GlyphItem/FontItem_722C.font.o
[AS ]	Fonts/build/GlyphItem/FontItem_7436.font.o
[AS ]	Fonts/build/GlyphItem/FontItem_5F98.font.o
[AS ]	Fonts/build/GlyphItem/FontItem_6E43.font.o
[AS ]	Fonts/build/GlyphItem/FontItem_6500.font.o
[AS ]	Fonts/build/GlyphItem/FontItem_76D8.font.o
[AS ]	Fonts/build/GlyphItem/FontItem_76FC.font.o
[AS ]	Fonts/build/GlyphItem/FontItem_7554.font.o
[AS ]	Fonts/build/GlyphItem/FontItem_4E53.font.o
[AS ]	Fonts/build/GlyphItem/FontItem_802A.font.o
[AS ]	Fonts/build/GlyphItem/FontItem_5486.font.o
[AS ]	Fonts/build/GlyphItem/FontItem_80D6.font.o
[AS ]	Fonts/build/GlyphItem/FontItem_5228.font.o
[AS ]	Fonts/build/GlyphItem/FontItem_888D.font.o
[AS ]	Fonts/build/GlyphItem/FontItem_8DD1.font.o
[AS ]	Fonts/build/GlyphItem/FontItem_6CE1.font.o
[AS ]	Fonts/build/GlyphItem/FontItem_5478.font.o
[AS ]	Fonts/build/GlyphItem/FontItem_80DA.font.o
[AS ]	Fonts/build/GlyphItem/FontItem_88F4.font.o
[AS ]	Fonts/build/GlyphItem/FontItem_4F69.font.o
[AS ]	Fonts/build/GlyphItem/FontItem_8D54.font.o
[AS ]	Fonts/build/GlyphItem/FontItem_6C9B.font.o
[AS ]	Fonts/build/GlyphItem/FontItem_55B7.font.o
[AS ]	Fonts/build/GlyphItem/FontItem_76C6.font.o
[AS ]	Fonts/build/GlyphItem/FontItem_7830.font.o
[AS ]	Fonts/build/GlyphItem/FontItem_62A8.font.o
[AS ]	Fonts/build/GlyphItem/FontItem_70F9.font.o
[AS ]	Fonts/build/GlyphItem/FontItem_6F8E.font.o
[AS ]	Fonts/build/GlyphItem/FontItem_5F6D.font.o
[AS ]	Fonts/build/GlyphItem/FontItem_84EC.font.o
[AS ]	Fonts/build/GlyphItem/FontItem_68DA.font.o
[AS ]	Fonts/build/GlyphItem/FontItem_787C.font.o
[AS ]	Fonts/build/GlyphItem/FontItem_81A8.font.o
[AS ]	Fonts/build/GlyphItem/FontItem_9E4F.font.o
[AS ]	Fonts/build/GlyphItem/FontItem_6367.font.o
[AS ]	Fonts/build/GlyphItem/FontItem_78B0.font.o
[AS ]	Fonts/build/GlyphItem/FontItem_576F.font.o
[AS ]	Fonts/build/GlyphItem/FontItem_7812.font.o
[AS ]	Fonts/build/GlyphItem/FontItem_9739.font.o
[AS ]	Fonts/build/GlyphItem/FontItem_5288.font.o
[AS ]	Fonts/build/GlyphItem/FontItem_7435.font.o
[AS ]	Fonts/build/GlyphItem/FontItem_6BD7.font.o
[AS ]	Fonts/build/GlyphItem/FontItem_5564.font.o
[AS ]	Fonts/build/GlyphItem/FontItem_813E.font.o
[AS ]	Fonts/build/GlyphItem/FontItem_76AE.font.o
[AS ]	Fonts/build/GlyphItem/FontItem_75DE.font.o
[AS ]	Fonts/build/GlyphItem/FontItem_50FB.font.o
[AS ]	Fonts/build/GlyphItem/FontItem_5C41.font.o
[AS ]	Fonts/build/GlyphItem/FontItem_8B6C.font.o
[AS ]	Fonts/build/GlyphItem/FontItem_504F.font.o
[AS ]	Fonts/build/GlyphItem/FontItem_9A97.font.o
[AS ]	Fonts/build/GlyphItem/FontItem_98D8.font.o
[AS ]	Fonts/build/GlyphItem/FontItem_6F02.font.o
[AS ]	Fonts/build/GlyphItem/FontItem_74E2.font.o
[AS ]	Fonts/build/GlyphItem/FontItem_7968.font.o
[AS ]	Fonts/build/GlyphItem/FontItem_6487.font.o
[AS ]	Fonts/build/GlyphItem/FontItem_77A5.font.o
[AS ]	Fonts/build/GlyphItem/FontItem_62FC.font.o
[AS ]	Fonts/build/GlyphItem/FontItem_9891.font.o
[AS ]	Fonts/build/GlyphItem/FontItem_8058.font.o
[AS ]	Fonts/build/GlyphItem/FontItem_4E52.font.o
[AS ]	Fonts/build/GlyphItem/FontItem_576A.font.o
[AS ]	Fonts/build/GlyphItem/FontItem_82F9.font.o
[AS ]	Fonts/build/GlyphItem/FontItem_840D.font.o
[AS ]	Fonts/build/GlyphItem/FontItem_74F6.font.o
[AS ]	Fonts/build/GlyphItem/FontItem_5761.font.o
[AS ]	Fonts/build/GlyphItem/FontItem_7C95.font.o
[AS ]	Fonts/build/GlyphItem/FontItem_5256.font.o
[AS ]	Fonts/build/GlyphItem/FontItem_6251.font.o
[AS ]	Fonts/build/GlyphItem/FontItem_8386.font.o
[AS ]	Fonts/build/GlyphItem/FontItem_8461.font.o
[AS ]	Fonts/build/GlyphItem/FontItem_83E9.font.o
[AS ]	Fonts/build/GlyphItem/FontItem_84B2.font.o
[AS ]	Fonts/build/GlyphItem/FontItem_57D4.font.o
[AS ]	Fonts/build/GlyphItem/FontItem_5703.font.o
[AS ]	Fonts/build/GlyphItem/FontItem_6D66.font.o
[AS ]	Fonts/build/GlyphItem/FontItem_8C31.font.o
[AS ]	Fonts/build/GlyphItem/FontItem_66DD.font.o
[AS ]	Fonts/build/GlyphItem/FontItem_7011.font.o
[AS ]	Fonts/build/GlyphItem/FontItem_6B3A.font.o
[AS ]	Fonts/build/GlyphItem/FontItem_6816.font.o
[AS ]	Fonts/build/GlyphItem/FontItem_621A.font.o
[AS ]	Fonts/build/GlyphItem/FontItem_4E03.font.o
[AS ]	Fonts/build/GlyphItem/FontItem_51C4.font.o
[AS ]	Fonts/build/GlyphItem/FontItem_67D2.font.o
[AS ]	Fonts/build/GlyphItem/FontItem_6C8F.font.o
[AS ]	Fonts/build/GlyphItem/FontItem_68CB.font.o
[AS ]	Fonts/build/GlyphItem/FontItem_7566.font.o
[AS ]	Fonts/build/GlyphItem/FontItem_5D0E.font.o
[AS ]	Fonts/build/GlyphItem/FontItem_8110.font.o
[AS ]	Fonts/build/GlyphItem/FontItem_65D7.font.o
[AS ]	Fonts/build/GlyphItem/FontItem_7941.font.o
[AS ]	Fonts/build/GlyphItem/FontItem_5C82.font.o
[AS ]	Fonts/build/GlyphItem/FontItem_4E5E.font.o
[AS ]	Fonts/build/GlyphItem/FontItem_4F01.font.o
[AS ]	Fonts/build/GlyphItem/FontItem_780C.font.o
[AS ]	Fonts/build/GlyphItem/FontItem_8FC4.font.o
[AS ]	Fonts/build/GlyphItem/FontItem_6CE3.font.o
[AS ]	Fonts/build/GlyphItem/FontItem_6C7D.font.o
[AS ]	Fonts/build/GlyphItem/FontItem_8BAB.font.o
[AS ]	Fonts/build/GlyphItem/FontItem_6390.font.o
[AS ]	Fonts/build/GlyphItem/FontItem_6070.font.o
[AS ]	Fonts/build/GlyphItem/FontItem_6D3D.font.o
[AS ]	Fonts/build/GlyphItem/FontItem_7275.font.o
[AS ]	Fonts/build/GlyphItem/FontItem_6266.font.o
[AS ]	Fonts/build/GlyphItem/FontItem_948E.font.o
[AS ]	Fonts/build/GlyphItem/FontItem_94C5.font.o
[AS ]	Fonts/build/GlyphItem/FontItem_8FC1.font.o
[AS ]	Fonts/build/GlyphItem/FontItem_4EDF.font.o
[AS ]	Fonts/build/GlyphItem/FontItem_8C26.font.o
[AS ]	Fonts/build/GlyphItem/FontItem_4E7E.font.o
[AS ]	Fonts/build/GlyphItem/FontItem_9ED4.font.o
[AS ]	Fonts/build/GlyphItem/FontItem_94B3.font.o
[AS ]	Fonts/build/GlyphItem/FontItem_9063.font.o
[AS ]	Fonts/build/GlyphItem/FontItem_6D45.font.o
[AS ]	Fonts/build/GlyphItem/FontItem_5811.font.o
[AS ]	Fonts/build/GlyphItem/FontItem_5D4C.font.o
[AS ]	Fonts/build/GlyphItem/FontItem_6B20.font.o
[AS ]	Fonts/build/GlyphItem/FontItem_6B49.font.o
[AS ]	Fonts/build/GlyphItem/FontItem_545B.font.o
[AS ]	Fonts/build/GlyphItem/FontItem_7F8C.font.o
[AS ]	Fonts/build/GlyphItem/FontItem_8537.font.o
[AS ]	Fonts/build/GlyphItem/FontItem_62A2.font.o
[AS ]	Fonts/build/GlyphItem/FontItem_6A47.font.o
[AS ]	Fonts/build/GlyphItem/FontItem_9539.font.o
[AS ]	Fonts/build/GlyphItem/FontItem_6572.font.o
[AS ]	Fonts/build/GlyphItem/FontItem_6084.font.o
[AS ]	Fonts/build/GlyphItem/FontItem_77A7.font.o
[AS ]	Fonts/build/GlyphItem/FontItem_4E54.font.o
[AS ]	Fonts/build/GlyphItem/FontItem_4FA8.font.o
[AS ]	Fonts/build/GlyphItem/FontItem_9798.font.o
[AS ]	Fonts/build/GlyphItem/FontItem_64AC.font.o
[AS ]	Fonts/build/GlyphItem/FontItem_7FD8.font.o
[AS ]	Fonts/build/GlyphItem/FontItem_5CED.font.o
[AS ]	Fonts/build/GlyphItem/FontItem_4FCF.font.o
[AS ]	Fonts/build/GlyphItem/FontItem_7A8D.font.o
[AS ]	Fonts/build/GlyphItem/FontItem_8304.font.o
[AS ]	Fonts/build/GlyphItem/FontItem_602F.font.o
[AS ]	Fonts/build/GlyphItem/FontItem_7A83.font.o
[AS ]	Fonts/build/GlyphItem/FontItem_94A6.font.o
[AS ]	Fonts/build/GlyphItem/FontItem_4FB5.font.o
[AS ]	Fonts/build/GlyphItem/FontItem_79E6.font.o
[AS ]	Fonts/build/GlyphItem/FontItem_7434.font.o
[AS ]	Fonts/build/GlyphItem/FontItem_82B9.font.o
[AS ]	Fonts/build/GlyphItem/FontItem_64D2.font.o
[AS ]	Fonts/build/GlyphItem/FontItem_79BD.font.o
[AS ]	Fonts/build/GlyphItem/FontItem_6C81.font.o
[AS ]	Fonts/build/GlyphItem/FontItem_6C22.font.o
[AS ]	Fonts/build/GlyphItem/FontItem_503E.font.o
[AS ]	Fonts/build/GlyphItem/FontItem_537F.font.o
[AS ]	Fonts/build/GlyphItem/FontItem_64CE.font.o
[AS ]	Fonts/build/GlyphItem/FontItem_6C30.font.o
[AS ]	Fonts/build/GlyphItem/FontItem_9877.font.o
[AS ]	Fonts/build/GlyphItem/FontItem_5E86.font.o
[AS ]	Fonts/build/GlyphItem/FontItem_743C.font.o
[AS ]	Fonts/build/GlyphItem/FontItem_7A77.font.o
[AS ]	Fonts/build/GlyphItem/FontItem_79CB.font.o
[AS ]	Fonts/build/GlyphItem/FontItem_90B1.font.o
[AS ]	Fonts/build/GlyphItem/FontItem_7403.font.o
[AS ]	Fonts/build/GlyphItem/FontItem_56DA.font.o
[AS ]	Fonts/build/GlyphItem/FontItem_6CC5.font.o
[AS ]	Fonts/build/GlyphItem/FontItem_914B.font.o
[AS ]	Fonts/build/GlyphItem/FontItem_8D8B.font.o
[AS ]	Fonts/build/GlyphItem/FontItem_86C6.font.o
[AS ]	Fonts/build/GlyphItem/FontItem_5C48.font.o
[AS ]	Fonts/build/GlyphItem/FontItem_6E20.font.o
[AS ]	Fonts/build/GlyphItem/FontItem_9F8B.font.o
[AS ]	Fonts/build/GlyphItem/FontItem_98A7.font.o
[AS ]	Fonts/build/GlyphItem/FontItem_919B.font.o
[AS ]	Fonts/build/GlyphItem/FontItem_5238.font.o
[AS ]	Fonts/build/GlyphItem/FontItem_7F3A.font.o
[AS ]	Fonts/build/GlyphItem/FontItem_7094.font.o
[AS ]	Fonts/build/GlyphItem/FontItem_9E4A.font.o
[AS ]	Fonts/build/GlyphItem/FontItem_7638.font.o
[AS ]	Fonts/build/GlyphItem/FontItem_69B7.font.o
[AS ]	Fonts/build/GlyphItem/FontItem_96C0.font.o
[AS ]	Fonts/build/GlyphItem/FontItem_88D9.font.o
[AS ]	Fonts/build/GlyphItem/FontItem_71C3.font.o
[AS ]	Fonts/build/GlyphItem/FontItem_5189.font.o
[AS ]	Fonts/build/GlyphItem/FontItem_67D3.font.o
[AS ]	Fonts/build/GlyphItem/FontItem_74E4.font.o
[AS ]	Fonts/build/GlyphItem/FontItem_58E4.font.o
[AS ]	Fonts/build/GlyphItem/FontItem_6518.font.o
[AS ]	Fonts/build/GlyphItem/FontItem_56B7.font.o
[AS ]	Fonts/build/GlyphItem/FontItem_6270.font.o
[AS ]	Fonts/build/GlyphItem/FontItem_7ED5.font.o
[AS ]	Fonts/build/GlyphItem/FontItem_58EC.font.o
[AS ]	Fonts/build/GlyphItem/FontItem_598A.font.o
[AS ]	Fonts/build/GlyphItem/FontItem_7EAB.font.o
[AS ]	Fonts/build/GlyphItem/FontItem_620E.font.o
[AS ]	Fonts/build/GlyphItem/FontItem_8338.font.o
[AS ]	Fonts/build/GlyphItem/FontItem_84C9.font.o
[AS ]	Fonts/build/GlyphItem/FontItem_878D.font.o
[AS ]	Fonts/build/GlyphItem/FontItem_5197.font.o
[AS ]	Fonts/build/GlyphItem/FontItem_7ED2.font.o
[AS ]	Fonts/build/GlyphItem/FontItem_63C9.font.o
[AS ]	Fonts/build/GlyphItem/FontItem_8339.font.o
[AS ]	Fonts/build/GlyphItem/FontItem_8815.font.o
[AS ]	Fonts/build/GlyphItem/FontItem_5112.font.o
[AS ]	Fonts/build/GlyphItem/FontItem_6C5D.font.o
[AS ]	Fonts/build/GlyphItem/FontItem_5B7A.font.o
[AS ]	Fonts/build/GlyphItem/FontItem_8925.font.o
[AS ]	Fonts/build/GlyphItem/FontItem_8F6F.font.o
[AS ]	Fonts/build/GlyphItem/FontItem_962E.font.o
[AS ]	Fonts/build/GlyphItem/FontItem_854A.font.o
[AS ]	Fonts/build/GlyphItem/FontItem_95F0.font.o
[AS ]	Fonts/build/GlyphItem/FontItem_6DA6.font.o
[AS ]	Fonts/build/GlyphItem/FontItem_82E5.font.o
[AS ]	Fonts/build/GlyphItem/FontItem_6D12.font.o
[AS ]	Fonts/build/GlyphItem/FontItem_816E.font.o
[AS ]	Fonts/build/GlyphItem/FontItem_9CC3.font.o
[AS ]	Fonts/build/GlyphItem/FontItem_8D5B.font.o
[AS ]	Fonts/build/GlyphItem/FontItem_53C1.font.o
[AS ]	Fonts/build/GlyphItem/FontItem_4F1E.font.o
[AS ]	Fonts/build/GlyphItem/FontItem_55D3.font.o
[AS ]	Fonts/build/GlyphItem/FontItem_6414.font.o
[AS ]	Fonts/build/GlyphItem/FontItem_626B.font.o
[AS ]	Fonts/build/GlyphItem/FontItem_5AC2.font.o
[AS ]	Fonts/build/GlyphItem/FontItem_6DA9.font.o
[AS ]	Fonts/build/GlyphItem/FontItem_7802.font.o
[AS ]	Fonts/build/GlyphItem/FontItem_50BB.font.o
[AS ]	Fonts/build/GlyphItem/FontItem_5565.font.o
[AS ]	Fonts/build/GlyphItem/FontItem_715E.font.o
[AS ]	Fonts/build/GlyphItem/FontItem_7B5B.font.o
[AS ]	Fonts/build/GlyphItem/FontItem_6652.font.o
[AS ]	Fonts/build/GlyphItem/FontItem_73CA.font.o
[AS ]	Fonts/build/GlyphItem/FontItem_82EB.font.o
[AS ]	Fonts/build/GlyphItem/FontItem_6749.font.o
[AS ]	Fonts/build/GlyphItem/FontItem_717D.font.o
[AS ]	Fonts/build/GlyphItem/FontItem_886B.font.o
[AS ]	Fonts/build/GlyphItem/FontItem_9655.font.o
[AS ]	Fonts/build/GlyphItem/FontItem_8D61.font.o
[AS ]	Fonts/build/GlyphItem/FontItem_81B3.font.o
[AS ]	Fonts/build/GlyphItem/FontItem_6C55.font.o
[AS ]	Fonts/build/GlyphItem/FontItem_6247.font.o
[AS ]	Fonts/build/GlyphItem/FontItem_7F2E.font.o
[AS ]	Fonts/build/GlyphItem/FontItem_5892.font.o
[AS ]	Fonts/build/GlyphItem/FontItem_664C.font.o
[AS ]	Fonts/build/GlyphItem/FontItem_88F3.font.o
[AS ]	Fonts/build/GlyphItem/FontItem_68A2.font.o
[AS ]	Fonts/build/GlyphItem/FontItem_634E.font.o
[AS ]	Fonts/build/GlyphItem/FontItem_70E7.font.o
[AS ]	Fonts/build/GlyphItem/FontItem_828D.font.o
[AS ]	Fonts/build/GlyphItem/FontItem_52FA.font.o
[AS ]	Fonts/build/GlyphItem/FontItem_97F6.font.o
[AS ]	Fonts/build/GlyphItem/FontItem_54E8.font.o
[AS ]	Fonts/build/GlyphItem/FontItem_90B5.font.o
[AS ]	Fonts/build/GlyphItem/FontItem_7ECD.font.o
[AS ]	Fonts/build/GlyphItem/FontItem_5962.font.o
[AS ]	Fonts/build/GlyphItem/FontItem_8D4A.font.o
[AS ]	Fonts/build/GlyphItem/FontItem_86C7.font.o
[AS ]	Fonts/build/GlyphItem/FontItem_820C.font.o
[AS ]	Fonts/build/GlyphItem/FontItem_8D66.font.o
[AS ]	Fonts/build/GlyphItem/FontItem_6151.font.o
[AS ]	Fonts/build/GlyphItem/FontItem_6D89.font.o
[AS ]	Fonts/build/GlyphItem/FontItem_793E.font.o
[AS ]	Fonts/build/GlyphItem/FontItem_7837.font.o
[AS ]	Fonts/build/GlyphItem/FontItem_7533.font.o
[AS ]	Fonts/build/GlyphItem/FontItem_547B.font.o
[AS ]	Fonts/build/GlyphItem/FontItem_4F38.font.o
[AS ]	Fonts/build/GlyphItem/FontItem_5A20.font.o
[AS ]	Fonts/build/GlyphItem/FontItem_7EC5.font.o
[AS ]	Fonts/build/GlyphItem/FontItem_6C88.font.o
[AS ]	Fonts/build/GlyphItem/FontItem_5BA1.font.o
[AS ]	Fonts/build/GlyphItem/FontItem_5A76.font.o
[AS ]	Fonts/build/GlyphItem/FontItem_80BE.font.o
[AS ]	Fonts/build/GlyphItem/FontItem_614E.font.o
[AS ]	Fonts/build/GlyphItem/FontItem_6E17.font.o
[AS ]	Fonts/build/GlyphItem/FontItem_7525.font.o
[AS ]	Fonts/build/GlyphItem/FontItem_7272.font.o
[AS ]	Fonts/build/GlyphItem/FontItem_7EF3.font.o
[AS ]	Fonts/build/GlyphItem/FontItem_7701.font.o
[AS ]	Fonts/build/GlyphItem/FontItem_76DB.font.o
[AS ]	Fonts/build/GlyphItem/FontItem_8671.font.o
[AS ]	Fonts/build/GlyphItem/FontItem_62FE.font.o
[AS ]	Fonts/build/GlyphItem/FontItem_77E2.font.o
[AS ]	Fonts/build/GlyphItem/FontItem_5C4E.font.o
[AS ]	Fonts/build/GlyphItem/FontItem_9A76.font.o
[AS ]	Fonts/build/GlyphItem/FontItem_67FF.font.o
[AS ]	Fonts/build/GlyphItem/FontItem_62ED.font.o
[AS ]	Fonts/build/GlyphItem/FontItem_55DC.font.o
[AS ]	Fonts/build/GlyphItem/FontItem_566C.font.o
[AS ]	Fonts/build/GlyphItem/FontItem_6C0F.font.o
[AS ]	Fonts/build/GlyphItem/FontItem_6043.font.o
[AS ]	Fonts/build/GlyphItem/FontItem_5BA4.font.o
[AS ]	Fonts/build/GlyphItem/FontItem_5BFF.font.o
[AS ]	Fonts/build/GlyphItem/FontItem_7626.font.o
[AS ]	Fonts/build/GlyphItem/FontItem_852C.font.o
[AS ]	Fonts/build/GlyphItem/FontItem_67A2.font.o
[AS ]	Fonts/build/GlyphItem/FontItem_68B3.font.o
[AS ]	Fonts/build/GlyphItem/FontItem_6292.font.o
[AS ]	Fonts/build/GlyphItem/FontItem_8212.font.o
[AS ]	Fonts/build/GlyphItem/FontItem_6DD1.font.o
[AS ]	Fonts/build/GlyphItem/FontItem_758F.font.o
[AS ]	Fonts/build/GlyphItem/FontItem_5B70.font.o
[AS ]	Fonts/build/GlyphItem/FontItem_8D4E.font.o
[AS ]	Fonts/build/GlyphItem/FontItem_85AF.font.o
[AS ]	Fonts/build/GlyphItem/FontItem_6691.font.o
[AS ]	Fonts/build/GlyphItem/FontItem_66D9.font.o
[AS ]	Fonts/build/GlyphItem/FontItem_7F72.font.o
[AS ]	Fonts/build/GlyphItem/FontItem_8700.font.o
[AS ]	Fonts/build/GlyphItem/FontItem_9ECD.font.o
[AS ]	Fonts/build/GlyphItem/FontItem_620D.font.o
[AS ]	Fonts/build/GlyphItem/FontItem_9F20.font.o
[AS ]	Fonts/build/GlyphItem/FontItem_5885.font.o
[AS ]	Fonts/build/GlyphItem/FontItem_7AD6.font.o
[AS ]	Fonts/build/GlyphItem/FontItem_5EB6.font.o
[AS ]	Fonts/build/GlyphItem/FontItem_6F31.font.o
[AS ]	Fonts/build/GlyphItem/FontItem_6055.font.o
[AS ]	Fonts/build/GlyphItem/FontItem_5237.font.o
[AS ]	Fonts/build/GlyphItem/FontItem_800D.font.o
[AS ]	Fonts/build/GlyphItem/FontItem_6454.font.o
[AS ]	Fonts/build/GlyphItem/FontItem_8870.font.o
[AS ]	Fonts/build/GlyphItem/FontItem_6813.font.o
[AS ]	Fonts/build/GlyphItem/FontItem_62F4.font.o
[AS ]	Fonts/build/GlyphItem/FontItem_971C.font.o
[AS ]	Fonts/build/GlyphItem/FontItem_542E.font.o
[AS ]	Fonts/build/GlyphItem/FontItem_7A0E.font.o
[AS ]	Fonts/build/GlyphItem/FontItem_821C.font.o
[AS ]	Fonts/build/GlyphItem/FontItem_7855.font.o
[AS ]	Fonts/build/GlyphItem/FontItem_6714.font.o
[AS ]	Fonts/build/GlyphItem/FontItem_70C1.font.o
[AS ]	Fonts/build/GlyphItem/FontItem_6495.font.o
[AS ]	Fonts/build/GlyphItem/FontItem_5636.font.o
[AS ]	Fonts/build/GlyphItem/FontItem_8086.font.o
[AS ]	Fonts/build/GlyphItem/FontItem_5BFA.font.o
[AS ]	Fonts/build/GlyphItem/FontItem_55E3.font.o
[AS ]	Fonts/build/GlyphItem/FontItem_4F3A.font.o
[AS ]	Fonts/build/GlyphItem/FontItem_6002.font.o
[AS ]	Fonts/build/GlyphItem/FontItem_5DF3.font.o
[AS ]	Fonts/build/GlyphItem/FontItem_5B8B.font.o
[AS ]	Fonts/build/GlyphItem/FontItem_8BBC.font.o
[AS ]	Fonts/build/GlyphItem/FontItem_8BF5.font.o
[AS ]	Fonts/build/GlyphItem/FontItem_641C.font.o
[AS ]	Fonts/build/GlyphItem/FontItem_8258.font.o
[AS ]	Fonts/build/GlyphItem/FontItem_64DE.font.o
[AS ]	Fonts/build/GlyphItem/FontItem_9165.font.o
[AS ]	Fonts/build/GlyphItem/FontItem_4FD7.font.o
[AS ]	Fonts/build/GlyphItem/FontItem_55FD.font.o
[AS ]	Fonts/build/GlyphItem/FontItem_7D20.font.o
[AS ]	Fonts/build/GlyphItem/FontItem_7C9F.font.o
[AS ]	Fonts/build/GlyphItem/FontItem_50F3.font.o
[AS ]	Fonts/build/GlyphItem/FontItem_5851.font.o
[AS ]	Fonts/build/GlyphItem/FontItem_6EAF.font.o
[AS ]	Fonts/build/GlyphItem/FontItem_9178.font.o
[AS ]	Fonts/build/GlyphItem/FontItem_849C.font.o
[AS ]	Fonts/build/GlyphItem/FontItem_968B.font.o
[AS ]	Fonts/build/GlyphItem/FontItem_7EE5.font.o
[AS ]	Fonts/build/GlyphItem/FontItem_9AD3.font.o
[AS ]	Fonts/build/GlyphItem/FontItem_7A57.font.o
[AS ]	Fonts/build/GlyphItem/FontItem_9042.font.o
[AS ]	Fonts/build/GlyphItem/FontItem_96A7.font.o
[AS ]	Fonts/build/GlyphItem/FontItem_795F.font.o
[AS ]	Fonts/build/GlyphItem/FontItem_7B0B.font.o
[AS ]	Fonts/build/GlyphItem/FontItem_84D1.font.o
[AS ]	Fonts/build/GlyphItem/FontItem_68AD.font.o
[AS ]	Fonts/build/GlyphItem/FontItem_5506.font.o
[AS ]	Fonts/build/GlyphItem/FontItem_7410.font.o
[AS ]	Fonts/build/GlyphItem/FontItem_584C.font.o
[AS ]	Fonts/build/GlyphItem/FontItem_736D.font.o
[AS ]	Fonts/build/GlyphItem/FontItem_631E.font.o
[AS ]	Fonts/build/GlyphItem/FontItem_8E4B.font.o
[AS ]	Fonts/build/GlyphItem/FontItem_82D4.font.o
[AS ]	Fonts/build/GlyphItem/FontItem_62AC.font.o
[AS ]	Fonts/build/GlyphItem/FontItem_6CF0.font.o
[AS ]	Fonts/build/GlyphItem/FontItem_915E.font.o
[AS ]	Fonts/build/GlyphItem/FontItem_6C70.font.o
[AS ]	Fonts/build/GlyphItem/FontItem_574D.font.o
[AS ]	Fonts/build/GlyphItem/FontItem_644A.font.o
[AS ]	Fonts/build/GlyphItem/FontItem_762B.font.o
[AS ]	Fonts/build/GlyphItem/FontItem_6EE9.font.o
[AS ]	Fonts/build/GlyphItem/FontItem_575B.font.o
[AS ]	Fonts/build/GlyphItem/FontItem_6A80.font.o
[AS ]	Fonts/build/GlyphItem/FontItem_75F0.font.o
[AS ]	Fonts/build/GlyphItem/FontItem_6F6D.font.o
[AS ]	Fonts/build/GlyphItem/FontItem_8C2D.font.o
[AS ]	Fonts/build/GlyphItem/FontItem_6BEF.font.o
[AS ]	Fonts/build/GlyphItem/FontItem_8892.font.o
[AS ]	Fonts/build/GlyphItem/FontItem_78B3.font.o
[AS ]	Fonts/build/GlyphItem/FontItem_70AD.font.o
[AS ]	Fonts/build/GlyphItem/FontItem_6C64.font.o
[AS ]	Fonts/build/GlyphItem/FontItem_642A.font.o
[AS ]	Fonts/build/GlyphItem/FontItem_5858.font.o
[AS ]	Fonts/build/GlyphItem/FontItem_68E0.font.o
[AS ]	Fonts/build/GlyphItem/FontItem_819B.font.o
[AS ]	Fonts/build/GlyphItem/FontItem_5510.font.o
[AS ]	Fonts/build/GlyphItem/FontItem_7CD6.font.o
[AS ]	Fonts/build/GlyphItem/FontItem_5018.font.o
[AS ]	Fonts/build/GlyphItem/FontItem_8EBA.font.o
[AS ]	Fonts/build/GlyphItem/FontItem_8D9F.font.o
[AS ]	Fonts/build/GlyphItem/FontItem_70EB.font.o
[AS ]	Fonts/build/GlyphItem/FontItem_638F.font.o
[AS ]	Fonts/build/GlyphItem/FontItem_6D9B.font.o
[AS ]	Fonts/build/GlyphItem/FontItem_6ED4.font.o
[AS ]	Fonts/build/GlyphItem/FontItem_7EE6.font.o
[AS ]	Fonts/build/GlyphItem/FontItem_8404.font.o
[AS ]	Fonts/build/GlyphItem/FontItem_6DD8.font.o
[AS ]	Fonts/build/GlyphItem/FontItem_9676.font.o
[AS ]	Fonts/build/GlyphItem/FontItem_85E4.font.o
[AS ]	Fonts/build/GlyphItem/FontItem_817E.font.o
[AS ]	Fonts/build/GlyphItem/FontItem_75BC.font.o
[AS ]	Fonts/build/GlyphItem/FontItem_8A8A.font.o
[AS ]	Fonts/build/GlyphItem/FontItem_5254.font.o
[AS ]	Fonts/build/GlyphItem/FontItem_8E22.font.o
[AS ]	Fonts/build/GlyphItem/FontItem_9511.font.o
[AS ]	Fonts/build/GlyphItem/FontItem_8E44.font.o
[AS ]	Fonts/build/GlyphItem/FontItem_557C.font.o
[AS ]	Fonts/build/GlyphItem/FontItem_568F.font.o
[AS ]	Fonts/build/GlyphItem/FontItem_60D5.font.o
[AS ]	Fonts/build/GlyphItem/FontItem_6D95.font.o
[AS ]	Fonts/build/GlyphItem/FontItem_5243.font.o
[AS ]	Fonts/build/GlyphItem/FontItem_5C49.font.o
[AS ]	Fonts/build/GlyphItem/FontItem_586B.font.o
[AS ]	Fonts/build/GlyphItem/FontItem_606C.font.o
[AS ]	Fonts/build/GlyphItem/FontItem_751C.font.o
[AS ]	Fonts/build/GlyphItem/FontItem_8214.font.o
[AS ]	Fonts/build/GlyphItem/FontItem_8146.font.o
[AS ]	Fonts/build/GlyphItem/FontItem_8FE2.font.o
[AS ]	Fonts/build/GlyphItem/FontItem_773A.font.o
[AS ]	Fonts/build/GlyphItem/FontItem_5E16.font.o
[AS ]	Fonts/build/GlyphItem/FontItem_5385.font.o
[AS ]	Fonts/build/GlyphItem/FontItem_70C3.font.o
[AS ]	Fonts/build/GlyphItem/FontItem_6C40.font.o
[AS ]	Fonts/build/GlyphItem/FontItem_4EAD.font.o
[AS ]	Fonts/build/GlyphItem/FontItem_633A.font.o
[AS ]	Fonts/build/GlyphItem/FontItem_8247.font.o
[AS ]	Fonts/build/GlyphItem/FontItem_6850.font.o
[AS ]	Fonts/build/GlyphItem/FontItem_916E.font.o
[AS ]	Fonts/build/GlyphItem/FontItem_94DC.font.o
[AS ]	Fonts/build/GlyphItem/FontItem_5F64.font.o
[AS ]	Fonts/build/GlyphItem/FontItem_7AE5.font.o
[AS ]	Fonts/build/GlyphItem/FontItem_6345.font.o
[AS ]	Fonts/build/GlyphItem/FontItem_7B52.font.o
[AS ]	Fonts/build/GlyphItem/FontItem_900F.font.o
[AS ]	Fonts/build/GlyphItem/FontItem_51F8.font.o
[AS ]	Fonts/build/GlyphItem/FontItem_79C3.font.o
[AS ]	Fonts/build/GlyphItem/FontItem_6D82.font.o
[AS ]	Fonts/build/GlyphItem/FontItem_5C60.font.o
[AS ]	Fonts/build/GlyphItem/FontItem_5154.font.o
[AS ]	Fonts/build/GlyphItem/FontItem_6E4D.font.o
[AS ]	Fonts/build/GlyphItem/FontItem_9893.font.o
[AS ]	Fonts/build/GlyphItem/FontItem_817F.font.o
[AS ]	Fonts/build/GlyphItem/FontItem_8715.font.o
[AS ]	Fonts/build/GlyphItem/FontItem_892A.font.o
[AS ]	Fonts/build/GlyphItem/FontItem_541E.font.o
[AS ]	Fonts/build/GlyphItem/FontItem_5C6F.font.o
[AS ]	Fonts/build/GlyphItem/FontItem_81C0.font.o
[AS ]	Fonts/build/GlyphItem/FontItem_62D6.font.o
[AS ]	Fonts/build/GlyphItem/FontItem_9E35.font.o
[AS ]	Fonts/build/GlyphItem/FontItem_9640.font.o
[AS ]	Fonts/build/GlyphItem/FontItem_9A6E.font.o
[AS ]	Fonts/build/GlyphItem/FontItem_9A7C.font.o
[AS ]	Fonts/build/GlyphItem/FontItem_692D.font.o
[AS ]	Fonts/build/GlyphItem/FontItem_59A5.font.o
[AS ]	Fonts/build/GlyphItem/FontItem_62D3.font.o
[AS ]	Fonts/build/GlyphItem/FontItem_553E.font.o
[AS ]	Fonts/build/GlyphItem/FontItem_6316.font.o
[AS ]	Fonts/build/GlyphItem/FontItem_54C7.font.o
[AS ]	Fonts/build/GlyphItem/FontItem_86D9.font.o
[AS ]	Fonts/build/GlyphItem/FontItem_6D3C.font.o
[AS ]	Fonts/build/GlyphItem/FontItem_5A03.font.o
[AS ]	Fonts/build/GlyphItem/FontItem_889C.font.o
[AS ]	Fonts/build/GlyphItem/FontItem_6B6A.font.o
[AS ]	Fonts/build/GlyphItem/FontItem_8C4C.font.o
[AS ]	Fonts/build/GlyphItem/FontItem_5F2F.font.o
[AS ]	Fonts/build/GlyphItem/FontItem_987D.font.o
[AS ]	Fonts/build/GlyphItem/FontItem_6E7E.font.o
[AS ]	Fonts/build/GlyphItem/FontItem_4E38.font.o
[AS ]	Fonts/build/GlyphItem/FontItem_70F7.font.o
[AS ]	Fonts/build/GlyphItem/FontItem_7897.font.o
[AS ]	Fonts/build/GlyphItem/FontItem_7696.font.o
[AS ]	Fonts/build/GlyphItem/FontItem_60CB.font.o
[AS ]	Fonts/build/GlyphItem/FontItem_5B9B.font.o
[AS ]	Fonts/build/GlyphItem/FontItem_6C6A.font.o
[AS ]	Fonts/build/GlyphItem/FontItem_6789.font.o
[AS ]	Fonts/build/GlyphItem/FontItem_7F51.font.o
[AS ]	Fonts/build/GlyphItem/FontItem_65FA.font.o
[AS ]	Fonts/build/GlyphItem/FontItem_5984.font.o
[AS ]	Fonts/build/GlyphItem/FontItem_5DCD.font.o
[AS ]	Fonts/build/GlyphItem/FontItem_8FDD.font.o
[AS ]	Fonts/build/GlyphItem/FontItem_60DF.font.o
[AS ]	Fonts/build/GlyphItem/FontItem_82C7.font.o
[AS ]	Fonts/build/GlyphItem/FontItem_840E.font.o
[AS ]	Fonts/build/GlyphItem/FontItem_4F2A.font.o
[AS ]	Fonts/build/GlyphItem/FontItem_6F4D.font.o
[AS ]	Fonts/build/GlyphItem/FontItem_5C3E.font.o
[AS ]	Fonts/build/GlyphItem/FontItem_7EAC.font.o
[AS ]	Fonts/build/GlyphItem/FontItem_851A.font.o
[AS ]	Fonts/build/GlyphItem/FontItem_80C3.font.o
[AS ]	Fonts/build/GlyphItem/FontItem_5582.font.o
[AS ]	Fonts/build/GlyphItem/FontItem_9B4F.font.o
[AS ]	Fonts/build/GlyphItem/FontItem_6E2D.font.o
[AS ]	Fonts/build/GlyphItem/FontItem_5C09.font.o
[AS ]	Fonts/build/GlyphItem/FontItem_868A.font.o
[AS ]	Fonts/build/GlyphItem/FontItem_761F.font.o
[AS ]	Fonts/build/GlyphItem/FontItem_543B.font.o
[AS ]	Fonts/build/GlyphItem/FontItem_7D0A.font.o
[AS ]	Fonts/build/GlyphItem/FontItem_55E1.font.o
[AS ]	Fonts/build/GlyphItem/FontItem_74EE.font.o
[AS ]	Fonts/build/GlyphItem/FontItem_631D.font.o
[AS ]	Fonts/build/GlyphItem/FontItem_8717.font.o
[AS ]	Fonts/build/GlyphItem/FontItem_7A9D.font.o
[AS ]	Fonts/build/GlyphItem/FontItem_65A1.font.o
[AS ]	Fonts/build/GlyphItem/FontItem_5367.font.o
[AS ]	Fonts/build/GlyphItem/FontItem_545C.font.o
[AS ]	Fonts/build/GlyphItem/FontItem_94A8.font.o
[AS ]	Fonts/build/GlyphItem/FontItem_8BEC.font.o
[AS ]	Fonts/build/GlyphItem/FontItem_543E.font.o
[AS ]	Fonts/build/GlyphItem/FontItem_68A7.font.o
[AS ]	Fonts/build/GlyphItem/FontItem_5434.font.o
[AS ]	Fonts/build/GlyphItem/FontItem_6BCB.font.o
[AS ]	Fonts/build/GlyphItem/FontItem_6342.font.o
[AS ]	Fonts/build/GlyphItem/FontItem_5348.font.o
[AS ]	Fonts/build/GlyphItem/FontItem_4FAE.font.o
[AS ]	Fonts/build/GlyphItem/FontItem_575E.font.o
[AS ]	Fonts/build/GlyphItem/FontItem_620A.font.o
[AS ]	Fonts/build/GlyphItem/FontItem_6664.font.o
[AS ]	Fonts/build/GlyphItem/FontItem_52FF.font.o
[AS ]	Fonts/build/GlyphItem/FontItem_7199.font.o
[AS ]	Fonts/build/GlyphItem/FontItem_6790.font.o
[AS ]	Fonts/build/GlyphItem/FontItem_7852.font.o
[AS ]	Fonts/build/GlyphItem/FontItem_77FD.font.o
[AS ]	Fonts/build/GlyphItem/FontItem_6670.font.o
[AS ]	Fonts/build/GlyphItem/FontItem_563B.font.o
[AS ]	Fonts/build/GlyphItem/FontItem_727A.font.o
[AS ]	Fonts/build/GlyphItem/FontItem_9521.font.o
[AS ]	Fonts/build/GlyphItem/FontItem_7A00.font.o
[AS ]	Fonts/build/GlyphItem/FontItem_6089.font.o
[AS ]	Fonts/build/GlyphItem/FontItem_5915.font.o
[AS ]	Fonts/build/GlyphItem/FontItem_7184.font.o
[AS ]	Fonts/build/GlyphItem/FontItem_70EF.font.o
[AS ]	Fonts/build/GlyphItem/FontItem_6C50.font.o
[AS ]	Fonts/build/GlyphItem/FontItem_7280.font.o
[AS ]	Fonts/build/GlyphItem/FontItem_6A84.font.o
[AS ]	Fonts/build/GlyphItem/FontItem_5AB3.font.o
[AS ]	Fonts/build/GlyphItem/FontItem_94E3.font.o
[AS ]	Fonts/build/GlyphItem/FontItem_6D17.font.o
[AS ]	Fonts/build/GlyphItem/FontItem_9699.font.o
[AS ]	Fonts/build/GlyphItem/FontItem_778E.font.o
[AS ]	Fonts/build/GlyphItem/FontItem_867E.font.o
[AS ]	Fonts/build/GlyphItem/FontItem_5323.font.o
[AS ]	Fonts/build/GlyphItem/FontItem_971E.font.o
[AS ]	Fonts/build/GlyphItem/FontItem_8F96.font.o
[AS ]	Fonts/build/GlyphItem/FontItem_5CE1.font.o
[AS ]	Fonts/build/GlyphItem/FontItem_53A6.font.o
[AS ]	Fonts/build/GlyphItem/FontItem_5413.font.o
[AS ]	Fonts/build/GlyphItem/FontItem_6380.font.o
[AS ]	Fonts/build/GlyphItem/FontItem_4ED9.font.o
[AS ]	Fonts/build/GlyphItem/FontItem_9528.font.o
[AS ]	Fonts/build/GlyphItem/FontItem_9C9C.font.o
[AS ]	Fonts/build/GlyphItem/FontItem_7EA4.font.o
[AS ]	Fonts/build/GlyphItem/FontItem_54B8.font.o
[AS ]	Fonts/build/GlyphItem/FontItem_8854.font.o
[AS ]	Fonts/build/GlyphItem/FontItem_6D8E.font.o
[AS ]	Fonts/build/GlyphItem/FontItem_5F26.font.o
[AS ]	Fonts/build/GlyphItem/FontItem_5ACC.font.o
[AS ]	Fonts/build/GlyphItem/FontItem_53BF.font.o
[AS ]	Fonts/build/GlyphItem/FontItem_9985.font.o
[AS ]	Fonts/build/GlyphItem/FontItem_817A.font.o
[AS ]	Fonts/build/GlyphItem/FontItem_5BAA.font.o
[AS ]	Fonts/build/GlyphItem/FontItem_53A2.font.o
[AS ]	Fonts/build/GlyphItem/FontItem_9576.font.o
[AS ]	Fonts/build/GlyphItem/FontItem_8944.font.o
[AS ]	Fonts/build/GlyphItem/FontItem_6E58.font.o
[AS ]	Fonts/build/GlyphItem/FontItem_7965.font.o
[AS ]	Fonts/build/GlyphItem/FontItem_4EAB.font.o
[AS ]	Fonts/build/GlyphItem/FontItem_5DF7.font.o
[AS ]	Fonts/build/GlyphItem/FontItem_6A61.font.o
[AS ]	Fonts/build/GlyphItem/FontItem_8427.font.o
[AS ]	Fonts/build/GlyphItem/FontItem_9704.font.o
[AS ]	Fonts/build/GlyphItem/FontItem_785D.font.o
[AS ]	Fonts/build/GlyphItem/FontItem_524A.font.o
[AS ]	Fonts/build/GlyphItem/FontItem_54EE.font.o
[AS ]	Fonts/build/GlyphItem/FontItem_56A3.font.o
[AS ]	Fonts/build/GlyphItem/FontItem_9500.font.o
[AS ]	Fonts/build/GlyphItem/FontItem_5BB5.font.o
[AS ]	Fonts/build/GlyphItem/FontItem_6DC6.font.o
[AS ]	Fonts/build/GlyphItem/FontItem_5B5D.font.o
[AS ]	Fonts/build/GlyphItem/FontItem_8096.font.o
[AS ]	Fonts/build/GlyphItem/FontItem_5578.font.o
[AS ]	Fonts/build/GlyphItem/FontItem_6954.font.o
[AS ]	Fonts/build/GlyphItem/FontItem_6B47.font.o
[AS ]	Fonts/build/GlyphItem/FontItem_874E.font.o
[AS ]	Fonts/build/GlyphItem/FontItem_631F.font.o
[AS ]	Fonts/build/GlyphItem/FontItem_978B.font.o
[AS ]	Fonts/build/GlyphItem/FontItem_643A.font.o
[AS ]	Fonts/build/GlyphItem/FontItem_659C.font.o
[AS ]	Fonts/build/GlyphItem/FontItem_80C1.font.o
[AS ]	Fonts/build/GlyphItem/FontItem_8C10.font.o
[AS ]	Fonts/build/GlyphItem/FontItem_68B0.font.o
[AS ]	Fonts/build/GlyphItem/FontItem_5378.font.o
[AS ]	Fonts/build/GlyphItem/FontItem_87F9.font.o
[AS ]	Fonts/build/GlyphItem/FontItem_6CFB.font.o
[AS ]	Fonts/build/GlyphItem/FontItem_6CC4.font.o
[AS ]	Fonts/build/GlyphItem/FontItem_5C51.font.o
[AS ]	Fonts/build/GlyphItem/FontItem_82AF.font.o
[AS ]	Fonts/build/GlyphItem/FontItem_5FFB.font.o
[AS ]	Fonts/build/GlyphItem/FontItem_8845.font.o
[AS ]	Fonts/build/GlyphItem/FontItem_950C.font.o
[AS ]	Fonts/build/GlyphItem/FontItem_8165.font.o
[AS ]	Fonts/build/GlyphItem/FontItem_7329.font.o
[AS ]	Fonts/build/GlyphItem/FontItem_5211.font.o
[AS ]	Fonts/build/GlyphItem/FontItem_60FA.font.o
[AS ]	Fonts/build/GlyphItem/FontItem_90A2.font.o
[AS ]	Fonts/build/GlyphItem/FontItem_674F.font.o
[AS ]	Fonts/build/GlyphItem/FontItem_51F6.font.o
[AS ]	Fonts/build/GlyphItem/FontItem_80F8.font.o
[AS ]	Fonts/build/GlyphItem/FontItem_5308.font.o
[AS ]	Fonts/build/GlyphItem/FontItem_6C79.font.o
[AS ]	Fonts/build/GlyphItem/FontItem_718A.font.o
[AS ]	Fonts/build/GlyphItem/FontItem_673D.font.o
[AS ]	Fonts/build/GlyphItem/FontItem_55C5.font.o
[AS ]	Fonts/build/GlyphItem/FontItem_9508.font.o
[AS ]	Fonts/build/GlyphItem/FontItem_7EE3.font.o
[AS ]	Fonts/build/GlyphItem/FontItem_620C.font.o
[AS ]	Fonts/build/GlyphItem/FontItem_865A.font.o
[AS ]	Fonts/build/GlyphItem/FontItem_5618.font.o
[AS ]	Fonts/build/GlyphItem/FontItem_84C4.font.o
[AS ]	Fonts/build/GlyphItem/FontItem_5F90.font.o
[AS ]	Fonts/build/GlyphItem/FontItem_9157.font.o
[AS ]	Fonts/build/GlyphItem/FontItem_53D9.font.o
[AS ]	Fonts/build/GlyphItem/FontItem_65ED.font.o
[AS ]	Fonts/build/GlyphItem/FontItem_6064.font.o
[AS ]	Fonts/build/GlyphItem/FontItem_7D6E.font.o
[AS ]	Fonts/build/GlyphItem/FontItem_5A7F.font.o
[AS ]	Fonts/build/GlyphItem/FontItem_7EEA.font.o
[AS ]	Fonts/build/GlyphItem/FontItem_8F69.font.o
[AS ]	Fonts/build/GlyphItem/FontItem_55A7.font.o
[AS ]	Fonts/build/GlyphItem/FontItem_7384.font.o
[AS ]	Fonts/build/GlyphItem/FontItem_7663.font.o
[AS ]	Fonts/build/GlyphItem/FontItem_7729.font.o
[AS ]	Fonts/build/GlyphItem/FontItem_859B.font.o
[AS ]	Fonts/build/GlyphItem/FontItem_7EDA.font.o
[AS ]	Fonts/build/GlyphItem/FontItem_7A74.font.o
[AS ]	Fonts/build/GlyphItem/FontItem_718F.font.o
[AS ]	Fonts/build/GlyphItem/FontItem_65EC.font.o
[AS ]	Fonts/build/GlyphItem/FontItem_8BE2.font.o
[AS ]	Fonts/build/GlyphItem/FontItem_9A6F.font.o
[AS ]	Fonts/build/GlyphItem/FontItem_6B89.font.o
[AS ]	Fonts/build/GlyphItem/FontItem_6C5B.font.o
[AS ]	Fonts/build/GlyphItem/FontItem_8BAF.font.o
[AS ]	Fonts/build/GlyphItem/FontItem_900A.font.o
[AS ]	Fonts/build/GlyphItem/FontItem_8FC5.font.o
[AS ]	Fonts/build/GlyphItem/FontItem_62BC.font.o
[AS ]	Fonts/build/GlyphItem/FontItem_9E2D.font.o
[AS ]	Fonts/build/GlyphItem/FontItem_5440.font.o
[AS ]	Fonts/build/GlyphItem/FontItem_4E2B.font.o
[AS ]	Fonts/build/GlyphItem/FontItem_869C.font.o
[AS ]	Fonts/build/GlyphItem/FontItem_8859.font.o
[AS ]	Fonts/build/GlyphItem/FontItem_54D1.font.o
[AS ]	Fonts/build/GlyphItem/FontItem_7109.font.o
[AS ]	Fonts/build/GlyphItem/FontItem_54BD.font.o
[AS ]	Fonts/build/GlyphItem/FontItem_9609.font.o
[AS ]	Fonts/build/GlyphItem/FontItem_70DF.font.o
[AS ]	Fonts/build/GlyphItem/FontItem_6DF9.font.o
[AS ]	Fonts/build/GlyphItem/FontItem_76D0.font.o
[AS ]	Fonts/build/GlyphItem/FontItem_8712.font.o
[AS ]	Fonts/build/GlyphItem/FontItem_960E.font.o
[AS ]	Fonts/build/GlyphItem/FontItem_6CBF.font.o
[AS ]	Fonts/build/GlyphItem/FontItem_5944.font.o
[AS ]	Fonts/build/GlyphItem/FontItem_884D.font.o
[AS ]	Fonts/build/GlyphItem/FontItem_5830.font.o
[AS ]	Fonts/build/GlyphItem/FontItem_71D5.font.o
[AS ]	Fonts/build/GlyphItem/FontItem_781A.font.o
[AS ]	Fonts/build/GlyphItem/FontItem_96C1.font.o
[AS ]	Fonts/build/GlyphItem/FontItem_5501.font.o
[AS ]	Fonts/build/GlyphItem/FontItem_5BB4.font.o
[AS ]	Fonts/build/GlyphItem/FontItem_5F66.font.o
[AS ]	Fonts/build/GlyphItem/FontItem_8C1A.font.o
[AS ]	Fonts/build/GlyphItem/FontItem_6B83.font.o
[AS ]	Fonts/build/GlyphItem/FontItem_592E.font.o
[AS ]	Fonts/build/GlyphItem/FontItem_9E2F.font.o
[AS ]	Fonts/build/GlyphItem/FontItem_79E7.font.o
[AS ]	Fonts/build/GlyphItem/FontItem_4F6F.font.o
[AS ]	Fonts/build/GlyphItem/FontItem_75A1.font.o
[AS ]	Fonts/build/GlyphItem/FontItem_7F8A.font.o
[AS ]	Fonts/build/GlyphItem/FontItem_6D0B.font.o
[AS ]	Fonts/build/GlyphItem/FontItem_6C27.font.o
[AS ]	Fonts/build/GlyphItem/FontItem_75D2.font.o
[AS ]	Fonts/build/GlyphItem/FontItem_6F3E.font.o
[AS ]	Fonts/build/GlyphItem/FontItem_8170.font.o
[AS ]	Fonts/build/GlyphItem/FontItem_7476.font.o
[AS ]	Fonts/build/GlyphItem/FontItem_5C27.font.o
[AS ]	Fonts/build/GlyphItem/FontItem_7A91.font.o
[AS ]	Fonts/build/GlyphItem/FontItem_8C23.font.o
[AS ]	Fonts/build/GlyphItem/FontItem_59DA.font.o
[AS ]	Fonts/build/GlyphItem/FontItem_54AC.font.o
[AS ]	Fonts/build/GlyphItem/FontItem_8200.font.o
[AS ]	Fonts/build/GlyphItem/FontItem_8000.font.o
[AS ]	Fonts/build/GlyphItem/FontItem_6930.font.o
[AS ]	Fonts/build/GlyphItem/FontItem_564E.font.o
[AS ]	Fonts/build/GlyphItem/FontItem_8036.font.o
[AS ]	Fonts/build/GlyphItem/FontItem_51B6.font.o
[AS ]	Fonts/build/GlyphItem/FontItem_9875.font.o
[AS ]	Fonts/build/GlyphItem/FontItem_6396.font.o
[AS ]	Fonts/build/GlyphItem/FontItem_53F6.font.o
[AS ]	Fonts/build/GlyphItem/FontItem_66F3.font.o
[AS ]	Fonts/build/GlyphItem/FontItem_814B.font.o
[AS ]	Fonts/build/GlyphItem/FontItem_6DB2.font.o
[AS ]	Fonts/build/GlyphItem/FontItem_58F9.font.o
[AS ]	Fonts/build/GlyphItem/FontItem_63D6.font.o
[AS ]	Fonts/build/GlyphItem/FontItem_94F1.font.o
[AS ]	Fonts/build/GlyphItem/FontItem_5937.font.o
[AS ]	Fonts/build/GlyphItem/FontItem_80F0.font.o
[AS ]	Fonts/build/GlyphItem/FontItem_6C82.font.o
[AS ]	Fonts/build/GlyphItem/FontItem_5F5D.font.o
[AS ]	Fonts/build/GlyphItem/FontItem_6905.font.o
[AS ]	Fonts/build/GlyphItem/FontItem_8681.font.o
[AS ]	Fonts/build/GlyphItem/FontItem_501A.font.o
[AS ]	Fonts/build/GlyphItem/FontItem_4E59.font.o
[AS ]	Fonts/build/GlyphItem/FontItem_77E3.font.o
[AS ]	Fonts/build/GlyphItem/FontItem_6291.font.o
[AS ]	Fonts/build/GlyphItem/FontItem_9091.font.o
[AS ]	Fonts/build/GlyphItem/FontItem_5C79.font.o
[AS ]	Fonts/build/GlyphItem/FontItem_4EBF.font.o
[AS ]	Fonts/build/GlyphItem/FontItem_81C6.font.o
[AS ]	Fonts/build/GlyphItem/FontItem_9038.font.o
[AS ]	Fonts/build/GlyphItem/FontItem_8084.font.o
[AS ]	Fonts/build/GlyphItem/FontItem_75AB.font.o
[AS ]	Fonts/build/GlyphItem/FontItem_4EA6.font.o
[AS ]	Fonts/build/GlyphItem/FontItem_8C0A.font.o
[AS ]	Fonts/build/GlyphItem/FontItem_8BD1.font.o
[AS ]	Fonts/build/GlyphItem/FontItem_7FCC.font.o
[AS ]	Fonts/build/GlyphItem/FontItem_8335.font.o
[AS ]	Fonts/build/GlyphItem/FontItem_6BB7.font.o
[AS ]	Fonts/build/GlyphItem/FontItem_59FB.font.o
[AS ]	Fonts/build/GlyphItem/FontItem_836B.font.o
[AS ]	Fonts/build/GlyphItem/FontItem_6DEB.font.o
[AS ]	Fonts/build/GlyphItem/FontItem_5BC5.font.o
[AS ]	Fonts/build/GlyphItem/FontItem_996E.font.o
[AS ]	Fonts/build/GlyphItem/FontItem_5C39.font.o
[AS ]	Fonts/build/GlyphItem/FontItem_6A31.font.o
[AS ]	Fonts/build/GlyphItem/FontItem_5A74.font.o
[AS ]	Fonts/build/GlyphItem/FontItem_9E70.font.o
[AS ]	Fonts/build/GlyphItem/FontItem_7F28.font.o
[AS ]	Fonts/build/GlyphItem/FontItem_83B9.font.o
[AS ]	Fonts/build/GlyphItem/FontItem_8425.font.o
[AS ]	Fonts/build/GlyphItem/FontItem_8747.font.o
[AS ]	Fonts/build/GlyphItem/FontItem_8367.font.o
[AS ]	Fonts/build/GlyphItem/FontItem_76C8.font.o
[AS ]	Fonts/build/GlyphItem/FontItem_9896.font.o
[AS ]	Fonts/build/GlyphItem/FontItem_6620.font.o
[AS ]	Fonts/build/GlyphItem/FontItem_54DF.font.o
[AS ]	Fonts/build/GlyphItem/FontItem_81C3.font.o
[AS ]	Fonts/build/GlyphItem/FontItem_75C8.font.o
[AS ]	Fonts/build/GlyphItem/FontItem_5EB8.font.o
[AS ]	Fonts/build/GlyphItem/FontItem_96CD.font.o
[AS ]	Fonts/build/GlyphItem/FontItem_8E0A.font.o
[AS ]	Fonts/build/GlyphItem/FontItem_86F9.font.o
[AS ]	Fonts/build/GlyphItem/FontItem_548F.font.o
[AS ]	Fonts/build/GlyphItem/FontItem_6CF3.font.o
[AS ]	Fonts/build/GlyphItem/FontItem_6D8C.font.o
[AS ]	Fonts/build/GlyphItem/FontItem_607F.font.o
[AS ]	Fonts/build/GlyphItem/FontItem_90AE.font.o
[AS ]	Fonts/build/GlyphItem/FontItem_94C0.font.o
[AS ]	Fonts/build/GlyphItem/FontItem_6CB9.font.o
[AS ]	Fonts/build/GlyphItem/FontItem_9149.font.o
[AS ]	Fonts/build/GlyphItem/FontItem_4F51.font.o
[AS ]	Fonts/build/GlyphItem/FontItem_91C9.font.o
[AS ]	Fonts/build/GlyphItem/FontItem_8BF1.font.o
[AS ]	Fonts/build/GlyphItem/FontItem_8FC2.font.o
[AS ]	Fonts/build/GlyphItem/FontItem_6DE4.font.o
[AS ]	Fonts/build/GlyphItem/FontItem_76C2.font.o
[AS ]	Fonts/build/GlyphItem/FontItem_6986.font.o
[AS ]	Fonts/build/GlyphItem/FontItem_865E.font.o
[AS ]	Fonts/build/GlyphItem/FontItem_611A.font.o
[AS ]	Fonts/build/GlyphItem/FontItem_4FDE.font.o
[AS ]	Fonts/build/GlyphItem/FontItem_8206.font.o
[AS ]	Fonts/build/GlyphItem/FontItem_903E.font.o
[AS ]	Fonts/build/GlyphItem/FontItem_9C7C.font.o
[AS ]	Fonts/build/GlyphItem/FontItem_6E1D.font.o
[AS ]	Fonts/build/GlyphItem/FontItem_6E14.font.o
[AS ]	Fonts/build/GlyphItem/FontItem_9685.font.o
[AS ]	Fonts/build/GlyphItem/FontItem_5A31.font.o
[AS ]	Fonts/build/GlyphItem/FontItem_79B9.font.o
[AS ]	Fonts/build/GlyphItem/FontItem_5B87.font.o
[AS ]	Fonts/build/GlyphItem/FontItem_828B.font.o
[AS ]	Fonts/build/GlyphItem/FontItem_5401.font.o
[AS ]	Fonts/build/GlyphItem/FontItem_55BB.font.o
[AS ]	Fonts/build/GlyphItem/FontItem_5CEA.font.o
[AS ]	Fonts/build/GlyphItem/FontItem_6D74.font.o
[AS ]	Fonts/build/GlyphItem/FontItem_5BD3.font.o
[AS ]	Fonts/build/GlyphItem/FontItem_88D5.font.o
[AS ]	Fonts/build/GlyphItem/FontItem_9A6D.font.o
[AS ]	Fonts/build/GlyphItem/FontItem_9E33.font.o
[AS ]	Fonts/build/GlyphItem/FontItem_6E0A.font.o
[AS ]	Fonts/build/GlyphItem/FontItem_51A4.font.o
[AS ]	Fonts/build/GlyphItem/FontItem_57A3.font.o
[AS ]	Fonts/build/GlyphItem/FontItem_8881.font.o
[AS ]	Fonts/build/GlyphItem/FontItem_8F95.font.o
[AS ]	Fonts/build/GlyphItem/FontItem_733F.font.o
[AS ]	Fonts/build/GlyphItem/FontItem_82D1.font.o
[AS ]	Fonts/build/GlyphItem/FontItem_6028.font.o
[AS ]	Fonts/build/GlyphItem/FontItem_7CA4.font.o
[AS ]	Fonts/build/GlyphItem/FontItem_66F0.font.o
[AS ]	Fonts/build/GlyphItem/FontItem_9605.font.o
[AS ]	Fonts/build/GlyphItem/FontItem_8018.font.o
[AS ]	Fonts/build/GlyphItem/FontItem_4E91.font.o
[AS ]	Fonts/build/GlyphItem/FontItem_90E7.font.o
[AS ]	Fonts/build/GlyphItem/FontItem_5300.font.o
[AS ]	Fonts/build/GlyphItem/FontItem_9668.font.o
[AS ]	Fonts/build/GlyphItem/FontItem_5141.font.o
[AS ]	Fonts/build/GlyphItem/FontItem_8574.font.o
[AS ]	Fonts/build/GlyphItem/FontItem_915D.font.o
[AS ]	Fonts/build/GlyphItem/FontItem_6655.font.o
[AS ]	Fonts/build/GlyphItem/FontItem_97F5.font.o
[AS ]	Fonts/build/GlyphItem/FontItem_531D.font.o
[AS ]	Fonts/build/GlyphItem/FontItem_7838.font.o
[AS ]	Fonts/build/GlyphItem/FontItem_6742.font.o
[AS ]	Fonts/build/GlyphItem/FontItem_683D.font.o
[AS ]	Fonts/build/GlyphItem/FontItem_54C9.font.o
[AS ]	Fonts/build/GlyphItem/FontItem_54B1.font.o
[AS ]	Fonts/build/GlyphItem/FontItem_6512.font.o
[AS ]	Fonts/build/GlyphItem/FontItem_8D43.font.o
[AS ]	Fonts/build/GlyphItem/FontItem_810F.font.o
[AS ]	Fonts/build/GlyphItem/FontItem_846C.font.o
[AS ]	Fonts/build/GlyphItem/FontItem_7CDF.font.o
[AS ]	Fonts/build/GlyphItem/FontItem_51FF.font.o
[AS ]	Fonts/build/GlyphItem/FontItem_85FB.font.o
[AS ]	Fonts/build/GlyphItem/FontItem_67A3.font.o
[AS ]	Fonts/build/GlyphItem/FontItem_6FA1.font.o
[AS ]	Fonts/build/GlyphItem/FontItem_86A4.font.o
[AS ]	Fonts/build/GlyphItem/FontItem_8E81.font.o
[AS ]	Fonts/build/GlyphItem/FontItem_566A.font.o
[AS ]	Fonts/build/GlyphItem/FontItem_7682.font.o
[AS ]	Fonts/build/GlyphItem/FontItem_7076.font.o
[AS ]	Fonts/build/GlyphItem/FontItem_71E5.font.o
[AS ]	Fonts/build/GlyphItem/FontItem_8D60.font.o
[AS ]	Fonts/build/GlyphItem/FontItem_55B3.font.o
[AS ]	Fonts/build/GlyphItem/FontItem_672D.font.o
[AS ]	Fonts/build/GlyphItem/FontItem_6E23.font.o
[AS ]	Fonts/build/GlyphItem/FontItem_8F67.font.o
[AS ]	Fonts/build/GlyphItem/FontItem_94E1.font.o
[AS ]	Fonts/build/GlyphItem/FontItem_95F8.font.o
[AS ]	Fonts/build/GlyphItem/FontItem_7728.font.o
[AS ]	Fonts/build/GlyphItem/FontItem_6805.font.o
[AS ]	Fonts/build/GlyphItem/FontItem_69A8.font.o
[AS ]	Fonts/build/GlyphItem/FontItem_548B.font.o
[AS ]	Fonts/build/GlyphItem/FontItem_4E4D.font.o
[AS ]	Fonts/build/GlyphItem/FontItem_70B8.font.o
[AS ]	Fonts/build/GlyphItem/FontItem_8BC8.font.o
[AS ]	Fonts/build/GlyphItem/FontItem_6458.font.o
[AS ]	Fonts/build/GlyphItem/FontItem_658B.font.o
[AS ]	Fonts/build/GlyphItem/FontItem_7A84.font.o
[AS ]	Fonts/build/GlyphItem/FontItem_503A.font.o
[AS ]	Fonts/build/GlyphItem/FontItem_77BB.font.o
[AS ]	Fonts/build/GlyphItem/FontItem_6BE1.font.o
[AS ]	Fonts/build/GlyphItem/FontItem_8A79.font.o
[AS ]	Fonts/build/GlyphItem/FontItem_7C98.font.o
[AS ]	Fonts/build/GlyphItem/FontItem_6CBE.font.o
[AS ]	Fonts/build/GlyphItem/FontItem_76CF.font.o
[AS ]	Fonts/build/GlyphItem/FontItem_8F97.font.o
[AS ]	Fonts/build/GlyphItem/FontItem_5D2D.font.o
[AS ]	Fonts/build/GlyphItem/FontItem_8638.font.o
[AS ]	Fonts/build/GlyphItem/FontItem_6808.font.o
[AS ]	Fonts/build/GlyphItem/FontItem_7EFD.font.o
[AS ]	Fonts/build/GlyphItem/FontItem_6F33.font.o
[AS ]	Fonts/build/GlyphItem/FontItem_6A1F.font.o
[AS ]	Fonts/build/GlyphItem/FontItem_6DA8.font.o
[AS ]	Fonts/build/GlyphItem/FontItem_8D26.font.o
[AS ]	Fonts/build/GlyphItem/FontItem_4ED7.font.o
[AS ]	Fonts/build/GlyphItem/FontItem_80C0.font.o
[AS ]	Fonts/build/GlyphItem/FontItem_7634.font.o
[AS ]	Fonts/build/GlyphItem/FontItem_662D.font.o
[AS ]	Fonts/build/GlyphItem/FontItem_6CBC.font.o
[AS ]	Fonts/build/GlyphItem/FontItem_8D75.font.o
[AS ]	Fonts/build/GlyphItem/FontItem_5146.font.o
[AS ]	Fonts/build/GlyphItem/FontItem_8087.font.o
[AS ]	Fonts/build/GlyphItem/FontItem_906E.font.o
[AS ]	Fonts/build/GlyphItem/FontItem_6298.font.o
[AS ]	Fonts/build/GlyphItem/FontItem_86F0.font.o
[AS ]	Fonts/build/GlyphItem/FontItem_54F2.font.o
[AS ]	Fonts/build/GlyphItem/FontItem_8F99.font.o
[AS ]	Fonts/build/GlyphItem/FontItem_9517.font.o
[AS ]	Fonts/build/GlyphItem/FontItem_8517.font.o
[AS ]	Fonts/build/GlyphItem/FontItem_6D59.font.o
[AS ]	Fonts/build/GlyphItem/FontItem_659F.font.o
[AS ]	Fonts/build/GlyphItem/FontItem_7504.font.o
[AS ]	Fonts/build/GlyphItem/FontItem_7827.font.o
[AS ]	Fonts/build/GlyphItem/FontItem_81FB.font.o
[AS ]	Fonts/build/GlyphItem/FontItem_8D1E.font.o
[AS ]	Fonts/build/GlyphItem/FontItem_9488.font.o
[AS ]	Fonts/build/GlyphItem/FontItem_6795.font.o
[AS ]	Fonts/build/GlyphItem/FontItem_75B9.font.o
[AS ]	Fonts/build/GlyphItem/FontItem_8BCA.font.o
[AS ]	Fonts/build/GlyphItem/FontItem_84B8.font.o
[AS ]	Fonts/build/GlyphItem/FontItem_6323.font.o
[AS ]	Fonts/build/GlyphItem/FontItem_7741.font.o
[AS ]	Fonts/build/GlyphItem/FontItem_72F0.font.o
[AS ]	Fonts/build/GlyphItem/FontItem_6014.font.o
[AS ]	Fonts/build/GlyphItem/FontItem_62EF.font.o
[AS ]	Fonts/build/GlyphItem/FontItem_5E27.font.o
[AS ]	Fonts/build/GlyphItem/FontItem_90D1.font.o
[AS ]	Fonts/build/GlyphItem/FontItem_829D.font.o
[AS ]	Fonts/build/GlyphItem/FontItem_679D.font.o
[AS ]	Fonts/build/GlyphItem/FontItem_5431.font.o
[AS ]	Fonts/build/GlyphItem/FontItem_80A2.font.o
[AS ]	Fonts/build/GlyphItem/FontItem_8102.font.o
[AS ]	Fonts/build/GlyphItem/FontItem_6C41.font.o
[AS ]	Fonts/build/GlyphItem/FontItem_690D.font.o
[AS ]	Fonts/build/GlyphItem/FontItem_6B96.font.o
[AS ]	Fonts/build/GlyphItem/FontItem_4F84.font.o
[AS ]	Fonts/build/GlyphItem/FontItem_8DBE.font.o
[AS ]	Fonts/build/GlyphItem/FontItem_65E8.font.o
[AS ]	Fonts/build/GlyphItem/FontItem_7EB8.font.o
[AS ]	Fonts/build/GlyphItem/FontItem_631A.font.o
[AS ]	Fonts/build/GlyphItem/FontItem_5E1C.font.o
[AS ]	Fonts/build/GlyphItem/FontItem_5CD9.font.o
[AS ]	Fonts/build/GlyphItem/FontItem_79E9.font.o
[AS ]	Fonts/build/GlyphItem/FontItem_7A1A.font.o
[AS ]	Fonts/build/GlyphItem/FontItem_7099.font.o
[AS ]	Fonts/build/GlyphItem/FontItem_75D4.font.o
[AS ]	Fonts/build/GlyphItem/FontItem_7A92.font.o
[AS ]	Fonts/build/GlyphItem/FontItem_76C5.font.o
[AS ]	Fonts/build/GlyphItem/FontItem_949F.font.o
[AS ]	Fonts/build/GlyphItem/FontItem_80BF.font.o
[AS ]	Fonts/build/GlyphItem/FontItem_4EF2.font.o
[AS ]	Fonts/build/GlyphItem/FontItem_821F.font.o
[AS ]	Fonts/build/GlyphItem/FontItem_5DDE.font.o
[AS ]	Fonts/build/GlyphItem/FontItem_6D32.font.o
[AS ]	Fonts/build/GlyphItem/FontItem_8BCC.font.o
[AS ]	Fonts/build/GlyphItem/FontItem_7CA5.font.o
[AS ]	Fonts/build/GlyphItem/FontItem_8098.font.o
[AS ]	Fonts/build/GlyphItem/FontItem_8F74.font.o
[AS ]	Fonts/build/GlyphItem/FontItem_5E1A.font.o
[AS ]	Fonts/build/GlyphItem/FontItem_5492.font.o
[AS ]	Fonts/build/GlyphItem/FontItem_76B1.font.o
[AS ]	Fonts/build/GlyphItem/FontItem_5B99.font.o
[AS ]	Fonts/build/GlyphItem/FontItem_9AA4.font.o
[AS ]	Fonts/build/GlyphItem/FontItem_73E0.font.o
[AS ]	Fonts/build/GlyphItem/FontItem_682A.font.o
[AS ]	Fonts/build/GlyphItem/FontItem_732A.font.o
[AS ]	Fonts/build/GlyphItem/FontItem_8BF8.font.o
[AS ]	Fonts/build/GlyphItem/FontItem_8BDB.font.o
[AS ]	Fonts/build/GlyphItem/FontItem_70DB.font.o
[AS ]	Fonts/build/GlyphItem/FontItem_716E.font.o
[AS ]	Fonts/build/GlyphItem/FontItem_62C4.font.o
[AS ]	Fonts/build/GlyphItem/FontItem_77A9.font.o
[AS ]	Fonts/build/GlyphItem/FontItem_5631.font.o
[AS ]	Fonts/build/GlyphItem/FontItem_86C0.font.o
[AS ]	Fonts/build/GlyphItem/FontItem_8D2E.font.o
[AS ]	Fonts/build/GlyphItem/FontItem_94F8.font.o
[AS ]	Fonts/build/GlyphItem/FontItem_7B51.font.o
[AS ]	Fonts/build/GlyphItem/FontItem_6293.font.o
[AS ]	Fonts/build/GlyphItem/FontItem_62FD.font.o
[AS ]	Fonts/build/GlyphItem/FontItem_7816.font.o
[AS ]	Fonts/build/GlyphItem/FontItem_64B0.font.o
[AS ]	Fonts/build/GlyphItem/FontItem_7BC6.font.o
[AS ]	Fonts/build/GlyphItem/FontItem_6869.font.o
[AS ]	Fonts/build/GlyphItem/FontItem_5986.font.o
[AS ]	Fonts/build/GlyphItem/FontItem_649E.font.o
[AS ]	Fonts/build/GlyphItem/FontItem_690E.font.o
[AS ]	Fonts/build/GlyphItem/FontItem_9525.font.o
[AS ]	Fonts/build/GlyphItem/FontItem_8D58.font.o
[AS ]	Fonts/build/GlyphItem/FontItem_7F00.font.o
[AS ]	Fonts/build/GlyphItem/FontItem_8C06.font.o
[AS ]	Fonts/build/GlyphItem/FontItem_6349.font.o
[AS ]	Fonts/build/GlyphItem/FontItem_62D9.font.o
[AS ]	Fonts/build/GlyphItem/FontItem_7422.font.o
[AS ]	Fonts/build/GlyphItem/FontItem_684C.font.o
[AS ]	Fonts/build/GlyphItem/FontItem_8301.font.o
[AS ]	Fonts/build/GlyphItem/FontItem_914C.font.o
[AS ]	Fonts/build/GlyphItem/FontItem_5544.font.o
[AS ]	Fonts/build/GlyphItem/FontItem_6D4A.font.o
[AS ]	Fonts/build/GlyphItem/FontItem_54A8.font.o
[AS ]	Fonts/build/GlyphItem/FontItem_6DC4.font.o
[AS ]	Fonts/build/GlyphItem/FontItem_5B5C.font.o
[AS ]	Fonts/build/GlyphItem/FontItem_4ED4.font.o
[AS ]	Fonts/build/GlyphItem/FontItem_7C7D.font.o
[AS ]	Fonts/build/GlyphItem/FontItem_6ED3.font.o
[AS ]	Fonts/build/GlyphItem/FontItem_6E0D.font.o
[AS ]	Fonts/build/GlyphItem/FontItem_9B03.font.o
[AS ]	Fonts/build/GlyphItem/FontItem_68D5.font.o
[AS ]	Fonts/build/GlyphItem/FontItem_90B9.font.o
[AS ]	Fonts/build/GlyphItem/FontItem_63CD.font.o
[AS ]	Fonts/build/GlyphItem/FontItem_79DF.font.o
[AS ]	Fonts/build/GlyphItem/FontItem_5352.font.o
[AS ]	Fonts/build/GlyphItem/FontItem_8BC5.font.o
[AS ]	Fonts/build/GlyphItem/FontItem_94BB.font.o
[AS ]	Fonts/build/GlyphItem/FontItem_7E82.font.o
[AS ]	Fonts/build/GlyphItem/FontItem_9189.font.o
[AS ]	Fonts/build/GlyphItem/FontItem_6628.font.o
[AS ]	Fonts/build/GlyphItem/FontItem_9075.font.o
[AS ]	Fonts/build/GlyphItem/FontItem_4E8D.font.o
[AS ]	Fonts/build/GlyphItem/FontItem_67DE.font.o
[AS ]	Fonts/build/GlyphItem/FontItem_4E0C.font.o
[AS ]	Fonts/build/GlyphItem/FontItem_5140.font.o
[AS ]	Fonts/build/GlyphItem/FontItem_4E10.font.o
[AS ]	Fonts/build/GlyphItem/FontItem_5EFF.font.o
[AS ]	Fonts/build/GlyphItem/FontItem_5345.font.o
[AS ]	Fonts/build/GlyphItem/FontItem_4E15.font.o
[AS ]	Fonts/build/GlyphItem/FontItem_4E98.font.o
[AS ]	Fonts/build/GlyphItem/FontItem_4E1E.font.o
[AS ]	Fonts/build/GlyphItem/FontItem_9B32.font.o
[AS ]	Fonts/build/GlyphItem/FontItem_5B6C.font.o
[AS ]	Fonts/build/GlyphItem/FontItem_5669.font.o
[AS ]	Fonts/build/GlyphItem/FontItem_4E28.font.o
[AS ]	Fonts/build/GlyphItem/FontItem_79BA.font.o
[AS ]	Fonts/build/GlyphItem/FontItem_4E3F.font.o
[AS ]	Fonts/build/GlyphItem/FontItem_5315.font.o
[AS ]	Fonts/build/GlyphItem/FontItem_4E47.font.o
[AS ]	Fonts/build/GlyphItem/FontItem_592D.font.o
[AS ]	Fonts/build/GlyphItem/FontItem_723B.font.o
[AS ]	Fonts/build/GlyphItem/FontItem_6C10.font.o
[AS ]	Fonts/build/GlyphItem/FontItem_536E.font.o
[AS ]	Fonts/build/GlyphItem/FontItem_56DF.font.o
[AS ]	Fonts/build/GlyphItem/FontItem_80E4.font.o
[AS ]	Fonts/build/GlyphItem/FontItem_9997.font.o
[AS ]	Fonts/build/GlyphItem/FontItem_6BD3.font.o
[AS ]	Fonts/build/GlyphItem/FontItem_777E.font.o
[AS ]	Fonts/build/GlyphItem/FontItem_9F17.font.o
[AS ]	Fonts/build/GlyphItem/FontItem_4E36.font.o
[AS ]	Fonts/build/GlyphItem/FontItem_4E9F.font.o
[AS ]	Fonts/build/GlyphItem/FontItem_9F10.font.o
[AS ]	Fonts/build/GlyphItem/FontItem_4E5C.font.o
[AS ]	Fonts/build/GlyphItem/FontItem_4E69.font.o
[AS ]	Fonts/build/GlyphItem/FontItem_4E93.font.o
[AS ]	Fonts/build/GlyphItem/FontItem_8288.font.o
[AS ]	Fonts/build/GlyphItem/FontItem_5B5B.font.o
[AS ]	Fonts/build/GlyphItem/FontItem_556C.font.o
[AS ]	Fonts/build/GlyphItem/FontItem_4EC4.font.o
[AS ]	Fonts/build/GlyphItem/FontItem_560F.font.o
[AS ]	Fonts/build/GlyphItem/FontItem_538D.font.o
[AS ]	Fonts/build/GlyphItem/FontItem_539D.font.o
[AS ]	Fonts/build/GlyphItem/FontItem_53A3.font.o
[AS ]	Fonts/build/GlyphItem/FontItem_53AE.font.o
[AS ]	Fonts/build/GlyphItem/FontItem_53A5.font.o
[AS ]	Fonts/build/GlyphItem/FontItem_9765.font.o
[AS ]	Fonts/build/GlyphItem/FontItem_8D5D.font.o
[AS ]	Fonts/build/GlyphItem/FontItem_531A.font.o
[AS ]	Fonts/build/GlyphItem/FontItem_53F5.font.o
[AS ]	Fonts/build/GlyphItem/FontItem_5326.font.o
[AS ]	Fonts/build/GlyphItem/FontItem_532E.font.o
[AS ]	Fonts/build/GlyphItem/FontItem_533E.font.o
[AS ]	Fonts/build/GlyphItem/FontItem_8D5C.font.o
[AS ]	Fonts/build/GlyphItem/FontItem_5366.font.o
[AS ]	Fonts/build/GlyphItem/FontItem_5363.font.o
[AS ]	Fonts/build/GlyphItem/FontItem_5202.font.o
[AS ]	Fonts/build/GlyphItem/FontItem_5208.font.o
[AS ]	Fonts/build/GlyphItem/FontItem_520E.font.o
[AS ]	Fonts/build/GlyphItem/FontItem_522D.font.o
[AS ]	Fonts/build/GlyphItem/FontItem_5233.font.o
[AS ]	Fonts/build/GlyphItem/FontItem_523F.font.o
[AS ]	Fonts/build/GlyphItem/FontItem_5240.font.o
[AS ]	Fonts/build/GlyphItem/FontItem_524C.font.o
[AS ]	Fonts/build/GlyphItem/FontItem_525E.font.o
[AS ]	Fonts/build/GlyphItem/FontItem_5261.font.o
[AS ]	Fonts/build/GlyphItem/FontItem_525C.font.o
[AS ]	Fonts/build/GlyphItem/FontItem_84AF.font.o
[AS ]	Fonts/build/GlyphItem/FontItem_527D.font.o
[AS ]	Fonts/build/GlyphItem/FontItem_5282.font.o
[AS ]	Fonts/build/GlyphItem/FontItem_5281.font.o
[AS ]	Fonts/build/GlyphItem/FontItem_5290.font.o
[AS ]	Fonts/build/GlyphItem/FontItem_5293.font.o
[AS ]	Fonts/build/GlyphItem/FontItem_5182.font.o
[AS ]	Fonts/build/GlyphItem/FontItem_7F54.font.o
[AS ]	Fonts/build/GlyphItem/FontItem_4EC3.font.o
[AS ]	Fonts/build/GlyphItem/FontItem_4EBB.font.o
[AS ]	Fonts/build/GlyphItem/FontItem_4EC9.font.o
[AS ]	Fonts/build/GlyphItem/FontItem_4EC2.font.o
[AS ]	Fonts/build/GlyphItem/FontItem_4EE8.font.o
[AS ]	Fonts/build/GlyphItem/FontItem_4EE1.font.o
[AS ]	Fonts/build/GlyphItem/FontItem_4EEB.font.o
[AS ]	Fonts/build/GlyphItem/FontItem_4EDE.font.o
[AS ]	Fonts/build/GlyphItem/FontItem_4F1B.font.o
[AS ]	Fonts/build/GlyphItem/FontItem_4EF3.font.o
[AS ]	Fonts/build/GlyphItem/FontItem_4F22.font.o
[AS ]	Fonts/build/GlyphItem/FontItem_4F64.font.o
[AS ]	Fonts/build/GlyphItem/FontItem_4EF5.font.o
[AS ]	Fonts/build/GlyphItem/FontItem_4F25.font.o
[AS ]	Fonts/build/GlyphItem/FontItem_4F27.font.o
[AS ]	Fonts/build/GlyphItem/FontItem_4F09.font.o
[AS ]	Fonts/build/GlyphItem/FontItem_4F2B.font.o
[AS ]	Fonts/build/GlyphItem/FontItem_4F5E.font.o
[AS ]	Fonts/build/GlyphItem/FontItem_4F67.font.o
[AS ]	Fonts/build/GlyphItem/FontItem_6538.font.o
[AS ]	Fonts/build/GlyphItem/FontItem_4F5A.font.o
[AS ]	Fonts/build/GlyphItem/FontItem_4F5D.font.o
[AS ]	Fonts/build/GlyphItem/FontItem_4F5F.font.o
[AS ]	Fonts/build/GlyphItem/FontItem_4F57.font.o
[AS ]	Fonts/build/GlyphItem/FontItem_4F32.font.o
[AS ]	Fonts/build/GlyphItem/FontItem_4F3D.font.o
[AS ]	Fonts/build/GlyphItem/FontItem_4F74.font.o
[AS ]	Fonts/build/GlyphItem/FontItem_4F76.font.o
[AS ]	Fonts/build/GlyphItem/FontItem_4F91.font.o
[AS ]	Fonts/build/GlyphItem/FontItem_4F89.font.o
[AS ]	Fonts/build/GlyphItem/FontItem_4F83.font.o
[AS ]	Fonts/build/GlyphItem/FontItem_4F8F.font.o
[AS ]	Fonts/build/GlyphItem/FontItem_4F7E.font.o
[AS ]	Fonts/build/GlyphItem/FontItem_4F7B.font.o
[AS ]	Fonts/build/GlyphItem/FontItem_4FAA.font.o
[AS ]	Fonts/build/GlyphItem/FontItem_4F7C.font.o
[AS ]	Fonts/build/GlyphItem/FontItem_4FAC.font.o
[AS ]	Fonts/build/GlyphItem/FontItem_4F94.font.o
[AS ]	Fonts/build/GlyphItem/FontItem_4FE6.font.o
[AS ]	Fonts/build/GlyphItem/FontItem_4FE8.font.o
[AS ]	Fonts/build/GlyphItem/FontItem_4FEA.font.o
[AS ]	Fonts/build/GlyphItem/FontItem_4FC5.font.o
[AS ]	Fonts/build/GlyphItem/FontItem_4FDA.font.o
[AS ]	Fonts/build/GlyphItem/FontItem_4FE3.font.o
[AS ]	Fonts/build/GlyphItem/FontItem_4FDC.font.o
[AS ]	Fonts/build/GlyphItem/FontItem_4FD1.font.o
[AS ]	Fonts/build/GlyphItem/FontItem_4FDF.font.o
[AS ]	Fonts/build/GlyphItem/FontItem_5029.font.o
[AS ]	Fonts/build/GlyphItem/FontItem_4FF8.font.o
[AS ]	Fonts/build/GlyphItem/FontItem_504C.font.o
[AS ]	Fonts/build/GlyphItem/FontItem_4FF3.font.o
[AS ]	Fonts/build/GlyphItem/FontItem_500F.font.o
[AS ]	Fonts/build/GlyphItem/FontItem_502C.font.o
[AS ]	Fonts/build/GlyphItem/FontItem_502E.font.o
[AS ]	Fonts/build/GlyphItem/FontItem_4FFE.font.o
[AS ]	Fonts/build/GlyphItem/FontItem_501C.font.o
[AS ]	Fonts/build/GlyphItem/FontItem_500C.font.o
[AS ]	Fonts/build/GlyphItem/FontItem_5025.font.o
[AS ]	Fonts/build/GlyphItem/FontItem_5028.font.o
[AS ]	Fonts/build/GlyphItem/FontItem_507E.font.o
[AS ]	Fonts/build/GlyphItem/FontItem_5043.font.o
[AS ]	Fonts/build/GlyphItem/FontItem_5048.font.o
[AS ]	Fonts/build/GlyphItem/FontItem_5055.font.o
[AS ]	Fonts/build/GlyphItem/FontItem_504E.font.o
[AS ]	Fonts/build/GlyphItem/FontItem_506C.font.o
[AS ]	Fonts/build/GlyphItem/FontItem_507B.font.o
[AS ]	Fonts/build/GlyphItem/FontItem_50A5.font.o
[AS ]	Fonts/build/GlyphItem/FontItem_50A7.font.o
[AS ]	Fonts/build/GlyphItem/FontItem_50A9.font.o
[AS ]	Fonts/build/GlyphItem/FontItem_50BA.font.o
[AS ]	Fonts/build/GlyphItem/FontItem_50D6.font.o
[AS ]	Fonts/build/GlyphItem/FontItem_5106.font.o
[AS ]	Fonts/build/GlyphItem/FontItem_50ED.font.o
[AS ]	Fonts/build/GlyphItem/FontItem_50EC.font.o
[AS ]	Fonts/build/GlyphItem/FontItem_50E6.font.o
[AS ]	Fonts/build/GlyphItem/FontItem_50EE.font.o
[AS ]	Fonts/build/GlyphItem/FontItem_510B.font.o
[AS ]	Fonts/build/GlyphItem/FontItem_5107.font.o
[AS ]	Fonts/build/GlyphItem/FontItem_4EDD.font.o
[AS ]	Fonts/build/GlyphItem/FontItem_6C3D.font.o
[AS ]	Fonts/build/GlyphItem/FontItem_4F58.font.o
[AS ]	Fonts/build/GlyphItem/FontItem_4F65.font.o
[AS ]	Fonts/build/GlyphItem/FontItem_4FCE.font.o
[AS ]	Fonts/build/GlyphItem/FontItem_9FA0.font.o
[AS ]	Fonts/build/GlyphItem/FontItem_6C46.font.o
[AS ]	Fonts/build/GlyphItem/FontItem_7C74.font.o
[AS ]	Fonts/build/GlyphItem/FontItem_516E.font.o
[AS ]	Fonts/build/GlyphItem/FontItem_5DFD.font.o
[AS ]	Fonts/build/GlyphItem/FontItem_9EC9.font.o
[AS ]	Fonts/build/GlyphItem/FontItem_9998.font.o
[AS ]	Fonts/build/GlyphItem/FontItem_5181.font.o
[AS ]	Fonts/build/GlyphItem/FontItem_5914.font.o
[AS ]	Fonts/build/GlyphItem/FontItem_52F9.font.o
[AS ]	Fonts/build/GlyphItem/FontItem_530D.font.o
[AS ]	Fonts/build/GlyphItem/FontItem_8A07.font.o
[AS ]	Fonts/build/GlyphItem/FontItem_5310.font.o
[AS ]	Fonts/build/GlyphItem/FontItem_51EB.font.o
[AS ]	Fonts/build/GlyphItem/FontItem_5919.font.o
[AS ]	Fonts/build/GlyphItem/FontItem_5155.font.o
[AS ]	Fonts/build/GlyphItem/FontItem_4EA0.font.o
[AS ]	Fonts/build/GlyphItem/FontItem_5156.font.o
[AS ]	Fonts/build/GlyphItem/FontItem_4EB3.font.o
[AS ]	Fonts/build/GlyphItem/FontItem_886E.font.o
[AS ]	Fonts/build/GlyphItem/FontItem_88A4.font.o
[AS ]	Fonts/build/GlyphItem/FontItem_4EB5.font.o
[AS ]	Fonts/build/GlyphItem/FontItem_8114.font.o
[AS ]	Fonts/build/GlyphItem/FontItem_88D2.font.o
[AS ]	Fonts/build/GlyphItem/FontItem_7980.font.o
[AS ]	Fonts/build/GlyphItem/FontItem_5B34.font.o
[AS ]	Fonts/build/GlyphItem/FontItem_8803.font.o
[AS ]	Fonts/build/GlyphItem/FontItem_7FB8.font.o
[AS ]	Fonts/build/GlyphItem/FontItem_51AB.font.o
[AS ]	Fonts/build/GlyphItem/FontItem_51B1.font.o
[AS ]	Fonts/build/GlyphItem/FontItem_51BD.font.o
[AS ]	Fonts/build/GlyphItem/FontItem_51BC.font.o
[AS ]	Fonts/build/GlyphItem/FontItem_51C7.font.o
[AS ]	Fonts/build/GlyphItem/FontItem_5196.font.o
[AS ]	Fonts/build/GlyphItem/FontItem_51A2.font.o
[AS ]	Fonts/build/GlyphItem/FontItem_51A5.font.o
[AS ]	Fonts/build/GlyphItem/FontItem_8BA0.font.o
[AS ]	Fonts/build/GlyphItem/FontItem_8BA6.font.o
[AS ]	Fonts/build/GlyphItem/FontItem_8BA7.font.o
[AS ]	Fonts/build/GlyphItem/FontItem_8BB4.font.o
[AS ]	Fonts/build/GlyphItem/FontItem_8BB5.font.o
[AS ]	Fonts/build/GlyphItem/FontItem_8BB7.font.o
[AS ]	Fonts/build/GlyphItem/FontItem_8BC2.font.o
[AS ]	Fonts/build/GlyphItem/FontItem_8BC3.font.o
[AS ]	Fonts/build/GlyphItem/FontItem_8BCB.font.o
[AS ]	Fonts/build/GlyphItem/FontItem_8BCF.font.o
[AS ]	Fonts/build/GlyphItem/FontItem_8BCE.font.o
[AS ]	Fonts/build/GlyphItem/FontItem_8BD2.font.o
[AS ]	Fonts/build/GlyphItem/FontItem_8BD3.font.o
[AS ]	Fonts/build/GlyphItem/FontItem_8BD4.font.o
[AS ]	Fonts/build/GlyphItem/FontItem_8BD6.font.o
[AS ]	Fonts/build/GlyphItem/FontItem_8BD8.font.o
[AS ]	Fonts/build/GlyphItem/FontItem_8BD9.font.o
[AS ]	Fonts/build/GlyphItem/FontItem_8BDC.font.o
[AS ]	Fonts/build/GlyphItem/FontItem_8BDF.font.o
[AS ]	Fonts/build/GlyphItem/FontItem_8BE0.font.o
[AS ]	Fonts/build/GlyphItem/FontItem_8BE4.font.o
[AS ]	Fonts/build/GlyphItem/FontItem_8BE8.font.o
[AS ]	Fonts/build/GlyphItem/FontItem_8BE9.font.o
[AS ]	Fonts/build/GlyphItem/FontItem_8BEE.font.o
[AS ]	Fonts/build/GlyphItem/FontItem_8BF0.font.o
[AS ]	Fonts/build/GlyphItem/FontItem_8BF3.font.o
[AS ]	Fonts/build/GlyphItem/FontItem_8BF6.font.o
[AS ]	Fonts/build/GlyphItem/FontItem_8BF9.font.o
[AS ]	Fonts/build/GlyphItem/FontItem_8BFC.font.o
[AS ]	Fonts/build/GlyphItem/FontItem_8BFF.font.o
[AS ]	Fonts/build/GlyphItem/FontItem_8C00.font.o
[AS ]	Fonts/build/GlyphItem/FontItem_8C02.font.o
[AS ]	Fonts/build/GlyphItem/FontItem_8C04.font.o
[AS ]	Fonts/build/GlyphItem/FontItem_8C0C.font.o
[AS ]	Fonts/build/GlyphItem/FontItem_8C07.font.o
[AS ]	Fonts/build/GlyphItem/FontItem_8C0F.font.o
[AS ]	Fonts/build/GlyphItem/FontItem_8C11.font.o
[AS ]	Fonts/build/GlyphItem/FontItem_8C14.font.o
[AS ]	Fonts/build/GlyphItem/FontItem_8C12.font.o
[AS ]	Fonts/build/GlyphItem/FontItem_8C15.font.o
[AS ]	Fonts/build/GlyphItem/FontItem_8C16.font.o
[AS ]	Fonts/build/GlyphItem/FontItem_8C1B.font.o
[AS ]	Fonts/build/GlyphItem/FontItem_8C18.font.o
[AS ]	Fonts/build/GlyphItem/FontItem_8C1D.font.o
[AS ]	Fonts/build/GlyphItem/FontItem_8C1F.font.o
[AS ]	Fonts/build/GlyphItem/FontItem_8C20.font.o
[AS ]	Fonts/build/GlyphItem/FontItem_8C21.font.o
[AS ]	Fonts/build/GlyphItem/FontItem_8C25.font.o
[AS ]	Fonts/build/GlyphItem/FontItem_8C27.font.o
[AS ]	Fonts/build/GlyphItem/FontItem_8C2A.font.o
[AS ]	Fonts/build/GlyphItem/FontItem_8C2B.font.o
[AS ]	Fonts/build/GlyphItem/FontItem_8C2E.font.o
[AS ]	Fonts/build/GlyphItem/FontItem_8C2F.font.o
[AS ]	Fonts/build/GlyphItem/FontItem_8C32.font.o
[AS ]	Fonts/build/GlyphItem/FontItem_8C33.font.o
[AS ]	Fonts/build/GlyphItem/FontItem_8C35.font.o
[AS ]	Fonts/build/GlyphItem/FontItem_8C36.font.o
[AS ]	Fonts/build/GlyphItem/FontItem_5369.font.o
[AS ]	Fonts/build/GlyphItem/FontItem_537A.font.o
[AS ]	Fonts/build/GlyphItem/FontItem_961D.font.o
[AS ]	Fonts/build/GlyphItem/FontItem_9622.font.o
[AS ]	Fonts/build/GlyphItem/FontItem_9621.font.o
[AS ]	Fonts/build/GlyphItem/FontItem_962A.font.o
[AS ]	Fonts/build/GlyphItem/FontItem_963D.font.o
[AS ]	Fonts/build/GlyphItem/FontItem_963C.font.o
[AS ]	Fonts/build/GlyphItem/FontItem_9649.font.o
[AS ]	Fonts/build/GlyphItem/FontItem_9642.font.o
[AS ]	Fonts/build/GlyphItem/FontItem_9654.font.o
[AS ]	Fonts/build/GlyphItem/FontItem_965F.font.o
[AS ]	Fonts/build/GlyphItem/FontItem_9667.font.o
[AS ]	Fonts/build/GlyphItem/FontItem_966C.font.o
[AS ]	Fonts/build/GlyphItem/FontItem_9672.font.o
[AS ]	Fonts/build/GlyphItem/FontItem_9674.font.o
[AS ]	Fonts/build/GlyphItem/FontItem_9688.font.o
[AS ]	Fonts/build/GlyphItem/FontItem_968D.font.o
[AS ]	Fonts/build/GlyphItem/FontItem_9697.font.o
[AS ]	Fonts/build/GlyphItem/FontItem_96B0.font.o
[AS ]	Fonts/build/GlyphItem/FontItem_9097.font.o
[AS ]	Fonts/build/GlyphItem/FontItem_909B.font.o
[AS ]	Fonts/build/GlyphItem/FontItem_909D.font.o
[AS ]	Fonts/build/GlyphItem/FontItem_9099.font.o
[AS ]	Fonts/build/GlyphItem/FontItem_90AC.font.o
[AS ]	Fonts/build/GlyphItem/FontItem_90A1.font.o
[AS ]	Fonts/build/GlyphItem/FontItem_90B4.font.o
[AS ]	Fonts/build/GlyphItem/FontItem_90B3.font.o
[AS ]	Fonts/build/GlyphItem/FontItem_90B6.font.o
[AS ]	Fonts/build/GlyphItem/FontItem_90BA.font.o
[AS ]	Fonts/build/GlyphItem/FontItem_90B0.font.o
[AS ]	Fonts/build/GlyphItem/FontItem_90CF.font.o
[AS ]	Fonts/build/GlyphItem/FontItem_90C5.font.o
[AS ]	Fonts/build/GlyphItem/FontItem_90BE.font.o
[AS ]	Fonts/build/GlyphItem/FontItem_90D0.font.o
[AS ]	Fonts/build/GlyphItem/FontItem_90C4.font.o
[AS ]	Fonts/build/GlyphItem/FontItem_90C7.font.o
[AS ]	Fonts/build/GlyphItem/FontItem_90D3.font.o
[AS ]	Fonts/build/GlyphItem/FontItem_90E6.font.o
[AS ]	Fonts/build/GlyphItem/FontItem_90E2.font.o
[AS ]	Fonts/build/GlyphItem/FontItem_90DC.font.o
[AS ]	Fonts/build/GlyphItem/FontItem_90D7.font.o
[AS ]	Fonts/build/GlyphItem/FontItem_90DB.font.o
[AS ]	Fonts/build/GlyphItem/FontItem_90EB.font.o
[AS ]	Fonts/build/GlyphItem/FontItem_90EF.font.o
[AS ]	Fonts/build/GlyphItem/FontItem_90FE.font.o
[AS ]	Fonts/build/GlyphItem/FontItem_9104.font.o
[AS ]	Fonts/build/GlyphItem/FontItem_9122.font.o
[AS ]	Fonts/build/GlyphItem/FontItem_911E.font.o
[AS ]	Fonts/build/GlyphItem/FontItem_9123.font.o
[AS ]	Fonts/build/GlyphItem/FontItem_9131.font.o
[AS ]	Fonts/build/GlyphItem/FontItem_912F.font.o
[AS ]	Fonts/build/GlyphItem/FontItem_9143.font.o
[AS ]	Fonts/build/GlyphItem/FontItem_9139.font.o
[AS ]	Fonts/build/GlyphItem/FontItem_9146.font.o
[AS ]	Fonts/build/GlyphItem/FontItem_520D.font.o
[AS ]	Fonts/build/GlyphItem/FontItem_5942.font.o
[AS ]	Fonts/build/GlyphItem/FontItem_52A2.font.o
[AS ]	Fonts/build/GlyphItem/FontItem_52AC.font.o
[AS ]	Fonts/build/GlyphItem/FontItem_52AD.font.o
[AS ]	Fonts/build/GlyphItem/FontItem_52BE.font.o
[AS ]	Fonts/build/GlyphItem/FontItem_54FF.font.o
[AS ]	Fonts/build/GlyphItem/FontItem_52D0.font.o
[AS ]	Fonts/build/GlyphItem/FontItem_52D6.font.o
[AS ]	Fonts/build/GlyphItem/FontItem_52F0.font.o
[AS ]	Fonts/build/GlyphItem/FontItem_53DF.font.o
[AS ]	Fonts/build/GlyphItem/FontItem_71EE.font.o
[AS ]	Fonts/build/GlyphItem/FontItem_77CD.font.o
[AS ]	Fonts/build/GlyphItem/FontItem_5EF4.font.o
[AS ]	Fonts/build/GlyphItem/FontItem_51F5.font.o
[AS ]	Fonts/build/GlyphItem/FontItem_51FC.font.o
[AS ]	Fonts/build/GlyphItem/FontItem_9B2F.font.o
[AS ]	Fonts/build/GlyphItem/FontItem_53B6.font.o
[AS ]	Fonts/build/GlyphItem/FontItem_5F01.font.o
[AS ]	Fonts/build/GlyphItem/FontItem_755A.font.o
[AS ]	Fonts/build/GlyphItem/FontItem_5DEF.font.o
[AS ]	Fonts/build/GlyphItem/FontItem_574C.font.o
[AS ]	Fonts/build/GlyphItem/FontItem_57A9.font.o
[AS ]	Fonts/build/GlyphItem/FontItem_57A1.font.o
[AS ]	Fonts/build/GlyphItem/FontItem_587E.font.o
[AS ]	Fonts/build/GlyphItem/FontItem_58BC.font.o
[AS ]	Fonts/build/GlyphItem/FontItem_58C5.font.o
[AS ]	Fonts/build/GlyphItem/FontItem_58D1.font.o
[AS ]	Fonts/build/GlyphItem/FontItem_5729.font.o
[AS ]	Fonts/build/GlyphItem/FontItem_572A.font.o
[AS ]	Fonts/build/GlyphItem/FontItem_572C.font.o
[AS ]	Fonts/build/GlyphItem/FontItem_5733.font.o
[AS ]	Fonts/build/GlyphItem/FontItem_5739.font.o
[AS ]	Fonts/build/GlyphItem/FontItem_572E.font.o
[AS ]	Fonts/build/GlyphItem/FontItem_572F.font.o
[AS ]	Fonts/build/GlyphItem/FontItem_575C.font.o
[AS ]	Fonts/build/GlyphItem/FontItem_573B.font.o
[AS ]	Fonts/build/GlyphItem/FontItem_5742.font.o
[AS ]	Fonts/build/GlyphItem/FontItem_5769.font.o
[AS ]	Fonts/build/GlyphItem/FontItem_5785.font.o
[AS ]	Fonts/build/GlyphItem/FontItem_576B.font.o
[AS ]	Fonts/build/GlyphItem/FontItem_5786.font.o
[AS ]	Fonts/build/GlyphItem/FontItem_577C.font.o
[AS ]	Fonts/build/GlyphItem/FontItem_5768.font.o
[AS ]	Fonts/build/GlyphItem/FontItem_577B.font.o
[AS ]	Fonts/build/GlyphItem/FontItem_576D.font.o
[AS ]	Fonts/build/GlyphItem/FontItem_5776.font.o
[AS ]	Fonts/build/GlyphItem/FontItem_5773.font.o
[AS ]	Fonts/build/GlyphItem/FontItem_57AD.font.o
[AS ]	Fonts/build/GlyphItem/FontItem_57A4.font.o
[AS ]	Fonts/build/GlyphItem/FontItem_578C.font.o
[AS ]	Fonts/build/GlyphItem/FontItem_57B2.font.o
[AS ]	Fonts/build/GlyphItem/FontItem_57CF.font.o
[AS ]	Fonts/build/GlyphItem/FontItem_57A7.font.o
[AS ]	Fonts/build/GlyphItem/FontItem_57B4.font.o
[AS ]	Fonts/build/GlyphItem/FontItem_5793.font.o
[AS ]	Fonts/build/GlyphItem/FontItem_57A0.font.o
[AS ]	Fonts/build/GlyphItem/FontItem_57D5.font.o
[AS ]	Fonts/build/GlyphItem/FontItem_57D8.font.o
[AS ]	Fonts/build/GlyphItem/FontItem_57DA.font.o
[AS ]	Fonts/build/GlyphItem/FontItem_57D9.font.o
[AS ]	Fonts/build/GlyphItem/FontItem_57D2.font.o
[AS ]	Fonts/build/GlyphItem/FontItem_57B8.font.o
[AS ]	Fonts/build/GlyphItem/FontItem_57F4.font.o
[AS ]	Fonts/build/GlyphItem/FontItem_57EF.font.o
[AS ]	Fonts/build/GlyphItem/FontItem_57F8.font.o
[AS ]	Fonts/build/GlyphItem/FontItem_57E4.font.o
[AS ]	Fonts/build/GlyphItem/FontItem_57DD.font.o
[AS ]	Fonts/build/GlyphItem/FontItem_580B.font.o
[AS ]	Fonts/build/GlyphItem/FontItem_580D.font.o
[AS ]	Fonts/build/GlyphItem/FontItem_57FD.font.o
[AS ]	Fonts/build/GlyphItem/FontItem_57ED.font.o
[AS ]	Fonts/build/GlyphItem/FontItem_5800.font.o
[AS ]	Fonts/build/GlyphItem/FontItem_581E.font.o
[AS ]	Fonts/build/GlyphItem/FontItem_5819.font.o
[AS ]	Fonts/build/GlyphItem/FontItem_5844.font.o
[AS ]	Fonts/build/GlyphItem/FontItem_5820.font.o
[AS ]	Fonts/build/GlyphItem/FontItem_5865.font.o
[AS ]	Fonts/build/GlyphItem/FontItem_586C.font.o
[AS ]	Fonts/build/GlyphItem/FontItem_5881.font.o
[AS ]	Fonts/build/GlyphItem/FontItem_5889.font.o
[AS ]	Fonts/build/GlyphItem/FontItem_589A.font.o
[AS ]	Fonts/build/GlyphItem/FontItem_5880.font.o
[AS ]	Fonts/build/GlyphItem/FontItem_9F19.font.o
[AS ]	Fonts/build/GlyphItem/FontItem_61FF.font.o
[AS ]	Fonts/build/GlyphItem/FontItem_8279.font.o
[AS ]	Fonts/build/GlyphItem/FontItem_827F.font.o
[AS ]	Fonts/build/GlyphItem/FontItem_827D.font.o
[AS ]	Fonts/build/GlyphItem/FontItem_828F.font.o
[AS ]	Fonts/build/GlyphItem/FontItem_828A.font.o
[AS ]	Fonts/build/GlyphItem/FontItem_82A8.font.o
[AS ]	Fonts/build/GlyphItem/FontItem_8284.font.o
[AS ]	Fonts/build/GlyphItem/FontItem_828E.font.o
[AS ]	Fonts/build/GlyphItem/FontItem_8291.font.o
[AS ]	Fonts/build/GlyphItem/FontItem_82AB.font.o
[AS ]	Fonts/build/GlyphItem/FontItem_8297.font.o
[AS ]	Fonts/build/GlyphItem/FontItem_82B8.font.o
[AS ]	Fonts/build/GlyphItem/FontItem_82BE.font.o
[AS ]	Fonts/build/GlyphItem/FontItem_82B0.font.o
[AS ]	Fonts/build/GlyphItem/FontItem_82C8.font.o
[AS ]	Fonts/build/GlyphItem/FontItem_82CA.font.o
[AS ]	Fonts/build/GlyphItem/FontItem_82E3.font.o
[AS ]	Fonts/build/GlyphItem/FontItem_8298.font.o
[AS ]	Fonts/build/GlyphItem/FontItem_82B7.font.o
[AS ]	Fonts/build/GlyphItem/FontItem_82AE.font.o
[AS ]	Fonts/build/GlyphItem/FontItem_82CB.font.o
[AS ]	Fonts/build/GlyphItem/FontItem_82CC.font.o
[AS ]	Fonts/build/GlyphItem/FontItem_82C1.font.o
[AS ]	Fonts/build/GlyphItem/FontItem_82A9.font.o
[AS ]	Fonts/build/GlyphItem/FontItem_82B4.font.o
[AS ]	Fonts/build/GlyphItem/FontItem_82A1.font.o
[AS ]	Fonts/build/GlyphItem/FontItem_82AA.font.o
[AS ]	Fonts/build/GlyphItem/FontItem_829F.font.o
[AS ]	Fonts/build/GlyphItem/FontItem_82C4.font.o
[AS ]	Fonts/build/GlyphItem/FontItem_82CE.font.o
[AS ]	Fonts/build/GlyphItem/FontItem_82A4.font.o
[AS ]	Fonts/build/GlyphItem/FontItem_82E1.font.o
[AS ]	Fonts/build/GlyphItem/FontItem_8309.font.o
[AS ]	Fonts/build/GlyphItem/FontItem_82F7.font.o
[AS ]	Fonts/build/GlyphItem/FontItem_82E4.font.o
[AS ]	Fonts/build/GlyphItem/FontItem_830F.font.o
[AS ]	Fonts/build/GlyphItem/FontItem_8307.font.o
[AS ]	Fonts/build/GlyphItem/FontItem_82DC.font.o
[AS ]	Fonts/build/GlyphItem/FontItem_82F4.font.o
[AS ]	Fonts/build/GlyphItem/FontItem_82D2.font.o
[AS ]	Fonts/build/GlyphItem/FontItem_82D8.font.o
[AS ]	Fonts/build/GlyphItem/FontItem_830C.font.o
[AS ]	Fonts/build/GlyphItem/FontItem_82FB.font.o
[AS ]	Fonts/build/GlyphItem/FontItem_82D3.font.o
[AS ]	Fonts/build/GlyphItem/FontItem_8311.font.o
[AS ]	Fonts/build/GlyphItem/FontItem_831A.font.o
[AS ]	Fonts/build/GlyphItem/FontItem_8306.font.o
[AS ]	Fonts/build/GlyphItem/FontItem_8314.font.o
[AS ]	Fonts/build/GlyphItem/FontItem_8315.font.o
[AS ]	Fonts/build/GlyphItem/FontItem_82E0.font.o
[AS ]	Fonts/build/GlyphItem/FontItem_82D5.font.o
[AS ]	Fonts/build/GlyphItem/FontItem_8351.font.o
[AS ]	Fonts/build/GlyphItem/FontItem_835B.font.o
[AS ]	Fonts/build/GlyphItem/FontItem_835C.font.o
[AS ]	Fonts/build/GlyphItem/FontItem_8308.font.o
[AS ]	Fonts/build/GlyphItem/FontItem_8392.font.o
[AS ]	Fonts/build/GlyphItem/FontItem_833C.font.o
[AS ]	Fonts/build/GlyphItem/FontItem_8334.font.o
[AS ]	Fonts/build/GlyphItem/FontItem_8331.font.o
[AS ]	Fonts/build/GlyphItem/FontItem_839B.font.o
[AS ]	Fonts/build/GlyphItem/FontItem_835E.font.o
[AS ]	Fonts/build/GlyphItem/FontItem_832F.font.o
[AS ]	Fonts/build/GlyphItem/FontItem_834F.font.o
[AS ]	Fonts/build/GlyphItem/FontItem_8347.font.o
[AS ]	Fonts/build/GlyphItem/FontItem_8343.font.o
[AS ]	Fonts/build/GlyphItem/FontItem_835F.font.o
[AS ]	Fonts/build/GlyphItem/FontItem_8340.font.o
[AS ]	Fonts/build/GlyphItem/FontItem_8317.font.o
[AS ]	Fonts/build/GlyphItem/FontItem_8360.font.o
[AS ]	Fonts/build/GlyphItem/FontItem_832D.font.o
[AS ]	Fonts/build/GlyphItem/FontItem_833A.font.o
[AS ]	Fonts/build/GlyphItem/FontItem_8333.font.o
[AS ]	Fonts/build/GlyphItem/FontItem_8366.font.o
[AS ]	Fonts/build/GlyphItem/FontItem_8365.font.o
[AS ]	Fonts/build/GlyphItem/FontItem_8368.font.o
[AS ]	Fonts/build/GlyphItem/FontItem_831B.font.o
[AS ]	Fonts/build/GlyphItem/FontItem_8369.font.o
[AS ]	Fonts/build/GlyphItem/FontItem_836C.font.o
[AS ]	Fonts/build/GlyphItem/FontItem_836A.font.o
[AS ]	Fonts/build/GlyphItem/FontItem_836D.font.o
[AS ]	Fonts/build/GlyphItem/FontItem_836E.font.o
[AS ]	Fonts/build/GlyphItem/FontItem_83B0.font.o
[AS ]	Fonts/build/GlyphItem/FontItem_8378.font.o
[AS ]	Fonts/build/GlyphItem/FontItem_83B3.font.o
[AS ]	Fonts/build/GlyphItem/FontItem_83A0.font.o
[AS ]	Fonts/build/GlyphItem/FontItem_83B4.font.o
[AS ]	Fonts/build/GlyphItem/FontItem_83AA.font.o
[AS ]	Fonts/build/GlyphItem/FontItem_8393.font.o
[AS ]	Fonts/build/GlyphItem/FontItem_839C.font.o
[AS ]	Fonts/build/GlyphItem/FontItem_8385.font.o
[AS ]	Fonts/build/GlyphItem/FontItem_837C.font.o
[AS ]	Fonts/build/GlyphItem/FontItem_83B6.font.o
[AS ]	Fonts/build/GlyphItem/FontItem_83A9.font.o
[AS ]	Fonts/build/GlyphItem/FontItem_837D.font.o
[AS ]	Fonts/build/GlyphItem/FontItem_837B.font.o
[AS ]	Fonts/build/GlyphItem/FontItem_83B8.font.o
[AS ]	Fonts/build/GlyphItem/FontItem_8398.font.o
[AS ]	Fonts/build/GlyphItem/FontItem_839E.font.o
[AS ]	Fonts/build/GlyphItem/FontItem_83A8.font.o
[AS ]	Fonts/build/GlyphItem/FontItem_83BA.font.o
[AS ]	Fonts/build/GlyphItem/FontItem_83BC.font.o
[AS ]	Fonts/build/GlyphItem/FontItem_83C1.font.o
[AS ]	Fonts/build/GlyphItem/FontItem_8401.font.o
[AS ]	Fonts/build/GlyphItem/FontItem_83E5.font.o
[AS ]	Fonts/build/GlyphItem/FontItem_83D8.font.o
[AS ]	Fonts/build/GlyphItem/FontItem_5807.font.o
[AS ]	Fonts/build/GlyphItem/FontItem_8418.font.o
[AS ]	Fonts/build/GlyphItem/FontItem_840B.font.o
[AS ]	Fonts/build/GlyphItem/FontItem_83DD.font.o
[AS ]	Fonts/build/GlyphItem/FontItem_83FD.font.o
[AS ]	Fonts/build/GlyphItem/FontItem_83D6.font.o
[AS ]	Fonts/build/GlyphItem/FontItem_841C.font.o
[AS ]	Fonts/build/GlyphItem/FontItem_8438.font.o
[AS ]	Fonts/build/GlyphItem/FontItem_8411.font.o
[AS ]	Fonts/build/GlyphItem/FontItem_8406.font.o
[AS ]	Fonts/build/GlyphItem/FontItem_83D4.font.o
[AS ]	Fonts/build/GlyphItem/FontItem_83DF.font.o
[AS ]	Fonts/build/GlyphItem/FontItem_840F.font.o
[AS ]	Fonts/build/GlyphItem/FontItem_83F8.font.o
[AS ]	Fonts/build/GlyphItem/FontItem_83F9.font.o
[AS ]	Fonts/build/GlyphItem/FontItem_83EA.font.o
[AS ]	Fonts/build/GlyphItem/FontItem_83C5.font.o
[AS ]	Fonts/build/GlyphItem/FontItem_83C0.font.o
[AS ]	Fonts/build/GlyphItem/FontItem_83F0.font.o
[AS ]	Fonts/build/GlyphItem/FontItem_8426.font.o
[AS ]	Fonts/build/GlyphItem/FontItem_83E1.font.o
[AS ]	Fonts/build/GlyphItem/FontItem_845C.font.o
[AS ]	Fonts/build/GlyphItem/FontItem_8451.font.o
[AS ]	Fonts/build/GlyphItem/FontItem_845A.font.o
[AS ]	Fonts/build/GlyphItem/FontItem_8459.font.o
[AS ]	Fonts/build/GlyphItem/FontItem_8473.font.o
[AS ]	Fonts/build/GlyphItem/FontItem_8487.font.o
[AS ]	Fonts/build/GlyphItem/FontItem_8488.font.o
[AS ]	Fonts/build/GlyphItem/FontItem_847A.font.o
[AS ]	Fonts/build/GlyphItem/FontItem_8489.font.o
[AS ]	Fonts/build/GlyphItem/FontItem_8478.font.o
[AS ]	Fonts/build/GlyphItem/FontItem_843C.font.o
[AS ]	Fonts/build/GlyphItem/FontItem_8446.font.o
[AS ]	Fonts/build/GlyphItem/FontItem_8469.font.o
[AS ]	Fonts/build/GlyphItem/FontItem_8476.font.o
[AS ]	Fonts/build/GlyphItem/FontItem_848C.font.o
[AS ]	Fonts/build/GlyphItem/FontItem_848E.font.o
[AS ]	Fonts/build/GlyphItem/FontItem_8431.font.o
[AS ]	Fonts/build/GlyphItem/FontItem_846D.font.o
[AS ]	Fonts/build/GlyphItem/FontItem_84C1.font.o
[AS ]	Fonts/build/GlyphItem/FontItem_84CD.font.o
[AS ]	Fonts/build/GlyphItem/FontItem_84D0.font.o
[AS ]	Fonts/build/GlyphItem/FontItem_84E6.font.o
[AS ]	Fonts/build/GlyphItem/FontItem_84BD.font.o
[AS ]	Fonts/build/GlyphItem/FontItem_84D3.font.o
[AS ]	Fonts/build/GlyphItem/FontItem_84CA.font.o
[AS ]	Fonts/build/GlyphItem/FontItem_84BF.font.o
[AS ]	Fonts/build/GlyphItem/FontItem_84BA.font.o
[AS ]	Fonts/build/GlyphItem/FontItem_84E0.font.o
[AS ]	Fonts/build/GlyphItem/FontItem_84A1.font.o
[AS ]	Fonts/build/GlyphItem/FontItem_84B9.font.o
[AS ]	Fonts/build/GlyphItem/FontItem_84B4.font.o
[AS ]	Fonts/build/GlyphItem/FontItem_8497.font.o
[AS ]	Fonts/build/GlyphItem/FontItem_84E5.font.o
[AS ]	Fonts/build/GlyphItem/FontItem_84E3.font.o
[AS ]	Fonts/build/GlyphItem/FontItem_850C.font.o
[AS ]	Fonts/build/GlyphItem/FontItem_750D.font.o
[AS ]	Fonts/build/GlyphItem/FontItem_8538.font.o
[AS ]	Fonts/build/GlyphItem/FontItem_84F0.font.o
[AS ]	Fonts/build/GlyphItem/FontItem_8539.font.o
[AS ]	Fonts/build/GlyphItem/FontItem_851F.font.o
[AS ]	Fonts/build/GlyphItem/FontItem_853A.font.o
[AS ]	Fonts/build/GlyphItem/FontItem_8556.font.o
[AS ]	Fonts/build/GlyphItem/FontItem_84FF.font.o
[AS ]	Fonts/build/GlyphItem/FontItem_853B.font.o
[AS ]	Fonts/build/GlyphItem/FontItem_84FC.font.o
[AS ]	Fonts/build/GlyphItem/FontItem_8559.font.o
[AS ]	Fonts/build/GlyphItem/FontItem_8548.font.o
[AS ]	Fonts/build/GlyphItem/FontItem_8568.font.o
[AS ]	Fonts/build/GlyphItem/FontItem_855E.font.o
[AS ]	Fonts/build/GlyphItem/FontItem_8564.font.o
[AS ]	Fonts/build/GlyphItem/FontItem_857A.font.o
[AS ]	Fonts/build/GlyphItem/FontItem_77A2.font.o
[AS ]	Fonts/build/GlyphItem/FontItem_8543.font.o
[AS ]	Fonts/build/GlyphItem/FontItem_8572.font.o
[AS ]	Fonts/build/GlyphItem/FontItem_857B.font.o
[AS ]	Fonts/build/GlyphItem/FontItem_85A4.font.o
[AS ]	Fonts/build/GlyphItem/FontItem_85A8.font.o
[AS ]	Fonts/build/GlyphItem/FontItem_8587.font.o
[AS ]	Fonts/build/GlyphItem/FontItem_858F.font.o
[AS ]	Fonts/build/GlyphItem/FontItem_8579.font.o
[AS ]	Fonts/build/GlyphItem/FontItem_85AE.font.o
[AS ]	Fonts/build/GlyphItem/FontItem_8585.font.o
[AS ]	Fonts/build/GlyphItem/FontItem_859C.font.o
[AS ]	Fonts/build/GlyphItem/FontItem_85B9.font.o
[AS ]	Fonts/build/GlyphItem/FontItem_85B0.font.o
[AS ]	Fonts/build/GlyphItem/FontItem_85B7.font.o
[AS ]	Fonts/build/GlyphItem/FontItem_85D3.font.o
[AS ]	Fonts/build/GlyphItem/FontItem_85C1.font.o
[AS ]	Fonts/build/GlyphItem/FontItem_85DC.font.o
[AS ]	Fonts/build/GlyphItem/FontItem_85FF.font.o
[AS ]	Fonts/build/GlyphItem/FontItem_8627.font.o
[AS ]	Fonts/build/GlyphItem/FontItem_8605.font.o
[AS ]	Fonts/build/GlyphItem/FontItem_8629.font.o
[AS ]	Fonts/build/GlyphItem/FontItem_8616.font.o
[AS ]	Fonts/build/GlyphItem/FontItem_863C.font.o
[AS ]	Fonts/build/GlyphItem/FontItem_5EFE.font.o
[AS ]	Fonts/build/GlyphItem/FontItem_5F08.font.o
[AS ]	Fonts/build/GlyphItem/FontItem_593C.font.o
[AS ]	Fonts/build/GlyphItem/FontItem_5941.font.o
[AS ]	Fonts/build/GlyphItem/FontItem_8037.font.o
[AS ]	Fonts/build/GlyphItem/FontItem_5955.font.o
[AS ]	Fonts/build/GlyphItem/FontItem_5958.font.o
[AS ]	Fonts/build/GlyphItem/FontItem_530F.font.o
[AS ]	Fonts/build/GlyphItem/FontItem_5C22.font.o
[AS ]	Fonts/build/GlyphItem/FontItem_5C25.font.o
[AS ]	Fonts/build/GlyphItem/FontItem_5C2C.font.o
[AS ]	Fonts/build/GlyphItem/FontItem_5C34.font.o
[AS ]	Fonts/build/GlyphItem/FontItem_624C.font.o
[AS ]	Fonts/build/GlyphItem/FontItem_626A.font.o
[AS ]	Fonts/build/GlyphItem/FontItem_629F.font.o
[AS ]	Fonts/build/GlyphItem/FontItem_62BB.font.o
[AS ]	Fonts/build/GlyphItem/FontItem_62CA.font.o
[AS ]	Fonts/build/GlyphItem/FontItem_62DA.font.o
[AS ]	Fonts/build/GlyphItem/FontItem_62D7.font.o
[AS ]	Fonts/build/GlyphItem/FontItem_62EE.font.o
[AS ]	Fonts/build/GlyphItem/FontItem_6322.font.o
[AS ]	Fonts/build/GlyphItem/FontItem_62F6.font.o
[AS ]	Fonts/build/GlyphItem/FontItem_6339.font.o
[AS ]	Fonts/build/GlyphItem/FontItem_634B.font.o
[AS ]	Fonts/build/GlyphItem/FontItem_6343.font.o
[AS ]	Fonts/build/GlyphItem/FontItem_63AD.font.o
[AS ]	Fonts/build/GlyphItem/FontItem_63F6.font.o
[AS ]	Fonts/build/GlyphItem/FontItem_6371.font.o
[AS ]	Fonts/build/GlyphItem/FontItem_637A.font.o
[AS ]	Fonts/build/GlyphItem/FontItem_638E.font.o
[AS ]	Fonts/build/GlyphItem/FontItem_63B4.font.o
[AS ]	Fonts/build/GlyphItem/FontItem_636D.font.o
[AS ]	Fonts/build/GlyphItem/FontItem_63AC.font.o
[AS ]	Fonts/build/GlyphItem/FontItem_638A.font.o
[AS ]	Fonts/build/GlyphItem/FontItem_6369.font.o
[AS ]	Fonts/build/GlyphItem/FontItem_63AE.font.o
[AS ]	Fonts/build/GlyphItem/FontItem_63BC.font.o
[AS ]	Fonts/build/GlyphItem/FontItem_63F2.font.o
[AS ]	Fonts/build/GlyphItem/FontItem_63E0.font.o
[AS ]	Fonts/build/GlyphItem/FontItem_63F8.font.o
[AS ]	Fonts/build/GlyphItem/FontItem_63FF.font.o
[AS ]	Fonts/build/GlyphItem/FontItem_63C4.font.o
[AS ]	Fonts/build/GlyphItem/FontItem_63DE.font.o
[AS ]	Fonts/build/GlyphItem/FontItem_63CE.font.o
[AS ]	Fonts/build/GlyphItem/FontItem_6452.font.o
[AS ]	Fonts/build/GlyphItem/FontItem_63C6.font.o
[AS ]	Fonts/build/GlyphItem/FontItem_63BE.font.o
[AS ]	Fonts/build/GlyphItem/FontItem_6445.font.o
[AS ]	Fonts/build/GlyphItem/FontItem_6441.font.o
[AS ]	Fonts/build/GlyphItem/FontItem_640B.font.o
[AS ]	Fonts/build/GlyphItem/FontItem_641B.font.o
[AS ]	Fonts/build/GlyphItem/FontItem_6420.font.o
[AS ]	Fonts/build/GlyphItem/FontItem_640C.font.o
[AS ]	Fonts/build/GlyphItem/FontItem_6426.font.o
[AS ]	Fonts/build/GlyphItem/FontItem_6421.font.o
[AS ]	Fonts/build/GlyphItem/FontItem_645E.font.o
[AS ]	Fonts/build/GlyphItem/FontItem_6484.font.o
[AS ]	Fonts/build/GlyphItem/FontItem_646D.font.o
[AS ]	Fonts/build/GlyphItem/FontItem_6496.font.o
[AS ]	Fonts/build/GlyphItem/FontItem_647A.font.o
[AS ]	Fonts/build/GlyphItem/FontItem_64B7.font.o
[AS ]	Fonts/build/GlyphItem/FontItem_64B8.font.o
[AS ]	Fonts/build/GlyphItem/FontItem_6499.font.o
[AS ]	Fonts/build/GlyphItem/FontItem_64BA.font.o
[AS ]	Fonts/build/GlyphItem/FontItem_64C0.font.o
[AS ]	Fonts/build/GlyphItem/FontItem_64D0.font.o
[AS ]	Fonts/build/GlyphItem/FontItem_64D7.font.o
[AS ]	Fonts/build/GlyphItem/FontItem_64E4.font.o
[AS ]	Fonts/build/GlyphItem/FontItem_64E2.font.o
[AS ]	Fonts/build/GlyphItem/FontItem_6509.font.o
[AS ]	Fonts/build/GlyphItem/FontItem_6525.font.o
[AS ]	Fonts/build/GlyphItem/FontItem_652E.font.o
[AS ]	Fonts/build/GlyphItem/FontItem_5F0B.font.o
[AS ]	Fonts/build/GlyphItem/FontItem_7519.font.o
[AS ]	Fonts/build/GlyphItem/FontItem_535F.font.o
[AS ]	Fonts/build/GlyphItem/FontItem_53F1.font.o
[AS ]	Fonts/build/GlyphItem/FontItem_53FD.font.o
[AS ]	Fonts/build/GlyphItem/FontItem_53E9.font.o
[AS ]	Fonts/build/GlyphItem/FontItem_53E8.font.o
[AS ]	Fonts/build/GlyphItem/FontItem_53FB.font.o
[AS ]	Fonts/build/GlyphItem/FontItem_5412.font.o
[AS ]	Fonts/build/GlyphItem/FontItem_5406.font.o
[AS ]	Fonts/build/GlyphItem/FontItem_544B.font.o
[AS ]	Fonts/build/GlyphItem/FontItem_5452.font.o
[AS ]	Fonts/build/GlyphItem/FontItem_5453.font.o
[AS ]	Fonts/build/GlyphItem/FontItem_5454.font.o
[AS ]	Fonts/build/GlyphItem/FontItem_5456.font.o
[AS ]	Fonts/build/GlyphItem/FontItem_5443.font.o
[AS ]	Fonts/build/GlyphItem/FontItem_5421.font.o
[AS ]	Fonts/build/GlyphItem/FontItem_5457.font.o
[AS ]	Fonts/build/GlyphItem/FontItem_5459.font.o
[AS ]	Fonts/build/GlyphItem/FontItem_5432.font.o
[AS ]	Fonts/build/GlyphItem/FontItem_5423.font.o
[AS ]	Fonts/build/GlyphItem/FontItem_5482.font.o
[AS ]	Fonts/build/GlyphItem/FontItem_5494.font.o
[AS ]	Fonts/build/GlyphItem/FontItem_5477.font.o
[AS ]	Fonts/build/GlyphItem/FontItem_5471.font.o
[AS ]	Fonts/build/GlyphItem/FontItem_5464.font.o
[AS ]	Fonts/build/GlyphItem/FontItem_549A.font.o
[AS ]	Fonts/build/GlyphItem/FontItem_549B.font.o
[AS ]	Fonts/build/GlyphItem/FontItem_5476.font.o
[AS ]	Fonts/build/GlyphItem/FontItem_5484.font.o
[AS ]	Fonts/build/GlyphItem/FontItem_5466.font.o
[AS ]	Fonts/build/GlyphItem/FontItem_549D.font.o
[AS ]	Fonts/build/GlyphItem/FontItem_54D0.font.o
[AS ]	Fonts/build/GlyphItem/FontItem_54AD.font.o
[AS ]	Fonts/build/GlyphItem/FontItem_54C2.font.o
[AS ]	Fonts/build/GlyphItem/FontItem_54B4.font.o
[AS ]	Fonts/build/GlyphItem/FontItem_54D2.font.o
[AS ]	Fonts/build/GlyphItem/FontItem_54A7.font.o
[AS ]	Fonts/build/GlyphItem/FontItem_54A6.font.o
[AS ]	Fonts/build/GlyphItem/FontItem_54D3.font.o
[AS ]	Fonts/build/GlyphItem/FontItem_54D4.font.o
[AS ]	Fonts/build/GlyphItem/FontItem_5472.font.o
[AS ]	Fonts/build/GlyphItem/FontItem_54A3.font.o
[AS ]	Fonts/build/GlyphItem/FontItem_54D5.font.o
[AS ]	Fonts/build/GlyphItem/FontItem_54BB.font.o
[AS ]	Fonts/build/GlyphItem/FontItem_54BF.font.o
[AS ]	Fonts/build/GlyphItem/FontItem_54CC.font.o
[AS ]	Fonts/build/GlyphItem/FontItem_54D9.font.o
[AS ]	Fonts/build/GlyphItem/FontItem_54DA.font.o
[AS ]	Fonts/build/GlyphItem/FontItem_54DC.font.o
[AS ]	Fonts/build/GlyphItem/FontItem_54A9.font.o
[AS ]	Fonts/build/GlyphItem/FontItem_54AA.font.o
[AS ]	Fonts/build/GlyphItem/FontItem_54A4.font.o
[AS ]	Fonts/build/GlyphItem/FontItem_54DD.font.o
[AS ]	Fonts/build/GlyphItem/FontItem_54CF.font.o
[AS ]	Fonts/build/GlyphItem/FontItem_54DE.font.o
[AS ]	Fonts/build/GlyphItem/FontItem_551B.font.o
[AS ]	Fonts/build/GlyphItem/FontItem_54E7.font.o
[AS ]	Fonts/build/GlyphItem/FontItem_5520.font.o
[AS ]	Fonts/build/GlyphItem/FontItem_54FD.font.o
[AS ]	Fonts/build/GlyphItem/FontItem_5514.font.o
[AS ]	Fonts/build/GlyphItem/FontItem_5522.font.o
[AS ]	Fonts/build/GlyphItem/FontItem_54F3.font.o
[AS ]	Fonts/build/GlyphItem/FontItem_5523.font.o
[AS ]	Fonts/build/GlyphItem/FontItem_550F.font.o
[AS ]	Fonts/build/GlyphItem/FontItem_5511.font.o
[AS ]	Fonts/build/GlyphItem/FontItem_5527.font.o
[AS ]	Fonts/build/GlyphItem/FontItem_552A.font.o
[AS ]	Fonts/build/GlyphItem/FontItem_5567.font.o
[AS ]	Fonts/build/GlyphItem/FontItem_558F.font.o
[AS ]	Fonts/build/GlyphItem/FontItem_55B5.font.o
[AS ]	Fonts/build/GlyphItem/FontItem_5549.font.o
[AS ]	Fonts/build/GlyphItem/FontItem_556D.font.o
[AS ]	Fonts/build/GlyphItem/FontItem_5541.font.o
[AS ]	Fonts/build/GlyphItem/FontItem_553F.font.o
[AS ]	Fonts/build/GlyphItem/FontItem_553C.font.o
[AS ]	Fonts/build/GlyphItem/FontItem_5550.font.o
[AS ]	Fonts/build/GlyphItem/FontItem_5537.font.o
[AS ]	Fonts/build/GlyphItem/FontItem_5556.font.o
[AS ]	Fonts/build/GlyphItem/FontItem_5575.font.o
[AS ]	Fonts/build/GlyphItem/FontItem_5576.font.o
[AS ]	Fonts/build/GlyphItem/FontItem_5577.font.o
[AS ]	Fonts/build/GlyphItem/FontItem_5533.font.o
[AS ]	Fonts/build/GlyphItem/FontItem_555C.font.o
[AS ]	Fonts/build/GlyphItem/FontItem_5530.font.o
[AS ]	Fonts/build/GlyphItem/FontItem_558B.font.o
[AS ]	Fonts/build/GlyphItem/FontItem_55D2.font.o
[AS ]	Fonts/build/GlyphItem/FontItem_5583.font.o
[AS ]	Fonts/build/GlyphItem/FontItem_55B1.font.o
[AS ]	Fonts/build/GlyphItem/FontItem_55B9.font.o
[AS ]	Fonts/build/GlyphItem/FontItem_5588.font.o
[AS ]	Fonts/build/GlyphItem/FontItem_5581.font.o
[AS ]	Fonts/build/GlyphItem/FontItem_559F.font.o
[AS ]	Fonts/build/GlyphItem/FontItem_557E.font.o
[AS ]	Fonts/build/GlyphItem/FontItem_55D6.font.o
[AS ]	Fonts/build/GlyphItem/FontItem_557B.font.o
[AS ]	Fonts/build/GlyphItem/FontItem_5591.font.o
[AS ]	Fonts/build/GlyphItem/FontItem_55DF.font.o
[AS ]	Fonts/build/GlyphItem/FontItem_55BD.font.o
[AS ]	Fonts/build/GlyphItem/FontItem_55BE.font.o
[AS ]	Fonts/build/GlyphItem/FontItem_5599.font.o
[AS ]	Fonts/build/GlyphItem/FontItem_5594.font.o
[AS ]	Fonts/build/GlyphItem/FontItem_55EA.font.o
[AS ]	Fonts/build/GlyphItem/FontItem_55F7.font.o
[AS ]	Fonts/build/GlyphItem/FontItem_55C9.font.o
[AS ]	Fonts/build/GlyphItem/FontItem_55D1.font.o
[AS ]	Fonts/build/GlyphItem/FontItem_55EB.font.o
[AS ]	Fonts/build/GlyphItem/FontItem_55EC.font.o
[AS ]	Fonts/build/GlyphItem/FontItem_55D4.font.o
[AS ]	Fonts/build/GlyphItem/FontItem_55E6.font.o
[AS ]	Fonts/build/GlyphItem/FontItem_55DD.font.o
[AS ]	Fonts/build/GlyphItem/FontItem_55C4.font.o
[AS ]	Fonts/build/GlyphItem/FontItem_55EF.font.o
[AS ]	Fonts/build/GlyphItem/FontItem_55E5.font.o
[AS ]	Fonts/build/GlyphItem/FontItem_55F2.font.o
[AS ]	Fonts/build/GlyphItem/FontItem_55F3.font.o
[AS ]	Fonts/build/GlyphItem/FontItem_55CC.font.o
[AS ]	Fonts/build/GlyphItem/FontItem_55CD.font.o
[AS ]	Fonts/build/GlyphItem/FontItem_55E8.font.o
[AS ]	Fonts/build/GlyphItem/FontItem_55F5.font.o
[AS ]	Fonts/build/GlyphItem/FontItem_55E4.font.o
[AS ]	Fonts/build/GlyphItem/FontItem_8F94.font.o
[AS ]	Fonts/build/GlyphItem/FontItem_561E.font.o
[AS ]	Fonts/build/GlyphItem/FontItem_5608.font.o
[AS ]	Fonts/build/GlyphItem/FontItem_560C.font.o
[AS ]	Fonts/build/GlyphItem/FontItem_5601.font.o
[AS ]	Fonts/build/GlyphItem/FontItem_5624.font.o
[AS ]	Fonts/build/GlyphItem/FontItem_55FE.font.o
[AS ]	Fonts/build/GlyphItem/FontItem_5623.font.o
[AS ]	Fonts/build/GlyphItem/FontItem_5600.font.o
[AS ]	Fonts/build/GlyphItem/FontItem_5627.font.o
[AS ]	Fonts/build/GlyphItem/FontItem_562D.font.o
[AS ]	Fonts/build/GlyphItem/FontItem_5658.font.o
[AS ]	Fonts/build/GlyphItem/FontItem_5639.font.o
[AS ]	Fonts/build/GlyphItem/FontItem_5657.font.o
[AS ]	Fonts/build/GlyphItem/FontItem_562C.font.o
[AS ]	Fonts/build/GlyphItem/FontItem_564D.font.o
[AS ]	Fonts/build/GlyphItem/FontItem_5662.font.o
[AS ]	Fonts/build/GlyphItem/FontItem_5659.font.o
[AS ]	Fonts/build/GlyphItem/FontItem_565C.font.o
[AS ]	Fonts/build/GlyphItem/FontItem_564C.font.o
[AS ]	Fonts/build/GlyphItem/FontItem_5654.font.o
[AS ]	Fonts/build/GlyphItem/FontItem_5686.font.o
[AS ]	Fonts/build/GlyphItem/FontItem_5664.font.o
[AS ]	Fonts/build/GlyphItem/FontItem_5671.font.o
[AS ]	Fonts/build/GlyphItem/FontItem_566B.font.o
[AS ]	Fonts/build/GlyphItem/FontItem_567C.font.o
[AS ]	Fonts/build/GlyphItem/FontItem_567B.font.o
[AS ]	Fonts/build/GlyphItem/FontItem_5685.font.o
[AS ]	Fonts/build/GlyphItem/FontItem_5693.font.o
[AS ]	Fonts/build/GlyphItem/FontItem_56AF.font.o
[AS ]	Fonts/build/GlyphItem/FontItem_56D7.font.o
[AS ]	Fonts/build/GlyphItem/FontItem_56DD.font.o
[AS ]	Fonts/build/GlyphItem/FontItem_56E1.font.o
[AS ]	Fonts/build/GlyphItem/FontItem_56F5.font.o
[AS ]	Fonts/build/GlyphItem/FontItem_56EB.font.o
[AS ]	Fonts/build/GlyphItem/FontItem_56F9.font.o
[AS ]	Fonts/build/GlyphItem/FontItem_56FF.font.o
[AS ]	Fonts/build/GlyphItem/FontItem_5704.font.o
[AS ]	Fonts/build/GlyphItem/FontItem_570A.font.o
[AS ]	Fonts/build/GlyphItem/FontItem_5709.font.o
[AS ]	Fonts/build/GlyphItem/FontItem_571C.font.o
[AS ]	Fonts/build/GlyphItem/FontItem_5E0F.font.o
[AS ]	Fonts/build/GlyphItem/FontItem_5E19.font.o
[AS ]	Fonts/build/GlyphItem/FontItem_5E14.font.o
[AS ]	Fonts/build/GlyphItem/FontItem_5E11.font.o
[AS ]	Fonts/build/GlyphItem/FontItem_5E31.font.o
[AS ]	Fonts/build/GlyphItem/FontItem_5E3B.font.o
[AS ]	Fonts/build/GlyphItem/FontItem_5E3C.font.o
[AS ]	Fonts/build/GlyphItem/FontItem_5E44.font.o
[AS ]	Fonts/build/GlyphItem/FontItem_5E54.font.o
[AS ]	Fonts/build/GlyphItem/FontItem_5E5B.font.o
[AS ]	Fonts/build/GlyphItem/FontItem_5E5E.font.o
[AS ]	Fonts/build/GlyphItem/FontItem_5E61.font.o
[AS ]	Fonts/build/GlyphItem/FontItem_5C8C.font.o
[AS ]	Fonts/build/GlyphItem/FontItem_5C7A.font.o
[AS ]	Fonts/build/GlyphItem/FontItem_5C8D.font.o
[AS ]	Fonts/build/GlyphItem/FontItem_5C90.font.o
[AS ]	Fonts/build/GlyphItem/FontItem_5C96.font.o
[AS ]	Fonts/build/GlyphItem/FontItem_5C88.font.o
[AS ]	Fonts/build/GlyphItem/FontItem_5C98.font.o
[AS ]	Fonts/build/GlyphItem/FontItem_5C99.font.o
[AS ]	Fonts/build/GlyphItem/FontItem_5C91.font.o
[AS ]	Fonts/build/GlyphItem/FontItem_5C9C.font.o
[AS ]	Fonts/build/GlyphItem/FontItem_5CB5.font.o
[AS ]	Fonts/build/GlyphItem/FontItem_5CA2.font.o
[AS ]	Fonts/build/GlyphItem/FontItem_5CBD.font.o
[AS ]	Fonts/build/GlyphItem/FontItem_5CAC.font.o
[AS ]	Fonts/build/GlyphItem/FontItem_5CAB.font.o
[AS ]	Fonts/build/GlyphItem/FontItem_5CA3.font.o
[AS ]	Fonts/build/GlyphItem/FontItem_5CB1.font.o
[AS ]	Fonts/build/GlyphItem/FontItem_5CC1.font.o
[AS ]	Fonts/build/GlyphItem/FontItem_5CB7.font.o
[AS ]	Fonts/build/GlyphItem/FontItem_5CC4.font.o
[AS ]	Fonts/build/GlyphItem/FontItem_5CD2.font.o
[AS ]	Fonts/build/GlyphItem/FontItem_5CE4.font.o
[AS ]	Fonts/build/GlyphItem/FontItem_5CCB.font.o
[AS ]	Fonts/build/GlyphItem/FontItem_5CE5.font.o
[AS ]	Fonts/build/GlyphItem/FontItem_5D02.font.o
[AS ]	Fonts/build/GlyphItem/FontItem_5D03.font.o
[AS ]	Fonts/build/GlyphItem/FontItem_5D27.font.o
[AS ]	Fonts/build/GlyphItem/FontItem_5D26.font.o
[AS ]	Fonts/build/GlyphItem/FontItem_5D2E.font.o
[AS ]	Fonts/build/GlyphItem/FontItem_5D24.font.o
[AS ]	Fonts/build/GlyphItem/FontItem_5D1E.font.o
[AS ]	Fonts/build/GlyphItem/FontItem_5D06.font.o
[AS ]	Fonts/build/GlyphItem/FontItem_5D1B.font.o
[AS ]	Fonts/build/GlyphItem/FontItem_5D58.font.o
[AS ]	Fonts/build/GlyphItem/FontItem_5D3E.font.o
[AS ]	Fonts/build/GlyphItem/FontItem_5D34.font.o
[AS ]	Fonts/build/GlyphItem/FontItem_5D3D.font.o
[AS ]	Fonts/build/GlyphItem/FontItem_5D5B.font.o
[AS ]	Fonts/build/GlyphItem/FontItem_5D6C.font.o
[AS ]	Fonts/build/GlyphItem/FontItem_5D6F.font.o
[AS ]	Fonts/build/GlyphItem/FontItem_5D5D.font.o
[AS ]	Fonts/build/GlyphItem/FontItem_5D6B.font.o
[AS ]	Fonts/build/GlyphItem/FontItem_5D4B.font.o
[AS ]	Fonts/build/GlyphItem/FontItem_5D4A.font.o
[AS ]	Fonts/build/GlyphItem/FontItem_5D69.font.o
[AS ]	Fonts/build/GlyphItem/FontItem_5D74.font.o
[AS ]	Fonts/build/GlyphItem/FontItem_5D99.font.o
[AS ]	Fonts/build/GlyphItem/FontItem_5D82.font.o
[AS ]	Fonts/build/GlyphItem/FontItem_5D9D.font.o
[AS ]	Fonts/build/GlyphItem/FontItem_8C73.font.o
[AS ]	Fonts/build/GlyphItem/FontItem_5DB7.font.o
[AS ]	Fonts/build/GlyphItem/FontItem_5DC5.font.o
[AS ]	Fonts/build/GlyphItem/FontItem_5F73.font.o
[AS ]	Fonts/build/GlyphItem/FontItem_5F82.font.o
[AS ]	Fonts/build/GlyphItem/FontItem_5F87.font.o
[AS ]	Fonts/build/GlyphItem/FontItem_5F8C.font.o
[AS ]	Fonts/build/GlyphItem/FontItem_5F89.font.o
[AS ]	Fonts/build/GlyphItem/FontItem_5F95.font.o
[AS ]	Fonts/build/GlyphItem/FontItem_5F99.font.o
[AS ]	Fonts/build/GlyphItem/FontItem_5F9C.font.o
[AS ]	Fonts/build/GlyphItem/FontItem_5FAD.font.o
[AS ]	Fonts/build/GlyphItem/FontItem_5FB5.font.o
[AS ]	Fonts/build/GlyphItem/FontItem_5FBC.font.o
[AS ]	Fonts/build/GlyphItem/FontItem_8862.font.o
[AS ]	Fonts/build/GlyphItem/FontItem_5F61.font.o
[AS ]	Fonts/build/GlyphItem/FontItem_72AD.font.o
[AS ]	Fonts/build/GlyphItem/FontItem_72B0.font.o
[AS ]	Fonts/build/GlyphItem/FontItem_72B7.font.o
[AS ]	Fonts/build/GlyphItem/FontItem_72B4.font.o
[AS ]	Fonts/build/GlyphItem/FontItem_72B8.font.o
[AS ]	Fonts/build/GlyphItem/FontItem_72C3.font.o
[AS ]	Fonts/build/GlyphItem/FontItem_72C1.font.o
[AS ]	Fonts/build/GlyphItem/FontItem_72CE.font.o
[AS ]	Fonts/build/GlyphItem/FontItem_72CD.font.o
[AS ]	Fonts/build/GlyphItem/FontItem_72D2.font.o
[AS ]	Fonts/build/GlyphItem/FontItem_72E8.font.o
[AS ]	Fonts/build/GlyphItem/FontItem_72E9.font.o
[AS ]	Fonts/build/GlyphItem/FontItem_72EF.font.o
[AS ]	Fonts/build/GlyphItem/FontItem_72F2.font.o
[AS ]	Fonts/build/GlyphItem/FontItem_72F4.font.o
[AS ]	Fonts/build/GlyphItem/FontItem_72F7.font.o
[AS ]	Fonts/build/GlyphItem/FontItem_72F3.font.o
[AS ]	Fonts/build/GlyphItem/FontItem_7301.font.o
[AS ]	Fonts/build/GlyphItem/FontItem_7303.font.o
[AS ]	Fonts/build/GlyphItem/FontItem_72FA.font.o
[AS ]	Fonts/build/GlyphItem/FontItem_72FB.font.o
[AS ]	Fonts/build/GlyphItem/FontItem_7317.font.o
[AS ]	Fonts/build/GlyphItem/FontItem_7313.font.o
[AS ]	Fonts/build/GlyphItem/FontItem_730A.font.o
[AS ]	Fonts/build/GlyphItem/FontItem_7321.font.o
[AS ]	Fonts/build/GlyphItem/FontItem_731E.font.o
[AS ]	Fonts/build/GlyphItem/FontItem_731D.font.o
[AS ]	Fonts/build/GlyphItem/FontItem_7315.font.o
[AS ]	Fonts/build/GlyphItem/FontItem_7322.font.o
[AS ]	Fonts/build/GlyphItem/FontItem_7339.font.o
[AS ]	Fonts/build/GlyphItem/FontItem_7325.font.o
[AS ]	Fonts/build/GlyphItem/FontItem_732C.font.o
[AS ]	Fonts/build/GlyphItem/FontItem_7338.font.o
[AS ]	Fonts/build/GlyphItem/FontItem_7331.font.o
[AS ]	Fonts/build/GlyphItem/FontItem_7350.font.o
[AS ]	Fonts/build/GlyphItem/FontItem_734D.font.o
[AS ]	Fonts/build/GlyphItem/FontItem_7357.font.o
[AS ]	Fonts/build/GlyphItem/FontItem_7360.font.o
[AS ]	Fonts/build/GlyphItem/FontItem_736C.font.o
[AS ]	Fonts/build/GlyphItem/FontItem_736F.font.o
[AS ]	Fonts/build/GlyphItem/FontItem_737E.font.o
[AS ]	Fonts/build/GlyphItem/FontItem_821B.font.o
[AS ]	Fonts/build/GlyphItem/FontItem_5925.font.o
[AS ]	Fonts/build/GlyphItem/FontItem_98E7.font.o
[AS ]	Fonts/build/GlyphItem/FontItem_5924.font.o
[AS ]	Fonts/build/GlyphItem/FontItem_5902.font.o
[AS ]	Fonts/build/GlyphItem/FontItem_9963.font.o
[AS ]	Fonts/build/GlyphItem/FontItem_9967.font.o
[AS ]	Fonts/build/GlyphItem/FontItem_9968.font.o
[AS ]	Fonts/build/GlyphItem/FontItem_9969.font.o
[AS ]	Fonts/build/GlyphItem/FontItem_996A.font.o
[AS ]	Fonts/build/GlyphItem/FontItem_996B.font.o
[AS ]	Fonts/build/GlyphItem/FontItem_996C.font.o
[AS ]	Fonts/build/GlyphItem/FontItem_9974.font.o
[AS ]	Fonts/build/GlyphItem/FontItem_9977.font.o
[AS ]	Fonts/build/GlyphItem/FontItem_997D.font.o
[AS ]	Fonts/build/GlyphItem/FontItem_9980.font.o
[AS ]	Fonts/build/GlyphItem/FontItem_9984.font.o
[AS ]	Fonts/build/GlyphItem/FontItem_9987.font.o
[AS ]	Fonts/build/GlyphItem/FontItem_998A.font.o
[AS ]	Fonts/build/GlyphItem/FontItem_998D.font.o
[AS ]	Fonts/build/GlyphItem/FontItem_9990.font.o
[AS ]	Fonts/build/GlyphItem/FontItem_9991.font.o
[AS ]	Fonts/build/GlyphItem/FontItem_9993.font.o
[AS ]	Fonts/build/GlyphItem/FontItem_9994.font.o
[AS ]	Fonts/build/GlyphItem/FontItem_9995.font.o
[AS ]	Fonts/build/GlyphItem/FontItem_5E80.font.o
[AS ]	Fonts/build/GlyphItem/FontItem_5E91.font.o
[AS ]	Fonts/build/GlyphItem/FontItem_5E8B.font.o
[AS ]	Fonts/build/GlyphItem/FontItem_5E96.font.o
[AS ]	Fonts/build/GlyphItem/FontItem_5EA5.font.o
[AS ]	Fonts/build/GlyphItem/FontItem_5EA0.font.o
[AS ]	Fonts/build/GlyphItem/FontItem_5EB9.font.o
[AS ]	Fonts/build/GlyphItem/FontItem_5EB5.font.o
[AS ]	Fonts/build/GlyphItem/FontItem_5EBE.font.o
[AS ]	Fonts/build/GlyphItem/FontItem_5EB3.font.o
[AS ]	Fonts/build/GlyphItem/FontItem_8D53.font.o
[AS ]	Fonts/build/GlyphItem/FontItem_5ED2.font.o
[AS ]	Fonts/build/GlyphItem/FontItem_5ED1.font.o
[AS ]	Fonts/build/GlyphItem/FontItem_5EDB.font.o
[AS ]	Fonts/build/GlyphItem/FontItem_5EE8.font.o
[AS ]	Fonts/build/GlyphItem/FontItem_5EEA.font.o
[AS ]	Fonts/build/GlyphItem/FontItem_5FC4.font.o
[AS ]	Fonts/build/GlyphItem/FontItem_81BA.font.o
[AS ]	Fonts/build/GlyphItem/FontItem_5FC9.font.o
[AS ]	Fonts/build/GlyphItem/FontItem_5FD6.font.o
[AS ]	Fonts/build/GlyphItem/FontItem_5FCF.font.o
[AS ]	Fonts/build/GlyphItem/FontItem_6003.font.o
[AS ]	Fonts/build/GlyphItem/FontItem_6004.font.o
[AS ]	Fonts/build/GlyphItem/FontItem_5FEE.font.o
[AS ]	Fonts/build/GlyphItem/FontItem_5FE1.font.o
[AS ]	Fonts/build/GlyphItem/FontItem_5FE4.font.o
[AS ]	Fonts/build/GlyphItem/FontItem_5FFE.font.o
[AS ]	Fonts/build/GlyphItem/FontItem_6005.font.o
[AS ]	Fonts/build/GlyphItem/FontItem_6006.font.o
[AS ]	Fonts/build/GlyphItem/FontItem_5FEA.font.o
[AS ]	Fonts/build/GlyphItem/FontItem_5FED.font.o
[AS ]	Fonts/build/GlyphItem/FontItem_5FF8.font.o
[AS ]	Fonts/build/GlyphItem/FontItem_6019.font.o
[AS ]	Fonts/build/GlyphItem/FontItem_6035.font.o
[AS ]	Fonts/build/GlyphItem/FontItem_6026.font.o
[AS ]	Fonts/build/GlyphItem/FontItem_601B.font.o
[AS ]	Fonts/build/GlyphItem/FontItem_600F.font.o
[AS ]	Fonts/build/GlyphItem/FontItem_6029.font.o
[AS ]	Fonts/build/GlyphItem/FontItem_600D.font.o
[AS ]	Fonts/build/GlyphItem/FontItem_602B.font.o
[AS ]	Fonts/build/GlyphItem/FontItem_600A.font.o
[AS ]	Fonts/build/GlyphItem/FontItem_603F.font.o
[AS ]	Fonts/build/GlyphItem/FontItem_6021.font.o
[AS ]	Fonts/build/GlyphItem/FontItem_6078.font.o
[AS ]	Fonts/build/GlyphItem/FontItem_6079.font.o
[AS ]	Fonts/build/GlyphItem/FontItem_607B.font.o
[AS ]	Fonts/build/GlyphItem/FontItem_607A.font.o
[AS ]	Fonts/build/GlyphItem/FontItem_6042.font.o
[AS ]	Fonts/build/GlyphItem/FontItem_607D.font.o
[AS ]	Fonts/build/GlyphItem/FontItem_606A.font.o
[AS ]	Fonts/build/GlyphItem/FontItem_609A.font.o
[AS ]	Fonts/build/GlyphItem/FontItem_6096.font.o
[AS ]	Fonts/build/GlyphItem/FontItem_60AD.font.o
[AS ]	Fonts/build/GlyphItem/FontItem_609D.font.o
[AS ]	Fonts/build/GlyphItem/FontItem_6083.font.o
[AS ]	Fonts/build/GlyphItem/FontItem_6092.font.o
[AS ]	Fonts/build/GlyphItem/FontItem_608C.font.o
[AS ]	Fonts/build/GlyphItem/FontItem_609B.font.o
[AS ]	Fonts/build/GlyphItem/FontItem_60EC.font.o
[AS ]	Fonts/build/GlyphItem/FontItem_60BB.font.o
[AS ]	Fonts/build/GlyphItem/FontItem_60B1.font.o
[AS ]	Fonts/build/GlyphItem/FontItem_60DD.font.o
[AS ]	Fonts/build/GlyphItem/FontItem_60D8.font.o
[AS ]	Fonts/build/GlyphItem/FontItem_60C6.font.o
[AS ]	Fonts/build/GlyphItem/FontItem_60DA.font.o
[AS ]	Fonts/build/GlyphItem/FontItem_60B4.font.o
[AS ]	Fonts/build/GlyphItem/FontItem_6120.font.o
[AS ]	Fonts/build/GlyphItem/FontItem_6126.font.o
[AS ]	Fonts/build/GlyphItem/FontItem_6123.font.o
[AS ]	Fonts/build/GlyphItem/FontItem_60F4.font.o
[AS ]	Fonts/build/GlyphItem/FontItem_6100.font.o
[AS ]	Fonts/build/GlyphItem/FontItem_610E.font.o
[AS ]	Fonts/build/GlyphItem/FontItem_612B.font.o
[AS ]	Fonts/build/GlyphItem/FontItem_614A.font.o
[AS ]	Fonts/build/GlyphItem/FontItem_6175.font.o
[AS ]	Fonts/build/GlyphItem/FontItem_61AC.font.o
[AS ]	Fonts/build/GlyphItem/FontItem_6194.font.o
[AS ]	Fonts/build/GlyphItem/FontItem_61A7.font.o
[AS ]	Fonts/build/GlyphItem/FontItem_61B7.font.o
[AS ]	Fonts/build/GlyphItem/FontItem_61D4.font.o
[AS ]	Fonts/build/GlyphItem/FontItem_61F5.font.o
[AS ]	Fonts/build/GlyphItem/FontItem_5FDD.font.o
[AS ]	Fonts/build/GlyphItem/FontItem_96B3.font.o
[AS ]	Fonts/build/GlyphItem/FontItem_95E9.font.o
[AS ]	Fonts/build/GlyphItem/FontItem_95EB.font.o
[AS ]	Fonts/build/GlyphItem/FontItem_95F1.font.o
[AS ]	Fonts/build/GlyphItem/FontItem_95F3.font.o
[AS ]	Fonts/build/GlyphItem/FontItem_95F5.font.o
[AS ]	Fonts/build/GlyphItem/FontItem_95F6.font.o
[AS ]	Fonts/build/GlyphItem/FontItem_95FC.font.o
[AS ]	Fonts/build/GlyphItem/FontItem_95FE.font.o
[AS ]	Fonts/build/GlyphItem/FontItem_9603.font.o
[AS ]	Fonts/build/GlyphItem/FontItem_9604.font.o
[AS ]	Fonts/build/GlyphItem/FontItem_9606.font.o
[AS ]	Fonts/build/GlyphItem/FontItem_9608.font.o
[AS ]	Fonts/build/GlyphItem/FontItem_960A.font.o
[AS ]	Fonts/build/GlyphItem/FontItem_960B.font.o
[AS ]	Fonts/build/GlyphItem/FontItem_960C.font.o
[AS ]	Fonts/build/GlyphItem/FontItem_960D.font.o
[AS ]	Fonts/build/GlyphItem/FontItem_960F.font.o
[AS ]	Fonts/build/GlyphItem/FontItem_9612.font.o
[AS ]	Fonts/build/GlyphItem/FontItem_9615.font.o
[AS ]	Fonts/build/GlyphItem/FontItem_9617.font.o
[AS ]	Fonts/build/GlyphItem/FontItem_9616.font.o
[AS ]	Fonts/build/GlyphItem/FontItem_9619.font.o
[AS ]	Fonts/build/GlyphItem/FontItem_961A.font.o
[AS ]	Fonts/build/GlyphItem/FontItem_4E2C.font.o
[AS ]	Fonts/build/GlyphItem/FontItem_723F.font.o
[AS ]	Fonts/build/GlyphItem/FontItem_6215.font.o
[AS ]	Fonts/build/GlyphItem/FontItem_6C35.font.o
[AS ]	Fonts/build/GlyphItem/FontItem_6C54.font.o
[AS ]	Fonts/build/GlyphItem/FontItem_6C5C.font.o
[AS ]	Fonts/build/GlyphItem/FontItem_6C4A.font.o
[AS ]	Fonts/build/GlyphItem/FontItem_6CA3.font.o
[AS ]	Fonts/build/GlyphItem/FontItem_6C85.font.o
[AS ]	Fonts/build/GlyphItem/FontItem_6C90.font.o
[AS ]	Fonts/build/GlyphItem/FontItem_6C8C.font.o
[AS ]	Fonts/build/GlyphItem/FontItem_6C94.font.o
[AS ]	Fonts/build/GlyphItem/FontItem_6C68.font.o
[AS ]	Fonts/build/GlyphItem/FontItem_6C69.font.o
[AS ]	Fonts/build/GlyphItem/FontItem_6C74.font.o
[AS ]	Fonts/build/GlyphItem/FontItem_6C76.font.o
[AS ]	Fonts/build/GlyphItem/FontItem_6C86.font.o
[AS ]	Fonts/build/GlyphItem/FontItem_6CA9.font.o
[AS ]	Fonts/build/GlyphItem/FontItem_6CD0.font.o
[AS ]	Fonts/build/GlyphItem/FontItem_6CD4.font.o
[AS ]	Fonts/build/GlyphItem/FontItem_6CAD.font.o
[AS ]	Fonts/build/GlyphItem/FontItem_6CF7.font.o
[AS ]	Fonts/build/GlyphItem/FontItem_6CF8.font.o
[AS ]	Fonts/build/GlyphItem/FontItem_6CF1.font.o
[AS ]	Fonts/build/GlyphItem/FontItem_6CD7.font.o
[AS ]	Fonts/build/GlyphItem/FontItem_6CB2.font.o
[AS ]	Fonts/build/GlyphItem/FontItem_6CE0.font.o
[AS ]	Fonts/build/GlyphItem/FontItem_6CD6.font.o
[AS ]	Fonts/build/GlyphItem/FontItem_6CFA.font.o
[AS ]	Fonts/build/GlyphItem/FontItem_6CEB.font.o
[AS ]	Fonts/build/GlyphItem/FontItem_6CEE.font.o
[AS ]	Fonts/build/GlyphItem/FontItem_6CB1.font.o
[AS ]	Fonts/build/GlyphItem/FontItem_6CD3.font.o
[AS ]	Fonts/build/GlyphItem/FontItem_6CEF.font.o
[AS ]	Fonts/build/GlyphItem/FontItem_6D39.font.o
[AS ]	Fonts/build/GlyphItem/FontItem_6CFE.font.o
[AS ]	Fonts/build/GlyphItem/FontItem_6D27.font.o
[AS ]	Fonts/build/GlyphItem/FontItem_6D0C.font.o
[AS ]	Fonts/build/GlyphItem/FontItem_6D43.font.o
[AS ]	Fonts/build/GlyphItem/FontItem_6D48.font.o
[AS ]	Fonts/build/GlyphItem/FontItem_6D04.font.o
[AS ]	Fonts/build/GlyphItem/FontItem_6D07.font.o
[AS ]	Fonts/build/GlyphItem/FontItem_6D19.font.o
[AS ]	Fonts/build/GlyphItem/FontItem_6D0E.font.o
[AS ]	Fonts/build/GlyphItem/FontItem_6D2B.font.o
[AS ]	Fonts/build/GlyphItem/FontItem_6D4D.font.o
[AS ]	Fonts/build/GlyphItem/FontItem_6D2E.font.o
[AS ]	Fonts/build/GlyphItem/FontItem_6D35.font.o
[AS ]	Fonts/build/GlyphItem/FontItem_6D1A.font.o
[AS ]	Fonts/build/GlyphItem/FontItem_6D4F.font.o
[AS ]	Fonts/build/GlyphItem/FontItem_6D52.font.o
[AS ]	Fonts/build/GlyphItem/FontItem_6D54.font.o
[AS ]	Fonts/build/GlyphItem/FontItem_6D33.font.o
[AS ]	Fonts/build/GlyphItem/FontItem_6D91.font.o
[AS ]	Fonts/build/GlyphItem/FontItem_6D6F.font.o
[AS ]	Fonts/build/GlyphItem/FontItem_6D9E.font.o
[AS ]	Fonts/build/GlyphItem/FontItem_6DA0.font.o
[AS ]	Fonts/build/GlyphItem/FontItem_6D5E.font.o
[AS ]	Fonts/build/GlyphItem/FontItem_6D93.font.o
[AS ]	Fonts/build/GlyphItem/FontItem_6D94.font.o
[AS ]	Fonts/build/GlyphItem/FontItem_6D5C.font.o
[AS ]	Fonts/build/GlyphItem/FontItem_6D60.font.o
[AS ]	Fonts/build/GlyphItem/FontItem_6D7C.font.o
[AS ]	Fonts/build/GlyphItem/FontItem_6D63.font.o
[AS ]	Fonts/build/GlyphItem/FontItem_6E1A.font.o
[AS ]	Fonts/build/GlyphItem/FontItem_6DC7.font.o
[AS ]	Fonts/build/GlyphItem/FontItem_6DC5.font.o
[AS ]	Fonts/build/GlyphItem/FontItem_6DDE.font.o
[AS ]	Fonts/build/GlyphItem/FontItem_6E0E.font.o
[AS ]	Fonts/build/GlyphItem/FontItem_6DBF.font.o
[AS ]	Fonts/build/GlyphItem/FontItem_6DE0.font.o
[AS ]	Fonts/build/GlyphItem/FontItem_6E11.font.o
[AS ]	Fonts/build/GlyphItem/FontItem_6DE6.font.o
[AS ]	Fonts/build/GlyphItem/FontItem_6DDD.font.o
[AS ]	Fonts/build/GlyphItem/FontItem_6DD9.font.o
[AS ]	Fonts/build/GlyphItem/FontItem_6E16.font.o
[AS ]	Fonts/build/GlyphItem/FontItem_6DAB.font.o
[AS ]	Fonts/build/GlyphItem/FontItem_6E0C.font.o
[AS ]	Fonts/build/GlyphItem/FontItem_6DAE.font.o
[AS ]	Fonts/build/GlyphItem/FontItem_6E2B.font.o
[AS ]	Fonts/build/GlyphItem/FontItem_6E6E.font.o
[AS ]	Fonts/build/GlyphItem/FontItem_6E4E.font.o
[AS ]	Fonts/build/GlyphItem/FontItem_6E6B.font.o
[AS ]	Fonts/build/GlyphItem/FontItem_6EB2.font.o
[AS ]	Fonts/build/GlyphItem/FontItem_6E5F.font.o
[AS ]	Fonts/build/GlyphItem/FontItem_6E86.font.o
[AS ]	Fonts/build/GlyphItem/FontItem_6E53.font.o
[AS ]	Fonts/build/GlyphItem/FontItem_6E54.font.o
[AS ]	Fonts/build/GlyphItem/FontItem_6E32.font.o
[AS ]	Fonts/build/GlyphItem/FontItem_6E25.font.o
[AS ]	Fonts/build/GlyphItem/FontItem_6E44.font.o
[AS ]	Fonts/build/GlyphItem/FontItem_6EDF.font.o
[AS ]	Fonts/build/GlyphItem/FontItem_6EB1.font.o
[AS ]	Fonts/build/GlyphItem/FontItem_6E98.font.o
[AS ]	Fonts/build/GlyphItem/FontItem_6EE0.font.o
[AS ]	Fonts/build/GlyphItem/FontItem_6F2D.font.o
[AS ]	Fonts/build/GlyphItem/FontItem_6EE2.font.o
[AS ]	Fonts/build/GlyphItem/FontItem_6EA5.font.o
[AS ]	Fonts/build/GlyphItem/FontItem_6EA7.font.o
[AS ]	Fonts/build/GlyphItem/FontItem_6EBD.font.o
[AS ]	Fonts/build/GlyphItem/FontItem_6EBB.font.o
[AS ]	Fonts/build/GlyphItem/FontItem_6EB7.font.o
[AS ]	Fonts/build/GlyphItem/FontItem_6ED7.font.o
[AS ]	Fonts/build/GlyphItem/FontItem_6EB4.font.o
[AS ]	Fonts/build/GlyphItem/FontItem_6ECF.font.o
[AS ]	Fonts/build/GlyphItem/FontItem_6E8F.font.o
[AS ]	Fonts/build/GlyphItem/FontItem_6EC2.font.o
[AS ]	Fonts/build/GlyphItem/FontItem_6E9F.font.o
[AS ]	Fonts/build/GlyphItem/FontItem_6F62.font.o
[AS ]	Fonts/build/GlyphItem/FontItem_6F47.font.o
[AS ]	Fonts/build/GlyphItem/FontItem_6F46.font.o
[AS ]	Fonts/build/GlyphItem/FontItem_6F24.font.o
[AS ]	Fonts/build/GlyphItem/FontItem_6F15.font.o
[AS ]	Fonts/build/GlyphItem/FontItem_6EF9.font.o
[AS ]	Fonts/build/GlyphItem/FontItem_6F2F.font.o
[AS ]	Fonts/build/GlyphItem/FontItem_6F36.font.o
[AS ]	Fonts/build/GlyphItem/FontItem_6F4B.font.o
[AS ]	Fonts/build/GlyphItem/FontItem_6F74.font.o
[AS ]	Fonts/build/GlyphItem/FontItem_6F2A.font.o
[AS ]	Fonts/build/GlyphItem/FontItem_6F09.font.o
[AS ]	Fonts/build/GlyphItem/FontItem_6F89.font.o
[AS ]	Fonts/build/GlyphItem/FontItem_6F8D.font.o
[AS ]	Fonts/build/GlyphItem/FontItem_6F8C.font.o
[AS ]	Fonts/build/GlyphItem/FontItem_6F78.font.o
[AS ]	Fonts/build/GlyphItem/FontItem_6F72.font.o
[AS ]	Fonts/build/GlyphItem/FontItem_6F7A.font.o
[AS ]	Fonts/build/GlyphItem/FontItem_6F7C.font.o
[AS ]	Fonts/build/GlyphItem/FontItem_6FD1.font.o
[AS ]	Fonts/build/GlyphItem/FontItem_6FC9.font.o
[AS ]	Fonts/build/GlyphItem/FontItem_6FA7.font.o
[AS ]	Fonts/build/GlyphItem/FontItem_6FB9.font.o
[AS ]	Fonts/build/GlyphItem/FontItem_6FB6.font.o
[AS ]	Fonts/build/GlyphItem/FontItem_6FC2.font.o
[AS ]	Fonts/build/GlyphItem/FontItem_6FE1.font.o
[AS ]	Fonts/build/GlyphItem/FontItem_6FEE.font.o
[AS ]	Fonts/build/GlyphItem/FontItem_6FDE.font.o
[AS ]	Fonts/build/GlyphItem/FontItem_6FE0.font.o
[AS ]	Fonts/build/GlyphItem/FontItem_6FEF.font.o
[AS ]	Fonts/build/GlyphItem/FontItem_701A.font.o
[AS ]	Fonts/build/GlyphItem/FontItem_7023.font.o
[AS ]	Fonts/build/GlyphItem/FontItem_701B.font.o
[AS ]	Fonts/build/GlyphItem/FontItem_7039.font.o
[AS ]	Fonts/build/GlyphItem/FontItem_7035.font.o
[AS ]	Fonts/build/GlyphItem/FontItem_704F.font.o
[AS ]	Fonts/build/GlyphItem/FontItem_705E.font.o
[AS ]	Fonts/build/GlyphItem/FontItem_5B80.font.o
[AS ]	Fonts/build/GlyphItem/FontItem_5B84.font.o
[AS ]	Fonts/build/GlyphItem/FontItem_5B95.font.o
[AS ]	Fonts/build/GlyphItem/FontItem_5B93.font.o
[AS ]	Fonts/build/GlyphItem/FontItem_5BA5.font.o
[AS ]	Fonts/build/GlyphItem/FontItem_5BB8.font.o
[AS ]	Fonts/build/GlyphItem/FontItem_752F.font.o
[AS ]	Fonts/build/GlyphItem/FontItem_9A9E.font.o
[AS ]	Fonts/build/GlyphItem/FontItem_6434.font.o
[AS ]	Fonts/build/GlyphItem/FontItem_5BE4.font.o
[AS ]	Fonts/build/GlyphItem/FontItem_5BEE.font.o
[AS ]	Fonts/build/GlyphItem/FontItem_8930.font.o
[AS ]	Fonts/build/GlyphItem/FontItem_5BF0.font.o
[AS ]	Fonts/build/GlyphItem/FontItem_8E47.font.o
[AS ]	Fonts/build/GlyphItem/FontItem_8B07.font.o
[AS ]	Fonts/build/GlyphItem/FontItem_8FB6.font.o
[AS ]	Fonts/build/GlyphItem/FontItem_8FD3.font.o
[AS ]	Fonts/build/GlyphItem/FontItem_8FD5.font.o
[AS ]	Fonts/build/GlyphItem/FontItem_8FEE.font.o
[AS ]	Fonts/build/GlyphItem/FontItem_8FE4.font.o
[AS ]	Fonts/build/GlyphItem/FontItem_8FE9.font.o
[AS ]	Fonts/build/GlyphItem/FontItem_8FF3.font.o
[AS ]	Fonts/build/GlyphItem/FontItem_8FE8.font.o
[AS ]	Fonts/build/GlyphItem/FontItem_9004.font.o
[AS ]	Fonts/build/GlyphItem/FontItem_900B.font.o
[AS ]	Fonts/build/GlyphItem/FontItem_9026.font.o
[AS ]	Fonts/build/GlyphItem/FontItem_9011.font.o
[AS ]	Fonts/build/GlyphItem/FontItem_900D.font.o
[AS ]	Fonts/build/GlyphItem/FontItem_9016.font.o
[AS ]	Fonts/build/GlyphItem/FontItem_9021.font.o
[AS ]	Fonts/build/GlyphItem/FontItem_9035.font.o
[AS ]	Fonts/build/GlyphItem/FontItem_9036.font.o
[AS ]	Fonts/build/GlyphItem/FontItem_902D.font.o
[AS ]	Fonts/build/GlyphItem/FontItem_902F.font.o
[AS ]	Fonts/build/GlyphItem/FontItem_9044.font.o
[AS ]	Fonts/build/GlyphItem/FontItem_9051.font.o
[AS ]	Fonts/build/GlyphItem/FontItem_9052.font.o
[AS ]	Fonts/build/GlyphItem/FontItem_9050.font.o
[AS ]	Fonts/build/GlyphItem/FontItem_9068.font.o
[AS ]	Fonts/build/GlyphItem/FontItem_9058.font.o
[AS ]	Fonts/build/GlyphItem/FontItem_9062.font.o
[AS ]	Fonts/build/GlyphItem/FontItem_905B.font.o
[AS ]	Fonts/build/GlyphItem/FontItem_66B9.font.o
[AS ]	Fonts/build/GlyphItem/FontItem_9074.font.o
[AS ]	Fonts/build/GlyphItem/FontItem_907D.font.o
[AS ]	Fonts/build/GlyphItem/FontItem_9088.font.o
[AS ]	Fonts/build/GlyphItem/FontItem_9083.font.o
[AS ]	Fonts/build/GlyphItem/FontItem_908B.font.o
[AS ]	Fonts/build/GlyphItem/FontItem_5F50.font.o
[AS ]	Fonts/build/GlyphItem/FontItem_5F57.font.o
[AS ]	Fonts/build/GlyphItem/FontItem_5F56.font.o
[AS ]	Fonts/build/GlyphItem/FontItem_5F58.font.o
[AS ]	Fonts/build/GlyphItem/FontItem_5C3B.font.o
[AS ]	Fonts/build/GlyphItem/FontItem_54AB.font.o
[AS ]	Fonts/build/GlyphItem/FontItem_5C50.font.o
[AS ]	Fonts/build/GlyphItem/FontItem_5C59.font.o
[AS ]	Fonts/build/GlyphItem/FontItem_5B71.font.o
[AS ]	Fonts/build/GlyphItem/FontItem_5C63.font.o
[AS ]	Fonts/build/GlyphItem/FontItem_5C66.font.o
[AS ]	Fonts/build/GlyphItem/FontItem_7FBC.font.o
[AS ]	Fonts/build/GlyphItem/FontItem_5F2A.font.o
[AS ]	Fonts/build/GlyphItem/FontItem_5F2D.font.o
[AS ]	Fonts/build/GlyphItem/FontItem_8274.font.o
[AS ]	Fonts/build/GlyphItem/FontItem_5F3C.font.o
[AS ]	Fonts/build/GlyphItem/FontItem_9B3B.font.o
[AS ]	Fonts/build/GlyphItem/FontItem_5C6E.font.o
[AS ]	Fonts/build/GlyphItem/FontItem_5981.font.o
[AS ]	Fonts/build/GlyphItem/FontItem_5983.font.o
[AS ]	Fonts/build/GlyphItem/FontItem_598D.font.o
[AS ]	Fonts/build/GlyphItem/FontItem_59A9.font.o
[AS ]	Fonts/build/GlyphItem/FontItem_59AA.font.o
[AS ]	Fonts/build/GlyphItem/FontItem_59A3.font.o
[AS ]	Fonts/build/GlyphItem/FontItem_5997.font.o
[AS ]	Fonts/build/GlyphItem/FontItem_59CA.font.o
[AS ]	Fonts/build/GlyphItem/FontItem_59AB.font.o
[AS ]	Fonts/build/GlyphItem/FontItem_599E.font.o
[AS ]	Fonts/build/GlyphItem/FontItem_59A4.font.o
[AS ]	Fonts/build/GlyphItem/FontItem_59D2.font.o
[AS ]	Fonts/build/GlyphItem/FontItem_59B2.font.o
[AS ]	Fonts/build/GlyphItem/FontItem_59AF.font.o
[AS ]	Fonts/build/GlyphItem/FontItem_59D7.font.o
[AS ]	Fonts/build/GlyphItem/FontItem_59BE.font.o
[AS ]	Fonts/build/GlyphItem/FontItem_5A06.font.o
[AS ]	Fonts/build/GlyphItem/FontItem_59DD.font.o
[AS ]	Fonts/build/GlyphItem/FontItem_5A08.font.o
[AS ]	Fonts/build/GlyphItem/FontItem_59E3.font.o
[AS ]	Fonts/build/GlyphItem/FontItem_59D8.font.o
[AS ]	Fonts/build/GlyphItem/FontItem_59F9.font.o
[AS ]	Fonts/build/GlyphItem/FontItem_5A0C.font.o
[AS ]	Fonts/build/GlyphItem/FontItem_5A09.font.o
[AS ]	Fonts/build/GlyphItem/FontItem_5A32.font.o
[AS ]	Fonts/build/GlyphItem/FontItem_5A34.font.o
[AS ]	Fonts/build/GlyphItem/FontItem_5A11.font.o
[AS ]	Fonts/build/GlyphItem/FontItem_5A23.font.o
[AS ]	Fonts/build/GlyphItem/FontItem_5A13.font.o
[AS ]	Fonts/build/GlyphItem/FontItem_5A40.font.o
[AS ]	Fonts/build/GlyphItem/FontItem_5A67.font.o
[AS ]	Fonts/build/GlyphItem/FontItem_5A4A.font.o
[AS ]	Fonts/build/GlyphItem/FontItem_5A55.font.o
[AS ]	Fonts/build/GlyphItem/FontItem_5A3C.font.o
[AS ]	Fonts/build/GlyphItem/FontItem_5A62.font.o
[AS ]	Fonts/build/GlyphItem/FontItem_5A75.font.o
[AS ]	Fonts/build/GlyphItem/FontItem_80EC.font.o
[AS ]	Fonts/build/GlyphItem/FontItem_5AAA.font.o
[AS ]	Fonts/build/GlyphItem/FontItem_5A9B.font.o
[AS ]	Fonts/build/GlyphItem/FontItem_5A77.font.o
[AS ]	Fonts/build/GlyphItem/FontItem_5A7A.font.o
[AS ]	Fonts/build/GlyphItem/FontItem_5ABE.font.o
[AS ]	Fonts/build/GlyphItem/FontItem_5AEB.font.o
[AS ]	Fonts/build/GlyphItem/FontItem_5AB2.font.o
[AS ]	Fonts/build/GlyphItem/FontItem_5AD2.font.o
[AS ]	Fonts/build/GlyphItem/FontItem_5AD4.font.o
[AS ]	Fonts/build/GlyphItem/FontItem_5AB8.font.o
[AS ]	Fonts/build/GlyphItem/FontItem_5AE0.font.o
[AS ]	Fonts/build/GlyphItem/FontItem_5AE3.font.o
[AS ]	Fonts/build/GlyphItem/FontItem_5AF1.font.o
[AS ]	Fonts/build/GlyphItem/FontItem_5AD6.font.o
[AS ]	Fonts/build/GlyphItem/FontItem_5AE6.font.o
[AS ]	Fonts/build/GlyphItem/FontItem_5AD8.font.o
[AS ]	Fonts/build/GlyphItem/FontItem_5ADC.font.o
[AS ]	Fonts/build/GlyphItem/FontItem_5B09.font.o
[AS ]	Fonts/build/GlyphItem/FontItem_5B17.font.o
[AS ]	Fonts/build/GlyphItem/FontItem_5B16.font.o
[AS ]	Fonts/build/GlyphItem/FontItem_5B32.font.o
[AS ]	Fonts/build/GlyphItem/FontItem_5B37.font.o
[AS ]	Fonts/build/GlyphItem/FontItem_5B40.font.o
[AS ]	Fonts/build/GlyphItem/FontItem_5C15.font.o
[AS ]	Fonts/build/GlyphItem/FontItem_5C1C.font.o
[AS ]	Fonts/build/GlyphItem/FontItem_5B5A.font.o
[AS ]	Fonts/build/GlyphItem/FontItem_5B65.font.o
[AS ]	Fonts/build/GlyphItem/FontItem_5B73.font.o
[AS ]	Fonts/build/GlyphItem/FontItem_5B51.font.o
[AS ]	Fonts/build/GlyphItem/FontItem_5B53.font.o
[AS ]	Fonts/build/GlyphItem/FontItem_5B62.font.o
[AS ]	Fonts/build/GlyphItem/FontItem_9A75.font.o
[AS ]	Fonts/build/GlyphItem/FontItem_9A77.font.o
[AS ]	Fonts/build/GlyphItem/FontItem_9A78.font.o
[AS ]	Fonts/build/GlyphItem/FontItem_9A7A.font.o
[AS ]	Fonts/build/GlyphItem/FontItem_9A7F.font.o
[AS ]	Fonts/build/GlyphItem/FontItem_9A7D.font.o
[AS ]	Fonts/build/GlyphItem/FontItem_9A80.font.o
[AS ]	Fonts/build/GlyphItem/FontItem_9A81.font.o
[AS ]	Fonts/build/GlyphItem/FontItem_9A85.font.o
[AS ]	Fonts/build/GlyphItem/FontItem_9A88.font.o
[AS ]	Fonts/build/GlyphItem/FontItem_9A8A.font.o
[AS ]	Fonts/build/GlyphItem/FontItem_9A90.font.o
[AS ]	Fonts/build/GlyphItem/FontItem_9A93.font.o
[AS ]	Fonts/build/GlyphItem/FontItem_9A92.font.o
[AS ]	Fonts/build/GlyphItem/FontItem_9A96.font.o
[AS ]	Fonts/build/GlyphItem/FontItem_9A98.font.o
[AS ]	Fonts/build/GlyphItem/FontItem_9A9B.font.o
[AS ]	Fonts/build/GlyphItem/FontItem_9A9C.font.o
[AS ]	Fonts/build/GlyphItem/FontItem_9A9D.font.o
[AS ]	Fonts/build/GlyphItem/FontItem_9A9F.font.o
[AS ]	Fonts/build/GlyphItem/FontItem_9AA0.font.o
[AS ]	Fonts/build/GlyphItem/FontItem_9AA2.font.o
[AS ]	Fonts/build/GlyphItem/FontItem_9AA3.font.o
[AS ]	Fonts/build/GlyphItem/FontItem_9AA5.font.o
[AS ]	Fonts/build/GlyphItem/FontItem_9AA7.font.o
[AS ]	Fonts/build/GlyphItem/FontItem_7E9F.font.o
[AS ]	Fonts/build/GlyphItem/FontItem_7EA1.font.o
[AS ]	Fonts/build/GlyphItem/FontItem_7EA3.font.o
[AS ]	Fonts/build/GlyphItem/FontItem_7EA5.font.o
[AS ]	Fonts/build/GlyphItem/FontItem_7EA8.font.o
[AS ]	Fonts/build/GlyphItem/FontItem_7EA9.font.o
[AS ]	Fonts/build/GlyphItem/FontItem_7EAD.font.o
[AS ]	Fonts/build/GlyphItem/FontItem_7EB0.font.o
[AS ]	Fonts/build/GlyphItem/FontItem_7EBE.font.o
[AS ]	Fonts/build/GlyphItem/FontItem_7EC0.font.o
[AS ]	Fonts/build/GlyphItem/FontItem_7EC1.font.o
[AS ]	Fonts/build/GlyphItem/FontItem_7EC2.font.o
[AS ]	Fonts/build/GlyphItem/FontItem_7EC9.font.o
[AS ]	Fonts/build/GlyphItem/FontItem_7ECB.font.o
[AS ]	Fonts/build/GlyphItem/FontItem_7ECC.font.o
[AS ]	Fonts/build/GlyphItem/FontItem_7ED0.font.o
[AS ]	Fonts/build/GlyphItem/FontItem_7ED4.font.o
[AS ]	Fonts/build/GlyphItem/FontItem_7ED7.font.o
[AS ]	Fonts/build/GlyphItem/FontItem_7EDB.font.o
[AS ]	Fonts/build/GlyphItem/FontItem_7EE0.font.o
[AS ]	Fonts/build/GlyphItem/FontItem_7EE1.font.o
[AS ]	Fonts/build/GlyphItem/FontItem_7EE8.font.o
[AS ]	Fonts/build/GlyphItem/FontItem_7EEB.font.o
[AS ]	Fonts/build/GlyphItem/FontItem_7EEE.font.o
[AS ]	Fonts/build/GlyphItem/FontItem_7EF1.font.o
[AS ]	Fonts/build/GlyphItem/FontItem_7EF2.font.o
[AS ]	Fonts/build/GlyphItem/FontItem_7F0D.font.o
[AS ]	Fonts/build/GlyphItem/FontItem_7EF6.font.o
[AS ]	Fonts/build/GlyphItem/FontItem_7EFA.font.o
[AS ]	Fonts/build/GlyphItem/FontItem_7EFB.font.o
[AS ]	Fonts/build/GlyphItem/FontItem_7EFE.font.o
[AS ]	Fonts/build/GlyphItem/FontItem_7F01.font.o
[AS ]	Fonts/build/GlyphItem/FontItem_7F02.font.o
[AS ]	Fonts/build/GlyphItem/FontItem_7F03.font.o
[AS ]	Fonts/build/GlyphItem/FontItem_7F08.font.o
[AS ]	Fonts/build/GlyphItem/FontItem_7F0B.font.o
[AS ]	Fonts/build/GlyphItem/FontItem_7F0F.font.o
[AS ]	Fonts/build/GlyphItem/FontItem_7F0C.font.o
[AS ]	Fonts/build/GlyphItem/FontItem_7F11.font.o
[AS ]	Fonts/build/GlyphItem/FontItem_7F12.font.o
[AS ]	Fonts/build/GlyphItem/FontItem_7F17.font.o
[AS ]	Fonts/build/GlyphItem/FontItem_7F19.font.o
[AS ]	Fonts/build/GlyphItem/FontItem_7F1C.font.o
[AS ]	Fonts/build/GlyphItem/FontItem_7F1B.font.o
[AS ]	Fonts/build/GlyphItem/FontItem_7F1F.font.o
[AS ]	Fonts/build/GlyphItem/FontItem_7F21.font.o
[AS ]	Fonts/build/GlyphItem/FontItem_7F22.font.o
[AS ]	Fonts/build/GlyphItem/FontItem_7F23.font.o
[AS ]	Fonts/build/GlyphItem/FontItem_7F24.font.o
[AS ]	Fonts/build/GlyphItem/FontItem_7F25.font.o
[AS ]	Fonts/build/GlyphItem/FontItem_7F26.font.o
[AS ]	Fonts/build/GlyphItem/FontItem_7F27.font.o
[AS ]	Fonts/build/GlyphItem/FontItem_7F2B.font.o
[AS ]	Fonts/build/GlyphItem/FontItem_7F2C.font.o
[AS ]	Fonts/build/GlyphItem/FontItem_7F2D.font.o
[AS ]	Fonts/build/GlyphItem/FontItem_7F2F.font.o
[AS ]	Fonts/build/GlyphItem/FontItem_7F30.font.o
[AS ]	Fonts/build/GlyphItem/FontItem_7F31.font.o
[AS ]	Fonts/build/GlyphItem/FontItem_7F32.font.o
[AS ]	Fonts/build/GlyphItem/FontItem_7F33.font.o
[AS ]	Fonts/build/GlyphItem/FontItem_7F35.font.o
[AS ]	Fonts/build/GlyphItem/FontItem_5E7A.font.o
[AS ]	Fonts/build/GlyphItem/FontItem_757F.font.o
[AS ]	Fonts/build/GlyphItem/FontItem_5DDB.font.o
[AS ]	Fonts/build/GlyphItem/FontItem_753E.font.o
[AS ]	Fonts/build/GlyphItem/FontItem_9095.font.o
[AS ]	Fonts/build/GlyphItem/FontItem_738E.font.o
[AS ]	Fonts/build/GlyphItem/FontItem_7391.font.o
[AS ]	Fonts/build/GlyphItem/FontItem_73A2.font.o
[AS ]	Fonts/build/GlyphItem/FontItem_73AE.font.o
[AS ]	Fonts/build/GlyphItem/FontItem_739F.font.o
[AS ]	Fonts/build/GlyphItem/FontItem_73CF.font.o
[AS ]	Fonts/build/GlyphItem/FontItem_73D1.font.o
[AS ]	Fonts/build/GlyphItem/FontItem_73B7.font.o
[AS ]	Fonts/build/GlyphItem/FontItem_73B3.font.o
[AS ]	Fonts/build/GlyphItem/FontItem_73C9.font.o
[AS ]	Fonts/build/GlyphItem/FontItem_73C8.font.o
[AS ]	Fonts/build/GlyphItem/FontItem_73E5.font.o
[AS ]	Fonts/build/GlyphItem/FontItem_73D9.font.o
[AS ]	Fonts/build/GlyphItem/FontItem_987C.font.o
[AS ]	Fonts/build/GlyphItem/FontItem_740A.font.o
[AS ]	Fonts/build/GlyphItem/FontItem_73E9.font.o
[AS ]	Fonts/build/GlyphItem/FontItem_73E7.font.o
[AS ]	Fonts/build/GlyphItem/FontItem_73DE.font.o
[AS ]	Fonts/build/GlyphItem/FontItem_73BA.font.o
[AS ]	Fonts/build/GlyphItem/FontItem_73F2.font.o
[AS ]	Fonts/build/GlyphItem/FontItem_740F.font.o
[AS ]	Fonts/build/GlyphItem/FontItem_742A.font.o
[AS ]	Fonts/build/GlyphItem/FontItem_745B.font.o
[AS ]	Fonts/build/GlyphItem/FontItem_7426.font.o
[AS ]	Fonts/build/GlyphItem/FontItem_7425.font.o
[AS ]	Fonts/build/GlyphItem/FontItem_7428.font.o
[AS ]	Fonts/build/GlyphItem/FontItem_7430.font.o
[AS ]	Fonts/build/GlyphItem/FontItem_742E.font.o
[AS ]	Fonts/build/GlyphItem/FontItem_742C.font.o
[AS ]	Fonts/build/GlyphItem/FontItem_741B.font.o
[AS ]	Fonts/build/GlyphItem/FontItem_741A.font.o
[AS ]	Fonts/build/GlyphItem/FontItem_7441.font.o
[AS ]	Fonts/build/GlyphItem/FontItem_745C.font.o
[AS ]	Fonts/build/GlyphItem/FontItem_7457.font.o
[AS ]	Fonts/build/GlyphItem/FontItem_7455.font.o
[AS ]	Fonts/build/GlyphItem/FontItem_7459.font.o
[AS ]	Fonts/build/GlyphItem/FontItem_7477.font.o
[AS ]	Fonts/build/GlyphItem/FontItem_746D.font.o
[AS ]	Fonts/build/GlyphItem/FontItem_747E.font.o
[AS ]	Fonts/build/GlyphItem/FontItem_749C.font.o
[AS ]	Fonts/build/GlyphItem/FontItem_748E.font.o
[AS ]	Fonts/build/GlyphItem/FontItem_7480.font.o
[AS ]	Fonts/build/GlyphItem/FontItem_7481.font.o
[AS ]	Fonts/build/GlyphItem/FontItem_7487.font.o
[AS ]	Fonts/build/GlyphItem/FontItem_748B.font.o
[AS ]	Fonts/build/GlyphItem/FontItem_749E.font.o
[AS ]	Fonts/build/GlyphItem/FontItem_74A8.font.o
[AS ]	Fonts/build/GlyphItem/FontItem_74A9.font.o
[AS ]	Fonts/build/GlyphItem/FontItem_7490.font.o
[AS ]	Fonts/build/GlyphItem/FontItem_74D2.font.o
[AS ]	Fonts/build/GlyphItem/FontItem_74A7.font.o
[AS ]	Fonts/build/GlyphItem/FontItem_74BA.font.o
[AS ]	Fonts/build/GlyphItem/FontItem_97EA.font.o
[AS ]	Fonts/build/GlyphItem/FontItem_97EB.font.o
[AS ]	Fonts/build/GlyphItem/FontItem_97EC.font.o
[AS ]	Fonts/build/GlyphItem/FontItem_674C.font.o
[AS ]	Fonts/build/GlyphItem/FontItem_6753.font.o
[AS ]	Fonts/build/GlyphItem/FontItem_675E.font.o
[AS ]	Fonts/build/GlyphItem/FontItem_6748.font.o
[AS ]	Fonts/build/GlyphItem/FontItem_6769.font.o
[AS ]	Fonts/build/GlyphItem/FontItem_67A5.font.o
[AS ]	Fonts/build/GlyphItem/FontItem_6787.font.o
[AS ]	Fonts/build/GlyphItem/FontItem_676A.font.o
[AS ]	Fonts/build/GlyphItem/FontItem_67A7.font.o
[AS ]	Fonts/build/GlyphItem/FontItem_6798.font.o
[AS ]	Fonts/build/GlyphItem/FontItem_6775.font.o
[AS ]	Fonts/build/GlyphItem/FontItem_67A8.font.o
[AS ]	Fonts/build/GlyphItem/FontItem_679E.font.o
[AS ]	Fonts/build/GlyphItem/FontItem_67AD.font.o
[AS ]	Fonts/build/GlyphItem/FontItem_678B.font.o
[AS ]	Fonts/build/GlyphItem/FontItem_6777.font.o
[AS ]	Fonts/build/GlyphItem/FontItem_677C.font.o
[AS ]	Fonts/build/GlyphItem/FontItem_67F0.font.o
[AS ]	Fonts/build/GlyphItem/FontItem_6809.font.o
[AS ]	Fonts/build/GlyphItem/FontItem_67D8.font.o
[AS ]	Fonts/build/GlyphItem/FontItem_680A.font.o
[AS ]	Fonts/build/GlyphItem/FontItem_67E9.font.o
[AS ]	Fonts/build/GlyphItem/FontItem_67B0.font.o
[AS ]	Fonts/build/GlyphItem/FontItem_680C.font.o
[AS ]	Fonts/build/GlyphItem/FontItem_67D9.font.o
[AS ]	Fonts/build/GlyphItem/FontItem_67B5.font.o
[AS ]	Fonts/build/GlyphItem/FontItem_67DA.font.o
[AS ]	Fonts/build/GlyphItem/FontItem_67B3.font.o
[AS ]	Fonts/build/GlyphItem/FontItem_67DD.font.o
[AS ]	Fonts/build/GlyphItem/FontItem_6800.font.o
[AS ]	Fonts/build/GlyphItem/FontItem_67C3.font.o
[AS ]	Fonts/build/GlyphItem/FontItem_67B8.font.o
[AS ]	Fonts/build/GlyphItem/FontItem_67E2.font.o
[AS ]	Fonts/build/GlyphItem/FontItem_680E.font.o
[AS ]	Fonts/build/GlyphItem/FontItem_67C1.font.o
[AS ]	Fonts/build/GlyphItem/FontItem_67FD.font.o
[AS ]	Fonts/build/GlyphItem/FontItem_6832.font.o
[AS ]	Fonts/build/GlyphItem/FontItem_6833.font.o
[AS ]	Fonts/build/GlyphItem/FontItem_6860.font.o
[AS ]	Fonts/build/GlyphItem/FontItem_6861.font.o
[AS ]	Fonts/build/GlyphItem/FontItem_684E.font.o
[AS ]	Fonts/build/GlyphItem/FontItem_6862.font.o
[AS ]	Fonts/build/GlyphItem/FontItem_6844.font.o
[AS ]	Fonts/build/GlyphItem/FontItem_6864.font.o
[AS ]	Fonts/build/GlyphItem/FontItem_6883.font.o
[AS ]	Fonts/build/GlyphItem/FontItem_681D.font.o
[AS ]	Fonts/build/GlyphItem/FontItem_6855.font.o
[AS ]	Fonts/build/GlyphItem/FontItem_6866.font.o
[AS ]	Fonts/build/GlyphItem/FontItem_6841.font.o
[AS ]	Fonts/build/GlyphItem/FontItem_6867.font.o
[AS ]	Fonts/build/GlyphItem/FontItem_6840.font.o
[AS ]	Fonts/build/GlyphItem/FontItem_684A.font.o
[AS ]	Fonts/build/GlyphItem/FontItem_683E.font.o
[AS ]	Fonts/build/GlyphItem/FontItem_6849.font.o
[AS ]	Fonts/build/GlyphItem/FontItem_6829.font.o
[AS ]	Fonts/build/GlyphItem/FontItem_68B5.font.o
[AS ]	Fonts/build/GlyphItem/FontItem_688F.font.o
[AS ]	Fonts/build/GlyphItem/FontItem_6874.font.o
[AS ]	Fonts/build/GlyphItem/FontItem_6877.font.o
[AS ]	Fonts/build/GlyphItem/FontItem_6893.font.o
[AS ]	Fonts/build/GlyphItem/FontItem_686B.font.o
[AS ]	Fonts/build/GlyphItem/FontItem_68C2.font.o
[AS ]	Fonts/build/GlyphItem/FontItem_696E.font.o
[AS ]	Fonts/build/GlyphItem/FontItem_68FC.font.o
[AS ]	Fonts/build/GlyphItem/FontItem_691F.font.o
[AS ]	Fonts/build/GlyphItem/FontItem_6920.font.o
[AS ]	Fonts/build/GlyphItem/FontItem_68F9.font.o
[AS ]	Fonts/build/GlyphItem/FontItem_6924.font.o
[AS ]	Fonts/build/GlyphItem/FontItem_68F0.font.o
[AS ]	Fonts/build/GlyphItem/FontItem_690B.font.o
[AS ]	Fonts/build/GlyphItem/FontItem_6901.font.o
[AS ]	Fonts/build/GlyphItem/FontItem_6957.font.o
[AS ]	Fonts/build/GlyphItem/FontItem_68E3.font.o
[AS ]	Fonts/build/GlyphItem/FontItem_6910.font.o
[AS ]	Fonts/build/GlyphItem/FontItem_6971.font.o
[AS ]	Fonts/build/GlyphItem/FontItem_6939.font.o
[AS ]	Fonts/build/GlyphItem/FontItem_6960.font.o
[AS ]	Fonts/build/GlyphItem/FontItem_6942.font.o
[AS ]	Fonts/build/GlyphItem/FontItem_695D.font.o
[AS ]	Fonts/build/GlyphItem/FontItem_6984.font.o
[AS ]	Fonts/build/GlyphItem/FontItem_696B.font.o
[AS ]	Fonts/build/GlyphItem/FontItem_6980.font.o
[AS ]	Fonts/build/GlyphItem/FontItem_6998.font.o
[AS ]	Fonts/build/GlyphItem/FontItem_6978.font.o
[AS ]	Fonts/build/GlyphItem/FontItem_6934.font.o
[AS ]	Fonts/build/GlyphItem/FontItem_69CC.font.o
[AS ]	Fonts/build/GlyphItem/FontItem_6987.font.o
[AS ]	Fonts/build/GlyphItem/FontItem_6988.font.o
[AS ]	Fonts/build/GlyphItem/FontItem_69CE.font.o
[AS ]	Fonts/build/GlyphItem/FontItem_6989.font.o
[AS ]	Fonts/build/GlyphItem/FontItem_6966.font.o
[AS ]	Fonts/build/GlyphItem/FontItem_6963.font.o
[AS ]	Fonts/build/GlyphItem/FontItem_6979.font.o
[AS ]	Fonts/build/GlyphItem/FontItem_699B.font.o
[AS ]	Fonts/build/GlyphItem/FontItem_69A7.font.o
[AS ]	Fonts/build/GlyphItem/FontItem_69BB.font.o
[AS ]	Fonts/build/GlyphItem/FontItem_69AD.font.o
[AS ]	Fonts/build/GlyphItem/FontItem_69AB.font.o
[AS ]	Fonts/build/GlyphItem/FontItem_69D4.font.o
[AS ]	Fonts/build/GlyphItem/FontItem_69B1.font.o
[AS ]	Fonts/build/GlyphItem/FontItem_69C1.font.o
[AS ]	Fonts/build/GlyphItem/FontItem_69CA.font.o
[AS ]	Fonts/build/GlyphItem/FontItem_6995.font.o
[AS ]	Fonts/build/GlyphItem/FontItem_69DF.font.o
[AS ]	Fonts/build/GlyphItem/FontItem_69E0.font.o
[AS ]	Fonts/build/GlyphItem/FontItem_698D.font.o
[AS ]	Fonts/build/GlyphItem/FontItem_69FF.font.o
[AS ]	Fonts/build/GlyphItem/FontItem_6A2F.font.o
[AS ]	Fonts/build/GlyphItem/FontItem_69ED.font.o
[AS ]	Fonts/build/GlyphItem/FontItem_6A17.font.o
[AS ]	Fonts/build/GlyphItem/FontItem_6A65.font.o
[AS ]	Fonts/build/GlyphItem/FontItem_6A18.font.o
[AS ]	Fonts/build/GlyphItem/FontItem_69F2.font.o
[AS ]	Fonts/build/GlyphItem/FontItem_6A44.font.o
[AS ]	Fonts/build/GlyphItem/FontItem_6A3E.font.o
[AS ]	Fonts/build/GlyphItem/FontItem_6AA0.font.o
[AS ]	Fonts/build/GlyphItem/FontItem_6A50.font.o
[AS ]	Fonts/build/GlyphItem/FontItem_6A5B.font.o
[AS ]	Fonts/build/GlyphItem/FontItem_6A35.font.o
[AS ]	Fonts/build/GlyphItem/FontItem_6A8E.font.o
[AS ]	Fonts/build/GlyphItem/FontItem_6A79.font.o
[AS ]	Fonts/build/GlyphItem/FontItem_6A3D.font.o
[AS ]	Fonts/build/GlyphItem/FontItem_6A28.font.o
[AS ]	Fonts/build/GlyphItem/FontItem_6A58.font.o
[AS ]	Fonts/build/GlyphItem/FontItem_6A7C.font.o
[AS ]	Fonts/build/GlyphItem/FontItem_6A91.font.o
[AS ]	Fonts/build/GlyphItem/FontItem_6A90.font.o
[AS ]	Fonts/build/GlyphItem/FontItem_6AA9.font.o
[AS ]	Fonts/build/GlyphItem/FontItem_6A97.font.o
[AS ]	Fonts/build/GlyphItem/FontItem_6AAB.font.o
[AS ]	Fonts/build/GlyphItem/FontItem_7337.font.o
[AS ]	Fonts/build/GlyphItem/FontItem_7352.font.o
[AS ]	Fonts/build/GlyphItem/FontItem_6B81.font.o
[AS ]	Fonts/build/GlyphItem/FontItem_6B82.font.o
[AS ]	Fonts/build/GlyphItem/FontItem_6B87.font.o
[AS ]	Fonts/build/GlyphItem/FontItem_6B84.font.o
[AS ]	Fonts/build/GlyphItem/FontItem_6B92.font.o
[AS ]	Fonts/build/GlyphItem/FontItem_6B93.font.o
[AS ]	Fonts/build/GlyphItem/FontItem_6B8D.font.o
[AS ]	Fonts/build/GlyphItem/FontItem_6B9A.font.o
[AS ]	Fonts/build/GlyphItem/FontItem_6B9B.font.o
[AS ]	Fonts/build/GlyphItem/FontItem_6BA1.font.o
[AS ]	Fonts/build/GlyphItem/FontItem_6BAA.font.o
[AS ]	Fonts/build/GlyphItem/FontItem_8F6B.font.o
[AS ]	Fonts/build/GlyphItem/FontItem_8F6D.font.o
[AS ]	Fonts/build/GlyphItem/FontItem_8F71.font.o
[AS ]	Fonts/build/GlyphItem/FontItem_8F72.font.o
[AS ]	Fonts/build/GlyphItem/FontItem_8F75.font.o
[AS ]	Fonts/build/GlyphItem/FontItem_8F73.font.o
[AS ]	Fonts/build/GlyphItem/FontItem_8F76.font.o
[AS ]	Fonts/build/GlyphItem/FontItem_8F78.font.o
[AS ]	Fonts/build/GlyphItem/FontItem_8F77.font.o
[AS ]	Fonts/build/GlyphItem/FontItem_8F79.font.o
[AS ]	Fonts/build/GlyphItem/FontItem_8F7A.font.o
[AS ]	Fonts/build/GlyphItem/FontItem_8F7C.font.o
[AS ]	Fonts/build/GlyphItem/FontItem_8F7E.font.o
[AS ]	Fonts/build/GlyphItem/FontItem_8F81.font.o
[AS ]	Fonts/build/GlyphItem/FontItem_8F82.font.o
[AS ]	Fonts/build/GlyphItem/FontItem_8F84.font.o
[AS ]	Fonts/build/GlyphItem/FontItem_8F87.font.o
[AS ]	Fonts/build/GlyphItem/FontItem_8F8B.font.o
[AS ]	Fonts/build/GlyphItem/FontItem_8F8D.font.o
[AS ]	Fonts/build/GlyphItem/FontItem_8F8E.font.o
[AS ]	Fonts/build/GlyphItem/FontItem_8F8F.font.o
[AS ]	Fonts/build/GlyphItem/FontItem_8F98.font.o
[AS ]	Fonts/build/GlyphItem/FontItem_8F9A.font.o
[AS ]	Fonts/build/GlyphItem/FontItem_8ECE.font.o
[AS ]	Fonts/build/GlyphItem/FontItem_620B.font.o
[AS ]	Fonts/build/GlyphItem/FontItem_6217.font.o
[AS ]	Fonts/build/GlyphItem/FontItem_621B.font.o
[AS ]	Fonts/build/GlyphItem/FontItem_6222.font.o
[AS ]	Fonts/build/GlyphItem/FontItem_6221.font.o
[AS ]	Fonts/build/GlyphItem/FontItem_6225.font.o
[AS ]	Fonts/build/GlyphItem/FontItem_6224.font.o
[AS ]	Fonts/build/GlyphItem/FontItem_622C.font.o
[AS ]	Fonts/build/GlyphItem/FontItem_81E7.font.o
[AS ]	Fonts/build/GlyphItem/FontItem_74EF.font.o
[AS ]	Fonts/build/GlyphItem/FontItem_74F4.font.o
[AS ]	Fonts/build/GlyphItem/FontItem_74FF.font.o
[AS ]	Fonts/build/GlyphItem/FontItem_750F.font.o
[AS ]	Fonts/build/GlyphItem/FontItem_7511.font.o
[AS ]	Fonts/build/GlyphItem/FontItem_7513.font.o
[AS ]	Fonts/build/GlyphItem/FontItem_6534.font.o
[AS ]	Fonts/build/GlyphItem/FontItem_65EE.font.o
[AS ]	Fonts/build/GlyphItem/FontItem_65EF.font.o
[AS ]	Fonts/build/GlyphItem/FontItem_65F0.font.o
[AS ]	Fonts/build/GlyphItem/FontItem_660A.font.o
[AS ]	Fonts/build/GlyphItem/FontItem_6619.font.o
[AS ]	Fonts/build/GlyphItem/FontItem_6772.font.o
[AS ]	Fonts/build/GlyphItem/FontItem_6603.font.o
[AS ]	Fonts/build/GlyphItem/FontItem_6615.font.o
[AS ]	Fonts/build/GlyphItem/FontItem_6600.font.o
[AS ]	Fonts/build/GlyphItem/FontItem_7085.font.o
[AS ]	Fonts/build/GlyphItem/FontItem_66F7.font.o
[AS ]	Fonts/build/GlyphItem/FontItem_661D.font.o
[AS ]	Fonts/build/GlyphItem/FontItem_6634.font.o
[AS ]	Fonts/build/GlyphItem/FontItem_6631.font.o
[AS ]	Fonts/build/GlyphItem/FontItem_6636.font.o
[AS ]	Fonts/build/GlyphItem/FontItem_6635.font.o
[AS ]	Fonts/build/GlyphItem/FontItem_8006.font.o
[AS ]	Fonts/build/GlyphItem/FontItem_6654.font.o
[AS ]	Fonts/build/GlyphItem/FontItem_665F.font.o
[AS ]	Fonts/build/GlyphItem/FontItem_6641.font.o
[AS ]	Fonts/build/GlyphItem/FontItem_664F.font.o
[AS ]	Fonts/build/GlyphItem/FontItem_6656.font.o
[AS ]	Fonts/build/GlyphItem/FontItem_6661.font.o
[AS ]	Fonts/build/GlyphItem/FontItem_6657.font.o
[AS ]	Fonts/build/GlyphItem/FontItem_6677.font.o
[AS ]	Fonts/build/GlyphItem/FontItem_6684.font.o
[AS ]	Fonts/build/GlyphItem/FontItem_668C.font.o
[AS ]	Fonts/build/GlyphItem/FontItem_66A7.font.o
[AS ]	Fonts/build/GlyphItem/FontItem_669D.font.o
[AS ]	Fonts/build/GlyphItem/FontItem_66BE.font.o
[AS ]	Fonts/build/GlyphItem/FontItem_66DB.font.o
[AS ]	Fonts/build/GlyphItem/FontItem_66E6.font.o
[AS ]	Fonts/build/GlyphItem/FontItem_66E9.font.o
[AS ]	Fonts/build/GlyphItem/FontItem_8D32.font.o
[AS ]	Fonts/build/GlyphItem/FontItem_8D33.font.o
[AS ]	Fonts/build/GlyphItem/FontItem_8D36.font.o
[AS ]	Fonts/build/GlyphItem/FontItem_8D3B.font.o
[AS ]	Fonts/build/GlyphItem/FontItem_8D3D.font.o
[AS ]	Fonts/build/GlyphItem/FontItem_8D40.font.o
[AS ]	Fonts/build/GlyphItem/FontItem_8D45.font.o
[AS ]	Fonts/build/GlyphItem/FontItem_8D46.font.o
[AS ]	Fonts/build/GlyphItem/FontItem_8D48.font.o
[AS ]	Fonts/build/GlyphItem/FontItem_8D49.font.o
[AS ]	Fonts/build/GlyphItem/FontItem_8D47.font.o
[AS ]	Fonts/build/GlyphItem/FontItem_8D4D.font.o
[AS ]	Fonts/build/GlyphItem/FontItem_8D55.font.o
[AS ]	Fonts/build/GlyphItem/FontItem_8D59.font.o
[AS ]	Fonts/build/GlyphItem/FontItem_89C7.font.o
[AS ]	Fonts/build/GlyphItem/FontItem_89CA.font.o
[AS ]	Fonts/build/GlyphItem/FontItem_89CB.font.o
[AS ]	Fonts/build/GlyphItem/FontItem_89CC.font.o
[AS ]	Fonts/build/GlyphItem/FontItem_89CE.font.o
[AS ]	Fonts/build/GlyphItem/FontItem_89CF.font.o
[AS ]	Fonts/build/GlyphItem/FontItem_89D0.font.o
[AS ]	Fonts/build/GlyphItem/FontItem_89D1.font.o
[AS ]	Fonts/build/GlyphItem/FontItem_726E.font.o
[AS ]	Fonts/build/GlyphItem/FontItem_729F.font.o
[AS ]	Fonts/build/GlyphItem/FontItem_725D.font.o
[AS ]	Fonts/build/GlyphItem/FontItem_7266.font.o
[AS ]	Fonts/build/GlyphItem/FontItem_726F.font.o
[AS ]	Fonts/build/GlyphItem/FontItem_727E.font.o
[AS ]	Fonts/build/GlyphItem/FontItem_7284.font.o
[AS ]	Fonts/build/GlyphItem/FontItem_727F.font.o
[AS ]	Fonts/build/GlyphItem/FontItem_728B.font.o
[AS ]	Fonts/build/GlyphItem/FontItem_728D.font.o
[AS ]	Fonts/build/GlyphItem/FontItem_728F.font.o
[AS ]	Fonts/build/GlyphItem/FontItem_7292.font.o
[AS ]	Fonts/build/GlyphItem/FontItem_6332.font.o
[AS ]	Fonts/build/GlyphItem/FontItem_6308.font.o
[AS ]	Fonts/build/GlyphItem/FontItem_63B0.font.o
[AS ]	Fonts/build/GlyphItem/FontItem_643F.font.o
[AS ]	Fonts/build/GlyphItem/FontItem_64D8.font.o
[AS ]	Fonts/build/GlyphItem/FontItem_8004.font.o
[AS ]	Fonts/build/GlyphItem/FontItem_6BEA.font.o
[AS ]	Fonts/build/GlyphItem/FontItem_6BF3.font.o
[AS ]	Fonts/build/GlyphItem/FontItem_6BFD.font.o
[AS ]	Fonts/build/GlyphItem/FontItem_6BF5.font.o
[AS ]	Fonts/build/GlyphItem/FontItem_6BF9.font.o
[AS ]	Fonts/build/GlyphItem/FontItem_6C05.font.o
[AS ]	Fonts/build/GlyphItem/FontItem_6C07.font.o
[AS ]	Fonts/build/GlyphItem/FontItem_6C06.font.o
[AS ]	Fonts/build/GlyphItem/FontItem_6C0D.font.o
[AS ]	Fonts/build/GlyphItem/FontItem_6C15.font.o
[AS ]	Fonts/build/GlyphItem/FontItem_6C18.font.o
[AS ]	Fonts/build/GlyphItem/FontItem_6C19.font.o
[AS ]	Fonts/build/GlyphItem/FontItem_6C1A.font.o
[AS ]	Fonts/build/GlyphItem/FontItem_6C21.font.o
[AS ]	Fonts/build/GlyphItem/FontItem_6C29.font.o
[AS ]	Fonts/build/GlyphItem/FontItem_6C24.font.o
[AS ]	Fonts/build/GlyphItem/FontItem_6C2A.font.o
[AS ]	Fonts/build/GlyphItem/FontItem_6C32.font.o
[AS ]	Fonts/build/GlyphItem/FontItem_6535.font.o
[AS ]	Fonts/build/GlyphItem/FontItem_6555.font.o
[AS ]	Fonts/build/GlyphItem/FontItem_656B.font.o
[AS ]	Fonts/build/GlyphItem/FontItem_724D.font.o
[AS ]	Fonts/build/GlyphItem/FontItem_7252.font.o
[AS ]	Fonts/build/GlyphItem/FontItem_7256.font.o
[AS ]	Fonts/build/GlyphItem/FontItem_7230.font.o
[AS ]	Fonts/build/GlyphItem/FontItem_8662.font.o
[AS ]	Fonts/build/GlyphItem/FontItem_5216.font.o
[AS ]	Fonts/build/GlyphItem/FontItem_809F.font.o
[AS ]	Fonts/build/GlyphItem/FontItem_809C.font.o
[AS ]	Fonts/build/GlyphItem/FontItem_8093.font.o
[AS ]	Fonts/build/GlyphItem/FontItem_80BC.font.o
[AS ]	Fonts/build/GlyphItem/FontItem_670A.font.o
[AS ]	Fonts/build/GlyphItem/FontItem_80BD.font.o
[AS ]	Fonts/build/GlyphItem/FontItem_80B1.font.o
[AS ]	Fonts/build/GlyphItem/FontItem_80AB.font.o
[AS ]	Fonts/build/GlyphItem/FontItem_80AD.font.o
[AS ]	Fonts/build/GlyphItem/FontItem_80B4.font.o
[AS ]	Fonts/build/GlyphItem/FontItem_80B7.font.o
[AS ]	Fonts/build/GlyphItem/FontItem_80E7.font.o
[AS ]	Fonts/build/GlyphItem/FontItem_80E8.font.o
[AS ]	Fonts/build/GlyphItem/FontItem_80E9.font.o
[AS ]	Fonts/build/GlyphItem/FontItem_80EA.font.o
[AS ]	Fonts/build/GlyphItem/FontItem_80DB.font.o
[AS ]	Fonts/build/GlyphItem/FontItem_80C2.font.o
[AS ]	Fonts/build/GlyphItem/FontItem_80C4.font.o
[AS ]	Fonts/build/GlyphItem/FontItem_80D9.font.o
[AS ]	Fonts/build/GlyphItem/FontItem_80CD.font.o
[AS ]	Fonts/build/GlyphItem/FontItem_80D7.font.o
[AS ]	Fonts/build/GlyphItem/FontItem_6710.font.o
[AS ]	Fonts/build/GlyphItem/FontItem_80DD.font.o
[AS ]	Fonts/build/GlyphItem/FontItem_80F1.font.o
[AS ]	Fonts/build/GlyphItem/FontItem_80EB.font.o
[AS ]	Fonts/build/GlyphItem/FontItem_80F4.font.o
[AS ]	Fonts/build/GlyphItem/FontItem_80ED.font.o
[AS ]	Fonts/build/GlyphItem/FontItem_810D.font.o
[AS ]	Fonts/build/GlyphItem/FontItem_810E.font.o
[AS ]	Fonts/build/GlyphItem/FontItem_80F2.font.o
[AS ]	Fonts/build/GlyphItem/FontItem_80FC.font.o
[AS ]	Fonts/build/GlyphItem/FontItem_6715.font.o
[AS ]	Fonts/build/GlyphItem/FontItem_8112.font.o
[AS ]	Fonts/build/GlyphItem/FontItem_8C5A.font.o
[AS ]	Fonts/build/GlyphItem/FontItem_8136.font.o
[AS ]	Fonts/build/GlyphItem/FontItem_811E.font.o
[AS ]	Fonts/build/GlyphItem/FontItem_812C.font.o
[AS ]	Fonts/build/GlyphItem/FontItem_8118.font.o
[AS ]	Fonts/build/GlyphItem/FontItem_8132.font.o
[AS ]	Fonts/build/GlyphItem/FontItem_8148.font.o
[AS ]	Fonts/build/GlyphItem/FontItem_814C.font.o
[AS ]	Fonts/build/GlyphItem/FontItem_8153.font.o
[AS ]	Fonts/build/GlyphItem/FontItem_8174.font.o
[AS ]	Fonts/build/GlyphItem/FontItem_8159.font.o
[AS ]	Fonts/build/GlyphItem/FontItem_815A.font.o
[AS ]	Fonts/build/GlyphItem/FontItem_8171.font.o
[AS ]	Fonts/build/GlyphItem/FontItem_8160.font.o
[AS ]	Fonts/build/GlyphItem/FontItem_8169.font.o
[AS ]	Fonts/build/GlyphItem/FontItem_817C.font.o
[AS ]	Fonts/build/GlyphItem/FontItem_817D.font.o
[AS ]	Fonts/build/GlyphItem/FontItem_816D.font.o
[AS ]	Fonts/build/GlyphItem/FontItem_8167.font.o
[AS ]	Fonts/build/GlyphItem/FontItem_584D.font.o
[AS ]	Fonts/build/GlyphItem/FontItem_5AB5.font.o
[AS ]	Fonts/build/GlyphItem/FontItem_8188.font.o
[AS ]	Fonts/build/GlyphItem/FontItem_8182.font.o
[AS ]	Fonts/build/GlyphItem/FontItem_8191.font.o
[AS ]	Fonts/build/GlyphItem/FontItem_6ED5.font.o
[AS ]	Fonts/build/GlyphItem/FontItem_81A3.font.o
[AS ]	Fonts/build/GlyphItem/FontItem_81AA.font.o
[AS ]	Fonts/build/GlyphItem/FontItem_81CC.font.o
[AS ]	Fonts/build/GlyphItem/FontItem_6726.font.o
[AS ]	Fonts/build/GlyphItem/FontItem_81CA.font.o
[AS ]	Fonts/build/GlyphItem/FontItem_81BB.font.o
[AS ]	Fonts/build/GlyphItem/FontItem_81C1.font.o
[AS ]	Fonts/build/GlyphItem/FontItem_81A6.font.o
[AS ]	Fonts/build/GlyphItem/FontItem_6B24.font.o
[AS ]	Fonts/build/GlyphItem/FontItem_6B37.font.o
[AS ]	Fonts/build/GlyphItem/FontItem_6B39.font.o
[AS ]	Fonts/build/GlyphItem/FontItem_6B43.font.o
[AS ]	Fonts/build/GlyphItem/FontItem_6B46.font.o
[AS ]	Fonts/build/GlyphItem/FontItem_6B59.font.o
[AS ]	Fonts/build/GlyphItem/FontItem_98D1.font.o
[AS ]	Fonts/build/GlyphItem/FontItem_98D2.font.o
[AS ]	Fonts/build/GlyphItem/FontItem_98D3.font.o
[AS ]	Fonts/build/GlyphItem/FontItem_98D5.font.o
[AS ]	Fonts/build/GlyphItem/FontItem_98D9.font.o
[AS ]	Fonts/build/GlyphItem/FontItem_98DA.font.o
[AS ]	Fonts/build/GlyphItem/FontItem_6BB3.font.o
[AS ]	Fonts/build/GlyphItem/FontItem_5F40.font.o
[AS ]	Fonts/build/GlyphItem/FontItem_6BC2.font.o
[AS ]	Fonts/build/GlyphItem/FontItem_89F3.font.o
[AS ]	Fonts/build/GlyphItem/FontItem_6590.font.o
[AS ]	Fonts/build/GlyphItem/FontItem_9F51.font.o
[AS ]	Fonts/build/GlyphItem/FontItem_6593.font.o
[AS ]	Fonts/build/GlyphItem/FontItem_65BC.font.o
[AS ]	Fonts/build/GlyphItem/FontItem_65C6.font.o
[AS ]	Fonts/build/GlyphItem/FontItem_65C4.font.o
[AS ]	Fonts/build/GlyphItem/FontItem_65C3.font.o
[AS ]	Fonts/build/GlyphItem/FontItem_65CC.font.o
[AS ]	Fonts/build/GlyphItem/FontItem_65CE.font.o
[AS ]	Fonts/build/GlyphItem/FontItem_65D2.font.o
[AS ]	Fonts/build/GlyphItem/FontItem_65D6.font.o
[AS ]	Fonts/build/GlyphItem/FontItem_7080.font.o
[AS ]	Fonts/build/GlyphItem/FontItem_709C.font.o
[AS ]	Fonts/build/GlyphItem/FontItem_7096.font.o
[AS ]	Fonts/build/GlyphItem/FontItem_709D.font.o
[AS ]	Fonts/build/GlyphItem/FontItem_70BB.font.o
[AS ]	Fonts/build/GlyphItem/FontItem_70C0.font.o
[AS ]	Fonts/build/GlyphItem/FontItem_70B7.font.o
[AS ]	Fonts/build/GlyphItem/FontItem_70AB.font.o
[AS ]	Fonts/build/GlyphItem/FontItem_70B1.font.o
[AS ]	Fonts/build/GlyphItem/FontItem_70E8.font.o
[AS ]	Fonts/build/GlyphItem/FontItem_70CA.font.o
[AS ]	Fonts/build/GlyphItem/FontItem_7110.font.o
[AS ]	Fonts/build/GlyphItem/FontItem_7113.font.o
[AS ]	Fonts/build/GlyphItem/FontItem_7116.font.o
[AS ]	Fonts/build/GlyphItem/FontItem_712F.font.o
[AS ]	Fonts/build/GlyphItem/FontItem_7131.font.o
[AS ]	Fonts/build/GlyphItem/FontItem_7173.font.o
[AS ]	Fonts/build/GlyphItem/FontItem_715C.font.o
[AS ]	Fonts/build/GlyphItem/FontItem_7168.font.o
[AS ]	Fonts/build/GlyphItem/FontItem_7145.font.o
[AS ]	Fonts/build/GlyphItem/FontItem_7172.font.o
[AS ]	Fonts/build/GlyphItem/FontItem_714A.font.o
[AS ]	Fonts/build/GlyphItem/FontItem_7178.font.o
[AS ]	Fonts/build/GlyphItem/FontItem_7198.font.o
[AS ]	Fonts/build/GlyphItem/FontItem_717A.font.o
[AS ]	Fonts/build/GlyphItem/FontItem_71B3.font.o
[AS ]	Fonts/build/GlyphItem/FontItem_71B5.font.o
[AS ]	Fonts/build/GlyphItem/FontItem_71A8.font.o
[AS ]	Fonts/build/GlyphItem/FontItem_71A0.font.o
[AS ]	Fonts/build/GlyphItem/FontItem_71E0.font.o
[AS ]	Fonts/build/GlyphItem/FontItem_71D4.font.o
[AS ]	Fonts/build/GlyphItem/FontItem_71E7.font.o
[AS ]	Fonts/build/GlyphItem/FontItem_71F9.font.o
[AS ]	Fonts/build/GlyphItem/FontItem_721D.font.o
[AS ]	Fonts/build/GlyphItem/FontItem_7228.font.o
[AS ]	Fonts/build/GlyphItem/FontItem_706C.font.o
[AS ]	Fonts/build/GlyphItem/FontItem_7118.font.o
[AS ]	Fonts/build/GlyphItem/FontItem_7166.font.o
[AS ]	Fonts/build/GlyphItem/FontItem_71B9.font.o
[AS ]	Fonts/build/GlyphItem/FontItem_623E.font.o
[AS ]	Fonts/build/GlyphItem/FontItem_623D.font.o
[AS ]	Fonts/build/GlyphItem/FontItem_6243.font.o
[AS ]	Fonts/build/GlyphItem/FontItem_6248.font.o
[AS ]	Fonts/build/GlyphItem/FontItem_6249.font.o
[AS ]	Fonts/build/GlyphItem/FontItem_793B.font.o
[AS ]	Fonts/build/GlyphItem/FontItem_7940.font.o
[AS ]	Fonts/build/GlyphItem/FontItem_7946.font.o
[AS ]	Fonts/build/GlyphItem/FontItem_7949.font.o
[AS ]	Fonts/build/GlyphItem/FontItem_795B.font.o
[AS ]	Fonts/build/GlyphItem/FontItem_7953.font.o
[AS ]	Fonts/build/GlyphItem/FontItem_795C.font.o
[AS ]	Fonts/build/GlyphItem/FontItem_795A.font.o
[AS ]	Fonts/build/GlyphItem/FontItem_7962.font.o
[AS ]	Fonts/build/GlyphItem/FontItem_7960.font.o
[AS ]	Fonts/build/GlyphItem/FontItem_7957.font.o
[AS ]	Fonts/build/GlyphItem/FontItem_796F.font.o
[AS ]	Fonts/build/GlyphItem/FontItem_7967.font.o
[AS ]	Fonts/build/GlyphItem/FontItem_797A.font.o
[AS ]	Fonts/build/GlyphItem/FontItem_798A.font.o
[AS ]	Fonts/build/GlyphItem/FontItem_799A.font.o
[AS ]	Fonts/build/GlyphItem/FontItem_79A7.font.o
[AS ]	Fonts/build/GlyphItem/FontItem_79B3.font.o
[AS ]	Fonts/build/GlyphItem/FontItem_5FD1.font.o
[AS ]	Fonts/build/GlyphItem/FontItem_5FD0.font.o
[AS ]	Fonts/build/GlyphItem/FontItem_603C.font.o
[AS ]	Fonts/build/GlyphItem/FontItem_605D.font.o
[AS ]	Fonts/build/GlyphItem/FontItem_605A.font.o
[AS ]	Fonts/build/GlyphItem/FontItem_6041.font.o
[AS ]	Fonts/build/GlyphItem/FontItem_6067.font.o
[AS ]	Fonts/build/GlyphItem/FontItem_6059.font.o
[AS ]	Fonts/build/GlyphItem/FontItem_6063.font.o
[AS ]	Fonts/build/GlyphItem/FontItem_60AB.font.o
[AS ]	Fonts/build/GlyphItem/FontItem_6106.font.o
[AS ]	Fonts/build/GlyphItem/FontItem_610D.font.o
[AS ]	Fonts/build/GlyphItem/FontItem_615D.font.o
[AS ]	Fonts/build/GlyphItem/FontItem_619D.font.o
[AS ]	Fonts/build/GlyphItem/FontItem_61CB.font.o
[AS ]	Fonts/build/GlyphItem/FontItem_61D1.font.o
[AS ]	Fonts/build/GlyphItem/FontItem_6206.font.o
[AS ]	Fonts/build/GlyphItem/FontItem_8080.font.o
[AS ]	Fonts/build/GlyphItem/FontItem_807F.font.o
[AS ]	Fonts/build/GlyphItem/FontItem_6C93.font.o
[AS ]	Fonts/build/GlyphItem/FontItem_6CF6.font.o
[AS ]	Fonts/build/GlyphItem/FontItem_6DFC.font.o
[AS ]	Fonts/build/GlyphItem/FontItem_77F6.font.o
[AS ]	Fonts/build/GlyphItem/FontItem_77F8.font.o
[AS ]	Fonts/build/GlyphItem/FontItem_7800.font.o
[AS ]	Fonts/build/GlyphItem/FontItem_7809.font.o
[AS ]	Fonts/build/GlyphItem/FontItem_7817.font.o
[AS ]	Fonts/build/GlyphItem/FontItem_7818.font.o
[AS ]	Fonts/build/GlyphItem/FontItem_7811.font.o
[AS ]	Fonts/build/GlyphItem/FontItem_65AB.font.o
[AS ]	Fonts/build/GlyphItem/FontItem_782D.font.o
[AS ]	Fonts/build/GlyphItem/FontItem_781C.font.o
[AS ]	Fonts/build/GlyphItem/FontItem_781D.font.o
[AS ]	Fonts/build/GlyphItem/FontItem_7839.font.o
[AS ]	Fonts/build/GlyphItem/FontItem_783A.font.o
[AS ]	Fonts/build/GlyphItem/FontItem_783B.font.o
[AS ]	Fonts/build/GlyphItem/FontItem_781F.font.o
[AS ]	Fonts/build/GlyphItem/FontItem_783C.font.o
[AS ]	Fonts/build/GlyphItem/FontItem_7825.font.o
[AS ]	Fonts/build/GlyphItem/FontItem_782C.font.o
[AS ]	Fonts/build/GlyphItem/FontItem_7823.font.o
[AS ]	Fonts/build/GlyphItem/FontItem_7829.font.o
[AS ]	Fonts/build/GlyphItem/FontItem_784E.font.o
[AS ]	Fonts/build/GlyphItem/FontItem_786D.font.o
[AS ]	Fonts/build/GlyphItem/FontItem_7856.font.o
[AS ]	Fonts/build/GlyphItem/FontItem_7857.font.o
[AS ]	Fonts/build/GlyphItem/FontItem_7826.font.o
[AS ]	Fonts/build/GlyphItem/FontItem_7850.font.o
[AS ]	Fonts/build/GlyphItem/FontItem_7847.font.o
[AS ]	Fonts/build/GlyphItem/FontItem_784C.font.o
[AS ]	Fonts/build/GlyphItem/FontItem_786A.font.o
[AS ]	Fonts/build/GlyphItem/FontItem_789B.font.o
[AS ]	Fonts/build/GlyphItem/FontItem_7893.font.o
[AS ]	Fonts/build/GlyphItem/FontItem_789A.font.o
[AS ]	Fonts/build/GlyphItem/FontItem_7887.font.o
[AS ]	Fonts/build/GlyphItem/FontItem_789C.font.o
[AS ]	Fonts/build/GlyphItem/FontItem_78A1.font.o
[AS ]	Fonts/build/GlyphItem/FontItem_78A3.font.o
[AS ]	Fonts/build/GlyphItem/FontItem_78B2.font.o
[AS ]	Fonts/build/GlyphItem/FontItem_78B9.font.o
[AS ]	Fonts/build/GlyphItem/FontItem_78A5.font.o
[AS ]	Fonts/build/GlyphItem/FontItem_78D4.font.o
[AS ]	Fonts/build/GlyphItem/FontItem_78D9.font.o
[AS ]	Fonts/build/GlyphItem/FontItem_78C9.font.o
[AS ]	Fonts/build/GlyphItem/FontItem_78EC.font.o
[AS ]	Fonts/build/GlyphItem/FontItem_78F2.font.o
[AS ]	Fonts/build/GlyphItem/FontItem_7905.font.o
[AS ]	Fonts/build/GlyphItem/FontItem_78F4.font.o
[AS ]	Fonts/build/GlyphItem/FontItem_7913.font.o
[AS ]	Fonts/build/GlyphItem/FontItem_7924.font.o
[AS ]	Fonts/build/GlyphItem/FontItem_791E.font.o
[AS ]	Fonts/build/GlyphItem/FontItem_7934.font.o
[AS ]	Fonts/build/GlyphItem/FontItem_9F9B.font.o
[AS ]	Fonts/build/GlyphItem/FontItem_9EF9.font.o
[AS ]	Fonts/build/GlyphItem/FontItem_9EFB.font.o
[AS ]	Fonts/build/GlyphItem/FontItem_9EFC.font.o
[AS ]	Fonts/build/GlyphItem/FontItem_76F1.font.o
[AS ]	Fonts/build/GlyphItem/FontItem_7704.font.o
[AS ]	Fonts/build/GlyphItem/FontItem_770D.font.o
[AS ]	Fonts/build/GlyphItem/FontItem_76F9.font.o
[AS ]	Fonts/build/GlyphItem/FontItem_7707.font.o
[AS ]	Fonts/build/GlyphItem/FontItem_7708.font.o
[AS ]	Fonts/build/GlyphItem/FontItem_771A.font.o
[AS ]	Fonts/build/GlyphItem/FontItem_7722.font.o
[AS ]	Fonts/build/GlyphItem/FontItem_7719.font.o
[AS ]	Fonts/build/GlyphItem/FontItem_772D.font.o
[AS ]	Fonts/build/GlyphItem/FontItem_7726.font.o
[AS ]	Fonts/build/GlyphItem/FontItem_7735.font.o
[AS ]	Fonts/build/GlyphItem/FontItem_7738.font.o
[AS ]	Fonts/build/GlyphItem/FontItem_7750.font.o
[AS ]	Fonts/build/GlyphItem/FontItem_7751.font.o
[AS ]	Fonts/build/GlyphItem/FontItem_7747.font.o
[AS ]	Fonts/build/GlyphItem/FontItem_7743.font.o
[AS ]	Fonts/build/GlyphItem/FontItem_775A.font.o
[AS ]	Fonts/build/GlyphItem/FontItem_7768.font.o
[AS ]	Fonts/build/GlyphItem/FontItem_7762.font.o
[AS ]	Fonts/build/GlyphItem/FontItem_7765.font.o
[AS ]	Fonts/build/GlyphItem/FontItem_777F.font.o
[AS ]	Fonts/build/GlyphItem/FontItem_778D.font.o
[AS ]	Fonts/build/GlyphItem/FontItem_777D.font.o
[AS ]	Fonts/build/GlyphItem/FontItem_7780.font.o
[AS ]	Fonts/build/GlyphItem/FontItem_7791.font.o
[AS ]	Fonts/build/GlyphItem/FontItem_778C.font.o
[AS ]	Fonts/build/GlyphItem/FontItem_779F.font.o
[AS ]	Fonts/build/GlyphItem/FontItem_77A0.font.o
[AS ]	Fonts/build/GlyphItem/FontItem_77B0.font.o
[AS ]	Fonts/build/GlyphItem/FontItem_77B5.font.o
[AS ]	Fonts/build/GlyphItem/FontItem_77BD.font.o
[AS ]	Fonts/build/GlyphItem/FontItem_7540.font.o
[AS ]	Fonts/build/GlyphItem/FontItem_754E.font.o
[AS ]	Fonts/build/GlyphItem/FontItem_754B.font.o
[AS ]	Fonts/build/GlyphItem/FontItem_7548.font.o
[AS ]	Fonts/build/GlyphItem/FontItem_755B.font.o
[AS ]	Fonts/build/GlyphItem/FontItem_7572.font.o
[AS ]	Fonts/build/GlyphItem/FontItem_7579.font.o
[AS ]	Fonts/build/GlyphItem/FontItem_7583.font.o
[AS ]	Fonts/build/GlyphItem/FontItem_7F58.font.o
[AS ]	Fonts/build/GlyphItem/FontItem_7F61.font.o
[AS ]	Fonts/build/GlyphItem/FontItem_7F5F.font.o
[AS ]	Fonts/build/GlyphItem/FontItem_8A48.font.o
[AS ]	Fonts/build/GlyphItem/FontItem_7F68.font.o
[AS ]	Fonts/build/GlyphItem/FontItem_7F74.font.o
[AS ]	Fonts/build/GlyphItem/FontItem_7F71.font.o
[AS ]	Fonts/build/GlyphItem/FontItem_7F79.font.o
[AS ]	Fonts/build/GlyphItem/FontItem_7F7E.font.o
[AS ]	Fonts/build/GlyphItem/FontItem_76CD.font.o
[AS ]	Fonts/build/GlyphItem/FontItem_76E5.font.o
[AS ]	Fonts/build/GlyphItem/FontItem_8832.font.o
[AS ]	Fonts/build/GlyphItem/FontItem_9485.font.o
[AS ]	Fonts/build/GlyphItem/FontItem_9486.font.o
[AS ]	Fonts/build/GlyphItem/FontItem_9487.font.o
[AS ]	Fonts/build/GlyphItem/FontItem_948B.font.o
[AS ]	Fonts/build/GlyphItem/FontItem_948C.font.o
[AS ]	Fonts/build/GlyphItem/FontItem_948A.font.o
[AS ]	Fonts/build/GlyphItem/FontItem_948D.font.o
[AS ]	Fonts/build/GlyphItem/FontItem_948F.font.o
[AS ]	Fonts/build/GlyphItem/FontItem_9490.font.o
[AS ]	Fonts/build/GlyphItem/FontItem_9494.font.o
[AS ]	Fonts/build/GlyphItem/FontItem_9497.font.o
[AS ]	Fonts/build/GlyphItem/FontItem_9495.font.o
[AS ]	Fonts/build/GlyphItem/FontItem_949A.font.o
[AS ]	Fonts/build/GlyphItem/FontItem_949B.font.o
[AS ]	Fonts/build/GlyphItem/FontItem_949C.font.o
[AS ]	Fonts/build/GlyphItem/FontItem_94A4.font.o
[AS ]	Fonts/build/GlyphItem/FontItem_94A3.font.o
[AS ]	Fonts/build/GlyphItem/FontItem_94AB.font.o
[AS ]	Fonts/build/GlyphItem/FontItem_94AA.font.o
[AS ]	Fonts/build/GlyphItem/FontItem_94AD.font.o
[AS ]	Fonts/build/GlyphItem/FontItem_94AC.font.o
[AS ]	Fonts/build/GlyphItem/FontItem_94AF.font.o
[AS ]	Fonts/build/GlyphItem/FontItem_94B0.font.o
[AS ]	Fonts/build/GlyphItem/FontItem_94B2.font.o
[AS ]	Fonts/build/GlyphItem/FontItem_94B4.font.o
[AS ]	Fonts/build/GlyphItem/FontItem_94B6.font.o
[AS ]	Fonts/build/GlyphItem/FontItem_94B7.font.o
[AS ]	Fonts/build/GlyphItem/FontItem_94B8.font.o
[AS ]	Fonts/build/GlyphItem/FontItem_94B9.font.o
[AS ]	Fonts/build/GlyphItem/FontItem_94BA.font.o
[AS ]	Fonts/build/GlyphItem/FontItem_94BC.font.o
[AS ]	Fonts/build/GlyphItem/FontItem_94BD.font.o
[AS ]	Fonts/build/GlyphItem/FontItem_94BF.font.o
[AS ]	Fonts/build/GlyphItem/FontItem_94C4.font.o
[AS ]	Fonts/build/GlyphItem/FontItem_94C8.font.o
[AS ]	Fonts/build/GlyphItem/FontItem_94CA.font.o
[AS ]	Fonts/build/GlyphItem/FontItem_94C9.font.o
[AS ]	Fonts/build/GlyphItem/FontItem_94CB.font.o
[AS ]	Fonts/build/GlyphItem/FontItem_94CC.font.o
[AS ]	Fonts/build/GlyphItem/FontItem_94CD.font.o
[AS ]	Fonts/build/GlyphItem/FontItem_94CE.font.o
[AS ]	Fonts/build/GlyphItem/FontItem_94D0.font.o
[AS ]	Fonts/build/GlyphItem/FontItem_94D1.font.o
[AS ]	Fonts/build/GlyphItem/FontItem_94D2.font.o
[AS ]	Fonts/build/GlyphItem/FontItem_94D5.font.o
[AS ]	Fonts/build/GlyphItem/FontItem_94D6.font.o
[AS ]	Fonts/build/GlyphItem/FontItem_94D7.font.o
[AS ]	Fonts/build/GlyphItem/FontItem_94D9.font.o
[AS ]	Fonts/build/GlyphItem/FontItem_94D8.font.o
[AS ]	Fonts/build/GlyphItem/FontItem_94DB.font.o
[AS ]	Fonts/build/GlyphItem/FontItem_94DE.font.o
[AS ]	Fonts/build/GlyphItem/FontItem_94DF.font.o
[AS ]	Fonts/build/GlyphItem/FontItem_94E2.font.o
[AS ]	Fonts/build/GlyphItem/FontItem_94E4.font.o
[AS ]	Fonts/build/GlyphItem/FontItem_94E5.font.o
[AS ]	Fonts/build/GlyphItem/FontItem_94E7.font.o
[AS ]	Fonts/build/GlyphItem/FontItem_94E8.font.o
[AS ]	Fonts/build/GlyphItem/FontItem_94EA.font.o
[AS ]	Fonts/build/GlyphItem/FontItem_94E9.font.o
[AS ]	Fonts/build/GlyphItem/FontItem_94EB.font.o
[AS ]	Fonts/build/GlyphItem/FontItem_94EE.font.o
[AS ]	Fonts/build/GlyphItem/FontItem_94EF.font.o
[AS ]	Fonts/build/GlyphItem/FontItem_94F3.font.o
[AS ]	Fonts/build/GlyphItem/FontItem_94F4.font.o
[AS ]	Fonts/build/GlyphItem/FontItem_94F5.font.o
[AS ]	Fonts/build/GlyphItem/FontItem_94F7.font.o
[AS ]	Fonts/build/GlyphItem/FontItem_94F9.font.o
[AS ]	Fonts/build/GlyphItem/FontItem_94FC.font.o
[AS ]	Fonts/build/GlyphItem/FontItem_94FD.font.o
[AS ]	Fonts/build/GlyphItem/FontItem_94FF.font.o
[AS ]	Fonts/build/GlyphItem/FontItem_9503.font.o
[AS ]	Fonts/build/GlyphItem/FontItem_9506.font.o
[AS ]	Fonts/build/GlyphItem/FontItem_9502.font.o
[AS ]	Fonts/build/GlyphItem/FontItem_9507.font.o
[AS ]	Fonts/build/GlyphItem/FontItem_9509.font.o
[AS ]	Fonts/build/GlyphItem/FontItem_950A.font.o
[AS ]	Fonts/build/GlyphItem/FontItem_950D.font.o
[AS ]	Fonts/build/GlyphItem/FontItem_950E.font.o
[AS ]	Fonts/build/GlyphItem/FontItem_950F.font.o
[AS ]	Fonts/build/GlyphItem/FontItem_9512.font.o
[AS ]	Fonts/build/GlyphItem/FontItem_9513.font.o
[AS ]	Fonts/build/GlyphItem/FontItem_9514.font.o
[AS ]	Fonts/build/GlyphItem/FontItem_9515.font.o
[AS ]	Fonts/build/GlyphItem/FontItem_9516.font.o
[AS ]	Fonts/build/GlyphItem/FontItem_9518.font.o
[AS ]	Fonts/build/GlyphItem/FontItem_951B.font.o
[AS ]	Fonts/build/GlyphItem/FontItem_951D.font.o
[AS ]	Fonts/build/GlyphItem/FontItem_951E.font.o
[AS ]	Fonts/build/GlyphItem/FontItem_951F.font.o
[AS ]	Fonts/build/GlyphItem/FontItem_9522.font.o
[AS ]	Fonts/build/GlyphItem/FontItem_952A.font.o
[AS ]	Fonts/build/GlyphItem/FontItem_952B.font.o
[AS ]	Fonts/build/GlyphItem/FontItem_9529.font.o
[AS ]	Fonts/build/GlyphItem/FontItem_952C.font.o
[AS ]	Fonts/build/GlyphItem/FontItem_9531.font.o
[AS ]	Fonts/build/GlyphItem/FontItem_9532.font.o
[AS ]	Fonts/build/GlyphItem/FontItem_9534.font.o
[AS ]	Fonts/build/GlyphItem/FontItem_9536.font.o
[AS ]	Fonts/build/GlyphItem/FontItem_9537.font.o
[AS ]	Fonts/build/GlyphItem/FontItem_9538.font.o
[AS ]	Fonts/build/GlyphItem/FontItem_953C.font.o
[AS ]	Fonts/build/GlyphItem/FontItem_953E.font.o
[AS ]	Fonts/build/GlyphItem/FontItem_953F.font.o
[AS ]	Fonts/build/GlyphItem/FontItem_9542.font.o
[AS ]	Fonts/build/GlyphItem/FontItem_9535.font.o
[AS ]	Fonts/build/GlyphItem/FontItem_9544.font.o
[AS ]	Fonts/build/GlyphItem/FontItem_9545.font.o
[AS ]	Fonts/build/GlyphItem/FontItem_9546.font.o
[AS ]	Fonts/build/GlyphItem/FontItem_9549.font.o
[AS ]	Fonts/build/GlyphItem/FontItem_954C.font.o
[AS ]	Fonts/build/GlyphItem/FontItem_954E.font.o
[AS ]	Fonts/build/GlyphItem/FontItem_954F.font.o
[AS ]	Fonts/build/GlyphItem/FontItem_9552.font.o
[AS ]	Fonts/build/GlyphItem/FontItem_9553.font.o
[AS ]	Fonts/build/GlyphItem/FontItem_9554.font.o
[AS ]	Fonts/build/GlyphItem/FontItem_9557.font.o
[AS ]	Fonts/build/GlyphItem/FontItem_9558.font.o
[AS ]	Fonts/build/GlyphItem/FontItem_9559.font.o
[AS ]	Fonts/build/GlyphItem/FontItem_955B.font.o
[AS ]	Fonts/build/GlyphItem/FontItem_955E.font.o
[AS ]	Fonts/build/GlyphItem/FontItem_955F.font.o
[AS ]	Fonts/build/GlyphItem/FontItem_955D.font.o
[AS ]	Fonts/build/GlyphItem/FontItem_9561.font.o
[AS ]	Fonts/build/GlyphItem/FontItem_9562.font.o
[AS ]	Fonts/build/GlyphItem/FontItem_9564.font.o
[AS ]	Fonts/build/GlyphItem/FontItem_9566.font.o
[AS ]	Fonts/build/GlyphItem/FontItem_9565.font.o
[AS ]	Fonts/build/GlyphItem/FontItem_9567.font.o
[AS ]	Fonts/build/GlyphItem/FontItem_9569.font.o
[AS ]	Fonts/build/GlyphItem/FontItem_9568.font.o
[AS ]	Fonts/build/GlyphItem/FontItem_956A.font.o
[AS ]	Fonts/build/GlyphItem/FontItem_956B.font.o
[AS ]	Fonts/build/GlyphItem/FontItem_956C.font.o
[AS ]	Fonts/build/GlyphItem/FontItem_956F.font.o
[AS ]	Fonts/build/GlyphItem/FontItem_9571.font.o
[AS ]	Fonts/build/GlyphItem/FontItem_9572.font.o
[AS ]	Fonts/build/GlyphItem/FontItem_9573.font.o
[AS ]	Fonts/build/GlyphItem/FontItem_953A.font.o
[AS ]	Fonts/build/GlyphItem/FontItem_77E7.font.o
[AS ]	Fonts/build/GlyphItem/FontItem_77EC.font.o
[AS ]	Fonts/build/GlyphItem/FontItem_96C9.font.o
[AS ]	Fonts/build/GlyphItem/FontItem_79D5.font.o
[AS ]	Fonts/build/GlyphItem/FontItem_79ED.font.o
[AS ]	Fonts/build/GlyphItem/FontItem_79E3.font.o
[AS ]	Fonts/build/GlyphItem/FontItem_79EB.font.o
[AS ]	Fonts/build/GlyphItem/FontItem_7A06.font.o
[AS ]	Fonts/build/GlyphItem/FontItem_5D47.font.o
[AS ]	Fonts/build/GlyphItem/FontItem_7A03.font.o
[AS ]	Fonts/build/GlyphItem/FontItem_7A02.font.o
[AS ]	Fonts/build/GlyphItem/FontItem_7A1E.font.o
[AS ]	Fonts/build/GlyphItem/FontItem_7A14.font.o
[AS ]	Fonts/build/GlyphItem/FontItem_7A39.font.o
[AS ]	Fonts/build/GlyphItem/FontItem_7A37.font.o
[AS ]	Fonts/build/GlyphItem/FontItem_7A51.font.o
[AS ]	Fonts/build/GlyphItem/FontItem_9ECF.font.o
[AS ]	Fonts/build/GlyphItem/FontItem_99A5.font.o
[AS ]	Fonts/build/GlyphItem/FontItem_7A70.font.o
[AS ]	Fonts/build/GlyphItem/FontItem_768E.font.o
[AS ]	Fonts/build/GlyphItem/FontItem_7688.font.o
[AS ]	Fonts/build/GlyphItem/FontItem_7693.font.o
[AS ]	Fonts/build/GlyphItem/FontItem_7699.font.o
[AS ]	Fonts/build/GlyphItem/FontItem_76A4.font.o
[AS ]	Fonts/build/GlyphItem/FontItem_74DE.font.o
[AS ]	Fonts/build/GlyphItem/FontItem_74E0.font.o
[AS ]	Fonts/build/GlyphItem/FontItem_752C.font.o
[AS ]	Fonts/build/GlyphItem/FontItem_9E20.font.o
[AS ]	Fonts/build/GlyphItem/FontItem_9E22.font.o
[AS ]	Fonts/build/GlyphItem/FontItem_9E28.font.o
[AS ]	Fonts/build/GlyphItem/FontItem_9E29.font.o
[AS ]	Fonts/build/GlyphItem/FontItem_9E2A.font.o
[AS ]	Fonts/build/GlyphItem/FontItem_9E2B.font.o
[AS ]	Fonts/build/GlyphItem/FontItem_9E32.font.o
[AS ]	Fonts/build/GlyphItem/FontItem_9E2C.font.o
[AS ]	Fonts/build/GlyphItem/FontItem_9E31.font.o
[AS ]	Fonts/build/GlyphItem/FontItem_9E36.font.o
[AS ]	Fonts/build/GlyphItem/FontItem_9E38.font.o
[AS ]	Fonts/build/GlyphItem/FontItem_9E37.font.o
[AS ]	Fonts/build/GlyphItem/FontItem_9E39.font.o
[AS ]	Fonts/build/GlyphItem/FontItem_9E3A.font.o
[AS ]	Fonts/build/GlyphItem/FontItem_9E3E.font.o
[AS ]	Fonts/build/GlyphItem/FontItem_9E41.font.o
[AS ]	Fonts/build/GlyphItem/FontItem_9E42.font.o
[AS ]	Fonts/build/GlyphItem/FontItem_9E44.font.o
[AS ]	Fonts/build/GlyphItem/FontItem_9E46.font.o
[AS ]	Fonts/build/GlyphItem/FontItem_9E47.font.o
[AS ]	Fonts/build/GlyphItem/FontItem_9E48.font.o
[AS ]	Fonts/build/GlyphItem/FontItem_9E49.font.o
[AS ]	Fonts/build/GlyphItem/FontItem_9E4B.font.o
[AS ]	Fonts/build/GlyphItem/FontItem_9E4C.font.o
[AS ]	Fonts/build/GlyphItem/FontItem_9E4E.font.o
[AS ]	Fonts/build/GlyphItem/FontItem_9E51.font.o
[AS ]	Fonts/build/GlyphItem/FontItem_9E55.font.o
[AS ]	Fonts/build/GlyphItem/FontItem_9E57.font.o
[AS ]	Fonts/build/GlyphItem/FontItem_9E5A.font.o
[AS ]	Fonts/build/GlyphItem/FontItem_9E5B.font.o
[AS ]	Fonts/build/GlyphItem/FontItem_9E5C.font.o
[AS ]	Fonts/build/GlyphItem/FontItem_9E5E.font.o
[AS ]	Fonts/build/GlyphItem/FontItem_9E66.font.o
[AS ]	Fonts/build/GlyphItem/FontItem_9E63.font.o
[AS ]	Fonts/build/GlyphItem/FontItem_9E67.font.o
[AS ]	Fonts/build/GlyphItem/FontItem_9E68.font.o
[AS ]	Fonts/build/GlyphItem/FontItem_9E6A.font.o
[AS ]	Fonts/build/GlyphItem/FontItem_9E69.font.o
[AS ]	Fonts/build/GlyphItem/FontItem_9E6B.font.o
[AS ]	Fonts/build/GlyphItem/FontItem_9E6C.font.o
[AS ]	Fonts/build/GlyphItem/FontItem_9E71.font.o
[AS ]	Fonts/build/GlyphItem/FontItem_9E6D.font.o
[AS ]	Fonts/build/GlyphItem/FontItem_9E73.font.o
[AS ]	Fonts/build/GlyphItem/FontItem_7592.font.o
[AS ]	Fonts/build/GlyphItem/FontItem_7594.font.o
[AS ]	Fonts/build/GlyphItem/FontItem_7596.font.o
[AS ]	Fonts/build/GlyphItem/FontItem_75A0.font.o
[AS ]	Fonts/build/GlyphItem/FontItem_759D.font.o
[AS ]	Fonts/build/GlyphItem/FontItem_75AC.font.o
[AS ]	Fonts/build/GlyphItem/FontItem_75A3.font.o
[AS ]	Fonts/build/GlyphItem/FontItem_75B3.font.o
[AS ]	Fonts/build/GlyphItem/FontItem_75B4.font.o
[AS ]	Fonts/build/GlyphItem/FontItem_75B8.font.o
[AS ]	Fonts/build/GlyphItem/FontItem_75C4.font.o
[AS ]	Fonts/build/GlyphItem/FontItem_75B1.font.o
[AS ]	Fonts/build/GlyphItem/FontItem_75B0.font.o
[AS ]	Fonts/build/GlyphItem/FontItem_75C3.font.o
[AS ]	Fonts/build/GlyphItem/FontItem_75C2.font.o
[AS ]	Fonts/build/GlyphItem/FontItem_75D6.font.o
[AS ]	Fonts/build/GlyphItem/FontItem_75CD.font.o
[AS ]	Fonts/build/GlyphItem/FontItem_75E3.font.o
[AS ]	Fonts/build/GlyphItem/FontItem_75E8.font.o
[AS ]	Fonts/build/GlyphItem/FontItem_75E6.font.o
[AS ]	Fonts/build/GlyphItem/FontItem_75E4.font.o
[AS ]	Fonts/build/GlyphItem/FontItem_75EB.font.o
[AS ]	Fonts/build/GlyphItem/FontItem_75E7.font.o
[AS ]	Fonts/build/GlyphItem/FontItem_7603.font.o
[AS ]	Fonts/build/GlyphItem/FontItem_75F1.font.o
[AS ]	Fonts/build/GlyphItem/FontItem_75FC.font.o
[AS ]	Fonts/build/GlyphItem/FontItem_75FF.font.o
[AS ]	Fonts/build/GlyphItem/FontItem_7610.font.o
[AS ]	Fonts/build/GlyphItem/FontItem_7600.font.o
[AS ]	Fonts/build/GlyphItem/FontItem_7605.font.o
[AS ]	Fonts/build/GlyphItem/FontItem_760C.font.o
[AS ]	Fonts/build/GlyphItem/FontItem_7617.font.o
[AS ]	Fonts/build/GlyphItem/FontItem_760A.font.o
[AS ]	Fonts/build/GlyphItem/FontItem_7625.font.o
[AS ]	Fonts/build/GlyphItem/FontItem_7615.font.o
[AS ]	Fonts/build/GlyphItem/FontItem_7618.font.o
[AS ]	Fonts/build/GlyphItem/FontItem_7619.font.o
[AS ]	Fonts/build/GlyphItem/FontItem_761B.font.o
[AS ]	Fonts/build/GlyphItem/FontItem_763C.font.o
[AS ]	Fonts/build/GlyphItem/FontItem_7622.font.o
[AS ]	Fonts/build/GlyphItem/FontItem_7620.font.o
[AS ]	Fonts/build/GlyphItem/FontItem_7640.font.o
[AS ]	Fonts/build/GlyphItem/FontItem_762D.font.o
[AS ]	Fonts/build/GlyphItem/FontItem_7630.font.o
[AS ]	Fonts/build/GlyphItem/FontItem_763F.font.o
[AS ]	Fonts/build/GlyphItem/FontItem_7635.font.o
[AS ]	Fonts/build/GlyphItem/FontItem_7643.font.o
[AS ]	Fonts/build/GlyphItem/FontItem_763E.font.o
[AS ]	Fonts/build/GlyphItem/FontItem_7633.font.o
[AS ]	Fonts/build/GlyphItem/FontItem_764D.font.o
[AS ]	Fonts/build/GlyphItem/FontItem_765E.font.o
[AS ]	Fonts/build/GlyphItem/FontItem_765C.font.o
[AS ]	Fonts/build/GlyphItem/FontItem_7654.font.o
[AS ]	Fonts/build/GlyphItem/FontItem_766B.font.o
[AS ]	Fonts/build/GlyphItem/FontItem_766F.font.o
[AS ]	Fonts/build/GlyphItem/FontItem_7FCA.font.o
[AS ]	Fonts/build/GlyphItem/FontItem_7AE6.font.o
[AS ]	Fonts/build/GlyphItem/FontItem_7A78.font.o
[AS ]	Fonts/build/GlyphItem/FontItem_7A79.font.o
[AS ]	Fonts/build/GlyphItem/FontItem_7A80.font.o
[AS ]	Fonts/build/GlyphItem/FontItem_7A86.font.o
[AS ]	Fonts/build/GlyphItem/FontItem_7A88.font.o
[AS ]	Fonts/build/GlyphItem/FontItem_7A95.font.o
[AS ]	Fonts/build/GlyphItem/FontItem_7AA6.font.o
[AS ]	Fonts/build/GlyphItem/FontItem_7AA0.font.o
[AS ]	Fonts/build/GlyphItem/FontItem_7AAC.font.o
[AS ]	Fonts/build/GlyphItem/FontItem_7AA8.font.o
[AS ]	Fonts/build/GlyphItem/FontItem_7AAD.font.o
[AS ]	Fonts/build/GlyphItem/FontItem_7AB3.font.o
[AS ]	Fonts/build/GlyphItem/FontItem_8864.font.o
[AS ]	Fonts/build/GlyphItem/FontItem_8869.font.o
[AS ]	Fonts/build/GlyphItem/FontItem_8872.font.o
[AS ]	Fonts/build/GlyphItem/FontItem_887D.font.o
[AS ]	Fonts/build/GlyphItem/FontItem_887F.font.o
[AS ]	Fonts/build/GlyphItem/FontItem_8882.font.o
[AS ]	Fonts/build/GlyphItem/FontItem_88A2.font.o
[AS ]	Fonts/build/GlyphItem/FontItem_88C6.font.o
[AS ]	Fonts/build/GlyphItem/FontItem_88B7.font.o
[AS ]	Fonts/build/GlyphItem/FontItem_88BC.font.o
[AS ]	Fonts/build/GlyphItem/FontItem_88C9.font.o
[AS ]	Fonts/build/GlyphItem/FontItem_88E2.font.o
[AS ]	Fonts/build/GlyphItem/FontItem_88CE.font.o
[AS ]	Fonts/build/GlyphItem/FontItem_88E3.font.o
[AS ]	Fonts/build/GlyphItem/FontItem_88E5.font.o
[AS ]	Fonts/build/GlyphItem/FontItem_891A.font.o
[AS ]	Fonts/build/GlyphItem/FontItem_88F1.font.o
[AS ]	Fonts/build/GlyphItem/FontItem_88FC.font.o
[AS ]	Fonts/build/GlyphItem/FontItem_88E8.font.o
[AS ]	Fonts/build/GlyphItem/FontItem_88FE.font.o
[AS ]	Fonts/build/GlyphItem/FontItem_88F0.font.o
[AS ]	Fonts/build/GlyphItem/FontItem_8921.font.o
[AS ]	Fonts/build/GlyphItem/FontItem_8919.font.o
[AS ]	Fonts/build/GlyphItem/FontItem_8913.font.o
[AS ]	Fonts/build/GlyphItem/FontItem_891B.font.o
[AS ]	Fonts/build/GlyphItem/FontItem_890A.font.o
[AS ]	Fonts/build/GlyphItem/FontItem_8934.font.o
[AS ]	Fonts/build/GlyphItem/FontItem_892B.font.o
[AS ]	Fonts/build/GlyphItem/FontItem_8936.font.o
[AS ]	Fonts/build/GlyphItem/FontItem_8941.font.o
[AS ]	Fonts/build/GlyphItem/FontItem_8966.font.o
[AS ]	Fonts/build/GlyphItem/FontItem_897B.font.o
[AS ]	Fonts/build/GlyphItem/FontItem_758B.font.o
[AS ]	Fonts/build/GlyphItem/FontItem_80E5.font.o
[AS ]	Fonts/build/GlyphItem/FontItem_76B2.font.o
[AS ]	Fonts/build/GlyphItem/FontItem_76B4.font.o
[AS ]	Fonts/build/GlyphItem/FontItem_77DC.font.o
[AS ]	Fonts/build/GlyphItem/FontItem_8012.font.o
[AS ]	Fonts/build/GlyphItem/FontItem_8014.font.o
[AS ]	Fonts/build/GlyphItem/FontItem_8016.font.o
[AS ]	Fonts/build/GlyphItem/FontItem_801C.font.o
[AS ]	Fonts/build/GlyphItem/FontItem_8020.font.o
[AS ]	Fonts/build/GlyphItem/FontItem_8022.font.o
[AS ]	Fonts/build/GlyphItem/FontItem_8025.font.o
[AS ]	Fonts/build/GlyphItem/FontItem_8026.font.o
[AS ]	Fonts/build/GlyphItem/FontItem_8027.font.o
[AS ]	Fonts/build/GlyphItem/FontItem_8029.font.o
[AS ]	Fonts/build/GlyphItem/FontItem_8028.font.o
[AS ]	Fonts/build/GlyphItem/FontItem_8031.font.o
[AS ]	Fonts/build/GlyphItem/FontItem_800B.font.o
[AS ]	Fonts/build/GlyphItem/FontItem_8035.font.o
[AS ]	Fonts/build/GlyphItem/FontItem_8043.font.o
[AS ]	Fonts/build/GlyphItem/FontItem_8046.font.o
[AS ]	Fonts/build/GlyphItem/FontItem_804D.font.o
[AS ]	Fonts/build/GlyphItem/FontItem_8052.font.o
[AS ]	Fonts/build/GlyphItem/FontItem_8069.font.o
[AS ]	Fonts/build/GlyphItem/FontItem_8071.font.o
[AS ]	Fonts/build/GlyphItem/FontItem_8983.font.o
[AS ]	Fonts/build/GlyphItem/FontItem_9878.font.o
[AS ]	Fonts/build/GlyphItem/FontItem_9880.font.o
[AS ]	Fonts/build/GlyphItem/FontItem_9883.font.o
[AS ]	Fonts/build/GlyphItem/FontItem_9889.font.o
[AS ]	Fonts/build/GlyphItem/FontItem_988C.font.o
[AS ]	Fonts/build/GlyphItem/FontItem_988D.font.o
[AS ]	Fonts/build/GlyphItem/FontItem_988F.font.o
[AS ]	Fonts/build/GlyphItem/FontItem_9894.font.o
[AS ]	Fonts/build/GlyphItem/FontItem_989A.font.o
[AS ]	Fonts/build/GlyphItem/FontItem_989B.font.o
[AS ]	Fonts/build/GlyphItem/FontItem_989E.font.o
[AS ]	Fonts/build/GlyphItem/FontItem_989F.font.o
[AS ]	Fonts/build/GlyphItem/FontItem_98A1.font.o
[AS ]	Fonts/build/GlyphItem/FontItem_98A2.font.o
[AS ]	Fonts/build/GlyphItem/FontItem_98A5.font.o
[AS ]	Fonts/build/GlyphItem/FontItem_98A6.font.o
[AS ]	Fonts/build/GlyphItem/FontItem_864D.font.o
[AS ]	Fonts/build/GlyphItem/FontItem_8654.font.o
[AS ]	Fonts/build/GlyphItem/FontItem_866C.font.o
[AS ]	Fonts/build/GlyphItem/FontItem_866E.font.o
[AS ]	Fonts/build/GlyphItem/FontItem_867F.font.o
[AS ]	Fonts/build/GlyphItem/FontItem_867A.font.o
[AS ]	Fonts/build/GlyphItem/FontItem_867C.font.o
[AS ]	Fonts/build/GlyphItem/FontItem_867B.font.o
[AS ]	Fonts/build/GlyphItem/FontItem_86A8.font.o
[AS ]	Fonts/build/GlyphItem/FontItem_868D.font.o
[AS ]	Fonts/build/GlyphItem/FontItem_868B.font.o
[AS ]	Fonts/build/GlyphItem/FontItem_86AC.font.o
[AS ]	Fonts/build/GlyphItem/FontItem_869D.font.o
[AS ]	Fonts/build/GlyphItem/FontItem_86A7.font.o
[AS ]	Fonts/build/GlyphItem/FontItem_86A3.font.o
[AS ]	Fonts/build/GlyphItem/FontItem_86AA.font.o
[AS ]	Fonts/build/GlyphItem/FontItem_8693.font.o
[AS ]	Fonts/build/GlyphItem/FontItem_86A9.font.o
[AS ]	Fonts/build/GlyphItem/FontItem_86B6.font.o
[AS ]	Fonts/build/GlyphItem/FontItem_86C4.font.o
[AS ]	Fonts/build/GlyphItem/FontItem_86B5.font.o
[AS ]	Fonts/build/GlyphItem/FontItem_86CE.font.o
[AS ]	Fonts/build/GlyphItem/FontItem_86B0.font.o
[AS ]	Fonts/build/GlyphItem/FontItem_86BA.font.o
[AS ]	Fonts/build/GlyphItem/FontItem_86B1.font.o
[AS ]	Fonts/build/GlyphItem/FontItem_86AF.font.o
[AS ]	Fonts/build/GlyphItem/FontItem_86CF.font.o
[AS ]	Fonts/build/GlyphItem/FontItem_86C9.font.o
[AS ]	Fonts/build/GlyphItem/FontItem_86B4.font.o
[AS ]	Fonts/build/GlyphItem/FontItem_86E9.font.o
[AS ]	Fonts/build/GlyphItem/FontItem_86F1.font.o
[AS ]	Fonts/build/GlyphItem/FontItem_86F2.font.o
[AS ]	Fonts/build/GlyphItem/FontItem_86ED.font.o
[AS ]	Fonts/build/GlyphItem/FontItem_86F3.font.o
[AS ]	Fonts/build/GlyphItem/FontItem_86D0.font.o
[AS ]	Fonts/build/GlyphItem/FontItem_8713.font.o
[AS ]	Fonts/build/GlyphItem/FontItem_86DE.font.o
[AS ]	Fonts/build/GlyphItem/FontItem_86F4.font.o
[AS ]	Fonts/build/GlyphItem/FontItem_86DF.font.o
[AS ]	Fonts/build/GlyphItem/FontItem_86D8.font.o
[AS ]	Fonts/build/GlyphItem/FontItem_86D1.font.o
[AS ]	Fonts/build/GlyphItem/FontItem_8703.font.o
[AS ]	Fonts/build/GlyphItem/FontItem_8707.font.o
[AS ]	Fonts/build/GlyphItem/FontItem_86F8.font.o
[AS ]	Fonts/build/GlyphItem/FontItem_8708.font.o
[AS ]	Fonts/build/GlyphItem/FontItem_870A.font.o
[AS ]	Fonts/build/GlyphItem/FontItem_870D.font.o
[AS ]	Fonts/build/GlyphItem/FontItem_8709.font.o
[AS ]	Fonts/build/GlyphItem/FontItem_8723.font.o
[AS ]	Fonts/build/GlyphItem/FontItem_873B.font.o
[AS ]	Fonts/build/GlyphItem/FontItem_871E.font.o
[AS ]	Fonts/build/GlyphItem/FontItem_8725.font.o
[AS ]	Fonts/build/GlyphItem/FontItem_872E.font.o
[AS ]	Fonts/build/GlyphItem/FontItem_871A.font.o
[AS ]	Fonts/build/GlyphItem/FontItem_873E.font.o
[AS ]	Fonts/build/GlyphItem/FontItem_8748.font.o
[AS ]	Fonts/build/GlyphItem/FontItem_8734.font.o
[AS ]	Fonts/build/GlyphItem/FontItem_8731.font.o
[AS ]	Fonts/build/GlyphItem/FontItem_8729.font.o
[AS ]	Fonts/build/GlyphItem/FontItem_8737.font.o
[AS ]	Fonts/build/GlyphItem/FontItem_873F.font.o
[AS ]	Fonts/build/GlyphItem/FontItem_8782.font.o
[AS ]	Fonts/build/GlyphItem/FontItem_8722.font.o
[AS ]	Fonts/build/GlyphItem/FontItem_877D.font.o
[AS ]	Fonts/build/GlyphItem/FontItem_877E.font.o
[AS ]	Fonts/build/GlyphItem/FontItem_877B.font.o
[AS ]	Fonts/build/GlyphItem/FontItem_8760.font.o
[AS ]	Fonts/build/GlyphItem/FontItem_8770.font.o
[AS ]	Fonts/build/GlyphItem/FontItem_874C.font.o
[AS ]	Fonts/build/GlyphItem/FontItem_876E.font.o
[AS ]	Fonts/build/GlyphItem/FontItem_878B.font.o
[AS ]	Fonts/build/GlyphItem/FontItem_8753.font.o
[AS ]	Fonts/build/GlyphItem/FontItem_8763.font.o
[AS ]	Fonts/build/GlyphItem/FontItem_877C.font.o
[AS ]	Fonts/build/GlyphItem/FontItem_8764.font.o
[AS ]	Fonts/build/GlyphItem/FontItem_8759.font.o
[AS ]	Fonts/build/GlyphItem/FontItem_8765.font.o
[AS ]	Fonts/build/GlyphItem/FontItem_8793.font.o
[AS ]	Fonts/build/GlyphItem/FontItem_87AF.font.o
[AS ]	Fonts/build/GlyphItem/FontItem_87A8.font.o
[AS ]	Fonts/build/GlyphItem/FontItem_87D2.font.o
[AS ]	Fonts/build/GlyphItem/FontItem_87C6.font.o
[AS ]	Fonts/build/GlyphItem/FontItem_8788.font.o
[AS ]	Fonts/build/GlyphItem/FontItem_8785.font.o
[AS ]	Fonts/build/GlyphItem/FontItem_87AD.font.o
[AS ]	Fonts/build/GlyphItem/FontItem_8797.font.o
[AS ]	Fonts/build/GlyphItem/FontItem_8783.font.o
[AS ]	Fonts/build/GlyphItem/FontItem_87AB.font.o
[AS ]	Fonts/build/GlyphItem/FontItem_87E5.font.o
[AS ]	Fonts/build/GlyphItem/FontItem_87AC.font.o
[AS ]	Fonts/build/GlyphItem/FontItem_87B5.font.o
[AS ]	Fonts/build/GlyphItem/FontItem_87B3.font.o
[AS ]	Fonts/build/GlyphItem/FontItem_87CB.font.o
[AS ]	Fonts/build/GlyphItem/FontItem_87D3.font.o
[AS ]	Fonts/build/GlyphItem/FontItem_87BD.font.o
[AS ]	Fonts/build/GlyphItem/FontItem_87D1.font.o
[AS ]	Fonts/build/GlyphItem/FontItem_87C0.font.o
[AS ]	Fonts/build/GlyphItem/FontItem_87CA.font.o
[AS ]	Fonts/build/GlyphItem/FontItem_87DB.font.o
[AS ]	Fonts/build/GlyphItem/FontItem_87EA.font.o
[AS ]	Fonts/build/GlyphItem/FontItem_87E0.font.o
[AS ]	Fonts/build/GlyphItem/FontItem_87EE.font.o
[AS ]	Fonts/build/GlyphItem/FontItem_8816.font.o
[AS ]	Fonts/build/GlyphItem/FontItem_8813.font.o
[AS ]	Fonts/build/GlyphItem/FontItem_87FE.font.o
[AS ]	Fonts/build/GlyphItem/FontItem_880A.font.o
[AS ]	Fonts/build/GlyphItem/FontItem_881B.font.o
[AS ]	Fonts/build/GlyphItem/FontItem_8821.font.o
[AS ]	Fonts/build/GlyphItem/FontItem_8839.font.o
[AS ]	Fonts/build/GlyphItem/FontItem_883C.font.o
[AS ]	Fonts/build/GlyphItem/FontItem_7F36.font.o
[AS ]	Fonts/build/GlyphItem/FontItem_7F42.font.o
[AS ]	Fonts/build/GlyphItem/FontItem_7F44.font.o
[AS ]	Fonts/build/GlyphItem/FontItem_7F45.font.o
[AS ]	Fonts/build/GlyphItem/FontItem_8210.font.o
[AS ]	Fonts/build/GlyphItem/FontItem_7AFA.font.o
[AS ]	Fonts/build/GlyphItem/FontItem_7AFD.font.o
[AS ]	Fonts/build/GlyphItem/FontItem_7B08.font.o
[AS ]	Fonts/build/GlyphItem/FontItem_7B03.font.o
[AS ]	Fonts/build/GlyphItem/FontItem_7B04.font.o
[AS ]	Fonts/build/GlyphItem/FontItem_7B15.font.o
[AS ]	Fonts/build/GlyphItem/FontItem_7B0A.font.o
[AS ]	Fonts/build/GlyphItem/FontItem_7B2B.font.o
[AS ]	Fonts/build/GlyphItem/FontItem_7B0F.font.o
[AS ]	Fonts/build/GlyphItem/FontItem_7B47.font.o
[AS ]	Fonts/build/GlyphItem/FontItem_7B38.font.o
[AS ]	Fonts/build/GlyphItem/FontItem_7B2A.font.o
[AS ]	Fonts/build/GlyphItem/FontItem_7B19.font.o
[AS ]	Fonts/build/GlyphItem/FontItem_7B2E.font.o
[AS ]	Fonts/build/GlyphItem/FontItem_7B31.font.o
[AS ]	Fonts/build/GlyphItem/FontItem_7B20.font.o
[AS ]	Fonts/build/GlyphItem/FontItem_7B25.font.o
[AS ]	Fonts/build/GlyphItem/FontItem_7B24.font.o
[AS ]	Fonts/build/GlyphItem/FontItem_7B33.font.o
[AS ]	Fonts/build/GlyphItem/FontItem_7B3E.font.o
[AS ]	Fonts/build/GlyphItem/FontItem_7B58.font.o
[AS ]	Fonts/build/GlyphItem/FontItem_7B1E.font.o
[AS ]	Fonts/build/GlyphItem/FontItem_7B5A.font.o
[AS ]	Fonts/build/GlyphItem/FontItem_7B45.font.o
[AS ]	Fonts/build/GlyphItem/FontItem_7B75.font.o
[AS ]	Fonts/build/GlyphItem/FontItem_7B4C.font.o
[AS ]	Fonts/build/GlyphItem/FontItem_7B5D.font.o
[AS ]	Fonts/build/GlyphItem/FontItem_7B60.font.o
[AS ]	Fonts/build/GlyphItem/FontItem_7B6E.font.o
[AS ]	Fonts/build/GlyphItem/FontItem_7B7B.font.o
[AS ]	Fonts/build/GlyphItem/FontItem_7B62.font.o
[AS ]	Fonts/build/GlyphItem/FontItem_7B72.font.o
[AS ]	Fonts/build/GlyphItem/FontItem_7B71.font.o
[AS ]	Fonts/build/GlyphItem/FontItem_7B90.font.o
[AS ]	Fonts/build/GlyphItem/FontItem_7BA6.font.o
[AS ]	Fonts/build/GlyphItem/FontItem_7BA7.font.o
[AS ]	Fonts/build/GlyphItem/FontItem_7BB8.font.o
[AS ]	Fonts/build/GlyphItem/FontItem_7BAC.font.o
[AS ]	Fonts/build/GlyphItem/FontItem_7B9D.font.o
[AS ]	Fonts/build/GlyphItem/FontItem_7BA8.font.o
[AS ]	Fonts/build/GlyphItem/FontItem_7B85.font.o
[AS ]	Fonts/build/GlyphItem/FontItem_7BAA.font.o
[AS ]	Fonts/build/GlyphItem/FontItem_7B9C.font.o
[AS ]	Fonts/build/GlyphItem/FontItem_7BA2.font.o
[AS ]	Fonts/build/GlyphItem/FontItem_7BAB.font.o
[AS ]	Fonts/build/GlyphItem/FontItem_7BB4.font.o
[AS ]	Fonts/build/GlyphItem/FontItem_7BD1.font.o
[AS ]	Fonts/build/GlyphItem/FontItem_7BC1.font.o
[AS ]	Fonts/build/GlyphItem/FontItem_7BCC.font.o
[AS ]	Fonts/build/GlyphItem/FontItem_7BDD.font.o
[AS ]	Fonts/build/GlyphItem/FontItem_7BDA.font.o
[AS ]	Fonts/build/GlyphItem/FontItem_7BE5.font.o
[AS ]	Fonts/build/GlyphItem/FontItem_7BE6.font.o
[AS ]	Fonts/build/GlyphItem/FontItem_7BEA.font.o
[AS ]	Fonts/build/GlyphItem/FontItem_7BFE.font.o
[AS ]	Fonts/build/GlyphItem/FontItem_7C0C.font.o
[AS ]	Fonts/build/GlyphItem/FontItem_7BFC.font.o
[AS ]	Fonts/build/GlyphItem/FontItem_7C0F.font.o
[AS ]	Fonts/build/GlyphItem/FontItem_7C16.font.o
[AS ]	Fonts/build/GlyphItem/FontItem_7C0B.font.o
[AS ]	Fonts/build/GlyphItem/FontItem_7C1F.font.o
[AS ]	Fonts/build/GlyphItem/FontItem_7C2A.font.o
[AS ]	Fonts/build/GlyphItem/FontItem_7C26.font.o
[AS ]	Fonts/build/GlyphItem/FontItem_7C38.font.o
[AS ]	Fonts/build/GlyphItem/FontItem_7C41.font.o
[AS ]	Fonts/build/GlyphItem/FontItem_7C40.font.o
[AS ]	Fonts/build/GlyphItem/FontItem_81FE.font.o
[AS ]	Fonts/build/GlyphItem/FontItem_8201.font.o
[AS ]	Fonts/build/GlyphItem/FontItem_8202.font.o
[AS ]	Fonts/build/GlyphItem/FontItem_8204.font.o
[AS ]	Fonts/build/GlyphItem/FontItem_81EC.font.o
[AS ]	Fonts/build/GlyphItem/FontItem_8844.font.o
[AS ]	Fonts/build/GlyphItem/FontItem_8221.font.o
[AS ]	Fonts/build/GlyphItem/FontItem_8222.font.o
[AS ]	Fonts/build/GlyphItem/FontItem_8223.font.o
[AS ]	Fonts/build/GlyphItem/FontItem_822D.font.o
[AS ]	Fonts/build/GlyphItem/FontItem_822F.font.o
[AS ]	Fonts/build/GlyphItem/FontItem_8228.font.o
[AS ]	Fonts/build/GlyphItem/FontItem_822B.font.o
[AS ]	Fonts/build/GlyphItem/FontItem_8238.font.o
[AS ]	Fonts/build/GlyphItem/FontItem_823B.font.o
[AS ]	Fonts/build/GlyphItem/FontItem_8233.font.o
[AS ]	Fonts/build/GlyphItem/FontItem_8234.font.o
[AS ]	Fonts/build/GlyphItem/FontItem_823E.font.o
[AS ]	Fonts/build/GlyphItem/FontItem_8244.font.o
[AS ]	Fonts/build/GlyphItem/FontItem_8249.font.o
[AS ]	Fonts/build/GlyphItem/FontItem_824B.font.o
[AS ]	Fonts/build/GlyphItem/FontItem_824F.font.o
[AS ]	Fonts/build/GlyphItem/FontItem_825A.font.o
[AS ]	Fonts/build/GlyphItem/FontItem_825F.font.o
[AS ]	Fonts/build/GlyphItem/FontItem_8268.font.o
[AS ]	Fonts/build/GlyphItem/FontItem_887E.font.o
[AS ]	Fonts/build/GlyphItem/FontItem_8885.font.o
[AS ]	Fonts/build/GlyphItem/FontItem_8888.font.o
[AS ]	Fonts/build/GlyphItem/FontItem_88D8.font.o
[AS ]	Fonts/build/GlyphItem/FontItem_88DF.font.o
[AS ]	Fonts/build/GlyphItem/FontItem_895E.font.o
[AS ]	Fonts/build/GlyphItem/FontItem_7F9D.font.o
[AS ]	Fonts/build/GlyphItem/FontItem_7F9F.font.o
[AS ]	Fonts/build/GlyphItem/FontItem_7FA7.font.o
[AS ]	Fonts/build/GlyphItem/FontItem_7FAF.font.o
[AS ]	Fonts/build/GlyphItem/FontItem_7FB0.font.o
[AS ]	Fonts/build/GlyphItem/FontItem_7FB2.font.o
[AS ]	Fonts/build/GlyphItem/FontItem_7C7C.font.o
[AS ]	Fonts/build/GlyphItem/FontItem_7C91.font.o
[AS ]	Fonts/build/GlyphItem/FontItem_6549.font.o
[AS ]	Fonts/build/GlyphItem/FontItem_7C9D.font.o
[AS ]	Fonts/build/GlyphItem/FontItem_7C9C.font.o
[AS ]	Fonts/build/GlyphItem/FontItem_7C9E.font.o
[AS ]	Fonts/build/GlyphItem/FontItem_7CA2.font.o
[AS ]	Fonts/build/GlyphItem/FontItem_7CB2.font.o
[AS ]	Fonts/build/GlyphItem/FontItem_7CBC.font.o
[AS ]	Fonts/build/GlyphItem/FontItem_7CC1.font.o
[AS ]	Fonts/build/GlyphItem/FontItem_7CBD.font.o
[AS ]	Fonts/build/GlyphItem/FontItem_7CC7.font.o
[AS ]	Fonts/build/GlyphItem/FontItem_7CCC.font.o
[AS ]	Fonts/build/GlyphItem/FontItem_7CCD.font.o
[AS ]	Fonts/build/GlyphItem/FontItem_7CC8.font.o
[AS ]	Fonts/build/GlyphItem/FontItem_7CC5.font.o
[AS ]	Fonts/build/GlyphItem/FontItem_7CD7.font.o
[AS ]	Fonts/build/GlyphItem/FontItem_7CE8.font.o
[AS ]	Fonts/build/GlyphItem/FontItem_826E.font.o
[AS ]	Fonts/build/GlyphItem/FontItem_66A8.font.o
[AS ]	Fonts/build/GlyphItem/FontItem_7FBF.font.o
[AS ]	Fonts/build/GlyphItem/FontItem_7FCE.font.o
[AS ]	Fonts/build/GlyphItem/FontItem_7FD5.font.o
[AS ]	Fonts/build/GlyphItem/FontItem_7FE5.font.o
[AS ]	Fonts/build/GlyphItem/FontItem_7FE1.font.o
[AS ]	Fonts/build/GlyphItem/FontItem_7FE6.font.o
[AS ]	Fonts/build/GlyphItem/FontItem_7FE9.font.o
[AS ]	Fonts/build/GlyphItem/FontItem_7FEE.font.o
[AS ]	Fonts/build/GlyphItem/FontItem_7CF8.font.o
[AS ]	Fonts/build/GlyphItem/FontItem_7FF3.font.o
[AS ]	Fonts/build/GlyphItem/FontItem_7D77.font.o
[AS ]	Fonts/build/GlyphItem/FontItem_7DA6.font.o
[AS ]	Fonts/build/GlyphItem/FontItem_7DAE.font.o
[AS ]	Fonts/build/GlyphItem/FontItem_7E47.font.o
[AS ]	Fonts/build/GlyphItem/FontItem_7E9B.font.o
[AS ]	Fonts/build/GlyphItem/FontItem_9EB8.font.o
[AS ]	Fonts/build/GlyphItem/FontItem_9EB4.font.o
[AS ]	Fonts/build/GlyphItem/FontItem_8D73.font.o
[AS ]	Fonts/build/GlyphItem/FontItem_8D94.font.o
[AS ]	Fonts/build/GlyphItem/FontItem_8D84.font.o
[AS ]	Fonts/build/GlyphItem/FontItem_8D91.font.o
[AS ]	Fonts/build/GlyphItem/FontItem_8DB1.font.o
[AS ]	Fonts/build/GlyphItem/FontItem_8D67.font.o
[AS ]	Fonts/build/GlyphItem/FontItem_8D6D.font.o
[AS ]	Fonts/build/GlyphItem/FontItem_8C47.font.o
[AS ]	Fonts/build/GlyphItem/FontItem_8C49.font.o
[AS ]	Fonts/build/GlyphItem/FontItem_914A.font.o
[AS ]	Fonts/build/GlyphItem/FontItem_9150.font.o
[AS ]	Fonts/build/GlyphItem/FontItem_914E.font.o
[AS ]	Fonts/build/GlyphItem/FontItem_914F.font.o
[AS ]	Fonts/build/GlyphItem/FontItem_9164.font.o
[AS ]	Fonts/build/GlyphItem/FontItem_9162.font.o
[AS ]	Fonts/build/GlyphItem/FontItem_9170.font.o
[AS ]	Fonts/build/GlyphItem/FontItem_9161.font.o
[AS ]	Fonts/build/GlyphItem/FontItem_9169.font.o
[AS ]	Fonts/build/GlyphItem/FontItem_916F.font.o
[AS ]	Fonts/build/GlyphItem/FontItem_917D.font.o
[AS ]	Fonts/build/GlyphItem/FontItem_917E.font.o
[AS ]	Fonts/build/GlyphItem/FontItem_9172.font.o
[AS ]	Fonts/build/GlyphItem/FontItem_9174.font.o
[AS ]	Fonts/build/GlyphItem/FontItem_9179.font.o
[AS ]	Fonts/build/GlyphItem/FontItem_9185.font.o
[AS ]	Fonts/build/GlyphItem/FontItem_918C.font.o
[AS ]	Fonts/build/GlyphItem/FontItem_9190.font.o
[AS ]	Fonts/build/GlyphItem/FontItem_918D.font.o
[AS ]	Fonts/build/GlyphItem/FontItem_9191.font.o
[AS ]	Fonts/build/GlyphItem/FontItem_91A2.font.o
[AS ]	Fonts/build/GlyphItem/FontItem_91AA.font.o
[AS ]	Fonts/build/GlyphItem/FontItem_91A3.font.o
[AS ]	Fonts/build/GlyphItem/FontItem_91AD.font.o
[AS ]	Fonts/build/GlyphItem/FontItem_91AE.font.o
[AS ]	Fonts/build/GlyphItem/FontItem_91AF.font.o
[AS ]	Fonts/build/GlyphItem/FontItem_91B4.font.o
[AS ]	Fonts/build/GlyphItem/FontItem_91B5.font.o
[AS ]	Fonts/build/GlyphItem/FontItem_91BA.font.o
[AS ]	Fonts/build/GlyphItem/FontItem_8C55.font.o
[AS ]	Fonts/build/GlyphItem/FontItem_9E7E.font.o
[AS ]	Fonts/build/GlyphItem/FontItem_8DB8.font.o
[AS ]	Fonts/build/GlyphItem/FontItem_8E05.font.o
[AS ]	Fonts/build/GlyphItem/FontItem_8DEB.font.o
[AS ]	Fonts/build/GlyphItem/FontItem_8E59.font.o
[AS ]	Fonts/build/GlyphItem/FontItem_8E69.font.o
[AS ]	Fonts/build/GlyphItem/FontItem_8DB5.font.o
[AS ]	Fonts/build/GlyphItem/FontItem_8DBF.font.o
[AS ]	Fonts/build/GlyphItem/FontItem_8DBA.font.o
[AS ]	Fonts/build/GlyphItem/FontItem_8DBC.font.o
[AS ]	Fonts/build/GlyphItem/FontItem_8DC4.font.o
[AS ]	Fonts/build/GlyphItem/FontItem_8DD6.font.o
[AS ]	Fonts/build/GlyphItem/FontItem_8DD7.font.o
[AS ]	Fonts/build/GlyphItem/FontItem_8DDA.font.o
[AS ]	Fonts/build/GlyphItem/FontItem_8DCE.font.o
[AS ]	Fonts/build/GlyphItem/FontItem_8DDE.font.o
[AS ]	Fonts/build/GlyphItem/FontItem_8DCF.font.o
[AS ]	Fonts/build/GlyphItem/FontItem_8DDB.font.o
[AS ]	Fonts/build/GlyphItem/FontItem_8DC6.font.o
[AS ]	Fonts/build/GlyphItem/FontItem_8DEC.font.o
[AS ]	Fonts/build/GlyphItem/FontItem_8DF7.font.o
[AS ]	Fonts/build/GlyphItem/FontItem_8DF8.font.o
[AS ]	Fonts/build/GlyphItem/FontItem_8DE3.font.o
[AS ]	Fonts/build/GlyphItem/FontItem_8DF9.font.o
[AS ]	Fonts/build/GlyphItem/FontItem_8DFB.font.o
[AS ]	Fonts/build/GlyphItem/FontItem_8DE4.font.o
[AS ]	Fonts/build/GlyphItem/FontItem_8DFD.font.o
[AS ]	Fonts/build/GlyphItem/FontItem_8E09.font.o
[AS ]	Fonts/build/GlyphItem/FontItem_8E14.font.o
[AS ]	Fonts/build/GlyphItem/FontItem_8E1D.font.o
[AS ]	Fonts/build/GlyphItem/FontItem_8E1F.font.o
[AS ]	Fonts/build/GlyphItem/FontItem_8E2E.font.o
[AS ]	Fonts/build/GlyphItem/FontItem_8E2C.font.o
[AS ]	Fonts/build/GlyphItem/FontItem_8E23.font.o
[AS ]	Fonts/build/GlyphItem/FontItem_8E2F.font.o
[AS ]	Fonts/build/GlyphItem/FontItem_8E3A.font.o
[AS ]	Fonts/build/GlyphItem/FontItem_8E40.font.o
[AS ]	Fonts/build/GlyphItem/FontItem_8E39.font.o
[AS ]	Fonts/build/GlyphItem/FontItem_8E3D.font.o
[AS ]	Fonts/build/GlyphItem/FontItem_8E31.font.o
[AS ]	Fonts/build/GlyphItem/FontItem_8E49.font.o
[AS ]	Fonts/build/GlyphItem/FontItem_8E41.font.o
[AS ]	Fonts/build/GlyphItem/FontItem_8E42.font.o
[AS ]	Fonts/build/GlyphItem/FontItem_8E51.font.o
[AS ]	Fonts/build/GlyphItem/FontItem_8E52.font.o
[AS ]	Fonts/build/GlyphItem/FontItem_8E4A.font.o
[AS ]	Fonts/build/GlyphItem/FontItem_8E70.font.o
[AS ]	Fonts/build/GlyphItem/FontItem_8E76.font.o
[AS ]	Fonts/build/GlyphItem/FontItem_8E7C.font.o
[AS ]	Fonts/build/GlyphItem/FontItem_8E6F.font.o
[AS ]	Fonts/build/GlyphItem/FontItem_8E74.font.o
[AS ]	Fonts/build/GlyphItem/FontItem_8E85.font.o
[AS ]	Fonts/build/GlyphItem/FontItem_8E8F.font.o
[AS ]	Fonts/build/GlyphItem/FontItem_8E94.font.o
[AS ]	Fonts/build/GlyphItem/FontItem_8E90.font.o
[AS ]	Fonts/build/GlyphItem/FontItem_8E9C.font.o
[AS ]	Fonts/build/GlyphItem/FontItem_8E9E.font.o
[AS ]	Fonts/build/GlyphItem/FontItem_8C78.font.o
[AS ]	Fonts/build/GlyphItem/FontItem_8C82.font.o
[AS ]	Fonts/build/GlyphItem/FontItem_8C8A.font.o
[AS ]	Fonts/build/GlyphItem/FontItem_8C85.font.o
[AS ]	Fonts/build/GlyphItem/FontItem_8C98.font.o
[AS ]	Fonts/build/GlyphItem/FontItem_8C94.font.o
[AS ]	Fonts/build/GlyphItem/FontItem_659B.font.o
[AS ]	Fonts/build/GlyphItem/FontItem_89D6.font.o
[AS ]	Fonts/build/GlyphItem/FontItem_89DE.font.o
[AS ]	Fonts/build/GlyphItem/FontItem_89DA.font.o
[AS ]	Fonts/build/GlyphItem/FontItem_89E5.font.o
[AS ]	Fonts/build/GlyphItem/FontItem_89DC.font.o
[AS ]	Fonts/build/GlyphItem/FontItem_89EB.font.o
[AS ]	Fonts/build/GlyphItem/FontItem_89EF.font.o
[AS ]	Fonts/build/GlyphItem/FontItem_8A3E.font.o
[AS ]	Fonts/build/GlyphItem/FontItem_8B26.font.o
[AS ]	Fonts/build/GlyphItem/FontItem_9753.font.o
[AS ]	Fonts/build/GlyphItem/FontItem_96E9.font.o
[AS ]	Fonts/build/GlyphItem/FontItem_96F3.font.o
[AS ]	Fonts/build/GlyphItem/FontItem_96EF.font.o
[AS ]	Fonts/build/GlyphItem/FontItem_9706.font.o
[AS ]	Fonts/build/GlyphItem/FontItem_9701.font.o
[AS ]	Fonts/build/GlyphItem/FontItem_9708.font.o
[AS ]	Fonts/build/GlyphItem/FontItem_970F.font.o
[AS ]	Fonts/build/GlyphItem/FontItem_970E.font.o
[AS ]	Fonts/build/GlyphItem/FontItem_972A.font.o
[AS ]	Fonts/build/GlyphItem/FontItem_972D.font.o
[AS ]	Fonts/build/GlyphItem/FontItem_9730.font.o
[AS ]	Fonts/build/GlyphItem/FontItem_973E.font.o
[AS ]	Fonts/build/GlyphItem/FontItem_9F80.font.o
[AS ]	Fonts/build/GlyphItem/FontItem_9F83.font.o
[AS ]	Fonts/build/GlyphItem/FontItem_9F85.font.o
[AS ]	Fonts/build/GlyphItem/FontItem_9F86.font.o
[AS ]	Fonts/build/GlyphItem/FontItem_9F87.font.o
[AS ]	Fonts/build/GlyphItem/FontItem_9F88.font.o
[AS ]	Fonts/build/GlyphItem/FontItem_9F89.font.o
[AS ]	Fonts/build/GlyphItem/FontItem_9F8A.font.o
[AS ]	Fonts/build/GlyphItem/FontItem_9EFE.font.o
[AS ]	Fonts/build/GlyphItem/FontItem_9F8C.font.o
[AS ]	Fonts/build/GlyphItem/FontItem_9F0B.font.o
[AS ]	Fonts/build/GlyphItem/FontItem_9F0D.font.o
[AS ]	Fonts/build/GlyphItem/FontItem_96B9.font.o
[AS ]	Fonts/build/GlyphItem/FontItem_96BD.font.o
[AS ]	Fonts/build/GlyphItem/FontItem_96CE.font.o
[AS ]	Fonts/build/GlyphItem/FontItem_96D2.font.o
[AS ]	Fonts/build/GlyphItem/FontItem_77BF.font.o
[AS ]	Fonts/build/GlyphItem/FontItem_96E0.font.o
[AS ]	Fonts/build/GlyphItem/FontItem_928E.font.o
[AS ]	Fonts/build/GlyphItem/FontItem_92AE.font.o
[AS ]	Fonts/build/GlyphItem/FontItem_92C8.font.o
[AS ]	Fonts/build/GlyphItem/FontItem_933E.font.o
[AS ]	Fonts/build/GlyphItem/FontItem_936A.font.o
[AS ]	Fonts/build/GlyphItem/FontItem_93CA.font.o
[AS ]	Fonts/build/GlyphItem/FontItem_938F.font.o
[AS ]	Fonts/build/GlyphItem/FontItem_943E.font.o
[AS ]	Fonts/build/GlyphItem/FontItem_946B.font.o
[AS ]	Fonts/build/GlyphItem/FontItem_9C7F.font.o
[AS ]	Fonts/build/GlyphItem/FontItem_9C82.font.o
[AS ]	Fonts/build/GlyphItem/FontItem_9C85.font.o
[AS ]	Fonts/build/GlyphItem/FontItem_9C86.font.o
[AS ]	Fonts/build/GlyphItem/FontItem_9C87.font.o
[AS ]	Fonts/build/GlyphItem/FontItem_9C88.font.o
[AS ]	Fonts/build/GlyphItem/FontItem_7A23.font.o
[AS ]	Fonts/build/GlyphItem/FontItem_9C8B.font.o
[AS ]	Fonts/build/GlyphItem/FontItem_9C8E.font.o
[AS ]	Fonts/build/GlyphItem/FontItem_9C90.font.o
[AS ]	Fonts/build/GlyphItem/FontItem_9C91.font.o
[AS ]	Fonts/build/GlyphItem/FontItem_9C92.font.o
[AS ]	Fonts/build/GlyphItem/FontItem_9C94.font.o
[AS ]	Fonts/build/GlyphItem/FontItem_9C95.font.o
[AS ]	Fonts/build/GlyphItem/FontItem_9C9A.font.o
[AS ]	Fonts/build/GlyphItem/FontItem_9C9B.font.o
[AS ]	Fonts/build/GlyphItem/FontItem_9C9E.font.o
[AS ]	Fonts/build/GlyphItem/FontItem_9C9F.font.o
[AS ]	Fonts/build/GlyphItem/FontItem_9CA0.font.o
[AS ]	Fonts/build/GlyphItem/FontItem_9CA2.font.o
[AS ]	Fonts/build/GlyphItem/FontItem_9CA1.font.o
[AS ]	Fonts/build/GlyphItem/FontItem_9CA3.font.o
[AS ]	Fonts/build/GlyphItem/FontItem_9CA5.font.o
[AS ]	Fonts/build/GlyphItem/FontItem_9CA6.font.o
[AS ]	Fonts/build/GlyphItem/FontItem_9CA7.font.o
[AS ]	Fonts/build/GlyphItem/FontItem_9CA8.font.o
[AS ]	Fonts/build/GlyphItem/FontItem_9CA9.font.o
[AS ]	Fonts/build/GlyphItem/FontItem_9CAB.font.o
[AS ]	Fonts/build/GlyphItem/FontItem_9CAD.font.o
[AS ]	Fonts/build/GlyphItem/FontItem_9CAE.font.o
[AS ]	Fonts/build/GlyphItem/FontItem_9CB0.font.o
[AS ]	Fonts/build/GlyphItem/FontItem_9CB1.font.o
[AS ]	Fonts/build/GlyphItem/FontItem_9CB2.font.o
[AS ]	Fonts/build/GlyphItem/FontItem_9CB3.font.o
[AS ]	Fonts/build/GlyphItem/FontItem_9CB4.font.o
[AS ]	Fonts/build/GlyphItem/FontItem_9CB5.font.o
[AS ]	Fonts/build/GlyphItem/FontItem_9CB6.font.o
[AS ]	Fonts/build/GlyphItem/FontItem_9CB7.font.o
[AS ]	Fonts/build/GlyphItem/FontItem_9CBA.font.o
[AS ]	Fonts/build/GlyphItem/FontItem_9CBB.font.o
[AS ]	Fonts/build/GlyphItem/FontItem_9CBC.font.o
[AS ]	Fonts/build/GlyphItem/FontItem_9CBD.font.o
[AS ]	Fonts/build/GlyphItem/FontItem_9CC4.font.o
[AS ]	Fonts/build/GlyphItem/FontItem_9CC5.font.o
[AS ]	Fonts/build/GlyphItem/FontItem_9CC6.font.o
[AS ]	Fonts/build/GlyphItem/FontItem_9CC7.font.o
[AS ]	Fonts/build/GlyphItem/FontItem_9CCA.font.o
[AS ]	Fonts/build/GlyphItem/FontItem_9CCB.font.o
[AS ]	Fonts/build/GlyphItem/FontItem_9CCC.font.o
[AS ]	Fonts/build/GlyphItem/FontItem_9CCD.font.o
[AS ]	Fonts/build/GlyphItem/FontItem_9CCE.font.o
[AS ]	Fonts/build/GlyphItem/FontItem_9CCF.font.o
[AS ]	Fonts/build/GlyphItem/FontItem_9CD0.font.o
[AS ]	Fonts/build/GlyphItem/FontItem_9CD3.font.o
[AS ]	Fonts/build/GlyphItem/FontItem_9CD4.font.o
[AS ]	Fonts/build/GlyphItem/FontItem_9CD5.font.o
[AS ]	Fonts/build/GlyphItem/FontItem_9CD7.font.o
[AS ]	Fonts/build/GlyphItem/FontItem_9CD8.font.o
[AS ]	Fonts/build/GlyphItem/FontItem_9CD9.font.o
[AS ]	Fonts/build/GlyphItem/FontItem_9CDC.font.o
[AS ]	Fonts/build/GlyphItem/FontItem_9CDD.font.o
[AS ]	Fonts/build/GlyphItem/FontItem_9CDF.font.o
[AS ]	Fonts/build/GlyphItem/FontItem_9CE2.font.o
[AS ]	Fonts/build/GlyphItem/FontItem_977C.font.o
[AS ]	Fonts/build/GlyphItem/FontItem_9785.font.o
[AS ]	Fonts/build/GlyphItem/FontItem_9791.font.o
[AS ]	Fonts/build/GlyphItem/FontItem_9792.font.o
[AS ]	Fonts/build/GlyphItem/FontItem_9794.font.o
[AS ]	Fonts/build/GlyphItem/FontItem_97AF.font.o
[AS ]	Fonts/build/GlyphItem/FontItem_97AB.font.o
[AS ]	Fonts/build/GlyphItem/FontItem_97A3.font.o
[AS ]	Fonts/build/GlyphItem/FontItem_97B2.font.o
[AS ]	Fonts/build/GlyphItem/FontItem_97B4.font.o
[AS ]	Fonts/build/GlyphItem/FontItem_9AB1.font.o
[AS ]	Fonts/build/GlyphItem/FontItem_9AB0.font.o
[AS ]	Fonts/build/GlyphItem/FontItem_9E58.font.o
[AS ]	Fonts/build/GlyphItem/FontItem_9AB6.font.o
[AS ]	Fonts/build/GlyphItem/FontItem_9ABA.font.o
[AS ]	Fonts/build/GlyphItem/FontItem_9ABC.font.o
[AS ]	Fonts/build/GlyphItem/FontItem_9AC1.font.o
[AS ]	Fonts/build/GlyphItem/FontItem_9AC0.font.o
[AS ]	Fonts/build/GlyphItem/FontItem_9AC2.font.o
[AS ]	Fonts/build/GlyphItem/FontItem_9ACB.font.o
[AS ]	Fonts/build/GlyphItem/FontItem_9ACC.font.o
[AS ]	Fonts/build/GlyphItem/FontItem_9AD1.font.o
[AS ]	Fonts/build/GlyphItem/FontItem_9B45.font.o
[AS ]	Fonts/build/GlyphItem/FontItem_9B47.font.o
[AS ]	Fonts/build/GlyphItem/FontItem_9B43.font.o
[AS ]	Fonts/build/GlyphItem/FontItem_9B49.font.o
[AS ]	Fonts/build/GlyphItem/FontItem_9B48.font.o
[AS ]	Fonts/build/GlyphItem/FontItem_9B4D.font.o
[AS ]	Fonts/build/GlyphItem/FontItem_9B51.font.o
[AS ]	Fonts/build/GlyphItem/FontItem_98E8.font.o
[AS ]	Fonts/build/GlyphItem/FontItem_990D.font.o
[AS ]	Fonts/build/GlyphItem/FontItem_992E.font.o
[AS ]	Fonts/build/GlyphItem/FontItem_9955.font.o
[AS ]	Fonts/build/GlyphItem/FontItem_9954.font.o
[AS ]	Fonts/build/GlyphItem/FontItem_9ADF.font.o
[AS ]	Fonts/build/GlyphItem/FontItem_9AE6.font.o
[AS ]	Fonts/build/GlyphItem/FontItem_9AE1.font.o
[AS ]	Fonts/build/GlyphItem/FontItem_9AEF.font.o
[AS ]	Fonts/build/GlyphItem/FontItem_9AEB.font.o
[AS ]	Fonts/build/GlyphItem/FontItem_9AFB.font.o
[AS ]	Fonts/build/GlyphItem/FontItem_9AED.font.o
[AS ]	Fonts/build/GlyphItem/FontItem_9AF9.font.o
[AS ]	Fonts/build/GlyphItem/FontItem_9B08.font.o
[AS ]	Fonts/build/GlyphItem/FontItem_9B0F.font.o
[AS ]	Fonts/build/GlyphItem/FontItem_9B13.font.o
[AS ]	Fonts/build/GlyphItem/FontItem_9B1F.font.o
[AS ]	Fonts/build/GlyphItem/FontItem_9B23.font.o
[AS ]	Fonts/build/GlyphItem/FontItem_9EBD.font.o
[AS ]	Fonts/build/GlyphItem/FontItem_7E3B.font.o
[AS ]	Fonts/build/GlyphItem/FontItem_9EBE.font.o
[AS ]	Fonts/build/GlyphItem/FontItem_9E82.font.o
[AS ]	Fonts/build/GlyphItem/FontItem_9E87.font.o
[AS ]	Fonts/build/GlyphItem/FontItem_9E88.font.o
[AS ]	Fonts/build/GlyphItem/FontItem_9E92.font.o
[AS ]	Fonts/build/GlyphItem/FontItem_9E8B.font.o
[AS ]	Fonts/build/GlyphItem/FontItem_93D6.font.o
[AS ]	Fonts/build/GlyphItem/FontItem_9E9D.font.o
[AS ]	Fonts/build/GlyphItem/FontItem_9E9F.font.o
[AS ]	Fonts/build/GlyphItem/FontItem_9EDB.font.o
[AS ]	Fonts/build/GlyphItem/FontItem_9EDC.font.o
[AS ]	Fonts/build/GlyphItem/FontItem_9EDD.font.o
[AS ]	Fonts/build/GlyphItem/FontItem_9EE0.font.o
[AS ]	Fonts/build/GlyphItem/FontItem_9EDF.font.o
[AS ]	Fonts/build/GlyphItem/FontItem_9EE2.font.o
[AS ]	Fonts/build/GlyphItem/FontItem_9EE9.font.o
[AS ]	Fonts/build/GlyphItem/FontItem_9EE7.font.o
[AS ]	Fonts/build/GlyphItem/FontItem_9EE5.font.o
[AS ]	Fonts/build/GlyphItem/FontItem_9EEA.font.o
[AS ]	Fonts/build/GlyphItem/FontItem_9EEF.font.o
[AS ]	Fonts/build/GlyphItem/FontItem_9F22.font.o
[AS ]	Fonts/build/GlyphItem/FontItem_9F2C.font.o
[AS ]	Fonts/build/GlyphItem/FontItem_9F2F.font.o
[AS ]	Fonts/build/GlyphItem/FontItem_9F39.font.o
[AS ]	Fonts/build/GlyphItem/FontItem_9F37.font.o
[AS ]	Fonts/build/GlyphItem/FontItem_9F3D.font.o
[AS ]	Fonts/build/GlyphItem/FontItem_9F3E.font.o
[AS ]	Fonts/build/GlyphItem/FontItem_9F44.font.o
[AS ]	Fonts/build/GlyphItem/FontItem_30A1.font.o
[AS ]	Fonts/build/GlyphItem/FontItem_2170.font.o
[AS ]	Fonts/build/GlyphItem/FontItem_3000.font.o
[AS ]	Fonts/build/GlyphItem/FontItem_84EE.font.o
[AS ]	Fonts/build/GlyphItem/FontItem_6A5F.font.o
[AS ]	Fonts/build/GlyphItem/FontItem_30A2.font.o
[AS ]	Fonts/build/GlyphItem/FontItem_2171.font.o
[AS ]	Fonts/build/GlyphItem/FontItem_9670.font.o
[AS ]	Fonts/build/GlyphItem/FontItem_9023.font.o
[AS ]	Fonts/build/GlyphItem/FontItem_5E30.font.o
[AS ]	Fonts/build/GlyphItem/FontItem_8F38.font.o
[AS ]	Fonts/build/GlyphItem/FontItem_30A3.font.o
[AS ]	Fonts/build/GlyphItem/FontItem_2172.font.o
[AS ]	Fonts/build/GlyphItem/FontItem_9054.font.o
[AS ]	Fonts/build/GlyphItem/FontItem_96A0.font.o
[AS ]	Fonts/build/GlyphItem/FontItem_30A4.font.o
[AS ]	Fonts/build/GlyphItem/FontItem_2173.font.o
[AS ]	Fonts/build/GlyphItem/FontItem_6C17.font.o
[AS ]	Fonts/build/GlyphItem/FontItem_30A5.font.o
[AS ]	Fonts/build/GlyphItem/FontItem_2174.font.o
[AS ]	Fonts/build/GlyphItem/FontItem_596A.font.o
[AS ]	Fonts/build/GlyphItem/FontItem_7E54.font.o
[AS ]	Fonts/build/GlyphItem/FontItem_512A.font.o
[AS ]	Fonts/build/GlyphItem/FontItem_30A6.font.o
[AS ]	Fonts/build/GlyphItem/FontItem_2175.font.o
[AS ]	Fonts/build/GlyphItem/FontItem_30FB.font.o
[AS ]	Fonts/build/GlyphItem/FontItem_6BBA.font.o
[AS ]	Fonts/build/GlyphItem/FontItem_30A7.font.o
[AS ]	Fonts/build/GlyphItem/FontItem_8077.font.o
[AS ]	Fonts/build/GlyphItem/FontItem_2176.font.o
[AS ]	Fonts/build/GlyphItem/FontItem_30A8.font.o
[AS ]	Fonts/build/GlyphItem/FontItem_8A8D.font.o
[AS ]	Fonts/build/GlyphItem/FontItem_2177.font.o
[AS ]	Fonts/build/GlyphItem/FontItem_6575.font.o
[AS ]	Fonts/build/GlyphItem/FontItem_96D1.font.o
[AS ]	Fonts/build/GlyphItem/FontItem_7D75.font.o
[AS ]	Fonts/build/GlyphItem/FontItem_30A9.font.o
[AS ]	Fonts/build/GlyphItem/FontItem_2178.font.o
[AS ]	Fonts/build/GlyphItem/FontItem_30AA.font.o
[AS ]	Fonts/build/GlyphItem/FontItem_2179.font.o
[AS ]	Fonts/build/GlyphItem/FontItem_9078.font.o
[AS ]	Fonts/build/GlyphItem/FontItem_7D42.font.o
[AS ]	Fonts/build/GlyphItem/FontItem_30AB.font.o
[AS ]	Fonts/build/GlyphItem/FontItem_958B.font.o
[AS ]	Fonts/build/GlyphItem/FontItem_52B4.font.o
[AS ]	Fonts/build/GlyphItem/FontItem_309B.font.o
[AS ]	Fonts/build/GlyphItem/FontItem_7D46.font.o
[AS ]	Fonts/build/GlyphItem/FontItem_30AC.font.o
[AS ]	Fonts/build/GlyphItem/FontItem_8A2A.font.o
[AS ]	Fonts/build/GlyphItem/FontItem_898F.font.o
[AS ]	Fonts/build/GlyphItem/FontItem_968E.font.o
[AS ]	Fonts/build/GlyphItem/FontItem_309C.font.o
[AS ]	Fonts/build/GlyphItem/FontItem_7FD2.font.o
[AS ]	Fonts/build/GlyphItem/FontItem_30AD.font.o
[AS ]	Fonts/build/GlyphItem/FontItem_8C4A.font.o
[AS ]	Fonts/build/GlyphItem/FontItem_5E83.font.o
[AS ]	Fonts/build/GlyphItem/FontItem_8A18.font.o
[AS ]	Fonts/build/GlyphItem/FontItem_30AE.font.o
[AS ]	Fonts/build/GlyphItem/FontItem_8CB4.font.o
[AS ]	Fonts/build/GlyphItem/FontItem_71B1.font.o
[AS ]	Fonts/build/GlyphItem/FontItem_9583.font.o
[AS ]	Fonts/build/GlyphItem/FontItem_52F2.font.o
[AS ]	Fonts/build/GlyphItem/FontItem_30AF.font.o
[AS ]	Fonts/build/GlyphItem/FontItem_8AB0.font.o
[AS ]	Fonts/build/GlyphItem/FontItem_6E67.font.o
[AS ]	Fonts/build/GlyphItem/FontItem_30B0.font.o
[AS ]	Fonts/build/GlyphItem/FontItem_FF10.font.o
[AS ]	Fonts/build/GlyphItem/FontItem_30B1.font.o
[AS ]	Fonts/build/GlyphItem/FontItem_FF11.font.o
[AS ]	Fonts/build/GlyphItem/FontItem_59EB.font.o
[AS ]	Fonts/build/GlyphItem/FontItem_8F1D.font.o
[AS ]	Fonts/build/GlyphItem/FontItem_8A13.font.o
[AS ]	Fonts/build/GlyphItem/FontItem_5358.font.o
[AS ]	Fonts/build/GlyphItem/FontItem_8972.font.o
[AS ]	Fonts/build/GlyphItem/FontItem_FF12.font.o
[AS ]	Fonts/build/GlyphItem/FontItem_30B2.font.o
[AS ]	Fonts/build/GlyphItem/FontItem_5606.font.o
[AS ]	Fonts/build/GlyphItem/FontItem_6E26.font.o
[AS ]	Fonts/build/GlyphItem/FontItem_30B3.font.o
[AS ]	Fonts/build/GlyphItem/FontItem_FF13.font.o
[AS ]	Fonts/build/GlyphItem/FontItem_9A0E.font.o
[AS ]	Fonts/build/GlyphItem/FontItem_8ECD.font.o
[AS ]	Fonts/build/GlyphItem/FontItem_30B4.font.o
[AS ]	Fonts/build/GlyphItem/FontItem_FF14.font.o
[AS ]	Fonts/build/GlyphItem/FontItem_7526.font.o
[AS ]	Fonts/build/GlyphItem/FontItem_30B5.font.o
[AS ]	Fonts/build/GlyphItem/FontItem_FF15.font.o
[AS ]	Fonts/build/GlyphItem/FontItem_2160.font.o
[AS ]	Fonts/build/GlyphItem/FontItem_9031.font.o
[AS ]	Fonts/build/GlyphItem/FontItem_30B6.font.o
[AS ]	Fonts/build/GlyphItem/FontItem_FF16.font.o
[AS ]	Fonts/build/GlyphItem/FontItem_8A98.font.o
[AS ]	Fonts/build/GlyphItem/FontItem_30B7.font.o
[AS ]	Fonts/build/GlyphItem/FontItem_2161.font.o
[AS ]	Fonts/build/GlyphItem/FontItem_FF17.font.o
[AS ]	Fonts/build/GlyphItem/FontItem_904A.font.o
[AS ]	Fonts/build/GlyphItem/FontItem_2162.font.o
[AS ]	Fonts/build/GlyphItem/FontItem_5100.font.o
[AS ]	Fonts/build/GlyphItem/FontItem_30B8.font.o
[AS ]	Fonts/build/GlyphItem/FontItem_FF18.font.o
[AS ]	Fonts/build/GlyphItem/FontItem_6A19.font.o
[AS ]	Fonts/build/GlyphItem/FontItem_4FC2.font.o
[AS ]	Fonts/build/GlyphItem/FontItem_2163.font.o
[AS ]	Fonts/build/GlyphItem/FontItem_30B9.font.o
[AS ]	Fonts/build/GlyphItem/FontItem_FF19.font.o
[AS ]	Fonts/build/GlyphItem/FontItem_3005.font.o
[AS ]	Fonts/build/GlyphItem/FontItem_6C37.font.o
[AS ]	Fonts/build/GlyphItem/FontItem_2164.font.o
[AS ]	Fonts/build/GlyphItem/FontItem_30BA.font.o
[AS ]	Fonts/build/GlyphItem/FontItem_7523.font.o
[AS ]	Fonts/build/GlyphItem/FontItem_30BB.font.o
[AS ]	Fonts/build/GlyphItem/FontItem_30BC.font.o
[AS ]	Fonts/build/GlyphItem/FontItem_30FC.font.o
[AS ]	Fonts/build/GlyphItem/FontItem_30BD.font.o
[AS ]	Fonts/build/GlyphItem/FontItem_5642.font.o
[AS ]	Fonts/build/GlyphItem/FontItem_30BE.font.o
[AS ]	Fonts/build/GlyphItem/FontItem_5F93.font.o
[AS ]	Fonts/build/GlyphItem/FontItem_8EE2.font.o
[AS ]	Fonts/build/GlyphItem/FontItem_72A0.font.o
[AS ]	Fonts/build/GlyphItem/FontItem_8A55.font.o
[AS ]	Fonts/build/GlyphItem/FontItem_30BF.font.o
[AS ]	Fonts/build/GlyphItem/FontItem_FF0F.font.o
[AS ]	Fonts/build/GlyphItem/FontItem_904B.font.o
[AS ]	Fonts/build/GlyphItem/FontItem_9332.font.o
[AS ]	Fonts/build/GlyphItem/FontItem_30C0.font.o
[AS ]	Fonts/build/GlyphItem/FontItem_6FD8.font.o
[AS ]	Fonts/build/GlyphItem/FontItem_96F2.font.o
[AS ]	Fonts/build/GlyphItem/FontItem_FF3C.font.o
[AS ]	Fonts/build/GlyphItem/FontItem_30C1.font.o
[AS ]	Fonts/build/GlyphItem/FontItem_FF5E.font.o
[AS ]	Fonts/build/GlyphItem/FontItem_FF21.font.o
[AS ]	Fonts/build/GlyphItem/FontItem_7FA9.font.o
[AS ]	Fonts/build/GlyphItem/FontItem_4F1D.font.o
[AS ]	Fonts/build/GlyphItem/FontItem_30C2.font.o
[AS ]	Fonts/build/GlyphItem/FontItem_FF22.font.o
[AS ]	Fonts/build/GlyphItem/FontItem_8A95.font.o
[AS ]	Fonts/build/GlyphItem/FontItem_9810.font.o
[AS ]	Fonts/build/GlyphItem/FontItem_65AC.font.o
[AS ]	Fonts/build/GlyphItem/FontItem_30C3.font.o
[AS ]	Fonts/build/GlyphItem/FontItem_FF23.font.o
[AS ]	Fonts/build/GlyphItem/FontItem_8A71.font.o
[AS ]	Fonts/build/GlyphItem/FontItem_50AD.font.o
[AS ]	Fonts/build/GlyphItem/FontItem_7363.font.o
[AS ]	Fonts/build/GlyphItem/FontItem_30C4.font.o
[AS ]	Fonts/build/GlyphItem/FontItem_FF24.font.o
[AS ]	Fonts/build/GlyphItem/FontItem_56E3.font.o
[AS ]	Fonts/build/GlyphItem/FontItem_55B6.font.o
[AS ]	Fonts/build/GlyphItem/FontItem_8B70.font.o
[AS ]	Fonts/build/GlyphItem/FontItem_30C5.font.o
[AS ]	Fonts/build/GlyphItem/FontItem_FF25.font.o
[AS ]	Fonts/build/GlyphItem/FontItem_58C7.font.o
[AS ]	Fonts/build/GlyphItem/FontItem_8B00.font.o
[AS ]	Fonts/build/GlyphItem/FontItem_96FB.font.o
[AS ]	Fonts/build/GlyphItem/FontItem_30C6.font.o
[AS ]	Fonts/build/GlyphItem/FontItem_FF26.font.o
[AS ]	Fonts/build/GlyphItem/FontItem_89AA.font.o
[AS ]	Fonts/build/GlyphItem/FontItem_8987.font.o
[AS ]	Fonts/build/GlyphItem/FontItem_5F3E.font.o
[AS ]	Fonts/build/GlyphItem/FontItem_30C7.font.o
[AS ]	Fonts/build/GlyphItem/FontItem_FF27.font.o
[AS ]	Fonts/build/GlyphItem/FontItem_8CBF.font.o
[AS ]	Fonts/build/GlyphItem/FontItem_30C8.font.o
[AS ]	Fonts/build/GlyphItem/FontItem_FF28.font.o
[AS ]	Fonts/build/GlyphItem/FontItem_7D44.font.o
[AS ]	Fonts/build/GlyphItem/FontItem_62E1.font.o
[AS ]	Fonts/build/GlyphItem/FontItem_5B0C.font.o
[AS ]	Fonts/build/GlyphItem/FontItem_30C9.font.o
[AS ]	Fonts/build/GlyphItem/FontItem_FF29.font.o
[AS ]	Fonts/build/GlyphItem/FontItem_6804.font.o
[AS ]	Fonts/build/GlyphItem/FontItem_63FA.font.o
[AS ]	Fonts/build/GlyphItem/FontItem_30CA.font.o
[AS ]	Fonts/build/GlyphItem/FontItem_FF2A.font.o
[AS ]	Fonts/build/GlyphItem/FontItem_9032.font.o
[AS ]	Fonts/build/GlyphItem/FontItem_30CB.font.o
[AS ]	Fonts/build/GlyphItem/FontItem_FF2B.font.o
[AS ]	Fonts/build/GlyphItem/FontItem_30CC.font.o
[AS ]	Fonts/build/GlyphItem/FontItem_FF2C.font.o
[AS ]	Fonts/build/GlyphItem/FontItem_6E13.font.o
[AS ]	Fonts/build/GlyphItem/FontItem_8AC7.font.o
[AS ]	Fonts/build/GlyphItem/FontItem_30CD.font.o
[AS ]	Fonts/build/GlyphItem/FontItem_FF2D.font.o
[AS ]	Fonts/build/GlyphItem/FontItem_69D8.font.o
[AS ]	Fonts/build/GlyphItem/FontItem_5024.font.o
[AS ]	Fonts/build/GlyphItem/FontItem_7C9B.font.o
[AS ]	Fonts/build/GlyphItem/FontItem_7372.font.o
[AS ]	Fonts/build/GlyphItem/FontItem_30CE.font.o
[AS ]	Fonts/build/GlyphItem/FontItem_FF2E.font.o
[AS ]	Fonts/build/GlyphItem/FontItem_78BA.font.o
[AS ]	Fonts/build/GlyphItem/FontItem_30CF.font.o
[AS ]	Fonts/build/GlyphItem/FontItem_FF2F.font.o
[AS ]	Fonts/build/GlyphItem/FontItem_99AC.font.o
[AS ]	Fonts/build/GlyphItem/FontItem_5275.font.o
[AS ]	Fonts/build/GlyphItem/FontItem_8CA7.font.o
[AS ]	Fonts/build/GlyphItem/FontItem_30D0.font.o
[AS ]	Fonts/build/GlyphItem/FontItem_59C9.font.o
[AS ]	Fonts/build/GlyphItem/FontItem_FF30.font.o
[AS ]	Fonts/build/GlyphItem/FontItem_7D4C.font.o
[AS ]	Fonts/build/GlyphItem/FontItem_899A.font.o
[AS ]	Fonts/build/GlyphItem/FontItem_30D1.font.o
[AS ]	Fonts/build/GlyphItem/FontItem_FF31.font.o
[AS ]	Fonts/build/GlyphItem/FontItem_8853.font.o
[AS ]	Fonts/build/GlyphItem/FontItem_7D99.font.o
[AS ]	Fonts/build/GlyphItem/FontItem_5EC3.font.o
[AS ]	Fonts/build/GlyphItem/FontItem_0430.font.o
[AS ]	Fonts/build/GlyphItem/FontItem_30D2.font.o
[AS ]	Fonts/build/GlyphItem/FontItem_885B.font.o
[AS ]	Fonts/build/GlyphItem/FontItem_FF32.font.o
[AS ]	Fonts/build/GlyphItem/FontItem_8CED.font.o
[AS ]	Fonts/build/GlyphItem/FontItem_0431.font.o
[AS ]	Fonts/build/GlyphItem/FontItem_7A62.font.o
[AS ]	Fonts/build/GlyphItem/FontItem_30D3.font.o
[AS ]	Fonts/build/GlyphItem/FontItem_FF33.font.o
[AS ]	Fonts/build/GlyphItem/FontItem_5C4D.font.o
[AS ]	Fonts/build/GlyphItem/FontItem_0432.font.o
[AS ]	Fonts/build/GlyphItem/FontItem_30D4.font.o
[AS ]	Fonts/build/GlyphItem/FontItem_FF34.font.o
[AS ]	Fonts/build/GlyphItem/FontItem_6557.font.o
[AS ]	Fonts/build/GlyphItem/FontItem_92ED.font.o
[AS ]	Fonts/build/GlyphItem/FontItem_0433.font.o
[AS ]	Fonts/build/GlyphItem/FontItem_30D5.font.o
[AS ]	Fonts/build/GlyphItem/FontItem_FF35.font.o
[AS ]	Fonts/build/GlyphItem/FontItem_5E2B.font.o
[AS ]	Fonts/build/GlyphItem/FontItem_8449.font.o
[AS ]	Fonts/build/GlyphItem/FontItem_30D6.font.o
[AS ]	Fonts/build/GlyphItem/FontItem_FF36.font.o
[AS ]	Fonts/build/GlyphItem/FontItem_86CD.font.o
[AS ]	Fonts/build/GlyphItem/FontItem_30D7.font.o
[AS ]	Fonts/build/GlyphItem/FontItem_FF37.font.o
[AS ]	Fonts/build/GlyphItem/FontItem_7A7D.font.o
[AS ]	Fonts/build/GlyphItem/FontItem_8A08.font.o
[AS ]	Fonts/build/GlyphItem/FontItem_30D8.font.o
[AS ]	Fonts/build/GlyphItem/FontItem_FF38.font.o
[AS ]	Fonts/build/GlyphItem/FontItem_9663.font.o
[AS ]	Fonts/build/GlyphItem/FontItem_5C64.font.o
[AS ]	Fonts/build/GlyphItem/FontItem_0436.font.o
[AS ]	Fonts/build/GlyphItem/FontItem_30D9.font.o
[AS ]	Fonts/build/GlyphItem/FontItem_FF39.font.o
[AS ]	Fonts/build/GlyphItem/FontItem_0437.font.o
[AS ]	Fonts/build/GlyphItem/FontItem_30DA.font.o
[AS ]	Fonts/build/GlyphItem/FontItem_FF3A.font.o
[AS ]	Fonts/build/GlyphItem/FontItem_8EFD.font.o
[AS ]	Fonts/build/GlyphItem/FontItem_8F29.font.o
[AS ]	Fonts/build/GlyphItem/FontItem_697D.font.o
[AS ]	Fonts/build/GlyphItem/FontItem_8ACD.font.o
[AS ]	Fonts/build/GlyphItem/FontItem_0438.font.o
[AS ]	Fonts/build/GlyphItem/FontItem_30DB.font.o
[AS ]	Fonts/build/GlyphItem/FontItem_7BC9.font.o
[AS ]	Fonts/build/GlyphItem/FontItem_967D.font.o
[AS ]	Fonts/build/GlyphItem/FontItem_984D.font.o
[AS ]	Fonts/build/GlyphItem/FontItem_0439.font.o
[AS ]	Fonts/build/GlyphItem/FontItem_9271.font.o
[AS ]	Fonts/build/GlyphItem/FontItem_30DC.font.o
[AS ]	Fonts/build/GlyphItem/FontItem_990A.font.o
[AS ]	Fonts/build/GlyphItem/FontItem_5BAE.font.o
[AS ]	Fonts/build/GlyphItem/FontItem_635C.font.o
[AS ]	Fonts/build/GlyphItem/FontItem_30DD.font.o
[AS ]	Fonts/build/GlyphItem/FontItem_FF0D.font.o
[AS ]	Fonts/build/GlyphItem/FontItem_6383.font.o
[AS ]	Fonts/build/GlyphItem/FontItem_92FC.font.o
[AS ]	Fonts/build/GlyphItem/FontItem_639F.font.o
[AS ]	Fonts/build/GlyphItem/FontItem_639B.font.o
[AS ]	Fonts/build/GlyphItem/FontItem_30DE.font.o
[AS ]	Fonts/build/GlyphItem/FontItem_56F3.font.o
[AS ]	Fonts/build/GlyphItem/FontItem_30DF.font.o
[AS ]	Fonts/build/GlyphItem/FontItem_043D.font.o
[AS ]	Fonts/build/GlyphItem/FontItem_30E0.font.o
[AS ]	Fonts/build/GlyphItem/FontItem_6E96.font.o
[AS ]	Fonts/build/GlyphItem/FontItem_51CD.font.o
[AS ]	Fonts/build/GlyphItem/FontItem_9805.font.o
[AS ]	Fonts/build/GlyphItem/FontItem_043E.font.o
[AS ]	Fonts/build/GlyphItem/FontItem_FF41.font.o
[AS ]	Fonts/build/GlyphItem/FontItem_30E1.font.o
[AS ]	Fonts/build/GlyphItem/FontItem_043F.font.o
[AS ]	Fonts/build/GlyphItem/FontItem_30E2.font.o
[AS ]	Fonts/build/GlyphItem/FontItem_FF42.font.o
[AS ]	Fonts/build/GlyphItem/FontItem_6483.font.o
[AS ]	Fonts/build/GlyphItem/FontItem_2260.font.o
[AS ]	Fonts/build/GlyphItem/FontItem_0440.font.o
[AS ]	Fonts/build/GlyphItem/FontItem_30E3.font.o
[AS ]	Fonts/build/GlyphItem/FontItem_FF43.font.o
[AS ]	Fonts/build/GlyphItem/FontItem_FF1C.font.o
[AS ]	Fonts/build/GlyphItem/FontItem_8CB7.font.o
[AS ]	Fonts/build/GlyphItem/FontItem_7D14.font.o
[AS ]	Fonts/build/GlyphItem/FontItem_30E4.font.o
[AS ]	Fonts/build/GlyphItem/FontItem_FF44.font.o
[AS ]	Fonts/build/GlyphItem/FontItem_FF1E.font.o
[AS ]	Fonts/build/GlyphItem/FontItem_69CD.font.o
[AS ]	Fonts/build/GlyphItem/FontItem_58F2.font.o
[AS ]	Fonts/build/GlyphItem/FontItem_525B.font.o
[AS ]	Fonts/build/GlyphItem/FontItem_30E5.font.o
[AS ]	Fonts/build/GlyphItem/FontItem_FF45.font.o
[AS ]	Fonts/build/GlyphItem/FontItem_2266.font.o
[AS ]	Fonts/build/GlyphItem/FontItem_FF46.font.o
[AS ]	Fonts/build/GlyphItem/FontItem_30E6.font.o
[AS ]	Fonts/build/GlyphItem/FontItem_7D19.font.o
[AS ]	Fonts/build/GlyphItem/FontItem_2267.font.o
[AS ]	Fonts/build/GlyphItem/FontItem_5091.font.o
[AS ]	Fonts/build/GlyphItem/FontItem_FF47.font.o
[AS ]	Fonts/build/GlyphItem/FontItem_30E7.font.o
[AS ]	Fonts/build/GlyphItem/FontItem_5CF6.font.o
[AS ]	Fonts/build/GlyphItem/FontItem_9019.font.o
[AS ]	Fonts/build/GlyphItem/FontItem_9806.font.o
[AS ]	Fonts/build/GlyphItem/FontItem_221E.font.o
[AS ]	Fonts/build/GlyphItem/FontItem_30E8.font.o
[AS ]	Fonts/build/GlyphItem/FontItem_FF48.font.o
[AS ]	Fonts/build/GlyphItem/FontItem_6C7A.font.o
[AS ]	Fonts/build/GlyphItem/FontItem_51E6.font.o
[AS ]	Fonts/build/GlyphItem/FontItem_6BCE.font.o
[AS ]	Fonts/build/GlyphItem/FontItem_7C8B.font.o
[AS ]	Fonts/build/GlyphItem/FontItem_2234.font.o
[AS ]	Fonts/build/GlyphItem/FontItem_30E9.font.o
[AS ]	Fonts/build/GlyphItem/FontItem_FF49.font.o
[AS ]	Fonts/build/GlyphItem/FontItem_8CA0.font.o
[AS ]	Fonts/build/GlyphItem/FontItem_7D1A.font.o
[AS ]	Fonts/build/GlyphItem/FontItem_30EA.font.o
[AS ]	Fonts/build/GlyphItem/FontItem_983C.font.o
[AS ]	Fonts/build/GlyphItem/FontItem_FF4A.font.o
[AS ]	Fonts/build/GlyphItem/FontItem_0448.font.o
[AS ]	Fonts/build/GlyphItem/FontItem_30EB.font.o
[AS ]	Fonts/build/GlyphItem/FontItem_FF4B.font.o
[AS ]	Fonts/build/GlyphItem/FontItem_8996.font.o
[AS ]	Fonts/build/GlyphItem/FontItem_7D50.font.o
[AS ]	Fonts/build/GlyphItem/FontItem_7D66.font.o
[AS ]	Fonts/build/GlyphItem/FontItem_7A93.font.o
[AS ]	Fonts/build/GlyphItem/FontItem_30EC.font.o
[AS ]	Fonts/build/GlyphItem/FontItem_0449.font.o
[AS ]	Fonts/build/GlyphItem/FontItem_FF4C.font.o
[AS ]	Fonts/build/GlyphItem/FontItem_6771.font.o
[AS ]	Fonts/build/GlyphItem/FontItem_044A.font.o
[AS ]	Fonts/build/GlyphItem/FontItem_30ED.font.o
[AS ]	Fonts/build/GlyphItem/FontItem_7D61.font.o
[AS ]	Fonts/build/GlyphItem/FontItem_FF4D.font.o
[AS ]	Fonts/build/GlyphItem/FontItem_7DCF.font.o
[AS ]	Fonts/build/GlyphItem/FontItem_8A69.font.o
[AS ]	Fonts/build/GlyphItem/FontItem_044B.font.o
[AS ]	Fonts/build/GlyphItem/FontItem_FF4E.font.o
[AS ]	Fonts/build/GlyphItem/FontItem_30EF.font.o
[AS ]	Fonts/build/GlyphItem/FontItem_8A66.font.o
[AS ]	Fonts/build/GlyphItem/FontItem_FF4F.font.o
[AS ]	Fonts/build/GlyphItem/FontItem_7DD2.font.o
[AS ]	Fonts/build/GlyphItem/FontItem_FF50.font.o
[AS ]	Fonts/build/GlyphItem/FontItem_8276.font.o
[AS ]	Fonts/build/GlyphItem/FontItem_FF51.font.o
[AS ]	Fonts/build/GlyphItem/FontItem_66F8.font.o
[AS ]	Fonts/build/GlyphItem/FontItem_8CC7.font.o
[AS ]	Fonts/build/GlyphItem/FontItem_FF52.font.o
[AS ]	Fonts/build/GlyphItem/FontItem_30F2.font.o
[AS ]	Fonts/build/GlyphItem/FontItem_62E0.font.o
[AS ]	Fonts/build/GlyphItem/FontItem_30F3.font.o
[AS ]	Fonts/build/GlyphItem/FontItem_FF53.font.o
[AS ]	Fonts/build/GlyphItem/FontItem_9060.font.o
[AS ]	Fonts/build/GlyphItem/FontItem_6319.font.o
[AS ]	Fonts/build/GlyphItem/FontItem_99D0.font.o
[AS ]	Fonts/build/GlyphItem/FontItem_FF05.font.o
[AS ]	Fonts/build/GlyphItem/FontItem_30F4.font.o
[AS ]	Fonts/build/GlyphItem/FontItem_FF54.font.o
[AS ]	Fonts/build/GlyphItem/FontItem_FF03.font.o
[AS ]	Fonts/build/GlyphItem/FontItem_8AF8.font.o
[AS ]	Fonts/build/GlyphItem/FontItem_FF55.font.o
[AS ]	Fonts/build/GlyphItem/FontItem_9ED2.font.o
[AS ]	Fonts/build/GlyphItem/FontItem_5263.font.o
[AS ]	Fonts/build/GlyphItem/FontItem_6B6F.font.o
[AS ]	Fonts/build/GlyphItem/FontItem_646F.font.o
[AS ]	Fonts/build/GlyphItem/FontItem_FF56.font.o
[AS ]	Fonts/build/GlyphItem/FontItem_FF0A.font.o
[AS ]	Fonts/build/GlyphItem/FontItem_7344.font.o
[AS ]	Fonts/build/GlyphItem/FontItem_8A31.font.o
[AS ]	Fonts/build/GlyphItem/FontItem_FF57.font.o
[AS ]	Fonts/build/GlyphItem/FontItem_98A8.font.o
[AS ]	Fonts/build/GlyphItem/FontItem_89A7.font.o
[AS ]	Fonts/build/GlyphItem/FontItem_FF58.font.o
[AS ]	Fonts/build/GlyphItem/FontItem_6C5A.font.o
[AS ]	Fonts/build/GlyphItem/FontItem_FF59.font.o
[AS ]	Fonts/build/GlyphItem/FontItem_5150.font.o
[AS ]	Fonts/build/GlyphItem/FontItem_8CAF.font.o
[AS ]	Fonts/build/GlyphItem/FontItem_6F01.font.o
[AS ]	Fonts/build/GlyphItem/FontItem_FF5A.font.o
[AS ]	Fonts/build/GlyphItem/FontItem_2605.font.o
[AS ]	Fonts/build/GlyphItem/FontItem_565B.font.o
[AS ]	Fonts/build/GlyphItem/FontItem_9A12.font.o
[AS ]	Fonts/build/GlyphItem/FontItem_5FA9.font.o
[AS ]	Fonts/build/GlyphItem/FontItem_61F8.font.o
[AS ]	Fonts/build/GlyphItem/FontItem_7D71.font.o
[AS ]	Fonts/build/GlyphItem/FontItem_5897.font.o
[AS ]	Fonts/build/GlyphItem/FontItem_50B7.font.o
[AS ]	Fonts/build/GlyphItem/FontItem_8FBC.font.o
[AS ]	Fonts/build/GlyphItem/FontItem_6642.font.o
[AS ]	Fonts/build/GlyphItem/FontItem_511F.font.o
[AS ]	Fonts/build/GlyphItem/FontItem_5FDC.font.o
[AS ]	Fonts/build/GlyphItem/FontItem_6E80.font.o
[AS ]	Fonts/build/GlyphItem/FontItem_5BF5.font.o
[AS ]	Fonts/build/GlyphItem/FontItem_3041.font.o
[AS ]	Fonts/build/GlyphItem/FontItem_52DD.font.o
[AS ]	Fonts/build/GlyphItem/FontItem_3042.font.o
[AS ]	Fonts/build/GlyphItem/FontItem_9803.font.o
[AS ]	Fonts/build/GlyphItem/FontItem_6A29.font.o
[AS ]	Fonts/build/GlyphItem/FontItem_88CF.font.o
[AS ]	Fonts/build/GlyphItem/FontItem_F8F0.font.o
[AS ]	Fonts/build/GlyphItem/FontItem_3043.font.o
[AS ]	Fonts/build/GlyphItem/FontItem_8907.font.o
[AS ]	Fonts/build/GlyphItem/FontItem_250C.font.o
[AS ]	Fonts/build/GlyphItem/FontItem_3044.font.o
[AS ]	Fonts/build/GlyphItem/FontItem_8A0E.font.o
[AS ]	Fonts/build/GlyphItem/FontItem_5F14.font.o
[AS ]	Fonts/build/GlyphItem/FontItem_2510.font.o
[AS ]	Fonts/build/GlyphItem/FontItem_3045.font.o
[AS ]	Fonts/build/GlyphItem/FontItem_96E2.font.o
[AS ]	Fonts/build/GlyphItem/FontItem_3046.font.o
[AS ]	Fonts/build/GlyphItem/FontItem_611B.font.o
[AS ]	Fonts/build/GlyphItem/FontItem_9678.font.o
[AS ]	Fonts/build/GlyphItem/FontItem_5074.font.o
[AS ]	Fonts/build/GlyphItem/FontItem_7B48.font.o
[AS ]	Fonts/build/GlyphItem/FontItem_3047.font.o
[AS ]	Fonts/build/GlyphItem/FontItem_6255.font.o
[AS ]	Fonts/build/GlyphItem/FontItem_5FB4.font.o
[AS ]	Fonts/build/GlyphItem/FontItem_251C.font.o
[AS ]	Fonts/build/GlyphItem/FontItem_3048.font.o
[AS ]	Fonts/build/GlyphItem/FontItem_5354.font.o
[AS ]	Fonts/build/GlyphItem/FontItem_3049.font.o
[AS ]	Fonts/build/GlyphItem/FontItem_3012.font.o
[AS ]	Fonts/build/GlyphItem/FontItem_304A.font.o
[AS ]	Fonts/build/GlyphItem/FontItem_2192.font.o
[AS ]	Fonts/build/GlyphItem/FontItem_52E2.font.o
[AS ]	Fonts/build/GlyphItem/FontItem_2534.font.o
[AS ]	Fonts/build/GlyphItem/FontItem_304B.font.o
[AS ]	Fonts/build/GlyphItem/FontItem_7F60.font.o
[AS ]	Fonts/build/GlyphItem/FontItem_898B.font.o
[AS ]	Fonts/build/GlyphItem/FontItem_304C.font.o
[AS ]	Fonts/build/GlyphItem/FontItem_982D.font.o
[AS ]	Fonts/build/GlyphItem/FontItem_5DFB.font.o
[AS ]	Fonts/build/GlyphItem/FontItem_304D.font.o
[AS ]	Fonts/build/GlyphItem/FontItem_60AA.font.o
[AS ]	Fonts/build/GlyphItem/FontItem_8CE2.font.o
[AS ]	Fonts/build/GlyphItem/FontItem_559A.font.o
[AS ]	Fonts/build/GlyphItem/FontItem_304E.font.o
[AS ]	Fonts/build/GlyphItem/FontItem_95D8.font.o
[AS ]	Fonts/build/GlyphItem/FontItem_8108.font.o
[AS ]	Fonts/build/GlyphItem/FontItem_304F.font.o
[AS ]	Fonts/build/GlyphItem/FontItem_5F37.font.o
[AS ]	Fonts/build/GlyphItem/FontItem_767A.font.o
[AS ]	Fonts/build/GlyphItem/FontItem_50CD.font.o
[AS ]	Fonts/build/GlyphItem/FontItem_52D5.font.o
[AS ]	Fonts/build/GlyphItem/FontItem_3050.font.o
[AS ]	Fonts/build/GlyphItem/FontItem_3051.font.o
[AS ]	Fonts/build/GlyphItem/FontItem_8CCA.font.o
[AS ]	Fonts/build/GlyphItem/FontItem_8B58.font.o
[AS ]	Fonts/build/GlyphItem/FontItem_61B6.font.o
[AS ]	Fonts/build/GlyphItem/FontItem_967A.font.o
[AS ]	Fonts/build/GlyphItem/FontItem_9AEA.font.o
[AS ]	Fonts/build/GlyphItem/FontItem_3052.font.o
[AS ]	Fonts/build/GlyphItem/FontItem_7D9A.font.o
[AS ]	Fonts/build/GlyphItem/FontItem_3053.font.o
[AS ]	Fonts/build/GlyphItem/FontItem_52D9.font.o
[AS ]	Fonts/build/GlyphItem/FontItem_9A13.font.o
[AS ]	Fonts/build/GlyphItem/FontItem_5C0E.font.o
[AS ]	Fonts/build/GlyphItem/FontItem_7F70.font.o
[AS ]	Fonts/build/GlyphItem/FontItem_596E.font.o
[AS ]	Fonts/build/GlyphItem/FontItem_3054.font.o
[AS ]	Fonts/build/GlyphItem/FontItem_629C.font.o
[AS ]	Fonts/build/GlyphItem/FontItem_8ABF.font.o
[AS ]	Fonts/build/GlyphItem/FontItem_5922.font.o
[AS ]	Fonts/build/GlyphItem/FontItem_3055.font.o
[AS ]	Fonts/build/GlyphItem/FontItem_7ADC.font.o
[AS ]	Fonts/build/GlyphItem/FontItem_7121.font.o
[AS ]	Fonts/build/GlyphItem/FontItem_3056.font.o
[AS ]	Fonts/build/GlyphItem/FontItem_5727.font.o
[AS ]	Fonts/build/GlyphItem/FontItem_6A4B.font.o
[AS ]	Fonts/build/GlyphItem/FontItem_3057.font.o
[AS ]	Fonts/build/GlyphItem/FontItem_6271.font.o
[AS ]	Fonts/build/GlyphItem/FontItem_4FB6.font.o
[AS ]	Fonts/build/GlyphItem/FontItem_6CC1.font.o
[AS ]	Fonts/build/GlyphItem/FontItem_53B3.font.o
[AS ]	Fonts/build/GlyphItem/FontItem_3058.font.o
[AS ]	Fonts/build/GlyphItem/FontItem_9727.font.o
[AS ]	Fonts/build/GlyphItem/FontItem_3059.font.o
[AS ]	Fonts/build/GlyphItem/FontItem_9577.font.o
[AS ]	Fonts/build/GlyphItem/FontItem_5B6B.font.o
[AS ]	Fonts/build/GlyphItem/FontItem_805E.font.o
[AS ]	Fonts/build/GlyphItem/FontItem_63DB.font.o
[AS ]	Fonts/build/GlyphItem/FontItem_305A.font.o
[AS ]	Fonts/build/GlyphItem/FontItem_6E1B.font.o
[AS ]	Fonts/build/GlyphItem/FontItem_6607.font.o
[AS ]	Fonts/build/GlyphItem/FontItem_865C.font.o
[AS ]	Fonts/build/GlyphItem/FontItem_9802.font.o
[AS ]	Fonts/build/GlyphItem/FontItem_2208.font.o
[AS ]	Fonts/build/GlyphItem/FontItem_7A4F.font.o
[AS ]	Fonts/build/GlyphItem/FontItem_305B.font.o
[AS ]	Fonts/build/GlyphItem/FontItem_8056.font.o
[AS ]	Fonts/build/GlyphItem/FontItem_640D.font.o
[AS ]	Fonts/build/GlyphItem/FontItem_220B.font.o
[AS ]	Fonts/build/GlyphItem/FontItem_305C.font.o
[AS ]	Fonts/build/GlyphItem/FontItem_2286.font.o
[AS ]	Fonts/build/GlyphItem/FontItem_305D.font.o
[AS ]	Fonts/build/GlyphItem/FontItem_73FE.font.o
[AS ]	Fonts/build/GlyphItem/FontItem_8208.font.o
[AS ]	Fonts/build/GlyphItem/FontItem_5CE0.font.o
[AS ]	Fonts/build/GlyphItem/FontItem_5840.font.o
[AS ]	Fonts/build/GlyphItem/FontItem_2287.font.o
[AS ]	Fonts/build/GlyphItem/FontItem_305E.font.o
[AS ]	Fonts/build/GlyphItem/FontItem_4E21.font.o
[AS ]	Fonts/build/GlyphItem/FontItem_4EEE.font.o
[AS ]	Fonts/build/GlyphItem/FontItem_2282.font.o
[AS ]	Fonts/build/GlyphItem/FontItem_305F.font.o
[AS ]	Fonts/build/GlyphItem/FontItem_8AA0.font.o
[AS ]	Fonts/build/GlyphItem/FontItem_90F7.font.o
[AS ]	Fonts/build/GlyphItem/FontItem_2283.font.o
[AS ]	Fonts/build/GlyphItem/FontItem_6B53.font.o
[AS ]	Fonts/build/GlyphItem/FontItem_3060.font.o
[AS ]	Fonts/build/GlyphItem/FontItem_222A.font.o
[AS ]	Fonts/build/GlyphItem/FontItem_3061.font.o
[AS ]	Fonts/build/GlyphItem/FontItem_8CEA.font.o
[AS ]	Fonts/build/GlyphItem/FontItem_8ACB.font.o
[AS ]	Fonts/build/GlyphItem/FontItem_4FA1.font.o
[AS ]	Fonts/build/GlyphItem/FontItem_97FF.font.o
[AS ]	Fonts/build/GlyphItem/FontItem_6F22.font.o
[AS ]	Fonts/build/GlyphItem/FontItem_3062.font.o
[AS ]	Fonts/build/GlyphItem/FontItem_5B9F.font.o
[AS ]	Fonts/build/GlyphItem/FontItem_4E26.font.o
[AS ]	Fonts/build/GlyphItem/FontItem_3063.font.o
[AS ]	Fonts/build/GlyphItem/FontItem_9A5A.font.o
[AS ]	Fonts/build/GlyphItem/FontItem_9298.font.o
[AS ]	Fonts/build/GlyphItem/FontItem_3064.font.o
[AS ]	Fonts/build/GlyphItem/FontItem_500B.font.o
[AS ]	Fonts/build/GlyphItem/FontItem_731F.font.o
[AS ]	Fonts/build/GlyphItem/FontItem_9589.font.o
[AS ]	Fonts/build/GlyphItem/FontItem_6E09.font.o
[AS ]	Fonts/build/GlyphItem/FontItem_3065.font.o
[AS ]	Fonts/build/GlyphItem/FontItem_03B5.font.o
[AS ]	Fonts/build/GlyphItem/FontItem_3066.font.o
[AS ]	Fonts/build/GlyphItem/FontItem_713C.font.o
[AS ]	Fonts/build/GlyphItem/FontItem_76E3.font.o
[AS ]	Fonts/build/GlyphItem/FontItem_3067.font.o
[AS ]	Fonts/build/GlyphItem/FontItem_6EC5.font.o
[AS ]	Fonts/build/GlyphItem/FontItem_95C7.font.o
[AS ]	Fonts/build/GlyphItem/FontItem_3068.font.o
[AS ]	Fonts/build/GlyphItem/FontItem_696D.font.o
[AS ]	Fonts/build/GlyphItem/FontItem_3069.font.o
[AS ]	Fonts/build/GlyphItem/FontItem_8AAD.font.o
[AS ]	Fonts/build/GlyphItem/FontItem_7C21.font.o
[AS ]	Fonts/build/GlyphItem/FontItem_306A.font.o
[AS ]	Fonts/build/GlyphItem/FontItem_2227.font.o
[AS ]	Fonts/build/GlyphItem/FontItem_306B.font.o
[AS ]	Fonts/build/GlyphItem/FontItem_6975.font.o
[AS ]	Fonts/build/GlyphItem/FontItem_5EAB.font.o
[AS ]	Fonts/build/GlyphItem/FontItem_306C.font.o
[AS ]	Fonts/build/GlyphItem/FontItem_5225.font.o
[AS ]	Fonts/build/GlyphItem/FontItem_306D.font.o
[AS ]	Fonts/build/GlyphItem/FontItem_306E.font.o
[AS ]	Fonts/build/GlyphItem/FontItem_9818.font.o
[AS ]	Fonts/build/GlyphItem/FontItem_5049.font.o
[AS ]	Fonts/build/GlyphItem/FontItem_6368.font.o
[AS ]	Fonts/build/GlyphItem/FontItem_8CA9.font.o
[AS ]	Fonts/build/GlyphItem/FontItem_306F.font.o
[AS ]	Fonts/build/GlyphItem/FontItem_56F2.font.o
[AS ]	Fonts/build/GlyphItem/FontItem_7BC4.font.o
[AS ]	Fonts/build/GlyphItem/FontItem_3070.font.o
[AS ]	Fonts/build/GlyphItem/FontItem_5BFE.font.o
[AS ]	Fonts/build/GlyphItem/FontItem_7DD1.font.o
[AS ]	Fonts/build/GlyphItem/FontItem_3071.font.o
[AS ]	Fonts/build/GlyphItem/FontItem_89B3.font.o
[AS ]	Fonts/build/GlyphItem/FontItem_5909.font.o
[AS ]	Fonts/build/GlyphItem/FontItem_7A4D.font.o
[AS ]	Fonts/build/GlyphItem/FontItem_6E08.font.o
[AS ]	Fonts/build/GlyphItem/FontItem_3072.font.o
[AS ]	Fonts/build/GlyphItem/FontItem_707D.font.o
[AS ]	Fonts/build/GlyphItem/FontItem_8ACC.font.o
[AS ]	Fonts/build/GlyphItem/FontItem_3073.font.o
[AS ]	Fonts/build/GlyphItem/FontItem_5E2F.font.o
[AS ]	Fonts/build/GlyphItem/FontItem_7E3E.font.o
[AS ]	Fonts/build/GlyphItem/FontItem_8CAB.font.o
[AS ]	Fonts/build/GlyphItem/FontItem_3074.font.o
[AS ]	Fonts/build/GlyphItem/FontItem_9084.font.o
[AS ]	Fonts/build/GlyphItem/FontItem_7DE8.font.o
[AS ]	Fonts/build/GlyphItem/FontItem_3075.font.o
[AS ]	Fonts/build/GlyphItem/FontItem_8FBA.font.o
[AS ]	Fonts/build/GlyphItem/FontItem_8CAC.font.o
[AS ]	Fonts/build/GlyphItem/FontItem_7815.font.o
[AS ]	Fonts/build/GlyphItem/FontItem_8B1D.font.o
[AS ]	Fonts/build/GlyphItem/FontItem_3076.font.o
[AS ]	Fonts/build/GlyphItem/FontItem_9593.font.o
[AS ]	Fonts/build/GlyphItem/FontItem_8ECA.font.o
[AS ]	Fonts/build/GlyphItem/FontItem_614B.font.o
[AS ]	Fonts/build/GlyphItem/FontItem_3077.font.o
[AS ]	Fonts/build/GlyphItem/FontItem_8DE1.font.o
[AS ]	Fonts/build/GlyphItem/FontItem_3078.font.o
[AS ]	Fonts/build/GlyphItem/FontItem_81E8.font.o
[AS ]	Fonts/build/GlyphItem/FontItem_8A87.font.o
[AS ]	Fonts/build/GlyphItem/FontItem_95A2.font.o
[AS ]	Fonts/build/GlyphItem/FontItem_8F2A.font.o
[AS ]	Fonts/build/GlyphItem/FontItem_3079.font.o
[AS ]	Fonts/build/GlyphItem/FontItem_96A3.font.o
[AS ]	Fonts/build/GlyphItem/FontItem_7D30.font.o
[AS ]	Fonts/build/GlyphItem/FontItem_9665.font.o
[AS ]	Fonts/build/GlyphItem/FontItem_70BA.font.o
[AS ]	Fonts/build/GlyphItem/FontItem_6F70.font.o
[AS ]	Fonts/build/GlyphItem/FontItem_5132.font.o
[AS ]	Fonts/build/GlyphItem/FontItem_307A.font.o
[AS ]	Fonts/build/GlyphItem/FontItem_8A3C.font.o
[AS ]	Fonts/build/GlyphItem/FontItem_307B.font.o
[AS ]	Fonts/build/GlyphItem/FontItem_9ED9.font.o
[AS ]	Fonts/build/GlyphItem/FontItem_7570.font.o
[AS ]	Fonts/build/GlyphItem/FontItem_83D3.font.o
[AS ]	Fonts/build/GlyphItem/FontItem_307C.font.o
[AS ]	Fonts/build/GlyphItem/FontItem_9867.font.o
[AS ]	Fonts/build/GlyphItem/FontItem_8A73.font.o
[AS ]	Fonts/build/GlyphItem/FontItem_2220.font.o
[AS ]	Fonts/build/GlyphItem/FontItem_307D.font.o
[AS ]	Fonts/build/GlyphItem/FontItem_969B.font.o
[AS ]	Fonts/build/GlyphItem/FontItem_307E.font.o
[AS ]	Fonts/build/GlyphItem/FontItem_8CDE.font.o
[AS ]	Fonts/build/GlyphItem/FontItem_6D99.font.o
[AS ]	Fonts/build/GlyphItem/FontItem_307F.font.o
[AS ]	Fonts/build/GlyphItem/FontItem_8A2D.font.o
[AS ]	Fonts/build/GlyphItem/FontItem_920D.font.o
[AS ]	Fonts/build/GlyphItem/FontItem_8CB8.font.o
[AS ]	Fonts/build/GlyphItem/FontItem_3080.font.o
[AS ]	Fonts/build/GlyphItem/FontItem_985E.font.o
[AS ]	Fonts/build/GlyphItem/FontItem_2207.font.o
[AS ]	Fonts/build/GlyphItem/FontItem_3081.font.o
[AS ]	Fonts/build/GlyphItem/FontItem_7BC0.font.o
[AS ]	Fonts/build/GlyphItem/FontItem_623B.font.o
[AS ]	Fonts/build/GlyphItem/FontItem_904E.font.o
[AS ]	Fonts/build/GlyphItem/FontItem_2261.font.o
[AS ]	Fonts/build/GlyphItem/FontItem_3082.font.o
[AS ]	Fonts/build/GlyphItem/FontItem_8CA1.font.o
[AS ]	Fonts/build/GlyphItem/FontItem_968A.font.o
[AS ]	Fonts/build/GlyphItem/FontItem_6B69.font.o
[AS ]	Fonts/build/GlyphItem/FontItem_8AAC.font.o
[AS ]	Fonts/build/GlyphItem/FontItem_3083.font.o
[AS ]	Fonts/build/GlyphItem/FontItem_9055.font.o
[AS ]	Fonts/build/GlyphItem/FontItem_3084.font.o
[AS ]	Fonts/build/GlyphItem/FontItem_7D76.font.o
[AS ]	Fonts/build/GlyphItem/FontItem_9280.font.o
[AS ]	Fonts/build/GlyphItem/FontItem_907A.font.o
[AS ]	Fonts/build/GlyphItem/FontItem_554F.font.o
[AS ]	Fonts/build/GlyphItem/FontItem_88DC.font.o
[AS ]	Fonts/build/GlyphItem/FontItem_3085.font.o
[AS ]	Fonts/build/GlyphItem/FontItem_5075.font.o
[AS ]	Fonts/build/GlyphItem/FontItem_3086.font.o
[AS ]	Fonts/build/GlyphItem/FontItem_7D0B.font.o
[AS ]	Fonts/build/GlyphItem/FontItem_8B0E.font.o
[AS ]	Fonts/build/GlyphItem/FontItem_3087.font.o
[AS ]	Fonts/build/GlyphItem/FontItem_9580.font.o
[AS ]	Fonts/build/GlyphItem/FontItem_3088.font.o
[AS ]	Fonts/build/GlyphItem/FontItem_4E57.font.o
[AS ]	Fonts/build/GlyphItem/FontItem_3089.font.o
[AS ]	Fonts/build/GlyphItem/FontItem_9854.font.o
[AS ]	Fonts/build/GlyphItem/FontItem_222B.font.o
[AS ]	Fonts/build/GlyphItem/FontItem_308A.font.o
[AS ]	Fonts/build/GlyphItem/FontItem_9858.font.o
[AS ]	Fonts/build/GlyphItem/FontItem_984C.font.o
[AS ]	Fonts/build/GlyphItem/FontItem_222C.font.o
[AS ]	Fonts/build/GlyphItem/FontItem_308B.font.o
[AS ]	Fonts/build/GlyphItem/FontItem_308C.font.o
[AS ]	Fonts/build/GlyphItem/FontItem_5834.font.o
[AS ]	Fonts/build/GlyphItem/FontItem_96B7.font.o
[AS ]	Fonts/build/GlyphItem/FontItem_7DCB.font.o
[AS ]	Fonts/build/GlyphItem/FontItem_8A9E.font.o
[AS ]	Fonts/build/GlyphItem/FontItem_5C02.font.o
[AS ]	Fonts/build/GlyphItem/FontItem_9264.font.o
[AS ]	Fonts/build/GlyphItem/FontItem_308D.font.o
[AS ]	Fonts/build/GlyphItem/FontItem_99C6.font.o
[AS ]	Fonts/build/GlyphItem/FontItem_8B77.font.o
[AS ]	Fonts/build/GlyphItem/FontItem_970A.font.o
[AS ]	Fonts/build/GlyphItem/FontItem_5B22.font.o
[AS ]	Fonts/build/GlyphItem/FontItem_6226.font.o
[AS ]	Fonts/build/GlyphItem/FontItem_308F.font.o
[AS ]	Fonts/build/GlyphItem/FontItem_7A2E.font.o
[AS ]	Fonts/build/GlyphItem/FontItem_9E97.font.o
[AS ]	Fonts/build/GlyphItem/FontItem_7A32.font.o
[AS ]	Fonts/build/GlyphItem/FontItem_5023.font.o
[AS ]	Fonts/build/GlyphItem/FontItem_96E3.font.o
[AS ]	Fonts/build/GlyphItem/FontItem_66A6.font.o
[AS ]	Fonts/build/GlyphItem/FontItem_3092.font.o
[AS ]	Fonts/build/GlyphItem/FontItem_6B74.font.o
[AS ]	Fonts/build/GlyphItem/FontItem_629E.font.o
[AS ]	Fonts/build/GlyphItem/FontItem_3093.font.o
[AS ]	Fonts/build/GlyphItem/FontItem_5831.font.o
[AS ]	Fonts/build/GlyphItem/FontItem_7D04.font.o
[AS ]	Fonts/build/GlyphItem/FontItem_98DB.font.o
[AS ]	Fonts/build/GlyphItem/FontItem_6D44.font.o
[AS ]	Fonts/build/GlyphItem/FontItem_85AC.font.o
[AS ]	Fonts/build/GlyphItem/FontItem_58CA.font.o
[AS ]	Fonts/build/GlyphItem/FontItem_8A33.font.o
[AS ]	Fonts/build/GlyphItem/FontItem_546A.font.o
[AS ]	Fonts/build/GlyphItem/FontItem_8E8D.font.o
[AS ]	Fonts/build/GlyphItem/FontItem_5E7E.font.o
[AS ]	Fonts/build/GlyphItem/FontItem_5099.font.o
[AS ]	Fonts/build/GlyphItem/FontItem_54E1.font.o
[AS ]	Fonts/build/GlyphItem/FontItem_8A17.font.o
[AS ]	Fonts/build/GlyphItem/FontItem_5302.font.o
[AS ]	Fonts/build/GlyphItem/FontItem_63EE.font.o
[AS ]	Fonts/build/GlyphItem/FontItem_6A39.font.o
[AS ]	Fonts/build/GlyphItem/FontItem_6190.font.o
[AS ]	Fonts/build/GlyphItem/FontItem_52B9.font.o
[AS ]	Fonts/build/GlyphItem/FontItem_8AE6.font.o
[AS ]	Fonts/build/GlyphItem/FontItem_7DF4.font.o
[AS ]	Fonts/build/GlyphItem/FontItem_53CE.font.o
[AS ]	Fonts/build/GlyphItem/FontItem_7652.font.o
[AS ]	Fonts/build/GlyphItem/FontItem_7DDA.font.o
[AS ]	Fonts/build/GlyphItem/FontItem_98FE.font.o
[AS ]	Fonts/build/GlyphItem/FontItem_0020.font.o
[AS ]	Fonts/build/GlyphItem/FontItem_0022.font.o
[AS ]	Fonts/build/GlyphItem/FontItem_0021.font.o
[AS ]	Fonts/build/GlyphItem/FontItem_0023.font.o
[AS ]	Fonts/build/GlyphItem/FontItem_0024.font.o
[AS ]	Fonts/build/GlyphItem/FontItem_0025.font.o
[AS ]	Fonts/build/GlyphItem/FontItem_0026.font.o
[AS ]	Fonts/build/GlyphItem/FontItem_0027.font.o
[AS ]	Fonts/build/GlyphItem/FontItem_0029.font.o
[AS ]	Fonts/build/GlyphItem/FontItem_0028.font.o
[AS ]	Fonts/build/GlyphItem/FontItem_002A.font.o
[AS ]	Fonts/build/GlyphItem/FontItem_002C.font.o
[AS ]	Fonts/build/GlyphItem/FontItem_002D.font.o
[AS ]	Fonts/build/GlyphItem/FontItem_002E.font.o
[AS ]	Fonts/build/GlyphItem/FontItem_002F.font.o
[AS ]	Fonts/build/GlyphItem/FontItem_0030.font.o
[AS ]	Fonts/build/GlyphItem/FontItem_0031.font.o
[AS ]	Fonts/build/GlyphItem/FontItem_0032.font.o
[AS ]	Fonts/build/GlyphItem/FontItem_0033.font.o
[AS ]	Fonts/build/GlyphItem/FontItem_0034.font.o
[AS ]	Fonts/build/GlyphItem/FontItem_0035.font.o
[AS ]	Fonts/build/GlyphItem/FontItem_0036.font.o
[AS ]	Fonts/build/GlyphItem/FontItem_0037.font.o
[AS ]	Fonts/build/GlyphItem/FontItem_0038.font.o
[AS ]	Fonts/build/GlyphItem/FontItem_0039.font.o
[AS ]	Fonts/build/GlyphItem/FontItem_003A.font.o
[AS ]	Fonts/build/GlyphItem/FontItem_003B.font.o
[AS ]	Fonts/build/GlyphItem/FontItem_003C.font.o
[AS ]	Fonts/build/GlyphItem/FontItem_003D.font.o
[AS ]	Fonts/build/GlyphItem/FontItem_003E.font.o
[AS ]	Fonts/build/GlyphItem/FontItem_003F.font.o
[AS ]	Fonts/build/GlyphItem/FontItem_0040.font.o
[AS ]	Fonts/build/GlyphItem/FontItem_0041.font.o
[AS ]	Fonts/build/GlyphItem/FontItem_0042.font.o
[AS ]	Fonts/build/GlyphItem/FontItem_0043.font.o
[AS ]	Fonts/build/GlyphItem/FontItem_0044.font.o
[AS ]	Fonts/build/GlyphItem/FontItem_0045.font.o
[AS ]	Fonts/build/GlyphItem/FontItem_0046.font.o
[AS ]	Fonts/build/GlyphItem/FontItem_0047.font.o
[AS ]	Fonts/build/GlyphItem/FontItem_0048.font.o
[AS ]	Fonts/build/GlyphItem/FontItem_0049.font.o
[AS ]	Fonts/build/GlyphItem/FontItem_004A.font.o
[AS ]	Fonts/build/GlyphItem/FontItem_004B.font.o
[AS ]	Fonts/build/GlyphItem/FontItem_004C.font.o
[AS ]	Fonts/build/GlyphItem/FontItem_004D.font.o
[AS ]	Fonts/build/GlyphItem/FontItem_004E.font.o
[AS ]	Fonts/build/GlyphItem/FontItem_004F.font.o
[AS ]	Fonts/build/GlyphItem/FontItem_0050.font.o
[AS ]	Fonts/build/GlyphItem/FontItem_0052.font.o
[AS ]	Fonts/build/GlyphItem/FontItem_0051.font.o
[AS ]	Fonts/build/GlyphItem/FontItem_0053.font.o
[AS ]	Fonts/build/GlyphItem/FontItem_0054.font.o
[AS ]	Fonts/build/GlyphItem/FontItem_0055.font.o
[AS ]	Fonts/build/GlyphItem/FontItem_0056.font.o
[AS ]	Fonts/build/GlyphItem/FontItem_0057.font.o
[AS ]	Fonts/build/GlyphItem/FontItem_0059.font.o
[AS ]	Fonts/build/GlyphItem/FontItem_0058.font.o
[AS ]	Fonts/build/GlyphItem/FontItem_005A.font.o
[AS ]	Fonts/build/GlyphItem/FontItem_005B.font.o
[AS ]	Fonts/build/GlyphItem/FontItem_005C.font.o
[AS ]	Fonts/build/GlyphItem/FontItem_005D.font.o
[AS ]	Fonts/build/GlyphItem/FontItem_005E.font.o
[AS ]	Fonts/build/GlyphItem/FontItem_005F.font.o
[AS ]	Fonts/build/GlyphItem/FontItem_0060.font.o
[AS ]	Fonts/build/GlyphItem/FontItem_0061.font.o
[AS ]	Fonts/build/GlyphItem/FontItem_0062.font.o
[AS ]	Fonts/build/GlyphItem/FontItem_0063.font.o
[AS ]	Fonts/build/GlyphItem/FontItem_0064.font.o
[AS ]	Fonts/build/GlyphItem/FontItem_0065.font.o
[AS ]	Fonts/build/GlyphItem/FontItem_0066.font.o
[AS ]	Fonts/build/GlyphItem/FontItem_0067.font.o
[AS ]	Fonts/build/GlyphItem/FontItem_0068.font.o
[AS ]	Fonts/build/GlyphItem/FontItem_0069.font.o
[AS ]	Fonts/build/GlyphItem/FontItem_006A.font.o
[AS ]	Fonts/build/GlyphItem/FontItem_006B.font.o
[AS ]	Fonts/build/GlyphItem/FontItem_006C.font.o
[AS ]	Fonts/build/GlyphItem/FontItem_006D.font.o
[AS ]	Fonts/build/GlyphItem/FontItem_006E.font.o
[AS ]	Fonts/build/GlyphItem/FontItem_006F.font.o
[AS ]	Fonts/build/GlyphItem/FontItem_0070.font.o
[AS ]	Fonts/build/GlyphItem/FontItem_0071.font.o
[AS ]	Fonts/build/GlyphItem/FontItem_0072.font.o
[AS ]	Fonts/build/GlyphItem/FontItem_0073.font.o
[AS ]	Fonts/build/GlyphItem/FontItem_0074.font.o
[AS ]	Fonts/build/GlyphItem/FontItem_0075.font.o
[AS ]	Fonts/build/GlyphItem/FontItem_0076.font.o
[AS ]	Fonts/build/GlyphItem/FontItem_0077.font.o
[AS ]	Fonts/build/GlyphItem/FontItem_0078.font.o
[AS ]	Fonts/build/GlyphItem/FontItem_0079.font.o
[AS ]	Fonts/build/GlyphItem/FontItem_007A.font.o
[AS ]	Fonts/build/GlyphItem/FontItem_007B.font.o
[AS ]	Fonts/build/GlyphItem/FontItem_007C.font.o
[AS ]	Fonts/build/GlyphItem/FontItem_007D.font.o
[AS ]	Fonts/build/GlyphItem/FontItem_007E.font.o
[AS ]	Fonts/build/GlyphItem/FontItem_007F.font.o
[AS ]	Fonts/build/GlyphItem/FontItem_008C.font.o
[AS ]	Fonts/build/GlyphItem/FontItem_0091.font.o
[AS ]	Fonts/build/GlyphItem/FontItem_0092.font.o
[AS ]	Fonts/build/GlyphItem/FontItem_0093.font.o
[AS ]	Fonts/build/GlyphItem/FontItem_0094.font.o
[AS ]	Fonts/build/GlyphItem/FontItem_009C.font.o
[AS ]	Fonts/build/GlyphItem/FontItem_00A1.font.o
[AS ]	Fonts/build/GlyphItem/FontItem_00AA.font.o
[AS ]	Fonts/build/GlyphItem/FontItem_00AB.font.o
[AS ]	Fonts/build/GlyphItem/FontItem_00BA.font.o
[AS ]	Fonts/build/GlyphItem/FontItem_00BB.font.o
[AS ]	Fonts/build/GlyphItem/FontItem_00BF.font.o
[AS ]	Fonts/build/GlyphItem/FontItem_00C0.font.o
[AS ]	Fonts/build/GlyphItem/FontItem_00C1.font.o
[AS ]	Fonts/build/GlyphItem/FontItem_00C2.font.o
[AS ]	Fonts/build/GlyphItem/FontItem_00C4.font.o
[AS ]	Fonts/build/GlyphItem/FontItem_00C8.font.o
[AS ]	Fonts/build/GlyphItem/FontItem_00C7.font.o
[AS ]	Fonts/build/GlyphItem/FontItem_00C9.font.o
[AS ]	Fonts/build/GlyphItem/FontItem_00CA.font.o
[AS ]	Fonts/build/GlyphItem/FontItem_00CB.font.o
[AS ]	Fonts/build/GlyphItem/FontItem_00CC.font.o
[AS ]	Fonts/build/GlyphItem/FontItem_00CD.font.o
[AS ]	Fonts/build/GlyphItem/FontItem_00CE.font.o
[AS ]	Fonts/build/GlyphItem/FontItem_00CF.font.o
[AS ]	Fonts/build/GlyphItem/FontItem_00D1.font.o
[AS ]	Fonts/build/GlyphItem/FontItem_00D2.font.o
[AS ]	Fonts/build/GlyphItem/FontItem_00D3.font.o
[AS ]	Fonts/build/GlyphItem/FontItem_00D4.font.o
[AS ]	Fonts/build/GlyphItem/FontItem_00D6.font.o
[AS ]	Fonts/build/GlyphItem/FontItem_00D9.font.o
[AS ]	Fonts/build/GlyphItem/FontItem_00DA.font.o
[AS ]	Fonts/build/GlyphItem/FontItem_00DB.font.o
[AS ]	Fonts/build/GlyphItem/FontItem_00DC.font.o
[AS ]	Fonts/build/GlyphItem/FontItem_00DF.font.o
[AS ]	Fonts/build/GlyphItem/FontItem_00E0.font.o
[AS ]	Fonts/build/GlyphItem/FontItem_00E1.font.o
[AS ]	Fonts/build/GlyphItem/FontItem_00E2.font.o
[AS ]	Fonts/build/GlyphItem/FontItem_00E7.font.o
[AS ]	Fonts/build/GlyphItem/FontItem_00E4.font.o
[AS ]	Fonts/build/GlyphItem/FontItem_00E8.font.o
[AS ]	Fonts/build/GlyphItem/FontItem_00E9.font.o
[AS ]	Fonts/build/GlyphItem/FontItem_00EA.font.o
[AS ]	Fonts/build/GlyphItem/FontItem_00EB.font.o
[AS ]	Fonts/build/GlyphItem/FontItem_00EC.font.o
[AS ]	Fonts/build/GlyphItem/FontItem_00ED.font.o
[AS ]	Fonts/build/GlyphItem/FontItem_00EE.font.o
[AS ]	Fonts/build/GlyphItem/FontItem_00EF.font.o
[AS ]	Fonts/build/GlyphItem/FontItem_00F1.font.o
[AS ]	Fonts/build/GlyphItem/FontItem_00F2.font.o
[AS ]	Fonts/build/GlyphItem/FontItem_00F3.font.o
[AS ]	Fonts/build/GlyphItem/FontItem_00F4.font.o
[AS ]	Fonts/build/GlyphItem/FontItem_00F6.font.o
[AS ]	Fonts/build/GlyphItem/FontItem_00F9.font.o
[AS ]	Fonts/build/GlyphItem/FontItem_00FA.font.o
[AS ]	Fonts/build/GlyphItem/FontItem_00FB.font.o
[AS ]	Fonts/build/GlyphItem/FontItem_00FC.font.o
[AS ]	Fonts/build/GlyphItem/FontItem_2500.font.o
[AS ]	Fonts/build/GlyphItem/FontItem_2606.font.o
[AS ]	Fonts/build/GlyphItem/FontItem_8805.font.o
[AS ]	Fonts/build/GlyphItem/FontItem_3007.font.o
[AS ]	Fonts/build/GlyphItem/FontItem_7C12.font.o
[AS ]	Fonts/build/GlyphItem/FontItem_8D14.font.o
[AS ]	Fonts/build/GlyphItem/FontItem_7114.font.o
[AS ]	Fonts/build/GlyphItem/FontItem_2015.font.o
[AS ]	Fonts/build/GlyphItem/FontItem_8D16.font.o
[AS ]	Fonts/build/GlyphItem/FontItem_9A19.font.o
[AS ]	Fonts/build/GlyphItem/FontItem_721B.font.o
[AS ]	Fonts/build/GlyphItem/FontItem_8A1B.font.o
[AS ]	Fonts/build/GlyphItem/FontItem_FF1D.font.o
[AS ]	Fonts/build/GlyphItem/FontItem_8A25.font.o
[AS ]	Fonts/build/GlyphItem/FontItem_2027.font.o
[AS ]	Fonts/build/GlyphItem/FontItem_5629.font.o
[AS ]	Fonts/build/GlyphItem/FontItem_9B31.font.o
[AS ]	Fonts/build/GlyphItem/FontItem_792B.font.o
[AS ]	Fonts/build/GlyphItem/FontItem_7432.font.o
[AS ]	Fonts/build/GlyphItem/FontItem_6B38.font.o
[AS ]	Fonts/build/GlyphItem/FontItem_723A.font.o
[AS ]	Fonts/build/GlyphItem/FontItem_6E3E.font.o
[AS ]	Fonts/build/GlyphItem/FontItem_7942.font.o
[AS ]	Fonts/build/GlyphItem/FontItem_9D44.font.o
[AS ]	Fonts/build/GlyphItem/FontItem_5C53.font.o
[AS ]	Fonts/build/GlyphItem/FontItem_7149.font.o
[AS ]	Fonts/build/GlyphItem/FontItem_9A55.font.o
[AS ]	Fonts/build/GlyphItem/FontItem_615F.font.o
[AS ]	Fonts/build/GlyphItem/FontItem_8A5B.font.o
[AS ]	Fonts/build/GlyphItem/FontItem_7C60.font.o
[AS ]	Fonts/build/GlyphItem/FontItem_7260.font.o
[AS ]	Fonts/build/GlyphItem/FontItem_2661.font.o
[AS ]	Fonts/build/GlyphItem/FontItem_2264.font.o
[AS ]	Fonts/build/GlyphItem/FontItem_2265.font.o
[AS ]	Fonts/build/GlyphItem/FontItem_8569.font.o
[AS ]	Fonts/build/GlyphItem/FontItem_266A.font.o
[AS ]	Fonts/build/GlyphItem/FontItem_727D.font.o
[AS ]	Fonts/build/GlyphItem/FontItem_547F.font.o
[AS ]	Fonts/build/GlyphItem/FontItem_9081.font.o
[AS ]	Fonts/build/GlyphItem/FontItem_8E8A.font.o
[AS ]	Fonts/build/GlyphItem/FontItem_8599.font.o
[AS ]	Fonts/build/GlyphItem/FontItem_5A9E.font.o
[AS ]	Fonts/build/GlyphItem/FontItem_03A4.font.o
[AS ]	Fonts/build/GlyphItem/FontItem_61AB.font.o
[AS ]	Fonts/build/GlyphItem/FontItem_03A9.font.o
[AS ]	Fonts/build/GlyphItem/FontItem_5FAC.font.o
[AS ]	Fonts/build/GlyphItem/FontItem_53AD.font.o
[AS ]	Fonts/build/GlyphItem/FontItem_98AF.font.o
[AS ]	Fonts/build/GlyphItem/FontItem_55B0.font.o
[AS ]	Fonts/build/GlyphItem/FontItem_59B3.font.o
[AS ]	Fonts/build/GlyphItem/FontItem_60B6.font.o
[AS ]	Fonts/build/GlyphItem/FontItem_76BA.font.o
[AS ]	Fonts/build/GlyphItem/FontItem_63BB.font.o
[AS ]	Fonts/build/GlyphItem/FontItem_7DBB.font.o
[AS ]	Fonts/build/GlyphItem/FontItem_8FBF.font.o
[AS ]	Fonts/build/GlyphItem/FontItem_79BF.font.o
[AS ]	Fonts/build/GlyphItem/FontItem_98C4.font.o
[AS ]	Fonts/build/GlyphItem/FontItem_50C5.font.o
[AS ]	Fonts/build/GlyphItem/FontItem_83C8.font.o
[AS ]	Fonts/build/GlyphItem/FontItem_8ECB.font.o
[AS ]	Fonts/build/GlyphItem/FontItem_25CB.font.o
[AS ]	Fonts/build/GlyphItem/FontItem_00D7.font.o
[AS ]	Fonts/build/GlyphItem/FontItem_7DD8.font.o
[AS ]	Fonts/build/GlyphItem/FontItem_66E0.font.o
[AS ]	Fonts/build/GlyphItem/FontItem_53E1.font.o
[AS ]	Fonts/build/GlyphItem/FontItem_61E3.font.o
[AS ]	Fonts/build/GlyphItem/FontItem_8CE4.font.o
[AS ]	Fonts/build/GlyphItem/FontItem_81E5.font.o
[AS ]	Fonts/build/GlyphItem/FontItem_00E6.font.o
[AS ]	Fonts/build/GlyphItem/FontItem_71E6.font.o
[AS ]	Fonts/build/GlyphItem/FontItem_75E9.font.o
[AS ]	Fonts/build/GlyphItem/FontItem_85EA.font.o
[AS ]	Fonts/build/GlyphItem/FontItem_51EA.font.o
[AS ]	Fonts/build/GlyphItem/FontItem_8AEB.font.o
[AS ]	Fonts/build/GlyphItem/FontItem_25EF.font.o
[AS ]	Fonts/build/GlyphItem/FontItem_00F0.font.o
[AS ]	Fonts/build/GlyphItem/FontItem_68F2.font.o
[AS ]	Fonts/build/GlyphItem/FontItem_00F8.font.o
[AS ]	Fonts/build/GlyphItem/FontItem_87FB.font.o
[AS ]	Fonts/build/GlyphItem/FontItem_905C.font.o
[AS ]	Fonts/build/GlyphItem/FontItem_00FD.font.o
[AS ]	Fonts/build/GlyphItem/FontItem_947D.font.o
[AS ]	Fonts/build/GlyphItem/FontItem_6AC2.font.o
[AS ]	Fonts/build/GlyphItem/FontItem_00FE.font.o
[AS ]	Fonts/build/GlyphItem/FontItem_7E6B.font.o
[AS ]	Fonts/build/GlyphItem/FontItem_25B8.font.o
[AS ]	Fonts/build/GlyphItem/FontItem_25B9.font.o
[AS ]	Fonts/build/GlyphText/FontText_3002.font.o
[AS ]	Fonts/build/GlyphText/FontText_FF1F.font.o
[AS ]	Fonts/build/GlyphText/FontText_FF01.font.o
[AS ]	Fonts/build/GlyphText/FontText_FF0C.font.o
[AS ]	Fonts/build/GlyphText/FontText_3001.font.o
[AS ]	Fonts/build/GlyphText/FontText_FF1B.font.o
[AS ]	Fonts/build/GlyphText/FontText_FF1A.font.o
[AS ]	Fonts/build/GlyphText/FontText_300C.font.o
[AS ]	Fonts/build/GlyphText/FontText_300D.font.o
[AS ]	Fonts/build/GlyphText/FontText_300E.font.o
[AS ]	Fonts/build/GlyphText/FontText_300F.font.o
[AS ]	Fonts/build/GlyphText/FontText_2018.font.o
[AS ]	Fonts/build/GlyphText/FontText_2019.font.o
[AS ]	Fonts/build/GlyphText/FontText_201C.font.o
[AS ]	Fonts/build/GlyphText/FontText_201D.font.o
[AS ]	Fonts/build/GlyphText/FontText_FF08.font.o
[AS ]	Fonts/build/GlyphText/FontText_FF09.font.o
[AS ]	Fonts/build/GlyphText/FontText_3014.font.o
[AS ]	Fonts/build/GlyphText/FontText_3015.font.o
[AS ]	Fonts/build/GlyphText/FontText_3010.font.o
[AS ]	Fonts/build/GlyphText/FontText_3011.font.o
[AS ]	Fonts/build/GlyphText/FontText_2026.font.o
[AS ]	Fonts/build/GlyphText/FontText_2014.font.o
[AS ]	Fonts/build/GlyphText/FontText_2013.font.o
[AS ]	Fonts/build/GlyphText/FontText_FF0E.font.o
[AS ]	Fonts/build/GlyphText/FontText_300A.font.o
[AS ]	Fonts/build/GlyphText/FontText_300B.font.o
[AS ]	Fonts/build/GlyphText/FontText_3008.font.o
[AS ]	Fonts/build/GlyphText/FontText_3009.font.o
[AS ]	Fonts/build/GlyphText/FontText_FF0B.font.o
[AS ]	Fonts/build/GlyphText/FontText_00B7.font.o
[AS ]	Fonts/build/GlyphText/FontText_2022.font.o
[AS ]	Fonts/build/GlyphText/FontText_002B.font.o
[AS ]	Fonts/build/GlyphText/FontText_3003.font.o
[AS ]	Fonts/build/GlyphText/FontText_00B0.font.o
[AS ]	Fonts/build/GlyphText/FontText_5570.font.o
[AS ]	Fonts/build/GlyphText/FontText_554A.font.o
[AS ]	Fonts/build/GlyphText/FontText_963F.font.o
[AS ]	Fonts/build/GlyphText/FontText_57C3.font.o
[AS ]	Fonts/build/GlyphText/FontText_6328.font.o
[AS ]	Fonts/build/GlyphText/FontText_54CE.font.o
[AS ]	Fonts/build/GlyphText/FontText_5509.font.o
[AS ]	Fonts/build/GlyphText/FontText_54C0.font.o
[AS ]	Fonts/build/GlyphText/FontText_853C.font.o
[AS ]	Fonts/build/GlyphText/FontText_77EE.font.o
[AS ]	Fonts/build/GlyphText/FontText_827E.font.o
[AS ]	Fonts/build/GlyphText/FontText_788D.font.o
[AS ]	Fonts/build/GlyphText/FontText_7231.font.o
[AS ]	Fonts/build/GlyphText/FontText_5B89.font.o
[AS ]	Fonts/build/GlyphText/FontText_6309.font.o
[AS ]	Fonts/build/GlyphText/FontText_6697.font.o
[AS ]	Fonts/build/GlyphText/FontText_5CB8.font.o
[AS ]	Fonts/build/GlyphText/FontText_6848.font.o
[AS ]	Fonts/build/GlyphText/FontText_80AE.font.o
[AS ]	Fonts/build/GlyphText/FontText_7FF1.font.o
[AS ]	Fonts/build/GlyphText/FontText_50B2.font.o
[AS ]	Fonts/build/GlyphText/FontText_5965.font.o
[AS ]	Fonts/build/GlyphText/FontText_5427.font.o
[AS ]	Fonts/build/GlyphText/FontText_516B.font.o
[AS ]	Fonts/build/GlyphText/FontText_5DF4.font.o
[AS ]	Fonts/build/GlyphText/FontText_62D4.font.o
[AS ]	Fonts/build/GlyphText/FontText_628A.font.o
[AS ]	Fonts/build/GlyphText/FontText_8DCB.font.o
[AS ]	Fonts/build/GlyphText/FontText_9738.font.o
[AS ]	Fonts/build/GlyphText/FontText_7F62.font.o
[AS ]	Fonts/build/GlyphText/FontText_7238.font.o
[AS ]	Fonts/build/GlyphText/FontText_767D.font.o
[AS ]	Fonts/build/GlyphText/FontText_767E.font.o
[AS ]	Fonts/build/GlyphText/FontText_6446.font.o
[AS ]	Fonts/build/GlyphText/FontText_8D25.font.o
[AS ]	Fonts/build/GlyphText/FontText_62DC.font.o
[AS ]	Fonts/build/GlyphText/FontText_6591.font.o
[AS ]	Fonts/build/GlyphText/FontText_73ED.font.o
[AS ]	Fonts/build/GlyphText/FontText_642C.font.o
[AS ]	Fonts/build/GlyphText/FontText_6273.font.o
[AS ]	Fonts/build/GlyphText/FontText_822C.font.o
[AS ]	Fonts/build/GlyphText/FontText_677F.font.o
[AS ]	Fonts/build/GlyphText/FontText_7248.font.o
[AS ]	Fonts/build/GlyphText/FontText_626E.font.o
[AS ]	Fonts/build/GlyphText/FontText_534A.font.o
[AS ]	Fonts/build/GlyphText/FontText_4F34.font.o
[AS ]	Fonts/build/GlyphText/FontText_529E.font.o
[AS ]	Fonts/build/GlyphText/FontText_7ECA.font.o
[AS ]	Fonts/build/GlyphText/FontText_90A6.font.o
[AS ]	Fonts/build/GlyphText/FontText_5E2E.font.o
[AS ]	Fonts/build/GlyphText/FontText_699C.font.o
[AS ]	Fonts/build/GlyphText/FontText_8180.font.o
[AS ]	Fonts/build/GlyphText/FontText_7ED1.font.o
[AS ]	Fonts/build/GlyphText/FontText_68D2.font.o
[AS ]	Fonts/build/GlyphText/FontText_508D.font.o
[AS ]	Fonts/build/GlyphText/FontText_80DE.font.o
[AS ]	Fonts/build/GlyphText/FontText_5305.font.o
[AS ]	Fonts/build/GlyphText/FontText_5265.font.o
[AS ]	Fonts/build/GlyphText/FontText_8584.font.o
[AS ]	Fonts/build/GlyphText/FontText_5821.font.o
[AS ]	Fonts/build/GlyphText/FontText_4FDD.font.o
[AS ]	Fonts/build/GlyphText/FontText_9971.font.o
[AS ]	Fonts/build/GlyphText/FontText_5B9D.font.o
[AS ]	Fonts/build/GlyphText/FontText_62B1.font.o
[AS ]	Fonts/build/GlyphText/FontText_66B4.font.o
[AS ]	Fonts/build/GlyphText/FontText_62A5.font.o
[AS ]	Fonts/build/GlyphText/FontText_9C8D.font.o
[AS ]	Fonts/build/GlyphText/FontText_7206.font.o
[AS ]	Fonts/build/GlyphText/FontText_676F.font.o
[AS ]	Fonts/build/GlyphText/FontText_60B2.font.o
[AS ]	Fonts/build/GlyphText/FontText_5351.font.o
[AS ]	Fonts/build/GlyphText/FontText_5317.font.o
[AS ]	Fonts/build/GlyphText/FontText_8F88.font.o
[AS ]	Fonts/build/GlyphText/FontText_80CC.font.o
[AS ]	Fonts/build/GlyphText/FontText_8D1D.font.o
[AS ]	Fonts/build/GlyphText/FontText_500D.font.o
[AS ]	Fonts/build/GlyphText/FontText_5907.font.o
[AS ]	Fonts/build/GlyphText/FontText_60EB.font.o
[AS ]	Fonts/build/GlyphText/FontText_88AB.font.o
[AS ]	Fonts/build/GlyphText/FontText_5954.font.o
[AS ]	Fonts/build/GlyphText/FontText_672C.font.o
[AS ]	Fonts/build/GlyphText/FontText_7B28.font.o
[AS ]	Fonts/build/GlyphText/FontText_5D29.font.o
[AS ]	Fonts/build/GlyphText/FontText_8FF8.font.o
[AS ]	Fonts/build/GlyphText/FontText_903C.font.o
[AS ]	Fonts/build/GlyphText/FontText_9F3B.font.o
[AS ]	Fonts/build/GlyphText/FontText_6BD4.font.o
[AS ]	Fonts/build/GlyphText/FontText_9119.font.o
[AS ]	Fonts/build/GlyphText/FontText_7B14.font.o
[AS ]	Fonts/build/GlyphText/FontText_5F7C.font.o
[AS ]	Fonts/build/GlyphText/FontText_78A7.font.o
[AS ]	Fonts/build/GlyphText/FontText_853D.font.o
[AS ]	Fonts/build/GlyphText/FontText_6BD5.font.o
[AS ]	Fonts/build/GlyphText/FontText_5E01.font.o
[AS ]	Fonts/build/GlyphText/FontText_5E87.font.o
[AS ]	Fonts/build/GlyphText/FontText_95ED.font.o
[AS ]	Fonts/build/GlyphText/FontText_5FC5.font.o
[AS ]	Fonts/build/GlyphText/FontText_58C1.font.o
[AS ]	Fonts/build/GlyphText/FontText_81C2.font.o
[AS ]	Fonts/build/GlyphText/FontText_907F.font.o
[AS ]	Fonts/build/GlyphText/FontText_965B.font.o
[AS ]	Fonts/build/GlyphText/FontText_97AD.font.o
[AS ]	Fonts/build/GlyphText/FontText_8FB9.font.o
[AS ]	Fonts/build/GlyphText/FontText_7F16.font.o
[AS ]	Fonts/build/GlyphText/FontText_8D2C.font.o
[AS ]	Fonts/build/GlyphText/FontText_4FBF.font.o
[AS ]	Fonts/build/GlyphText/FontText_53D8.font.o
[AS ]	Fonts/build/GlyphText/FontText_8FA8.font.o
[AS ]	Fonts/build/GlyphText/FontText_904D.font.o
[AS ]	Fonts/build/GlyphText/FontText_6807.font.o
[AS ]	Fonts/build/GlyphText/FontText_8868.font.o
[AS ]	Fonts/build/GlyphText/FontText_9CD6.font.o
[AS ]	Fonts/build/GlyphText/FontText_522B.font.o
[AS ]	Fonts/build/GlyphText/FontText_5175.font.o
[AS ]	Fonts/build/GlyphText/FontText_51B0.font.o
[AS ]	Fonts/build/GlyphText/FontText_67C4.font.o
[AS ]	Fonts/build/GlyphText/FontText_75C5.font.o
[AS ]	Fonts/build/GlyphText/FontText_64AD.font.o
[AS ]	Fonts/build/GlyphText/FontText_5E76.font.o
[AS ]	Fonts/build/GlyphText/FontText_6CE2.font.o
[AS ]	Fonts/build/GlyphText/FontText_535A.font.o
[AS ]	Fonts/build/GlyphText/FontText_640F.font.o
[AS ]	Fonts/build/GlyphText/FontText_4F2F.font.o
[AS ]	Fonts/build/GlyphText/FontText_6355.font.o
[AS ]	Fonts/build/GlyphText/FontText_8116.font.o
[AS ]	Fonts/build/GlyphText/FontText_535C.font.o
[AS ]	Fonts/build/GlyphText/FontText_8865.font.o
[AS ]	Fonts/build/GlyphText/FontText_4E0D.font.o
[AS ]	Fonts/build/GlyphText/FontText_5E03.font.o
[AS ]	Fonts/build/GlyphText/FontText_6B65.font.o
[AS ]	Fonts/build/GlyphText/FontText_90E8.font.o
[AS ]	Fonts/build/GlyphText/FontText_6016.font.o
[AS ]	Fonts/build/GlyphText/FontText_64E6.font.o
[AS ]	Fonts/build/GlyphText/FontText_88C1.font.o
[AS ]	Fonts/build/GlyphText/FontText_6750.font.o
[AS ]	Fonts/build/GlyphText/FontText_624D.font.o
[AS ]	Fonts/build/GlyphText/FontText_8D22.font.o
[AS ]	Fonts/build/GlyphText/FontText_8E29.font.o
[AS ]	Fonts/build/GlyphText/FontText_91C7.font.o
[AS ]	Fonts/build/GlyphText/FontText_5F69.font.o
[AS ]	Fonts/build/GlyphText/FontText_83DC.font.o
[AS ]	Fonts/build/GlyphText/FontText_9910.font.o
[AS ]	Fonts/build/GlyphText/FontText_53C2.font.o
[AS ]	Fonts/build/GlyphText/FontText_6B8B.font.o
[AS ]	Fonts/build/GlyphText/FontText_60E8.font.o
[AS ]	Fonts/build/GlyphText/FontText_82CD.font.o
[AS ]	Fonts/build/GlyphText/FontText_85CF.font.o
[AS ]	Fonts/build/GlyphText/FontText_64CD.font.o
[AS ]	Fonts/build/GlyphText/FontText_8349.font.o
[AS ]	Fonts/build/GlyphText/FontText_7B56.font.o
[AS ]	Fonts/build/GlyphText/FontText_6D4B.font.o
[AS ]	Fonts/build/GlyphText/FontText_4FA7.font.o
[AS ]	Fonts/build/GlyphText/FontText_5C42.font.o
[AS ]	Fonts/build/GlyphText/FontText_8E6D.font.o
[AS ]	Fonts/build/GlyphText/FontText_8336.font.o
[AS ]	Fonts/build/GlyphText/FontText_67E5.font.o
[AS ]	Fonts/build/GlyphText/FontText_5BDF.font.o
[AS ]	Fonts/build/GlyphText/FontText_5C94.font.o
[AS ]	Fonts/build/GlyphText/FontText_5DEE.font.o
[AS ]	Fonts/build/GlyphText/FontText_67F4.font.o
[AS ]	Fonts/build/GlyphText/FontText_7F20.font.o
[AS ]	Fonts/build/GlyphText/FontText_94F2.font.o
[AS ]	Fonts/build/GlyphText/FontText_4EA7.font.o
[AS ]	Fonts/build/GlyphText/FontText_98A4.font.o
[AS ]	Fonts/build/GlyphText/FontText_660C.font.o
[AS ]	Fonts/build/GlyphText/FontText_573A.font.o
[AS ]	Fonts/build/GlyphText/FontText_5C1D.font.o
[AS ]	Fonts/build/GlyphText/FontText_5E38.font.o
[AS ]	Fonts/build/GlyphText/FontText_957F.font.o
[AS ]	Fonts/build/GlyphText/FontText_507F.font.o
[AS ]	Fonts/build/GlyphText/FontText_80A0.font.o
[AS ]	Fonts/build/GlyphText/FontText_7545.font.o
[AS ]	Fonts/build/GlyphText/FontText_5531.font.o
[AS ]	Fonts/build/GlyphText/FontText_8D85.font.o
[AS ]	Fonts/build/GlyphText/FontText_6284.font.o
[AS ]	Fonts/build/GlyphText/FontText_671D.font.o
[AS ]	Fonts/build/GlyphText/FontText_6F6E.font.o
[AS ]	Fonts/build/GlyphText/FontText_5DE2.font.o
[AS ]	Fonts/build/GlyphText/FontText_5435.font.o
[AS ]	Fonts/build/GlyphText/FontText_8F66.font.o
[AS ]	Fonts/build/GlyphText/FontText_626F.font.o
[AS ]	Fonts/build/GlyphText/FontText_64A4.font.o
[AS ]	Fonts/build/GlyphText/FontText_5F7B.font.o
[AS ]	Fonts/build/GlyphText/FontText_81E3.font.o
[AS ]	Fonts/build/GlyphText/FontText_5C18.font.o
[AS ]	Fonts/build/GlyphText/FontText_6C89.font.o
[AS ]	Fonts/build/GlyphText/FontText_8D81.font.o
[AS ]	Fonts/build/GlyphText/FontText_6491.font.o
[AS ]	Fonts/build/GlyphText/FontText_79F0.font.o
[AS ]	Fonts/build/GlyphText/FontText_57CE.font.o
[AS ]	Fonts/build/GlyphText/FontText_6210.font.o
[AS ]	Fonts/build/GlyphText/FontText_5448.font.o
[AS ]	Fonts/build/GlyphText/FontText_4E58.font.o
[AS ]	Fonts/build/GlyphText/FontText_7A0B.font.o
[AS ]	Fonts/build/GlyphText/FontText_60E9.font.o
[AS ]	Fonts/build/GlyphText/FontText_8BDA.font.o
[AS ]	Fonts/build/GlyphText/FontText_627F.font.o
[AS ]	Fonts/build/GlyphText/FontText_901E.font.o
[AS ]	Fonts/build/GlyphText/FontText_9A8B.font.o
[AS ]	Fonts/build/GlyphText/FontText_5403.font.o
[AS ]	Fonts/build/GlyphText/FontText_75F4.font.o
[AS ]	Fonts/build/GlyphText/FontText_6301.font.o
[AS ]	Fonts/build/GlyphText/FontText_5319.font.o
[AS ]	Fonts/build/GlyphText/FontText_6C60.font.o
[AS ]	Fonts/build/GlyphText/FontText_8FDF.font.o
[AS ]	Fonts/build/GlyphText/FontText_5F1B.font.o
[AS ]	Fonts/build/GlyphText/FontText_9A70.font.o
[AS ]	Fonts/build/GlyphText/FontText_803B.font.o
[AS ]	Fonts/build/GlyphText/FontText_8D64.font.o
[AS ]	Fonts/build/GlyphText/FontText_7FC5.font.o
[AS ]	Fonts/build/GlyphText/FontText_5145.font.o
[AS ]	Fonts/build/GlyphText/FontText_65A5.font.o
[AS ]	Fonts/build/GlyphText/FontText_51B2.font.o
[AS ]	Fonts/build/GlyphText/FontText_5BA0.font.o
[AS ]	Fonts/build/GlyphText/FontText_916C.font.o
[AS ]	Fonts/build/GlyphText/FontText_7574.font.o
[AS ]	Fonts/build/GlyphText/FontText_8E0C.font.o
[AS ]	Fonts/build/GlyphText/FontText_6101.font.o
[AS ]	Fonts/build/GlyphText/FontText_4EC7.font.o
[AS ]	Fonts/build/GlyphText/FontText_4E11.font.o
[AS ]	Fonts/build/GlyphText/FontText_81ED.font.o
[AS ]	Fonts/build/GlyphText/FontText_521D.font.o
[AS ]	Fonts/build/GlyphText/FontText_51FA.font.o
[AS ]	Fonts/build/GlyphText/FontText_53A8.font.o
[AS ]	Fonts/build/GlyphText/FontText_8E87.font.o
[AS ]	Fonts/build/GlyphText/FontText_9664.font.o
[AS ]	Fonts/build/GlyphText/FontText_695A.font.o
[AS ]	Fonts/build/GlyphText/FontText_7840.font.o
[AS ]	Fonts/build/GlyphText/FontText_50A8.font.o
[AS ]	Fonts/build/GlyphText/FontText_89E6.font.o
[AS ]	Fonts/build/GlyphText/FontText_5904.font.o
[AS ]	Fonts/build/GlyphText/FontText_5DDD.font.o
[AS ]	Fonts/build/GlyphText/FontText_7A7F.font.o
[AS ]	Fonts/build/GlyphText/FontText_4F20.font.o
[AS ]	Fonts/build/GlyphText/FontText_8239.font.o
[AS ]	Fonts/build/GlyphText/FontText_5598.font.o
[AS ]	Fonts/build/GlyphText/FontText_4E32.font.o
[AS ]	Fonts/build/GlyphText/FontText_7A97.font.o
[AS ]	Fonts/build/GlyphText/FontText_5E8A.font.o
[AS ]	Fonts/build/GlyphText/FontText_95EF.font.o
[AS ]	Fonts/build/GlyphText/FontText_521B.font.o
[AS ]	Fonts/build/GlyphText/FontText_5439.font.o
[AS ]	Fonts/build/GlyphText/FontText_9524.font.o
[AS ]	Fonts/build/GlyphText/FontText_5782.font.o
[AS ]	Fonts/build/GlyphText/FontText_6625.font.o
[AS ]	Fonts/build/GlyphText/FontText_8822.font.o
[AS ]	Fonts/build/GlyphText/FontText_7EAF.font.o
[AS ]	Fonts/build/GlyphText/FontText_6233.font.o
[AS ]	Fonts/build/GlyphText/FontText_96CC.font.o
[AS ]	Fonts/build/GlyphText/FontText_8F9E.font.o
[AS ]	Fonts/build/GlyphText/FontText_6148.font.o
[AS ]	Fonts/build/GlyphText/FontText_8BCD.font.o
[AS ]	Fonts/build/GlyphText/FontText_6B64.font.o
[AS ]	Fonts/build/GlyphText/FontText_523A.font.o
[AS ]	Fonts/build/GlyphText/FontText_8D50.font.o
[AS ]	Fonts/build/GlyphText/FontText_6B21.font.o
[AS ]	Fonts/build/GlyphText/FontText_806A.font.o
[AS ]	Fonts/build/GlyphText/FontText_5306.font.o
[AS ]	Fonts/build/GlyphText/FontText_4ECE.font.o
[AS ]	Fonts/build/GlyphText/FontText_7C97.font.o
[AS ]	Fonts/build/GlyphText/FontText_7A9C.font.o
[AS ]	Fonts/build/GlyphText/FontText_6467.font.o
[AS ]	Fonts/build/GlyphText/FontText_5D14.font.o
[AS ]	Fonts/build/GlyphText/FontText_8106.font.o
[AS ]	Fonts/build/GlyphText/FontText_7601.font.o
[AS ]	Fonts/build/GlyphText/FontText_7CB9.font.o
[AS ]	Fonts/build/GlyphText/FontText_6751.font.o
[AS ]	Fonts/build/GlyphText/FontText_5B58.font.o
[AS ]	Fonts/build/GlyphText/FontText_5BF8.font.o
[AS ]	Fonts/build/GlyphText/FontText_78CB.font.o
[AS ]	Fonts/build/GlyphText/FontText_6413.font.o
[AS ]	Fonts/build/GlyphText/FontText_9519.font.o
[AS ]	Fonts/build/GlyphText/FontText_642D.font.o
[AS ]	Fonts/build/GlyphText/FontText_8FBE.font.o
[AS ]	Fonts/build/GlyphText/FontText_7B54.font.o
[AS ]	Fonts/build/GlyphText/FontText_6253.font.o
[AS ]	Fonts/build/GlyphText/FontText_5927.font.o
[AS ]	Fonts/build/GlyphText/FontText_5446.font.o
[AS ]	Fonts/build/GlyphText/FontText_6B79.font.o
[AS ]	Fonts/build/GlyphText/FontText_6234.font.o
[AS ]	Fonts/build/GlyphText/FontText_5E26.font.o
[AS ]	Fonts/build/GlyphText/FontText_4EE3.font.o
[AS ]	Fonts/build/GlyphText/FontText_888B.font.o
[AS ]	Fonts/build/GlyphText/FontText_5F85.font.o
[AS ]	Fonts/build/GlyphText/FontText_902E.font.o
[AS ]	Fonts/build/GlyphText/FontText_6020.font.o
[AS ]	Fonts/build/GlyphText/FontText_62C5.font.o
[AS ]	Fonts/build/GlyphText/FontText_5355.font.o
[AS ]	Fonts/build/GlyphText/FontText_80C6.font.o
[AS ]	Fonts/build/GlyphText/FontText_65E6.font.o
[AS ]	Fonts/build/GlyphText/FontText_4F46.font.o
[AS ]	Fonts/build/GlyphText/FontText_6DE1.font.o
[AS ]	Fonts/build/GlyphText/FontText_8BDE.font.o
[AS ]	Fonts/build/GlyphText/FontText_86CB.font.o
[AS ]	Fonts/build/GlyphText/FontText_5F53.font.o
[AS ]	Fonts/build/GlyphText/FontText_6321.font.o
[AS ]	Fonts/build/GlyphText/FontText_515A.font.o
[AS ]	Fonts/build/GlyphText/FontText_8361.font.o
[AS ]	Fonts/build/GlyphText/FontText_6863.font.o
[AS ]	Fonts/build/GlyphText/FontText_5200.font.o
[AS ]	Fonts/build/GlyphText/FontText_6363.font.o
[AS ]	Fonts/build/GlyphText/FontText_8E48.font.o
[AS ]	Fonts/build/GlyphText/FontText_5C9B.font.o
[AS ]	Fonts/build/GlyphText/FontText_5012.font.o
[AS ]	Fonts/build/GlyphText/FontText_7977.font.o
[AS ]	Fonts/build/GlyphText/FontText_5BFC.font.o
[AS ]	Fonts/build/GlyphText/FontText_5230.font.o
[AS ]	Fonts/build/GlyphText/FontText_9053.font.o
[AS ]	Fonts/build/GlyphText/FontText_76D7.font.o
[AS ]	Fonts/build/GlyphText/FontText_5FB7.font.o
[AS ]	Fonts/build/GlyphText/FontText_5F97.font.o
[AS ]	Fonts/build/GlyphText/FontText_7684.font.o
[AS ]	Fonts/build/GlyphText/FontText_8E6C.font.o
[AS ]	Fonts/build/GlyphText/FontText_706F.font.o
[AS ]	Fonts/build/GlyphText/FontText_767B.font.o
[AS ]	Fonts/build/GlyphText/FontText_7B49.font.o
[AS ]	Fonts/build/GlyphText/FontText_77AA.font.o
[AS ]	Fonts/build/GlyphText/FontText_4F4E.font.o
[AS ]	Fonts/build/GlyphText/FontText_8FEA.font.o
[AS ]	Fonts/build/GlyphText/FontText_5AE1.font.o
[AS ]	Fonts/build/GlyphText/FontText_62B5.font.o
[AS ]	Fonts/build/GlyphText/FontText_654C.font.o
[AS ]	Fonts/build/GlyphText/FontText_5E95.font.o
[AS ]	Fonts/build/GlyphText/FontText_5730.font.o
[AS ]	Fonts/build/GlyphText/FontText_8482.font.o
[AS ]	Fonts/build/GlyphText/FontText_7B2C.font.o
[AS ]	Fonts/build/GlyphText/FontText_5F1F.font.o
[AS ]	Fonts/build/GlyphText/FontText_7F14.font.o
[AS ]	Fonts/build/GlyphText/FontText_98A0.font.o
[AS ]	Fonts/build/GlyphText/FontText_70B9.font.o
[AS ]	Fonts/build/GlyphText/FontText_57AB.font.o
[AS ]	Fonts/build/GlyphText/FontText_7535.font.o
[AS ]	Fonts/build/GlyphText/FontText_5E97.font.o
[AS ]	Fonts/build/GlyphText/FontText_6BBF.font.o
[AS ]	Fonts/build/GlyphText/FontText_5201.font.o
[AS ]	Fonts/build/GlyphText/FontText_6389.font.o
[AS ]	Fonts/build/GlyphText/FontText_540A.font.o
[AS ]	Fonts/build/GlyphText/FontText_9493.font.o
[AS ]	Fonts/build/GlyphText/FontText_8C03.font.o
[AS ]	Fonts/build/GlyphText/FontText_8DCC.font.o
[AS ]	Fonts/build/GlyphText/FontText_789F.font.o
[AS ]	Fonts/build/GlyphText/FontText_8776.font.o
[AS ]	Fonts/build/GlyphText/FontText_8C0D.font.o
[AS ]	Fonts/build/GlyphText/FontText_76EF.font.o
[AS ]	Fonts/build/GlyphText/FontText_9489.font.o
[AS ]	Fonts/build/GlyphText/FontText_9876.font.o
[AS ]	Fonts/build/GlyphText/FontText_5B9A.font.o
[AS ]	Fonts/build/GlyphText/FontText_4E22.font.o
[AS ]	Fonts/build/GlyphText/FontText_8BA2.font.o
[AS ]	Fonts/build/GlyphText/FontText_4E1C.font.o
[AS ]	Fonts/build/GlyphText/FontText_51AC.font.o
[AS ]	Fonts/build/GlyphText/FontText_61C2.font.o
[AS ]	Fonts/build/GlyphText/FontText_52A8.font.o
[AS ]	Fonts/build/GlyphText/FontText_51BB.font.o
[AS ]	Fonts/build/GlyphText/FontText_6D1E.font.o
[AS ]	Fonts/build/GlyphText/FontText_515C.font.o
[AS ]	Fonts/build/GlyphText/FontText_6296.font.o
[AS ]	Fonts/build/GlyphText/FontText_6597.font.o
[AS ]	Fonts/build/GlyphText/FontText_9017.font.o
[AS ]	Fonts/build/GlyphText/FontText_90FD.font.o
[AS ]	Fonts/build/GlyphText/FontText_7763.font.o
[AS ]	Fonts/build/GlyphText/FontText_6BD2.font.o
[AS ]	Fonts/build/GlyphText/FontText_72EC.font.o
[AS ]	Fonts/build/GlyphText/FontText_8BFB.font.o
[AS ]	Fonts/build/GlyphText/FontText_5835.font.o
[AS ]	Fonts/build/GlyphText/FontText_8D4C.font.o
[AS ]	Fonts/build/GlyphText/FontText_809A.font.o
[AS ]	Fonts/build/GlyphText/FontText_5EA6.font.o
[AS ]	Fonts/build/GlyphText/FontText_6E21.font.o
[AS ]	Fonts/build/GlyphText/FontText_5992.font.o
[AS ]	Fonts/build/GlyphText/FontText_7AEF.font.o
[AS ]	Fonts/build/GlyphText/FontText_77ED.font.o
[AS ]	Fonts/build/GlyphText/FontText_953B.font.o
[AS ]	Fonts/build/GlyphText/FontText_6BB5.font.o
[AS ]	Fonts/build/GlyphText/FontText_65AD.font.o
[AS ]	Fonts/build/GlyphText/FontText_5806.font.o
[AS ]	Fonts/build/GlyphText/FontText_961F.font.o
[AS ]	Fonts/build/GlyphText/FontText_5BF9.font.o
[AS ]	Fonts/build/GlyphText/FontText_949D.font.o
[AS ]	Fonts/build/GlyphText/FontText_987F.font.o
[AS ]	Fonts/build/GlyphText/FontText_76FE.font.o
[AS ]	Fonts/build/GlyphText/FontText_591A.font.o
[AS ]	Fonts/build/GlyphText/FontText_593A.font.o
[AS ]	Fonts/build/GlyphText/FontText_8EB2.font.o
[AS ]	Fonts/build/GlyphText/FontText_6735.font.o
[AS ]	Fonts/build/GlyphText/FontText_5815.font.o
[AS ]	Fonts/build/GlyphText/FontText_6076.font.o
[AS ]	Fonts/build/GlyphText/FontText_997F.font.o
[AS ]	Fonts/build/GlyphText/FontText_6069.font.o
[AS ]	Fonts/build/GlyphText/FontText_800C.font.o
[AS ]	Fonts/build/GlyphText/FontText_513F.font.o
[AS ]	Fonts/build/GlyphText/FontText_8033.font.o
[AS ]	Fonts/build/GlyphText/FontText_5C14.font.o
[AS ]	Fonts/build/GlyphText/FontText_4E8C.font.o
[AS ]	Fonts/build/GlyphText/FontText_53D1.font.o
[AS ]	Fonts/build/GlyphText/FontText_7F5A.font.o
[AS ]	Fonts/build/GlyphText/FontText_4F10.font.o
[AS ]	Fonts/build/GlyphText/FontText_6CD5.font.o
[AS ]	Fonts/build/GlyphText/FontText_73D0.font.o
[AS ]	Fonts/build/GlyphText/FontText_756A.font.o
[AS ]	Fonts/build/GlyphText/FontText_7FFB.font.o
[AS ]	Fonts/build/GlyphText/FontText_7E41.font.o
[AS ]	Fonts/build/GlyphText/FontText_51E1.font.o
[AS ]	Fonts/build/GlyphText/FontText_70E6.font.o
[AS ]	Fonts/build/GlyphText/FontText_53CD.font.o
[AS ]	Fonts/build/GlyphText/FontText_8FD4.font.o
[AS ]	Fonts/build/GlyphText/FontText_8303.font.o
[AS ]	Fonts/build/GlyphText/FontText_72AF.font.o
[AS ]	Fonts/build/GlyphText/FontText_996D.font.o
[AS ]	Fonts/build/GlyphText/FontText_82B3.font.o
[AS ]	Fonts/build/GlyphText/FontText_65B9.font.o
[AS ]	Fonts/build/GlyphText/FontText_623F.font.o
[AS ]	Fonts/build/GlyphText/FontText_9632.font.o
[AS ]	Fonts/build/GlyphText/FontText_59A8.font.o
[AS ]	Fonts/build/GlyphText/FontText_4EFF.font.o
[AS ]	Fonts/build/GlyphText/FontText_8BBF.font.o
[AS ]	Fonts/build/GlyphText/FontText_653E.font.o
[AS ]	Fonts/build/GlyphText/FontText_83F2.font.o
[AS ]	Fonts/build/GlyphText/FontText_975E.font.o
[AS ]	Fonts/build/GlyphText/FontText_98DE.font.o
[AS ]	Fonts/build/GlyphText/FontText_532A.font.o
[AS ]	Fonts/build/GlyphText/FontText_5E9F.font.o
[AS ]	Fonts/build/GlyphText/FontText_6CB8.font.o
[AS ]	Fonts/build/GlyphText/FontText_8D39.font.o
[AS ]	Fonts/build/GlyphText/FontText_82AC.font.o
[AS ]	Fonts/build/GlyphText/FontText_5429.font.o
[AS ]	Fonts/build/GlyphText/FontText_6C1B.font.o
[AS ]	Fonts/build/GlyphText/FontText_5206.font.o
[AS ]	Fonts/build/GlyphText/FontText_7C89.font.o
[AS ]	Fonts/build/GlyphText/FontText_594B.font.o
[AS ]	Fonts/build/GlyphText/FontText_4EFD.font.o
[AS ]	Fonts/build/GlyphText/FontText_6124.font.o
[AS ]	Fonts/build/GlyphText/FontText_4E30.font.o
[AS ]	Fonts/build/GlyphText/FontText_5C01.font.o
[AS ]	Fonts/build/GlyphText/FontText_950B.font.o
[AS ]	Fonts/build/GlyphText/FontText_98CE.font.o
[AS ]	Fonts/build/GlyphText/FontText_75AF.font.o
[AS ]	Fonts/build/GlyphText/FontText_9022.font.o
[AS ]	Fonts/build/GlyphText/FontText_7F1D.font.o
[AS ]	Fonts/build/GlyphText/FontText_8BBD.font.o
[AS ]	Fonts/build/GlyphText/FontText_5949.font.o
[AS ]	Fonts/build/GlyphText/FontText_5426.font.o
[AS ]	Fonts/build/GlyphText/FontText_592B.font.o
[AS ]	Fonts/build/GlyphText/FontText_80A4.font.o
[AS ]	Fonts/build/GlyphText/FontText_6276.font.o
[AS ]	Fonts/build/GlyphText/FontText_62C2.font.o
[AS ]	Fonts/build/GlyphText/FontText_5E45.font.o
[AS ]	Fonts/build/GlyphText/FontText_7B26.font.o
[AS ]	Fonts/build/GlyphText/FontText_4F0F.font.o
[AS ]	Fonts/build/GlyphText/FontText_4FD8.font.o
[AS ]	Fonts/build/GlyphText/FontText_670D.font.o
[AS ]	Fonts/build/GlyphText/FontText_6D6E.font.o
[AS ]	Fonts/build/GlyphText/FontText_798F.font.o
[AS ]	Fonts/build/GlyphText/FontText_5F17.font.o
[AS ]	Fonts/build/GlyphText/FontText_629A.font.o
[AS ]	Fonts/build/GlyphText/FontText_8F85.font.o
[AS ]	Fonts/build/GlyphText/FontText_4FEF.font.o
[AS ]	Fonts/build/GlyphText/FontText_65A7.font.o
[AS ]	Fonts/build/GlyphText/FontText_5E9C.font.o
[AS ]	Fonts/build/GlyphText/FontText_8150.font.o
[AS ]	Fonts/build/GlyphText/FontText_8D74.font.o
[AS ]	Fonts/build/GlyphText/FontText_526F.font.o
[AS ]	Fonts/build/GlyphText/FontText_8986.font.o
[AS ]	Fonts/build/GlyphText/FontText_8D4B.font.o
[AS ]	Fonts/build/GlyphText/FontText_590D.font.o
[AS ]	Fonts/build/GlyphText/FontText_4ED8.font.o
[AS ]	Fonts/build/GlyphText/FontText_8D1F.font.o
[AS ]	Fonts/build/GlyphText/FontText_7236.font.o
[AS ]	Fonts/build/GlyphText/FontText_5BCC.font.o
[AS ]	Fonts/build/GlyphText/FontText_9644.font.o
[AS ]	Fonts/build/GlyphText/FontText_5987.font.o
[AS ]	Fonts/build/GlyphText/FontText_5490.font.o
[AS ]	Fonts/build/GlyphText/FontText_7F1A.font.o
[AS ]	Fonts/build/GlyphText/FontText_8BE5.font.o
[AS ]	Fonts/build/GlyphText/FontText_6539.font.o
[AS ]	Fonts/build/GlyphText/FontText_6982.font.o
[AS ]	Fonts/build/GlyphText/FontText_76D6.font.o
[AS ]	Fonts/build/GlyphText/FontText_5E72.font.o
[AS ]	Fonts/build/GlyphText/FontText_7518.font.o
[AS ]	Fonts/build/GlyphText/FontText_6746.font.o
[AS ]	Fonts/build/GlyphText/FontText_8D76.font.o
[AS ]	Fonts/build/GlyphText/FontText_611F.font.o
[AS ]	Fonts/build/GlyphText/FontText_6562.font.o
[AS ]	Fonts/build/GlyphText/FontText_5188.font.o
[AS ]	Fonts/build/GlyphText/FontText_521A.font.o
[AS ]	Fonts/build/GlyphText/FontText_94A2.font.o
[AS ]	Fonts/build/GlyphText/FontText_9AD8.font.o
[AS ]	Fonts/build/GlyphText/FontText_818F.font.o
[AS ]	Fonts/build/GlyphText/FontText_7F94.font.o
[AS ]	Fonts/build/GlyphText/FontText_7CD5.font.o
[AS ]	Fonts/build/GlyphText/FontText_641E.font.o
[AS ]	Fonts/build/GlyphText/FontText_544A.font.o
[AS ]	Fonts/build/GlyphText/FontText_54E5.font.o
[AS ]	Fonts/build/GlyphText/FontText_6B4C.font.o
[AS ]	Fonts/build/GlyphText/FontText_6208.font.o
[AS ]	Fonts/build/GlyphText/FontText_9769.font.o
[AS ]	Fonts/build/GlyphText/FontText_845B.font.o
[AS ]	Fonts/build/GlyphText/FontText_683C.font.o
[AS ]	Fonts/build/GlyphText/FontText_9601.font.o
[AS ]	Fonts/build/GlyphText/FontText_9694.font.o
[AS ]	Fonts/build/GlyphText/FontText_4E2A.font.o
[AS ]	Fonts/build/GlyphText/FontText_5404.font.o
[AS ]	Fonts/build/GlyphText/FontText_7ED9.font.o
[AS ]	Fonts/build/GlyphText/FontText_6839.font.o
[AS ]	Fonts/build/GlyphText/FontText_8DDF.font.o
[AS ]	Fonts/build/GlyphText/FontText_8015.font.o
[AS ]	Fonts/build/GlyphText/FontText_66F4.font.o
[AS ]	Fonts/build/GlyphText/FontText_803F.font.o
[AS ]	Fonts/build/GlyphText/FontText_5DE5.font.o
[AS ]	Fonts/build/GlyphText/FontText_653B.font.o
[AS ]	Fonts/build/GlyphText/FontText_606D.font.o
[AS ]	Fonts/build/GlyphText/FontText_529F.font.o
[AS ]	Fonts/build/GlyphText/FontText_4F9B.font.o
[AS ]	Fonts/build/GlyphText/FontText_8EAC.font.o
[AS ]	Fonts/build/GlyphText/FontText_516C.font.o
[AS ]	Fonts/build/GlyphText/FontText_5BAB.font.o
[AS ]	Fonts/build/GlyphText/FontText_5F13.font.o
[AS ]	Fonts/build/GlyphText/FontText_5DE9.font.o
[AS ]	Fonts/build/GlyphText/FontText_8D21.font.o
[AS ]	Fonts/build/GlyphText/FontText_5171.font.o
[AS ]	Fonts/build/GlyphText/FontText_52FE.font.o
[AS ]	Fonts/build/GlyphText/FontText_72D7.font.o
[AS ]	Fonts/build/GlyphText/FontText_6784.font.o
[AS ]	Fonts/build/GlyphText/FontText_8D2D.font.o
[AS ]	Fonts/build/GlyphText/FontText_591F.font.o
[AS ]	Fonts/build/GlyphText/FontText_8F9C.font.o
[AS ]	Fonts/build/GlyphText/FontText_4F30.font.o
[AS ]	Fonts/build/GlyphText/FontText_5B64.font.o
[AS ]	Fonts/build/GlyphText/FontText_59D1.font.o
[AS ]	Fonts/build/GlyphText/FontText_9F13.font.o
[AS ]	Fonts/build/GlyphText/FontText_53E4.font.o
[AS ]	Fonts/build/GlyphText/FontText_9AA8.font.o
[AS ]	Fonts/build/GlyphText/FontText_8C37.font.o
[AS ]	Fonts/build/GlyphText/FontText_80A1.font.o
[AS ]	Fonts/build/GlyphText/FontText_6545.font.o
[AS ]	Fonts/build/GlyphText/FontText_987E.font.o
[AS ]	Fonts/build/GlyphText/FontText_56FA.font.o
[AS ]	Fonts/build/GlyphText/FontText_96C7.font.o
[AS ]	Fonts/build/GlyphText/FontText_522E.font.o
[AS ]	Fonts/build/GlyphText/FontText_74DC.font.o
[AS ]	Fonts/build/GlyphText/FontText_6302.font.o
[AS ]	Fonts/build/GlyphText/FontText_4E56.font.o
[AS ]	Fonts/build/GlyphText/FontText_602A.font.o
[AS ]	Fonts/build/GlyphText/FontText_68FA.font.o
[AS ]	Fonts/build/GlyphText/FontText_5173.font.o
[AS ]	Fonts/build/GlyphText/FontText_5B98.font.o
[AS ]	Fonts/build/GlyphText/FontText_51A0.font.o
[AS ]	Fonts/build/GlyphText/FontText_89C2.font.o
[AS ]	Fonts/build/GlyphText/FontText_7BA1.font.o
[AS ]	Fonts/build/GlyphText/FontText_9986.font.o
[AS ]	Fonts/build/GlyphText/FontText_7F50.font.o
[AS ]	Fonts/build/GlyphText/FontText_60EF.font.o
[AS ]	Fonts/build/GlyphText/FontText_8D2F.font.o
[AS ]	Fonts/build/GlyphText/FontText_704C.font.o
[AS ]	Fonts/build/GlyphText/FontText_5149.font.o
[AS ]	Fonts/build/GlyphText/FontText_5E7F.font.o
[AS ]	Fonts/build/GlyphText/FontText_89C4.font.o
[AS ]	Fonts/build/GlyphText/FontText_5F52.font.o
[AS ]	Fonts/build/GlyphText/FontText_9B3C.font.o
[AS ]	Fonts/build/GlyphText/FontText_8F68.font.o
[AS ]	Fonts/build/GlyphText/FontText_8BE1.font.o
[AS ]	Fonts/build/GlyphText/FontText_8D35.font.o
[AS ]	Fonts/build/GlyphText/FontText_6EDA.font.o
[AS ]	Fonts/build/GlyphText/FontText_56FD.font.o
[AS ]	Fonts/build/GlyphText/FontText_679C.font.o
[AS ]	Fonts/build/GlyphText/FontText_8FC7.font.o
[AS ]	Fonts/build/GlyphText/FontText_54C8.font.o
[AS ]	Fonts/build/GlyphText/FontText_5B69.font.o
[AS ]	Fonts/build/GlyphText/FontText_6D77.font.o
[AS ]	Fonts/build/GlyphText/FontText_5BB3.font.o
[AS ]	Fonts/build/GlyphText/FontText_9A87.font.o
[AS ]	Fonts/build/GlyphText/FontText_542B.font.o
[AS ]	Fonts/build/GlyphText/FontText_5BD2.font.o
[AS ]	Fonts/build/GlyphText/FontText_558A.font.o
[AS ]	Fonts/build/GlyphText/FontText_7F55.font.o
[AS ]	Fonts/build/GlyphText/FontText_7FF0.font.o
[AS ]	Fonts/build/GlyphText/FontText_64BC.font.o
[AS ]	Fonts/build/GlyphText/FontText_61BE.font.o
[AS ]	Fonts/build/GlyphText/FontText_608D.font.o
[AS ]	Fonts/build/GlyphText/FontText_6C57.font.o
[AS ]	Fonts/build/GlyphText/FontText_6C49.font.o
[AS ]	Fonts/build/GlyphText/FontText_822A.font.o
[AS ]	Fonts/build/GlyphText/FontText_568E.font.o
[AS ]	Fonts/build/GlyphText/FontText_8C6A.font.o
[AS ]	Fonts/build/GlyphText/FontText_6BEB.font.o
[AS ]	Fonts/build/GlyphText/FontText_597D.font.o
[AS ]	Fonts/build/GlyphText/FontText_8017.font.o
[AS ]	Fonts/build/GlyphText/FontText_53F7.font.o
[AS ]	Fonts/build/GlyphText/FontText_5475.font.o
[AS ]	Fonts/build/GlyphText/FontText_559D.font.o
[AS ]	Fonts/build/GlyphText/FontText_548C.font.o
[AS ]	Fonts/build/GlyphText/FontText_4F55.font.o
[AS ]	Fonts/build/GlyphText/FontText_5408.font.o
[AS ]	Fonts/build/GlyphText/FontText_6CB3.font.o
[AS ]	Fonts/build/GlyphText/FontText_8D6B.font.o
[AS ]	Fonts/build/GlyphText/FontText_8D3A.font.o
[AS ]	Fonts/build/GlyphText/FontText_563F.font.o
[AS ]	Fonts/build/GlyphText/FontText_9ED1.font.o
[AS ]	Fonts/build/GlyphText/FontText_75D5.font.o
[AS ]	Fonts/build/GlyphText/FontText_5F88.font.o
[AS ]	Fonts/build/GlyphText/FontText_72E0.font.o
[AS ]	Fonts/build/GlyphText/FontText_54FC.font.o
[AS ]	Fonts/build/GlyphText/FontText_6068.font.o
[AS ]	Fonts/build/GlyphText/FontText_6A2A.font.o
[AS ]	Fonts/build/GlyphText/FontText_8861.font.o
[AS ]	Fonts/build/GlyphText/FontText_6052.font.o
[AS ]	Fonts/build/GlyphText/FontText_8F70.font.o
[AS ]	Fonts/build/GlyphText/FontText_5B8F.font.o
[AS ]	Fonts/build/GlyphText/FontText_7EA2.font.o
[AS ]	Fonts/build/GlyphText/FontText_4FAF.font.o
[AS ]	Fonts/build/GlyphText/FontText_539A.font.o
[AS ]	Fonts/build/GlyphText/FontText_5019.font.o
[AS ]	Fonts/build/GlyphText/FontText_540E.font.o
[AS ]	Fonts/build/GlyphText/FontText_547C.font.o
[AS ]	Fonts/build/GlyphText/FontText_4E4E.font.o
[AS ]	Fonts/build/GlyphText/FontText_5FFD.font.o
[AS ]	Fonts/build/GlyphText/FontText_80E1.font.o
[AS ]	Fonts/build/GlyphText/FontText_8774.font.o
[AS ]	Fonts/build/GlyphText/FontText_7CCA.font.o
[AS ]	Fonts/build/GlyphText/FontText_6E56.font.o
[AS ]	Fonts/build/GlyphText/FontText_864E.font.o
[AS ]	Fonts/build/GlyphText/FontText_62A4.font.o
[AS ]	Fonts/build/GlyphText/FontText_4E92.font.o
[AS ]	Fonts/build/GlyphText/FontText_6237.font.o
[AS ]	Fonts/build/GlyphText/FontText_82B1.font.o
[AS ]	Fonts/build/GlyphText/FontText_733E.font.o
[AS ]	Fonts/build/GlyphText/FontText_534E.font.o
[AS ]	Fonts/build/GlyphText/FontText_753B.font.o
[AS ]	Fonts/build/GlyphText/FontText_5212.font.o
[AS ]	Fonts/build/GlyphText/FontText_5316.font.o
[AS ]	Fonts/build/GlyphText/FontText_8BDD.font.o
[AS ]	Fonts/build/GlyphText/FontText_5F8A.font.o
[AS ]	Fonts/build/GlyphText/FontText_6000.font.o
[AS ]	Fonts/build/GlyphText/FontText_574F.font.o
[AS ]	Fonts/build/GlyphText/FontText_6B22.font.o
[AS ]	Fonts/build/GlyphText/FontText_73AF.font.o
[AS ]	Fonts/build/GlyphText/FontText_8FD8.font.o
[AS ]	Fonts/build/GlyphText/FontText_7F13.font.o
[AS ]	Fonts/build/GlyphText/FontText_6362.font.o
[AS ]	Fonts/build/GlyphText/FontText_60A3.font.o
[AS ]	Fonts/build/GlyphText/FontText_5524.font.o
[AS ]	Fonts/build/GlyphText/FontText_6DA3.font.o
[AS ]	Fonts/build/GlyphText/FontText_5E7B.font.o
[AS ]	Fonts/build/GlyphText/FontText_8352.font.o
[AS ]	Fonts/build/GlyphText/FontText_614C.font.o
[AS ]	Fonts/build/GlyphText/FontText_9EC4.font.o
[AS ]	Fonts/build/GlyphText/FontText_7687.font.o
[AS ]	Fonts/build/GlyphText/FontText_60F6.font.o
[AS ]	Fonts/build/GlyphText/FontText_6643.font.o
[AS ]	Fonts/build/GlyphText/FontText_8C0E.font.o
[AS ]	Fonts/build/GlyphText/FontText_7070.font.o
[AS ]	Fonts/build/GlyphText/FontText_6325.font.o
[AS ]	Fonts/build/GlyphText/FontText_8F89.font.o
[AS ]	Fonts/build/GlyphText/FontText_6062.font.o
[AS ]	Fonts/build/GlyphText/FontText_6BC1.font.o
[AS ]	Fonts/build/GlyphText/FontText_56DE.font.o
[AS ]	Fonts/build/GlyphText/FontText_6094.font.o
[AS ]	Fonts/build/GlyphText/FontText_6167.font.o
[AS ]	Fonts/build/GlyphText/FontText_60E0.font.o
[AS ]	Fonts/build/GlyphText/FontText_8D3F.font.o
[AS ]	Fonts/build/GlyphText/FontText_4F1A.font.o
[AS ]	Fonts/build/GlyphText/FontText_6C47.font.o
[AS ]	Fonts/build/GlyphText/FontText_8BF2.font.o
[AS ]	Fonts/build/GlyphText/FontText_7ED8.font.o
[AS ]	Fonts/build/GlyphText/FontText_660F.font.o
[AS ]	Fonts/build/GlyphText/FontText_5A5A.font.o
[AS ]	Fonts/build/GlyphText/FontText_9B42.font.o
[AS ]	Fonts/build/GlyphText/FontText_6DF7.font.o
[AS ]	Fonts/build/GlyphText/FontText_6D3B.font.o
[AS ]	Fonts/build/GlyphText/FontText_4F19.font.o
[AS ]	Fonts/build/GlyphText/FontText_706B.font.o
[AS ]	Fonts/build/GlyphText/FontText_83B7.font.o
[AS ]	Fonts/build/GlyphText/FontText_6216.font.o
[AS ]	Fonts/build/GlyphText/FontText_60D1.font.o
[AS ]	Fonts/build/GlyphText/FontText_8D27.font.o
[AS ]	Fonts/build/GlyphText/FontText_7978.font.o
[AS ]	Fonts/build/GlyphText/FontText_573E.font.o
[AS ]	Fonts/build/GlyphText/FontText_51FB.font.o
[AS ]	Fonts/build/GlyphText/FontText_57FA.font.o
[AS ]	Fonts/build/GlyphText/FontText_673A.font.o
[AS ]	Fonts/build/GlyphText/FontText_79EF.font.o
[AS ]	Fonts/build/GlyphText/FontText_808C.font.o
[AS ]	Fonts/build/GlyphText/FontText_9965.font.o
[AS ]	Fonts/build/GlyphText/FontText_8FF9.font.o
[AS ]	Fonts/build/GlyphText/FontText_6FC0.font.o
[AS ]	Fonts/build/GlyphText/FontText_9E21.font.o
[AS ]	Fonts/build/GlyphText/FontText_59EC.font.o
[AS ]	Fonts/build/GlyphText/FontText_7EE9.font.o
[AS ]	Fonts/build/GlyphText/FontText_7F09.font.o
[AS ]	Fonts/build/GlyphText/FontText_5409.font.o
[AS ]	Fonts/build/GlyphText/FontText_68D8.font.o
[AS ]	Fonts/build/GlyphText/FontText_6781.font.o
[AS ]	Fonts/build/GlyphText/FontText_7C4D.font.o
[AS ]	Fonts/build/GlyphText/FontText_96C6.font.o
[AS ]	Fonts/build/GlyphText/FontText_53CA.font.o
[AS ]	Fonts/build/GlyphText/FontText_6025.font.o
[AS ]	Fonts/build/GlyphText/FontText_75BE.font.o
[AS ]	Fonts/build/GlyphText/FontText_5373.font.o
[AS ]	Fonts/build/GlyphText/FontText_5AC9.font.o
[AS ]	Fonts/build/GlyphText/FontText_7EA7.font.o
[AS ]	Fonts/build/GlyphText/FontText_51E0.font.o
[AS ]	Fonts/build/GlyphText/FontText_5DF1.font.o
[AS ]	Fonts/build/GlyphText/FontText_6280.font.o
[AS ]	Fonts/build/GlyphText/FontText_4F0E.font.o
[AS ]	Fonts/build/GlyphText/FontText_6D4E.font.o
[AS ]	Fonts/build/GlyphText/FontText_796D.font.o
[AS ]	Fonts/build/GlyphText/FontText_5BC4.font.o
[AS ]	Fonts/build/GlyphText/FontText_5BC2.font.o
[AS ]	Fonts/build/GlyphText/FontText_8BA1.font.o
[AS ]	Fonts/build/GlyphText/FontText_8BB0.font.o
[AS ]	Fonts/build/GlyphText/FontText_65E2.font.o
[AS ]	Fonts/build/GlyphText/FontText_9645.font.o
[AS ]	Fonts/build/GlyphText/FontText_7EE7.font.o
[AS ]	Fonts/build/GlyphText/FontText_7EAA.font.o
[AS ]	Fonts/build/GlyphText/FontText_5609.font.o
[AS ]	Fonts/build/GlyphText/FontText_5939.font.o
[AS ]	Fonts/build/GlyphText/FontText_4F73.font.o
[AS ]	Fonts/build/GlyphText/FontText_5BB6.font.o
[AS ]	Fonts/build/GlyphText/FontText_52A0.font.o
[AS ]	Fonts/build/GlyphText/FontText_7532.font.o
[AS ]	Fonts/build/GlyphText/FontText_5047.font.o
[AS ]	Fonts/build/GlyphText/FontText_7A3C.font.o
[AS ]	Fonts/build/GlyphText/FontText_4EF7.font.o
[AS ]	Fonts/build/GlyphText/FontText_67B6.font.o
[AS ]	Fonts/build/GlyphText/FontText_9A7E.font.o
[AS ]	Fonts/build/GlyphText/FontText_5AC1.font.o
[AS ]	Fonts/build/GlyphText/FontText_6B7C.font.o
[AS ]	Fonts/build/GlyphText/FontText_76D1.font.o
[AS ]	Fonts/build/GlyphText/FontText_575A.font.o
[AS ]	Fonts/build/GlyphText/FontText_5C16.font.o
[AS ]	Fonts/build/GlyphText/FontText_95F4.font.o
[AS ]	Fonts/build/GlyphText/FontText_80A9.font.o
[AS ]	Fonts/build/GlyphText/FontText_517C.font.o
[AS ]	Fonts/build/GlyphText/FontText_8270.font.o
[AS ]	Fonts/build/GlyphText/FontText_5978.font.o
[AS ]	Fonts/build/GlyphText/FontText_6361.font.o
[AS ]	Fonts/build/GlyphText/FontText_7B80.font.o
[AS ]	Fonts/build/GlyphText/FontText_51CF.font.o
[AS ]	Fonts/build/GlyphText/FontText_8350.font.o
[AS ]	Fonts/build/GlyphText/FontText_8D31.font.o
[AS ]	Fonts/build/GlyphText/FontText_89C1.font.o
[AS ]	Fonts/build/GlyphText/FontText_952E.font.o
[AS ]	Fonts/build/GlyphText/FontText_7BAD.font.o
[AS ]	Fonts/build/GlyphText/FontText_4EF6.font.o
[AS ]	Fonts/build/GlyphText/FontText_5065.font.o
[AS ]	Fonts/build/GlyphText/FontText_5251.font.o
[AS ]	Fonts/build/GlyphText/FontText_6E10.font.o
[AS ]	Fonts/build/GlyphText/FontText_5EFA.font.o
[AS ]	Fonts/build/GlyphText/FontText_5C06.font.o
[AS ]	Fonts/build/GlyphText/FontText_5956.font.o
[AS ]	Fonts/build/GlyphText/FontText_8BB2.font.o
[AS ]	Fonts/build/GlyphText/FontText_964D.font.o
[AS ]	Fonts/build/GlyphText/FontText_7126.font.o
[AS ]	Fonts/build/GlyphText/FontText_4EA4.font.o
[AS ]	Fonts/build/GlyphText/FontText_90CA.font.o
[AS ]	Fonts/build/GlyphText/FontText_9A84.font.o
[AS ]	Fonts/build/GlyphText/FontText_5A07.font.o
[AS ]	Fonts/build/GlyphText/FontText_6405.font.o
[AS ]	Fonts/build/GlyphText/FontText_4FA5.font.o
[AS ]	Fonts/build/GlyphText/FontText_811A.font.o
[AS ]	Fonts/build/GlyphText/FontText_72E1.font.o
[AS ]	Fonts/build/GlyphText/FontText_89D2.font.o
[AS ]	Fonts/build/GlyphText/FontText_527F.font.o
[AS ]	Fonts/build/GlyphText/FontText_6559.font.o
[AS ]	Fonts/build/GlyphText/FontText_8F83.font.o
[AS ]	Fonts/build/GlyphText/FontText_53EB.font.o
[AS ]	Fonts/build/GlyphText/FontText_63A5.font.o
[AS ]	Fonts/build/GlyphText/FontText_7686.font.o
[AS ]	Fonts/build/GlyphText/FontText_9636.font.o
[AS ]	Fonts/build/GlyphText/FontText_52AB.font.o
[AS ]	Fonts/build/GlyphText/FontText_8282.font.o
[AS ]	Fonts/build/GlyphText/FontText_6770.font.o
[AS ]	Fonts/build/GlyphText/FontText_6377.font.o
[AS ]	Fonts/build/GlyphText/FontText_7AED.font.o
[AS ]	Fonts/build/GlyphText/FontText_6D01.font.o
[AS ]	Fonts/build/GlyphText/FontText_7ED3.font.o
[AS ]	Fonts/build/GlyphText/FontText_89E3.font.o
[AS ]	Fonts/build/GlyphText/FontText_59D0.font.o
[AS ]	Fonts/build/GlyphText/FontText_6212.font.o
[AS ]	Fonts/build/GlyphText/FontText_754C.font.o
[AS ]	Fonts/build/GlyphText/FontText_501F.font.o
[AS ]	Fonts/build/GlyphText/FontText_4ECB.font.o
[AS ]	Fonts/build/GlyphText/FontText_91D1.font.o
[AS ]	Fonts/build/GlyphText/FontText_4ECA.font.o
[AS ]	Fonts/build/GlyphText/FontText_6D25.font.o
[AS ]	Fonts/build/GlyphText/FontText_7D27.font.o
[AS ]	Fonts/build/GlyphText/FontText_4EC5.font.o
[AS ]	Fonts/build/GlyphText/FontText_8C28.font.o
[AS ]	Fonts/build/GlyphText/FontText_8FDB.font.o
[AS ]	Fonts/build/GlyphText/FontText_664B.font.o
[AS ]	Fonts/build/GlyphText/FontText_7981.font.o
[AS ]	Fonts/build/GlyphText/FontText_8FD1.font.o
[AS ]	Fonts/build/GlyphText/FontText_70EC.font.o
[AS ]	Fonts/build/GlyphText/FontText_6D78.font.o
[AS ]	Fonts/build/GlyphText/FontText_5C3D.font.o
[AS ]	Fonts/build/GlyphText/FontText_52B2.font.o
[AS ]	Fonts/build/GlyphText/FontText_775B.font.o
[AS ]	Fonts/build/GlyphText/FontText_60CA.font.o
[AS ]	Fonts/build/GlyphText/FontText_7CBE.font.o
[AS ]	Fonts/build/GlyphText/FontText_7ECF.font.o
[AS ]	Fonts/build/GlyphText/FontText_4E95.font.o
[AS ]	Fonts/build/GlyphText/FontText_8B66.font.o
[AS ]	Fonts/build/GlyphText/FontText_666F.font.o
[AS ]	Fonts/build/GlyphText/FontText_9759.font.o
[AS ]	Fonts/build/GlyphText/FontText_5883.font.o
[AS ]	Fonts/build/GlyphText/FontText_656C.font.o
[AS ]	Fonts/build/GlyphText/FontText_955C.font.o
[AS ]	Fonts/build/GlyphText/FontText_7ADF.font.o
[AS ]	Fonts/build/GlyphText/FontText_7ADE.font.o
[AS ]	Fonts/build/GlyphText/FontText_51C0.font.o
[AS ]	Fonts/build/GlyphText/FontText_63EA.font.o
[AS ]	Fonts/build/GlyphText/FontText_7A76.font.o
[AS ]	Fonts/build/GlyphText/FontText_7EA0.font.o
[AS ]	Fonts/build/GlyphText/FontText_4E45.font.o
[AS ]	Fonts/build/GlyphText/FontText_4E5D.font.o
[AS ]	Fonts/build/GlyphText/FontText_9152.font.o
[AS ]	Fonts/build/GlyphText/FontText_6551.font.o
[AS ]	Fonts/build/GlyphText/FontText_65E7.font.o
[AS ]	Fonts/build/GlyphText/FontText_8205.font.o
[AS ]	Fonts/build/GlyphText/FontText_5C31.font.o
[AS ]	Fonts/build/GlyphText/FontText_97A0.font.o
[AS ]	Fonts/build/GlyphText/FontText_62D8.font.o
[AS ]	Fonts/build/GlyphText/FontText_72D9.font.o
[AS ]	Fonts/build/GlyphText/FontText_5C45.font.o
[AS ]	Fonts/build/GlyphText/FontText_5C40.font.o
[AS ]	Fonts/build/GlyphText/FontText_77E9.font.o
[AS ]	Fonts/build/GlyphText/FontText_4E3E.font.o
[AS ]	Fonts/build/GlyphText/FontText_6CAE.font.o
[AS ]	Fonts/build/GlyphText/FontText_805A.font.o
[AS ]	Fonts/build/GlyphText/FontText_62D2.font.o
[AS ]	Fonts/build/GlyphText/FontText_636E.font.o
[AS ]	Fonts/build/GlyphText/FontText_5DE8.font.o
[AS ]	Fonts/build/GlyphText/FontText_5177.font.o
[AS ]	Fonts/build/GlyphText/FontText_8DDD.font.o
[AS ]	Fonts/build/GlyphText/FontText_8E1E.font.o
[AS ]	Fonts/build/GlyphText/FontText_53E5.font.o
[AS ]	Fonts/build/GlyphText/FontText_60E7.font.o
[AS ]	Fonts/build/GlyphText/FontText_5267.font.o
[AS ]	Fonts/build/GlyphText/FontText_5026.font.o
[AS ]	Fonts/build/GlyphText/FontText_7737.font.o
[AS ]	Fonts/build/GlyphText/FontText_5377.font.o
[AS ]	Fonts/build/GlyphText/FontText_7235.font.o
[AS ]	Fonts/build/GlyphText/FontText_89C9.font.o
[AS ]	Fonts/build/GlyphText/FontText_51B3.font.o
[AS ]	Fonts/build/GlyphText/FontText_8BC0.font.o
[AS ]	Fonts/build/GlyphText/FontText_7EDD.font.o
[AS ]	Fonts/build/GlyphText/FontText_5747.font.o
[AS ]	Fonts/build/GlyphText/FontText_519B.font.o
[AS ]	Fonts/build/GlyphText/FontText_541B.font.o
[AS ]	Fonts/build/GlyphText/FontText_5CFB.font.o
[AS ]	Fonts/build/GlyphText/FontText_4FCA.font.o
[AS ]	Fonts/build/GlyphText/FontText_5361.font.o
[AS ]	Fonts/build/GlyphText/FontText_54AF.font.o
[AS ]	Fonts/build/GlyphText/FontText_5F00.font.o
[AS ]	Fonts/build/GlyphText/FontText_6977.font.o
[AS ]	Fonts/build/GlyphText/FontText_51EF.font.o
[AS ]	Fonts/build/GlyphText/FontText_6168.font.o
[AS ]	Fonts/build/GlyphText/FontText_582A.font.o
[AS ]	Fonts/build/GlyphText/FontText_574E.font.o
[AS ]	Fonts/build/GlyphText/FontText_780D.font.o
[AS ]	Fonts/build/GlyphText/FontText_770B.font.o
[AS ]	Fonts/build/GlyphText/FontText_5EB7.font.o
[AS ]	Fonts/build/GlyphText/FontText_6297.font.o
[AS ]	Fonts/build/GlyphText/FontText_8003.font.o
[AS ]	Fonts/build/GlyphText/FontText_62F7.font.o
[AS ]	Fonts/build/GlyphText/FontText_9760.font.o
[AS ]	Fonts/build/GlyphText/FontText_67EF.font.o
[AS ]	Fonts/build/GlyphText/FontText_68F5.font.o
[AS ]	Fonts/build/GlyphText/FontText_78D5.font.o
[AS ]	Fonts/build/GlyphText/FontText_9897.font.o
[AS ]	Fonts/build/GlyphText/FontText_79D1.font.o
[AS ]	Fonts/build/GlyphText/FontText_54B3.font.o
[AS ]	Fonts/build/GlyphText/FontText_53EF.font.o
[AS ]	Fonts/build/GlyphText/FontText_523B.font.o
[AS ]	Fonts/build/GlyphText/FontText_514B.font.o
[AS ]	Fonts/build/GlyphText/FontText_5BA2.font.o
[AS ]	Fonts/build/GlyphText/FontText_8BFE.font.o
[AS ]	Fonts/build/GlyphText/FontText_80AF.font.o
[AS ]	Fonts/build/GlyphText/FontText_5543.font.o
[AS ]	Fonts/build/GlyphText/FontText_57A6.font.o
[AS ]	Fonts/build/GlyphText/FontText_6073.font.o
[AS ]	Fonts/build/GlyphText/FontText_5751.font.o
[AS ]	Fonts/build/GlyphText/FontText_7A7A.font.o
[AS ]	Fonts/build/GlyphText/FontText_6050.font.o
[AS ]	Fonts/build/GlyphText/FontText_5B54.font.o
[AS ]	Fonts/build/GlyphText/FontText_63A7.font.o
[AS ]	Fonts/build/GlyphText/FontText_53E3.font.o
[AS ]	Fonts/build/GlyphText/FontText_6263.font.o
[AS ]	Fonts/build/GlyphText/FontText_67AF.font.o
[AS ]	Fonts/build/GlyphText/FontText_54ED.font.o
[AS ]	Fonts/build/GlyphText/FontText_7A9F.font.o
[AS ]	Fonts/build/GlyphText/FontText_82E6.font.o
[AS ]	Fonts/build/GlyphText/FontText_9177.font.o
[AS ]	Fonts/build/GlyphText/FontText_5E93.font.o
[AS ]	Fonts/build/GlyphText/FontText_5938.font.o
[AS ]	Fonts/build/GlyphText/FontText_5FEB.font.o
[AS ]	Fonts/build/GlyphText/FontText_5757.font.o
[AS ]	Fonts/build/GlyphText/FontText_5BBD.font.o
[AS ]	Fonts/build/GlyphText/FontText_72C2.font.o
[AS ]	Fonts/build/GlyphText/FontText_77FF.font.o
[AS ]	Fonts/build/GlyphText/FontText_51B5.font.o
[AS ]	Fonts/build/GlyphText/FontText_4E8F.font.o
[AS ]	Fonts/build/GlyphText/FontText_76D4.font.o
[AS ]	Fonts/build/GlyphText/FontText_7AA5.font.o
[AS ]	Fonts/build/GlyphText/FontText_9B41.font.o
[AS ]	Fonts/build/GlyphText/FontText_5080.font.o
[AS ]	Fonts/build/GlyphText/FontText_6127.font.o
[AS ]	Fonts/build/GlyphText/FontText_6E83.font.o
[AS ]	Fonts/build/GlyphText/FontText_56F0.font.o
[AS ]	Fonts/build/GlyphText/FontText_62EC.font.o
[AS ]	Fonts/build/GlyphText/FontText_6269.font.o
[AS ]	Fonts/build/GlyphText/FontText_5783.font.o
[AS ]	Fonts/build/GlyphText/FontText_9614.font.o
[AS ]	Fonts/build/GlyphText/FontText_62C9.font.o
[AS ]	Fonts/build/GlyphText/FontText_5566.font.o
[AS ]	Fonts/build/GlyphText/FontText_83B1.font.o
[AS ]	Fonts/build/GlyphText/FontText_6765.font.o
[AS ]	Fonts/build/GlyphText/FontText_8D56.font.o
[AS ]	Fonts/build/GlyphText/FontText_84DD.font.o
[AS ]	Fonts/build/GlyphText/FontText_7BEE.font.o
[AS ]	Fonts/build/GlyphText/FontText_680F.font.o
[AS ]	Fonts/build/GlyphText/FontText_5170.font.o
[AS ]	Fonts/build/GlyphText/FontText_89C8.font.o
[AS ]	Fonts/build/GlyphText/FontText_61D2.font.o
[AS ]	Fonts/build/GlyphText/FontText_7F06.font.o
[AS ]	Fonts/build/GlyphText/FontText_70C2.font.o
[AS ]	Fonts/build/GlyphText/FontText_6EE5.font.o
[AS ]	Fonts/build/GlyphText/FontText_72FC.font.o
[AS ]	Fonts/build/GlyphText/FontText_90CE.font.o
[AS ]	Fonts/build/GlyphText/FontText_6717.font.o
[AS ]	Fonts/build/GlyphText/FontText_6D6A.font.o
[AS ]	Fonts/build/GlyphText/FontText_52B3.font.o
[AS ]	Fonts/build/GlyphText/FontText_7262.font.o
[AS ]	Fonts/build/GlyphText/FontText_8001.font.o
[AS ]	Fonts/build/GlyphText/FontText_4E50.font.o
[AS ]	Fonts/build/GlyphText/FontText_96F7.font.o
[AS ]	Fonts/build/GlyphText/FontText_857E.font.o
[AS ]	Fonts/build/GlyphText/FontText_7D2F.font.o
[AS ]	Fonts/build/GlyphText/FontText_5121.font.o
[AS ]	Fonts/build/GlyphText/FontText_5792.font.o
[AS ]	Fonts/build/GlyphText/FontText_7C7B.font.o
[AS ]	Fonts/build/GlyphText/FontText_6CEA.font.o
[AS ]	Fonts/build/GlyphText/FontText_695E.font.o
[AS ]	Fonts/build/GlyphText/FontText_51B7.font.o
[AS ]	Fonts/build/GlyphText/FontText_79BB.font.o
[AS ]	Fonts/build/GlyphText/FontText_7406.font.o
[AS ]	Fonts/build/GlyphText/FontText_91CC.font.o
[AS ]	Fonts/build/GlyphText/FontText_793C.font.o
[AS ]	Fonts/build/GlyphText/FontText_8389.font.o
[AS ]	Fonts/build/GlyphText/FontText_540F.font.o
[AS ]	Fonts/build/GlyphText/FontText_4E3D.font.o
[AS ]	Fonts/build/GlyphText/FontText_5389.font.o
[AS ]	Fonts/build/GlyphText/FontText_52B1.font.o
[AS ]	Fonts/build/GlyphText/FontText_5386.font.o
[AS ]	Fonts/build/GlyphText/FontText_5229.font.o
[AS ]	Fonts/build/GlyphText/FontText_4F8B.font.o
[AS ]	Fonts/build/GlyphText/FontText_7ACB.font.o
[AS ]	Fonts/build/GlyphText/FontText_96B6.font.o
[AS ]	Fonts/build/GlyphText/FontText_529B.font.o
[AS ]	Fonts/build/GlyphText/FontText_54E9.font.o
[AS ]	Fonts/build/GlyphText/FontText_4FE9.font.o
[AS ]	Fonts/build/GlyphText/FontText_8054.font.o
[AS ]	Fonts/build/GlyphText/FontText_83B2.font.o
[AS ]	Fonts/build/GlyphText/FontText_8FDE.font.o
[AS ]	Fonts/build/GlyphText/FontText_601C.font.o
[AS ]	Fonts/build/GlyphText/FontText_8138.font.o
[AS ]	Fonts/build/GlyphText/FontText_94FE.font.o
[AS ]	Fonts/build/GlyphText/FontText_604B.font.o
[AS ]	Fonts/build/GlyphText/FontText_70BC.font.o
[AS ]	Fonts/build/GlyphText/FontText_7EC3.font.o
[AS ]	Fonts/build/GlyphText/FontText_7CAE.font.o
[AS ]	Fonts/build/GlyphText/FontText_51C9.font.o
[AS ]	Fonts/build/GlyphText/FontText_826F.font.o
[AS ]	Fonts/build/GlyphText/FontText_4E24.font.o
[AS ]	Fonts/build/GlyphText/FontText_91CF.font.o
[AS ]	Fonts/build/GlyphText/FontText_4EAE.font.o
[AS ]	Fonts/build/GlyphText/FontText_8C05.font.o
[AS ]	Fonts/build/GlyphText/FontText_804A.font.o
[AS ]	Fonts/build/GlyphText/FontText_7597.font.o
[AS ]	Fonts/build/GlyphText/FontText_4E86.font.o
[AS ]	Fonts/build/GlyphText/FontText_6599.font.o
[AS ]	Fonts/build/GlyphText/FontText_5217.font.o
[AS ]	Fonts/build/GlyphText/FontText_88C2.font.o
[AS ]	Fonts/build/GlyphText/FontText_70C8.font.o
[AS ]	Fonts/build/GlyphText/FontText_52A3.font.o
[AS ]	Fonts/build/GlyphText/FontText_730E.font.o
[AS ]	Fonts/build/GlyphText/FontText_6797.font.o
[AS ]	Fonts/build/GlyphText/FontText_4E34.font.o
[AS ]	Fonts/build/GlyphText/FontText_90BB.font.o
[AS ]	Fonts/build/GlyphText/FontText_9CDE.font.o
[AS ]	Fonts/build/GlyphText/FontText_51DB.font.o
[AS ]	Fonts/build/GlyphText/FontText_96F6.font.o
[AS ]	Fonts/build/GlyphText/FontText_9F84.font.o
[AS ]	Fonts/build/GlyphText/FontText_51CC.font.o
[AS ]	Fonts/build/GlyphText/FontText_7075.font.o
[AS ]	Fonts/build/GlyphText/FontText_9886.font.o
[AS ]	Fonts/build/GlyphText/FontText_53E6.font.o
[AS ]	Fonts/build/GlyphText/FontText_4EE4.font.o
[AS ]	Fonts/build/GlyphText/FontText_6E9C.font.o
[AS ]	Fonts/build/GlyphText/FontText_7559.font.o
[AS ]	Fonts/build/GlyphText/FontText_6D41.font.o
[AS ]	Fonts/build/GlyphText/FontText_516D.font.o
[AS ]	Fonts/build/GlyphText/FontText_804B.font.o
[AS ]	Fonts/build/GlyphText/FontText_9F99.font.o
[AS ]	Fonts/build/GlyphText/FontText_7B3C.font.o
[AS ]	Fonts/build/GlyphText/FontText_9686.font.o
[AS ]	Fonts/build/GlyphText/FontText_697C.font.o
[AS ]	Fonts/build/GlyphText/FontText_6F0F.font.o
[AS ]	Fonts/build/GlyphText/FontText_964B.font.o
[AS ]	Fonts/build/GlyphText/FontText_5362.font.o
[AS ]	Fonts/build/GlyphText/FontText_864F.font.o
[AS ]	Fonts/build/GlyphText/FontText_9C81.font.o
[AS ]	Fonts/build/GlyphText/FontText_9732.font.o
[AS ]	Fonts/build/GlyphText/FontText_8DEF.font.o
[AS ]	Fonts/build/GlyphText/FontText_9E7F.font.o
[AS ]	Fonts/build/GlyphText/FontText_8D42.font.o
[AS ]	Fonts/build/GlyphText/FontText_5F55.font.o
[AS ]	Fonts/build/GlyphText/FontText_9646.font.o
[AS ]	Fonts/build/GlyphText/FontText_4FA3.font.o
[AS ]	Fonts/build/GlyphText/FontText_5C61.font.o
[AS ]	Fonts/build/GlyphText/FontText_65C5.font.o
[AS ]	Fonts/build/GlyphText/FontText_8651.font.o
[AS ]	Fonts/build/GlyphText/FontText_5F8B.font.o
[AS ]	Fonts/build/GlyphText/FontText_7387.font.o
[AS ]	Fonts/build/GlyphText/FontText_7EFF.font.o
[AS ]	Fonts/build/GlyphText/FontText_4E71.font.o
[AS ]	Fonts/build/GlyphText/FontText_7565.font.o
[AS ]	Fonts/build/GlyphText/FontText_8F6E.font.o
[AS ]	Fonts/build/GlyphText/FontText_4F26.font.o
[AS ]	Fonts/build/GlyphText/FontText_6CA6.font.o
[AS ]	Fonts/build/GlyphText/FontText_8BBA.font.o
[AS ]	Fonts/build/GlyphText/FontText_7F57.font.o
[AS ]	Fonts/build/GlyphText/FontText_843D.font.o
[AS ]	Fonts/build/GlyphText/FontText_6D1B.font.o
[AS ]	Fonts/build/GlyphText/FontText_7EDC.font.o
[AS ]	Fonts/build/GlyphText/FontText_5988.font.o
[AS ]	Fonts/build/GlyphText/FontText_9EBB.font.o
[AS ]	Fonts/build/GlyphText/FontText_739B.font.o
[AS ]	Fonts/build/GlyphText/FontText_7801.font.o
[AS ]	Fonts/build/GlyphText/FontText_9A6C.font.o
[AS ]	Fonts/build/GlyphText/FontText_9A82.font.o
[AS ]	Fonts/build/GlyphText/FontText_561B.font.o
[AS ]	Fonts/build/GlyphText/FontText_5417.font.o
[AS ]	Fonts/build/GlyphText/FontText_57CB.font.o
[AS ]	Fonts/build/GlyphText/FontText_4E70.font.o
[AS ]	Fonts/build/GlyphText/FontText_5356.font.o
[AS ]	Fonts/build/GlyphText/FontText_8FC8.font.o
[AS ]	Fonts/build/GlyphText/FontText_8109.font.o
[AS ]	Fonts/build/GlyphText/FontText_7792.font.o
[AS ]	Fonts/build/GlyphText/FontText_86EE.font.o
[AS ]	Fonts/build/GlyphText/FontText_6EE1.font.o
[AS ]	Fonts/build/GlyphText/FontText_6162.font.o
[AS ]	Fonts/build/GlyphText/FontText_8513.font.o
[AS ]	Fonts/build/GlyphText/FontText_6F2B.font.o
[AS ]	Fonts/build/GlyphText/FontText_8292.font.o
[AS ]	Fonts/build/GlyphText/FontText_832B.font.o
[AS ]	Fonts/build/GlyphText/FontText_76F2.font.o
[AS ]	Fonts/build/GlyphText/FontText_6C13.font.o
[AS ]	Fonts/build/GlyphText/FontText_5FD9.font.o
[AS ]	Fonts/build/GlyphText/FontText_83BD.font.o
[AS ]	Fonts/build/GlyphText/FontText_8305.font.o
[AS ]	Fonts/build/GlyphText/FontText_732B.font.o
[AS ]	Fonts/build/GlyphText/FontText_6BDB.font.o
[AS ]	Fonts/build/GlyphText/FontText_8302.font.o
[AS ]	Fonts/build/GlyphText/FontText_5192.font.o
[AS ]	Fonts/build/GlyphText/FontText_8C8C.font.o
[AS ]	Fonts/build/GlyphText/FontText_4E48.font.o
[AS ]	Fonts/build/GlyphText/FontText_6885.font.o
[AS ]	Fonts/build/GlyphText/FontText_9709.font.o
[AS ]	Fonts/build/GlyphText/FontText_6CA1.font.o
[AS ]	Fonts/build/GlyphText/FontText_7709.font.o
[AS ]	Fonts/build/GlyphText/FontText_6BCF.font.o
[AS ]	Fonts/build/GlyphText/FontText_7F8E.font.o
[AS ]	Fonts/build/GlyphText/FontText_6627.font.o
[AS ]	Fonts/build/GlyphText/FontText_59B9.font.o
[AS ]	Fonts/build/GlyphText/FontText_5A9A.font.o
[AS ]	Fonts/build/GlyphText/FontText_95E8.font.o
[AS ]	Fonts/build/GlyphText/FontText_95F7.font.o
[AS ]	Fonts/build/GlyphText/FontText_4EEC.font.o
[AS ]	Fonts/build/GlyphText/FontText_8499.font.o
[AS ]	Fonts/build/GlyphText/FontText_76DF.font.o
[AS ]	Fonts/build/GlyphText/FontText_731B.font.o
[AS ]	Fonts/build/GlyphText/FontText_68A6.font.o
[AS ]	Fonts/build/GlyphText/FontText_8C1C.font.o
[AS ]	Fonts/build/GlyphText/FontText_8FF7.font.o
[AS ]	Fonts/build/GlyphText/FontText_5F25.font.o
[AS ]	Fonts/build/GlyphText/FontText_7C73.font.o
[AS ]	Fonts/build/GlyphText/FontText_79D8.font.o
[AS ]	Fonts/build/GlyphText/FontText_5BC6.font.o
[AS ]	Fonts/build/GlyphText/FontText_7720.font.o
[AS ]	Fonts/build/GlyphText/FontText_514D.font.o
[AS ]	Fonts/build/GlyphText/FontText_5195.font.o
[AS ]	Fonts/build/GlyphText/FontText_52C9.font.o
[AS ]	Fonts/build/GlyphText/FontText_9762.font.o
[AS ]	Fonts/build/GlyphText/FontText_82D7.font.o
[AS ]	Fonts/build/GlyphText/FontText_63CF.font.o
[AS ]	Fonts/build/GlyphText/FontText_7784.font.o
[AS ]	Fonts/build/GlyphText/FontText_6E3A.font.o
[AS ]	Fonts/build/GlyphText/FontText_5999.font.o
[AS ]	Fonts/build/GlyphText/FontText_706D.font.o
[AS ]	Fonts/build/GlyphText/FontText_6C11.font.o
[AS ]	Fonts/build/GlyphText/FontText_654F.font.o
[AS ]	Fonts/build/GlyphText/FontText_660E.font.o
[AS ]	Fonts/build/GlyphText/FontText_540D.font.o
[AS ]	Fonts/build/GlyphText/FontText_547D.font.o
[AS ]	Fonts/build/GlyphText/FontText_8C2C.font.o
[AS ]	Fonts/build/GlyphText/FontText_6478.font.o
[AS ]	Fonts/build/GlyphText/FontText_6A21.font.o
[AS ]	Fonts/build/GlyphText/FontText_78E8.font.o
[AS ]	Fonts/build/GlyphText/FontText_9B54.font.o
[AS ]	Fonts/build/GlyphText/FontText_62B9.font.o
[AS ]	Fonts/build/GlyphText/FontText_672B.font.o
[AS ]	Fonts/build/GlyphText/FontText_83AB.font.o
[AS ]	Fonts/build/GlyphText/FontText_9ED8.font.o
[AS ]	Fonts/build/GlyphText/FontText_6F20.font.o
[AS ]	Fonts/build/GlyphText/FontText_5BDE.font.o
[AS ]	Fonts/build/GlyphText/FontText_964C.font.o
[AS ]	Fonts/build/GlyphText/FontText_8C0B.font.o
[AS ]	Fonts/build/GlyphText/FontText_67D0.font.o
[AS ]	Fonts/build/GlyphText/FontText_59C6.font.o
[AS ]	Fonts/build/GlyphText/FontText_6BCD.font.o
[AS ]	Fonts/build/GlyphText/FontText_5E55.font.o
[AS ]	Fonts/build/GlyphText/FontText_6155.font.o
[AS ]	Fonts/build/GlyphText/FontText_6728.font.o
[AS ]	Fonts/build/GlyphText/FontText_76EE.font.o
[AS ]	Fonts/build/GlyphText/FontText_7766.font.o
[AS ]	Fonts/build/GlyphText/FontText_7267.font.o
[AS ]	Fonts/build/GlyphText/FontText_7A46.font.o
[AS ]	Fonts/build/GlyphText/FontText_62FF.font.o
[AS ]	Fonts/build/GlyphText/FontText_54EA.font.o
[AS ]	Fonts/build/GlyphText/FontText_94A0.font.o
[AS ]	Fonts/build/GlyphText/FontText_90A3.font.o
[AS ]	Fonts/build/GlyphText/FontText_5A1C.font.o
[AS ]	Fonts/build/GlyphText/FontText_7EB3.font.o
[AS ]	Fonts/build/GlyphText/FontText_5976.font.o
[AS ]	Fonts/build/GlyphText/FontText_8010.font.o
[AS ]	Fonts/build/GlyphText/FontText_5948.font.o
[AS ]	Fonts/build/GlyphText/FontText_5357.font.o
[AS ]	Fonts/build/GlyphText/FontText_7537.font.o
[AS ]	Fonts/build/GlyphText/FontText_96BE.font.o
[AS ]	Fonts/build/GlyphText/FontText_6320.font.o
[AS ]	Fonts/build/GlyphText/FontText_8111.font.o
[AS ]	Fonts/build/GlyphText/FontText_607C.font.o
[AS ]	Fonts/build/GlyphText/FontText_95F9.font.o
[AS ]	Fonts/build/GlyphText/FontText_5462.font.o
[AS ]	Fonts/build/GlyphText/FontText_5185.font.o
[AS ]	Fonts/build/GlyphText/FontText_5AE9.font.o
[AS ]	Fonts/build/GlyphText/FontText_80FD.font.o
[AS ]	Fonts/build/GlyphText/FontText_6CE5.font.o
[AS ]	Fonts/build/GlyphText/FontText_59AE.font.o
[AS ]	Fonts/build/GlyphText/FontText_5C3C.font.o
[AS ]	Fonts/build/GlyphText/FontText_4F60.font.o
[AS ]	Fonts/build/GlyphText/FontText_5E74.font.o
[AS ]	Fonts/build/GlyphText/FontText_5FF5.font.o
[AS ]	Fonts/build/GlyphText/FontText_5A18.font.o
[AS ]	Fonts/build/GlyphText/FontText_9E1F.font.o
[AS ]	Fonts/build/GlyphText/FontText_60A8.font.o
[AS ]	Fonts/build/GlyphText/FontText_51DD.font.o
[AS ]	Fonts/build/GlyphText/FontText_5B81.font.o
[AS ]	Fonts/build/GlyphText/FontText_725B.font.o
[AS ]	Fonts/build/GlyphText/FontText_626D.font.o
[AS ]	Fonts/build/GlyphText/FontText_6D53.font.o
[AS ]	Fonts/build/GlyphText/FontText_519C.font.o
[AS ]	Fonts/build/GlyphText/FontText_5F04.font.o
[AS ]	Fonts/build/GlyphText/FontText_5974.font.o
[AS ]	Fonts/build/GlyphText/FontText_52AA.font.o
[AS ]	Fonts/build/GlyphText/FontText_6012.font.o
[AS ]	Fonts/build/GlyphText/FontText_5973.font.o
[AS ]	Fonts/build/GlyphText/FontText_6696.font.o
[AS ]	Fonts/build/GlyphText/FontText_8650.font.o
[AS ]	Fonts/build/GlyphText/FontText_61E6.font.o
[AS ]	Fonts/build/GlyphText/FontText_8BFA.font.o
[AS ]	Fonts/build/GlyphText/FontText_54E6.font.o
[AS ]	Fonts/build/GlyphText/FontText_5076.font.o
[AS ]	Fonts/build/GlyphText/FontText_722C.font.o
[AS ]	Fonts/build/GlyphText/FontText_6015.font.o
[AS ]	Fonts/build/GlyphText/FontText_62CD.font.o
[AS ]	Fonts/build/GlyphText/FontText_6392.font.o
[AS ]	Fonts/build/GlyphText/FontText_724C.font.o
[AS ]	Fonts/build/GlyphText/FontText_5F98.font.o
[AS ]	Fonts/build/GlyphText/FontText_6D3E.font.o
[AS ]	Fonts/build/GlyphText/FontText_6F58.font.o
[AS ]	Fonts/build/GlyphText/FontText_76D8.font.o
[AS ]	Fonts/build/GlyphText/FontText_78D0.font.o
[AS ]	Fonts/build/GlyphText/FontText_76FC.font.o
[AS ]	Fonts/build/GlyphText/FontText_5224.font.o
[AS ]	Fonts/build/GlyphText/FontText_53DB.font.o
[AS ]	Fonts/build/GlyphText/FontText_5E9E.font.o
[AS ]	Fonts/build/GlyphText/FontText_65C1.font.o
[AS ]	Fonts/build/GlyphText/FontText_80D6.font.o
[AS ]	Fonts/build/GlyphText/FontText_629B.font.o
[AS ]	Fonts/build/GlyphText/FontText_888D.font.o
[AS ]	Fonts/build/GlyphText/FontText_8DD1.font.o
[AS ]	Fonts/build/GlyphText/FontText_6CE1.font.o
[AS ]	Fonts/build/GlyphText/FontText_5478.font.o
[AS ]	Fonts/build/GlyphText/FontText_57F9.font.o
[AS ]	Fonts/build/GlyphText/FontText_8D54.font.o
[AS ]	Fonts/build/GlyphText/FontText_966A.font.o
[AS ]	Fonts/build/GlyphText/FontText_914D.font.o
[AS ]	Fonts/build/GlyphText/FontText_4F69.font.o
[AS ]	Fonts/build/GlyphText/FontText_55B7.font.o
[AS ]	Fonts/build/GlyphText/FontText_84EC.font.o
[AS ]	Fonts/build/GlyphText/FontText_670B.font.o
[AS ]	Fonts/build/GlyphText/FontText_78B0.font.o
[AS ]	Fonts/build/GlyphText/FontText_6279.font.o
[AS ]	Fonts/build/GlyphText/FontText_813E.font.o
[AS ]	Fonts/build/GlyphText/FontText_75B2.font.o
[AS ]	Fonts/build/GlyphText/FontText_76AE.font.o
[AS ]	Fonts/build/GlyphText/FontText_5339.font.o
[AS ]	Fonts/build/GlyphText/FontText_50FB.font.o
[AS ]	Fonts/build/GlyphText/FontText_5C41.font.o
[AS ]	Fonts/build/GlyphText/FontText_504F.font.o
[AS ]	Fonts/build/GlyphText/FontText_7247.font.o
[AS ]	Fonts/build/GlyphText/FontText_9A97.font.o
[AS ]	Fonts/build/GlyphText/FontText_98D8.font.o
[AS ]	Fonts/build/GlyphText/FontText_6F02.font.o
[AS ]	Fonts/build/GlyphText/FontText_62FC.font.o
[AS ]	Fonts/build/GlyphText/FontText_9891.font.o
[AS ]	Fonts/build/GlyphText/FontText_8D2B.font.o
[AS ]	Fonts/build/GlyphText/FontText_5E73.font.o
[AS ]	Fonts/build/GlyphText/FontText_54C1.font.o
[AS ]	Fonts/build/GlyphText/FontText_51ED.font.o
[AS ]	Fonts/build/GlyphText/FontText_8BC4.font.o
[AS ]	Fonts/build/GlyphText/FontText_5C4F.font.o
[AS ]	Fonts/build/GlyphText/FontText_6CFC.font.o
[AS ]	Fonts/build/GlyphText/FontText_5A46.font.o
[AS ]	Fonts/build/GlyphText/FontText_7834.font.o
[AS ]	Fonts/build/GlyphText/FontText_8FEB.font.o
[AS ]	Fonts/build/GlyphText/FontText_9B44.font.o
[AS ]	Fonts/build/GlyphText/FontText_4EC6.font.o
[AS ]	Fonts/build/GlyphText/FontText_6734.font.o
[AS ]	Fonts/build/GlyphText/FontText_666E.font.o
[AS ]	Fonts/build/GlyphText/FontText_671F.font.o
[AS ]	Fonts/build/GlyphText/FontText_6B3A.font.o
[AS ]	Fonts/build/GlyphText/FontText_59BB.font.o
[AS ]	Fonts/build/GlyphText/FontText_4E03.font.o
[AS ]	Fonts/build/GlyphText/FontText_6F06.font.o
[AS ]	Fonts/build/GlyphText/FontText_5176.font.o
[AS ]	Fonts/build/GlyphText/FontText_68CB.font.o
[AS ]	Fonts/build/GlyphText/FontText_5947.font.o
[AS ]	Fonts/build/GlyphText/FontText_9F50.font.o
[AS ]	Fonts/build/GlyphText/FontText_7948.font.o
[AS ]	Fonts/build/GlyphText/FontText_9A91.font.o
[AS ]	Fonts/build/GlyphText/FontText_8D77.font.o
[AS ]	Fonts/build/GlyphText/FontText_5C82.font.o
[AS ]	Fonts/build/GlyphText/FontText_4E5E.font.o
[AS ]	Fonts/build/GlyphText/FontText_542F.font.o
[AS ]	Fonts/build/GlyphText/FontText_5951.font.o
[AS ]	Fonts/build/GlyphText/FontText_5668.font.o
[AS ]	Fonts/build/GlyphText/FontText_6C14.font.o
[AS ]	Fonts/build/GlyphText/FontText_6CE3.font.o
[AS ]	Fonts/build/GlyphText/FontText_5F03.font.o
[AS ]	Fonts/build/GlyphText/FontText_6390.font.o
[AS ]	Fonts/build/GlyphText/FontText_7275.font.o
[AS ]	Fonts/build/GlyphText/FontText_5343.font.o
[AS ]	Fonts/build/GlyphText/FontText_8FC1.font.o
[AS ]	Fonts/build/GlyphText/FontText_7B7E.font.o
[AS ]	Fonts/build/GlyphText/FontText_94B1.font.o
[AS ]	Fonts/build/GlyphText/FontText_8C26.font.o
[AS ]	Fonts/build/GlyphText/FontText_524D.font.o
[AS ]	Fonts/build/GlyphText/FontText_9063.font.o
[AS ]	Fonts/build/GlyphText/FontText_6F5C.font.o
[AS ]	Fonts/build/GlyphText/FontText_5D4C.font.o
[AS ]	Fonts/build/GlyphText/FontText_6D45.font.o
[AS ]	Fonts/build/GlyphText/FontText_6B20.font.o
[AS ]	Fonts/build/GlyphText/FontText_6B49.font.o
[AS ]	Fonts/build/GlyphText/FontText_67AA.font.o
[AS ]	Fonts/build/GlyphText/FontText_8154.font.o
[AS ]	Fonts/build/GlyphText/FontText_5899.font.o
[AS ]	Fonts/build/GlyphText/FontText_5F3A.font.o
[AS ]	Fonts/build/GlyphText/FontText_62A2.font.o
[AS ]	Fonts/build/GlyphText/FontText_6572.font.o
[AS ]	Fonts/build/GlyphText/FontText_6865.font.o
[AS ]	Fonts/build/GlyphText/FontText_6084.font.o
[AS ]	Fonts/build/GlyphText/FontText_77A7.font.o
[AS ]	Fonts/build/GlyphText/FontText_5DE7.font.o
[AS ]	Fonts/build/GlyphText/FontText_7FD8.font.o
[AS ]	Fonts/build/GlyphText/FontText_7A8D.font.o
[AS ]	Fonts/build/GlyphText/FontText_5207.font.o
[AS ]	Fonts/build/GlyphText/FontText_4E14.font.o
[AS ]	Fonts/build/GlyphText/FontText_602F.font.o
[AS ]	Fonts/build/GlyphText/FontText_4FB5.font.o
[AS ]	Fonts/build/GlyphText/FontText_4EB2.font.o
[AS ]	Fonts/build/GlyphText/FontText_52E4.font.o
[AS ]	Fonts/build/GlyphText/FontText_9752.font.o
[AS ]	Fonts/build/GlyphText/FontText_8F7B.font.o
[AS ]	Fonts/build/GlyphText/FontText_503E.font.o
[AS ]	Fonts/build/GlyphText/FontText_537F.font.o
[AS ]	Fonts/build/GlyphText/FontText_6E05.font.o
[AS ]	Fonts/build/GlyphText/FontText_6674.font.o
[AS ]	Fonts/build/GlyphText/FontText_60C5.font.o
[AS ]	Fonts/build/GlyphText/FontText_8BF7.font.o
[AS ]	Fonts/build/GlyphText/FontText_5E86.font.o
[AS ]	Fonts/build/GlyphText/FontText_7A77.font.o
[AS ]	Fonts/build/GlyphText/FontText_6C42.font.o
[AS ]	Fonts/build/GlyphText/FontText_56DA.font.o
[AS ]	Fonts/build/GlyphText/FontText_533A.font.o
[AS ]	Fonts/build/GlyphText/FontText_66F2.font.o
[AS ]	Fonts/build/GlyphText/FontText_5C48.font.o
[AS ]	Fonts/build/GlyphText/FontText_9A71.font.o
[AS ]	Fonts/build/GlyphText/FontText_53D6.font.o
[AS ]	Fonts/build/GlyphText/FontText_5A36.font.o
[AS ]	Fonts/build/GlyphText/FontText_8DA3.font.o
[AS ]	Fonts/build/GlyphText/FontText_53BB.font.o
[AS ]	Fonts/build/GlyphText/FontText_5708.font.o
[AS ]	Fonts/build/GlyphText/FontText_6743.font.o
[AS ]	Fonts/build/GlyphText/FontText_5168.font.o
[AS ]	Fonts/build/GlyphText/FontText_75CA.font.o
[AS ]	Fonts/build/GlyphText/FontText_5238.font.o
[AS ]	Fonts/build/GlyphText/FontText_62F3.font.o
[AS ]	Fonts/build/GlyphText/FontText_529D.font.o
[AS ]	Fonts/build/GlyphText/FontText_7F3A.font.o
[AS ]	Fonts/build/GlyphText/FontText_5374.font.o
[AS ]	Fonts/build/GlyphText/FontText_786E.font.o
[AS ]	Fonts/build/GlyphText/FontText_7FA4.font.o
[AS ]	Fonts/build/GlyphText/FontText_7136.font.o
[AS ]	Fonts/build/GlyphText/FontText_71C3.font.o
[AS ]	Fonts/build/GlyphText/FontText_56B7.font.o
[AS ]	Fonts/build/GlyphText/FontText_8BA9.font.o
[AS ]	Fonts/build/GlyphText/FontText_9976.font.o
[AS ]	Fonts/build/GlyphText/FontText_6270.font.o
[AS ]	Fonts/build/GlyphText/FontText_7ED5.font.o
[AS ]	Fonts/build/GlyphText/FontText_60F9.font.o
[AS ]	Fonts/build/GlyphText/FontText_70ED.font.o
[AS ]	Fonts/build/GlyphText/FontText_4EC1.font.o
[AS ]	Fonts/build/GlyphText/FontText_4EBA.font.o
[AS ]	Fonts/build/GlyphText/FontText_5FCD.font.o
[AS ]	Fonts/build/GlyphText/FontText_97E7.font.o
[AS ]	Fonts/build/GlyphText/FontText_4EFB.font.o
[AS ]	Fonts/build/GlyphText/FontText_8BA4.font.o
[AS ]	Fonts/build/GlyphText/FontText_5203.font.o
[AS ]	Fonts/build/GlyphText/FontText_6254.font.o
[AS ]	Fonts/build/GlyphText/FontText_4ECD.font.o
[AS ]	Fonts/build/GlyphText/FontText_65E5.font.o
[AS ]	Fonts/build/GlyphText/FontText_620E.font.o
[AS ]	Fonts/build/GlyphText/FontText_8363.font.o
[AS ]	Fonts/build/GlyphText/FontText_878D.font.o
[AS ]	Fonts/build/GlyphText/FontText_7194.font.o
[AS ]	Fonts/build/GlyphText/FontText_5BB9.font.o
[AS ]	Fonts/build/GlyphText/FontText_67D4.font.o
[AS ]	Fonts/build/GlyphText/FontText_8089.font.o
[AS ]	Fonts/build/GlyphText/FontText_5982.font.o
[AS ]	Fonts/build/GlyphText/FontText_8FB1.font.o
[AS ]	Fonts/build/GlyphText/FontText_4E73.font.o
[AS ]	Fonts/build/GlyphText/FontText_5165.font.o
[AS ]	Fonts/build/GlyphText/FontText_8F6F.font.o
[AS ]	Fonts/build/GlyphText/FontText_745E.font.o
[AS ]	Fonts/build/GlyphText/FontText_9510.font.o
[AS ]	Fonts/build/GlyphText/FontText_82E5.font.o
[AS ]	Fonts/build/GlyphText/FontText_5F31.font.o
[AS ]	Fonts/build/GlyphText/FontText_6492.font.o
[AS ]	Fonts/build/GlyphText/FontText_8428.font.o
[AS ]	Fonts/build/GlyphText/FontText_585E.font.o
[AS ]	Fonts/build/GlyphText/FontText_8D5B.font.o
[AS ]	Fonts/build/GlyphText/FontText_4E09.font.o
[AS ]	Fonts/build/GlyphText/FontText_6563.font.o
[AS ]	Fonts/build/GlyphText/FontText_55D3.font.o
[AS ]	Fonts/build/GlyphText/FontText_4E27.font.o
[AS ]	Fonts/build/GlyphText/FontText_9A9A.font.o
[AS ]	Fonts/build/GlyphText/FontText_626B.font.o
[AS ]	Fonts/build/GlyphText/FontText_8272.font.o
[AS ]	Fonts/build/GlyphText/FontText_6DA9.font.o
[AS ]	Fonts/build/GlyphText/FontText_68EE.font.o
[AS ]	Fonts/build/GlyphText/FontText_50E7.font.o
[AS ]	Fonts/build/GlyphText/FontText_6740.font.o
[AS ]	Fonts/build/GlyphText/FontText_6C99.font.o
[AS ]	Fonts/build/GlyphText/FontText_50BB.font.o
[AS ]	Fonts/build/GlyphText/FontText_5565.font.o
[AS ]	Fonts/build/GlyphText/FontText_5C71.font.o
[AS ]	Fonts/build/GlyphText/FontText_5220.font.o
[AS ]	Fonts/build/GlyphText/FontText_95EA.font.o
[AS ]	Fonts/build/GlyphText/FontText_64C5.font.o
[AS ]	Fonts/build/GlyphText/FontText_5584.font.o
[AS ]	Fonts/build/GlyphText/FontText_4F24.font.o
[AS ]	Fonts/build/GlyphText/FontText_5546.font.o
[AS ]	Fonts/build/GlyphText/FontText_8D4F.font.o
[AS ]	Fonts/build/GlyphText/FontText_4E0A.font.o
[AS ]	Fonts/build/GlyphText/FontText_5C1A.font.o
[AS ]	Fonts/build/GlyphText/FontText_7A0D.font.o
[AS ]	Fonts/build/GlyphText/FontText_70E7.font.o
[AS ]	Fonts/build/GlyphText/FontText_5C11.font.o
[AS ]	Fonts/build/GlyphText/FontText_7ECD.font.o
[AS ]	Fonts/build/GlyphText/FontText_86C7.font.o
[AS ]	Fonts/build/GlyphText/FontText_820C.font.o
[AS ]	Fonts/build/GlyphText/FontText_820D.font.o
[AS ]	Fonts/build/GlyphText/FontText_5C04.font.o
[AS ]	Fonts/build/GlyphText/FontText_6D89.font.o
[AS ]	Fonts/build/GlyphText/FontText_8BBE.font.o
[AS ]	Fonts/build/GlyphText/FontText_547B.font.o
[AS ]	Fonts/build/GlyphText/FontText_4F38.font.o
[AS ]	Fonts/build/GlyphText/FontText_8EAB.font.o
[AS ]	Fonts/build/GlyphText/FontText_6DF1.font.o
[AS ]	Fonts/build/GlyphText/FontText_7EC5.font.o
[AS ]	Fonts/build/GlyphText/FontText_795E.font.o
[AS ]	Fonts/build/GlyphText/FontText_5A76.font.o
[AS ]	Fonts/build/GlyphText/FontText_751A.font.o
[AS ]	Fonts/build/GlyphText/FontText_614E.font.o
[AS ]	Fonts/build/GlyphText/FontText_58F0.font.o
[AS ]	Fonts/build/GlyphText/FontText_751F.font.o
[AS ]	Fonts/build/GlyphText/FontText_7272.font.o
[AS ]	Fonts/build/GlyphText/FontText_5347.font.o
[AS ]	Fonts/build/GlyphText/FontText_76DB.font.o
[AS ]	Fonts/build/GlyphText/FontText_7701.font.o
[AS ]	Fonts/build/GlyphText/FontText_5269.font.o
[AS ]	Fonts/build/GlyphText/FontText_80DC.font.o
[AS ]	Fonts/build/GlyphText/FontText_5723.font.o
[AS ]	Fonts/build/GlyphText/FontText_5E08.font.o
[AS ]	Fonts/build/GlyphText/FontText_5931.font.o
[AS ]	Fonts/build/GlyphText/FontText_72EE.font.o
[AS ]	Fonts/build/GlyphText/FontText_65BD.font.o
[AS ]	Fonts/build/GlyphText/FontText_6E7F.font.o
[AS ]	Fonts/build/GlyphText/FontText_8BD7.font.o
[AS ]	Fonts/build/GlyphText/FontText_5C38.font.o
[AS ]	Fonts/build/GlyphText/FontText_5341.font.o
[AS ]	Fonts/build/GlyphText/FontText_77F3.font.o
[AS ]	Fonts/build/GlyphText/FontText_62FE.font.o
[AS ]	Fonts/build/GlyphText/FontText_65F6.font.o
[AS ]	Fonts/build/GlyphText/FontText_4EC0.font.o
[AS ]	Fonts/build/GlyphText/FontText_98DF.font.o
[AS ]	Fonts/build/GlyphText/FontText_5B9E.font.o
[AS ]	Fonts/build/GlyphText/FontText_8BC6.font.o
[AS ]	Fonts/build/GlyphText/FontText_53F2.font.o
[AS ]	Fonts/build/GlyphText/FontText_77E2.font.o
[AS ]	Fonts/build/GlyphText/FontText_4F7F.font.o
[AS ]	Fonts/build/GlyphText/FontText_5C4E.font.o
[AS ]	Fonts/build/GlyphText/FontText_59CB.font.o
[AS ]	Fonts/build/GlyphText/FontText_5F0F.font.o
[AS ]	Fonts/build/GlyphText/FontText_793A.font.o
[AS ]	Fonts/build/GlyphText/FontText_58EB.font.o
[AS ]	Fonts/build/GlyphText/FontText_4E16.font.o
[AS ]	Fonts/build/GlyphText/FontText_8A93.font.o
[AS ]	Fonts/build/GlyphText/FontText_4E8B.font.o
[AS ]	Fonts/build/GlyphText/FontText_901D.font.o
[AS ]	Fonts/build/GlyphText/FontText_52BF.font.o
[AS ]	Fonts/build/GlyphText/FontText_662F.font.o
[AS ]	Fonts/build/GlyphText/FontText_566C.font.o
[AS ]	Fonts/build/GlyphText/FontText_9002.font.o
[AS ]	Fonts/build/GlyphText/FontText_4F8D.font.o
[AS ]	Fonts/build/GlyphText/FontText_91CA.font.o
[AS ]	Fonts/build/GlyphText/FontText_9970.font.o
[AS ]	Fonts/build/GlyphText/FontText_5E02.font.o
[AS ]	Fonts/build/GlyphText/FontText_5BA4.font.o
[AS ]	Fonts/build/GlyphText/FontText_89C6.font.o
[AS ]	Fonts/build/GlyphText/FontText_8BD5.font.o
[AS ]	Fonts/build/GlyphText/FontText_6536.font.o
[AS ]	Fonts/build/GlyphText/FontText_624B.font.o
[AS ]	Fonts/build/GlyphText/FontText_9996.font.o
[AS ]	Fonts/build/GlyphText/FontText_5B88.font.o
[AS ]	Fonts/build/GlyphText/FontText_6388.font.o
[AS ]	Fonts/build/GlyphText/FontText_53D7.font.o
[AS ]	Fonts/build/GlyphText/FontText_68B3.font.o
[AS ]	Fonts/build/GlyphText/FontText_6B8A.font.o
[AS ]	Fonts/build/GlyphText/FontText_8F93.font.o
[AS ]	Fonts/build/GlyphText/FontText_53D4.font.o
[AS ]	Fonts/build/GlyphText/FontText_8212.font.o
[AS ]	Fonts/build/GlyphText/FontText_6DD1.font.o
[AS ]	Fonts/build/GlyphText/FontText_758F.font.o
[AS ]	Fonts/build/GlyphText/FontText_4E66.font.o
[AS ]	Fonts/build/GlyphText/FontText_8D4E.font.o
[AS ]	Fonts/build/GlyphText/FontText_719F.font.o
[AS ]	Fonts/build/GlyphText/FontText_6691.font.o
[AS ]	Fonts/build/GlyphText/FontText_9F20.font.o
[AS ]	Fonts/build/GlyphText/FontText_7F72.font.o
[AS ]	Fonts/build/GlyphText/FontText_5C5E.font.o
[AS ]	Fonts/build/GlyphText/FontText_672F.font.o
[AS ]	Fonts/build/GlyphText/FontText_8FF0.font.o
[AS ]	Fonts/build/GlyphText/FontText_6811.font.o
[AS ]	Fonts/build/GlyphText/FontText_675F.font.o
[AS ]	Fonts/build/GlyphText/FontText_6570.font.o
[AS ]	Fonts/build/GlyphText/FontText_6055.font.o
[AS ]	Fonts/build/GlyphText/FontText_800D.font.o
[AS ]	Fonts/build/GlyphText/FontText_6454.font.o
[AS ]	Fonts/build/GlyphText/FontText_8870.font.o
[AS ]	Fonts/build/GlyphText/FontText_7529.font.o
[AS ]	Fonts/build/GlyphText/FontText_5E05.font.o
[AS ]	Fonts/build/GlyphText/FontText_53CC.font.o
[AS ]	Fonts/build/GlyphText/FontText_723D.font.o
[AS ]	Fonts/build/GlyphText/FontText_8C01.font.o
[AS ]	Fonts/build/GlyphText/FontText_6C34.font.o
[AS ]	Fonts/build/GlyphText/FontText_7761.font.o
[AS ]	Fonts/build/GlyphText/FontText_987A.font.o
[AS ]	Fonts/build/GlyphText/FontText_8BF4.font.o
[AS ]	Fonts/build/GlyphText/FontText_65AF.font.o
[AS ]	Fonts/build/GlyphText/FontText_6495.font.o
[AS ]	Fonts/build/GlyphText/FontText_79C1.font.o
[AS ]	Fonts/build/GlyphText/FontText_601D.font.o
[AS ]	Fonts/build/GlyphText/FontText_53F8.font.o
[AS ]	Fonts/build/GlyphText/FontText_4E1D.font.o
[AS ]	Fonts/build/GlyphText/FontText_6B7B.font.o
[AS ]	Fonts/build/GlyphText/FontText_8086.font.o
[AS ]	Fonts/build/GlyphText/FontText_56DB.font.o
[AS ]	Fonts/build/GlyphText/FontText_4F3C.font.o
[AS ]	Fonts/build/GlyphText/FontText_4F3A.font.o
[AS ]	Fonts/build/GlyphText/FontText_9972.font.o
[AS ]	Fonts/build/GlyphText/FontText_677E.font.o
[AS ]	Fonts/build/GlyphText/FontText_8038.font.o
[AS ]	Fonts/build/GlyphText/FontText_9001.font.o
[AS ]	Fonts/build/GlyphText/FontText_641C.font.o
[AS ]	Fonts/build/GlyphText/FontText_82CF.font.o
[AS ]	Fonts/build/GlyphText/FontText_8258.font.o
[AS ]	Fonts/build/GlyphText/FontText_4FD7.font.o
[AS ]	Fonts/build/GlyphText/FontText_7D20.font.o
[AS ]	Fonts/build/GlyphText/FontText_901F.font.o
[AS ]	Fonts/build/GlyphText/FontText_5BBF.font.o
[AS ]	Fonts/build/GlyphText/FontText_8BC9.font.o
[AS ]	Fonts/build/GlyphText/FontText_8083.font.o
[AS ]	Fonts/build/GlyphText/FontText_9178.font.o
[AS ]	Fonts/build/GlyphText/FontText_7B97.font.o
[AS ]	Fonts/build/GlyphText/FontText_867D.font.o
[AS ]	Fonts/build/GlyphText/FontText_968F.font.o
[AS ]	Fonts/build/GlyphText/FontText_9AD3.font.o
[AS ]	Fonts/build/GlyphText/FontText_788E.font.o
[AS ]	Fonts/build/GlyphText/FontText_5C81.font.o
[AS ]	Fonts/build/GlyphText/FontText_5B59.font.o
[AS ]	Fonts/build/GlyphText/FontText_635F.font.o
[AS ]	Fonts/build/GlyphText/FontText_7F29.font.o
[AS ]	Fonts/build/GlyphText/FontText_7410.font.o
[AS ]	Fonts/build/GlyphText/FontText_7D22.font.o
[AS ]	Fonts/build/GlyphText/FontText_9501.font.o
[AS ]	Fonts/build/GlyphText/FontText_6240.font.o
[AS ]	Fonts/build/GlyphText/FontText_584C.font.o
[AS ]	Fonts/build/GlyphText/FontText_4ED6.font.o
[AS ]	Fonts/build/GlyphText/FontText_5B83.font.o
[AS ]	Fonts/build/GlyphText/FontText_5979.font.o
[AS ]	Fonts/build/GlyphText/FontText_5854.font.o
[AS ]	Fonts/build/GlyphText/FontText_8E0F.font.o
[AS ]	Fonts/build/GlyphText/FontText_80CE.font.o
[AS ]	Fonts/build/GlyphText/FontText_62AC.font.o
[AS ]	Fonts/build/GlyphText/FontText_53F0.font.o
[AS ]	Fonts/build/GlyphText/FontText_592A.font.o
[AS ]	Fonts/build/GlyphText/FontText_6001.font.o
[AS ]	Fonts/build/GlyphText/FontText_644A.font.o
[AS ]	Fonts/build/GlyphText/FontText_8D2A.font.o
[AS ]	Fonts/build/GlyphText/FontText_575B.font.o
[AS ]	Fonts/build/GlyphText/FontText_8C08.font.o
[AS ]	Fonts/build/GlyphText/FontText_5766.font.o
[AS ]	Fonts/build/GlyphText/FontText_63A2.font.o
[AS ]	Fonts/build/GlyphText/FontText_53F9.font.o
[AS ]	Fonts/build/GlyphText/FontText_6C64.font.o
[AS ]	Fonts/build/GlyphText/FontText_642A.font.o
[AS ]	Fonts/build/GlyphText/FontText_5802.font.o
[AS ]	Fonts/build/GlyphText/FontText_819B.font.o
[AS ]	Fonts/build/GlyphText/FontText_8D9F.font.o
[AS ]	Fonts/build/GlyphText/FontText_6843.font.o
[AS ]	Fonts/build/GlyphText/FontText_8BA8.font.o
[AS ]	Fonts/build/GlyphText/FontText_9003.font.o
[AS ]	Fonts/build/GlyphText/FontText_5957.font.o
[AS ]	Fonts/build/GlyphText/FontText_7279.font.o
[AS ]	Fonts/build/GlyphText/FontText_817E.font.o
[AS ]	Fonts/build/GlyphText/FontText_75BC.font.o
[AS ]	Fonts/build/GlyphText/FontText_68AF.font.o
[AS ]	Fonts/build/GlyphText/FontText_9898.font.o
[AS ]	Fonts/build/GlyphText/FontText_63D0.font.o
[AS ]	Fonts/build/GlyphText/FontText_4F53.font.o
[AS ]	Fonts/build/GlyphText/FontText_66FF.font.o
[AS ]	Fonts/build/GlyphText/FontText_60D5.font.o
[AS ]	Fonts/build/GlyphText/FontText_6DFB.font.o
[AS ]	Fonts/build/GlyphText/FontText_5929.font.o
[AS ]	Fonts/build/GlyphText/FontText_7530.font.o
[AS ]	Fonts/build/GlyphText/FontText_751C.font.o
[AS ]	Fonts/build/GlyphText/FontText_6311.font.o
[AS ]	Fonts/build/GlyphText/FontText_6761.font.o
[AS ]	Fonts/build/GlyphText/FontText_8FE2.font.o
[AS ]	Fonts/build/GlyphText/FontText_8DF3.font.o
[AS ]	Fonts/build/GlyphText/FontText_8D34.font.o
[AS ]	Fonts/build/GlyphText/FontText_94C1.font.o
[AS ]	Fonts/build/GlyphText/FontText_5385.font.o
[AS ]	Fonts/build/GlyphText/FontText_542C.font.o
[AS ]	Fonts/build/GlyphText/FontText_5EF7.font.o
[AS ]	Fonts/build/GlyphText/FontText_505C.font.o
[AS ]	Fonts/build/GlyphText/FontText_4EAD.font.o
[AS ]	Fonts/build/GlyphText/FontText_5EAD.font.o
[AS ]	Fonts/build/GlyphText/FontText_633A.font.o
[AS ]	Fonts/build/GlyphText/FontText_901A.font.o
[AS ]	Fonts/build/GlyphText/FontText_540C.font.o
[AS ]	Fonts/build/GlyphText/FontText_6876.font.o
[AS ]	Fonts/build/GlyphText/FontText_7EDF.font.o
[AS ]	Fonts/build/GlyphText/FontText_75DB.font.o
[AS ]	Fonts/build/GlyphText/FontText_5077.font.o
[AS ]	Fonts/build/GlyphText/FontText_6295.font.o
[AS ]	Fonts/build/GlyphText/FontText_5934.font.o
[AS ]	Fonts/build/GlyphText/FontText_900F.font.o
[AS ]	Fonts/build/GlyphText/FontText_7A81.font.o
[AS ]	Fonts/build/GlyphText/FontText_56FE.font.o
[AS ]	Fonts/build/GlyphText/FontText_5F92.font.o
[AS ]	Fonts/build/GlyphText/FontText_9014.font.o
[AS ]	Fonts/build/GlyphText/FontText_6D82.font.o
[AS ]	Fonts/build/GlyphText/FontText_571F.font.o
[AS ]	Fonts/build/GlyphText/FontText_5410.font.o
[AS ]	Fonts/build/GlyphText/FontText_56E2.font.o
[AS ]	Fonts/build/GlyphText/FontText_63A8.font.o
[AS ]	Fonts/build/GlyphText/FontText_817F.font.o
[AS ]	Fonts/build/GlyphText/FontText_9000.font.o
[AS ]	Fonts/build/GlyphText/FontText_541E.font.o
[AS ]	Fonts/build/GlyphText/FontText_62D6.font.o
[AS ]	Fonts/build/GlyphText/FontText_6258.font.o
[AS ]	Fonts/build/GlyphText/FontText_8131.font.o
[AS ]	Fonts/build/GlyphText/FontText_62D3.font.o
[AS ]	Fonts/build/GlyphText/FontText_6316.font.o
[AS ]	Fonts/build/GlyphText/FontText_54C7.font.o
[AS ]	Fonts/build/GlyphText/FontText_86D9.font.o
[AS ]	Fonts/build/GlyphText/FontText_5A03.font.o
[AS ]	Fonts/build/GlyphText/FontText_74E6.font.o
[AS ]	Fonts/build/GlyphText/FontText_6B6A.font.o
[AS ]	Fonts/build/GlyphText/FontText_5916.font.o
[AS ]	Fonts/build/GlyphText/FontText_5F2F.font.o
[AS ]	Fonts/build/GlyphText/FontText_6E7E.font.o
[AS ]	Fonts/build/GlyphText/FontText_73A9.font.o
[AS ]	Fonts/build/GlyphText/FontText_987D.font.o
[AS ]	Fonts/build/GlyphText/FontText_5B8C.font.o
[AS ]	Fonts/build/GlyphText/FontText_633D.font.o
[AS ]	Fonts/build/GlyphText/FontText_4E07.font.o
[AS ]	Fonts/build/GlyphText/FontText_665A.font.o
[AS ]	Fonts/build/GlyphText/FontText_8155.font.o
[AS ]	Fonts/build/GlyphText/FontText_738B.font.o
[AS ]	Fonts/build/GlyphText/FontText_4EA1.font.o
[AS ]	Fonts/build/GlyphText/FontText_6789.font.o
[AS ]	Fonts/build/GlyphText/FontText_7F51.font.o
[AS ]	Fonts/build/GlyphText/FontText_5F80.font.o
[AS ]	Fonts/build/GlyphText/FontText_671B.font.o
[AS ]	Fonts/build/GlyphText/FontText_5FD8.font.o
[AS ]	Fonts/build/GlyphText/FontText_5984.font.o
[AS ]	Fonts/build/GlyphText/FontText_5A01.font.o
[AS ]	Fonts/build/GlyphText/FontText_5FAE.font.o
[AS ]	Fonts/build/GlyphText/FontText_5371.font.o
[AS ]	Fonts/build/GlyphText/FontText_97E6.font.o
[AS ]	Fonts/build/GlyphText/FontText_8FDD.font.o
[AS ]	Fonts/build/GlyphText/FontText_56F4.font.o
[AS ]	Fonts/build/GlyphText/FontText_4E3A.font.o
[AS ]	Fonts/build/GlyphText/FontText_552F.font.o
[AS ]	Fonts/build/GlyphText/FontText_7EF4.font.o
[AS ]	Fonts/build/GlyphText/FontText_59D4.font.o
[AS ]	Fonts/build/GlyphText/FontText_4F1F.font.o
[AS ]	Fonts/build/GlyphText/FontText_5C3E.font.o
[AS ]	Fonts/build/GlyphText/FontText_672A.font.o
[AS ]	Fonts/build/GlyphText/FontText_5473.font.o
[AS ]	Fonts/build/GlyphText/FontText_754F.font.o
[AS ]	Fonts/build/GlyphText/FontText_80C3.font.o
[AS ]	Fonts/build/GlyphText/FontText_5582.font.o
[AS ]	Fonts/build/GlyphText/FontText_4F4D.font.o
[AS ]	Fonts/build/GlyphText/FontText_8C13.font.o
[AS ]	Fonts/build/GlyphText/FontText_536B.font.o
[AS ]	Fonts/build/GlyphText/FontText_6E29.font.o
[AS ]	Fonts/build/GlyphText/FontText_6587.font.o
[AS ]	Fonts/build/GlyphText/FontText_95FB.font.o
[AS ]	Fonts/build/GlyphText/FontText_7EB9.font.o
[AS ]	Fonts/build/GlyphText/FontText_543B.font.o
[AS ]	Fonts/build/GlyphText/FontText_7A33.font.o
[AS ]	Fonts/build/GlyphText/FontText_7D0A.font.o
[AS ]	Fonts/build/GlyphText/FontText_95EE.font.o
[AS ]	Fonts/build/GlyphText/FontText_7FC1.font.o
[AS ]	Fonts/build/GlyphText/FontText_74EE.font.o
[AS ]	Fonts/build/GlyphText/FontText_7A9D.font.o
[AS ]	Fonts/build/GlyphText/FontText_6211.font.o
[AS ]	Fonts/build/GlyphText/FontText_5367.font.o
[AS ]	Fonts/build/GlyphText/FontText_63E1.font.o
[AS ]	Fonts/build/GlyphText/FontText_6C83.font.o
[AS ]	Fonts/build/GlyphText/FontText_5DEB.font.o
[AS ]	Fonts/build/GlyphText/FontText_545C.font.o
[AS ]	Fonts/build/GlyphText/FontText_4E4C.font.o
[AS ]	Fonts/build/GlyphText/FontText_6C61.font.o
[AS ]	Fonts/build/GlyphText/FontText_8BEC.font.o
[AS ]	Fonts/build/GlyphText/FontText_5C4B.font.o
[AS ]	Fonts/build/GlyphText/FontText_65E0.font.o
[AS ]	Fonts/build/GlyphText/FontText_829C.font.o
[AS ]	Fonts/build/GlyphText/FontText_6B66.font.o
[AS ]	Fonts/build/GlyphText/FontText_4E94.font.o
[AS ]	Fonts/build/GlyphText/FontText_821E.font.o
[AS ]	Fonts/build/GlyphText/FontText_4F0D.font.o
[AS ]	Fonts/build/GlyphText/FontText_4FAE.font.o
[AS ]	Fonts/build/GlyphText/FontText_96FE.font.o
[AS ]	Fonts/build/GlyphText/FontText_7269.font.o
[AS ]	Fonts/build/GlyphText/FontText_52FF.font.o
[AS ]	Fonts/build/GlyphText/FontText_52A1.font.o
[AS ]	Fonts/build/GlyphText/FontText_609F.font.o
[AS ]	Fonts/build/GlyphText/FontText_897F.font.o
[AS ]	Fonts/build/GlyphText/FontText_8BEF.font.o
[AS ]	Fonts/build/GlyphText/FontText_5438.font.o
[AS ]	Fonts/build/GlyphText/FontText_727A.font.o
[AS ]	Fonts/build/GlyphText/FontText_606F.font.o
[AS ]	Fonts/build/GlyphText/FontText_5E0C.font.o
[AS ]	Fonts/build/GlyphText/FontText_6089.font.o
[AS ]	Fonts/build/GlyphText/FontText_5915.font.o
[AS ]	Fonts/build/GlyphText/FontText_60DC.font.o
[AS ]	Fonts/build/GlyphText/FontText_88AD.font.o
[AS ]	Fonts/build/GlyphText/FontText_6EAA.font.o
[AS ]	Fonts/build/GlyphText/FontText_5E2D.font.o
[AS ]	Fonts/build/GlyphText/FontText_4E60.font.o
[AS ]	Fonts/build/GlyphText/FontText_5AB3.font.o
[AS ]	Fonts/build/GlyphText/FontText_559C.font.o
[AS ]	Fonts/build/GlyphText/FontText_6D17.font.o
[AS ]	Fonts/build/GlyphText/FontText_7CFB.font.o
[AS ]	Fonts/build/GlyphText/FontText_9699.font.o
[AS ]	Fonts/build/GlyphText/FontText_620F.font.o
[AS ]	Fonts/build/GlyphText/FontText_7EC6.font.o
[AS ]	Fonts/build/GlyphText/FontText_778E.font.o
[AS ]	Fonts/build/GlyphText/FontText_8F96.font.o
[AS ]	Fonts/build/GlyphText/FontText_4FA0.font.o
[AS ]	Fonts/build/GlyphText/FontText_72ED.font.o
[AS ]	Fonts/build/GlyphText/FontText_4E0B.font.o
[AS ]	Fonts/build/GlyphText/FontText_590F.font.o
[AS ]	Fonts/build/GlyphText/FontText_5413.font.o
[AS ]	Fonts/build/GlyphText/FontText_6380.font.o
[AS ]	Fonts/build/GlyphText/FontText_5148.font.o
[AS ]	Fonts/build/GlyphText/FontText_9C9C.font.o
[AS ]	Fonts/build/GlyphText/FontText_8D24.font.o
[AS ]	Fonts/build/GlyphText/FontText_95F2.font.o
[AS ]	Fonts/build/GlyphText/FontText_5F26.font.o
[AS ]	Fonts/build/GlyphText/FontText_5ACC.font.o
[AS ]	Fonts/build/GlyphText/FontText_663E.font.o
[AS ]	Fonts/build/GlyphText/FontText_9669.font.o
[AS ]	Fonts/build/GlyphText/FontText_73B0.font.o
[AS ]	Fonts/build/GlyphText/FontText_732E.font.o
[AS ]	Fonts/build/GlyphText/FontText_7FA1.font.o
[AS ]	Fonts/build/GlyphText/FontText_9677.font.o
[AS ]	Fonts/build/GlyphText/FontText_9650.font.o
[AS ]	Fonts/build/GlyphText/FontText_7EBF.font.o
[AS ]	Fonts/build/GlyphText/FontText_76F8.font.o
[AS ]	Fonts/build/GlyphText/FontText_53A2.font.o
[AS ]	Fonts/build/GlyphText/FontText_9999.font.o
[AS ]	Fonts/build/GlyphText/FontText_7BB1.font.o
[AS ]	Fonts/build/GlyphText/FontText_4E61.font.o
[AS ]	Fonts/build/GlyphText/FontText_7FD4.font.o
[AS ]	Fonts/build/GlyphText/FontText_8BE6.font.o
[AS ]	Fonts/build/GlyphText/FontText_7965.font.o
[AS ]	Fonts/build/GlyphText/FontText_60F3.font.o
[AS ]	Fonts/build/GlyphText/FontText_54CD.font.o
[AS ]	Fonts/build/GlyphText/FontText_4EAB.font.o
[AS ]	Fonts/build/GlyphText/FontText_9879.font.o
[AS ]	Fonts/build/GlyphText/FontText_50CF.font.o
[AS ]	Fonts/build/GlyphText/FontText_5411.font.o
[AS ]	Fonts/build/GlyphText/FontText_8C61.font.o
[AS ]	Fonts/build/GlyphText/FontText_524A.font.o
[AS ]	Fonts/build/GlyphText/FontText_56A3.font.o
[AS ]	Fonts/build/GlyphText/FontText_9500.font.o
[AS ]	Fonts/build/GlyphText/FontText_6D88.font.o
[AS ]	Fonts/build/GlyphText/FontText_6653.font.o
[AS ]	Fonts/build/GlyphText/FontText_5B5D.font.o
[AS ]	Fonts/build/GlyphText/FontText_5C0F.font.o
[AS ]	Fonts/build/GlyphText/FontText_6821.font.o
[AS ]	Fonts/build/GlyphText/FontText_7B11.font.o
[AS ]	Fonts/build/GlyphText/FontText_6548.font.o
[AS ]	Fonts/build/GlyphText/FontText_4E9B.font.o
[AS ]	Fonts/build/GlyphText/FontText_978B.font.o
[AS ]	Fonts/build/GlyphText/FontText_534F.font.o
[AS ]	Fonts/build/GlyphText/FontText_643A.font.o
[AS ]	Fonts/build/GlyphText/FontText_80C1.font.o
[AS ]	Fonts/build/GlyphText/FontText_90AA.font.o
[AS ]	Fonts/build/GlyphText/FontText_5199.font.o
[AS ]	Fonts/build/GlyphText/FontText_61C8.font.o
[AS ]	Fonts/build/GlyphText/FontText_6CC4.font.o
[AS ]	Fonts/build/GlyphText/FontText_8C22.font.o
[AS ]	Fonts/build/GlyphText/FontText_6B23.font.o
[AS ]	Fonts/build/GlyphText/FontText_8F9B.font.o
[AS ]	Fonts/build/GlyphText/FontText_65B0.font.o
[AS ]	Fonts/build/GlyphText/FontText_5FC3.font.o
[AS ]	Fonts/build/GlyphText/FontText_4FE1.font.o
[AS ]	Fonts/build/GlyphText/FontText_661F.font.o
[AS ]	Fonts/build/GlyphText/FontText_8165.font.o
[AS ]	Fonts/build/GlyphText/FontText_5174.font.o
[AS ]	Fonts/build/GlyphText/FontText_578B.font.o
[AS ]	Fonts/build/GlyphText/FontText_5F62.font.o
[AS ]	Fonts/build/GlyphText/FontText_884C.font.o
[AS ]	Fonts/build/GlyphText/FontText_9192.font.o
[AS ]	Fonts/build/GlyphText/FontText_5E78.font.o
[AS ]	Fonts/build/GlyphText/FontText_6027.font.o
[AS ]	Fonts/build/GlyphText/FontText_59D3.font.o
[AS ]	Fonts/build/GlyphText/FontText_5144.font.o
[AS ]	Fonts/build/GlyphText/FontText_51F6.font.o
[AS ]	Fonts/build/GlyphText/FontText_80F8.font.o
[AS ]	Fonts/build/GlyphText/FontText_96C4.font.o
[AS ]	Fonts/build/GlyphText/FontText_4F11.font.o
[AS ]	Fonts/build/GlyphText/FontText_4FEE.font.o
[AS ]	Fonts/build/GlyphText/FontText_7F9E.font.o
[AS ]	Fonts/build/GlyphText/FontText_673D.font.o
[AS ]	Fonts/build/GlyphText/FontText_79C0.font.o
[AS ]	Fonts/build/GlyphText/FontText_8896.font.o
[AS ]	Fonts/build/GlyphText/FontText_589F.font.o
[AS ]	Fonts/build/GlyphText/FontText_9700.font.o
[AS ]	Fonts/build/GlyphText/FontText_865A.font.o
[AS ]	Fonts/build/GlyphText/FontText_5618.font.o
[AS ]	Fonts/build/GlyphText/FontText_987B.font.o
[AS ]	Fonts/build/GlyphText/FontText_8BB8.font.o
[AS ]	Fonts/build/GlyphText/FontText_5E8F.font.o
[AS ]	Fonts/build/GlyphText/FontText_84C4.font.o
[AS ]	Fonts/build/GlyphText/FontText_755C.font.o
[AS ]	Fonts/build/GlyphText/FontText_5A7F.font.o
[AS ]	Fonts/build/GlyphText/FontText_7EEA.font.o
[AS ]	Fonts/build/GlyphText/FontText_7EED.font.o
[AS ]	Fonts/build/GlyphText/FontText_5BA3.font.o
[AS ]	Fonts/build/GlyphText/FontText_60AC.font.o
[AS ]	Fonts/build/GlyphText/FontText_65CB.font.o
[AS ]	Fonts/build/GlyphText/FontText_9009.font.o
[AS ]	Fonts/build/GlyphText/FontText_9774.font.o
[AS ]	Fonts/build/GlyphText/FontText_5B66.font.o
[AS ]	Fonts/build/GlyphText/FontText_96EA.font.o
[AS ]	Fonts/build/GlyphText/FontText_8840.font.o
[AS ]	Fonts/build/GlyphText/FontText_52CB.font.o
[AS ]	Fonts/build/GlyphText/FontText_5FAA.font.o
[AS ]	Fonts/build/GlyphText/FontText_8BE2.font.o
[AS ]	Fonts/build/GlyphText/FontText_5BFB.font.o
[AS ]	Fonts/build/GlyphText/FontText_8BAD.font.o
[AS ]	Fonts/build/GlyphText/FontText_5DE1.font.o
[AS ]	Fonts/build/GlyphText/FontText_8FC5.font.o
[AS ]	Fonts/build/GlyphText/FontText_538B.font.o
[AS ]	Fonts/build/GlyphText/FontText_8BAF.font.o
[AS ]	Fonts/build/GlyphText/FontText_62BC.font.o
[AS ]	Fonts/build/GlyphText/FontText_9E26.font.o
[AS ]	Fonts/build/GlyphText/FontText_5440.font.o
[AS ]	Fonts/build/GlyphText/FontText_4E2B.font.o
[AS ]	Fonts/build/GlyphText/FontText_82BD.font.o
[AS ]	Fonts/build/GlyphText/FontText_7259.font.o
[AS ]	Fonts/build/GlyphText/FontText_5D16.font.o
[AS ]	Fonts/build/GlyphText/FontText_6DAF.font.o
[AS ]	Fonts/build/GlyphText/FontText_96C5.font.o
[AS ]	Fonts/build/GlyphText/FontText_4E9A.font.o
[AS ]	Fonts/build/GlyphText/FontText_8BB6.font.o
[AS ]	Fonts/build/GlyphText/FontText_70DF.font.o
[AS ]	Fonts/build/GlyphText/FontText_6DF9.font.o
[AS ]	Fonts/build/GlyphText/FontText_4E25.font.o
[AS ]	Fonts/build/GlyphText/FontText_7814.font.o
[AS ]	Fonts/build/GlyphText/FontText_5CA9.font.o
[AS ]	Fonts/build/GlyphText/FontText_5EF6.font.o
[AS ]	Fonts/build/GlyphText/FontText_989C.font.o
[AS ]	Fonts/build/GlyphText/FontText_8A00.font.o
[AS ]	Fonts/build/GlyphText/FontText_708E.font.o
[AS ]	Fonts/build/GlyphText/FontText_6CBF.font.o
[AS ]	Fonts/build/GlyphText/FontText_63A9.font.o
[AS ]	Fonts/build/GlyphText/FontText_773C.font.o
[AS ]	Fonts/build/GlyphText/FontText_884D.font.o
[AS ]	Fonts/build/GlyphText/FontText_6F14.font.o
[AS ]	Fonts/build/GlyphText/FontText_8273.font.o
[AS ]	Fonts/build/GlyphText/FontText_538C.font.o
[AS ]	Fonts/build/GlyphText/FontText_7130.font.o
[AS ]	Fonts/build/GlyphText/FontText_5BB4.font.o
[AS ]	Fonts/build/GlyphText/FontText_9A8C.font.o
[AS ]	Fonts/build/GlyphText/FontText_6B83.font.o
[AS ]	Fonts/build/GlyphText/FontText_592E.font.o
[AS ]	Fonts/build/GlyphText/FontText_626C.font.o
[AS ]	Fonts/build/GlyphText/FontText_7F8A.font.o
[AS ]	Fonts/build/GlyphText/FontText_6D0B.font.o
[AS ]	Fonts/build/GlyphText/FontText_9633.font.o
[AS ]	Fonts/build/GlyphText/FontText_4EF0.font.o
[AS ]	Fonts/build/GlyphText/FontText_517B.font.o
[AS ]	Fonts/build/GlyphText/FontText_6837.font.o
[AS ]	Fonts/build/GlyphText/FontText_9080.font.o
[AS ]	Fonts/build/GlyphText/FontText_8170.font.o
[AS ]	Fonts/build/GlyphText/FontText_5996.font.o
[AS ]	Fonts/build/GlyphText/FontText_6447.font.o
[AS ]	Fonts/build/GlyphText/FontText_9065.font.o
[AS ]	Fonts/build/GlyphText/FontText_836F.font.o
[AS ]	Fonts/build/GlyphText/FontText_8981.font.o
[AS ]	Fonts/build/GlyphText/FontText_8000.font.o
[AS ]	Fonts/build/GlyphText/FontText_7237.font.o
[AS ]	Fonts/build/GlyphText/FontText_91CE.font.o
[AS ]	Fonts/build/GlyphText/FontText_4E5F.font.o
[AS ]	Fonts/build/GlyphText/FontText_4E1A.font.o
[AS ]	Fonts/build/GlyphText/FontText_53F6.font.o
[AS ]	Fonts/build/GlyphText/FontText_591C.font.o
[AS ]	Fonts/build/GlyphText/FontText_6DB2.font.o
[AS ]	Fonts/build/GlyphText/FontText_4E00.font.o
[AS ]	Fonts/build/GlyphText/FontText_533B.font.o
[AS ]	Fonts/build/GlyphText/FontText_4F9D.font.o
[AS ]	Fonts/build/GlyphText/FontText_4F0A.font.o
[AS ]	Fonts/build/GlyphText/FontText_8863.font.o
[AS ]	Fonts/build/GlyphText/FontText_9057.font.o
[AS ]	Fonts/build/GlyphText/FontText_79FB.font.o
[AS ]	Fonts/build/GlyphText/FontText_4EEA.font.o
[AS ]	Fonts/build/GlyphText/FontText_7591.font.o
[AS ]	Fonts/build/GlyphText/FontText_5B9C.font.o
[AS ]	Fonts/build/GlyphText/FontText_59E8.font.o
[AS ]	Fonts/build/GlyphText/FontText_5DF2.font.o
[AS ]	Fonts/build/GlyphText/FontText_4EE5.font.o
[AS ]	Fonts/build/GlyphText/FontText_827A.font.o
[AS ]	Fonts/build/GlyphText/FontText_6291.font.o
[AS ]	Fonts/build/GlyphText/FontText_6613.font.o
[AS ]	Fonts/build/GlyphText/FontText_5F79.font.o
[AS ]	Fonts/build/GlyphText/FontText_4EA6.font.o
[AS ]	Fonts/build/GlyphText/FontText_88D4.font.o
[AS ]	Fonts/build/GlyphText/FontText_610F.font.o
[AS ]	Fonts/build/GlyphText/FontText_5FC6.font.o
[AS ]	Fonts/build/GlyphText/FontText_4E49.font.o
[AS ]	Fonts/build/GlyphText/FontText_76CA.font.o
[AS ]	Fonts/build/GlyphText/FontText_8BAE.font.o
[AS ]	Fonts/build/GlyphText/FontText_7FFC.font.o
[AS ]	Fonts/build/GlyphText/FontText_5F02.font.o
[AS ]	Fonts/build/GlyphText/FontText_836B.font.o
[AS ]	Fonts/build/GlyphText/FontText_56E0.font.o
[AS ]	Fonts/build/GlyphText/FontText_97F3.font.o
[AS ]	Fonts/build/GlyphText/FontText_9634.font.o
[AS ]	Fonts/build/GlyphText/FontText_541F.font.o
[AS ]	Fonts/build/GlyphText/FontText_94F6.font.o
[AS ]	Fonts/build/GlyphText/FontText_5F15.font.o
[AS ]	Fonts/build/GlyphText/FontText_9690.font.o
[AS ]	Fonts/build/GlyphText/FontText_5370.font.o
[AS ]	Fonts/build/GlyphText/FontText_82F1.font.o
[AS ]	Fonts/build/GlyphText/FontText_5A74.font.o
[AS ]	Fonts/build/GlyphText/FontText_5E94.font.o
[AS ]	Fonts/build/GlyphText/FontText_8425.font.o
[AS ]	Fonts/build/GlyphText/FontText_8FCE.font.o
[AS ]	Fonts/build/GlyphText/FontText_8D62.font.o
[AS ]	Fonts/build/GlyphText/FontText_5F71.font.o
[AS ]	Fonts/build/GlyphText/FontText_786C.font.o
[AS ]	Fonts/build/GlyphText/FontText_6620.font.o
[AS ]	Fonts/build/GlyphText/FontText_54DF.font.o
[AS ]	Fonts/build/GlyphText/FontText_62E5.font.o
[AS ]	Fonts/build/GlyphText/FontText_4F63.font.o
[AS ]	Fonts/build/GlyphText/FontText_5EB8.font.o
[AS ]	Fonts/build/GlyphText/FontText_6C38.font.o
[AS ]	Fonts/build/GlyphText/FontText_52C7.font.o
[AS ]	Fonts/build/GlyphText/FontText_7528.font.o
[AS ]	Fonts/build/GlyphText/FontText_5E7D.font.o
[AS ]	Fonts/build/GlyphText/FontText_4F18.font.o
[AS ]	Fonts/build/GlyphText/FontText_60A0.font.o
[AS ]	Fonts/build/GlyphText/FontText_5FE7.font.o
[AS ]	Fonts/build/GlyphText/FontText_5C24.font.o
[AS ]	Fonts/build/GlyphText/FontText_7531.font.o
[AS ]	Fonts/build/GlyphText/FontText_72B9.font.o
[AS ]	Fonts/build/GlyphText/FontText_6CB9.font.o
[AS ]	Fonts/build/GlyphText/FontText_6E38.font.o
[AS ]	Fonts/build/GlyphText/FontText_6709.font.o
[AS ]	Fonts/build/GlyphText/FontText_53CB.font.o
[AS ]	Fonts/build/GlyphText/FontText_53F3.font.o
[AS ]	Fonts/build/GlyphText/FontText_4F51.font.o
[AS ]	Fonts/build/GlyphText/FontText_8BF1.font.o
[AS ]	Fonts/build/GlyphText/FontText_53C8.font.o
[AS ]	Fonts/build/GlyphText/FontText_5E7C.font.o
[AS ]	Fonts/build/GlyphText/FontText_4E8E.font.o
[AS ]	Fonts/build/GlyphText/FontText_611A.font.o
[AS ]	Fonts/build/GlyphText/FontText_4F59.font.o
[AS ]	Fonts/build/GlyphText/FontText_9C7C.font.o
[AS ]	Fonts/build/GlyphText/FontText_6109.font.o
[AS ]	Fonts/build/GlyphText/FontText_4E88.font.o
[AS ]	Fonts/build/GlyphText/FontText_96E8.font.o
[AS ]	Fonts/build/GlyphText/FontText_4E0E.font.o
[AS ]	Fonts/build/GlyphText/FontText_5C7F.font.o
[AS ]	Fonts/build/GlyphText/FontText_5B87.font.o
[AS ]	Fonts/build/GlyphText/FontText_8BED.font.o
[AS ]	Fonts/build/GlyphText/FontText_7FBD.font.o
[AS ]	Fonts/build/GlyphText/FontText_7389.font.o
[AS ]	Fonts/build/GlyphText/FontText_57DF.font.o
[AS ]	Fonts/build/GlyphText/FontText_90C1.font.o
[AS ]	Fonts/build/GlyphText/FontText_9047.font.o
[AS ]	Fonts/build/GlyphText/FontText_55BB.font.o
[AS ]	Fonts/build/GlyphText/FontText_5FA1.font.o
[AS ]	Fonts/build/GlyphText/FontText_6108.font.o
[AS ]	Fonts/build/GlyphText/FontText_6B32.font.o
[AS ]	Fonts/build/GlyphText/FontText_72F1.font.o
[AS ]	Fonts/build/GlyphText/FontText_8A89.font.o
[AS ]	Fonts/build/GlyphText/FontText_80B2.font.o
[AS ]	Fonts/build/GlyphText/FontText_88D5.font.o
[AS ]	Fonts/build/GlyphText/FontText_9884.font.o
[AS ]	Fonts/build/GlyphText/FontText_8C6B.font.o
[AS ]	Fonts/build/GlyphText/FontText_9A6D.font.o
[AS ]	Fonts/build/GlyphText/FontText_6E0A.font.o
[AS ]	Fonts/build/GlyphText/FontText_5143.font.o
[AS ]	Fonts/build/GlyphText/FontText_539F.font.o
[AS ]	Fonts/build/GlyphText/FontText_63F4.font.o
[AS ]	Fonts/build/GlyphText/FontText_56ED.font.o
[AS ]	Fonts/build/GlyphText/FontText_5458.font.o
[AS ]	Fonts/build/GlyphText/FontText_6E90.font.o
[AS ]	Fonts/build/GlyphText/FontText_7F18.font.o
[AS ]	Fonts/build/GlyphText/FontText_613F.font.o
[AS ]	Fonts/build/GlyphText/FontText_8FDC.font.o
[AS ]	Fonts/build/GlyphText/FontText_6028.font.o
[AS ]	Fonts/build/GlyphText/FontText_9662.font.o
[AS ]	Fonts/build/GlyphText/FontText_7EA6.font.o
[AS ]	Fonts/build/GlyphText/FontText_8D8A.font.o
[AS ]	Fonts/build/GlyphText/FontText_8DC3.font.o
[AS ]	Fonts/build/GlyphText/FontText_94A5.font.o
[AS ]	Fonts/build/GlyphText/FontText_6708.font.o
[AS ]	Fonts/build/GlyphText/FontText_60A6.font.o
[AS ]	Fonts/build/GlyphText/FontText_9605.font.o
[AS ]	Fonts/build/GlyphText/FontText_4E91.font.o
[AS ]	Fonts/build/GlyphText/FontText_5141.font.o
[AS ]	Fonts/build/GlyphText/FontText_8FD0.font.o
[AS ]	Fonts/build/GlyphText/FontText_6655.font.o
[AS ]	Fonts/build/GlyphText/FontText_5B55.font.o
[AS ]	Fonts/build/GlyphText/FontText_7838.font.o
[AS ]	Fonts/build/GlyphText/FontText_6742.font.o
[AS ]	Fonts/build/GlyphText/FontText_707E.font.o
[AS ]	Fonts/build/GlyphText/FontText_5BB0.font.o
[AS ]	Fonts/build/GlyphText/FontText_8F7D.font.o
[AS ]	Fonts/build/GlyphText/FontText_5728.font.o
[AS ]	Fonts/build/GlyphText/FontText_518D.font.o
[AS ]	Fonts/build/GlyphText/FontText_6512.font.o
[AS ]	Fonts/build/GlyphText/FontText_6682.font.o
[AS ]	Fonts/build/GlyphText/FontText_8D5E.font.o
[AS ]	Fonts/build/GlyphText/FontText_810F.font.o
[AS ]	Fonts/build/GlyphText/FontText_906D.font.o
[AS ]	Fonts/build/GlyphText/FontText_7CDF.font.o
[AS ]	Fonts/build/GlyphText/FontText_65E9.font.o
[AS ]	Fonts/build/GlyphText/FontText_9020.font.o
[AS ]	Fonts/build/GlyphText/FontText_8D23.font.o
[AS ]	Fonts/build/GlyphText/FontText_62E9.font.o
[AS ]	Fonts/build/GlyphText/FontText_5219.font.o
[AS ]	Fonts/build/GlyphText/FontText_6CFD.font.o
[AS ]	Fonts/build/GlyphText/FontText_8D3C.font.o
[AS ]	Fonts/build/GlyphText/FontText_600E.font.o
[AS ]	Fonts/build/GlyphText/FontText_589E.font.o
[AS ]	Fonts/build/GlyphText/FontText_618E.font.o
[AS ]	Fonts/build/GlyphText/FontText_66FE.font.o
[AS ]	Fonts/build/GlyphText/FontText_8D60.font.o
[AS ]	Fonts/build/GlyphText/FontText_624E.font.o
[AS ]	Fonts/build/GlyphText/FontText_55B3.font.o
[AS ]	Fonts/build/GlyphText/FontText_6E23.font.o
[AS ]	Fonts/build/GlyphText/FontText_7728.font.o
[AS ]	Fonts/build/GlyphText/FontText_548B.font.o
[AS ]	Fonts/build/GlyphText/FontText_4E4D.font.o
[AS ]	Fonts/build/GlyphText/FontText_6458.font.o
[AS ]	Fonts/build/GlyphText/FontText_5B85.font.o
[AS ]	Fonts/build/GlyphText/FontText_7A84.font.o
[AS ]	Fonts/build/GlyphText/FontText_503A.font.o
[AS ]	Fonts/build/GlyphText/FontText_5BE8.font.o
[AS ]	Fonts/build/GlyphText/FontText_77BB.font.o
[AS ]	Fonts/build/GlyphText/FontText_7C98.font.o
[AS ]	Fonts/build/GlyphText/FontText_6CBE.font.o
[AS ]	Fonts/build/GlyphText/FontText_65A9.font.o
[AS ]	Fonts/build/GlyphText/FontText_5C55.font.o
[AS ]	Fonts/build/GlyphText/FontText_5360.font.o
[AS ]	Fonts/build/GlyphText/FontText_6218.font.o
[AS ]	Fonts/build/GlyphText/FontText_7AD9.font.o
[AS ]	Fonts/build/GlyphText/FontText_7EFD.font.o
[AS ]	Fonts/build/GlyphText/FontText_7AE0.font.o
[AS ]	Fonts/build/GlyphText/FontText_5F70.font.o
[AS ]	Fonts/build/GlyphText/FontText_5F20.font.o
[AS ]	Fonts/build/GlyphText/FontText_638C.font.o
[AS ]	Fonts/build/GlyphText/FontText_6DA8.font.o
[AS ]	Fonts/build/GlyphText/FontText_6756.font.o
[AS ]	Fonts/build/GlyphText/FontText_4E08.font.o
[AS ]	Fonts/build/GlyphText/FontText_5E10.font.o
[AS ]	Fonts/build/GlyphText/FontText_4ED7.font.o
[AS ]	Fonts/build/GlyphText/FontText_969C.font.o
[AS ]	Fonts/build/GlyphText/FontText_62DB.font.o
[AS ]	Fonts/build/GlyphText/FontText_627E.font.o
[AS ]	Fonts/build/GlyphText/FontText_7167.font.o
[AS ]	Fonts/build/GlyphText/FontText_5146.font.o
[AS ]	Fonts/build/GlyphText/FontText_53EC.font.o
[AS ]	Fonts/build/GlyphText/FontText_906E.font.o
[AS ]	Fonts/build/GlyphText/FontText_6298.font.o
[AS ]	Fonts/build/GlyphText/FontText_8005.font.o
[AS ]	Fonts/build/GlyphText/FontText_8FD9.font.o
[AS ]	Fonts/build/GlyphText/FontText_73CD.font.o
[AS ]	Fonts/build/GlyphText/FontText_771F.font.o
[AS ]	Fonts/build/GlyphText/FontText_9488.font.o
[AS ]	Fonts/build/GlyphText/FontText_4FA6.font.o
[AS ]	Fonts/build/GlyphText/FontText_9707.font.o
[AS ]	Fonts/build/GlyphText/FontText_632F.font.o
[AS ]	Fonts/build/GlyphText/FontText_9547.font.o
[AS ]	Fonts/build/GlyphText/FontText_9635.font.o
[AS ]	Fonts/build/GlyphText/FontText_6323.font.o
[AS ]	Fonts/build/GlyphText/FontText_7741.font.o
[AS ]	Fonts/build/GlyphText/FontText_5F81.font.o
[AS ]	Fonts/build/GlyphText/FontText_4E89.font.o
[AS ]	Fonts/build/GlyphText/FontText_6574.font.o
[AS ]	Fonts/build/GlyphText/FontText_62EF.font.o
[AS ]	Fonts/build/GlyphText/FontText_6B63.font.o
[AS ]	Fonts/build/GlyphText/FontText_653F.font.o
[AS ]	Fonts/build/GlyphText/FontText_75C7.font.o
[AS ]	Fonts/build/GlyphText/FontText_90D1.font.o
[AS ]	Fonts/build/GlyphText/FontText_8BC1.font.o
[AS ]	Fonts/build/GlyphText/FontText_679D.font.o
[AS ]	Fonts/build/GlyphText/FontText_652F.font.o
[AS ]	Fonts/build/GlyphText/FontText_77E5.font.o
[AS ]	Fonts/build/GlyphText/FontText_4E4B.font.o
[AS ]	Fonts/build/GlyphText/FontText_8102.font.o
[AS ]	Fonts/build/GlyphText/FontText_7EC7.font.o
[AS ]	Fonts/build/GlyphText/FontText_804C.font.o
[AS ]	Fonts/build/GlyphText/FontText_76F4.font.o
[AS ]	Fonts/build/GlyphText/FontText_690D.font.o
[AS ]	Fonts/build/GlyphText/FontText_6B96.font.o
[AS ]	Fonts/build/GlyphText/FontText_6267.font.o
[AS ]	Fonts/build/GlyphText/FontText_503C.font.o
[AS ]	Fonts/build/GlyphText/FontText_5740.font.o
[AS ]	Fonts/build/GlyphText/FontText_6307.font.o
[AS ]	Fonts/build/GlyphText/FontText_6B62.font.o
[AS ]	Fonts/build/GlyphText/FontText_8DBE.font.o
[AS ]	Fonts/build/GlyphText/FontText_53EA.font.o
[AS ]	Fonts/build/GlyphText/FontText_65E8.font.o
[AS ]	Fonts/build/GlyphText/FontText_7EB8.font.o
[AS ]	Fonts/build/GlyphText/FontText_5FD7.font.o
[AS ]	Fonts/build/GlyphText/FontText_631A.font.o
[AS ]	Fonts/build/GlyphText/FontText_63B7.font.o
[AS ]	Fonts/build/GlyphText/FontText_81F3.font.o
[AS ]	Fonts/build/GlyphText/FontText_81F4.font.o
[AS ]	Fonts/build/GlyphText/FontText_7F6E.font.o
[AS ]	Fonts/build/GlyphText/FontText_5236.font.o
[AS ]	Fonts/build/GlyphText/FontText_667A.font.o
[AS ]	Fonts/build/GlyphText/FontText_79E9.font.o
[AS ]	Fonts/build/GlyphText/FontText_7A1A.font.o
[AS ]	Fonts/build/GlyphText/FontText_8D28.font.o
[AS ]	Fonts/build/GlyphText/FontText_6CBB.font.o
[AS ]	Fonts/build/GlyphText/FontText_4E2D.font.o
[AS ]	Fonts/build/GlyphText/FontText_5FE0.font.o
[AS ]	Fonts/build/GlyphText/FontText_949F.font.o
[AS ]	Fonts/build/GlyphText/FontText_8877.font.o
[AS ]	Fonts/build/GlyphText/FontText_7EC8.font.o
[AS ]	Fonts/build/GlyphText/FontText_79CD.font.o
[AS ]	Fonts/build/GlyphText/FontText_91CD.font.o
[AS ]	Fonts/build/GlyphText/FontText_4F17.font.o
[AS ]	Fonts/build/GlyphText/FontText_5468.font.o
[AS ]	Fonts/build/GlyphText/FontText_6D32.font.o
[AS ]	Fonts/build/GlyphText/FontText_5492.font.o
[AS ]	Fonts/build/GlyphText/FontText_76B1.font.o
[AS ]	Fonts/build/GlyphText/FontText_5B99.font.o
[AS ]	Fonts/build/GlyphText/FontText_663C.font.o
[AS ]	Fonts/build/GlyphText/FontText_73E0.font.o
[AS ]	Fonts/build/GlyphText/FontText_6731.font.o
[AS ]	Fonts/build/GlyphText/FontText_732A.font.o
[AS ]	Fonts/build/GlyphText/FontText_8BF8.font.o
[AS ]	Fonts/build/GlyphText/FontText_9010.font.o
[AS ]	Fonts/build/GlyphText/FontText_7AF9.font.o
[AS ]	Fonts/build/GlyphText/FontText_5631.font.o
[AS ]	Fonts/build/GlyphText/FontText_4E3B.font.o
[AS ]	Fonts/build/GlyphText/FontText_8457.font.o
[AS ]	Fonts/build/GlyphText/FontText_67F1.font.o
[AS ]	Fonts/build/GlyphText/FontText_52A9.font.o
[AS ]	Fonts/build/GlyphText/FontText_4F4F.font.o
[AS ]	Fonts/build/GlyphText/FontText_6CE8.font.o
[AS ]	Fonts/build/GlyphText/FontText_795D.font.o
[AS ]	Fonts/build/GlyphText/FontText_9A7B.font.o
[AS ]	Fonts/build/GlyphText/FontText_6293.font.o
[AS ]	Fonts/build/GlyphText/FontText_722A.font.o
[AS ]	Fonts/build/GlyphText/FontText_62FD.font.o
[AS ]	Fonts/build/GlyphText/FontText_4E13.font.o
[AS ]	Fonts/build/GlyphText/FontText_8F6C.font.o
[AS ]	Fonts/build/GlyphText/FontText_8D5A.font.o
[AS ]	Fonts/build/GlyphText/FontText_5E84.font.o
[AS ]	Fonts/build/GlyphText/FontText_88C5.font.o
[AS ]	Fonts/build/GlyphText/FontText_649E.font.o
[AS ]	Fonts/build/GlyphText/FontText_58EE.font.o
[AS ]	Fonts/build/GlyphText/FontText_72B6.font.o
[AS ]	Fonts/build/GlyphText/FontText_8FFD.font.o
[AS ]	Fonts/build/GlyphText/FontText_5760.font.o
[AS ]	Fonts/build/GlyphText/FontText_51C6.font.o
[AS ]	Fonts/build/GlyphText/FontText_6349.font.o
[AS ]	Fonts/build/GlyphText/FontText_684C.font.o
[AS ]	Fonts/build/GlyphText/FontText_7422.font.o
[AS ]	Fonts/build/GlyphText/FontText_707C.font.o
[AS ]	Fonts/build/GlyphText/FontText_7740.font.o
[AS ]	Fonts/build/GlyphText/FontText_5179.font.o
[AS ]	Fonts/build/GlyphText/FontText_8D44.font.o
[AS ]	Fonts/build/GlyphText/FontText_59FF.font.o
[AS ]	Fonts/build/GlyphText/FontText_6ECB.font.o
[AS ]	Fonts/build/GlyphText/FontText_4ED4.font.o
[AS ]	Fonts/build/GlyphText/FontText_5B50.font.o
[AS ]	Fonts/build/GlyphText/FontText_81EA.font.o
[AS ]	Fonts/build/GlyphText/FontText_5B57.font.o
[AS ]	Fonts/build/GlyphText/FontText_8E2A.font.o
[AS ]	Fonts/build/GlyphText/FontText_7EFC.font.o
[AS ]	Fonts/build/GlyphText/FontText_7EB5.font.o
[AS ]	Fonts/build/GlyphText/FontText_603B.font.o
[AS ]	Fonts/build/GlyphText/FontText_8D70.font.o
[AS ]	Fonts/build/GlyphText/FontText_594F.font.o
[AS ]	Fonts/build/GlyphText/FontText_63CD.font.o
[AS ]	Fonts/build/GlyphText/FontText_8DB3.font.o
[AS ]	Fonts/build/GlyphText/FontText_5352.font.o
[AS ]	Fonts/build/GlyphText/FontText_65CF.font.o
[AS ]	Fonts/build/GlyphText/FontText_7956.font.o
[AS ]	Fonts/build/GlyphText/FontText_8BC5.font.o
[AS ]	Fonts/build/GlyphText/FontText_963B.font.o
[AS ]	Fonts/build/GlyphText/FontText_7EC4.font.o
[AS ]	Fonts/build/GlyphText/FontText_94BB.font.o
[AS ]	Fonts/build/GlyphText/FontText_5634.font.o
[AS ]	Fonts/build/GlyphText/FontText_6700.font.o
[AS ]	Fonts/build/GlyphText/FontText_7F6A.font.o
[AS ]	Fonts/build/GlyphText/FontText_5C0A.font.o
[AS ]	Fonts/build/GlyphText/FontText_9075.font.o
[AS ]	Fonts/build/GlyphText/FontText_6628.font.o
[AS ]	Fonts/build/GlyphText/FontText_5DE6.font.o
[AS ]	Fonts/build/GlyphText/FontText_4F50.font.o
[AS ]	Fonts/build/GlyphText/FontText_505A.font.o
[AS ]	Fonts/build/GlyphText/FontText_4F5C.font.o
[AS ]	Fonts/build/GlyphText/FontText_5750.font.o
[AS ]	Fonts/build/GlyphText/FontText_5EA7.font.o
[AS ]	Fonts/build/GlyphText/FontText_53AE.font.o
[AS ]	Fonts/build/GlyphText/FontText_502D.font.o
[AS ]	Fonts/build/GlyphText/FontText_516E.font.o
[AS ]	Fonts/build/GlyphText/FontText_4EB5.font.o
[AS ]	Fonts/build/GlyphText/FontText_7980.font.o
[AS ]	Fonts/build/GlyphText/FontText_51A5.font.o
[AS ]	Fonts/build/GlyphText/FontText_8BAA.font.o
[AS ]	Fonts/build/GlyphText/FontText_8C19.font.o
[AS ]	Fonts/build/GlyphText/FontText_9631.font.o
[AS ]	Fonts/build/GlyphText/FontText_831C.font.o
[AS ]	Fonts/build/GlyphText/FontText_90B8.font.o
[AS ]	Fonts/build/GlyphText/FontText_8403.font.o
[AS ]	Fonts/build/GlyphText/FontText_53FD.font.o
[AS ]	Fonts/build/GlyphText/FontText_53E8.font.o
[AS ]	Fonts/build/GlyphText/FontText_5416.font.o
[AS ]	Fonts/build/GlyphText/FontText_5443.font.o
[AS ]	Fonts/build/GlyphText/FontText_5471.font.o
[AS ]	Fonts/build/GlyphText/FontText_54A6.font.o
[AS ]	Fonts/build/GlyphText/FontText_5520.font.o
[AS ]	Fonts/build/GlyphText/FontText_5514.font.o
[AS ]	Fonts/build/GlyphText/FontText_5567.font.o
[AS ]	Fonts/build/GlyphText/FontText_5594.font.o
[AS ]	Fonts/build/GlyphText/FontText_55E6.font.o
[AS ]	Fonts/build/GlyphText/FontText_55EF.font.o
[AS ]	Fonts/build/GlyphText/FontText_5601.font.o
[AS ]	Fonts/build/GlyphText/FontText_5657.font.o
[AS ]	Fonts/build/GlyphText/FontText_5E37.font.o
[AS ]	Fonts/build/GlyphText/FontText_5C9A.font.o
[AS ]	Fonts/build/GlyphText/FontText_60D8.font.o
[AS ]	Fonts/build/GlyphText/FontText_6115.font.o
[AS ]	Fonts/build/GlyphText/FontText_6123.font.o
[AS ]	Fonts/build/GlyphText/FontText_6C8C.font.o
[AS ]	Fonts/build/GlyphText/FontText_6E0E.font.o
[AS ]	Fonts/build/GlyphText/FontText_5F29.font.o
[AS ]	Fonts/build/GlyphText/FontText_5A05.font.o
[AS ]	Fonts/build/GlyphText/FontText_7EA3.font.o
[AS ]	Fonts/build/GlyphText/FontText_7F07.font.o
[AS ]	Fonts/build/GlyphText/FontText_7F2A.font.o
[AS ]	Fonts/build/GlyphText/FontText_73C2.font.o
[AS ]	Fonts/build/GlyphText/FontText_73C0.font.o
[AS ]	Fonts/build/GlyphText/FontText_67AD.font.o
[AS ]	Fonts/build/GlyphText/FontText_89CA.font.o
[AS ]	Fonts/build/GlyphText/FontText_89CE.font.o
[AS ]	Fonts/build/GlyphText/FontText_6555.font.o
[AS ]	Fonts/build/GlyphText/FontText_80E7.font.o
[AS ]	Fonts/build/GlyphText/FontText_6726.font.o
[AS ]	Fonts/build/GlyphText/FontText_70AB.font.o
[AS ]	Fonts/build/GlyphText/FontText_6249.font.o
[AS ]	Fonts/build/GlyphText/FontText_7826.font.o
[AS ]	Fonts/build/GlyphText/FontText_777F.font.o
[AS ]	Fonts/build/GlyphText/FontText_7F81.font.o
[AS ]	Fonts/build/GlyphText/FontText_94E0.font.o
[AS ]	Fonts/build/GlyphText/FontText_9556.font.o
[AS ]	Fonts/build/GlyphText/FontText_956F.font.o
[AS ]	Fonts/build/GlyphText/FontText_9573.font.o
[AS ]	Fonts/build/GlyphText/FontText_9E6B.font.o
[AS ]	Fonts/build/GlyphText/FontText_7620.font.o
[AS ]	Fonts/build/GlyphText/FontText_8654.font.o
[AS ]	Fonts/build/GlyphText/FontText_871A.font.o
[AS ]	Fonts/build/GlyphText/FontText_8E42.font.o
[AS ]	Fonts/build/GlyphText/FontText_8E8F.font.o
[AS ]	Fonts/build/GlyphText/FontText_96BC.font.o
[AS ]	Fonts/build/GlyphText/FontText_9B45.font.o
[AS ]	Fonts/build/GlyphText/FontText_9EBE.font.o
[AS ]	Fonts/build/GlyphText/FontText_7691.font.o
[AS ]	Fonts/build/GlyphText/FontText_4FFA.font.o
[AS ]	Fonts/build/GlyphText/FontText_6602.font.o
[AS ]	Fonts/build/GlyphText/FontText_71AC.font.o
[AS ]	Fonts/build/GlyphText/FontText_6252.font.o
[AS ]	Fonts/build/GlyphText/FontText_75A4.font.o
[AS ]	Fonts/build/GlyphText/FontText_72C8.font.o
[AS ]	Fonts/build/GlyphText/FontText_7119.font.o
[AS ]	Fonts/build/GlyphText/FontText_7EF7.font.o
[AS ]	Fonts/build/GlyphText/FontText_752D.font.o
[AS ]	Fonts/build/GlyphText/FontText_6BD9.font.o
[AS ]	Fonts/build/GlyphText/FontText_75F9.font.o
[AS ]	Fonts/build/GlyphText/FontText_8F9F.font.o
[AS ]	Fonts/build/GlyphText/FontText_6241.font.o
[AS ]	Fonts/build/GlyphText/FontText_8FA9.font.o
[AS ]	Fonts/build/GlyphText/FontText_4E19.font.o
[AS ]	Fonts/build/GlyphText/FontText_79C9.font.o
[AS ]	Fonts/build/GlyphText/FontText_62E8.font.o
[AS ]	Fonts/build/GlyphText/FontText_818A.font.o
[AS ]	Fonts/build/GlyphText/FontText_731C.font.o
[AS ]	Fonts/build/GlyphText/FontText_60ED.font.o
[AS ]	Fonts/build/GlyphText/FontText_707F.font.o
[AS ]	Fonts/build/GlyphText/FontText_8231.font.o
[AS ]	Fonts/build/GlyphText/FontText_4ED3.font.o
[AS ]	Fonts/build/GlyphText/FontText_518C.font.o
[AS ]	Fonts/build/GlyphText/FontText_63D2.font.o
[AS ]	Fonts/build/GlyphText/FontText_62C6.font.o
[AS ]	Fonts/build/GlyphText/FontText_63BA.font.o
[AS ]	Fonts/build/GlyphText/FontText_7316.font.o
[AS ]	Fonts/build/GlyphText/FontText_655E.font.o
[AS ]	Fonts/build/GlyphText/FontText_5632.font.o
[AS ]	Fonts/build/GlyphText/FontText_7092.font.o
[AS ]	Fonts/build/GlyphText/FontText_6F88.font.o
[AS ]	Fonts/build/GlyphText/FontText_6668.font.o
[AS ]	Fonts/build/GlyphText/FontText_5FF1.font.o
[AS ]	Fonts/build/GlyphText/FontText_9648.font.o
[AS ]	Fonts/build/GlyphText/FontText_886C.font.o
[AS ]	Fonts/build/GlyphText/FontText_9F7F.font.o
[AS ]	Fonts/build/GlyphText/FontText_4F88.font.o
[AS ]	Fonts/build/GlyphText/FontText_866B.font.o
[AS ]	Fonts/build/GlyphText/FontText_5D07.font.o
[AS ]	Fonts/build/GlyphText/FontText_62BD.font.o
[AS ]	Fonts/build/GlyphText/FontText_7B79.font.o
[AS ]	Fonts/build/GlyphText/FontText_78BA.font.o
[AS ]	Fonts/build/GlyphText/FontText_63E3.font.o
[AS ]	Fonts/build/GlyphText/FontText_75AE.font.o
[AS ]	Fonts/build/GlyphText/FontText_6376.font.o
[AS ]	Fonts/build/GlyphText/FontText_7EF0.font.o
[AS ]	Fonts/build/GlyphText/FontText_5507.font.o
[AS ]	Fonts/build/GlyphText/FontText_4E1B.font.o
[AS ]	Fonts/build/GlyphText/FontText_51D1.font.o
[AS ]	Fonts/build/GlyphText/FontText_4FC3.font.o
[AS ]	Fonts/build/GlyphText/FontText_7BE1.font.o
[AS ]	Fonts/build/GlyphText/FontText_50AC.font.o
[AS ]	Fonts/build/GlyphText/FontText_63AA.font.o
[AS ]	Fonts/build/GlyphText/FontText_803D.font.o
[AS ]	Fonts/build/GlyphText/FontText_4E39.font.o
[AS ]	Fonts/build/GlyphText/FontText_5F39.font.o
[AS ]	Fonts/build/GlyphText/FontText_6EF4.font.o
[AS ]	Fonts/build/GlyphText/FontText_60BC.font.o
[AS ]	Fonts/build/GlyphText/FontText_7B1B.font.o
[AS ]	Fonts/build/GlyphText/FontText_5E1D.font.o
[AS ]	Fonts/build/GlyphText/FontText_5178.font.o
[AS ]	Fonts/build/GlyphText/FontText_60E6.font.o
[AS ]	Fonts/build/GlyphText/FontText_5960.font.o
[AS ]	Fonts/build/GlyphText/FontText_7239.font.o
[AS ]	Fonts/build/GlyphText/FontText_53E0.font.o
[AS ]	Fonts/build/GlyphText/FontText_53EE.font.o
[AS ]	Fonts/build/GlyphText/FontText_4E01.font.o
[AS ]	Fonts/build/GlyphText/FontText_680B.font.o
[AS ]	Fonts/build/GlyphText/FontText_9661.font.o
[AS ]	Fonts/build/GlyphText/FontText_7779.font.o
[AS ]	Fonts/build/GlyphText/FontText_54C6.font.o
[AS ]	Fonts/build/GlyphText/FontText_5241.font.o
[AS ]	Fonts/build/GlyphText/FontText_989D.font.o
[AS ]	Fonts/build/GlyphText/FontText_904F.font.o
[AS ]	Fonts/build/GlyphText/FontText_9975.font.o
[AS ]	Fonts/build/GlyphText/FontText_4E4F.font.o
[AS ]	Fonts/build/GlyphText/FontText_5E06.font.o
[AS ]	Fonts/build/GlyphText/FontText_6CDB.font.o
[AS ]	Fonts/build/GlyphText/FontText_80A5.font.o
[AS ]	Fonts/build/GlyphText/FontText_80BA.font.o
[AS ]	Fonts/build/GlyphText/FontText_575F.font.o
[AS ]	Fonts/build/GlyphText/FontText_7EB7.font.o
[AS ]	Fonts/build/GlyphText/FontText_711A.font.o
[AS ]	Fonts/build/GlyphText/FontText_8702.font.o
[AS ]	Fonts/build/GlyphText/FontText_5CF0.font.o
[AS ]	Fonts/build/GlyphText/FontText_4F5B.font.o
[AS ]	Fonts/build/GlyphText/FontText_6577.font.o
[AS ]	Fonts/build/GlyphText/FontText_88B1.font.o
[AS ]	Fonts/build/GlyphText/FontText_5085.font.o
[AS ]	Fonts/build/GlyphText/FontText_8179.font.o
[AS ]	Fonts/build/GlyphText/FontText_560E.font.o
[AS ]	Fonts/build/GlyphText/FontText_809D.font.o
[AS ]	Fonts/build/GlyphText/FontText_5C97.font.o
[AS ]	Fonts/build/GlyphText/FontText_6E2F.font.o
[AS ]	Fonts/build/GlyphText/FontText_6401.font.o
[AS ]	Fonts/build/GlyphText/FontText_80F3.font.o
[AS ]	Fonts/build/GlyphText/FontText_5272.font.o
[AS ]	Fonts/build/GlyphText/FontText_7FB9.font.o
[AS ]	Fonts/build/GlyphText/FontText_6897.font.o
[AS ]	Fonts/build/GlyphText/FontText_94A9.font.o
[AS ]	Fonts/build/GlyphText/FontText_6C9F.font.o
[AS ]	Fonts/build/GlyphText/FontText_82DF.font.o
[AS ]	Fonts/build/GlyphText/FontText_5495.font.o
[AS ]	Fonts/build/GlyphText/FontText_5BE1.font.o
[AS ]	Fonts/build/GlyphText/FontText_62D0.font.o
[AS ]	Fonts/build/GlyphText/FontText_901B.font.o
[AS ]	Fonts/build/GlyphText/FontText_95FA.font.o
[AS ]	Fonts/build/GlyphText/FontText_8DEA.font.o
[AS ]	Fonts/build/GlyphText/FontText_68CD.font.o
[AS ]	Fonts/build/GlyphText/FontText_9505.font.o
[AS ]	Fonts/build/GlyphText/FontText_9163.font.o
[AS ]	Fonts/build/GlyphText/FontText_9AB8.font.o
[AS ]	Fonts/build/GlyphText/FontText_79BE.font.o
[AS ]	Fonts/build/GlyphText/FontText_8C89.font.o
[AS ]	Fonts/build/GlyphText/FontText_54C4.font.o
[AS ]	Fonts/build/GlyphText/FontText_70D8.font.o
[AS ]	Fonts/build/GlyphText/FontText_5589.font.o
[AS ]	Fonts/build/GlyphText/FontText_72D0.font.o
[AS ]	Fonts/build/GlyphText/FontText_552C.font.o
[AS ]	Fonts/build/GlyphText/FontText_54D7.font.o
[AS ]	Fonts/build/GlyphText/FontText_6ED1.font.o
[AS ]	Fonts/build/GlyphText/FontText_8BB3.font.o
[AS ]	Fonts/build/GlyphText/FontText_6D51.font.o
[AS ]	Fonts/build/GlyphText/FontText_8C41.font.o
[AS ]	Fonts/build/GlyphText/FontText_970D.font.o
[AS ]	Fonts/build/GlyphText/FontText_7A3D.font.o
[AS ]	Fonts/build/GlyphText/FontText_8F91.font.o
[AS ]	Fonts/build/GlyphText/FontText_6324.font.o
[AS ]	Fonts/build/GlyphText/FontText_5B63.font.o
[AS ]	Fonts/build/GlyphText/FontText_5FCC.font.o
[AS ]	Fonts/build/GlyphText/FontText_8D3E.font.o
[AS ]	Fonts/build/GlyphText/FontText_714E.font.o
[AS ]	Fonts/build/GlyphText/FontText_68C0.font.o
[AS ]	Fonts/build/GlyphText/FontText_4FED.font.o
[AS ]	Fonts/build/GlyphText/FontText_62E3.font.o
[AS ]	Fonts/build/GlyphText/FontText_8DF5.font.o
[AS ]	Fonts/build/GlyphText/FontText_7D50.font.o
[AS ]	Fonts/build/GlyphText/FontText_8230.font.o
[AS ]	Fonts/build/GlyphText/FontText_50F5.font.o
[AS ]	Fonts/build/GlyphText/FontText_6D46.font.o
[AS ]	Fonts/build/GlyphText/FontText_6868.font.o
[AS ]	Fonts/build/GlyphText/FontText_9171.font.o
[AS ]	Fonts/build/GlyphText/FontText_7EDE.font.o
[AS ]	Fonts/build/GlyphText/FontText_63ED.font.o
[AS ]	Fonts/build/GlyphText/FontText_8857.font.o
[AS ]	Fonts/build/GlyphText/FontText_622A.font.o
[AS ]	Fonts/build/GlyphText/FontText_7B4B.font.o
[AS ]	Fonts/build/GlyphText/FontText_9526.font.o
[AS ]	Fonts/build/GlyphText/FontText_8346.font.o
[AS ]	Fonts/build/GlyphText/FontText_6676.font.o
[AS ]	Fonts/build/GlyphText/FontText_9888.font.o
[AS ]	Fonts/build/GlyphText/FontText_5F84.font.o
[AS ]	Fonts/build/GlyphText/FontText_759A.font.o
[AS ]	Fonts/build/GlyphText/FontText_53A9.font.o
[AS ]	Fonts/build/GlyphText/FontText_4FF1.font.o
[AS ]	Fonts/build/GlyphText/FontText_6350.font.o
[AS ]	Fonts/build/GlyphText/FontText_6398.font.o
[AS ]	Fonts/build/GlyphText/FontText_5014.font.o
[AS ]	Fonts/build/GlyphText/FontText_94A7.font.o
[AS ]	Fonts/build/GlyphText/FontText_5580.font.o
[AS ]	Fonts/build/GlyphText/FontText_6177.font.o
[AS ]	Fonts/build/GlyphText/FontText_625B.font.o
[AS ]	Fonts/build/GlyphText/FontText_70E4.font.o
[AS ]	Fonts/build/GlyphText/FontText_58F3.font.o
[AS ]	Fonts/build/GlyphText/FontText_6E34.font.o
[AS ]	Fonts/build/GlyphText/FontText_57AE.font.o
[AS ]	Fonts/build/GlyphText/FontText_8DE8.font.o
[AS ]	Fonts/build/GlyphText/FontText_6B3E.font.o
[AS ]	Fonts/build/GlyphText/FontText_6846.font.o
[AS ]	Fonts/build/GlyphText/FontText_65F7.font.o
[AS ]	Fonts/build/GlyphText/FontText_5A6A.font.o
[AS ]	Fonts/build/GlyphText/FontText_62E6.font.o
[AS ]	Fonts/build/GlyphText/FontText_635E.font.o
[AS ]	Fonts/build/GlyphText/FontText_808B.font.o
[AS ]	Fonts/build/GlyphText/FontText_9ECE.font.o
[AS ]	Fonts/build/GlyphText/FontText_7BF1.font.o
[AS ]	Fonts/build/GlyphText/FontText_72F8.font.o
[AS ]	Fonts/build/GlyphText/FontText_6F13.font.o
[AS ]	Fonts/build/GlyphText/FontText_674E.font.o
[AS ]	Fonts/build/GlyphText/FontText_6817.font.o
[AS ]	Fonts/build/GlyphText/FontText_5EC9.font.o
[AS ]	Fonts/build/GlyphText/FontText_655B.font.o
[AS ]	Fonts/build/GlyphText/FontText_6482.font.o
[AS ]	Fonts/build/GlyphText/FontText_7433.font.o
[AS ]	Fonts/build/GlyphText/FontText_6DCB.font.o
[AS ]	Fonts/build/GlyphText/FontText_62CE.font.o
[AS ]	Fonts/build/GlyphText/FontText_9675.font.o
[AS ]	Fonts/build/GlyphText/FontText_5499.font.o
[AS ]	Fonts/build/GlyphText/FontText_62E2.font.o
[AS ]	Fonts/build/GlyphText/FontText_7089.font.o
[AS ]	Fonts/build/GlyphText/FontText_63B3.font.o
[AS ]	Fonts/build/GlyphText/FontText_788C.font.o
[AS ]	Fonts/build/GlyphText/FontText_622E.font.o
[AS ]	Fonts/build/GlyphText/FontText_9A74.font.o
[AS ]	Fonts/build/GlyphText/FontText_63A0.font.o
[AS ]	Fonts/build/GlyphText/FontText_841D.font.o
[AS ]	Fonts/build/GlyphText/FontText_903B.font.o
[AS ]	Fonts/build/GlyphText/FontText_9AA1.font.o
[AS ]	Fonts/build/GlyphText/FontText_9992.font.o
[AS ]	Fonts/build/GlyphText/FontText_66FC.font.o
[AS ]	Fonts/build/GlyphText/FontText_77DB.font.o
[AS ]	Fonts/build/GlyphText/FontText_8D38.font.o
[AS ]	Fonts/build/GlyphText/FontText_679A.font.o
[AS ]	Fonts/build/GlyphText/FontText_5BD0.font.o
[AS ]	Fonts/build/GlyphText/FontText_772F.font.o
[AS ]	Fonts/build/GlyphText/FontText_89C5.font.o
[AS ]	Fonts/build/GlyphText/FontText_871C.font.o
[AS ]	Fonts/build/GlyphText/FontText_7EF5.font.o
[AS ]	Fonts/build/GlyphText/FontText_79D2.font.o
[AS ]	Fonts/build/GlyphText/FontText_8511.font.o
[AS ]	Fonts/build/GlyphText/FontText_60AF.font.o
[AS ]	Fonts/build/GlyphText/FontText_62BF.font.o
[AS ]	Fonts/build/GlyphText/FontText_9E23.font.o
[AS ]	Fonts/build/GlyphText/FontText_94ED.font.o
[AS ]	Fonts/build/GlyphText/FontText_6469.font.o
[AS ]	Fonts/build/GlyphText/FontText_5893.font.o
[AS ]	Fonts/build/GlyphText/FontText_52DF.font.o
[AS ]	Fonts/build/GlyphText/FontText_5450.font.o
[AS ]	Fonts/build/GlyphText/FontText_4E43.font.o
[AS ]	Fonts/build/GlyphText/FontText_56CA.font.o
[AS ]	Fonts/build/GlyphText/FontText_9981.font.o
[AS ]	Fonts/build/GlyphText/FontText_817B.font.o
[AS ]	Fonts/build/GlyphText/FontText_9006.font.o
[AS ]	Fonts/build/GlyphText/FontText_6EBA.font.o
[AS ]	Fonts/build/GlyphText/FontText_634F.font.o
[AS ]	Fonts/build/GlyphText/FontText_5B7D.font.o
[AS ]	Fonts/build/GlyphText/FontText_6BB4.font.o
[AS ]	Fonts/build/GlyphText/FontText_556A.font.o
[AS ]	Fonts/build/GlyphText/FontText_8DB4.font.o
[AS ]	Fonts/build/GlyphText/FontText_5E15.font.o
[AS ]	Fonts/build/GlyphText/FontText_5486.font.o
[AS ]	Fonts/build/GlyphText/FontText_70AE.font.o
[AS ]	Fonts/build/GlyphText/FontText_6C9B.font.o
[AS ]	Fonts/build/GlyphText/FontText_7BF7.font.o
[AS ]	Fonts/build/GlyphText/FontText_5288.font.o
[AS ]	Fonts/build/GlyphText/FontText_8B6C.font.o
[AS ]	Fonts/build/GlyphText/FontText_7BC7.font.o
[AS ]	Fonts/build/GlyphText/FontText_7968.font.o
[AS ]	Fonts/build/GlyphText/FontText_6487.font.o
[AS ]	Fonts/build/GlyphText/FontText_840D.font.o
[AS ]	Fonts/build/GlyphText/FontText_82F9.font.o
[AS ]	Fonts/build/GlyphText/FontText_9887.font.o
[AS ]	Fonts/build/GlyphText/FontText_8C31.font.o
[AS ]	Fonts/build/GlyphText/FontText_621A.font.o
[AS ]	Fonts/build/GlyphText/FontText_83E9.font.o
[AS ]	Fonts/build/GlyphText/FontText_51C4.font.o
[AS ]	Fonts/build/GlyphText/FontText_6B67.font.o
[AS ]	Fonts/build/GlyphText/FontText_65D7.font.o
[AS ]	Fonts/build/GlyphText/FontText_4F01.font.o
[AS ]	Fonts/build/GlyphText/FontText_6070.font.o
[AS ]	Fonts/build/GlyphText/FontText_6D3D.font.o
[AS ]	Fonts/build/GlyphText/FontText_4E54.font.o
[AS ]	Fonts/build/GlyphText/FontText_545B.font.o
[AS ]	Fonts/build/GlyphText/FontText_9798.font.o
[AS ]	Fonts/build/GlyphText/FontText_5CED.font.o
[AS ]	Fonts/build/GlyphText/FontText_7A83.font.o
[AS ]	Fonts/build/GlyphText/FontText_94A6.font.o
[AS ]	Fonts/build/GlyphText/FontText_64D2.font.o
[AS ]	Fonts/build/GlyphText/FontText_79BD.font.o
[AS ]	Fonts/build/GlyphText/FontText_79CB.font.o
[AS ]	Fonts/build/GlyphText/FontText_4E18.font.o
[AS ]	Fonts/build/GlyphText/FontText_7403.font.o
[AS ]	Fonts/build/GlyphText/FontText_8D8B.font.o
[AS ]	Fonts/build/GlyphText/FontText_6CC9.font.o
[AS ]	Fonts/build/GlyphText/FontText_72AC.font.o
[AS ]	Fonts/build/GlyphText/FontText_67D3.font.o
[AS ]	Fonts/build/GlyphText/FontText_58E4.font.o
[AS ]	Fonts/build/GlyphText/FontText_6EB6.font.o
[AS ]	Fonts/build/GlyphText/FontText_6851.font.o
[AS ]	Fonts/build/GlyphText/FontText_745F.font.o
[AS ]	Fonts/build/GlyphText/FontText_838E.font.o
[AS ]	Fonts/build/GlyphText/FontText_7802.font.o
[AS ]	Fonts/build/GlyphText/FontText_715E.font.o
[AS ]	Fonts/build/GlyphText/FontText_6652.font.o
[AS ]	Fonts/build/GlyphText/FontText_717D.font.o
[AS ]	Fonts/build/GlyphText/FontText_6247.font.o
[AS ]	Fonts/build/GlyphText/FontText_634E.font.o
[AS ]	Fonts/build/GlyphText/FontText_5962.font.o
[AS ]	Fonts/build/GlyphText/FontText_8D66.font.o
[AS ]	Fonts/build/GlyphText/FontText_6444.font.o
[AS ]	Fonts/build/GlyphText/FontText_793E.font.o
[AS ]	Fonts/build/GlyphText/FontText_7533.font.o
[AS ]	Fonts/build/GlyphText/FontText_6E17.font.o
[AS ]	Fonts/build/GlyphText/FontText_7525.font.o
[AS ]	Fonts/build/GlyphText/FontText_7EF3.font.o
[AS ]	Fonts/build/GlyphText/FontText_8680.font.o
[AS ]	Fonts/build/GlyphText/FontText_67FF.font.o
[AS ]	Fonts/build/GlyphText/FontText_4ED5.font.o
[AS ]	Fonts/build/GlyphText/FontText_552E.font.o
[AS ]	Fonts/build/GlyphText/FontText_7626.font.o
[AS ]	Fonts/build/GlyphText/FontText_517D.font.o
[AS ]	Fonts/build/GlyphText/FontText_5B70.font.o
[AS ]	Fonts/build/GlyphText/FontText_7AD6.font.o
[AS ]	Fonts/build/GlyphText/FontText_77AC.font.o
[AS ]	Fonts/build/GlyphText/FontText_7855.font.o
[AS ]	Fonts/build/GlyphText/FontText_70C1.font.o
[AS ]	Fonts/build/GlyphText/FontText_6002.font.o
[AS ]	Fonts/build/GlyphText/FontText_9882.font.o
[AS ]	Fonts/build/GlyphText/FontText_8BF5.font.o
[AS ]	Fonts/build/GlyphText/FontText_8E4B.font.o
[AS ]	Fonts/build/GlyphText/FontText_6BEF.font.o
[AS ]	Fonts/build/GlyphText/FontText_8EBA.font.o
[AS ]	Fonts/build/GlyphText/FontText_6DCC.font.o
[AS ]	Fonts/build/GlyphText/FontText_70EB.font.o
[AS ]	Fonts/build/GlyphText/FontText_638F.font.o
[AS ]	Fonts/build/GlyphText/FontText_9676.font.o
[AS ]	Fonts/build/GlyphText/FontText_5254.font.o
[AS ]	Fonts/build/GlyphText/FontText_8E22.font.o
[AS ]	Fonts/build/GlyphText/FontText_6D95.font.o
[AS ]	Fonts/build/GlyphText/FontText_557C.font.o
[AS ]	Fonts/build/GlyphText/FontText_586B.font.o
[AS ]	Fonts/build/GlyphText/FontText_606C.font.o
[AS ]	Fonts/build/GlyphText/FontText_773A.font.o
[AS ]	Fonts/build/GlyphText/FontText_77B3.font.o
[AS ]	Fonts/build/GlyphText/FontText_7AE5.font.o
[AS ]	Fonts/build/GlyphText/FontText_79C3.font.o
[AS ]	Fonts/build/GlyphText/FontText_5C60.font.o
[AS ]	Fonts/build/GlyphText/FontText_5154.font.o
[AS ]	Fonts/build/GlyphText/FontText_59A5.font.o
[AS ]	Fonts/build/GlyphText/FontText_4E38.font.o
[AS ]	Fonts/build/GlyphText/FontText_6845.font.o
[AS ]	Fonts/build/GlyphText/FontText_60DF.font.o
[AS ]	Fonts/build/GlyphText/FontText_4F2A.font.o
[AS ]	Fonts/build/GlyphText/FontText_6170.font.o
[AS ]	Fonts/build/GlyphText/FontText_761F.font.o
[AS ]	Fonts/build/GlyphText/FontText_6DA1.font.o
[AS ]	Fonts/build/GlyphText/FontText_543E.font.o
[AS ]	Fonts/build/GlyphText/FontText_6614.font.o
[AS ]	Fonts/build/GlyphText/FontText_6790.font.o
[AS ]	Fonts/build/GlyphText/FontText_6670.font.o
[AS ]	Fonts/build/GlyphText/FontText_563B.font.o
[AS ]	Fonts/build/GlyphText/FontText_7A00.font.o
[AS ]	Fonts/build/GlyphText/FontText_819D.font.o
[AS ]	Fonts/build/GlyphText/FontText_867E.font.o
[AS ]	Fonts/build/GlyphText/FontText_6687.font.o
[AS ]	Fonts/build/GlyphText/FontText_7EA4.font.o
[AS ]	Fonts/build/GlyphText/FontText_54B8.font.o
[AS ]	Fonts/build/GlyphText/FontText_8854.font.o
[AS ]	Fonts/build/GlyphText/FontText_8237.font.o
[AS ]	Fonts/build/GlyphText/FontText_5DF7.font.o
[AS ]	Fonts/build/GlyphText/FontText_54EE.font.o
[AS ]	Fonts/build/GlyphText/FontText_8096.font.o
[AS ]	Fonts/build/GlyphText/FontText_6B47.font.o
[AS ]	Fonts/build/GlyphText/FontText_631F.font.o
[AS ]	Fonts/build/GlyphText/FontText_87F9.font.o
[AS ]	Fonts/build/GlyphText/FontText_85AA.font.o
[AS ]	Fonts/build/GlyphText/FontText_5211.font.o
[AS ]	Fonts/build/GlyphText/FontText_60FA.font.o
[AS ]	Fonts/build/GlyphText/FontText_55C5.font.o
[AS ]	Fonts/build/GlyphText/FontText_9508.font.o
[AS ]	Fonts/build/GlyphText/FontText_53D9.font.o
[AS ]	Fonts/build/GlyphText/FontText_6064.font.o
[AS ]	Fonts/build/GlyphText/FontText_7384.font.o
[AS ]	Fonts/build/GlyphText/FontText_7729.font.o
[AS ]	Fonts/build/GlyphText/FontText_7A74.font.o
[AS ]	Fonts/build/GlyphText/FontText_900A.font.o
[AS ]	Fonts/build/GlyphText/FontText_7109.font.o
[AS ]	Fonts/build/GlyphText/FontText_54BD.font.o
[AS ]	Fonts/build/GlyphText/FontText_6768.font.o
[AS ]	Fonts/build/GlyphText/FontText_5944.font.o
[AS ]	Fonts/build/GlyphText/FontText_54AC.font.o
[AS ]	Fonts/build/GlyphText/FontText_8036.font.o
[AS ]	Fonts/build/GlyphText/FontText_9875.font.o
[AS ]	Fonts/build/GlyphText/FontText_814B.font.o
[AS ]	Fonts/build/GlyphText/FontText_6905.font.o
[AS ]	Fonts/build/GlyphText/FontText_4EBF.font.o
[AS ]	Fonts/build/GlyphText/FontText_6BC5.font.o
[AS ]	Fonts/build/GlyphText/FontText_6EA2.font.o
[AS ]	Fonts/build/GlyphText/FontText_996E.font.o
[AS ]	Fonts/build/GlyphText/FontText_548F.font.o
[AS ]	Fonts/build/GlyphText/FontText_9E70.font.o
[AS ]	Fonts/build/GlyphText/FontText_6CF3.font.o
[AS ]	Fonts/build/GlyphText/FontText_6D8C.font.o
[AS ]	Fonts/build/GlyphText/FontText_607F.font.o
[AS ]	Fonts/build/GlyphText/FontText_903E.font.o
[AS ]	Fonts/build/GlyphText/FontText_5401.font.o
[AS ]	Fonts/build/GlyphText/FontText_5706.font.o
[AS ]	Fonts/build/GlyphText/FontText_8574.font.o
[AS ]	Fonts/build/GlyphText/FontText_54B1.font.o
[AS ]	Fonts/build/GlyphText/FontText_97F5.font.o
[AS ]	Fonts/build/GlyphText/FontText_846C.font.o
[AS ]	Fonts/build/GlyphText/FontText_51FF.font.o
[AS ]	Fonts/build/GlyphText/FontText_8E81.font.o
[AS ]	Fonts/build/GlyphText/FontText_71E5.font.o
[AS ]	Fonts/build/GlyphText/FontText_70B8.font.o
[AS ]	Fonts/build/GlyphText/FontText_8BC8.font.o
[AS ]	Fonts/build/GlyphText/FontText_8D26.font.o
[AS ]	Fonts/build/GlyphText/FontText_662D.font.o
[AS ]	Fonts/build/GlyphText/FontText_6CBC.font.o
[AS ]	Fonts/build/GlyphText/FontText_7F69.font.o
[AS ]	Fonts/build/GlyphText/FontText_8F99.font.o
[AS ]	Fonts/build/GlyphText/FontText_659F.font.o
[AS ]	Fonts/build/GlyphText/FontText_6795.font.o
[AS ]	Fonts/build/GlyphText/FontText_5431.font.o
[AS ]	Fonts/build/GlyphText/FontText_5E1C.font.o
[AS ]	Fonts/build/GlyphText/FontText_5CD9.font.o
[AS ]	Fonts/build/GlyphText/FontText_821F.font.o
[AS ]	Fonts/build/GlyphText/FontText_9AA4.font.o
[AS ]	Fonts/build/GlyphText/FontText_682A.font.o
[AS ]	Fonts/build/GlyphText/FontText_77A9.font.o
[AS ]	Fonts/build/GlyphText/FontText_7B51.font.o
[AS ]	Fonts/build/GlyphText/FontText_64B0.font.o
[AS ]	Fonts/build/GlyphText/FontText_6869.font.o
[AS ]	Fonts/build/GlyphText/FontText_5986.font.o
[AS ]	Fonts/build/GlyphText/FontText_8D58.font.o
[AS ]	Fonts/build/GlyphText/FontText_7F00.font.o
[AS ]	Fonts/build/GlyphText/FontText_5353.font.o
[AS ]	Fonts/build/GlyphText/FontText_6D4A.font.o
[AS ]	Fonts/build/GlyphText/FontText_7D2B.font.o
[AS ]	Fonts/build/GlyphText/FontText_6ED3.font.o
[AS ]	Fonts/build/GlyphText/FontText_5B97.font.o
[AS ]	Fonts/build/GlyphText/FontText_9189.font.o
[AS ]	Fonts/build/GlyphText/FontText_4E98.font.o
[AS ]	Fonts/build/GlyphText/FontText_53F5.font.o
[AS ]	Fonts/build/GlyphText/FontText_4F7B.font.o
[AS ]	Fonts/build/GlyphText/FontText_7FB8.font.o
[AS ]	Fonts/build/GlyphText/FontText_8BA7.font.o
[AS ]	Fonts/build/GlyphText/FontText_8C12.font.o
[AS ]	Fonts/build/GlyphText/FontText_8C15.font.o
[AS ]	Fonts/build/GlyphText/FontText_99A8.font.o
[AS ]	Fonts/build/GlyphText/FontText_8299.font.o
[AS ]	Fonts/build/GlyphText/FontText_595A.font.o
[AS ]	Fonts/build/GlyphText/FontText_62D7.font.o
[AS ]	Fonts/build/GlyphText/FontText_636D.font.o
[AS ]	Fonts/build/GlyphText/FontText_5F11.font.o
[AS ]	Fonts/build/GlyphText/FontText_53F1.font.o
[AS ]	Fonts/build/GlyphText/FontText_544B.font.o
[AS ]	Fonts/build/GlyphText/FontText_5494.font.o
[AS ]	Fonts/build/GlyphText/FontText_549D.font.o
[AS ]	Fonts/build/GlyphText/FontText_54A7.font.o
[AS ]	Fonts/build/GlyphText/FontText_54E7.font.o
[AS ]	Fonts/build/GlyphText/FontText_5527.font.o
[AS ]	Fonts/build/GlyphText/FontText_5537.font.o
[AS ]	Fonts/build/GlyphText/FontText_557E.font.o
[AS ]	Fonts/build/GlyphText/FontText_55BD.font.o
[AS ]	Fonts/build/GlyphText/FontText_55F7.font.o
[AS ]	Fonts/build/GlyphText/FontText_561F.font.o
[AS ]	Fonts/build/GlyphText/FontText_55EC.font.o
[AS ]	Fonts/build/GlyphText/FontText_55E8.font.o
[AS ]	Fonts/build/GlyphText/FontText_55E4.font.o
[AS ]	Fonts/build/GlyphText/FontText_5608.font.o
[AS ]	Fonts/build/GlyphText/FontText_5623.font.o
[AS ]	Fonts/build/GlyphText/FontText_5600.font.o
[AS ]	Fonts/build/GlyphText/FontText_5662.font.o
[AS ]	Fonts/build/GlyphText/FontText_56AF.font.o
[AS ]	Fonts/build/GlyphText/FontText_565C.font.o
[AS ]	Fonts/build/GlyphText/FontText_56D4.font.o
[AS ]	Fonts/build/GlyphText/FontText_56F5.font.o
[AS ]	Fonts/build/GlyphText/FontText_56EB.font.o
[AS ]	Fonts/build/GlyphText/FontText_5D3D.font.o
[AS ]	Fonts/build/GlyphText/FontText_5F77.font.o
[AS ]	Fonts/build/GlyphText/FontText_5FA8.font.o
[AS ]	Fonts/build/GlyphText/FontText_72E9.font.o
[AS ]	Fonts/build/GlyphText/FontText_731D.font.o
[AS ]	Fonts/build/GlyphText/FontText_9977.font.o
[AS ]	Fonts/build/GlyphText/FontText_5FCF.font.o
[AS ]	Fonts/build/GlyphText/FontText_60EC.font.o
[AS ]	Fonts/build/GlyphText/FontText_60B4.font.o
[AS ]	Fonts/build/GlyphText/FontText_6194.font.o
[AS ]	Fonts/build/GlyphText/FontText_9616.font.o
[AS ]	Fonts/build/GlyphText/FontText_6D4F.font.o
[AS ]	Fonts/build/GlyphText/FontText_6F29.font.o
[AS ]	Fonts/build/GlyphText/FontText_8FE6.font.o
[AS ]	Fonts/build/GlyphText/FontText_9005.font.o
[AS ]	Fonts/build/GlyphText/FontText_9082.font.o
[AS ]	Fonts/build/GlyphText/FontText_5B71.font.o
[AS ]	Fonts/build/GlyphText/FontText_5983.font.o
[AS ]	Fonts/build/GlyphText/FontText_59BE.font.o
[AS ]	Fonts/build/GlyphText/FontText_599E.font.o
[AS ]	Fonts/build/GlyphText/FontText_5A34.font.o
[AS ]	Fonts/build/GlyphText/FontText_6773.font.o
[AS ]	Fonts/build/GlyphText/FontText_7F30.font.o
[AS ]	Fonts/build/GlyphText/FontText_6963.font.o
[AS ]	Fonts/build/GlyphText/FontText_6B84.font.o
[AS ]	Fonts/build/GlyphText/FontText_968A.font.o
[AS ]	Fonts/build/GlyphText/FontText_621F.font.o
[AS ]	Fonts/build/GlyphText/FontText_63B0.font.o
[AS ]	Fonts/build/GlyphText/FontText_80B4.font.o
[AS ]	Fonts/build/GlyphText/FontText_6B43.font.o
[AS ]	Fonts/build/GlyphText/FontText_7940.font.o
[AS ]	Fonts/build/GlyphText/FontText_98D2.font.o
[AS ]	Fonts/build/GlyphText/FontText_6059.font.o
[AS ]	Fonts/build/GlyphText/FontText_61A9.font.o
[AS ]	Fonts/build/GlyphText/FontText_789C.font.o
[AS ]	Fonts/build/GlyphText/FontText_7738.font.o
[AS ]	Fonts/build/GlyphText/FontText_753A.font.o
[AS ]	Fonts/build/GlyphText/FontText_88E8.font.o
[AS ]	Fonts/build/GlyphText/FontText_7B19.font.o
[AS ]	Fonts/build/GlyphText/FontText_7FE9.font.o
[AS ]	Fonts/build/GlyphText/FontText_8DF7.font.o
[AS ]	Fonts/build/GlyphText/FontText_8E4A.font.o
[AS ]	Fonts/build/GlyphText/FontText_9706.font.o
[AS ]	Fonts/build/GlyphText/FontText_9C7F.font.o
[AS ]	Fonts/build/GlyphText/FontText_98E8.font.o
[AS ]	Fonts/build/GlyphText/FontText_978D.font.o
[AS ]	Fonts/build/GlyphText/FontText_61CA.font.o
[AS ]	Fonts/build/GlyphText/FontText_9776.font.o
[AS ]	Fonts/build/GlyphText/FontText_62CC.font.o
[AS ]	Fonts/build/GlyphText/FontText_5F0A.font.o
[AS ]	Fonts/build/GlyphText/FontText_618B.font.o
[AS ]	Fonts/build/GlyphText/FontText_5F6C.font.o
[AS ]	Fonts/build/GlyphText/FontText_5BBE.font.o
[AS ]	Fonts/build/GlyphText/FontText_52C3.font.o
[AS ]	Fonts/build/GlyphText/FontText_6CCA.font.o
[AS ]	Fonts/build/GlyphText/FontText_9A73.font.o
[AS ]	Fonts/build/GlyphText/FontText_54FA.font.o
[AS ]	Fonts/build/GlyphText/FontText_776C.font.o
[AS ]	Fonts/build/GlyphText/FontText_832C.font.o
[AS ]	Fonts/build/GlyphText/FontText_6A59.font.o
[AS ]	Fonts/build/GlyphText/FontText_6F84.font.o
[AS ]	Fonts/build/GlyphText/FontText_79E4.font.o
[AS ]	Fonts/build/GlyphText/FontText_5C3A.font.o
[AS ]	Fonts/build/GlyphText/FontText_7EF8.font.o
[AS ]	Fonts/build/GlyphText/FontText_8328.font.o
[AS ]	Fonts/build/GlyphText/FontText_918B.font.o
[AS ]	Fonts/build/GlyphText/FontText_7C07.font.o
[AS ]	Fonts/build/GlyphText/FontText_96D5.font.o
[AS ]	Fonts/build/GlyphText/FontText_6B86.font.o
[AS ]	Fonts/build/GlyphText/FontText_8C46.font.o
[AS ]	Fonts/build/GlyphText/FontText_675C.font.o
[AS ]	Fonts/build/GlyphText/FontText_60F0.font.o
[AS ]	Fonts/build/GlyphText/FontText_9E45.font.o
[AS ]	Fonts/build/GlyphText/FontText_5384.font.o
[AS ]	Fonts/build/GlyphText/FontText_8D29.font.o
[AS ]	Fonts/build/GlyphText/FontText_5676.font.o
[AS ]	Fonts/build/GlyphText/FontText_7AFF.font.o
[AS ]	Fonts/build/GlyphText/FontText_634D.font.o
[AS ]	Fonts/build/GlyphText/FontText_6838.font.o
[AS ]	Fonts/build/GlyphText/FontText_76D2.font.o
[AS ]	Fonts/build/GlyphText/FontText_9E3F.font.o
[AS ]	Fonts/build/GlyphText/FontText_543C.font.o
[AS ]	Fonts/build/GlyphText/FontText_78FA.font.o
[AS ]	Fonts/build/GlyphText/FontText_79FD.font.o
[AS ]	Fonts/build/GlyphText/FontText_60B8.font.o
[AS ]	Fonts/build/GlyphText/FontText_996F.font.o
[AS ]	Fonts/build/GlyphText/FontText_6E85.font.o
[AS ]	Fonts/build/GlyphText/FontText_5320.font.o
[AS ]	Fonts/build/GlyphText/FontText_8F7F.font.o
[AS ]	Fonts/build/GlyphText/FontText_7F34.font.o
[AS ]	Fonts/build/GlyphText/FontText_8BEB.font.o
[AS ]	Fonts/build/GlyphText/FontText_5C4A.font.o
[AS ]	Fonts/build/GlyphText/FontText_4EA2.font.o
[AS ]	Fonts/build/GlyphText/FontText_81FC.font.o
[AS ]	Fonts/build/GlyphText/FontText_82DB.font.o
[AS ]	Fonts/build/GlyphText/FontText_9988.font.o
[AS ]	Fonts/build/GlyphText/FontText_6606.font.o
[AS ]	Fonts/build/GlyphText/FontText_8FA3.font.o
[AS ]	Fonts/build/GlyphText/FontText_6F9C.font.o
[AS ]	Fonts/build/GlyphText/FontText_52D2.font.o
[AS ]	Fonts/build/GlyphText/FontText_5E18.font.o
[AS ]	Fonts/build/GlyphText/FontText_64C2.font.o
[AS ]	Fonts/build/GlyphText/FontText_50DA.font.o
[AS ]	Fonts/build/GlyphText/FontText_8FBD.font.o
[AS ]	Fonts/build/GlyphText/FontText_541D.font.o
[AS ]	Fonts/build/GlyphText/FontText_5CAD.font.o
[AS ]	Fonts/build/GlyphText/FontText_786B.font.o
[AS ]	Fonts/build/GlyphText/FontText_5C65.font.o
[AS ]	Fonts/build/GlyphText/FontText_5B6A.font.o
[AS ]	Fonts/build/GlyphText/FontText_5375.font.o
[AS ]	Fonts/build/GlyphText/FontText_88F8.font.o
[AS ]	Fonts/build/GlyphText/FontText_8108.font.o
[AS ]	Fonts/build/GlyphText/FontText_536F.font.o
[AS ]	Fonts/build/GlyphText/FontText_5E3D.font.o
[AS ]	Fonts/build/GlyphText/FontText_840C.font.o
[AS ]	Fonts/build/GlyphText/FontText_9761.font.o
[AS ]	Fonts/build/GlyphText/FontText_6CDE.font.o
[AS ]	Fonts/build/GlyphText/FontText_7EBD.font.o
[AS ]	Fonts/build/GlyphText/FontText_632A.font.o
[AS ]	Fonts/build/GlyphText/FontText_5455.font.o
[AS ]	Fonts/build/GlyphText/FontText_6E43.font.o
[AS ]	Fonts/build/GlyphText/FontText_6F8E.font.o
[AS ]	Fonts/build/GlyphText/FontText_62AB.font.o
[AS ]	Fonts/build/GlyphText/FontText_6251.font.o
[AS ]	Fonts/build/GlyphText/FontText_94FA.font.o
[AS ]	Fonts/build/GlyphText/FontText_6816.font.o
[AS ]	Fonts/build/GlyphText/FontText_5D0E.font.o
[AS ]	Fonts/build/GlyphText/FontText_8FC4.font.o
[AS ]	Fonts/build/GlyphText/FontText_8C34.font.o
[AS ]	Fonts/build/GlyphText/FontText_4FCF.font.o
[AS ]	Fonts/build/GlyphText/FontText_5BDD.font.o
[AS ]	Fonts/build/GlyphText/FontText_8EAF.font.o
[AS ]	Fonts/build/GlyphText/FontText_88D9.font.o
[AS ]	Fonts/build/GlyphText/FontText_7ED2.font.o
[AS ]	Fonts/build/GlyphText/FontText_6C5D.font.o
[AS ]	Fonts/build/GlyphText/FontText_6D12.font.o
[AS ]	Fonts/build/GlyphText/FontText_5239.font.o
[AS ]	Fonts/build/GlyphText/FontText_7EB1.font.o
[AS ]	Fonts/build/GlyphText/FontText_54E8.font.o
[AS ]	Fonts/build/GlyphText/FontText_8D4A.font.o
[AS ]	Fonts/build/GlyphText/FontText_5BA1.font.o
[AS ]	Fonts/build/GlyphText/FontText_62ED.font.o
[AS ]	Fonts/build/GlyphText/FontText_55DC.font.o
[AS ]	Fonts/build/GlyphText/FontText_5BFF.font.o
[AS ]	Fonts/build/GlyphText/FontText_5EB6.font.o
[AS ]	Fonts/build/GlyphText/FontText_62F4.font.o
[AS ]	Fonts/build/GlyphText/FontText_7A0E.font.o
[AS ]	Fonts/build/GlyphText/FontText_68AD.font.o
[AS ]	Fonts/build/GlyphText/FontText_5506.font.o
[AS ]	Fonts/build/GlyphText/FontText_6CF0.font.o
[AS ]	Fonts/build/GlyphText/FontText_762B.font.o
[AS ]	Fonts/build/GlyphText/FontText_70AD.font.o
[AS ]	Fonts/build/GlyphText/FontText_5510.font.o
[AS ]	Fonts/build/GlyphText/FontText_7CD6.font.o
[AS ]	Fonts/build/GlyphText/FontText_5018.font.o
[AS ]	Fonts/build/GlyphText/FontText_6D9B.font.o
[AS ]	Fonts/build/GlyphText/FontText_6DD8.font.o
[AS ]	Fonts/build/GlyphText/FontText_9893.font.o
[AS ]	Fonts/build/GlyphText/FontText_553E.font.o
[AS ]	Fonts/build/GlyphText/FontText_60CB.font.o
[AS ]	Fonts/build/GlyphText/FontText_5A49.font.o
[AS ]	Fonts/build/GlyphText/FontText_6C6A.font.o
[AS ]	Fonts/build/GlyphText/FontText_840E.font.o
[AS ]	Fonts/build/GlyphText/FontText_6BCB.font.o
[AS ]	Fonts/build/GlyphText/FontText_817A.font.o
[AS ]	Fonts/build/GlyphText/FontText_9576.font.o
[AS ]	Fonts/build/GlyphText/FontText_659C.font.o
[AS ]	Fonts/build/GlyphText/FontText_8C10.font.o
[AS ]	Fonts/build/GlyphText/FontText_8845.font.o
[AS ]	Fonts/build/GlyphText/FontText_7EE3.font.o
[AS ]	Fonts/build/GlyphText/FontText_96C1.font.o
[AS ]	Fonts/build/GlyphText/FontText_75D2.font.o
[AS ]	Fonts/build/GlyphText/FontText_9890.font.o
[AS ]	Fonts/build/GlyphText/FontText_8681.font.o
[AS ]	Fonts/build/GlyphText/FontText_8BE3.font.o
[AS ]	Fonts/build/GlyphText/FontText_8C0A.font.o
[AS ]	Fonts/build/GlyphText/FontText_7ECE.font.o
[AS ]	Fonts/build/GlyphText/FontText_8424.font.o
[AS ]	Fonts/build/GlyphText/FontText_6D74.font.o
[AS ]	Fonts/build/GlyphText/FontText_5CB3.font.o
[AS ]	Fonts/build/GlyphText/FontText_683D.font.o
[AS ]	Fonts/build/GlyphText/FontText_54C9.font.o
[AS ]	Fonts/build/GlyphText/FontText_85FB.font.o
[AS ]	Fonts/build/GlyphText/FontText_6E5B.font.o
[AS ]	Fonts/build/GlyphText/FontText_7634.font.o
[AS ]	Fonts/build/GlyphText/FontText_81FB.font.o
[AS ]	Fonts/build/GlyphText/FontText_8718.font.o
[AS ]	Fonts/build/GlyphText/FontText_80A2.font.o
[AS ]	Fonts/build/GlyphText/FontText_6EDE.font.o
[AS ]	Fonts/build/GlyphText/FontText_4EF2.font.o
[AS ]	Fonts/build/GlyphText/FontText_86DB.font.o
[AS ]	Fonts/build/GlyphText/FontText_914C.font.o
[AS ]	Fonts/build/GlyphText/FontText_54A8.font.o
[AS ]	Fonts/build/GlyphText/FontText_5B6C.font.o
[AS ]	Fonts/build/GlyphText/FontText_592D.font.o
[AS ]	Fonts/build/GlyphText/FontText_556C.font.o
[AS ]	Fonts/build/GlyphText/FontText_8D5D.font.o
[AS ]	Fonts/build/GlyphText/FontText_6538.font.o
[AS ]	Fonts/build/GlyphText/FontText_4F83.font.o
[AS ]	Fonts/build/GlyphText/FontText_57A0.font.o
[AS ]	Fonts/build/GlyphText/FontText_5FD2.font.o
[AS ]	Fonts/build/GlyphText/FontText_5457.font.o
[AS ]	Fonts/build/GlyphText/FontText_54BF.font.o
[AS ]	Fonts/build/GlyphText/FontText_55D2.font.o
[AS ]	Fonts/build/GlyphText/FontText_5555.font.o
[AS ]	Fonts/build/GlyphText/FontText_55F5.font.o
[AS ]	Fonts/build/GlyphText/FontText_5C8C.font.o
[AS ]	Fonts/build/GlyphText/FontText_5C96.font.o
[AS ]	Fonts/build/GlyphText/FontText_5FEA.font.o
[AS ]	Fonts/build/GlyphText/FontText_72B7.font.o
[AS ]	Fonts/build/GlyphText/FontText_6021.font.o
[AS ]	Fonts/build/GlyphText/FontText_61AC.font.o
[AS ]	Fonts/build/GlyphText/FontText_61A7.font.o
[AS ]	Fonts/build/GlyphText/FontText_6C90.font.o
[AS ]	Fonts/build/GlyphText/FontText_6CEF.font.o
[AS ]	Fonts/build/GlyphText/FontText_6F47.font.o
[AS ]	Fonts/build/GlyphText/FontText_6F09.font.o
[AS ]	Fonts/build/GlyphText/FontText_8FE5.font.o
[AS ]	Fonts/build/GlyphText/FontText_905D.font.o
[AS ]	Fonts/build/GlyphText/FontText_54AB.font.o
[AS ]	Fonts/build/GlyphText/FontText_59A9.font.o
[AS ]	Fonts/build/GlyphText/FontText_7EEF.font.o
[AS ]	Fonts/build/GlyphText/FontText_7F08.font.o
[AS ]	Fonts/build/GlyphText/FontText_7F24.font.o
[AS ]	Fonts/build/GlyphText/FontText_7F25.font.o
[AS ]	Fonts/build/GlyphText/FontText_73B7.font.o
[AS ]	Fonts/build/GlyphText/FontText_6775.font.o
[AS ]	Fonts/build/GlyphText/FontText_66DC.font.o
[AS ]	Fonts/build/GlyphText/FontText_8F84.font.o
[AS ]	Fonts/build/GlyphText/FontText_814C.font.o
[AS ]	Fonts/build/GlyphText/FontText_7096.font.o
[AS ]	Fonts/build/GlyphText/FontText_7985.font.o
[AS ]	Fonts/build/GlyphText/FontText_77F6.font.o
[AS ]	Fonts/build/GlyphText/FontText_781D.font.o
[AS ]	Fonts/build/GlyphText/FontText_7750.font.o
[AS ]	Fonts/build/GlyphText/FontText_75CD.font.o
[AS ]	Fonts/build/GlyphText/FontText_7656.font.o
[AS ]	Fonts/build/GlyphText/FontText_877C.font.o
[AS ]	Fonts/build/GlyphText/FontText_8E69.font.o
[AS ]	Fonts/build/GlyphText/FontText_8E35.font.o
[AS ]	Fonts/build/GlyphText/FontText_9AB0.font.o
[AS ]	Fonts/build/GlyphText/FontText_9AB7.font.o
[AS ]	Fonts/build/GlyphText/FontText_9AC5.font.o
[AS ]	Fonts/build/GlyphText/FontText_764C.font.o
[AS ]	Fonts/build/GlyphText/FontText_9698.font.o
[AS ]	Fonts/build/GlyphText/FontText_6C28.font.o
[AS ]	Fonts/build/GlyphText/FontText_80FA.font.o
[AS ]	Fonts/build/GlyphText/FontText_76CE.font.o
[AS ]	Fonts/build/GlyphText/FontText_51F9.font.o
[AS ]	Fonts/build/GlyphText/FontText_6556.font.o
[AS ]	Fonts/build/GlyphText/FontText_8884.font.o
[AS ]	Fonts/build/GlyphText/FontText_6FB3.font.o
[AS ]	Fonts/build/GlyphText/FontText_82AD.font.o
[AS ]	Fonts/build/GlyphText/FontText_634C.font.o
[AS ]	Fonts/build/GlyphText/FontText_53ED.font.o
[AS ]	Fonts/build/GlyphText/FontText_7B06.font.o
[AS ]	Fonts/build/GlyphText/FontText_8019.font.o
[AS ]	Fonts/build/GlyphText/FontText_575D.font.o
[AS ]	Fonts/build/GlyphText/FontText_67CF.font.o
[AS ]	Fonts/build/GlyphText/FontText_4F70.font.o
[AS ]	Fonts/build/GlyphText/FontText_7A17.font.o
[AS ]	Fonts/build/GlyphText/FontText_9881.font.o
[AS ]	Fonts/build/GlyphText/FontText_74E3.font.o
[AS ]	Fonts/build/GlyphText/FontText_6886.font.o
[AS ]	Fonts/build/GlyphText/FontText_78C5.font.o
[AS ]	Fonts/build/GlyphText/FontText_868C.font.o
[AS ]	Fonts/build/GlyphText/FontText_9551.font.o
[AS ]	Fonts/build/GlyphText/FontText_8C24.font.o
[AS ]	Fonts/build/GlyphText/FontText_82DE.font.o
[AS ]	Fonts/build/GlyphText/FontText_8912.font.o
[AS ]	Fonts/build/GlyphText/FontText_96F9.font.o
[AS ]	Fonts/build/GlyphText/FontText_8C79.font.o
[AS ]	Fonts/build/GlyphText/FontText_7891.font.o
[AS ]	Fonts/build/GlyphText/FontText_94A1.font.o
[AS ]	Fonts/build/GlyphText/FontText_82EF.font.o
[AS ]	Fonts/build/GlyphText/FontText_6CF5.font.o
[AS ]	Fonts/build/GlyphText/FontText_8E66.font.o
[AS ]	Fonts/build/GlyphText/FontText_84D6.font.o
[AS ]	Fonts/build/GlyphText/FontText_6BD6.font.o
[AS ]	Fonts/build/GlyphText/FontText_655D.font.o
[AS ]	Fonts/build/GlyphText/FontText_535E.font.o
[AS ]	Fonts/build/GlyphText/FontText_8FAB.font.o
[AS ]	Fonts/build/GlyphText/FontText_5F6A.font.o
[AS ]	Fonts/build/GlyphText/FontText_8198.font.o
[AS ]	Fonts/build/GlyphText/FontText_762A.font.o
[AS ]	Fonts/build/GlyphText/FontText_658C.font.o
[AS ]	Fonts/build/GlyphText/FontText_6FD2.font.o
[AS ]	Fonts/build/GlyphText/FontText_6EE8.font.o
[AS ]	Fonts/build/GlyphText/FontText_6448.font.o
[AS ]	Fonts/build/GlyphText/FontText_997C.font.o
[AS ]	Fonts/build/GlyphText/FontText_70B3.font.o
[AS ]	Fonts/build/GlyphText/FontText_73BB.font.o
[AS ]	Fonts/build/GlyphText/FontText_83E0.font.o
[AS ]	Fonts/build/GlyphText/FontText_94B5.font.o
[AS ]	Fonts/build/GlyphText/FontText_94C2.font.o
[AS ]	Fonts/build/GlyphText/FontText_7B94.font.o
[AS ]	Fonts/build/GlyphText/FontText_5E1B.font.o
[AS ]	Fonts/build/GlyphText/FontText_8236.font.o
[AS ]	Fonts/build/GlyphText/FontText_6E24.font.o
[AS ]	Fonts/build/GlyphText/FontText_57E0.font.o
[AS ]	Fonts/build/GlyphText/FontText_7C3F.font.o
[AS ]	Fonts/build/GlyphText/FontText_8521.font.o
[AS ]	Fonts/build/GlyphText/FontText_8695.font.o
[AS ]	Fonts/build/GlyphText/FontText_6CA7.font.o
[AS ]	Fonts/build/GlyphText/FontText_7CD9.font.o
[AS ]	Fonts/build/GlyphText/FontText_69FD.font.o
[AS ]	Fonts/build/GlyphText/FontText_66F9.font.o
[AS ]	Fonts/build/GlyphText/FontText_5395.font.o
[AS ]	Fonts/build/GlyphText/FontText_53C9.font.o
[AS ]	Fonts/build/GlyphText/FontText_78B4.font.o
[AS ]	Fonts/build/GlyphText/FontText_643D.font.o
[AS ]	Fonts/build/GlyphText/FontText_8BE7.font.o
[AS ]	Fonts/build/GlyphText/FontText_8C7A.font.o
[AS ]	Fonts/build/GlyphText/FontText_6400.font.o
[AS ]	Fonts/build/GlyphText/FontText_998B.font.o
[AS ]	Fonts/build/GlyphText/FontText_8749.font.o
[AS ]	Fonts/build/GlyphText/FontText_8C17.font.o
[AS ]	Fonts/build/GlyphText/FontText_9610.font.o
[AS ]	Fonts/build/GlyphText/FontText_5382.font.o
[AS ]	Fonts/build/GlyphText/FontText_5021.font.o
[AS ]	Fonts/build/GlyphText/FontText_949E.font.o
[AS ]	Fonts/build/GlyphText/FontText_63A3.font.o
[AS ]	Fonts/build/GlyphText/FontText_90F4.font.o
[AS ]	Fonts/build/GlyphText/FontText_8FB0.font.o
[AS ]	Fonts/build/GlyphText/FontText_70BD.font.o
[AS ]	Fonts/build/GlyphText/FontText_7A20.font.o
[AS ]	Fonts/build/GlyphText/FontText_7785.font.o
[AS ]	Fonts/build/GlyphText/FontText_6A71.font.o
[AS ]	Fonts/build/GlyphText/FontText_9504.font.o
[AS ]	Fonts/build/GlyphText/FontText_96CF.font.o
[AS ]	Fonts/build/GlyphText/FontText_6EC1.font.o
[AS ]	Fonts/build/GlyphText/FontText_77D7.font.o
[AS ]	Fonts/build/GlyphText/FontText_6410.font.o
[AS ]	Fonts/build/GlyphText/FontText_693D.font.o
[AS ]	Fonts/build/GlyphText/FontText_5E62.font.o
[AS ]	Fonts/build/GlyphText/FontText_708A.font.o
[AS ]	Fonts/build/GlyphText/FontText_693F.font.o
[AS ]	Fonts/build/GlyphText/FontText_9187.font.o
[AS ]	Fonts/build/GlyphText/FontText_6DF3.font.o
[AS ]	Fonts/build/GlyphText/FontText_75B5.font.o
[AS ]	Fonts/build/GlyphText/FontText_78C1.font.o
[AS ]	Fonts/build/GlyphText/FontText_74F7.font.o
[AS ]	Fonts/build/GlyphText/FontText_8471.font.o
[AS ]	Fonts/build/GlyphText/FontText_56F1.font.o
[AS ]	Fonts/build/GlyphText/FontText_8E7F.font.o
[AS ]	Fonts/build/GlyphText/FontText_6DEC.font.o
[AS ]	Fonts/build/GlyphText/FontText_7FE0.font.o
[AS ]	Fonts/build/GlyphText/FontText_64AE.font.o
[AS ]	Fonts/build/GlyphText/FontText_632B.font.o
[AS ]	Fonts/build/GlyphText/FontText_7629.font.o
[AS ]	Fonts/build/GlyphText/FontText_50A3.font.o
[AS ]	Fonts/build/GlyphText/FontText_8D37.font.o
[AS ]	Fonts/build/GlyphText/FontText_90F8.font.o
[AS ]	Fonts/build/GlyphText/FontText_63B8.font.o
[AS ]	Fonts/build/GlyphText/FontText_6C2E.font.o
[AS ]	Fonts/build/GlyphText/FontText_60EE.font.o
[AS ]	Fonts/build/GlyphText/FontText_7A3B.font.o
[AS ]	Fonts/build/GlyphText/FontText_51F3.font.o
[AS ]	Fonts/build/GlyphText/FontText_9093.font.o
[AS ]	Fonts/build/GlyphText/FontText_5824.font.o
[AS ]	Fonts/build/GlyphText/FontText_72C4.font.o
[AS ]	Fonts/build/GlyphText/FontText_6DA4.font.o
[AS ]	Fonts/build/GlyphText/FontText_7FDF.font.o
[AS ]	Fonts/build/GlyphText/FontText_9012.font.o
[AS ]	Fonts/build/GlyphText/FontText_6382.font.o
[AS ]	Fonts/build/GlyphText/FontText_6EC7.font.o
[AS ]	Fonts/build/GlyphText/FontText_7898.font.o
[AS ]	Fonts/build/GlyphText/FontText_975B.font.o
[AS ]	Fonts/build/GlyphText/FontText_4F43.font.o
[AS ]	Fonts/build/GlyphText/FontText_7538.font.o
[AS ]	Fonts/build/GlyphText/FontText_6DC0.font.o
[AS ]	Fonts/build/GlyphText/FontText_7889.font.o
[AS ]	Fonts/build/GlyphText/FontText_53FC.font.o
[AS ]	Fonts/build/GlyphText/FontText_51CB.font.o
[AS ]	Fonts/build/GlyphText/FontText_8FED.font.o
[AS ]	Fonts/build/GlyphText/FontText_9F0E.font.o
[AS ]	Fonts/build/GlyphText/FontText_952D.font.o
[AS ]	Fonts/build/GlyphText/FontText_8463.font.o
[AS ]	Fonts/build/GlyphText/FontText_4F97.font.o
[AS ]	Fonts/build/GlyphText/FontText_606B.font.o
[AS ]	Fonts/build/GlyphText/FontText_75D8.font.o
[AS ]	Fonts/build/GlyphText/FontText_728A.font.o
[AS ]	Fonts/build/GlyphText/FontText_9540.font.o
[AS ]	Fonts/build/GlyphText/FontText_7F0E.font.o
[AS ]	Fonts/build/GlyphText/FontText_5151.font.o
[AS ]	Fonts/build/GlyphText/FontText_58A9.font.o
[AS ]	Fonts/build/GlyphText/FontText_5428.font.o
[AS ]	Fonts/build/GlyphText/FontText_8E72.font.o
[AS ]	Fonts/build/GlyphText/FontText_6566.font.o
[AS ]	Fonts/build/GlyphText/FontText_56E4.font.o
[AS ]	Fonts/build/GlyphText/FontText_9041.font.o
[AS ]	Fonts/build/GlyphText/FontText_6387.font.o
[AS ]	Fonts/build/GlyphText/FontText_579B.font.o
[AS ]	Fonts/build/GlyphText/FontText_8DFA.font.o
[AS ]	Fonts/build/GlyphText/FontText_8235.font.o
[AS ]	Fonts/build/GlyphText/FontText_86FE.font.o
[AS ]	Fonts/build/GlyphText/FontText_5CE8.font.o
[AS ]	Fonts/build/GlyphText/FontText_4FC4.font.o
[AS ]	Fonts/build/GlyphText/FontText_8BB9.font.o
[AS ]	Fonts/build/GlyphText/FontText_5A25.font.o
[AS ]	Fonts/build/GlyphText/FontText_627C.font.o
[AS ]	Fonts/build/GlyphText/FontText_9102.font.o
[AS ]	Fonts/build/GlyphText/FontText_6D31.font.o
[AS ]	Fonts/build/GlyphText/FontText_8D30.font.o
[AS ]	Fonts/build/GlyphText/FontText_7B4F.font.o
[AS ]	Fonts/build/GlyphText/FontText_9600.font.o
[AS ]	Fonts/build/GlyphText/FontText_85E9.font.o
[AS ]	Fonts/build/GlyphText/FontText_6A0A.font.o
[AS ]	Fonts/build/GlyphText/FontText_77FE.font.o
[AS ]	Fonts/build/GlyphText/FontText_9492.font.o
[AS ]	Fonts/build/GlyphText/FontText_574A.font.o
[AS ]	Fonts/build/GlyphText/FontText_80AA.font.o
[AS ]	Fonts/build/GlyphText/FontText_7EBA.font.o
[AS ]	Fonts/build/GlyphText/FontText_8BFD.font.o
[AS ]	Fonts/build/GlyphText/FontText_5561.font.o
[AS ]	Fonts/build/GlyphText/FontText_5420.font.o
[AS ]	Fonts/build/GlyphText/FontText_915A.font.o
[AS ]	Fonts/build/GlyphText/FontText_6C7E.font.o
[AS ]	Fonts/build/GlyphText/FontText_5FFF.font.o
[AS ]	Fonts/build/GlyphText/FontText_7CAA.font.o
[AS ]	Fonts/build/GlyphText/FontText_67AB.font.o
[AS ]	Fonts/build/GlyphText/FontText_70FD.font.o
[AS ]	Fonts/build/GlyphText/FontText_51AF.font.o
[AS ]	Fonts/build/GlyphText/FontText_51E4.font.o
[AS ]	Fonts/build/GlyphText/FontText_5B75.font.o
[AS ]	Fonts/build/GlyphText/FontText_6C1F.font.o
[AS ]	Fonts/build/GlyphText/FontText_8F90.font.o
[AS ]	Fonts/build/GlyphText/FontText_6DAA.font.o
[AS ]	Fonts/build/GlyphText/FontText_752B.font.o
[AS ]	Fonts/build/GlyphText/FontText_91DC.font.o
[AS ]	Fonts/build/GlyphText/FontText_812F.font.o
[AS ]	Fonts/build/GlyphText/FontText_8151.font.o
[AS ]	Fonts/build/GlyphText/FontText_961C.font.o
[AS ]	Fonts/build/GlyphText/FontText_8BA3.font.o
[AS ]	Fonts/build/GlyphText/FontText_9499.font.o
[AS ]	Fonts/build/GlyphText/FontText_6E89.font.o
[AS ]	Fonts/build/GlyphText/FontText_67D1.font.o
[AS ]	Fonts/build/GlyphText/FontText_79C6.font.o
[AS ]	Fonts/build/GlyphText/FontText_8D63.font.o
[AS ]	Fonts/build/GlyphText/FontText_7F38.font.o
[AS ]	Fonts/build/GlyphText/FontText_809B.font.o
[AS ]	Fonts/build/GlyphText/FontText_7EB2.font.o
[AS ]	Fonts/build/GlyphText/FontText_6760.font.o
[AS ]	Fonts/build/GlyphText/FontText_7BD9.font.o
[AS ]	Fonts/build/GlyphText/FontText_768B.font.o
[AS ]	Fonts/build/GlyphText/FontText_9550.font.o
[AS ]	Fonts/build/GlyphText/FontText_7A3F.font.o
[AS ]	Fonts/build/GlyphText/FontText_9E3D.font.o
[AS ]	Fonts/build/GlyphText/FontText_7599.font.o
[AS ]	Fonts/build/GlyphText/FontText_86E4.font.o
[AS ]	Fonts/build/GlyphText/FontText_94EC.font.o
[AS ]	Fonts/build/GlyphText/FontText_5E9A.font.o
[AS ]	Fonts/build/GlyphText/FontText_57C2.font.o
[AS ]	Fonts/build/GlyphText/FontText_9F9A.font.o
[AS ]	Fonts/build/GlyphText/FontText_6C5E.font.o
[AS ]	Fonts/build/GlyphText/FontText_62F1.font.o
[AS ]	Fonts/build/GlyphText/FontText_57A2.font.o
[AS ]	Fonts/build/GlyphText/FontText_83C7.font.o
[AS ]	Fonts/build/GlyphText/FontText_7B8D.font.o
[AS ]	Fonts/build/GlyphText/FontText_6CBD.font.o
[AS ]	Fonts/build/GlyphText/FontText_86CA.font.o
[AS ]	Fonts/build/GlyphText/FontText_5250.font.o
[AS ]	Fonts/build/GlyphText/FontText_8902.font.o
[AS ]	Fonts/build/GlyphText/FontText_7470.font.o
[AS ]	Fonts/build/GlyphText/FontText_572D.font.o
[AS ]	Fonts/build/GlyphText/FontText_7845.font.o
[AS ]	Fonts/build/GlyphText/FontText_9F9F.font.o
[AS ]	Fonts/build/GlyphText/FontText_7678.font.o
[AS ]	Fonts/build/GlyphText/FontText_6842.font.o
[AS ]	Fonts/build/GlyphText/FontText_67DC.font.o
[AS ]	Fonts/build/GlyphText/FontText_523D.font.o
[AS ]	Fonts/build/GlyphText/FontText_8F8A.font.o
[AS ]	Fonts/build/GlyphText/FontText_90ED.font.o
[AS ]	Fonts/build/GlyphText/FontText_88F9.font.o
[AS ]	Fonts/build/GlyphText/FontText_6C26.font.o
[AS ]	Fonts/build/GlyphText/FontText_4EA5.font.o
[AS ]	Fonts/build/GlyphText/FontText_61A8.font.o
[AS ]	Fonts/build/GlyphText/FontText_90AF.font.o
[AS ]	Fonts/build/GlyphText/FontText_97E9.font.o
[AS ]	Fonts/build/GlyphText/FontText_6DB5.font.o
[AS ]	Fonts/build/GlyphText/FontText_51FD.font.o
[AS ]	Fonts/build/GlyphText/FontText_65F1.font.o
[AS ]	Fonts/build/GlyphText/FontText_710A.font.o
[AS ]	Fonts/build/GlyphText/FontText_592F.font.o
[AS ]	Fonts/build/GlyphText/FontText_676D.font.o
[AS ]	Fonts/build/GlyphText/FontText_58D5.font.o
[AS ]	Fonts/build/GlyphText/FontText_90DD.font.o
[AS ]	Fonts/build/GlyphText/FontText_6D69.font.o
[AS ]	Fonts/build/GlyphText/FontText_8377.font.o
[AS ]	Fonts/build/GlyphText/FontText_83CF.font.o
[AS ]	Fonts/build/GlyphText/FontText_9602.font.o
[AS ]	Fonts/build/GlyphText/FontText_6DB8.font.o
[AS ]	Fonts/build/GlyphText/FontText_8910.font.o
[AS ]	Fonts/build/GlyphText/FontText_9E64.font.o
[AS ]	Fonts/build/GlyphText/FontText_8679.font.o
[AS ]	Fonts/build/GlyphText/FontText_4EA8.font.o
[AS ]	Fonts/build/GlyphText/FontText_6D2A.font.o
[AS ]	Fonts/build/GlyphText/FontText_5F18.font.o
[AS ]	Fonts/build/GlyphText/FontText_7334.font.o
[AS ]	Fonts/build/GlyphText/FontText_745A.font.o
[AS ]	Fonts/build/GlyphText/FontText_58F6.font.o
[AS ]	Fonts/build/GlyphText/FontText_846B.font.o
[AS ]	Fonts/build/GlyphText/FontText_5F27.font.o
[AS ]	Fonts/build/GlyphText/FontText_6CAA.font.o
[AS ]	Fonts/build/GlyphText/FontText_69D0.font.o
[AS ]	Fonts/build/GlyphText/FontText_6DEE.font.o
[AS ]	Fonts/build/GlyphText/FontText_6853.font.o
[AS ]	Fonts/build/GlyphText/FontText_75EA.font.o
[AS ]	Fonts/build/GlyphText/FontText_8C62.font.o
[AS ]	Fonts/build/GlyphText/FontText_7115.font.o
[AS ]	Fonts/build/GlyphText/FontText_5BA6.font.o
[AS ]	Fonts/build/GlyphText/FontText_8757.font.o
[AS ]	Fonts/build/GlyphText/FontText_7C27.font.o
[AS ]	Fonts/build/GlyphText/FontText_51F0.font.o
[AS ]	Fonts/build/GlyphText/FontText_714C.font.o
[AS ]	Fonts/build/GlyphText/FontText_5E4C.font.o
[AS ]	Fonts/build/GlyphText/FontText_604D.font.o
[AS ]	Fonts/build/GlyphText/FontText_5FBD.font.o
[AS ]	Fonts/build/GlyphText/FontText_86D4.font.o
[AS ]	Fonts/build/GlyphText/FontText_5349.font.o
[AS ]	Fonts/build/GlyphText/FontText_6666.font.o
[AS ]	Fonts/build/GlyphText/FontText_70E9.font.o
[AS ]	Fonts/build/GlyphText/FontText_8364.font.o
[AS ]	Fonts/build/GlyphText/FontText_7578.font.o
[AS ]	Fonts/build/GlyphText/FontText_8BA5.font.o
[AS ]	Fonts/build/GlyphText/FontText_7B95.font.o
[AS ]	Fonts/build/GlyphText/FontText_6C72.font.o
[AS ]	Fonts/build/GlyphText/FontText_810A.font.o
[AS ]	Fonts/build/GlyphText/FontText_84DF.font.o
[AS ]	Fonts/build/GlyphText/FontText_5180.font.o
[AS ]	Fonts/build/GlyphText/FontText_5242.font.o
[AS ]	Fonts/build/GlyphText/FontText_5993.font.o
[AS ]	Fonts/build/GlyphText/FontText_67B7.font.o
[AS ]	Fonts/build/GlyphText/FontText_835A.font.o
[AS ]	Fonts/build/GlyphText/FontText_94BE.font.o
[AS ]	Fonts/build/GlyphText/FontText_988A.font.o
[AS ]	Fonts/build/GlyphText/FontText_7B3A.font.o
[AS ]	Fonts/build/GlyphText/FontText_7F04.font.o
[AS ]	Fonts/build/GlyphText/FontText_8327.font.o
[AS ]	Fonts/build/GlyphText/FontText_67EC.font.o
[AS ]	Fonts/build/GlyphText/FontText_78B1.font.o
[AS ]	Fonts/build/GlyphText/FontText_7877.font.o
[AS ]	Fonts/build/GlyphText/FontText_526A.font.o
[AS ]	Fonts/build/GlyphText/FontText_69DB.font.o
[AS ]	Fonts/build/GlyphText/FontText_9274.font.o
[AS ]	Fonts/build/GlyphText/FontText_6DA7.font.o
[AS ]	Fonts/build/GlyphText/FontText_59DC.font.o
[AS ]	Fonts/build/GlyphText/FontText_6C5F.font.o
[AS ]	Fonts/build/GlyphText/FontText_7586.font.o
[AS ]	Fonts/build/GlyphText/FontText_848B.font.o
[AS ]	Fonts/build/GlyphText/FontText_8549.font.o
[AS ]	Fonts/build/GlyphText/FontText_6912.font.o
[AS ]	Fonts/build/GlyphText/FontText_7901.font.o
[AS ]	Fonts/build/GlyphText/FontText_6D47.font.o
[AS ]	Fonts/build/GlyphText/FontText_80F6.font.o
[AS ]	Fonts/build/GlyphText/FontText_56BC.font.o
[AS ]	Fonts/build/GlyphText/FontText_94F0.font.o
[AS ]	Fonts/build/GlyphText/FontText_77EB.font.o
[AS ]	Fonts/build/GlyphText/FontText_997A.font.o
[AS ]	Fonts/build/GlyphText/FontText_9175.font.o
[AS ]	Fonts/build/GlyphText/FontText_7A96.font.o
[AS ]	Fonts/build/GlyphText/FontText_79F8.font.o
[AS ]	Fonts/build/GlyphText/FontText_6854.font.o
[AS ]	Fonts/build/GlyphText/FontText_776B.font.o
[AS ]	Fonts/build/GlyphText/FontText_85C9.font.o
[AS ]	Fonts/build/GlyphText/FontText_82A5.font.o
[AS ]	Fonts/build/GlyphText/FontText_75A5.font.o
[AS ]	Fonts/build/GlyphText/FontText_5DFE.font.o
[AS ]	Fonts/build/GlyphText/FontText_65A4.font.o
[AS ]	Fonts/build/GlyphText/FontText_895F.font.o
[AS ]	Fonts/build/GlyphText/FontText_9773.font.o
[AS ]	Fonts/build/GlyphText/FontText_5162.font.o
[AS ]	Fonts/build/GlyphText/FontText_830E.font.o
[AS ]	Fonts/build/GlyphText/FontText_9CB8.font.o
[AS ]	Fonts/build/GlyphText/FontText_4EAC.font.o
[AS ]	Fonts/build/GlyphText/FontText_7CB3.font.o
[AS ]	Fonts/build/GlyphText/FontText_75C9.font.o
[AS ]	Fonts/build/GlyphText/FontText_9756.font.o
[AS ]	Fonts/build/GlyphText/FontText_70AF.font.o
[AS ]	Fonts/build/GlyphText/FontText_7A98.font.o
[AS ]	Fonts/build/GlyphText/FontText_7396.font.o
[AS ]	Fonts/build/GlyphText/FontText_97ED.font.o
[AS ]	Fonts/build/GlyphText/FontText_7078.font.o
[AS ]	Fonts/build/GlyphText/FontText_548E.font.o
[AS ]	Fonts/build/GlyphText/FontText_75BD.font.o
[AS ]	Fonts/build/GlyphText/FontText_9A79.font.o
[AS ]	Fonts/build/GlyphText/FontText_83CA.font.o
[AS ]	Fonts/build/GlyphText/FontText_5480.font.o
[AS ]	Fonts/build/GlyphText/FontText_952F.font.o
[AS ]	Fonts/build/GlyphText/FontText_70AC.font.o
[AS ]	Fonts/build/GlyphText/FontText_9E43.font.o
[AS ]	Fonts/build/GlyphText/FontText_5A1F.font.o
[AS ]	Fonts/build/GlyphText/FontText_7EE2.font.o
[AS ]	Fonts/build/GlyphText/FontText_6485.font.o
[AS ]	Fonts/build/GlyphText/FontText_652B.font.o
[AS ]	Fonts/build/GlyphText/FontText_6289.font.o
[AS ]	Fonts/build/GlyphText/FontText_83CC.font.o
[AS ]	Fonts/build/GlyphText/FontText_7AE3.font.o
[AS ]	Fonts/build/GlyphText/FontText_6D5A.font.o
[AS ]	Fonts/build/GlyphText/FontText_90E1.font.o
[AS ]	Fonts/build/GlyphText/FontText_9A8F.font.o
[AS ]	Fonts/build/GlyphText/FontText_63E9.font.o
[AS ]	Fonts/build/GlyphText/FontText_5496.font.o
[AS ]	Fonts/build/GlyphText/FontText_520A.font.o
[AS ]	Fonts/build/GlyphText/FontText_52D8.font.o
[AS ]	Fonts/build/GlyphText/FontText_7CE0.font.o
[AS ]	Fonts/build/GlyphText/FontText_7095.font.o
[AS ]	Fonts/build/GlyphText/FontText_5777.font.o
[AS ]	Fonts/build/GlyphText/FontText_542D.font.o
[AS ]	Fonts/build/GlyphText/FontText_5BC7.font.o
[AS ]	Fonts/build/GlyphText/FontText_62A0.font.o
[AS ]	Fonts/build/GlyphText/FontText_88E4.font.o
[AS ]	Fonts/build/GlyphText/FontText_630E.font.o
[AS ]	Fonts/build/GlyphText/FontText_80EF.font.o
[AS ]	Fonts/build/GlyphText/FontText_7B77.font.o
[AS ]	Fonts/build/GlyphText/FontText_4FA9.font.o
[AS ]	Fonts/build/GlyphText/FontText_5321.font.o
[AS ]	Fonts/build/GlyphText/FontText_7B50.font.o
[AS ]	Fonts/build/GlyphText/FontText_7736.font.o
[AS ]	Fonts/build/GlyphText/FontText_5CBF.font.o
[AS ]	Fonts/build/GlyphText/FontText_8475.font.o
[AS ]	Fonts/build/GlyphText/FontText_594E.font.o
[AS ]	Fonts/build/GlyphText/FontText_5764.font.o
[AS ]	Fonts/build/GlyphText/FontText_6346.font.o
[AS ]	Fonts/build/GlyphText/FontText_5ED3.font.o
[AS ]	Fonts/build/GlyphText/FontText_5587.font.o
[AS ]	Fonts/build/GlyphText/FontText_8721.font.o
[AS ]	Fonts/build/GlyphText/FontText_814A.font.o
[AS ]	Fonts/build/GlyphText/FontText_9611.font.o
[AS ]	Fonts/build/GlyphText/FontText_63FD.font.o
[AS ]	Fonts/build/GlyphText/FontText_8C30.font.o
[AS ]	Fonts/build/GlyphText/FontText_7405.font.o
[AS ]	Fonts/build/GlyphText/FontText_6994.font.o
[AS ]	Fonts/build/GlyphText/FontText_5ECA.font.o
[AS ]	Fonts/build/GlyphText/FontText_4F6C.font.o
[AS ]	Fonts/build/GlyphText/FontText_59E5.font.o
[AS ]	Fonts/build/GlyphText/FontText_916A.font.o
[AS ]	Fonts/build/GlyphText/FontText_70D9.font.o
[AS ]	Fonts/build/GlyphText/FontText_6D9D.font.o
[AS ]	Fonts/build/GlyphText/FontText_956D.font.o
[AS ]	Fonts/build/GlyphText/FontText_78CA.font.o
[AS ]	Fonts/build/GlyphText/FontText_68F1.font.o
[AS ]	Fonts/build/GlyphText/FontText_5398.font.o
[AS ]	Fonts/build/GlyphText/FontText_68A8.font.o
[AS ]	Fonts/build/GlyphText/FontText_7281.font.o
[AS ]	Fonts/build/GlyphText/FontText_9CA4.font.o
[AS ]	Fonts/build/GlyphText/FontText_8354.font.o
[AS ]	Fonts/build/GlyphText/FontText_783E.font.o
[AS ]	Fonts/build/GlyphText/FontText_5088.font.o
[AS ]	Fonts/build/GlyphText/FontText_4FD0.font.o
[AS ]	Fonts/build/GlyphText/FontText_75E2.font.o
[AS ]	Fonts/build/GlyphText/FontText_7C92.font.o
[AS ]	Fonts/build/GlyphText/FontText_6CA5.font.o
[AS ]	Fonts/build/GlyphText/FontText_7483.font.o
[AS ]	Fonts/build/GlyphText/FontText_9570.font.o
[AS ]	Fonts/build/GlyphText/FontText_6D9F.font.o
[AS ]	Fonts/build/GlyphText/FontText_6881.font.o
[AS ]	Fonts/build/GlyphText/FontText_7CB1.font.o
[AS ]	Fonts/build/GlyphText/FontText_8F86.font.o
[AS ]	Fonts/build/GlyphText/FontText_667E.font.o
[AS ]	Fonts/build/GlyphText/FontText_64A9.font.o
[AS ]	Fonts/build/GlyphText/FontText_71CE.font.o
[AS ]	Fonts/build/GlyphText/FontText_5BE5.font.o
[AS ]	Fonts/build/GlyphText/FontText_6F66.font.o
[AS ]	Fonts/build/GlyphText/FontText_9563.font.o
[AS ]	Fonts/build/GlyphText/FontText_5ED6.font.o
[AS ]	Fonts/build/GlyphText/FontText_78F7.font.o
[AS ]	Fonts/build/GlyphText/FontText_9716.font.o
[AS ]	Fonts/build/GlyphText/FontText_8D41.font.o
[AS ]	Fonts/build/GlyphText/FontText_83F1.font.o
[AS ]	Fonts/build/GlyphText/FontText_73B2.font.o
[AS ]	Fonts/build/GlyphText/FontText_94C3.font.o
[AS ]	Fonts/build/GlyphText/FontText_4F36.font.o
[AS ]	Fonts/build/GlyphText/FontText_7F9A.font.o
[AS ]	Fonts/build/GlyphText/FontText_7409.font.o
[AS ]	Fonts/build/GlyphText/FontText_69B4.font.o
[AS ]	Fonts/build/GlyphText/FontText_998F.font.o
[AS ]	Fonts/build/GlyphText/FontText_5218.font.o
[AS ]	Fonts/build/GlyphText/FontText_7624.font.o
[AS ]	Fonts/build/GlyphText/FontText_67F3.font.o
[AS ]	Fonts/build/GlyphText/FontText_7ABF.font.o
[AS ]	Fonts/build/GlyphText/FontText_5784.font.o
[AS ]	Fonts/build/GlyphText/FontText_9647.font.o
[AS ]	Fonts/build/GlyphText/FontText_5A04.font.o
[AS ]	Fonts/build/GlyphText/FontText_6402.font.o
[AS ]	Fonts/build/GlyphText/FontText_7BD3.font.o
[AS ]	Fonts/build/GlyphText/FontText_82A6.font.o
[AS ]	Fonts/build/GlyphText/FontText_9885.font.o
[AS ]	Fonts/build/GlyphText/FontText_5E90.font.o
[AS ]	Fonts/build/GlyphText/FontText_5364.font.o
[AS ]	Fonts/build/GlyphText/FontText_9E93.font.o
[AS ]	Fonts/build/GlyphText/FontText_6F5E.font.o
[AS ]	Fonts/build/GlyphText/FontText_7984.font.o
[AS ]	Fonts/build/GlyphText/FontText_5415.font.o
[AS ]	Fonts/build/GlyphText/FontText_94DD.font.o
[AS ]	Fonts/build/GlyphText/FontText_7F15.font.o
[AS ]	Fonts/build/GlyphText/FontText_6C2F.font.o
[AS ]	Fonts/build/GlyphText/FontText_6EE4.font.o
[AS ]	Fonts/build/GlyphText/FontText_5CE6.font.o
[AS ]	Fonts/build/GlyphText/FontText_631B.font.o
[AS ]	Fonts/build/GlyphText/FontText_6EE6.font.o
[AS ]	Fonts/build/GlyphText/FontText_62A1.font.o
[AS ]	Fonts/build/GlyphText/FontText_4ED1.font.o
[AS ]	Fonts/build/GlyphText/FontText_7EB6.font.o
[AS ]	Fonts/build/GlyphText/FontText_87BA.font.o
[AS ]	Fonts/build/GlyphText/FontText_9523.font.o
[AS ]	Fonts/build/GlyphText/FontText_7BA9.font.o
[AS ]	Fonts/build/GlyphText/FontText_9A86.font.o
[AS ]	Fonts/build/GlyphText/FontText_8682.font.o
[AS ]	Fonts/build/GlyphText/FontText_9EA6.font.o
[AS ]	Fonts/build/GlyphText/FontText_8C29.font.o
[AS ]	Fonts/build/GlyphText/FontText_951A.font.o
[AS ]	Fonts/build/GlyphText/FontText_94C6.font.o
[AS ]	Fonts/build/GlyphText/FontText_73AB.font.o
[AS ]	Fonts/build/GlyphText/FontText_9176.font.o
[AS ]	Fonts/build/GlyphText/FontText_7164.font.o
[AS ]	Fonts/build/GlyphText/FontText_5A92.font.o
[AS ]	Fonts/build/GlyphText/FontText_9541.font.o
[AS ]	Fonts/build/GlyphText/FontText_6AAC.font.o
[AS ]	Fonts/build/GlyphText/FontText_9530.font.o
[AS ]	Fonts/build/GlyphText/FontText_5B5F.font.o
[AS ]	Fonts/build/GlyphText/FontText_919A.font.o
[AS ]	Fonts/build/GlyphText/FontText_7CDC.font.o
[AS ]	Fonts/build/GlyphText/FontText_6CCC.font.o
[AS ]	Fonts/build/GlyphText/FontText_5E42.font.o
[AS ]	Fonts/build/GlyphText/FontText_68C9.font.o
[AS ]	Fonts/build/GlyphText/FontText_5A29.font.o
[AS ]	Fonts/build/GlyphText/FontText_7F05.font.o
[AS ]	Fonts/build/GlyphText/FontText_85D0.font.o
[AS ]	Fonts/build/GlyphText/FontText_5E99.font.o
[AS ]	Fonts/build/GlyphText/FontText_76BF.font.o
[AS ]	Fonts/build/GlyphText/FontText_95FD.font.o
[AS ]	Fonts/build/GlyphText/FontText_879F.font.o
[AS ]	Fonts/build/GlyphText/FontText_6479.font.o
[AS ]	Fonts/build/GlyphText/FontText_8611.font.o
[AS ]	Fonts/build/GlyphText/FontText_819C.font.o
[AS ]	Fonts/build/GlyphText/FontText_58A8.font.o
[AS ]	Fonts/build/GlyphText/FontText_6CAB.font.o
[AS ]	Fonts/build/GlyphText/FontText_725F.font.o
[AS ]	Fonts/build/GlyphText/FontText_62C7.font.o
[AS ]	Fonts/build/GlyphText/FontText_7261.font.o
[AS ]	Fonts/build/GlyphText/FontText_4EA9.font.o
[AS ]	Fonts/build/GlyphText/FontText_66AE.font.o
[AS ]	Fonts/build/GlyphText/FontText_6C16.font.o
[AS ]	Fonts/build/GlyphText/FontText_6DD6.font.o
[AS ]	Fonts/build/GlyphText/FontText_9713.font.o
[AS ]	Fonts/build/GlyphText/FontText_502A.font.o
[AS ]	Fonts/build/GlyphText/FontText_62DF.font.o
[AS ]	Fonts/build/GlyphText/FontText_533F.font.o
[AS ]	Fonts/build/GlyphText/FontText_852B.font.o
[AS ]	Fonts/build/GlyphText/FontText_62C8.font.o
[AS ]	Fonts/build/GlyphText/FontText_78BE.font.o
[AS ]	Fonts/build/GlyphText/FontText_64B5.font.o
[AS ]	Fonts/build/GlyphText/FontText_637B.font.o
[AS ]	Fonts/build/GlyphText/FontText_917F.font.o
[AS ]	Fonts/build/GlyphText/FontText_5C3F.font.o
[AS ]	Fonts/build/GlyphText/FontText_8042.font.o
[AS ]	Fonts/build/GlyphText/FontText_556E.font.o
[AS ]	Fonts/build/GlyphText/FontText_954A.font.o
[AS ]	Fonts/build/GlyphText/FontText_954D.font.o
[AS ]	Fonts/build/GlyphText/FontText_6D85.font.o
[AS ]	Fonts/build/GlyphText/FontText_67E0.font.o
[AS ]	Fonts/build/GlyphText/FontText_72DE.font.o
[AS ]	Fonts/build/GlyphText/FontText_62E7.font.o
[AS ]	Fonts/build/GlyphText/FontText_94AE.font.o
[AS ]	Fonts/build/GlyphText/FontText_8113.font.o
[AS ]	Fonts/build/GlyphText/FontText_759F.font.o
[AS ]	Fonts/build/GlyphText/FontText_7CEF.font.o
[AS ]	Fonts/build/GlyphText/FontText_6B27.font.o
[AS ]	Fonts/build/GlyphText/FontText_9E25.font.o
[AS ]	Fonts/build/GlyphText/FontText_85D5.font.o
[AS ]	Fonts/build/GlyphText/FontText_7436.font.o
[AS ]	Fonts/build/GlyphText/FontText_6CA4.font.o
[AS ]	Fonts/build/GlyphText/FontText_6500.font.o
[AS ]	Fonts/build/GlyphText/FontText_7554.font.o
[AS ]	Fonts/build/GlyphText/FontText_4E53.font.o
[AS ]	Fonts/build/GlyphText/FontText_802A.font.o
[AS ]	Fonts/build/GlyphText/FontText_5228.font.o
[AS ]	Fonts/build/GlyphText/FontText_80DA.font.o
[AS ]	Fonts/build/GlyphText/FontText_76C6.font.o
[AS ]	Fonts/build/GlyphText/FontText_88F4.font.o
[AS ]	Fonts/build/GlyphText/FontText_7830.font.o
[AS ]	Fonts/build/GlyphText/FontText_62A8.font.o
[AS ]	Fonts/build/GlyphText/FontText_70F9.font.o
[AS ]	Fonts/build/GlyphText/FontText_5F6D.font.o
[AS ]	Fonts/build/GlyphText/FontText_68DA.font.o
[AS ]	Fonts/build/GlyphText/FontText_787C.font.o
[AS ]	Fonts/build/GlyphText/FontText_81A8.font.o
[AS ]	Fonts/build/GlyphText/FontText_9E4F.font.o
[AS ]	Fonts/build/GlyphText/FontText_6367.font.o
[AS ]	Fonts/build/GlyphText/FontText_576F.font.o
[AS ]	Fonts/build/GlyphText/FontText_7812.font.o
[AS ]	Fonts/build/GlyphText/FontText_9739.font.o
[AS ]	Fonts/build/GlyphText/FontText_7435.font.o
[AS ]	Fonts/build/GlyphText/FontText_6BD7.font.o
[AS ]	Fonts/build/GlyphText/FontText_5564.font.o
[AS ]	Fonts/build/GlyphText/FontText_75DE.font.o
[AS ]	Fonts/build/GlyphText/FontText_74E2.font.o
[AS ]	Fonts/build/GlyphText/FontText_77A5.font.o
[AS ]	Fonts/build/GlyphText/FontText_8058.font.o
[AS ]	Fonts/build/GlyphText/FontText_4E52.font.o
[AS ]	Fonts/build/GlyphText/FontText_576A.font.o
[AS ]	Fonts/build/GlyphText/FontText_74F6.font.o
[AS ]	Fonts/build/GlyphText/FontText_5761.font.o
[AS ]	Fonts/build/GlyphText/FontText_7C95.font.o
[AS ]	Fonts/build/GlyphText/FontText_5256.font.o
[AS ]	Fonts/build/GlyphText/FontText_8386.font.o
[AS ]	Fonts/build/GlyphText/FontText_8461.font.o
[AS ]	Fonts/build/GlyphText/FontText_84B2.font.o
[AS ]	Fonts/build/GlyphText/FontText_57D4.font.o
[AS ]	Fonts/build/GlyphText/FontText_5703.font.o
[AS ]	Fonts/build/GlyphText/FontText_6D66.font.o
[AS ]	Fonts/build/GlyphText/FontText_66DD.font.o
[AS ]	Fonts/build/GlyphText/FontText_7011.font.o
[AS ]	Fonts/build/GlyphText/FontText_67D2.font.o
[AS ]	Fonts/build/GlyphText/FontText_6C8F.font.o
[AS ]	Fonts/build/GlyphText/FontText_7566.font.o
[AS ]	Fonts/build/GlyphText/FontText_8110.font.o
[AS ]	Fonts/build/GlyphText/FontText_7941.font.o
[AS ]	Fonts/build/GlyphText/FontText_780C.font.o
[AS ]	Fonts/build/GlyphText/FontText_6C7D.font.o
[AS ]	Fonts/build/GlyphText/FontText_8BAB.font.o
[AS ]	Fonts/build/GlyphText/FontText_6266.font.o
[AS ]	Fonts/build/GlyphText/FontText_948E.font.o
[AS ]	Fonts/build/GlyphText/FontText_94C5.font.o
[AS ]	Fonts/build/GlyphText/FontText_4EDF.font.o
[AS ]	Fonts/build/GlyphText/FontText_4E7E.font.o
[AS ]	Fonts/build/GlyphText/FontText_9ED4.font.o
[AS ]	Fonts/build/GlyphText/FontText_94B3.font.o
[AS ]	Fonts/build/GlyphText/FontText_5811.font.o
[AS ]	Fonts/build/GlyphText/FontText_7F8C.font.o
[AS ]	Fonts/build/GlyphText/FontText_8537.font.o
[AS ]	Fonts/build/GlyphText/FontText_6A47.font.o
[AS ]	Fonts/build/GlyphText/FontText_9539.font.o
[AS ]	Fonts/build/GlyphText/FontText_4FA8.font.o
[AS ]	Fonts/build/GlyphText/FontText_64AC.font.o
[AS ]	Fonts/build/GlyphText/FontText_8304.font.o
[AS ]	Fonts/build/GlyphText/FontText_79E6.font.o
[AS ]	Fonts/build/GlyphText/FontText_7434.font.o
[AS ]	Fonts/build/GlyphText/FontText_82B9.font.o
[AS ]	Fonts/build/GlyphText/FontText_6C81.font.o
[AS ]	Fonts/build/GlyphText/FontText_6C22.font.o
[AS ]	Fonts/build/GlyphText/FontText_6C30.font.o
[AS ]	Fonts/build/GlyphText/FontText_64CE.font.o
[AS ]	Fonts/build/GlyphText/FontText_9877.font.o
[AS ]	Fonts/build/GlyphText/FontText_743C.font.o
[AS ]	Fonts/build/GlyphText/FontText_90B1.font.o
[AS ]	Fonts/build/GlyphText/FontText_914B.font.o
[AS ]	Fonts/build/GlyphText/FontText_6CC5.font.o
[AS ]	Fonts/build/GlyphText/FontText_86C6.font.o
[AS ]	Fonts/build/GlyphText/FontText_6E20.font.o
[AS ]	Fonts/build/GlyphText/FontText_9F8B.font.o
[AS ]	Fonts/build/GlyphText/FontText_98A7.font.o
[AS ]	Fonts/build/GlyphText/FontText_919B.font.o
[AS ]	Fonts/build/GlyphText/FontText_7094.font.o
[AS ]	Fonts/build/GlyphText/FontText_7638.font.o
[AS ]	Fonts/build/GlyphText/FontText_9E4A.font.o
[AS ]	Fonts/build/GlyphText/FontText_69B7.font.o
[AS ]	Fonts/build/GlyphText/FontText_96C0.font.o
[AS ]	Fonts/build/GlyphText/FontText_5189.font.o
[AS ]	Fonts/build/GlyphText/FontText_74E4.font.o
[AS ]	Fonts/build/GlyphText/FontText_6518.font.o
[AS ]	Fonts/build/GlyphText/FontText_58EC.font.o
[AS ]	Fonts/build/GlyphText/FontText_598A.font.o
[AS ]	Fonts/build/GlyphText/FontText_7EAB.font.o
[AS ]	Fonts/build/GlyphText/FontText_8338.font.o
[AS ]	Fonts/build/GlyphText/FontText_84C9.font.o
[AS ]	Fonts/build/GlyphText/FontText_5197.font.o
[AS ]	Fonts/build/GlyphText/FontText_63C9.font.o
[AS ]	Fonts/build/GlyphText/FontText_8339.font.o
[AS ]	Fonts/build/GlyphText/FontText_8815.font.o
[AS ]	Fonts/build/GlyphText/FontText_5112.font.o
[AS ]	Fonts/build/GlyphText/FontText_5B7A.font.o
[AS ]	Fonts/build/GlyphText/FontText_8925.font.o
[AS ]	Fonts/build/GlyphText/FontText_962E.font.o
[AS ]	Fonts/build/GlyphText/FontText_854A.font.o
[AS ]	Fonts/build/GlyphText/FontText_95F0.font.o
[AS ]	Fonts/build/GlyphText/FontText_6DA6.font.o
[AS ]	Fonts/build/GlyphText/FontText_816E.font.o
[AS ]	Fonts/build/GlyphText/FontText_9CC3.font.o
[AS ]	Fonts/build/GlyphText/FontText_53C1.font.o
[AS ]	Fonts/build/GlyphText/FontText_4F1E.font.o
[AS ]	Fonts/build/GlyphText/FontText_6414.font.o
[AS ]	Fonts/build/GlyphText/FontText_5AC2.font.o
[AS ]	Fonts/build/GlyphText/FontText_7B5B.font.o
[AS ]	Fonts/build/GlyphText/FontText_73CA.font.o
[AS ]	Fonts/build/GlyphText/FontText_82EB.font.o
[AS ]	Fonts/build/GlyphText/FontText_6749.font.o
[AS ]	Fonts/build/GlyphText/FontText_886B.font.o
[AS ]	Fonts/build/GlyphText/FontText_9655.font.o
[AS ]	Fonts/build/GlyphText/FontText_8D61.font.o
[AS ]	Fonts/build/GlyphText/FontText_81B3.font.o
[AS ]	Fonts/build/GlyphText/FontText_6C55.font.o
[AS ]	Fonts/build/GlyphText/FontText_7F2E.font.o
[AS ]	Fonts/build/GlyphText/FontText_664C.font.o
[AS ]	Fonts/build/GlyphText/FontText_5892.font.o
[AS ]	Fonts/build/GlyphText/FontText_88F3.font.o
[AS ]	Fonts/build/GlyphText/FontText_68A2.font.o
[AS ]	Fonts/build/GlyphText/FontText_828D.font.o
[AS ]	Fonts/build/GlyphText/FontText_52FA.font.o
[AS ]	Fonts/build/GlyphText/FontText_97F6.font.o
[AS ]	Fonts/build/GlyphText/FontText_90B5.font.o
[AS ]	Fonts/build/GlyphText/FontText_6151.font.o
[AS ]	Fonts/build/GlyphText/FontText_7837.font.o
[AS ]	Fonts/build/GlyphText/FontText_5A20.font.o
[AS ]	Fonts/build/GlyphText/FontText_6C88.font.o
[AS ]	Fonts/build/GlyphText/FontText_80BE.font.o
[AS ]	Fonts/build/GlyphText/FontText_8671.font.o
[AS ]	Fonts/build/GlyphText/FontText_9A76.font.o
[AS ]	Fonts/build/GlyphText/FontText_6C0F.font.o
[AS ]	Fonts/build/GlyphText/FontText_6043.font.o
[AS ]	Fonts/build/GlyphText/FontText_852C.font.o
[AS ]	Fonts/build/GlyphText/FontText_67A2.font.o
[AS ]	Fonts/build/GlyphText/FontText_6292.font.o
[AS ]	Fonts/build/GlyphText/FontText_85AF.font.o
[AS ]	Fonts/build/GlyphText/FontText_66D9.font.o
[AS ]	Fonts/build/GlyphText/FontText_8700.font.o
[AS ]	Fonts/build/GlyphText/FontText_9ECD.font.o
[AS ]	Fonts/build/GlyphText/FontText_620D.font.o
[AS ]	Fonts/build/GlyphText/FontText_5885.font.o
[AS ]	Fonts/build/GlyphText/FontText_6F31.font.o
[AS ]	Fonts/build/GlyphText/FontText_5237.font.o
[AS ]	Fonts/build/GlyphText/FontText_6813.font.o
[AS ]	Fonts/build/GlyphText/FontText_971C.font.o
[AS ]	Fonts/build/GlyphText/FontText_542E.font.o
[AS ]	Fonts/build/GlyphText/FontText_821C.font.o
[AS ]	Fonts/build/GlyphText/FontText_6714.font.o
[AS ]	Fonts/build/GlyphText/FontText_5636.font.o
[AS ]	Fonts/build/GlyphText/FontText_5BFA.font.o
[AS ]	Fonts/build/GlyphText/FontText_55E3.font.o
[AS ]	Fonts/build/GlyphText/FontText_5DF3.font.o
[AS ]	Fonts/build/GlyphText/FontText_5B8B.font.o
[AS ]	Fonts/build/GlyphText/FontText_8BBC.font.o
[AS ]	Fonts/build/GlyphText/FontText_64DE.font.o
[AS ]	Fonts/build/GlyphText/FontText_55FD.font.o
[AS ]	Fonts/build/GlyphText/FontText_9165.font.o
[AS ]	Fonts/build/GlyphText/FontText_7C9F.font.o
[AS ]	Fonts/build/GlyphText/FontText_50F3.font.o
[AS ]	Fonts/build/GlyphText/FontText_5851.font.o
[AS ]	Fonts/build/GlyphText/FontText_6EAF.font.o
[AS ]	Fonts/build/GlyphText/FontText_849C.font.o
[AS ]	Fonts/build/GlyphText/FontText_968B.font.o
[AS ]	Fonts/build/GlyphText/FontText_7EE5.font.o
[AS ]	Fonts/build/GlyphText/FontText_7A57.font.o
[AS ]	Fonts/build/GlyphText/FontText_9042.font.o
[AS ]	Fonts/build/GlyphText/FontText_96A7.font.o
[AS ]	Fonts/build/GlyphText/FontText_795F.font.o
[AS ]	Fonts/build/GlyphText/FontText_7B0B.font.o
[AS ]	Fonts/build/GlyphText/FontText_84D1.font.o
[AS ]	Fonts/build/GlyphText/FontText_736D.font.o
[AS ]	Fonts/build/GlyphText/FontText_631E.font.o
[AS ]	Fonts/build/GlyphText/FontText_82D4.font.o
[AS ]	Fonts/build/GlyphText/FontText_915E.font.o
[AS ]	Fonts/build/GlyphText/FontText_6C70.font.o
[AS ]	Fonts/build/GlyphText/FontText_574D.font.o
[AS ]	Fonts/build/GlyphText/FontText_6EE9.font.o
[AS ]	Fonts/build/GlyphText/FontText_6A80.font.o
[AS ]	Fonts/build/GlyphText/FontText_75F0.font.o
[AS ]	Fonts/build/GlyphText/FontText_6F6D.font.o
[AS ]	Fonts/build/GlyphText/FontText_8C2D.font.o
[AS ]	Fonts/build/GlyphText/FontText_8892.font.o
[AS ]	Fonts/build/GlyphText/FontText_78B3.font.o
[AS ]	Fonts/build/GlyphText/FontText_5858.font.o
[AS ]	Fonts/build/GlyphText/FontText_68E0.font.o
[AS ]	Fonts/build/GlyphText/FontText_6ED4.font.o
[AS ]	Fonts/build/GlyphText/FontText_7EE6.font.o
[AS ]	Fonts/build/GlyphText/FontText_8404.font.o
[AS ]	Fonts/build/GlyphText/FontText_85E4.font.o
[AS ]	Fonts/build/GlyphText/FontText_8A8A.font.o
[AS ]	Fonts/build/GlyphText/FontText_9511.font.o
[AS ]	Fonts/build/GlyphText/FontText_8E44.font.o
[AS ]	Fonts/build/GlyphText/FontText_568F.font.o
[AS ]	Fonts/build/GlyphText/FontText_5243.font.o
[AS ]	Fonts/build/GlyphText/FontText_5C49.font.o
[AS ]	Fonts/build/GlyphText/FontText_8214.font.o
[AS ]	Fonts/build/GlyphText/FontText_8146.font.o
[AS ]	Fonts/build/GlyphText/FontText_70C3.font.o
[AS ]	Fonts/build/GlyphText/FontText_5E16.font.o
[AS ]	Fonts/build/GlyphText/FontText_6C40.font.o
[AS ]	Fonts/build/GlyphText/FontText_8247.font.o
[AS ]	Fonts/build/GlyphText/FontText_6850.font.o
[AS ]	Fonts/build/GlyphText/FontText_916E.font.o
[AS ]	Fonts/build/GlyphText/FontText_94DC.font.o
[AS ]	Fonts/build/GlyphText/FontText_5F64.font.o
[AS ]	Fonts/build/GlyphText/FontText_6345.font.o
[AS ]	Fonts/build/GlyphText/FontText_7B52.font.o
[AS ]	Fonts/build/GlyphText/FontText_51F8.font.o
[AS ]	Fonts/build/GlyphText/FontText_6E4D.font.o
[AS ]	Fonts/build/GlyphText/FontText_8715.font.o
[AS ]	Fonts/build/GlyphText/FontText_892A.font.o
[AS ]	Fonts/build/GlyphText/FontText_5C6F.font.o
[AS ]	Fonts/build/GlyphText/FontText_81C0.font.o
[AS ]	Fonts/build/GlyphText/FontText_9E35.font.o
[AS ]	Fonts/build/GlyphText/FontText_9640.font.o
[AS ]	Fonts/build/GlyphText/FontText_9A6E.font.o
[AS ]	Fonts/build/GlyphText/FontText_9A7C.font.o
[AS ]	Fonts/build/GlyphText/FontText_692D.font.o
[AS ]	Fonts/build/GlyphText/FontText_6D3C.font.o
[AS ]	Fonts/build/GlyphText/FontText_889C.font.o
[AS ]	Fonts/build/GlyphText/FontText_8C4C.font.o
[AS ]	Fonts/build/GlyphText/FontText_70F7.font.o
[AS ]	Fonts/build/GlyphText/FontText_7897.font.o
[AS ]	Fonts/build/GlyphText/FontText_7696.font.o
[AS ]	Fonts/build/GlyphText/FontText_5B9B.font.o
[AS ]	Fonts/build/GlyphText/FontText_65FA.font.o
[AS ]	Fonts/build/GlyphText/FontText_5DCD.font.o
[AS ]	Fonts/build/GlyphText/FontText_6F4D.font.o
[AS ]	Fonts/build/GlyphText/FontText_82C7.font.o
[AS ]	Fonts/build/GlyphText/FontText_7EAC.font.o
[AS ]	Fonts/build/GlyphText/FontText_851A.font.o
[AS ]	Fonts/build/GlyphText/FontText_9B4F.font.o
[AS ]	Fonts/build/GlyphText/FontText_6E2D.font.o
[AS ]	Fonts/build/GlyphText/FontText_5C09.font.o
[AS ]	Fonts/build/GlyphText/FontText_868A.font.o
[AS ]	Fonts/build/GlyphText/FontText_55E1.font.o
[AS ]	Fonts/build/GlyphText/FontText_631D.font.o
[AS ]	Fonts/build/GlyphText/FontText_8717.font.o
[AS ]	Fonts/build/GlyphText/FontText_65A1.font.o
[AS ]	Fonts/build/GlyphText/FontText_94A8.font.o
[AS ]	Fonts/build/GlyphText/FontText_68A7.font.o
[AS ]	Fonts/build/GlyphText/FontText_5434.font.o
[AS ]	Fonts/build/GlyphText/FontText_6342.font.o
[AS ]	Fonts/build/GlyphText/FontText_5348.font.o
[AS ]	Fonts/build/GlyphText/FontText_575E.font.o
[AS ]	Fonts/build/GlyphText/FontText_6664.font.o
[AS ]	Fonts/build/GlyphText/FontText_620A.font.o
[AS ]	Fonts/build/GlyphText/FontText_7199.font.o
[AS ]	Fonts/build/GlyphText/FontText_7852.font.o
[AS ]	Fonts/build/GlyphText/FontText_9521.font.o
[AS ]	Fonts/build/GlyphText/FontText_77FD.font.o
[AS ]	Fonts/build/GlyphText/FontText_7184.font.o
[AS ]	Fonts/build/GlyphText/FontText_70EF.font.o
[AS ]	Fonts/build/GlyphText/FontText_6C50.font.o
[AS ]	Fonts/build/GlyphText/FontText_7280.font.o
[AS ]	Fonts/build/GlyphText/FontText_6A84.font.o
[AS ]	Fonts/build/GlyphText/FontText_94E3.font.o
[AS ]	Fonts/build/GlyphText/FontText_5323.font.o
[AS ]	Fonts/build/GlyphText/FontText_971E.font.o
[AS ]	Fonts/build/GlyphText/FontText_5CE1.font.o
[AS ]	Fonts/build/GlyphText/FontText_53A6.font.o
[AS ]	Fonts/build/GlyphText/FontText_9528.font.o
[AS ]	Fonts/build/GlyphText/FontText_4ED9.font.o
[AS ]	Fonts/build/GlyphText/FontText_6D8E.font.o
[AS ]	Fonts/build/GlyphText/FontText_53BF.font.o
[AS ]	Fonts/build/GlyphText/FontText_9985.font.o
[AS ]	Fonts/build/GlyphText/FontText_5BAA.font.o
[AS ]	Fonts/build/GlyphText/FontText_8944.font.o
[AS ]	Fonts/build/GlyphText/FontText_6E58.font.o
[AS ]	Fonts/build/GlyphText/FontText_6A61.font.o
[AS ]	Fonts/build/GlyphText/FontText_8427.font.o
[AS ]	Fonts/build/GlyphText/FontText_785D.font.o
[AS ]	Fonts/build/GlyphText/FontText_9704.font.o
[AS ]	Fonts/build/GlyphText/FontText_5BB5.font.o
[AS ]	Fonts/build/GlyphText/FontText_6DC6.font.o
[AS ]	Fonts/build/GlyphText/FontText_5578.font.o
[AS ]	Fonts/build/GlyphText/FontText_6954.font.o
[AS ]	Fonts/build/GlyphText/FontText_874E.font.o
[AS ]	Fonts/build/GlyphText/FontText_68B0.font.o
[AS ]	Fonts/build/GlyphText/FontText_5378.font.o
[AS ]	Fonts/build/GlyphText/FontText_6CFB.font.o
[AS ]	Fonts/build/GlyphText/FontText_5C51.font.o
[AS ]	Fonts/build/GlyphText/FontText_82AF.font.o
[AS ]	Fonts/build/GlyphText/FontText_950C.font.o
[AS ]	Fonts/build/GlyphText/FontText_5FFB.font.o
[AS ]	Fonts/build/GlyphText/FontText_7329.font.o
[AS ]	Fonts/build/GlyphText/FontText_90A2.font.o
[AS ]	Fonts/build/GlyphText/FontText_674F.font.o
[AS ]	Fonts/build/GlyphText/FontText_5308.font.o
[AS ]	Fonts/build/GlyphText/FontText_6C79.font.o
[AS ]	Fonts/build/GlyphText/FontText_620C.font.o
[AS ]	Fonts/build/GlyphText/FontText_718A.font.o
[AS ]	Fonts/build/GlyphText/FontText_5F90.font.o
[AS ]	Fonts/build/GlyphText/FontText_9157.font.o
[AS ]	Fonts/build/GlyphText/FontText_65ED.font.o
[AS ]	Fonts/build/GlyphText/FontText_7D6E.font.o
[AS ]	Fonts/build/GlyphText/FontText_8F69.font.o
[AS ]	Fonts/build/GlyphText/FontText_55A7.font.o
[AS ]	Fonts/build/GlyphText/FontText_7663.font.o
[AS ]	Fonts/build/GlyphText/FontText_7EDA.font.o
[AS ]	Fonts/build/GlyphText/FontText_859B.font.o
[AS ]	Fonts/build/GlyphText/FontText_718F.font.o
[AS ]	Fonts/build/GlyphText/FontText_65EC.font.o
[AS ]	Fonts/build/GlyphText/FontText_9A6F.font.o
[AS ]	Fonts/build/GlyphText/FontText_6B89.font.o
[AS ]	Fonts/build/GlyphText/FontText_6C5B.font.o
[AS ]	Fonts/build/GlyphText/FontText_9E2D.font.o
[AS ]	Fonts/build/GlyphText/FontText_869C.font.o
[AS ]	Fonts/build/GlyphText/FontText_8859.font.o
[AS ]	Fonts/build/GlyphText/FontText_54D1.font.o
[AS ]	Fonts/build/GlyphText/FontText_9609.font.o
[AS ]	Fonts/build/GlyphText/FontText_76D0.font.o
[AS ]	Fonts/build/GlyphText/FontText_8712.font.o
[AS ]	Fonts/build/GlyphText/FontText_960E.font.o
[AS ]	Fonts/build/GlyphText/FontText_71D5.font.o
[AS ]	Fonts/build/GlyphText/FontText_5830.font.o
[AS ]	Fonts/build/GlyphText/FontText_781A.font.o
[AS ]	Fonts/build/GlyphText/FontText_5501.font.o
[AS ]	Fonts/build/GlyphText/FontText_5F66.font.o
[AS ]	Fonts/build/GlyphText/FontText_8C1A.font.o
[AS ]	Fonts/build/GlyphText/FontText_9E2F.font.o
[AS ]	Fonts/build/GlyphText/FontText_79E7.font.o
[AS ]	Fonts/build/GlyphText/FontText_4F6F.font.o
[AS ]	Fonts/build/GlyphText/FontText_75A1.font.o
[AS ]	Fonts/build/GlyphText/FontText_6C27.font.o
[AS ]	Fonts/build/GlyphText/FontText_6F3E.font.o
[AS ]	Fonts/build/GlyphText/FontText_7476.font.o
[AS ]	Fonts/build/GlyphText/FontText_7A91.font.o
[AS ]	Fonts/build/GlyphText/FontText_5C27.font.o
[AS ]	Fonts/build/GlyphText/FontText_8C23.font.o
[AS ]	Fonts/build/GlyphText/FontText_59DA.font.o
[AS ]	Fonts/build/GlyphText/FontText_8200.font.o
[AS ]	Fonts/build/GlyphText/FontText_6930.font.o
[AS ]	Fonts/build/GlyphText/FontText_564E.font.o
[AS ]	Fonts/build/GlyphText/FontText_51B6.font.o
[AS ]	Fonts/build/GlyphText/FontText_6396.font.o
[AS ]	Fonts/build/GlyphText/FontText_66F3.font.o
[AS ]	Fonts/build/GlyphText/FontText_58F9.font.o
[AS ]	Fonts/build/GlyphText/FontText_63D6.font.o
[AS ]	Fonts/build/GlyphText/FontText_94F1.font.o
[AS ]	Fonts/build/GlyphText/FontText_5937.font.o
[AS ]	Fonts/build/GlyphText/FontText_6C82.font.o
[AS ]	Fonts/build/GlyphText/FontText_80F0.font.o
[AS ]	Fonts/build/GlyphText/FontText_5F5D.font.o
[AS ]	Fonts/build/GlyphText/FontText_501A.font.o
[AS ]	Fonts/build/GlyphText/FontText_4E59.font.o
[AS ]	Fonts/build/GlyphText/FontText_77E3.font.o
[AS ]	Fonts/build/GlyphText/FontText_9091.font.o
[AS ]	Fonts/build/GlyphText/FontText_5C79.font.o
[AS ]	Fonts/build/GlyphText/FontText_81C6.font.o
[AS ]	Fonts/build/GlyphText/FontText_9038.font.o
[AS ]	Fonts/build/GlyphText/FontText_8084.font.o
[AS ]	Fonts/build/GlyphText/FontText_75AB.font.o
[AS ]	Fonts/build/GlyphText/FontText_8BD1.font.o
[AS ]	Fonts/build/GlyphText/FontText_7FCC.font.o
[AS ]	Fonts/build/GlyphText/FontText_8335.font.o
[AS ]	Fonts/build/GlyphText/FontText_6BB7.font.o
[AS ]	Fonts/build/GlyphText/FontText_59FB.font.o
[AS ]	Fonts/build/GlyphText/FontText_6DEB.font.o
[AS ]	Fonts/build/GlyphText/FontText_5BC5.font.o
[AS ]	Fonts/build/GlyphText/FontText_5C39.font.o
[AS ]	Fonts/build/GlyphText/FontText_6A31.font.o
[AS ]	Fonts/build/GlyphText/FontText_7F28.font.o
[AS ]	Fonts/build/GlyphText/FontText_83B9.font.o
[AS ]	Fonts/build/GlyphText/FontText_8367.font.o
[AS ]	Fonts/build/GlyphText/FontText_8747.font.o
[AS ]	Fonts/build/GlyphText/FontText_76C8.font.o
[AS ]	Fonts/build/GlyphText/FontText_9896.font.o
[AS ]	Fonts/build/GlyphText/FontText_81C3.font.o
[AS ]	Fonts/build/GlyphText/FontText_75C8.font.o
[AS ]	Fonts/build/GlyphText/FontText_96CD.font.o
[AS ]	Fonts/build/GlyphText/FontText_8E0A.font.o
[AS ]	Fonts/build/GlyphText/FontText_86F9.font.o
[AS ]	Fonts/build/GlyphText/FontText_90AE.font.o
[AS ]	Fonts/build/GlyphText/FontText_94C0.font.o
[AS ]	Fonts/build/GlyphText/FontText_9149.font.o
[AS ]	Fonts/build/GlyphText/FontText_91C9.font.o
[AS ]	Fonts/build/GlyphText/FontText_8FC2.font.o
[AS ]	Fonts/build/GlyphText/FontText_6DE4.font.o
[AS ]	Fonts/build/GlyphText/FontText_76C2.font.o
[AS ]	Fonts/build/GlyphText/FontText_6986.font.o
[AS ]	Fonts/build/GlyphText/FontText_865E.font.o
[AS ]	Fonts/build/GlyphText/FontText_8206.font.o
[AS ]	Fonts/build/GlyphText/FontText_4FDE.font.o
[AS ]	Fonts/build/GlyphText/FontText_6E1D.font.o
[AS ]	Fonts/build/GlyphText/FontText_6E14.font.o
[AS ]	Fonts/build/GlyphText/FontText_9685.font.o
[AS ]	Fonts/build/GlyphText/FontText_5A31.font.o
[AS ]	Fonts/build/GlyphText/FontText_79B9.font.o
[AS ]	Fonts/build/GlyphText/FontText_828B.font.o
[AS ]	Fonts/build/GlyphText/FontText_5CEA.font.o
[AS ]	Fonts/build/GlyphText/FontText_5BD3.font.o
[AS ]	Fonts/build/GlyphText/FontText_9E33.font.o
[AS ]	Fonts/build/GlyphText/FontText_51A4.font.o
[AS ]	Fonts/build/GlyphText/FontText_57A3.font.o
[AS ]	Fonts/build/GlyphText/FontText_8881.font.o
[AS ]	Fonts/build/GlyphText/FontText_8F95.font.o
[AS ]	Fonts/build/GlyphText/FontText_733F.font.o
[AS ]	Fonts/build/GlyphText/FontText_82D1.font.o
[AS ]	Fonts/build/GlyphText/FontText_66F0.font.o
[AS ]	Fonts/build/GlyphText/FontText_7CA4.font.o
[AS ]	Fonts/build/GlyphText/FontText_8018.font.o
[AS ]	Fonts/build/GlyphText/FontText_90E7.font.o
[AS ]	Fonts/build/GlyphText/FontText_5300.font.o
[AS ]	Fonts/build/GlyphText/FontText_9668.font.o
[AS ]	Fonts/build/GlyphText/FontText_915D.font.o
[AS ]	Fonts/build/GlyphText/FontText_531D.font.o
[AS ]	Fonts/build/GlyphText/FontText_8D43.font.o
[AS ]	Fonts/build/GlyphText/FontText_67A3.font.o
[AS ]	Fonts/build/GlyphText/FontText_6FA1.font.o
[AS ]	Fonts/build/GlyphText/FontText_86A4.font.o
[AS ]	Fonts/build/GlyphText/FontText_566A.font.o
[AS ]	Fonts/build/GlyphText/FontText_7682.font.o
[AS ]	Fonts/build/GlyphText/FontText_7076.font.o
[AS ]	Fonts/build/GlyphText/FontText_672D.font.o
[AS ]	Fonts/build/GlyphText/FontText_8F67.font.o
[AS ]	Fonts/build/GlyphText/FontText_94E1.font.o
[AS ]	Fonts/build/GlyphText/FontText_95F8.font.o
[AS ]	Fonts/build/GlyphText/FontText_6805.font.o
[AS ]	Fonts/build/GlyphText/FontText_69A8.font.o
[AS ]	Fonts/build/GlyphText/FontText_658B.font.o
[AS ]	Fonts/build/GlyphText/FontText_6BE1.font.o
[AS ]	Fonts/build/GlyphText/FontText_8A79.font.o
[AS ]	Fonts/build/GlyphText/FontText_76CF.font.o
[AS ]	Fonts/build/GlyphText/FontText_8F97.font.o
[AS ]	Fonts/build/GlyphText/FontText_5D2D.font.o
[AS ]	Fonts/build/GlyphText/FontText_8638.font.o
[AS ]	Fonts/build/GlyphText/FontText_6808.font.o
[AS ]	Fonts/build/GlyphText/FontText_6F33.font.o
[AS ]	Fonts/build/GlyphText/FontText_6A1F.font.o
[AS ]	Fonts/build/GlyphText/FontText_80C0.font.o
[AS ]	Fonts/build/GlyphText/FontText_8D75.font.o
[AS ]	Fonts/build/GlyphText/FontText_8087.font.o
[AS ]	Fonts/build/GlyphText/FontText_54F2.font.o
[AS ]	Fonts/build/GlyphText/FontText_86F0.font.o
[AS ]	Fonts/build/GlyphText/FontText_9517.font.o
[AS ]	Fonts/build/GlyphText/FontText_8517.font.o
[AS ]	Fonts/build/GlyphText/FontText_6D59.font.o
[AS ]	Fonts/build/GlyphText/FontText_7504.font.o
[AS ]	Fonts/build/GlyphText/FontText_7827.font.o
[AS ]	Fonts/build/GlyphText/FontText_8D1E.font.o
[AS ]	Fonts/build/GlyphText/FontText_75B9.font.o
[AS ]	Fonts/build/GlyphText/FontText_8BCA.font.o
[AS ]	Fonts/build/GlyphText/FontText_84B8.font.o
[AS ]	Fonts/build/GlyphText/FontText_72F0.font.o
[AS ]	Fonts/build/GlyphText/FontText_6014.font.o
[AS ]	Fonts/build/GlyphText/FontText_5E27.font.o
[AS ]	Fonts/build/GlyphText/FontText_829D.font.o
[AS ]	Fonts/build/GlyphText/FontText_6C41.font.o
[AS ]	Fonts/build/GlyphText/FontText_4F84.font.o
[AS ]	Fonts/build/GlyphText/FontText_7099.font.o
[AS ]	Fonts/build/GlyphText/FontText_75D4.font.o
[AS ]	Fonts/build/GlyphText/FontText_7A92.font.o
[AS ]	Fonts/build/GlyphText/FontText_76C5.font.o
[AS ]	Fonts/build/GlyphText/FontText_80BF.font.o
[AS ]	Fonts/build/GlyphText/FontText_5DDE.font.o
[AS ]	Fonts/build/GlyphText/FontText_7CA5.font.o
[AS ]	Fonts/build/GlyphText/FontText_8BCC.font.o
[AS ]	Fonts/build/GlyphText/FontText_8F74.font.o
[AS ]	Fonts/build/GlyphText/FontText_8098.font.o
[AS ]	Fonts/build/GlyphText/FontText_5E1A.font.o
[AS ]	Fonts/build/GlyphText/FontText_8BDB.font.o
[AS ]	Fonts/build/GlyphText/FontText_70DB.font.o
[AS ]	Fonts/build/GlyphText/FontText_716E.font.o
[AS ]	Fonts/build/GlyphText/FontText_62C4.font.o
[AS ]	Fonts/build/GlyphText/FontText_86C0.font.o
[AS ]	Fonts/build/GlyphText/FontText_8D2E.font.o
[AS ]	Fonts/build/GlyphText/FontText_94F8.font.o
[AS ]	Fonts/build/GlyphText/FontText_7816.font.o
[AS ]	Fonts/build/GlyphText/FontText_7BC6.font.o
[AS ]	Fonts/build/GlyphText/FontText_690E.font.o
[AS ]	Fonts/build/GlyphText/FontText_9525.font.o
[AS ]	Fonts/build/GlyphText/FontText_8C06.font.o
[AS ]	Fonts/build/GlyphText/FontText_62D9.font.o
[AS ]	Fonts/build/GlyphText/FontText_8301.font.o
[AS ]	Fonts/build/GlyphText/FontText_5544.font.o
[AS ]	Fonts/build/GlyphText/FontText_6DC4.font.o
[AS ]	Fonts/build/GlyphText/FontText_5B5C.font.o
[AS ]	Fonts/build/GlyphText/FontText_7C7D.font.o
[AS ]	Fonts/build/GlyphText/FontText_6E0D.font.o
[AS ]	Fonts/build/GlyphText/FontText_9B03.font.o
[AS ]	Fonts/build/GlyphText/FontText_68D5.font.o
[AS ]	Fonts/build/GlyphText/FontText_90B9.font.o
[AS ]	Fonts/build/GlyphText/FontText_79DF.font.o
[AS ]	Fonts/build/GlyphText/FontText_7E82.font.o
[AS ]	Fonts/build/GlyphText/FontText_67DE.font.o
[AS ]	Fonts/build/GlyphText/FontText_4E8D.font.o
[AS ]	Fonts/build/GlyphText/FontText_4E0C.font.o
[AS ]	Fonts/build/GlyphText/FontText_5140.font.o
[AS ]	Fonts/build/GlyphText/FontText_4E10.font.o
[AS ]	Fonts/build/GlyphText/FontText_5EFF.font.o
[AS ]	Fonts/build/GlyphText/FontText_4E15.font.o
[AS ]	Fonts/build/GlyphText/FontText_5345.font.o
[AS ]	Fonts/build/GlyphText/FontText_4E1E.font.o
[AS ]	Fonts/build/GlyphText/FontText_9B32.font.o
[AS ]	Fonts/build/GlyphText/FontText_5669.font.o
[AS ]	Fonts/build/GlyphText/FontText_79BA.font.o
[AS ]	Fonts/build/GlyphText/FontText_4E28.font.o
[AS ]	Fonts/build/GlyphText/FontText_4E3F.font.o
[AS ]	Fonts/build/GlyphText/FontText_5315.font.o
[AS ]	Fonts/build/GlyphText/FontText_4E47.font.o
[AS ]	Fonts/build/GlyphText/FontText_723B.font.o
[AS ]	Fonts/build/GlyphText/FontText_536E.font.o
[AS ]	Fonts/build/GlyphText/FontText_6C10.font.o
[AS ]	Fonts/build/GlyphText/FontText_56DF.font.o
[AS ]	Fonts/build/GlyphText/FontText_80E4.font.o
[AS ]	Fonts/build/GlyphText/FontText_9997.font.o
[AS ]	Fonts/build/GlyphText/FontText_6BD3.font.o
[AS ]	Fonts/build/GlyphText/FontText_777E.font.o
[AS ]	Fonts/build/GlyphText/FontText_9F17.font.o
[AS ]	Fonts/build/GlyphText/FontText_4E36.font.o
[AS ]	Fonts/build/GlyphText/FontText_4E9F.font.o
[AS ]	Fonts/build/GlyphText/FontText_9F10.font.o
[AS ]	Fonts/build/GlyphText/FontText_4E5C.font.o
[AS ]	Fonts/build/GlyphText/FontText_4E69.font.o
[AS ]	Fonts/build/GlyphText/FontText_4E93.font.o
[AS ]	Fonts/build/GlyphText/FontText_8288.font.o
[AS ]	Fonts/build/GlyphText/FontText_5B5B.font.o
[AS ]	Fonts/build/GlyphText/FontText_560F.font.o
[AS ]	Fonts/build/GlyphText/FontText_4EC4.font.o
[AS ]	Fonts/build/GlyphText/FontText_538D.font.o
[AS ]	Fonts/build/GlyphText/FontText_539D.font.o
[AS ]	Fonts/build/GlyphText/FontText_53A3.font.o
[AS ]	Fonts/build/GlyphText/FontText_53A5.font.o
[AS ]	Fonts/build/GlyphText/FontText_9765.font.o
[AS ]	Fonts/build/GlyphText/FontText_531A.font.o
[AS ]	Fonts/build/GlyphText/FontText_5326.font.o
[AS ]	Fonts/build/GlyphText/FontText_532E.font.o
[AS ]	Fonts/build/GlyphText/FontText_533E.font.o
[AS ]	Fonts/build/GlyphText/FontText_8D5C.font.o
[AS ]	Fonts/build/GlyphText/FontText_5366.font.o
[AS ]	Fonts/build/GlyphText/FontText_5363.font.o
[AS ]	Fonts/build/GlyphText/FontText_5202.font.o
[AS ]	Fonts/build/GlyphText/FontText_5208.font.o
[AS ]	Fonts/build/GlyphText/FontText_520E.font.o
[AS ]	Fonts/build/GlyphText/FontText_522D.font.o
[AS ]	Fonts/build/GlyphText/FontText_5233.font.o
[AS ]	Fonts/build/GlyphText/FontText_523F.font.o
[AS ]	Fonts/build/GlyphText/FontText_524C.font.o
[AS ]	Fonts/build/GlyphText/FontText_5240.font.o
[AS ]	Fonts/build/GlyphText/FontText_525E.font.o
[AS ]	Fonts/build/GlyphText/FontText_5261.font.o
[AS ]	Fonts/build/GlyphText/FontText_525C.font.o
[AS ]	Fonts/build/GlyphText/FontText_84AF.font.o
[AS ]	Fonts/build/GlyphText/FontText_527D.font.o
[AS ]	Fonts/build/GlyphText/FontText_5282.font.o
[AS ]	Fonts/build/GlyphText/FontText_5281.font.o
[AS ]	Fonts/build/GlyphText/FontText_5290.font.o
[AS ]	Fonts/build/GlyphText/FontText_5293.font.o
[AS ]	Fonts/build/GlyphText/FontText_5182.font.o
[AS ]	Fonts/build/GlyphText/FontText_7F54.font.o
[AS ]	Fonts/build/GlyphText/FontText_4EBB.font.o
[AS ]	Fonts/build/GlyphText/FontText_4EC3.font.o
[AS ]	Fonts/build/GlyphText/FontText_4EC9.font.o
[AS ]	Fonts/build/GlyphText/FontText_4EC2.font.o
[AS ]	Fonts/build/GlyphText/FontText_4EE8.font.o
[AS ]	Fonts/build/GlyphText/FontText_4EE1.font.o
[AS ]	Fonts/build/GlyphText/FontText_4EEB.font.o
[AS ]	Fonts/build/GlyphText/FontText_4EDE.font.o
[AS ]	Fonts/build/GlyphText/FontText_4F1B.font.o
[AS ]	Fonts/build/GlyphText/FontText_4EF3.font.o
[AS ]	Fonts/build/GlyphText/FontText_4F22.font.o
[AS ]	Fonts/build/GlyphText/FontText_4F64.font.o
[AS ]	Fonts/build/GlyphText/FontText_4EF5.font.o
[AS ]	Fonts/build/GlyphText/FontText_4F25.font.o
[AS ]	Fonts/build/GlyphText/FontText_4F27.font.o
[AS ]	Fonts/build/GlyphText/FontText_4F09.font.o
[AS ]	Fonts/build/GlyphText/FontText_4F2B.font.o
[AS ]	Fonts/build/GlyphText/FontText_4F5E.font.o
[AS ]	Fonts/build/GlyphText/FontText_4F67.font.o
[AS ]	Fonts/build/GlyphText/FontText_4F5A.font.o
[AS ]	Fonts/build/GlyphText/FontText_4F5D.font.o
[AS ]	Fonts/build/GlyphText/FontText_4F5F.font.o
[AS ]	Fonts/build/GlyphText/FontText_4F57.font.o
[AS ]	Fonts/build/GlyphText/FontText_4F32.font.o
[AS ]	Fonts/build/GlyphText/FontText_4F3D.font.o
[AS ]	Fonts/build/GlyphText/FontText_4F76.font.o
[AS ]	Fonts/build/GlyphText/FontText_4F74.font.o
[AS ]	Fonts/build/GlyphText/FontText_4F91.font.o
[AS ]	Fonts/build/GlyphText/FontText_4F89.font.o
[AS ]	Fonts/build/GlyphText/FontText_4F8F.font.o
[AS ]	Fonts/build/GlyphText/FontText_4F7E.font.o
[AS ]	Fonts/build/GlyphText/FontText_4FAA.font.o
[AS ]	Fonts/build/GlyphText/FontText_4F7C.font.o
[AS ]	Fonts/build/GlyphText/FontText_4FAC.font.o
[AS ]	Fonts/build/GlyphText/FontText_4F94.font.o
[AS ]	Fonts/build/GlyphText/FontText_4FE6.font.o
[AS ]	Fonts/build/GlyphText/FontText_4FE8.font.o
[AS ]	Fonts/build/GlyphText/FontText_4FEA.font.o
[AS ]	Fonts/build/GlyphText/FontText_4FC5.font.o
[AS ]	Fonts/build/GlyphText/FontText_4FDA.font.o
[AS ]	Fonts/build/GlyphText/FontText_4FE3.font.o
[AS ]	Fonts/build/GlyphText/FontText_4FDC.font.o
[AS ]	Fonts/build/GlyphText/FontText_4FD1.font.o
[AS ]	Fonts/build/GlyphText/FontText_4FDF.font.o
[AS ]	Fonts/build/GlyphText/FontText_4FF8.font.o
[AS ]	Fonts/build/GlyphText/FontText_5029.font.o
[AS ]	Fonts/build/GlyphText/FontText_504C.font.o
[AS ]	Fonts/build/GlyphText/FontText_4FF3.font.o
[AS ]	Fonts/build/GlyphText/FontText_502C.font.o
[AS ]	Fonts/build/GlyphText/FontText_500F.font.o
[AS ]	Fonts/build/GlyphText/FontText_502E.font.o
[AS ]	Fonts/build/GlyphText/FontText_4FFE.font.o
[AS ]	Fonts/build/GlyphText/FontText_501C.font.o
[AS ]	Fonts/build/GlyphText/FontText_500C.font.o
[AS ]	Fonts/build/GlyphText/FontText_5025.font.o
[AS ]	Fonts/build/GlyphText/FontText_5028.font.o
[AS ]	Fonts/build/GlyphText/FontText_507E.font.o
[AS ]	Fonts/build/GlyphText/FontText_5043.font.o
[AS ]	Fonts/build/GlyphText/FontText_5048.font.o
[AS ]	Fonts/build/GlyphText/FontText_504E.font.o
[AS ]	Fonts/build/GlyphText/FontText_5055.font.o
[AS ]	Fonts/build/GlyphText/FontText_506C.font.o
[AS ]	Fonts/build/GlyphText/FontText_507B.font.o
[AS ]	Fonts/build/GlyphText/FontText_50A5.font.o
[AS ]	Fonts/build/GlyphText/FontText_50A7.font.o
[AS ]	Fonts/build/GlyphText/FontText_50A9.font.o
[AS ]	Fonts/build/GlyphText/FontText_50BA.font.o
[AS ]	Fonts/build/GlyphText/FontText_50D6.font.o
[AS ]	Fonts/build/GlyphText/FontText_5106.font.o
[AS ]	Fonts/build/GlyphText/FontText_50ED.font.o
[AS ]	Fonts/build/GlyphText/FontText_50E6.font.o
[AS ]	Fonts/build/GlyphText/FontText_50EC.font.o
[AS ]	Fonts/build/GlyphText/FontText_50EE.font.o
[AS ]	Fonts/build/GlyphText/FontText_5107.font.o
[AS ]	Fonts/build/GlyphText/FontText_510B.font.o
[AS ]	Fonts/build/GlyphText/FontText_4EDD.font.o
[AS ]	Fonts/build/GlyphText/FontText_6C3D.font.o
[AS ]	Fonts/build/GlyphText/FontText_4F58.font.o
[AS ]	Fonts/build/GlyphText/FontText_4F65.font.o
[AS ]	Fonts/build/GlyphText/FontText_4FCE.font.o
[AS ]	Fonts/build/GlyphText/FontText_9FA0.font.o
[AS ]	Fonts/build/GlyphText/FontText_6C46.font.o
[AS ]	Fonts/build/GlyphText/FontText_7C74.font.o
[AS ]	Fonts/build/GlyphText/FontText_5DFD.font.o
[AS ]	Fonts/build/GlyphText/FontText_9EC9.font.o
[AS ]	Fonts/build/GlyphText/FontText_9998.font.o
[AS ]	Fonts/build/GlyphText/FontText_5181.font.o
[AS ]	Fonts/build/GlyphText/FontText_5914.font.o
[AS ]	Fonts/build/GlyphText/FontText_52F9.font.o
[AS ]	Fonts/build/GlyphText/FontText_530D.font.o
[AS ]	Fonts/build/GlyphText/FontText_8A07.font.o
[AS ]	Fonts/build/GlyphText/FontText_5310.font.o
[AS ]	Fonts/build/GlyphText/FontText_51EB.font.o
[AS ]	Fonts/build/GlyphText/FontText_5919.font.o
[AS ]	Fonts/build/GlyphText/FontText_5155.font.o
[AS ]	Fonts/build/GlyphText/FontText_4EA0.font.o
[AS ]	Fonts/build/GlyphText/FontText_5156.font.o
[AS ]	Fonts/build/GlyphText/FontText_4EB3.font.o
[AS ]	Fonts/build/GlyphText/FontText_886E.font.o
[AS ]	Fonts/build/GlyphText/FontText_88A4.font.o
[AS ]	Fonts/build/GlyphText/FontText_8114.font.o
[AS ]	Fonts/build/GlyphText/FontText_88D2.font.o
[AS ]	Fonts/build/GlyphText/FontText_5B34.font.o
[AS ]	Fonts/build/GlyphText/FontText_8803.font.o
[AS ]	Fonts/build/GlyphText/FontText_51AB.font.o
[AS ]	Fonts/build/GlyphText/FontText_51BD.font.o
[AS ]	Fonts/build/GlyphText/FontText_51B1.font.o
[AS ]	Fonts/build/GlyphText/FontText_51BC.font.o
[AS ]	Fonts/build/GlyphText/FontText_51C7.font.o
[AS ]	Fonts/build/GlyphText/FontText_5196.font.o
[AS ]	Fonts/build/GlyphText/FontText_51A2.font.o
[AS ]	Fonts/build/GlyphText/FontText_8BA0.font.o
[AS ]	Fonts/build/GlyphText/FontText_8BB4.font.o
[AS ]	Fonts/build/GlyphText/FontText_8BA6.font.o
[AS ]	Fonts/build/GlyphText/FontText_8BB5.font.o
[AS ]	Fonts/build/GlyphText/FontText_8BB7.font.o
[AS ]	Fonts/build/GlyphText/FontText_8BC3.font.o
[AS ]	Fonts/build/GlyphText/FontText_8BC2.font.o
[AS ]	Fonts/build/GlyphText/FontText_8BCB.font.o
[AS ]	Fonts/build/GlyphText/FontText_8BCF.font.o
[AS ]	Fonts/build/GlyphText/FontText_8BCE.font.o
[AS ]	Fonts/build/GlyphText/FontText_8BD2.font.o
[AS ]	Fonts/build/GlyphText/FontText_8BD3.font.o
[AS ]	Fonts/build/GlyphText/FontText_8BD4.font.o
[AS ]	Fonts/build/GlyphText/FontText_8BD6.font.o
[AS ]	Fonts/build/GlyphText/FontText_8BD8.font.o
[AS ]	Fonts/build/GlyphText/FontText_8BD9.font.o
[AS ]	Fonts/build/GlyphText/FontText_8BDC.font.o
[AS ]	Fonts/build/GlyphText/FontText_8BDF.font.o
[AS ]	Fonts/build/GlyphText/FontText_8BE0.font.o
[AS ]	Fonts/build/GlyphText/FontText_8BE4.font.o
[AS ]	Fonts/build/GlyphText/FontText_8BE8.font.o
[AS ]	Fonts/build/GlyphText/FontText_8BE9.font.o
[AS ]	Fonts/build/GlyphText/FontText_8BEE.font.o
[AS ]	Fonts/build/GlyphText/FontText_8BF0.font.o
[AS ]	Fonts/build/GlyphText/FontText_8BF3.font.o
[AS ]	Fonts/build/GlyphText/FontText_8BF6.font.o
[AS ]	Fonts/build/GlyphText/FontText_8BF9.font.o
[AS ]	Fonts/build/GlyphText/FontText_8BFC.font.o
[AS ]	Fonts/build/GlyphText/FontText_8BFF.font.o
[AS ]	Fonts/build/GlyphText/FontText_8C00.font.o
[AS ]	Fonts/build/GlyphText/FontText_8C02.font.o
[AS ]	Fonts/build/GlyphText/FontText_8C04.font.o
[AS ]	Fonts/build/GlyphText/FontText_8C07.font.o
[AS ]	Fonts/build/GlyphText/FontText_8C0C.font.o
[AS ]	Fonts/build/GlyphText/FontText_8C0F.font.o
[AS ]	Fonts/build/GlyphText/FontText_8C11.font.o
[AS ]	Fonts/build/GlyphText/FontText_8C14.font.o
[AS ]	Fonts/build/GlyphText/FontText_8C16.font.o
[AS ]	Fonts/build/GlyphText/FontText_8C1B.font.o
[AS ]	Fonts/build/GlyphText/FontText_8C18.font.o
[AS ]	Fonts/build/GlyphText/FontText_8C1D.font.o
[AS ]	Fonts/build/GlyphText/FontText_8C1F.font.o
[AS ]	Fonts/build/GlyphText/FontText_8C20.font.o
[AS ]	Fonts/build/GlyphText/FontText_8C21.font.o
[AS ]	Fonts/build/GlyphText/FontText_8C25.font.o
[AS ]	Fonts/build/GlyphText/FontText_8C27.font.o
[AS ]	Fonts/build/GlyphText/FontText_8C2A.font.o
[AS ]	Fonts/build/GlyphText/FontText_8C2B.font.o
[AS ]	Fonts/build/GlyphText/FontText_8C2E.font.o
[AS ]	Fonts/build/GlyphText/FontText_8C2F.font.o
[AS ]	Fonts/build/GlyphText/FontText_8C32.font.o
[AS ]	Fonts/build/GlyphText/FontText_8C33.font.o
[AS ]	Fonts/build/GlyphText/FontText_8C35.font.o
[AS ]	Fonts/build/GlyphText/FontText_8C36.font.o
[AS ]	Fonts/build/GlyphText/FontText_5369.font.o
[AS ]	Fonts/build/GlyphText/FontText_537A.font.o
[AS ]	Fonts/build/GlyphText/FontText_961D.font.o
[AS ]	Fonts/build/GlyphText/FontText_9622.font.o
[AS ]	Fonts/build/GlyphText/FontText_9621.font.o
[AS ]	Fonts/build/GlyphText/FontText_962A.font.o
[AS ]	Fonts/build/GlyphText/FontText_963D.font.o
[AS ]	Fonts/build/GlyphText/FontText_963C.font.o
[AS ]	Fonts/build/GlyphText/FontText_9642.font.o
[AS ]	Fonts/build/GlyphText/FontText_9649.font.o
[AS ]	Fonts/build/GlyphText/FontText_9654.font.o
[AS ]	Fonts/build/GlyphText/FontText_965F.font.o
[AS ]	Fonts/build/GlyphText/FontText_9667.font.o
[AS ]	Fonts/build/GlyphText/FontText_966C.font.o
[AS ]	Fonts/build/GlyphText/FontText_9672.font.o
[AS ]	Fonts/build/GlyphText/FontText_9688.font.o
[AS ]	Fonts/build/GlyphText/FontText_9674.font.o
[AS ]	Fonts/build/GlyphText/FontText_968D.font.o
[AS ]	Fonts/build/GlyphText/FontText_9697.font.o
[AS ]	Fonts/build/GlyphText/FontText_96B0.font.o
[AS ]	Fonts/build/GlyphText/FontText_9097.font.o
[AS ]	Fonts/build/GlyphText/FontText_909B.font.o
[AS ]	Fonts/build/GlyphText/FontText_909D.font.o
[AS ]	Fonts/build/GlyphText/FontText_9099.font.o
[AS ]	Fonts/build/GlyphText/FontText_90AC.font.o
[AS ]	Fonts/build/GlyphText/FontText_90A1.font.o
[AS ]	Fonts/build/GlyphText/FontText_90B4.font.o
[AS ]	Fonts/build/GlyphText/FontText_90B3.font.o
[AS ]	Fonts/build/GlyphText/FontText_90BA.font.o
[AS ]	Fonts/build/GlyphText/FontText_90B6.font.o
[AS ]	Fonts/build/GlyphText/FontText_90B0.font.o
[AS ]	Fonts/build/GlyphText/FontText_90CF.font.o
[AS ]	Fonts/build/GlyphText/FontText_90C5.font.o
[AS ]	Fonts/build/GlyphText/FontText_90BE.font.o
[AS ]	Fonts/build/GlyphText/FontText_90D0.font.o
[AS ]	Fonts/build/GlyphText/FontText_90C4.font.o
[AS ]	Fonts/build/GlyphText/FontText_90C7.font.o
[AS ]	Fonts/build/GlyphText/FontText_90D3.font.o
[AS ]	Fonts/build/GlyphText/FontText_90E6.font.o
[AS ]	Fonts/build/GlyphText/FontText_90E2.font.o
[AS ]	Fonts/build/GlyphText/FontText_90DC.font.o
[AS ]	Fonts/build/GlyphText/FontText_90D7.font.o
[AS ]	Fonts/build/GlyphText/FontText_90DB.font.o
[AS ]	Fonts/build/GlyphText/FontText_90EB.font.o
[AS ]	Fonts/build/GlyphText/FontText_90EF.font.o
[AS ]	Fonts/build/GlyphText/FontText_90FE.font.o
[AS ]	Fonts/build/GlyphText/FontText_9104.font.o
[AS ]	Fonts/build/GlyphText/FontText_9122.font.o
[AS ]	Fonts/build/GlyphText/FontText_911E.font.o
[AS ]	Fonts/build/GlyphText/FontText_9123.font.o
[AS ]	Fonts/build/GlyphText/FontText_9131.font.o
[AS ]	Fonts/build/GlyphText/FontText_912F.font.o
[AS ]	Fonts/build/GlyphText/FontText_9139.font.o
[AS ]	Fonts/build/GlyphText/FontText_9143.font.o
[AS ]	Fonts/build/GlyphText/FontText_9146.font.o
[AS ]	Fonts/build/GlyphText/FontText_5942.font.o
[AS ]	Fonts/build/GlyphText/FontText_520D.font.o
[AS ]	Fonts/build/GlyphText/FontText_52A2.font.o
[AS ]	Fonts/build/GlyphText/FontText_52AC.font.o
[AS ]	Fonts/build/GlyphText/FontText_52AD.font.o
[AS ]	Fonts/build/GlyphText/FontText_52BE.font.o
[AS ]	Fonts/build/GlyphText/FontText_54FF.font.o
[AS ]	Fonts/build/GlyphText/FontText_52D0.font.o
[AS ]	Fonts/build/GlyphText/FontText_52D6.font.o
[AS ]	Fonts/build/GlyphText/FontText_53DF.font.o
[AS ]	Fonts/build/GlyphText/FontText_52F0.font.o
[AS ]	Fonts/build/GlyphText/FontText_71EE.font.o
[AS ]	Fonts/build/GlyphText/FontText_77CD.font.o
[AS ]	Fonts/build/GlyphText/FontText_5EF4.font.o
[AS ]	Fonts/build/GlyphText/FontText_51FC.font.o
[AS ]	Fonts/build/GlyphText/FontText_51F5.font.o
[AS ]	Fonts/build/GlyphText/FontText_9B2F.font.o
[AS ]	Fonts/build/GlyphText/FontText_53B6.font.o
[AS ]	Fonts/build/GlyphText/FontText_5F01.font.o
[AS ]	Fonts/build/GlyphText/FontText_755A.font.o
[AS ]	Fonts/build/GlyphText/FontText_5DEF.font.o
[AS ]	Fonts/build/GlyphText/FontText_574C.font.o
[AS ]	Fonts/build/GlyphText/FontText_57A9.font.o
[AS ]	Fonts/build/GlyphText/FontText_57A1.font.o
[AS ]	Fonts/build/GlyphText/FontText_587E.font.o
[AS ]	Fonts/build/GlyphText/FontText_58BC.font.o
[AS ]	Fonts/build/GlyphText/FontText_58C5.font.o
[AS ]	Fonts/build/GlyphText/FontText_58D1.font.o
[AS ]	Fonts/build/GlyphText/FontText_5729.font.o
[AS ]	Fonts/build/GlyphText/FontText_572C.font.o
[AS ]	Fonts/build/GlyphText/FontText_572A.font.o
[AS ]	Fonts/build/GlyphText/FontText_5733.font.o
[AS ]	Fonts/build/GlyphText/FontText_5739.font.o
[AS ]	Fonts/build/GlyphText/FontText_572E.font.o
[AS ]	Fonts/build/GlyphText/FontText_572F.font.o
[AS ]	Fonts/build/GlyphText/FontText_575C.font.o
[AS ]	Fonts/build/GlyphText/FontText_573B.font.o
[AS ]	Fonts/build/GlyphText/FontText_5742.font.o
[AS ]	Fonts/build/GlyphText/FontText_5769.font.o
[AS ]	Fonts/build/GlyphText/FontText_5785.font.o
[AS ]	Fonts/build/GlyphText/FontText_576B.font.o
[AS ]	Fonts/build/GlyphText/FontText_5786.font.o
[AS ]	Fonts/build/GlyphText/FontText_577C.font.o
[AS ]	Fonts/build/GlyphText/FontText_577B.font.o
[AS ]	Fonts/build/GlyphText/FontText_5768.font.o
[AS ]	Fonts/build/GlyphText/FontText_576D.font.o
[AS ]	Fonts/build/GlyphText/FontText_5776.font.o
[AS ]	Fonts/build/GlyphText/FontText_5773.font.o
[AS ]	Fonts/build/GlyphText/FontText_57AD.font.o
[AS ]	Fonts/build/GlyphText/FontText_57A4.font.o
[AS ]	Fonts/build/GlyphText/FontText_578C.font.o
[AS ]	Fonts/build/GlyphText/FontText_57B2.font.o
[AS ]	Fonts/build/GlyphText/FontText_57CF.font.o
[AS ]	Fonts/build/GlyphText/FontText_57A7.font.o
[AS ]	Fonts/build/GlyphText/FontText_57B4.font.o
[AS ]	Fonts/build/GlyphText/FontText_5793.font.o
[AS ]	Fonts/build/GlyphText/FontText_57D5.font.o
[AS ]	Fonts/build/GlyphText/FontText_57D8.font.o
[AS ]	Fonts/build/GlyphText/FontText_57DA.font.o
[AS ]	Fonts/build/GlyphText/FontText_57D9.font.o
[AS ]	Fonts/build/GlyphText/FontText_57D2.font.o
[AS ]	Fonts/build/GlyphText/FontText_57B8.font.o
[AS ]	Fonts/build/GlyphText/FontText_57F4.font.o
[AS ]	Fonts/build/GlyphText/FontText_57EF.font.o
[AS ]	Fonts/build/GlyphText/FontText_57F8.font.o
[AS ]	Fonts/build/GlyphText/FontText_57E4.font.o
[AS ]	Fonts/build/GlyphText/FontText_57DD.font.o
[AS ]	Fonts/build/GlyphText/FontText_580B.font.o
[AS ]	Fonts/build/GlyphText/FontText_580D.font.o
[AS ]	Fonts/build/GlyphText/FontText_57FD.font.o
[AS ]	Fonts/build/GlyphText/FontText_57ED.font.o
[AS ]	Fonts/build/GlyphText/FontText_5800.font.o
[AS ]	Fonts/build/GlyphText/FontText_581E.font.o
[AS ]	Fonts/build/GlyphText/FontText_5819.font.o
[AS ]	Fonts/build/GlyphText/FontText_5844.font.o
[AS ]	Fonts/build/GlyphText/FontText_5820.font.o
[AS ]	Fonts/build/GlyphText/FontText_5865.font.o
[AS ]	Fonts/build/GlyphText/FontText_586C.font.o
[AS ]	Fonts/build/GlyphText/FontText_5881.font.o
[AS ]	Fonts/build/GlyphText/FontText_5889.font.o
[AS ]	Fonts/build/GlyphText/FontText_589A.font.o
[AS ]	Fonts/build/GlyphText/FontText_5880.font.o
[AS ]	Fonts/build/GlyphText/FontText_9F19.font.o
[AS ]	Fonts/build/GlyphText/FontText_61FF.font.o
[AS ]	Fonts/build/GlyphText/FontText_8279.font.o
[AS ]	Fonts/build/GlyphText/FontText_827D.font.o
[AS ]	Fonts/build/GlyphText/FontText_827F.font.o
[AS ]	Fonts/build/GlyphText/FontText_828F.font.o
[AS ]	Fonts/build/GlyphText/FontText_828A.font.o
[AS ]	Fonts/build/GlyphText/FontText_82A8.font.o
[AS ]	Fonts/build/GlyphText/FontText_8284.font.o
[AS ]	Fonts/build/GlyphText/FontText_828E.font.o
[AS ]	Fonts/build/GlyphText/FontText_8291.font.o
[AS ]	Fonts/build/GlyphText/FontText_8297.font.o
[AS ]	Fonts/build/GlyphText/FontText_82AB.font.o
[AS ]	Fonts/build/GlyphText/FontText_82B8.font.o
[AS ]	Fonts/build/GlyphText/FontText_82BE.font.o
[AS ]	Fonts/build/GlyphText/FontText_82B0.font.o
[AS ]	Fonts/build/GlyphText/FontText_82C8.font.o
[AS ]	Fonts/build/GlyphText/FontText_82CA.font.o
[AS ]	Fonts/build/GlyphText/FontText_82E3.font.o
[AS ]	Fonts/build/GlyphText/FontText_82B7.font.o
[AS ]	Fonts/build/GlyphText/FontText_8298.font.o
[AS ]	Fonts/build/GlyphText/FontText_82AE.font.o
[AS ]	Fonts/build/GlyphText/FontText_82CB.font.o
[AS ]	Fonts/build/GlyphText/FontText_82CC.font.o
[AS ]	Fonts/build/GlyphText/FontText_82C1.font.o
[AS ]	Fonts/build/GlyphText/FontText_82A9.font.o
[AS ]	Fonts/build/GlyphText/FontText_82B4.font.o
[AS ]	Fonts/build/GlyphText/FontText_82A1.font.o
[AS ]	Fonts/build/GlyphText/FontText_82AA.font.o
[AS ]	Fonts/build/GlyphText/FontText_829F.font.o
[AS ]	Fonts/build/GlyphText/FontText_82C4.font.o
[AS ]	Fonts/build/GlyphText/FontText_82CE.font.o
[AS ]	Fonts/build/GlyphText/FontText_82A4.font.o
[AS ]	Fonts/build/GlyphText/FontText_82E1.font.o
[AS ]	Fonts/build/GlyphText/FontText_8309.font.o
[AS ]	Fonts/build/GlyphText/FontText_82F7.font.o
[AS ]	Fonts/build/GlyphText/FontText_82E4.font.o
[AS ]	Fonts/build/GlyphText/FontText_830F.font.o
[AS ]	Fonts/build/GlyphText/FontText_8307.font.o
[AS ]	Fonts/build/GlyphText/FontText_82DC.font.o
[AS ]	Fonts/build/GlyphText/FontText_82F4.font.o
[AS ]	Fonts/build/GlyphText/FontText_82D2.font.o
[AS ]	Fonts/build/GlyphText/FontText_82D8.font.o
[AS ]	Fonts/build/GlyphText/FontText_830C.font.o
[AS ]	Fonts/build/GlyphText/FontText_82FB.font.o
[AS ]	Fonts/build/GlyphText/FontText_82D3.font.o
[AS ]	Fonts/build/GlyphText/FontText_8311.font.o
[AS ]	Fonts/build/GlyphText/FontText_831A.font.o
[AS ]	Fonts/build/GlyphText/FontText_8306.font.o
[AS ]	Fonts/build/GlyphText/FontText_8314.font.o
[AS ]	Fonts/build/GlyphText/FontText_8315.font.o
[AS ]	Fonts/build/GlyphText/FontText_82E0.font.o
[AS ]	Fonts/build/GlyphText/FontText_82D5.font.o
[AS ]	Fonts/build/GlyphText/FontText_8351.font.o
[AS ]	Fonts/build/GlyphText/FontText_835B.font.o
[AS ]	Fonts/build/GlyphText/FontText_835C.font.o
[AS ]	Fonts/build/GlyphText/FontText_8308.font.o
[AS ]	Fonts/build/GlyphText/FontText_8392.font.o
[AS ]	Fonts/build/GlyphText/FontText_833C.font.o
[AS ]	Fonts/build/GlyphText/FontText_8334.font.o
[AS ]	Fonts/build/GlyphText/FontText_8331.font.o
[AS ]	Fonts/build/GlyphText/FontText_839B.font.o
[AS ]	Fonts/build/GlyphText/FontText_835E.font.o
[AS ]	Fonts/build/GlyphText/FontText_832F.font.o
[AS ]	Fonts/build/GlyphText/FontText_834F.font.o
[AS ]	Fonts/build/GlyphText/FontText_8347.font.o
[AS ]	Fonts/build/GlyphText/FontText_8343.font.o
[AS ]	Fonts/build/GlyphText/FontText_835F.font.o
[AS ]	Fonts/build/GlyphText/FontText_8340.font.o
[AS ]	Fonts/build/GlyphText/FontText_8317.font.o
[AS ]	Fonts/build/GlyphText/FontText_8360.font.o
[AS ]	Fonts/build/GlyphText/FontText_832D.font.o
[AS ]	Fonts/build/GlyphText/FontText_833A.font.o
[AS ]	Fonts/build/GlyphText/FontText_8333.font.o
[AS ]	Fonts/build/GlyphText/FontText_8366.font.o
[AS ]	Fonts/build/GlyphText/FontText_8365.font.o
[AS ]	Fonts/build/GlyphText/FontText_8368.font.o
[AS ]	Fonts/build/GlyphText/FontText_831B.font.o
[AS ]	Fonts/build/GlyphText/FontText_8369.font.o
[AS ]	Fonts/build/GlyphText/FontText_836C.font.o
[AS ]	Fonts/build/GlyphText/FontText_836A.font.o
[AS ]	Fonts/build/GlyphText/FontText_836D.font.o
[AS ]	Fonts/build/GlyphText/FontText_836E.font.o
[AS ]	Fonts/build/GlyphText/FontText_83B0.font.o
[AS ]	Fonts/build/GlyphText/FontText_8378.font.o
[AS ]	Fonts/build/GlyphText/FontText_83B3.font.o
[AS ]	Fonts/build/GlyphText/FontText_83B4.font.o
[AS ]	Fonts/build/GlyphText/FontText_83A0.font.o
[AS ]	Fonts/build/GlyphText/FontText_83AA.font.o
[AS ]	Fonts/build/GlyphText/FontText_8393.font.o
[AS ]	Fonts/build/GlyphText/FontText_839C.font.o
[AS ]	Fonts/build/GlyphText/FontText_8385.font.o
[AS ]	Fonts/build/GlyphText/FontText_837C.font.o
[AS ]	Fonts/build/GlyphText/FontText_83A9.font.o
[AS ]	Fonts/build/GlyphText/FontText_83B6.font.o
[AS ]	Fonts/build/GlyphText/FontText_837D.font.o
[AS ]	Fonts/build/GlyphText/FontText_83B8.font.o
[AS ]	Fonts/build/GlyphText/FontText_837B.font.o
[AS ]	Fonts/build/GlyphText/FontText_8398.font.o
[AS ]	Fonts/build/GlyphText/FontText_839E.font.o
[AS ]	Fonts/build/GlyphText/FontText_83BA.font.o
[AS ]	Fonts/build/GlyphText/FontText_83A8.font.o
[AS ]	Fonts/build/GlyphText/FontText_83BC.font.o
[AS ]	Fonts/build/GlyphText/FontText_83C1.font.o
[AS ]	Fonts/build/GlyphText/FontText_8401.font.o
[AS ]	Fonts/build/GlyphText/FontText_83E5.font.o
[AS ]	Fonts/build/GlyphText/FontText_83D8.font.o
[AS ]	Fonts/build/GlyphText/FontText_5807.font.o
[AS ]	Fonts/build/GlyphText/FontText_8418.font.o
[AS ]	Fonts/build/GlyphText/FontText_840B.font.o
[AS ]	Fonts/build/GlyphText/FontText_83DD.font.o
[AS ]	Fonts/build/GlyphText/FontText_83FD.font.o
[AS ]	Fonts/build/GlyphText/FontText_83D6.font.o
[AS ]	Fonts/build/GlyphText/FontText_841C.font.o
[AS ]	Fonts/build/GlyphText/FontText_8438.font.o
[AS ]	Fonts/build/GlyphText/FontText_8411.font.o
[AS ]	Fonts/build/GlyphText/FontText_8406.font.o
[AS ]	Fonts/build/GlyphText/FontText_83D4.font.o
[AS ]	Fonts/build/GlyphText/FontText_83DF.font.o
[AS ]	Fonts/build/GlyphText/FontText_840F.font.o
[AS ]	Fonts/build/GlyphText/FontText_83F8.font.o
[AS ]	Fonts/build/GlyphText/FontText_83F9.font.o
[AS ]	Fonts/build/GlyphText/FontText_83EA.font.o
[AS ]	Fonts/build/GlyphText/FontText_83C5.font.o
[AS ]	Fonts/build/GlyphText/FontText_83C0.font.o
[AS ]	Fonts/build/GlyphText/FontText_8426.font.o
[AS ]	Fonts/build/GlyphText/FontText_83E1.font.o
[AS ]	Fonts/build/GlyphText/FontText_83F0.font.o
[AS ]	Fonts/build/GlyphText/FontText_845C.font.o
[AS ]	Fonts/build/GlyphText/FontText_8451.font.o
[AS ]	Fonts/build/GlyphText/FontText_845A.font.o
[AS ]	Fonts/build/GlyphText/FontText_8459.font.o
[AS ]	Fonts/build/GlyphText/FontText_8473.font.o
[AS ]	Fonts/build/GlyphText/FontText_8487.font.o
[AS ]	Fonts/build/GlyphText/FontText_8488.font.o
[AS ]	Fonts/build/GlyphText/FontText_847A.font.o
[AS ]	Fonts/build/GlyphText/FontText_8489.font.o
[AS ]	Fonts/build/GlyphText/FontText_8478.font.o
[AS ]	Fonts/build/GlyphText/FontText_843C.font.o
[AS ]	Fonts/build/GlyphText/FontText_8446.font.o
[AS ]	Fonts/build/GlyphText/FontText_8469.font.o
[AS ]	Fonts/build/GlyphText/FontText_8476.font.o
[AS ]	Fonts/build/GlyphText/FontText_848C.font.o
[AS ]	Fonts/build/GlyphText/FontText_848E.font.o
[AS ]	Fonts/build/GlyphText/FontText_8431.font.o
[AS ]	Fonts/build/GlyphText/FontText_846D.font.o
[AS ]	Fonts/build/GlyphText/FontText_84C1.font.o
[AS ]	Fonts/build/GlyphText/FontText_84CD.font.o
[AS ]	Fonts/build/GlyphText/FontText_84D0.font.o
[AS ]	Fonts/build/GlyphText/FontText_84E6.font.o
[AS ]	Fonts/build/GlyphText/FontText_84BD.font.o
[AS ]	Fonts/build/GlyphText/FontText_84D3.font.o
[AS ]	Fonts/build/GlyphText/FontText_84CA.font.o
[AS ]	Fonts/build/GlyphText/FontText_84BF.font.o
[AS ]	Fonts/build/GlyphText/FontText_84BA.font.o
[AS ]	Fonts/build/GlyphText/FontText_84E0.font.o
[AS ]	Fonts/build/GlyphText/FontText_84B9.font.o
[AS ]	Fonts/build/GlyphText/FontText_84A1.font.o
[AS ]	Fonts/build/GlyphText/FontText_84B4.font.o
[AS ]	Fonts/build/GlyphText/FontText_8497.font.o
[AS ]	Fonts/build/GlyphText/FontText_84E5.font.o
[AS ]	Fonts/build/GlyphText/FontText_84E3.font.o
[AS ]	Fonts/build/GlyphText/FontText_850C.font.o
[AS ]	Fonts/build/GlyphText/FontText_750D.font.o
[AS ]	Fonts/build/GlyphText/FontText_8538.font.o
[AS ]	Fonts/build/GlyphText/FontText_84F0.font.o
[AS ]	Fonts/build/GlyphText/FontText_8539.font.o
[AS ]	Fonts/build/GlyphText/FontText_851F.font.o
[AS ]	Fonts/build/GlyphText/FontText_853A.font.o
[AS ]	Fonts/build/GlyphText/FontText_8556.font.o
[AS ]	Fonts/build/GlyphText/FontText_853B.font.o
[AS ]	Fonts/build/GlyphText/FontText_84FC.font.o
[AS ]	Fonts/build/GlyphText/FontText_84FF.font.o
[AS ]	Fonts/build/GlyphText/FontText_8559.font.o
[AS ]	Fonts/build/GlyphText/FontText_8548.font.o
[AS ]	Fonts/build/GlyphText/FontText_8568.font.o
[AS ]	Fonts/build/GlyphText/FontText_8564.font.o
[AS ]	Fonts/build/GlyphText/FontText_855E.font.o
[AS ]	Fonts/build/GlyphText/FontText_857A.font.o
[AS ]	Fonts/build/GlyphText/FontText_77A2.font.o
[AS ]	Fonts/build/GlyphText/FontText_8543.font.o
[AS ]	Fonts/build/GlyphText/FontText_8572.font.o
[AS ]	Fonts/build/GlyphText/FontText_857B.font.o
[AS ]	Fonts/build/GlyphText/FontText_85A4.font.o
[AS ]	Fonts/build/GlyphText/FontText_85A8.font.o
[AS ]	Fonts/build/GlyphText/FontText_8587.font.o
[AS ]	Fonts/build/GlyphText/FontText_858F.font.o
[AS ]	Fonts/build/GlyphText/FontText_8579.font.o
[AS ]	Fonts/build/GlyphText/FontText_85AE.font.o
[AS ]	Fonts/build/GlyphText/FontText_859C.font.o
[AS ]	Fonts/build/GlyphText/FontText_8585.font.o
[AS ]	Fonts/build/GlyphText/FontText_85B9.font.o
[AS ]	Fonts/build/GlyphText/FontText_85B7.font.o
[AS ]	Fonts/build/GlyphText/FontText_85B0.font.o
[AS ]	Fonts/build/GlyphText/FontText_85D3.font.o
[AS ]	Fonts/build/GlyphText/FontText_85C1.font.o
[AS ]	Fonts/build/GlyphText/FontText_85DC.font.o
[AS ]	Fonts/build/GlyphText/FontText_85FF.font.o
[AS ]	Fonts/build/GlyphText/FontText_8627.font.o
[AS ]	Fonts/build/GlyphText/FontText_8605.font.o
[AS ]	Fonts/build/GlyphText/FontText_8629.font.o
[AS ]	Fonts/build/GlyphText/FontText_8616.font.o
[AS ]	Fonts/build/GlyphText/FontText_863C.font.o
[AS ]	Fonts/build/GlyphText/FontText_5EFE.font.o
[AS ]	Fonts/build/GlyphText/FontText_5F08.font.o
[AS ]	Fonts/build/GlyphText/FontText_593C.font.o
[AS ]	Fonts/build/GlyphText/FontText_5941.font.o
[AS ]	Fonts/build/GlyphText/FontText_8037.font.o
[AS ]	Fonts/build/GlyphText/FontText_5955.font.o
[AS ]	Fonts/build/GlyphText/FontText_5958.font.o
[AS ]	Fonts/build/GlyphText/FontText_530F.font.o
[AS ]	Fonts/build/GlyphText/FontText_5C22.font.o
[AS ]	Fonts/build/GlyphText/FontText_5C25.font.o
[AS ]	Fonts/build/GlyphText/FontText_5C2C.font.o
[AS ]	Fonts/build/GlyphText/FontText_5C34.font.o
[AS ]	Fonts/build/GlyphText/FontText_624C.font.o
[AS ]	Fonts/build/GlyphText/FontText_626A.font.o
[AS ]	Fonts/build/GlyphText/FontText_629F.font.o
[AS ]	Fonts/build/GlyphText/FontText_62BB.font.o
[AS ]	Fonts/build/GlyphText/FontText_62CA.font.o
[AS ]	Fonts/build/GlyphText/FontText_62DA.font.o
[AS ]	Fonts/build/GlyphText/FontText_62EE.font.o
[AS ]	Fonts/build/GlyphText/FontText_6322.font.o
[AS ]	Fonts/build/GlyphText/FontText_62F6.font.o
[AS ]	Fonts/build/GlyphText/FontText_6339.font.o
[AS ]	Fonts/build/GlyphText/FontText_634B.font.o
[AS ]	Fonts/build/GlyphText/FontText_6343.font.o
[AS ]	Fonts/build/GlyphText/FontText_63AD.font.o
[AS ]	Fonts/build/GlyphText/FontText_63F6.font.o
[AS ]	Fonts/build/GlyphText/FontText_6371.font.o
[AS ]	Fonts/build/GlyphText/FontText_637A.font.o
[AS ]	Fonts/build/GlyphText/FontText_638E.font.o
[AS ]	Fonts/build/GlyphText/FontText_63B4.font.o
[AS ]	Fonts/build/GlyphText/FontText_63AC.font.o
[AS ]	Fonts/build/GlyphText/FontText_638A.font.o
[AS ]	Fonts/build/GlyphText/FontText_6369.font.o
[AS ]	Fonts/build/GlyphText/FontText_63AE.font.o
[AS ]	Fonts/build/GlyphText/FontText_63BC.font.o
[AS ]	Fonts/build/GlyphText/FontText_63F2.font.o
[AS ]	Fonts/build/GlyphText/FontText_63F8.font.o
[AS ]	Fonts/build/GlyphText/FontText_63E0.font.o
[AS ]	Fonts/build/GlyphText/FontText_63FF.font.o
[AS ]	Fonts/build/GlyphText/FontText_63C4.font.o
[AS ]	Fonts/build/GlyphText/FontText_63DE.font.o
[AS ]	Fonts/build/GlyphText/FontText_63CE.font.o
[AS ]	Fonts/build/GlyphText/FontText_6452.font.o
[AS ]	Fonts/build/GlyphText/FontText_63C6.font.o
[AS ]	Fonts/build/GlyphText/FontText_63BE.font.o
[AS ]	Fonts/build/GlyphText/FontText_6445.font.o
[AS ]	Fonts/build/GlyphText/FontText_6441.font.o
[AS ]	Fonts/build/GlyphText/FontText_640B.font.o
[AS ]	Fonts/build/GlyphText/FontText_641B.font.o
[AS ]	Fonts/build/GlyphText/FontText_6420.font.o
[AS ]	Fonts/build/GlyphText/FontText_640C.font.o
[AS ]	Fonts/build/GlyphText/FontText_6426.font.o
[AS ]	Fonts/build/GlyphText/FontText_6421.font.o
[AS ]	Fonts/build/GlyphText/FontText_645E.font.o
[AS ]	Fonts/build/GlyphText/FontText_6484.font.o
[AS ]	Fonts/build/GlyphText/FontText_646D.font.o
[AS ]	Fonts/build/GlyphText/FontText_6496.font.o
[AS ]	Fonts/build/GlyphText/FontText_647A.font.o
[AS ]	Fonts/build/GlyphText/FontText_64B7.font.o
[AS ]	Fonts/build/GlyphText/FontText_64B8.font.o
[AS ]	Fonts/build/GlyphText/FontText_6499.font.o
[AS ]	Fonts/build/GlyphText/FontText_64BA.font.o
[AS ]	Fonts/build/GlyphText/FontText_64C0.font.o
[AS ]	Fonts/build/GlyphText/FontText_64D0.font.o
[AS ]	Fonts/build/GlyphText/FontText_64D7.font.o
[AS ]	Fonts/build/GlyphText/FontText_64E4.font.o
[AS ]	Fonts/build/GlyphText/FontText_64E2.font.o
[AS ]	Fonts/build/GlyphText/FontText_6509.font.o
[AS ]	Fonts/build/GlyphText/FontText_6525.font.o
[AS ]	Fonts/build/GlyphText/FontText_652E.font.o
[AS ]	Fonts/build/GlyphText/FontText_5F0B.font.o
[AS ]	Fonts/build/GlyphText/FontText_7519.font.o
[AS ]	Fonts/build/GlyphText/FontText_535F.font.o
[AS ]	Fonts/build/GlyphText/FontText_53E9.font.o
[AS ]	Fonts/build/GlyphText/FontText_53FB.font.o
[AS ]	Fonts/build/GlyphText/FontText_5412.font.o
[AS ]	Fonts/build/GlyphText/FontText_5406.font.o
[AS ]	Fonts/build/GlyphText/FontText_5452.font.o
[AS ]	Fonts/build/GlyphText/FontText_5453.font.o
[AS ]	Fonts/build/GlyphText/FontText_5454.font.o
[AS ]	Fonts/build/GlyphText/FontText_5456.font.o
[AS ]	Fonts/build/GlyphText/FontText_5421.font.o
[AS ]	Fonts/build/GlyphText/FontText_5459.font.o
[AS ]	Fonts/build/GlyphText/FontText_5423.font.o
[AS ]	Fonts/build/GlyphText/FontText_5432.font.o
[AS ]	Fonts/build/GlyphText/FontText_5482.font.o
[AS ]	Fonts/build/GlyphText/FontText_5477.font.o
[AS ]	Fonts/build/GlyphText/FontText_5464.font.o
[AS ]	Fonts/build/GlyphText/FontText_549A.font.o
[AS ]	Fonts/build/GlyphText/FontText_549B.font.o
[AS ]	Fonts/build/GlyphText/FontText_5484.font.o
[AS ]	Fonts/build/GlyphText/FontText_5466.font.o
[AS ]	Fonts/build/GlyphText/FontText_5476.font.o
[AS ]	Fonts/build/GlyphText/FontText_54D0.font.o
[AS ]	Fonts/build/GlyphText/FontText_54AD.font.o
[AS ]	Fonts/build/GlyphText/FontText_54C2.font.o
[AS ]	Fonts/build/GlyphText/FontText_54B4.font.o
[AS ]	Fonts/build/GlyphText/FontText_54D2.font.o
[AS ]	Fonts/build/GlyphText/FontText_54D3.font.o
[AS ]	Fonts/build/GlyphText/FontText_54D4.font.o
[AS ]	Fonts/build/GlyphText/FontText_5472.font.o
[AS ]	Fonts/build/GlyphText/FontText_54A3.font.o
[AS ]	Fonts/build/GlyphText/FontText_54D5.font.o
[AS ]	Fonts/build/GlyphText/FontText_54CC.font.o
[AS ]	Fonts/build/GlyphText/FontText_54BB.font.o
[AS ]	Fonts/build/GlyphText/FontText_54D9.font.o
[AS ]	Fonts/build/GlyphText/FontText_54DA.font.o
[AS ]	Fonts/build/GlyphText/FontText_54DC.font.o
[AS ]	Fonts/build/GlyphText/FontText_54A9.font.o
[AS ]	Fonts/build/GlyphText/FontText_54AA.font.o
[AS ]	Fonts/build/GlyphText/FontText_54A4.font.o
[AS ]	Fonts/build/GlyphText/FontText_54DD.font.o
[AS ]	Fonts/build/GlyphText/FontText_54CF.font.o
[AS ]	Fonts/build/GlyphText/FontText_54DE.font.o
[AS ]	Fonts/build/GlyphText/FontText_551B.font.o
[AS ]	Fonts/build/GlyphText/FontText_54FD.font.o
[AS ]	Fonts/build/GlyphText/FontText_54F3.font.o
[AS ]	Fonts/build/GlyphText/FontText_5522.font.o
[AS ]	Fonts/build/GlyphText/FontText_5523.font.o
[AS ]	Fonts/build/GlyphText/FontText_550F.font.o
[AS ]	Fonts/build/GlyphText/FontText_5511.font.o
[AS ]	Fonts/build/GlyphText/FontText_552A.font.o
[AS ]	Fonts/build/GlyphText/FontText_558F.font.o
[AS ]	Fonts/build/GlyphText/FontText_55B5.font.o
[AS ]	Fonts/build/GlyphText/FontText_5549.font.o
[AS ]	Fonts/build/GlyphText/FontText_556D.font.o
[AS ]	Fonts/build/GlyphText/FontText_5541.font.o
[AS ]	Fonts/build/GlyphText/FontText_553F.font.o
[AS ]	Fonts/build/GlyphText/FontText_5550.font.o
[AS ]	Fonts/build/GlyphText/FontText_553C.font.o
[AS ]	Fonts/build/GlyphText/FontText_5556.font.o
[AS ]	Fonts/build/GlyphText/FontText_5575.font.o
[AS ]	Fonts/build/GlyphText/FontText_5576.font.o
[AS ]	Fonts/build/GlyphText/FontText_5577.font.o
[AS ]	Fonts/build/GlyphText/FontText_5533.font.o
[AS ]	Fonts/build/GlyphText/FontText_5530.font.o
[AS ]	Fonts/build/GlyphText/FontText_555C.font.o
[AS ]	Fonts/build/GlyphText/FontText_558B.font.o
[AS ]	Fonts/build/GlyphText/FontText_5583.font.o
[AS ]	Fonts/build/GlyphText/FontText_55B1.font.o
[AS ]	Fonts/build/GlyphText/FontText_55B9.font.o
[AS ]	Fonts/build/GlyphText/FontText_5588.font.o
[AS ]	Fonts/build/GlyphText/FontText_559F.font.o
[AS ]	Fonts/build/GlyphText/FontText_5581.font.o
[AS ]	Fonts/build/GlyphText/FontText_55D6.font.o
[AS ]	Fonts/build/GlyphText/FontText_5591.font.o
[AS ]	Fonts/build/GlyphText/FontText_557B.font.o
[AS ]	Fonts/build/GlyphText/FontText_55DF.font.o
[AS ]	Fonts/build/GlyphText/FontText_55BE.font.o
[AS ]	Fonts/build/GlyphText/FontText_5599.font.o
[AS ]	Fonts/build/GlyphText/FontText_55EA.font.o
[AS ]	Fonts/build/GlyphText/FontText_55C9.font.o
[AS ]	Fonts/build/GlyphText/FontText_55D1.font.o
[AS ]	Fonts/build/GlyphText/FontText_55EB.font.o
[AS ]	Fonts/build/GlyphText/FontText_55D4.font.o
[AS ]	Fonts/build/GlyphText/FontText_55DD.font.o
[AS ]	Fonts/build/GlyphText/FontText_55C4.font.o
[AS ]	Fonts/build/GlyphText/FontText_55E5.font.o
[AS ]	Fonts/build/GlyphText/FontText_55F2.font.o
[AS ]	Fonts/build/GlyphText/FontText_55F3.font.o
[AS ]	Fonts/build/GlyphText/FontText_55CC.font.o
[AS ]	Fonts/build/GlyphText/FontText_55CD.font.o
[AS ]	Fonts/build/GlyphText/FontText_8F94.font.o
[AS ]	Fonts/build/GlyphText/FontText_561E.font.o
[AS ]	Fonts/build/GlyphText/FontText_560C.font.o
[AS ]	Fonts/build/GlyphText/FontText_5624.font.o
[AS ]	Fonts/build/GlyphText/FontText_55FE.font.o
[AS ]	Fonts/build/GlyphText/FontText_5627.font.o
[AS ]	Fonts/build/GlyphText/FontText_562D.font.o
[AS ]	Fonts/build/GlyphText/FontText_5658.font.o
[AS ]	Fonts/build/GlyphText/FontText_5639.font.o
[AS ]	Fonts/build/GlyphText/FontText_562C.font.o
[AS ]	Fonts/build/GlyphText/FontText_564D.font.o
[AS ]	Fonts/build/GlyphText/FontText_5659.font.o
[AS ]	Fonts/build/GlyphText/FontText_564C.font.o
[AS ]	Fonts/build/GlyphText/FontText_5654.font.o
[AS ]	Fonts/build/GlyphText/FontText_5686.font.o
[AS ]	Fonts/build/GlyphText/FontText_5664.font.o
[AS ]	Fonts/build/GlyphText/FontText_5671.font.o
[AS ]	Fonts/build/GlyphText/FontText_566B.font.o
[AS ]	Fonts/build/GlyphText/FontText_567B.font.o
[AS ]	Fonts/build/GlyphText/FontText_567C.font.o
[AS ]	Fonts/build/GlyphText/FontText_5685.font.o
[AS ]	Fonts/build/GlyphText/FontText_5693.font.o
[AS ]	Fonts/build/GlyphText/FontText_56D7.font.o
[AS ]	Fonts/build/GlyphText/FontText_56DD.font.o
[AS ]	Fonts/build/GlyphText/FontText_56E1.font.o
[AS ]	Fonts/build/GlyphText/FontText_56F9.font.o
[AS ]	Fonts/build/GlyphText/FontText_56FF.font.o
[AS ]	Fonts/build/GlyphText/FontText_5704.font.o
[AS ]	Fonts/build/GlyphText/FontText_570A.font.o
[AS ]	Fonts/build/GlyphText/FontText_5709.font.o
[AS ]	Fonts/build/GlyphText/FontText_571C.font.o
[AS ]	Fonts/build/GlyphText/FontText_5E0F.font.o
[AS ]	Fonts/build/GlyphText/FontText_5E14.font.o
[AS ]	Fonts/build/GlyphText/FontText_5E19.font.o
[AS ]	Fonts/build/GlyphText/FontText_5E11.font.o
[AS ]	Fonts/build/GlyphText/FontText_5E31.font.o
[AS ]	Fonts/build/GlyphText/FontText_5E3B.font.o
[AS ]	Fonts/build/GlyphText/FontText_5E3C.font.o
[AS ]	Fonts/build/GlyphText/FontText_5E44.font.o
[AS ]	Fonts/build/GlyphText/FontText_5E54.font.o
[AS ]	Fonts/build/GlyphText/FontText_5E5B.font.o
[AS ]	Fonts/build/GlyphText/FontText_5E5E.font.o
[AS ]	Fonts/build/GlyphText/FontText_5E61.font.o
[AS ]	Fonts/build/GlyphText/FontText_5C7A.font.o
[AS ]	Fonts/build/GlyphText/FontText_5C8D.font.o
[AS ]	Fonts/build/GlyphText/FontText_5C90.font.o
[AS ]	Fonts/build/GlyphText/FontText_5C88.font.o
[AS ]	Fonts/build/GlyphText/FontText_5C98.font.o
[AS ]	Fonts/build/GlyphText/FontText_5C99.font.o
[AS ]	Fonts/build/GlyphText/FontText_5C91.font.o
[AS ]	Fonts/build/GlyphText/FontText_5C9C.font.o
[AS ]	Fonts/build/GlyphText/FontText_5CB5.font.o
[AS ]	Fonts/build/GlyphText/FontText_5CA2.font.o
[AS ]	Fonts/build/GlyphText/FontText_5CBD.font.o
[AS ]	Fonts/build/GlyphText/FontText_5CAC.font.o
[AS ]	Fonts/build/GlyphText/FontText_5CAB.font.o
[AS ]	Fonts/build/GlyphText/FontText_5CB1.font.o
[AS ]	Fonts/build/GlyphText/FontText_5CA3.font.o
[AS ]	Fonts/build/GlyphText/FontText_5CC1.font.o
[AS ]	Fonts/build/GlyphText/FontText_5CB7.font.o
[AS ]	Fonts/build/GlyphText/FontText_5CC4.font.o
[AS ]	Fonts/build/GlyphText/FontText_5CD2.font.o
[AS ]	Fonts/build/GlyphText/FontText_5CE4.font.o
[AS ]	Fonts/build/GlyphText/FontText_5CCB.font.o
[AS ]	Fonts/build/GlyphText/FontText_5CE5.font.o
[AS ]	Fonts/build/GlyphText/FontText_5D02.font.o
[AS ]	Fonts/build/GlyphText/FontText_5D03.font.o
[AS ]	Fonts/build/GlyphText/FontText_5D27.font.o
[AS ]	Fonts/build/GlyphText/FontText_5D26.font.o
[AS ]	Fonts/build/GlyphText/FontText_5D2E.font.o
[AS ]	Fonts/build/GlyphText/FontText_5D24.font.o
[AS ]	Fonts/build/GlyphText/FontText_5D1E.font.o
[AS ]	Fonts/build/GlyphText/FontText_5D06.font.o
[AS ]	Fonts/build/GlyphText/FontText_5D1B.font.o
[AS ]	Fonts/build/GlyphText/FontText_5D58.font.o
[AS ]	Fonts/build/GlyphText/FontText_5D3E.font.o
[AS ]	Fonts/build/GlyphText/FontText_5D34.font.o
[AS ]	Fonts/build/GlyphText/FontText_5D6C.font.o
[AS ]	Fonts/build/GlyphText/FontText_5D5B.font.o
[AS ]	Fonts/build/GlyphText/FontText_5D6F.font.o
[AS ]	Fonts/build/GlyphText/FontText_5D5D.font.o
[AS ]	Fonts/build/GlyphText/FontText_5D6B.font.o
[AS ]	Fonts/build/GlyphText/FontText_5D4B.font.o
[AS ]	Fonts/build/GlyphText/FontText_5D4A.font.o
[AS ]	Fonts/build/GlyphText/FontText_5D74.font.o
[AS ]	Fonts/build/GlyphText/FontText_5D69.font.o
[AS ]	Fonts/build/GlyphText/FontText_5D82.font.o
[AS ]	Fonts/build/GlyphText/FontText_5D99.font.o
[AS ]	Fonts/build/GlyphText/FontText_5D9D.font.o
[AS ]	Fonts/build/GlyphText/FontText_8C73.font.o
[AS ]	Fonts/build/GlyphText/FontText_5DB7.font.o
[AS ]	Fonts/build/GlyphText/FontText_5DC5.font.o
[AS ]	Fonts/build/GlyphText/FontText_5F73.font.o
[AS ]	Fonts/build/GlyphText/FontText_5F82.font.o
[AS ]	Fonts/build/GlyphText/FontText_5F87.font.o
[AS ]	Fonts/build/GlyphText/FontText_5F89.font.o
[AS ]	Fonts/build/GlyphText/FontText_5F8C.font.o
[AS ]	Fonts/build/GlyphText/FontText_5F95.font.o
[AS ]	Fonts/build/GlyphText/FontText_5F99.font.o
[AS ]	Fonts/build/GlyphText/FontText_5F9C.font.o
[AS ]	Fonts/build/GlyphText/FontText_5FAD.font.o
[AS ]	Fonts/build/GlyphText/FontText_5FB5.font.o
[AS ]	Fonts/build/GlyphText/FontText_5FBC.font.o
[AS ]	Fonts/build/GlyphText/FontText_8862.font.o
[AS ]	Fonts/build/GlyphText/FontText_5F61.font.o
[AS ]	Fonts/build/GlyphText/FontText_72AD.font.o
[AS ]	Fonts/build/GlyphText/FontText_72B0.font.o
[AS ]	Fonts/build/GlyphText/FontText_72B4.font.o
[AS ]	Fonts/build/GlyphText/FontText_72B8.font.o
[AS ]	Fonts/build/GlyphText/FontText_72C3.font.o
[AS ]	Fonts/build/GlyphText/FontText_72CE.font.o
[AS ]	Fonts/build/GlyphText/FontText_72C1.font.o
[AS ]	Fonts/build/GlyphText/FontText_72CD.font.o
[AS ]	Fonts/build/GlyphText/FontText_72D2.font.o
[AS ]	Fonts/build/GlyphText/FontText_72E8.font.o
[AS ]	Fonts/build/GlyphText/FontText_72EF.font.o
[AS ]	Fonts/build/GlyphText/FontText_72F2.font.o
[AS ]	Fonts/build/GlyphText/FontText_72F4.font.o
[AS ]	Fonts/build/GlyphText/FontText_72F7.font.o
[AS ]	Fonts/build/GlyphText/FontText_7301.font.o
[AS ]	Fonts/build/GlyphText/FontText_72F3.font.o
[AS ]	Fonts/build/GlyphText/FontText_7303.font.o
[AS ]	Fonts/build/GlyphText/FontText_72FA.font.o
[AS ]	Fonts/build/GlyphText/FontText_72FB.font.o
[AS ]	Fonts/build/GlyphText/FontText_7317.font.o
[AS ]	Fonts/build/GlyphText/FontText_7313.font.o
[AS ]	Fonts/build/GlyphText/FontText_7321.font.o
[AS ]	Fonts/build/GlyphText/FontText_730A.font.o
[AS ]	Fonts/build/GlyphText/FontText_731E.font.o
[AS ]	Fonts/build/GlyphText/FontText_7315.font.o
[AS ]	Fonts/build/GlyphText/FontText_7322.font.o
[AS ]	Fonts/build/GlyphText/FontText_7339.font.o
[AS ]	Fonts/build/GlyphText/FontText_7325.font.o
[AS ]	Fonts/build/GlyphText/FontText_732C.font.o
[AS ]	Fonts/build/GlyphText/FontText_7338.font.o
[AS ]	Fonts/build/GlyphText/FontText_7331.font.o
[AS ]	Fonts/build/GlyphText/FontText_7350.font.o
[AS ]	Fonts/build/GlyphText/FontText_734D.font.o
[AS ]	Fonts/build/GlyphText/FontText_7357.font.o
[AS ]	Fonts/build/GlyphText/FontText_7360.font.o
[AS ]	Fonts/build/GlyphText/FontText_736C.font.o
[AS ]	Fonts/build/GlyphText/FontText_736F.font.o
[AS ]	Fonts/build/GlyphText/FontText_737E.font.o
[AS ]	Fonts/build/GlyphText/FontText_821B.font.o
[AS ]	Fonts/build/GlyphText/FontText_5925.font.o
[AS ]	Fonts/build/GlyphText/FontText_98E7.font.o
[AS ]	Fonts/build/GlyphText/FontText_5924.font.o
[AS ]	Fonts/build/GlyphText/FontText_5902.font.o
[AS ]	Fonts/build/GlyphText/FontText_9967.font.o
[AS ]	Fonts/build/GlyphText/FontText_9968.font.o
[AS ]	Fonts/build/GlyphText/FontText_9963.font.o
[AS ]	Fonts/build/GlyphText/FontText_9969.font.o
[AS ]	Fonts/build/GlyphText/FontText_996A.font.o
[AS ]	Fonts/build/GlyphText/FontText_996B.font.o
[AS ]	Fonts/build/GlyphText/FontText_996C.font.o
[AS ]	Fonts/build/GlyphText/FontText_9974.font.o
[AS ]	Fonts/build/GlyphText/FontText_997D.font.o
[AS ]	Fonts/build/GlyphText/FontText_9980.font.o
[AS ]	Fonts/build/GlyphText/FontText_9984.font.o
[AS ]	Fonts/build/GlyphText/FontText_9987.font.o
[AS ]	Fonts/build/GlyphText/FontText_998A.font.o
[AS ]	Fonts/build/GlyphText/FontText_998D.font.o
[AS ]	Fonts/build/GlyphText/FontText_9990.font.o
[AS ]	Fonts/build/GlyphText/FontText_9991.font.o
[AS ]	Fonts/build/GlyphText/FontText_9993.font.o
[AS ]	Fonts/build/GlyphText/FontText_9994.font.o
[AS ]	Fonts/build/GlyphText/FontText_9995.font.o
[AS ]	Fonts/build/GlyphText/FontText_5E80.font.o
[AS ]	Fonts/build/GlyphText/FontText_5E91.font.o
[AS ]	Fonts/build/GlyphText/FontText_5E8B.font.o
[AS ]	Fonts/build/GlyphText/FontText_5E96.font.o
[AS ]	Fonts/build/GlyphText/FontText_5EA0.font.o
[AS ]	Fonts/build/GlyphText/FontText_5EA5.font.o
[AS ]	Fonts/build/GlyphText/FontText_5EB9.font.o
[AS ]	Fonts/build/GlyphText/FontText_5EB5.font.o
[AS ]	Fonts/build/GlyphText/FontText_5EBE.font.o
[AS ]	Fonts/build/GlyphText/FontText_5EB3.font.o
[AS ]	Fonts/build/GlyphText/FontText_8D53.font.o
[AS ]	Fonts/build/GlyphText/FontText_5ED2.font.o
[AS ]	Fonts/build/GlyphText/FontText_5ED1.font.o
[AS ]	Fonts/build/GlyphText/FontText_5EDB.font.o
[AS ]	Fonts/build/GlyphText/FontText_5EE8.font.o
[AS ]	Fonts/build/GlyphText/FontText_5EEA.font.o
[AS ]	Fonts/build/GlyphText/FontText_81BA.font.o
[AS ]	Fonts/build/GlyphText/FontText_5FC4.font.o
[AS ]	Fonts/build/GlyphText/FontText_5FC9.font.o
[AS ]	Fonts/build/GlyphText/FontText_5FD6.font.o
[AS ]	Fonts/build/GlyphText/FontText_6003.font.o
[AS ]	Fonts/build/GlyphText/FontText_5FEE.font.o
[AS ]	Fonts/build/GlyphText/FontText_6004.font.o
[AS ]	Fonts/build/GlyphText/FontText_5FE1.font.o
[AS ]	Fonts/build/GlyphText/FontText_5FE4.font.o
[AS ]	Fonts/build/GlyphText/FontText_5FFE.font.o
[AS ]	Fonts/build/GlyphText/FontText_6005.font.o
[AS ]	Fonts/build/GlyphText/FontText_6006.font.o
[AS ]	Fonts/build/GlyphText/FontText_5FED.font.o
[AS ]	Fonts/build/GlyphText/FontText_5FF8.font.o
[AS ]	Fonts/build/GlyphText/FontText_6019.font.o
[AS ]	Fonts/build/GlyphText/FontText_6035.font.o
[AS ]	Fonts/build/GlyphText/FontText_6026.font.o
[AS ]	Fonts/build/GlyphText/FontText_601B.font.o
[AS ]	Fonts/build/GlyphText/FontText_600F.font.o
[AS ]	Fonts/build/GlyphText/FontText_600D.font.o
[AS ]	Fonts/build/GlyphText/FontText_6029.font.o
[AS ]	Fonts/build/GlyphText/FontText_602B.font.o
[AS ]	Fonts/build/GlyphText/FontText_600A.font.o
[AS ]	Fonts/build/GlyphText/FontText_603F.font.o
[AS ]	Fonts/build/GlyphText/FontText_6078.font.o
[AS ]	Fonts/build/GlyphText/FontText_6079.font.o
[AS ]	Fonts/build/GlyphText/FontText_607B.font.o
[AS ]	Fonts/build/GlyphText/FontText_607A.font.o
[AS ]	Fonts/build/GlyphText/FontText_6042.font.o
[AS ]	Fonts/build/GlyphText/FontText_606A.font.o
[AS ]	Fonts/build/GlyphText/FontText_607D.font.o
[AS ]	Fonts/build/GlyphText/FontText_6096.font.o
[AS ]	Fonts/build/GlyphText/FontText_609A.font.o
[AS ]	Fonts/build/GlyphText/FontText_60AD.font.o
[AS ]	Fonts/build/GlyphText/FontText_609D.font.o
[AS ]	Fonts/build/GlyphText/FontText_6083.font.o
[AS ]	Fonts/build/GlyphText/FontText_6092.font.o
[AS ]	Fonts/build/GlyphText/FontText_608C.font.o
[AS ]	Fonts/build/GlyphText/FontText_609B.font.o
[AS ]	Fonts/build/GlyphText/FontText_60BB.font.o
[AS ]	Fonts/build/GlyphText/FontText_60B1.font.o
[AS ]	Fonts/build/GlyphText/FontText_60DD.font.o
[AS ]	Fonts/build/GlyphText/FontText_60C6.font.o
[AS ]	Fonts/build/GlyphText/FontText_60DA.font.o
[AS ]	Fonts/build/GlyphText/FontText_6120.font.o
[AS ]	Fonts/build/GlyphText/FontText_6126.font.o
[AS ]	Fonts/build/GlyphText/FontText_60F4.font.o
[AS ]	Fonts/build/GlyphText/FontText_6100.font.o
[AS ]	Fonts/build/GlyphText/FontText_610E.font.o
[AS ]	Fonts/build/GlyphText/FontText_612B.font.o
[AS ]	Fonts/build/GlyphText/FontText_614A.font.o
[AS ]	Fonts/build/GlyphText/FontText_6175.font.o
[AS ]	Fonts/build/GlyphText/FontText_61B7.font.o
[AS ]	Fonts/build/GlyphText/FontText_61D4.font.o
[AS ]	Fonts/build/GlyphText/FontText_61F5.font.o
[AS ]	Fonts/build/GlyphText/FontText_5FDD.font.o
[AS ]	Fonts/build/GlyphText/FontText_96B3.font.o
[AS ]	Fonts/build/GlyphText/FontText_95E9.font.o
[AS ]	Fonts/build/GlyphText/FontText_95EB.font.o
[AS ]	Fonts/build/GlyphText/FontText_95F1.font.o
[AS ]	Fonts/build/GlyphText/FontText_95F3.font.o
[AS ]	Fonts/build/GlyphText/FontText_95F5.font.o
[AS ]	Fonts/build/GlyphText/FontText_95F6.font.o
[AS ]	Fonts/build/GlyphText/FontText_95FC.font.o
[AS ]	Fonts/build/GlyphText/FontText_95FE.font.o
[AS ]	Fonts/build/GlyphText/FontText_9603.font.o
[AS ]	Fonts/build/GlyphText/FontText_9604.font.o
[AS ]	Fonts/build/GlyphText/FontText_9606.font.o
[AS ]	Fonts/build/GlyphText/FontText_9608.font.o
[AS ]	Fonts/build/GlyphText/FontText_960A.font.o
[AS ]	Fonts/build/GlyphText/FontText_960B.font.o
[AS ]	Fonts/build/GlyphText/FontText_960C.font.o
[AS ]	Fonts/build/GlyphText/FontText_960D.font.o
[AS ]	Fonts/build/GlyphText/FontText_960F.font.o
[AS ]	Fonts/build/GlyphText/FontText_9612.font.o
[AS ]	Fonts/build/GlyphText/FontText_9615.font.o
[AS ]	Fonts/build/GlyphText/FontText_9617.font.o
[AS ]	Fonts/build/GlyphText/FontText_9619.font.o
[AS ]	Fonts/build/GlyphText/FontText_961A.font.o
[AS ]	Fonts/build/GlyphText/FontText_4E2C.font.o
[AS ]	Fonts/build/GlyphText/FontText_723F.font.o
[AS ]	Fonts/build/GlyphText/FontText_6215.font.o
[AS ]	Fonts/build/GlyphText/FontText_6C35.font.o
[AS ]	Fonts/build/GlyphText/FontText_6C54.font.o
[AS ]	Fonts/build/GlyphText/FontText_6C5C.font.o
[AS ]	Fonts/build/GlyphText/FontText_6C4A.font.o
[AS ]	Fonts/build/GlyphText/FontText_6CA3.font.o
[AS ]	Fonts/build/GlyphText/FontText_6C85.font.o
[AS ]	Fonts/build/GlyphText/FontText_6C94.font.o
[AS ]	Fonts/build/GlyphText/FontText_6C68.font.o
[AS ]	Fonts/build/GlyphText/FontText_6C69.font.o
[AS ]	Fonts/build/GlyphText/FontText_6C76.font.o
[AS ]	Fonts/build/GlyphText/FontText_6C74.font.o
[AS ]	Fonts/build/GlyphText/FontText_6C86.font.o
[AS ]	Fonts/build/GlyphText/FontText_6CA9.font.o
[AS ]	Fonts/build/GlyphText/FontText_6CD0.font.o
[AS ]	Fonts/build/GlyphText/FontText_6CD4.font.o
[AS ]	Fonts/build/GlyphText/FontText_6CAD.font.o
[AS ]	Fonts/build/GlyphText/FontText_6CF7.font.o
[AS ]	Fonts/build/GlyphText/FontText_6CF8.font.o
[AS ]	Fonts/build/GlyphText/FontText_6CF1.font.o
[AS ]	Fonts/build/GlyphText/FontText_6CD7.font.o
[AS ]	Fonts/build/GlyphText/FontText_6CB2.font.o
[AS ]	Fonts/build/GlyphText/FontText_6CE0.font.o
[AS ]	Fonts/build/GlyphText/FontText_6CD6.font.o
[AS ]	Fonts/build/GlyphText/FontText_6CFA.font.o
[AS ]	Fonts/build/GlyphText/FontText_6CEB.font.o
[AS ]	Fonts/build/GlyphText/FontText_6CEE.font.o
[AS ]	Fonts/build/GlyphText/FontText_6CB1.font.o
[AS ]	Fonts/build/GlyphText/FontText_6CD3.font.o
[AS ]	Fonts/build/GlyphText/FontText_6CFE.font.o
[AS ]	Fonts/build/GlyphText/FontText_6D39.font.o
[AS ]	Fonts/build/GlyphText/FontText_6D27.font.o
[AS ]	Fonts/build/GlyphText/FontText_6D0C.font.o
[AS ]	Fonts/build/GlyphText/FontText_6D43.font.o
[AS ]	Fonts/build/GlyphText/FontText_6D48.font.o
[AS ]	Fonts/build/GlyphText/FontText_6D07.font.o
[AS ]	Fonts/build/GlyphText/FontText_6D04.font.o
[AS ]	Fonts/build/GlyphText/FontText_6D19.font.o
[AS ]	Fonts/build/GlyphText/FontText_6D0E.font.o
[AS ]	Fonts/build/GlyphText/FontText_6D2B.font.o
[AS ]	Fonts/build/GlyphText/FontText_6D4D.font.o
[AS ]	Fonts/build/GlyphText/FontText_6D2E.font.o
[AS ]	Fonts/build/GlyphText/FontText_6D35.font.o
[AS ]	Fonts/build/GlyphText/FontText_6D1A.font.o
[AS ]	Fonts/build/GlyphText/FontText_6D52.font.o
[AS ]	Fonts/build/GlyphText/FontText_6D54.font.o
[AS ]	Fonts/build/GlyphText/FontText_6D33.font.o
[AS ]	Fonts/build/GlyphText/FontText_6D91.font.o
[AS ]	Fonts/build/GlyphText/FontText_6D6F.font.o
[AS ]	Fonts/build/GlyphText/FontText_6D9E.font.o
[AS ]	Fonts/build/GlyphText/FontText_6DA0.font.o
[AS ]	Fonts/build/GlyphText/FontText_6D5E.font.o
[AS ]	Fonts/build/GlyphText/FontText_6D93.font.o
[AS ]	Fonts/build/GlyphText/FontText_6D94.font.o
[AS ]	Fonts/build/GlyphText/FontText_6D5C.font.o
[AS ]	Fonts/build/GlyphText/FontText_6D7C.font.o
[AS ]	Fonts/build/GlyphText/FontText_6D60.font.o
[AS ]	Fonts/build/GlyphText/FontText_6D63.font.o
[AS ]	Fonts/build/GlyphText/FontText_6E1A.font.o
[AS ]	Fonts/build/GlyphText/FontText_6DC7.font.o
[AS ]	Fonts/build/GlyphText/FontText_6DC5.font.o
[AS ]	Fonts/build/GlyphText/FontText_6DDE.font.o
[AS ]	Fonts/build/GlyphText/FontText_6DBF.font.o
[AS ]	Fonts/build/GlyphText/FontText_6DE0.font.o
[AS ]	Fonts/build/GlyphText/FontText_6E11.font.o
[AS ]	Fonts/build/GlyphText/FontText_6DE6.font.o
[AS ]	Fonts/build/GlyphText/FontText_6DDD.font.o
[AS ]	Fonts/build/GlyphText/FontText_6DD9.font.o
[AS ]	Fonts/build/GlyphText/FontText_6E16.font.o
[AS ]	Fonts/build/GlyphText/FontText_6DAB.font.o
[AS ]	Fonts/build/GlyphText/FontText_6E0C.font.o
[AS ]	Fonts/build/GlyphText/FontText_6DAE.font.o
[AS ]	Fonts/build/GlyphText/FontText_6E2B.font.o
[AS ]	Fonts/build/GlyphText/FontText_6E6E.font.o
[AS ]	Fonts/build/GlyphText/FontText_6E4E.font.o
[AS ]	Fonts/build/GlyphText/FontText_6E6B.font.o
[AS ]	Fonts/build/GlyphText/FontText_6EB2.font.o
[AS ]	Fonts/build/GlyphText/FontText_6E5F.font.o
[AS ]	Fonts/build/GlyphText/FontText_6E86.font.o
[AS ]	Fonts/build/GlyphText/FontText_6E53.font.o
[AS ]	Fonts/build/GlyphText/FontText_6E54.font.o
[AS ]	Fonts/build/GlyphText/FontText_6E32.font.o
[AS ]	Fonts/build/GlyphText/FontText_6E25.font.o
[AS ]	Fonts/build/GlyphText/FontText_6E44.font.o
[AS ]	Fonts/build/GlyphText/FontText_6EDF.font.o
[AS ]	Fonts/build/GlyphText/FontText_6EB1.font.o
[AS ]	Fonts/build/GlyphText/FontText_6E98.font.o
[AS ]	Fonts/build/GlyphText/FontText_6EE0.font.o
[AS ]	Fonts/build/GlyphText/FontText_6F2D.font.o
[AS ]	Fonts/build/GlyphText/FontText_6EE2.font.o
[AS ]	Fonts/build/GlyphText/FontText_6EA5.font.o
[AS ]	Fonts/build/GlyphText/FontText_6EA7.font.o
[AS ]	Fonts/build/GlyphText/FontText_6EBD.font.o
[AS ]	Fonts/build/GlyphText/FontText_6EBB.font.o
[AS ]	Fonts/build/GlyphText/FontText_6EB7.font.o
[AS ]	Fonts/build/GlyphText/FontText_6ED7.font.o
[AS ]	Fonts/build/GlyphText/FontText_6EB4.font.o
[AS ]	Fonts/build/GlyphText/FontText_6ECF.font.o
[AS ]	Fonts/build/GlyphText/FontText_6E8F.font.o
[AS ]	Fonts/build/GlyphText/FontText_6EC2.font.o
[AS ]	Fonts/build/GlyphText/FontText_6E9F.font.o
[AS ]	Fonts/build/GlyphText/FontText_6F62.font.o
[AS ]	Fonts/build/GlyphText/FontText_6F46.font.o
[AS ]	Fonts/build/GlyphText/FontText_6F24.font.o
[AS ]	Fonts/build/GlyphText/FontText_6F15.font.o
[AS ]	Fonts/build/GlyphText/FontText_6EF9.font.o
[AS ]	Fonts/build/GlyphText/FontText_6F2F.font.o
[AS ]	Fonts/build/GlyphText/FontText_6F36.font.o
[AS ]	Fonts/build/GlyphText/FontText_6F4B.font.o
[AS ]	Fonts/build/GlyphText/FontText_6F74.font.o
[AS ]	Fonts/build/GlyphText/FontText_6F2A.font.o
[AS ]	Fonts/build/GlyphText/FontText_6F89.font.o
[AS ]	Fonts/build/GlyphText/FontText_6F8D.font.o
[AS ]	Fonts/build/GlyphText/FontText_6F8C.font.o
[AS ]	Fonts/build/GlyphText/FontText_6F78.font.o
[AS ]	Fonts/build/GlyphText/FontText_6F72.font.o
[AS ]	Fonts/build/GlyphText/FontText_6F7C.font.o
[AS ]	Fonts/build/GlyphText/FontText_6F7A.font.o
[AS ]	Fonts/build/GlyphText/FontText_6FD1.font.o
[AS ]	Fonts/build/GlyphText/FontText_6FC9.font.o
[AS ]	Fonts/build/GlyphText/FontText_6FA7.font.o
[AS ]	Fonts/build/GlyphText/FontText_6FB9.font.o
[AS ]	Fonts/build/GlyphText/FontText_6FB6.font.o
[AS ]	Fonts/build/GlyphText/FontText_6FC2.font.o
[AS ]	Fonts/build/GlyphText/FontText_6FE1.font.o
[AS ]	Fonts/build/GlyphText/FontText_6FEE.font.o
[AS ]	Fonts/build/GlyphText/FontText_6FDE.font.o
[AS ]	Fonts/build/GlyphText/FontText_6FE0.font.o
[AS ]	Fonts/build/GlyphText/FontText_6FEF.font.o
[AS ]	Fonts/build/GlyphText/FontText_701A.font.o
[AS ]	Fonts/build/GlyphText/FontText_7023.font.o
[AS ]	Fonts/build/GlyphText/FontText_701B.font.o
[AS ]	Fonts/build/GlyphText/FontText_7039.font.o
[AS ]	Fonts/build/GlyphText/FontText_7035.font.o
[AS ]	Fonts/build/GlyphText/FontText_704F.font.o
[AS ]	Fonts/build/GlyphText/FontText_705E.font.o
[AS ]	Fonts/build/GlyphText/FontText_5B80.font.o
[AS ]	Fonts/build/GlyphText/FontText_5B84.font.o
[AS ]	Fonts/build/GlyphText/FontText_5B95.font.o
[AS ]	Fonts/build/GlyphText/FontText_5B93.font.o
[AS ]	Fonts/build/GlyphText/FontText_5BA5.font.o
[AS ]	Fonts/build/GlyphText/FontText_5BB8.font.o
[AS ]	Fonts/build/GlyphText/FontText_752F.font.o
[AS ]	Fonts/build/GlyphText/FontText_9A9E.font.o
[AS ]	Fonts/build/GlyphText/FontText_6434.font.o
[AS ]	Fonts/build/GlyphText/FontText_5BE4.font.o
[AS ]	Fonts/build/GlyphText/FontText_5BEE.font.o
[AS ]	Fonts/build/GlyphText/FontText_8930.font.o
[AS ]	Fonts/build/GlyphText/FontText_5BF0.font.o
[AS ]	Fonts/build/GlyphText/FontText_8E47.font.o
[AS ]	Fonts/build/GlyphText/FontText_8B07.font.o
[AS ]	Fonts/build/GlyphText/FontText_8FB6.font.o
[AS ]	Fonts/build/GlyphText/FontText_8FD3.font.o
[AS ]	Fonts/build/GlyphText/FontText_8FD5.font.o
[AS ]	Fonts/build/GlyphText/FontText_8FEE.font.o
[AS ]	Fonts/build/GlyphText/FontText_8FE4.font.o
[AS ]	Fonts/build/GlyphText/FontText_8FE9.font.o
[AS ]	Fonts/build/GlyphText/FontText_8FF3.font.o
[AS ]	Fonts/build/GlyphText/FontText_8FE8.font.o
[AS ]	Fonts/build/GlyphText/FontText_9004.font.o
[AS ]	Fonts/build/GlyphText/FontText_900B.font.o
[AS ]	Fonts/build/GlyphText/FontText_9026.font.o
[AS ]	Fonts/build/GlyphText/FontText_9011.font.o
[AS ]	Fonts/build/GlyphText/FontText_900D.font.o
[AS ]	Fonts/build/GlyphText/FontText_9016.font.o
[AS ]	Fonts/build/GlyphText/FontText_9021.font.o
[AS ]	Fonts/build/GlyphText/FontText_9035.font.o
[AS ]	Fonts/build/GlyphText/FontText_9036.font.o
[AS ]	Fonts/build/GlyphText/FontText_902D.font.o
[AS ]	Fonts/build/GlyphText/FontText_902F.font.o
[AS ]	Fonts/build/GlyphText/FontText_9044.font.o
[AS ]	Fonts/build/GlyphText/FontText_9051.font.o
[AS ]	Fonts/build/GlyphText/FontText_9052.font.o
[AS ]	Fonts/build/GlyphText/FontText_9050.font.o
[AS ]	Fonts/build/GlyphText/FontText_9068.font.o
[AS ]	Fonts/build/GlyphText/FontText_9058.font.o
[AS ]	Fonts/build/GlyphText/FontText_9062.font.o
[AS ]	Fonts/build/GlyphText/FontText_905B.font.o
[AS ]	Fonts/build/GlyphText/FontText_66B9.font.o
[AS ]	Fonts/build/GlyphText/FontText_9074.font.o
[AS ]	Fonts/build/GlyphText/FontText_907D.font.o
[AS ]	Fonts/build/GlyphText/FontText_9088.font.o
[AS ]	Fonts/build/GlyphText/FontText_9083.font.o
[AS ]	Fonts/build/GlyphText/FontText_908B.font.o
[AS ]	Fonts/build/GlyphText/FontText_5F50.font.o
[AS ]	Fonts/build/GlyphText/FontText_5F57.font.o
[AS ]	Fonts/build/GlyphText/FontText_5F56.font.o
[AS ]	Fonts/build/GlyphText/FontText_5F58.font.o
[AS ]	Fonts/build/GlyphText/FontText_5C3B.font.o
[AS ]	Fonts/build/GlyphText/FontText_5C50.font.o
[AS ]	Fonts/build/GlyphText/FontText_5C59.font.o
[AS ]	Fonts/build/GlyphText/FontText_5C63.font.o
[AS ]	Fonts/build/GlyphText/FontText_5C66.font.o
[AS ]	Fonts/build/GlyphText/FontText_7FBC.font.o
[AS ]	Fonts/build/GlyphText/FontText_5F2A.font.o
[AS ]	Fonts/build/GlyphText/FontText_5F2D.font.o
[AS ]	Fonts/build/GlyphText/FontText_8274.font.o
[AS ]	Fonts/build/GlyphText/FontText_5F3C.font.o
[AS ]	Fonts/build/GlyphText/FontText_9B3B.font.o
[AS ]	Fonts/build/GlyphText/FontText_5C6E.font.o
[AS ]	Fonts/build/GlyphText/FontText_5981.font.o
[AS ]	Fonts/build/GlyphText/FontText_598D.font.o
[AS ]	Fonts/build/GlyphText/FontText_59AA.font.o
[AS ]	Fonts/build/GlyphText/FontText_59A3.font.o
[AS ]	Fonts/build/GlyphText/FontText_5997.font.o
[AS ]	Fonts/build/GlyphText/FontText_59CA.font.o
[AS ]	Fonts/build/GlyphText/FontText_59AB.font.o
[AS ]	Fonts/build/GlyphText/FontText_59A4.font.o
[AS ]	Fonts/build/GlyphText/FontText_59D2.font.o
[AS ]	Fonts/build/GlyphText/FontText_59B2.font.o
[AS ]	Fonts/build/GlyphText/FontText_59AF.font.o
[AS ]	Fonts/build/GlyphText/FontText_59D7.font.o
[AS ]	Fonts/build/GlyphText/FontText_5A06.font.o
[AS ]	Fonts/build/GlyphText/FontText_59DD.font.o
[AS ]	Fonts/build/GlyphText/FontText_5A08.font.o
[AS ]	Fonts/build/GlyphText/FontText_59E3.font.o
[AS ]	Fonts/build/GlyphText/FontText_59D8.font.o
[AS ]	Fonts/build/GlyphText/FontText_59F9.font.o
[AS ]	Fonts/build/GlyphText/FontText_5A0C.font.o
[AS ]	Fonts/build/GlyphText/FontText_5A09.font.o
[AS ]	Fonts/build/GlyphText/FontText_5A32.font.o
[AS ]	Fonts/build/GlyphText/FontText_5A11.font.o
[AS ]	Fonts/build/GlyphText/FontText_5A23.font.o
[AS ]	Fonts/build/GlyphText/FontText_5A13.font.o
[AS ]	Fonts/build/GlyphText/FontText_5A40.font.o
[AS ]	Fonts/build/GlyphText/FontText_5A67.font.o
[AS ]	Fonts/build/GlyphText/FontText_5A4A.font.o
[AS ]	Fonts/build/GlyphText/FontText_5A55.font.o
[AS ]	Fonts/build/GlyphText/FontText_5A3C.font.o
[AS ]	Fonts/build/GlyphText/FontText_5A62.font.o
[AS ]	Fonts/build/GlyphText/FontText_5A75.font.o
[AS ]	Fonts/build/GlyphText/FontText_80EC.font.o
[AS ]	Fonts/build/GlyphText/FontText_5AAA.font.o
[AS ]	Fonts/build/GlyphText/FontText_5A9B.font.o
[AS ]	Fonts/build/GlyphText/FontText_5A77.font.o
[AS ]	Fonts/build/GlyphText/FontText_5A7A.font.o
[AS ]	Fonts/build/GlyphText/FontText_5ABE.font.o
[AS ]	Fonts/build/GlyphText/FontText_5AEB.font.o
[AS ]	Fonts/build/GlyphText/FontText_5AB2.font.o
[AS ]	Fonts/build/GlyphText/FontText_5AD2.font.o
[AS ]	Fonts/build/GlyphText/FontText_5AD4.font.o
[AS ]	Fonts/build/GlyphText/FontText_5AB8.font.o
[AS ]	Fonts/build/GlyphText/FontText_5AE0.font.o
[AS ]	Fonts/build/GlyphText/FontText_5AE3.font.o
[AS ]	Fonts/build/GlyphText/FontText_5AF1.font.o
[AS ]	Fonts/build/GlyphText/FontText_5AD6.font.o
[AS ]	Fonts/build/GlyphText/FontText_5AE6.font.o
[AS ]	Fonts/build/GlyphText/FontText_5AD8.font.o
[AS ]	Fonts/build/GlyphText/FontText_5ADC.font.o
[AS ]	Fonts/build/GlyphText/FontText_5B09.font.o
[AS ]	Fonts/build/GlyphText/FontText_5B17.font.o
[AS ]	Fonts/build/GlyphText/FontText_5B16.font.o
[AS ]	Fonts/build/GlyphText/FontText_5B32.font.o
[AS ]	Fonts/build/GlyphText/FontText_5B37.font.o
[AS ]	Fonts/build/GlyphText/FontText_5B40.font.o
[AS ]	Fonts/build/GlyphText/FontText_5C15.font.o
[AS ]	Fonts/build/GlyphText/FontText_5C1C.font.o
[AS ]	Fonts/build/GlyphText/FontText_5B5A.font.o
[AS ]	Fonts/build/GlyphText/FontText_5B65.font.o
[AS ]	Fonts/build/GlyphText/FontText_5B73.font.o
[AS ]	Fonts/build/GlyphText/FontText_5B51.font.o
[AS ]	Fonts/build/GlyphText/FontText_5B53.font.o
[AS ]	Fonts/build/GlyphText/FontText_5B62.font.o
[AS ]	Fonts/build/GlyphText/FontText_9A75.font.o
[AS ]	Fonts/build/GlyphText/FontText_9A77.font.o
[AS ]	Fonts/build/GlyphText/FontText_9A78.font.o
[AS ]	Fonts/build/GlyphText/FontText_9A7A.font.o
[AS ]	Fonts/build/GlyphText/FontText_9A7F.font.o
[AS ]	Fonts/build/GlyphText/FontText_9A7D.font.o
[AS ]	Fonts/build/GlyphText/FontText_9A80.font.o
[AS ]	Fonts/build/GlyphText/FontText_9A81.font.o
[AS ]	Fonts/build/GlyphText/FontText_9A85.font.o
[AS ]	Fonts/build/GlyphText/FontText_9A88.font.o
[AS ]	Fonts/build/GlyphText/FontText_9A8A.font.o
[AS ]	Fonts/build/GlyphText/FontText_9A90.font.o
[AS ]	Fonts/build/GlyphText/FontText_9A92.font.o
[AS ]	Fonts/build/GlyphText/FontText_9A93.font.o
[AS ]	Fonts/build/GlyphText/FontText_9A96.font.o
[AS ]	Fonts/build/GlyphText/FontText_9A98.font.o
[AS ]	Fonts/build/GlyphText/FontText_9A9B.font.o
[AS ]	Fonts/build/GlyphText/FontText_9A9C.font.o
[AS ]	Fonts/build/GlyphText/FontText_9A9D.font.o
[AS ]	Fonts/build/GlyphText/FontText_9A9F.font.o
[AS ]	Fonts/build/GlyphText/FontText_9AA0.font.o
[AS ]	Fonts/build/GlyphText/FontText_9AA2.font.o
[AS ]	Fonts/build/GlyphText/FontText_9AA3.font.o
[AS ]	Fonts/build/GlyphText/FontText_9AA5.font.o
[AS ]	Fonts/build/GlyphText/FontText_9AA7.font.o
[AS ]	Fonts/build/GlyphText/FontText_7EA1.font.o
[AS ]	Fonts/build/GlyphText/FontText_7E9F.font.o
[AS ]	Fonts/build/GlyphText/FontText_7EA5.font.o
[AS ]	Fonts/build/GlyphText/FontText_7EA8.font.o
[AS ]	Fonts/build/GlyphText/FontText_7EA9.font.o
[AS ]	Fonts/build/GlyphText/FontText_7EAD.font.o
[AS ]	Fonts/build/GlyphText/FontText_7EB0.font.o
[AS ]	Fonts/build/GlyphText/FontText_7EBE.font.o
[AS ]	Fonts/build/GlyphText/FontText_7EC0.font.o
[AS ]	Fonts/build/GlyphText/FontText_7EC2.font.o
[AS ]	Fonts/build/GlyphText/FontText_7EC1.font.o
[AS ]	Fonts/build/GlyphText/FontText_7EC9.font.o
[AS ]	Fonts/build/GlyphText/FontText_7ECB.font.o
[AS ]	Fonts/build/GlyphText/FontText_7ECC.font.o
[AS ]	Fonts/build/GlyphText/FontText_7ED0.font.o
[AS ]	Fonts/build/GlyphText/FontText_7ED4.font.o
[AS ]	Fonts/build/GlyphText/FontText_7ED7.font.o
[AS ]	Fonts/build/GlyphText/FontText_7EDB.font.o
[AS ]	Fonts/build/GlyphText/FontText_7EE0.font.o
[AS ]	Fonts/build/GlyphText/FontText_7EE1.font.o
[AS ]	Fonts/build/GlyphText/FontText_7EE8.font.o
[AS ]	Fonts/build/GlyphText/FontText_7EEB.font.o
[AS ]	Fonts/build/GlyphText/FontText_7EEE.font.o
[AS ]	Fonts/build/GlyphText/FontText_7EF1.font.o
[AS ]	Fonts/build/GlyphText/FontText_7F0D.font.o
[AS ]	Fonts/build/GlyphText/FontText_7EF2.font.o
[AS ]	Fonts/build/GlyphText/FontText_7EF6.font.o
[AS ]	Fonts/build/GlyphText/FontText_7EFA.font.o
[AS ]	Fonts/build/GlyphText/FontText_7EFB.font.o
[AS ]	Fonts/build/GlyphText/FontText_7EFE.font.o
[AS ]	Fonts/build/GlyphText/FontText_7F01.font.o
[AS ]	Fonts/build/GlyphText/FontText_7F02.font.o
[AS ]	Fonts/build/GlyphText/FontText_7F03.font.o
[AS ]	Fonts/build/GlyphText/FontText_7F0B.font.o
[AS ]	Fonts/build/GlyphText/FontText_7F0C.font.o
[AS ]	Fonts/build/GlyphText/FontText_7F0F.font.o
[AS ]	Fonts/build/GlyphText/FontText_7F11.font.o
[AS ]	Fonts/build/GlyphText/FontText_7F12.font.o
[AS ]	Fonts/build/GlyphText/FontText_7F17.font.o
[AS ]	Fonts/build/GlyphText/FontText_7F19.font.o
[AS ]	Fonts/build/GlyphText/FontText_7F1C.font.o
[AS ]	Fonts/build/GlyphText/FontText_7F1F.font.o
[AS ]	Fonts/build/GlyphText/FontText_7F1B.font.o
[AS ]	Fonts/build/GlyphText/FontText_7F21.font.o
[AS ]	Fonts/build/GlyphText/FontText_7F22.font.o
[AS ]	Fonts/build/GlyphText/FontText_7F23.font.o
[AS ]	Fonts/build/GlyphText/FontText_7F26.font.o
[AS ]	Fonts/build/GlyphText/FontText_7F27.font.o
[AS ]	Fonts/build/GlyphText/FontText_7F2B.font.o
[AS ]	Fonts/build/GlyphText/FontText_7F2C.font.o
[AS ]	Fonts/build/GlyphText/FontText_7F2D.font.o
[AS ]	Fonts/build/GlyphText/FontText_7F2F.font.o
[AS ]	Fonts/build/GlyphText/FontText_7F31.font.o
[AS ]	Fonts/build/GlyphText/FontText_7F32.font.o
[AS ]	Fonts/build/GlyphText/FontText_7F35.font.o
[AS ]	Fonts/build/GlyphText/FontText_7F33.font.o
[AS ]	Fonts/build/GlyphText/FontText_5E7A.font.o
[AS ]	Fonts/build/GlyphText/FontText_757F.font.o
[AS ]	Fonts/build/GlyphText/FontText_5DDB.font.o
[AS ]	Fonts/build/GlyphText/FontText_753E.font.o
[AS ]	Fonts/build/GlyphText/FontText_9095.font.o
[AS ]	Fonts/build/GlyphText/FontText_738E.font.o
[AS ]	Fonts/build/GlyphText/FontText_7391.font.o
[AS ]	Fonts/build/GlyphText/FontText_73AE.font.o
[AS ]	Fonts/build/GlyphText/FontText_73A2.font.o
[AS ]	Fonts/build/GlyphText/FontText_739F.font.o
[AS ]	Fonts/build/GlyphText/FontText_73CF.font.o
[AS ]	Fonts/build/GlyphText/FontText_73D1.font.o
[AS ]	Fonts/build/GlyphText/FontText_73B3.font.o
[AS ]	Fonts/build/GlyphText/FontText_73C9.font.o
[AS ]	Fonts/build/GlyphText/FontText_73C8.font.o
[AS ]	Fonts/build/GlyphText/FontText_73E5.font.o
[AS ]	Fonts/build/GlyphText/FontText_73D9.font.o
[AS ]	Fonts/build/GlyphText/FontText_987C.font.o
[AS ]	Fonts/build/GlyphText/FontText_740A.font.o
[AS ]	Fonts/build/GlyphText/FontText_73E9.font.o
[AS ]	Fonts/build/GlyphText/FontText_73E7.font.o
[AS ]	Fonts/build/GlyphText/FontText_73DE.font.o
[AS ]	Fonts/build/GlyphText/FontText_73BA.font.o
[AS ]	Fonts/build/GlyphText/FontText_73F2.font.o
[AS ]	Fonts/build/GlyphText/FontText_740F.font.o
[AS ]	Fonts/build/GlyphText/FontText_742A.font.o
[AS ]	Fonts/build/GlyphText/FontText_745B.font.o
[AS ]	Fonts/build/GlyphText/FontText_7426.font.o
[AS ]	Fonts/build/GlyphText/FontText_7425.font.o
[AS ]	Fonts/build/GlyphText/FontText_7428.font.o
[AS ]	Fonts/build/GlyphText/FontText_7430.font.o
[AS ]	Fonts/build/GlyphText/FontText_742E.font.o
[AS ]	Fonts/build/GlyphText/FontText_742C.font.o
[AS ]	Fonts/build/GlyphText/FontText_741B.font.o
[AS ]	Fonts/build/GlyphText/FontText_741A.font.o
[AS ]	Fonts/build/GlyphText/FontText_7441.font.o
[AS ]	Fonts/build/GlyphText/FontText_745C.font.o
[AS ]	Fonts/build/GlyphText/FontText_7457.font.o
[AS ]	Fonts/build/GlyphText/FontText_7455.font.o
[AS ]	Fonts/build/GlyphText/FontText_7459.font.o
[AS ]	Fonts/build/GlyphText/FontText_7477.font.o
[AS ]	Fonts/build/GlyphText/FontText_746D.font.o
[AS ]	Fonts/build/GlyphText/FontText_747E.font.o
[AS ]	Fonts/build/GlyphText/FontText_749C.font.o
[AS ]	Fonts/build/GlyphText/FontText_748E.font.o
[AS ]	Fonts/build/GlyphText/FontText_7480.font.o
[AS ]	Fonts/build/GlyphText/FontText_7481.font.o
[AS ]	Fonts/build/GlyphText/FontText_7487.font.o
[AS ]	Fonts/build/GlyphText/FontText_748B.font.o
[AS ]	Fonts/build/GlyphText/FontText_749E.font.o
[AS ]	Fonts/build/GlyphText/FontText_74A8.font.o
[AS ]	Fonts/build/GlyphText/FontText_74A9.font.o
[AS ]	Fonts/build/GlyphText/FontText_7490.font.o
[AS ]	Fonts/build/GlyphText/FontText_74A7.font.o
[AS ]	Fonts/build/GlyphText/FontText_74D2.font.o
[AS ]	Fonts/build/GlyphText/FontText_74BA.font.o
[AS ]	Fonts/build/GlyphText/FontText_97EA.font.o
[AS ]	Fonts/build/GlyphText/FontText_97EB.font.o
[AS ]	Fonts/build/GlyphText/FontText_97EC.font.o
[AS ]	Fonts/build/GlyphText/FontText_674C.font.o
[AS ]	Fonts/build/GlyphText/FontText_6753.font.o
[AS ]	Fonts/build/GlyphText/FontText_675E.font.o
[AS ]	Fonts/build/GlyphText/FontText_6748.font.o
[AS ]	Fonts/build/GlyphText/FontText_6769.font.o
[AS ]	Fonts/build/GlyphText/FontText_67A5.font.o
[AS ]	Fonts/build/GlyphText/FontText_6787.font.o
[AS ]	Fonts/build/GlyphText/FontText_676A.font.o
[AS ]	Fonts/build/GlyphText/FontText_6798.font.o
[AS ]	Fonts/build/GlyphText/FontText_67A7.font.o
[AS ]	Fonts/build/GlyphText/FontText_67A8.font.o
[AS ]	Fonts/build/GlyphText/FontText_679E.font.o
[AS ]	Fonts/build/GlyphText/FontText_678B.font.o
[AS ]	Fonts/build/GlyphText/FontText_6777.font.o
[AS ]	Fonts/build/GlyphText/FontText_677C.font.o
[AS ]	Fonts/build/GlyphText/FontText_67F0.font.o
[AS ]	Fonts/build/GlyphText/FontText_6809.font.o
[AS ]	Fonts/build/GlyphText/FontText_67D8.font.o
[AS ]	Fonts/build/GlyphText/FontText_680A.font.o
[AS ]	Fonts/build/GlyphText/FontText_67E9.font.o
[AS ]	Fonts/build/GlyphText/FontText_67B0.font.o
[AS ]	Fonts/build/GlyphText/FontText_680C.font.o
[AS ]	Fonts/build/GlyphText/FontText_67D9.font.o
[AS ]	Fonts/build/GlyphText/FontText_67B5.font.o
[AS ]	Fonts/build/GlyphText/FontText_67DA.font.o
[AS ]	Fonts/build/GlyphText/FontText_67B3.font.o
[AS ]	Fonts/build/GlyphText/FontText_67DD.font.o
[AS ]	Fonts/build/GlyphText/FontText_67C3.font.o
[AS ]	Fonts/build/GlyphText/FontText_6800.font.o
[AS ]	Fonts/build/GlyphText/FontText_67B8.font.o
[AS ]	Fonts/build/GlyphText/FontText_67E2.font.o
[AS ]	Fonts/build/GlyphText/FontText_680E.font.o
[AS ]	Fonts/build/GlyphText/FontText_67C1.font.o
[AS ]	Fonts/build/GlyphText/FontText_67FD.font.o
[AS ]	Fonts/build/GlyphText/FontText_6832.font.o
[AS ]	Fonts/build/GlyphText/FontText_6833.font.o
[AS ]	Fonts/build/GlyphText/FontText_6860.font.o
[AS ]	Fonts/build/GlyphText/FontText_6861.font.o
[AS ]	Fonts/build/GlyphText/FontText_684E.font.o
[AS ]	Fonts/build/GlyphText/FontText_6862.font.o
[AS ]	Fonts/build/GlyphText/FontText_6844.font.o
[AS ]	Fonts/build/GlyphText/FontText_6864.font.o
[AS ]	Fonts/build/GlyphText/FontText_6883.font.o
[AS ]	Fonts/build/GlyphText/FontText_681D.font.o
[AS ]	Fonts/build/GlyphText/FontText_6855.font.o
[AS ]	Fonts/build/GlyphText/FontText_6866.font.o
[AS ]	Fonts/build/GlyphText/FontText_6841.font.o
[AS ]	Fonts/build/GlyphText/FontText_6867.font.o
[AS ]	Fonts/build/GlyphText/FontText_6840.font.o
[AS ]	Fonts/build/GlyphText/FontText_683E.font.o
[AS ]	Fonts/build/GlyphText/FontText_684A.font.o
[AS ]	Fonts/build/GlyphText/FontText_6849.font.o
[AS ]	Fonts/build/GlyphText/FontText_6829.font.o
[AS ]	Fonts/build/GlyphText/FontText_68B5.font.o
[AS ]	Fonts/build/GlyphText/FontText_688F.font.o
[AS ]	Fonts/build/GlyphText/FontText_6874.font.o
[AS ]	Fonts/build/GlyphText/FontText_6877.font.o
[AS ]	Fonts/build/GlyphText/FontText_6893.font.o
[AS ]	Fonts/build/GlyphText/FontText_686B.font.o
[AS ]	Fonts/build/GlyphText/FontText_68C2.font.o
[AS ]	Fonts/build/GlyphText/FontText_68FC.font.o
[AS ]	Fonts/build/GlyphText/FontText_696E.font.o
[AS ]	Fonts/build/GlyphText/FontText_691F.font.o
[AS ]	Fonts/build/GlyphText/FontText_6920.font.o
[AS ]	Fonts/build/GlyphText/FontText_68F9.font.o
[AS ]	Fonts/build/GlyphText/FontText_6924.font.o
[AS ]	Fonts/build/GlyphText/FontText_68F0.font.o
[AS ]	Fonts/build/GlyphText/FontText_690B.font.o
[AS ]	Fonts/build/GlyphText/FontText_6901.font.o
[AS ]	Fonts/build/GlyphText/FontText_6957.font.o
[AS ]	Fonts/build/GlyphText/FontText_68E3.font.o
[AS ]	Fonts/build/GlyphText/FontText_6910.font.o
[AS ]	Fonts/build/GlyphText/FontText_6971.font.o
[AS ]	Fonts/build/GlyphText/FontText_6939.font.o
[AS ]	Fonts/build/GlyphText/FontText_6960.font.o
[AS ]	Fonts/build/GlyphText/FontText_6942.font.o
[AS ]	Fonts/build/GlyphText/FontText_695D.font.o
[AS ]	Fonts/build/GlyphText/FontText_6984.font.o
[AS ]	Fonts/build/GlyphText/FontText_6980.font.o
[AS ]	Fonts/build/GlyphText/FontText_696B.font.o
[AS ]	Fonts/build/GlyphText/FontText_6998.font.o
[AS ]	Fonts/build/GlyphText/FontText_6978.font.o
[AS ]	Fonts/build/GlyphText/FontText_6934.font.o
[AS ]	Fonts/build/GlyphText/FontText_69CC.font.o
[AS ]	Fonts/build/GlyphText/FontText_6987.font.o
[AS ]	Fonts/build/GlyphText/FontText_6988.font.o
[AS ]	Fonts/build/GlyphText/FontText_69CE.font.o
[AS ]	Fonts/build/GlyphText/FontText_6989.font.o
[AS ]	Fonts/build/GlyphText/FontText_6966.font.o
[AS ]	Fonts/build/GlyphText/FontText_6979.font.o
[AS ]	Fonts/build/GlyphText/FontText_699B.font.o
[AS ]	Fonts/build/GlyphText/FontText_69A7.font.o
[AS ]	Fonts/build/GlyphText/FontText_69AB.font.o
[AS ]	Fonts/build/GlyphText/FontText_69BB.font.o
[AS ]	Fonts/build/GlyphText/FontText_69AD.font.o
[AS ]	Fonts/build/GlyphText/FontText_69D4.font.o
[AS ]	Fonts/build/GlyphText/FontText_69C1.font.o
[AS ]	Fonts/build/GlyphText/FontText_69B1.font.o
[AS ]	Fonts/build/GlyphText/FontText_69DF.font.o
[AS ]	Fonts/build/GlyphText/FontText_69CA.font.o
[AS ]	Fonts/build/GlyphText/FontText_6995.font.o
[AS ]	Fonts/build/GlyphText/FontText_69E0.font.o
[AS ]	Fonts/build/GlyphText/FontText_698D.font.o
[AS ]	Fonts/build/GlyphText/FontText_69FF.font.o
[AS ]	Fonts/build/GlyphText/FontText_6A2F.font.o
[AS ]	Fonts/build/GlyphText/FontText_6A17.font.o
[AS ]	Fonts/build/GlyphText/FontText_69ED.font.o
[AS ]	Fonts/build/GlyphText/FontText_6A18.font.o
[AS ]	Fonts/build/GlyphText/FontText_6A65.font.o
[AS ]	Fonts/build/GlyphText/FontText_69F2.font.o
[AS ]	Fonts/build/GlyphText/FontText_6A44.font.o
[AS ]	Fonts/build/GlyphText/FontText_6A3E.font.o
[AS ]	Fonts/build/GlyphText/FontText_6AA0.font.o
[AS ]	Fonts/build/GlyphText/FontText_6A50.font.o
[AS ]	Fonts/build/GlyphText/FontText_6A5B.font.o
[AS ]	Fonts/build/GlyphText/FontText_6A35.font.o
[AS ]	Fonts/build/GlyphText/FontText_6A8E.font.o
[AS ]	Fonts/build/GlyphText/FontText_6A79.font.o
[AS ]	Fonts/build/GlyphText/FontText_6A3D.font.o
[AS ]	Fonts/build/GlyphText/FontText_6A28.font.o
[AS ]	Fonts/build/GlyphText/FontText_6A58.font.o
[AS ]	Fonts/build/GlyphText/FontText_6A7C.font.o
[AS ]	Fonts/build/GlyphText/FontText_6A91.font.o
[AS ]	Fonts/build/GlyphText/FontText_6A90.font.o
[AS ]	Fonts/build/GlyphText/FontText_6AA9.font.o
[AS ]	Fonts/build/GlyphText/FontText_6A97.font.o
[AS ]	Fonts/build/GlyphText/FontText_6AAB.font.o
[AS ]	Fonts/build/GlyphText/FontText_7337.font.o
[AS ]	Fonts/build/GlyphText/FontText_7352.font.o
[AS ]	Fonts/build/GlyphText/FontText_6B81.font.o
[AS ]	Fonts/build/GlyphText/FontText_6B82.font.o
[AS ]	Fonts/build/GlyphText/FontText_6B87.font.o
[AS ]	Fonts/build/GlyphText/FontText_6B92.font.o
[AS ]	Fonts/build/GlyphText/FontText_6B93.font.o
[AS ]	Fonts/build/GlyphText/FontText_6B8D.font.o
[AS ]	Fonts/build/GlyphText/FontText_6B9A.font.o
[AS ]	Fonts/build/GlyphText/FontText_6BA1.font.o
[AS ]	Fonts/build/GlyphText/FontText_6B9B.font.o
[AS ]	Fonts/build/GlyphText/FontText_6BAA.font.o
[AS ]	Fonts/build/GlyphText/FontText_8F6B.font.o
[AS ]	Fonts/build/GlyphText/FontText_8F6D.font.o
[AS ]	Fonts/build/GlyphText/FontText_8F71.font.o
[AS ]	Fonts/build/GlyphText/FontText_8F72.font.o
[AS ]	Fonts/build/GlyphText/FontText_8F73.font.o
[AS ]	Fonts/build/GlyphText/FontText_8F75.font.o
[AS ]	Fonts/build/GlyphText/FontText_8F76.font.o
[AS ]	Fonts/build/GlyphText/FontText_8F77.font.o
[AS ]	Fonts/build/GlyphText/FontText_8F78.font.o
[AS ]	Fonts/build/GlyphText/FontText_8F79.font.o
[AS ]	Fonts/build/GlyphText/FontText_8F7A.font.o
[AS ]	Fonts/build/GlyphText/FontText_8F7C.font.o
[AS ]	Fonts/build/GlyphText/FontText_8F7E.font.o
[AS ]	Fonts/build/GlyphText/FontText_8F81.font.o
[AS ]	Fonts/build/GlyphText/FontText_8F82.font.o
[AS ]	Fonts/build/GlyphText/FontText_8F87.font.o
[AS ]	Fonts/build/GlyphText/FontText_8F8B.font.o
[AS ]	Fonts/build/GlyphText/FontText_8F8D.font.o
[AS ]	Fonts/build/GlyphText/FontText_8F8E.font.o
[AS ]	Fonts/build/GlyphText/FontText_8F8F.font.o
[AS ]	Fonts/build/GlyphText/FontText_8F98.font.o
[AS ]	Fonts/build/GlyphText/FontText_8F9A.font.o
[AS ]	Fonts/build/GlyphText/FontText_8ECE.font.o
[AS ]	Fonts/build/GlyphText/FontText_620B.font.o
[AS ]	Fonts/build/GlyphText/FontText_6217.font.o
[AS ]	Fonts/build/GlyphText/FontText_621B.font.o
[AS ]	Fonts/build/GlyphText/FontText_6222.font.o
[AS ]	Fonts/build/GlyphText/FontText_6221.font.o
[AS ]	Fonts/build/GlyphText/FontText_6225.font.o
[AS ]	Fonts/build/GlyphText/FontText_6224.font.o
[AS ]	Fonts/build/GlyphText/FontText_622C.font.o
[AS ]	Fonts/build/GlyphText/FontText_81E7.font.o
[AS ]	Fonts/build/GlyphText/FontText_74EF.font.o
[AS ]	Fonts/build/GlyphText/FontText_74F4.font.o
[AS ]	Fonts/build/GlyphText/FontText_74FF.font.o
[AS ]	Fonts/build/GlyphText/FontText_750F.font.o
[AS ]	Fonts/build/GlyphText/FontText_7511.font.o
[AS ]	Fonts/build/GlyphText/FontText_7513.font.o
[AS ]	Fonts/build/GlyphText/FontText_6534.font.o
[AS ]	Fonts/build/GlyphText/FontText_65EE.font.o
[AS ]	Fonts/build/GlyphText/FontText_65EF.font.o
[AS ]	Fonts/build/GlyphText/FontText_660A.font.o
[AS ]	Fonts/build/GlyphText/FontText_65F0.font.o
[AS ]	Fonts/build/GlyphText/FontText_6619.font.o
[AS ]	Fonts/build/GlyphText/FontText_6772.font.o
[AS ]	Fonts/build/GlyphText/FontText_6603.font.o
[AS ]	Fonts/build/GlyphText/FontText_6615.font.o
[AS ]	Fonts/build/GlyphText/FontText_6600.font.o
[AS ]	Fonts/build/GlyphText/FontText_7085.font.o
[AS ]	Fonts/build/GlyphText/FontText_66F7.font.o
[AS ]	Fonts/build/GlyphText/FontText_661D.font.o
[AS ]	Fonts/build/GlyphText/FontText_6634.font.o
[AS ]	Fonts/build/GlyphText/FontText_6631.font.o
[AS ]	Fonts/build/GlyphText/FontText_6636.font.o
[AS ]	Fonts/build/GlyphText/FontText_6635.font.o
[AS ]	Fonts/build/GlyphText/FontText_8006.font.o
[AS ]	Fonts/build/GlyphText/FontText_665F.font.o
[AS ]	Fonts/build/GlyphText/FontText_6654.font.o
[AS ]	Fonts/build/GlyphText/FontText_6641.font.o
[AS ]	Fonts/build/GlyphText/FontText_664F.font.o
[AS ]	Fonts/build/GlyphText/FontText_6656.font.o
[AS ]	Fonts/build/GlyphText/FontText_6661.font.o
[AS ]	Fonts/build/GlyphText/FontText_6657.font.o
[AS ]	Fonts/build/GlyphText/FontText_6677.font.o
[AS ]	Fonts/build/GlyphText/FontText_6684.font.o
[AS ]	Fonts/build/GlyphText/FontText_668C.font.o
[AS ]	Fonts/build/GlyphText/FontText_66A7.font.o
[AS ]	Fonts/build/GlyphText/FontText_669D.font.o
[AS ]	Fonts/build/GlyphText/FontText_66BE.font.o
[AS ]	Fonts/build/GlyphText/FontText_66DB.font.o
[AS ]	Fonts/build/GlyphText/FontText_66E6.font.o
[AS ]	Fonts/build/GlyphText/FontText_66E9.font.o
[AS ]	Fonts/build/GlyphText/FontText_8D32.font.o
[AS ]	Fonts/build/GlyphText/FontText_8D33.font.o
[AS ]	Fonts/build/GlyphText/FontText_8D36.font.o
[AS ]	Fonts/build/GlyphText/FontText_8D3B.font.o
[AS ]	Fonts/build/GlyphText/FontText_8D3D.font.o
[AS ]	Fonts/build/GlyphText/FontText_8D40.font.o
[AS ]	Fonts/build/GlyphText/FontText_8D45.font.o
[AS ]	Fonts/build/GlyphText/FontText_8D46.font.o
[AS ]	Fonts/build/GlyphText/FontText_8D48.font.o
[AS ]	Fonts/build/GlyphText/FontText_8D49.font.o
[AS ]	Fonts/build/GlyphText/FontText_8D47.font.o
[AS ]	Fonts/build/GlyphText/FontText_8D4D.font.o
[AS ]	Fonts/build/GlyphText/FontText_8D55.font.o
[AS ]	Fonts/build/GlyphText/FontText_8D59.font.o
[AS ]	Fonts/build/GlyphText/FontText_89C7.font.o
[AS ]	Fonts/build/GlyphText/FontText_89CB.font.o
[AS ]	Fonts/build/GlyphText/FontText_89CC.font.o
[AS ]	Fonts/build/GlyphText/FontText_89D0.font.o
[AS ]	Fonts/build/GlyphText/FontText_89CF.font.o
[AS ]	Fonts/build/GlyphText/FontText_89D1.font.o
[AS ]	Fonts/build/GlyphText/FontText_726E.font.o
[AS ]	Fonts/build/GlyphText/FontText_725D.font.o
[AS ]	Fonts/build/GlyphText/FontText_729F.font.o
[AS ]	Fonts/build/GlyphText/FontText_7266.font.o
[AS ]	Fonts/build/GlyphText/FontText_726F.font.o
[AS ]	Fonts/build/GlyphText/FontText_727E.font.o
[AS ]	Fonts/build/GlyphText/FontText_727F.font.o
[AS ]	Fonts/build/GlyphText/FontText_7284.font.o
[AS ]	Fonts/build/GlyphText/FontText_728B.font.o
[AS ]	Fonts/build/GlyphText/FontText_728D.font.o
[AS ]	Fonts/build/GlyphText/FontText_728F.font.o
[AS ]	Fonts/build/GlyphText/FontText_7292.font.o
[AS ]	Fonts/build/GlyphText/FontText_6308.font.o
[AS ]	Fonts/build/GlyphText/FontText_6332.font.o
[AS ]	Fonts/build/GlyphText/FontText_643F.font.o
[AS ]	Fonts/build/GlyphText/FontText_64D8.font.o
[AS ]	Fonts/build/GlyphText/FontText_8004.font.o
[AS ]	Fonts/build/GlyphText/FontText_6BEA.font.o
[AS ]	Fonts/build/GlyphText/FontText_6BF3.font.o
[AS ]	Fonts/build/GlyphText/FontText_6BFD.font.o
[AS ]	Fonts/build/GlyphText/FontText_6BF5.font.o
[AS ]	Fonts/build/GlyphText/FontText_6BF9.font.o
[AS ]	Fonts/build/GlyphText/FontText_6C05.font.o
[AS ]	Fonts/build/GlyphText/FontText_6C07.font.o
[AS ]	Fonts/build/GlyphText/FontText_6C06.font.o
[AS ]	Fonts/build/GlyphText/FontText_6C0D.font.o
[AS ]	Fonts/build/GlyphText/FontText_6C15.font.o
[AS ]	Fonts/build/GlyphText/FontText_6C18.font.o
[AS ]	Fonts/build/GlyphText/FontText_6C19.font.o
[AS ]	Fonts/build/GlyphText/FontText_6C1A.font.o
[AS ]	Fonts/build/GlyphText/FontText_6C21.font.o
[AS ]	Fonts/build/GlyphText/FontText_6C29.font.o
[AS ]	Fonts/build/GlyphText/FontText_6C24.font.o
[AS ]	Fonts/build/GlyphText/FontText_6C2A.font.o
[AS ]	Fonts/build/GlyphText/FontText_6C32.font.o
[AS ]	Fonts/build/GlyphText/FontText_6535.font.o
[AS ]	Fonts/build/GlyphText/FontText_656B.font.o
[AS ]	Fonts/build/GlyphText/FontText_724D.font.o
[AS ]	Fonts/build/GlyphText/FontText_7252.font.o
[AS ]	Fonts/build/GlyphText/FontText_7256.font.o
[AS ]	Fonts/build/GlyphText/FontText_7230.font.o
[AS ]	Fonts/build/GlyphText/FontText_8662.font.o
[AS ]	Fonts/build/GlyphText/FontText_5216.font.o
[AS ]	Fonts/build/GlyphText/FontText_809F.font.o
[AS ]	Fonts/build/GlyphText/FontText_809C.font.o
[AS ]	Fonts/build/GlyphText/FontText_8093.font.o
[AS ]	Fonts/build/GlyphText/FontText_80BC.font.o
[AS ]	Fonts/build/GlyphText/FontText_670A.font.o
[AS ]	Fonts/build/GlyphText/FontText_80BD.font.o
[AS ]	Fonts/build/GlyphText/FontText_80B1.font.o
[AS ]	Fonts/build/GlyphText/FontText_80AB.font.o
[AS ]	Fonts/build/GlyphText/FontText_80AD.font.o
[AS ]	Fonts/build/GlyphText/FontText_80B7.font.o
[AS ]	Fonts/build/GlyphText/FontText_80E8.font.o
[AS ]	Fonts/build/GlyphText/FontText_80E9.font.o
[AS ]	Fonts/build/GlyphText/FontText_80EA.font.o
[AS ]	Fonts/build/GlyphText/FontText_80DB.font.o
[AS ]	Fonts/build/GlyphText/FontText_80C4.font.o
[AS ]	Fonts/build/GlyphText/FontText_80C2.font.o
[AS ]	Fonts/build/GlyphText/FontText_80D9.font.o
[AS ]	Fonts/build/GlyphText/FontText_80CD.font.o
[AS ]	Fonts/build/GlyphText/FontText_80D7.font.o
[AS ]	Fonts/build/GlyphText/FontText_6710.font.o
[AS ]	Fonts/build/GlyphText/FontText_80DD.font.o
[AS ]	Fonts/build/GlyphText/FontText_80EB.font.o
[AS ]	Fonts/build/GlyphText/FontText_80F1.font.o
[AS ]	Fonts/build/GlyphText/FontText_80ED.font.o
[AS ]	Fonts/build/GlyphText/FontText_80F4.font.o
[AS ]	Fonts/build/GlyphText/FontText_810D.font.o
[AS ]	Fonts/build/GlyphText/FontText_810E.font.o
[AS ]	Fonts/build/GlyphText/FontText_80F2.font.o
[AS ]	Fonts/build/GlyphText/FontText_80FC.font.o
[AS ]	Fonts/build/GlyphText/FontText_6715.font.o
[AS ]	Fonts/build/GlyphText/FontText_8112.font.o
[AS ]	Fonts/build/GlyphText/FontText_8C5A.font.o
[AS ]	Fonts/build/GlyphText/FontText_811E.font.o
[AS ]	Fonts/build/GlyphText/FontText_8136.font.o
[AS ]	Fonts/build/GlyphText/FontText_812C.font.o
[AS ]	Fonts/build/GlyphText/FontText_8118.font.o
[AS ]	Fonts/build/GlyphText/FontText_8132.font.o
[AS ]	Fonts/build/GlyphText/FontText_8148.font.o
[AS ]	Fonts/build/GlyphText/FontText_8153.font.o
[AS ]	Fonts/build/GlyphText/FontText_8174.font.o
[AS ]	Fonts/build/GlyphText/FontText_8159.font.o
[AS ]	Fonts/build/GlyphText/FontText_815A.font.o
[AS ]	Fonts/build/GlyphText/FontText_8171.font.o
[AS ]	Fonts/build/GlyphText/FontText_8160.font.o
[AS ]	Fonts/build/GlyphText/FontText_8169.font.o
[AS ]	Fonts/build/GlyphText/FontText_817C.font.o
[AS ]	Fonts/build/GlyphText/FontText_817D.font.o
[AS ]	Fonts/build/GlyphText/FontText_816D.font.o
[AS ]	Fonts/build/GlyphText/FontText_8167.font.o
[AS ]	Fonts/build/GlyphText/FontText_584D.font.o
[AS ]	Fonts/build/GlyphText/FontText_5AB5.font.o
[AS ]	Fonts/build/GlyphText/FontText_8188.font.o
[AS ]	Fonts/build/GlyphText/FontText_8182.font.o
[AS ]	Fonts/build/GlyphText/FontText_8191.font.o
[AS ]	Fonts/build/GlyphText/FontText_6ED5.font.o
[AS ]	Fonts/build/GlyphText/FontText_81A3.font.o
[AS ]	Fonts/build/GlyphText/FontText_81AA.font.o
[AS ]	Fonts/build/GlyphText/FontText_81CC.font.o
[AS ]	Fonts/build/GlyphText/FontText_81CA.font.o
[AS ]	Fonts/build/GlyphText/FontText_81BB.font.o
[AS ]	Fonts/build/GlyphText/FontText_81C1.font.o
[AS ]	Fonts/build/GlyphText/FontText_81A6.font.o
[AS ]	Fonts/build/GlyphText/FontText_6B24.font.o
[AS ]	Fonts/build/GlyphText/FontText_6B37.font.o
[AS ]	Fonts/build/GlyphText/FontText_6B39.font.o
[AS ]	Fonts/build/GlyphText/FontText_6B46.font.o
[AS ]	Fonts/build/GlyphText/FontText_6B59.font.o
[AS ]	Fonts/build/GlyphText/FontText_98D1.font.o
[AS ]	Fonts/build/GlyphText/FontText_98D3.font.o
[AS ]	Fonts/build/GlyphText/FontText_98D5.font.o
[AS ]	Fonts/build/GlyphText/FontText_98D9.font.o
[AS ]	Fonts/build/GlyphText/FontText_98DA.font.o
[AS ]	Fonts/build/GlyphText/FontText_6BB3.font.o
[AS ]	Fonts/build/GlyphText/FontText_5F40.font.o
[AS ]	Fonts/build/GlyphText/FontText_6BC2.font.o
[AS ]	Fonts/build/GlyphText/FontText_89F3.font.o
[AS ]	Fonts/build/GlyphText/FontText_6590.font.o
[AS ]	Fonts/build/GlyphText/FontText_6593.font.o
[AS ]	Fonts/build/GlyphText/FontText_9F51.font.o
[AS ]	Fonts/build/GlyphText/FontText_65BC.font.o
[AS ]	Fonts/build/GlyphText/FontText_65C6.font.o
[AS ]	Fonts/build/GlyphText/FontText_65C4.font.o
[AS ]	Fonts/build/GlyphText/FontText_65C3.font.o
[AS ]	Fonts/build/GlyphText/FontText_65CC.font.o
[AS ]	Fonts/build/GlyphText/FontText_65CE.font.o
[AS ]	Fonts/build/GlyphText/FontText_65D2.font.o
[AS ]	Fonts/build/GlyphText/FontText_65D6.font.o
[AS ]	Fonts/build/GlyphText/FontText_7080.font.o
[AS ]	Fonts/build/GlyphText/FontText_709C.font.o
[AS ]	Fonts/build/GlyphText/FontText_709D.font.o
[AS ]	Fonts/build/GlyphText/FontText_70BB.font.o
[AS ]	Fonts/build/GlyphText/FontText_70C0.font.o
[AS ]	Fonts/build/GlyphText/FontText_70B7.font.o
[AS ]	Fonts/build/GlyphText/FontText_70B1.font.o
[AS ]	Fonts/build/GlyphText/FontText_70E8.font.o
[AS ]	Fonts/build/GlyphText/FontText_7110.font.o
[AS ]	Fonts/build/GlyphText/FontText_70CA.font.o
[AS ]	Fonts/build/GlyphText/FontText_7113.font.o
[AS ]	Fonts/build/GlyphText/FontText_7116.font.o
[AS ]	Fonts/build/GlyphText/FontText_712F.font.o
[AS ]	Fonts/build/GlyphText/FontText_7131.font.o
[AS ]	Fonts/build/GlyphText/FontText_7173.font.o
[AS ]	Fonts/build/GlyphText/FontText_715C.font.o
[AS ]	Fonts/build/GlyphText/FontText_7168.font.o
[AS ]	Fonts/build/GlyphText/FontText_7145.font.o
[AS ]	Fonts/build/GlyphText/FontText_7172.font.o
[AS ]	Fonts/build/GlyphText/FontText_714A.font.o
[AS ]	Fonts/build/GlyphText/FontText_7178.font.o
[AS ]	Fonts/build/GlyphText/FontText_717A.font.o
[AS ]	Fonts/build/GlyphText/FontText_7198.font.o
[AS ]	Fonts/build/GlyphText/FontText_71B3.font.o
[AS ]	Fonts/build/GlyphText/FontText_71B5.font.o
[AS ]	Fonts/build/GlyphText/FontText_71A8.font.o
[AS ]	Fonts/build/GlyphText/FontText_71A0.font.o
[AS ]	Fonts/build/GlyphText/FontText_71E0.font.o
[AS ]	Fonts/build/GlyphText/FontText_71D4.font.o
[AS ]	Fonts/build/GlyphText/FontText_71E7.font.o
[AS ]	Fonts/build/GlyphText/FontText_71F9.font.o
[AS ]	Fonts/build/GlyphText/FontText_721D.font.o
[AS ]	Fonts/build/GlyphText/FontText_7228.font.o
[AS ]	Fonts/build/GlyphText/FontText_706C.font.o
[AS ]	Fonts/build/GlyphText/FontText_7118.font.o
[AS ]	Fonts/build/GlyphText/FontText_71B9.font.o
[AS ]	Fonts/build/GlyphText/FontText_7166.font.o
[AS ]	Fonts/build/GlyphText/FontText_623E.font.o
[AS ]	Fonts/build/GlyphText/FontText_623D.font.o
[AS ]	Fonts/build/GlyphText/FontText_6243.font.o
[AS ]	Fonts/build/GlyphText/FontText_6248.font.o
[AS ]	Fonts/build/GlyphText/FontText_793B.font.o
[AS ]	Fonts/build/GlyphText/FontText_7946.font.o
[AS ]	Fonts/build/GlyphText/FontText_7949.font.o
[AS ]	Fonts/build/GlyphText/FontText_795B.font.o
[AS ]	Fonts/build/GlyphText/FontText_795C.font.o
[AS ]	Fonts/build/GlyphText/FontText_7953.font.o
[AS ]	Fonts/build/GlyphText/FontText_795A.font.o
[AS ]	Fonts/build/GlyphText/FontText_7962.font.o
[AS ]	Fonts/build/GlyphText/FontText_7957.font.o
[AS ]	Fonts/build/GlyphText/FontText_7960.font.o
[AS ]	Fonts/build/GlyphText/FontText_796F.font.o
[AS ]	Fonts/build/GlyphText/FontText_7967.font.o
[AS ]	Fonts/build/GlyphText/FontText_797A.font.o
[AS ]	Fonts/build/GlyphText/FontText_798A.font.o
[AS ]	Fonts/build/GlyphText/FontText_799A.font.o
[AS ]	Fonts/build/GlyphText/FontText_79A7.font.o
[AS ]	Fonts/build/GlyphText/FontText_79B3.font.o
[AS ]	Fonts/build/GlyphText/FontText_5FD1.font.o
[AS ]	Fonts/build/GlyphText/FontText_5FD0.font.o
[AS ]	Fonts/build/GlyphText/FontText_603C.font.o
[AS ]	Fonts/build/GlyphText/FontText_605D.font.o
[AS ]	Fonts/build/GlyphText/FontText_605A.font.o
[AS ]	Fonts/build/GlyphText/FontText_6067.font.o
[AS ]	Fonts/build/GlyphText/FontText_6041.font.o
[AS ]	Fonts/build/GlyphText/FontText_6063.font.o
[AS ]	Fonts/build/GlyphText/FontText_60AB.font.o
[AS ]	Fonts/build/GlyphText/FontText_6106.font.o
[AS ]	Fonts/build/GlyphText/FontText_610D.font.o
[AS ]	Fonts/build/GlyphText/FontText_615D.font.o
[AS ]	Fonts/build/GlyphText/FontText_619D.font.o
[AS ]	Fonts/build/GlyphText/FontText_61CB.font.o
[AS ]	Fonts/build/GlyphText/FontText_61D1.font.o
[AS ]	Fonts/build/GlyphText/FontText_6206.font.o
[AS ]	Fonts/build/GlyphText/FontText_8080.font.o
[AS ]	Fonts/build/GlyphText/FontText_807F.font.o
[AS ]	Fonts/build/GlyphText/FontText_6C93.font.o
[AS ]	Fonts/build/GlyphText/FontText_6CF6.font.o
[AS ]	Fonts/build/GlyphText/FontText_6DFC.font.o
[AS ]	Fonts/build/GlyphText/FontText_77F8.font.o
[AS ]	Fonts/build/GlyphText/FontText_7800.font.o
[AS ]	Fonts/build/GlyphText/FontText_7809.font.o
[AS ]	Fonts/build/GlyphText/FontText_7817.font.o
[AS ]	Fonts/build/GlyphText/FontText_7818.font.o
[AS ]	Fonts/build/GlyphText/FontText_7811.font.o
[AS ]	Fonts/build/GlyphText/FontText_65AB.font.o
[AS ]	Fonts/build/GlyphText/FontText_782D.font.o
[AS ]	Fonts/build/GlyphText/FontText_781C.font.o
[AS ]	Fonts/build/GlyphText/FontText_7839.font.o
[AS ]	Fonts/build/GlyphText/FontText_783A.font.o
[AS ]	Fonts/build/GlyphText/FontText_783B.font.o
[AS ]	Fonts/build/GlyphText/FontText_781F.font.o
[AS ]	Fonts/build/GlyphText/FontText_783C.font.o
[AS ]	Fonts/build/GlyphText/FontText_7825.font.o
[AS ]	Fonts/build/GlyphText/FontText_782C.font.o
[AS ]	Fonts/build/GlyphText/FontText_7823.font.o
[AS ]	Fonts/build/GlyphText/FontText_7829.font.o
[AS ]	Fonts/build/GlyphText/FontText_784E.font.o
[AS ]	Fonts/build/GlyphText/FontText_786D.font.o
[AS ]	Fonts/build/GlyphText/FontText_7856.font.o
[AS ]	Fonts/build/GlyphText/FontText_7857.font.o
[AS ]	Fonts/build/GlyphText/FontText_7850.font.o
[AS ]	Fonts/build/GlyphText/FontText_7847.font.o
[AS ]	Fonts/build/GlyphText/FontText_784C.font.o
[AS ]	Fonts/build/GlyphText/FontText_786A.font.o
[AS ]	Fonts/build/GlyphText/FontText_789B.font.o
[AS ]	Fonts/build/GlyphText/FontText_7893.font.o
[AS ]	Fonts/build/GlyphText/FontText_789A.font.o
[AS ]	Fonts/build/GlyphText/FontText_7887.font.o
[AS ]	Fonts/build/GlyphText/FontText_78A1.font.o
[AS ]	Fonts/build/GlyphText/FontText_78A3.font.o
[AS ]	Fonts/build/GlyphText/FontText_78B2.font.o
[AS ]	Fonts/build/GlyphText/FontText_78B9.font.o
[AS ]	Fonts/build/GlyphText/FontText_78A5.font.o
[AS ]	Fonts/build/GlyphText/FontText_78D4.font.o
[AS ]	Fonts/build/GlyphText/FontText_78D9.font.o
[AS ]	Fonts/build/GlyphText/FontText_78C9.font.o
[AS ]	Fonts/build/GlyphText/FontText_78EC.font.o
[AS ]	Fonts/build/GlyphText/FontText_78F2.font.o
[AS ]	Fonts/build/GlyphText/FontText_7905.font.o
[AS ]	Fonts/build/GlyphText/FontText_78F4.font.o
[AS ]	Fonts/build/GlyphText/FontText_7913.font.o
[AS ]	Fonts/build/GlyphText/FontText_7924.font.o
[AS ]	Fonts/build/GlyphText/FontText_791E.font.o
[AS ]	Fonts/build/GlyphText/FontText_7934.font.o
[AS ]	Fonts/build/GlyphText/FontText_9F9B.font.o
[AS ]	Fonts/build/GlyphText/FontText_9EF9.font.o
[AS ]	Fonts/build/GlyphText/FontText_9EFB.font.o
[AS ]	Fonts/build/GlyphText/FontText_9EFC.font.o
[AS ]	Fonts/build/GlyphText/FontText_76F1.font.o
[AS ]	Fonts/build/GlyphText/FontText_770D.font.o
[AS ]	Fonts/build/GlyphText/FontText_76F9.font.o
[AS ]	Fonts/build/GlyphText/FontText_7704.font.o
[AS ]	Fonts/build/GlyphText/FontText_7707.font.o
[AS ]	Fonts/build/GlyphText/FontText_7708.font.o
[AS ]	Fonts/build/GlyphText/FontText_771A.font.o
[AS ]	Fonts/build/GlyphText/FontText_7722.font.o
[AS ]	Fonts/build/GlyphText/FontText_7719.font.o
[AS ]	Fonts/build/GlyphText/FontText_772D.font.o
[AS ]	Fonts/build/GlyphText/FontText_7726.font.o
[AS ]	Fonts/build/GlyphText/FontText_7735.font.o
[AS ]	Fonts/build/GlyphText/FontText_7751.font.o
[AS ]	Fonts/build/GlyphText/FontText_7747.font.o
[AS ]	Fonts/build/GlyphText/FontText_775A.font.o
[AS ]	Fonts/build/GlyphText/FontText_7743.font.o
[AS ]	Fonts/build/GlyphText/FontText_7768.font.o
[AS ]	Fonts/build/GlyphText/FontText_7762.font.o
[AS ]	Fonts/build/GlyphText/FontText_7765.font.o
[AS ]	Fonts/build/GlyphText/FontText_778D.font.o
[AS ]	Fonts/build/GlyphText/FontText_777D.font.o
[AS ]	Fonts/build/GlyphText/FontText_7780.font.o
[AS ]	Fonts/build/GlyphText/FontText_778C.font.o
[AS ]	Fonts/build/GlyphText/FontText_7791.font.o
[AS ]	Fonts/build/GlyphText/FontText_779F.font.o
[AS ]	Fonts/build/GlyphText/FontText_77B0.font.o
[AS ]	Fonts/build/GlyphText/FontText_77A0.font.o
[AS ]	Fonts/build/GlyphText/FontText_77B5.font.o
[AS ]	Fonts/build/GlyphText/FontText_77BD.font.o
[AS ]	Fonts/build/GlyphText/FontText_7540.font.o
[AS ]	Fonts/build/GlyphText/FontText_754E.font.o
[AS ]	Fonts/build/GlyphText/FontText_754B.font.o
[AS ]	Fonts/build/GlyphText/FontText_7548.font.o
[AS ]	Fonts/build/GlyphText/FontText_755B.font.o
[AS ]	Fonts/build/GlyphText/FontText_7572.font.o
[AS ]	Fonts/build/GlyphText/FontText_7579.font.o
[AS ]	Fonts/build/GlyphText/FontText_7583.font.o
[AS ]	Fonts/build/GlyphText/FontText_7F58.font.o
[AS ]	Fonts/build/GlyphText/FontText_7F61.font.o
[AS ]	Fonts/build/GlyphText/FontText_7F5F.font.o
[AS ]	Fonts/build/GlyphText/FontText_8A48.font.o
[AS ]	Fonts/build/GlyphText/FontText_7F68.font.o
[AS ]	Fonts/build/GlyphText/FontText_7F74.font.o
[AS ]	Fonts/build/GlyphText/FontText_7F71.font.o
[AS ]	Fonts/build/GlyphText/FontText_7F79.font.o
[AS ]	Fonts/build/GlyphText/FontText_7F7E.font.o
[AS ]	Fonts/build/GlyphText/FontText_76CD.font.o
[AS ]	Fonts/build/GlyphText/FontText_76E5.font.o
[AS ]	Fonts/build/GlyphText/FontText_8832.font.o
[AS ]	Fonts/build/GlyphText/FontText_9485.font.o
[AS ]	Fonts/build/GlyphText/FontText_9487.font.o
[AS ]	Fonts/build/GlyphText/FontText_9486.font.o
[AS ]	Fonts/build/GlyphText/FontText_948B.font.o
[AS ]	Fonts/build/GlyphText/FontText_948A.font.o
[AS ]	Fonts/build/GlyphText/FontText_948C.font.o
[AS ]	Fonts/build/GlyphText/FontText_948D.font.o
[AS ]	Fonts/build/GlyphText/FontText_948F.font.o
[AS ]	Fonts/build/GlyphText/FontText_9490.font.o
[AS ]	Fonts/build/GlyphText/FontText_9494.font.o
[AS ]	Fonts/build/GlyphText/FontText_9497.font.o
[AS ]	Fonts/build/GlyphText/FontText_9495.font.o
[AS ]	Fonts/build/GlyphText/FontText_949A.font.o
[AS ]	Fonts/build/GlyphText/FontText_949B.font.o
[AS ]	Fonts/build/GlyphText/FontText_949C.font.o
[AS ]	Fonts/build/GlyphText/FontText_94A3.font.o
[AS ]	Fonts/build/GlyphText/FontText_94A4.font.o
[AS ]	Fonts/build/GlyphText/FontText_94AB.font.o
[AS ]	Fonts/build/GlyphText/FontText_94AA.font.o
[AS ]	Fonts/build/GlyphText/FontText_94AD.font.o
[AS ]	Fonts/build/GlyphText/FontText_94AC.font.o
[AS ]	Fonts/build/GlyphText/FontText_94AF.font.o
[AS ]	Fonts/build/GlyphText/FontText_94B0.font.o
[AS ]	Fonts/build/GlyphText/FontText_94B2.font.o
[AS ]	Fonts/build/GlyphText/FontText_94B4.font.o
[AS ]	Fonts/build/GlyphText/FontText_94B6.font.o
[AS ]	Fonts/build/GlyphText/FontText_94B7.font.o
[AS ]	Fonts/build/GlyphText/FontText_94B8.font.o
[AS ]	Fonts/build/GlyphText/FontText_94B9.font.o
[AS ]	Fonts/build/GlyphText/FontText_94BA.font.o
[AS ]	Fonts/build/GlyphText/FontText_94BC.font.o
[AS ]	Fonts/build/GlyphText/FontText_94BD.font.o
[AS ]	Fonts/build/GlyphText/FontText_94BF.font.o
[AS ]	Fonts/build/GlyphText/FontText_94C4.font.o
[AS ]	Fonts/build/GlyphText/FontText_94C8.font.o
[AS ]	Fonts/build/GlyphText/FontText_94C9.font.o
[AS ]	Fonts/build/GlyphText/FontText_94CA.font.o
[AS ]	Fonts/build/GlyphText/FontText_94CB.font.o
[AS ]	Fonts/build/GlyphText/FontText_94CC.font.o
[AS ]	Fonts/build/GlyphText/FontText_94CD.font.o
[AS ]	Fonts/build/GlyphText/FontText_94CE.font.o
[AS ]	Fonts/build/GlyphText/FontText_94D0.font.o
[AS ]	Fonts/build/GlyphText/FontText_94D1.font.o
[AS ]	Fonts/build/GlyphText/FontText_94D2.font.o
[AS ]	Fonts/build/GlyphText/FontText_94D5.font.o
[AS ]	Fonts/build/GlyphText/FontText_94D6.font.o
[AS ]	Fonts/build/GlyphText/FontText_94D7.font.o
[AS ]	Fonts/build/GlyphText/FontText_94D9.font.o
[AS ]	Fonts/build/GlyphText/FontText_94D8.font.o
[AS ]	Fonts/build/GlyphText/FontText_94DB.font.o
[AS ]	Fonts/build/GlyphText/FontText_94DE.font.o
[AS ]	Fonts/build/GlyphText/FontText_94DF.font.o
[AS ]	Fonts/build/GlyphText/FontText_94E4.font.o
[AS ]	Fonts/build/GlyphText/FontText_94E2.font.o
[AS ]	Fonts/build/GlyphText/FontText_94E5.font.o
[AS ]	Fonts/build/GlyphText/FontText_94E7.font.o
[AS ]	Fonts/build/GlyphText/FontText_94E8.font.o
[AS ]	Fonts/build/GlyphText/FontText_94E9.font.o
[AS ]	Fonts/build/GlyphText/FontText_94EA.font.o
[AS ]	Fonts/build/GlyphText/FontText_94EE.font.o
[AS ]	Fonts/build/GlyphText/FontText_94EB.font.o
[AS ]	Fonts/build/GlyphText/FontText_94EF.font.o
[AS ]	Fonts/build/GlyphText/FontText_94F3.font.o
[AS ]	Fonts/build/GlyphText/FontText_94F4.font.o
[AS ]	Fonts/build/GlyphText/FontText_94F5.font.o
[AS ]	Fonts/build/GlyphText/FontText_94F7.font.o
[AS ]	Fonts/build/GlyphText/FontText_94F9.font.o
[AS ]	Fonts/build/GlyphText/FontText_94FC.font.o
[AS ]	Fonts/build/GlyphText/FontText_94FD.font.o
[AS ]	Fonts/build/GlyphText/FontText_94FF.font.o
[AS ]	Fonts/build/GlyphText/FontText_9503.font.o
[AS ]	Fonts/build/GlyphText/FontText_9502.font.o
[AS ]	Fonts/build/GlyphText/FontText_9506.font.o
[AS ]	Fonts/build/GlyphText/FontText_9507.font.o
[AS ]	Fonts/build/GlyphText/FontText_9509.font.o
[AS ]	Fonts/build/GlyphText/FontText_950A.font.o
[AS ]	Fonts/build/GlyphText/FontText_950D.font.o
[AS ]	Fonts/build/GlyphText/FontText_950E.font.o
[AS ]	Fonts/build/GlyphText/FontText_950F.font.o
[AS ]	Fonts/build/GlyphText/FontText_9512.font.o
[AS ]	Fonts/build/GlyphText/FontText_9513.font.o
[AS ]	Fonts/build/GlyphText/FontText_9514.font.o
[AS ]	Fonts/build/GlyphText/FontText_9515.font.o
[AS ]	Fonts/build/GlyphText/FontText_9516.font.o
[AS ]	Fonts/build/GlyphText/FontText_9518.font.o
[AS ]	Fonts/build/GlyphText/FontText_951B.font.o
[AS ]	Fonts/build/GlyphText/FontText_951D.font.o
[AS ]	Fonts/build/GlyphText/FontText_951E.font.o
[AS ]	Fonts/build/GlyphText/FontText_951F.font.o
[AS ]	Fonts/build/GlyphText/FontText_9522.font.o
[AS ]	Fonts/build/GlyphText/FontText_952A.font.o
[AS ]	Fonts/build/GlyphText/FontText_952B.font.o
[AS ]	Fonts/build/GlyphText/FontText_9529.font.o
[AS ]	Fonts/build/GlyphText/FontText_952C.font.o
[AS ]	Fonts/build/GlyphText/FontText_9531.font.o
[AS ]	Fonts/build/GlyphText/FontText_9532.font.o
[AS ]	Fonts/build/GlyphText/FontText_9534.font.o
[AS ]	Fonts/build/GlyphText/FontText_9536.font.o
[AS ]	Fonts/build/GlyphText/FontText_9537.font.o
[AS ]	Fonts/build/GlyphText/FontText_9538.font.o
[AS ]	Fonts/build/GlyphText/FontText_953C.font.o
[AS ]	Fonts/build/GlyphText/FontText_953E.font.o
[AS ]	Fonts/build/GlyphText/FontText_953F.font.o
[AS ]	Fonts/build/GlyphText/FontText_9542.font.o
[AS ]	Fonts/build/GlyphText/FontText_9535.font.o
[AS ]	Fonts/build/GlyphText/FontText_9544.font.o
[AS ]	Fonts/build/GlyphText/FontText_9545.font.o
[AS ]	Fonts/build/GlyphText/FontText_9546.font.o
[AS ]	Fonts/build/GlyphText/FontText_9549.font.o
[AS ]	Fonts/build/GlyphText/FontText_954C.font.o
[AS ]	Fonts/build/GlyphText/FontText_954E.font.o
[AS ]	Fonts/build/GlyphText/FontText_954F.font.o
[AS ]	Fonts/build/GlyphText/FontText_9552.font.o
[AS ]	Fonts/build/GlyphText/FontText_9553.font.o
[AS ]	Fonts/build/GlyphText/FontText_9554.font.o
[AS ]	Fonts/build/GlyphText/FontText_9557.font.o
[AS ]	Fonts/build/GlyphText/FontText_9558.font.o
[AS ]	Fonts/build/GlyphText/FontText_9559.font.o
[AS ]	Fonts/build/GlyphText/FontText_955B.font.o
[AS ]	Fonts/build/GlyphText/FontText_955E.font.o
[AS ]	Fonts/build/GlyphText/FontText_955F.font.o
[AS ]	Fonts/build/GlyphText/FontText_955D.font.o
[AS ]	Fonts/build/GlyphText/FontText_9561.font.o
[AS ]	Fonts/build/GlyphText/FontText_9562.font.o
[AS ]	Fonts/build/GlyphText/FontText_9564.font.o
[AS ]	Fonts/build/GlyphText/FontText_9565.font.o
[AS ]	Fonts/build/GlyphText/FontText_9566.font.o
[AS ]	Fonts/build/GlyphText/FontText_9567.font.o
[AS ]	Fonts/build/GlyphText/FontText_9568.font.o
[AS ]	Fonts/build/GlyphText/FontText_9569.font.o
[AS ]	Fonts/build/GlyphText/FontText_956A.font.o
[AS ]	Fonts/build/GlyphText/FontText_956B.font.o
[AS ]	Fonts/build/GlyphText/FontText_956C.font.o
[AS ]	Fonts/build/GlyphText/FontText_9571.font.o
[AS ]	Fonts/build/GlyphText/FontText_9572.font.o
[AS ]	Fonts/build/GlyphText/FontText_953A.font.o
[AS ]	Fonts/build/GlyphText/FontText_77E7.font.o
[AS ]	Fonts/build/GlyphText/FontText_77EC.font.o
[AS ]	Fonts/build/GlyphText/FontText_96C9.font.o
[AS ]	Fonts/build/GlyphText/FontText_79D5.font.o
[AS ]	Fonts/build/GlyphText/FontText_79ED.font.o
[AS ]	Fonts/build/GlyphText/FontText_79E3.font.o
[AS ]	Fonts/build/GlyphText/FontText_79EB.font.o
[AS ]	Fonts/build/GlyphText/FontText_7A06.font.o
[AS ]	Fonts/build/GlyphText/FontText_7A03.font.o
[AS ]	Fonts/build/GlyphText/FontText_5D47.font.o
[AS ]	Fonts/build/GlyphText/FontText_7A02.font.o
[AS ]	Fonts/build/GlyphText/FontText_7A1E.font.o
[AS ]	Fonts/build/GlyphText/FontText_7A14.font.o
[AS ]	Fonts/build/GlyphText/FontText_7A39.font.o
[AS ]	Fonts/build/GlyphText/FontText_7A37.font.o
[AS ]	Fonts/build/GlyphText/FontText_7A51.font.o
[AS ]	Fonts/build/GlyphText/FontText_9ECF.font.o
[AS ]	Fonts/build/GlyphText/FontText_99A5.font.o
[AS ]	Fonts/build/GlyphText/FontText_7A70.font.o
[AS ]	Fonts/build/GlyphText/FontText_7688.font.o
[AS ]	Fonts/build/GlyphText/FontText_768E.font.o
[AS ]	Fonts/build/GlyphText/FontText_7693.font.o
[AS ]	Fonts/build/GlyphText/FontText_7699.font.o
[AS ]	Fonts/build/GlyphText/FontText_76A4.font.o
[AS ]	Fonts/build/GlyphText/FontText_74DE.font.o
[AS ]	Fonts/build/GlyphText/FontText_74E0.font.o
[AS ]	Fonts/build/GlyphText/FontText_752C.font.o
[AS ]	Fonts/build/GlyphText/FontText_9E20.font.o
[AS ]	Fonts/build/GlyphText/FontText_9E22.font.o
[AS ]	Fonts/build/GlyphText/FontText_9E28.font.o
[AS ]	Fonts/build/GlyphText/FontText_9E29.font.o
[AS ]	Fonts/build/GlyphText/FontText_9E2A.font.o
[AS ]	Fonts/build/GlyphText/FontText_9E2B.font.o
[AS ]	Fonts/build/GlyphText/FontText_9E2C.font.o
[AS ]	Fonts/build/GlyphText/FontText_9E32.font.o
[AS ]	Fonts/build/GlyphText/FontText_9E31.font.o
[AS ]	Fonts/build/GlyphText/FontText_9E36.font.o
[AS ]	Fonts/build/GlyphText/FontText_9E38.font.o
[AS ]	Fonts/build/GlyphText/FontText_9E37.font.o
[AS ]	Fonts/build/GlyphText/FontText_9E39.font.o
[AS ]	Fonts/build/GlyphText/FontText_9E3A.font.o
[AS ]	Fonts/build/GlyphText/FontText_9E3E.font.o
[AS ]	Fonts/build/GlyphText/FontText_9E41.font.o
[AS ]	Fonts/build/GlyphText/FontText_9E42.font.o
[AS ]	Fonts/build/GlyphText/FontText_9E44.font.o
[AS ]	Fonts/build/GlyphText/FontText_9E46.font.o
[AS ]	Fonts/build/GlyphText/FontText_9E48.font.o
[AS ]	Fonts/build/GlyphText/FontText_9E47.font.o
[AS ]	Fonts/build/GlyphText/FontText_9E49.font.o
[AS ]	Fonts/build/GlyphText/FontText_9E4B.font.o
[AS ]	Fonts/build/GlyphText/FontText_9E4C.font.o
[AS ]	Fonts/build/GlyphText/FontText_9E4E.font.o
[AS ]	Fonts/build/GlyphText/FontText_9E51.font.o
[AS ]	Fonts/build/GlyphText/FontText_9E55.font.o
[AS ]	Fonts/build/GlyphText/FontText_9E57.font.o
[AS ]	Fonts/build/GlyphText/FontText_9E5A.font.o
[AS ]	Fonts/build/GlyphText/FontText_9E5B.font.o
[AS ]	Fonts/build/GlyphText/FontText_9E5C.font.o
[AS ]	Fonts/build/GlyphText/FontText_9E5E.font.o
[AS ]	Fonts/build/GlyphText/FontText_9E63.font.o
[AS ]	Fonts/build/GlyphText/FontText_9E66.font.o
[AS ]	Fonts/build/GlyphText/FontText_9E67.font.o
[AS ]	Fonts/build/GlyphText/FontText_9E68.font.o
[AS ]	Fonts/build/GlyphText/FontText_9E69.font.o
[AS ]	Fonts/build/GlyphText/FontText_9E6A.font.o
[AS ]	Fonts/build/GlyphText/FontText_9E6C.font.o
[AS ]	Fonts/build/GlyphText/FontText_9E71.font.o
[AS ]	Fonts/build/GlyphText/FontText_9E6D.font.o
[AS ]	Fonts/build/GlyphText/FontText_9E73.font.o
[AS ]	Fonts/build/GlyphText/FontText_7592.font.o
[AS ]	Fonts/build/GlyphText/FontText_7594.font.o
[AS ]	Fonts/build/GlyphText/FontText_7596.font.o
[AS ]	Fonts/build/GlyphText/FontText_75A0.font.o
[AS ]	Fonts/build/GlyphText/FontText_759D.font.o
[AS ]	Fonts/build/GlyphText/FontText_75AC.font.o
[AS ]	Fonts/build/GlyphText/FontText_75A3.font.o
[AS ]	Fonts/build/GlyphText/FontText_75B3.font.o
[AS ]	Fonts/build/GlyphText/FontText_75B4.font.o
[AS ]	Fonts/build/GlyphText/FontText_75B8.font.o
[AS ]	Fonts/build/GlyphText/FontText_75C4.font.o
[AS ]	Fonts/build/GlyphText/FontText_75B1.font.o
[AS ]	Fonts/build/GlyphText/FontText_75B0.font.o
[AS ]	Fonts/build/GlyphText/FontText_75C3.font.o
[AS ]	Fonts/build/GlyphText/FontText_75C2.font.o
[AS ]	Fonts/build/GlyphText/FontText_75D6.font.o
[AS ]	Fonts/build/GlyphText/FontText_75E8.font.o
[AS ]	Fonts/build/GlyphText/FontText_75E3.font.o
[AS ]	Fonts/build/GlyphText/FontText_75E6.font.o
[AS ]	Fonts/build/GlyphText/FontText_75E4.font.o
[AS ]	Fonts/build/GlyphText/FontText_75EB.font.o
[AS ]	Fonts/build/GlyphText/FontText_75E7.font.o
[AS ]	Fonts/build/GlyphText/FontText_7603.font.o
[AS ]	Fonts/build/GlyphText/FontText_75F1.font.o
[AS ]	Fonts/build/GlyphText/FontText_75FC.font.o
[AS ]	Fonts/build/GlyphText/FontText_75FF.font.o
[AS ]	Fonts/build/GlyphText/FontText_7610.font.o
[AS ]	Fonts/build/GlyphText/FontText_7600.font.o
[AS ]	Fonts/build/GlyphText/FontText_760C.font.o
[AS ]	Fonts/build/GlyphText/FontText_7605.font.o
[AS ]	Fonts/build/GlyphText/FontText_7617.font.o
[AS ]	Fonts/build/GlyphText/FontText_760A.font.o
[AS ]	Fonts/build/GlyphText/FontText_7625.font.o
[AS ]	Fonts/build/GlyphText/FontText_7618.font.o
[AS ]	Fonts/build/GlyphText/FontText_7615.font.o
[AS ]	Fonts/build/GlyphText/FontText_7619.font.o
[AS ]	Fonts/build/GlyphText/FontText_763C.font.o
[AS ]	Fonts/build/GlyphText/FontText_761B.font.o
[AS ]	Fonts/build/GlyphText/FontText_7622.font.o
[AS ]	Fonts/build/GlyphText/FontText_7640.font.o
[AS ]	Fonts/build/GlyphText/FontText_762D.font.o
[AS ]	Fonts/build/GlyphText/FontText_7630.font.o
[AS ]	Fonts/build/GlyphText/FontText_763F.font.o
[AS ]	Fonts/build/GlyphText/FontText_7635.font.o
[AS ]	Fonts/build/GlyphText/FontText_7643.font.o
[AS ]	Fonts/build/GlyphText/FontText_763E.font.o
[AS ]	Fonts/build/GlyphText/FontText_7633.font.o
[AS ]	Fonts/build/GlyphText/FontText_764D.font.o
[AS ]	Fonts/build/GlyphText/FontText_765E.font.o
[AS ]	Fonts/build/GlyphText/FontText_7654.font.o
[AS ]	Fonts/build/GlyphText/FontText_765C.font.o
[AS ]	Fonts/build/GlyphText/FontText_766F.font.o
[AS ]	Fonts/build/GlyphText/FontText_766B.font.o
[AS ]	Fonts/build/GlyphText/FontText_7FCA.font.o
[AS ]	Fonts/build/GlyphText/FontText_7AE6.font.o
[AS ]	Fonts/build/GlyphText/FontText_7A78.font.o
[AS ]	Fonts/build/GlyphText/FontText_7A79.font.o
[AS ]	Fonts/build/GlyphText/FontText_7A80.font.o
[AS ]	Fonts/build/GlyphText/FontText_7A86.font.o
[AS ]	Fonts/build/GlyphText/FontText_7A88.font.o
[AS ]	Fonts/build/GlyphText/FontText_7A95.font.o
[AS ]	Fonts/build/GlyphText/FontText_7AA6.font.o
[AS ]	Fonts/build/GlyphText/FontText_7AA0.font.o
[AS ]	Fonts/build/GlyphText/FontText_7AAC.font.o
[AS ]	Fonts/build/GlyphText/FontText_7AA8.font.o
[AS ]	Fonts/build/GlyphText/FontText_7AAD.font.o
[AS ]	Fonts/build/GlyphText/FontText_7AB3.font.o
[AS ]	Fonts/build/GlyphText/FontText_8864.font.o
[AS ]	Fonts/build/GlyphText/FontText_8869.font.o
[AS ]	Fonts/build/GlyphText/FontText_887D.font.o
[AS ]	Fonts/build/GlyphText/FontText_8872.font.o
[AS ]	Fonts/build/GlyphText/FontText_887F.font.o
[AS ]	Fonts/build/GlyphText/FontText_8882.font.o
[AS ]	Fonts/build/GlyphText/FontText_88A2.font.o
[AS ]	Fonts/build/GlyphText/FontText_88C6.font.o
[AS ]	Fonts/build/GlyphText/FontText_88B7.font.o
[AS ]	Fonts/build/GlyphText/FontText_88BC.font.o
[AS ]	Fonts/build/GlyphText/FontText_88C9.font.o
[AS ]	Fonts/build/GlyphText/FontText_88CE.font.o
[AS ]	Fonts/build/GlyphText/FontText_88E2.font.o
[AS ]	Fonts/build/GlyphText/FontText_88E3.font.o
[AS ]	Fonts/build/GlyphText/FontText_88E5.font.o
[AS ]	Fonts/build/GlyphText/FontText_88F1.font.o
[AS ]	Fonts/build/GlyphText/FontText_891A.font.o
[AS ]	Fonts/build/GlyphText/FontText_88FC.font.o
[AS ]	Fonts/build/GlyphText/FontText_88FE.font.o
[AS ]	Fonts/build/GlyphText/FontText_88F0.font.o
[AS ]	Fonts/build/GlyphText/FontText_8921.font.o
[AS ]	Fonts/build/GlyphText/FontText_8919.font.o
[AS ]	Fonts/build/GlyphText/FontText_8913.font.o
[AS ]	Fonts/build/GlyphText/FontText_891B.font.o
[AS ]	Fonts/build/GlyphText/FontText_890A.font.o
[AS ]	Fonts/build/GlyphText/FontText_8934.font.o
[AS ]	Fonts/build/GlyphText/FontText_892B.font.o
[AS ]	Fonts/build/GlyphText/FontText_8936.font.o
[AS ]	Fonts/build/GlyphText/FontText_8941.font.o
[AS ]	Fonts/build/GlyphText/FontText_8966.font.o
[AS ]	Fonts/build/GlyphText/FontText_897B.font.o
[AS ]	Fonts/build/GlyphText/FontText_758B.font.o
[AS ]	Fonts/build/GlyphText/FontText_80E5.font.o
[AS ]	Fonts/build/GlyphText/FontText_76B2.font.o
[AS ]	Fonts/build/GlyphText/FontText_76B4.font.o
[AS ]	Fonts/build/GlyphText/FontText_77DC.font.o
[AS ]	Fonts/build/GlyphText/FontText_8012.font.o
[AS ]	Fonts/build/GlyphText/FontText_8014.font.o
[AS ]	Fonts/build/GlyphText/FontText_8016.font.o
[AS ]	Fonts/build/GlyphText/FontText_801C.font.o
[AS ]	Fonts/build/GlyphText/FontText_8020.font.o
[AS ]	Fonts/build/GlyphText/FontText_8022.font.o
[AS ]	Fonts/build/GlyphText/FontText_8025.font.o
[AS ]	Fonts/build/GlyphText/FontText_8026.font.o
[AS ]	Fonts/build/GlyphText/FontText_8027.font.o
[AS ]	Fonts/build/GlyphText/FontText_8029.font.o
[AS ]	Fonts/build/GlyphText/FontText_8028.font.o
[AS ]	Fonts/build/GlyphText/FontText_8031.font.o
[AS ]	Fonts/build/GlyphText/FontText_800B.font.o
[AS ]	Fonts/build/GlyphText/FontText_8035.font.o
[AS ]	Fonts/build/GlyphText/FontText_8043.font.o
[AS ]	Fonts/build/GlyphText/FontText_8046.font.o
[AS ]	Fonts/build/GlyphText/FontText_804D.font.o
[AS ]	Fonts/build/GlyphText/FontText_8052.font.o
[AS ]	Fonts/build/GlyphText/FontText_8069.font.o
[AS ]	Fonts/build/GlyphText/FontText_8071.font.o
[AS ]	Fonts/build/GlyphText/FontText_8983.font.o
[AS ]	Fonts/build/GlyphText/FontText_9878.font.o
[AS ]	Fonts/build/GlyphText/FontText_9880.font.o
[AS ]	Fonts/build/GlyphText/FontText_9883.font.o
[AS ]	Fonts/build/GlyphText/FontText_9889.font.o
[AS ]	Fonts/build/GlyphText/FontText_988C.font.o
[AS ]	Fonts/build/GlyphText/FontText_988D.font.o
[AS ]	Fonts/build/GlyphText/FontText_988F.font.o
[AS ]	Fonts/build/GlyphText/FontText_9894.font.o
[AS ]	Fonts/build/GlyphText/FontText_989A.font.o
[AS ]	Fonts/build/GlyphText/FontText_989B.font.o
[AS ]	Fonts/build/GlyphText/FontText_989E.font.o
[AS ]	Fonts/build/GlyphText/FontText_989F.font.o
[AS ]	Fonts/build/GlyphText/FontText_98A1.font.o
[AS ]	Fonts/build/GlyphText/FontText_98A2.font.o
[AS ]	Fonts/build/GlyphText/FontText_98A5.font.o
[AS ]	Fonts/build/GlyphText/FontText_98A6.font.o
[AS ]	Fonts/build/GlyphText/FontText_864D.font.o
[AS ]	Fonts/build/GlyphText/FontText_866C.font.o
[AS ]	Fonts/build/GlyphText/FontText_866E.font.o
[AS ]	Fonts/build/GlyphText/FontText_867F.font.o
[AS ]	Fonts/build/GlyphText/FontText_867A.font.o
[AS ]	Fonts/build/GlyphText/FontText_867C.font.o
[AS ]	Fonts/build/GlyphText/FontText_86A8.font.o
[AS ]	Fonts/build/GlyphText/FontText_867B.font.o
[AS ]	Fonts/build/GlyphText/FontText_868D.font.o
[AS ]	Fonts/build/GlyphText/FontText_868B.font.o
[AS ]	Fonts/build/GlyphText/FontText_86AC.font.o
[AS ]	Fonts/build/GlyphText/FontText_869D.font.o
[AS ]	Fonts/build/GlyphText/FontText_86A7.font.o
[AS ]	Fonts/build/GlyphText/FontText_86A3.font.o
[AS ]	Fonts/build/GlyphText/FontText_86AA.font.o
[AS ]	Fonts/build/GlyphText/FontText_8693.font.o
[AS ]	Fonts/build/GlyphText/FontText_86A9.font.o
[AS ]	Fonts/build/GlyphText/FontText_86B6.font.o
[AS ]	Fonts/build/GlyphText/FontText_86C4.font.o
[AS ]	Fonts/build/GlyphText/FontText_86B5.font.o
[AS ]	Fonts/build/GlyphText/FontText_86CE.font.o
[AS ]	Fonts/build/GlyphText/FontText_86B0.font.o
[AS ]	Fonts/build/GlyphText/FontText_86BA.font.o
[AS ]	Fonts/build/GlyphText/FontText_86B1.font.o
[AS ]	Fonts/build/GlyphText/FontText_86AF.font.o
[AS ]	Fonts/build/GlyphText/FontText_86C9.font.o
[AS ]	Fonts/build/GlyphText/FontText_86CF.font.o
[AS ]	Fonts/build/GlyphText/FontText_86B4.font.o
[AS ]	Fonts/build/GlyphText/FontText_86E9.font.o
[AS ]	Fonts/build/GlyphText/FontText_86F1.font.o
[AS ]	Fonts/build/GlyphText/FontText_86F2.font.o
[AS ]	Fonts/build/GlyphText/FontText_86ED.font.o
[AS ]	Fonts/build/GlyphText/FontText_86F3.font.o
[AS ]	Fonts/build/GlyphText/FontText_86D0.font.o
[AS ]	Fonts/build/GlyphText/FontText_8713.font.o
[AS ]	Fonts/build/GlyphText/FontText_86DE.font.o
[AS ]	Fonts/build/GlyphText/FontText_86F4.font.o
[AS ]	Fonts/build/GlyphText/FontText_86DF.font.o
[AS ]	Fonts/build/GlyphText/FontText_86D8.font.o
[AS ]	Fonts/build/GlyphText/FontText_86D1.font.o
[AS ]	Fonts/build/GlyphText/FontText_8703.font.o
[AS ]	Fonts/build/GlyphText/FontText_8707.font.o
[AS ]	Fonts/build/GlyphText/FontText_86F8.font.o
[AS ]	Fonts/build/GlyphText/FontText_8708.font.o
[AS ]	Fonts/build/GlyphText/FontText_870A.font.o
[AS ]	Fonts/build/GlyphText/FontText_870D.font.o
[AS ]	Fonts/build/GlyphText/FontText_8709.font.o
[AS ]	Fonts/build/GlyphText/FontText_8723.font.o
[AS ]	Fonts/build/GlyphText/FontText_873B.font.o
[AS ]	Fonts/build/GlyphText/FontText_871E.font.o
[AS ]	Fonts/build/GlyphText/FontText_8725.font.o
[AS ]	Fonts/build/GlyphText/FontText_872E.font.o
[AS ]	Fonts/build/GlyphText/FontText_873E.font.o
[AS ]	Fonts/build/GlyphText/FontText_8748.font.o
[AS ]	Fonts/build/GlyphText/FontText_8734.font.o
[AS ]	Fonts/build/GlyphText/FontText_8731.font.o
[AS ]	Fonts/build/GlyphText/FontText_8729.font.o
[AS ]	Fonts/build/GlyphText/FontText_8737.font.o
[AS ]	Fonts/build/GlyphText/FontText_873F.font.o
[AS ]	Fonts/build/GlyphText/FontText_8782.font.o
[AS ]	Fonts/build/GlyphText/FontText_8722.font.o
[AS ]	Fonts/build/GlyphText/FontText_877D.font.o
[AS ]	Fonts/build/GlyphText/FontText_877E.font.o
[AS ]	Fonts/build/GlyphText/FontText_877B.font.o
[AS ]	Fonts/build/GlyphText/FontText_8760.font.o
[AS ]	Fonts/build/GlyphText/FontText_8770.font.o
[AS ]	Fonts/build/GlyphText/FontText_874C.font.o
[AS ]	Fonts/build/GlyphText/FontText_876E.font.o
[AS ]	Fonts/build/GlyphText/FontText_878B.font.o
[AS ]	Fonts/build/GlyphText/FontText_8753.font.o
[AS ]	Fonts/build/GlyphText/FontText_8764.font.o
[AS ]	Fonts/build/GlyphText/FontText_8763.font.o
[AS ]	Fonts/build/GlyphText/FontText_8759.font.o
[AS ]	Fonts/build/GlyphText/FontText_8765.font.o
[AS ]	Fonts/build/GlyphText/FontText_8793.font.o
[AS ]	Fonts/build/GlyphText/FontText_87AF.font.o
[AS ]	Fonts/build/GlyphText/FontText_87A8.font.o
[AS ]	Fonts/build/GlyphText/FontText_87D2.font.o
[AS ]	Fonts/build/GlyphText/FontText_87C6.font.o
[AS ]	Fonts/build/GlyphText/FontText_8788.font.o
[AS ]	Fonts/build/GlyphText/FontText_8785.font.o
[AS ]	Fonts/build/GlyphText/FontText_87AD.font.o
[AS ]	Fonts/build/GlyphText/FontText_8797.font.o
[AS ]	Fonts/build/GlyphText/FontText_8783.font.o
[AS ]	Fonts/build/GlyphText/FontText_87AB.font.o
[AS ]	Fonts/build/GlyphText/FontText_87E5.font.o
[AS ]	Fonts/build/GlyphText/FontText_87AC.font.o
[AS ]	Fonts/build/GlyphText/FontText_87B5.font.o
[AS ]	Fonts/build/GlyphText/FontText_87B3.font.o
[AS ]	Fonts/build/GlyphText/FontText_87CB.font.o
[AS ]	Fonts/build/GlyphText/FontText_87D3.font.o
[AS ]	Fonts/build/GlyphText/FontText_87BD.font.o
[AS ]	Fonts/build/GlyphText/FontText_87D1.font.o
[AS ]	Fonts/build/GlyphText/FontText_87C0.font.o
[AS ]	Fonts/build/GlyphText/FontText_87CA.font.o
[AS ]	Fonts/build/GlyphText/FontText_87DB.font.o
[AS ]	Fonts/build/GlyphText/FontText_87EA.font.o
[AS ]	Fonts/build/GlyphText/FontText_87E0.font.o
[AS ]	Fonts/build/GlyphText/FontText_87EE.font.o
[AS ]	Fonts/build/GlyphText/FontText_8816.font.o
[AS ]	Fonts/build/GlyphText/FontText_8813.font.o
[AS ]	Fonts/build/GlyphText/FontText_87FE.font.o
[AS ]	Fonts/build/GlyphText/FontText_880A.font.o
[AS ]	Fonts/build/GlyphText/FontText_881B.font.o
[AS ]	Fonts/build/GlyphText/FontText_8821.font.o
[AS ]	Fonts/build/GlyphText/FontText_8839.font.o
[AS ]	Fonts/build/GlyphText/FontText_883C.font.o
[AS ]	Fonts/build/GlyphText/FontText_7F36.font.o
[AS ]	Fonts/build/GlyphText/FontText_7F42.font.o
[AS ]	Fonts/build/GlyphText/FontText_7F44.font.o
[AS ]	Fonts/build/GlyphText/FontText_7F45.font.o
[AS ]	Fonts/build/GlyphText/FontText_8210.font.o
[AS ]	Fonts/build/GlyphText/FontText_7AFA.font.o
[AS ]	Fonts/build/GlyphText/FontText_7AFD.font.o
[AS ]	Fonts/build/GlyphText/FontText_7B08.font.o
[AS ]	Fonts/build/GlyphText/FontText_7B03.font.o
[AS ]	Fonts/build/GlyphText/FontText_7B04.font.o
[AS ]	Fonts/build/GlyphText/FontText_7B15.font.o
[AS ]	Fonts/build/GlyphText/FontText_7B0A.font.o
[AS ]	Fonts/build/GlyphText/FontText_7B2B.font.o
[AS ]	Fonts/build/GlyphText/FontText_7B0F.font.o
[AS ]	Fonts/build/GlyphText/FontText_7B47.font.o
[AS ]	Fonts/build/GlyphText/FontText_7B38.font.o
[AS ]	Fonts/build/GlyphText/FontText_7B2A.font.o
[AS ]	Fonts/build/GlyphText/FontText_7B2E.font.o
[AS ]	Fonts/build/GlyphText/FontText_7B31.font.o
[AS ]	Fonts/build/GlyphText/FontText_7B20.font.o
[AS ]	Fonts/build/GlyphText/FontText_7B25.font.o
[AS ]	Fonts/build/GlyphText/FontText_7B24.font.o
[AS ]	Fonts/build/GlyphText/FontText_7B33.font.o
[AS ]	Fonts/build/GlyphText/FontText_7B3E.font.o
[AS ]	Fonts/build/GlyphText/FontText_7B1E.font.o
[AS ]	Fonts/build/GlyphText/FontText_7B58.font.o
[AS ]	Fonts/build/GlyphText/FontText_7B5A.font.o
[AS ]	Fonts/build/GlyphText/FontText_7B45.font.o
[AS ]	Fonts/build/GlyphText/FontText_7B75.font.o
[AS ]	Fonts/build/GlyphText/FontText_7B4C.font.o
[AS ]	Fonts/build/GlyphText/FontText_7B5D.font.o
[AS ]	Fonts/build/GlyphText/FontText_7B60.font.o
[AS ]	Fonts/build/GlyphText/FontText_7B6E.font.o
[AS ]	Fonts/build/GlyphText/FontText_7B7B.font.o
[AS ]	Fonts/build/GlyphText/FontText_7B62.font.o
[AS ]	Fonts/build/GlyphText/FontText_7B72.font.o
[AS ]	Fonts/build/GlyphText/FontText_7B71.font.o
[AS ]	Fonts/build/GlyphText/FontText_7B90.font.o
[AS ]	Fonts/build/GlyphText/FontText_7BA6.font.o
[AS ]	Fonts/build/GlyphText/FontText_7BA7.font.o
[AS ]	Fonts/build/GlyphText/FontText_7BB8.font.o
[AS ]	Fonts/build/GlyphText/FontText_7BAC.font.o
[AS ]	Fonts/build/GlyphText/FontText_7B9D.font.o
[AS ]	Fonts/build/GlyphText/FontText_7BA8.font.o
[AS ]	Fonts/build/GlyphText/FontText_7B85.font.o
[AS ]	Fonts/build/GlyphText/FontText_7BAA.font.o
[AS ]	Fonts/build/GlyphText/FontText_7B9C.font.o
[AS ]	Fonts/build/GlyphText/FontText_7BA2.font.o
[AS ]	Fonts/build/GlyphText/FontText_7BAB.font.o
[AS ]	Fonts/build/GlyphText/FontText_7BB4.font.o
[AS ]	Fonts/build/GlyphText/FontText_7BD1.font.o
[AS ]	Fonts/build/GlyphText/FontText_7BC1.font.o
[AS ]	Fonts/build/GlyphText/FontText_7BCC.font.o
[AS ]	Fonts/build/GlyphText/FontText_7BDD.font.o
[AS ]	Fonts/build/GlyphText/FontText_7BDA.font.o
[AS ]	Fonts/build/GlyphText/FontText_7BE5.font.o
[AS ]	Fonts/build/GlyphText/FontText_7BE6.font.o
[AS ]	Fonts/build/GlyphText/FontText_7BEA.font.o
[AS ]	Fonts/build/GlyphText/FontText_7C0C.font.o
[AS ]	Fonts/build/GlyphText/FontText_7BFE.font.o
[AS ]	Fonts/build/GlyphText/FontText_7BFC.font.o
[AS ]	Fonts/build/GlyphText/FontText_7C0F.font.o
[AS ]	Fonts/build/GlyphText/FontText_7C16.font.o
[AS ]	Fonts/build/GlyphText/FontText_7C0B.font.o
[AS ]	Fonts/build/GlyphText/FontText_7C1F.font.o
[AS ]	Fonts/build/GlyphText/FontText_7C2A.font.o
[AS ]	Fonts/build/GlyphText/FontText_7C26.font.o
[AS ]	Fonts/build/GlyphText/FontText_7C38.font.o
[AS ]	Fonts/build/GlyphText/FontText_7C41.font.o
[AS ]	Fonts/build/GlyphText/FontText_7C40.font.o
[AS ]	Fonts/build/GlyphText/FontText_81FE.font.o
[AS ]	Fonts/build/GlyphText/FontText_8201.font.o
[AS ]	Fonts/build/GlyphText/FontText_8202.font.o
[AS ]	Fonts/build/GlyphText/FontText_8204.font.o
[AS ]	Fonts/build/GlyphText/FontText_8844.font.o
[AS ]	Fonts/build/GlyphText/FontText_81EC.font.o
[AS ]	Fonts/build/GlyphText/FontText_8221.font.o
[AS ]	Fonts/build/GlyphText/FontText_8222.font.o
[AS ]	Fonts/build/GlyphText/FontText_8223.font.o
[AS ]	Fonts/build/GlyphText/FontText_822D.font.o
[AS ]	Fonts/build/GlyphText/FontText_822F.font.o
[AS ]	Fonts/build/GlyphText/FontText_8228.font.o
[AS ]	Fonts/build/GlyphText/FontText_822B.font.o
[AS ]	Fonts/build/GlyphText/FontText_8238.font.o
[AS ]	Fonts/build/GlyphText/FontText_823B.font.o
[AS ]	Fonts/build/GlyphText/FontText_8233.font.o
[AS ]	Fonts/build/GlyphText/FontText_8234.font.o
[AS ]	Fonts/build/GlyphText/FontText_823E.font.o
[AS ]	Fonts/build/GlyphText/FontText_8244.font.o
[AS ]	Fonts/build/GlyphText/FontText_8249.font.o
[AS ]	Fonts/build/GlyphText/FontText_824B.font.o
[AS ]	Fonts/build/GlyphText/FontText_824F.font.o
[AS ]	Fonts/build/GlyphText/FontText_825A.font.o
[AS ]	Fonts/build/GlyphText/FontText_825F.font.o
[AS ]	Fonts/build/GlyphText/FontText_8268.font.o
[AS ]	Fonts/build/GlyphText/FontText_887E.font.o
[AS ]	Fonts/build/GlyphText/FontText_8885.font.o
[AS ]	Fonts/build/GlyphText/FontText_8888.font.o
[AS ]	Fonts/build/GlyphText/FontText_88D8.font.o
[AS ]	Fonts/build/GlyphText/FontText_88DF.font.o
[AS ]	Fonts/build/GlyphText/FontText_895E.font.o
[AS ]	Fonts/build/GlyphText/FontText_7F9D.font.o
[AS ]	Fonts/build/GlyphText/FontText_7F9F.font.o
[AS ]	Fonts/build/GlyphText/FontText_7FA7.font.o
[AS ]	Fonts/build/GlyphText/FontText_7FAF.font.o
[AS ]	Fonts/build/GlyphText/FontText_7FB0.font.o
[AS ]	Fonts/build/GlyphText/FontText_7FB2.font.o
[AS ]	Fonts/build/GlyphText/FontText_7C7C.font.o
[AS ]	Fonts/build/GlyphText/FontText_6549.font.o
[AS ]	Fonts/build/GlyphText/FontText_7C91.font.o
[AS ]	Fonts/build/GlyphText/FontText_7C9D.font.o
[AS ]	Fonts/build/GlyphText/FontText_7C9C.font.o
[AS ]	Fonts/build/GlyphText/FontText_7C9E.font.o
[AS ]	Fonts/build/GlyphText/FontText_7CA2.font.o
[AS ]	Fonts/build/GlyphText/FontText_7CB2.font.o
[AS ]	Fonts/build/GlyphText/FontText_7CBC.font.o
[AS ]	Fonts/build/GlyphText/FontText_7CBD.font.o
[AS ]	Fonts/build/GlyphText/FontText_7CC1.font.o
[AS ]	Fonts/build/GlyphText/FontText_7CC7.font.o
[AS ]	Fonts/build/GlyphText/FontText_7CCC.font.o
[AS ]	Fonts/build/GlyphText/FontText_7CCD.font.o
[AS ]	Fonts/build/GlyphText/FontText_7CC8.font.o
[AS ]	Fonts/build/GlyphText/FontText_7CC5.font.o
[AS ]	Fonts/build/GlyphText/FontText_7CD7.font.o
[AS ]	Fonts/build/GlyphText/FontText_7CE8.font.o
[AS ]	Fonts/build/GlyphText/FontText_826E.font.o
[AS ]	Fonts/build/GlyphText/FontText_66A8.font.o
[AS ]	Fonts/build/GlyphText/FontText_7FBF.font.o
[AS ]	Fonts/build/GlyphText/FontText_7FCE.font.o
[AS ]	Fonts/build/GlyphText/FontText_7FD5.font.o
[AS ]	Fonts/build/GlyphText/FontText_7FE5.font.o
[AS ]	Fonts/build/GlyphText/FontText_7FE1.font.o
[AS ]	Fonts/build/GlyphText/FontText_7FE6.font.o
[AS ]	Fonts/build/GlyphText/FontText_7FEE.font.o
[AS ]	Fonts/build/GlyphText/FontText_7FF3.font.o
[AS ]	Fonts/build/GlyphText/FontText_7CF8.font.o
[AS ]	Fonts/build/GlyphText/FontText_7D77.font.o
[AS ]	Fonts/build/GlyphText/FontText_7DA6.font.o
[AS ]	Fonts/build/GlyphText/FontText_7E47.font.o
[AS ]	Fonts/build/GlyphText/FontText_7DAE.font.o
[AS ]	Fonts/build/GlyphText/FontText_7E9B.font.o
[AS ]	Fonts/build/GlyphText/FontText_9EB8.font.o
[AS ]	Fonts/build/GlyphText/FontText_9EB4.font.o
[AS ]	Fonts/build/GlyphText/FontText_8D73.font.o
[AS ]	Fonts/build/GlyphText/FontText_8D84.font.o
[AS ]	Fonts/build/GlyphText/FontText_8D94.font.o
[AS ]	Fonts/build/GlyphText/FontText_8D91.font.o
[AS ]	Fonts/build/GlyphText/FontText_8DB1.font.o
[AS ]	Fonts/build/GlyphText/FontText_8D67.font.o
[AS ]	Fonts/build/GlyphText/FontText_8D6D.font.o
[AS ]	Fonts/build/GlyphText/FontText_8C47.font.o
[AS ]	Fonts/build/GlyphText/FontText_8C49.font.o
[AS ]	Fonts/build/GlyphText/FontText_914A.font.o
[AS ]	Fonts/build/GlyphText/FontText_9150.font.o
[AS ]	Fonts/build/GlyphText/FontText_914E.font.o
[AS ]	Fonts/build/GlyphText/FontText_914F.font.o
[AS ]	Fonts/build/GlyphText/FontText_9164.font.o
[AS ]	Fonts/build/GlyphText/FontText_9162.font.o
[AS ]	Fonts/build/GlyphText/FontText_9161.font.o
[AS ]	Fonts/build/GlyphText/FontText_9170.font.o
[AS ]	Fonts/build/GlyphText/FontText_9169.font.o
[AS ]	Fonts/build/GlyphText/FontText_916F.font.o
[AS ]	Fonts/build/GlyphText/FontText_917D.font.o
[AS ]	Fonts/build/GlyphText/FontText_917E.font.o
[AS ]	Fonts/build/GlyphText/FontText_9172.font.o
[AS ]	Fonts/build/GlyphText/FontText_9174.font.o
[AS ]	Fonts/build/GlyphText/FontText_9179.font.o
[AS ]	Fonts/build/GlyphText/FontText_918C.font.o
[AS ]	Fonts/build/GlyphText/FontText_9185.font.o
[AS ]	Fonts/build/GlyphText/FontText_9190.font.o
[AS ]	Fonts/build/GlyphText/FontText_918D.font.o
[AS ]	Fonts/build/GlyphText/FontText_9191.font.o
[AS ]	Fonts/build/GlyphText/FontText_91A2.font.o
[AS ]	Fonts/build/GlyphText/FontText_91A3.font.o
[AS ]	Fonts/build/GlyphText/FontText_91AA.font.o
[AS ]	Fonts/build/GlyphText/FontText_91AD.font.o
[AS ]	Fonts/build/GlyphText/FontText_91AE.font.o
[AS ]	Fonts/build/GlyphText/FontText_91AF.font.o
[AS ]	Fonts/build/GlyphText/FontText_91B5.font.o
[AS ]	Fonts/build/GlyphText/FontText_91B4.font.o
[AS ]	Fonts/build/GlyphText/FontText_91BA.font.o
[AS ]	Fonts/build/GlyphText/FontText_8C55.font.o
[AS ]	Fonts/build/GlyphText/FontText_8DB8.font.o
[AS ]	Fonts/build/GlyphText/FontText_9E7E.font.o
[AS ]	Fonts/build/GlyphText/FontText_8DEB.font.o
[AS ]	Fonts/build/GlyphText/FontText_8E05.font.o
[AS ]	Fonts/build/GlyphText/FontText_8E59.font.o
[AS ]	Fonts/build/GlyphText/FontText_8DB5.font.o
[AS ]	Fonts/build/GlyphText/FontText_8DBF.font.o
[AS ]	Fonts/build/GlyphText/FontText_8DBC.font.o
[AS ]	Fonts/build/GlyphText/FontText_8DBA.font.o
[AS ]	Fonts/build/GlyphText/FontText_8DC4.font.o
[AS ]	Fonts/build/GlyphText/FontText_8DD6.font.o
[AS ]	Fonts/build/GlyphText/FontText_8DD7.font.o
[AS ]	Fonts/build/GlyphText/FontText_8DDA.font.o
[AS ]	Fonts/build/GlyphText/FontText_8DDE.font.o
[AS ]	Fonts/build/GlyphText/FontText_8DCE.font.o
[AS ]	Fonts/build/GlyphText/FontText_8DCF.font.o
[AS ]	Fonts/build/GlyphText/FontText_8DDB.font.o
[AS ]	Fonts/build/GlyphText/FontText_8DC6.font.o
[AS ]	Fonts/build/GlyphText/FontText_8DEC.font.o
[AS ]	Fonts/build/GlyphText/FontText_8DF8.font.o
[AS ]	Fonts/build/GlyphText/FontText_8DE3.font.o
[AS ]	Fonts/build/GlyphText/FontText_8DF9.font.o
[AS ]	Fonts/build/GlyphText/FontText_8DFB.font.o
[AS ]	Fonts/build/GlyphText/FontText_8DE4.font.o
[AS ]	Fonts/build/GlyphText/FontText_8E09.font.o
[AS ]	Fonts/build/GlyphText/FontText_8DFD.font.o
[AS ]	Fonts/build/GlyphText/FontText_8E14.font.o
[AS ]	Fonts/build/GlyphText/FontText_8E1D.font.o
[AS ]	Fonts/build/GlyphText/FontText_8E1F.font.o
[AS ]	Fonts/build/GlyphText/FontText_8E2C.font.o
[AS ]	Fonts/build/GlyphText/FontText_8E2E.font.o
[AS ]	Fonts/build/GlyphText/FontText_8E23.font.o
[AS ]	Fonts/build/GlyphText/FontText_8E2F.font.o
[AS ]	Fonts/build/GlyphText/FontText_8E3A.font.o
[AS ]	Fonts/build/GlyphText/FontText_8E40.font.o
[AS ]	Fonts/build/GlyphText/FontText_8E39.font.o
[AS ]	Fonts/build/GlyphText/FontText_8E3D.font.o
[AS ]	Fonts/build/GlyphText/FontText_8E31.font.o
[AS ]	Fonts/build/GlyphText/FontText_8E49.font.o
[AS ]	Fonts/build/GlyphText/FontText_8E41.font.o
[AS ]	Fonts/build/GlyphText/FontText_8E51.font.o
[AS ]	Fonts/build/GlyphText/FontText_8E52.font.o
[AS ]	Fonts/build/GlyphText/FontText_8E70.font.o
[AS ]	Fonts/build/GlyphText/FontText_8E76.font.o
[AS ]	Fonts/build/GlyphText/FontText_8E7C.font.o
[AS ]	Fonts/build/GlyphText/FontText_8E6F.font.o
[AS ]	Fonts/build/GlyphText/FontText_8E74.font.o
[AS ]	Fonts/build/GlyphText/FontText_8E85.font.o
[AS ]	Fonts/build/GlyphText/FontText_8E90.font.o
[AS ]	Fonts/build/GlyphText/FontText_8E94.font.o
[AS ]	Fonts/build/GlyphText/FontText_8E9C.font.o
[AS ]	Fonts/build/GlyphText/FontText_8E9E.font.o
[AS ]	Fonts/build/GlyphText/FontText_8C78.font.o
[AS ]	Fonts/build/GlyphText/FontText_8C82.font.o
[AS ]	Fonts/build/GlyphText/FontText_8C8A.font.o
[AS ]	Fonts/build/GlyphText/FontText_8C85.font.o
[AS ]	Fonts/build/GlyphText/FontText_8C98.font.o
[AS ]	Fonts/build/GlyphText/FontText_8C94.font.o
[AS ]	Fonts/build/GlyphText/FontText_659B.font.o
[AS ]	Fonts/build/GlyphText/FontText_89D6.font.o
[AS ]	Fonts/build/GlyphText/FontText_89DE.font.o
[AS ]	Fonts/build/GlyphText/FontText_89DA.font.o
[AS ]	Fonts/build/GlyphText/FontText_89DC.font.o
[AS ]	Fonts/build/GlyphText/FontText_89E5.font.o
[AS ]	Fonts/build/GlyphText/FontText_89EF.font.o
[AS ]	Fonts/build/GlyphText/FontText_89EB.font.o
[AS ]	Fonts/build/GlyphText/FontText_8A3E.font.o
[AS ]	Fonts/build/GlyphText/FontText_8B26.font.o
[AS ]	Fonts/build/GlyphText/FontText_9753.font.o
[AS ]	Fonts/build/GlyphText/FontText_96F3.font.o
[AS ]	Fonts/build/GlyphText/FontText_96E9.font.o
[AS ]	Fonts/build/GlyphText/FontText_96EF.font.o
[AS ]	Fonts/build/GlyphText/FontText_9701.font.o
[AS ]	Fonts/build/GlyphText/FontText_9708.font.o
[AS ]	Fonts/build/GlyphText/FontText_970F.font.o
[AS ]	Fonts/build/GlyphText/FontText_970E.font.o
[AS ]	Fonts/build/GlyphText/FontText_972A.font.o
[AS ]	Fonts/build/GlyphText/FontText_972D.font.o
[AS ]	Fonts/build/GlyphText/FontText_9730.font.o
[AS ]	Fonts/build/GlyphText/FontText_973E.font.o
[AS ]	Fonts/build/GlyphText/FontText_9F80.font.o
[AS ]	Fonts/build/GlyphText/FontText_9F83.font.o
[AS ]	Fonts/build/GlyphText/FontText_9F85.font.o
[AS ]	Fonts/build/GlyphText/FontText_9F86.font.o
[AS ]	Fonts/build/GlyphText/FontText_9F87.font.o
[AS ]	Fonts/build/GlyphText/FontText_9F88.font.o
[AS ]	Fonts/build/GlyphText/FontText_9F89.font.o
[AS ]	Fonts/build/GlyphText/FontText_9F8A.font.o
[AS ]	Fonts/build/GlyphText/FontText_9F8C.font.o
[AS ]	Fonts/build/GlyphText/FontText_9EFE.font.o
[AS ]	Fonts/build/GlyphText/FontText_9F0B.font.o
[AS ]	Fonts/build/GlyphText/FontText_9F0D.font.o
[AS ]	Fonts/build/GlyphText/FontText_96B9.font.o
[AS ]	Fonts/build/GlyphText/FontText_96BD.font.o
[AS ]	Fonts/build/GlyphText/FontText_96CE.font.o
[AS ]	Fonts/build/GlyphText/FontText_96D2.font.o
[AS ]	Fonts/build/GlyphText/FontText_77BF.font.o
[AS ]	Fonts/build/GlyphText/FontText_96E0.font.o
[AS ]	Fonts/build/GlyphText/FontText_928E.font.o
[AS ]	Fonts/build/GlyphText/FontText_92AE.font.o
[AS ]	Fonts/build/GlyphText/FontText_92C8.font.o
[AS ]	Fonts/build/GlyphText/FontText_933E.font.o
[AS ]	Fonts/build/GlyphText/FontText_936A.font.o
[AS ]	Fonts/build/GlyphText/FontText_93CA.font.o
[AS ]	Fonts/build/GlyphText/FontText_938F.font.o
[AS ]	Fonts/build/GlyphText/FontText_943E.font.o
[AS ]	Fonts/build/GlyphText/FontText_946B.font.o
[AS ]	Fonts/build/GlyphText/FontText_9C82.font.o
[AS ]	Fonts/build/GlyphText/FontText_9C85.font.o
[AS ]	Fonts/build/GlyphText/FontText_9C86.font.o
[AS ]	Fonts/build/GlyphText/FontText_9C87.font.o
[AS ]	Fonts/build/GlyphText/FontText_9C88.font.o
[AS ]	Fonts/build/GlyphText/FontText_7A23.font.o
[AS ]	Fonts/build/GlyphText/FontText_9C8B.font.o
[AS ]	Fonts/build/GlyphText/FontText_9C8E.font.o
[AS ]	Fonts/build/GlyphText/FontText_9C90.font.o
[AS ]	Fonts/build/GlyphText/FontText_9C91.font.o
[AS ]	Fonts/build/GlyphText/FontText_9C92.font.o
[AS ]	Fonts/build/GlyphText/FontText_9C94.font.o
[AS ]	Fonts/build/GlyphText/FontText_9C95.font.o
[AS ]	Fonts/build/GlyphText/FontText_9C9A.font.o
[AS ]	Fonts/build/GlyphText/FontText_9C9B.font.o
[AS ]	Fonts/build/GlyphText/FontText_9C9E.font.o
[AS ]	Fonts/build/GlyphText/FontText_9C9F.font.o
[AS ]	Fonts/build/GlyphText/FontText_9CA0.font.o
[AS ]	Fonts/build/GlyphText/FontText_9CA1.font.o
[AS ]	Fonts/build/GlyphText/FontText_9CA2.font.o
[AS ]	Fonts/build/GlyphText/FontText_9CA3.font.o
[AS ]	Fonts/build/GlyphText/FontText_9CA5.font.o
[AS ]	Fonts/build/GlyphText/FontText_9CA6.font.o
[AS ]	Fonts/build/GlyphText/FontText_9CA7.font.o
[AS ]	Fonts/build/GlyphText/FontText_9CA8.font.o
[AS ]	Fonts/build/GlyphText/FontText_9CA9.font.o
[AS ]	Fonts/build/GlyphText/FontText_9CAB.font.o
[AS ]	Fonts/build/GlyphText/FontText_9CAD.font.o
[AS ]	Fonts/build/GlyphText/FontText_9CAE.font.o
[AS ]	Fonts/build/GlyphText/FontText_9CB0.font.o
[AS ]	Fonts/build/GlyphText/FontText_9CB1.font.o
[AS ]	Fonts/build/GlyphText/FontText_9CB2.font.o
[AS ]	Fonts/build/GlyphText/FontText_9CB3.font.o
[AS ]	Fonts/build/GlyphText/FontText_9CB4.font.o
[AS ]	Fonts/build/GlyphText/FontText_9CB5.font.o
[AS ]	Fonts/build/GlyphText/FontText_9CB6.font.o
[AS ]	Fonts/build/GlyphText/FontText_9CB7.font.o
[AS ]	Fonts/build/GlyphText/FontText_9CBA.font.o
[AS ]	Fonts/build/GlyphText/FontText_9CBB.font.o
[AS ]	Fonts/build/GlyphText/FontText_9CBC.font.o
[AS ]	Fonts/build/GlyphText/FontText_9CBD.font.o
[AS ]	Fonts/build/GlyphText/FontText_9CC4.font.o
[AS ]	Fonts/build/GlyphText/FontText_9CC5.font.o
[AS ]	Fonts/build/GlyphText/FontText_9CC6.font.o
[AS ]	Fonts/build/GlyphText/FontText_9CC7.font.o
[AS ]	Fonts/build/GlyphText/FontText_9CCA.font.o
[AS ]	Fonts/build/GlyphText/FontText_9CCB.font.o
[AS ]	Fonts/build/GlyphText/FontText_9CCD.font.o
[AS ]	Fonts/build/GlyphText/FontText_9CCC.font.o
[AS ]	Fonts/build/GlyphText/FontText_9CCE.font.o
[AS ]	Fonts/build/GlyphText/FontText_9CCF.font.o
[AS ]	Fonts/build/GlyphText/FontText_9CD0.font.o
[AS ]	Fonts/build/GlyphText/FontText_9CD3.font.o
[AS ]	Fonts/build/GlyphText/FontText_9CD4.font.o
[AS ]	Fonts/build/GlyphText/FontText_9CD5.font.o
[AS ]	Fonts/build/GlyphText/FontText_9CD7.font.o
[AS ]	Fonts/build/GlyphText/FontText_9CD8.font.o
[AS ]	Fonts/build/GlyphText/FontText_9CD9.font.o
[AS ]	Fonts/build/GlyphText/FontText_9CDC.font.o
[AS ]	Fonts/build/GlyphText/FontText_9CDD.font.o
[AS ]	Fonts/build/GlyphText/FontText_9CDF.font.o
[AS ]	Fonts/build/GlyphText/FontText_9CE2.font.o
[AS ]	Fonts/build/GlyphText/FontText_977C.font.o
[AS ]	Fonts/build/GlyphText/FontText_9785.font.o
[AS ]	Fonts/build/GlyphText/FontText_9791.font.o
[AS ]	Fonts/build/GlyphText/FontText_9792.font.o
[AS ]	Fonts/build/GlyphText/FontText_9794.font.o
[AS ]	Fonts/build/GlyphText/FontText_97AF.font.o
[AS ]	Fonts/build/GlyphText/FontText_97AB.font.o
[AS ]	Fonts/build/GlyphText/FontText_97A3.font.o
[AS ]	Fonts/build/GlyphText/FontText_97B2.font.o
[AS ]	Fonts/build/GlyphText/FontText_97B4.font.o
[AS ]	Fonts/build/GlyphText/FontText_9AB1.font.o
[AS ]	Fonts/build/GlyphText/FontText_9E58.font.o
[AS ]	Fonts/build/GlyphText/FontText_9AB6.font.o
[AS ]	Fonts/build/GlyphText/FontText_9ABA.font.o
[AS ]	Fonts/build/GlyphText/FontText_9ABC.font.o
[AS ]	Fonts/build/GlyphText/FontText_9AC1.font.o
[AS ]	Fonts/build/GlyphText/FontText_9AC0.font.o
[AS ]	Fonts/build/GlyphText/FontText_9AC2.font.o
[AS ]	Fonts/build/GlyphText/FontText_9ACB.font.o
[AS ]	Fonts/build/GlyphText/FontText_9ACC.font.o
[AS ]	Fonts/build/GlyphText/FontText_9AD1.font.o
[AS ]	Fonts/build/GlyphText/FontText_9B43.font.o
[AS ]	Fonts/build/GlyphText/FontText_9B47.font.o
[AS ]	Fonts/build/GlyphText/FontText_9B49.font.o
[AS ]	Fonts/build/GlyphText/FontText_9B48.font.o
[AS ]	Fonts/build/GlyphText/FontText_9B4D.font.o
[AS ]	Fonts/build/GlyphText/FontText_9B51.font.o
[AS ]	Fonts/build/GlyphText/FontText_990D.font.o
[AS ]	Fonts/build/GlyphText/FontText_992E.font.o
[AS ]	Fonts/build/GlyphText/FontText_9955.font.o
[AS ]	Fonts/build/GlyphText/FontText_9954.font.o
[AS ]	Fonts/build/GlyphText/FontText_9ADF.font.o
[AS ]	Fonts/build/GlyphText/FontText_9AE1.font.o
[AS ]	Fonts/build/GlyphText/FontText_9AE6.font.o
[AS ]	Fonts/build/GlyphText/FontText_9AEF.font.o
[AS ]	Fonts/build/GlyphText/FontText_9AEB.font.o
[AS ]	Fonts/build/GlyphText/FontText_9AFB.font.o
[AS ]	Fonts/build/GlyphText/FontText_9AED.font.o
[AS ]	Fonts/build/GlyphText/FontText_9AF9.font.o
[AS ]	Fonts/build/GlyphText/FontText_9B08.font.o
[AS ]	Fonts/build/GlyphText/FontText_9B0F.font.o
[AS ]	Fonts/build/GlyphText/FontText_9B13.font.o
[AS ]	Fonts/build/GlyphText/FontText_9B1F.font.o
[AS ]	Fonts/build/GlyphText/FontText_9B23.font.o
[AS ]	Fonts/build/GlyphText/FontText_9EBD.font.o
[AS ]	Fonts/build/GlyphText/FontText_7E3B.font.o
[AS ]	Fonts/build/GlyphText/FontText_9E82.font.o
[AS ]	Fonts/build/GlyphText/FontText_9E87.font.o
[AS ]	Fonts/build/GlyphText/FontText_9E88.font.o
[AS ]	Fonts/build/GlyphText/FontText_9E8B.font.o
[AS ]	Fonts/build/GlyphText/FontText_9E92.font.o
[AS ]	Fonts/build/GlyphText/FontText_93D6.font.o
[AS ]	Fonts/build/GlyphText/FontText_9E9D.font.o
[AS ]	Fonts/build/GlyphText/FontText_9E9F.font.o
[AS ]	Fonts/build/GlyphText/FontText_9EDB.font.o
[AS ]	Fonts/build/GlyphText/FontText_9EDC.font.o
[AS ]	Fonts/build/GlyphText/FontText_9EDD.font.o
[AS ]	Fonts/build/GlyphText/FontText_9EE0.font.o
[AS ]	Fonts/build/GlyphText/FontText_9EDF.font.o
[AS ]	Fonts/build/GlyphText/FontText_9EE2.font.o
[AS ]	Fonts/build/GlyphText/FontText_9EE9.font.o
[AS ]	Fonts/build/GlyphText/FontText_9EE7.font.o
[AS ]	Fonts/build/GlyphText/FontText_9EE5.font.o
[AS ]	Fonts/build/GlyphText/FontText_9EEA.font.o
[AS ]	Fonts/build/GlyphText/FontText_9EEF.font.o
[AS ]	Fonts/build/GlyphText/FontText_9F22.font.o
[AS ]	Fonts/build/GlyphText/FontText_9F2C.font.o
[AS ]	Fonts/build/GlyphText/FontText_9F2F.font.o
[AS ]	Fonts/build/GlyphText/FontText_9F39.font.o
[AS ]	Fonts/build/GlyphText/FontText_9F37.font.o
[AS ]	Fonts/build/GlyphText/FontText_9F3D.font.o
[AS ]	Fonts/build/GlyphText/FontText_9F3E.font.o
[AS ]	Fonts/build/GlyphText/FontText_30A1.font.o
[AS ]	Fonts/build/GlyphText/FontText_9F44.font.o
[AS ]	Fonts/build/GlyphText/FontText_2460.font.o
[AS ]	Fonts/build/GlyphText/FontText_3000.font.o
[AS ]	Fonts/build/GlyphText/FontText_6A5F.font.o
[AS ]	Fonts/build/GlyphText/FontText_84EE.font.o
[AS ]	Fonts/build/GlyphText/FontText_7E4A.font.o
[AS ]	Fonts/build/GlyphText/FontText_30A2.font.o
[AS ]	Fonts/build/GlyphText/FontText_2461.font.o
[AS ]	Fonts/build/GlyphText/FontText_9670.font.o
[AS ]	Fonts/build/GlyphText/FontText_9023.font.o
[AS ]	Fonts/build/GlyphText/FontText_5E30.font.o
[AS ]	Fonts/build/GlyphText/FontText_7FA8.font.o
[AS ]	Fonts/build/GlyphText/FontText_8F38.font.o
[AS ]	Fonts/build/GlyphText/FontText_30A3.font.o
[AS ]	Fonts/build/GlyphText/FontText_2462.font.o
[AS ]	Fonts/build/GlyphText/FontText_9054.font.o
[AS ]	Fonts/build/GlyphText/FontText_96A0.font.o
[AS ]	Fonts/build/GlyphText/FontText_932C.font.o
[AS ]	Fonts/build/GlyphText/FontText_30A4.font.o
[AS ]	Fonts/build/GlyphText/FontText_2463.font.o
[AS ]	Fonts/build/GlyphText/FontText_6C17.font.o
[AS ]	Fonts/build/GlyphText/FontText_7832.font.o
[AS ]	Fonts/build/GlyphText/FontText_30A5.font.o
[AS ]	Fonts/build/GlyphText/FontText_2464.font.o
[AS ]	Fonts/build/GlyphText/FontText_596A.font.o
[AS ]	Fonts/build/GlyphText/FontText_7E54.font.o
[AS ]	Fonts/build/GlyphText/FontText_512A.font.o
[AS ]	Fonts/build/GlyphText/FontText_30A6.font.o
[AS ]	Fonts/build/GlyphText/FontText_2465.font.o
[AS ]	Fonts/build/GlyphText/FontText_30FB.font.o
[AS ]	Fonts/build/GlyphText/FontText_6BBA.font.o
[AS ]	Fonts/build/GlyphText/FontText_8077.font.o
[AS ]	Fonts/build/GlyphText/FontText_30A7.font.o
[AS ]	Fonts/build/GlyphText/FontText_2466.font.o
[AS ]	Fonts/build/GlyphText/FontText_8A8D.font.o
[AS ]	Fonts/build/GlyphText/FontText_8A6E.font.o
[AS ]	Fonts/build/GlyphText/FontText_30A8.font.o
[AS ]	Fonts/build/GlyphText/FontText_2467.font.o
[AS ]	Fonts/build/GlyphText/FontText_6575.font.o
[AS ]	Fonts/build/GlyphText/FontText_96D1.font.o
[AS ]	Fonts/build/GlyphText/FontText_7D75.font.o
[AS ]	Fonts/build/GlyphText/FontText_30A9.font.o
[AS ]	Fonts/build/GlyphText/FontText_2468.font.o
[AS ]	Fonts/build/GlyphText/FontText_30AA.font.o
[AS ]	Fonts/build/GlyphText/FontText_9078.font.o
[AS ]	Fonts/build/GlyphText/FontText_7D42.font.o
[AS ]	Fonts/build/GlyphText/FontText_7D00.font.o
[AS ]	Fonts/build/GlyphText/FontText_8755.font.o
[AS ]	Fonts/build/GlyphText/FontText_30AB.font.o
[AS ]	Fonts/build/GlyphText/FontText_958B.font.o
[AS ]	Fonts/build/GlyphText/FontText_52B4.font.o
[AS ]	Fonts/build/GlyphText/FontText_7D46.font.o
[AS ]	Fonts/build/GlyphText/FontText_5BE7.font.o
[AS ]	Fonts/build/GlyphText/FontText_6182.font.o
[AS ]	Fonts/build/GlyphText/FontText_7E70.font.o
[AS ]	Fonts/build/GlyphText/FontText_30AC.font.o
[AS ]	Fonts/build/GlyphText/FontText_8A2A.font.o
[AS ]	Fonts/build/GlyphText/FontText_898F.font.o
[AS ]	Fonts/build/GlyphText/FontText_968E.font.o
[AS ]	Fonts/build/GlyphText/FontText_7FD2.font.o
[AS ]	Fonts/build/GlyphText/FontText_9069.font.o
[AS ]	Fonts/build/GlyphText/FontText_92AD.font.o
[AS ]	Fonts/build/GlyphText/FontText_9306.font.o
[AS ]	Fonts/build/GlyphText/FontText_30AD.font.o
[AS ]	Fonts/build/GlyphText/FontText_8C4A.font.o
[AS ]	Fonts/build/GlyphText/FontText_8A18.font.o
[AS ]	Fonts/build/GlyphText/FontText_5E83.font.o
[AS ]	Fonts/build/GlyphText/FontText_8C9D.font.o
[AS ]	Fonts/build/GlyphText/FontText_9D5C.font.o
[AS ]	Fonts/build/GlyphText/FontText_30AE.font.o
[AS ]	Fonts/build/GlyphText/FontText_8CB4.font.o
[AS ]	Fonts/build/GlyphText/FontText_71B1.font.o
[AS ]	Fonts/build/GlyphText/FontText_51F1.font.o
[AS ]	Fonts/build/GlyphText/FontText_7B46.font.o
[AS ]	Fonts/build/GlyphText/FontText_52F2.font.o
[AS ]	Fonts/build/GlyphText/FontText_9583.font.o
[AS ]	Fonts/build/GlyphText/FontText_30AF.font.o
[AS ]	Fonts/build/GlyphText/FontText_8AB0.font.o
[AS ]	Fonts/build/GlyphText/FontText_6E67.font.o
[AS ]	Fonts/build/GlyphText/FontText_9BAE.font.o
[AS ]	Fonts/build/GlyphText/FontText_30B0.font.o
[AS ]	Fonts/build/GlyphText/FontText_FF10.font.o
[AS ]	Fonts/build/GlyphText/FontText_5FB9.font.o
[AS ]	Fonts/build/GlyphText/FontText_8846.font.o
[AS ]	Fonts/build/GlyphText/FontText_98FD.font.o
[AS ]	Fonts/build/GlyphText/FontText_FF11.font.o
[AS ]	Fonts/build/GlyphText/FontText_30B1.font.o
[AS ]	Fonts/build/GlyphText/FontText_59EB.font.o
[AS ]	Fonts/build/GlyphText/FontText_5358.font.o
[AS ]	Fonts/build/GlyphText/FontText_8972.font.o
[AS ]	Fonts/build/GlyphText/FontText_8A13.font.o
[AS ]	Fonts/build/GlyphText/FontText_8F1D.font.o
[AS ]	Fonts/build/GlyphText/FontText_7336.font.o
[AS ]	Fonts/build/GlyphText/FontText_30B2.font.o
[AS ]	Fonts/build/GlyphText/FontText_FF12.font.o
[AS ]	Fonts/build/GlyphText/FontText_5606.font.o
[AS ]	Fonts/build/GlyphText/FontText_8B90.font.o
[AS ]	Fonts/build/GlyphText/FontText_6E26.font.o
[AS ]	Fonts/build/GlyphText/FontText_98E2.font.o
[AS ]	Fonts/build/GlyphText/FontText_30B3.font.o
[AS ]	Fonts/build/GlyphText/FontText_FF13.font.o
[AS ]	Fonts/build/GlyphText/FontText_8ECD.font.o
[AS ]	Fonts/build/GlyphText/FontText_9A0E.font.o
[AS ]	Fonts/build/GlyphText/FontText_5BE9.font.o
[AS ]	Fonts/build/GlyphText/FontText_7D10.font.o
[AS ]	Fonts/build/GlyphText/FontText_511A.font.o
[AS ]	Fonts/build/GlyphText/FontText_30B4.font.o
[AS ]	Fonts/build/GlyphText/FontText_FF14.font.o
[AS ]	Fonts/build/GlyphText/FontText_9244.font.o
[AS ]	Fonts/build/GlyphText/FontText_5504.font.o
[AS ]	Fonts/build/GlyphText/FontText_30B5.font.o
[AS ]	Fonts/build/GlyphText/FontText_FF15.font.o
[AS ]	Fonts/build/GlyphText/FontText_9031.font.o
[AS ]	Fonts/build/GlyphText/FontText_FF16.font.o
[AS ]	Fonts/build/GlyphText/FontText_30B6.font.o
[AS ]	Fonts/build/GlyphText/FontText_8A98.font.o
[AS ]	Fonts/build/GlyphText/FontText_507D.font.o
[AS ]	Fonts/build/GlyphText/FontText_7BED.font.o
[AS ]	Fonts/build/GlyphText/FontText_30B7.font.o
[AS ]	Fonts/build/GlyphText/FontText_FF17.font.o
[AS ]	Fonts/build/GlyphText/FontText_904A.font.o
[AS ]	Fonts/build/GlyphText/FontText_5100.font.o
[AS ]	Fonts/build/GlyphText/FontText_FF18.font.o
[AS ]	Fonts/build/GlyphText/FontText_30B8.font.o
[AS ]	Fonts/build/GlyphText/FontText_6A19.font.o
[AS ]	Fonts/build/GlyphText/FontText_4FC2.font.o
[AS ]	Fonts/build/GlyphText/FontText_8E99.font.o
[AS ]	Fonts/build/GlyphText/FontText_30B9.font.o
[AS ]	Fonts/build/GlyphText/FontText_FF19.font.o
[AS ]	Fonts/build/GlyphText/FontText_3005.font.o
[AS ]	Fonts/build/GlyphText/FontText_6C37.font.o
[AS ]	Fonts/build/GlyphText/FontText_50BE.font.o
[AS ]	Fonts/build/GlyphText/FontText_5538.font.o
[AS ]	Fonts/build/GlyphText/FontText_30BA.font.o
[AS ]	Fonts/build/GlyphText/FontText_6FAA.font.o
[AS ]	Fonts/build/GlyphText/FontText_7523.font.o
[AS ]	Fonts/build/GlyphText/FontText_60A9.font.o
[AS ]	Fonts/build/GlyphText/FontText_7DBA.font.o
[AS ]	Fonts/build/GlyphText/FontText_622F.font.o
[AS ]	Fonts/build/GlyphText/FontText_30BB.font.o
[AS ]	Fonts/build/GlyphText/FontText_93A7.font.o
[AS ]	Fonts/build/GlyphText/FontText_30BC.font.o
[AS ]	Fonts/build/GlyphText/FontText_6FC3.font.o
[AS ]	Fonts/build/GlyphText/FontText_30FC.font.o
[AS ]	Fonts/build/GlyphText/FontText_7D0D.font.o
[AS ]	Fonts/build/GlyphText/FontText_5553.font.o
[AS ]	Fonts/build/GlyphText/FontText_30BD.font.o
[AS ]	Fonts/build/GlyphText/FontText_69CB.font.o
[AS ]	Fonts/build/GlyphText/FontText_5642.font.o
[AS ]	Fonts/build/GlyphText/FontText_30BE.font.o
[AS ]	Fonts/build/GlyphText/FontText_5F93.font.o
[AS ]	Fonts/build/GlyphText/FontText_8EE2.font.o
[AS ]	Fonts/build/GlyphText/FontText_72A0.font.o
[AS ]	Fonts/build/GlyphText/FontText_8A55.font.o
[AS ]	Fonts/build/GlyphText/FontText_8A03.font.o
[AS ]	Fonts/build/GlyphText/FontText_8133.font.o
[AS ]	Fonts/build/GlyphText/FontText_30BF.font.o
[AS ]	Fonts/build/GlyphText/FontText_FF0F.font.o
[AS ]	Fonts/build/GlyphText/FontText_904B.font.o
[AS ]	Fonts/build/GlyphText/FontText_9332.font.o
[AS ]	Fonts/build/GlyphText/FontText_8CDB.font.o
[AS ]	Fonts/build/GlyphText/FontText_30C0.font.o
[AS ]	Fonts/build/GlyphText/FontText_96F2.font.o
[AS ]	Fonts/build/GlyphText/FontText_FF3C.font.o
[AS ]	Fonts/build/GlyphText/FontText_8AD6.font.o
[AS ]	Fonts/build/GlyphText/FontText_8FB2.font.o
[AS ]	Fonts/build/GlyphText/FontText_30C1.font.o
[AS ]	Fonts/build/GlyphText/FontText_FF5E.font.o
[AS ]	Fonts/build/GlyphText/FontText_FF21.font.o
[AS ]	Fonts/build/GlyphText/FontText_7FA9.font.o
[AS ]	Fonts/build/GlyphText/FontText_4F1D.font.o
[AS ]	Fonts/build/GlyphText/FontText_8F3F.font.o
[AS ]	Fonts/build/GlyphText/FontText_30C2.font.o
[AS ]	Fonts/build/GlyphText/FontText_FF22.font.o
[AS ]	Fonts/build/GlyphText/FontText_8A95.font.o
[AS ]	Fonts/build/GlyphText/FontText_9810.font.o
[AS ]	Fonts/build/GlyphText/FontText_65AC.font.o
[AS ]	Fonts/build/GlyphText/FontText_6E0B.font.o
[AS ]	Fonts/build/GlyphText/FontText_7D33.font.o
[AS ]	Fonts/build/GlyphText/FontText_30C3.font.o
[AS ]	Fonts/build/GlyphText/FontText_8A71.font.o
[AS ]	Fonts/build/GlyphText/FontText_FF23.font.o
[AS ]	Fonts/build/GlyphText/FontText_50AD.font.o
[AS ]	Fonts/build/GlyphText/FontText_6075.font.o
[AS ]	Fonts/build/GlyphText/FontText_790E.font.o
[AS ]	Fonts/build/GlyphText/FontText_935B.font.o
[AS ]	Fonts/build/GlyphText/FontText_7363.font.o
[AS ]	Fonts/build/GlyphText/FontText_30C4.font.o
[AS ]	Fonts/build/GlyphText/FontText_FF24.font.o
[AS ]	Fonts/build/GlyphText/FontText_56E3.font.o
[AS ]	Fonts/build/GlyphText/FontText_8B70.font.o
[AS ]	Fonts/build/GlyphText/FontText_55B6.font.o
[AS ]	Fonts/build/GlyphText/FontText_30C5.font.o
[AS ]	Fonts/build/GlyphText/FontText_FF25.font.o
[AS ]	Fonts/build/GlyphText/FontText_58C7.font.o
[AS ]	Fonts/build/GlyphText/FontText_96FB.font.o
[AS ]	Fonts/build/GlyphText/FontText_8B00.font.o
[AS ]	Fonts/build/GlyphText/FontText_5687.font.o
[AS ]	Fonts/build/GlyphText/FontText_30C6.font.o
[AS ]	Fonts/build/GlyphText/FontText_FF26.font.o
[AS ]	Fonts/build/GlyphText/FontText_89AA.font.o
[AS ]	Fonts/build/GlyphText/FontText_8987.font.o
[AS ]	Fonts/build/GlyphText/FontText_5F3E.font.o
[AS ]	Fonts/build/GlyphText/FontText_8107.font.o
[AS ]	Fonts/build/GlyphText/FontText_30C7.font.o
[AS ]	Fonts/build/GlyphText/FontText_FF27.font.o
[AS ]	Fonts/build/GlyphText/FontText_8CBF.font.o
[AS ]	Fonts/build/GlyphText/FontText_8A3A.font.o
[AS ]	Fonts/build/GlyphText/FontText_FF28.font.o
[AS ]	Fonts/build/GlyphText/FontText_30C8.font.o
[AS ]	Fonts/build/GlyphText/FontText_7D05.font.o
[AS ]	Fonts/build/GlyphText/FontText_7D44.font.o
[AS ]	Fonts/build/GlyphText/FontText_62E1.font.o
[AS ]	Fonts/build/GlyphText/FontText_67A0.font.o
[AS ]	Fonts/build/GlyphText/FontText_30C9.font.o
[AS ]	Fonts/build/GlyphText/FontText_5B0C.font.o
[AS ]	Fonts/build/GlyphText/FontText_FF29.font.o
[AS ]	Fonts/build/GlyphText/FontText_6804.font.o
[AS ]	Fonts/build/GlyphText/FontText_63FA.font.o
[AS ]	Fonts/build/GlyphText/FontText_9DF2.font.o
[AS ]	Fonts/build/GlyphText/FontText_5857.font.o
[AS ]	Fonts/build/GlyphText/FontText_5191.font.o
[AS ]	Fonts/build/GlyphText/FontText_30CA.font.o
[AS ]	Fonts/build/GlyphText/FontText_FF2A.font.o
[AS ]	Fonts/build/GlyphText/FontText_9032.font.o
[AS ]	Fonts/build/GlyphText/FontText_59AC.font.o
[AS ]	Fonts/build/GlyphText/FontText_64C1.font.o
[AS ]	Fonts/build/GlyphText/FontText_8A34.font.o
[AS ]	Fonts/build/GlyphText/FontText_30CB.font.o
[AS ]	Fonts/build/GlyphText/FontText_FF2B.font.o
[AS ]	Fonts/build/GlyphText/FontText_91DD.font.o
[AS ]	Fonts/build/GlyphText/FontText_982C.font.o
[AS ]	Fonts/build/GlyphText/FontText_7DB1.font.o
[AS ]	Fonts/build/GlyphText/FontText_FF2C.font.o
[AS ]	Fonts/build/GlyphText/FontText_30CC.font.o
[AS ]	Fonts/build/GlyphText/FontText_8AC7.font.o
[AS ]	Fonts/build/GlyphText/FontText_7E2E.font.o
[AS ]	Fonts/build/GlyphText/FontText_6BBB.font.o
[AS ]	Fonts/build/GlyphText/FontText_6E13.font.o
[AS ]	Fonts/build/GlyphText/FontText_30CD.font.o
[AS ]	Fonts/build/GlyphText/FontText_69D8.font.o
[AS ]	Fonts/build/GlyphText/FontText_FF2D.font.o
[AS ]	Fonts/build/GlyphText/FontText_5024.font.o
[AS ]	Fonts/build/GlyphText/FontText_7C9B.font.o
[AS ]	Fonts/build/GlyphText/FontText_7372.font.o
[AS ]	Fonts/build/GlyphText/FontText_8A70.font.o
[AS ]	Fonts/build/GlyphText/FontText_50D5.font.o
[AS ]	Fonts/build/GlyphText/FontText_8A6B.font.o
[AS ]	Fonts/build/GlyphText/FontText_30CE.font.o
[AS ]	Fonts/build/GlyphText/FontText_FF2E.font.o
[AS ]	Fonts/build/GlyphText/FontText_30CF.font.o
[AS ]	Fonts/build/GlyphText/FontText_FF2F.font.o
[AS ]	Fonts/build/GlyphText/FontText_99AC.font.o
[AS ]	Fonts/build/GlyphText/FontText_5275.font.o
[AS ]	Fonts/build/GlyphText/FontText_8CA7.font.o
[AS ]	Fonts/build/GlyphText/FontText_7A6B.font.o
[AS ]	Fonts/build/GlyphText/FontText_30D0.font.o
[AS ]	Fonts/build/GlyphText/FontText_FF30.font.o
[AS ]	Fonts/build/GlyphText/FontText_59C9.font.o
[AS ]	Fonts/build/GlyphText/FontText_7D4C.font.o
[AS ]	Fonts/build/GlyphText/FontText_899A.font.o
[AS ]	Fonts/build/GlyphText/FontText_5875.font.o
[AS ]	Fonts/build/GlyphText/FontText_8CD3.font.o
[AS ]	Fonts/build/GlyphText/FontText_64B2.font.o
[AS ]	Fonts/build/GlyphText/FontText_30D1.font.o
[AS ]	Fonts/build/GlyphText/FontText_FF31.font.o
[AS ]	Fonts/build/GlyphText/FontText_8853.font.o
[AS ]	Fonts/build/GlyphText/FontText_7D99.font.o
[AS ]	Fonts/build/GlyphText/FontText_6065.font.o
[AS ]	Fonts/build/GlyphText/FontText_0430.font.o
[AS ]	Fonts/build/GlyphText/FontText_5EC3.font.o
[AS ]	Fonts/build/GlyphText/FontText_983B.font.o
[AS ]	Fonts/build/GlyphText/FontText_30D2.font.o
[AS ]	Fonts/build/GlyphText/FontText_FF32.font.o
[AS ]	Fonts/build/GlyphText/FontText_885B.font.o
[AS ]	Fonts/build/GlyphText/FontText_62DD.font.o
[AS ]	Fonts/build/GlyphText/FontText_8CED.font.o
[AS ]	Fonts/build/GlyphText/FontText_5C0B.font.o
[AS ]	Fonts/build/GlyphText/FontText_0431.font.o
[AS ]	Fonts/build/GlyphText/FontText_7E4B.font.o
[AS ]	Fonts/build/GlyphText/FontText_5009.font.o
[AS ]	Fonts/build/GlyphText/FontText_30D3.font.o
[AS ]	Fonts/build/GlyphText/FontText_FF33.font.o
[AS ]	Fonts/build/GlyphText/FontText_8F03.font.o
[AS ]	Fonts/build/GlyphText/FontText_5C4D.font.o
[AS ]	Fonts/build/GlyphText/FontText_6BB2.font.o
[AS ]	Fonts/build/GlyphText/FontText_0432.font.o
[AS ]	Fonts/build/GlyphText/FontText_8A60.font.o
[AS ]	Fonts/build/GlyphText/FontText_30D4.font.o
[AS ]	Fonts/build/GlyphText/FontText_6557.font.o
[AS ]	Fonts/build/GlyphText/FontText_FF34.font.o
[AS ]	Fonts/build/GlyphText/FontText_92ED.font.o
[AS ]	Fonts/build/GlyphText/FontText_0433.font.o
[AS ]	Fonts/build/GlyphText/FontText_30D5.font.o
[AS ]	Fonts/build/GlyphText/FontText_FF35.font.o
[AS ]	Fonts/build/GlyphText/FontText_0434.font.o
[AS ]	Fonts/build/GlyphText/FontText_5E2B.font.o
[AS ]	Fonts/build/GlyphText/FontText_8449.font.o
[AS ]	Fonts/build/GlyphText/FontText_95A3.font.o
[AS ]	Fonts/build/GlyphText/FontText_30D6.font.o
[AS ]	Fonts/build/GlyphText/FontText_FF36.font.o
[AS ]	Fonts/build/GlyphText/FontText_86CD.font.o
[AS ]	Fonts/build/GlyphText/FontText_8B1B.font.o
[AS ]	Fonts/build/GlyphText/FontText_30D7.font.o
[AS ]	Fonts/build/GlyphText/FontText_8A08.font.o
[AS ]	Fonts/build/GlyphText/FontText_FF37.font.o
[AS ]	Fonts/build/GlyphText/FontText_30D8.font.o
[AS ]	Fonts/build/GlyphText/FontText_FF38.font.o
[AS ]	Fonts/build/GlyphText/FontText_9663.font.o
[AS ]	Fonts/build/GlyphText/FontText_5A66.font.o
[AS ]	Fonts/build/GlyphText/FontText_5C64.font.o
[AS ]	Fonts/build/GlyphText/FontText_0436.font.o
[AS ]	Fonts/build/GlyphText/FontText_30D9.font.o
[AS ]	Fonts/build/GlyphText/FontText_FF39.font.o
[AS ]	Fonts/build/GlyphText/FontText_9045.font.o
[AS ]	Fonts/build/GlyphText/FontText_976D.font.o
[AS ]	Fonts/build/GlyphText/FontText_30DA.font.o
[AS ]	Fonts/build/GlyphText/FontText_FF3A.font.o
[AS ]	Fonts/build/GlyphText/FontText_8EFD.font.o
[AS ]	Fonts/build/GlyphText/FontText_8F29.font.o
[AS ]	Fonts/build/GlyphText/FontText_697D.font.o
[AS ]	Fonts/build/GlyphText/FontText_8ACD.font.o
[AS ]	Fonts/build/GlyphText/FontText_8B01.font.o
[AS ]	Fonts/build/GlyphText/FontText_99B3.font.o
[AS ]	Fonts/build/GlyphText/FontText_30DB.font.o
[AS ]	Fonts/build/GlyphText/FontText_7BC9.font.o
[AS ]	Fonts/build/GlyphText/FontText_967D.font.o
[AS ]	Fonts/build/GlyphText/FontText_984D.font.o
[AS ]	Fonts/build/GlyphText/FontText_9271.font.o
[AS ]	Fonts/build/GlyphText/FontText_30DC.font.o
[AS ]	Fonts/build/GlyphText/FontText_990A.font.o
[AS ]	Fonts/build/GlyphText/FontText_5BAE.font.o
[AS ]	Fonts/build/GlyphText/FontText_635C.font.o
[AS ]	Fonts/build/GlyphText/FontText_30DD.font.o
[AS ]	Fonts/build/GlyphText/FontText_FF0D.font.o
[AS ]	Fonts/build/GlyphText/FontText_6383.font.o
[AS ]	Fonts/build/GlyphText/FontText_92FC.font.o
[AS ]	Fonts/build/GlyphText/FontText_639F.font.o
[AS ]	Fonts/build/GlyphText/FontText_639B.font.o
[AS ]	Fonts/build/GlyphText/FontText_30DE.font.o
[AS ]	Fonts/build/GlyphText/FontText_56F3.font.o
[AS ]	Fonts/build/GlyphText/FontText_30DF.font.o
[AS ]	Fonts/build/GlyphText/FontText_00D7.font.o
[AS ]	Fonts/build/GlyphText/FontText_5186.font.o
[AS ]	Fonts/build/GlyphText/FontText_30E0.font.o
[AS ]	Fonts/build/GlyphText/FontText_6E96.font.o
[AS ]	Fonts/build/GlyphText/FontText_51CD.font.o
[AS ]	Fonts/build/GlyphText/FontText_5287.font.o
[AS ]	Fonts/build/GlyphText/FontText_9805.font.o
[AS ]	Fonts/build/GlyphText/FontText_5712.font.o
[AS ]	Fonts/build/GlyphText/FontText_30E1.font.o
[AS ]	Fonts/build/GlyphText/FontText_FF41.font.o
[AS ]	Fonts/build/GlyphText/FontText_30E2.font.o
[AS ]	Fonts/build/GlyphText/FontText_FF42.font.o
[AS ]	Fonts/build/GlyphText/FontText_6483.font.o
[AS ]	Fonts/build/GlyphText/FontText_7345.font.o
[AS ]	Fonts/build/GlyphText/FontText_30E3.font.o
[AS ]	Fonts/build/GlyphText/FontText_FF43.font.o
[AS ]	Fonts/build/GlyphText/FontText_FF1C.font.o
[AS ]	Fonts/build/GlyphText/FontText_5DE3.font.o
[AS ]	Fonts/build/GlyphText/FontText_8CB7.font.o
[AS ]	Fonts/build/GlyphText/FontText_7D14.font.o
[AS ]	Fonts/build/GlyphText/FontText_30E4.font.o
[AS ]	Fonts/build/GlyphText/FontText_FF44.font.o
[AS ]	Fonts/build/GlyphText/FontText_FF1E.font.o
[AS ]	Fonts/build/GlyphText/FontText_69CD.font.o
[AS ]	Fonts/build/GlyphText/FontText_58F2.font.o
[AS ]	Fonts/build/GlyphText/FontText_525B.font.o
[AS ]	Fonts/build/GlyphText/FontText_30E5.font.o
[AS ]	Fonts/build/GlyphText/FontText_FF45.font.o
[AS ]	Fonts/build/GlyphText/FontText_7F85.font.o
[AS ]	Fonts/build/GlyphText/FontText_30E6.font.o
[AS ]	Fonts/build/GlyphText/FontText_FF46.font.o
[AS ]	Fonts/build/GlyphText/FontText_7D19.font.o
[AS ]	Fonts/build/GlyphText/FontText_5091.font.o
[AS ]	Fonts/build/GlyphText/FontText_689F.font.o
[AS ]	Fonts/build/GlyphText/FontText_30E7.font.o
[AS ]	Fonts/build/GlyphText/FontText_FF47.font.o
[AS ]	Fonts/build/GlyphText/FontText_5CF6.font.o
[AS ]	Fonts/build/GlyphText/FontText_9806.font.o
[AS ]	Fonts/build/GlyphText/FontText_7AAE.font.o
[AS ]	Fonts/build/GlyphText/FontText_30E8.font.o
[AS ]	Fonts/build/GlyphText/FontText_FF48.font.o
[AS ]	Fonts/build/GlyphText/FontText_6C7A.font.o
[AS ]	Fonts/build/GlyphText/FontText_51E6.font.o
[AS ]	Fonts/build/GlyphText/FontText_6BCE.font.o
[AS ]	Fonts/build/GlyphText/FontText_7C8B.font.o
[AS ]	Fonts/build/GlyphText/FontText_30E9.font.o
[AS ]	Fonts/build/GlyphText/FontText_FF49.font.o
[AS ]	Fonts/build/GlyphText/FontText_8CA0.font.o
[AS ]	Fonts/build/GlyphText/FontText_7D1A.font.o
[AS ]	Fonts/build/GlyphText/FontText_6E07.font.o
[AS ]	Fonts/build/GlyphText/FontText_6F54.font.o
[AS ]	Fonts/build/GlyphText/FontText_30EA.font.o
[AS ]	Fonts/build/GlyphText/FontText_FF4A.font.o
[AS ]	Fonts/build/GlyphText/FontText_983C.font.o
[AS ]	Fonts/build/GlyphText/FontText_30EB.font.o
[AS ]	Fonts/build/GlyphText/FontText_8996.font.o
[AS ]	Fonts/build/GlyphText/FontText_FF4B.font.o
[AS ]	Fonts/build/GlyphText/FontText_7D66.font.o
[AS ]	Fonts/build/GlyphText/FontText_30EC.font.o
[AS ]	Fonts/build/GlyphText/FontText_6771.font.o
[AS ]	Fonts/build/GlyphText/FontText_FF4C.font.o
[AS ]	Fonts/build/GlyphText/FontText_7159.font.o
[AS ]	Fonts/build/GlyphText/FontText_8A5E.font.o
[AS ]	Fonts/build/GlyphText/FontText_9154.font.o
[AS ]	Fonts/build/GlyphText/FontText_30ED.font.o
[AS ]	Fonts/build/GlyphText/FontText_FF4D.font.o
[AS ]	Fonts/build/GlyphText/FontText_7D61.font.o
[AS ]	Fonts/build/GlyphText/FontText_7DCF.font.o
[AS ]	Fonts/build/GlyphText/FontText_8A69.font.o
[AS ]	Fonts/build/GlyphText/FontText_8F44.font.o
[AS ]	Fonts/build/GlyphText/FontText_8A23.font.o
[AS ]	Fonts/build/GlyphText/FontText_FF4E.font.o
[AS ]	Fonts/build/GlyphText/FontText_8A66.font.o
[AS ]	Fonts/build/GlyphText/FontText_30EF.font.o
[AS ]	Fonts/build/GlyphText/FontText_FF4F.font.o
[AS ]	Fonts/build/GlyphText/FontText_7DD2.font.o
[AS ]	Fonts/build/GlyphText/FontText_7E01.font.o
[AS ]	Fonts/build/GlyphText/FontText_8061.font.o
[AS ]	Fonts/build/GlyphText/FontText_FF50.font.o
[AS ]	Fonts/build/GlyphText/FontText_5039.font.o
[AS ]	Fonts/build/GlyphText/FontText_FF51.font.o
[AS ]	Fonts/build/GlyphText/FontText_66F8.font.o
[AS ]	Fonts/build/GlyphText/FontText_8CC7.font.o
[AS ]	Fonts/build/GlyphText/FontText_FF52.font.o
[AS ]	Fonts/build/GlyphText/FontText_30F2.font.o
[AS ]	Fonts/build/GlyphText/FontText_62E0.font.o
[AS ]	Fonts/build/GlyphText/FontText_5D50.font.o
[AS ]	Fonts/build/GlyphText/FontText_8CDC.font.o
[AS ]	Fonts/build/GlyphText/FontText_7647.font.o
[AS ]	Fonts/build/GlyphText/FontText_30F3.font.o
[AS ]	Fonts/build/GlyphText/FontText_FF53.font.o
[AS ]	Fonts/build/GlyphText/FontText_9060.font.o
[AS ]	Fonts/build/GlyphText/FontText_6319.font.o
[AS ]	Fonts/build/GlyphText/FontText_99D0.font.o
[AS ]	Fonts/build/GlyphText/FontText_84BC.font.o
[AS ]	Fonts/build/GlyphText/FontText_30F4.font.o
[AS ]	Fonts/build/GlyphText/FontText_FF54.font.o
[AS ]	Fonts/build/GlyphText/FontText_8AF8.font.o
[AS ]	Fonts/build/GlyphText/FontText_98FC.font.o
[AS ]	Fonts/build/GlyphText/FontText_FF55.font.o
[AS ]	Fonts/build/GlyphText/FontText_9ED2.font.o
[AS ]	Fonts/build/GlyphText/FontText_5263.font.o
[AS ]	Fonts/build/GlyphText/FontText_6B6F.font.o
[AS ]	Fonts/build/GlyphText/FontText_FF06.font.o
[AS ]	Fonts/build/GlyphText/FontText_85CD.font.o
[AS ]	Fonts/build/GlyphText/FontText_FF56.font.o
[AS ]	Fonts/build/GlyphText/FontText_7344.font.o
[AS ]	Fonts/build/GlyphText/FontText_8A31.font.o
[AS ]	Fonts/build/GlyphText/FontText_30F6.font.o
[AS ]	Fonts/build/GlyphText/FontText_5869.font.o
[AS ]	Fonts/build/GlyphText/FontText_FF57.font.o
[AS ]	Fonts/build/GlyphText/FontText_98A8.font.o
[AS ]	Fonts/build/GlyphText/FontText_89A7.font.o
[AS ]	Fonts/build/GlyphText/FontText_FF58.font.o
[AS ]	Fonts/build/GlyphText/FontText_6C5A.font.o
[AS ]	Fonts/build/GlyphText/FontText_5805.font.o
[AS ]	Fonts/build/GlyphText/FontText_FF59.font.o
[AS ]	Fonts/build/GlyphText/FontText_5150.font.o
[AS ]	Fonts/build/GlyphText/FontText_8CAF.font.o
[AS ]	Fonts/build/GlyphText/FontText_6F01.font.o
[AS ]	Fonts/build/GlyphText/FontText_56EE.font.o
[AS ]	Fonts/build/GlyphText/FontText_FF5A.font.o
[AS ]	Fonts/build/GlyphText/FontText_565B.font.o
[AS ]	Fonts/build/GlyphText/FontText_9A12.font.o
[AS ]	Fonts/build/GlyphText/FontText_9B5A.font.o
[AS ]	Fonts/build/GlyphText/FontText_7E1B.font.o
[AS ]	Fonts/build/GlyphText/FontText_766A.font.o
[AS ]	Fonts/build/GlyphText/FontText_61F8.font.o
[AS ]	Fonts/build/GlyphText/FontText_5FA9.font.o
[AS ]	Fonts/build/GlyphText/FontText_7D71.font.o
[AS ]	Fonts/build/GlyphText/FontText_5897.font.o
[AS ]	Fonts/build/GlyphText/FontText_50B7.font.o
[AS ]	Fonts/build/GlyphText/FontText_8FBC.font.o
[AS ]	Fonts/build/GlyphText/FontText_6642.font.o
[AS ]	Fonts/build/GlyphText/FontText_511F.font.o
[AS ]	Fonts/build/GlyphText/FontText_5FDC.font.o
[AS ]	Fonts/build/GlyphText/FontText_6E80.font.o
[AS ]	Fonts/build/GlyphText/FontText_5BF5.font.o
[AS ]	Fonts/build/GlyphText/FontText_3041.font.o
[AS ]	Fonts/build/GlyphText/FontText_691C.font.o
[AS ]	Fonts/build/GlyphText/FontText_52DD.font.o
[AS ]	Fonts/build/GlyphText/FontText_81D3.font.o
[AS ]	Fonts/build/GlyphText/FontText_3042.font.o
[AS ]	Fonts/build/GlyphText/FontText_9803.font.o
[AS ]	Fonts/build/GlyphText/FontText_6A29.font.o
[AS ]	Fonts/build/GlyphText/FontText_88CF.font.o
[AS ]	Fonts/build/GlyphText/FontText_8535.font.o
[AS ]	Fonts/build/GlyphText/FontText_5E33.font.o
[AS ]	Fonts/build/GlyphText/FontText_3043.font.o
[AS ]	Fonts/build/GlyphText/FontText_8907.font.o
[AS ]	Fonts/build/GlyphText/FontText_8D08.font.o
[AS ]	Fonts/build/GlyphText/FontText_3044.font.o
[AS ]	Fonts/build/GlyphText/FontText_8A0E.font.o
[AS ]	Fonts/build/GlyphText/FontText_5F14.font.o
[AS ]	Fonts/build/GlyphText/FontText_3045.font.o
[AS ]	Fonts/build/GlyphText/FontText_96E2.font.o
[AS ]	Fonts/build/GlyphText/FontText_5F35.font.o
[AS ]	Fonts/build/GlyphText/FontText_7AF6.font.o
[AS ]	Fonts/build/GlyphText/FontText_702C.font.o
[AS ]	Fonts/build/GlyphText/FontText_6DF5.font.o
[AS ]	Fonts/build/GlyphText/FontText_3046.font.o
[AS ]	Fonts/build/GlyphText/FontText_611B.font.o
[AS ]	Fonts/build/GlyphText/FontText_9678.font.o
[AS ]	Fonts/build/GlyphText/FontText_5074.font.o
[AS ]	Fonts/build/GlyphText/FontText_7B48.font.o
[AS ]	Fonts/build/GlyphText/FontText_6D1F.font.o
[AS ]	Fonts/build/GlyphText/FontText_5F6B.font.o
[AS ]	Fonts/build/GlyphText/FontText_3047.font.o
[AS ]	Fonts/build/GlyphText/FontText_6255.font.o
[AS ]	Fonts/build/GlyphText/FontText_5FB4.font.o
[AS ]	Fonts/build/GlyphText/FontText_5247.font.o
[AS ]	Fonts/build/GlyphText/FontText_3048.font.o
[AS ]	Fonts/build/GlyphText/FontText_5354.font.o
[AS ]	Fonts/build/GlyphText/FontText_7D79.font.o
[AS ]	Fonts/build/GlyphText/FontText_3049.font.o
[AS ]	Fonts/build/GlyphText/FontText_3012.font.o
[AS ]	Fonts/build/GlyphText/FontText_5968.font.o
[AS ]	Fonts/build/GlyphText/FontText_304A.font.o
[AS ]	Fonts/build/GlyphText/FontText_52E2.font.o
[AS ]	Fonts/build/GlyphText/FontText_7551.font.o
[AS ]	Fonts/build/GlyphText/FontText_304B.font.o
[AS ]	Fonts/build/GlyphText/FontText_7F60.font.o
[AS ]	Fonts/build/GlyphText/FontText_898B.font.o
[AS ]	Fonts/build/GlyphText/FontText_52E7.font.o
[AS ]	Fonts/build/GlyphText/FontText_304C.font.o
[AS ]	Fonts/build/GlyphText/FontText_982D.font.o
[AS ]	Fonts/build/GlyphText/FontText_5DFB.font.o
[AS ]	Fonts/build/GlyphText/FontText_6E2C.font.o
[AS ]	Fonts/build/GlyphText/FontText_304D.font.o
[AS ]	Fonts/build/GlyphText/FontText_60AA.font.o
[AS ]	Fonts/build/GlyphText/FontText_8CE2.font.o
[AS ]	Fonts/build/GlyphText/FontText_304E.font.o
[AS ]	Fonts/build/GlyphText/FontText_559A.font.o
[AS ]	Fonts/build/GlyphText/FontText_95D8.font.o
[AS ]	Fonts/build/GlyphText/FontText_8ED2.font.o
[AS ]	Fonts/build/GlyphText/FontText_304F.font.o
[AS ]	Fonts/build/GlyphText/FontText_5F37.font.o
[AS ]	Fonts/build/GlyphText/FontText_767A.font.o
[AS ]	Fonts/build/GlyphText/FontText_50CD.font.o
[AS ]	Fonts/build/GlyphText/FontText_3050.font.o
[AS ]	Fonts/build/GlyphText/FontText_5104.font.o
[AS ]	Fonts/build/GlyphText/FontText_52D5.font.o
[AS ]	Fonts/build/GlyphText/FontText_8074.font.o
[AS ]	Fonts/build/GlyphText/FontText_61A4.font.o
[AS ]	Fonts/build/GlyphText/FontText_3051.font.o
[AS ]	Fonts/build/GlyphText/FontText_8B58.font.o
[AS ]	Fonts/build/GlyphText/FontText_8CCA.font.o
[AS ]	Fonts/build/GlyphText/FontText_61B6.font.o
[AS ]	Fonts/build/GlyphText/FontText_967A.font.o
[AS ]	Fonts/build/GlyphText/FontText_9AEA.font.o
[AS ]	Fonts/build/GlyphText/FontText_3052.font.o
[AS ]	Fonts/build/GlyphText/FontText_5BDB.font.o
[AS ]	Fonts/build/GlyphText/FontText_3053.font.o
[AS ]	Fonts/build/GlyphText/FontText_7D9A.font.o
[AS ]	Fonts/build/GlyphText/FontText_52D9.font.o
[AS ]	Fonts/build/GlyphText/FontText_9A13.font.o
[AS ]	Fonts/build/GlyphText/FontText_5C0E.font.o
[AS ]	Fonts/build/GlyphText/FontText_7F70.font.o
[AS ]	Fonts/build/GlyphText/FontText_596E.font.o
[AS ]	Fonts/build/GlyphText/FontText_3054.font.o
[AS ]	Fonts/build/GlyphText/FontText_629C.font.o
[AS ]	Fonts/build/GlyphText/FontText_8ABF.font.o
[AS ]	Fonts/build/GlyphText/FontText_5922.font.o
[AS ]	Fonts/build/GlyphText/FontText_5E79.font.o
[AS ]	Fonts/build/GlyphText/FontText_3055.font.o
[AS ]	Fonts/build/GlyphText/FontText_7ADC.font.o
[AS ]	Fonts/build/GlyphText/FontText_7121.font.o
[AS ]	Fonts/build/GlyphText/FontText_5727.font.o
[AS ]	Fonts/build/GlyphText/FontText_3056.font.o
[AS ]	Fonts/build/GlyphText/FontText_6A4B.font.o
[AS ]	Fonts/build/GlyphText/FontText_7D1B.font.o
[AS ]	Fonts/build/GlyphText/FontText_3057.font.o
[AS ]	Fonts/build/GlyphText/FontText_6271.font.o
[AS ]	Fonts/build/GlyphText/FontText_4FB6.font.o
[AS ]	Fonts/build/GlyphText/FontText_6CC1.font.o
[AS ]	Fonts/build/GlyphText/FontText_6163.font.o
[AS ]	Fonts/build/GlyphText/FontText_53B3.font.o
[AS ]	Fonts/build/GlyphText/FontText_96F0.font.o
[AS ]	Fonts/build/GlyphText/FontText_3058.font.o
[AS ]	Fonts/build/GlyphText/FontText_63C3.font.o
[AS ]	Fonts/build/GlyphText/FontText_9727.font.o
[AS ]	Fonts/build/GlyphText/FontText_616E.font.o
[AS ]	Fonts/build/GlyphText/FontText_3059.font.o
[AS ]	Fonts/build/GlyphText/FontText_9577.font.o
[AS ]	Fonts/build/GlyphText/FontText_5B6B.font.o
[AS ]	Fonts/build/GlyphText/FontText_805E.font.o
[AS ]	Fonts/build/GlyphText/FontText_63DB.font.o
[AS ]	Fonts/build/GlyphText/FontText_57F7.font.o
[AS ]	Fonts/build/GlyphText/FontText_305A.font.o
[AS ]	Fonts/build/GlyphText/FontText_6E1B.font.o
[AS ]	Fonts/build/GlyphText/FontText_6607.font.o
[AS ]	Fonts/build/GlyphText/FontText_865C.font.o
[AS ]	Fonts/build/GlyphText/FontText_7A4F.font.o
[AS ]	Fonts/build/GlyphText/FontText_9802.font.o
[AS ]	Fonts/build/GlyphText/FontText_67FB.font.o
[AS ]	Fonts/build/GlyphText/FontText_305B.font.o
[AS ]	Fonts/build/GlyphText/FontText_8056.font.o
[AS ]	Fonts/build/GlyphText/FontText_4F75.font.o
[AS ]	Fonts/build/GlyphText/FontText_9CE5.font.o
[AS ]	Fonts/build/GlyphText/FontText_640D.font.o
[AS ]	Fonts/build/GlyphText/FontText_305C.font.o
[AS ]	Fonts/build/GlyphText/FontText_52C5.font.o
[AS ]	Fonts/build/GlyphText/FontText_8105.font.o
[AS ]	Fonts/build/GlyphText/FontText_305D.font.o
[AS ]	Fonts/build/GlyphText/FontText_73FE.font.o
[AS ]	Fonts/build/GlyphText/FontText_8208.font.o
[AS ]	Fonts/build/GlyphText/FontText_5CE0.font.o
[AS ]	Fonts/build/GlyphText/FontText_88FD.font.o
[AS ]	Fonts/build/GlyphText/FontText_305E.font.o
[AS ]	Fonts/build/GlyphText/FontText_4E21.font.o
[AS ]	Fonts/build/GlyphText/FontText_4EEE.font.o
[AS ]	Fonts/build/GlyphText/FontText_305F.font.o
[AS ]	Fonts/build/GlyphText/FontText_8AA0.font.o
[AS ]	Fonts/build/GlyphText/FontText_6B53.font.o
[AS ]	Fonts/build/GlyphText/FontText_90F7.font.o
[AS ]	Fonts/build/GlyphText/FontText_3060.font.o
[AS ]	Fonts/build/GlyphText/FontText_93E1.font.o
[AS ]	Fonts/build/GlyphText/FontText_3061.font.o
[AS ]	Fonts/build/GlyphText/FontText_8CEA.font.o
[AS ]	Fonts/build/GlyphText/FontText_8ACB.font.o
[AS ]	Fonts/build/GlyphText/FontText_4FA1.font.o
[AS ]	Fonts/build/GlyphText/FontText_97FF.font.o
[AS ]	Fonts/build/GlyphText/FontText_6F22.font.o
[AS ]	Fonts/build/GlyphText/FontText_5FB3.font.o
[AS ]	Fonts/build/GlyphText/FontText_3062.font.o
[AS ]	Fonts/build/GlyphText/FontText_5B9F.font.o
[AS ]	Fonts/build/GlyphText/FontText_4E26.font.o
[AS ]	Fonts/build/GlyphText/FontText_6D9C.font.o
[AS ]	Fonts/build/GlyphText/FontText_3063.font.o
[AS ]	Fonts/build/GlyphText/FontText_9A5A.font.o
[AS ]	Fonts/build/GlyphText/FontText_9298.font.o
[AS ]	Fonts/build/GlyphText/FontText_93AE.font.o
[AS ]	Fonts/build/GlyphText/FontText_3064.font.o
[AS ]	Fonts/build/GlyphText/FontText_6DBC.font.o
[AS ]	Fonts/build/GlyphText/FontText_500B.font.o
[AS ]	Fonts/build/GlyphText/FontText_731F.font.o
[AS ]	Fonts/build/GlyphText/FontText_9589.font.o
[AS ]	Fonts/build/GlyphText/FontText_6E09.font.o
[AS ]	Fonts/build/GlyphText/FontText_9CF4.font.o
[AS ]	Fonts/build/GlyphText/FontText_74B0.font.o
[AS ]	Fonts/build/GlyphText/FontText_3065.font.o
[AS ]	Fonts/build/GlyphText/FontText_03B5.font.o
[AS ]	Fonts/build/GlyphText/FontText_7642.font.o
[AS ]	Fonts/build/GlyphText/FontText_59EA.font.o
[AS ]	Fonts/build/GlyphText/FontText_8CAA.font.o
[AS ]	Fonts/build/GlyphText/FontText_3066.font.o
[AS ]	Fonts/build/GlyphText/FontText_713C.font.o
[AS ]	Fonts/build/GlyphText/FontText_76E3.font.o
[AS ]	Fonts/build/GlyphText/FontText_6C4E.font.o
[AS ]	Fonts/build/GlyphText/FontText_3067.font.o
[AS ]	Fonts/build/GlyphText/FontText_95C7.font.o
[AS ]	Fonts/build/GlyphText/FontText_6EC5.font.o
[AS ]	Fonts/build/GlyphText/FontText_6681.font.o
[AS ]	Fonts/build/GlyphText/FontText_9801.font.o
[AS ]	Fonts/build/GlyphText/FontText_3068.font.o
[AS ]	Fonts/build/GlyphText/FontText_696D.font.o
[AS ]	Fonts/build/GlyphText/FontText_7CE7.font.o
[AS ]	Fonts/build/GlyphText/FontText_3069.font.o
[AS ]	Fonts/build/GlyphText/FontText_8AAD.font.o
[AS ]	Fonts/build/GlyphText/FontText_96BB.font.o
[AS ]	Fonts/build/GlyphText/FontText_7C21.font.o
[AS ]	Fonts/build/GlyphText/FontText_306A.font.o
[AS ]	Fonts/build/GlyphText/FontText_306B.font.o
[AS ]	Fonts/build/GlyphText/FontText_6975.font.o
[AS ]	Fonts/build/GlyphText/FontText_820E.font.o
[AS ]	Fonts/build/GlyphText/FontText_5EAB.font.o
[AS ]	Fonts/build/GlyphText/FontText_7DE9.font.o
[AS ]	Fonts/build/GlyphText/FontText_306C.font.o
[AS ]	Fonts/build/GlyphText/FontText_5225.font.o
[AS ]	Fonts/build/GlyphText/FontText_99C4.font.o
[AS ]	Fonts/build/GlyphText/FontText_306D.font.o
[AS ]	Fonts/build/GlyphText/FontText_21D2.font.o
[AS ]	Fonts/build/GlyphText/FontText_6238.font.o
[AS ]	Fonts/build/GlyphText/FontText_306E.font.o
[AS ]	Fonts/build/GlyphText/FontText_9818.font.o
[AS ]	Fonts/build/GlyphText/FontText_5049.font.o
[AS ]	Fonts/build/GlyphText/FontText_6368.font.o
[AS ]	Fonts/build/GlyphText/FontText_63A1.font.o
[AS ]	Fonts/build/GlyphText/FontText_306F.font.o
[AS ]	Fonts/build/GlyphText/FontText_56F2.font.o
[AS ]	Fonts/build/GlyphText/FontText_7BC4.font.o
[AS ]	Fonts/build/GlyphText/FontText_3070.font.o
[AS ]	Fonts/build/GlyphText/FontText_5BFE.font.o
[AS ]	Fonts/build/GlyphText/FontText_7DD1.font.o
[AS ]	Fonts/build/GlyphText/FontText_6B73.font.o
[AS ]	Fonts/build/GlyphText/FontText_3071.font.o
[AS ]	Fonts/build/GlyphText/FontText_5909.font.o
[AS ]	Fonts/build/GlyphText/FontText_7A4D.font.o
[AS ]	Fonts/build/GlyphText/FontText_6E08.font.o
[AS ]	Fonts/build/GlyphText/FontText_7169.font.o
[AS ]	Fonts/build/GlyphText/FontText_89B3.font.o
[AS ]	Fonts/build/GlyphText/FontText_7CA7.font.o
[AS ]	Fonts/build/GlyphText/FontText_3072.font.o
[AS ]	Fonts/build/GlyphText/FontText_707D.font.o
[AS ]	Fonts/build/GlyphText/FontText_8ACC.font.o
[AS ]	Fonts/build/GlyphText/FontText_7D39.font.o
[AS ]	Fonts/build/GlyphText/FontText_3073.font.o
[AS ]	Fonts/build/GlyphText/FontText_7E3E.font.o
[AS ]	Fonts/build/GlyphText/FontText_5E2F.font.o
[AS ]	Fonts/build/GlyphText/FontText_8CAB.font.o
[AS ]	Fonts/build/GlyphText/FontText_98EF.font.o
[AS ]	Fonts/build/GlyphText/FontText_8D04.font.o
[AS ]	Fonts/build/GlyphText/FontText_3074.font.o
[AS ]	Fonts/build/GlyphText/FontText_9084.font.o
[AS ]	Fonts/build/GlyphText/FontText_7DE8.font.o
[AS ]	Fonts/build/GlyphText/FontText_8D05.font.o
[AS ]	Fonts/build/GlyphText/FontText_3075.font.o
[AS ]	Fonts/build/GlyphText/FontText_8CAC.font.o
[AS ]	Fonts/build/GlyphText/FontText_8FBA.font.o
[AS ]	Fonts/build/GlyphText/FontText_7815.font.o
[AS ]	Fonts/build/GlyphText/FontText_6669.font.o
[AS ]	Fonts/build/GlyphText/FontText_8B1D.font.o
[AS ]	Fonts/build/GlyphText/FontText_3076.font.o
[AS ]	Fonts/build/GlyphText/FontText_9593.font.o
[AS ]	Fonts/build/GlyphText/FontText_614B.font.o
[AS ]	Fonts/build/GlyphText/FontText_8ECA.font.o
[AS ]	Fonts/build/GlyphText/FontText_7DB2.font.o
[AS ]	Fonts/build/GlyphText/FontText_3077.font.o
[AS ]	Fonts/build/GlyphText/FontText_8DE1.font.o
[AS ]	Fonts/build/GlyphText/FontText_81E8.font.o
[AS ]	Fonts/build/GlyphText/FontText_885D.font.o
[AS ]	Fonts/build/GlyphText/FontText_76E4.font.o
[AS ]	Fonts/build/GlyphText/FontText_3078.font.o
[AS ]	Fonts/build/GlyphText/FontText_8A87.font.o
[AS ]	Fonts/build/GlyphText/FontText_95A2.font.o
[AS ]	Fonts/build/GlyphText/FontText_8F2A.font.o
[AS ]	Fonts/build/GlyphText/FontText_658E.font.o
[AS ]	Fonts/build/GlyphText/FontText_96A3.font.o
[AS ]	Fonts/build/GlyphText/FontText_7D30.font.o
[AS ]	Fonts/build/GlyphText/FontText_3079.font.o
[AS ]	Fonts/build/GlyphText/FontText_9665.font.o
[AS ]	Fonts/build/GlyphText/FontText_70BA.font.o
[AS ]	Fonts/build/GlyphText/FontText_6F70.font.o
[AS ]	Fonts/build/GlyphText/FontText_5132.font.o
[AS ]	Fonts/build/GlyphText/FontText_307A.font.o
[AS ]	Fonts/build/GlyphText/FontText_8A3C.font.o
[AS ]	Fonts/build/GlyphText/FontText_83EF.font.o
[AS ]	Fonts/build/GlyphText/FontText_307B.font.o
[AS ]	Fonts/build/GlyphText/FontText_9ED9.font.o
[AS ]	Fonts/build/GlyphText/FontText_7570.font.o
[AS ]	Fonts/build/GlyphText/FontText_9928.font.o
[AS ]	Fonts/build/GlyphText/FontText_7DCA.font.o
[AS ]	Fonts/build/GlyphText/FontText_83D3.font.o
[AS ]	Fonts/build/GlyphText/FontText_307C.font.o
[AS ]	Fonts/build/GlyphText/FontText_9867.font.o
[AS ]	Fonts/build/GlyphText/FontText_8A73.font.o
[AS ]	Fonts/build/GlyphText/FontText_8F09.font.o
[AS ]	Fonts/build/GlyphText/FontText_307D.font.o
[AS ]	Fonts/build/GlyphText/FontText_7DAD.font.o
[AS ]	Fonts/build/GlyphText/FontText_969B.font.o
[AS ]	Fonts/build/GlyphText/FontText_8AB2.font.o
[AS ]	Fonts/build/GlyphText/FontText_5451.font.o
[AS ]	Fonts/build/GlyphText/FontText_307E.font.o
[AS ]	Fonts/build/GlyphText/FontText_8CDE.font.o
[AS ]	Fonts/build/GlyphText/FontText_6D99.font.o
[AS ]	Fonts/build/GlyphText/FontText_66C7.font.o
[AS ]	Fonts/build/GlyphText/FontText_307F.font.o
[AS ]	Fonts/build/GlyphText/FontText_8CA8.font.o
[AS ]	Fonts/build/GlyphText/FontText_8A2D.font.o
[AS ]	Fonts/build/GlyphText/FontText_920D.font.o
[AS ]	Fonts/build/GlyphText/FontText_8CB8.font.o
[AS ]	Fonts/build/GlyphText/FontText_3080.font.o
[AS ]	Fonts/build/GlyphText/FontText_985E.font.o
[AS ]	Fonts/build/GlyphText/FontText_8B39.font.o
[AS ]	Fonts/build/GlyphText/FontText_91E3.font.o
[AS ]	Fonts/build/GlyphText/FontText_3081.font.o
[AS ]	Fonts/build/GlyphText/FontText_7BC0.font.o
[AS ]	Fonts/build/GlyphText/FontText_623B.font.o
[AS ]	Fonts/build/GlyphText/FontText_904E.font.o
[AS ]	Fonts/build/GlyphText/FontText_91C8.font.o
[AS ]	Fonts/build/GlyphText/FontText_6191.font.o
[AS ]	Fonts/build/GlyphText/FontText_3082.font.o
[AS ]	Fonts/build/GlyphText/FontText_8CA1.font.o
[AS ]	Fonts/build/GlyphText/FontText_6B69.font.o
[AS ]	Fonts/build/GlyphText/FontText_8AAC.font.o
[AS ]	Fonts/build/GlyphText/FontText_3083.font.o
[AS ]	Fonts/build/GlyphText/FontText_9055.font.o
[AS ]	Fonts/build/GlyphText/FontText_8CB0.font.o
[AS ]	Fonts/build/GlyphText/FontText_51B4.font.o
[AS ]	Fonts/build/GlyphText/FontText_3084.font.o
[AS ]	Fonts/build/GlyphText/FontText_7D76.font.o
[AS ]	Fonts/build/GlyphText/FontText_9280.font.o
[AS ]	Fonts/build/GlyphText/FontText_554F.font.o
[AS ]	Fonts/build/GlyphText/FontText_907A.font.o
[AS ]	Fonts/build/GlyphText/FontText_88DC.font.o
[AS ]	Fonts/build/GlyphText/FontText_3085.font.o
[AS ]	Fonts/build/GlyphText/FontText_5075.font.o
[AS ]	Fonts/build/GlyphText/FontText_3086.font.o
[AS ]	Fonts/build/GlyphText/FontText_7D0B.font.o
[AS ]	Fonts/build/GlyphText/FontText_8B0E.font.o
[AS ]	Fonts/build/GlyphText/FontText_3087.font.o
[AS ]	Fonts/build/GlyphText/FontText_9580.font.o
[AS ]	Fonts/build/GlyphText/FontText_3088.font.o
[AS ]	Fonts/build/GlyphText/FontText_4E57.font.o
[AS ]	Fonts/build/GlyphText/FontText_3089.font.o
[AS ]	Fonts/build/GlyphText/FontText_9811.font.o
[AS ]	Fonts/build/GlyphText/FontText_9854.font.o
[AS ]	Fonts/build/GlyphText/FontText_54B2.font.o
[AS ]	Fonts/build/GlyphText/FontText_308A.font.o
[AS ]	Fonts/build/GlyphText/FontText_9858.font.o
[AS ]	Fonts/build/GlyphText/FontText_984C.font.o
[AS ]	Fonts/build/GlyphText/FontText_5270.font.o
[AS ]	Fonts/build/GlyphText/FontText_308B.font.o
[AS ]	Fonts/build/GlyphText/FontText_9DF9.font.o
[AS ]	Fonts/build/GlyphText/FontText_99B4.font.o
[AS ]	Fonts/build/GlyphText/FontText_308C.font.o
[AS ]	Fonts/build/GlyphText/FontText_5834.font.o
[AS ]	Fonts/build/GlyphText/FontText_96B7.font.o
[AS ]	Fonts/build/GlyphText/FontText_8A9E.font.o
[AS ]	Fonts/build/GlyphText/FontText_5C02.font.o
[AS ]	Fonts/build/GlyphText/FontText_7E04.font.o
[AS ]	Fonts/build/GlyphText/FontText_8CC0.font.o
[AS ]	Fonts/build/GlyphText/FontText_7DCB.font.o
[AS ]	Fonts/build/GlyphText/FontText_9264.font.o
[AS ]	Fonts/build/GlyphText/FontText_308D.font.o
[AS ]	Fonts/build/GlyphText/FontText_8AA4.font.o
[AS ]	Fonts/build/GlyphText/FontText_9D09.font.o
[AS ]	Fonts/build/GlyphText/FontText_99C6.font.o
[AS ]	Fonts/build/GlyphText/FontText_8B77.font.o
[AS ]	Fonts/build/GlyphText/FontText_970A.font.o
[AS ]	Fonts/build/GlyphText/FontText_5B22.font.o
[AS ]	Fonts/build/GlyphText/FontText_308F.font.o
[AS ]	Fonts/build/GlyphText/FontText_6226.font.o
[AS ]	Fonts/build/GlyphText/FontText_7A2E.font.o
[AS ]	Fonts/build/GlyphText/FontText_5023.font.o
[AS ]	Fonts/build/GlyphText/FontText_9E97.font.o
[AS ]	Fonts/build/GlyphText/FontText_99D5.font.o
[AS ]	Fonts/build/GlyphText/FontText_8EDF.font.o
[AS ]	Fonts/build/GlyphText/FontText_7A32.font.o
[AS ]	Fonts/build/GlyphText/FontText_9F62.font.o
[AS ]	Fonts/build/GlyphText/FontText_99D2.font.o
[AS ]	Fonts/build/GlyphText/FontText_96E3.font.o
[AS ]	Fonts/build/GlyphText/FontText_66A6.font.o
[AS ]	Fonts/build/GlyphText/FontText_8CBB.font.o
[AS ]	Fonts/build/GlyphText/FontText_3092.font.o
[AS ]	Fonts/build/GlyphText/FontText_6B74.font.o
[AS ]	Fonts/build/GlyphText/FontText_629E.font.o
[AS ]	Fonts/build/GlyphText/FontText_3093.font.o
[AS ]	Fonts/build/GlyphText/FontText_5831.font.o
[AS ]	Fonts/build/GlyphText/FontText_7D04.font.o
[AS ]	Fonts/build/GlyphText/FontText_98DB.font.o
[AS ]	Fonts/build/GlyphText/FontText_85AC.font.o
[AS ]	Fonts/build/GlyphText/FontText_6CA2.font.o
[AS ]	Fonts/build/GlyphText/FontText_6688.font.o
[AS ]	Fonts/build/GlyphText/FontText_6D44.font.o
[AS ]	Fonts/build/GlyphText/FontText_58CA.font.o
[AS ]	Fonts/build/GlyphText/FontText_8A33.font.o
[AS ]	Fonts/build/GlyphText/FontText_546A.font.o
[AS ]	Fonts/build/GlyphText/FontText_8E8D.font.o
[AS ]	Fonts/build/GlyphText/FontText_5E7E.font.o
[AS ]	Fonts/build/GlyphText/FontText_5099.font.o
[AS ]	Fonts/build/GlyphText/FontText_54E1.font.o
[AS ]	Fonts/build/GlyphText/FontText_8A17.font.o
[AS ]	Fonts/build/GlyphText/FontText_5302.font.o
[AS ]	Fonts/build/GlyphText/FontText_63EE.font.o
[AS ]	Fonts/build/GlyphText/FontText_8CD1.font.o
[AS ]	Fonts/build/GlyphText/FontText_932F.font.o
[AS ]	Fonts/build/GlyphText/FontText_6190.font.o
[AS ]	Fonts/build/GlyphText/FontText_7DE0.font.o
[AS ]	Fonts/build/GlyphText/FontText_6A39.font.o
[AS ]	Fonts/build/GlyphText/FontText_8B72.font.o
[AS ]	Fonts/build/GlyphText/FontText_52B9.font.o
[AS ]	Fonts/build/GlyphText/FontText_8AFE.font.o
[AS ]	Fonts/build/GlyphText/FontText_98F2.font.o
[AS ]	Fonts/build/GlyphText/FontText_61D0.font.o
[AS ]	Fonts/build/GlyphText/FontText_8A02.font.o
[AS ]	Fonts/build/GlyphText/FontText_8AE6.font.o
[AS ]	Fonts/build/GlyphText/FontText_7DF4.font.o
[AS ]	Fonts/build/GlyphText/FontText_518A.font.o
[AS ]	Fonts/build/GlyphText/FontText_53CE.font.o
[AS ]	Fonts/build/GlyphText/FontText_7DDA.font.o
[AS ]	Fonts/build/GlyphText/FontText_98FE.font.o
[AS ]	Fonts/build/GlyphText/FontText_7652.font.o
[AS ]	Fonts/build/GlyphText/FontText_68C4.font.o
[AS ]	Fonts/build/GlyphText/FontText_0020.font.o
[AS ]	Fonts/build/GlyphText/FontText_0021.font.o
[AS ]	Fonts/build/GlyphText/FontText_0022.font.o
[AS ]	Fonts/build/GlyphText/FontText_0023.font.o
[AS ]	Fonts/build/GlyphText/FontText_0024.font.o
[AS ]	Fonts/build/GlyphText/FontText_0025.font.o
[AS ]	Fonts/build/GlyphText/FontText_0026.font.o
[AS ]	Fonts/build/GlyphText/FontText_0027.font.o
[AS ]	Fonts/build/GlyphText/FontText_0028.font.o
[AS ]	Fonts/build/GlyphText/FontText_0029.font.o
[AS ]	Fonts/build/GlyphText/FontText_002A.font.o
[AS ]	Fonts/build/GlyphText/FontText_002C.font.o
[AS ]	Fonts/build/GlyphText/FontText_002D.font.o
[AS ]	Fonts/build/GlyphText/FontText_002E.font.o
[AS ]	Fonts/build/GlyphText/FontText_002F.font.o
[AS ]	Fonts/build/GlyphText/FontText_0030.font.o
[AS ]	Fonts/build/GlyphText/FontText_0031.font.o
[AS ]	Fonts/build/GlyphText/FontText_0032.font.o
[AS ]	Fonts/build/GlyphText/FontText_0033.font.o
[AS ]	Fonts/build/GlyphText/FontText_0034.font.o
[AS ]	Fonts/build/GlyphText/FontText_0035.font.o
[AS ]	Fonts/build/GlyphText/FontText_0036.font.o
[AS ]	Fonts/build/GlyphText/FontText_0037.font.o
[AS ]	Fonts/build/GlyphText/FontText_0038.font.o
[AS ]	Fonts/build/GlyphText/FontText_0039.font.o
[AS ]	Fonts/build/GlyphText/FontText_003A.font.o
[AS ]	Fonts/build/GlyphText/FontText_003B.font.o
[AS ]	Fonts/build/GlyphText/FontText_003C.font.o
[AS ]	Fonts/build/GlyphText/FontText_003D.font.o
[AS ]	Fonts/build/GlyphText/FontText_003E.font.o
[AS ]	Fonts/build/GlyphText/FontText_003F.font.o
[AS ]	Fonts/build/GlyphText/FontText_0040.font.o
[AS ]	Fonts/build/GlyphText/FontText_0041.font.o
[AS ]	Fonts/build/GlyphText/FontText_0042.font.o
[AS ]	Fonts/build/GlyphText/FontText_0043.font.o
[AS ]	Fonts/build/GlyphText/FontText_0044.font.o
[AS ]	Fonts/build/GlyphText/FontText_0045.font.o
[AS ]	Fonts/build/GlyphText/FontText_0046.font.o
[AS ]	Fonts/build/GlyphText/FontText_0047.font.o
[AS ]	Fonts/build/GlyphText/FontText_0048.font.o
[AS ]	Fonts/build/GlyphText/FontText_0049.font.o
[AS ]	Fonts/build/GlyphText/FontText_004A.font.o
[AS ]	Fonts/build/GlyphText/FontText_004B.font.o
[AS ]	Fonts/build/GlyphText/FontText_004C.font.o
[AS ]	Fonts/build/GlyphText/FontText_004D.font.o
[AS ]	Fonts/build/GlyphText/FontText_004E.font.o
[AS ]	Fonts/build/GlyphText/FontText_004F.font.o
[AS ]	Fonts/build/GlyphText/FontText_0050.font.o
[AS ]	Fonts/build/GlyphText/FontText_0051.font.o
[AS ]	Fonts/build/GlyphText/FontText_0052.font.o
[AS ]	Fonts/build/GlyphText/FontText_0053.font.o
[AS ]	Fonts/build/GlyphText/FontText_0054.font.o
[AS ]	Fonts/build/GlyphText/FontText_0055.font.o
[AS ]	Fonts/build/GlyphText/FontText_0056.font.o
[AS ]	Fonts/build/GlyphText/FontText_0057.font.o
[AS ]	Fonts/build/GlyphText/FontText_0058.font.o
[AS ]	Fonts/build/GlyphText/FontText_0059.font.o
[AS ]	Fonts/build/GlyphText/FontText_005A.font.o
[AS ]	Fonts/build/GlyphText/FontText_005B.font.o
[AS ]	Fonts/build/GlyphText/FontText_005C.font.o
[AS ]	Fonts/build/GlyphText/FontText_005D.font.o
[AS ]	Fonts/build/GlyphText/FontText_005E.font.o
[AS ]	Fonts/build/GlyphText/FontText_005F.font.o
[AS ]	Fonts/build/GlyphText/FontText_0061.font.o
[AS ]	Fonts/build/GlyphText/FontText_0060.font.o
[AS ]	Fonts/build/GlyphText/FontText_0062.font.o
[AS ]	Fonts/build/GlyphText/FontText_0063.font.o
[AS ]	Fonts/build/GlyphText/FontText_0065.font.o
[AS ]	Fonts/build/GlyphText/FontText_0064.font.o
[AS ]	Fonts/build/GlyphText/FontText_0066.font.o
[AS ]	Fonts/build/GlyphText/FontText_0067.font.o
[AS ]	Fonts/build/GlyphText/FontText_0068.font.o
[AS ]	Fonts/build/GlyphText/FontText_0069.font.o
[AS ]	Fonts/build/GlyphText/FontText_006A.font.o
[AS ]	Fonts/build/GlyphText/FontText_006B.font.o
[AS ]	Fonts/build/GlyphText/FontText_006C.font.o
[AS ]	Fonts/build/GlyphText/FontText_006E.font.o
[AS ]	Fonts/build/GlyphText/FontText_006F.font.o
[AS ]	Fonts/build/GlyphText/FontText_006D.font.o
[AS ]	Fonts/build/GlyphText/FontText_0070.font.o
[AS ]	Fonts/build/GlyphText/FontText_0072.font.o
[AS ]	Fonts/build/GlyphText/FontText_0071.font.o
[AS ]	Fonts/build/GlyphText/FontText_0073.font.o
[AS ]	Fonts/build/GlyphText/FontText_0074.font.o
[AS ]	Fonts/build/GlyphText/FontText_0075.font.o
[AS ]	Fonts/build/GlyphText/FontText_0076.font.o
[AS ]	Fonts/build/GlyphText/FontText_0077.font.o
[AS ]	Fonts/build/GlyphText/FontText_0078.font.o
[AS ]	Fonts/build/GlyphText/FontText_0079.font.o
[AS ]	Fonts/build/GlyphText/FontText_007A.font.o
[AS ]	Fonts/build/GlyphText/FontText_007B.font.o
[AS ]	Fonts/build/GlyphText/FontText_007C.font.o
[AS ]	Fonts/build/GlyphText/FontText_007D.font.o
[AS ]	Fonts/build/GlyphText/FontText_007E.font.o
[AS ]	Fonts/build/GlyphText/FontText_008C.font.o
[AS ]	Fonts/build/GlyphText/FontText_0091.font.o
[AS ]	Fonts/build/GlyphText/FontText_0092.font.o
[AS ]	Fonts/build/GlyphText/FontText_0093.font.o
[AS ]	Fonts/build/GlyphText/FontText_0094.font.o
[AS ]	Fonts/build/GlyphText/FontText_009C.font.o
[AS ]	Fonts/build/GlyphText/FontText_00AA.font.o
[AS ]	Fonts/build/GlyphText/FontText_00A1.font.o
[AS ]	Fonts/build/GlyphText/FontText_00AB.font.o
[AS ]	Fonts/build/GlyphText/FontText_00BA.font.o
[AS ]	Fonts/build/GlyphText/FontText_00BB.font.o
[AS ]	Fonts/build/GlyphText/FontText_00BF.font.o
[AS ]	Fonts/build/GlyphText/FontText_00C0.font.o
[AS ]	Fonts/build/GlyphText/FontText_00C1.font.o
[AS ]	Fonts/build/GlyphText/FontText_00C2.font.o
[AS ]	Fonts/build/GlyphText/FontText_00C4.font.o
[AS ]	Fonts/build/GlyphText/FontText_00C7.font.o
[AS ]	Fonts/build/GlyphText/FontText_00C8.font.o
[AS ]	Fonts/build/GlyphText/FontText_00C9.font.o
[AS ]	Fonts/build/GlyphText/FontText_00CA.font.o
[AS ]	Fonts/build/GlyphText/FontText_00CB.font.o
[AS ]	Fonts/build/GlyphText/FontText_00CC.font.o
[AS ]	Fonts/build/GlyphText/FontText_00CD.font.o
[AS ]	Fonts/build/GlyphText/FontText_00CE.font.o
[AS ]	Fonts/build/GlyphText/FontText_00CF.font.o
[AS ]	Fonts/build/GlyphText/FontText_00D1.font.o
[AS ]	Fonts/build/GlyphText/FontText_00D2.font.o
[AS ]	Fonts/build/GlyphText/FontText_00D3.font.o
[AS ]	Fonts/build/GlyphText/FontText_00D4.font.o
[AS ]	Fonts/build/GlyphText/FontText_00D9.font.o
[AS ]	Fonts/build/GlyphText/FontText_00D6.font.o
[AS ]	Fonts/build/GlyphText/FontText_00DA.font.o
[AS ]	Fonts/build/GlyphText/FontText_00DC.font.o
[AS ]	Fonts/build/GlyphText/FontText_00DB.font.o
[AS ]	Fonts/build/GlyphText/FontText_00DF.font.o
[AS ]	Fonts/build/GlyphText/FontText_00E0.font.o
[AS ]	Fonts/build/GlyphText/FontText_00E1.font.o
[AS ]	Fonts/build/GlyphText/FontText_00E2.font.o
[AS ]	Fonts/build/GlyphText/FontText_00E4.font.o
[AS ]	Fonts/build/GlyphText/FontText_00E7.font.o
[AS ]	Fonts/build/GlyphText/FontText_00E8.font.o
[AS ]	Fonts/build/GlyphText/FontText_00E9.font.o
[AS ]	Fonts/build/GlyphText/FontText_00EA.font.o
[AS ]	Fonts/build/GlyphText/FontText_00EB.font.o
[AS ]	Fonts/build/GlyphText/FontText_00EC.font.o
[AS ]	Fonts/build/GlyphText/FontText_00ED.font.o
[AS ]	Fonts/build/GlyphText/FontText_00EE.font.o
[AS ]	Fonts/build/GlyphText/FontText_00F1.font.o
[AS ]	Fonts/build/GlyphText/FontText_00EF.font.o
[AS ]	Fonts/build/GlyphText/FontText_00F2.font.o
[AS ]	Fonts/build/GlyphText/FontText_00F3.font.o
[AS ]	Fonts/build/GlyphText/FontText_00F4.font.o
[AS ]	Fonts/build/GlyphText/FontText_00F6.font.o
[AS ]	Fonts/build/GlyphText/FontText_00F9.font.o
[AS ]	Fonts/build/GlyphText/FontText_00FA.font.o
[AS ]	Fonts/build/GlyphText/FontText_00FB.font.o
[AS ]	Fonts/build/GlyphText/FontText_00FC.font.o
[AS ]	Fonts/build/GlyphText/FontText_2500.font.o
[AS ]	Fonts/build/GlyphText/FontText_2605.font.o
[AS ]	Fonts/build/GlyphText/FontText_8805.font.o
[AS ]	Fonts/build/GlyphText/FontText_2606.font.o
[AS ]	Fonts/build/GlyphText/FontText_3007.font.o
[AS ]	Fonts/build/GlyphText/FontText_7C12.font.o
[AS ]	Fonts/build/GlyphText/FontText_8D14.font.o
[AS ]	Fonts/build/GlyphText/FontText_7114.font.o
[AS ]	Fonts/build/GlyphText/FontText_2015.font.o
[AS ]	Fonts/build/GlyphText/FontText_8D16.font.o
[AS ]	Fonts/build/GlyphText/FontText_9A19.font.o
[AS ]	Fonts/build/GlyphText/FontText_721B.font.o
[AS ]	Fonts/build/GlyphText/FontText_8A1B.font.o
[AS ]	Fonts/build/GlyphText/FontText_FF1D.font.o
[AS ]	Fonts/build/GlyphText/FontText_2027.font.o
[AS ]	Fonts/build/GlyphText/FontText_8A25.font.o
[AS ]	Fonts/build/GlyphText/FontText_5629.font.o
[AS ]	Fonts/build/GlyphText/FontText_792B.font.o
[AS ]	Fonts/build/GlyphText/FontText_9B31.font.o
[AS ]	Fonts/build/GlyphText/FontText_7432.font.o
[AS ]	Fonts/build/GlyphText/FontText_6B38.font.o
[AS ]	Fonts/build/GlyphText/FontText_723A.font.o
[AS ]	Fonts/build/GlyphText/FontText_6E3E.font.o
[AS ]	Fonts/build/GlyphText/FontText_7942.font.o
[AS ]	Fonts/build/GlyphText/FontText_9D44.font.o
[AS ]	Fonts/build/GlyphText/FontText_7149.font.o
[AS ]	Fonts/build/GlyphText/FontText_5C53.font.o
[AS ]	Fonts/build/GlyphText/FontText_9A55.font.o
[AS ]	Fonts/build/GlyphText/FontText_8A5B.font.o
[AS ]	Fonts/build/GlyphText/FontText_615F.font.o
[AS ]	Fonts/build/GlyphText/FontText_7C60.font.o
[AS ]	Fonts/build/GlyphText/FontText_2661.font.o
[AS ]	Fonts/build/GlyphText/FontText_7260.font.o
[AS ]	Fonts/build/GlyphText/FontText_2264.font.o
[AS ]	Fonts/build/GlyphText/FontText_2265.font.o
[AS ]	Fonts/build/GlyphText/FontText_8569.font.o
[AS ]	Fonts/build/GlyphText/FontText_266A.font.o
[AS ]	Fonts/build/GlyphText/FontText_727D.font.o
[AS ]	Fonts/build/GlyphText/FontText_547F.font.o
[AS ]	Fonts/build/GlyphText/FontText_007F.font.o
[AS ]	Fonts/build/GlyphText/FontText_9081.font.o
[AS ]	Fonts/build/GlyphText/FontText_8E8A.font.o
[AS ]	Fonts/build/GlyphText/FontText_8599.font.o
[AS ]	Fonts/build/GlyphText/FontText_5A9E.font.o
[AS ]	Fonts/build/GlyphText/FontText_03A4.font.o
[AS ]	Fonts/build/GlyphText/FontText_03A9.font.o
[AS ]	Fonts/build/GlyphText/FontText_61AB.font.o
[AS ]	Fonts/build/GlyphText/FontText_5FAC.font.o
[AS ]	Fonts/build/GlyphText/FontText_53AD.font.o
[AS ]	Fonts/build/GlyphText/FontText_98AF.font.o
[AS ]	Fonts/build/GlyphText/FontText_55B0.font.o
[AS ]	Fonts/build/GlyphText/FontText_59B3.font.o
[AS ]	Fonts/build/GlyphText/FontText_60B6.font.o
[AS ]	Fonts/build/GlyphText/FontText_76BA.font.o
[AS ]	Fonts/build/GlyphText/FontText_63BB.font.o
[AS ]	Fonts/build/GlyphText/FontText_7DBB.font.o
[AS ]	Fonts/build/GlyphText/FontText_8FBF.font.o
[AS ]	Fonts/build/GlyphText/FontText_79BF.font.o
[AS ]	Fonts/build/GlyphText/FontText_98C4.font.o
[AS ]	Fonts/build/GlyphText/FontText_50C5.font.o
[AS ]	Fonts/build/GlyphText/FontText_83C8.font.o
[AS ]	Fonts/build/GlyphText/FontText_8ECB.font.o
[AS ]	Fonts/build/GlyphText/FontText_25CB.font.o
[AS ]	Fonts/build/GlyphText/FontText_7DD8.font.o
[AS ]	Fonts/build/GlyphText/FontText_66E0.font.o
[AS ]	Fonts/build/GlyphText/FontText_53E1.font.o
[AS ]	Fonts/build/GlyphText/FontText_61E3.font.o
[AS ]	Fonts/build/GlyphText/FontText_8CE4.font.o
[AS ]	Fonts/build/GlyphText/FontText_81E5.font.o
[AS ]	Fonts/build/GlyphText/FontText_00E6.font.o
[AS ]	Fonts/build/GlyphText/FontText_71E6.font.o
[AS ]	Fonts/build/GlyphText/FontText_75E9.font.o
[AS ]	Fonts/build/GlyphText/FontText_85EA.font.o
[AS ]	Fonts/build/GlyphText/FontText_51EA.font.o
[AS ]	Fonts/build/GlyphText/FontText_8AEB.font.o
[AS ]	Fonts/build/GlyphText/FontText_25EF.font.o
[AS ]	Fonts/build/GlyphText/FontText_00F0.font.o
[AS ]	Fonts/build/GlyphText/FontText_68F2.font.o
[AS ]	Fonts/build/GlyphText/FontText_00F8.font.o
[AS ]	Fonts/build/GlyphText/FontText_87FB.font.o
[AS ]	Fonts/build/GlyphText/FontText_00FD.font.o
[AS ]	Fonts/build/GlyphText/FontText_905C.font.o
[AS ]	Fonts/build/GlyphText/FontText_947D.font.o
[AS ]	Fonts/build/GlyphText/FontText_6AC2.font.o
[AS ]	Fonts/build/GlyphText/FontText_00FE.font.o
[AS ]	Fonts/build/GlyphText/FontText_7E6B.font.o
[AS ]	Fonts/build/GlyphText/FontText_25B8.font.o
[AS ]	Fonts/build/GlyphText/FontText_25B9.font.o
[LYN]	Fonts/build/GlyphItem/FontItem_3002.font.lyn.event
[LYN]	Fonts/build/GlyphItem/FontItem_FF1F.font.lyn.event
[LYN]	Fonts/build/GlyphItem/FontItem_FF0C.font.lyn.event
[LYN]	Fonts/build/GlyphItem/FontItem_FF01.font.lyn.event
[LYN]	Fonts/build/GlyphItem/FontItem_3001.font.lyn.event
[LYN]	Fonts/build/GlyphItem/FontItem_FF1B.font.lyn.event
[LYN]	Fonts/build/GlyphItem/FontItem_FF1A.font.lyn.event
[LYN]	Fonts/build/GlyphItem/FontItem_300C.font.lyn.event
[LYN]	Fonts/build/GlyphItem/FontItem_300D.font.lyn.event
[LYN]	Fonts/build/GlyphItem/FontItem_300E.font.lyn.event
[LYN]	Fonts/build/GlyphItem/FontItem_300F.font.lyn.event
[LYN]	Fonts/build/GlyphItem/FontItem_2018.font.lyn.event
[LYN]	Fonts/build/GlyphItem/FontItem_2019.font.lyn.event
[LYN]	Fonts/build/GlyphItem/FontItem_201C.font.lyn.event
[LYN]	Fonts/build/GlyphItem/FontItem_201D.font.lyn.event
[LYN]	Fonts/build/GlyphItem/FontItem_FF08.font.lyn.event
[LYN]	Fonts/build/GlyphItem/FontItem_FF09.font.lyn.event
[LYN]	Fonts/build/GlyphItem/FontItem_3014.font.lyn.event
[LYN]	Fonts/build/GlyphItem/FontItem_3015.font.lyn.event
[LYN]	Fonts/build/GlyphItem/FontItem_3010.font.lyn.event
[LYN]	Fonts/build/GlyphItem/FontItem_3011.font.lyn.event
[LYN]	Fonts/build/GlyphItem/FontItem_2014.font.lyn.event
[LYN]	Fonts/build/GlyphItem/FontItem_2026.font.lyn.event
[LYN]	Fonts/build/GlyphItem/FontItem_2013.font.lyn.event
[LYN]	Fonts/build/GlyphItem/FontItem_FF0E.font.lyn.event
[LYN]	Fonts/build/GlyphItem/FontItem_300A.font.lyn.event
[LYN]	Fonts/build/GlyphItem/FontItem_300B.font.lyn.event
[LYN]	Fonts/build/GlyphItem/FontItem_3008.font.lyn.event
[LYN]	Fonts/build/GlyphItem/FontItem_3009.font.lyn.event
[LYN]	Fonts/build/GlyphItem/FontItem_FF0B.font.lyn.event
[LYN]	Fonts/build/GlyphItem/FontItem_00B7.font.lyn.event
[LYN]	Fonts/build/GlyphItem/FontItem_2022.font.lyn.event
[LYN]	Fonts/build/GlyphItem/FontItem_002B.font.lyn.event
[LYN]	Fonts/build/GlyphItem/FontItem_554A.font.lyn.event
[LYN]	Fonts/build/GlyphItem/FontItem_963F.font.lyn.event
[LYN]	Fonts/build/GlyphItem/FontItem_57C3.font.lyn.event
[LYN]	Fonts/build/GlyphItem/FontItem_827E.font.lyn.event
[LYN]	Fonts/build/GlyphItem/FontItem_7231.font.lyn.event
[LYN]	Fonts/build/GlyphItem/FontItem_5B89.font.lyn.event
[LYN]	Fonts/build/GlyphItem/FontItem_6309.font.lyn.event
[LYN]	Fonts/build/GlyphItem/FontItem_6697.font.lyn.event
[LYN]	Fonts/build/GlyphItem/FontItem_5CB8.font.lyn.event
[LYN]	Fonts/build/GlyphItem/FontItem_6848.font.lyn.event
[LYN]	Fonts/build/GlyphItem/FontItem_7FF1.font.lyn.event
[LYN]	Fonts/build/GlyphItem/FontItem_50B2.font.lyn.event
[LYN]	Fonts/build/GlyphItem/FontItem_5965.font.lyn.event
[LYN]	Fonts/build/GlyphItem/FontItem_5427.font.lyn.event
[LYN]	Fonts/build/GlyphItem/FontItem_516B.font.lyn.event
[LYN]	Fonts/build/GlyphItem/FontItem_5DF4.font.lyn.event
[LYN]	Fonts/build/GlyphItem/FontItem_62D4.font.lyn.event
[LYN]	Fonts/build/GlyphItem/FontItem_628A.font.lyn.event
[LYN]	Fonts/build/GlyphItem/FontItem_9738.font.lyn.event
[LYN]	Fonts/build/GlyphItem/FontItem_7238.font.lyn.event
[LYN]	Fonts/build/GlyphItem/FontItem_767D.font.lyn.event
[LYN]	Fonts/build/GlyphItem/FontItem_767E.font.lyn.event
[LYN]	Fonts/build/GlyphItem/FontItem_6446.font.lyn.event
[LYN]	Fonts/build/GlyphItem/FontItem_8D25.font.lyn.event
[LYN]	Fonts/build/GlyphItem/FontItem_62DC.font.lyn.event
[LYN]	Fonts/build/GlyphItem/FontItem_822C.font.lyn.event
[LYN]	Fonts/build/GlyphItem/FontItem_73ED.font.lyn.event
[LYN]	Fonts/build/GlyphItem/FontItem_677F.font.lyn.event
[LYN]	Fonts/build/GlyphItem/FontItem_7248.font.lyn.event
[LYN]	Fonts/build/GlyphItem/FontItem_4F34.font.lyn.event
[LYN]	Fonts/build/GlyphItem/FontItem_534A.font.lyn.event
[LYN]	Fonts/build/GlyphItem/FontItem_529E.font.lyn.event
[LYN]	Fonts/build/GlyphItem/FontItem_7ECA.font.lyn.event
[LYN]	Fonts/build/GlyphItem/FontItem_90A6.font.lyn.event
[LYN]	Fonts/build/GlyphItem/FontItem_5E2E.font.lyn.event
[LYN]	Fonts/build/GlyphItem/FontItem_699C.font.lyn.event
[LYN]	Fonts/build/GlyphItem/FontItem_80DE.font.lyn.event
[LYN]	Fonts/build/GlyphItem/FontItem_5305.font.lyn.event
[LYN]	Fonts/build/GlyphItem/FontItem_4FDD.font.lyn.event
[LYN]	Fonts/build/GlyphItem/FontItem_9971.font.lyn.event
[LYN]	Fonts/build/GlyphItem/FontItem_5B9D.font.lyn.event
[LYN]	Fonts/build/GlyphItem/FontItem_62B1.font.lyn.event
[LYN]	Fonts/build/GlyphItem/FontItem_62A5.font.lyn.event
[LYN]	Fonts/build/GlyphItem/FontItem_66B4.font.lyn.event
[LYN]	Fonts/build/GlyphItem/FontItem_9C8D.font.lyn.event
[LYN]	Fonts/build/GlyphItem/FontItem_7206.font.lyn.event
[LYN]	Fonts/build/GlyphItem/FontItem_60B2.font.lyn.event
[LYN]	Fonts/build/GlyphItem/FontItem_5351.font.lyn.event
[LYN]	Fonts/build/GlyphItem/FontItem_5317.font.lyn.event
[LYN]	Fonts/build/GlyphItem/FontItem_8F88.font.lyn.event
[LYN]	Fonts/build/GlyphItem/FontItem_80CC.font.lyn.event
[LYN]	Fonts/build/GlyphItem/FontItem_8D1D.font.lyn.event
[LYN]	Fonts/build/GlyphItem/FontItem_500D.font.lyn.event
[LYN]	Fonts/build/GlyphItem/FontItem_5907.font.lyn.event
[LYN]	Fonts/build/GlyphItem/FontItem_60EB.font.lyn.event
[LYN]	Fonts/build/GlyphItem/FontItem_88AB.font.lyn.event
[LYN]	Fonts/build/GlyphItem/FontItem_5954.font.lyn.event
[LYN]	Fonts/build/GlyphItem/FontItem_672C.font.lyn.event
[LYN]	Fonts/build/GlyphItem/FontItem_5D29.font.lyn.event
[LYN]	Fonts/build/GlyphItem/FontItem_903C.font.lyn.event
[LYN]	Fonts/build/GlyphItem/FontItem_6BD4.font.lyn.event
[LYN]	Fonts/build/GlyphItem/FontItem_5F7C.font.lyn.event
[LYN]	Fonts/build/GlyphItem/FontItem_78A7.font.lyn.event
[LYN]	Fonts/build/GlyphItem/FontItem_6BD5.font.lyn.event
[LYN]	Fonts/build/GlyphItem/FontItem_5E01.font.lyn.event
[LYN]	Fonts/build/GlyphItem/FontItem_95ED.font.lyn.event
[LYN]	Fonts/build/GlyphItem/FontItem_5FC5.font.lyn.event
[LYN]	Fonts/build/GlyphItem/FontItem_58C1.font.lyn.event
[LYN]	Fonts/build/GlyphItem/FontItem_81C2.font.lyn.event
[LYN]	Fonts/build/GlyphItem/FontItem_907F.font.lyn.event
[LYN]	Fonts/build/GlyphItem/FontItem_97AD.font.lyn.event
[LYN]	Fonts/build/GlyphItem/FontItem_8FB9.font.lyn.event
[LYN]	Fonts/build/GlyphItem/FontItem_7F16.font.lyn.event
[LYN]	Fonts/build/GlyphItem/FontItem_4FBF.font.lyn.event
[LYN]	Fonts/build/GlyphItem/FontItem_53D8.font.lyn.event
[LYN]	Fonts/build/GlyphItem/FontItem_904D.font.lyn.event
[LYN]	Fonts/build/GlyphItem/FontItem_6807.font.lyn.event
[LYN]	Fonts/build/GlyphItem/FontItem_8868.font.lyn.event
[LYN]	Fonts/build/GlyphItem/FontItem_522B.font.lyn.event
[LYN]	Fonts/build/GlyphItem/FontItem_5175.font.lyn.event
[LYN]	Fonts/build/GlyphItem/FontItem_51B0.font.lyn.event
[LYN]	Fonts/build/GlyphItem/FontItem_67C4.font.lyn.event
[LYN]	Fonts/build/GlyphItem/FontItem_75C5.font.lyn.event
[LYN]	Fonts/build/GlyphItem/FontItem_5E76.font.lyn.event
[LYN]	Fonts/build/GlyphItem/FontItem_64AD.font.lyn.event
[LYN]	Fonts/build/GlyphItem/FontItem_6CE2.font.lyn.event
[LYN]	Fonts/build/GlyphItem/FontItem_535A.font.lyn.event
[LYN]	Fonts/build/GlyphItem/FontItem_4F2F.font.lyn.event
[LYN]	Fonts/build/GlyphItem/FontItem_6355.font.lyn.event
[LYN]	Fonts/build/GlyphItem/FontItem_535C.font.lyn.event
[LYN]	Fonts/build/GlyphItem/FontItem_8865.font.lyn.event
[LYN]	Fonts/build/GlyphItem/FontItem_4E0D.font.lyn.event
[LYN]	Fonts/build/GlyphItem/FontItem_5E03.font.lyn.event
[LYN]	Fonts/build/GlyphItem/FontItem_6B65.font.lyn.event
[LYN]	Fonts/build/GlyphItem/FontItem_90E8.font.lyn.event
[LYN]	Fonts/build/GlyphItem/FontItem_624D.font.lyn.event
[LYN]	Fonts/build/GlyphItem/FontItem_64E6.font.lyn.event
[LYN]	Fonts/build/GlyphItem/FontItem_8D22.font.lyn.event
[LYN]	Fonts/build/GlyphItem/FontItem_5F69.font.lyn.event
[LYN]	Fonts/build/GlyphItem/FontItem_83DC.font.lyn.event
[LYN]	Fonts/build/GlyphItem/FontItem_53C2.font.lyn.event
[LYN]	Fonts/build/GlyphItem/FontItem_6B8B.font.lyn.event
[LYN]	Fonts/build/GlyphItem/FontItem_82CD.font.lyn.event
[LYN]	Fonts/build/GlyphItem/FontItem_85CF.font.lyn.event
[LYN]	Fonts/build/GlyphItem/FontItem_64CD.font.lyn.event
[LYN]	Fonts/build/GlyphItem/FontItem_8349.font.lyn.event
[LYN]	Fonts/build/GlyphItem/FontItem_7B56.font.lyn.event
[LYN]	Fonts/build/GlyphItem/FontItem_4FA7.font.lyn.event
[LYN]	Fonts/build/GlyphItem/FontItem_6D4B.font.lyn.event
[LYN]	Fonts/build/GlyphItem/FontItem_5C42.font.lyn.event
[LYN]	Fonts/build/GlyphItem/FontItem_67E5.font.lyn.event
[LYN]	Fonts/build/GlyphItem/FontItem_5BDF.font.lyn.event
[LYN]	Fonts/build/GlyphItem/FontItem_5DEE.font.lyn.event
[LYN]	Fonts/build/GlyphItem/FontItem_7F20.font.lyn.event
[LYN]	Fonts/build/GlyphItem/FontItem_94F2.font.lyn.event
[LYN]	Fonts/build/GlyphItem/FontItem_4EA7.font.lyn.event
[LYN]	Fonts/build/GlyphItem/FontItem_573A.font.lyn.event
[LYN]	Fonts/build/GlyphItem/FontItem_5E38.font.lyn.event
[LYN]	Fonts/build/GlyphItem/FontItem_957F.font.lyn.event
[LYN]	Fonts/build/GlyphItem/FontItem_507F.font.lyn.event
[LYN]	Fonts/build/GlyphItem/FontItem_8D85.font.lyn.event
[LYN]	Fonts/build/GlyphItem/FontItem_671D.font.lyn.event
[LYN]	Fonts/build/GlyphItem/FontItem_5435.font.lyn.event
[LYN]	Fonts/build/GlyphItem/FontItem_64A4.font.lyn.event
[LYN]	Fonts/build/GlyphItem/FontItem_81E3.font.lyn.event
[LYN]	Fonts/build/GlyphItem/FontItem_5C18.font.lyn.event
[LYN]	Fonts/build/GlyphItem/FontItem_6C89.font.lyn.event
[LYN]	Fonts/build/GlyphItem/FontItem_79F0.font.lyn.event
[LYN]	Fonts/build/GlyphItem/FontItem_6210.font.lyn.event
[LYN]	Fonts/build/GlyphItem/FontItem_57CE.font.lyn.event
[LYN]	Fonts/build/GlyphItem/FontItem_4E58.font.lyn.event
[LYN]	Fonts/build/GlyphItem/FontItem_7A0B.font.lyn.event
[LYN]	Fonts/build/GlyphItem/FontItem_8BDA.font.lyn.event
[LYN]	Fonts/build/GlyphItem/FontItem_627F.font.lyn.event
[LYN]	Fonts/build/GlyphItem/FontItem_5403.font.lyn.event
[LYN]	Fonts/build/GlyphItem/FontItem_75F4.font.lyn.event
[LYN]	Fonts/build/GlyphItem/FontItem_5319.font.lyn.event
[LYN]	Fonts/build/GlyphItem/FontItem_6301.font.lyn.event
[LYN]	Fonts/build/GlyphItem/FontItem_8FDF.font.lyn.event
[LYN]	Fonts/build/GlyphItem/FontItem_5F1B.font.lyn.event
[LYN]	Fonts/build/GlyphItem/FontItem_9A70.font.lyn.event
[LYN]	Fonts/build/GlyphItem/FontItem_8D64.font.lyn.event
[LYN]	Fonts/build/GlyphItem/FontItem_5145.font.lyn.event
[LYN]	Fonts/build/GlyphItem/FontItem_51B2.font.lyn.event
[LYN]	Fonts/build/GlyphItem/FontItem_916C.font.lyn.event
[LYN]	Fonts/build/GlyphItem/FontItem_4EC7.font.lyn.event
[LYN]	Fonts/build/GlyphItem/FontItem_521D.font.lyn.event
[LYN]	Fonts/build/GlyphItem/FontItem_51FA.font.lyn.event
[LYN]	Fonts/build/GlyphItem/FontItem_53A8.font.lyn.event
[LYN]	Fonts/build/GlyphItem/FontItem_9664.font.lyn.event
[LYN]	Fonts/build/GlyphItem/FontItem_695A.font.lyn.event
[LYN]	Fonts/build/GlyphItem/FontItem_7840.font.lyn.event
[LYN]	Fonts/build/GlyphItem/FontItem_89E6.font.lyn.event
[LYN]	Fonts/build/GlyphItem/FontItem_5904.font.lyn.event
[LYN]	Fonts/build/GlyphItem/FontItem_5DDD.font.lyn.event
[LYN]	Fonts/build/GlyphItem/FontItem_7A7F.font.lyn.event
[LYN]	Fonts/build/GlyphItem/FontItem_4F20.font.lyn.event
[LYN]	Fonts/build/GlyphItem/FontItem_8239.font.lyn.event
[LYN]	Fonts/build/GlyphItem/FontItem_7A97.font.lyn.event
[LYN]	Fonts/build/GlyphItem/FontItem_5E8A.font.lyn.event
[LYN]	Fonts/build/GlyphItem/FontItem_521B.font.lyn.event
[LYN]	Fonts/build/GlyphItem/FontItem_9524.font.lyn.event
[LYN]	Fonts/build/GlyphItem/FontItem_5782.font.lyn.event
[LYN]	Fonts/build/GlyphItem/FontItem_7EAF.font.lyn.event
[LYN]	Fonts/build/GlyphItem/FontItem_8822.font.lyn.event
[LYN]	Fonts/build/GlyphItem/FontItem_96CC.font.lyn.event
[LYN]	Fonts/build/GlyphItem/FontItem_8F9E.font.lyn.event
[LYN]	Fonts/build/GlyphItem/FontItem_6148.font.lyn.event
[LYN]	Fonts/build/GlyphItem/FontItem_6B64.font.lyn.event
[LYN]	Fonts/build/GlyphItem/FontItem_523A.font.lyn.event
[LYN]	Fonts/build/GlyphItem/FontItem_8D50.font.lyn.event
[LYN]	Fonts/build/GlyphItem/FontItem_6B21.font.lyn.event
[LYN]	Fonts/build/GlyphItem/FontItem_4ECE.font.lyn.event
[LYN]	Fonts/build/GlyphItem/FontItem_5D14.font.lyn.event
[LYN]	Fonts/build/GlyphItem/FontItem_6751.font.lyn.event
[LYN]	Fonts/build/GlyphItem/FontItem_5B58.font.lyn.event
[LYN]	Fonts/build/GlyphItem/FontItem_9519.font.lyn.event
[LYN]	Fonts/build/GlyphItem/FontItem_642D.font.lyn.event
[LYN]	Fonts/build/GlyphItem/FontItem_8FBE.font.lyn.event
[LYN]	Fonts/build/GlyphItem/FontItem_7B54.font.lyn.event
[LYN]	Fonts/build/GlyphItem/FontItem_6253.font.lyn.event
[LYN]	Fonts/build/GlyphItem/FontItem_5927.font.lyn.event
[LYN]	Fonts/build/GlyphItem/FontItem_5446.font.lyn.event
[LYN]	Fonts/build/GlyphItem/FontItem_6234.font.lyn.event
[LYN]	Fonts/build/GlyphItem/FontItem_5E26.font.lyn.event
[LYN]	Fonts/build/GlyphItem/FontItem_4EE3.font.lyn.event
[LYN]	Fonts/build/GlyphItem/FontItem_5F85.font.lyn.event
[LYN]	Fonts/build/GlyphItem/FontItem_62C5.font.lyn.event
[LYN]	Fonts/build/GlyphItem/FontItem_5355.font.lyn.event
[LYN]	Fonts/build/GlyphItem/FontItem_80C6.font.lyn.event
[LYN]	Fonts/build/GlyphItem/FontItem_65E6.font.lyn.event
[LYN]	Fonts/build/GlyphItem/FontItem_4F46.font.lyn.event
[LYN]	Fonts/build/GlyphItem/FontItem_6DE1.font.lyn.event
[LYN]	Fonts/build/GlyphItem/FontItem_8BDE.font.lyn.event
[LYN]	Fonts/build/GlyphItem/FontItem_86CB.font.lyn.event
[LYN]	Fonts/build/GlyphItem/FontItem_5012.font.lyn.event
[LYN]	Fonts/build/GlyphItem/FontItem_6321.font.lyn.event
[LYN]	Fonts/build/GlyphItem/FontItem_5F53.font.lyn.event
[LYN]	Fonts/build/GlyphItem/FontItem_515A.font.lyn.event
[LYN]	Fonts/build/GlyphItem/FontItem_6863.font.lyn.event
[LYN]	Fonts/build/GlyphItem/FontItem_5200.font.lyn.event
[LYN]	Fonts/build/GlyphItem/FontItem_8E48.font.lyn.event
[LYN]	Fonts/build/GlyphItem/FontItem_5C9B.font.lyn.event
[LYN]	Fonts/build/GlyphItem/FontItem_7977.font.lyn.event
[LYN]	Fonts/build/GlyphItem/FontItem_5BFC.font.lyn.event
[LYN]	Fonts/build/GlyphItem/FontItem_5230.font.lyn.event
[LYN]	Fonts/build/GlyphItem/FontItem_9053.font.lyn.event
[LYN]	Fonts/build/GlyphItem/FontItem_76D7.font.lyn.event
[LYN]	Fonts/build/GlyphItem/FontItem_5FB7.font.lyn.event
[LYN]	Fonts/build/GlyphItem/FontItem_5F97.font.lyn.event
[LYN]	Fonts/build/GlyphItem/FontItem_7684.font.lyn.event
[LYN]	Fonts/build/GlyphItem/FontItem_767B.font.lyn.event
[LYN]	Fonts/build/GlyphItem/FontItem_7B49.font.lyn.event
[LYN]	Fonts/build/GlyphItem/FontItem_8FEA.font.lyn.event
[LYN]	Fonts/build/GlyphItem/FontItem_654C.font.lyn.event
[LYN]	Fonts/build/GlyphItem/FontItem_62B5.font.lyn.event
[LYN]	Fonts/build/GlyphItem/FontItem_5E95.font.lyn.event
[LYN]	Fonts/build/GlyphItem/FontItem_5730.font.lyn.event
[LYN]	Fonts/build/GlyphItem/FontItem_8482.font.lyn.event
[LYN]	Fonts/build/GlyphItem/FontItem_7B2C.font.lyn.event
[LYN]	Fonts/build/GlyphItem/FontItem_5F1F.font.lyn.event
[LYN]	Fonts/build/GlyphItem/FontItem_70B9.font.lyn.event
[LYN]	Fonts/build/GlyphItem/FontItem_7535.font.lyn.event
[LYN]	Fonts/build/GlyphItem/FontItem_5E97.font.lyn.event
[LYN]	Fonts/build/GlyphItem/FontItem_6BBF.font.lyn.event
[LYN]	Fonts/build/GlyphItem/FontItem_6389.font.lyn.event
[LYN]	Fonts/build/GlyphItem/FontItem_540A.font.lyn.event
[LYN]	Fonts/build/GlyphItem/FontItem_8C03.font.lyn.event
[LYN]	Fonts/build/GlyphItem/FontItem_9876.font.lyn.event
[LYN]	Fonts/build/GlyphItem/FontItem_5B9A.font.lyn.event
[LYN]	Fonts/build/GlyphItem/FontItem_4E22.font.lyn.event
[LYN]	Fonts/build/GlyphItem/FontItem_4E1C.font.lyn.event
[LYN]	Fonts/build/GlyphItem/FontItem_51AC.font.lyn.event
[LYN]	Fonts/build/GlyphItem/FontItem_61C2.font.lyn.event
[LYN]	Fonts/build/GlyphItem/FontItem_52A8.font.lyn.event
[LYN]	Fonts/build/GlyphItem/FontItem_51BB.font.lyn.event
[LYN]	Fonts/build/GlyphItem/FontItem_6D1E.font.lyn.event
[LYN]	Fonts/build/GlyphItem/FontItem_6597.font.lyn.event
[LYN]	Fonts/build/GlyphItem/FontItem_90FD.font.lyn.event
[LYN]	Fonts/build/GlyphItem/FontItem_7763.font.lyn.event
[LYN]	Fonts/build/GlyphItem/FontItem_6BD2.font.lyn.event
[LYN]	Fonts/build/GlyphItem/FontItem_72EC.font.lyn.event
[LYN]	Fonts/build/GlyphItem/FontItem_8BFB.font.lyn.event
[LYN]	Fonts/build/GlyphItem/FontItem_5835.font.lyn.event
[LYN]	Fonts/build/GlyphItem/FontItem_8D4C.font.lyn.event
[LYN]	Fonts/build/GlyphItem/FontItem_5EA6.font.lyn.event
[LYN]	Fonts/build/GlyphItem/FontItem_6E21.font.lyn.event
[LYN]	Fonts/build/GlyphItem/FontItem_7AEF.font.lyn.event
[LYN]	Fonts/build/GlyphItem/FontItem_77ED.font.lyn.event
[LYN]	Fonts/build/GlyphItem/FontItem_953B.font.lyn.event
[LYN]	Fonts/build/GlyphItem/FontItem_6BB5.font.lyn.event
[LYN]	Fonts/build/GlyphItem/FontItem_65AD.font.lyn.event
[LYN]	Fonts/build/GlyphItem/FontItem_961F.font.lyn.event
[LYN]	Fonts/build/GlyphItem/FontItem_5BF9.font.lyn.event
[LYN]	Fonts/build/GlyphItem/FontItem_987F.font.lyn.event
[LYN]	Fonts/build/GlyphItem/FontItem_76FE.font.lyn.event
[LYN]	Fonts/build/GlyphItem/FontItem_591A.font.lyn.event
[LYN]	Fonts/build/GlyphItem/FontItem_593A.font.lyn.event
[LYN]	Fonts/build/GlyphItem/FontItem_8EB2.font.lyn.event
[LYN]	Fonts/build/GlyphItem/FontItem_6076.font.lyn.event
[LYN]	Fonts/build/GlyphItem/FontItem_6069.font.lyn.event
[LYN]	Fonts/build/GlyphItem/FontItem_800C.font.lyn.event
[LYN]	Fonts/build/GlyphItem/FontItem_513F.font.lyn.event
[LYN]	Fonts/build/GlyphItem/FontItem_8033.font.lyn.event
[LYN]	Fonts/build/GlyphItem/FontItem_5C14.font.lyn.event
[LYN]	Fonts/build/GlyphItem/FontItem_4E8C.font.lyn.event
[LYN]	Fonts/build/GlyphItem/FontItem_53D1.font.lyn.event
[LYN]	Fonts/build/GlyphItem/FontItem_6CD5.font.lyn.event
[LYN]	Fonts/build/GlyphItem/FontItem_73D0.font.lyn.event
[LYN]	Fonts/build/GlyphItem/FontItem_756A.font.lyn.event
[LYN]	Fonts/build/GlyphItem/FontItem_7E41.font.lyn.event
[LYN]	Fonts/build/GlyphItem/FontItem_51E1.font.lyn.event
[LYN]	Fonts/build/GlyphItem/FontItem_70E6.font.lyn.event
[LYN]	Fonts/build/GlyphItem/FontItem_53CD.font.lyn.event
[LYN]	Fonts/build/GlyphItem/FontItem_8FD4.font.lyn.event
[LYN]	Fonts/build/GlyphItem/FontItem_8303.font.lyn.event
[LYN]	Fonts/build/GlyphItem/FontItem_72AF.font.lyn.event
[LYN]	Fonts/build/GlyphItem/FontItem_65B9.font.lyn.event
[LYN]	Fonts/build/GlyphItem/FontItem_623F.font.lyn.event
[LYN]	Fonts/build/GlyphItem/FontItem_9632.font.lyn.event
[LYN]	Fonts/build/GlyphItem/FontItem_4EFF.font.lyn.event
[LYN]	Fonts/build/GlyphItem/FontItem_8BBF.font.lyn.event
[LYN]	Fonts/build/GlyphItem/FontItem_653E.font.lyn.event
[LYN]	Fonts/build/GlyphItem/FontItem_83F2.font.lyn.event
[LYN]	Fonts/build/GlyphItem/FontItem_975E.font.lyn.event
[LYN]	Fonts/build/GlyphItem/FontItem_98DE.font.lyn.event
[LYN]	Fonts/build/GlyphItem/FontItem_5E9F.font.lyn.event
[LYN]	Fonts/build/GlyphItem/FontItem_8D39.font.lyn.event
[LYN]	Fonts/build/GlyphItem/FontItem_82AC.font.lyn.event
[LYN]	Fonts/build/GlyphItem/FontItem_5206.font.lyn.event
[LYN]	Fonts/build/GlyphItem/FontItem_594B.font.lyn.event
[LYN]	Fonts/build/GlyphItem/FontItem_4EFD.font.lyn.event
[LYN]	Fonts/build/GlyphItem/FontItem_6124.font.lyn.event
[LYN]	Fonts/build/GlyphItem/FontItem_4E30.font.lyn.event
[LYN]	Fonts/build/GlyphItem/FontItem_5C01.font.lyn.event
[LYN]	Fonts/build/GlyphItem/FontItem_950B.font.lyn.event
[LYN]	Fonts/build/GlyphItem/FontItem_98CE.font.lyn.event
[LYN]	Fonts/build/GlyphItem/FontItem_75AF.font.lyn.event
[LYN]	Fonts/build/GlyphItem/FontItem_9022.font.lyn.event
[LYN]	Fonts/build/GlyphItem/FontItem_7F1D.font.lyn.event
[LYN]	Fonts/build/GlyphItem/FontItem_5949.font.lyn.event
[LYN]	Fonts/build/GlyphItem/FontItem_5426.font.lyn.event
[LYN]	Fonts/build/GlyphItem/FontItem_592B.font.lyn.event
[LYN]	Fonts/build/GlyphItem/FontItem_5E45.font.lyn.event
[LYN]	Fonts/build/GlyphItem/FontItem_7B26.font.lyn.event
[LYN]	Fonts/build/GlyphItem/FontItem_670D.font.lyn.event
[LYN]	Fonts/build/GlyphItem/FontItem_6D6E.font.lyn.event
[LYN]	Fonts/build/GlyphItem/FontItem_798F.font.lyn.event
[LYN]	Fonts/build/GlyphItem/FontItem_5F17.font.lyn.event
[LYN]	Fonts/build/GlyphItem/FontItem_629A.font.lyn.event
[LYN]	Fonts/build/GlyphItem/FontItem_8F85.font.lyn.event
[LYN]	Fonts/build/GlyphItem/FontItem_65A7.font.lyn.event
[LYN]	Fonts/build/GlyphItem/FontItem_8150.font.lyn.event
[LYN]	Fonts/build/GlyphItem/FontItem_8D74.font.lyn.event
[LYN]	Fonts/build/GlyphItem/FontItem_526F.font.lyn.event
[LYN]	Fonts/build/GlyphItem/FontItem_8986.font.lyn.event
[LYN]	Fonts/build/GlyphItem/FontItem_8D4B.font.lyn.event
[LYN]	Fonts/build/GlyphItem/FontItem_590D.font.lyn.event
[LYN]	Fonts/build/GlyphItem/FontItem_4ED8.font.lyn.event
[LYN]	Fonts/build/GlyphItem/FontItem_7236.font.lyn.event
[LYN]	Fonts/build/GlyphItem/FontItem_8D1F.font.lyn.event
[LYN]	Fonts/build/GlyphItem/FontItem_5BCC.font.lyn.event
[LYN]	Fonts/build/GlyphItem/FontItem_9644.font.lyn.event
[LYN]	Fonts/build/GlyphItem/FontItem_5987.font.lyn.event
[LYN]	Fonts/build/GlyphItem/FontItem_7F1A.font.lyn.event
[LYN]	Fonts/build/GlyphItem/FontItem_8BE5.font.lyn.event
[LYN]	Fonts/build/GlyphItem/FontItem_6539.font.lyn.event
[LYN]	Fonts/build/GlyphItem/FontItem_6982.font.lyn.event
[LYN]	Fonts/build/GlyphItem/FontItem_76D6.font.lyn.event
[LYN]	Fonts/build/GlyphItem/FontItem_7518.font.lyn.event
[LYN]	Fonts/build/GlyphItem/FontItem_6746.font.lyn.event
[LYN]	Fonts/build/GlyphItem/FontItem_8D76.font.lyn.event
[LYN]	Fonts/build/GlyphItem/FontItem_611F.font.lyn.event
[LYN]	Fonts/build/GlyphItem/FontItem_521A.font.lyn.event
[LYN]	Fonts/build/GlyphItem/FontItem_94A2.font.lyn.event
[LYN]	Fonts/build/GlyphItem/FontItem_9AD8.font.lyn.event
[LYN]	Fonts/build/GlyphItem/FontItem_7CD5.font.lyn.event
[LYN]	Fonts/build/GlyphItem/FontItem_544A.font.lyn.event
[LYN]	Fonts/build/GlyphItem/FontItem_54E5.font.lyn.event
[LYN]	Fonts/build/GlyphItem/FontItem_6B4C.font.lyn.event
[LYN]	Fonts/build/GlyphItem/FontItem_683C.font.lyn.event
[LYN]	Fonts/build/GlyphItem/FontItem_9694.font.lyn.event
[LYN]	Fonts/build/GlyphItem/FontItem_4E2A.font.lyn.event
[LYN]	Fonts/build/GlyphItem/FontItem_5404.font.lyn.event
[LYN]	Fonts/build/GlyphItem/FontItem_7ED9.font.lyn.event
[LYN]	Fonts/build/GlyphItem/FontItem_8DDF.font.lyn.event
[LYN]	Fonts/build/GlyphItem/FontItem_8015.font.lyn.event
[LYN]	Fonts/build/GlyphItem/FontItem_66F4.font.lyn.event
[LYN]	Fonts/build/GlyphItem/FontItem_6839.font.lyn.event
[LYN]	Fonts/build/GlyphItem/FontItem_803F.font.lyn.event
[LYN]	Fonts/build/GlyphItem/FontItem_5DE5.font.lyn.event
[LYN]	Fonts/build/GlyphItem/FontItem_653B.font.lyn.event
[LYN]	Fonts/build/GlyphItem/FontItem_529F.font.lyn.event
[LYN]	Fonts/build/GlyphItem/FontItem_4F9B.font.lyn.event
[LYN]	Fonts/build/GlyphItem/FontItem_516C.font.lyn.event
[LYN]	Fonts/build/GlyphItem/FontItem_5BAB.font.lyn.event
[LYN]	Fonts/build/GlyphItem/FontItem_5F13.font.lyn.event
[LYN]	Fonts/build/GlyphItem/FontItem_8D21.font.lyn.event
[LYN]	Fonts/build/GlyphItem/FontItem_5171.font.lyn.event
[LYN]	Fonts/build/GlyphItem/FontItem_6784.font.lyn.event
[LYN]	Fonts/build/GlyphItem/FontItem_8D2D.font.lyn.event
[LYN]	Fonts/build/GlyphItem/FontItem_591F.font.lyn.event
[LYN]	Fonts/build/GlyphItem/FontItem_5B64.font.lyn.event
[LYN]	Fonts/build/GlyphItem/FontItem_59D1.font.lyn.event
[LYN]	Fonts/build/GlyphItem/FontItem_9F13.font.lyn.event
[LYN]	Fonts/build/GlyphItem/FontItem_53E4.font.lyn.event
[LYN]	Fonts/build/GlyphItem/FontItem_9AA8.font.lyn.event
[LYN]	Fonts/build/GlyphItem/FontItem_8C37.font.lyn.event
[LYN]	Fonts/build/GlyphItem/FontItem_6545.font.lyn.event
[LYN]	Fonts/build/GlyphItem/FontItem_987E.font.lyn.event
[LYN]	Fonts/build/GlyphItem/FontItem_56FA.font.lyn.event
[LYN]	Fonts/build/GlyphItem/FontItem_96C7.font.lyn.event
[LYN]	Fonts/build/GlyphItem/FontItem_602A.font.lyn.event
[LYN]	Fonts/build/GlyphItem/FontItem_5173.font.lyn.event
[LYN]	Fonts/build/GlyphItem/FontItem_5B98.font.lyn.event
[LYN]	Fonts/build/GlyphItem/FontItem_89C2.font.lyn.event
[LYN]	Fonts/build/GlyphItem/FontItem_7BA1.font.lyn.event
[LYN]	Fonts/build/GlyphItem/FontItem_9986.font.lyn.event
[LYN]	Fonts/build/GlyphItem/FontItem_60EF.font.lyn.event
[LYN]	Fonts/build/GlyphItem/FontItem_8D2F.font.lyn.event
[LYN]	Fonts/build/GlyphItem/FontItem_5149.font.lyn.event
[LYN]	Fonts/build/GlyphItem/FontItem_5E7F.font.lyn.event
[LYN]	Fonts/build/GlyphItem/FontItem_89C4.font.lyn.event
[LYN]	Fonts/build/GlyphItem/FontItem_5F52.font.lyn.event
[LYN]	Fonts/build/GlyphItem/FontItem_8F68.font.lyn.event
[LYN]	Fonts/build/GlyphItem/FontItem_9B3C.font.lyn.event
[LYN]	Fonts/build/GlyphItem/FontItem_8D35.font.lyn.event
[LYN]	Fonts/build/GlyphItem/FontItem_6EDA.font.lyn.event
[LYN]	Fonts/build/GlyphItem/FontItem_56FD.font.lyn.event
[LYN]	Fonts/build/GlyphItem/FontItem_679C.font.lyn.event
[LYN]	Fonts/build/GlyphItem/FontItem_8FC7.font.lyn.event
[LYN]	Fonts/build/GlyphItem/FontItem_54C8.font.lyn.event
[LYN]	Fonts/build/GlyphItem/FontItem_5B69.font.lyn.event
[LYN]	Fonts/build/GlyphItem/FontItem_6D77.font.lyn.event
[LYN]	Fonts/build/GlyphItem/FontItem_5BB3.font.lyn.event
[LYN]	Fonts/build/GlyphItem/FontItem_5BD2.font.lyn.event
[LYN]	Fonts/build/GlyphItem/FontItem_7FF0.font.lyn.event
[LYN]	Fonts/build/GlyphItem/FontItem_64BC.font.lyn.event
[LYN]	Fonts/build/GlyphItem/FontItem_6C49.font.lyn.event
[LYN]	Fonts/build/GlyphItem/FontItem_822A.font.lyn.event
[LYN]	Fonts/build/GlyphItem/FontItem_568E.font.lyn.event
[LYN]	Fonts/build/GlyphItem/FontItem_8C6A.font.lyn.event
[LYN]	Fonts/build/GlyphItem/FontItem_6BEB.font.lyn.event
[LYN]	Fonts/build/GlyphItem/FontItem_597D.font.lyn.event
[LYN]	Fonts/build/GlyphItem/FontItem_8017.font.lyn.event
[LYN]	Fonts/build/GlyphItem/FontItem_53F7.font.lyn.event
[LYN]	Fonts/build/GlyphItem/FontItem_548C.font.lyn.event
[LYN]	Fonts/build/GlyphItem/FontItem_4F55.font.lyn.event
[LYN]	Fonts/build/GlyphItem/FontItem_5408.font.lyn.event
[LYN]	Fonts/build/GlyphItem/FontItem_6CB3.font.lyn.event
[LYN]	Fonts/build/GlyphItem/FontItem_8D6B.font.lyn.event
[LYN]	Fonts/build/GlyphItem/FontItem_9ED1.font.lyn.event
[LYN]	Fonts/build/GlyphItem/FontItem_75D5.font.lyn.event
[LYN]	Fonts/build/GlyphItem/FontItem_5F88.font.lyn.event
[LYN]	Fonts/build/GlyphItem/FontItem_6068.font.lyn.event
[LYN]	Fonts/build/GlyphItem/FontItem_8861.font.lyn.event
[LYN]	Fonts/build/GlyphItem/FontItem_8F70.font.lyn.event
[LYN]	Fonts/build/GlyphItem/FontItem_7EA2.font.lyn.event
[LYN]	Fonts/build/GlyphItem/FontItem_4FAF.font.lyn.event
[LYN]	Fonts/build/GlyphItem/FontItem_539A.font.lyn.event
[LYN]	Fonts/build/GlyphItem/FontItem_5019.font.lyn.event
[LYN]	Fonts/build/GlyphItem/FontItem_540E.font.lyn.event
[LYN]	Fonts/build/GlyphItem/FontItem_547C.font.lyn.event
[LYN]	Fonts/build/GlyphItem/FontItem_4E4E.font.lyn.event
[LYN]	Fonts/build/GlyphItem/FontItem_7CCA.font.lyn.event
[LYN]	Fonts/build/GlyphItem/FontItem_6E56.font.lyn.event
[LYN]	Fonts/build/GlyphItem/FontItem_864E.font.lyn.event
[LYN]	Fonts/build/GlyphItem/FontItem_62A4.font.lyn.event
[LYN]	Fonts/build/GlyphItem/FontItem_4E92.font.lyn.event
[LYN]	Fonts/build/GlyphItem/FontItem_6237.font.lyn.event
[LYN]	Fonts/build/GlyphItem/FontItem_82B1.font.lyn.event
[LYN]	Fonts/build/GlyphItem/FontItem_534E.font.lyn.event
[LYN]	Fonts/build/GlyphItem/FontItem_753B.font.lyn.event
[LYN]	Fonts/build/GlyphItem/FontItem_5212.font.lyn.event
[LYN]	Fonts/build/GlyphItem/FontItem_5316.font.lyn.event
[LYN]	Fonts/build/GlyphItem/FontItem_8BDD.font.lyn.event
[LYN]	Fonts/build/GlyphItem/FontItem_6000.font.lyn.event
[LYN]	Fonts/build/GlyphItem/FontItem_574F.font.lyn.event
[LYN]	Fonts/build/GlyphItem/FontItem_6B22.font.lyn.event
[LYN]	Fonts/build/GlyphItem/FontItem_73AF.font.lyn.event
[LYN]	Fonts/build/GlyphItem/FontItem_8FD8.font.lyn.event
[LYN]	Fonts/build/GlyphItem/FontItem_6362.font.lyn.event
[LYN]	Fonts/build/GlyphItem/FontItem_60A3.font.lyn.event
[LYN]	Fonts/build/GlyphItem/FontItem_5524.font.lyn.event
[LYN]	Fonts/build/GlyphItem/FontItem_6DA3.font.lyn.event
[LYN]	Fonts/build/GlyphItem/FontItem_5E7B.font.lyn.event
[LYN]	Fonts/build/GlyphItem/FontItem_8352.font.lyn.event
[LYN]	Fonts/build/GlyphItem/FontItem_9EC4.font.lyn.event
[LYN]	Fonts/build/GlyphItem/FontItem_7687.font.lyn.event
[LYN]	Fonts/build/GlyphItem/FontItem_7070.font.lyn.event
[LYN]	Fonts/build/GlyphItem/FontItem_6325.font.lyn.event
[LYN]	Fonts/build/GlyphItem/FontItem_8F89.font.lyn.event
[LYN]	Fonts/build/GlyphItem/FontItem_6062.font.lyn.event
[LYN]	Fonts/build/GlyphItem/FontItem_56DE.font.lyn.event
[LYN]	Fonts/build/GlyphItem/FontItem_6167.font.lyn.event
[LYN]	Fonts/build/GlyphItem/FontItem_60E0.font.lyn.event
[LYN]	Fonts/build/GlyphItem/FontItem_4F1A.font.lyn.event
[LYN]	Fonts/build/GlyphItem/FontItem_7ED8.font.lyn.event
[LYN]	Fonts/build/GlyphItem/FontItem_660F.font.lyn.event
[LYN]	Fonts/build/GlyphItem/FontItem_5A5A.font.lyn.event
[LYN]	Fonts/build/GlyphItem/FontItem_9B42.font.lyn.event
[LYN]	Fonts/build/GlyphItem/FontItem_6DF7.font.lyn.event
[LYN]	Fonts/build/GlyphItem/FontItem_6D3B.font.lyn.event
[LYN]	Fonts/build/GlyphItem/FontItem_4F19.font.lyn.event
[LYN]	Fonts/build/GlyphItem/FontItem_706B.font.lyn.event
[LYN]	Fonts/build/GlyphItem/FontItem_83B7.font.lyn.event
[LYN]	Fonts/build/GlyphItem/FontItem_6216.font.lyn.event
[LYN]	Fonts/build/GlyphItem/FontItem_60D1.font.lyn.event
[LYN]	Fonts/build/GlyphItem/FontItem_7978.font.lyn.event
[LYN]	Fonts/build/GlyphItem/FontItem_51FB.font.lyn.event
[LYN]	Fonts/build/GlyphItem/FontItem_57FA.font.lyn.event
[LYN]	Fonts/build/GlyphItem/FontItem_8FF9.font.lyn.event
[LYN]	Fonts/build/GlyphItem/FontItem_673A.font.lyn.event
[LYN]	Fonts/build/GlyphItem/FontItem_6FC0.font.lyn.event
[LYN]	Fonts/build/GlyphItem/FontItem_59EC.font.lyn.event
[LYN]	Fonts/build/GlyphItem/FontItem_7EE9.font.lyn.event
[LYN]	Fonts/build/GlyphItem/FontItem_5409.font.lyn.event
[LYN]	Fonts/build/GlyphItem/FontItem_6781.font.lyn.event
[LYN]	Fonts/build/GlyphItem/FontItem_96C6.font.lyn.event
[LYN]	Fonts/build/GlyphItem/FontItem_53CA.font.lyn.event
[LYN]	Fonts/build/GlyphItem/FontItem_6025.font.lyn.event
[LYN]	Fonts/build/GlyphItem/FontItem_75BE.font.lyn.event
[LYN]	Fonts/build/GlyphItem/FontItem_5373.font.lyn.event
[LYN]	Fonts/build/GlyphItem/FontItem_7EA7.font.lyn.event
[LYN]	Fonts/build/GlyphItem/FontItem_51E0.font.lyn.event
[LYN]	Fonts/build/GlyphItem/FontItem_5DF1.font.lyn.event
[LYN]	Fonts/build/GlyphItem/FontItem_6280.font.lyn.event
[LYN]	Fonts/build/GlyphItem/FontItem_796D.font.lyn.event
[LYN]	Fonts/build/GlyphItem/FontItem_6D4E.font.lyn.event
[LYN]	Fonts/build/GlyphItem/FontItem_5BC4.font.lyn.event
[LYN]	Fonts/build/GlyphItem/FontItem_5BC2.font.lyn.event
[LYN]	Fonts/build/GlyphItem/FontItem_8BA1.font.lyn.event
[LYN]	Fonts/build/GlyphItem/FontItem_8BB0.font.lyn.event
[LYN]	Fonts/build/GlyphItem/FontItem_65E2.font.lyn.event
[LYN]	Fonts/build/GlyphItem/FontItem_7EE7.font.lyn.event
[LYN]	Fonts/build/GlyphItem/FontItem_7EAA.font.lyn.event
[LYN]	Fonts/build/GlyphItem/FontItem_5609.font.lyn.event
[LYN]	Fonts/build/GlyphItem/FontItem_5939.font.lyn.event
[LYN]	Fonts/build/GlyphItem/FontItem_4F73.font.lyn.event
[LYN]	Fonts/build/GlyphItem/FontItem_5BB6.font.lyn.event
[LYN]	Fonts/build/GlyphItem/FontItem_52A0.font.lyn.event
[LYN]	Fonts/build/GlyphItem/FontItem_7532.font.lyn.event
[LYN]	Fonts/build/GlyphItem/FontItem_5047.font.lyn.event
[LYN]	Fonts/build/GlyphItem/FontItem_4EF7.font.lyn.event
[LYN]	Fonts/build/GlyphItem/FontItem_67B6.font.lyn.event
[LYN]	Fonts/build/GlyphItem/FontItem_9A7E.font.lyn.event
[LYN]	Fonts/build/GlyphItem/FontItem_5AC1.font.lyn.event
[LYN]	Fonts/build/GlyphItem/FontItem_575A.font.lyn.event
[LYN]	Fonts/build/GlyphItem/FontItem_95F4.font.lyn.event
[LYN]	Fonts/build/GlyphItem/FontItem_517C.font.lyn.event
[LYN]	Fonts/build/GlyphItem/FontItem_80A9.font.lyn.event
[LYN]	Fonts/build/GlyphItem/FontItem_8270.font.lyn.event
[LYN]	Fonts/build/GlyphItem/FontItem_7B80.font.lyn.event
[LYN]	Fonts/build/GlyphItem/FontItem_51CF.font.lyn.event
[LYN]	Fonts/build/GlyphItem/FontItem_89C1.font.lyn.event
[LYN]	Fonts/build/GlyphItem/FontItem_952E.font.lyn.event
[LYN]	Fonts/build/GlyphItem/FontItem_7BAD.font.lyn.event
[LYN]	Fonts/build/GlyphItem/FontItem_4EF6.font.lyn.event
[LYN]	Fonts/build/GlyphItem/FontItem_5065.font.lyn.event
[LYN]	Fonts/build/GlyphItem/FontItem_5251.font.lyn.event
[LYN]	Fonts/build/GlyphItem/FontItem_6E10.font.lyn.event
[LYN]	Fonts/build/GlyphItem/FontItem_5EFA.font.lyn.event
[LYN]	Fonts/build/GlyphItem/FontItem_5C06.font.lyn.event
[LYN]	Fonts/build/GlyphItem/FontItem_5956.font.lyn.event
[LYN]	Fonts/build/GlyphItem/FontItem_8BB2.font.lyn.event
[LYN]	Fonts/build/GlyphItem/FontItem_964D.font.lyn.event
[LYN]	Fonts/build/GlyphItem/FontItem_7126.font.lyn.event
[LYN]	Fonts/build/GlyphItem/FontItem_4EA4.font.lyn.event
[LYN]	Fonts/build/GlyphItem/FontItem_90CA.font.lyn.event
[LYN]	Fonts/build/GlyphItem/FontItem_9A84.font.lyn.event
[LYN]	Fonts/build/GlyphItem/FontItem_811A.font.lyn.event
[LYN]	Fonts/build/GlyphItem/FontItem_89D2.font.lyn.event
[LYN]	Fonts/build/GlyphItem/FontItem_6559.font.lyn.event
[LYN]	Fonts/build/GlyphItem/FontItem_8F83.font.lyn.event
[LYN]	Fonts/build/GlyphItem/FontItem_53EB.font.lyn.event
[LYN]	Fonts/build/GlyphItem/FontItem_63A5.font.lyn.event
[LYN]	Fonts/build/GlyphItem/FontItem_52AB.font.lyn.event
[LYN]	Fonts/build/GlyphItem/FontItem_8282.font.lyn.event
[LYN]	Fonts/build/GlyphItem/FontItem_6770.font.lyn.event
[LYN]	Fonts/build/GlyphItem/FontItem_6377.font.lyn.event
[LYN]	Fonts/build/GlyphItem/FontItem_7AED.font.lyn.event
[LYN]	Fonts/build/GlyphItem/FontItem_6D01.font.lyn.event
[LYN]	Fonts/build/GlyphItem/FontItem_7ED3.font.lyn.event
[LYN]	Fonts/build/GlyphItem/FontItem_89E3.font.lyn.event
[LYN]	Fonts/build/GlyphItem/FontItem_59D0.font.lyn.event
[LYN]	Fonts/build/GlyphItem/FontItem_6212.font.lyn.event
[LYN]	Fonts/build/GlyphItem/FontItem_754C.font.lyn.event
[LYN]	Fonts/build/GlyphItem/FontItem_501F.font.lyn.event
[LYN]	Fonts/build/GlyphItem/FontItem_91D1.font.lyn.event
[LYN]	Fonts/build/GlyphItem/FontItem_4ECA.font.lyn.event
[LYN]	Fonts/build/GlyphItem/FontItem_6D25.font.lyn.event
[LYN]	Fonts/build/GlyphItem/FontItem_7D27.font.lyn.event
[LYN]	Fonts/build/GlyphItem/FontItem_4EC5.font.lyn.event
[LYN]	Fonts/build/GlyphItem/FontItem_8C28.font.lyn.event
[LYN]	Fonts/build/GlyphItem/FontItem_8FDB.font.lyn.event
[LYN]	Fonts/build/GlyphItem/FontItem_664B.font.lyn.event
[LYN]	Fonts/build/GlyphItem/FontItem_7981.font.lyn.event
[LYN]	Fonts/build/GlyphItem/FontItem_8FD1.font.lyn.event
[LYN]	Fonts/build/GlyphItem/FontItem_5C3D.font.lyn.event
[LYN]	Fonts/build/GlyphItem/FontItem_52B2.font.lyn.event
[LYN]	Fonts/build/GlyphItem/FontItem_60CA.font.lyn.event
[LYN]	Fonts/build/GlyphItem/FontItem_7CBE.font.lyn.event
[LYN]	Fonts/build/GlyphItem/FontItem_7ECF.font.lyn.event
[LYN]	Fonts/build/GlyphItem/FontItem_666F.font.lyn.event
[LYN]	Fonts/build/GlyphItem/FontItem_9759.font.lyn.event
[LYN]	Fonts/build/GlyphItem/FontItem_5883.font.lyn.event
[LYN]	Fonts/build/GlyphItem/FontItem_656C.font.lyn.event
[LYN]	Fonts/build/GlyphItem/FontItem_7ADF.font.lyn.event
[LYN]	Fonts/build/GlyphItem/FontItem_7ADE.font.lyn.event
[LYN]	Fonts/build/GlyphItem/FontItem_51C0.font.lyn.event
[LYN]	Fonts/build/GlyphItem/FontItem_7A76.font.lyn.event
[LYN]	Fonts/build/GlyphItem/FontItem_4E45.font.lyn.event
[LYN]	Fonts/build/GlyphItem/FontItem_9152.font.lyn.event
[LYN]	Fonts/build/GlyphItem/FontItem_6551.font.lyn.event
[LYN]	Fonts/build/GlyphItem/FontItem_65E7.font.lyn.event
[LYN]	Fonts/build/GlyphItem/FontItem_5C31.font.lyn.event
[LYN]	Fonts/build/GlyphItem/FontItem_72D9.font.lyn.event
[LYN]	Fonts/build/GlyphItem/FontItem_5C45.font.lyn.event
[LYN]	Fonts/build/GlyphItem/FontItem_5C40.font.lyn.event
[LYN]	Fonts/build/GlyphItem/FontItem_4E3E.font.lyn.event
[LYN]	Fonts/build/GlyphItem/FontItem_805A.font.lyn.event
[LYN]	Fonts/build/GlyphItem/FontItem_62D2.font.lyn.event
[LYN]	Fonts/build/GlyphItem/FontItem_636E.font.lyn.event
[LYN]	Fonts/build/GlyphItem/FontItem_5DE8.font.lyn.event
[LYN]	Fonts/build/GlyphItem/FontItem_5177.font.lyn.event
[LYN]	Fonts/build/GlyphItem/FontItem_8DDD.font.lyn.event
[LYN]	Fonts/build/GlyphItem/FontItem_53E5.font.lyn.event
[LYN]	Fonts/build/GlyphItem/FontItem_60E7.font.lyn.event
[LYN]	Fonts/build/GlyphItem/FontItem_5267.font.lyn.event
[LYN]	Fonts/build/GlyphItem/FontItem_7737.font.lyn.event
[LYN]	Fonts/build/GlyphItem/FontItem_5377.font.lyn.event
[LYN]	Fonts/build/GlyphItem/FontItem_7235.font.lyn.event
[LYN]	Fonts/build/GlyphItem/FontItem_89C9.font.lyn.event
[LYN]	Fonts/build/GlyphItem/FontItem_51B3.font.lyn.event
[LYN]	Fonts/build/GlyphItem/FontItem_7EDD.font.lyn.event
[LYN]	Fonts/build/GlyphItem/FontItem_5747.font.lyn.event
[LYN]	Fonts/build/GlyphItem/FontItem_519B.font.lyn.event
[LYN]	Fonts/build/GlyphItem/FontItem_541B.font.lyn.event
[LYN]	Fonts/build/GlyphItem/FontItem_5361.font.lyn.event
[LYN]	Fonts/build/GlyphItem/FontItem_5F00.font.lyn.event
[LYN]	Fonts/build/GlyphItem/FontItem_51EF.font.lyn.event
[LYN]	Fonts/build/GlyphItem/FontItem_6168.font.lyn.event
[LYN]	Fonts/build/GlyphItem/FontItem_582A.font.lyn.event
[LYN]	Fonts/build/GlyphItem/FontItem_574E.font.lyn.event
[LYN]	Fonts/build/GlyphItem/FontItem_780D.font.lyn.event
[LYN]	Fonts/build/GlyphItem/FontItem_770B.font.lyn.event
[LYN]	Fonts/build/GlyphItem/FontItem_6297.font.lyn.event
[LYN]	Fonts/build/GlyphItem/FontItem_5EB7.font.lyn.event
[LYN]	Fonts/build/GlyphItem/FontItem_8003.font.lyn.event
[LYN]	Fonts/build/GlyphItem/FontItem_9760.font.lyn.event
[LYN]	Fonts/build/GlyphItem/FontItem_67EF.font.lyn.event
[LYN]	Fonts/build/GlyphItem/FontItem_9897.font.lyn.event
[LYN]	Fonts/build/GlyphItem/FontItem_79D1.font.lyn.event
[LYN]	Fonts/build/GlyphItem/FontItem_53EF.font.lyn.event
[LYN]	Fonts/build/GlyphItem/FontItem_514B.font.lyn.event
[LYN]	Fonts/build/GlyphItem/FontItem_523B.font.lyn.event
[LYN]	Fonts/build/GlyphItem/FontItem_5BA2.font.lyn.event
[LYN]	Fonts/build/GlyphItem/FontItem_8BFE.font.lyn.event
[LYN]	Fonts/build/GlyphItem/FontItem_80AF.font.lyn.event
[LYN]	Fonts/build/GlyphItem/FontItem_57A6.font.lyn.event
[LYN]	Fonts/build/GlyphItem/FontItem_7A7A.font.lyn.event
[LYN]	Fonts/build/GlyphItem/FontItem_6050.font.lyn.event
[LYN]	Fonts/build/GlyphItem/FontItem_5B54.font.lyn.event
[LYN]	Fonts/build/GlyphItem/FontItem_53E3.font.lyn.event
[LYN]	Fonts/build/GlyphItem/FontItem_54ED.font.lyn.event
[LYN]	Fonts/build/GlyphItem/FontItem_7A9F.font.lyn.event
[LYN]	Fonts/build/GlyphItem/FontItem_82E6.font.lyn.event
[LYN]	Fonts/build/GlyphItem/FontItem_5E93.font.lyn.event
[LYN]	Fonts/build/GlyphItem/FontItem_5FEB.font.lyn.event
[LYN]	Fonts/build/GlyphItem/FontItem_72C2.font.lyn.event
[LYN]	Fonts/build/GlyphItem/FontItem_77FF.font.lyn.event
[LYN]	Fonts/build/GlyphItem/FontItem_51B5.font.lyn.event
[LYN]	Fonts/build/GlyphItem/FontItem_7AA5.font.lyn.event
[LYN]	Fonts/build/GlyphItem/FontItem_6E83.font.lyn.event
[LYN]	Fonts/build/GlyphItem/FontItem_56F0.font.lyn.event
[LYN]	Fonts/build/GlyphItem/FontItem_62EC.font.lyn.event
[LYN]	Fonts/build/GlyphItem/FontItem_9614.font.lyn.event
[LYN]	Fonts/build/GlyphItem/FontItem_62C9.font.lyn.event
[LYN]	Fonts/build/GlyphItem/FontItem_83B1.font.lyn.event
[LYN]	Fonts/build/GlyphItem/FontItem_6765.font.lyn.event
[LYN]	Fonts/build/GlyphItem/FontItem_8D56.font.lyn.event
[LYN]	Fonts/build/GlyphItem/FontItem_84DD.font.lyn.event
[LYN]	Fonts/build/GlyphItem/FontItem_5170.font.lyn.event
[LYN]	Fonts/build/GlyphItem/FontItem_89C8.font.lyn.event
[LYN]	Fonts/build/GlyphItem/FontItem_61D2.font.lyn.event
[LYN]	Fonts/build/GlyphItem/FontItem_7F06.font.lyn.event
[LYN]	Fonts/build/GlyphItem/FontItem_70C2.font.lyn.event
[LYN]	Fonts/build/GlyphItem/FontItem_72FC.font.lyn.event
[LYN]	Fonts/build/GlyphItem/FontItem_90CE.font.lyn.event
[LYN]	Fonts/build/GlyphItem/FontItem_6717.font.lyn.event
[LYN]	Fonts/build/GlyphItem/FontItem_6D6A.font.lyn.event
[LYN]	Fonts/build/GlyphItem/FontItem_52B3.font.lyn.event
[LYN]	Fonts/build/GlyphItem/FontItem_7262.font.lyn.event
[LYN]	Fonts/build/GlyphItem/FontItem_8001.font.lyn.event
[LYN]	Fonts/build/GlyphItem/FontItem_4E50.font.lyn.event
[LYN]	Fonts/build/GlyphItem/FontItem_96F7.font.lyn.event
[LYN]	Fonts/build/GlyphItem/FontItem_857E.font.lyn.event
[LYN]	Fonts/build/GlyphItem/FontItem_7C7B.font.lyn.event
[LYN]	Fonts/build/GlyphItem/FontItem_6CEA.font.lyn.event
[LYN]	Fonts/build/GlyphItem/FontItem_51B7.font.lyn.event
[LYN]	Fonts/build/GlyphItem/FontItem_79BB.font.lyn.event
[LYN]	Fonts/build/GlyphItem/FontItem_7406.font.lyn.event
[LYN]	Fonts/build/GlyphItem/FontItem_91CC.font.lyn.event
[LYN]	Fonts/build/GlyphItem/FontItem_793C.font.lyn.event
[LYN]	Fonts/build/GlyphItem/FontItem_8389.font.lyn.event
[LYN]	Fonts/build/GlyphItem/FontItem_540F.font.lyn.event
[LYN]	Fonts/build/GlyphItem/FontItem_4E3D.font.lyn.event
[LYN]	Fonts/build/GlyphItem/FontItem_5389.font.lyn.event
[LYN]	Fonts/build/GlyphItem/FontItem_52B1.font.lyn.event
[LYN]	Fonts/build/GlyphItem/FontItem_5386.font.lyn.event
[LYN]	Fonts/build/GlyphItem/FontItem_5229.font.lyn.event
[LYN]	Fonts/build/GlyphItem/FontItem_7ACB.font.lyn.event
[LYN]	Fonts/build/GlyphItem/FontItem_529B.font.lyn.event
[LYN]	Fonts/build/GlyphItem/FontItem_8054.font.lyn.event
[LYN]	Fonts/build/GlyphItem/FontItem_83B2.font.lyn.event
[LYN]	Fonts/build/GlyphItem/FontItem_8FDE.font.lyn.event
[LYN]	Fonts/build/GlyphItem/FontItem_601C.font.lyn.event
[LYN]	Fonts/build/GlyphItem/FontItem_8138.font.lyn.event
[LYN]	Fonts/build/GlyphItem/FontItem_94FE.font.lyn.event
[LYN]	Fonts/build/GlyphItem/FontItem_604B.font.lyn.event
[LYN]	Fonts/build/GlyphItem/FontItem_70BC.font.lyn.event
[LYN]	Fonts/build/GlyphItem/FontItem_7EC3.font.lyn.event
[LYN]	Fonts/build/GlyphItem/FontItem_826F.font.lyn.event
[LYN]	Fonts/build/GlyphItem/FontItem_4E24.font.lyn.event
[LYN]	Fonts/build/GlyphItem/FontItem_91CF.font.lyn.event
[LYN]	Fonts/build/GlyphItem/FontItem_4EAE.font.lyn.event
[LYN]	Fonts/build/GlyphItem/FontItem_804A.font.lyn.event
[LYN]	Fonts/build/GlyphItem/FontItem_7597.font.lyn.event
[LYN]	Fonts/build/GlyphItem/FontItem_4E86.font.lyn.event
[LYN]	Fonts/build/GlyphItem/FontItem_6599.font.lyn.event
[LYN]	Fonts/build/GlyphItem/FontItem_5217.font.lyn.event
[LYN]	Fonts/build/GlyphItem/FontItem_88C2.font.lyn.event
[LYN]	Fonts/build/GlyphItem/FontItem_70C8.font.lyn.event
[LYN]	Fonts/build/GlyphItem/FontItem_52A3.font.lyn.event
[LYN]	Fonts/build/GlyphItem/FontItem_730E.font.lyn.event
[LYN]	Fonts/build/GlyphItem/FontItem_6797.font.lyn.event
[LYN]	Fonts/build/GlyphItem/FontItem_4E34.font.lyn.event
[LYN]	Fonts/build/GlyphItem/FontItem_90BB.font.lyn.event
[LYN]	Fonts/build/GlyphItem/FontItem_51DB.font.lyn.event
[LYN]	Fonts/build/GlyphItem/FontItem_9F84.font.lyn.event
[LYN]	Fonts/build/GlyphItem/FontItem_7075.font.lyn.event
[LYN]	Fonts/build/GlyphItem/FontItem_9886.font.lyn.event
[LYN]	Fonts/build/GlyphItem/FontItem_53E6.font.lyn.event
[LYN]	Fonts/build/GlyphItem/FontItem_4EE4.font.lyn.event
[LYN]	Fonts/build/GlyphItem/FontItem_7559.font.lyn.event
[LYN]	Fonts/build/GlyphItem/FontItem_6D41.font.lyn.event
[LYN]	Fonts/build/GlyphItem/FontItem_7B3C.font.lyn.event
[LYN]	Fonts/build/GlyphItem/FontItem_9F99.font.lyn.event
[LYN]	Fonts/build/GlyphItem/FontItem_9686.font.lyn.event
[LYN]	Fonts/build/GlyphItem/FontItem_697C.font.lyn.event
[LYN]	Fonts/build/GlyphItem/FontItem_5362.font.lyn.event
[LYN]	Fonts/build/GlyphItem/FontItem_9C81.font.lyn.event
[LYN]	Fonts/build/GlyphItem/FontItem_9732.font.lyn.event
[LYN]	Fonts/build/GlyphItem/FontItem_8DEF.font.lyn.event
[LYN]	Fonts/build/GlyphItem/FontItem_9E7F.font.lyn.event
[LYN]	Fonts/build/GlyphItem/FontItem_5F55.font.lyn.event
[LYN]	Fonts/build/GlyphItem/FontItem_9646.font.lyn.event
[LYN]	Fonts/build/GlyphItem/FontItem_4FA3.font.lyn.event
[LYN]	Fonts/build/GlyphItem/FontItem_65C5.font.lyn.event
[LYN]	Fonts/build/GlyphItem/FontItem_8651.font.lyn.event
[LYN]	Fonts/build/GlyphItem/FontItem_5F8B.font.lyn.event
[LYN]	Fonts/build/GlyphItem/FontItem_7387.font.lyn.event
[LYN]	Fonts/build/GlyphItem/FontItem_7EFF.font.lyn.event
[LYN]	Fonts/build/GlyphItem/FontItem_4E71.font.lyn.event
[LYN]	Fonts/build/GlyphItem/FontItem_7565.font.lyn.event
[LYN]	Fonts/build/GlyphItem/FontItem_8F6E.font.lyn.event
[LYN]	Fonts/build/GlyphItem/FontItem_4F26.font.lyn.event
[LYN]	Fonts/build/GlyphItem/FontItem_8BBA.font.lyn.event
[LYN]	Fonts/build/GlyphItem/FontItem_7F57.font.lyn.event
[LYN]	Fonts/build/GlyphItem/FontItem_843D.font.lyn.event
[LYN]	Fonts/build/GlyphItem/FontItem_6D1B.font.lyn.event
[LYN]	Fonts/build/GlyphItem/FontItem_7EDC.font.lyn.event
[LYN]	Fonts/build/GlyphItem/FontItem_9EBB.font.lyn.event
[LYN]	Fonts/build/GlyphItem/FontItem_739B.font.lyn.event
[LYN]	Fonts/build/GlyphItem/FontItem_9A6C.font.lyn.event
[LYN]	Fonts/build/GlyphItem/FontItem_9A82.font.lyn.event
[LYN]	Fonts/build/GlyphItem/FontItem_57CB.font.lyn.event
[LYN]	Fonts/build/GlyphItem/FontItem_5417.font.lyn.event
[LYN]	Fonts/build/GlyphItem/FontItem_4E70.font.lyn.event
[LYN]	Fonts/build/GlyphItem/FontItem_5356.font.lyn.event
[LYN]	Fonts/build/GlyphItem/FontItem_8FC8.font.lyn.event
[LYN]	Fonts/build/GlyphItem/FontItem_86EE.font.lyn.event
[LYN]	Fonts/build/GlyphItem/FontItem_6EE1.font.lyn.event
[LYN]	Fonts/build/GlyphItem/FontItem_8513.font.lyn.event
[LYN]	Fonts/build/GlyphItem/FontItem_6F2B.font.lyn.event
[LYN]	Fonts/build/GlyphItem/FontItem_6162.font.lyn.event
[LYN]	Fonts/build/GlyphItem/FontItem_832B.font.lyn.event
[LYN]	Fonts/build/GlyphItem/FontItem_6C13.font.lyn.event
[LYN]	Fonts/build/GlyphItem/FontItem_5FD9.font.lyn.event
[LYN]	Fonts/build/GlyphItem/FontItem_732B.font.lyn.event
[LYN]	Fonts/build/GlyphItem/FontItem_6BDB.font.lyn.event
[LYN]	Fonts/build/GlyphItem/FontItem_8302.font.lyn.event
[LYN]	Fonts/build/GlyphItem/FontItem_4E48.font.lyn.event
[LYN]	Fonts/build/GlyphItem/FontItem_6885.font.lyn.event
[LYN]	Fonts/build/GlyphItem/FontItem_6CA1.font.lyn.event
[LYN]	Fonts/build/GlyphItem/FontItem_6BCF.font.lyn.event
[LYN]	Fonts/build/GlyphItem/FontItem_7F8E.font.lyn.event
[LYN]	Fonts/build/GlyphItem/FontItem_59B9.font.lyn.event
[LYN]	Fonts/build/GlyphItem/FontItem_95E8.font.lyn.event
[LYN]	Fonts/build/GlyphItem/FontItem_95F7.font.lyn.event
[LYN]	Fonts/build/GlyphItem/FontItem_4EEC.font.lyn.event
[LYN]	Fonts/build/GlyphItem/FontItem_8499.font.lyn.event
[LYN]	Fonts/build/GlyphItem/FontItem_76DF.font.lyn.event
[LYN]	Fonts/build/GlyphItem/FontItem_731B.font.lyn.event
[LYN]	Fonts/build/GlyphItem/FontItem_68A6.font.lyn.event
[LYN]	Fonts/build/GlyphItem/FontItem_8FF7.font.lyn.event
[LYN]	Fonts/build/GlyphItem/FontItem_8C1C.font.lyn.event
[LYN]	Fonts/build/GlyphItem/FontItem_7C73.font.lyn.event
[LYN]	Fonts/build/GlyphItem/FontItem_79D8.font.lyn.event
[LYN]	Fonts/build/GlyphItem/FontItem_5BC6.font.lyn.event
[LYN]	Fonts/build/GlyphItem/FontItem_7720.font.lyn.event
[LYN]	Fonts/build/GlyphItem/FontItem_52C9.font.lyn.event
[LYN]	Fonts/build/GlyphItem/FontItem_9762.font.lyn.event
[LYN]	Fonts/build/GlyphItem/FontItem_63CF.font.lyn.event
[LYN]	Fonts/build/GlyphItem/FontItem_706D.font.lyn.event
[LYN]	Fonts/build/GlyphItem/FontItem_6C11.font.lyn.event
[LYN]	Fonts/build/GlyphItem/FontItem_654F.font.lyn.event
[LYN]	Fonts/build/GlyphItem/FontItem_660E.font.lyn.event
[LYN]	Fonts/build/GlyphItem/FontItem_540D.font.lyn.event
[LYN]	Fonts/build/GlyphItem/FontItem_547D.font.lyn.event
[LYN]	Fonts/build/GlyphItem/FontItem_6478.font.lyn.event
[LYN]	Fonts/build/GlyphItem/FontItem_6A21.font.lyn.event
[LYN]	Fonts/build/GlyphItem/FontItem_78E8.font.lyn.event
[LYN]	Fonts/build/GlyphItem/FontItem_9B54.font.lyn.event
[LYN]	Fonts/build/GlyphItem/FontItem_672B.font.lyn.event
[LYN]	Fonts/build/GlyphItem/FontItem_83AB.font.lyn.event
[LYN]	Fonts/build/GlyphItem/FontItem_9ED8.font.lyn.event
[LYN]	Fonts/build/GlyphItem/FontItem_6F20.font.lyn.event
[LYN]	Fonts/build/GlyphItem/FontItem_5BDE.font.lyn.event
[LYN]	Fonts/build/GlyphItem/FontItem_8C0B.font.lyn.event
[LYN]	Fonts/build/GlyphItem/FontItem_67D0.font.lyn.event
[LYN]	Fonts/build/GlyphItem/FontItem_59C6.font.lyn.event
[LYN]	Fonts/build/GlyphItem/FontItem_6BCD.font.lyn.event
[LYN]	Fonts/build/GlyphItem/FontItem_5E55.font.lyn.event
[LYN]	Fonts/build/GlyphItem/FontItem_6155.font.lyn.event
[LYN]	Fonts/build/GlyphItem/FontItem_6728.font.lyn.event
[LYN]	Fonts/build/GlyphItem/FontItem_76EE.font.lyn.event
[LYN]	Fonts/build/GlyphItem/FontItem_7766.font.lyn.event
[LYN]	Fonts/build/GlyphItem/FontItem_7267.font.lyn.event
[LYN]	Fonts/build/GlyphItem/FontItem_7A46.font.lyn.event
[LYN]	Fonts/build/GlyphItem/FontItem_62FF.font.lyn.event
[LYN]	Fonts/build/GlyphItem/FontItem_54EA.font.lyn.event
[LYN]	Fonts/build/GlyphItem/FontItem_94A0.font.lyn.event
[LYN]	Fonts/build/GlyphItem/FontItem_90A3.font.lyn.event
[LYN]	Fonts/build/GlyphItem/FontItem_5A1C.font.lyn.event
[LYN]	Fonts/build/GlyphItem/FontItem_7EB3.font.lyn.event
[LYN]	Fonts/build/GlyphItem/FontItem_8010.font.lyn.event
[LYN]	Fonts/build/GlyphItem/FontItem_5948.font.lyn.event
[LYN]	Fonts/build/GlyphItem/FontItem_5357.font.lyn.event
[LYN]	Fonts/build/GlyphItem/FontItem_7537.font.lyn.event
[LYN]	Fonts/build/GlyphItem/FontItem_96BE.font.lyn.event
[LYN]	Fonts/build/GlyphItem/FontItem_8111.font.lyn.event
[LYN]	Fonts/build/GlyphItem/FontItem_95F9.font.lyn.event
[LYN]	Fonts/build/GlyphItem/FontItem_5462.font.lyn.event
[LYN]	Fonts/build/GlyphItem/FontItem_5185.font.lyn.event
[LYN]	Fonts/build/GlyphItem/FontItem_5AE9.font.lyn.event
[LYN]	Fonts/build/GlyphItem/FontItem_80FD.font.lyn.event
[LYN]	Fonts/build/GlyphItem/FontItem_59AE.font.lyn.event
[LYN]	Fonts/build/GlyphItem/FontItem_6CE5.font.lyn.event
[LYN]	Fonts/build/GlyphItem/FontItem_5C3C.font.lyn.event
[LYN]	Fonts/build/GlyphItem/FontItem_4F60.font.lyn.event
[LYN]	Fonts/build/GlyphItem/FontItem_5E74.font.lyn.event
[LYN]	Fonts/build/GlyphItem/FontItem_5FF5.font.lyn.event
[LYN]	Fonts/build/GlyphItem/FontItem_5A18.font.lyn.event
[LYN]	Fonts/build/GlyphItem/FontItem_60A8.font.lyn.event
[LYN]	Fonts/build/GlyphItem/FontItem_51DD.font.lyn.event
[LYN]	Fonts/build/GlyphItem/FontItem_5B81.font.lyn.event
[LYN]	Fonts/build/GlyphItem/FontItem_519C.font.lyn.event
[LYN]	Fonts/build/GlyphItem/FontItem_5974.font.lyn.event
[LYN]	Fonts/build/GlyphItem/FontItem_52AA.font.lyn.event
[LYN]	Fonts/build/GlyphItem/FontItem_6012.font.lyn.event
[LYN]	Fonts/build/GlyphItem/FontItem_5973.font.lyn.event
[LYN]	Fonts/build/GlyphItem/FontItem_6696.font.lyn.event
[LYN]	Fonts/build/GlyphItem/FontItem_8BFA.font.lyn.event
[LYN]	Fonts/build/GlyphItem/FontItem_5076.font.lyn.event
[LYN]	Fonts/build/GlyphItem/FontItem_6015.font.lyn.event
[LYN]	Fonts/build/GlyphItem/FontItem_62CD.font.lyn.event
[LYN]	Fonts/build/GlyphItem/FontItem_6392.font.lyn.event
[LYN]	Fonts/build/GlyphItem/FontItem_724C.font.lyn.event
[LYN]	Fonts/build/GlyphItem/FontItem_6D3E.font.lyn.event
[LYN]	Fonts/build/GlyphItem/FontItem_6F58.font.lyn.event
[LYN]	Fonts/build/GlyphItem/FontItem_78D0.font.lyn.event
[LYN]	Fonts/build/GlyphItem/FontItem_5224.font.lyn.event
[LYN]	Fonts/build/GlyphItem/FontItem_53DB.font.lyn.event
[LYN]	Fonts/build/GlyphItem/FontItem_5E9E.font.lyn.event
[LYN]	Fonts/build/GlyphItem/FontItem_65C1.font.lyn.event
[LYN]	Fonts/build/GlyphItem/FontItem_629B.font.lyn.event
[LYN]	Fonts/build/GlyphItem/FontItem_57F9.font.lyn.event
[LYN]	Fonts/build/GlyphItem/FontItem_966A.font.lyn.event
[LYN]	Fonts/build/GlyphItem/FontItem_914D.font.lyn.event
[LYN]	Fonts/build/GlyphItem/FontItem_670B.font.lyn.event
[LYN]	Fonts/build/GlyphItem/FontItem_6279.font.lyn.event
[LYN]	Fonts/build/GlyphItem/FontItem_75B2.font.lyn.event
[LYN]	Fonts/build/GlyphItem/FontItem_5339.font.lyn.event
[LYN]	Fonts/build/GlyphItem/FontItem_7247.font.lyn.event
[LYN]	Fonts/build/GlyphItem/FontItem_8D2B.font.lyn.event
[LYN]	Fonts/build/GlyphItem/FontItem_54C1.font.lyn.event
[LYN]	Fonts/build/GlyphItem/FontItem_5E73.font.lyn.event
[LYN]	Fonts/build/GlyphItem/FontItem_51ED.font.lyn.event
[LYN]	Fonts/build/GlyphItem/FontItem_8BC4.font.lyn.event
[LYN]	Fonts/build/GlyphItem/FontItem_5C4F.font.lyn.event
[LYN]	Fonts/build/GlyphItem/FontItem_6CFC.font.lyn.event
[LYN]	Fonts/build/GlyphItem/FontItem_5A46.font.lyn.event
[LYN]	Fonts/build/GlyphItem/FontItem_7834.font.lyn.event
[LYN]	Fonts/build/GlyphItem/FontItem_9B44.font.lyn.event
[LYN]	Fonts/build/GlyphItem/FontItem_8FEB.font.lyn.event
[LYN]	Fonts/build/GlyphItem/FontItem_4EC6.font.lyn.event
[LYN]	Fonts/build/GlyphItem/FontItem_6734.font.lyn.event
[LYN]	Fonts/build/GlyphItem/FontItem_666E.font.lyn.event
[LYN]	Fonts/build/GlyphItem/FontItem_671F.font.lyn.event
[LYN]	Fonts/build/GlyphItem/FontItem_59BB.font.lyn.event
[LYN]	Fonts/build/GlyphItem/FontItem_6F06.font.lyn.event
[LYN]	Fonts/build/GlyphItem/FontItem_5176.font.lyn.event
[LYN]	Fonts/build/GlyphItem/FontItem_5947.font.lyn.event
[LYN]	Fonts/build/GlyphItem/FontItem_9F50.font.lyn.event
[LYN]	Fonts/build/GlyphItem/FontItem_7948.font.lyn.event
[LYN]	Fonts/build/GlyphItem/FontItem_9A91.font.lyn.event
[LYN]	Fonts/build/GlyphItem/FontItem_8D77.font.lyn.event
[LYN]	Fonts/build/GlyphItem/FontItem_542F.font.lyn.event
[LYN]	Fonts/build/GlyphItem/FontItem_5951.font.lyn.event
[LYN]	Fonts/build/GlyphItem/FontItem_5668.font.lyn.event
[LYN]	Fonts/build/GlyphItem/FontItem_6C14.font.lyn.event
[LYN]	Fonts/build/GlyphItem/FontItem_5F03.font.lyn.event
[LYN]	Fonts/build/GlyphItem/FontItem_5343.font.lyn.event
[LYN]	Fonts/build/GlyphItem/FontItem_7B7E.font.lyn.event
[LYN]	Fonts/build/GlyphItem/FontItem_94B1.font.lyn.event
[LYN]	Fonts/build/GlyphItem/FontItem_524D.font.lyn.event
[LYN]	Fonts/build/GlyphItem/FontItem_6F5C.font.lyn.event
[LYN]	Fonts/build/GlyphItem/FontItem_67AA.font.lyn.event
[LYN]	Fonts/build/GlyphItem/FontItem_8154.font.lyn.event
[LYN]	Fonts/build/GlyphItem/FontItem_5899.font.lyn.event
[LYN]	Fonts/build/GlyphItem/FontItem_5F3A.font.lyn.event
[LYN]	Fonts/build/GlyphItem/FontItem_6865.font.lyn.event
[LYN]	Fonts/build/GlyphItem/FontItem_5DE7.font.lyn.event
[LYN]	Fonts/build/GlyphItem/FontItem_5207.font.lyn.event
[LYN]	Fonts/build/GlyphItem/FontItem_4E14.font.lyn.event
[LYN]	Fonts/build/GlyphItem/FontItem_4EB2.font.lyn.event
[LYN]	Fonts/build/GlyphItem/FontItem_52E4.font.lyn.event
[LYN]	Fonts/build/GlyphItem/FontItem_9752.font.lyn.event
[LYN]	Fonts/build/GlyphItem/FontItem_8F7B.font.lyn.event
[LYN]	Fonts/build/GlyphItem/FontItem_6E05.font.lyn.event
[LYN]	Fonts/build/GlyphItem/FontItem_6674.font.lyn.event
[LYN]	Fonts/build/GlyphItem/FontItem_60C5.font.lyn.event
[LYN]	Fonts/build/GlyphItem/FontItem_8BF7.font.lyn.event
[LYN]	Fonts/build/GlyphItem/FontItem_6C42.font.lyn.event
[LYN]	Fonts/build/GlyphItem/FontItem_533A.font.lyn.event
[LYN]	Fonts/build/GlyphItem/FontItem_66F2.font.lyn.event
[LYN]	Fonts/build/GlyphItem/FontItem_9A71.font.lyn.event
[LYN]	Fonts/build/GlyphItem/FontItem_53D6.font.lyn.event
[LYN]	Fonts/build/GlyphItem/FontItem_5A36.font.lyn.event
[LYN]	Fonts/build/GlyphItem/FontItem_8DA3.font.lyn.event
[LYN]	Fonts/build/GlyphItem/FontItem_53BB.font.lyn.event
[LYN]	Fonts/build/GlyphItem/FontItem_5708.font.lyn.event
[LYN]	Fonts/build/GlyphItem/FontItem_5168.font.lyn.event
[LYN]	Fonts/build/GlyphItem/FontItem_6743.font.lyn.event
[LYN]	Fonts/build/GlyphItem/FontItem_75CA.font.lyn.event
[LYN]	Fonts/build/GlyphItem/FontItem_62F3.font.lyn.event
[LYN]	Fonts/build/GlyphItem/FontItem_529D.font.lyn.event
[LYN]	Fonts/build/GlyphItem/FontItem_5374.font.lyn.event
[LYN]	Fonts/build/GlyphItem/FontItem_786E.font.lyn.event
[LYN]	Fonts/build/GlyphItem/FontItem_7FA4.font.lyn.event
[LYN]	Fonts/build/GlyphItem/FontItem_7136.font.lyn.event
[LYN]	Fonts/build/GlyphItem/FontItem_8BA9.font.lyn.event
[LYN]	Fonts/build/GlyphItem/FontItem_9976.font.lyn.event
[LYN]	Fonts/build/GlyphItem/FontItem_60F9.font.lyn.event
[LYN]	Fonts/build/GlyphItem/FontItem_70ED.font.lyn.event
[LYN]	Fonts/build/GlyphItem/FontItem_4EC1.font.lyn.event
[LYN]	Fonts/build/GlyphItem/FontItem_4EBA.font.lyn.event
[LYN]	Fonts/build/GlyphItem/FontItem_5FCD.font.lyn.event
[LYN]	Fonts/build/GlyphItem/FontItem_97E7.font.lyn.event
[LYN]	Fonts/build/GlyphItem/FontItem_4EFB.font.lyn.event
[LYN]	Fonts/build/GlyphItem/FontItem_8BA4.font.lyn.event
[LYN]	Fonts/build/GlyphItem/FontItem_5203.font.lyn.event
[LYN]	Fonts/build/GlyphItem/FontItem_6254.font.lyn.event
[LYN]	Fonts/build/GlyphItem/FontItem_4ECD.font.lyn.event
[LYN]	Fonts/build/GlyphItem/FontItem_65E5.font.lyn.event
[LYN]	Fonts/build/GlyphItem/FontItem_8363.font.lyn.event
[LYN]	Fonts/build/GlyphItem/FontItem_7194.font.lyn.event
[LYN]	Fonts/build/GlyphItem/FontItem_5BB9.font.lyn.event
[LYN]	Fonts/build/GlyphItem/FontItem_67D4.font.lyn.event
[LYN]	Fonts/build/GlyphItem/FontItem_8089.font.lyn.event
[LYN]	Fonts/build/GlyphItem/FontItem_5982.font.lyn.event
[LYN]	Fonts/build/GlyphItem/FontItem_8FB1.font.lyn.event
[LYN]	Fonts/build/GlyphItem/FontItem_4E73.font.lyn.event
[LYN]	Fonts/build/GlyphItem/FontItem_5165.font.lyn.event
[LYN]	Fonts/build/GlyphItem/FontItem_745E.font.lyn.event
[LYN]	Fonts/build/GlyphItem/FontItem_9510.font.lyn.event
[LYN]	Fonts/build/GlyphItem/FontItem_5F31.font.lyn.event
[LYN]	Fonts/build/GlyphItem/FontItem_6492.font.lyn.event
[LYN]	Fonts/build/GlyphItem/FontItem_585E.font.lyn.event
[LYN]	Fonts/build/GlyphItem/FontItem_8428.font.lyn.event
[LYN]	Fonts/build/GlyphItem/FontItem_4E09.font.lyn.event
[LYN]	Fonts/build/GlyphItem/FontItem_6563.font.lyn.event
[LYN]	Fonts/build/GlyphItem/FontItem_4E27.font.lyn.event
[LYN]	Fonts/build/GlyphItem/FontItem_9A9A.font.lyn.event
[LYN]	Fonts/build/GlyphItem/FontItem_8272.font.lyn.event
[LYN]	Fonts/build/GlyphItem/FontItem_68EE.font.lyn.event
[LYN]	Fonts/build/GlyphItem/FontItem_50E7.font.lyn.event
[LYN]	Fonts/build/GlyphItem/FontItem_6740.font.lyn.event
[LYN]	Fonts/build/GlyphItem/FontItem_6C99.font.lyn.event
[LYN]	Fonts/build/GlyphItem/FontItem_5C71.font.lyn.event
[LYN]	Fonts/build/GlyphItem/FontItem_5220.font.lyn.event
[LYN]	Fonts/build/GlyphItem/FontItem_95EA.font.lyn.event
[LYN]	Fonts/build/GlyphItem/FontItem_64C5.font.lyn.event
[LYN]	Fonts/build/GlyphItem/FontItem_5584.font.lyn.event
[LYN]	Fonts/build/GlyphItem/FontItem_4F24.font.lyn.event
[LYN]	Fonts/build/GlyphItem/FontItem_5546.font.lyn.event
[LYN]	Fonts/build/GlyphItem/FontItem_8D4F.font.lyn.event
[LYN]	Fonts/build/GlyphItem/FontItem_4E0A.font.lyn.event
[LYN]	Fonts/build/GlyphItem/FontItem_5C1A.font.lyn.event
[LYN]	Fonts/build/GlyphItem/FontItem_7A0D.font.lyn.event
[LYN]	Fonts/build/GlyphItem/FontItem_5C11.font.lyn.event
[LYN]	Fonts/build/GlyphItem/FontItem_820D.font.lyn.event
[LYN]	Fonts/build/GlyphItem/FontItem_5C04.font.lyn.event
[LYN]	Fonts/build/GlyphItem/FontItem_8BBE.font.lyn.event
[LYN]	Fonts/build/GlyphItem/FontItem_8EAB.font.lyn.event
[LYN]	Fonts/build/GlyphItem/FontItem_6DF1.font.lyn.event
[LYN]	Fonts/build/GlyphItem/FontItem_795E.font.lyn.event
[LYN]	Fonts/build/GlyphItem/FontItem_751A.font.lyn.event
[LYN]	Fonts/build/GlyphItem/FontItem_58F0.font.lyn.event
[LYN]	Fonts/build/GlyphItem/FontItem_751F.font.lyn.event
[LYN]	Fonts/build/GlyphItem/FontItem_5347.font.lyn.event
[LYN]	Fonts/build/GlyphItem/FontItem_5269.font.lyn.event
[LYN]	Fonts/build/GlyphItem/FontItem_80DC.font.lyn.event
[LYN]	Fonts/build/GlyphItem/FontItem_5723.font.lyn.event
[LYN]	Fonts/build/GlyphItem/FontItem_5E08.font.lyn.event
[LYN]	Fonts/build/GlyphItem/FontItem_5931.font.lyn.event
[LYN]	Fonts/build/GlyphItem/FontItem_72EE.font.lyn.event
[LYN]	Fonts/build/GlyphItem/FontItem_65BD.font.lyn.event
[LYN]	Fonts/build/GlyphItem/FontItem_6E7F.font.lyn.event
[LYN]	Fonts/build/GlyphItem/FontItem_8BD7.font.lyn.event
[LYN]	Fonts/build/GlyphItem/FontItem_5C38.font.lyn.event
[LYN]	Fonts/build/GlyphItem/FontItem_5341.font.lyn.event
[LYN]	Fonts/build/GlyphItem/FontItem_77F3.font.lyn.event
[LYN]	Fonts/build/GlyphItem/FontItem_65F6.font.lyn.event
[LYN]	Fonts/build/GlyphItem/FontItem_4EC0.font.lyn.event
[LYN]	Fonts/build/GlyphItem/FontItem_98DF.font.lyn.event
[LYN]	Fonts/build/GlyphItem/FontItem_5B9E.font.lyn.event
[LYN]	Fonts/build/GlyphItem/FontItem_8BC6.font.lyn.event
[LYN]	Fonts/build/GlyphItem/FontItem_53F2.font.lyn.event
[LYN]	Fonts/build/GlyphItem/FontItem_4F7F.font.lyn.event
[LYN]	Fonts/build/GlyphItem/FontItem_59CB.font.lyn.event
[LYN]	Fonts/build/GlyphItem/FontItem_5F0F.font.lyn.event
[LYN]	Fonts/build/GlyphItem/FontItem_793A.font.lyn.event
[LYN]	Fonts/build/GlyphItem/FontItem_58EB.font.lyn.event
[LYN]	Fonts/build/GlyphItem/FontItem_4E16.font.lyn.event
[LYN]	Fonts/build/GlyphItem/FontItem_4E8B.font.lyn.event
[LYN]	Fonts/build/GlyphItem/FontItem_8A93.font.lyn.event
[LYN]	Fonts/build/GlyphItem/FontItem_901D.font.lyn.event
[LYN]	Fonts/build/GlyphItem/FontItem_52BF.font.lyn.event
[LYN]	Fonts/build/GlyphItem/FontItem_662F.font.lyn.event
[LYN]	Fonts/build/GlyphItem/FontItem_9002.font.lyn.event
[LYN]	Fonts/build/GlyphItem/FontItem_4F8D.font.lyn.event
[LYN]	Fonts/build/GlyphItem/FontItem_91CA.font.lyn.event
[LYN]	Fonts/build/GlyphItem/FontItem_9970.font.lyn.event
[LYN]	Fonts/build/GlyphItem/FontItem_5E02.font.lyn.event
[LYN]	Fonts/build/GlyphItem/FontItem_89C6.font.lyn.event
[LYN]	Fonts/build/GlyphItem/FontItem_8BD5.font.lyn.event
[LYN]	Fonts/build/GlyphItem/FontItem_6536.font.lyn.event
[LYN]	Fonts/build/GlyphItem/FontItem_624B.font.lyn.event
[LYN]	Fonts/build/GlyphItem/FontItem_9996.font.lyn.event
[LYN]	Fonts/build/GlyphItem/FontItem_5B88.font.lyn.event
[LYN]	Fonts/build/GlyphItem/FontItem_6388.font.lyn.event
[LYN]	Fonts/build/GlyphItem/FontItem_53D7.font.lyn.event
[LYN]	Fonts/build/GlyphItem/FontItem_6B8A.font.lyn.event
[LYN]	Fonts/build/GlyphItem/FontItem_8F93.font.lyn.event
[LYN]	Fonts/build/GlyphItem/FontItem_53D4.font.lyn.event
[LYN]	Fonts/build/GlyphItem/FontItem_4E66.font.lyn.event
[LYN]	Fonts/build/GlyphItem/FontItem_719F.font.lyn.event
[LYN]	Fonts/build/GlyphItem/FontItem_5C5E.font.lyn.event
[LYN]	Fonts/build/GlyphItem/FontItem_672F.font.lyn.event
[LYN]	Fonts/build/GlyphItem/FontItem_8FF0.font.lyn.event
[LYN]	Fonts/build/GlyphItem/FontItem_6811.font.lyn.event
[LYN]	Fonts/build/GlyphItem/FontItem_675F.font.lyn.event
[LYN]	Fonts/build/GlyphItem/FontItem_6570.font.lyn.event
[LYN]	Fonts/build/GlyphItem/FontItem_7529.font.lyn.event
[LYN]	Fonts/build/GlyphItem/FontItem_5E05.font.lyn.event
[LYN]	Fonts/build/GlyphItem/FontItem_53CC.font.lyn.event
[LYN]	Fonts/build/GlyphItem/FontItem_723D.font.lyn.event
[LYN]	Fonts/build/GlyphItem/FontItem_8C01.font.lyn.event
[LYN]	Fonts/build/GlyphItem/FontItem_6C34.font.lyn.event
[LYN]	Fonts/build/GlyphItem/FontItem_7761.font.lyn.event
[LYN]	Fonts/build/GlyphItem/FontItem_987A.font.lyn.event
[LYN]	Fonts/build/GlyphItem/FontItem_8BF4.font.lyn.event
[LYN]	Fonts/build/GlyphItem/FontItem_65AF.font.lyn.event
[LYN]	Fonts/build/GlyphItem/FontItem_601D.font.lyn.event
[LYN]	Fonts/build/GlyphItem/FontItem_79C1.font.lyn.event
[LYN]	Fonts/build/GlyphItem/FontItem_53F8.font.lyn.event
[LYN]	Fonts/build/GlyphItem/FontItem_4E1D.font.lyn.event
[LYN]	Fonts/build/GlyphItem/FontItem_6B7B.font.lyn.event
[LYN]	Fonts/build/GlyphItem/FontItem_56DB.font.lyn.event
[LYN]	Fonts/build/GlyphItem/FontItem_4F3C.font.lyn.event
[LYN]	Fonts/build/GlyphItem/FontItem_9972.font.lyn.event
[LYN]	Fonts/build/GlyphItem/FontItem_677E.font.lyn.event
[LYN]	Fonts/build/GlyphItem/FontItem_8038.font.lyn.event
[LYN]	Fonts/build/GlyphItem/FontItem_9001.font.lyn.event
[LYN]	Fonts/build/GlyphItem/FontItem_82CF.font.lyn.event
[LYN]	Fonts/build/GlyphItem/FontItem_901F.font.lyn.event
[LYN]	Fonts/build/GlyphItem/FontItem_5BBF.font.lyn.event
[LYN]	Fonts/build/GlyphItem/FontItem_8BC9.font.lyn.event
[LYN]	Fonts/build/GlyphItem/FontItem_8083.font.lyn.event
[LYN]	Fonts/build/GlyphItem/FontItem_7B97.font.lyn.event
[LYN]	Fonts/build/GlyphItem/FontItem_867D.font.lyn.event
[LYN]	Fonts/build/GlyphItem/FontItem_968F.font.lyn.event
[LYN]	Fonts/build/GlyphItem/FontItem_788E.font.lyn.event
[LYN]	Fonts/build/GlyphItem/FontItem_5C81.font.lyn.event
[LYN]	Fonts/build/GlyphItem/FontItem_5B59.font.lyn.event
[LYN]	Fonts/build/GlyphItem/FontItem_635F.font.lyn.event
[LYN]	Fonts/build/GlyphItem/FontItem_7F29.font.lyn.event
[LYN]	Fonts/build/GlyphItem/FontItem_7D22.font.lyn.event
[LYN]	Fonts/build/GlyphItem/FontItem_9501.font.lyn.event
[LYN]	Fonts/build/GlyphItem/FontItem_6240.font.lyn.event
[LYN]	Fonts/build/GlyphItem/FontItem_4ED6.font.lyn.event
[LYN]	Fonts/build/GlyphItem/FontItem_5B83.font.lyn.event
[LYN]	Fonts/build/GlyphItem/FontItem_5979.font.lyn.event
[LYN]	Fonts/build/GlyphItem/FontItem_5854.font.lyn.event
[LYN]	Fonts/build/GlyphItem/FontItem_8E0F.font.lyn.event
[LYN]	Fonts/build/GlyphItem/FontItem_80CE.font.lyn.event
[LYN]	Fonts/build/GlyphItem/FontItem_53F0.font.lyn.event
[LYN]	Fonts/build/GlyphItem/FontItem_592A.font.lyn.event
[LYN]	Fonts/build/GlyphItem/FontItem_6001.font.lyn.event
[LYN]	Fonts/build/GlyphItem/FontItem_8D2A.font.lyn.event
[LYN]	Fonts/build/GlyphItem/FontItem_8C08.font.lyn.event
[LYN]	Fonts/build/GlyphItem/FontItem_5766.font.lyn.event
[LYN]	Fonts/build/GlyphItem/FontItem_63A2.font.lyn.event
[LYN]	Fonts/build/GlyphItem/FontItem_53F9.font.lyn.event
[LYN]	Fonts/build/GlyphItem/FontItem_5802.font.lyn.event
[LYN]	Fonts/build/GlyphItem/FontItem_6843.font.lyn.event
[LYN]	Fonts/build/GlyphItem/FontItem_9003.font.lyn.event
[LYN]	Fonts/build/GlyphItem/FontItem_8BA8.font.lyn.event
[LYN]	Fonts/build/GlyphItem/FontItem_5957.font.lyn.event
[LYN]	Fonts/build/GlyphItem/FontItem_7279.font.lyn.event
[LYN]	Fonts/build/GlyphItem/FontItem_68AF.font.lyn.event
[LYN]	Fonts/build/GlyphItem/FontItem_63D0.font.lyn.event
[LYN]	Fonts/build/GlyphItem/FontItem_9898.font.lyn.event
[LYN]	Fonts/build/GlyphItem/FontItem_4F53.font.lyn.event
[LYN]	Fonts/build/GlyphItem/FontItem_66FF.font.lyn.event
[LYN]	Fonts/build/GlyphItem/FontItem_5929.font.lyn.event
[LYN]	Fonts/build/GlyphItem/FontItem_6DFB.font.lyn.event
[LYN]	Fonts/build/GlyphItem/FontItem_7530.font.lyn.event
[LYN]	Fonts/build/GlyphItem/FontItem_6311.font.lyn.event
[LYN]	Fonts/build/GlyphItem/FontItem_6761.font.lyn.event
[LYN]	Fonts/build/GlyphItem/FontItem_8DF3.font.lyn.event
[LYN]	Fonts/build/GlyphItem/FontItem_8D34.font.lyn.event
[LYN]	Fonts/build/GlyphItem/FontItem_94C1.font.lyn.event
[LYN]	Fonts/build/GlyphItem/FontItem_542C.font.lyn.event
[LYN]	Fonts/build/GlyphItem/FontItem_5EF7.font.lyn.event
[LYN]	Fonts/build/GlyphItem/FontItem_505C.font.lyn.event
[LYN]	Fonts/build/GlyphItem/FontItem_5EAD.font.lyn.event
[LYN]	Fonts/build/GlyphItem/FontItem_901A.font.lyn.event
[LYN]	Fonts/build/GlyphItem/FontItem_540C.font.lyn.event
[LYN]	Fonts/build/GlyphItem/FontItem_6876.font.lyn.event
[LYN]	Fonts/build/GlyphItem/FontItem_7EDF.font.lyn.event
[LYN]	Fonts/build/GlyphItem/FontItem_75DB.font.lyn.event
[LYN]	Fonts/build/GlyphItem/FontItem_5077.font.lyn.event
[LYN]	Fonts/build/GlyphItem/FontItem_6295.font.lyn.event
[LYN]	Fonts/build/GlyphItem/FontItem_5934.font.lyn.event
[LYN]	Fonts/build/GlyphItem/FontItem_7A81.font.lyn.event
[LYN]	Fonts/build/GlyphItem/FontItem_56FE.font.lyn.event
[LYN]	Fonts/build/GlyphItem/FontItem_5F92.font.lyn.event
[LYN]	Fonts/build/GlyphItem/FontItem_9014.font.lyn.event
[LYN]	Fonts/build/GlyphItem/FontItem_571F.font.lyn.event
[LYN]	Fonts/build/GlyphItem/FontItem_5410.font.lyn.event
[LYN]	Fonts/build/GlyphItem/FontItem_56E2.font.lyn.event
[LYN]	Fonts/build/GlyphItem/FontItem_63A8.font.lyn.event
[LYN]	Fonts/build/GlyphItem/FontItem_9000.font.lyn.event
[LYN]	Fonts/build/GlyphItem/FontItem_6258.font.lyn.event
[LYN]	Fonts/build/GlyphItem/FontItem_8131.font.lyn.event
[LYN]	Fonts/build/GlyphItem/FontItem_74E6.font.lyn.event
[LYN]	Fonts/build/GlyphItem/FontItem_5916.font.lyn.event
[LYN]	Fonts/build/GlyphItem/FontItem_73A9.font.lyn.event
[LYN]	Fonts/build/GlyphItem/FontItem_5B8C.font.lyn.event
[LYN]	Fonts/build/GlyphItem/FontItem_633D.font.lyn.event
[LYN]	Fonts/build/GlyphItem/FontItem_665A.font.lyn.event
[LYN]	Fonts/build/GlyphItem/FontItem_4E07.font.lyn.event
[LYN]	Fonts/build/GlyphItem/FontItem_8155.font.lyn.event
[LYN]	Fonts/build/GlyphItem/FontItem_738B.font.lyn.event
[LYN]	Fonts/build/GlyphItem/FontItem_4EA1.font.lyn.event
[LYN]	Fonts/build/GlyphItem/FontItem_5F80.font.lyn.event
[LYN]	Fonts/build/GlyphItem/FontItem_671B.font.lyn.event
[LYN]	Fonts/build/GlyphItem/FontItem_5FD8.font.lyn.event
[LYN]	Fonts/build/GlyphItem/FontItem_5A01.font.lyn.event
[LYN]	Fonts/build/GlyphItem/FontItem_5FAE.font.lyn.event
[LYN]	Fonts/build/GlyphItem/FontItem_5371.font.lyn.event
[LYN]	Fonts/build/GlyphItem/FontItem_97E6.font.lyn.event
[LYN]	Fonts/build/GlyphItem/FontItem_56F4.font.lyn.event
[LYN]	Fonts/build/GlyphItem/FontItem_552F.font.lyn.event
[LYN]	Fonts/build/GlyphItem/FontItem_4E3A.font.lyn.event
[LYN]	Fonts/build/GlyphItem/FontItem_7EF4.font.lyn.event
[LYN]	Fonts/build/GlyphItem/FontItem_59D4.font.lyn.event
[LYN]	Fonts/build/GlyphItem/FontItem_4F1F.font.lyn.event
[LYN]	Fonts/build/GlyphItem/FontItem_672A.font.lyn.event
[LYN]	Fonts/build/GlyphItem/FontItem_5473.font.lyn.event
[LYN]	Fonts/build/GlyphItem/FontItem_754F.font.lyn.event
[LYN]	Fonts/build/GlyphItem/FontItem_4F4D.font.lyn.event
[LYN]	Fonts/build/GlyphItem/FontItem_8C13.font.lyn.event
[LYN]	Fonts/build/GlyphItem/FontItem_536B.font.lyn.event
[LYN]	Fonts/build/GlyphItem/FontItem_6E29.font.lyn.event
[LYN]	Fonts/build/GlyphItem/FontItem_6587.font.lyn.event
[LYN]	Fonts/build/GlyphItem/FontItem_95FB.font.lyn.event
[LYN]	Fonts/build/GlyphItem/FontItem_7EB9.font.lyn.event
[LYN]	Fonts/build/GlyphItem/FontItem_7A33.font.lyn.event
[LYN]	Fonts/build/GlyphItem/FontItem_95EE.font.lyn.event
[LYN]	Fonts/build/GlyphItem/FontItem_7FC1.font.lyn.event
[LYN]	Fonts/build/GlyphItem/FontItem_6211.font.lyn.event
[LYN]	Fonts/build/GlyphItem/FontItem_63E1.font.lyn.event
[LYN]	Fonts/build/GlyphItem/FontItem_6C83.font.lyn.event
[LYN]	Fonts/build/GlyphItem/FontItem_5DEB.font.lyn.event
[LYN]	Fonts/build/GlyphItem/FontItem_4E4C.font.lyn.event
[LYN]	Fonts/build/GlyphItem/FontItem_6C61.font.lyn.event
[LYN]	Fonts/build/GlyphItem/FontItem_5C4B.font.lyn.event
[LYN]	Fonts/build/GlyphItem/FontItem_65E0.font.lyn.event
[LYN]	Fonts/build/GlyphItem/FontItem_829C.font.lyn.event
[LYN]	Fonts/build/GlyphItem/FontItem_6B66.font.lyn.event
[LYN]	Fonts/build/GlyphItem/FontItem_4E94.font.lyn.event
[LYN]	Fonts/build/GlyphItem/FontItem_821E.font.lyn.event
[LYN]	Fonts/build/GlyphItem/FontItem_4F0D.font.lyn.event
[LYN]	Fonts/build/GlyphItem/FontItem_96FE.font.lyn.event
[LYN]	Fonts/build/GlyphItem/FontItem_7269.font.lyn.event
[LYN]	Fonts/build/GlyphItem/FontItem_52A1.font.lyn.event
[LYN]	Fonts/build/GlyphItem/FontItem_609F.font.lyn.event
[LYN]	Fonts/build/GlyphItem/FontItem_8BEF.font.lyn.event
[LYN]	Fonts/build/GlyphItem/FontItem_897F.font.lyn.event
[LYN]	Fonts/build/GlyphItem/FontItem_5438.font.lyn.event
[LYN]	Fonts/build/GlyphItem/FontItem_606F.font.lyn.event
[LYN]	Fonts/build/GlyphItem/FontItem_5E0C.font.lyn.event
[LYN]	Fonts/build/GlyphItem/FontItem_60DC.font.lyn.event
[LYN]	Fonts/build/GlyphItem/FontItem_6EAA.font.lyn.event
[LYN]	Fonts/build/GlyphItem/FontItem_88AD.font.lyn.event
[LYN]	Fonts/build/GlyphItem/FontItem_5E2D.font.lyn.event
[LYN]	Fonts/build/GlyphItem/FontItem_4E60.font.lyn.event
[LYN]	Fonts/build/GlyphItem/FontItem_559C.font.lyn.event
[LYN]	Fonts/build/GlyphItem/FontItem_7CFB.font.lyn.event
[LYN]	Fonts/build/GlyphItem/FontItem_620F.font.lyn.event
[LYN]	Fonts/build/GlyphItem/FontItem_7EC6.font.lyn.event
[LYN]	Fonts/build/GlyphItem/FontItem_4FA0.font.lyn.event
[LYN]	Fonts/build/GlyphItem/FontItem_72ED.font.lyn.event
[LYN]	Fonts/build/GlyphItem/FontItem_4E0B.font.lyn.event
[LYN]	Fonts/build/GlyphItem/FontItem_590F.font.lyn.event
[LYN]	Fonts/build/GlyphItem/FontItem_5148.font.lyn.event
[LYN]	Fonts/build/GlyphItem/FontItem_8D24.font.lyn.event
[LYN]	Fonts/build/GlyphItem/FontItem_76F8.font.lyn.event
[LYN]	Fonts/build/GlyphItem/FontItem_95F2.font.lyn.event
[LYN]	Fonts/build/GlyphItem/FontItem_663E.font.lyn.event
[LYN]	Fonts/build/GlyphItem/FontItem_9669.font.lyn.event
[LYN]	Fonts/build/GlyphItem/FontItem_73B0.font.lyn.event
[LYN]	Fonts/build/GlyphItem/FontItem_732E.font.lyn.event
[LYN]	Fonts/build/GlyphItem/FontItem_7FA1.font.lyn.event
[LYN]	Fonts/build/GlyphItem/FontItem_9677.font.lyn.event
[LYN]	Fonts/build/GlyphItem/FontItem_9650.font.lyn.event
[LYN]	Fonts/build/GlyphItem/FontItem_7EBF.font.lyn.event
[LYN]	Fonts/build/GlyphItem/FontItem_9999.font.lyn.event
[LYN]	Fonts/build/GlyphItem/FontItem_7BB1.font.lyn.event
[LYN]	Fonts/build/GlyphItem/FontItem_4E61.font.lyn.event
[LYN]	Fonts/build/GlyphItem/FontItem_7FD4.font.lyn.event
[LYN]	Fonts/build/GlyphItem/FontItem_8BE6.font.lyn.event
[LYN]	Fonts/build/GlyphItem/FontItem_60F3.font.lyn.event
[LYN]	Fonts/build/GlyphItem/FontItem_54CD.font.lyn.event
[LYN]	Fonts/build/GlyphItem/FontItem_9879.font.lyn.event
[LYN]	Fonts/build/GlyphItem/FontItem_50CF.font.lyn.event
[LYN]	Fonts/build/GlyphItem/FontItem_5411.font.lyn.event
[LYN]	Fonts/build/GlyphItem/FontItem_8C61.font.lyn.event
[LYN]	Fonts/build/GlyphItem/FontItem_6D88.font.lyn.event
[LYN]	Fonts/build/GlyphItem/FontItem_6653.font.lyn.event
[LYN]	Fonts/build/GlyphItem/FontItem_5C0F.font.lyn.event
[LYN]	Fonts/build/GlyphItem/FontItem_6821.font.lyn.event
[LYN]	Fonts/build/GlyphItem/FontItem_7B11.font.lyn.event
[LYN]	Fonts/build/GlyphItem/FontItem_4E9B.font.lyn.event
[LYN]	Fonts/build/GlyphItem/FontItem_6548.font.lyn.event
[LYN]	Fonts/build/GlyphItem/FontItem_534F.font.lyn.event
[LYN]	Fonts/build/GlyphItem/FontItem_90AA.font.lyn.event
[LYN]	Fonts/build/GlyphItem/FontItem_5199.font.lyn.event
[LYN]	Fonts/build/GlyphItem/FontItem_61C8.font.lyn.event
[LYN]	Fonts/build/GlyphItem/FontItem_8C22.font.lyn.event
[LYN]	Fonts/build/GlyphItem/FontItem_6B23.font.lyn.event
[LYN]	Fonts/build/GlyphItem/FontItem_65B0.font.lyn.event
[LYN]	Fonts/build/GlyphItem/FontItem_8F9B.font.lyn.event
[LYN]	Fonts/build/GlyphItem/FontItem_5FC3.font.lyn.event
[LYN]	Fonts/build/GlyphItem/FontItem_4FE1.font.lyn.event
[LYN]	Fonts/build/GlyphItem/FontItem_661F.font.lyn.event
[LYN]	Fonts/build/GlyphItem/FontItem_578B.font.lyn.event
[LYN]	Fonts/build/GlyphItem/FontItem_5174.font.lyn.event
[LYN]	Fonts/build/GlyphItem/FontItem_5F62.font.lyn.event
[LYN]	Fonts/build/GlyphItem/FontItem_884C.font.lyn.event
[LYN]	Fonts/build/GlyphItem/FontItem_9192.font.lyn.event
[LYN]	Fonts/build/GlyphItem/FontItem_5E78.font.lyn.event
[LYN]	Fonts/build/GlyphItem/FontItem_6027.font.lyn.event
[LYN]	Fonts/build/GlyphItem/FontItem_59D3.font.lyn.event
[LYN]	Fonts/build/GlyphItem/FontItem_5144.font.lyn.event
[LYN]	Fonts/build/GlyphItem/FontItem_96C4.font.lyn.event
[LYN]	Fonts/build/GlyphItem/FontItem_4F11.font.lyn.event
[LYN]	Fonts/build/GlyphItem/FontItem_4FEE.font.lyn.event
[LYN]	Fonts/build/GlyphItem/FontItem_7F9E.font.lyn.event
[LYN]	Fonts/build/GlyphItem/FontItem_79C0.font.lyn.event
[LYN]	Fonts/build/GlyphItem/FontItem_8896.font.lyn.event
[LYN]	Fonts/build/GlyphItem/FontItem_589F.font.lyn.event
[LYN]	Fonts/build/GlyphItem/FontItem_9700.font.lyn.event
[LYN]	Fonts/build/GlyphItem/FontItem_987B.font.lyn.event
[LYN]	Fonts/build/GlyphItem/FontItem_8BB8.font.lyn.event
[LYN]	Fonts/build/GlyphItem/FontItem_5E8F.font.lyn.event
[LYN]	Fonts/build/GlyphItem/FontItem_755C.font.lyn.event
[LYN]	Fonts/build/GlyphItem/FontItem_7EED.font.lyn.event
[LYN]	Fonts/build/GlyphItem/FontItem_5BA3.font.lyn.event
[LYN]	Fonts/build/GlyphItem/FontItem_60AC.font.lyn.event
[LYN]	Fonts/build/GlyphItem/FontItem_65CB.font.lyn.event
[LYN]	Fonts/build/GlyphItem/FontItem_9009.font.lyn.event
[LYN]	Fonts/build/GlyphItem/FontItem_9774.font.lyn.event
[LYN]	Fonts/build/GlyphItem/FontItem_5B66.font.lyn.event
[LYN]	Fonts/build/GlyphItem/FontItem_96EA.font.lyn.event
[LYN]	Fonts/build/GlyphItem/FontItem_8840.font.lyn.event
[LYN]	Fonts/build/GlyphItem/FontItem_52CB.font.lyn.event
[LYN]	Fonts/build/GlyphItem/FontItem_5FAA.font.lyn.event
[LYN]	Fonts/build/GlyphItem/FontItem_5BFB.font.lyn.event
[LYN]	Fonts/build/GlyphItem/FontItem_5DE1.font.lyn.event
[LYN]	Fonts/build/GlyphItem/FontItem_8BAD.font.lyn.event
[LYN]	Fonts/build/GlyphItem/FontItem_538B.font.lyn.event
[LYN]	Fonts/build/GlyphItem/FontItem_9E26.font.lyn.event
[LYN]	Fonts/build/GlyphItem/FontItem_82BD.font.lyn.event
[LYN]	Fonts/build/GlyphItem/FontItem_7259.font.lyn.event
[LYN]	Fonts/build/GlyphItem/FontItem_5D16.font.lyn.event
[LYN]	Fonts/build/GlyphItem/FontItem_6DAF.font.lyn.event
[LYN]	Fonts/build/GlyphItem/FontItem_96C5.font.lyn.event
[LYN]	Fonts/build/GlyphItem/FontItem_4E9A.font.lyn.event
[LYN]	Fonts/build/GlyphItem/FontItem_8BB6.font.lyn.event
[LYN]	Fonts/build/GlyphItem/FontItem_4E25.font.lyn.event
[LYN]	Fonts/build/GlyphItem/FontItem_7814.font.lyn.event
[LYN]	Fonts/build/GlyphItem/FontItem_5CA9.font.lyn.event
[LYN]	Fonts/build/GlyphItem/FontItem_5EF6.font.lyn.event
[LYN]	Fonts/build/GlyphItem/FontItem_8A00.font.lyn.event
[LYN]	Fonts/build/GlyphItem/FontItem_989C.font.lyn.event
[LYN]	Fonts/build/GlyphItem/FontItem_708E.font.lyn.event
[LYN]	Fonts/build/GlyphItem/FontItem_773C.font.lyn.event
[LYN]	Fonts/build/GlyphItem/FontItem_63A9.font.lyn.event
[LYN]	Fonts/build/GlyphItem/FontItem_6F14.font.lyn.event
[LYN]	Fonts/build/GlyphItem/FontItem_8273.font.lyn.event
[LYN]	Fonts/build/GlyphItem/FontItem_538C.font.lyn.event
[LYN]	Fonts/build/GlyphItem/FontItem_7130.font.lyn.event
[LYN]	Fonts/build/GlyphItem/FontItem_9A8C.font.lyn.event
[LYN]	Fonts/build/GlyphItem/FontItem_626C.font.lyn.event
[LYN]	Fonts/build/GlyphItem/FontItem_9633.font.lyn.event
[LYN]	Fonts/build/GlyphItem/FontItem_4EF0.font.lyn.event
[LYN]	Fonts/build/GlyphItem/FontItem_517B.font.lyn.event
[LYN]	Fonts/build/GlyphItem/FontItem_6837.font.lyn.event
[LYN]	Fonts/build/GlyphItem/FontItem_9080.font.lyn.event
[LYN]	Fonts/build/GlyphItem/FontItem_5996.font.lyn.event
[LYN]	Fonts/build/GlyphItem/FontItem_6447.font.lyn.event
[LYN]	Fonts/build/GlyphItem/FontItem_9065.font.lyn.event
[LYN]	Fonts/build/GlyphItem/FontItem_836F.font.lyn.event
[LYN]	Fonts/build/GlyphItem/FontItem_8981.font.lyn.event
[LYN]	Fonts/build/GlyphItem/FontItem_7237.font.lyn.event
[LYN]	Fonts/build/GlyphItem/FontItem_4E5F.font.lyn.event
[LYN]	Fonts/build/GlyphItem/FontItem_91CE.font.lyn.event
[LYN]	Fonts/build/GlyphItem/FontItem_4E1A.font.lyn.event
[LYN]	Fonts/build/GlyphItem/FontItem_4E00.font.lyn.event
[LYN]	Fonts/build/GlyphItem/FontItem_591C.font.lyn.event
[LYN]	Fonts/build/GlyphItem/FontItem_533B.font.lyn.event
[LYN]	Fonts/build/GlyphItem/FontItem_4F9D.font.lyn.event
[LYN]	Fonts/build/GlyphItem/FontItem_4F0A.font.lyn.event
[LYN]	Fonts/build/GlyphItem/FontItem_9057.font.lyn.event
[LYN]	Fonts/build/GlyphItem/FontItem_8863.font.lyn.event
[LYN]	Fonts/build/GlyphItem/FontItem_79FB.font.lyn.event
[LYN]	Fonts/build/GlyphItem/FontItem_4EEA.font.lyn.event
[LYN]	Fonts/build/GlyphItem/FontItem_7591.font.lyn.event
[LYN]	Fonts/build/GlyphItem/FontItem_5B9C.font.lyn.event
[LYN]	Fonts/build/GlyphItem/FontItem_59E8.font.lyn.event
[LYN]	Fonts/build/GlyphItem/FontItem_5DF2.font.lyn.event
[LYN]	Fonts/build/GlyphItem/FontItem_4EE5.font.lyn.event
[LYN]	Fonts/build/GlyphItem/FontItem_827A.font.lyn.event
[LYN]	Fonts/build/GlyphItem/FontItem_6613.font.lyn.event
[LYN]	Fonts/build/GlyphItem/FontItem_5F79.font.lyn.event
[LYN]	Fonts/build/GlyphItem/FontItem_88D4.font.lyn.event
[LYN]	Fonts/build/GlyphItem/FontItem_610F.font.lyn.event
[LYN]	Fonts/build/GlyphItem/FontItem_5FC6.font.lyn.event
[LYN]	Fonts/build/GlyphItem/FontItem_4E49.font.lyn.event
[LYN]	Fonts/build/GlyphItem/FontItem_76CA.font.lyn.event
[LYN]	Fonts/build/GlyphItem/FontItem_8BAE.font.lyn.event
[LYN]	Fonts/build/GlyphItem/FontItem_5F02.font.lyn.event
[LYN]	Fonts/build/GlyphItem/FontItem_7FFC.font.lyn.event
[LYN]	Fonts/build/GlyphItem/FontItem_56E0.font.lyn.event
[LYN]	Fonts/build/GlyphItem/FontItem_97F3.font.lyn.event
[LYN]	Fonts/build/GlyphItem/FontItem_9634.font.lyn.event
[LYN]	Fonts/build/GlyphItem/FontItem_541F.font.lyn.event
[LYN]	Fonts/build/GlyphItem/FontItem_94F6.font.lyn.event
[LYN]	Fonts/build/GlyphItem/FontItem_5F15.font.lyn.event
[LYN]	Fonts/build/GlyphItem/FontItem_9690.font.lyn.event
[LYN]	Fonts/build/GlyphItem/FontItem_5370.font.lyn.event
[LYN]	Fonts/build/GlyphItem/FontItem_82F1.font.lyn.event
[LYN]	Fonts/build/GlyphItem/FontItem_5E94.font.lyn.event
[LYN]	Fonts/build/GlyphItem/FontItem_8FCE.font.lyn.event
[LYN]	Fonts/build/GlyphItem/FontItem_8D62.font.lyn.event
[LYN]	Fonts/build/GlyphItem/FontItem_5F71.font.lyn.event
[LYN]	Fonts/build/GlyphItem/FontItem_786C.font.lyn.event
[LYN]	Fonts/build/GlyphItem/FontItem_62E5.font.lyn.event
[LYN]	Fonts/build/GlyphItem/FontItem_4F63.font.lyn.event
[LYN]	Fonts/build/GlyphItem/FontItem_6C38.font.lyn.event
[LYN]	Fonts/build/GlyphItem/FontItem_52C7.font.lyn.event
[LYN]	Fonts/build/GlyphItem/FontItem_7528.font.lyn.event
[LYN]	Fonts/build/GlyphItem/FontItem_5E7D.font.lyn.event
[LYN]	Fonts/build/GlyphItem/FontItem_4F18.font.lyn.event
[LYN]	Fonts/build/GlyphItem/FontItem_60A0.font.lyn.event
[LYN]	Fonts/build/GlyphItem/FontItem_5FE7.font.lyn.event
[LYN]	Fonts/build/GlyphItem/FontItem_5C24.font.lyn.event
[LYN]	Fonts/build/GlyphItem/FontItem_7531.font.lyn.event
[LYN]	Fonts/build/GlyphItem/FontItem_72B9.font.lyn.event
[LYN]	Fonts/build/GlyphItem/FontItem_6E38.font.lyn.event
[LYN]	Fonts/build/GlyphItem/FontItem_6709.font.lyn.event
[LYN]	Fonts/build/GlyphItem/FontItem_53CB.font.lyn.event
[LYN]	Fonts/build/GlyphItem/FontItem_53F3.font.lyn.event
[LYN]	Fonts/build/GlyphItem/FontItem_53C8.font.lyn.event
[LYN]	Fonts/build/GlyphItem/FontItem_5E7C.font.lyn.event
[LYN]	Fonts/build/GlyphItem/FontItem_4E8E.font.lyn.event
[LYN]	Fonts/build/GlyphItem/FontItem_4F59.font.lyn.event
[LYN]	Fonts/build/GlyphItem/FontItem_6109.font.lyn.event
[LYN]	Fonts/build/GlyphItem/FontItem_4E88.font.lyn.event
[LYN]	Fonts/build/GlyphItem/FontItem_96E8.font.lyn.event
[LYN]	Fonts/build/GlyphItem/FontItem_4E0E.font.lyn.event
[LYN]	Fonts/build/GlyphItem/FontItem_5C7F.font.lyn.event
[LYN]	Fonts/build/GlyphItem/FontItem_8BED.font.lyn.event
[LYN]	Fonts/build/GlyphItem/FontItem_7FBD.font.lyn.event
[LYN]	Fonts/build/GlyphItem/FontItem_7389.font.lyn.event
[LYN]	Fonts/build/GlyphItem/FontItem_57DF.font.lyn.event
[LYN]	Fonts/build/GlyphItem/FontItem_90C1.font.lyn.event
[LYN]	Fonts/build/GlyphItem/FontItem_9047.font.lyn.event
[LYN]	Fonts/build/GlyphItem/FontItem_5FA1.font.lyn.event
[LYN]	Fonts/build/GlyphItem/FontItem_6108.font.lyn.event
[LYN]	Fonts/build/GlyphItem/FontItem_6B32.font.lyn.event
[LYN]	Fonts/build/GlyphItem/FontItem_72F1.font.lyn.event
[LYN]	Fonts/build/GlyphItem/FontItem_80B2.font.lyn.event
[LYN]	Fonts/build/GlyphItem/FontItem_8A89.font.lyn.event
[LYN]	Fonts/build/GlyphItem/FontItem_9884.font.lyn.event
[LYN]	Fonts/build/GlyphItem/FontItem_8C6B.font.lyn.event
[LYN]	Fonts/build/GlyphItem/FontItem_5143.font.lyn.event
[LYN]	Fonts/build/GlyphItem/FontItem_539F.font.lyn.event
[LYN]	Fonts/build/GlyphItem/FontItem_63F4.font.lyn.event
[LYN]	Fonts/build/GlyphItem/FontItem_56ED.font.lyn.event
[LYN]	Fonts/build/GlyphItem/FontItem_5458.font.lyn.event
[LYN]	Fonts/build/GlyphItem/FontItem_6E90.font.lyn.event
[LYN]	Fonts/build/GlyphItem/FontItem_7F18.font.lyn.event
[LYN]	Fonts/build/GlyphItem/FontItem_8FDC.font.lyn.event
[LYN]	Fonts/build/GlyphItem/FontItem_613F.font.lyn.event
[LYN]	Fonts/build/GlyphItem/FontItem_9662.font.lyn.event
[LYN]	Fonts/build/GlyphItem/FontItem_7EA6.font.lyn.event
[LYN]	Fonts/build/GlyphItem/FontItem_8D8A.font.lyn.event
[LYN]	Fonts/build/GlyphItem/FontItem_8DC3.font.lyn.event
[LYN]	Fonts/build/GlyphItem/FontItem_94A5.font.lyn.event
[LYN]	Fonts/build/GlyphItem/FontItem_6708.font.lyn.event
[LYN]	Fonts/build/GlyphItem/FontItem_60A6.font.lyn.event
[LYN]	Fonts/build/GlyphItem/FontItem_8FD0.font.lyn.event
[LYN]	Fonts/build/GlyphItem/FontItem_5B55.font.lyn.event
[LYN]	Fonts/build/GlyphItem/FontItem_707E.font.lyn.event
[LYN]	Fonts/build/GlyphItem/FontItem_5BB0.font.lyn.event
[LYN]	Fonts/build/GlyphItem/FontItem_8F7D.font.lyn.event
[LYN]	Fonts/build/GlyphItem/FontItem_518D.font.lyn.event
[LYN]	Fonts/build/GlyphItem/FontItem_5728.font.lyn.event
[LYN]	Fonts/build/GlyphItem/FontItem_6682.font.lyn.event
[LYN]	Fonts/build/GlyphItem/FontItem_8D5E.font.lyn.event
[LYN]	Fonts/build/GlyphItem/FontItem_906D.font.lyn.event
[LYN]	Fonts/build/GlyphItem/FontItem_65E9.font.lyn.event
[LYN]	Fonts/build/GlyphItem/FontItem_9020.font.lyn.event
[LYN]	Fonts/build/GlyphItem/FontItem_8D23.font.lyn.event
[LYN]	Fonts/build/GlyphItem/FontItem_62E9.font.lyn.event
[LYN]	Fonts/build/GlyphItem/FontItem_5219.font.lyn.event
[LYN]	Fonts/build/GlyphItem/FontItem_6CFD.font.lyn.event
[LYN]	Fonts/build/GlyphItem/FontItem_8D3C.font.lyn.event
[LYN]	Fonts/build/GlyphItem/FontItem_600E.font.lyn.event
[LYN]	Fonts/build/GlyphItem/FontItem_589E.font.lyn.event
[LYN]	Fonts/build/GlyphItem/FontItem_66FE.font.lyn.event
[LYN]	Fonts/build/GlyphItem/FontItem_618E.font.lyn.event
[LYN]	Fonts/build/GlyphItem/FontItem_624E.font.lyn.event
[LYN]	Fonts/build/GlyphItem/FontItem_5B85.font.lyn.event
[LYN]	Fonts/build/GlyphItem/FontItem_5BE8.font.lyn.event
[LYN]	Fonts/build/GlyphItem/FontItem_65A9.font.lyn.event
[LYN]	Fonts/build/GlyphItem/FontItem_5C55.font.lyn.event
[LYN]	Fonts/build/GlyphItem/FontItem_5360.font.lyn.event
[LYN]	Fonts/build/GlyphItem/FontItem_6218.font.lyn.event
[LYN]	Fonts/build/GlyphItem/FontItem_7AD9.font.lyn.event
[LYN]	Fonts/build/GlyphItem/FontItem_7AE0.font.lyn.event
[LYN]	Fonts/build/GlyphItem/FontItem_5F70.font.lyn.event
[LYN]	Fonts/build/GlyphItem/FontItem_5F20.font.lyn.event
[LYN]	Fonts/build/GlyphItem/FontItem_638C.font.lyn.event
[LYN]	Fonts/build/GlyphItem/FontItem_6756.font.lyn.event
[LYN]	Fonts/build/GlyphItem/FontItem_4E08.font.lyn.event
[LYN]	Fonts/build/GlyphItem/FontItem_5E10.font.lyn.event
[LYN]	Fonts/build/GlyphItem/FontItem_969C.font.lyn.event
[LYN]	Fonts/build/GlyphItem/FontItem_62DB.font.lyn.event
[LYN]	Fonts/build/GlyphItem/FontItem_627E.font.lyn.event
[LYN]	Fonts/build/GlyphItem/FontItem_7167.font.lyn.event
[LYN]	Fonts/build/GlyphItem/FontItem_53EC.font.lyn.event
[LYN]	Fonts/build/GlyphItem/FontItem_8005.font.lyn.event
[LYN]	Fonts/build/GlyphItem/FontItem_8FD9.font.lyn.event
[LYN]	Fonts/build/GlyphItem/FontItem_73CD.font.lyn.event
[LYN]	Fonts/build/GlyphItem/FontItem_771F.font.lyn.event
[LYN]	Fonts/build/GlyphItem/FontItem_4FA6.font.lyn.event
[LYN]	Fonts/build/GlyphItem/FontItem_9707.font.lyn.event
[LYN]	Fonts/build/GlyphItem/FontItem_632F.font.lyn.event
[LYN]	Fonts/build/GlyphItem/FontItem_9547.font.lyn.event
[LYN]	Fonts/build/GlyphItem/FontItem_9635.font.lyn.event
[LYN]	Fonts/build/GlyphItem/FontItem_5F81.font.lyn.event
[LYN]	Fonts/build/GlyphItem/FontItem_4E89.font.lyn.event
[LYN]	Fonts/build/GlyphItem/FontItem_6574.font.lyn.event
[LYN]	Fonts/build/GlyphItem/FontItem_6B63.font.lyn.event
[LYN]	Fonts/build/GlyphItem/FontItem_653F.font.lyn.event
[LYN]	Fonts/build/GlyphItem/FontItem_75C7.font.lyn.event
[LYN]	Fonts/build/GlyphItem/FontItem_8BC1.font.lyn.event
[LYN]	Fonts/build/GlyphItem/FontItem_652F.font.lyn.event
[LYN]	Fonts/build/GlyphItem/FontItem_77E5.font.lyn.event
[LYN]	Fonts/build/GlyphItem/FontItem_4E4B.font.lyn.event
[LYN]	Fonts/build/GlyphItem/FontItem_7EC7.font.lyn.event
[LYN]	Fonts/build/GlyphItem/FontItem_804C.font.lyn.event
[LYN]	Fonts/build/GlyphItem/FontItem_76F4.font.lyn.event
[LYN]	Fonts/build/GlyphItem/FontItem_6267.font.lyn.event
[LYN]	Fonts/build/GlyphItem/FontItem_503C.font.lyn.event
[LYN]	Fonts/build/GlyphItem/FontItem_5740.font.lyn.event
[LYN]	Fonts/build/GlyphItem/FontItem_6307.font.lyn.event
[LYN]	Fonts/build/GlyphItem/FontItem_6B62.font.lyn.event
[LYN]	Fonts/build/GlyphItem/FontItem_53EA.font.lyn.event
[LYN]	Fonts/build/GlyphItem/FontItem_5FD7.font.lyn.event
[LYN]	Fonts/build/GlyphItem/FontItem_63B7.font.lyn.event
[LYN]	Fonts/build/GlyphItem/FontItem_81F3.font.lyn.event
[LYN]	Fonts/build/GlyphItem/FontItem_81F4.font.lyn.event
[LYN]	Fonts/build/GlyphItem/FontItem_7F6E.font.lyn.event
[LYN]	Fonts/build/GlyphItem/FontItem_5236.font.lyn.event
[LYN]	Fonts/build/GlyphItem/FontItem_667A.font.lyn.event
[LYN]	Fonts/build/GlyphItem/FontItem_8D28.font.lyn.event
[LYN]	Fonts/build/GlyphItem/FontItem_6CBB.font.lyn.event
[LYN]	Fonts/build/GlyphItem/FontItem_4E2D.font.lyn.event
[LYN]	Fonts/build/GlyphItem/FontItem_5FE0.font.lyn.event
[LYN]	Fonts/build/GlyphItem/FontItem_8877.font.lyn.event
[LYN]	Fonts/build/GlyphItem/FontItem_7EC8.font.lyn.event
[LYN]	Fonts/build/GlyphItem/FontItem_79CD.font.lyn.event
[LYN]	Fonts/build/GlyphItem/FontItem_91CD.font.lyn.event
[LYN]	Fonts/build/GlyphItem/FontItem_4F17.font.lyn.event
[LYN]	Fonts/build/GlyphItem/FontItem_5468.font.lyn.event
[LYN]	Fonts/build/GlyphItem/FontItem_663C.font.lyn.event
[LYN]	Fonts/build/GlyphItem/FontItem_6731.font.lyn.event
[LYN]	Fonts/build/GlyphItem/FontItem_9010.font.lyn.event
[LYN]	Fonts/build/GlyphItem/FontItem_7AF9.font.lyn.event
[LYN]	Fonts/build/GlyphItem/FontItem_4E3B.font.lyn.event
[LYN]	Fonts/build/GlyphItem/FontItem_8457.font.lyn.event
[LYN]	Fonts/build/GlyphItem/FontItem_67F1.font.lyn.event
[LYN]	Fonts/build/GlyphItem/FontItem_52A9.font.lyn.event
[LYN]	Fonts/build/GlyphItem/FontItem_4F4F.font.lyn.event
[LYN]	Fonts/build/GlyphItem/FontItem_6CE8.font.lyn.event
[LYN]	Fonts/build/GlyphItem/FontItem_795D.font.lyn.event
[LYN]	Fonts/build/GlyphItem/FontItem_9A7B.font.lyn.event
[LYN]	Fonts/build/GlyphItem/FontItem_4E13.font.lyn.event
[LYN]	Fonts/build/GlyphItem/FontItem_722A.font.lyn.event
[LYN]	Fonts/build/GlyphItem/FontItem_8F6C.font.lyn.event
[LYN]	Fonts/build/GlyphItem/FontItem_8D5A.font.lyn.event
[LYN]	Fonts/build/GlyphItem/FontItem_5E84.font.lyn.event
[LYN]	Fonts/build/GlyphItem/FontItem_88C5.font.lyn.event
[LYN]	Fonts/build/GlyphItem/FontItem_58EE.font.lyn.event
[LYN]	Fonts/build/GlyphItem/FontItem_72B6.font.lyn.event
[LYN]	Fonts/build/GlyphItem/FontItem_8FFD.font.lyn.event
[LYN]	Fonts/build/GlyphItem/FontItem_5760.font.lyn.event
[LYN]	Fonts/build/GlyphItem/FontItem_51C6.font.lyn.event
[LYN]	Fonts/build/GlyphItem/FontItem_7740.font.lyn.event
[LYN]	Fonts/build/GlyphItem/FontItem_707C.font.lyn.event
[LYN]	Fonts/build/GlyphItem/FontItem_5179.font.lyn.event
[LYN]	Fonts/build/GlyphItem/FontItem_8D44.font.lyn.event
[LYN]	Fonts/build/GlyphItem/FontItem_59FF.font.lyn.event
[LYN]	Fonts/build/GlyphItem/FontItem_6ECB.font.lyn.event
[LYN]	Fonts/build/GlyphItem/FontItem_5B50.font.lyn.event
[LYN]	Fonts/build/GlyphItem/FontItem_81EA.font.lyn.event
[LYN]	Fonts/build/GlyphItem/FontItem_5B57.font.lyn.event
[LYN]	Fonts/build/GlyphItem/FontItem_8E2A.font.lyn.event
[LYN]	Fonts/build/GlyphItem/FontItem_7EFC.font.lyn.event
[LYN]	Fonts/build/GlyphItem/FontItem_603B.font.lyn.event
[LYN]	Fonts/build/GlyphItem/FontItem_7EB5.font.lyn.event
[LYN]	Fonts/build/GlyphItem/FontItem_8D70.font.lyn.event
[LYN]	Fonts/build/GlyphItem/FontItem_594F.font.lyn.event
[LYN]	Fonts/build/GlyphItem/FontItem_8DB3.font.lyn.event
[LYN]	Fonts/build/GlyphItem/FontItem_65CF.font.lyn.event
[LYN]	Fonts/build/GlyphItem/FontItem_7956.font.lyn.event
[LYN]	Fonts/build/GlyphItem/FontItem_963B.font.lyn.event
[LYN]	Fonts/build/GlyphItem/FontItem_7EC4.font.lyn.event
[LYN]	Fonts/build/GlyphItem/FontItem_5634.font.lyn.event
[LYN]	Fonts/build/GlyphItem/FontItem_6700.font.lyn.event
[LYN]	Fonts/build/GlyphItem/FontItem_7F6A.font.lyn.event
[LYN]	Fonts/build/GlyphItem/FontItem_5C0A.font.lyn.event
[LYN]	Fonts/build/GlyphItem/FontItem_5DE6.font.lyn.event
[LYN]	Fonts/build/GlyphItem/FontItem_4F50.font.lyn.event
[LYN]	Fonts/build/GlyphItem/FontItem_505A.font.lyn.event
[LYN]	Fonts/build/GlyphItem/FontItem_4F5C.font.lyn.event
[LYN]	Fonts/build/GlyphItem/FontItem_5750.font.lyn.event
[LYN]	Fonts/build/GlyphItem/FontItem_5EA7.font.lyn.event
[LYN]	Fonts/build/GlyphItem/FontItem_502D.font.lyn.event
[LYN]	Fonts/build/GlyphItem/FontItem_8BAA.font.lyn.event
[LYN]	Fonts/build/GlyphItem/FontItem_8C19.font.lyn.event
[LYN]	Fonts/build/GlyphItem/FontItem_9631.font.lyn.event
[LYN]	Fonts/build/GlyphItem/FontItem_90B8.font.lyn.event
[LYN]	Fonts/build/GlyphItem/FontItem_831C.font.lyn.event
[LYN]	Fonts/build/GlyphItem/FontItem_8403.font.lyn.event
[LYN]	Fonts/build/GlyphItem/FontItem_5416.font.lyn.event
[LYN]	Fonts/build/GlyphItem/FontItem_5E37.font.lyn.event
[LYN]	Fonts/build/GlyphItem/FontItem_5C9A.font.lyn.event
[LYN]	Fonts/build/GlyphItem/FontItem_6115.font.lyn.event
[LYN]	Fonts/build/GlyphItem/FontItem_5F29.font.lyn.event
[LYN]	Fonts/build/GlyphItem/FontItem_5A05.font.lyn.event
[LYN]	Fonts/build/GlyphItem/FontItem_7F07.font.lyn.event
[LYN]	Fonts/build/GlyphItem/FontItem_7F2A.font.lyn.event
[LYN]	Fonts/build/GlyphItem/FontItem_73C2.font.lyn.event
[LYN]	Fonts/build/GlyphItem/FontItem_7F81.font.lyn.event
[LYN]	Fonts/build/GlyphItem/FontItem_94E0.font.lyn.event
[LYN]	Fonts/build/GlyphItem/FontItem_9556.font.lyn.event
[LYN]	Fonts/build/GlyphItem/FontItem_96BC.font.lyn.event
[LYN]	Fonts/build/GlyphItem/FontItem_6602.font.lyn.event
[LYN]	Fonts/build/GlyphItem/FontItem_707F.font.lyn.event
[LYN]	Fonts/build/GlyphItem/FontItem_518C.font.lyn.event
[LYN]	Fonts/build/GlyphItem/FontItem_63D2.font.lyn.event
[LYN]	Fonts/build/GlyphItem/FontItem_9F7F.font.lyn.event
[LYN]	Fonts/build/GlyphItem/FontItem_5D07.font.lyn.event
[LYN]	Fonts/build/GlyphItem/FontItem_63E3.font.lyn.event
[LYN]	Fonts/build/GlyphItem/FontItem_4E1B.font.lyn.event
[LYN]	Fonts/build/GlyphItem/FontItem_4FC3.font.lyn.event
[LYN]	Fonts/build/GlyphItem/FontItem_4E39.font.lyn.event
[LYN]	Fonts/build/GlyphItem/FontItem_5F39.font.lyn.event
[LYN]	Fonts/build/GlyphItem/FontItem_6EF4.font.lyn.event
[LYN]	Fonts/build/GlyphItem/FontItem_7B1B.font.lyn.event
[LYN]	Fonts/build/GlyphItem/FontItem_5178.font.lyn.event
[LYN]	Fonts/build/GlyphItem/FontItem_5E1D.font.lyn.event
[LYN]	Fonts/build/GlyphItem/FontItem_5960.font.lyn.event
[LYN]	Fonts/build/GlyphItem/FontItem_7779.font.lyn.event
[LYN]	Fonts/build/GlyphItem/FontItem_989D.font.lyn.event
[LYN]	Fonts/build/GlyphItem/FontItem_5CF0.font.lyn.event
[LYN]	Fonts/build/GlyphItem/FontItem_4F5B.font.lyn.event
[LYN]	Fonts/build/GlyphItem/FontItem_5085.font.lyn.event
[LYN]	Fonts/build/GlyphItem/FontItem_6E2F.font.lyn.event
[LYN]	Fonts/build/GlyphItem/FontItem_94A9.font.lyn.event
[LYN]	Fonts/build/GlyphItem/FontItem_5BE1.font.lyn.event
[LYN]	Fonts/build/GlyphItem/FontItem_901B.font.lyn.event
[LYN]	Fonts/build/GlyphItem/FontItem_95FA.font.lyn.event
[LYN]	Fonts/build/GlyphItem/FontItem_54C4.font.lyn.event
[LYN]	Fonts/build/GlyphItem/FontItem_54D7.font.lyn.event
[LYN]	Fonts/build/GlyphItem/FontItem_6ED1.font.lyn.event
[LYN]	Fonts/build/GlyphItem/FontItem_970D.font.lyn.event
[LYN]	Fonts/build/GlyphItem/FontItem_7A3D.font.lyn.event
[LYN]	Fonts/build/GlyphItem/FontItem_8D3E.font.lyn.event
[LYN]	Fonts/build/GlyphItem/FontItem_4FED.font.lyn.event
[LYN]	Fonts/build/GlyphItem/FontItem_8230.font.lyn.event
[LYN]	Fonts/build/GlyphItem/FontItem_50F5.font.lyn.event
[LYN]	Fonts/build/GlyphItem/FontItem_8857.font.lyn.event
[LYN]	Fonts/build/GlyphItem/FontItem_6676.font.lyn.event
[LYN]	Fonts/build/GlyphItem/FontItem_5F84.font.lyn.event
[LYN]	Fonts/build/GlyphItem/FontItem_65F7.font.lyn.event
[LYN]	Fonts/build/GlyphItem/FontItem_9ECE.font.lyn.event
[LYN]	Fonts/build/GlyphItem/FontItem_7433.font.lyn.event
[LYN]	Fonts/build/GlyphItem/FontItem_788C.font.lyn.event
[LYN]	Fonts/build/GlyphItem/FontItem_66FC.font.lyn.event
[LYN]	Fonts/build/GlyphItem/FontItem_8D38.font.lyn.event
[LYN]	Fonts/build/GlyphItem/FontItem_9E23.font.lyn.event
[LYN]	Fonts/build/GlyphItem/FontItem_6469.font.lyn.event
[LYN]	Fonts/build/GlyphItem/FontItem_4E43.font.lyn.event
[LYN]	Fonts/build/GlyphItem/FontItem_5B7D.font.lyn.event
[LYN]	Fonts/build/GlyphItem/FontItem_5E15.font.lyn.event
[LYN]	Fonts/build/GlyphItem/FontItem_70AE.font.lyn.event
[LYN]	Fonts/build/GlyphItem/FontItem_7BF7.font.lyn.event
[LYN]	Fonts/build/GlyphItem/FontItem_7BC7.font.lyn.event
[LYN]	Fonts/build/GlyphItem/FontItem_9887.font.lyn.event
[LYN]	Fonts/build/GlyphItem/FontItem_6B67.font.lyn.event
[LYN]	Fonts/build/GlyphItem/FontItem_4E18.font.lyn.event
[LYN]	Fonts/build/GlyphItem/FontItem_6CC9.font.lyn.event
[LYN]	Fonts/build/GlyphItem/FontItem_72AC.font.lyn.event
[LYN]	Fonts/build/GlyphItem/FontItem_6EB6.font.lyn.event
[LYN]	Fonts/build/GlyphItem/FontItem_6851.font.lyn.event
[LYN]	Fonts/build/GlyphItem/FontItem_745F.font.lyn.event
[LYN]	Fonts/build/GlyphItem/FontItem_838E.font.lyn.event
[LYN]	Fonts/build/GlyphItem/FontItem_6444.font.lyn.event
[LYN]	Fonts/build/GlyphItem/FontItem_8680.font.lyn.event
[LYN]	Fonts/build/GlyphItem/FontItem_4ED5.font.lyn.event
[LYN]	Fonts/build/GlyphItem/FontItem_552E.font.lyn.event
[LYN]	Fonts/build/GlyphItem/FontItem_517D.font.lyn.event
[LYN]	Fonts/build/GlyphItem/FontItem_77AC.font.lyn.event
[LYN]	Fonts/build/GlyphItem/FontItem_9882.font.lyn.event
[LYN]	Fonts/build/GlyphItem/FontItem_6DCC.font.lyn.event
[LYN]	Fonts/build/GlyphItem/FontItem_77B3.font.lyn.event
[LYN]	Fonts/build/GlyphItem/FontItem_6845.font.lyn.event
[LYN]	Fonts/build/GlyphItem/FontItem_6170.font.lyn.event
[LYN]	Fonts/build/GlyphItem/FontItem_6DA1.font.lyn.event
[LYN]	Fonts/build/GlyphItem/FontItem_6614.font.lyn.event
[LYN]	Fonts/build/GlyphItem/FontItem_819D.font.lyn.event
[LYN]	Fonts/build/GlyphItem/FontItem_6687.font.lyn.event
[LYN]	Fonts/build/GlyphItem/FontItem_8237.font.lyn.event
[LYN]	Fonts/build/GlyphItem/FontItem_85AA.font.lyn.event
[LYN]	Fonts/build/GlyphItem/FontItem_6768.font.lyn.event
[LYN]	Fonts/build/GlyphItem/FontItem_6BC5.font.lyn.event
[LYN]	Fonts/build/GlyphItem/FontItem_6EA2.font.lyn.event
[LYN]	Fonts/build/GlyphItem/FontItem_5706.font.lyn.event
[LYN]	Fonts/build/GlyphItem/FontItem_7F69.font.lyn.event
[LYN]	Fonts/build/GlyphItem/FontItem_5353.font.lyn.event
[LYN]	Fonts/build/GlyphItem/FontItem_7D2B.font.lyn.event
[LYN]	Fonts/build/GlyphItem/FontItem_5B97.font.lyn.event
[LYN]	Fonts/build/GlyphItem/FontItem_99A8.font.lyn.event
[LYN]	Fonts/build/GlyphItem/FontItem_8299.font.lyn.event
[LYN]	Fonts/build/GlyphItem/FontItem_595A.font.lyn.event
[LYN]	Fonts/build/GlyphItem/FontItem_5F11.font.lyn.event
[LYN]	Fonts/build/GlyphItem/FontItem_561F.font.lyn.event
[LYN]	Fonts/build/GlyphItem/FontItem_56D4.font.lyn.event
[LYN]	Fonts/build/GlyphItem/FontItem_5F77.font.lyn.event
[LYN]	Fonts/build/GlyphItem/FontItem_5FA8.font.lyn.event
[LYN]	Fonts/build/GlyphItem/FontItem_6F29.font.lyn.event
[LYN]	Fonts/build/GlyphItem/FontItem_8FE6.font.lyn.event
[LYN]	Fonts/build/GlyphItem/FontItem_9005.font.lyn.event
[LYN]	Fonts/build/GlyphItem/FontItem_9082.font.lyn.event
[LYN]	Fonts/build/GlyphItem/FontItem_6773.font.lyn.event
[LYN]	Fonts/build/GlyphItem/FontItem_621F.font.lyn.event
[LYN]	Fonts/build/GlyphItem/FontItem_61A9.font.lyn.event
[LYN]	Fonts/build/GlyphItem/FontItem_753A.font.lyn.event
[LYN]	Fonts/build/GlyphItem/FontItem_52C3.font.lyn.event
[LYN]	Fonts/build/GlyphItem/FontItem_54FA.font.lyn.event
[LYN]	Fonts/build/GlyphItem/FontItem_8328.font.lyn.event
[LYN]	Fonts/build/GlyphItem/FontItem_7C07.font.lyn.event
[LYN]	Fonts/build/GlyphItem/FontItem_675C.font.lyn.event
[LYN]	Fonts/build/GlyphItem/FontItem_52D2.font.lyn.event
[LYN]	Fonts/build/GlyphItem/FontItem_5CAD.font.lyn.event
[LYN]	Fonts/build/GlyphItem/FontItem_5375.font.lyn.event
[LYN]	Fonts/build/GlyphItem/FontItem_5E3D.font.lyn.event
[LYN]	Fonts/build/GlyphItem/FontItem_840C.font.lyn.event
[LYN]	Fonts/build/GlyphItem/FontItem_6CDE.font.lyn.event
[LYN]	Fonts/build/GlyphItem/FontItem_62AB.font.lyn.event
[LYN]	Fonts/build/GlyphItem/FontItem_94FA.font.lyn.event
[LYN]	Fonts/build/GlyphItem/FontItem_8C34.font.lyn.event
[LYN]	Fonts/build/GlyphItem/FontItem_5BDD.font.lyn.event
[LYN]	Fonts/build/GlyphItem/FontItem_8EAF.font.lyn.event
[LYN]	Fonts/build/GlyphItem/FontItem_5239.font.lyn.event
[LYN]	Fonts/build/GlyphItem/FontItem_7EB1.font.lyn.event
[LYN]	Fonts/build/GlyphItem/FontItem_5A49.font.lyn.event
[LYN]	Fonts/build/GlyphItem/FontItem_9890.font.lyn.event
[LYN]	Fonts/build/GlyphItem/FontItem_7ECE.font.lyn.event
[LYN]	Fonts/build/GlyphItem/FontItem_8BE3.font.lyn.event
[LYN]	Fonts/build/GlyphItem/FontItem_8424.font.lyn.event
[LYN]	Fonts/build/GlyphItem/FontItem_5CB3.font.lyn.event
[LYN]	Fonts/build/GlyphItem/FontItem_6E5B.font.lyn.event
[LYN]	Fonts/build/GlyphItem/FontItem_8718.font.lyn.event
[LYN]	Fonts/build/GlyphItem/FontItem_6EDE.font.lyn.event
[LYN]	Fonts/build/GlyphItem/FontItem_86DB.font.lyn.event
[LYN]	Fonts/build/GlyphItem/FontItem_5FD2.font.lyn.event
[LYN]	Fonts/build/GlyphItem/FontItem_5555.font.lyn.event
[LYN]	Fonts/build/GlyphItem/FontItem_8FE5.font.lyn.event
[LYN]	Fonts/build/GlyphItem/FontItem_7EEF.font.lyn.event
[LYN]	Fonts/build/GlyphItem/FontItem_73C0.font.lyn.event
[LYN]	Fonts/build/GlyphItem/FontItem_66DC.font.lyn.event
[LYN]	Fonts/build/GlyphItem/FontItem_7985.font.lyn.event
[LYN]	Fonts/build/GlyphItem/FontItem_7656.font.lyn.event
[LYN]	Fonts/build/GlyphItem/FontItem_8E35.font.lyn.event
[LYN]	Fonts/build/GlyphItem/FontItem_9AB7.font.lyn.event
[LYN]	Fonts/build/GlyphItem/FontItem_9AC5.font.lyn.event
[LYN]	Fonts/build/GlyphItem/FontItem_5570.font.lyn.event
[LYN]	Fonts/build/GlyphItem/FontItem_6328.font.lyn.event
[LYN]	Fonts/build/GlyphItem/FontItem_54CE.font.lyn.event
[LYN]	Fonts/build/GlyphItem/FontItem_5509.font.lyn.event
[LYN]	Fonts/build/GlyphItem/FontItem_54C0.font.lyn.event
[LYN]	Fonts/build/GlyphItem/FontItem_7691.font.lyn.event
[LYN]	Fonts/build/GlyphItem/FontItem_764C.font.lyn.event
[LYN]	Fonts/build/GlyphItem/FontItem_853C.font.lyn.event
[LYN]	Fonts/build/GlyphItem/FontItem_77EE.font.lyn.event
[LYN]	Fonts/build/GlyphItem/FontItem_788D.font.lyn.event
[LYN]	Fonts/build/GlyphItem/FontItem_9698.font.lyn.event
[LYN]	Fonts/build/GlyphItem/FontItem_978D.font.lyn.event
[LYN]	Fonts/build/GlyphItem/FontItem_6C28.font.lyn.event
[LYN]	Fonts/build/GlyphItem/FontItem_4FFA.font.lyn.event
[LYN]	Fonts/build/GlyphItem/FontItem_80FA.font.lyn.event
[LYN]	Fonts/build/GlyphItem/FontItem_80AE.font.lyn.event
[LYN]	Fonts/build/GlyphItem/FontItem_76CE.font.lyn.event
[LYN]	Fonts/build/GlyphItem/FontItem_51F9.font.lyn.event
[LYN]	Fonts/build/GlyphItem/FontItem_6556.font.lyn.event
[LYN]	Fonts/build/GlyphItem/FontItem_71AC.font.lyn.event
[LYN]	Fonts/build/GlyphItem/FontItem_8884.font.lyn.event
[LYN]	Fonts/build/GlyphItem/FontItem_61CA.font.lyn.event
[LYN]	Fonts/build/GlyphItem/FontItem_6FB3.font.lyn.event
[LYN]	Fonts/build/GlyphItem/FontItem_82AD.font.lyn.event
[LYN]	Fonts/build/GlyphItem/FontItem_634C.font.lyn.event
[LYN]	Fonts/build/GlyphItem/FontItem_6252.font.lyn.event
[LYN]	Fonts/build/GlyphItem/FontItem_53ED.font.lyn.event
[LYN]	Fonts/build/GlyphItem/FontItem_7B06.font.lyn.event
[LYN]	Fonts/build/GlyphItem/FontItem_75A4.font.lyn.event
[LYN]	Fonts/build/GlyphItem/FontItem_8DCB.font.lyn.event
[LYN]	Fonts/build/GlyphItem/FontItem_9776.font.lyn.event
[LYN]	Fonts/build/GlyphItem/FontItem_8019.font.lyn.event
[LYN]	Fonts/build/GlyphItem/FontItem_575D.font.lyn.event
[LYN]	Fonts/build/GlyphItem/FontItem_7F62.font.lyn.event
[LYN]	Fonts/build/GlyphItem/FontItem_67CF.font.lyn.event
[LYN]	Fonts/build/GlyphItem/FontItem_4F70.font.lyn.event
[LYN]	Fonts/build/GlyphItem/FontItem_7A17.font.lyn.event
[LYN]	Fonts/build/GlyphItem/FontItem_6591.font.lyn.event
[LYN]	Fonts/build/GlyphItem/FontItem_642C.font.lyn.event
[LYN]	Fonts/build/GlyphItem/FontItem_6273.font.lyn.event
[LYN]	Fonts/build/GlyphItem/FontItem_9881.font.lyn.event
[LYN]	Fonts/build/GlyphItem/FontItem_626E.font.lyn.event
[LYN]	Fonts/build/GlyphItem/FontItem_62CC.font.lyn.event
[LYN]	Fonts/build/GlyphItem/FontItem_74E3.font.lyn.event
[LYN]	Fonts/build/GlyphItem/FontItem_6886.font.lyn.event
[LYN]	Fonts/build/GlyphItem/FontItem_8180.font.lyn.event
[LYN]	Fonts/build/GlyphItem/FontItem_7ED1.font.lyn.event
[LYN]	Fonts/build/GlyphItem/FontItem_68D2.font.lyn.event
[LYN]	Fonts/build/GlyphItem/FontItem_78C5.font.lyn.event
[LYN]	Fonts/build/GlyphItem/FontItem_868C.font.lyn.event
[LYN]	Fonts/build/GlyphItem/FontItem_9551.font.lyn.event
[LYN]	Fonts/build/GlyphItem/FontItem_508D.font.lyn.event
[LYN]	Fonts/build/GlyphItem/FontItem_8C24.font.lyn.event
[LYN]	Fonts/build/GlyphItem/FontItem_82DE.font.lyn.event
[LYN]	Fonts/build/GlyphItem/FontItem_8912.font.lyn.event
[LYN]	Fonts/build/GlyphItem/FontItem_5265.font.lyn.event
[LYN]	Fonts/build/GlyphItem/FontItem_8584.font.lyn.event
[LYN]	Fonts/build/GlyphItem/FontItem_96F9.font.lyn.event
[LYN]	Fonts/build/GlyphItem/FontItem_5821.font.lyn.event
[LYN]	Fonts/build/GlyphItem/FontItem_8C79.font.lyn.event
[LYN]	Fonts/build/GlyphItem/FontItem_676F.font.lyn.event
[LYN]	Fonts/build/GlyphItem/FontItem_7891.font.lyn.event
[LYN]	Fonts/build/GlyphItem/FontItem_94A1.font.lyn.event
[LYN]	Fonts/build/GlyphItem/FontItem_72C8.font.lyn.event
[LYN]	Fonts/build/GlyphItem/FontItem_7119.font.lyn.event
[LYN]	Fonts/build/GlyphItem/FontItem_82EF.font.lyn.event
[LYN]	Fonts/build/GlyphItem/FontItem_7B28.font.lyn.event
[LYN]	Fonts/build/GlyphItem/FontItem_7EF7.font.lyn.event
[LYN]	Fonts/build/GlyphItem/FontItem_752D.font.lyn.event
[LYN]	Fonts/build/GlyphItem/FontItem_6CF5.font.lyn.event
[LYN]	Fonts/build/GlyphItem/FontItem_8E66.font.lyn.event
[LYN]	Fonts/build/GlyphItem/FontItem_8FF8.font.lyn.event
[LYN]	Fonts/build/GlyphItem/FontItem_9F3B.font.lyn.event
[LYN]	Fonts/build/GlyphItem/FontItem_9119.font.lyn.event
[LYN]	Fonts/build/GlyphItem/FontItem_7B14.font.lyn.event
[LYN]	Fonts/build/GlyphItem/FontItem_84D6.font.lyn.event
[LYN]	Fonts/build/GlyphItem/FontItem_853D.font.lyn.event
[LYN]	Fonts/build/GlyphItem/FontItem_6BD9.font.lyn.event
[LYN]	Fonts/build/GlyphItem/FontItem_6BD6.font.lyn.event
[LYN]	Fonts/build/GlyphItem/FontItem_5E87.font.lyn.event
[LYN]	Fonts/build/GlyphItem/FontItem_75F9.font.lyn.event
[LYN]	Fonts/build/GlyphItem/FontItem_655D.font.lyn.event
[LYN]	Fonts/build/GlyphItem/FontItem_5F0A.font.lyn.event
[LYN]	Fonts/build/GlyphItem/FontItem_8F9F.font.lyn.event
[LYN]	Fonts/build/GlyphItem/FontItem_965B.font.lyn.event
[LYN]	Fonts/build/GlyphItem/FontItem_8D2C.font.lyn.event
[LYN]	Fonts/build/GlyphItem/FontItem_6241.font.lyn.event
[LYN]	Fonts/build/GlyphItem/FontItem_535E.font.lyn.event
[LYN]	Fonts/build/GlyphItem/FontItem_8FA8.font.lyn.event
[LYN]	Fonts/build/GlyphItem/FontItem_8FA9.font.lyn.event
[LYN]	Fonts/build/GlyphItem/FontItem_8FAB.font.lyn.event
[LYN]	Fonts/build/GlyphItem/FontItem_5F6A.font.lyn.event
[LYN]	Fonts/build/GlyphItem/FontItem_8198.font.lyn.event
[LYN]	Fonts/build/GlyphItem/FontItem_9CD6.font.lyn.event
[LYN]	Fonts/build/GlyphItem/FontItem_618B.font.lyn.event
[LYN]	Fonts/build/GlyphItem/FontItem_762A.font.lyn.event
[LYN]	Fonts/build/GlyphItem/FontItem_5F6C.font.lyn.event
[LYN]	Fonts/build/GlyphItem/FontItem_658C.font.lyn.event
[LYN]	Fonts/build/GlyphItem/FontItem_6FD2.font.lyn.event
[LYN]	Fonts/build/GlyphItem/FontItem_6EE8.font.lyn.event
[LYN]	Fonts/build/GlyphItem/FontItem_5BBE.font.lyn.event
[LYN]	Fonts/build/GlyphItem/FontItem_6448.font.lyn.event
[LYN]	Fonts/build/GlyphItem/FontItem_4E19.font.lyn.event
[LYN]	Fonts/build/GlyphItem/FontItem_79C9.font.lyn.event
[LYN]	Fonts/build/GlyphItem/FontItem_997C.font.lyn.event
[LYN]	Fonts/build/GlyphItem/FontItem_70B3.font.lyn.event
[LYN]	Fonts/build/GlyphItem/FontItem_73BB.font.lyn.event
[LYN]	Fonts/build/GlyphItem/FontItem_83E0.font.lyn.event
[LYN]	Fonts/build/GlyphItem/FontItem_62E8.font.lyn.event
[LYN]	Fonts/build/GlyphItem/FontItem_94B5.font.lyn.event
[LYN]	Fonts/build/GlyphItem/FontItem_640F.font.lyn.event
[LYN]	Fonts/build/GlyphItem/FontItem_94C2.font.lyn.event
[LYN]	Fonts/build/GlyphItem/FontItem_7B94.font.lyn.event
[LYN]	Fonts/build/GlyphItem/FontItem_5E1B.font.lyn.event
[LYN]	Fonts/build/GlyphItem/FontItem_8236.font.lyn.event
[LYN]	Fonts/build/GlyphItem/FontItem_8116.font.lyn.event
[LYN]	Fonts/build/GlyphItem/FontItem_818A.font.lyn.event
[LYN]	Fonts/build/GlyphItem/FontItem_6E24.font.lyn.event
[LYN]	Fonts/build/GlyphItem/FontItem_6CCA.font.lyn.event
[LYN]	Fonts/build/GlyphItem/FontItem_9A73.font.lyn.event
[LYN]	Fonts/build/GlyphItem/FontItem_57E0.font.lyn.event
[LYN]	Fonts/build/GlyphItem/FontItem_7C3F.font.lyn.event
[LYN]	Fonts/build/GlyphItem/FontItem_6016.font.lyn.event
[LYN]	Fonts/build/GlyphItem/FontItem_731C.font.lyn.event
[LYN]	Fonts/build/GlyphItem/FontItem_88C1.font.lyn.event
[LYN]	Fonts/build/GlyphItem/FontItem_6750.font.lyn.event
[LYN]	Fonts/build/GlyphItem/FontItem_776C.font.lyn.event
[LYN]	Fonts/build/GlyphItem/FontItem_8E29.font.lyn.event
[LYN]	Fonts/build/GlyphItem/FontItem_91C7.font.lyn.event
[LYN]	Fonts/build/GlyphItem/FontItem_8521.font.lyn.event
[LYN]	Fonts/build/GlyphItem/FontItem_9910.font.lyn.event
[LYN]	Fonts/build/GlyphItem/FontItem_8695.font.lyn.event
[LYN]	Fonts/build/GlyphItem/FontItem_60ED.font.lyn.event
[LYN]	Fonts/build/GlyphItem/FontItem_60E8.font.lyn.event
[LYN]	Fonts/build/GlyphItem/FontItem_8231.font.lyn.event
[LYN]	Fonts/build/GlyphItem/FontItem_4ED3.font.lyn.event
[LYN]	Fonts/build/GlyphItem/FontItem_6CA7.font.lyn.event
[LYN]	Fonts/build/GlyphItem/FontItem_7CD9.font.lyn.event
[LYN]	Fonts/build/GlyphItem/FontItem_69FD.font.lyn.event
[LYN]	Fonts/build/GlyphItem/FontItem_66F9.font.lyn.event
[LYN]	Fonts/build/GlyphItem/FontItem_5395.font.lyn.event
[LYN]	Fonts/build/GlyphItem/FontItem_8E6D.font.lyn.event
[LYN]	Fonts/build/GlyphItem/FontItem_53C9.font.lyn.event
[LYN]	Fonts/build/GlyphItem/FontItem_832C.font.lyn.event
[LYN]	Fonts/build/GlyphItem/FontItem_8336.font.lyn.event
[LYN]	Fonts/build/GlyphItem/FontItem_78B4.font.lyn.event
[LYN]	Fonts/build/GlyphItem/FontItem_643D.font.lyn.event
[LYN]	Fonts/build/GlyphItem/FontItem_5C94.font.lyn.event
[LYN]	Fonts/build/GlyphItem/FontItem_8BE7.font.lyn.event
[LYN]	Fonts/build/GlyphItem/FontItem_62C6.font.lyn.event
[LYN]	Fonts/build/GlyphItem/FontItem_67F4.font.lyn.event
[LYN]	Fonts/build/GlyphItem/FontItem_8C7A.font.lyn.event
[LYN]	Fonts/build/GlyphItem/FontItem_6400.font.lyn.event
[LYN]	Fonts/build/GlyphItem/FontItem_63BA.font.lyn.event
[LYN]	Fonts/build/GlyphItem/FontItem_8749.font.lyn.event
[LYN]	Fonts/build/GlyphItem/FontItem_998B.font.lyn.event
[LYN]	Fonts/build/GlyphItem/FontItem_8C17.font.lyn.event
[LYN]	Fonts/build/GlyphItem/FontItem_9610.font.lyn.event
[LYN]	Fonts/build/GlyphItem/FontItem_98A4.font.lyn.event
[LYN]	Fonts/build/GlyphItem/FontItem_660C.font.lyn.event
[LYN]	Fonts/build/GlyphItem/FontItem_7316.font.lyn.event
[LYN]	Fonts/build/GlyphItem/FontItem_5C1D.font.lyn.event
[LYN]	Fonts/build/GlyphItem/FontItem_80A0.font.lyn.event
[LYN]	Fonts/build/GlyphItem/FontItem_5382.font.lyn.event
[LYN]	Fonts/build/GlyphItem/FontItem_655E.font.lyn.event
[LYN]	Fonts/build/GlyphItem/FontItem_7545.font.lyn.event
[LYN]	Fonts/build/GlyphItem/FontItem_5531.font.lyn.event
[LYN]	Fonts/build/GlyphItem/FontItem_5021.font.lyn.event
[LYN]	Fonts/build/GlyphItem/FontItem_949E.font.lyn.event
[LYN]	Fonts/build/GlyphItem/FontItem_6284.font.lyn.event
[LYN]	Fonts/build/GlyphItem/FontItem_5632.font.lyn.event
[LYN]	Fonts/build/GlyphItem/FontItem_6F6E.font.lyn.event
[LYN]	Fonts/build/GlyphItem/FontItem_5DE2.font.lyn.event
[LYN]	Fonts/build/GlyphItem/FontItem_7092.font.lyn.event
[LYN]	Fonts/build/GlyphItem/FontItem_8F66.font.lyn.event
[LYN]	Fonts/build/GlyphItem/FontItem_626F.font.lyn.event
[LYN]	Fonts/build/GlyphItem/FontItem_63A3.font.lyn.event
[LYN]	Fonts/build/GlyphItem/FontItem_5F7B.font.lyn.event
[LYN]	Fonts/build/GlyphItem/FontItem_6F88.font.lyn.event
[LYN]	Fonts/build/GlyphItem/FontItem_90F4.font.lyn.event
[LYN]	Fonts/build/GlyphItem/FontItem_8FB0.font.lyn.event
[LYN]	Fonts/build/GlyphItem/FontItem_6668.font.lyn.event
[LYN]	Fonts/build/GlyphItem/FontItem_5FF1.font.lyn.event
[LYN]	Fonts/build/GlyphItem/FontItem_9648.font.lyn.event
[LYN]	Fonts/build/GlyphItem/FontItem_8D81.font.lyn.event
[LYN]	Fonts/build/GlyphItem/FontItem_886C.font.lyn.event
[LYN]	Fonts/build/GlyphItem/FontItem_6491.font.lyn.event
[LYN]	Fonts/build/GlyphItem/FontItem_6A59.font.lyn.event
[LYN]	Fonts/build/GlyphItem/FontItem_5448.font.lyn.event
[LYN]	Fonts/build/GlyphItem/FontItem_60E9.font.lyn.event
[LYN]	Fonts/build/GlyphItem/FontItem_6F84.font.lyn.event
[LYN]	Fonts/build/GlyphItem/FontItem_901E.font.lyn.event
[LYN]	Fonts/build/GlyphItem/FontItem_9A8B.font.lyn.event
[LYN]	Fonts/build/GlyphItem/FontItem_79E4.font.lyn.event
[LYN]	Fonts/build/GlyphItem/FontItem_6C60.font.lyn.event
[LYN]	Fonts/build/GlyphItem/FontItem_803B.font.lyn.event
[LYN]	Fonts/build/GlyphItem/FontItem_4F88.font.lyn.event
[LYN]	Fonts/build/GlyphItem/FontItem_5C3A.font.lyn.event
[LYN]	Fonts/build/GlyphItem/FontItem_7FC5.font.lyn.event
[LYN]	Fonts/build/GlyphItem/FontItem_65A5.font.lyn.event
[LYN]	Fonts/build/GlyphItem/FontItem_70BD.font.lyn.event
[LYN]	Fonts/build/GlyphItem/FontItem_866B.font.lyn.event
[LYN]	Fonts/build/GlyphItem/FontItem_5BA0.font.lyn.event
[LYN]	Fonts/build/GlyphItem/FontItem_62BD.font.lyn.event
[LYN]	Fonts/build/GlyphItem/FontItem_7574.font.lyn.event
[LYN]	Fonts/build/GlyphItem/FontItem_8E0C.font.lyn.event
[LYN]	Fonts/build/GlyphItem/FontItem_7A20.font.lyn.event
[LYN]	Fonts/build/GlyphItem/FontItem_6101.font.lyn.event
[LYN]	Fonts/build/GlyphItem/FontItem_7B79.font.lyn.event
[LYN]	Fonts/build/GlyphItem/FontItem_7EF8.font.lyn.event
[LYN]	Fonts/build/GlyphItem/FontItem_7785.font.lyn.event
[LYN]	Fonts/build/GlyphItem/FontItem_4E11.font.lyn.event
[LYN]	Fonts/build/GlyphItem/FontItem_81ED.font.lyn.event
[LYN]	Fonts/build/GlyphItem/FontItem_6A71.font.lyn.event
[LYN]	Fonts/build/GlyphItem/FontItem_8E87.font.lyn.event
[LYN]	Fonts/build/GlyphItem/FontItem_9504.font.lyn.event
[LYN]	Fonts/build/GlyphItem/FontItem_96CF.font.lyn.event
[LYN]	Fonts/build/GlyphItem/FontItem_6EC1.font.lyn.event
[LYN]	Fonts/build/GlyphItem/FontItem_50A8.font.lyn.event
[LYN]	Fonts/build/GlyphItem/FontItem_77D7.font.lyn.event
[LYN]	Fonts/build/GlyphItem/FontItem_6410.font.lyn.event
[LYN]	Fonts/build/GlyphItem/FontItem_693D.font.lyn.event
[LYN]	Fonts/build/GlyphItem/FontItem_5598.font.lyn.event
[LYN]	Fonts/build/GlyphItem/FontItem_75AE.font.lyn.event
[LYN]	Fonts/build/GlyphItem/FontItem_4E32.font.lyn.event
[LYN]	Fonts/build/GlyphItem/FontItem_5E62.font.lyn.event
[LYN]	Fonts/build/GlyphItem/FontItem_95EF.font.lyn.event
[LYN]	Fonts/build/GlyphItem/FontItem_5439.font.lyn.event
[LYN]	Fonts/build/GlyphItem/FontItem_708A.font.lyn.event
[LYN]	Fonts/build/GlyphItem/FontItem_6376.font.lyn.event
[LYN]	Fonts/build/GlyphItem/FontItem_6625.font.lyn.event
[LYN]	Fonts/build/GlyphItem/FontItem_693F.font.lyn.event
[LYN]	Fonts/build/GlyphItem/FontItem_9187.font.lyn.event
[LYN]	Fonts/build/GlyphItem/FontItem_5507.font.lyn.event
[LYN]	Fonts/build/GlyphItem/FontItem_6DF3.font.lyn.event
[LYN]	Fonts/build/GlyphItem/FontItem_6233.font.lyn.event
[LYN]	Fonts/build/GlyphItem/FontItem_7EF0.font.lyn.event
[LYN]	Fonts/build/GlyphItem/FontItem_75B5.font.lyn.event
[LYN]	Fonts/build/GlyphItem/FontItem_78C1.font.lyn.event
[LYN]	Fonts/build/GlyphItem/FontItem_74F7.font.lyn.event
[LYN]	Fonts/build/GlyphItem/FontItem_8BCD.font.lyn.event
[LYN]	Fonts/build/GlyphItem/FontItem_806A.font.lyn.event
[LYN]	Fonts/build/GlyphItem/FontItem_8471.font.lyn.event
[LYN]	Fonts/build/GlyphItem/FontItem_56F1.font.lyn.event
[LYN]	Fonts/build/GlyphItem/FontItem_5306.font.lyn.event
[LYN]	Fonts/build/GlyphItem/FontItem_51D1.font.lyn.event
[LYN]	Fonts/build/GlyphItem/FontItem_7C97.font.lyn.event
[LYN]	Fonts/build/GlyphItem/FontItem_918B.font.lyn.event
[LYN]	Fonts/build/GlyphItem/FontItem_8E7F.font.lyn.event
[LYN]	Fonts/build/GlyphItem/FontItem_7BE1.font.lyn.event
[LYN]	Fonts/build/GlyphItem/FontItem_7A9C.font.lyn.event
[LYN]	Fonts/build/GlyphItem/FontItem_6467.font.lyn.event
[LYN]	Fonts/build/GlyphItem/FontItem_50AC.font.lyn.event
[LYN]	Fonts/build/GlyphItem/FontItem_8106.font.lyn.event
[LYN]	Fonts/build/GlyphItem/FontItem_7601.font.lyn.event
[LYN]	Fonts/build/GlyphItem/FontItem_7CB9.font.lyn.event
[LYN]	Fonts/build/GlyphItem/FontItem_7FE0.font.lyn.event
[LYN]	Fonts/build/GlyphItem/FontItem_6DEC.font.lyn.event
[LYN]	Fonts/build/GlyphItem/FontItem_5BF8.font.lyn.event
[LYN]	Fonts/build/GlyphItem/FontItem_78CB.font.lyn.event
[LYN]	Fonts/build/GlyphItem/FontItem_64AE.font.lyn.event
[LYN]	Fonts/build/GlyphItem/FontItem_6413.font.lyn.event
[LYN]	Fonts/build/GlyphItem/FontItem_63AA.font.lyn.event
[LYN]	Fonts/build/GlyphItem/FontItem_632B.font.lyn.event
[LYN]	Fonts/build/GlyphItem/FontItem_7629.font.lyn.event
[LYN]	Fonts/build/GlyphItem/FontItem_6B79.font.lyn.event
[LYN]	Fonts/build/GlyphItem/FontItem_6B86.font.lyn.event
[LYN]	Fonts/build/GlyphItem/FontItem_50A3.font.lyn.event
[LYN]	Fonts/build/GlyphItem/FontItem_8D37.font.lyn.event
[LYN]	Fonts/build/GlyphItem/FontItem_888B.font.lyn.event
[LYN]	Fonts/build/GlyphItem/FontItem_902E.font.lyn.event
[LYN]	Fonts/build/GlyphItem/FontItem_6020.font.lyn.event
[LYN]	Fonts/build/GlyphItem/FontItem_803D.font.lyn.event
[LYN]	Fonts/build/GlyphItem/FontItem_90F8.font.lyn.event
[LYN]	Fonts/build/GlyphItem/FontItem_63B8.font.lyn.event
[LYN]	Fonts/build/GlyphItem/FontItem_6C2E.font.lyn.event
[LYN]	Fonts/build/GlyphItem/FontItem_60EE.font.lyn.event
[LYN]	Fonts/build/GlyphItem/FontItem_8361.font.lyn.event
[LYN]	Fonts/build/GlyphItem/FontItem_6363.font.lyn.event
[LYN]	Fonts/build/GlyphItem/FontItem_7A3B.font.lyn.event
[LYN]	Fonts/build/GlyphItem/FontItem_60BC.font.lyn.event
[LYN]	Fonts/build/GlyphItem/FontItem_8E6C.font.lyn.event
[LYN]	Fonts/build/GlyphItem/FontItem_706F.font.lyn.event
[LYN]	Fonts/build/GlyphItem/FontItem_77AA.font.lyn.event
[LYN]	Fonts/build/GlyphItem/FontItem_51F3.font.lyn.event
[LYN]	Fonts/build/GlyphItem/FontItem_9093.font.lyn.event
[LYN]	Fonts/build/GlyphItem/FontItem_5824.font.lyn.event
[LYN]	Fonts/build/GlyphItem/FontItem_4F4E.font.lyn.event
[LYN]	Fonts/build/GlyphItem/FontItem_72C4.font.lyn.event
[LYN]	Fonts/build/GlyphItem/FontItem_6DA4.font.lyn.event
[LYN]	Fonts/build/GlyphItem/FontItem_7FDF.font.lyn.event
[LYN]	Fonts/build/GlyphItem/FontItem_5AE1.font.lyn.event
[LYN]	Fonts/build/GlyphItem/FontItem_9012.font.lyn.event
[LYN]	Fonts/build/GlyphItem/FontItem_7F14.font.lyn.event
[LYN]	Fonts/build/GlyphItem/FontItem_98A0.font.lyn.event
[LYN]	Fonts/build/GlyphItem/FontItem_6382.font.lyn.event
[LYN]	Fonts/build/GlyphItem/FontItem_6EC7.font.lyn.event
[LYN]	Fonts/build/GlyphItem/FontItem_7898.font.lyn.event
[LYN]	Fonts/build/GlyphItem/FontItem_975B.font.lyn.event
[LYN]	Fonts/build/GlyphItem/FontItem_57AB.font.lyn.event
[LYN]	Fonts/build/GlyphItem/FontItem_4F43.font.lyn.event
[LYN]	Fonts/build/GlyphItem/FontItem_7538.font.lyn.event
[LYN]	Fonts/build/GlyphItem/FontItem_60E6.font.lyn.event
[LYN]	Fonts/build/GlyphItem/FontItem_6DC0.font.lyn.event
[LYN]	Fonts/build/GlyphItem/FontItem_7889.font.lyn.event
[LYN]	Fonts/build/GlyphItem/FontItem_53FC.font.lyn.event
[LYN]	Fonts/build/GlyphItem/FontItem_96D5.font.lyn.event
[LYN]	Fonts/build/GlyphItem/FontItem_51CB.font.lyn.event
[LYN]	Fonts/build/GlyphItem/FontItem_5201.font.lyn.event
[LYN]	Fonts/build/GlyphItem/FontItem_9493.font.lyn.event
[LYN]	Fonts/build/GlyphItem/FontItem_8DCC.font.lyn.event
[LYN]	Fonts/build/GlyphItem/FontItem_7239.font.lyn.event
[LYN]	Fonts/build/GlyphItem/FontItem_789F.font.lyn.event
[LYN]	Fonts/build/GlyphItem/FontItem_8776.font.lyn.event
[LYN]	Fonts/build/GlyphItem/FontItem_8FED.font.lyn.event
[LYN]	Fonts/build/GlyphItem/FontItem_8C0D.font.lyn.event
[LYN]	Fonts/build/GlyphItem/FontItem_53E0.font.lyn.event
[LYN]	Fonts/build/GlyphItem/FontItem_4E01.font.lyn.event
[LYN]	Fonts/build/GlyphItem/FontItem_76EF.font.lyn.event
[LYN]	Fonts/build/GlyphItem/FontItem_53EE.font.lyn.event
[LYN]	Fonts/build/GlyphItem/FontItem_9489.font.lyn.event
[LYN]	Fonts/build/GlyphItem/FontItem_9F0E.font.lyn.event
[LYN]	Fonts/build/GlyphItem/FontItem_952D.font.lyn.event
[LYN]	Fonts/build/GlyphItem/FontItem_8BA2.font.lyn.event
[LYN]	Fonts/build/GlyphItem/FontItem_8463.font.lyn.event
[LYN]	Fonts/build/GlyphItem/FontItem_680B.font.lyn.event
[LYN]	Fonts/build/GlyphItem/FontItem_4F97.font.lyn.event
[LYN]	Fonts/build/GlyphItem/FontItem_606B.font.lyn.event
[LYN]	Fonts/build/GlyphItem/FontItem_515C.font.lyn.event
[LYN]	Fonts/build/GlyphItem/FontItem_6296.font.lyn.event
[LYN]	Fonts/build/GlyphItem/FontItem_9661.font.lyn.event
[LYN]	Fonts/build/GlyphItem/FontItem_8C46.font.lyn.event
[LYN]	Fonts/build/GlyphItem/FontItem_9017.font.lyn.event
[LYN]	Fonts/build/GlyphItem/FontItem_75D8.font.lyn.event
[LYN]	Fonts/build/GlyphItem/FontItem_728A.font.lyn.event
[LYN]	Fonts/build/GlyphItem/FontItem_9540.font.lyn.event
[LYN]	Fonts/build/GlyphItem/FontItem_809A.font.lyn.event
[LYN]	Fonts/build/GlyphItem/FontItem_5992.font.lyn.event
[LYN]	Fonts/build/GlyphItem/FontItem_7F0E.font.lyn.event
[LYN]	Fonts/build/GlyphItem/FontItem_5806.font.lyn.event
[LYN]	Fonts/build/GlyphItem/FontItem_5151.font.lyn.event
[LYN]	Fonts/build/GlyphItem/FontItem_58A9.font.lyn.event
[LYN]	Fonts/build/GlyphItem/FontItem_5428.font.lyn.event
[LYN]	Fonts/build/GlyphItem/FontItem_8E72.font.lyn.event
[LYN]	Fonts/build/GlyphItem/FontItem_6566.font.lyn.event
[LYN]	Fonts/build/GlyphItem/FontItem_949D.font.lyn.event
[LYN]	Fonts/build/GlyphItem/FontItem_56E4.font.lyn.event
[LYN]	Fonts/build/GlyphItem/FontItem_9041.font.lyn.event
[LYN]	Fonts/build/GlyphItem/FontItem_6387.font.lyn.event
[LYN]	Fonts/build/GlyphItem/FontItem_54C6.font.lyn.event
[LYN]	Fonts/build/GlyphItem/FontItem_579B.font.lyn.event
[LYN]	Fonts/build/GlyphItem/FontItem_6735.font.lyn.event
[LYN]	Fonts/build/GlyphItem/FontItem_8DFA.font.lyn.event
[LYN]	Fonts/build/GlyphItem/FontItem_8235.font.lyn.event
[LYN]	Fonts/build/GlyphItem/FontItem_5241.font.lyn.event
[LYN]	Fonts/build/GlyphItem/FontItem_60F0.font.lyn.event
[LYN]	Fonts/build/GlyphItem/FontItem_5815.font.lyn.event
[LYN]	Fonts/build/GlyphItem/FontItem_86FE.font.lyn.event
[LYN]	Fonts/build/GlyphItem/FontItem_5CE8.font.lyn.event
[LYN]	Fonts/build/GlyphItem/FontItem_9E45.font.lyn.event
[LYN]	Fonts/build/GlyphItem/FontItem_4FC4.font.lyn.event
[LYN]	Fonts/build/GlyphItem/FontItem_8BB9.font.lyn.event
[LYN]	Fonts/build/GlyphItem/FontItem_5A25.font.lyn.event
[LYN]	Fonts/build/GlyphItem/FontItem_5384.font.lyn.event
[LYN]	Fonts/build/GlyphItem/FontItem_627C.font.lyn.event
[LYN]	Fonts/build/GlyphItem/FontItem_904F.font.lyn.event
[LYN]	Fonts/build/GlyphItem/FontItem_9102.font.lyn.event
[LYN]	Fonts/build/GlyphItem/FontItem_997F.font.lyn.event
[LYN]	Fonts/build/GlyphItem/FontItem_9975.font.lyn.event
[LYN]	Fonts/build/GlyphItem/FontItem_6D31.font.lyn.event
[LYN]	Fonts/build/GlyphItem/FontItem_8D30.font.lyn.event
[LYN]	Fonts/build/GlyphItem/FontItem_7F5A.font.lyn.event
[LYN]	Fonts/build/GlyphItem/FontItem_7B4F.font.lyn.event
[LYN]	Fonts/build/GlyphItem/FontItem_4F10.font.lyn.event
[LYN]	Fonts/build/GlyphItem/FontItem_4E4F.font.lyn.event
[LYN]	Fonts/build/GlyphItem/FontItem_9600.font.lyn.event
[LYN]	Fonts/build/GlyphItem/FontItem_85E9.font.lyn.event
[LYN]	Fonts/build/GlyphItem/FontItem_5E06.font.lyn.event
[LYN]	Fonts/build/GlyphItem/FontItem_7FFB.font.lyn.event
[LYN]	Fonts/build/GlyphItem/FontItem_6A0A.font.lyn.event
[LYN]	Fonts/build/GlyphItem/FontItem_77FE.font.lyn.event
[LYN]	Fonts/build/GlyphItem/FontItem_9492.font.lyn.event
[LYN]	Fonts/build/GlyphItem/FontItem_8D29.font.lyn.event
[LYN]	Fonts/build/GlyphItem/FontItem_996D.font.lyn.event
[LYN]	Fonts/build/GlyphItem/FontItem_6CDB.font.lyn.event
[LYN]	Fonts/build/GlyphItem/FontItem_574A.font.lyn.event
[LYN]	Fonts/build/GlyphItem/FontItem_82B3.font.lyn.event
[LYN]	Fonts/build/GlyphItem/FontItem_80AA.font.lyn.event
[LYN]	Fonts/build/GlyphItem/FontItem_59A8.font.lyn.event
[LYN]	Fonts/build/GlyphItem/FontItem_7EBA.font.lyn.event
[LYN]	Fonts/build/GlyphItem/FontItem_5561.font.lyn.event
[LYN]	Fonts/build/GlyphItem/FontItem_80A5.font.lyn.event
[LYN]	Fonts/build/GlyphItem/FontItem_532A.font.lyn.event
[LYN]	Fonts/build/GlyphItem/FontItem_8BFD.font.lyn.event
[LYN]	Fonts/build/GlyphItem/FontItem_5420.font.lyn.event
[LYN]	Fonts/build/GlyphItem/FontItem_80BA.font.lyn.event
[LYN]	Fonts/build/GlyphItem/FontItem_6CB8.font.lyn.event
[LYN]	Fonts/build/GlyphItem/FontItem_915A.font.lyn.event
[LYN]	Fonts/build/GlyphItem/FontItem_5429.font.lyn.event
[LYN]	Fonts/build/GlyphItem/FontItem_6C1B.font.lyn.event
[LYN]	Fonts/build/GlyphItem/FontItem_7EB7.font.lyn.event
[LYN]	Fonts/build/GlyphItem/FontItem_575F.font.lyn.event
[LYN]	Fonts/build/GlyphItem/FontItem_711A.font.lyn.event
[LYN]	Fonts/build/GlyphItem/FontItem_6C7E.font.lyn.event
[LYN]	Fonts/build/GlyphItem/FontItem_7C89.font.lyn.event
[LYN]	Fonts/build/GlyphItem/FontItem_5FFF.font.lyn.event
[LYN]	Fonts/build/GlyphItem/FontItem_7CAA.font.lyn.event
[LYN]	Fonts/build/GlyphItem/FontItem_67AB.font.lyn.event
[LYN]	Fonts/build/GlyphItem/FontItem_8702.font.lyn.event
[LYN]	Fonts/build/GlyphItem/FontItem_70FD.font.lyn.event
[LYN]	Fonts/build/GlyphItem/FontItem_51AF.font.lyn.event
[LYN]	Fonts/build/GlyphItem/FontItem_8BBD.font.lyn.event
[LYN]	Fonts/build/GlyphItem/FontItem_51E4.font.lyn.event
[LYN]	Fonts/build/GlyphItem/FontItem_6577.font.lyn.event
[LYN]	Fonts/build/GlyphItem/FontItem_80A4.font.lyn.event
[LYN]	Fonts/build/GlyphItem/FontItem_5B75.font.lyn.event
[LYN]	Fonts/build/GlyphItem/FontItem_6276.font.lyn.event
[LYN]	Fonts/build/GlyphItem/FontItem_62C2.font.lyn.event
[LYN]	Fonts/build/GlyphItem/FontItem_8F90.font.lyn.event
[LYN]	Fonts/build/GlyphItem/FontItem_6C1F.font.lyn.event
[LYN]	Fonts/build/GlyphItem/FontItem_4F0F.font.lyn.event
[LYN]	Fonts/build/GlyphItem/FontItem_4FD8.font.lyn.event
[LYN]	Fonts/build/GlyphItem/FontItem_6DAA.font.lyn.event
[LYN]	Fonts/build/GlyphItem/FontItem_88B1.font.lyn.event
[LYN]	Fonts/build/GlyphItem/FontItem_752B.font.lyn.event
[LYN]	Fonts/build/GlyphItem/FontItem_4FEF.font.lyn.event
[LYN]	Fonts/build/GlyphItem/FontItem_91DC.font.lyn.event
[LYN]	Fonts/build/GlyphItem/FontItem_8151.font.lyn.event
[LYN]	Fonts/build/GlyphItem/FontItem_812F.font.lyn.event
[LYN]	Fonts/build/GlyphItem/FontItem_5E9C.font.lyn.event
[LYN]	Fonts/build/GlyphItem/FontItem_961C.font.lyn.event
[LYN]	Fonts/build/GlyphItem/FontItem_8179.font.lyn.event
[LYN]	Fonts/build/GlyphItem/FontItem_8BA3.font.lyn.event
[LYN]	Fonts/build/GlyphItem/FontItem_5490.font.lyn.event
[LYN]	Fonts/build/GlyphItem/FontItem_5676.font.lyn.event
[LYN]	Fonts/build/GlyphItem/FontItem_560E.font.lyn.event
[LYN]	Fonts/build/GlyphItem/FontItem_9499.font.lyn.event
[LYN]	Fonts/build/GlyphItem/FontItem_6E89.font.lyn.event
[LYN]	Fonts/build/GlyphItem/FontItem_5E72.font.lyn.event
[LYN]	Fonts/build/GlyphItem/FontItem_67D1.font.lyn.event
[LYN]	Fonts/build/GlyphItem/FontItem_7AFF.font.lyn.event
[LYN]	Fonts/build/GlyphItem/FontItem_809D.font.lyn.event
[LYN]	Fonts/build/GlyphItem/FontItem_79C6.font.lyn.event
[LYN]	Fonts/build/GlyphItem/FontItem_6562.font.lyn.event
[LYN]	Fonts/build/GlyphItem/FontItem_8D63.font.lyn.event
[LYN]	Fonts/build/GlyphItem/FontItem_5188.font.lyn.event
[LYN]	Fonts/build/GlyphItem/FontItem_7F38.font.lyn.event
[LYN]	Fonts/build/GlyphItem/FontItem_809B.font.lyn.event
[LYN]	Fonts/build/GlyphItem/FontItem_7EB2.font.lyn.event
[LYN]	Fonts/build/GlyphItem/FontItem_5C97.font.lyn.event
[LYN]	Fonts/build/GlyphItem/FontItem_6760.font.lyn.event
[LYN]	Fonts/build/GlyphItem/FontItem_7BD9.font.lyn.event
[LYN]	Fonts/build/GlyphItem/FontItem_768B.font.lyn.event
[LYN]	Fonts/build/GlyphItem/FontItem_818F.font.lyn.event
[LYN]	Fonts/build/GlyphItem/FontItem_7F94.font.lyn.event
[LYN]	Fonts/build/GlyphItem/FontItem_641E.font.lyn.event
[LYN]	Fonts/build/GlyphItem/FontItem_9550.font.lyn.event
[LYN]	Fonts/build/GlyphItem/FontItem_7A3F.font.lyn.event
[LYN]	Fonts/build/GlyphItem/FontItem_6401.font.lyn.event
[LYN]	Fonts/build/GlyphItem/FontItem_6208.font.lyn.event
[LYN]	Fonts/build/GlyphItem/FontItem_9E3D.font.lyn.event
[LYN]	Fonts/build/GlyphItem/FontItem_80F3.font.lyn.event
[LYN]	Fonts/build/GlyphItem/FontItem_7599.font.lyn.event
[LYN]	Fonts/build/GlyphItem/FontItem_5272.font.lyn.event
[LYN]	Fonts/build/GlyphItem/FontItem_9769.font.lyn.event
[LYN]	Fonts/build/GlyphItem/FontItem_845B.font.lyn.event
[LYN]	Fonts/build/GlyphItem/FontItem_86E4.font.lyn.event
[LYN]	Fonts/build/GlyphItem/FontItem_9601.font.lyn.event
[LYN]	Fonts/build/GlyphItem/FontItem_94EC.font.lyn.event
[LYN]	Fonts/build/GlyphItem/FontItem_5E9A.font.lyn.event
[LYN]	Fonts/build/GlyphItem/FontItem_7FB9.font.lyn.event
[LYN]	Fonts/build/GlyphItem/FontItem_57C2.font.lyn.event
[LYN]	Fonts/build/GlyphItem/FontItem_6897.font.lyn.event
[LYN]	Fonts/build/GlyphItem/FontItem_606D.font.lyn.event
[LYN]	Fonts/build/GlyphItem/FontItem_9F9A.font.lyn.event
[LYN]	Fonts/build/GlyphItem/FontItem_8EAC.font.lyn.event
[LYN]	Fonts/build/GlyphItem/FontItem_5DE9.font.lyn.event
[LYN]	Fonts/build/GlyphItem/FontItem_6C5E.font.lyn.event
[LYN]	Fonts/build/GlyphItem/FontItem_62F1.font.lyn.event
[LYN]	Fonts/build/GlyphItem/FontItem_52FE.font.lyn.event
[LYN]	Fonts/build/GlyphItem/FontItem_6C9F.font.lyn.event
[LYN]	Fonts/build/GlyphItem/FontItem_82DF.font.lyn.event
[LYN]	Fonts/build/GlyphItem/FontItem_72D7.font.lyn.event
[LYN]	Fonts/build/GlyphItem/FontItem_57A2.font.lyn.event
[LYN]	Fonts/build/GlyphItem/FontItem_8F9C.font.lyn.event
[LYN]	Fonts/build/GlyphItem/FontItem_83C7.font.lyn.event
[LYN]	Fonts/build/GlyphItem/FontItem_5495.font.lyn.event
[LYN]	Fonts/build/GlyphItem/FontItem_7B8D.font.lyn.event
[LYN]	Fonts/build/GlyphItem/FontItem_4F30.font.lyn.event
[LYN]	Fonts/build/GlyphItem/FontItem_6CBD.font.lyn.event
[LYN]	Fonts/build/GlyphItem/FontItem_86CA.font.lyn.event
[LYN]	Fonts/build/GlyphItem/FontItem_80A1.font.lyn.event
[LYN]	Fonts/build/GlyphItem/FontItem_522E.font.lyn.event
[LYN]	Fonts/build/GlyphItem/FontItem_74DC.font.lyn.event
[LYN]	Fonts/build/GlyphItem/FontItem_5250.font.lyn.event
[LYN]	Fonts/build/GlyphItem/FontItem_6302.font.lyn.event
[LYN]	Fonts/build/GlyphItem/FontItem_8902.font.lyn.event
[LYN]	Fonts/build/GlyphItem/FontItem_4E56.font.lyn.event
[LYN]	Fonts/build/GlyphItem/FontItem_62D0.font.lyn.event
[LYN]	Fonts/build/GlyphItem/FontItem_68FA.font.lyn.event
[LYN]	Fonts/build/GlyphItem/FontItem_51A0.font.lyn.event
[LYN]	Fonts/build/GlyphItem/FontItem_7F50.font.lyn.event
[LYN]	Fonts/build/GlyphItem/FontItem_704C.font.lyn.event
[LYN]	Fonts/build/GlyphItem/FontItem_7470.font.lyn.event
[LYN]	Fonts/build/GlyphItem/FontItem_572D.font.lyn.event
[LYN]	Fonts/build/GlyphItem/FontItem_7845.font.lyn.event
[LYN]	Fonts/build/GlyphItem/FontItem_9F9F.font.lyn.event
[LYN]	Fonts/build/GlyphItem/FontItem_8BE1.font.lyn.event
[LYN]	Fonts/build/GlyphItem/FontItem_7678.font.lyn.event
[LYN]	Fonts/build/GlyphItem/FontItem_6842.font.lyn.event
[LYN]	Fonts/build/GlyphItem/FontItem_67DC.font.lyn.event
[LYN]	Fonts/build/GlyphItem/FontItem_8DEA.font.lyn.event
[LYN]	Fonts/build/GlyphItem/FontItem_523D.font.lyn.event
[LYN]	Fonts/build/GlyphItem/FontItem_8F8A.font.lyn.event
[LYN]	Fonts/build/GlyphItem/FontItem_68CD.font.lyn.event
[LYN]	Fonts/build/GlyphItem/FontItem_9505.font.lyn.event
[LYN]	Fonts/build/GlyphItem/FontItem_90ED.font.lyn.event
[LYN]	Fonts/build/GlyphItem/FontItem_88F9.font.lyn.event
[LYN]	Fonts/build/GlyphItem/FontItem_9AB8.font.lyn.event
[LYN]	Fonts/build/GlyphItem/FontItem_6C26.font.lyn.event
[LYN]	Fonts/build/GlyphItem/FontItem_4EA5.font.lyn.event
[LYN]	Fonts/build/GlyphItem/FontItem_9A87.font.lyn.event
[LYN]	Fonts/build/GlyphItem/FontItem_9163.font.lyn.event
[LYN]	Fonts/build/GlyphItem/FontItem_61A8.font.lyn.event
[LYN]	Fonts/build/GlyphItem/FontItem_90AF.font.lyn.event
[LYN]	Fonts/build/GlyphItem/FontItem_97E9.font.lyn.event
[LYN]	Fonts/build/GlyphItem/FontItem_542B.font.lyn.event
[LYN]	Fonts/build/GlyphItem/FontItem_6DB5.font.lyn.event
[LYN]	Fonts/build/GlyphItem/FontItem_51FD.font.lyn.event
[LYN]	Fonts/build/GlyphItem/FontItem_558A.font.lyn.event
[LYN]	Fonts/build/GlyphItem/FontItem_7F55.font.lyn.event
[LYN]	Fonts/build/GlyphItem/FontItem_634D.font.lyn.event
[LYN]	Fonts/build/GlyphItem/FontItem_65F1.font.lyn.event
[LYN]	Fonts/build/GlyphItem/FontItem_61BE.font.lyn.event
[LYN]	Fonts/build/GlyphItem/FontItem_608D.font.lyn.event
[LYN]	Fonts/build/GlyphItem/FontItem_710A.font.lyn.event
[LYN]	Fonts/build/GlyphItem/FontItem_6C57.font.lyn.event
[LYN]	Fonts/build/GlyphItem/FontItem_592F.font.lyn.event
[LYN]	Fonts/build/GlyphItem/FontItem_676D.font.lyn.event
[LYN]	Fonts/build/GlyphItem/FontItem_58D5.font.lyn.event
[LYN]	Fonts/build/GlyphItem/FontItem_90DD.font.lyn.event
[LYN]	Fonts/build/GlyphItem/FontItem_6D69.font.lyn.event
[LYN]	Fonts/build/GlyphItem/FontItem_5475.font.lyn.event
[LYN]	Fonts/build/GlyphItem/FontItem_559D.font.lyn.event
[LYN]	Fonts/build/GlyphItem/FontItem_8377.font.lyn.event
[LYN]	Fonts/build/GlyphItem/FontItem_83CF.font.lyn.event
[LYN]	Fonts/build/GlyphItem/FontItem_6838.font.lyn.event
[LYN]	Fonts/build/GlyphItem/FontItem_79BE.font.lyn.event
[LYN]	Fonts/build/GlyphItem/FontItem_76D2.font.lyn.event
[LYN]	Fonts/build/GlyphItem/FontItem_8C89.font.lyn.event
[LYN]	Fonts/build/GlyphItem/FontItem_9602.font.lyn.event
[LYN]	Fonts/build/GlyphItem/FontItem_6DB8.font.lyn.event
[LYN]	Fonts/build/GlyphItem/FontItem_8910.font.lyn.event
[LYN]	Fonts/build/GlyphItem/FontItem_9E64.font.lyn.event
[LYN]	Fonts/build/GlyphItem/FontItem_8D3A.font.lyn.event
[LYN]	Fonts/build/GlyphItem/FontItem_563F.font.lyn.event
[LYN]	Fonts/build/GlyphItem/FontItem_72E0.font.lyn.event
[LYN]	Fonts/build/GlyphItem/FontItem_54FC.font.lyn.event
[LYN]	Fonts/build/GlyphItem/FontItem_4EA8.font.lyn.event
[LYN]	Fonts/build/GlyphItem/FontItem_6A2A.font.lyn.event
[LYN]	Fonts/build/GlyphItem/FontItem_6052.font.lyn.event
[LYN]	Fonts/build/GlyphItem/FontItem_70D8.font.lyn.event
[LYN]	Fonts/build/GlyphItem/FontItem_8679.font.lyn.event
[LYN]	Fonts/build/GlyphItem/FontItem_9E3F.font.lyn.event
[LYN]	Fonts/build/GlyphItem/FontItem_6D2A.font.lyn.event
[LYN]	Fonts/build/GlyphItem/FontItem_5B8F.font.lyn.event
[LYN]	Fonts/build/GlyphItem/FontItem_5F18.font.lyn.event
[LYN]	Fonts/build/GlyphItem/FontItem_5589.font.lyn.event
[LYN]	Fonts/build/GlyphItem/FontItem_7334.font.lyn.event
[LYN]	Fonts/build/GlyphItem/FontItem_543C.font.lyn.event
[LYN]	Fonts/build/GlyphItem/FontItem_5FFD.font.lyn.event
[LYN]	Fonts/build/GlyphItem/FontItem_745A.font.lyn.event
[LYN]	Fonts/build/GlyphItem/FontItem_58F6.font.lyn.event
[LYN]	Fonts/build/GlyphItem/FontItem_846B.font.lyn.event
[LYN]	Fonts/build/GlyphItem/FontItem_80E1.font.lyn.event
[LYN]	Fonts/build/GlyphItem/FontItem_8774.font.lyn.event
[LYN]	Fonts/build/GlyphItem/FontItem_72D0.font.lyn.event
[LYN]	Fonts/build/GlyphItem/FontItem_5F27.font.lyn.event
[LYN]	Fonts/build/GlyphItem/FontItem_552C.font.lyn.event
[LYN]	Fonts/build/GlyphItem/FontItem_6CAA.font.lyn.event
[LYN]	Fonts/build/GlyphItem/FontItem_733E.font.lyn.event
[LYN]	Fonts/build/GlyphItem/FontItem_69D0.font.lyn.event
[LYN]	Fonts/build/GlyphItem/FontItem_5F8A.font.lyn.event
[LYN]	Fonts/build/GlyphItem/FontItem_6DEE.font.lyn.event
[LYN]	Fonts/build/GlyphItem/FontItem_6853.font.lyn.event
[LYN]	Fonts/build/GlyphItem/FontItem_7F13.font.lyn.event
[LYN]	Fonts/build/GlyphItem/FontItem_75EA.font.lyn.event
[LYN]	Fonts/build/GlyphItem/FontItem_8C62.font.lyn.event
[LYN]	Fonts/build/GlyphItem/FontItem_7115.font.lyn.event
[LYN]	Fonts/build/GlyphItem/FontItem_5BA6.font.lyn.event
[LYN]	Fonts/build/GlyphItem/FontItem_614C.font.lyn.event
[LYN]	Fonts/build/GlyphItem/FontItem_78FA.font.lyn.event
[LYN]	Fonts/build/GlyphItem/FontItem_8757.font.lyn.event
[LYN]	Fonts/build/GlyphItem/FontItem_7C27.font.lyn.event
[LYN]	Fonts/build/GlyphItem/FontItem_51F0.font.lyn.event
[LYN]	Fonts/build/GlyphItem/FontItem_60F6.font.lyn.event
[LYN]	Fonts/build/GlyphItem/FontItem_714C.font.lyn.event
[LYN]	Fonts/build/GlyphItem/FontItem_6643.font.lyn.event
[LYN]	Fonts/build/GlyphItem/FontItem_5E4C.font.lyn.event
[LYN]	Fonts/build/GlyphItem/FontItem_604D.font.lyn.event
[LYN]	Fonts/build/GlyphItem/FontItem_8C0E.font.lyn.event
[LYN]	Fonts/build/GlyphItem/FontItem_5FBD.font.lyn.event
[LYN]	Fonts/build/GlyphItem/FontItem_86D4.font.lyn.event
[LYN]	Fonts/build/GlyphItem/FontItem_6BC1.font.lyn.event
[LYN]	Fonts/build/GlyphItem/FontItem_6094.font.lyn.event
[LYN]	Fonts/build/GlyphItem/FontItem_5349.font.lyn.event
[LYN]	Fonts/build/GlyphItem/FontItem_6666.font.lyn.event
[LYN]	Fonts/build/GlyphItem/FontItem_8D3F.font.lyn.event
[LYN]	Fonts/build/GlyphItem/FontItem_79FD.font.lyn.event
[LYN]	Fonts/build/GlyphItem/FontItem_70E9.font.lyn.event
[LYN]	Fonts/build/GlyphItem/FontItem_6C47.font.lyn.event
[LYN]	Fonts/build/GlyphItem/FontItem_8BB3.font.lyn.event
[LYN]	Fonts/build/GlyphItem/FontItem_8BF2.font.lyn.event
[LYN]	Fonts/build/GlyphItem/FontItem_8364.font.lyn.event
[LYN]	Fonts/build/GlyphItem/FontItem_6D51.font.lyn.event
[LYN]	Fonts/build/GlyphItem/FontItem_8C41.font.lyn.event
[LYN]	Fonts/build/GlyphItem/FontItem_8D27.font.lyn.event
[LYN]	Fonts/build/GlyphItem/FontItem_573E.font.lyn.event
[LYN]	Fonts/build/GlyphItem/FontItem_7578.font.lyn.event
[LYN]	Fonts/build/GlyphItem/FontItem_79EF.font.lyn.event
[LYN]	Fonts/build/GlyphItem/FontItem_7B95.font.lyn.event
[LYN]	Fonts/build/GlyphItem/FontItem_808C.font.lyn.event
[LYN]	Fonts/build/GlyphItem/FontItem_9965.font.lyn.event
[LYN]	Fonts/build/GlyphItem/FontItem_8BA5.font.lyn.event
[LYN]	Fonts/build/GlyphItem/FontItem_9E21.font.lyn.event
[LYN]	Fonts/build/GlyphItem/FontItem_7F09.font.lyn.event
[LYN]	Fonts/build/GlyphItem/FontItem_68D8.font.lyn.event
[LYN]	Fonts/build/GlyphItem/FontItem_8F91.font.lyn.event
[LYN]	Fonts/build/GlyphItem/FontItem_7C4D.font.lyn.event
[LYN]	Fonts/build/GlyphItem/FontItem_6C72.font.lyn.event
[LYN]	Fonts/build/GlyphItem/FontItem_5AC9.font.lyn.event
[LYN]	Fonts/build/GlyphItem/FontItem_6324.font.lyn.event
[LYN]	Fonts/build/GlyphItem/FontItem_810A.font.lyn.event
[LYN]	Fonts/build/GlyphItem/FontItem_84DF.font.lyn.event
[LYN]	Fonts/build/GlyphItem/FontItem_5180.font.lyn.event
[LYN]	Fonts/build/GlyphItem/FontItem_5B63.font.lyn.event
[LYN]	Fonts/build/GlyphItem/FontItem_4F0E.font.lyn.event
[LYN]	Fonts/build/GlyphItem/FontItem_60B8.font.lyn.event
[LYN]	Fonts/build/GlyphItem/FontItem_5242.font.lyn.event
[LYN]	Fonts/build/GlyphItem/FontItem_5FCC.font.lyn.event
[LYN]	Fonts/build/GlyphItem/FontItem_9645.font.lyn.event
[LYN]	Fonts/build/GlyphItem/FontItem_5993.font.lyn.event
[LYN]	Fonts/build/GlyphItem/FontItem_67B7.font.lyn.event
[LYN]	Fonts/build/GlyphItem/FontItem_835A.font.lyn.event
[LYN]	Fonts/build/GlyphItem/FontItem_94BE.font.lyn.event
[LYN]	Fonts/build/GlyphItem/FontItem_988A.font.lyn.event
[LYN]	Fonts/build/GlyphItem/FontItem_7A3C.font.lyn.event
[LYN]	Fonts/build/GlyphItem/FontItem_6B7C.font.lyn.event
[LYN]	Fonts/build/GlyphItem/FontItem_76D1.font.lyn.event
[LYN]	Fonts/build/GlyphItem/FontItem_5C16.font.lyn.event
[LYN]	Fonts/build/GlyphItem/FontItem_7B3A.font.lyn.event
[LYN]	Fonts/build/GlyphItem/FontItem_714E.font.lyn.event
[LYN]	Fonts/build/GlyphItem/FontItem_5978.font.lyn.event
[LYN]	Fonts/build/GlyphItem/FontItem_7F04.font.lyn.event
[LYN]	Fonts/build/GlyphItem/FontItem_8327.font.lyn.event
[LYN]	Fonts/build/GlyphItem/FontItem_68C0.font.lyn.event
[LYN]	Fonts/build/GlyphItem/FontItem_67EC.font.lyn.event
[LYN]	Fonts/build/GlyphItem/FontItem_78B1.font.lyn.event
[LYN]	Fonts/build/GlyphItem/FontItem_7877.font.lyn.event
[LYN]	Fonts/build/GlyphItem/FontItem_62E3.font.lyn.event
[LYN]	Fonts/build/GlyphItem/FontItem_6361.font.lyn.event
[LYN]	Fonts/build/GlyphItem/FontItem_526A.font.lyn.event
[LYN]	Fonts/build/GlyphItem/FontItem_8350.font.lyn.event
[LYN]	Fonts/build/GlyphItem/FontItem_69DB.font.lyn.event
[LYN]	Fonts/build/GlyphItem/FontItem_9274.font.lyn.event
[LYN]	Fonts/build/GlyphItem/FontItem_8DF5.font.lyn.event
[LYN]	Fonts/build/GlyphItem/FontItem_8D31.font.lyn.event
[LYN]	Fonts/build/GlyphItem/FontItem_996F.font.lyn.event
[LYN]	Fonts/build/GlyphItem/FontItem_6E85.font.lyn.event
[LYN]	Fonts/build/GlyphItem/FontItem_6DA7.font.lyn.event
[LYN]	Fonts/build/GlyphItem/FontItem_59DC.font.lyn.event
[LYN]	Fonts/build/GlyphItem/FontItem_6D46.font.lyn.event
[LYN]	Fonts/build/GlyphItem/FontItem_6C5F.font.lyn.event
[LYN]	Fonts/build/GlyphItem/FontItem_7586.font.lyn.event
[LYN]	Fonts/build/GlyphItem/FontItem_848B.font.lyn.event
[LYN]	Fonts/build/GlyphItem/FontItem_6868.font.lyn.event
[LYN]	Fonts/build/GlyphItem/FontItem_5320.font.lyn.event
[LYN]	Fonts/build/GlyphItem/FontItem_9171.font.lyn.event
[LYN]	Fonts/build/GlyphItem/FontItem_8549.font.lyn.event
[LYN]	Fonts/build/GlyphItem/FontItem_6912.font.lyn.event
[LYN]	Fonts/build/GlyphItem/FontItem_7901.font.lyn.event
[LYN]	Fonts/build/GlyphItem/FontItem_80F6.font.lyn.event
[LYN]	Fonts/build/GlyphItem/FontItem_6D47.font.lyn.event
[LYN]	Fonts/build/GlyphItem/FontItem_5A07.font.lyn.event
[LYN]	Fonts/build/GlyphItem/FontItem_56BC.font.lyn.event
[LYN]	Fonts/build/GlyphItem/FontItem_6405.font.lyn.event
[LYN]	Fonts/build/GlyphItem/FontItem_94F0.font.lyn.event
[LYN]	Fonts/build/GlyphItem/FontItem_77EB.font.lyn.event
[LYN]	Fonts/build/GlyphItem/FontItem_4FA5.font.lyn.event
[LYN]	Fonts/build/GlyphItem/FontItem_72E1.font.lyn.event
[LYN]	Fonts/build/GlyphItem/FontItem_997A.font.lyn.event
[LYN]	Fonts/build/GlyphItem/FontItem_7EDE.font.lyn.event
[LYN]	Fonts/build/GlyphItem/FontItem_7F34.font.lyn.event
[LYN]	Fonts/build/GlyphItem/FontItem_527F.font.lyn.event
[LYN]	Fonts/build/GlyphItem/FontItem_9175.font.lyn.event
[LYN]	Fonts/build/GlyphItem/FontItem_8F7F.font.lyn.event
[LYN]	Fonts/build/GlyphItem/FontItem_7A96.font.lyn.event
[LYN]	Fonts/build/GlyphItem/FontItem_63ED.font.lyn.event
[LYN]	Fonts/build/GlyphItem/FontItem_7686.font.lyn.event
[LYN]	Fonts/build/GlyphItem/FontItem_79F8.font.lyn.event
[LYN]	Fonts/build/GlyphItem/FontItem_9636.font.lyn.event
[LYN]	Fonts/build/GlyphItem/FontItem_622A.font.lyn.event
[LYN]	Fonts/build/GlyphItem/FontItem_6854.font.lyn.event
[LYN]	Fonts/build/GlyphItem/FontItem_776B.font.lyn.event
[LYN]	Fonts/build/GlyphItem/FontItem_85C9.font.lyn.event
[LYN]	Fonts/build/GlyphItem/FontItem_82A5.font.lyn.event
[LYN]	Fonts/build/GlyphItem/FontItem_4ECB.font.lyn.event
[LYN]	Fonts/build/GlyphItem/FontItem_75A5.font.lyn.event
[LYN]	Fonts/build/GlyphItem/FontItem_8BEB.font.lyn.event
[LYN]	Fonts/build/GlyphItem/FontItem_5C4A.font.lyn.event
[LYN]	Fonts/build/GlyphItem/FontItem_5DFE.font.lyn.event
[LYN]	Fonts/build/GlyphItem/FontItem_7B4B.font.lyn.event
[LYN]	Fonts/build/GlyphItem/FontItem_65A4.font.lyn.event
[LYN]	Fonts/build/GlyphItem/FontItem_895F.font.lyn.event
[LYN]	Fonts/build/GlyphItem/FontItem_9526.font.lyn.event
[LYN]	Fonts/build/GlyphItem/FontItem_9773.font.lyn.event
[LYN]	Fonts/build/GlyphItem/FontItem_70EC.font.lyn.event
[LYN]	Fonts/build/GlyphItem/FontItem_6D78.font.lyn.event
[LYN]	Fonts/build/GlyphItem/FontItem_8346.font.lyn.event
[LYN]	Fonts/build/GlyphItem/FontItem_5162.font.lyn.event
[LYN]	Fonts/build/GlyphItem/FontItem_830E.font.lyn.event
[LYN]	Fonts/build/GlyphItem/FontItem_775B.font.lyn.event
[LYN]	Fonts/build/GlyphItem/FontItem_9CB8.font.lyn.event
[LYN]	Fonts/build/GlyphItem/FontItem_4EAC.font.lyn.event
[LYN]	Fonts/build/GlyphItem/FontItem_7CB3.font.lyn.event
[LYN]	Fonts/build/GlyphItem/FontItem_4E95.font.lyn.event
[LYN]	Fonts/build/GlyphItem/FontItem_8B66.font.lyn.event
[LYN]	Fonts/build/GlyphItem/FontItem_9888.font.lyn.event
[LYN]	Fonts/build/GlyphItem/FontItem_955C.font.lyn.event
[LYN]	Fonts/build/GlyphItem/FontItem_75C9.font.lyn.event
[LYN]	Fonts/build/GlyphItem/FontItem_9756.font.lyn.event
[LYN]	Fonts/build/GlyphItem/FontItem_70AF.font.lyn.event
[LYN]	Fonts/build/GlyphItem/FontItem_7A98.font.lyn.event
[LYN]	Fonts/build/GlyphItem/FontItem_63EA.font.lyn.event
[LYN]	Fonts/build/GlyphItem/FontItem_7EA0.font.lyn.event
[LYN]	Fonts/build/GlyphItem/FontItem_7396.font.lyn.event
[LYN]	Fonts/build/GlyphItem/FontItem_97ED.font.lyn.event
[LYN]	Fonts/build/GlyphItem/FontItem_7078.font.lyn.event
[LYN]	Fonts/build/GlyphItem/FontItem_4E5D.font.lyn.event
[LYN]	Fonts/build/GlyphItem/FontItem_53A9.font.lyn.event
[LYN]	Fonts/build/GlyphItem/FontItem_81FC.font.lyn.event
[LYN]	Fonts/build/GlyphItem/FontItem_8205.font.lyn.event
[LYN]	Fonts/build/GlyphItem/FontItem_548E.font.lyn.event
[LYN]	Fonts/build/GlyphItem/FontItem_759A.font.lyn.event
[LYN]	Fonts/build/GlyphItem/FontItem_97A0.font.lyn.event
[LYN]	Fonts/build/GlyphItem/FontItem_62D8.font.lyn.event
[LYN]	Fonts/build/GlyphItem/FontItem_75BD.font.lyn.event
[LYN]	Fonts/build/GlyphItem/FontItem_9A79.font.lyn.event
[LYN]	Fonts/build/GlyphItem/FontItem_83CA.font.lyn.event
[LYN]	Fonts/build/GlyphItem/FontItem_5480.font.lyn.event
[LYN]	Fonts/build/GlyphItem/FontItem_77E9.font.lyn.event
[LYN]	Fonts/build/GlyphItem/FontItem_6CAE.font.lyn.event
[LYN]	Fonts/build/GlyphItem/FontItem_8E1E.font.lyn.event
[LYN]	Fonts/build/GlyphItem/FontItem_952F.font.lyn.event
[LYN]	Fonts/build/GlyphItem/FontItem_4FF1.font.lyn.event
[LYN]	Fonts/build/GlyphItem/FontItem_70AC.font.lyn.event
[LYN]	Fonts/build/GlyphItem/FontItem_6350.font.lyn.event
[LYN]	Fonts/build/GlyphItem/FontItem_9E43.font.lyn.event
[LYN]	Fonts/build/GlyphItem/FontItem_5A1F.font.lyn.event
[LYN]	Fonts/build/GlyphItem/FontItem_5026.font.lyn.event
[LYN]	Fonts/build/GlyphItem/FontItem_7EE2.font.lyn.event
[LYN]	Fonts/build/GlyphItem/FontItem_6485.font.lyn.event
[LYN]	Fonts/build/GlyphItem/FontItem_6289.font.lyn.event
[LYN]	Fonts/build/GlyphItem/FontItem_652B.font.lyn.event
[LYN]	Fonts/build/GlyphItem/FontItem_6398.font.lyn.event
[LYN]	Fonts/build/GlyphItem/FontItem_5014.font.lyn.event
[LYN]	Fonts/build/GlyphItem/FontItem_8BC0.font.lyn.event
[LYN]	Fonts/build/GlyphItem/FontItem_83CC.font.lyn.event
[LYN]	Fonts/build/GlyphItem/FontItem_94A7.font.lyn.event
[LYN]	Fonts/build/GlyphItem/FontItem_5CFB.font.lyn.event
[LYN]	Fonts/build/GlyphItem/FontItem_4FCA.font.lyn.event
[LYN]	Fonts/build/GlyphItem/FontItem_7AE3.font.lyn.event
[LYN]	Fonts/build/GlyphItem/FontItem_6D5A.font.lyn.event
[LYN]	Fonts/build/GlyphItem/FontItem_90E1.font.lyn.event
[LYN]	Fonts/build/GlyphItem/FontItem_9A8F.font.lyn.event
[LYN]	Fonts/build/GlyphItem/FontItem_5580.font.lyn.event
[LYN]	Fonts/build/GlyphItem/FontItem_5496.font.lyn.event
[LYN]	Fonts/build/GlyphItem/FontItem_54AF.font.lyn.event
[LYN]	Fonts/build/GlyphItem/FontItem_63E9.font.lyn.event
[LYN]	Fonts/build/GlyphItem/FontItem_6977.font.lyn.event
[LYN]	Fonts/build/GlyphItem/FontItem_520A.font.lyn.event
[LYN]	Fonts/build/GlyphItem/FontItem_52D8.font.lyn.event
[LYN]	Fonts/build/GlyphItem/FontItem_6177.font.lyn.event
[LYN]	Fonts/build/GlyphItem/FontItem_7CE0.font.lyn.event
[LYN]	Fonts/build/GlyphItem/FontItem_625B.font.lyn.event
[LYN]	Fonts/build/GlyphItem/FontItem_4EA2.font.lyn.event
[LYN]	Fonts/build/GlyphItem/FontItem_7095.font.lyn.event
[LYN]	Fonts/build/GlyphItem/FontItem_62F7.font.lyn.event
[LYN]	Fonts/build/GlyphItem/FontItem_70E4.font.lyn.event
[LYN]	Fonts/build/GlyphItem/FontItem_5777.font.lyn.event
[LYN]	Fonts/build/GlyphItem/FontItem_82DB.font.lyn.event
[LYN]	Fonts/build/GlyphItem/FontItem_68F5.font.lyn.event
[LYN]	Fonts/build/GlyphItem/FontItem_78D5.font.lyn.event
[LYN]	Fonts/build/GlyphItem/FontItem_58F3.font.lyn.event
[LYN]	Fonts/build/GlyphItem/FontItem_54B3.font.lyn.event
[LYN]	Fonts/build/GlyphItem/FontItem_6E34.font.lyn.event
[LYN]	Fonts/build/GlyphItem/FontItem_5543.font.lyn.event
[LYN]	Fonts/build/GlyphItem/FontItem_6073.font.lyn.event
[LYN]	Fonts/build/GlyphItem/FontItem_5751.font.lyn.event
[LYN]	Fonts/build/GlyphItem/FontItem_542D.font.lyn.event
[LYN]	Fonts/build/GlyphItem/FontItem_63A7.font.lyn.event
[LYN]	Fonts/build/GlyphItem/FontItem_62A0.font.lyn.event
[LYN]	Fonts/build/GlyphItem/FontItem_6263.font.lyn.event
[LYN]	Fonts/build/GlyphItem/FontItem_5BC7.font.lyn.event
[LYN]	Fonts/build/GlyphItem/FontItem_67AF.font.lyn.event
[LYN]	Fonts/build/GlyphItem/FontItem_9177.font.lyn.event
[LYN]	Fonts/build/GlyphItem/FontItem_88E4.font.lyn.event
[LYN]	Fonts/build/GlyphItem/FontItem_5938.font.lyn.event
[LYN]	Fonts/build/GlyphItem/FontItem_57AE.font.lyn.event
[LYN]	Fonts/build/GlyphItem/FontItem_630E.font.lyn.event
[LYN]	Fonts/build/GlyphItem/FontItem_8DE8.font.lyn.event
[LYN]	Fonts/build/GlyphItem/FontItem_80EF.font.lyn.event
[LYN]	Fonts/build/GlyphItem/FontItem_5757.font.lyn.event
[LYN]	Fonts/build/GlyphItem/FontItem_7B77.font.lyn.event
[LYN]	Fonts/build/GlyphItem/FontItem_4FA9.font.lyn.event
[LYN]	Fonts/build/GlyphItem/FontItem_5BBD.font.lyn.event
[LYN]	Fonts/build/GlyphItem/FontItem_6B3E.font.lyn.event
[LYN]	Fonts/build/GlyphItem/FontItem_5321.font.lyn.event
[LYN]	Fonts/build/GlyphItem/FontItem_7B50.font.lyn.event
[LYN]	Fonts/build/GlyphItem/FontItem_6846.font.lyn.event
[LYN]	Fonts/build/GlyphItem/FontItem_7736.font.lyn.event
[LYN]	Fonts/build/GlyphItem/FontItem_4E8F.font.lyn.event
[LYN]	Fonts/build/GlyphItem/FontItem_76D4.font.lyn.event
[LYN]	Fonts/build/GlyphItem/FontItem_5CBF.font.lyn.event
[LYN]	Fonts/build/GlyphItem/FontItem_8475.font.lyn.event
[LYN]	Fonts/build/GlyphItem/FontItem_9B41.font.lyn.event
[LYN]	Fonts/build/GlyphItem/FontItem_594E.font.lyn.event
[LYN]	Fonts/build/GlyphItem/FontItem_5080.font.lyn.event
[LYN]	Fonts/build/GlyphItem/FontItem_9988.font.lyn.event
[LYN]	Fonts/build/GlyphItem/FontItem_6127.font.lyn.event
[LYN]	Fonts/build/GlyphItem/FontItem_5764.font.lyn.event
[LYN]	Fonts/build/GlyphItem/FontItem_6606.font.lyn.event
[LYN]	Fonts/build/GlyphItem/FontItem_6346.font.lyn.event
[LYN]	Fonts/build/GlyphItem/FontItem_6269.font.lyn.event
[LYN]	Fonts/build/GlyphItem/FontItem_5ED3.font.lyn.event
[LYN]	Fonts/build/GlyphItem/FontItem_5783.font.lyn.event
[LYN]	Fonts/build/GlyphItem/FontItem_5587.font.lyn.event
[LYN]	Fonts/build/GlyphItem/FontItem_8721.font.lyn.event
[LYN]	Fonts/build/GlyphItem/FontItem_814A.font.lyn.event
[LYN]	Fonts/build/GlyphItem/FontItem_8FA3.font.lyn.event
[LYN]	Fonts/build/GlyphItem/FontItem_5566.font.lyn.event
[LYN]	Fonts/build/GlyphItem/FontItem_5A6A.font.lyn.event
[LYN]	Fonts/build/GlyphItem/FontItem_680F.font.lyn.event
[LYN]	Fonts/build/GlyphItem/FontItem_62E6.font.lyn.event
[LYN]	Fonts/build/GlyphItem/FontItem_7BEE.font.lyn.event
[LYN]	Fonts/build/GlyphItem/FontItem_9611.font.lyn.event
[LYN]	Fonts/build/GlyphItem/FontItem_6F9C.font.lyn.event
[LYN]	Fonts/build/GlyphItem/FontItem_8C30.font.lyn.event
[LYN]	Fonts/build/GlyphItem/FontItem_63FD.font.lyn.event
[LYN]	Fonts/build/GlyphItem/FontItem_6EE5.font.lyn.event
[LYN]	Fonts/build/GlyphItem/FontItem_7405.font.lyn.event
[LYN]	Fonts/build/GlyphItem/FontItem_6994.font.lyn.event
[LYN]	Fonts/build/GlyphItem/FontItem_5ECA.font.lyn.event
[LYN]	Fonts/build/GlyphItem/FontItem_635E.font.lyn.event
[LYN]	Fonts/build/GlyphItem/FontItem_4F6C.font.lyn.event
[LYN]	Fonts/build/GlyphItem/FontItem_59E5.font.lyn.event
[LYN]	Fonts/build/GlyphItem/FontItem_916A.font.lyn.event
[LYN]	Fonts/build/GlyphItem/FontItem_70D9.font.lyn.event
[LYN]	Fonts/build/GlyphItem/FontItem_6D9D.font.lyn.event
[LYN]	Fonts/build/GlyphItem/FontItem_956D.font.lyn.event
[LYN]	Fonts/build/GlyphItem/FontItem_78CA.font.lyn.event
[LYN]	Fonts/build/GlyphItem/FontItem_7D2F.font.lyn.event
[LYN]	Fonts/build/GlyphItem/FontItem_5121.font.lyn.event
[LYN]	Fonts/build/GlyphItem/FontItem_5792.font.lyn.event
[LYN]	Fonts/build/GlyphItem/FontItem_64C2.font.lyn.event
[LYN]	Fonts/build/GlyphItem/FontItem_808B.font.lyn.event
[LYN]	Fonts/build/GlyphItem/FontItem_68F1.font.lyn.event
[LYN]	Fonts/build/GlyphItem/FontItem_695E.font.lyn.event
[LYN]	Fonts/build/GlyphItem/FontItem_5398.font.lyn.event
[LYN]	Fonts/build/GlyphItem/FontItem_68A8.font.lyn.event
[LYN]	Fonts/build/GlyphItem/FontItem_7281.font.lyn.event
[LYN]	Fonts/build/GlyphItem/FontItem_7BF1.font.lyn.event
[LYN]	Fonts/build/GlyphItem/FontItem_72F8.font.lyn.event
[LYN]	Fonts/build/GlyphItem/FontItem_6F13.font.lyn.event
[LYN]	Fonts/build/GlyphItem/FontItem_674E.font.lyn.event
[LYN]	Fonts/build/GlyphItem/FontItem_9CA4.font.lyn.event
[LYN]	Fonts/build/GlyphItem/FontItem_8354.font.lyn.event
[LYN]	Fonts/build/GlyphItem/FontItem_6817.font.lyn.event
[LYN]	Fonts/build/GlyphItem/FontItem_783E.font.lyn.event
[LYN]	Fonts/build/GlyphItem/FontItem_5088.font.lyn.event
[LYN]	Fonts/build/GlyphItem/FontItem_4F8B.font.lyn.event
[LYN]	Fonts/build/GlyphItem/FontItem_4FD0.font.lyn.event
[LYN]	Fonts/build/GlyphItem/FontItem_75E2.font.lyn.event
[LYN]	Fonts/build/GlyphItem/FontItem_7C92.font.lyn.event
[LYN]	Fonts/build/GlyphItem/FontItem_6CA5.font.lyn.event
[LYN]	Fonts/build/GlyphItem/FontItem_96B6.font.lyn.event
[LYN]	Fonts/build/GlyphItem/FontItem_7483.font.lyn.event
[LYN]	Fonts/build/GlyphItem/FontItem_54E9.font.lyn.event
[LYN]	Fonts/build/GlyphItem/FontItem_4FE9.font.lyn.event
[LYN]	Fonts/build/GlyphItem/FontItem_9570.font.lyn.event
[LYN]	Fonts/build/GlyphItem/FontItem_5EC9.font.lyn.event
[LYN]	Fonts/build/GlyphItem/FontItem_6D9F.font.lyn.event
[LYN]	Fonts/build/GlyphItem/FontItem_5E18.font.lyn.event
[LYN]	Fonts/build/GlyphItem/FontItem_655B.font.lyn.event
[LYN]	Fonts/build/GlyphItem/FontItem_7CAE.font.lyn.event
[LYN]	Fonts/build/GlyphItem/FontItem_51C9.font.lyn.event
[LYN]	Fonts/build/GlyphItem/FontItem_6881.font.lyn.event
[LYN]	Fonts/build/GlyphItem/FontItem_7CB1.font.lyn.event
[LYN]	Fonts/build/GlyphItem/FontItem_8F86.font.lyn.event
[LYN]	Fonts/build/GlyphItem/FontItem_667E.font.lyn.event
[LYN]	Fonts/build/GlyphItem/FontItem_8C05.font.lyn.event
[LYN]	Fonts/build/GlyphItem/FontItem_64A9.font.lyn.event
[LYN]	Fonts/build/GlyphItem/FontItem_50DA.font.lyn.event
[LYN]	Fonts/build/GlyphItem/FontItem_71CE.font.lyn.event
[LYN]	Fonts/build/GlyphItem/FontItem_5BE5.font.lyn.event
[LYN]	Fonts/build/GlyphItem/FontItem_8FBD.font.lyn.event
[LYN]	Fonts/build/GlyphItem/FontItem_6F66.font.lyn.event
[LYN]	Fonts/build/GlyphItem/FontItem_6482.font.lyn.event
[LYN]	Fonts/build/GlyphItem/FontItem_9563.font.lyn.event
[LYN]	Fonts/build/GlyphItem/FontItem_62E2.font.lyn.event
[LYN]	Fonts/build/GlyphItem/FontItem_5ED6.font.lyn.event
[LYN]	Fonts/build/GlyphItem/FontItem_78F7.font.lyn.event
[LYN]	Fonts/build/GlyphItem/FontItem_9716.font.lyn.event
[LYN]	Fonts/build/GlyphItem/FontItem_9CDE.font.lyn.event
[LYN]	Fonts/build/GlyphItem/FontItem_6DCB.font.lyn.event
[LYN]	Fonts/build/GlyphItem/FontItem_8D41.font.lyn.event
[LYN]	Fonts/build/GlyphItem/FontItem_541D.font.lyn.event
[LYN]	Fonts/build/GlyphItem/FontItem_62CE.font.lyn.event
[LYN]	Fonts/build/GlyphItem/FontItem_73B2.font.lyn.event
[LYN]	Fonts/build/GlyphItem/FontItem_9647.font.lyn.event
[LYN]	Fonts/build/GlyphItem/FontItem_83F1.font.lyn.event
[LYN]	Fonts/build/GlyphItem/FontItem_96F6.font.lyn.event
[LYN]	Fonts/build/GlyphItem/FontItem_94C3.font.lyn.event
[LYN]	Fonts/build/GlyphItem/FontItem_4F36.font.lyn.event
[LYN]	Fonts/build/GlyphItem/FontItem_7F9A.font.lyn.event
[LYN]	Fonts/build/GlyphItem/FontItem_51CC.font.lyn.event
[LYN]	Fonts/build/GlyphItem/FontItem_9675.font.lyn.event
[LYN]	Fonts/build/GlyphItem/FontItem_6E9C.font.lyn.event
[LYN]	Fonts/build/GlyphItem/FontItem_7409.font.lyn.event
[LYN]	Fonts/build/GlyphItem/FontItem_69B4.font.lyn.event
[LYN]	Fonts/build/GlyphItem/FontItem_786B.font.lyn.event
[LYN]	Fonts/build/GlyphItem/FontItem_998F.font.lyn.event
[LYN]	Fonts/build/GlyphItem/FontItem_5218.font.lyn.event
[LYN]	Fonts/build/GlyphItem/FontItem_7624.font.lyn.event
[LYN]	Fonts/build/GlyphItem/FontItem_67F3.font.lyn.event
[LYN]	Fonts/build/GlyphItem/FontItem_516D.font.lyn.event
[LYN]	Fonts/build/GlyphItem/FontItem_804B.font.lyn.event
[LYN]	Fonts/build/GlyphItem/FontItem_5499.font.lyn.event
[LYN]	Fonts/build/GlyphItem/FontItem_7ABF.font.lyn.event
[LYN]	Fonts/build/GlyphItem/FontItem_5784.font.lyn.event
[LYN]	Fonts/build/GlyphItem/FontItem_5A04.font.lyn.event
[LYN]	Fonts/build/GlyphItem/FontItem_6402.font.lyn.event
[LYN]	Fonts/build/GlyphItem/FontItem_7BD3.font.lyn.event
[LYN]	Fonts/build/GlyphItem/FontItem_964B.font.lyn.event
[LYN]	Fonts/build/GlyphItem/FontItem_6F0F.font.lyn.event
[LYN]	Fonts/build/GlyphItem/FontItem_82A6.font.lyn.event
[LYN]	Fonts/build/GlyphItem/FontItem_9885.font.lyn.event
[LYN]	Fonts/build/GlyphItem/FontItem_5E90.font.lyn.event
[LYN]	Fonts/build/GlyphItem/FontItem_7089.font.lyn.event
[LYN]	Fonts/build/GlyphItem/FontItem_63B3.font.lyn.event
[LYN]	Fonts/build/GlyphItem/FontItem_5364.font.lyn.event
[LYN]	Fonts/build/GlyphItem/FontItem_864F.font.lyn.event
[LYN]	Fonts/build/GlyphItem/FontItem_9E93.font.lyn.event
[LYN]	Fonts/build/GlyphItem/FontItem_8D42.font.lyn.event
[LYN]	Fonts/build/GlyphItem/FontItem_6F5E.font.lyn.event
[LYN]	Fonts/build/GlyphItem/FontItem_7984.font.lyn.event
[LYN]	Fonts/build/GlyphItem/FontItem_622E.font.lyn.event
[LYN]	Fonts/build/GlyphItem/FontItem_9A74.font.lyn.event
[LYN]	Fonts/build/GlyphItem/FontItem_5415.font.lyn.event
[LYN]	Fonts/build/GlyphItem/FontItem_94DD.font.lyn.event
[LYN]	Fonts/build/GlyphItem/FontItem_5C65.font.lyn.event
[LYN]	Fonts/build/GlyphItem/FontItem_5C61.font.lyn.event
[LYN]	Fonts/build/GlyphItem/FontItem_7F15.font.lyn.event
[LYN]	Fonts/build/GlyphItem/FontItem_6C2F.font.lyn.event
[LYN]	Fonts/build/GlyphItem/FontItem_6EE4.font.lyn.event
[LYN]	Fonts/build/GlyphItem/FontItem_5CE6.font.lyn.event
[LYN]	Fonts/build/GlyphItem/FontItem_631B.font.lyn.event
[LYN]	Fonts/build/GlyphItem/FontItem_5B6A.font.lyn.event
[LYN]	Fonts/build/GlyphItem/FontItem_6EE6.font.lyn.event
[LYN]	Fonts/build/GlyphItem/FontItem_63A0.font.lyn.event
[LYN]	Fonts/build/GlyphItem/FontItem_62A1.font.lyn.event
[LYN]	Fonts/build/GlyphItem/FontItem_6CA6.font.lyn.event
[LYN]	Fonts/build/GlyphItem/FontItem_4ED1.font.lyn.event
[LYN]	Fonts/build/GlyphItem/FontItem_7EB6.font.lyn.event
[LYN]	Fonts/build/GlyphItem/FontItem_87BA.font.lyn.event
[LYN]	Fonts/build/GlyphItem/FontItem_841D.font.lyn.event
[LYN]	Fonts/build/GlyphItem/FontItem_903B.font.lyn.event
[LYN]	Fonts/build/GlyphItem/FontItem_9523.font.lyn.event
[LYN]	Fonts/build/GlyphItem/FontItem_7BA9.font.lyn.event
[LYN]	Fonts/build/GlyphItem/FontItem_9AA1.font.lyn.event
[LYN]	Fonts/build/GlyphItem/FontItem_88F8.font.lyn.event
[LYN]	Fonts/build/GlyphItem/FontItem_9A86.font.lyn.event
[LYN]	Fonts/build/GlyphItem/FontItem_5988.font.lyn.event
[LYN]	Fonts/build/GlyphItem/FontItem_7801.font.lyn.event
[LYN]	Fonts/build/GlyphItem/FontItem_8682.font.lyn.event
[LYN]	Fonts/build/GlyphItem/FontItem_561B.font.lyn.event
[LYN]	Fonts/build/GlyphItem/FontItem_9EA6.font.lyn.event
[LYN]	Fonts/build/GlyphItem/FontItem_8109.font.lyn.event
[LYN]	Fonts/build/GlyphItem/FontItem_7792.font.lyn.event
[LYN]	Fonts/build/GlyphItem/FontItem_9992.font.lyn.event
[LYN]	Fonts/build/GlyphItem/FontItem_8C29.font.lyn.event
[LYN]	Fonts/build/GlyphItem/FontItem_8292.font.lyn.event
[LYN]	Fonts/build/GlyphItem/FontItem_76F2.font.lyn.event
[LYN]	Fonts/build/GlyphItem/FontItem_83BD.font.lyn.event
[LYN]	Fonts/build/GlyphItem/FontItem_8305.font.lyn.event
[LYN]	Fonts/build/GlyphItem/FontItem_951A.font.lyn.event
[LYN]	Fonts/build/GlyphItem/FontItem_77DB.font.lyn.event
[LYN]	Fonts/build/GlyphItem/FontItem_94C6.font.lyn.event
[LYN]	Fonts/build/GlyphItem/FontItem_536F.font.lyn.event
[LYN]	Fonts/build/GlyphItem/FontItem_5192.font.lyn.event
[LYN]	Fonts/build/GlyphItem/FontItem_8C8C.font.lyn.event
[LYN]	Fonts/build/GlyphItem/FontItem_73AB.font.lyn.event
[LYN]	Fonts/build/GlyphItem/FontItem_679A.font.lyn.event
[LYN]	Fonts/build/GlyphItem/FontItem_9176.font.lyn.event
[LYN]	Fonts/build/GlyphItem/FontItem_9709.font.lyn.event
[LYN]	Fonts/build/GlyphItem/FontItem_7164.font.lyn.event
[LYN]	Fonts/build/GlyphItem/FontItem_7709.font.lyn.event
[LYN]	Fonts/build/GlyphItem/FontItem_5A92.font.lyn.event
[LYN]	Fonts/build/GlyphItem/FontItem_9541.font.lyn.event
[LYN]	Fonts/build/GlyphItem/FontItem_6627.font.lyn.event
[LYN]	Fonts/build/GlyphItem/FontItem_5BD0.font.lyn.event
[LYN]	Fonts/build/GlyphItem/FontItem_5A9A.font.lyn.event
[LYN]	Fonts/build/GlyphItem/FontItem_6AAC.font.lyn.event
[LYN]	Fonts/build/GlyphItem/FontItem_9530.font.lyn.event
[LYN]	Fonts/build/GlyphItem/FontItem_5B5F.font.lyn.event
[LYN]	Fonts/build/GlyphItem/FontItem_772F.font.lyn.event
[LYN]	Fonts/build/GlyphItem/FontItem_919A.font.lyn.event
[LYN]	Fonts/build/GlyphItem/FontItem_9761.font.lyn.event
[LYN]	Fonts/build/GlyphItem/FontItem_7CDC.font.lyn.event
[LYN]	Fonts/build/GlyphItem/FontItem_5F25.font.lyn.event
[LYN]	Fonts/build/GlyphItem/FontItem_89C5.font.lyn.event
[LYN]	Fonts/build/GlyphItem/FontItem_6CCC.font.lyn.event
[LYN]	Fonts/build/GlyphItem/FontItem_871C.font.lyn.event
[LYN]	Fonts/build/GlyphItem/FontItem_5E42.font.lyn.event
[LYN]	Fonts/build/GlyphItem/FontItem_68C9.font.lyn.event
[LYN]	Fonts/build/GlyphItem/FontItem_7EF5.font.lyn.event
[LYN]	Fonts/build/GlyphItem/FontItem_5195.font.lyn.event
[LYN]	Fonts/build/GlyphItem/FontItem_514D.font.lyn.event
[LYN]	Fonts/build/GlyphItem/FontItem_5A29.font.lyn.event
[LYN]	Fonts/build/GlyphItem/FontItem_7F05.font.lyn.event
[LYN]	Fonts/build/GlyphItem/FontItem_82D7.font.lyn.event
[LYN]	Fonts/build/GlyphItem/FontItem_7784.font.lyn.event
[LYN]	Fonts/build/GlyphItem/FontItem_85D0.font.lyn.event
[LYN]	Fonts/build/GlyphItem/FontItem_79D2.font.lyn.event
[LYN]	Fonts/build/GlyphItem/FontItem_6E3A.font.lyn.event
[LYN]	Fonts/build/GlyphItem/FontItem_5E99.font.lyn.event
[LYN]	Fonts/build/GlyphItem/FontItem_5999.font.lyn.event
[LYN]	Fonts/build/GlyphItem/FontItem_8511.font.lyn.event
[LYN]	Fonts/build/GlyphItem/FontItem_62BF.font.lyn.event
[LYN]	Fonts/build/GlyphItem/FontItem_76BF.font.lyn.event
[LYN]	Fonts/build/GlyphItem/FontItem_60AF.font.lyn.event
[LYN]	Fonts/build/GlyphItem/FontItem_95FD.font.lyn.event
[LYN]	Fonts/build/GlyphItem/FontItem_879F.font.lyn.event
[LYN]	Fonts/build/GlyphItem/FontItem_94ED.font.lyn.event
[LYN]	Fonts/build/GlyphItem/FontItem_8C2C.font.lyn.event
[LYN]	Fonts/build/GlyphItem/FontItem_6479.font.lyn.event
[LYN]	Fonts/build/GlyphItem/FontItem_8611.font.lyn.event
[LYN]	Fonts/build/GlyphItem/FontItem_819C.font.lyn.event
[LYN]	Fonts/build/GlyphItem/FontItem_62B9.font.lyn.event
[LYN]	Fonts/build/GlyphItem/FontItem_58A8.font.lyn.event
[LYN]	Fonts/build/GlyphItem/FontItem_6CAB.font.lyn.event
[LYN]	Fonts/build/GlyphItem/FontItem_964C.font.lyn.event
[LYN]	Fonts/build/GlyphItem/FontItem_725F.font.lyn.event
[LYN]	Fonts/build/GlyphItem/FontItem_62C7.font.lyn.event
[LYN]	Fonts/build/GlyphItem/FontItem_7261.font.lyn.event
[LYN]	Fonts/build/GlyphItem/FontItem_4EA9.font.lyn.event
[LYN]	Fonts/build/GlyphItem/FontItem_5893.font.lyn.event
[LYN]	Fonts/build/GlyphItem/FontItem_66AE.font.lyn.event
[LYN]	Fonts/build/GlyphItem/FontItem_52DF.font.lyn.event
[LYN]	Fonts/build/GlyphItem/FontItem_5450.font.lyn.event
[LYN]	Fonts/build/GlyphItem/FontItem_6C16.font.lyn.event
[LYN]	Fonts/build/GlyphItem/FontItem_5976.font.lyn.event
[LYN]	Fonts/build/GlyphItem/FontItem_56CA.font.lyn.event
[LYN]	Fonts/build/GlyphItem/FontItem_6320.font.lyn.event
[LYN]	Fonts/build/GlyphItem/FontItem_607C.font.lyn.event
[LYN]	Fonts/build/GlyphItem/FontItem_6DD6.font.lyn.event
[LYN]	Fonts/build/GlyphItem/FontItem_9713.font.lyn.event
[LYN]	Fonts/build/GlyphItem/FontItem_9981.font.lyn.event
[LYN]	Fonts/build/GlyphItem/FontItem_502A.font.lyn.event
[LYN]	Fonts/build/GlyphItem/FontItem_62DF.font.lyn.event
[LYN]	Fonts/build/GlyphItem/FontItem_533F.font.lyn.event
[LYN]	Fonts/build/GlyphItem/FontItem_817B.font.lyn.event
[LYN]	Fonts/build/GlyphItem/FontItem_9006.font.lyn.event
[LYN]	Fonts/build/GlyphItem/FontItem_6EBA.font.lyn.event
[LYN]	Fonts/build/GlyphItem/FontItem_852B.font.lyn.event
[LYN]	Fonts/build/GlyphItem/FontItem_62C8.font.lyn.event
[LYN]	Fonts/build/GlyphItem/FontItem_78BE.font.lyn.event
[LYN]	Fonts/build/GlyphItem/FontItem_64B5.font.lyn.event
[LYN]	Fonts/build/GlyphItem/FontItem_637B.font.lyn.event
[LYN]	Fonts/build/GlyphItem/FontItem_917F.font.lyn.event
[LYN]	Fonts/build/GlyphItem/FontItem_9E1F.font.lyn.event
[LYN]	Fonts/build/GlyphItem/FontItem_5C3F.font.lyn.event
[LYN]	Fonts/build/GlyphItem/FontItem_634F.font.lyn.event
[LYN]	Fonts/build/GlyphItem/FontItem_8042.font.lyn.event
[LYN]	Fonts/build/GlyphItem/FontItem_556E.font.lyn.event
[LYN]	Fonts/build/GlyphItem/FontItem_954A.font.lyn.event
[LYN]	Fonts/build/GlyphItem/FontItem_954D.font.lyn.event
[LYN]	Fonts/build/GlyphItem/FontItem_6D85.font.lyn.event
[LYN]	Fonts/build/GlyphItem/FontItem_67E0.font.lyn.event
[LYN]	Fonts/build/GlyphItem/FontItem_72DE.font.lyn.event
[LYN]	Fonts/build/GlyphItem/FontItem_62E7.font.lyn.event
[LYN]	Fonts/build/GlyphItem/FontItem_7EBD.font.lyn.event
[LYN]	Fonts/build/GlyphItem/FontItem_626D.font.lyn.event
[LYN]	Fonts/build/GlyphItem/FontItem_725B.font.lyn.event
[LYN]	Fonts/build/GlyphItem/FontItem_94AE.font.lyn.event
[LYN]	Fonts/build/GlyphItem/FontItem_8113.font.lyn.event
[LYN]	Fonts/build/GlyphItem/FontItem_6D53.font.lyn.event
[LYN]	Fonts/build/GlyphItem/FontItem_5F04.font.lyn.event
[LYN]	Fonts/build/GlyphItem/FontItem_8650.font.lyn.event
[LYN]	Fonts/build/GlyphItem/FontItem_759F.font.lyn.event
[LYN]	Fonts/build/GlyphItem/FontItem_632A.font.lyn.event
[LYN]	Fonts/build/GlyphItem/FontItem_61E6.font.lyn.event
[LYN]	Fonts/build/GlyphItem/FontItem_7CEF.font.lyn.event
[LYN]	Fonts/build/GlyphItem/FontItem_54E6.font.lyn.event
[LYN]	Fonts/build/GlyphItem/FontItem_6B27.font.lyn.event
[LYN]	Fonts/build/GlyphItem/FontItem_9E25.font.lyn.event
[LYN]	Fonts/build/GlyphItem/FontItem_6BB4.font.lyn.event
[LYN]	Fonts/build/GlyphItem/FontItem_85D5.font.lyn.event
[LYN]	Fonts/build/GlyphItem/FontItem_5455.font.lyn.event
[LYN]	Fonts/build/GlyphItem/FontItem_6CA4.font.lyn.event
[LYN]	Fonts/build/GlyphItem/FontItem_556A.font.lyn.event
[LYN]	Fonts/build/GlyphItem/FontItem_8DB4.font.lyn.event
[LYN]	Fonts/build/GlyphItem/FontItem_722C.font.lyn.event
[LYN]	Fonts/build/GlyphItem/FontItem_7436.font.lyn.event
[LYN]	Fonts/build/GlyphItem/FontItem_5F98.font.lyn.event
[LYN]	Fonts/build/GlyphItem/FontItem_6E43.font.lyn.event
[LYN]	Fonts/build/GlyphItem/FontItem_6500.font.lyn.event
[LYN]	Fonts/build/GlyphItem/FontItem_76D8.font.lyn.event
[LYN]	Fonts/build/GlyphItem/FontItem_76FC.font.lyn.event
[LYN]	Fonts/build/GlyphItem/FontItem_7554.font.lyn.event
[LYN]	Fonts/build/GlyphItem/FontItem_4E53.font.lyn.event
[LYN]	Fonts/build/GlyphItem/FontItem_802A.font.lyn.event
[LYN]	Fonts/build/GlyphItem/FontItem_80D6.font.lyn.event
[LYN]	Fonts/build/GlyphItem/FontItem_5486.font.lyn.event
[LYN]	Fonts/build/GlyphItem/FontItem_5228.font.lyn.event
[LYN]	Fonts/build/GlyphItem/FontItem_888D.font.lyn.event
[LYN]	Fonts/build/GlyphItem/FontItem_8DD1.font.lyn.event
[LYN]	Fonts/build/GlyphItem/FontItem_6CE1.font.lyn.event
[LYN]	Fonts/build/GlyphItem/FontItem_5478.font.lyn.event
[LYN]	Fonts/build/GlyphItem/FontItem_80DA.font.lyn.event
[LYN]	Fonts/build/GlyphItem/FontItem_88F4.font.lyn.event
[LYN]	Fonts/build/GlyphItem/FontItem_8D54.font.lyn.event
[LYN]	Fonts/build/GlyphItem/FontItem_4F69.font.lyn.event
[LYN]	Fonts/build/GlyphItem/FontItem_6C9B.font.lyn.event
[LYN]	Fonts/build/GlyphItem/FontItem_55B7.font.lyn.event
[LYN]	Fonts/build/GlyphItem/FontItem_76C6.font.lyn.event
[LYN]	Fonts/build/GlyphItem/FontItem_7830.font.lyn.event
[LYN]	Fonts/build/GlyphItem/FontItem_62A8.font.lyn.event
[LYN]	Fonts/build/GlyphItem/FontItem_70F9.font.lyn.event
[LYN]	Fonts/build/GlyphItem/FontItem_6F8E.font.lyn.event
[LYN]	Fonts/build/GlyphItem/FontItem_5F6D.font.lyn.event
[LYN]	Fonts/build/GlyphItem/FontItem_84EC.font.lyn.event
[LYN]	Fonts/build/GlyphItem/FontItem_68DA.font.lyn.event
[LYN]	Fonts/build/GlyphItem/FontItem_81A8.font.lyn.event
[LYN]	Fonts/build/GlyphItem/FontItem_787C.font.lyn.event
[LYN]	Fonts/build/GlyphItem/FontItem_9E4F.font.lyn.event
[LYN]	Fonts/build/GlyphItem/FontItem_6367.font.lyn.event
[LYN]	Fonts/build/GlyphItem/FontItem_78B0.font.lyn.event
[LYN]	Fonts/build/GlyphItem/FontItem_576F.font.lyn.event
[LYN]	Fonts/build/GlyphItem/FontItem_7812.font.lyn.event
[LYN]	Fonts/build/GlyphItem/FontItem_9739.font.lyn.event
[LYN]	Fonts/build/GlyphItem/FontItem_5288.font.lyn.event
[LYN]	Fonts/build/GlyphItem/FontItem_7435.font.lyn.event
[LYN]	Fonts/build/GlyphItem/FontItem_6BD7.font.lyn.event
[LYN]	Fonts/build/GlyphItem/FontItem_5564.font.lyn.event
[LYN]	Fonts/build/GlyphItem/FontItem_813E.font.lyn.event
[LYN]	Fonts/build/GlyphItem/FontItem_76AE.font.lyn.event
[LYN]	Fonts/build/GlyphItem/FontItem_75DE.font.lyn.event
[LYN]	Fonts/build/GlyphItem/FontItem_50FB.font.lyn.event
[LYN]	Fonts/build/GlyphItem/FontItem_5C41.font.lyn.event
[LYN]	Fonts/build/GlyphItem/FontItem_8B6C.font.lyn.event
[LYN]	Fonts/build/GlyphItem/FontItem_504F.font.lyn.event
[LYN]	Fonts/build/GlyphItem/FontItem_9A97.font.lyn.event
[LYN]	Fonts/build/GlyphItem/FontItem_98D8.font.lyn.event
[LYN]	Fonts/build/GlyphItem/FontItem_6F02.font.lyn.event
[LYN]	Fonts/build/GlyphItem/FontItem_74E2.font.lyn.event
[LYN]	Fonts/build/GlyphItem/FontItem_7968.font.lyn.event
[LYN]	Fonts/build/GlyphItem/FontItem_6487.font.lyn.event
[LYN]	Fonts/build/GlyphItem/FontItem_77A5.font.lyn.event
[LYN]	Fonts/build/GlyphItem/FontItem_62FC.font.lyn.event
[LYN]	Fonts/build/GlyphItem/FontItem_9891.font.lyn.event
[LYN]	Fonts/build/GlyphItem/FontItem_8058.font.lyn.event
[LYN]	Fonts/build/GlyphItem/FontItem_4E52.font.lyn.event
[LYN]	Fonts/build/GlyphItem/FontItem_576A.font.lyn.event
[LYN]	Fonts/build/GlyphItem/FontItem_82F9.font.lyn.event
[LYN]	Fonts/build/GlyphItem/FontItem_840D.font.lyn.event
[LYN]	Fonts/build/GlyphItem/FontItem_74F6.font.lyn.event
[LYN]	Fonts/build/GlyphItem/FontItem_5761.font.lyn.event
[LYN]	Fonts/build/GlyphItem/FontItem_7C95.font.lyn.event
[LYN]	Fonts/build/GlyphItem/FontItem_6251.font.lyn.event
[LYN]	Fonts/build/GlyphItem/FontItem_5256.font.lyn.event
[LYN]	Fonts/build/GlyphItem/FontItem_8386.font.lyn.event
[LYN]	Fonts/build/GlyphItem/FontItem_8461.font.lyn.event
[LYN]	Fonts/build/GlyphItem/FontItem_84B2.font.lyn.event
[LYN]	Fonts/build/GlyphItem/FontItem_83E9.font.lyn.event
[LYN]	Fonts/build/GlyphItem/FontItem_57D4.font.lyn.event
[LYN]	Fonts/build/GlyphItem/FontItem_5703.font.lyn.event
[LYN]	Fonts/build/GlyphItem/FontItem_6D66.font.lyn.event
[LYN]	Fonts/build/GlyphItem/FontItem_8C31.font.lyn.event
[LYN]	Fonts/build/GlyphItem/FontItem_66DD.font.lyn.event
[LYN]	Fonts/build/GlyphItem/FontItem_7011.font.lyn.event
[LYN]	Fonts/build/GlyphItem/FontItem_6816.font.lyn.event
[LYN]	Fonts/build/GlyphItem/FontItem_6B3A.font.lyn.event
[LYN]	Fonts/build/GlyphItem/FontItem_621A.font.lyn.event
[LYN]	Fonts/build/GlyphItem/FontItem_4E03.font.lyn.event
[LYN]	Fonts/build/GlyphItem/FontItem_51C4.font.lyn.event
[LYN]	Fonts/build/GlyphItem/FontItem_67D2.font.lyn.event
[LYN]	Fonts/build/GlyphItem/FontItem_6C8F.font.lyn.event
[LYN]	Fonts/build/GlyphItem/FontItem_68CB.font.lyn.event
[LYN]	Fonts/build/GlyphItem/FontItem_7566.font.lyn.event
[LYN]	Fonts/build/GlyphItem/FontItem_5D0E.font.lyn.event
[LYN]	Fonts/build/GlyphItem/FontItem_8110.font.lyn.event
[LYN]	Fonts/build/GlyphItem/FontItem_65D7.font.lyn.event
[LYN]	Fonts/build/GlyphItem/FontItem_7941.font.lyn.event
[LYN]	Fonts/build/GlyphItem/FontItem_5C82.font.lyn.event
[LYN]	Fonts/build/GlyphItem/FontItem_4E5E.font.lyn.event
[LYN]	Fonts/build/GlyphItem/FontItem_4F01.font.lyn.event
[LYN]	Fonts/build/GlyphItem/FontItem_780C.font.lyn.event
[LYN]	Fonts/build/GlyphItem/FontItem_8FC4.font.lyn.event
[LYN]	Fonts/build/GlyphItem/FontItem_6C7D.font.lyn.event
[LYN]	Fonts/build/GlyphItem/FontItem_6CE3.font.lyn.event
[LYN]	Fonts/build/GlyphItem/FontItem_6390.font.lyn.event
[LYN]	Fonts/build/GlyphItem/FontItem_8BAB.font.lyn.event
[LYN]	Fonts/build/GlyphItem/FontItem_6070.font.lyn.event
[LYN]	Fonts/build/GlyphItem/FontItem_6D3D.font.lyn.event
[LYN]	Fonts/build/GlyphItem/FontItem_7275.font.lyn.event
[LYN]	Fonts/build/GlyphItem/FontItem_6266.font.lyn.event
[LYN]	Fonts/build/GlyphItem/FontItem_948E.font.lyn.event
[LYN]	Fonts/build/GlyphItem/FontItem_94C5.font.lyn.event
[LYN]	Fonts/build/GlyphItem/FontItem_8FC1.font.lyn.event
[LYN]	Fonts/build/GlyphItem/FontItem_4EDF.font.lyn.event
[LYN]	Fonts/build/GlyphItem/FontItem_8C26.font.lyn.event
[LYN]	Fonts/build/GlyphItem/FontItem_4E7E.font.lyn.event
[LYN]	Fonts/build/GlyphItem/FontItem_9ED4.font.lyn.event
[LYN]	Fonts/build/GlyphItem/FontItem_94B3.font.lyn.event
[LYN]	Fonts/build/GlyphItem/FontItem_9063.font.lyn.event
[LYN]	Fonts/build/GlyphItem/FontItem_6D45.font.lyn.event
[LYN]	Fonts/build/GlyphItem/FontItem_5811.font.lyn.event
[LYN]	Fonts/build/GlyphItem/FontItem_5D4C.font.lyn.event
[LYN]	Fonts/build/GlyphItem/FontItem_6B20.font.lyn.event
[LYN]	Fonts/build/GlyphItem/FontItem_6B49.font.lyn.event
[LYN]	Fonts/build/GlyphItem/FontItem_545B.font.lyn.event
[LYN]	Fonts/build/GlyphItem/FontItem_7F8C.font.lyn.event
[LYN]	Fonts/build/GlyphItem/FontItem_8537.font.lyn.event
[LYN]	Fonts/build/GlyphItem/FontItem_62A2.font.lyn.event
[LYN]	Fonts/build/GlyphItem/FontItem_6A47.font.lyn.event
[LYN]	Fonts/build/GlyphItem/FontItem_9539.font.lyn.event
[LYN]	Fonts/build/GlyphItem/FontItem_6572.font.lyn.event
[LYN]	Fonts/build/GlyphItem/FontItem_6084.font.lyn.event
[LYN]	Fonts/build/GlyphItem/FontItem_77A7.font.lyn.event
[LYN]	Fonts/build/GlyphItem/FontItem_4E54.font.lyn.event
[LYN]	Fonts/build/GlyphItem/FontItem_4FA8.font.lyn.event
[LYN]	Fonts/build/GlyphItem/FontItem_9798.font.lyn.event
[LYN]	Fonts/build/GlyphItem/FontItem_64AC.font.lyn.event
[LYN]	Fonts/build/GlyphItem/FontItem_7FD8.font.lyn.event
[LYN]	Fonts/build/GlyphItem/FontItem_5CED.font.lyn.event
[LYN]	Fonts/build/GlyphItem/FontItem_4FCF.font.lyn.event
[LYN]	Fonts/build/GlyphItem/FontItem_7A8D.font.lyn.event
[LYN]	Fonts/build/GlyphItem/FontItem_8304.font.lyn.event
[LYN]	Fonts/build/GlyphItem/FontItem_602F.font.lyn.event
[LYN]	Fonts/build/GlyphItem/FontItem_7A83.font.lyn.event
[LYN]	Fonts/build/GlyphItem/FontItem_94A6.font.lyn.event
[LYN]	Fonts/build/GlyphItem/FontItem_4FB5.font.lyn.event
[LYN]	Fonts/build/GlyphItem/FontItem_79E6.font.lyn.event
[LYN]	Fonts/build/GlyphItem/FontItem_7434.font.lyn.event
[LYN]	Fonts/build/GlyphItem/FontItem_82B9.font.lyn.event
[LYN]	Fonts/build/GlyphItem/FontItem_64D2.font.lyn.event
[LYN]	Fonts/build/GlyphItem/FontItem_79BD.font.lyn.event
[LYN]	Fonts/build/GlyphItem/FontItem_6C81.font.lyn.event
[LYN]	Fonts/build/GlyphItem/FontItem_6C22.font.lyn.event
[LYN]	Fonts/build/GlyphItem/FontItem_503E.font.lyn.event
[LYN]	Fonts/build/GlyphItem/FontItem_537F.font.lyn.event
[LYN]	Fonts/build/GlyphItem/FontItem_64CE.font.lyn.event
[LYN]	Fonts/build/GlyphItem/FontItem_6C30.font.lyn.event
[LYN]	Fonts/build/GlyphItem/FontItem_9877.font.lyn.event
[LYN]	Fonts/build/GlyphItem/FontItem_5E86.font.lyn.event
[LYN]	Fonts/build/GlyphItem/FontItem_743C.font.lyn.event
[LYN]	Fonts/build/GlyphItem/FontItem_7A77.font.lyn.event
[LYN]	Fonts/build/GlyphItem/FontItem_79CB.font.lyn.event
[LYN]	Fonts/build/GlyphItem/FontItem_90B1.font.lyn.event
[LYN]	Fonts/build/GlyphItem/FontItem_7403.font.lyn.event
[LYN]	Fonts/build/GlyphItem/FontItem_56DA.font.lyn.event
[LYN]	Fonts/build/GlyphItem/FontItem_914B.font.lyn.event
[LYN]	Fonts/build/GlyphItem/FontItem_6CC5.font.lyn.event
[LYN]	Fonts/build/GlyphItem/FontItem_8D8B.font.lyn.event
[LYN]	Fonts/build/GlyphItem/FontItem_86C6.font.lyn.event
[LYN]	Fonts/build/GlyphItem/FontItem_5C48.font.lyn.event
[LYN]	Fonts/build/GlyphItem/FontItem_6E20.font.lyn.event
[LYN]	Fonts/build/GlyphItem/FontItem_9F8B.font.lyn.event
[LYN]	Fonts/build/GlyphItem/FontItem_98A7.font.lyn.event
[LYN]	Fonts/build/GlyphItem/FontItem_919B.font.lyn.event
[LYN]	Fonts/build/GlyphItem/FontItem_5238.font.lyn.event
[LYN]	Fonts/build/GlyphItem/FontItem_7F3A.font.lyn.event
[LYN]	Fonts/build/GlyphItem/FontItem_7094.font.lyn.event
[LYN]	Fonts/build/GlyphItem/FontItem_7638.font.lyn.event
[LYN]	Fonts/build/GlyphItem/FontItem_9E4A.font.lyn.event
[LYN]	Fonts/build/GlyphItem/FontItem_69B7.font.lyn.event
[LYN]	Fonts/build/GlyphItem/FontItem_96C0.font.lyn.event
[LYN]	Fonts/build/GlyphItem/FontItem_88D9.font.lyn.event
[LYN]	Fonts/build/GlyphItem/FontItem_71C3.font.lyn.event
[LYN]	Fonts/build/GlyphItem/FontItem_5189.font.lyn.event
[LYN]	Fonts/build/GlyphItem/FontItem_67D3.font.lyn.event
[LYN]	Fonts/build/GlyphItem/FontItem_74E4.font.lyn.event
[LYN]	Fonts/build/GlyphItem/FontItem_58E4.font.lyn.event
[LYN]	Fonts/build/GlyphItem/FontItem_6518.font.lyn.event
[LYN]	Fonts/build/GlyphItem/FontItem_56B7.font.lyn.event
[LYN]	Fonts/build/GlyphItem/FontItem_7ED5.font.lyn.event
[LYN]	Fonts/build/GlyphItem/FontItem_6270.font.lyn.event
[LYN]	Fonts/build/GlyphItem/FontItem_58EC.font.lyn.event
[LYN]	Fonts/build/GlyphItem/FontItem_598A.font.lyn.event
[LYN]	Fonts/build/GlyphItem/FontItem_7EAB.font.lyn.event
[LYN]	Fonts/build/GlyphItem/FontItem_620E.font.lyn.event
[LYN]	Fonts/build/GlyphItem/FontItem_8338.font.lyn.event
[LYN]	Fonts/build/GlyphItem/FontItem_84C9.font.lyn.event
[LYN]	Fonts/build/GlyphItem/FontItem_878D.font.lyn.event
[LYN]	Fonts/build/GlyphItem/FontItem_7ED2.font.lyn.event
[LYN]	Fonts/build/GlyphItem/FontItem_5197.font.lyn.event
[LYN]	Fonts/build/GlyphItem/FontItem_63C9.font.lyn.event
[LYN]	Fonts/build/GlyphItem/FontItem_8339.font.lyn.event
[LYN]	Fonts/build/GlyphItem/FontItem_8815.font.lyn.event
[LYN]	Fonts/build/GlyphItem/FontItem_5112.font.lyn.event
[LYN]	Fonts/build/GlyphItem/FontItem_5B7A.font.lyn.event
[LYN]	Fonts/build/GlyphItem/FontItem_6C5D.font.lyn.event
[LYN]	Fonts/build/GlyphItem/FontItem_8925.font.lyn.event
[LYN]	Fonts/build/GlyphItem/FontItem_8F6F.font.lyn.event
[LYN]	Fonts/build/GlyphItem/FontItem_962E.font.lyn.event
[LYN]	Fonts/build/GlyphItem/FontItem_854A.font.lyn.event
[LYN]	Fonts/build/GlyphItem/FontItem_95F0.font.lyn.event
[LYN]	Fonts/build/GlyphItem/FontItem_6DA6.font.lyn.event
[LYN]	Fonts/build/GlyphItem/FontItem_82E5.font.lyn.event
[LYN]	Fonts/build/GlyphItem/FontItem_6D12.font.lyn.event
[LYN]	Fonts/build/GlyphItem/FontItem_816E.font.lyn.event
[LYN]	Fonts/build/GlyphItem/FontItem_9CC3.font.lyn.event
[LYN]	Fonts/build/GlyphItem/FontItem_8D5B.font.lyn.event
[LYN]	Fonts/build/GlyphItem/FontItem_53C1.font.lyn.event
[LYN]	Fonts/build/GlyphItem/FontItem_4F1E.font.lyn.event
[LYN]	Fonts/build/GlyphItem/FontItem_55D3.font.lyn.event
[LYN]	Fonts/build/GlyphItem/FontItem_6414.font.lyn.event
[LYN]	Fonts/build/GlyphItem/FontItem_626B.font.lyn.event
[LYN]	Fonts/build/GlyphItem/FontItem_5AC2.font.lyn.event
[LYN]	Fonts/build/GlyphItem/FontItem_6DA9.font.lyn.event
[LYN]	Fonts/build/GlyphItem/FontItem_7802.font.lyn.event
[LYN]	Fonts/build/GlyphItem/FontItem_50BB.font.lyn.event
[LYN]	Fonts/build/GlyphItem/FontItem_5565.font.lyn.event
[LYN]	Fonts/build/GlyphItem/FontItem_715E.font.lyn.event
[LYN]	Fonts/build/GlyphItem/FontItem_7B5B.font.lyn.event
[LYN]	Fonts/build/GlyphItem/FontItem_6652.font.lyn.event
[LYN]	Fonts/build/GlyphItem/FontItem_73CA.font.lyn.event
[LYN]	Fonts/build/GlyphItem/FontItem_82EB.font.lyn.event
[LYN]	Fonts/build/GlyphItem/FontItem_6749.font.lyn.event
[LYN]	Fonts/build/GlyphItem/FontItem_717D.font.lyn.event
[LYN]	Fonts/build/GlyphItem/FontItem_886B.font.lyn.event
[LYN]	Fonts/build/GlyphItem/FontItem_9655.font.lyn.event
[LYN]	Fonts/build/GlyphItem/FontItem_8D61.font.lyn.event
[LYN]	Fonts/build/GlyphItem/FontItem_81B3.font.lyn.event
[LYN]	Fonts/build/GlyphItem/FontItem_6C55.font.lyn.event
[LYN]	Fonts/build/GlyphItem/FontItem_6247.font.lyn.event
[LYN]	Fonts/build/GlyphItem/FontItem_7F2E.font.lyn.event
[LYN]	Fonts/build/GlyphItem/FontItem_5892.font.lyn.event
[LYN]	Fonts/build/GlyphItem/FontItem_664C.font.lyn.event
[LYN]	Fonts/build/GlyphItem/FontItem_88F3.font.lyn.event
[LYN]	Fonts/build/GlyphItem/FontItem_68A2.font.lyn.event
[LYN]	Fonts/build/GlyphItem/FontItem_634E.font.lyn.event
[LYN]	Fonts/build/GlyphItem/FontItem_70E7.font.lyn.event
[LYN]	Fonts/build/GlyphItem/FontItem_828D.font.lyn.event
[LYN]	Fonts/build/GlyphItem/FontItem_52FA.font.lyn.event
[LYN]	Fonts/build/GlyphItem/FontItem_97F6.font.lyn.event
[LYN]	Fonts/build/GlyphItem/FontItem_54E8.font.lyn.event
[LYN]	Fonts/build/GlyphItem/FontItem_90B5.font.lyn.event
[LYN]	Fonts/build/GlyphItem/FontItem_7ECD.font.lyn.event
[LYN]	Fonts/build/GlyphItem/FontItem_5962.font.lyn.event
[LYN]	Fonts/build/GlyphItem/FontItem_8D4A.font.lyn.event
[LYN]	Fonts/build/GlyphItem/FontItem_86C7.font.lyn.event
[LYN]	Fonts/build/GlyphItem/FontItem_820C.font.lyn.event
[LYN]	Fonts/build/GlyphItem/FontItem_8D66.font.lyn.event
[LYN]	Fonts/build/GlyphItem/FontItem_6151.font.lyn.event
[LYN]	Fonts/build/GlyphItem/FontItem_6D89.font.lyn.event
[LYN]	Fonts/build/GlyphItem/FontItem_793E.font.lyn.event
[LYN]	Fonts/build/GlyphItem/FontItem_7837.font.lyn.event
[LYN]	Fonts/build/GlyphItem/FontItem_7533.font.lyn.event
[LYN]	Fonts/build/GlyphItem/FontItem_547B.font.lyn.event
[LYN]	Fonts/build/GlyphItem/FontItem_4F38.font.lyn.event
[LYN]	Fonts/build/GlyphItem/FontItem_5A20.font.lyn.event
[LYN]	Fonts/build/GlyphItem/FontItem_7EC5.font.lyn.event
[LYN]	Fonts/build/GlyphItem/FontItem_6C88.font.lyn.event
[LYN]	Fonts/build/GlyphItem/FontItem_5BA1.font.lyn.event
[LYN]	Fonts/build/GlyphItem/FontItem_5A76.font.lyn.event
[LYN]	Fonts/build/GlyphItem/FontItem_80BE.font.lyn.event
[LYN]	Fonts/build/GlyphItem/FontItem_614E.font.lyn.event
[LYN]	Fonts/build/GlyphItem/FontItem_6E17.font.lyn.event
[LYN]	Fonts/build/GlyphItem/FontItem_7525.font.lyn.event
[LYN]	Fonts/build/GlyphItem/FontItem_7272.font.lyn.event
[LYN]	Fonts/build/GlyphItem/FontItem_7EF3.font.lyn.event
[LYN]	Fonts/build/GlyphItem/FontItem_7701.font.lyn.event
[LYN]	Fonts/build/GlyphItem/FontItem_76DB.font.lyn.event
[LYN]	Fonts/build/GlyphItem/FontItem_8671.font.lyn.event
[LYN]	Fonts/build/GlyphItem/FontItem_62FE.font.lyn.event
[LYN]	Fonts/build/GlyphItem/FontItem_77E2.font.lyn.event
[LYN]	Fonts/build/GlyphItem/FontItem_5C4E.font.lyn.event
[LYN]	Fonts/build/GlyphItem/FontItem_9A76.font.lyn.event
[LYN]	Fonts/build/GlyphItem/FontItem_67FF.font.lyn.event
[LYN]	Fonts/build/GlyphItem/FontItem_62ED.font.lyn.event
[LYN]	Fonts/build/GlyphItem/FontItem_55DC.font.lyn.event
[LYN]	Fonts/build/GlyphItem/FontItem_566C.font.lyn.event
[LYN]	Fonts/build/GlyphItem/FontItem_6C0F.font.lyn.event
[LYN]	Fonts/build/GlyphItem/FontItem_6043.font.lyn.event
[LYN]	Fonts/build/GlyphItem/FontItem_5BA4.font.lyn.event
[LYN]	Fonts/build/GlyphItem/FontItem_5BFF.font.lyn.event
[LYN]	Fonts/build/GlyphItem/FontItem_7626.font.lyn.event
[LYN]	Fonts/build/GlyphItem/FontItem_852C.font.lyn.event
[LYN]	Fonts/build/GlyphItem/FontItem_67A2.font.lyn.event
[LYN]	Fonts/build/GlyphItem/FontItem_68B3.font.lyn.event
[LYN]	Fonts/build/GlyphItem/FontItem_6292.font.lyn.event
[LYN]	Fonts/build/GlyphItem/FontItem_8212.font.lyn.event
[LYN]	Fonts/build/GlyphItem/FontItem_6DD1.font.lyn.event
[LYN]	Fonts/build/GlyphItem/FontItem_758F.font.lyn.event
[LYN]	Fonts/build/GlyphItem/FontItem_8D4E.font.lyn.event
[LYN]	Fonts/build/GlyphItem/FontItem_5B70.font.lyn.event
[LYN]	Fonts/build/GlyphItem/FontItem_85AF.font.lyn.event
[LYN]	Fonts/build/GlyphItem/FontItem_6691.font.lyn.event
[LYN]	Fonts/build/GlyphItem/FontItem_66D9.font.lyn.event
[LYN]	Fonts/build/GlyphItem/FontItem_7F72.font.lyn.event
[LYN]	Fonts/build/GlyphItem/FontItem_8700.font.lyn.event
[LYN]	Fonts/build/GlyphItem/FontItem_9ECD.font.lyn.event
[LYN]	Fonts/build/GlyphItem/FontItem_9F20.font.lyn.event
[LYN]	Fonts/build/GlyphItem/FontItem_620D.font.lyn.event
[LYN]	Fonts/build/GlyphItem/FontItem_7AD6.font.lyn.event
[LYN]	Fonts/build/GlyphItem/FontItem_5885.font.lyn.event
[LYN]	Fonts/build/GlyphItem/FontItem_5EB6.font.lyn.event
[LYN]	Fonts/build/GlyphItem/FontItem_6F31.font.lyn.event
[LYN]	Fonts/build/GlyphItem/FontItem_6055.font.lyn.event
[LYN]	Fonts/build/GlyphItem/FontItem_5237.font.lyn.event
[LYN]	Fonts/build/GlyphItem/FontItem_800D.font.lyn.event
[LYN]	Fonts/build/GlyphItem/FontItem_6454.font.lyn.event
[LYN]	Fonts/build/GlyphItem/FontItem_8870.font.lyn.event
[LYN]	Fonts/build/GlyphItem/FontItem_6813.font.lyn.event
[LYN]	Fonts/build/GlyphItem/FontItem_62F4.font.lyn.event
[LYN]	Fonts/build/GlyphItem/FontItem_971C.font.lyn.event
[LYN]	Fonts/build/GlyphItem/FontItem_7A0E.font.lyn.event
[LYN]	Fonts/build/GlyphItem/FontItem_542E.font.lyn.event
[LYN]	Fonts/build/GlyphItem/FontItem_821C.font.lyn.event
[LYN]	Fonts/build/GlyphItem/FontItem_7855.font.lyn.event
[LYN]	Fonts/build/GlyphItem/FontItem_6714.font.lyn.event
[LYN]	Fonts/build/GlyphItem/FontItem_70C1.font.lyn.event
[LYN]	Fonts/build/GlyphItem/FontItem_6495.font.lyn.event
[LYN]	Fonts/build/GlyphItem/FontItem_5636.font.lyn.event
[LYN]	Fonts/build/GlyphItem/FontItem_8086.font.lyn.event
[LYN]	Fonts/build/GlyphItem/FontItem_5BFA.font.lyn.event
[LYN]	Fonts/build/GlyphItem/FontItem_55E3.font.lyn.event
[LYN]	Fonts/build/GlyphItem/FontItem_4F3A.font.lyn.event
[LYN]	Fonts/build/GlyphItem/FontItem_5DF3.font.lyn.event
[LYN]	Fonts/build/GlyphItem/FontItem_6002.font.lyn.event
[LYN]	Fonts/build/GlyphItem/FontItem_5B8B.font.lyn.event
[LYN]	Fonts/build/GlyphItem/FontItem_8BBC.font.lyn.event
[LYN]	Fonts/build/GlyphItem/FontItem_8BF5.font.lyn.event
[LYN]	Fonts/build/GlyphItem/FontItem_641C.font.lyn.event
[LYN]	Fonts/build/GlyphItem/FontItem_8258.font.lyn.event
[LYN]	Fonts/build/GlyphItem/FontItem_64DE.font.lyn.event
[LYN]	Fonts/build/GlyphItem/FontItem_9165.font.lyn.event
[LYN]	Fonts/build/GlyphItem/FontItem_55FD.font.lyn.event
[LYN]	Fonts/build/GlyphItem/FontItem_4FD7.font.lyn.event
[LYN]	Fonts/build/GlyphItem/FontItem_7D20.font.lyn.event
[LYN]	Fonts/build/GlyphItem/FontItem_7C9F.font.lyn.event
[LYN]	Fonts/build/GlyphItem/FontItem_50F3.font.lyn.event
[LYN]	Fonts/build/GlyphItem/FontItem_5851.font.lyn.event
[LYN]	Fonts/build/GlyphItem/FontItem_6EAF.font.lyn.event
[LYN]	Fonts/build/GlyphItem/FontItem_9178.font.lyn.event
[LYN]	Fonts/build/GlyphItem/FontItem_849C.font.lyn.event
[LYN]	Fonts/build/GlyphItem/FontItem_968B.font.lyn.event
[LYN]	Fonts/build/GlyphItem/FontItem_7EE5.font.lyn.event
[LYN]	Fonts/build/GlyphItem/FontItem_9AD3.font.lyn.event
[LYN]	Fonts/build/GlyphItem/FontItem_7A57.font.lyn.event
[LYN]	Fonts/build/GlyphItem/FontItem_9042.font.lyn.event
[LYN]	Fonts/build/GlyphItem/FontItem_96A7.font.lyn.event
[LYN]	Fonts/build/GlyphItem/FontItem_795F.font.lyn.event
[LYN]	Fonts/build/GlyphItem/FontItem_7B0B.font.lyn.event
[LYN]	Fonts/build/GlyphItem/FontItem_84D1.font.lyn.event
[LYN]	Fonts/build/GlyphItem/FontItem_68AD.font.lyn.event
[LYN]	Fonts/build/GlyphItem/FontItem_5506.font.lyn.event
[LYN]	Fonts/build/GlyphItem/FontItem_7410.font.lyn.event
[LYN]	Fonts/build/GlyphItem/FontItem_584C.font.lyn.event
[LYN]	Fonts/build/GlyphItem/FontItem_736D.font.lyn.event
[LYN]	Fonts/build/GlyphItem/FontItem_631E.font.lyn.event
[LYN]	Fonts/build/GlyphItem/FontItem_8E4B.font.lyn.event
[LYN]	Fonts/build/GlyphItem/FontItem_82D4.font.lyn.event
[LYN]	Fonts/build/GlyphItem/FontItem_62AC.font.lyn.event
[LYN]	Fonts/build/GlyphItem/FontItem_6CF0.font.lyn.event
[LYN]	Fonts/build/GlyphItem/FontItem_915E.font.lyn.event
[LYN]	Fonts/build/GlyphItem/FontItem_6C70.font.lyn.event
[LYN]	Fonts/build/GlyphItem/FontItem_574D.font.lyn.event
[LYN]	Fonts/build/GlyphItem/FontItem_644A.font.lyn.event
[LYN]	Fonts/build/GlyphItem/FontItem_762B.font.lyn.event
[LYN]	Fonts/build/GlyphItem/FontItem_6EE9.font.lyn.event
[LYN]	Fonts/build/GlyphItem/FontItem_575B.font.lyn.event
[LYN]	Fonts/build/GlyphItem/FontItem_6A80.font.lyn.event
[LYN]	Fonts/build/GlyphItem/FontItem_75F0.font.lyn.event
[LYN]	Fonts/build/GlyphItem/FontItem_6F6D.font.lyn.event
[LYN]	Fonts/build/GlyphItem/FontItem_8C2D.font.lyn.event
[LYN]	Fonts/build/GlyphItem/FontItem_6BEF.font.lyn.event
[LYN]	Fonts/build/GlyphItem/FontItem_8892.font.lyn.event
[LYN]	Fonts/build/GlyphItem/FontItem_78B3.font.lyn.event
[LYN]	Fonts/build/GlyphItem/FontItem_70AD.font.lyn.event
[LYN]	Fonts/build/GlyphItem/FontItem_6C64.font.lyn.event
[LYN]	Fonts/build/GlyphItem/FontItem_5858.font.lyn.event
[LYN]	Fonts/build/GlyphItem/FontItem_642A.font.lyn.event
[LYN]	Fonts/build/GlyphItem/FontItem_68E0.font.lyn.event
[LYN]	Fonts/build/GlyphItem/FontItem_819B.font.lyn.event
[LYN]	Fonts/build/GlyphItem/FontItem_5510.font.lyn.event
[LYN]	Fonts/build/GlyphItem/FontItem_7CD6.font.lyn.event
[LYN]	Fonts/build/GlyphItem/FontItem_5018.font.lyn.event
[LYN]	Fonts/build/GlyphItem/FontItem_8EBA.font.lyn.event
[LYN]	Fonts/build/GlyphItem/FontItem_8D9F.font.lyn.event
[LYN]	Fonts/build/GlyphItem/FontItem_70EB.font.lyn.event
[LYN]	Fonts/build/GlyphItem/FontItem_638F.font.lyn.event
[LYN]	Fonts/build/GlyphItem/FontItem_6D9B.font.lyn.event
[LYN]	Fonts/build/GlyphItem/FontItem_6ED4.font.lyn.event
[LYN]	Fonts/build/GlyphItem/FontItem_7EE6.font.lyn.event
[LYN]	Fonts/build/GlyphItem/FontItem_8404.font.lyn.event
[LYN]	Fonts/build/GlyphItem/FontItem_6DD8.font.lyn.event
[LYN]	Fonts/build/GlyphItem/FontItem_9676.font.lyn.event
[LYN]	Fonts/build/GlyphItem/FontItem_85E4.font.lyn.event
[LYN]	Fonts/build/GlyphItem/FontItem_817E.font.lyn.event
[LYN]	Fonts/build/GlyphItem/FontItem_75BC.font.lyn.event
[LYN]	Fonts/build/GlyphItem/FontItem_8A8A.font.lyn.event
[LYN]	Fonts/build/GlyphItem/FontItem_5254.font.lyn.event
[LYN]	Fonts/build/GlyphItem/FontItem_8E22.font.lyn.event
[LYN]	Fonts/build/GlyphItem/FontItem_9511.font.lyn.event
[LYN]	Fonts/build/GlyphItem/FontItem_8E44.font.lyn.event
[LYN]	Fonts/build/GlyphItem/FontItem_557C.font.lyn.event
[LYN]	Fonts/build/GlyphItem/FontItem_568F.font.lyn.event
[LYN]	Fonts/build/GlyphItem/FontItem_60D5.font.lyn.event
[LYN]	Fonts/build/GlyphItem/FontItem_6D95.font.lyn.event
[LYN]	Fonts/build/GlyphItem/FontItem_5243.font.lyn.event
[LYN]	Fonts/build/GlyphItem/FontItem_5C49.font.lyn.event
[LYN]	Fonts/build/GlyphItem/FontItem_586B.font.lyn.event
[LYN]	Fonts/build/GlyphItem/FontItem_751C.font.lyn.event
[LYN]	Fonts/build/GlyphItem/FontItem_606C.font.lyn.event
[LYN]	Fonts/build/GlyphItem/FontItem_8146.font.lyn.event
[LYN]	Fonts/build/GlyphItem/FontItem_8214.font.lyn.event
[LYN]	Fonts/build/GlyphItem/FontItem_8FE2.font.lyn.event
[LYN]	Fonts/build/GlyphItem/FontItem_773A.font.lyn.event
[LYN]	Fonts/build/GlyphItem/FontItem_5E16.font.lyn.event
[LYN]	Fonts/build/GlyphItem/FontItem_5385.font.lyn.event
[LYN]	Fonts/build/GlyphItem/FontItem_70C3.font.lyn.event
[LYN]	Fonts/build/GlyphItem/FontItem_6C40.font.lyn.event
[LYN]	Fonts/build/GlyphItem/FontItem_4EAD.font.lyn.event
[LYN]	Fonts/build/GlyphItem/FontItem_633A.font.lyn.event
[LYN]	Fonts/build/GlyphItem/FontItem_8247.font.lyn.event
[LYN]	Fonts/build/GlyphItem/FontItem_6850.font.lyn.event
[LYN]	Fonts/build/GlyphItem/FontItem_916E.font.lyn.event
[LYN]	Fonts/build/GlyphItem/FontItem_94DC.font.lyn.event
[LYN]	Fonts/build/GlyphItem/FontItem_5F64.font.lyn.event
[LYN]	Fonts/build/GlyphItem/FontItem_7AE5.font.lyn.event
[LYN]	Fonts/build/GlyphItem/FontItem_6345.font.lyn.event
[LYN]	Fonts/build/GlyphItem/FontItem_7B52.font.lyn.event
[LYN]	Fonts/build/GlyphItem/FontItem_900F.font.lyn.event
[LYN]	Fonts/build/GlyphItem/FontItem_51F8.font.lyn.event
[LYN]	Fonts/build/GlyphItem/FontItem_79C3.font.lyn.event
[LYN]	Fonts/build/GlyphItem/FontItem_6D82.font.lyn.event
[LYN]	Fonts/build/GlyphItem/FontItem_5C60.font.lyn.event
[LYN]	Fonts/build/GlyphItem/FontItem_5154.font.lyn.event
[LYN]	Fonts/build/GlyphItem/FontItem_6E4D.font.lyn.event
[LYN]	Fonts/build/GlyphItem/FontItem_9893.font.lyn.event
[LYN]	Fonts/build/GlyphItem/FontItem_817F.font.lyn.event
[LYN]	Fonts/build/GlyphItem/FontItem_8715.font.lyn.event
[LYN]	Fonts/build/GlyphItem/FontItem_892A.font.lyn.event
[LYN]	Fonts/build/GlyphItem/FontItem_541E.font.lyn.event
[LYN]	Fonts/build/GlyphItem/FontItem_5C6F.font.lyn.event
[LYN]	Fonts/build/GlyphItem/FontItem_81C0.font.lyn.event
[LYN]	Fonts/build/GlyphItem/FontItem_62D6.font.lyn.event
[LYN]	Fonts/build/GlyphItem/FontItem_9E35.font.lyn.event
[LYN]	Fonts/build/GlyphItem/FontItem_9640.font.lyn.event
[LYN]	Fonts/build/GlyphItem/FontItem_62D3.font.lyn.event
[LYN]	Fonts/build/GlyphItem/FontItem_9A6E.font.lyn.event
[LYN]	Fonts/build/GlyphItem/FontItem_9A7C.font.lyn.event
[LYN]	Fonts/build/GlyphItem/FontItem_692D.font.lyn.event
[LYN]	Fonts/build/GlyphItem/FontItem_553E.font.lyn.event
[LYN]	Fonts/build/GlyphItem/FontItem_59A5.font.lyn.event
[LYN]	Fonts/build/GlyphItem/FontItem_6316.font.lyn.event
[LYN]	Fonts/build/GlyphItem/FontItem_54C7.font.lyn.event
[LYN]	Fonts/build/GlyphItem/FontItem_86D9.font.lyn.event
[LYN]	Fonts/build/GlyphItem/FontItem_6D3C.font.lyn.event
[LYN]	Fonts/build/GlyphItem/FontItem_5A03.font.lyn.event
[LYN]	Fonts/build/GlyphItem/FontItem_889C.font.lyn.event
[LYN]	Fonts/build/GlyphItem/FontItem_6B6A.font.lyn.event
[LYN]	Fonts/build/GlyphItem/FontItem_8C4C.font.lyn.event
[LYN]	Fonts/build/GlyphItem/FontItem_5F2F.font.lyn.event
[LYN]	Fonts/build/GlyphItem/FontItem_6E7E.font.lyn.event
[LYN]	Fonts/build/GlyphItem/FontItem_987D.font.lyn.event
[LYN]	Fonts/build/GlyphItem/FontItem_4E38.font.lyn.event
[LYN]	Fonts/build/GlyphItem/FontItem_7897.font.lyn.event
[LYN]	Fonts/build/GlyphItem/FontItem_70F7.font.lyn.event
[LYN]	Fonts/build/GlyphItem/FontItem_7696.font.lyn.event
[LYN]	Fonts/build/GlyphItem/FontItem_60CB.font.lyn.event
[LYN]	Fonts/build/GlyphItem/FontItem_5B9B.font.lyn.event
[LYN]	Fonts/build/GlyphItem/FontItem_6C6A.font.lyn.event
[LYN]	Fonts/build/GlyphItem/FontItem_6789.font.lyn.event
[LYN]	Fonts/build/GlyphItem/FontItem_7F51.font.lyn.event
[LYN]	Fonts/build/GlyphItem/FontItem_65FA.font.lyn.event
[LYN]	Fonts/build/GlyphItem/FontItem_5984.font.lyn.event
[LYN]	Fonts/build/GlyphItem/FontItem_5DCD.font.lyn.event
[LYN]	Fonts/build/GlyphItem/FontItem_8FDD.font.lyn.event
[LYN]	Fonts/build/GlyphItem/FontItem_60DF.font.lyn.event
[LYN]	Fonts/build/GlyphItem/FontItem_6F4D.font.lyn.event
[LYN]	Fonts/build/GlyphItem/FontItem_82C7.font.lyn.event
[LYN]	Fonts/build/GlyphItem/FontItem_840E.font.lyn.event
[LYN]	Fonts/build/GlyphItem/FontItem_4F2A.font.lyn.event
[LYN]	Fonts/build/GlyphItem/FontItem_5C3E.font.lyn.event
[LYN]	Fonts/build/GlyphItem/FontItem_7EAC.font.lyn.event
[LYN]	Fonts/build/GlyphItem/FontItem_851A.font.lyn.event
[LYN]	Fonts/build/GlyphItem/FontItem_80C3.font.lyn.event
[LYN]	Fonts/build/GlyphItem/FontItem_5582.font.lyn.event
[LYN]	Fonts/build/GlyphItem/FontItem_9B4F.font.lyn.event
[LYN]	Fonts/build/GlyphItem/FontItem_6E2D.font.lyn.event
[LYN]	Fonts/build/GlyphItem/FontItem_5C09.font.lyn.event
[LYN]	Fonts/build/GlyphItem/FontItem_761F.font.lyn.event
[LYN]	Fonts/build/GlyphItem/FontItem_868A.font.lyn.event
[LYN]	Fonts/build/GlyphItem/FontItem_543B.font.lyn.event
[LYN]	Fonts/build/GlyphItem/FontItem_7D0A.font.lyn.event
[LYN]	Fonts/build/GlyphItem/FontItem_55E1.font.lyn.event
[LYN]	Fonts/build/GlyphItem/FontItem_74EE.font.lyn.event
[LYN]	Fonts/build/GlyphItem/FontItem_631D.font.lyn.event
[LYN]	Fonts/build/GlyphItem/FontItem_8717.font.lyn.event
[LYN]	Fonts/build/GlyphItem/FontItem_7A9D.font.lyn.event
[LYN]	Fonts/build/GlyphItem/FontItem_65A1.font.lyn.event
[LYN]	Fonts/build/GlyphItem/FontItem_5367.font.lyn.event
[LYN]	Fonts/build/GlyphItem/FontItem_545C.font.lyn.event
[LYN]	Fonts/build/GlyphItem/FontItem_94A8.font.lyn.event
[LYN]	Fonts/build/GlyphItem/FontItem_8BEC.font.lyn.event
[LYN]	Fonts/build/GlyphItem/FontItem_68A7.font.lyn.event
[LYN]	Fonts/build/GlyphItem/FontItem_543E.font.lyn.event
[LYN]	Fonts/build/GlyphItem/FontItem_5434.font.lyn.event
[LYN]	Fonts/build/GlyphItem/FontItem_6BCB.font.lyn.event
[LYN]	Fonts/build/GlyphItem/FontItem_6342.font.lyn.event
[LYN]	Fonts/build/GlyphItem/FontItem_5348.font.lyn.event
[LYN]	Fonts/build/GlyphItem/FontItem_4FAE.font.lyn.event
[LYN]	Fonts/build/GlyphItem/FontItem_575E.font.lyn.event
[LYN]	Fonts/build/GlyphItem/FontItem_620A.font.lyn.event
[LYN]	Fonts/build/GlyphItem/FontItem_6664.font.lyn.event
[LYN]	Fonts/build/GlyphItem/FontItem_52FF.font.lyn.event
[LYN]	Fonts/build/GlyphItem/FontItem_7199.font.lyn.event
[LYN]	Fonts/build/GlyphItem/FontItem_6790.font.lyn.event
[LYN]	Fonts/build/GlyphItem/FontItem_7852.font.lyn.event
[LYN]	Fonts/build/GlyphItem/FontItem_77FD.font.lyn.event
[LYN]	Fonts/build/GlyphItem/FontItem_6670.font.lyn.event
[LYN]	Fonts/build/GlyphItem/FontItem_563B.font.lyn.event
[LYN]	Fonts/build/GlyphItem/FontItem_9521.font.lyn.event
[LYN]	Fonts/build/GlyphItem/FontItem_727A.font.lyn.event
[LYN]	Fonts/build/GlyphItem/FontItem_7A00.font.lyn.event
[LYN]	Fonts/build/GlyphItem/FontItem_6089.font.lyn.event
[LYN]	Fonts/build/GlyphItem/FontItem_5915.font.lyn.event
[LYN]	Fonts/build/GlyphItem/FontItem_7184.font.lyn.event
[LYN]	Fonts/build/GlyphItem/FontItem_70EF.font.lyn.event
[LYN]	Fonts/build/GlyphItem/FontItem_6C50.font.lyn.event
[LYN]	Fonts/build/GlyphItem/FontItem_7280.font.lyn.event
[LYN]	Fonts/build/GlyphItem/FontItem_6A84.font.lyn.event
[LYN]	Fonts/build/GlyphItem/FontItem_5AB3.font.lyn.event
[LYN]	Fonts/build/GlyphItem/FontItem_94E3.font.lyn.event
[LYN]	Fonts/build/GlyphItem/FontItem_6D17.font.lyn.event
[LYN]	Fonts/build/GlyphItem/FontItem_9699.font.lyn.event
[LYN]	Fonts/build/GlyphItem/FontItem_778E.font.lyn.event
[LYN]	Fonts/build/GlyphItem/FontItem_867E.font.lyn.event
[LYN]	Fonts/build/GlyphItem/FontItem_5323.font.lyn.event
[LYN]	Fonts/build/GlyphItem/FontItem_971E.font.lyn.event
[LYN]	Fonts/build/GlyphItem/FontItem_8F96.font.lyn.event
[LYN]	Fonts/build/GlyphItem/FontItem_5CE1.font.lyn.event
[LYN]	Fonts/build/GlyphItem/FontItem_53A6.font.lyn.event
[LYN]	Fonts/build/GlyphItem/FontItem_5413.font.lyn.event
[LYN]	Fonts/build/GlyphItem/FontItem_6380.font.lyn.event
[LYN]	Fonts/build/GlyphItem/FontItem_9528.font.lyn.event
[LYN]	Fonts/build/GlyphItem/FontItem_4ED9.font.lyn.event
[LYN]	Fonts/build/GlyphItem/FontItem_9C9C.font.lyn.event
[LYN]	Fonts/build/GlyphItem/FontItem_7EA4.font.lyn.event
[LYN]	Fonts/build/GlyphItem/FontItem_54B8.font.lyn.event
[LYN]	Fonts/build/GlyphItem/FontItem_8854.font.lyn.event
[LYN]	Fonts/build/GlyphItem/FontItem_6D8E.font.lyn.event
[LYN]	Fonts/build/GlyphItem/FontItem_5F26.font.lyn.event
[LYN]	Fonts/build/GlyphItem/FontItem_5ACC.font.lyn.event
[LYN]	Fonts/build/GlyphItem/FontItem_53BF.font.lyn.event
[LYN]	Fonts/build/GlyphItem/FontItem_817A.font.lyn.event
[LYN]	Fonts/build/GlyphItem/FontItem_9985.font.lyn.event
[LYN]	Fonts/build/GlyphItem/FontItem_5BAA.font.lyn.event
[LYN]	Fonts/build/GlyphItem/FontItem_53A2.font.lyn.event
[LYN]	Fonts/build/GlyphItem/FontItem_9576.font.lyn.event
[LYN]	Fonts/build/GlyphItem/FontItem_8944.font.lyn.event
[LYN]	Fonts/build/GlyphItem/FontItem_6E58.font.lyn.event
[LYN]	Fonts/build/GlyphItem/FontItem_7965.font.lyn.event
[LYN]	Fonts/build/GlyphItem/FontItem_4EAB.font.lyn.event
[LYN]	Fonts/build/GlyphItem/FontItem_5DF7.font.lyn.event
[LYN]	Fonts/build/GlyphItem/FontItem_6A61.font.lyn.event
[LYN]	Fonts/build/GlyphItem/FontItem_8427.font.lyn.event
[LYN]	Fonts/build/GlyphItem/FontItem_785D.font.lyn.event
[LYN]	Fonts/build/GlyphItem/FontItem_9704.font.lyn.event
[LYN]	Fonts/build/GlyphItem/FontItem_524A.font.lyn.event
[LYN]	Fonts/build/GlyphItem/FontItem_54EE.font.lyn.event
[LYN]	Fonts/build/GlyphItem/FontItem_56A3.font.lyn.event
[LYN]	Fonts/build/GlyphItem/FontItem_9500.font.lyn.event
[LYN]	Fonts/build/GlyphItem/FontItem_5BB5.font.lyn.event
[LYN]	Fonts/build/GlyphItem/FontItem_6DC6.font.lyn.event
[LYN]	Fonts/build/GlyphItem/FontItem_5B5D.font.lyn.event
[LYN]	Fonts/build/GlyphItem/FontItem_8096.font.lyn.event
[LYN]	Fonts/build/GlyphItem/FontItem_5578.font.lyn.event
[LYN]	Fonts/build/GlyphItem/FontItem_6954.font.lyn.event
[LYN]	Fonts/build/GlyphItem/FontItem_6B47.font.lyn.event
[LYN]	Fonts/build/GlyphItem/FontItem_874E.font.lyn.event
[LYN]	Fonts/build/GlyphItem/FontItem_978B.font.lyn.event
[LYN]	Fonts/build/GlyphItem/FontItem_631F.font.lyn.event
[LYN]	Fonts/build/GlyphItem/FontItem_643A.font.lyn.event
[LYN]	Fonts/build/GlyphItem/FontItem_80C1.font.lyn.event
[LYN]	Fonts/build/GlyphItem/FontItem_659C.font.lyn.event
[LYN]	Fonts/build/GlyphItem/FontItem_8C10.font.lyn.event
[LYN]	Fonts/build/GlyphItem/FontItem_68B0.font.lyn.event
[LYN]	Fonts/build/GlyphItem/FontItem_5378.font.lyn.event
[LYN]	Fonts/build/GlyphItem/FontItem_87F9.font.lyn.event
[LYN]	Fonts/build/GlyphItem/FontItem_6CC4.font.lyn.event
[LYN]	Fonts/build/GlyphItem/FontItem_6CFB.font.lyn.event
[LYN]	Fonts/build/GlyphItem/FontItem_5C51.font.lyn.event
[LYN]	Fonts/build/GlyphItem/FontItem_82AF.font.lyn.event
[LYN]	Fonts/build/GlyphItem/FontItem_950C.font.lyn.event
[LYN]	Fonts/build/GlyphItem/FontItem_5FFB.font.lyn.event
[LYN]	Fonts/build/GlyphItem/FontItem_8845.font.lyn.event
[LYN]	Fonts/build/GlyphItem/FontItem_8165.font.lyn.event
[LYN]	Fonts/build/GlyphItem/FontItem_7329.font.lyn.event
[LYN]	Fonts/build/GlyphItem/FontItem_60FA.font.lyn.event
[LYN]	Fonts/build/GlyphItem/FontItem_5211.font.lyn.event
[LYN]	Fonts/build/GlyphItem/FontItem_90A2.font.lyn.event
[LYN]	Fonts/build/GlyphItem/FontItem_674F.font.lyn.event
[LYN]	Fonts/build/GlyphItem/FontItem_51F6.font.lyn.event
[LYN]	Fonts/build/GlyphItem/FontItem_80F8.font.lyn.event
[LYN]	Fonts/build/GlyphItem/FontItem_5308.font.lyn.event
[LYN]	Fonts/build/GlyphItem/FontItem_6C79.font.lyn.event
[LYN]	Fonts/build/GlyphItem/FontItem_718A.font.lyn.event
[LYN]	Fonts/build/GlyphItem/FontItem_673D.font.lyn.event
[LYN]	Fonts/build/GlyphItem/FontItem_55C5.font.lyn.event
[LYN]	Fonts/build/GlyphItem/FontItem_9508.font.lyn.event
[LYN]	Fonts/build/GlyphItem/FontItem_7EE3.font.lyn.event
[LYN]	Fonts/build/GlyphItem/FontItem_620C.font.lyn.event
[LYN]	Fonts/build/GlyphItem/FontItem_865A.font.lyn.event
[LYN]	Fonts/build/GlyphItem/FontItem_5618.font.lyn.event
[LYN]	Fonts/build/GlyphItem/FontItem_5F90.font.lyn.event
[LYN]	Fonts/build/GlyphItem/FontItem_84C4.font.lyn.event
[LYN]	Fonts/build/GlyphItem/FontItem_9157.font.lyn.event
[LYN]	Fonts/build/GlyphItem/FontItem_53D9.font.lyn.event
[LYN]	Fonts/build/GlyphItem/FontItem_65ED.font.lyn.event
[LYN]	Fonts/build/GlyphItem/FontItem_6064.font.lyn.event
[LYN]	Fonts/build/GlyphItem/FontItem_7D6E.font.lyn.event
[LYN]	Fonts/build/GlyphItem/FontItem_5A7F.font.lyn.event
[LYN]	Fonts/build/GlyphItem/FontItem_7EEA.font.lyn.event
[LYN]	Fonts/build/GlyphItem/FontItem_8F69.font.lyn.event
[LYN]	Fonts/build/GlyphItem/FontItem_55A7.font.lyn.event
[LYN]	Fonts/build/GlyphItem/FontItem_7384.font.lyn.event
[LYN]	Fonts/build/GlyphItem/FontItem_7663.font.lyn.event
[LYN]	Fonts/build/GlyphItem/FontItem_7729.font.lyn.event
[LYN]	Fonts/build/GlyphItem/FontItem_7EDA.font.lyn.event
[LYN]	Fonts/build/GlyphItem/FontItem_859B.font.lyn.event
[LYN]	Fonts/build/GlyphItem/FontItem_7A74.font.lyn.event
[LYN]	Fonts/build/GlyphItem/FontItem_718F.font.lyn.event
[LYN]	Fonts/build/GlyphItem/FontItem_65EC.font.lyn.event
[LYN]	Fonts/build/GlyphItem/FontItem_8BE2.font.lyn.event
[LYN]	Fonts/build/GlyphItem/FontItem_9A6F.font.lyn.event
[LYN]	Fonts/build/GlyphItem/FontItem_6B89.font.lyn.event
[LYN]	Fonts/build/GlyphItem/FontItem_8BAF.font.lyn.event
[LYN]	Fonts/build/GlyphItem/FontItem_6C5B.font.lyn.event
[LYN]	Fonts/build/GlyphItem/FontItem_900A.font.lyn.event
[LYN]	Fonts/build/GlyphItem/FontItem_8FC5.font.lyn.event
[LYN]	Fonts/build/GlyphItem/FontItem_62BC.font.lyn.event
[LYN]	Fonts/build/GlyphItem/FontItem_9E2D.font.lyn.event
[LYN]	Fonts/build/GlyphItem/FontItem_5440.font.lyn.event
[LYN]	Fonts/build/GlyphItem/FontItem_4E2B.font.lyn.event
[LYN]	Fonts/build/GlyphItem/FontItem_869C.font.lyn.event
[LYN]	Fonts/build/GlyphItem/FontItem_8859.font.lyn.event
[LYN]	Fonts/build/GlyphItem/FontItem_54D1.font.lyn.event
[LYN]	Fonts/build/GlyphItem/FontItem_7109.font.lyn.event
[LYN]	Fonts/build/GlyphItem/FontItem_54BD.font.lyn.event
[LYN]	Fonts/build/GlyphItem/FontItem_9609.font.lyn.event
[LYN]	Fonts/build/GlyphItem/FontItem_70DF.font.lyn.event
[LYN]	Fonts/build/GlyphItem/FontItem_6DF9.font.lyn.event
[LYN]	Fonts/build/GlyphItem/FontItem_76D0.font.lyn.event
[LYN]	Fonts/build/GlyphItem/FontItem_8712.font.lyn.event
[LYN]	Fonts/build/GlyphItem/FontItem_960E.font.lyn.event
[LYN]	Fonts/build/GlyphItem/FontItem_6CBF.font.lyn.event
[LYN]	Fonts/build/GlyphItem/FontItem_5944.font.lyn.event
[LYN]	Fonts/build/GlyphItem/FontItem_884D.font.lyn.event
[LYN]	Fonts/build/GlyphItem/FontItem_5830.font.lyn.event
[LYN]	Fonts/build/GlyphItem/FontItem_71D5.font.lyn.event
[LYN]	Fonts/build/GlyphItem/FontItem_781A.font.lyn.event
[LYN]	Fonts/build/GlyphItem/FontItem_96C1.font.lyn.event
[LYN]	Fonts/build/GlyphItem/FontItem_5501.font.lyn.event
[LYN]	Fonts/build/GlyphItem/FontItem_5F66.font.lyn.event
[LYN]	Fonts/build/GlyphItem/FontItem_5BB4.font.lyn.event
[LYN]	Fonts/build/GlyphItem/FontItem_8C1A.font.lyn.event
[LYN]	Fonts/build/GlyphItem/FontItem_6B83.font.lyn.event
[LYN]	Fonts/build/GlyphItem/FontItem_592E.font.lyn.event
[LYN]	Fonts/build/GlyphItem/FontItem_9E2F.font.lyn.event
[LYN]	Fonts/build/GlyphItem/FontItem_79E7.font.lyn.event
[LYN]	Fonts/build/GlyphItem/FontItem_4F6F.font.lyn.event
[LYN]	Fonts/build/GlyphItem/FontItem_75A1.font.lyn.event
[LYN]	Fonts/build/GlyphItem/FontItem_7F8A.font.lyn.event
[LYN]	Fonts/build/GlyphItem/FontItem_6D0B.font.lyn.event
[LYN]	Fonts/build/GlyphItem/FontItem_6C27.font.lyn.event
[LYN]	Fonts/build/GlyphItem/FontItem_75D2.font.lyn.event
[LYN]	Fonts/build/GlyphItem/FontItem_6F3E.font.lyn.event
[LYN]	Fonts/build/GlyphItem/FontItem_8170.font.lyn.event
[LYN]	Fonts/build/GlyphItem/FontItem_7476.font.lyn.event
[LYN]	Fonts/build/GlyphItem/FontItem_5C27.font.lyn.event
[LYN]	Fonts/build/GlyphItem/FontItem_7A91.font.lyn.event
[LYN]	Fonts/build/GlyphItem/FontItem_59DA.font.lyn.event
[LYN]	Fonts/build/GlyphItem/FontItem_8C23.font.lyn.event
[LYN]	Fonts/build/GlyphItem/FontItem_54AC.font.lyn.event
[LYN]	Fonts/build/GlyphItem/FontItem_8200.font.lyn.event
[LYN]	Fonts/build/GlyphItem/FontItem_8000.font.lyn.event
[LYN]	Fonts/build/GlyphItem/FontItem_6930.font.lyn.event
[LYN]	Fonts/build/GlyphItem/FontItem_564E.font.lyn.event
[LYN]	Fonts/build/GlyphItem/FontItem_8036.font.lyn.event
[LYN]	Fonts/build/GlyphItem/FontItem_51B6.font.lyn.event
[LYN]	Fonts/build/GlyphItem/FontItem_9875.font.lyn.event
[LYN]	Fonts/build/GlyphItem/FontItem_6396.font.lyn.event
[LYN]	Fonts/build/GlyphItem/FontItem_53F6.font.lyn.event
[LYN]	Fonts/build/GlyphItem/FontItem_66F3.font.lyn.event
[LYN]	Fonts/build/GlyphItem/FontItem_814B.font.lyn.event
[LYN]	Fonts/build/GlyphItem/FontItem_6DB2.font.lyn.event
[LYN]	Fonts/build/GlyphItem/FontItem_58F9.font.lyn.event
[LYN]	Fonts/build/GlyphItem/FontItem_63D6.font.lyn.event
[LYN]	Fonts/build/GlyphItem/FontItem_94F1.font.lyn.event
[LYN]	Fonts/build/GlyphItem/FontItem_5937.font.lyn.event
[LYN]	Fonts/build/GlyphItem/FontItem_80F0.font.lyn.event
[LYN]	Fonts/build/GlyphItem/FontItem_6C82.font.lyn.event
[LYN]	Fonts/build/GlyphItem/FontItem_5F5D.font.lyn.event
[LYN]	Fonts/build/GlyphItem/FontItem_6905.font.lyn.event
[LYN]	Fonts/build/GlyphItem/FontItem_8681.font.lyn.event
[LYN]	Fonts/build/GlyphItem/FontItem_501A.font.lyn.event
[LYN]	Fonts/build/GlyphItem/FontItem_4E59.font.lyn.event
[LYN]	Fonts/build/GlyphItem/FontItem_77E3.font.lyn.event
[LYN]	Fonts/build/GlyphItem/FontItem_6291.font.lyn.event
[LYN]	Fonts/build/GlyphItem/FontItem_9091.font.lyn.event
[LYN]	Fonts/build/GlyphItem/FontItem_5C79.font.lyn.event
[LYN]	Fonts/build/GlyphItem/FontItem_4EBF.font.lyn.event
[LYN]	Fonts/build/GlyphItem/FontItem_81C6.font.lyn.event
[LYN]	Fonts/build/GlyphItem/FontItem_9038.font.lyn.event
[LYN]	Fonts/build/GlyphItem/FontItem_8084.font.lyn.event
[LYN]	Fonts/build/GlyphItem/FontItem_75AB.font.lyn.event
[LYN]	Fonts/build/GlyphItem/FontItem_4EA6.font.lyn.event
[LYN]	Fonts/build/GlyphItem/FontItem_8C0A.font.lyn.event
[LYN]	Fonts/build/GlyphItem/FontItem_8BD1.font.lyn.event
[LYN]	Fonts/build/GlyphItem/FontItem_7FCC.font.lyn.event
[LYN]	Fonts/build/GlyphItem/FontItem_8335.font.lyn.event
[LYN]	Fonts/build/GlyphItem/FontItem_836B.font.lyn.event
[LYN]	Fonts/build/GlyphItem/FontItem_6BB7.font.lyn.event
[LYN]	Fonts/build/GlyphItem/FontItem_59FB.font.lyn.event
[LYN]	Fonts/build/GlyphItem/FontItem_6DEB.font.lyn.event
[LYN]	Fonts/build/GlyphItem/FontItem_5BC5.font.lyn.event
[LYN]	Fonts/build/GlyphItem/FontItem_996E.font.lyn.event
[LYN]	Fonts/build/GlyphItem/FontItem_5C39.font.lyn.event
[LYN]	Fonts/build/GlyphItem/FontItem_6A31.font.lyn.event
[LYN]	Fonts/build/GlyphItem/FontItem_5A74.font.lyn.event
[LYN]	Fonts/build/GlyphItem/FontItem_9E70.font.lyn.event
[LYN]	Fonts/build/GlyphItem/FontItem_7F28.font.lyn.event
[LYN]	Fonts/build/GlyphItem/FontItem_83B9.font.lyn.event
[LYN]	Fonts/build/GlyphItem/FontItem_8425.font.lyn.event
[LYN]	Fonts/build/GlyphItem/FontItem_8367.font.lyn.event
[LYN]	Fonts/build/GlyphItem/FontItem_8747.font.lyn.event
[LYN]	Fonts/build/GlyphItem/FontItem_76C8.font.lyn.event
[LYN]	Fonts/build/GlyphItem/FontItem_9896.font.lyn.event
[LYN]	Fonts/build/GlyphItem/FontItem_6620.font.lyn.event
[LYN]	Fonts/build/GlyphItem/FontItem_54DF.font.lyn.event
[LYN]	Fonts/build/GlyphItem/FontItem_81C3.font.lyn.event
[LYN]	Fonts/build/GlyphItem/FontItem_75C8.font.lyn.event
[LYN]	Fonts/build/GlyphItem/FontItem_5EB8.font.lyn.event
[LYN]	Fonts/build/GlyphItem/FontItem_96CD.font.lyn.event
[LYN]	Fonts/build/GlyphItem/FontItem_8E0A.font.lyn.event
[LYN]	Fonts/build/GlyphItem/FontItem_86F9.font.lyn.event
[LYN]	Fonts/build/GlyphItem/FontItem_548F.font.lyn.event
[LYN]	Fonts/build/GlyphItem/FontItem_6CF3.font.lyn.event
[LYN]	Fonts/build/GlyphItem/FontItem_6D8C.font.lyn.event
[LYN]	Fonts/build/GlyphItem/FontItem_607F.font.lyn.event
[LYN]	Fonts/build/GlyphItem/FontItem_90AE.font.lyn.event
[LYN]	Fonts/build/GlyphItem/FontItem_94C0.font.lyn.event
[LYN]	Fonts/build/GlyphItem/FontItem_6CB9.font.lyn.event
[LYN]	Fonts/build/GlyphItem/FontItem_9149.font.lyn.event
[LYN]	Fonts/build/GlyphItem/FontItem_4F51.font.lyn.event
[LYN]	Fonts/build/GlyphItem/FontItem_91C9.font.lyn.event
[LYN]	Fonts/build/GlyphItem/FontItem_8BF1.font.lyn.event
[LYN]	Fonts/build/GlyphItem/FontItem_8FC2.font.lyn.event
[LYN]	Fonts/build/GlyphItem/FontItem_76C2.font.lyn.event
[LYN]	Fonts/build/GlyphItem/FontItem_6DE4.font.lyn.event
[LYN]	Fonts/build/GlyphItem/FontItem_6986.font.lyn.event
[LYN]	Fonts/build/GlyphItem/FontItem_865E.font.lyn.event
[LYN]	Fonts/build/GlyphItem/FontItem_611A.font.lyn.event
[LYN]	Fonts/build/GlyphItem/FontItem_8206.font.lyn.event
[LYN]	Fonts/build/GlyphItem/FontItem_4FDE.font.lyn.event
[LYN]	Fonts/build/GlyphItem/FontItem_903E.font.lyn.event
[LYN]	Fonts/build/GlyphItem/FontItem_9C7C.font.lyn.event
[LYN]	Fonts/build/GlyphItem/FontItem_6E1D.font.lyn.event
[LYN]	Fonts/build/GlyphItem/FontItem_6E14.font.lyn.event
[LYN]	Fonts/build/GlyphItem/FontItem_9685.font.lyn.event
[LYN]	Fonts/build/GlyphItem/FontItem_5A31.font.lyn.event
[LYN]	Fonts/build/GlyphItem/FontItem_79B9.font.lyn.event
[LYN]	Fonts/build/GlyphItem/FontItem_5B87.font.lyn.event
[LYN]	Fonts/build/GlyphItem/FontItem_828B.font.lyn.event
[LYN]	Fonts/build/GlyphItem/FontItem_5401.font.lyn.event
[LYN]	Fonts/build/GlyphItem/FontItem_55BB.font.lyn.event
[LYN]	Fonts/build/GlyphItem/FontItem_5CEA.font.lyn.event
[LYN]	Fonts/build/GlyphItem/FontItem_5BD3.font.lyn.event
[LYN]	Fonts/build/GlyphItem/FontItem_6D74.font.lyn.event
[LYN]	Fonts/build/GlyphItem/FontItem_88D5.font.lyn.event
[LYN]	Fonts/build/GlyphItem/FontItem_9A6D.font.lyn.event
[LYN]	Fonts/build/GlyphItem/FontItem_9E33.font.lyn.event
[LYN]	Fonts/build/GlyphItem/FontItem_6E0A.font.lyn.event
[LYN]	Fonts/build/GlyphItem/FontItem_51A4.font.lyn.event
[LYN]	Fonts/build/GlyphItem/FontItem_57A3.font.lyn.event
[LYN]	Fonts/build/GlyphItem/FontItem_8881.font.lyn.event
[LYN]	Fonts/build/GlyphItem/FontItem_8F95.font.lyn.event
[LYN]	Fonts/build/GlyphItem/FontItem_733F.font.lyn.event
[LYN]	Fonts/build/GlyphItem/FontItem_82D1.font.lyn.event
[LYN]	Fonts/build/GlyphItem/FontItem_6028.font.lyn.event
[LYN]	Fonts/build/GlyphItem/FontItem_66F0.font.lyn.event
[LYN]	Fonts/build/GlyphItem/FontItem_7CA4.font.lyn.event
[LYN]	Fonts/build/GlyphItem/FontItem_9605.font.lyn.event
[LYN]	Fonts/build/GlyphItem/FontItem_8018.font.lyn.event
[LYN]	Fonts/build/GlyphItem/FontItem_4E91.font.lyn.event
[LYN]	Fonts/build/GlyphItem/FontItem_90E7.font.lyn.event
[LYN]	Fonts/build/GlyphItem/FontItem_5300.font.lyn.event
[LYN]	Fonts/build/GlyphItem/FontItem_9668.font.lyn.event
[LYN]	Fonts/build/GlyphItem/FontItem_5141.font.lyn.event
[LYN]	Fonts/build/GlyphItem/FontItem_8574.font.lyn.event
[LYN]	Fonts/build/GlyphItem/FontItem_915D.font.lyn.event
[LYN]	Fonts/build/GlyphItem/FontItem_6655.font.lyn.event
[LYN]	Fonts/build/GlyphItem/FontItem_97F5.font.lyn.event
[LYN]	Fonts/build/GlyphItem/FontItem_531D.font.lyn.event
[LYN]	Fonts/build/GlyphItem/FontItem_7838.font.lyn.event
[LYN]	Fonts/build/GlyphItem/FontItem_6742.font.lyn.event
[LYN]	Fonts/build/GlyphItem/FontItem_683D.font.lyn.event
[LYN]	Fonts/build/GlyphItem/FontItem_54C9.font.lyn.event
[LYN]	Fonts/build/GlyphItem/FontItem_54B1.font.lyn.event
[LYN]	Fonts/build/GlyphItem/FontItem_6512.font.lyn.event
[LYN]	Fonts/build/GlyphItem/FontItem_8D43.font.lyn.event
[LYN]	Fonts/build/GlyphItem/FontItem_810F.font.lyn.event
[LYN]	Fonts/build/GlyphItem/FontItem_846C.font.lyn.event
[LYN]	Fonts/build/GlyphItem/FontItem_7CDF.font.lyn.event
[LYN]	Fonts/build/GlyphItem/FontItem_51FF.font.lyn.event
[LYN]	Fonts/build/GlyphItem/FontItem_85FB.font.lyn.event
[LYN]	Fonts/build/GlyphItem/FontItem_67A3.font.lyn.event
[LYN]	Fonts/build/GlyphItem/FontItem_6FA1.font.lyn.event
[LYN]	Fonts/build/GlyphItem/FontItem_86A4.font.lyn.event
[LYN]	Fonts/build/GlyphItem/FontItem_8E81.font.lyn.event
[LYN]	Fonts/build/GlyphItem/FontItem_566A.font.lyn.event
[LYN]	Fonts/build/GlyphItem/FontItem_7682.font.lyn.event
[LYN]	Fonts/build/GlyphItem/FontItem_7076.font.lyn.event
[LYN]	Fonts/build/GlyphItem/FontItem_71E5.font.lyn.event
[LYN]	Fonts/build/GlyphItem/FontItem_8D60.font.lyn.event
[LYN]	Fonts/build/GlyphItem/FontItem_55B3.font.lyn.event
[LYN]	Fonts/build/GlyphItem/FontItem_6E23.font.lyn.event
[LYN]	Fonts/build/GlyphItem/FontItem_672D.font.lyn.event
[LYN]	Fonts/build/GlyphItem/FontItem_8F67.font.lyn.event
[LYN]	Fonts/build/GlyphItem/FontItem_94E1.font.lyn.event
[LYN]	Fonts/build/GlyphItem/FontItem_95F8.font.lyn.event
[LYN]	Fonts/build/GlyphItem/FontItem_7728.font.lyn.event
[LYN]	Fonts/build/GlyphItem/FontItem_6805.font.lyn.event
[LYN]	Fonts/build/GlyphItem/FontItem_69A8.font.lyn.event
[LYN]	Fonts/build/GlyphItem/FontItem_548B.font.lyn.event
[LYN]	Fonts/build/GlyphItem/FontItem_4E4D.font.lyn.event
[LYN]	Fonts/build/GlyphItem/FontItem_70B8.font.lyn.event
[LYN]	Fonts/build/GlyphItem/FontItem_8BC8.font.lyn.event
[LYN]	Fonts/build/GlyphItem/FontItem_6458.font.lyn.event
[LYN]	Fonts/build/GlyphItem/FontItem_658B.font.lyn.event
[LYN]	Fonts/build/GlyphItem/FontItem_7A84.font.lyn.event
[LYN]	Fonts/build/GlyphItem/FontItem_503A.font.lyn.event
[LYN]	Fonts/build/GlyphItem/FontItem_77BB.font.lyn.event
[LYN]	Fonts/build/GlyphItem/FontItem_6BE1.font.lyn.event
[LYN]	Fonts/build/GlyphItem/FontItem_8A79.font.lyn.event
[LYN]	Fonts/build/GlyphItem/FontItem_7C98.font.lyn.event
[LYN]	Fonts/build/GlyphItem/FontItem_6CBE.font.lyn.event
[LYN]	Fonts/build/GlyphItem/FontItem_76CF.font.lyn.event
[LYN]	Fonts/build/GlyphItem/FontItem_8F97.font.lyn.event
[LYN]	Fonts/build/GlyphItem/FontItem_5D2D.font.lyn.event
[LYN]	Fonts/build/GlyphItem/FontItem_8638.font.lyn.event
[LYN]	Fonts/build/GlyphItem/FontItem_6808.font.lyn.event
[LYN]	Fonts/build/GlyphItem/FontItem_7EFD.font.lyn.event
[LYN]	Fonts/build/GlyphItem/FontItem_6A1F.font.lyn.event
[LYN]	Fonts/build/GlyphItem/FontItem_6F33.font.lyn.event
[LYN]	Fonts/build/GlyphItem/FontItem_6DA8.font.lyn.event
[LYN]	Fonts/build/GlyphItem/FontItem_8D26.font.lyn.event
[LYN]	Fonts/build/GlyphItem/FontItem_4ED7.font.lyn.event
[LYN]	Fonts/build/GlyphItem/FontItem_80C0.font.lyn.event
[LYN]	Fonts/build/GlyphItem/FontItem_7634.font.lyn.event
[LYN]	Fonts/build/GlyphItem/FontItem_662D.font.lyn.event
[LYN]	Fonts/build/GlyphItem/FontItem_6CBC.font.lyn.event
[LYN]	Fonts/build/GlyphItem/FontItem_8D75.font.lyn.event
[LYN]	Fonts/build/GlyphItem/FontItem_5146.font.lyn.event
[LYN]	Fonts/build/GlyphItem/FontItem_8087.font.lyn.event
[LYN]	Fonts/build/GlyphItem/FontItem_906E.font.lyn.event
[LYN]	Fonts/build/GlyphItem/FontItem_6298.font.lyn.event
[LYN]	Fonts/build/GlyphItem/FontItem_54F2.font.lyn.event
[LYN]	Fonts/build/GlyphItem/FontItem_86F0.font.lyn.event
[LYN]	Fonts/build/GlyphItem/FontItem_8F99.font.lyn.event
[LYN]	Fonts/build/GlyphItem/FontItem_9517.font.lyn.event
[LYN]	Fonts/build/GlyphItem/FontItem_8517.font.lyn.event
[LYN]	Fonts/build/GlyphItem/FontItem_6D59.font.lyn.event
[LYN]	Fonts/build/GlyphItem/FontItem_659F.font.lyn.event
[LYN]	Fonts/build/GlyphItem/FontItem_7504.font.lyn.event
[LYN]	Fonts/build/GlyphItem/FontItem_7827.font.lyn.event
[LYN]	Fonts/build/GlyphItem/FontItem_81FB.font.lyn.event
[LYN]	Fonts/build/GlyphItem/FontItem_8D1E.font.lyn.event
[LYN]	Fonts/build/GlyphItem/FontItem_9488.font.lyn.event
[LYN]	Fonts/build/GlyphItem/FontItem_6795.font.lyn.event
[LYN]	Fonts/build/GlyphItem/FontItem_75B9.font.lyn.event
[LYN]	Fonts/build/GlyphItem/FontItem_8BCA.font.lyn.event
[LYN]	Fonts/build/GlyphItem/FontItem_84B8.font.lyn.event
[LYN]	Fonts/build/GlyphItem/FontItem_6323.font.lyn.event
[LYN]	Fonts/build/GlyphItem/FontItem_7741.font.lyn.event
[LYN]	Fonts/build/GlyphItem/FontItem_72F0.font.lyn.event
[LYN]	Fonts/build/GlyphItem/FontItem_6014.font.lyn.event
[LYN]	Fonts/build/GlyphItem/FontItem_62EF.font.lyn.event
[LYN]	Fonts/build/GlyphItem/FontItem_5E27.font.lyn.event
[LYN]	Fonts/build/GlyphItem/FontItem_90D1.font.lyn.event
[LYN]	Fonts/build/GlyphItem/FontItem_829D.font.lyn.event
[LYN]	Fonts/build/GlyphItem/FontItem_679D.font.lyn.event
[LYN]	Fonts/build/GlyphItem/FontItem_5431.font.lyn.event
[LYN]	Fonts/build/GlyphItem/FontItem_80A2.font.lyn.event
[LYN]	Fonts/build/GlyphItem/FontItem_8102.font.lyn.event
[LYN]	Fonts/build/GlyphItem/FontItem_6C41.font.lyn.event
[LYN]	Fonts/build/GlyphItem/FontItem_690D.font.lyn.event
[LYN]	Fonts/build/GlyphItem/FontItem_6B96.font.lyn.event
[LYN]	Fonts/build/GlyphItem/FontItem_4F84.font.lyn.event
[LYN]	Fonts/build/GlyphItem/FontItem_8DBE.font.lyn.event
[LYN]	Fonts/build/GlyphItem/FontItem_65E8.font.lyn.event
[LYN]	Fonts/build/GlyphItem/FontItem_7EB8.font.lyn.event
[LYN]	Fonts/build/GlyphItem/FontItem_631A.font.lyn.event
[LYN]	Fonts/build/GlyphItem/FontItem_5E1C.font.lyn.event
[LYN]	Fonts/build/GlyphItem/FontItem_5CD9.font.lyn.event
[LYN]	Fonts/build/GlyphItem/FontItem_79E9.font.lyn.event
[LYN]	Fonts/build/GlyphItem/FontItem_7A1A.font.lyn.event
[LYN]	Fonts/build/GlyphItem/FontItem_7099.font.lyn.event
[LYN]	Fonts/build/GlyphItem/FontItem_75D4.font.lyn.event
[LYN]	Fonts/build/GlyphItem/FontItem_7A92.font.lyn.event
[LYN]	Fonts/build/GlyphItem/FontItem_76C5.font.lyn.event
[LYN]	Fonts/build/GlyphItem/FontItem_949F.font.lyn.event
[LYN]	Fonts/build/GlyphItem/FontItem_80BF.font.lyn.event
[LYN]	Fonts/build/GlyphItem/FontItem_4EF2.font.lyn.event
[LYN]	Fonts/build/GlyphItem/FontItem_821F.font.lyn.event
[LYN]	Fonts/build/GlyphItem/FontItem_5DDE.font.lyn.event
[LYN]	Fonts/build/GlyphItem/FontItem_6D32.font.lyn.event
[LYN]	Fonts/build/GlyphItem/FontItem_8BCC.font.lyn.event
[LYN]	Fonts/build/GlyphItem/FontItem_7CA5.font.lyn.event
[LYN]	Fonts/build/GlyphItem/FontItem_8F74.font.lyn.event
[LYN]	Fonts/build/GlyphItem/FontItem_8098.font.lyn.event
[LYN]	Fonts/build/GlyphItem/FontItem_5E1A.font.lyn.event
[LYN]	Fonts/build/GlyphItem/FontItem_5492.font.lyn.event
[LYN]	Fonts/build/GlyphItem/FontItem_76B1.font.lyn.event
[LYN]	Fonts/build/GlyphItem/FontItem_5B99.font.lyn.event
[LYN]	Fonts/build/GlyphItem/FontItem_9AA4.font.lyn.event
[LYN]	Fonts/build/GlyphItem/FontItem_73E0.font.lyn.event
[LYN]	Fonts/build/GlyphItem/FontItem_682A.font.lyn.event
[LYN]	Fonts/build/GlyphItem/FontItem_732A.font.lyn.event
[LYN]	Fonts/build/GlyphItem/FontItem_8BF8.font.lyn.event
[LYN]	Fonts/build/GlyphItem/FontItem_8BDB.font.lyn.event
[LYN]	Fonts/build/GlyphItem/FontItem_70DB.font.lyn.event
[LYN]	Fonts/build/GlyphItem/FontItem_716E.font.lyn.event
[LYN]	Fonts/build/GlyphItem/FontItem_62C4.font.lyn.event
[LYN]	Fonts/build/GlyphItem/FontItem_77A9.font.lyn.event
[LYN]	Fonts/build/GlyphItem/FontItem_5631.font.lyn.event
[LYN]	Fonts/build/GlyphItem/FontItem_86C0.font.lyn.event
[LYN]	Fonts/build/GlyphItem/FontItem_8D2E.font.lyn.event
[LYN]	Fonts/build/GlyphItem/FontItem_94F8.font.lyn.event
[LYN]	Fonts/build/GlyphItem/FontItem_7B51.font.lyn.event
[LYN]	Fonts/build/GlyphItem/FontItem_6293.font.lyn.event
[LYN]	Fonts/build/GlyphItem/FontItem_62FD.font.lyn.event
[LYN]	Fonts/build/GlyphItem/FontItem_7816.font.lyn.event
[LYN]	Fonts/build/GlyphItem/FontItem_64B0.font.lyn.event
[LYN]	Fonts/build/GlyphItem/FontItem_7BC6.font.lyn.event
[LYN]	Fonts/build/GlyphItem/FontItem_6869.font.lyn.event
[LYN]	Fonts/build/GlyphItem/FontItem_5986.font.lyn.event
[LYN]	Fonts/build/GlyphItem/FontItem_649E.font.lyn.event
[LYN]	Fonts/build/GlyphItem/FontItem_690E.font.lyn.event
[LYN]	Fonts/build/GlyphItem/FontItem_9525.font.lyn.event
[LYN]	Fonts/build/GlyphItem/FontItem_8D58.font.lyn.event
[LYN]	Fonts/build/GlyphItem/FontItem_7F00.font.lyn.event
[LYN]	Fonts/build/GlyphItem/FontItem_8C06.font.lyn.event
[LYN]	Fonts/build/GlyphItem/FontItem_6349.font.lyn.event
[LYN]	Fonts/build/GlyphItem/FontItem_62D9.font.lyn.event
[LYN]	Fonts/build/GlyphItem/FontItem_684C.font.lyn.event
[LYN]	Fonts/build/GlyphItem/FontItem_7422.font.lyn.event
[LYN]	Fonts/build/GlyphItem/FontItem_8301.font.lyn.event
[LYN]	Fonts/build/GlyphItem/FontItem_914C.font.lyn.event
[LYN]	Fonts/build/GlyphItem/FontItem_5544.font.lyn.event
[LYN]	Fonts/build/GlyphItem/FontItem_6D4A.font.lyn.event
[LYN]	Fonts/build/GlyphItem/FontItem_54A8.font.lyn.event
[LYN]	Fonts/build/GlyphItem/FontItem_6DC4.font.lyn.event
[LYN]	Fonts/build/GlyphItem/FontItem_5B5C.font.lyn.event
[LYN]	Fonts/build/GlyphItem/FontItem_4ED4.font.lyn.event
[LYN]	Fonts/build/GlyphItem/FontItem_7C7D.font.lyn.event
[LYN]	Fonts/build/GlyphItem/FontItem_6ED3.font.lyn.event
[LYN]	Fonts/build/GlyphItem/FontItem_6E0D.font.lyn.event
[LYN]	Fonts/build/GlyphItem/FontItem_9B03.font.lyn.event
[LYN]	Fonts/build/GlyphItem/FontItem_68D5.font.lyn.event
[LYN]	Fonts/build/GlyphItem/FontItem_90B9.font.lyn.event
[LYN]	Fonts/build/GlyphItem/FontItem_63CD.font.lyn.event
[LYN]	Fonts/build/GlyphItem/FontItem_79DF.font.lyn.event
[LYN]	Fonts/build/GlyphItem/FontItem_5352.font.lyn.event
[LYN]	Fonts/build/GlyphItem/FontItem_8BC5.font.lyn.event
[LYN]	Fonts/build/GlyphItem/FontItem_94BB.font.lyn.event
[LYN]	Fonts/build/GlyphItem/FontItem_7E82.font.lyn.event
[LYN]	Fonts/build/GlyphItem/FontItem_9189.font.lyn.event
[LYN]	Fonts/build/GlyphItem/FontItem_9075.font.lyn.event
[LYN]	Fonts/build/GlyphItem/FontItem_6628.font.lyn.event
[LYN]	Fonts/build/GlyphItem/FontItem_67DE.font.lyn.event
[LYN]	Fonts/build/GlyphItem/FontItem_4E8D.font.lyn.event
[LYN]	Fonts/build/GlyphItem/FontItem_4E0C.font.lyn.event
[LYN]	Fonts/build/GlyphItem/FontItem_5140.font.lyn.event
[LYN]	Fonts/build/GlyphItem/FontItem_4E10.font.lyn.event
[LYN]	Fonts/build/GlyphItem/FontItem_5EFF.font.lyn.event
[LYN]	Fonts/build/GlyphItem/FontItem_5345.font.lyn.event
[LYN]	Fonts/build/GlyphItem/FontItem_4E15.font.lyn.event
[LYN]	Fonts/build/GlyphItem/FontItem_4E98.font.lyn.event
[LYN]	Fonts/build/GlyphItem/FontItem_4E1E.font.lyn.event
[LYN]	Fonts/build/GlyphItem/FontItem_9B32.font.lyn.event
[LYN]	Fonts/build/GlyphItem/FontItem_5B6C.font.lyn.event
[LYN]	Fonts/build/GlyphItem/FontItem_5669.font.lyn.event
[LYN]	Fonts/build/GlyphItem/FontItem_4E28.font.lyn.event
[LYN]	Fonts/build/GlyphItem/FontItem_79BA.font.lyn.event
[LYN]	Fonts/build/GlyphItem/FontItem_4E3F.font.lyn.event
[LYN]	Fonts/build/GlyphItem/FontItem_5315.font.lyn.event
[LYN]	Fonts/build/GlyphItem/FontItem_4E47.font.lyn.event
[LYN]	Fonts/build/GlyphItem/FontItem_592D.font.lyn.event
[LYN]	Fonts/build/GlyphItem/FontItem_723B.font.lyn.event
[LYN]	Fonts/build/GlyphItem/FontItem_536E.font.lyn.event
[LYN]	Fonts/build/GlyphItem/FontItem_6C10.font.lyn.event
[LYN]	Fonts/build/GlyphItem/FontItem_56DF.font.lyn.event
[LYN]	Fonts/build/GlyphItem/FontItem_80E4.font.lyn.event
[LYN]	Fonts/build/GlyphItem/FontItem_9997.font.lyn.event
[LYN]	Fonts/build/GlyphItem/FontItem_6BD3.font.lyn.event
[LYN]	Fonts/build/GlyphItem/FontItem_777E.font.lyn.event
[LYN]	Fonts/build/GlyphItem/FontItem_9F17.font.lyn.event
[LYN]	Fonts/build/GlyphItem/FontItem_4E36.font.lyn.event
[LYN]	Fonts/build/GlyphItem/FontItem_4E9F.font.lyn.event
[LYN]	Fonts/build/GlyphItem/FontItem_9F10.font.lyn.event
[LYN]	Fonts/build/GlyphItem/FontItem_4E5C.font.lyn.event
[LYN]	Fonts/build/GlyphItem/FontItem_4E69.font.lyn.event
[LYN]	Fonts/build/GlyphItem/FontItem_4E93.font.lyn.event
[LYN]	Fonts/build/GlyphItem/FontItem_8288.font.lyn.event
[LYN]	Fonts/build/GlyphItem/FontItem_5B5B.font.lyn.event
[LYN]	Fonts/build/GlyphItem/FontItem_556C.font.lyn.event
[LYN]	Fonts/build/GlyphItem/FontItem_560F.font.lyn.event
[LYN]	Fonts/build/GlyphItem/FontItem_4EC4.font.lyn.event
[LYN]	Fonts/build/GlyphItem/FontItem_538D.font.lyn.event
[LYN]	Fonts/build/GlyphItem/FontItem_539D.font.lyn.event
[LYN]	Fonts/build/GlyphItem/FontItem_53A3.font.lyn.event
[LYN]	Fonts/build/GlyphItem/FontItem_53A5.font.lyn.event
[LYN]	Fonts/build/GlyphItem/FontItem_53AE.font.lyn.event
[LYN]	Fonts/build/GlyphItem/FontItem_9765.font.lyn.event
[LYN]	Fonts/build/GlyphItem/FontItem_8D5D.font.lyn.event
[LYN]	Fonts/build/GlyphItem/FontItem_531A.font.lyn.event
[LYN]	Fonts/build/GlyphItem/FontItem_53F5.font.lyn.event
[LYN]	Fonts/build/GlyphItem/FontItem_5326.font.lyn.event
[LYN]	Fonts/build/GlyphItem/FontItem_532E.font.lyn.event
[LYN]	Fonts/build/GlyphItem/FontItem_533E.font.lyn.event
[LYN]	Fonts/build/GlyphItem/FontItem_8D5C.font.lyn.event
[LYN]	Fonts/build/GlyphItem/FontItem_5366.font.lyn.event
[LYN]	Fonts/build/GlyphItem/FontItem_5363.font.lyn.event
[LYN]	Fonts/build/GlyphItem/FontItem_5202.font.lyn.event
[LYN]	Fonts/build/GlyphItem/FontItem_5208.font.lyn.event
[LYN]	Fonts/build/GlyphItem/FontItem_520E.font.lyn.event
[LYN]	Fonts/build/GlyphItem/FontItem_522D.font.lyn.event
[LYN]	Fonts/build/GlyphItem/FontItem_5233.font.lyn.event
[LYN]	Fonts/build/GlyphItem/FontItem_523F.font.lyn.event
[LYN]	Fonts/build/GlyphItem/FontItem_5240.font.lyn.event
[LYN]	Fonts/build/GlyphItem/FontItem_524C.font.lyn.event
[LYN]	Fonts/build/GlyphItem/FontItem_525E.font.lyn.event
[LYN]	Fonts/build/GlyphItem/FontItem_5261.font.lyn.event
[LYN]	Fonts/build/GlyphItem/FontItem_525C.font.lyn.event
[LYN]	Fonts/build/GlyphItem/FontItem_84AF.font.lyn.event
[LYN]	Fonts/build/GlyphItem/FontItem_527D.font.lyn.event
[LYN]	Fonts/build/GlyphItem/FontItem_5282.font.lyn.event
[LYN]	Fonts/build/GlyphItem/FontItem_5281.font.lyn.event
[LYN]	Fonts/build/GlyphItem/FontItem_5290.font.lyn.event
[LYN]	Fonts/build/GlyphItem/FontItem_5293.font.lyn.event
[LYN]	Fonts/build/GlyphItem/FontItem_5182.font.lyn.event
[LYN]	Fonts/build/GlyphItem/FontItem_7F54.font.lyn.event
[LYN]	Fonts/build/GlyphItem/FontItem_4EBB.font.lyn.event
[LYN]	Fonts/build/GlyphItem/FontItem_4EC3.font.lyn.event
[LYN]	Fonts/build/GlyphItem/FontItem_4EC9.font.lyn.event
[LYN]	Fonts/build/GlyphItem/FontItem_4EC2.font.lyn.event
[LYN]	Fonts/build/GlyphItem/FontItem_4EE8.font.lyn.event
[LYN]	Fonts/build/GlyphItem/FontItem_4EE1.font.lyn.event
[LYN]	Fonts/build/GlyphItem/FontItem_4EEB.font.lyn.event
[LYN]	Fonts/build/GlyphItem/FontItem_4EDE.font.lyn.event
[LYN]	Fonts/build/GlyphItem/FontItem_4F1B.font.lyn.event
[LYN]	Fonts/build/GlyphItem/FontItem_4EF3.font.lyn.event
[LYN]	Fonts/build/GlyphItem/FontItem_4F22.font.lyn.event
[LYN]	Fonts/build/GlyphItem/FontItem_4F64.font.lyn.event
[LYN]	Fonts/build/GlyphItem/FontItem_4EF5.font.lyn.event
[LYN]	Fonts/build/GlyphItem/FontItem_4F25.font.lyn.event
[LYN]	Fonts/build/GlyphItem/FontItem_4F27.font.lyn.event
[LYN]	Fonts/build/GlyphItem/FontItem_4F09.font.lyn.event
[LYN]	Fonts/build/GlyphItem/FontItem_4F2B.font.lyn.event
[LYN]	Fonts/build/GlyphItem/FontItem_4F5E.font.lyn.event
[LYN]	Fonts/build/GlyphItem/FontItem_4F67.font.lyn.event
[LYN]	Fonts/build/GlyphItem/FontItem_6538.font.lyn.event
[LYN]	Fonts/build/GlyphItem/FontItem_4F5A.font.lyn.event
[LYN]	Fonts/build/GlyphItem/FontItem_4F5D.font.lyn.event
[LYN]	Fonts/build/GlyphItem/FontItem_4F5F.font.lyn.event
[LYN]	Fonts/build/GlyphItem/FontItem_4F57.font.lyn.event
[LYN]	Fonts/build/GlyphItem/FontItem_4F32.font.lyn.event
[LYN]	Fonts/build/GlyphItem/FontItem_4F3D.font.lyn.event
[LYN]	Fonts/build/GlyphItem/FontItem_4F76.font.lyn.event
[LYN]	Fonts/build/GlyphItem/FontItem_4F74.font.lyn.event
[LYN]	Fonts/build/GlyphItem/FontItem_4F91.font.lyn.event
[LYN]	Fonts/build/GlyphItem/FontItem_4F89.font.lyn.event
[LYN]	Fonts/build/GlyphItem/FontItem_4F83.font.lyn.event
[LYN]	Fonts/build/GlyphItem/FontItem_4F8F.font.lyn.event
[LYN]	Fonts/build/GlyphItem/FontItem_4F7E.font.lyn.event
[LYN]	Fonts/build/GlyphItem/FontItem_4F7B.font.lyn.event
[LYN]	Fonts/build/GlyphItem/FontItem_4FAA.font.lyn.event
[LYN]	Fonts/build/GlyphItem/FontItem_4F7C.font.lyn.event
[LYN]	Fonts/build/GlyphItem/FontItem_4FAC.font.lyn.event
[LYN]	Fonts/build/GlyphItem/FontItem_4F94.font.lyn.event
[LYN]	Fonts/build/GlyphItem/FontItem_4FE6.font.lyn.event
[LYN]	Fonts/build/GlyphItem/FontItem_4FE8.font.lyn.event
[LYN]	Fonts/build/GlyphItem/FontItem_4FEA.font.lyn.event
[LYN]	Fonts/build/GlyphItem/FontItem_4FC5.font.lyn.event
[LYN]	Fonts/build/GlyphItem/FontItem_4FDA.font.lyn.event
[LYN]	Fonts/build/GlyphItem/FontItem_4FE3.font.lyn.event
[LYN]	Fonts/build/GlyphItem/FontItem_4FDC.font.lyn.event
[LYN]	Fonts/build/GlyphItem/FontItem_4FD1.font.lyn.event
[LYN]	Fonts/build/GlyphItem/FontItem_4FDF.font.lyn.event
[LYN]	Fonts/build/GlyphItem/FontItem_4FF8.font.lyn.event
[LYN]	Fonts/build/GlyphItem/FontItem_5029.font.lyn.event
[LYN]	Fonts/build/GlyphItem/FontItem_504C.font.lyn.event
[LYN]	Fonts/build/GlyphItem/FontItem_4FF3.font.lyn.event
[LYN]	Fonts/build/GlyphItem/FontItem_502C.font.lyn.event
[LYN]	Fonts/build/GlyphItem/FontItem_500F.font.lyn.event
[LYN]	Fonts/build/GlyphItem/FontItem_502E.font.lyn.event
[LYN]	Fonts/build/GlyphItem/FontItem_4FFE.font.lyn.event
[LYN]	Fonts/build/GlyphItem/FontItem_501C.font.lyn.event
[LYN]	Fonts/build/GlyphItem/FontItem_500C.font.lyn.event
[LYN]	Fonts/build/GlyphItem/FontItem_5025.font.lyn.event
[LYN]	Fonts/build/GlyphItem/FontItem_5028.font.lyn.event
[LYN]	Fonts/build/GlyphItem/FontItem_507E.font.lyn.event
[LYN]	Fonts/build/GlyphItem/FontItem_5043.font.lyn.event
[LYN]	Fonts/build/GlyphItem/FontItem_5055.font.lyn.event
[LYN]	Fonts/build/GlyphItem/FontItem_5048.font.lyn.event
[LYN]	Fonts/build/GlyphItem/FontItem_504E.font.lyn.event
[LYN]	Fonts/build/GlyphItem/FontItem_506C.font.lyn.event
[LYN]	Fonts/build/GlyphItem/FontItem_507B.font.lyn.event
[LYN]	Fonts/build/GlyphItem/FontItem_50A7.font.lyn.event
[LYN]	Fonts/build/GlyphItem/FontItem_50A5.font.lyn.event
[LYN]	Fonts/build/GlyphItem/FontItem_50A9.font.lyn.event
[LYN]	Fonts/build/GlyphItem/FontItem_50BA.font.lyn.event
[LYN]	Fonts/build/GlyphItem/FontItem_50D6.font.lyn.event
[LYN]	Fonts/build/GlyphItem/FontItem_5106.font.lyn.event
[LYN]	Fonts/build/GlyphItem/FontItem_50ED.font.lyn.event
[LYN]	Fonts/build/GlyphItem/FontItem_50EC.font.lyn.event
[LYN]	Fonts/build/GlyphItem/FontItem_50E6.font.lyn.event
[LYN]	Fonts/build/GlyphItem/FontItem_50EE.font.lyn.event
[LYN]	Fonts/build/GlyphItem/FontItem_5107.font.lyn.event
[LYN]	Fonts/build/GlyphItem/FontItem_510B.font.lyn.event
[LYN]	Fonts/build/GlyphItem/FontItem_4EDD.font.lyn.event
[LYN]	Fonts/build/GlyphItem/FontItem_6C3D.font.lyn.event
[LYN]	Fonts/build/GlyphItem/FontItem_4F58.font.lyn.event
[LYN]	Fonts/build/GlyphItem/FontItem_4F65.font.lyn.event
[LYN]	Fonts/build/GlyphItem/FontItem_4FCE.font.lyn.event
[LYN]	Fonts/build/GlyphItem/FontItem_9FA0.font.lyn.event
[LYN]	Fonts/build/GlyphItem/FontItem_6C46.font.lyn.event
[LYN]	Fonts/build/GlyphItem/FontItem_7C74.font.lyn.event
[LYN]	Fonts/build/GlyphItem/FontItem_516E.font.lyn.event
[LYN]	Fonts/build/GlyphItem/FontItem_5DFD.font.lyn.event
[LYN]	Fonts/build/GlyphItem/FontItem_9EC9.font.lyn.event
[LYN]	Fonts/build/GlyphItem/FontItem_9998.font.lyn.event
[LYN]	Fonts/build/GlyphItem/FontItem_5181.font.lyn.event
[LYN]	Fonts/build/GlyphItem/FontItem_5914.font.lyn.event
[LYN]	Fonts/build/GlyphItem/FontItem_52F9.font.lyn.event
[LYN]	Fonts/build/GlyphItem/FontItem_530D.font.lyn.event
[LYN]	Fonts/build/GlyphItem/FontItem_8A07.font.lyn.event
[LYN]	Fonts/build/GlyphItem/FontItem_5310.font.lyn.event
[LYN]	Fonts/build/GlyphItem/FontItem_51EB.font.lyn.event
[LYN]	Fonts/build/GlyphItem/FontItem_5919.font.lyn.event
[LYN]	Fonts/build/GlyphItem/FontItem_5155.font.lyn.event
[LYN]	Fonts/build/GlyphItem/FontItem_4EA0.font.lyn.event
[LYN]	Fonts/build/GlyphItem/FontItem_5156.font.lyn.event
[LYN]	Fonts/build/GlyphItem/FontItem_4EB3.font.lyn.event
[LYN]	Fonts/build/GlyphItem/FontItem_886E.font.lyn.event
[LYN]	Fonts/build/GlyphItem/FontItem_88A4.font.lyn.event
[LYN]	Fonts/build/GlyphItem/FontItem_4EB5.font.lyn.event
[LYN]	Fonts/build/GlyphItem/FontItem_8114.font.lyn.event
[LYN]	Fonts/build/GlyphItem/FontItem_7980.font.lyn.event
[LYN]	Fonts/build/GlyphItem/FontItem_88D2.font.lyn.event
[LYN]	Fonts/build/GlyphItem/FontItem_5B34.font.lyn.event
[LYN]	Fonts/build/GlyphItem/FontItem_8803.font.lyn.event
[LYN]	Fonts/build/GlyphItem/FontItem_51AB.font.lyn.event
[LYN]	Fonts/build/GlyphItem/FontItem_7FB8.font.lyn.event
[LYN]	Fonts/build/GlyphItem/FontItem_51B1.font.lyn.event
[LYN]	Fonts/build/GlyphItem/FontItem_51BD.font.lyn.event
[LYN]	Fonts/build/GlyphItem/FontItem_51BC.font.lyn.event
[LYN]	Fonts/build/GlyphItem/FontItem_51C7.font.lyn.event
[LYN]	Fonts/build/GlyphItem/FontItem_5196.font.lyn.event
[LYN]	Fonts/build/GlyphItem/FontItem_51A2.font.lyn.event
[LYN]	Fonts/build/GlyphItem/FontItem_51A5.font.lyn.event
[LYN]	Fonts/build/GlyphItem/FontItem_8BA0.font.lyn.event
[LYN]	Fonts/build/GlyphItem/FontItem_8BA6.font.lyn.event
[LYN]	Fonts/build/GlyphItem/FontItem_8BA7.font.lyn.event
[LYN]	Fonts/build/GlyphItem/FontItem_8BB4.font.lyn.event
[LYN]	Fonts/build/GlyphItem/FontItem_8BB5.font.lyn.event
[LYN]	Fonts/build/GlyphItem/FontItem_8BB7.font.lyn.event
[LYN]	Fonts/build/GlyphItem/FontItem_8BC2.font.lyn.event
[LYN]	Fonts/build/GlyphItem/FontItem_8BC3.font.lyn.event
[LYN]	Fonts/build/GlyphItem/FontItem_8BCB.font.lyn.event
[LYN]	Fonts/build/GlyphItem/FontItem_8BCF.font.lyn.event
[LYN]	Fonts/build/GlyphItem/FontItem_8BCE.font.lyn.event
[LYN]	Fonts/build/GlyphItem/FontItem_8BD2.font.lyn.event
[LYN]	Fonts/build/GlyphItem/FontItem_8BD3.font.lyn.event
[LYN]	Fonts/build/GlyphItem/FontItem_8BD4.font.lyn.event
[LYN]	Fonts/build/GlyphItem/FontItem_8BD6.font.lyn.event
[LYN]	Fonts/build/GlyphItem/FontItem_8BD8.font.lyn.event
[LYN]	Fonts/build/GlyphItem/FontItem_8BD9.font.lyn.event
[LYN]	Fonts/build/GlyphItem/FontItem_8BDC.font.lyn.event
[LYN]	Fonts/build/GlyphItem/FontItem_8BDF.font.lyn.event
[LYN]	Fonts/build/GlyphItem/FontItem_8BE0.font.lyn.event
[LYN]	Fonts/build/GlyphItem/FontItem_8BE4.font.lyn.event
[LYN]	Fonts/build/GlyphItem/FontItem_8BE8.font.lyn.event
[LYN]	Fonts/build/GlyphItem/FontItem_8BE9.font.lyn.event
[LYN]	Fonts/build/GlyphItem/FontItem_8BEE.font.lyn.event
[LYN]	Fonts/build/GlyphItem/FontItem_8BF0.font.lyn.event
[LYN]	Fonts/build/GlyphItem/FontItem_8BF3.font.lyn.event
[LYN]	Fonts/build/GlyphItem/FontItem_8BF6.font.lyn.event
[LYN]	Fonts/build/GlyphItem/FontItem_8BF9.font.lyn.event
[LYN]	Fonts/build/GlyphItem/FontItem_8BFC.font.lyn.event
[LYN]	Fonts/build/GlyphItem/FontItem_8BFF.font.lyn.event
[LYN]	Fonts/build/GlyphItem/FontItem_8C00.font.lyn.event
[LYN]	Fonts/build/GlyphItem/FontItem_8C02.font.lyn.event
[LYN]	Fonts/build/GlyphItem/FontItem_8C04.font.lyn.event
[LYN]	Fonts/build/GlyphItem/FontItem_8C07.font.lyn.event
[LYN]	Fonts/build/GlyphItem/FontItem_8C0C.font.lyn.event
[LYN]	Fonts/build/GlyphItem/FontItem_8C0F.font.lyn.event
[LYN]	Fonts/build/GlyphItem/FontItem_8C11.font.lyn.event
[LYN]	Fonts/build/GlyphItem/FontItem_8C12.font.lyn.event
[LYN]	Fonts/build/GlyphItem/FontItem_8C14.font.lyn.event
[LYN]	Fonts/build/GlyphItem/FontItem_8C15.font.lyn.event
[LYN]	Fonts/build/GlyphItem/FontItem_8C16.font.lyn.event
[LYN]	Fonts/build/GlyphItem/FontItem_8C1B.font.lyn.event
[LYN]	Fonts/build/GlyphItem/FontItem_8C18.font.lyn.event
[LYN]	Fonts/build/GlyphItem/FontItem_8C1D.font.lyn.event
[LYN]	Fonts/build/GlyphItem/FontItem_8C1F.font.lyn.event
[LYN]	Fonts/build/GlyphItem/FontItem_8C20.font.lyn.event
[LYN]	Fonts/build/GlyphItem/FontItem_8C21.font.lyn.event
[LYN]	Fonts/build/GlyphItem/FontItem_8C25.font.lyn.event
[LYN]	Fonts/build/GlyphItem/FontItem_8C27.font.lyn.event
[LYN]	Fonts/build/GlyphItem/FontItem_8C2A.font.lyn.event
[LYN]	Fonts/build/GlyphItem/FontItem_8C2B.font.lyn.event
[LYN]	Fonts/build/GlyphItem/FontItem_8C2E.font.lyn.event
[LYN]	Fonts/build/GlyphItem/FontItem_8C2F.font.lyn.event
[LYN]	Fonts/build/GlyphItem/FontItem_8C32.font.lyn.event
[LYN]	Fonts/build/GlyphItem/FontItem_8C33.font.lyn.event
[LYN]	Fonts/build/GlyphItem/FontItem_8C35.font.lyn.event
[LYN]	Fonts/build/GlyphItem/FontItem_8C36.font.lyn.event
[LYN]	Fonts/build/GlyphItem/FontItem_5369.font.lyn.event
[LYN]	Fonts/build/GlyphItem/FontItem_537A.font.lyn.event
[LYN]	Fonts/build/GlyphItem/FontItem_961D.font.lyn.event
[LYN]	Fonts/build/GlyphItem/FontItem_9622.font.lyn.event
[LYN]	Fonts/build/GlyphItem/FontItem_9621.font.lyn.event
[LYN]	Fonts/build/GlyphItem/FontItem_962A.font.lyn.event
[LYN]	Fonts/build/GlyphItem/FontItem_963D.font.lyn.event
[LYN]	Fonts/build/GlyphItem/FontItem_963C.font.lyn.event
[LYN]	Fonts/build/GlyphItem/FontItem_9642.font.lyn.event
[LYN]	Fonts/build/GlyphItem/FontItem_9649.font.lyn.event
[LYN]	Fonts/build/GlyphItem/FontItem_9654.font.lyn.event
[LYN]	Fonts/build/GlyphItem/FontItem_965F.font.lyn.event
[LYN]	Fonts/build/GlyphItem/FontItem_9667.font.lyn.event
[LYN]	Fonts/build/GlyphItem/FontItem_966C.font.lyn.event
[LYN]	Fonts/build/GlyphItem/FontItem_9672.font.lyn.event
[LYN]	Fonts/build/GlyphItem/FontItem_9674.font.lyn.event
[LYN]	Fonts/build/GlyphItem/FontItem_9688.font.lyn.event
[LYN]	Fonts/build/GlyphItem/FontItem_968D.font.lyn.event
[LYN]	Fonts/build/GlyphItem/FontItem_9697.font.lyn.event
[LYN]	Fonts/build/GlyphItem/FontItem_96B0.font.lyn.event
[LYN]	Fonts/build/GlyphItem/FontItem_9097.font.lyn.event
[LYN]	Fonts/build/GlyphItem/FontItem_909B.font.lyn.event
[LYN]	Fonts/build/GlyphItem/FontItem_909D.font.lyn.event
[LYN]	Fonts/build/GlyphItem/FontItem_9099.font.lyn.event
[LYN]	Fonts/build/GlyphItem/FontItem_90AC.font.lyn.event
[LYN]	Fonts/build/GlyphItem/FontItem_90A1.font.lyn.event
[LYN]	Fonts/build/GlyphItem/FontItem_90B4.font.lyn.event
[LYN]	Fonts/build/GlyphItem/FontItem_90B3.font.lyn.event
[LYN]	Fonts/build/GlyphItem/FontItem_90B6.font.lyn.event
[LYN]	Fonts/build/GlyphItem/FontItem_90BA.font.lyn.event
[LYN]	Fonts/build/GlyphItem/FontItem_90B0.font.lyn.event
[LYN]	Fonts/build/GlyphItem/FontItem_90C5.font.lyn.event
[LYN]	Fonts/build/GlyphItem/FontItem_90CF.font.lyn.event
[LYN]	Fonts/build/GlyphItem/FontItem_90BE.font.lyn.event
[LYN]	Fonts/build/GlyphItem/FontItem_90D0.font.lyn.event
[LYN]	Fonts/build/GlyphItem/FontItem_90C4.font.lyn.event
[LYN]	Fonts/build/GlyphItem/FontItem_90C7.font.lyn.event
[LYN]	Fonts/build/GlyphItem/FontItem_90D3.font.lyn.event
[LYN]	Fonts/build/GlyphItem/FontItem_90E6.font.lyn.event
[LYN]	Fonts/build/GlyphItem/FontItem_90E2.font.lyn.event
[LYN]	Fonts/build/GlyphItem/FontItem_90DC.font.lyn.event
[LYN]	Fonts/build/GlyphItem/FontItem_90D7.font.lyn.event
[LYN]	Fonts/build/GlyphItem/FontItem_90DB.font.lyn.event
[LYN]	Fonts/build/GlyphItem/FontItem_90EB.font.lyn.event
[LYN]	Fonts/build/GlyphItem/FontItem_90EF.font.lyn.event
[LYN]	Fonts/build/GlyphItem/FontItem_9104.font.lyn.event
[LYN]	Fonts/build/GlyphItem/FontItem_90FE.font.lyn.event
[LYN]	Fonts/build/GlyphItem/FontItem_9122.font.lyn.event
[LYN]	Fonts/build/GlyphItem/FontItem_911E.font.lyn.event
[LYN]	Fonts/build/GlyphItem/FontItem_9123.font.lyn.event
[LYN]	Fonts/build/GlyphItem/FontItem_912F.font.lyn.event
[LYN]	Fonts/build/GlyphItem/FontItem_9131.font.lyn.event
[LYN]	Fonts/build/GlyphItem/FontItem_9139.font.lyn.event
[LYN]	Fonts/build/GlyphItem/FontItem_9143.font.lyn.event
[LYN]	Fonts/build/GlyphItem/FontItem_9146.font.lyn.event
[LYN]	Fonts/build/GlyphItem/FontItem_520D.font.lyn.event
[LYN]	Fonts/build/GlyphItem/FontItem_5942.font.lyn.event
[LYN]	Fonts/build/GlyphItem/FontItem_52A2.font.lyn.event
[LYN]	Fonts/build/GlyphItem/FontItem_52AC.font.lyn.event
[LYN]	Fonts/build/GlyphItem/FontItem_52AD.font.lyn.event
[LYN]	Fonts/build/GlyphItem/FontItem_52BE.font.lyn.event
[LYN]	Fonts/build/GlyphItem/FontItem_52D0.font.lyn.event
[LYN]	Fonts/build/GlyphItem/FontItem_52D6.font.lyn.event
[LYN]	Fonts/build/GlyphItem/FontItem_54FF.font.lyn.event
[LYN]	Fonts/build/GlyphItem/FontItem_52F0.font.lyn.event
[LYN]	Fonts/build/GlyphItem/FontItem_53DF.font.lyn.event
[LYN]	Fonts/build/GlyphItem/FontItem_71EE.font.lyn.event
[LYN]	Fonts/build/GlyphItem/FontItem_77CD.font.lyn.event
[LYN]	Fonts/build/GlyphItem/FontItem_5EF4.font.lyn.event
[LYN]	Fonts/build/GlyphItem/FontItem_51F5.font.lyn.event
[LYN]	Fonts/build/GlyphItem/FontItem_51FC.font.lyn.event
[LYN]	Fonts/build/GlyphItem/FontItem_9B2F.font.lyn.event
[LYN]	Fonts/build/GlyphItem/FontItem_53B6.font.lyn.event
[LYN]	Fonts/build/GlyphItem/FontItem_5F01.font.lyn.event
[LYN]	Fonts/build/GlyphItem/FontItem_755A.font.lyn.event
[LYN]	Fonts/build/GlyphItem/FontItem_5DEF.font.lyn.event
[LYN]	Fonts/build/GlyphItem/FontItem_574C.font.lyn.event
[LYN]	Fonts/build/GlyphItem/FontItem_57A9.font.lyn.event
[LYN]	Fonts/build/GlyphItem/FontItem_57A1.font.lyn.event
[LYN]	Fonts/build/GlyphItem/FontItem_587E.font.lyn.event
[LYN]	Fonts/build/GlyphItem/FontItem_58BC.font.lyn.event
[LYN]	Fonts/build/GlyphItem/FontItem_58C5.font.lyn.event
[LYN]	Fonts/build/GlyphItem/FontItem_58D1.font.lyn.event
[LYN]	Fonts/build/GlyphItem/FontItem_5729.font.lyn.event
[LYN]	Fonts/build/GlyphItem/FontItem_572C.font.lyn.event
[LYN]	Fonts/build/GlyphItem/FontItem_572A.font.lyn.event
[LYN]	Fonts/build/GlyphItem/FontItem_5733.font.lyn.event
[LYN]	Fonts/build/GlyphItem/FontItem_5739.font.lyn.event
[LYN]	Fonts/build/GlyphItem/FontItem_572F.font.lyn.event
[LYN]	Fonts/build/GlyphItem/FontItem_575C.font.lyn.event
[LYN]	Fonts/build/GlyphItem/FontItem_573B.font.lyn.event
[LYN]	Fonts/build/GlyphItem/FontItem_5742.font.lyn.event
[LYN]	Fonts/build/GlyphItem/FontItem_572E.font.lyn.event
[LYN]	Fonts/build/GlyphItem/FontItem_5769.font.lyn.event
[LYN]	Fonts/build/GlyphItem/FontItem_5785.font.lyn.event
[LYN]	Fonts/build/GlyphItem/FontItem_576B.font.lyn.event
[LYN]	Fonts/build/GlyphItem/FontItem_5786.font.lyn.event
[LYN]	Fonts/build/GlyphItem/FontItem_577C.font.lyn.event
[LYN]	Fonts/build/GlyphItem/FontItem_577B.font.lyn.event
[LYN]	Fonts/build/GlyphItem/FontItem_5768.font.lyn.event
[LYN]	Fonts/build/GlyphItem/FontItem_576D.font.lyn.event
[LYN]	Fonts/build/GlyphItem/FontItem_5776.font.lyn.event
[LYN]	Fonts/build/GlyphItem/FontItem_5773.font.lyn.event
[LYN]	Fonts/build/GlyphItem/FontItem_57AD.font.lyn.event
[LYN]	Fonts/build/GlyphItem/FontItem_57A4.font.lyn.event
[LYN]	Fonts/build/GlyphItem/FontItem_578C.font.lyn.event
[LYN]	Fonts/build/GlyphItem/FontItem_57B2.font.lyn.event
[LYN]	Fonts/build/GlyphItem/FontItem_57CF.font.lyn.event
[LYN]	Fonts/build/GlyphItem/FontItem_57A7.font.lyn.event
[LYN]	Fonts/build/GlyphItem/FontItem_57B4.font.lyn.event
[LYN]	Fonts/build/GlyphItem/FontItem_5793.font.lyn.event
[LYN]	Fonts/build/GlyphItem/FontItem_57A0.font.lyn.event
[LYN]	Fonts/build/GlyphItem/FontItem_57D5.font.lyn.event
[LYN]	Fonts/build/GlyphItem/FontItem_57D8.font.lyn.event
[LYN]	Fonts/build/GlyphItem/FontItem_57DA.font.lyn.event
[LYN]	Fonts/build/GlyphItem/FontItem_57D9.font.lyn.event
[LYN]	Fonts/build/GlyphItem/FontItem_57D2.font.lyn.event
[LYN]	Fonts/build/GlyphItem/FontItem_57B8.font.lyn.event
[LYN]	Fonts/build/GlyphItem/FontItem_57F4.font.lyn.event
[LYN]	Fonts/build/GlyphItem/FontItem_57EF.font.lyn.event
[LYN]	Fonts/build/GlyphItem/FontItem_57F8.font.lyn.event
[LYN]	Fonts/build/GlyphItem/FontItem_57E4.font.lyn.event
[LYN]	Fonts/build/GlyphItem/FontItem_57DD.font.lyn.event
[LYN]	Fonts/build/GlyphItem/FontItem_580B.font.lyn.event
[LYN]	Fonts/build/GlyphItem/FontItem_580D.font.lyn.event
[LYN]	Fonts/build/GlyphItem/FontItem_57FD.font.lyn.event
[LYN]	Fonts/build/GlyphItem/FontItem_57ED.font.lyn.event
[LYN]	Fonts/build/GlyphItem/FontItem_5800.font.lyn.event
[LYN]	Fonts/build/GlyphItem/FontItem_581E.font.lyn.event
[LYN]	Fonts/build/GlyphItem/FontItem_5819.font.lyn.event
[LYN]	Fonts/build/GlyphItem/FontItem_5844.font.lyn.event
[LYN]	Fonts/build/GlyphItem/FontItem_5820.font.lyn.event
[LYN]	Fonts/build/GlyphItem/FontItem_5865.font.lyn.event
[LYN]	Fonts/build/GlyphItem/FontItem_586C.font.lyn.event
[LYN]	Fonts/build/GlyphItem/FontItem_5881.font.lyn.event
[LYN]	Fonts/build/GlyphItem/FontItem_5889.font.lyn.event
[LYN]	Fonts/build/GlyphItem/FontItem_589A.font.lyn.event
[LYN]	Fonts/build/GlyphItem/FontItem_5880.font.lyn.event
[LYN]	Fonts/build/GlyphItem/FontItem_9F19.font.lyn.event
[LYN]	Fonts/build/GlyphItem/FontItem_61FF.font.lyn.event
[LYN]	Fonts/build/GlyphItem/FontItem_8279.font.lyn.event
[LYN]	Fonts/build/GlyphItem/FontItem_827D.font.lyn.event
[LYN]	Fonts/build/GlyphItem/FontItem_827F.font.lyn.event
[LYN]	Fonts/build/GlyphItem/FontItem_828F.font.lyn.event
[LYN]	Fonts/build/GlyphItem/FontItem_828A.font.lyn.event
[LYN]	Fonts/build/GlyphItem/FontItem_82A8.font.lyn.event
[LYN]	Fonts/build/GlyphItem/FontItem_8284.font.lyn.event
[LYN]	Fonts/build/GlyphItem/FontItem_828E.font.lyn.event
[LYN]	Fonts/build/GlyphItem/FontItem_8291.font.lyn.event
[LYN]	Fonts/build/GlyphItem/FontItem_8297.font.lyn.event
[LYN]	Fonts/build/GlyphItem/FontItem_82AB.font.lyn.event
[LYN]	Fonts/build/GlyphItem/FontItem_82B8.font.lyn.event
[LYN]	Fonts/build/GlyphItem/FontItem_82BE.font.lyn.event
[LYN]	Fonts/build/GlyphItem/FontItem_82B0.font.lyn.event
[LYN]	Fonts/build/GlyphItem/FontItem_82C8.font.lyn.event
[LYN]	Fonts/build/GlyphItem/FontItem_82CA.font.lyn.event
[LYN]	Fonts/build/GlyphItem/FontItem_82E3.font.lyn.event
[LYN]	Fonts/build/GlyphItem/FontItem_8298.font.lyn.event
[LYN]	Fonts/build/GlyphItem/FontItem_82B7.font.lyn.event
[LYN]	Fonts/build/GlyphItem/FontItem_82AE.font.lyn.event
[LYN]	Fonts/build/GlyphItem/FontItem_82CB.font.lyn.event
[LYN]	Fonts/build/GlyphItem/FontItem_82CC.font.lyn.event
[LYN]	Fonts/build/GlyphItem/FontItem_82C1.font.lyn.event
[LYN]	Fonts/build/GlyphItem/FontItem_82A9.font.lyn.event
[LYN]	Fonts/build/GlyphItem/FontItem_82B4.font.lyn.event
[LYN]	Fonts/build/GlyphItem/FontItem_82A1.font.lyn.event
[LYN]	Fonts/build/GlyphItem/FontItem_82AA.font.lyn.event
[LYN]	Fonts/build/GlyphItem/FontItem_829F.font.lyn.event
[LYN]	Fonts/build/GlyphItem/FontItem_82C4.font.lyn.event
[LYN]	Fonts/build/GlyphItem/FontItem_82CE.font.lyn.event
[LYN]	Fonts/build/GlyphItem/FontItem_82A4.font.lyn.event
[LYN]	Fonts/build/GlyphItem/FontItem_82E1.font.lyn.event
[LYN]	Fonts/build/GlyphItem/FontItem_8309.font.lyn.event
[LYN]	Fonts/build/GlyphItem/FontItem_82F7.font.lyn.event
[LYN]	Fonts/build/GlyphItem/FontItem_830F.font.lyn.event
[LYN]	Fonts/build/GlyphItem/FontItem_82E4.font.lyn.event
[LYN]	Fonts/build/GlyphItem/FontItem_8307.font.lyn.event
[LYN]	Fonts/build/GlyphItem/FontItem_82DC.font.lyn.event
[LYN]	Fonts/build/GlyphItem/FontItem_82F4.font.lyn.event
[LYN]	Fonts/build/GlyphItem/FontItem_82D2.font.lyn.event
[LYN]	Fonts/build/GlyphItem/FontItem_82D8.font.lyn.event
[LYN]	Fonts/build/GlyphItem/FontItem_830C.font.lyn.event
[LYN]	Fonts/build/GlyphItem/FontItem_82FB.font.lyn.event
[LYN]	Fonts/build/GlyphItem/FontItem_82D3.font.lyn.event
[LYN]	Fonts/build/GlyphItem/FontItem_8311.font.lyn.event
[LYN]	Fonts/build/GlyphItem/FontItem_831A.font.lyn.event
[LYN]	Fonts/build/GlyphItem/FontItem_8306.font.lyn.event
[LYN]	Fonts/build/GlyphItem/FontItem_8314.font.lyn.event
[LYN]	Fonts/build/GlyphItem/FontItem_8315.font.lyn.event
[LYN]	Fonts/build/GlyphItem/FontItem_82E0.font.lyn.event
[LYN]	Fonts/build/GlyphItem/FontItem_82D5.font.lyn.event
[LYN]	Fonts/build/GlyphItem/FontItem_8351.font.lyn.event
[LYN]	Fonts/build/GlyphItem/FontItem_835B.font.lyn.event
[LYN]	Fonts/build/GlyphItem/FontItem_835C.font.lyn.event
[LYN]	Fonts/build/GlyphItem/FontItem_8308.font.lyn.event
[LYN]	Fonts/build/GlyphItem/FontItem_8392.font.lyn.event
[LYN]	Fonts/build/GlyphItem/FontItem_833C.font.lyn.event
[LYN]	Fonts/build/GlyphItem/FontItem_8334.font.lyn.event
[LYN]	Fonts/build/GlyphItem/FontItem_8331.font.lyn.event
[LYN]	Fonts/build/GlyphItem/FontItem_839B.font.lyn.event
[LYN]	Fonts/build/GlyphItem/FontItem_835E.font.lyn.event
[LYN]	Fonts/build/GlyphItem/FontItem_832F.font.lyn.event
[LYN]	Fonts/build/GlyphItem/FontItem_834F.font.lyn.event
[LYN]	Fonts/build/GlyphItem/FontItem_8347.font.lyn.event
[LYN]	Fonts/build/GlyphItem/FontItem_8343.font.lyn.event
[LYN]	Fonts/build/GlyphItem/FontItem_835F.font.lyn.event
[LYN]	Fonts/build/GlyphItem/FontItem_8340.font.lyn.event
[LYN]	Fonts/build/GlyphItem/FontItem_8317.font.lyn.event
[LYN]	Fonts/build/GlyphItem/FontItem_8360.font.lyn.event
[LYN]	Fonts/build/GlyphItem/FontItem_832D.font.lyn.event
[LYN]	Fonts/build/GlyphItem/FontItem_833A.font.lyn.event
[LYN]	Fonts/build/GlyphItem/FontItem_8333.font.lyn.event
[LYN]	Fonts/build/GlyphItem/FontItem_8366.font.lyn.event
[LYN]	Fonts/build/GlyphItem/FontItem_8365.font.lyn.event
[LYN]	Fonts/build/GlyphItem/FontItem_8368.font.lyn.event
[LYN]	Fonts/build/GlyphItem/FontItem_8369.font.lyn.event
[LYN]	Fonts/build/GlyphItem/FontItem_831B.font.lyn.event
[LYN]	Fonts/build/GlyphItem/FontItem_836C.font.lyn.event
[LYN]	Fonts/build/GlyphItem/FontItem_836A.font.lyn.event
[LYN]	Fonts/build/GlyphItem/FontItem_836D.font.lyn.event
[LYN]	Fonts/build/GlyphItem/FontItem_836E.font.lyn.event
[LYN]	Fonts/build/GlyphItem/FontItem_83B0.font.lyn.event
[LYN]	Fonts/build/GlyphItem/FontItem_8378.font.lyn.event
[LYN]	Fonts/build/GlyphItem/FontItem_83B3.font.lyn.event
[LYN]	Fonts/build/GlyphItem/FontItem_83B4.font.lyn.event
[LYN]	Fonts/build/GlyphItem/FontItem_83A0.font.lyn.event
[LYN]	Fonts/build/GlyphItem/FontItem_83AA.font.lyn.event
[LYN]	Fonts/build/GlyphItem/FontItem_8393.font.lyn.event
[LYN]	Fonts/build/GlyphItem/FontItem_839C.font.lyn.event
[LYN]	Fonts/build/GlyphItem/FontItem_8385.font.lyn.event
[LYN]	Fonts/build/GlyphItem/FontItem_837C.font.lyn.event
[LYN]	Fonts/build/GlyphItem/FontItem_83B6.font.lyn.event
[LYN]	Fonts/build/GlyphItem/FontItem_83A9.font.lyn.event
[LYN]	Fonts/build/GlyphItem/FontItem_837D.font.lyn.event
[LYN]	Fonts/build/GlyphItem/FontItem_83B8.font.lyn.event
[LYN]	Fonts/build/GlyphItem/FontItem_837B.font.lyn.event
[LYN]	Fonts/build/GlyphItem/FontItem_8398.font.lyn.event
[LYN]	Fonts/build/GlyphItem/FontItem_839E.font.lyn.event
[LYN]	Fonts/build/GlyphItem/FontItem_83A8.font.lyn.event
[LYN]	Fonts/build/GlyphItem/FontItem_83BA.font.lyn.event
[LYN]	Fonts/build/GlyphItem/FontItem_83BC.font.lyn.event
[LYN]	Fonts/build/GlyphItem/FontItem_83C1.font.lyn.event
[LYN]	Fonts/build/GlyphItem/FontItem_8401.font.lyn.event
[LYN]	Fonts/build/GlyphItem/FontItem_83E5.font.lyn.event
[LYN]	Fonts/build/GlyphItem/FontItem_83D8.font.lyn.event
[LYN]	Fonts/build/GlyphItem/FontItem_5807.font.lyn.event
[LYN]	Fonts/build/GlyphItem/FontItem_8418.font.lyn.event
[LYN]	Fonts/build/GlyphItem/FontItem_840B.font.lyn.event
[LYN]	Fonts/build/GlyphItem/FontItem_83DD.font.lyn.event
[LYN]	Fonts/build/GlyphItem/FontItem_83FD.font.lyn.event
[LYN]	Fonts/build/GlyphItem/FontItem_83D6.font.lyn.event
[LYN]	Fonts/build/GlyphItem/FontItem_841C.font.lyn.event
[LYN]	Fonts/build/GlyphItem/FontItem_8438.font.lyn.event
[LYN]	Fonts/build/GlyphItem/FontItem_8411.font.lyn.event
[LYN]	Fonts/build/GlyphItem/FontItem_8406.font.lyn.event
[LYN]	Fonts/build/GlyphItem/FontItem_83D4.font.lyn.event
[LYN]	Fonts/build/GlyphItem/FontItem_83DF.font.lyn.event
[LYN]	Fonts/build/GlyphItem/FontItem_840F.font.lyn.event
[LYN]	Fonts/build/GlyphItem/FontItem_83F8.font.lyn.event
[LYN]	Fonts/build/GlyphItem/FontItem_83F9.font.lyn.event
[LYN]	Fonts/build/GlyphItem/FontItem_83EA.font.lyn.event
[LYN]	Fonts/build/GlyphItem/FontItem_83C5.font.lyn.event
[LYN]	Fonts/build/GlyphItem/FontItem_83C0.font.lyn.event
[LYN]	Fonts/build/GlyphItem/FontItem_8426.font.lyn.event
[LYN]	Fonts/build/GlyphItem/FontItem_83F0.font.lyn.event
[LYN]	Fonts/build/GlyphItem/FontItem_83E1.font.lyn.event
[LYN]	Fonts/build/GlyphItem/FontItem_845C.font.lyn.event
[LYN]	Fonts/build/GlyphItem/FontItem_8451.font.lyn.event
[LYN]	Fonts/build/GlyphItem/FontItem_845A.font.lyn.event
[LYN]	Fonts/build/GlyphItem/FontItem_8459.font.lyn.event
[LYN]	Fonts/build/GlyphItem/FontItem_8473.font.lyn.event
[LYN]	Fonts/build/GlyphItem/FontItem_8487.font.lyn.event
[LYN]	Fonts/build/GlyphItem/FontItem_8488.font.lyn.event
[LYN]	Fonts/build/GlyphItem/FontItem_847A.font.lyn.event
[LYN]	Fonts/build/GlyphItem/FontItem_8489.font.lyn.event
[LYN]	Fonts/build/GlyphItem/FontItem_8478.font.lyn.event
[LYN]	Fonts/build/GlyphItem/FontItem_843C.font.lyn.event
[LYN]	Fonts/build/GlyphItem/FontItem_8446.font.lyn.event
[LYN]	Fonts/build/GlyphItem/FontItem_8469.font.lyn.event
[LYN]	Fonts/build/GlyphItem/FontItem_8476.font.lyn.event
[LYN]	Fonts/build/GlyphItem/FontItem_848C.font.lyn.event
[LYN]	Fonts/build/GlyphItem/FontItem_848E.font.lyn.event
[LYN]	Fonts/build/GlyphItem/FontItem_8431.font.lyn.event
[LYN]	Fonts/build/GlyphItem/FontItem_846D.font.lyn.event
[LYN]	Fonts/build/GlyphItem/FontItem_84C1.font.lyn.event
[LYN]	Fonts/build/GlyphItem/FontItem_84CD.font.lyn.event
[LYN]	Fonts/build/GlyphItem/FontItem_84E6.font.lyn.event
[LYN]	Fonts/build/GlyphItem/FontItem_84D0.font.lyn.event
[LYN]	Fonts/build/GlyphItem/FontItem_84BD.font.lyn.event
[LYN]	Fonts/build/GlyphItem/FontItem_84CA.font.lyn.event
[LYN]	Fonts/build/GlyphItem/FontItem_84D3.font.lyn.event
[LYN]	Fonts/build/GlyphItem/FontItem_84BF.font.lyn.event
[LYN]	Fonts/build/GlyphItem/FontItem_84BA.font.lyn.event
[LYN]	Fonts/build/GlyphItem/FontItem_84E0.font.lyn.event
[LYN]	Fonts/build/GlyphItem/FontItem_84A1.font.lyn.event
[LYN]	Fonts/build/GlyphItem/FontItem_84B9.font.lyn.event
[LYN]	Fonts/build/GlyphItem/FontItem_84B4.font.lyn.event
[LYN]	Fonts/build/GlyphItem/FontItem_8497.font.lyn.event
[LYN]	Fonts/build/GlyphItem/FontItem_84E5.font.lyn.event
[LYN]	Fonts/build/GlyphItem/FontItem_84E3.font.lyn.event
[LYN]	Fonts/build/GlyphItem/FontItem_850C.font.lyn.event
[LYN]	Fonts/build/GlyphItem/FontItem_750D.font.lyn.event
[LYN]	Fonts/build/GlyphItem/FontItem_8538.font.lyn.event
[LYN]	Fonts/build/GlyphItem/FontItem_84F0.font.lyn.event
[LYN]	Fonts/build/GlyphItem/FontItem_8539.font.lyn.event
[LYN]	Fonts/build/GlyphItem/FontItem_851F.font.lyn.event
[LYN]	Fonts/build/GlyphItem/FontItem_853A.font.lyn.event
[LYN]	Fonts/build/GlyphItem/FontItem_8556.font.lyn.event
[LYN]	Fonts/build/GlyphItem/FontItem_853B.font.lyn.event
[LYN]	Fonts/build/GlyphItem/FontItem_84FF.font.lyn.event
[LYN]	Fonts/build/GlyphItem/FontItem_84FC.font.lyn.event
[LYN]	Fonts/build/GlyphItem/FontItem_8559.font.lyn.event
[LYN]	Fonts/build/GlyphItem/FontItem_8548.font.lyn.event
[LYN]	Fonts/build/GlyphItem/FontItem_8568.font.lyn.event
[LYN]	Fonts/build/GlyphItem/FontItem_8564.font.lyn.event
[LYN]	Fonts/build/GlyphItem/FontItem_855E.font.lyn.event
[LYN]	Fonts/build/GlyphItem/FontItem_857A.font.lyn.event
[LYN]	Fonts/build/GlyphItem/FontItem_77A2.font.lyn.event
[LYN]	Fonts/build/GlyphItem/FontItem_8543.font.lyn.event
[LYN]	Fonts/build/GlyphItem/FontItem_8572.font.lyn.event
[LYN]	Fonts/build/GlyphItem/FontItem_857B.font.lyn.event
[LYN]	Fonts/build/GlyphItem/FontItem_85A4.font.lyn.event
[LYN]	Fonts/build/GlyphItem/FontItem_85A8.font.lyn.event
[LYN]	Fonts/build/GlyphItem/FontItem_858F.font.lyn.event
[LYN]	Fonts/build/GlyphItem/FontItem_8587.font.lyn.event
[LYN]	Fonts/build/GlyphItem/FontItem_8579.font.lyn.event
[LYN]	Fonts/build/GlyphItem/FontItem_85AE.font.lyn.event
[LYN]	Fonts/build/GlyphItem/FontItem_859C.font.lyn.event
[LYN]	Fonts/build/GlyphItem/FontItem_8585.font.lyn.event
[LYN]	Fonts/build/GlyphItem/FontItem_85B9.font.lyn.event
[LYN]	Fonts/build/GlyphItem/FontItem_85B7.font.lyn.event
[LYN]	Fonts/build/GlyphItem/FontItem_85B0.font.lyn.event
[LYN]	Fonts/build/GlyphItem/FontItem_85D3.font.lyn.event
[LYN]	Fonts/build/GlyphItem/FontItem_85C1.font.lyn.event
[LYN]	Fonts/build/GlyphItem/FontItem_85DC.font.lyn.event
[LYN]	Fonts/build/GlyphItem/FontItem_85FF.font.lyn.event
[LYN]	Fonts/build/GlyphItem/FontItem_8627.font.lyn.event
[LYN]	Fonts/build/GlyphItem/FontItem_8605.font.lyn.event
[LYN]	Fonts/build/GlyphItem/FontItem_8629.font.lyn.event
[LYN]	Fonts/build/GlyphItem/FontItem_8616.font.lyn.event
[LYN]	Fonts/build/GlyphItem/FontItem_863C.font.lyn.event
[LYN]	Fonts/build/GlyphItem/FontItem_5EFE.font.lyn.event
[LYN]	Fonts/build/GlyphItem/FontItem_5F08.font.lyn.event
[LYN]	Fonts/build/GlyphItem/FontItem_593C.font.lyn.event
[LYN]	Fonts/build/GlyphItem/FontItem_5941.font.lyn.event
[LYN]	Fonts/build/GlyphItem/FontItem_8037.font.lyn.event
[LYN]	Fonts/build/GlyphItem/FontItem_5955.font.lyn.event
[LYN]	Fonts/build/GlyphItem/FontItem_5958.font.lyn.event
[LYN]	Fonts/build/GlyphItem/FontItem_530F.font.lyn.event
[LYN]	Fonts/build/GlyphItem/FontItem_5C22.font.lyn.event
[LYN]	Fonts/build/GlyphItem/FontItem_5C25.font.lyn.event
[LYN]	Fonts/build/GlyphItem/FontItem_5C2C.font.lyn.event
[LYN]	Fonts/build/GlyphItem/FontItem_5C34.font.lyn.event
[LYN]	Fonts/build/GlyphItem/FontItem_624C.font.lyn.event
[LYN]	Fonts/build/GlyphItem/FontItem_626A.font.lyn.event
[LYN]	Fonts/build/GlyphItem/FontItem_629F.font.lyn.event
[LYN]	Fonts/build/GlyphItem/FontItem_62BB.font.lyn.event
[LYN]	Fonts/build/GlyphItem/FontItem_62CA.font.lyn.event
[LYN]	Fonts/build/GlyphItem/FontItem_62DA.font.lyn.event
[LYN]	Fonts/build/GlyphItem/FontItem_62D7.font.lyn.event
[LYN]	Fonts/build/GlyphItem/FontItem_62EE.font.lyn.event
[LYN]	Fonts/build/GlyphItem/FontItem_6322.font.lyn.event
[LYN]	Fonts/build/GlyphItem/FontItem_62F6.font.lyn.event
[LYN]	Fonts/build/GlyphItem/FontItem_6339.font.lyn.event
[LYN]	Fonts/build/GlyphItem/FontItem_634B.font.lyn.event
[LYN]	Fonts/build/GlyphItem/FontItem_6343.font.lyn.event
[LYN]	Fonts/build/GlyphItem/FontItem_63AD.font.lyn.event
[LYN]	Fonts/build/GlyphItem/FontItem_63F6.font.lyn.event
[LYN]	Fonts/build/GlyphItem/FontItem_6371.font.lyn.event
[LYN]	Fonts/build/GlyphItem/FontItem_637A.font.lyn.event
[LYN]	Fonts/build/GlyphItem/FontItem_63B4.font.lyn.event
[LYN]	Fonts/build/GlyphItem/FontItem_638E.font.lyn.event
[LYN]	Fonts/build/GlyphItem/FontItem_636D.font.lyn.event
[LYN]	Fonts/build/GlyphItem/FontItem_63AC.font.lyn.event
[LYN]	Fonts/build/GlyphItem/FontItem_638A.font.lyn.event
[LYN]	Fonts/build/GlyphItem/FontItem_6369.font.lyn.event
[LYN]	Fonts/build/GlyphItem/FontItem_63AE.font.lyn.event
[LYN]	Fonts/build/GlyphItem/FontItem_63BC.font.lyn.event
[LYN]	Fonts/build/GlyphItem/FontItem_63F2.font.lyn.event
[LYN]	Fonts/build/GlyphItem/FontItem_63F8.font.lyn.event
[LYN]	Fonts/build/GlyphItem/FontItem_63E0.font.lyn.event
[LYN]	Fonts/build/GlyphItem/FontItem_63FF.font.lyn.event
[LYN]	Fonts/build/GlyphItem/FontItem_63C4.font.lyn.event
[LYN]	Fonts/build/GlyphItem/FontItem_63DE.font.lyn.event
[LYN]	Fonts/build/GlyphItem/FontItem_63CE.font.lyn.event
[LYN]	Fonts/build/GlyphItem/FontItem_6452.font.lyn.event
[LYN]	Fonts/build/GlyphItem/FontItem_63C6.font.lyn.event
[LYN]	Fonts/build/GlyphItem/FontItem_63BE.font.lyn.event
[LYN]	Fonts/build/GlyphItem/FontItem_6445.font.lyn.event
[LYN]	Fonts/build/GlyphItem/FontItem_6441.font.lyn.event
[LYN]	Fonts/build/GlyphItem/FontItem_640B.font.lyn.event
[LYN]	Fonts/build/GlyphItem/FontItem_641B.font.lyn.event
[LYN]	Fonts/build/GlyphItem/FontItem_6420.font.lyn.event
[LYN]	Fonts/build/GlyphItem/FontItem_640C.font.lyn.event
[LYN]	Fonts/build/GlyphItem/FontItem_6426.font.lyn.event
[LYN]	Fonts/build/GlyphItem/FontItem_6421.font.lyn.event
[LYN]	Fonts/build/GlyphItem/FontItem_645E.font.lyn.event
[LYN]	Fonts/build/GlyphItem/FontItem_6484.font.lyn.event
[LYN]	Fonts/build/GlyphItem/FontItem_646D.font.lyn.event
[LYN]	Fonts/build/GlyphItem/FontItem_6496.font.lyn.event
[LYN]	Fonts/build/GlyphItem/FontItem_647A.font.lyn.event
[LYN]	Fonts/build/GlyphItem/FontItem_64B7.font.lyn.event
[LYN]	Fonts/build/GlyphItem/FontItem_64B8.font.lyn.event
[LYN]	Fonts/build/GlyphItem/FontItem_6499.font.lyn.event
[LYN]	Fonts/build/GlyphItem/FontItem_64BA.font.lyn.event
[LYN]	Fonts/build/GlyphItem/FontItem_64C0.font.lyn.event
[LYN]	Fonts/build/GlyphItem/FontItem_64D0.font.lyn.event
[LYN]	Fonts/build/GlyphItem/FontItem_64D7.font.lyn.event
[LYN]	Fonts/build/GlyphItem/FontItem_64E4.font.lyn.event
[LYN]	Fonts/build/GlyphItem/FontItem_64E2.font.lyn.event
[LYN]	Fonts/build/GlyphItem/FontItem_6509.font.lyn.event
[LYN]	Fonts/build/GlyphItem/FontItem_6525.font.lyn.event
[LYN]	Fonts/build/GlyphItem/FontItem_652E.font.lyn.event
[LYN]	Fonts/build/GlyphItem/FontItem_5F0B.font.lyn.event
[LYN]	Fonts/build/GlyphItem/FontItem_7519.font.lyn.event
[LYN]	Fonts/build/GlyphItem/FontItem_535F.font.lyn.event
[LYN]	Fonts/build/GlyphItem/FontItem_53F1.font.lyn.event
[LYN]	Fonts/build/GlyphItem/FontItem_53FD.font.lyn.event
[LYN]	Fonts/build/GlyphItem/FontItem_53E9.font.lyn.event
[LYN]	Fonts/build/GlyphItem/FontItem_53E8.font.lyn.event
[LYN]	Fonts/build/GlyphItem/FontItem_53FB.font.lyn.event
[LYN]	Fonts/build/GlyphItem/FontItem_5412.font.lyn.event
[LYN]	Fonts/build/GlyphItem/FontItem_5406.font.lyn.event
[LYN]	Fonts/build/GlyphItem/FontItem_544B.font.lyn.event
[LYN]	Fonts/build/GlyphItem/FontItem_5452.font.lyn.event
[LYN]	Fonts/build/GlyphItem/FontItem_5453.font.lyn.event
[LYN]	Fonts/build/GlyphItem/FontItem_5454.font.lyn.event
[LYN]	Fonts/build/GlyphItem/FontItem_5456.font.lyn.event
[LYN]	Fonts/build/GlyphItem/FontItem_5443.font.lyn.event
[LYN]	Fonts/build/GlyphItem/FontItem_5421.font.lyn.event
[LYN]	Fonts/build/GlyphItem/FontItem_5457.font.lyn.event
[LYN]	Fonts/build/GlyphItem/FontItem_5459.font.lyn.event
[LYN]	Fonts/build/GlyphItem/FontItem_5423.font.lyn.event
[LYN]	Fonts/build/GlyphItem/FontItem_5432.font.lyn.event
[LYN]	Fonts/build/GlyphItem/FontItem_5482.font.lyn.event
[LYN]	Fonts/build/GlyphItem/FontItem_5494.font.lyn.event
[LYN]	Fonts/build/GlyphItem/FontItem_5477.font.lyn.event
[LYN]	Fonts/build/GlyphItem/FontItem_54DC.font.lyn.event
[LYN]	Fonts/build/GlyphItem/FontItem_5471.font.lyn.event
[LYN]	Fonts/build/GlyphItem/FontItem_5464.font.lyn.event
[LYN]	Fonts/build/GlyphItem/FontItem_549A.font.lyn.event
[LYN]	Fonts/build/GlyphItem/FontItem_549B.font.lyn.event
[LYN]	Fonts/build/GlyphItem/FontItem_5484.font.lyn.event
[LYN]	Fonts/build/GlyphItem/FontItem_5476.font.lyn.event
[LYN]	Fonts/build/GlyphItem/FontItem_5466.font.lyn.event
[LYN]	Fonts/build/GlyphItem/FontItem_549D.font.lyn.event
[LYN]	Fonts/build/GlyphItem/FontItem_54D0.font.lyn.event
[LYN]	Fonts/build/GlyphItem/FontItem_54AD.font.lyn.event
[LYN]	Fonts/build/GlyphItem/FontItem_54C2.font.lyn.event
[LYN]	Fonts/build/GlyphItem/FontItem_54B4.font.lyn.event
[LYN]	Fonts/build/GlyphItem/FontItem_54A7.font.lyn.event
[LYN]	Fonts/build/GlyphItem/FontItem_54D2.font.lyn.event
[LYN]	Fonts/build/GlyphItem/FontItem_54A6.font.lyn.event
[LYN]	Fonts/build/GlyphItem/FontItem_54D3.font.lyn.event
[LYN]	Fonts/build/GlyphItem/FontItem_54D4.font.lyn.event
[LYN]	Fonts/build/GlyphItem/FontItem_5472.font.lyn.event
[LYN]	Fonts/build/GlyphItem/FontItem_54D5.font.lyn.event
[LYN]	Fonts/build/GlyphItem/FontItem_54A3.font.lyn.event
[LYN]	Fonts/build/GlyphItem/FontItem_54BB.font.lyn.event
[LYN]	Fonts/build/GlyphItem/FontItem_54BF.font.lyn.event
[LYN]	Fonts/build/GlyphItem/FontItem_54CC.font.lyn.event
[LYN]	Fonts/build/GlyphItem/FontItem_54D9.font.lyn.event
[LYN]	Fonts/build/GlyphItem/FontItem_54DA.font.lyn.event
[LYN]	Fonts/build/GlyphItem/FontItem_54A9.font.lyn.event
[LYN]	Fonts/build/GlyphItem/FontItem_54AA.font.lyn.event
[LYN]	Fonts/build/GlyphItem/FontItem_54A4.font.lyn.event
[LYN]	Fonts/build/GlyphItem/FontItem_54DD.font.lyn.event
[LYN]	Fonts/build/GlyphItem/FontItem_54CF.font.lyn.event
[LYN]	Fonts/build/GlyphItem/FontItem_54DE.font.lyn.event
[LYN]	Fonts/build/GlyphItem/FontItem_551B.font.lyn.event
[LYN]	Fonts/build/GlyphItem/FontItem_54E7.font.lyn.event
[LYN]	Fonts/build/GlyphItem/FontItem_5520.font.lyn.event
[LYN]	Fonts/build/GlyphItem/FontItem_54FD.font.lyn.event
[LYN]	Fonts/build/GlyphItem/FontItem_5514.font.lyn.event
[LYN]	Fonts/build/GlyphItem/FontItem_54F3.font.lyn.event
[LYN]	Fonts/build/GlyphItem/FontItem_5522.font.lyn.event
[LYN]	Fonts/build/GlyphItem/FontItem_5523.font.lyn.event
[LYN]	Fonts/build/GlyphItem/FontItem_550F.font.lyn.event
[LYN]	Fonts/build/GlyphItem/FontItem_5511.font.lyn.event
[LYN]	Fonts/build/GlyphItem/FontItem_5527.font.lyn.event
[LYN]	Fonts/build/GlyphItem/FontItem_552A.font.lyn.event
[LYN]	Fonts/build/GlyphItem/FontItem_5567.font.lyn.event
[LYN]	Fonts/build/GlyphItem/FontItem_558F.font.lyn.event
[LYN]	Fonts/build/GlyphItem/FontItem_55B5.font.lyn.event
[LYN]	Fonts/build/GlyphItem/FontItem_5549.font.lyn.event
[LYN]	Fonts/build/GlyphItem/FontItem_556D.font.lyn.event
[LYN]	Fonts/build/GlyphItem/FontItem_5541.font.lyn.event
[LYN]	Fonts/build/GlyphItem/FontItem_553F.font.lyn.event
[LYN]	Fonts/build/GlyphItem/FontItem_5550.font.lyn.event
[LYN]	Fonts/build/GlyphItem/FontItem_553C.font.lyn.event
[LYN]	Fonts/build/GlyphItem/FontItem_5537.font.lyn.event
[LYN]	Fonts/build/GlyphItem/FontItem_5556.font.lyn.event
[LYN]	Fonts/build/GlyphItem/FontItem_5575.font.lyn.event
[LYN]	Fonts/build/GlyphItem/FontItem_5576.font.lyn.event
[LYN]	Fonts/build/GlyphItem/FontItem_5577.font.lyn.event
[LYN]	Fonts/build/GlyphItem/FontItem_5533.font.lyn.event
[LYN]	Fonts/build/GlyphItem/FontItem_5530.font.lyn.event
[LYN]	Fonts/build/GlyphItem/FontItem_555C.font.lyn.event
[LYN]	Fonts/build/GlyphItem/FontItem_558B.font.lyn.event
[LYN]	Fonts/build/GlyphItem/FontItem_55D2.font.lyn.event
[LYN]	Fonts/build/GlyphItem/FontItem_5583.font.lyn.event
[LYN]	Fonts/build/GlyphItem/FontItem_55B1.font.lyn.event
[LYN]	Fonts/build/GlyphItem/FontItem_55B9.font.lyn.event
[LYN]	Fonts/build/GlyphItem/FontItem_5588.font.lyn.event
[LYN]	Fonts/build/GlyphItem/FontItem_5581.font.lyn.event
[LYN]	Fonts/build/GlyphItem/FontItem_559F.font.lyn.event
[LYN]	Fonts/build/GlyphItem/FontItem_557E.font.lyn.event
[LYN]	Fonts/build/GlyphItem/FontItem_55D6.font.lyn.event
[LYN]	Fonts/build/GlyphItem/FontItem_5591.font.lyn.event
[LYN]	Fonts/build/GlyphItem/FontItem_557B.font.lyn.event
[LYN]	Fonts/build/GlyphItem/FontItem_5599.font.lyn.event
[LYN]	Fonts/build/GlyphItem/FontItem_55DF.font.lyn.event
[LYN]	Fonts/build/GlyphItem/FontItem_55BD.font.lyn.event
[LYN]	Fonts/build/GlyphItem/FontItem_55BE.font.lyn.event
[LYN]	Fonts/build/GlyphItem/FontItem_5594.font.lyn.event
[LYN]	Fonts/build/GlyphItem/FontItem_55EA.font.lyn.event
[LYN]	Fonts/build/GlyphItem/FontItem_55F7.font.lyn.event
[LYN]	Fonts/build/GlyphItem/FontItem_55C9.font.lyn.event
[LYN]	Fonts/build/GlyphItem/FontItem_55D1.font.lyn.event
[LYN]	Fonts/build/GlyphItem/FontItem_55EB.font.lyn.event
[LYN]	Fonts/build/GlyphItem/FontItem_55EC.font.lyn.event
[LYN]	Fonts/build/GlyphItem/FontItem_55D4.font.lyn.event
[LYN]	Fonts/build/GlyphItem/FontItem_55E6.font.lyn.event
[LYN]	Fonts/build/GlyphItem/FontItem_55DD.font.lyn.event
[LYN]	Fonts/build/GlyphItem/FontItem_55C4.font.lyn.event
[LYN]	Fonts/build/GlyphItem/FontItem_55EF.font.lyn.event
[LYN]	Fonts/build/GlyphItem/FontItem_55E5.font.lyn.event
[LYN]	Fonts/build/GlyphItem/FontItem_55F2.font.lyn.event
[LYN]	Fonts/build/GlyphItem/FontItem_55F3.font.lyn.event
[LYN]	Fonts/build/GlyphItem/FontItem_55CC.font.lyn.event
[LYN]	Fonts/build/GlyphItem/FontItem_55CD.font.lyn.event
[LYN]	Fonts/build/GlyphItem/FontItem_55E8.font.lyn.event
[LYN]	Fonts/build/GlyphItem/FontItem_55F5.font.lyn.event
[LYN]	Fonts/build/GlyphItem/FontItem_55E4.font.lyn.event
[LYN]	Fonts/build/GlyphItem/FontItem_8F94.font.lyn.event
[LYN]	Fonts/build/GlyphItem/FontItem_561E.font.lyn.event
[LYN]	Fonts/build/GlyphItem/FontItem_5608.font.lyn.event
[LYN]	Fonts/build/GlyphItem/FontItem_560C.font.lyn.event
[LYN]	Fonts/build/GlyphItem/FontItem_5601.font.lyn.event
[LYN]	Fonts/build/GlyphItem/FontItem_5624.font.lyn.event
[LYN]	Fonts/build/GlyphItem/FontItem_5623.font.lyn.event
[LYN]	Fonts/build/GlyphItem/FontItem_55FE.font.lyn.event
[LYN]	Fonts/build/GlyphItem/FontItem_5600.font.lyn.event
[LYN]	Fonts/build/GlyphItem/FontItem_5627.font.lyn.event
[LYN]	Fonts/build/GlyphItem/FontItem_562D.font.lyn.event
[LYN]	Fonts/build/GlyphItem/FontItem_5658.font.lyn.event
[LYN]	Fonts/build/GlyphItem/FontItem_5639.font.lyn.event
[LYN]	Fonts/build/GlyphItem/FontItem_5657.font.lyn.event
[LYN]	Fonts/build/GlyphItem/FontItem_562C.font.lyn.event
[LYN]	Fonts/build/GlyphItem/FontItem_564D.font.lyn.event
[LYN]	Fonts/build/GlyphItem/FontItem_5662.font.lyn.event
[LYN]	Fonts/build/GlyphItem/FontItem_5659.font.lyn.event
[LYN]	Fonts/build/GlyphItem/FontItem_565C.font.lyn.event
[LYN]	Fonts/build/GlyphItem/FontItem_564C.font.lyn.event
[LYN]	Fonts/build/GlyphItem/FontItem_5654.font.lyn.event
[LYN]	Fonts/build/GlyphItem/FontItem_5686.font.lyn.event
[LYN]	Fonts/build/GlyphItem/FontItem_5664.font.lyn.event
[LYN]	Fonts/build/GlyphItem/FontItem_5671.font.lyn.event
[LYN]	Fonts/build/GlyphItem/FontItem_566B.font.lyn.event
[LYN]	Fonts/build/GlyphItem/FontItem_567B.font.lyn.event
[LYN]	Fonts/build/GlyphItem/FontItem_567C.font.lyn.event
[LYN]	Fonts/build/GlyphItem/FontItem_5685.font.lyn.event
[LYN]	Fonts/build/GlyphItem/FontItem_5693.font.lyn.event
[LYN]	Fonts/build/GlyphItem/FontItem_56AF.font.lyn.event
[LYN]	Fonts/build/GlyphItem/FontItem_56D7.font.lyn.event
[LYN]	Fonts/build/GlyphItem/FontItem_56DD.font.lyn.event
[LYN]	Fonts/build/GlyphItem/FontItem_56F5.font.lyn.event
[LYN]	Fonts/build/GlyphItem/FontItem_56E1.font.lyn.event
[LYN]	Fonts/build/GlyphItem/FontItem_56EB.font.lyn.event
[LYN]	Fonts/build/GlyphItem/FontItem_56F9.font.lyn.event
[LYN]	Fonts/build/GlyphItem/FontItem_56FF.font.lyn.event
[LYN]	Fonts/build/GlyphItem/FontItem_5704.font.lyn.event
[LYN]	Fonts/build/GlyphItem/FontItem_570A.font.lyn.event
[LYN]	Fonts/build/GlyphItem/FontItem_5709.font.lyn.event
[LYN]	Fonts/build/GlyphItem/FontItem_571C.font.lyn.event
[LYN]	Fonts/build/GlyphItem/FontItem_5E0F.font.lyn.event
[LYN]	Fonts/build/GlyphItem/FontItem_5E19.font.lyn.event
[LYN]	Fonts/build/GlyphItem/FontItem_5E14.font.lyn.event
[LYN]	Fonts/build/GlyphItem/FontItem_5E11.font.lyn.event
[LYN]	Fonts/build/GlyphItem/FontItem_5E31.font.lyn.event
[LYN]	Fonts/build/GlyphItem/FontItem_5E3B.font.lyn.event
[LYN]	Fonts/build/GlyphItem/FontItem_5E3C.font.lyn.event
[LYN]	Fonts/build/GlyphItem/FontItem_5E44.font.lyn.event
[LYN]	Fonts/build/GlyphItem/FontItem_5E54.font.lyn.event
[LYN]	Fonts/build/GlyphItem/FontItem_5E5B.font.lyn.event
[LYN]	Fonts/build/GlyphItem/FontItem_5E5E.font.lyn.event
[LYN]	Fonts/build/GlyphItem/FontItem_5E61.font.lyn.event
[LYN]	Fonts/build/GlyphItem/FontItem_5C8C.font.lyn.event
[LYN]	Fonts/build/GlyphItem/FontItem_5C7A.font.lyn.event
[LYN]	Fonts/build/GlyphItem/FontItem_5C8D.font.lyn.event
[LYN]	Fonts/build/GlyphItem/FontItem_5C90.font.lyn.event
[LYN]	Fonts/build/GlyphItem/FontItem_5C96.font.lyn.event
[LYN]	Fonts/build/GlyphItem/FontItem_5C88.font.lyn.event
[LYN]	Fonts/build/GlyphItem/FontItem_5C98.font.lyn.event
[LYN]	Fonts/build/GlyphItem/FontItem_5C99.font.lyn.event
[LYN]	Fonts/build/GlyphItem/FontItem_5C91.font.lyn.event
[LYN]	Fonts/build/GlyphItem/FontItem_5C9C.font.lyn.event
[LYN]	Fonts/build/GlyphItem/FontItem_5CB5.font.lyn.event
[LYN]	Fonts/build/GlyphItem/FontItem_5CA2.font.lyn.event
[LYN]	Fonts/build/GlyphItem/FontItem_5CBD.font.lyn.event
[LYN]	Fonts/build/GlyphItem/FontItem_5CAC.font.lyn.event
[LYN]	Fonts/build/GlyphItem/FontItem_5CAB.font.lyn.event
[LYN]	Fonts/build/GlyphItem/FontItem_5CB1.font.lyn.event
[LYN]	Fonts/build/GlyphItem/FontItem_5CA3.font.lyn.event
[LYN]	Fonts/build/GlyphItem/FontItem_5CC1.font.lyn.event
[LYN]	Fonts/build/GlyphItem/FontItem_5CC4.font.lyn.event
[LYN]	Fonts/build/GlyphItem/FontItem_5CB7.font.lyn.event
[LYN]	Fonts/build/GlyphItem/FontItem_5CD2.font.lyn.event
[LYN]	Fonts/build/GlyphItem/FontItem_5CE4.font.lyn.event
[LYN]	Fonts/build/GlyphItem/FontItem_5CCB.font.lyn.event
[LYN]	Fonts/build/GlyphItem/FontItem_5CE5.font.lyn.event
[LYN]	Fonts/build/GlyphItem/FontItem_5D02.font.lyn.event
[LYN]	Fonts/build/GlyphItem/FontItem_5D03.font.lyn.event
[LYN]	Fonts/build/GlyphItem/FontItem_5D27.font.lyn.event
[LYN]	Fonts/build/GlyphItem/FontItem_5D26.font.lyn.event
[LYN]	Fonts/build/GlyphItem/FontItem_5D2E.font.lyn.event
[LYN]	Fonts/build/GlyphItem/FontItem_5D24.font.lyn.event
[LYN]	Fonts/build/GlyphItem/FontItem_5D1E.font.lyn.event
[LYN]	Fonts/build/GlyphItem/FontItem_5D06.font.lyn.event
[LYN]	Fonts/build/GlyphItem/FontItem_5D1B.font.lyn.event
[LYN]	Fonts/build/GlyphItem/FontItem_5D58.font.lyn.event
[LYN]	Fonts/build/GlyphItem/FontItem_5D3E.font.lyn.event
[LYN]	Fonts/build/GlyphItem/FontItem_5D34.font.lyn.event
[LYN]	Fonts/build/GlyphItem/FontItem_5D3D.font.lyn.event
[LYN]	Fonts/build/GlyphItem/FontItem_5D6C.font.lyn.event
[LYN]	Fonts/build/GlyphItem/FontItem_5D5B.font.lyn.event
[LYN]	Fonts/build/GlyphItem/FontItem_5D6F.font.lyn.event
[LYN]	Fonts/build/GlyphItem/FontItem_5D5D.font.lyn.event
[LYN]	Fonts/build/GlyphItem/FontItem_5D6B.font.lyn.event
[LYN]	Fonts/build/GlyphItem/FontItem_5D4B.font.lyn.event
[LYN]	Fonts/build/GlyphItem/FontItem_5D4A.font.lyn.event
[LYN]	Fonts/build/GlyphItem/FontItem_5D69.font.lyn.event
[LYN]	Fonts/build/GlyphItem/FontItem_5D74.font.lyn.event
[LYN]	Fonts/build/GlyphItem/FontItem_5D82.font.lyn.event
[LYN]	Fonts/build/GlyphItem/FontItem_5D99.font.lyn.event
[LYN]	Fonts/build/GlyphItem/FontItem_5D9D.font.lyn.event
[LYN]	Fonts/build/GlyphItem/FontItem_8C73.font.lyn.event
[LYN]	Fonts/build/GlyphItem/FontItem_5DB7.font.lyn.event
[LYN]	Fonts/build/GlyphItem/FontItem_5DC5.font.lyn.event
[LYN]	Fonts/build/GlyphItem/FontItem_5F73.font.lyn.event
[LYN]	Fonts/build/GlyphItem/FontItem_5F82.font.lyn.event
[LYN]	Fonts/build/GlyphItem/FontItem_5F87.font.lyn.event
[LYN]	Fonts/build/GlyphItem/FontItem_5F89.font.lyn.event
[LYN]	Fonts/build/GlyphItem/FontItem_5F8C.font.lyn.event
[LYN]	Fonts/build/GlyphItem/FontItem_5F95.font.lyn.event
[LYN]	Fonts/build/GlyphItem/FontItem_5F99.font.lyn.event
[LYN]	Fonts/build/GlyphItem/FontItem_5F9C.font.lyn.event
[LYN]	Fonts/build/GlyphItem/FontItem_5FAD.font.lyn.event
[LYN]	Fonts/build/GlyphItem/FontItem_5FB5.font.lyn.event
[LYN]	Fonts/build/GlyphItem/FontItem_5FBC.font.lyn.event
[LYN]	Fonts/build/GlyphItem/FontItem_8862.font.lyn.event
[LYN]	Fonts/build/GlyphItem/FontItem_5F61.font.lyn.event
[LYN]	Fonts/build/GlyphItem/FontItem_72AD.font.lyn.event
[LYN]	Fonts/build/GlyphItem/FontItem_72B0.font.lyn.event
[LYN]	Fonts/build/GlyphItem/FontItem_72B4.font.lyn.event
[LYN]	Fonts/build/GlyphItem/FontItem_72B7.font.lyn.event
[LYN]	Fonts/build/GlyphItem/FontItem_72B8.font.lyn.event
[LYN]	Fonts/build/GlyphItem/FontItem_72C3.font.lyn.event
[LYN]	Fonts/build/GlyphItem/FontItem_72C1.font.lyn.event
[LYN]	Fonts/build/GlyphItem/FontItem_72CE.font.lyn.event
[LYN]	Fonts/build/GlyphItem/FontItem_72CD.font.lyn.event
[LYN]	Fonts/build/GlyphItem/FontItem_72D2.font.lyn.event
[LYN]	Fonts/build/GlyphItem/FontItem_72E8.font.lyn.event
[LYN]	Fonts/build/GlyphItem/FontItem_72EF.font.lyn.event
[LYN]	Fonts/build/GlyphItem/FontItem_72E9.font.lyn.event
[LYN]	Fonts/build/GlyphItem/FontItem_72F2.font.lyn.event
[LYN]	Fonts/build/GlyphItem/FontItem_72F4.font.lyn.event
[LYN]	Fonts/build/GlyphItem/FontItem_72F7.font.lyn.event
[LYN]	Fonts/build/GlyphItem/FontItem_7301.font.lyn.event
[LYN]	Fonts/build/GlyphItem/FontItem_72F3.font.lyn.event
[LYN]	Fonts/build/GlyphItem/FontItem_7303.font.lyn.event
[LYN]	Fonts/build/GlyphItem/FontItem_72FA.font.lyn.event
[LYN]	Fonts/build/GlyphItem/FontItem_72FB.font.lyn.event
[LYN]	Fonts/build/GlyphItem/FontItem_7317.font.lyn.event
[LYN]	Fonts/build/GlyphItem/FontItem_7313.font.lyn.event
[LYN]	Fonts/build/GlyphItem/FontItem_7321.font.lyn.event
[LYN]	Fonts/build/GlyphItem/FontItem_730A.font.lyn.event
[LYN]	Fonts/build/GlyphItem/FontItem_731E.font.lyn.event
[LYN]	Fonts/build/GlyphItem/FontItem_731D.font.lyn.event
[LYN]	Fonts/build/GlyphItem/FontItem_7315.font.lyn.event
[LYN]	Fonts/build/GlyphItem/FontItem_7322.font.lyn.event
[LYN]	Fonts/build/GlyphItem/FontItem_7339.font.lyn.event
[LYN]	Fonts/build/GlyphItem/FontItem_7325.font.lyn.event
[LYN]	Fonts/build/GlyphItem/FontItem_732C.font.lyn.event
[LYN]	Fonts/build/GlyphItem/FontItem_7338.font.lyn.event
[LYN]	Fonts/build/GlyphItem/FontItem_7331.font.lyn.event
[LYN]	Fonts/build/GlyphItem/FontItem_7350.font.lyn.event
[LYN]	Fonts/build/GlyphItem/FontItem_734D.font.lyn.event
[LYN]	Fonts/build/GlyphItem/FontItem_7357.font.lyn.event
[LYN]	Fonts/build/GlyphItem/FontItem_736C.font.lyn.event
[LYN]	Fonts/build/GlyphItem/FontItem_7360.font.lyn.event
[LYN]	Fonts/build/GlyphItem/FontItem_736F.font.lyn.event
[LYN]	Fonts/build/GlyphItem/FontItem_737E.font.lyn.event
[LYN]	Fonts/build/GlyphItem/FontItem_821B.font.lyn.event
[LYN]	Fonts/build/GlyphItem/FontItem_5925.font.lyn.event
[LYN]	Fonts/build/GlyphItem/FontItem_98E7.font.lyn.event
[LYN]	Fonts/build/GlyphItem/FontItem_5924.font.lyn.event
[LYN]	Fonts/build/GlyphItem/FontItem_5902.font.lyn.event
[LYN]	Fonts/build/GlyphItem/FontItem_9963.font.lyn.event
[LYN]	Fonts/build/GlyphItem/FontItem_9967.font.lyn.event
[LYN]	Fonts/build/GlyphItem/FontItem_9968.font.lyn.event
[LYN]	Fonts/build/GlyphItem/FontItem_9969.font.lyn.event
[LYN]	Fonts/build/GlyphItem/FontItem_996A.font.lyn.event
[LYN]	Fonts/build/GlyphItem/FontItem_996B.font.lyn.event
[LYN]	Fonts/build/GlyphItem/FontItem_996C.font.lyn.event
[LYN]	Fonts/build/GlyphItem/FontItem_9974.font.lyn.event
[LYN]	Fonts/build/GlyphItem/FontItem_9977.font.lyn.event
[LYN]	Fonts/build/GlyphItem/FontItem_997D.font.lyn.event
[LYN]	Fonts/build/GlyphItem/FontItem_9980.font.lyn.event
[LYN]	Fonts/build/GlyphItem/FontItem_9984.font.lyn.event
[LYN]	Fonts/build/GlyphItem/FontItem_9987.font.lyn.event
[LYN]	Fonts/build/GlyphItem/FontItem_998A.font.lyn.event
[LYN]	Fonts/build/GlyphItem/FontItem_998D.font.lyn.event
[LYN]	Fonts/build/GlyphItem/FontItem_9990.font.lyn.event
[LYN]	Fonts/build/GlyphItem/FontItem_9993.font.lyn.event
[LYN]	Fonts/build/GlyphItem/FontItem_9991.font.lyn.event
[LYN]	Fonts/build/GlyphItem/FontItem_9994.font.lyn.event
[LYN]	Fonts/build/GlyphItem/FontItem_9995.font.lyn.event
[LYN]	Fonts/build/GlyphItem/FontItem_5E80.font.lyn.event
[LYN]	Fonts/build/GlyphItem/FontItem_5E91.font.lyn.event
[LYN]	Fonts/build/GlyphItem/FontItem_5E8B.font.lyn.event
[LYN]	Fonts/build/GlyphItem/FontItem_5E96.font.lyn.event
[LYN]	Fonts/build/GlyphItem/FontItem_5EA5.font.lyn.event
[LYN]	Fonts/build/GlyphItem/FontItem_5EA0.font.lyn.event
[LYN]	Fonts/build/GlyphItem/FontItem_5EB9.font.lyn.event
[LYN]	Fonts/build/GlyphItem/FontItem_5EB5.font.lyn.event
[LYN]	Fonts/build/GlyphItem/FontItem_5EBE.font.lyn.event
[LYN]	Fonts/build/GlyphItem/FontItem_5EB3.font.lyn.event
[LYN]	Fonts/build/GlyphItem/FontItem_8D53.font.lyn.event
[LYN]	Fonts/build/GlyphItem/FontItem_5ED2.font.lyn.event
[LYN]	Fonts/build/GlyphItem/FontItem_5ED1.font.lyn.event
[LYN]	Fonts/build/GlyphItem/FontItem_5EDB.font.lyn.event
[LYN]	Fonts/build/GlyphItem/FontItem_5EE8.font.lyn.event
[LYN]	Fonts/build/GlyphItem/FontItem_5EEA.font.lyn.event
[LYN]	Fonts/build/GlyphItem/FontItem_81BA.font.lyn.event
[LYN]	Fonts/build/GlyphItem/FontItem_5FC4.font.lyn.event
[LYN]	Fonts/build/GlyphItem/FontItem_5FC9.font.lyn.event
[LYN]	Fonts/build/GlyphItem/FontItem_5FD6.font.lyn.event
[LYN]	Fonts/build/GlyphItem/FontItem_5FCF.font.lyn.event
[LYN]	Fonts/build/GlyphItem/FontItem_6003.font.lyn.event
[LYN]	Fonts/build/GlyphItem/FontItem_5FEE.font.lyn.event
[LYN]	Fonts/build/GlyphItem/FontItem_6004.font.lyn.event
[LYN]	Fonts/build/GlyphItem/FontItem_5FE1.font.lyn.event
[LYN]	Fonts/build/GlyphItem/FontItem_5FE4.font.lyn.event
[LYN]	Fonts/build/GlyphItem/FontItem_5FFE.font.lyn.event
[LYN]	Fonts/build/GlyphItem/FontItem_6005.font.lyn.event
[LYN]	Fonts/build/GlyphItem/FontItem_6006.font.lyn.event
[LYN]	Fonts/build/GlyphItem/FontItem_5FEA.font.lyn.event
[LYN]	Fonts/build/GlyphItem/FontItem_5FED.font.lyn.event
[LYN]	Fonts/build/GlyphItem/FontItem_5FF8.font.lyn.event
[LYN]	Fonts/build/GlyphItem/FontItem_6019.font.lyn.event
[LYN]	Fonts/build/GlyphItem/FontItem_6035.font.lyn.event
[LYN]	Fonts/build/GlyphItem/FontItem_6026.font.lyn.event
[LYN]	Fonts/build/GlyphItem/FontItem_601B.font.lyn.event
[LYN]	Fonts/build/GlyphItem/FontItem_600F.font.lyn.event
[LYN]	Fonts/build/GlyphItem/FontItem_600D.font.lyn.event
[LYN]	Fonts/build/GlyphItem/FontItem_6029.font.lyn.event
[LYN]	Fonts/build/GlyphItem/FontItem_602B.font.lyn.event
[LYN]	Fonts/build/GlyphItem/FontItem_600A.font.lyn.event
[LYN]	Fonts/build/GlyphItem/FontItem_603F.font.lyn.event
[LYN]	Fonts/build/GlyphItem/FontItem_6021.font.lyn.event
[LYN]	Fonts/build/GlyphItem/FontItem_6078.font.lyn.event
[LYN]	Fonts/build/GlyphItem/FontItem_6079.font.lyn.event
[LYN]	Fonts/build/GlyphItem/FontItem_607B.font.lyn.event
[LYN]	Fonts/build/GlyphItem/FontItem_607A.font.lyn.event
[LYN]	Fonts/build/GlyphItem/FontItem_6042.font.lyn.event
[LYN]	Fonts/build/GlyphItem/FontItem_606A.font.lyn.event
[LYN]	Fonts/build/GlyphItem/FontItem_607D.font.lyn.event
[LYN]	Fonts/build/GlyphItem/FontItem_6096.font.lyn.event
[LYN]	Fonts/build/GlyphItem/FontItem_609A.font.lyn.event
[LYN]	Fonts/build/GlyphItem/FontItem_60AD.font.lyn.event
[LYN]	Fonts/build/GlyphItem/FontItem_609D.font.lyn.event
[LYN]	Fonts/build/GlyphItem/FontItem_6083.font.lyn.event
[LYN]	Fonts/build/GlyphItem/FontItem_6092.font.lyn.event
[LYN]	Fonts/build/GlyphItem/FontItem_608C.font.lyn.event
[LYN]	Fonts/build/GlyphItem/FontItem_609B.font.lyn.event
[LYN]	Fonts/build/GlyphItem/FontItem_60EC.font.lyn.event
[LYN]	Fonts/build/GlyphItem/FontItem_60BB.font.lyn.event
[LYN]	Fonts/build/GlyphItem/FontItem_60B1.font.lyn.event
[LYN]	Fonts/build/GlyphItem/FontItem_60DD.font.lyn.event
[LYN]	Fonts/build/GlyphItem/FontItem_60D8.font.lyn.event
[LYN]	Fonts/build/GlyphItem/FontItem_60C6.font.lyn.event
[LYN]	Fonts/build/GlyphItem/FontItem_60DA.font.lyn.event
[LYN]	Fonts/build/GlyphItem/FontItem_60B4.font.lyn.event
[LYN]	Fonts/build/GlyphItem/FontItem_6120.font.lyn.event
[LYN]	Fonts/build/GlyphItem/FontItem_6126.font.lyn.event
[LYN]	Fonts/build/GlyphItem/FontItem_6123.font.lyn.event
[LYN]	Fonts/build/GlyphItem/FontItem_60F4.font.lyn.event
[LYN]	Fonts/build/GlyphItem/FontItem_6100.font.lyn.event
[LYN]	Fonts/build/GlyphItem/FontItem_610E.font.lyn.event
[LYN]	Fonts/build/GlyphItem/FontItem_612B.font.lyn.event
[LYN]	Fonts/build/GlyphItem/FontItem_614A.font.lyn.event
[LYN]	Fonts/build/GlyphItem/FontItem_6175.font.lyn.event
[LYN]	Fonts/build/GlyphItem/FontItem_61AC.font.lyn.event
[LYN]	Fonts/build/GlyphItem/FontItem_6194.font.lyn.event
[LYN]	Fonts/build/GlyphItem/FontItem_61A7.font.lyn.event
[LYN]	Fonts/build/GlyphItem/FontItem_61B7.font.lyn.event
[LYN]	Fonts/build/GlyphItem/FontItem_61D4.font.lyn.event
[LYN]	Fonts/build/GlyphItem/FontItem_61F5.font.lyn.event
[LYN]	Fonts/build/GlyphItem/FontItem_5FDD.font.lyn.event
[LYN]	Fonts/build/GlyphItem/FontItem_96B3.font.lyn.event
[LYN]	Fonts/build/GlyphItem/FontItem_95E9.font.lyn.event
[LYN]	Fonts/build/GlyphItem/FontItem_95EB.font.lyn.event
[LYN]	Fonts/build/GlyphItem/FontItem_95F1.font.lyn.event
[LYN]	Fonts/build/GlyphItem/FontItem_95F3.font.lyn.event
[LYN]	Fonts/build/GlyphItem/FontItem_95F5.font.lyn.event
[LYN]	Fonts/build/GlyphItem/FontItem_95F6.font.lyn.event
[LYN]	Fonts/build/GlyphItem/FontItem_95FC.font.lyn.event
[LYN]	Fonts/build/GlyphItem/FontItem_95FE.font.lyn.event
[LYN]	Fonts/build/GlyphItem/FontItem_9603.font.lyn.event
[LYN]	Fonts/build/GlyphItem/FontItem_9604.font.lyn.event
[LYN]	Fonts/build/GlyphItem/FontItem_9606.font.lyn.event
[LYN]	Fonts/build/GlyphItem/FontItem_9608.font.lyn.event
[LYN]	Fonts/build/GlyphItem/FontItem_960A.font.lyn.event
[LYN]	Fonts/build/GlyphItem/FontItem_960B.font.lyn.event
[LYN]	Fonts/build/GlyphItem/FontItem_960C.font.lyn.event
[LYN]	Fonts/build/GlyphItem/FontItem_960D.font.lyn.event
[LYN]	Fonts/build/GlyphItem/FontItem_960F.font.lyn.event
[LYN]	Fonts/build/GlyphItem/FontItem_9612.font.lyn.event
[LYN]	Fonts/build/GlyphItem/FontItem_9615.font.lyn.event
[LYN]	Fonts/build/GlyphItem/FontItem_9616.font.lyn.event
[LYN]	Fonts/build/GlyphItem/FontItem_9617.font.lyn.event
[LYN]	Fonts/build/GlyphItem/FontItem_9619.font.lyn.event
[LYN]	Fonts/build/GlyphItem/FontItem_961A.font.lyn.event
[LYN]	Fonts/build/GlyphItem/FontItem_4E2C.font.lyn.event
[LYN]	Fonts/build/GlyphItem/FontItem_723F.font.lyn.event
[LYN]	Fonts/build/GlyphItem/FontItem_6215.font.lyn.event
[LYN]	Fonts/build/GlyphItem/FontItem_6C35.font.lyn.event
[LYN]	Fonts/build/GlyphItem/FontItem_6C54.font.lyn.event
[LYN]	Fonts/build/GlyphItem/FontItem_6C5C.font.lyn.event
[LYN]	Fonts/build/GlyphItem/FontItem_6C4A.font.lyn.event
[LYN]	Fonts/build/GlyphItem/FontItem_6CA3.font.lyn.event
[LYN]	Fonts/build/GlyphItem/FontItem_6C85.font.lyn.event
[LYN]	Fonts/build/GlyphItem/FontItem_6C90.font.lyn.event
[LYN]	Fonts/build/GlyphItem/FontItem_6C94.font.lyn.event
[LYN]	Fonts/build/GlyphItem/FontItem_6C8C.font.lyn.event
[LYN]	Fonts/build/GlyphItem/FontItem_6C68.font.lyn.event
[LYN]	Fonts/build/GlyphItem/FontItem_6C69.font.lyn.event
[LYN]	Fonts/build/GlyphItem/FontItem_6C74.font.lyn.event
[LYN]	Fonts/build/GlyphItem/FontItem_6C76.font.lyn.event
[LYN]	Fonts/build/GlyphItem/FontItem_6C86.font.lyn.event
[LYN]	Fonts/build/GlyphItem/FontItem_6CA9.font.lyn.event
[LYN]	Fonts/build/GlyphItem/FontItem_6CD0.font.lyn.event
[LYN]	Fonts/build/GlyphItem/FontItem_6CD4.font.lyn.event
[LYN]	Fonts/build/GlyphItem/FontItem_6CAD.font.lyn.event
[LYN]	Fonts/build/GlyphItem/FontItem_6CF7.font.lyn.event
[LYN]	Fonts/build/GlyphItem/FontItem_6CF8.font.lyn.event
[LYN]	Fonts/build/GlyphItem/FontItem_6CF1.font.lyn.event
[LYN]	Fonts/build/GlyphItem/FontItem_6CB2.font.lyn.event
[LYN]	Fonts/build/GlyphItem/FontItem_6CD7.font.lyn.event
[LYN]	Fonts/build/GlyphItem/FontItem_6CD6.font.lyn.event
[LYN]	Fonts/build/GlyphItem/FontItem_6CE0.font.lyn.event
[LYN]	Fonts/build/GlyphItem/FontItem_6CFA.font.lyn.event
[LYN]	Fonts/build/GlyphItem/FontItem_6CEB.font.lyn.event
[LYN]	Fonts/build/GlyphItem/FontItem_6CEE.font.lyn.event
[LYN]	Fonts/build/GlyphItem/FontItem_6CB1.font.lyn.event
[LYN]	Fonts/build/GlyphItem/FontItem_6CD3.font.lyn.event
[LYN]	Fonts/build/GlyphItem/FontItem_6CEF.font.lyn.event
[LYN]	Fonts/build/GlyphItem/FontItem_6CFE.font.lyn.event
[LYN]	Fonts/build/GlyphItem/FontItem_6D39.font.lyn.event
[LYN]	Fonts/build/GlyphItem/FontItem_6D27.font.lyn.event
[LYN]	Fonts/build/GlyphItem/FontItem_6D0C.font.lyn.event
[LYN]	Fonts/build/GlyphItem/FontItem_6D43.font.lyn.event
[LYN]	Fonts/build/GlyphItem/FontItem_6D48.font.lyn.event
[LYN]	Fonts/build/GlyphItem/FontItem_6D07.font.lyn.event
[LYN]	Fonts/build/GlyphItem/FontItem_6D04.font.lyn.event
[LYN]	Fonts/build/GlyphItem/FontItem_6D19.font.lyn.event
[LYN]	Fonts/build/GlyphItem/FontItem_6D0E.font.lyn.event
[LYN]	Fonts/build/GlyphItem/FontItem_6D2B.font.lyn.event
[LYN]	Fonts/build/GlyphItem/FontItem_6D4D.font.lyn.event
[LYN]	Fonts/build/GlyphItem/FontItem_6D2E.font.lyn.event
[LYN]	Fonts/build/GlyphItem/FontItem_6D35.font.lyn.event
[LYN]	Fonts/build/GlyphItem/FontItem_6D1A.font.lyn.event
[LYN]	Fonts/build/GlyphItem/FontItem_6D4F.font.lyn.event
[LYN]	Fonts/build/GlyphItem/FontItem_6D52.font.lyn.event
[LYN]	Fonts/build/GlyphItem/FontItem_6D54.font.lyn.event
[LYN]	Fonts/build/GlyphItem/FontItem_6D33.font.lyn.event
[LYN]	Fonts/build/GlyphItem/FontItem_6D91.font.lyn.event
[LYN]	Fonts/build/GlyphItem/FontItem_6D6F.font.lyn.event
[LYN]	Fonts/build/GlyphItem/FontItem_6D9E.font.lyn.event
[LYN]	Fonts/build/GlyphItem/FontItem_6DA0.font.lyn.event
[LYN]	Fonts/build/GlyphItem/FontItem_6D5E.font.lyn.event
[LYN]	Fonts/build/GlyphItem/FontItem_6D93.font.lyn.event
[LYN]	Fonts/build/GlyphItem/FontItem_6D94.font.lyn.event
[LYN]	Fonts/build/GlyphItem/FontItem_6D5C.font.lyn.event
[LYN]	Fonts/build/GlyphItem/FontItem_6D60.font.lyn.event
[LYN]	Fonts/build/GlyphItem/FontItem_6D7C.font.lyn.event
[LYN]	Fonts/build/GlyphItem/FontItem_6D63.font.lyn.event
[LYN]	Fonts/build/GlyphItem/FontItem_6E1A.font.lyn.event
[LYN]	Fonts/build/GlyphItem/FontItem_6DC7.font.lyn.event
[LYN]	Fonts/build/GlyphItem/FontItem_6DC5.font.lyn.event
[LYN]	Fonts/build/GlyphItem/FontItem_6DDE.font.lyn.event
[LYN]	Fonts/build/GlyphItem/FontItem_6E0E.font.lyn.event
[LYN]	Fonts/build/GlyphItem/FontItem_6DBF.font.lyn.event
[LYN]	Fonts/build/GlyphItem/FontItem_6DE0.font.lyn.event
[LYN]	Fonts/build/GlyphItem/FontItem_6E11.font.lyn.event
[LYN]	Fonts/build/GlyphItem/FontItem_6DE6.font.lyn.event
[LYN]	Fonts/build/GlyphItem/FontItem_6DDD.font.lyn.event
[LYN]	Fonts/build/GlyphItem/FontItem_6DD9.font.lyn.event
[LYN]	Fonts/build/GlyphItem/FontItem_6E16.font.lyn.event
[LYN]	Fonts/build/GlyphItem/FontItem_6DAB.font.lyn.event
[LYN]	Fonts/build/GlyphItem/FontItem_6E0C.font.lyn.event
[LYN]	Fonts/build/GlyphItem/FontItem_6DAE.font.lyn.event
[LYN]	Fonts/build/GlyphItem/FontItem_6E2B.font.lyn.event
[LYN]	Fonts/build/GlyphItem/FontItem_6E6E.font.lyn.event
[LYN]	Fonts/build/GlyphItem/FontItem_6E4E.font.lyn.event
[LYN]	Fonts/build/GlyphItem/FontItem_6E6B.font.lyn.event
[LYN]	Fonts/build/GlyphItem/FontItem_6EB2.font.lyn.event
[LYN]	Fonts/build/GlyphItem/FontItem_6E5F.font.lyn.event
[LYN]	Fonts/build/GlyphItem/FontItem_6E86.font.lyn.event
[LYN]	Fonts/build/GlyphItem/FontItem_6E53.font.lyn.event
[LYN]	Fonts/build/GlyphItem/FontItem_6E54.font.lyn.event
[LYN]	Fonts/build/GlyphItem/FontItem_6E32.font.lyn.event
[LYN]	Fonts/build/GlyphItem/FontItem_6E25.font.lyn.event
[LYN]	Fonts/build/GlyphItem/FontItem_6E44.font.lyn.event
[LYN]	Fonts/build/GlyphItem/FontItem_6EDF.font.lyn.event
[LYN]	Fonts/build/GlyphItem/FontItem_6EB1.font.lyn.event
[LYN]	Fonts/build/GlyphItem/FontItem_6E98.font.lyn.event
[LYN]	Fonts/build/GlyphItem/FontItem_6EE0.font.lyn.event
[LYN]	Fonts/build/GlyphItem/FontItem_6F2D.font.lyn.event
[LYN]	Fonts/build/GlyphItem/FontItem_6EE2.font.lyn.event
[LYN]	Fonts/build/GlyphItem/FontItem_6EA5.font.lyn.event
[LYN]	Fonts/build/GlyphItem/FontItem_6EA7.font.lyn.event
[LYN]	Fonts/build/GlyphItem/FontItem_6EBD.font.lyn.event
[LYN]	Fonts/build/GlyphItem/FontItem_6EBB.font.lyn.event
[LYN]	Fonts/build/GlyphItem/FontItem_6EB7.font.lyn.event
[LYN]	Fonts/build/GlyphItem/FontItem_6ED7.font.lyn.event
[LYN]	Fonts/build/GlyphItem/FontItem_6EB4.font.lyn.event
[LYN]	Fonts/build/GlyphItem/FontItem_6ECF.font.lyn.event
[LYN]	Fonts/build/GlyphItem/FontItem_6E8F.font.lyn.event
[LYN]	Fonts/build/GlyphItem/FontItem_6EC2.font.lyn.event
[LYN]	Fonts/build/GlyphItem/FontItem_6E9F.font.lyn.event
[LYN]	Fonts/build/GlyphItem/FontItem_6F62.font.lyn.event
[LYN]	Fonts/build/GlyphItem/FontItem_6F46.font.lyn.event
[LYN]	Fonts/build/GlyphItem/FontItem_6F47.font.lyn.event
[LYN]	Fonts/build/GlyphItem/FontItem_6F24.font.lyn.event
[LYN]	Fonts/build/GlyphItem/FontItem_6F15.font.lyn.event
[LYN]	Fonts/build/GlyphItem/FontItem_6EF9.font.lyn.event
[LYN]	Fonts/build/GlyphItem/FontItem_6F2F.font.lyn.event
[LYN]	Fonts/build/GlyphItem/FontItem_6F36.font.lyn.event
[LYN]	Fonts/build/GlyphItem/FontItem_6F4B.font.lyn.event
[LYN]	Fonts/build/GlyphItem/FontItem_6F74.font.lyn.event
[LYN]	Fonts/build/GlyphItem/FontItem_6F2A.font.lyn.event
[LYN]	Fonts/build/GlyphItem/FontItem_6F09.font.lyn.event
[LYN]	Fonts/build/GlyphItem/FontItem_6F89.font.lyn.event
[LYN]	Fonts/build/GlyphItem/FontItem_6F8D.font.lyn.event
[LYN]	Fonts/build/GlyphItem/FontItem_6F8C.font.lyn.event
[LYN]	Fonts/build/GlyphItem/FontItem_6F78.font.lyn.event
[LYN]	Fonts/build/GlyphItem/FontItem_6F72.font.lyn.event
[LYN]	Fonts/build/GlyphItem/FontItem_6F7C.font.lyn.event
[LYN]	Fonts/build/GlyphItem/FontItem_6F7A.font.lyn.event
[LYN]	Fonts/build/GlyphItem/FontItem_6FD1.font.lyn.event
[LYN]	Fonts/build/GlyphItem/FontItem_6FC9.font.lyn.event
[LYN]	Fonts/build/GlyphItem/FontItem_6FA7.font.lyn.event
[LYN]	Fonts/build/GlyphItem/FontItem_6FB9.font.lyn.event
[LYN]	Fonts/build/GlyphItem/FontItem_6FB6.font.lyn.event
[LYN]	Fonts/build/GlyphItem/FontItem_6FC2.font.lyn.event
[LYN]	Fonts/build/GlyphItem/FontItem_6FE1.font.lyn.event
[LYN]	Fonts/build/GlyphItem/FontItem_6FEE.font.lyn.event
[LYN]	Fonts/build/GlyphItem/FontItem_6FDE.font.lyn.event
[LYN]	Fonts/build/GlyphItem/FontItem_6FE0.font.lyn.event
[LYN]	Fonts/build/GlyphItem/FontItem_6FEF.font.lyn.event
[LYN]	Fonts/build/GlyphItem/FontItem_701A.font.lyn.event
[LYN]	Fonts/build/GlyphItem/FontItem_7023.font.lyn.event
[LYN]	Fonts/build/GlyphItem/FontItem_701B.font.lyn.event
[LYN]	Fonts/build/GlyphItem/FontItem_7039.font.lyn.event
[LYN]	Fonts/build/GlyphItem/FontItem_7035.font.lyn.event
[LYN]	Fonts/build/GlyphItem/FontItem_704F.font.lyn.event
[LYN]	Fonts/build/GlyphItem/FontItem_705E.font.lyn.event
[LYN]	Fonts/build/GlyphItem/FontItem_5B80.font.lyn.event
[LYN]	Fonts/build/GlyphItem/FontItem_5B84.font.lyn.event
[LYN]	Fonts/build/GlyphItem/FontItem_5B95.font.lyn.event
[LYN]	Fonts/build/GlyphItem/FontItem_5B93.font.lyn.event
[LYN]	Fonts/build/GlyphItem/FontItem_5BA5.font.lyn.event
[LYN]	Fonts/build/GlyphItem/FontItem_5BB8.font.lyn.event
[LYN]	Fonts/build/GlyphItem/FontItem_752F.font.lyn.event
[LYN]	Fonts/build/GlyphItem/FontItem_9A9E.font.lyn.event
[LYN]	Fonts/build/GlyphItem/FontItem_6434.font.lyn.event
[LYN]	Fonts/build/GlyphItem/FontItem_5BE4.font.lyn.event
[LYN]	Fonts/build/GlyphItem/FontItem_5BEE.font.lyn.event
[LYN]	Fonts/build/GlyphItem/FontItem_8930.font.lyn.event
[LYN]	Fonts/build/GlyphItem/FontItem_5BF0.font.lyn.event
[LYN]	Fonts/build/GlyphItem/FontItem_8E47.font.lyn.event
[LYN]	Fonts/build/GlyphItem/FontItem_8B07.font.lyn.event
[LYN]	Fonts/build/GlyphItem/FontItem_8FB6.font.lyn.event
[LYN]	Fonts/build/GlyphItem/FontItem_8FD3.font.lyn.event
[LYN]	Fonts/build/GlyphItem/FontItem_8FD5.font.lyn.event
[LYN]	Fonts/build/GlyphItem/FontItem_8FEE.font.lyn.event
[LYN]	Fonts/build/GlyphItem/FontItem_8FE4.font.lyn.event
[LYN]	Fonts/build/GlyphItem/FontItem_8FE9.font.lyn.event
[LYN]	Fonts/build/GlyphItem/FontItem_8FF3.font.lyn.event
[LYN]	Fonts/build/GlyphItem/FontItem_8FE8.font.lyn.event
[LYN]	Fonts/build/GlyphItem/FontItem_9004.font.lyn.event
[LYN]	Fonts/build/GlyphItem/FontItem_900B.font.lyn.event
[LYN]	Fonts/build/GlyphItem/FontItem_9026.font.lyn.event
[LYN]	Fonts/build/GlyphItem/FontItem_9011.font.lyn.event
[LYN]	Fonts/build/GlyphItem/FontItem_900D.font.lyn.event
[LYN]	Fonts/build/GlyphItem/FontItem_9016.font.lyn.event
[LYN]	Fonts/build/GlyphItem/FontItem_9021.font.lyn.event
[LYN]	Fonts/build/GlyphItem/FontItem_9035.font.lyn.event
[LYN]	Fonts/build/GlyphItem/FontItem_9036.font.lyn.event
[LYN]	Fonts/build/GlyphItem/FontItem_902D.font.lyn.event
[LYN]	Fonts/build/GlyphItem/FontItem_902F.font.lyn.event
[LYN]	Fonts/build/GlyphItem/FontItem_9044.font.lyn.event
[LYN]	Fonts/build/GlyphItem/FontItem_9051.font.lyn.event
[LYN]	Fonts/build/GlyphItem/FontItem_9052.font.lyn.event
[LYN]	Fonts/build/GlyphItem/FontItem_9050.font.lyn.event
[LYN]	Fonts/build/GlyphItem/FontItem_9058.font.lyn.event
[LYN]	Fonts/build/GlyphItem/FontItem_9062.font.lyn.event
[LYN]	Fonts/build/GlyphItem/FontItem_9068.font.lyn.event
[LYN]	Fonts/build/GlyphItem/FontItem_905B.font.lyn.event
[LYN]	Fonts/build/GlyphItem/FontItem_66B9.font.lyn.event
[LYN]	Fonts/build/GlyphItem/FontItem_9074.font.lyn.event
[LYN]	Fonts/build/GlyphItem/FontItem_907D.font.lyn.event
[LYN]	Fonts/build/GlyphItem/FontItem_9088.font.lyn.event
[LYN]	Fonts/build/GlyphItem/FontItem_9083.font.lyn.event
[LYN]	Fonts/build/GlyphItem/FontItem_908B.font.lyn.event
[LYN]	Fonts/build/GlyphItem/FontItem_5F50.font.lyn.event
[LYN]	Fonts/build/GlyphItem/FontItem_5F57.font.lyn.event
[LYN]	Fonts/build/GlyphItem/FontItem_5F56.font.lyn.event
[LYN]	Fonts/build/GlyphItem/FontItem_5F58.font.lyn.event
[LYN]	Fonts/build/GlyphItem/FontItem_5C3B.font.lyn.event
[LYN]	Fonts/build/GlyphItem/FontItem_54AB.font.lyn.event
[LYN]	Fonts/build/GlyphItem/FontItem_5C50.font.lyn.event
[LYN]	Fonts/build/GlyphItem/FontItem_5C59.font.lyn.event
[LYN]	Fonts/build/GlyphItem/FontItem_5B71.font.lyn.event
[LYN]	Fonts/build/GlyphItem/FontItem_5C63.font.lyn.event
[LYN]	Fonts/build/GlyphItem/FontItem_5C66.font.lyn.event
[LYN]	Fonts/build/GlyphItem/FontItem_7FBC.font.lyn.event
[LYN]	Fonts/build/GlyphItem/FontItem_5F2D.font.lyn.event
[LYN]	Fonts/build/GlyphItem/FontItem_5F2A.font.lyn.event
[LYN]	Fonts/build/GlyphItem/FontItem_8274.font.lyn.event
[LYN]	Fonts/build/GlyphItem/FontItem_5F3C.font.lyn.event
[LYN]	Fonts/build/GlyphItem/FontItem_9B3B.font.lyn.event
[LYN]	Fonts/build/GlyphItem/FontItem_5C6E.font.lyn.event
[LYN]	Fonts/build/GlyphItem/FontItem_5981.font.lyn.event
[LYN]	Fonts/build/GlyphItem/FontItem_5983.font.lyn.event
[LYN]	Fonts/build/GlyphItem/FontItem_598D.font.lyn.event
[LYN]	Fonts/build/GlyphItem/FontItem_59A9.font.lyn.event
[LYN]	Fonts/build/GlyphItem/FontItem_59AA.font.lyn.event
[LYN]	Fonts/build/GlyphItem/FontItem_59A3.font.lyn.event
[LYN]	Fonts/build/GlyphItem/FontItem_5997.font.lyn.event
[LYN]	Fonts/build/GlyphItem/FontItem_59CA.font.lyn.event
[LYN]	Fonts/build/GlyphItem/FontItem_59AB.font.lyn.event
[LYN]	Fonts/build/GlyphItem/FontItem_599E.font.lyn.event
[LYN]	Fonts/build/GlyphItem/FontItem_59A4.font.lyn.event
[LYN]	Fonts/build/GlyphItem/FontItem_59D2.font.lyn.event
[LYN]	Fonts/build/GlyphItem/FontItem_59B2.font.lyn.event
[LYN]	Fonts/build/GlyphItem/FontItem_59AF.font.lyn.event
[LYN]	Fonts/build/GlyphItem/FontItem_59D7.font.lyn.event
[LYN]	Fonts/build/GlyphItem/FontItem_59BE.font.lyn.event
[LYN]	Fonts/build/GlyphItem/FontItem_5A06.font.lyn.event
[LYN]	Fonts/build/GlyphItem/FontItem_59DD.font.lyn.event
[LYN]	Fonts/build/GlyphItem/FontItem_5A08.font.lyn.event
[LYN]	Fonts/build/GlyphItem/FontItem_59E3.font.lyn.event
[LYN]	Fonts/build/GlyphItem/FontItem_59D8.font.lyn.event
[LYN]	Fonts/build/GlyphItem/FontItem_59F9.font.lyn.event
[LYN]	Fonts/build/GlyphItem/FontItem_5A0C.font.lyn.event
[LYN]	Fonts/build/GlyphItem/FontItem_5A09.font.lyn.event
[LYN]	Fonts/build/GlyphItem/FontItem_5A32.font.lyn.event
[LYN]	Fonts/build/GlyphItem/FontItem_5A34.font.lyn.event
[LYN]	Fonts/build/GlyphItem/FontItem_5A11.font.lyn.event
[LYN]	Fonts/build/GlyphItem/FontItem_5A23.font.lyn.event
[LYN]	Fonts/build/GlyphItem/FontItem_5A13.font.lyn.event
[LYN]	Fonts/build/GlyphItem/FontItem_5A40.font.lyn.event
[LYN]	Fonts/build/GlyphItem/FontItem_5A67.font.lyn.event
[LYN]	Fonts/build/GlyphItem/FontItem_5A4A.font.lyn.event
[LYN]	Fonts/build/GlyphItem/FontItem_5A55.font.lyn.event
[LYN]	Fonts/build/GlyphItem/FontItem_5A3C.font.lyn.event
[LYN]	Fonts/build/GlyphItem/FontItem_5A62.font.lyn.event
[LYN]	Fonts/build/GlyphItem/FontItem_5A75.font.lyn.event
[LYN]	Fonts/build/GlyphItem/FontItem_80EC.font.lyn.event
[LYN]	Fonts/build/GlyphItem/FontItem_5AAA.font.lyn.event
[LYN]	Fonts/build/GlyphItem/FontItem_5A9B.font.lyn.event
[LYN]	Fonts/build/GlyphItem/FontItem_5A77.font.lyn.event
[LYN]	Fonts/build/GlyphItem/FontItem_5A7A.font.lyn.event
[LYN]	Fonts/build/GlyphItem/FontItem_5ABE.font.lyn.event
[LYN]	Fonts/build/GlyphItem/FontItem_5AEB.font.lyn.event
[LYN]	Fonts/build/GlyphItem/FontItem_5AB2.font.lyn.event
[LYN]	Fonts/build/GlyphItem/FontItem_5AD2.font.lyn.event
[LYN]	Fonts/build/GlyphItem/FontItem_5AD4.font.lyn.event
[LYN]	Fonts/build/GlyphItem/FontItem_5AB8.font.lyn.event
[LYN]	Fonts/build/GlyphItem/FontItem_5AE0.font.lyn.event
[LYN]	Fonts/build/GlyphItem/FontItem_5AE3.font.lyn.event
[LYN]	Fonts/build/GlyphItem/FontItem_5AF1.font.lyn.event
[LYN]	Fonts/build/GlyphItem/FontItem_5AD6.font.lyn.event
[LYN]	Fonts/build/GlyphItem/FontItem_5AE6.font.lyn.event
[LYN]	Fonts/build/GlyphItem/FontItem_5AD8.font.lyn.event
[LYN]	Fonts/build/GlyphItem/FontItem_5ADC.font.lyn.event
[LYN]	Fonts/build/GlyphItem/FontItem_5B09.font.lyn.event
[LYN]	Fonts/build/GlyphItem/FontItem_5B17.font.lyn.event
[LYN]	Fonts/build/GlyphItem/FontItem_5B16.font.lyn.event
[LYN]	Fonts/build/GlyphItem/FontItem_5B32.font.lyn.event
[LYN]	Fonts/build/GlyphItem/FontItem_5B37.font.lyn.event
[LYN]	Fonts/build/GlyphItem/FontItem_5B40.font.lyn.event
[LYN]	Fonts/build/GlyphItem/FontItem_5C15.font.lyn.event
[LYN]	Fonts/build/GlyphItem/FontItem_5C1C.font.lyn.event
[LYN]	Fonts/build/GlyphItem/FontItem_5B5A.font.lyn.event
[LYN]	Fonts/build/GlyphItem/FontItem_5B65.font.lyn.event
[LYN]	Fonts/build/GlyphItem/FontItem_5B73.font.lyn.event
[LYN]	Fonts/build/GlyphItem/FontItem_5B51.font.lyn.event
[LYN]	Fonts/build/GlyphItem/FontItem_5B53.font.lyn.event
[LYN]	Fonts/build/GlyphItem/FontItem_5B62.font.lyn.event
[LYN]	Fonts/build/GlyphItem/FontItem_9A75.font.lyn.event
[LYN]	Fonts/build/GlyphItem/FontItem_9A77.font.lyn.event
[LYN]	Fonts/build/GlyphItem/FontItem_9A78.font.lyn.event
[LYN]	Fonts/build/GlyphItem/FontItem_9A7A.font.lyn.event
[LYN]	Fonts/build/GlyphItem/FontItem_9A7F.font.lyn.event
[LYN]	Fonts/build/GlyphItem/FontItem_9A7D.font.lyn.event
[LYN]	Fonts/build/GlyphItem/FontItem_9A80.font.lyn.event
[LYN]	Fonts/build/GlyphItem/FontItem_9A81.font.lyn.event
[LYN]	Fonts/build/GlyphItem/FontItem_9A85.font.lyn.event
[LYN]	Fonts/build/GlyphItem/FontItem_9A88.font.lyn.event
[LYN]	Fonts/build/GlyphItem/FontItem_9A8A.font.lyn.event
[LYN]	Fonts/build/GlyphItem/FontItem_9A90.font.lyn.event
[LYN]	Fonts/build/GlyphItem/FontItem_9A92.font.lyn.event
[LYN]	Fonts/build/GlyphItem/FontItem_9A93.font.lyn.event
[LYN]	Fonts/build/GlyphItem/FontItem_9A96.font.lyn.event
[LYN]	Fonts/build/GlyphItem/FontItem_9A98.font.lyn.event
[LYN]	Fonts/build/GlyphItem/FontItem_9A9C.font.lyn.event
[LYN]	Fonts/build/GlyphItem/FontItem_9A9D.font.lyn.event
[LYN]	Fonts/build/GlyphItem/FontItem_9A9B.font.lyn.event
[LYN]	Fonts/build/GlyphItem/FontItem_9A9F.font.lyn.event
[LYN]	Fonts/build/GlyphItem/FontItem_9AA0.font.lyn.event
[LYN]	Fonts/build/GlyphItem/FontItem_9AA2.font.lyn.event
[LYN]	Fonts/build/GlyphItem/FontItem_9AA3.font.lyn.event
[LYN]	Fonts/build/GlyphItem/FontItem_9AA5.font.lyn.event
[LYN]	Fonts/build/GlyphItem/FontItem_9AA7.font.lyn.event
[LYN]	Fonts/build/GlyphItem/FontItem_7E9F.font.lyn.event
[LYN]	Fonts/build/GlyphItem/FontItem_7EA1.font.lyn.event
[LYN]	Fonts/build/GlyphItem/FontItem_7EA3.font.lyn.event
[LYN]	Fonts/build/GlyphItem/FontItem_7EA5.font.lyn.event
[LYN]	Fonts/build/GlyphItem/FontItem_7EA8.font.lyn.event
[LYN]	Fonts/build/GlyphItem/FontItem_7EA9.font.lyn.event
[LYN]	Fonts/build/GlyphItem/FontItem_7EAD.font.lyn.event
[LYN]	Fonts/build/GlyphItem/FontItem_7EB0.font.lyn.event
[LYN]	Fonts/build/GlyphItem/FontItem_7EBE.font.lyn.event
[LYN]	Fonts/build/GlyphItem/FontItem_7EC0.font.lyn.event
[LYN]	Fonts/build/GlyphItem/FontItem_7EC1.font.lyn.event
[LYN]	Fonts/build/GlyphItem/FontItem_7EC2.font.lyn.event
[LYN]	Fonts/build/GlyphItem/FontItem_7EC9.font.lyn.event
[LYN]	Fonts/build/GlyphItem/FontItem_7ECB.font.lyn.event
[LYN]	Fonts/build/GlyphItem/FontItem_7ECC.font.lyn.event
[LYN]	Fonts/build/GlyphItem/FontItem_7ED0.font.lyn.event
[LYN]	Fonts/build/GlyphItem/FontItem_7ED4.font.lyn.event
[LYN]	Fonts/build/GlyphItem/FontItem_7ED7.font.lyn.event
[LYN]	Fonts/build/GlyphItem/FontItem_7EDB.font.lyn.event
[LYN]	Fonts/build/GlyphItem/FontItem_7EE0.font.lyn.event
[LYN]	Fonts/build/GlyphItem/FontItem_7EE1.font.lyn.event
[LYN]	Fonts/build/GlyphItem/FontItem_7EE8.font.lyn.event
[LYN]	Fonts/build/GlyphItem/FontItem_7EEB.font.lyn.event
[LYN]	Fonts/build/GlyphItem/FontItem_7EEE.font.lyn.event
[LYN]	Fonts/build/GlyphItem/FontItem_7EF1.font.lyn.event
[LYN]	Fonts/build/GlyphItem/FontItem_7EF2.font.lyn.event
[LYN]	Fonts/build/GlyphItem/FontItem_7F0D.font.lyn.event
[LYN]	Fonts/build/GlyphItem/FontItem_7EF6.font.lyn.event
[LYN]	Fonts/build/GlyphItem/FontItem_7EFA.font.lyn.event
[LYN]	Fonts/build/GlyphItem/FontItem_7EFB.font.lyn.event
[LYN]	Fonts/build/GlyphItem/FontItem_7EFE.font.lyn.event
[LYN]	Fonts/build/GlyphItem/FontItem_7F01.font.lyn.event
[LYN]	Fonts/build/GlyphItem/FontItem_7F02.font.lyn.event
[LYN]	Fonts/build/GlyphItem/FontItem_7F03.font.lyn.event
[LYN]	Fonts/build/GlyphItem/FontItem_7F08.font.lyn.event
[LYN]	Fonts/build/GlyphItem/FontItem_7F0B.font.lyn.event
[LYN]	Fonts/build/GlyphItem/FontItem_7F0C.font.lyn.event
[LYN]	Fonts/build/GlyphItem/FontItem_7F0F.font.lyn.event
[LYN]	Fonts/build/GlyphItem/FontItem_7F11.font.lyn.event
[LYN]	Fonts/build/GlyphItem/FontItem_7F12.font.lyn.event
[LYN]	Fonts/build/GlyphItem/FontItem_7F17.font.lyn.event
[LYN]	Fonts/build/GlyphItem/FontItem_7F19.font.lyn.event
[LYN]	Fonts/build/GlyphItem/FontItem_7F1C.font.lyn.event
[LYN]	Fonts/build/GlyphItem/FontItem_7F1B.font.lyn.event
[LYN]	Fonts/build/GlyphItem/FontItem_7F1F.font.lyn.event
[LYN]	Fonts/build/GlyphItem/FontItem_7F21.font.lyn.event
[LYN]	Fonts/build/GlyphItem/FontItem_7F22.font.lyn.event
[LYN]	Fonts/build/GlyphItem/FontItem_7F23.font.lyn.event
[LYN]	Fonts/build/GlyphItem/FontItem_7F24.font.lyn.event
[LYN]	Fonts/build/GlyphItem/FontItem_7F25.font.lyn.event
[LYN]	Fonts/build/GlyphItem/FontItem_7F26.font.lyn.event
[LYN]	Fonts/build/GlyphItem/FontItem_7F27.font.lyn.event
[LYN]	Fonts/build/GlyphItem/FontItem_7F2B.font.lyn.event
[LYN]	Fonts/build/GlyphItem/FontItem_7F2C.font.lyn.event
[LYN]	Fonts/build/GlyphItem/FontItem_7F2D.font.lyn.event
[LYN]	Fonts/build/GlyphItem/FontItem_7F2F.font.lyn.event
[LYN]	Fonts/build/GlyphItem/FontItem_7F30.font.lyn.event
[LYN]	Fonts/build/GlyphItem/FontItem_7F31.font.lyn.event
[LYN]	Fonts/build/GlyphItem/FontItem_7F32.font.lyn.event
[LYN]	Fonts/build/GlyphItem/FontItem_7F33.font.lyn.event
[LYN]	Fonts/build/GlyphItem/FontItem_7F35.font.lyn.event
[LYN]	Fonts/build/GlyphItem/FontItem_5E7A.font.lyn.event
[LYN]	Fonts/build/GlyphItem/FontItem_757F.font.lyn.event
[LYN]	Fonts/build/GlyphItem/FontItem_5DDB.font.lyn.event
[LYN]	Fonts/build/GlyphItem/FontItem_753E.font.lyn.event
[LYN]	Fonts/build/GlyphItem/FontItem_9095.font.lyn.event
[LYN]	Fonts/build/GlyphItem/FontItem_738E.font.lyn.event
[LYN]	Fonts/build/GlyphItem/FontItem_7391.font.lyn.event
[LYN]	Fonts/build/GlyphItem/FontItem_73AE.font.lyn.event
[LYN]	Fonts/build/GlyphItem/FontItem_73A2.font.lyn.event
[LYN]	Fonts/build/GlyphItem/FontItem_739F.font.lyn.event
[LYN]	Fonts/build/GlyphItem/FontItem_73D1.font.lyn.event
[LYN]	Fonts/build/GlyphItem/FontItem_73B7.font.lyn.event
[LYN]	Fonts/build/GlyphItem/FontItem_73B3.font.lyn.event
[LYN]	Fonts/build/GlyphItem/FontItem_73CF.font.lyn.event
[LYN]	Fonts/build/GlyphItem/FontItem_73C9.font.lyn.event
[LYN]	Fonts/build/GlyphItem/FontItem_73C8.font.lyn.event
[LYN]	Fonts/build/GlyphItem/FontItem_73E5.font.lyn.event
[LYN]	Fonts/build/GlyphItem/FontItem_73D9.font.lyn.event
[LYN]	Fonts/build/GlyphItem/FontItem_987C.font.lyn.event
[LYN]	Fonts/build/GlyphItem/FontItem_740A.font.lyn.event
[LYN]	Fonts/build/GlyphItem/FontItem_73E9.font.lyn.event
[LYN]	Fonts/build/GlyphItem/FontItem_73E7.font.lyn.event
[LYN]	Fonts/build/GlyphItem/FontItem_73DE.font.lyn.event
[LYN]	Fonts/build/GlyphItem/FontItem_73BA.font.lyn.event
[LYN]	Fonts/build/GlyphItem/FontItem_73F2.font.lyn.event
[LYN]	Fonts/build/GlyphItem/FontItem_740F.font.lyn.event
[LYN]	Fonts/build/GlyphItem/FontItem_742A.font.lyn.event
[LYN]	Fonts/build/GlyphItem/FontItem_745B.font.lyn.event
[LYN]	Fonts/build/GlyphItem/FontItem_7426.font.lyn.event
[LYN]	Fonts/build/GlyphItem/FontItem_7425.font.lyn.event
[LYN]	Fonts/build/GlyphItem/FontItem_7428.font.lyn.event
[LYN]	Fonts/build/GlyphItem/FontItem_7430.font.lyn.event
[LYN]	Fonts/build/GlyphItem/FontItem_742E.font.lyn.event
[LYN]	Fonts/build/GlyphItem/FontItem_742C.font.lyn.event
[LYN]	Fonts/build/GlyphItem/FontItem_741B.font.lyn.event
[LYN]	Fonts/build/GlyphItem/FontItem_741A.font.lyn.event
[LYN]	Fonts/build/GlyphItem/FontItem_7441.font.lyn.event
[LYN]	Fonts/build/GlyphItem/FontItem_745C.font.lyn.event
[LYN]	Fonts/build/GlyphItem/FontItem_7457.font.lyn.event
[LYN]	Fonts/build/GlyphItem/FontItem_7455.font.lyn.event
[LYN]	Fonts/build/GlyphItem/FontItem_7459.font.lyn.event
[LYN]	Fonts/build/GlyphItem/FontItem_7477.font.lyn.event
[LYN]	Fonts/build/GlyphItem/FontItem_746D.font.lyn.event
[LYN]	Fonts/build/GlyphItem/FontItem_747E.font.lyn.event
[LYN]	Fonts/build/GlyphItem/FontItem_749C.font.lyn.event
[LYN]	Fonts/build/GlyphItem/FontItem_748E.font.lyn.event
[LYN]	Fonts/build/GlyphItem/FontItem_7480.font.lyn.event
[LYN]	Fonts/build/GlyphItem/FontItem_7481.font.lyn.event
[LYN]	Fonts/build/GlyphItem/FontItem_7487.font.lyn.event
[LYN]	Fonts/build/GlyphItem/FontItem_748B.font.lyn.event
[LYN]	Fonts/build/GlyphItem/FontItem_749E.font.lyn.event
[LYN]	Fonts/build/GlyphItem/FontItem_74A8.font.lyn.event
[LYN]	Fonts/build/GlyphItem/FontItem_74A9.font.lyn.event
[LYN]	Fonts/build/GlyphItem/FontItem_7490.font.lyn.event
[LYN]	Fonts/build/GlyphItem/FontItem_74A7.font.lyn.event
[LYN]	Fonts/build/GlyphItem/FontItem_74D2.font.lyn.event
[LYN]	Fonts/build/GlyphItem/FontItem_74BA.font.lyn.event
[LYN]	Fonts/build/GlyphItem/FontItem_97EA.font.lyn.event
[LYN]	Fonts/build/GlyphItem/FontItem_97EB.font.lyn.event
[LYN]	Fonts/build/GlyphItem/FontItem_97EC.font.lyn.event
[LYN]	Fonts/build/GlyphItem/FontItem_674C.font.lyn.event
[LYN]	Fonts/build/GlyphItem/FontItem_6753.font.lyn.event
[LYN]	Fonts/build/GlyphItem/FontItem_675E.font.lyn.event
[LYN]	Fonts/build/GlyphItem/FontItem_6748.font.lyn.event
[LYN]	Fonts/build/GlyphItem/FontItem_6769.font.lyn.event
[LYN]	Fonts/build/GlyphItem/FontItem_67A5.font.lyn.event
[LYN]	Fonts/build/GlyphItem/FontItem_6787.font.lyn.event
[LYN]	Fonts/build/GlyphItem/FontItem_676A.font.lyn.event
[LYN]	Fonts/build/GlyphItem/FontItem_6798.font.lyn.event
[LYN]	Fonts/build/GlyphItem/FontItem_67A7.font.lyn.event
[LYN]	Fonts/build/GlyphItem/FontItem_6775.font.lyn.event
[LYN]	Fonts/build/GlyphItem/FontItem_67A8.font.lyn.event
[LYN]	Fonts/build/GlyphItem/FontItem_679E.font.lyn.event
[LYN]	Fonts/build/GlyphItem/FontItem_67AD.font.lyn.event
[LYN]	Fonts/build/GlyphItem/FontItem_678B.font.lyn.event
[LYN]	Fonts/build/GlyphItem/FontItem_6777.font.lyn.event
[LYN]	Fonts/build/GlyphItem/FontItem_677C.font.lyn.event
[LYN]	Fonts/build/GlyphItem/FontItem_67F0.font.lyn.event
[LYN]	Fonts/build/GlyphItem/FontItem_6809.font.lyn.event
[LYN]	Fonts/build/GlyphItem/FontItem_67D8.font.lyn.event
[LYN]	Fonts/build/GlyphItem/FontItem_680A.font.lyn.event
[LYN]	Fonts/build/GlyphItem/FontItem_67E9.font.lyn.event
[LYN]	Fonts/build/GlyphItem/FontItem_67B0.font.lyn.event
[LYN]	Fonts/build/GlyphItem/FontItem_680C.font.lyn.event
[LYN]	Fonts/build/GlyphItem/FontItem_67D9.font.lyn.event
[LYN]	Fonts/build/GlyphItem/FontItem_67B5.font.lyn.event
[LYN]	Fonts/build/GlyphItem/FontItem_67B3.font.lyn.event
[LYN]	Fonts/build/GlyphItem/FontItem_67DA.font.lyn.event
[LYN]	Fonts/build/GlyphItem/FontItem_67DD.font.lyn.event
[LYN]	Fonts/build/GlyphItem/FontItem_6800.font.lyn.event
[LYN]	Fonts/build/GlyphItem/FontItem_67C3.font.lyn.event
[LYN]	Fonts/build/GlyphItem/FontItem_67B8.font.lyn.event
[LYN]	Fonts/build/GlyphItem/FontItem_67E2.font.lyn.event
[LYN]	Fonts/build/GlyphItem/FontItem_680E.font.lyn.event
[LYN]	Fonts/build/GlyphItem/FontItem_67C1.font.lyn.event
[LYN]	Fonts/build/GlyphItem/FontItem_67FD.font.lyn.event
[LYN]	Fonts/build/GlyphItem/FontItem_6832.font.lyn.event
[LYN]	Fonts/build/GlyphItem/FontItem_6833.font.lyn.event
[LYN]	Fonts/build/GlyphItem/FontItem_6860.font.lyn.event
[LYN]	Fonts/build/GlyphItem/FontItem_6861.font.lyn.event
[LYN]	Fonts/build/GlyphItem/FontItem_684E.font.lyn.event
[LYN]	Fonts/build/GlyphItem/FontItem_6862.font.lyn.event
[LYN]	Fonts/build/GlyphItem/FontItem_6844.font.lyn.event
[LYN]	Fonts/build/GlyphItem/FontItem_6864.font.lyn.event
[LYN]	Fonts/build/GlyphItem/FontItem_6883.font.lyn.event
[LYN]	Fonts/build/GlyphItem/FontItem_681D.font.lyn.event
[LYN]	Fonts/build/GlyphItem/FontItem_6855.font.lyn.event
[LYN]	Fonts/build/GlyphItem/FontItem_6866.font.lyn.event
[LYN]	Fonts/build/GlyphItem/FontItem_6841.font.lyn.event
[LYN]	Fonts/build/GlyphItem/FontItem_6867.font.lyn.event
[LYN]	Fonts/build/GlyphItem/FontItem_6840.font.lyn.event
[LYN]	Fonts/build/GlyphItem/FontItem_683E.font.lyn.event
[LYN]	Fonts/build/GlyphItem/FontItem_6849.font.lyn.event
[LYN]	Fonts/build/GlyphItem/FontItem_6829.font.lyn.event
[LYN]	Fonts/build/GlyphItem/FontItem_684A.font.lyn.event
[LYN]	Fonts/build/GlyphItem/FontItem_68B5.font.lyn.event
[LYN]	Fonts/build/GlyphItem/FontItem_688F.font.lyn.event
[LYN]	Fonts/build/GlyphItem/FontItem_6874.font.lyn.event
[LYN]	Fonts/build/GlyphItem/FontItem_6877.font.lyn.event
[LYN]	Fonts/build/GlyphItem/FontItem_6893.font.lyn.event
[LYN]	Fonts/build/GlyphItem/FontItem_686B.font.lyn.event
[LYN]	Fonts/build/GlyphItem/FontItem_68C2.font.lyn.event
[LYN]	Fonts/build/GlyphItem/FontItem_696E.font.lyn.event
[LYN]	Fonts/build/GlyphItem/FontItem_68FC.font.lyn.event
[LYN]	Fonts/build/GlyphItem/FontItem_691F.font.lyn.event
[LYN]	Fonts/build/GlyphItem/FontItem_6920.font.lyn.event
[LYN]	Fonts/build/GlyphItem/FontItem_68F9.font.lyn.event
[LYN]	Fonts/build/GlyphItem/FontItem_6924.font.lyn.event
[LYN]	Fonts/build/GlyphItem/FontItem_68F0.font.lyn.event
[LYN]	Fonts/build/GlyphItem/FontItem_690B.font.lyn.event
[LYN]	Fonts/build/GlyphItem/FontItem_6901.font.lyn.event
[LYN]	Fonts/build/GlyphItem/FontItem_6957.font.lyn.event
[LYN]	Fonts/build/GlyphItem/FontItem_68E3.font.lyn.event
[LYN]	Fonts/build/GlyphItem/FontItem_6910.font.lyn.event
[LYN]	Fonts/build/GlyphItem/FontItem_6971.font.lyn.event
[LYN]	Fonts/build/GlyphItem/FontItem_6939.font.lyn.event
[LYN]	Fonts/build/GlyphItem/FontItem_6960.font.lyn.event
[LYN]	Fonts/build/GlyphItem/FontItem_6942.font.lyn.event
[LYN]	Fonts/build/GlyphItem/FontItem_695D.font.lyn.event
[LYN]	Fonts/build/GlyphItem/FontItem_6984.font.lyn.event
[LYN]	Fonts/build/GlyphItem/FontItem_696B.font.lyn.event
[LYN]	Fonts/build/GlyphItem/FontItem_6980.font.lyn.event
[LYN]	Fonts/build/GlyphItem/FontItem_6998.font.lyn.event
[LYN]	Fonts/build/GlyphItem/FontItem_6978.font.lyn.event
[LYN]	Fonts/build/GlyphItem/FontItem_6934.font.lyn.event
[LYN]	Fonts/build/GlyphItem/FontItem_69CC.font.lyn.event
[LYN]	Fonts/build/GlyphItem/FontItem_6987.font.lyn.event
[LYN]	Fonts/build/GlyphItem/FontItem_6988.font.lyn.event
[LYN]	Fonts/build/GlyphItem/FontItem_69CE.font.lyn.event
[LYN]	Fonts/build/GlyphItem/FontItem_6989.font.lyn.event
[LYN]	Fonts/build/GlyphItem/FontItem_6966.font.lyn.event
[LYN]	Fonts/build/GlyphItem/FontItem_6963.font.lyn.event
[LYN]	Fonts/build/GlyphItem/FontItem_6979.font.lyn.event
[LYN]	Fonts/build/GlyphItem/FontItem_699B.font.lyn.event
[LYN]	Fonts/build/GlyphItem/FontItem_69A7.font.lyn.event
[LYN]	Fonts/build/GlyphItem/FontItem_69BB.font.lyn.event
[LYN]	Fonts/build/GlyphItem/FontItem_69AB.font.lyn.event
[LYN]	Fonts/build/GlyphItem/FontItem_69AD.font.lyn.event
[LYN]	Fonts/build/GlyphItem/FontItem_69D4.font.lyn.event
[LYN]	Fonts/build/GlyphItem/FontItem_69B1.font.lyn.event
[LYN]	Fonts/build/GlyphItem/FontItem_69C1.font.lyn.event
[LYN]	Fonts/build/GlyphItem/FontItem_69CA.font.lyn.event
[LYN]	Fonts/build/GlyphItem/FontItem_69DF.font.lyn.event
[LYN]	Fonts/build/GlyphItem/FontItem_6995.font.lyn.event
[LYN]	Fonts/build/GlyphItem/FontItem_69E0.font.lyn.event
[LYN]	Fonts/build/GlyphItem/FontItem_698D.font.lyn.event
[LYN]	Fonts/build/GlyphItem/FontItem_69FF.font.lyn.event
[LYN]	Fonts/build/GlyphItem/FontItem_6A2F.font.lyn.event
[LYN]	Fonts/build/GlyphItem/FontItem_69ED.font.lyn.event
[LYN]	Fonts/build/GlyphItem/FontItem_6A17.font.lyn.event
[LYN]	Fonts/build/GlyphItem/FontItem_6A18.font.lyn.event
[LYN]	Fonts/build/GlyphItem/FontItem_6A65.font.lyn.event
[LYN]	Fonts/build/GlyphItem/FontItem_69F2.font.lyn.event
[LYN]	Fonts/build/GlyphItem/FontItem_6A44.font.lyn.event
[LYN]	Fonts/build/GlyphItem/FontItem_6A3E.font.lyn.event
[LYN]	Fonts/build/GlyphItem/FontItem_6AA0.font.lyn.event
[LYN]	Fonts/build/GlyphItem/FontItem_6A50.font.lyn.event
[LYN]	Fonts/build/GlyphItem/FontItem_6A5B.font.lyn.event
[LYN]	Fonts/build/GlyphItem/FontItem_6A35.font.lyn.event
[LYN]	Fonts/build/GlyphItem/FontItem_6A8E.font.lyn.event
[LYN]	Fonts/build/GlyphItem/FontItem_6A79.font.lyn.event
[LYN]	Fonts/build/GlyphItem/FontItem_6A3D.font.lyn.event
[LYN]	Fonts/build/GlyphItem/FontItem_6A28.font.lyn.event
[LYN]	Fonts/build/GlyphItem/FontItem_6A58.font.lyn.event
[LYN]	Fonts/build/GlyphItem/FontItem_6A7C.font.lyn.event
[LYN]	Fonts/build/GlyphItem/FontItem_6A91.font.lyn.event
[LYN]	Fonts/build/GlyphItem/FontItem_6A90.font.lyn.event
[LYN]	Fonts/build/GlyphItem/FontItem_6AA9.font.lyn.event
[LYN]	Fonts/build/GlyphItem/FontItem_6A97.font.lyn.event
[LYN]	Fonts/build/GlyphItem/FontItem_6AAB.font.lyn.event
[LYN]	Fonts/build/GlyphItem/FontItem_7337.font.lyn.event
[LYN]	Fonts/build/GlyphItem/FontItem_7352.font.lyn.event
[LYN]	Fonts/build/GlyphItem/FontItem_6B81.font.lyn.event
[LYN]	Fonts/build/GlyphItem/FontItem_6B82.font.lyn.event
[LYN]	Fonts/build/GlyphItem/FontItem_6B87.font.lyn.event
[LYN]	Fonts/build/GlyphItem/FontItem_6B84.font.lyn.event
[LYN]	Fonts/build/GlyphItem/FontItem_6B92.font.lyn.event
[LYN]	Fonts/build/GlyphItem/FontItem_6B93.font.lyn.event
[LYN]	Fonts/build/GlyphItem/FontItem_6B8D.font.lyn.event
[LYN]	Fonts/build/GlyphItem/FontItem_6B9A.font.lyn.event
[LYN]	Fonts/build/GlyphItem/FontItem_6B9B.font.lyn.event
[LYN]	Fonts/build/GlyphItem/FontItem_6BA1.font.lyn.event
[LYN]	Fonts/build/GlyphItem/FontItem_6BAA.font.lyn.event
[LYN]	Fonts/build/GlyphItem/FontItem_8F6B.font.lyn.event
[LYN]	Fonts/build/GlyphItem/FontItem_8F6D.font.lyn.event
[LYN]	Fonts/build/GlyphItem/FontItem_8F71.font.lyn.event
[LYN]	Fonts/build/GlyphItem/FontItem_8F72.font.lyn.event
[LYN]	Fonts/build/GlyphItem/FontItem_8F73.font.lyn.event
[LYN]	Fonts/build/GlyphItem/FontItem_8F75.font.lyn.event
[LYN]	Fonts/build/GlyphItem/FontItem_8F78.font.lyn.event
[LYN]	Fonts/build/GlyphItem/FontItem_8F76.font.lyn.event
[LYN]	Fonts/build/GlyphItem/FontItem_8F77.font.lyn.event
[LYN]	Fonts/build/GlyphItem/FontItem_8F79.font.lyn.event
[LYN]	Fonts/build/GlyphItem/FontItem_8F7A.font.lyn.event
[LYN]	Fonts/build/GlyphItem/FontItem_8F7C.font.lyn.event
[LYN]	Fonts/build/GlyphItem/FontItem_8F7E.font.lyn.event
[LYN]	Fonts/build/GlyphItem/FontItem_8F81.font.lyn.event
[LYN]	Fonts/build/GlyphItem/FontItem_8F82.font.lyn.event
[LYN]	Fonts/build/GlyphItem/FontItem_8F84.font.lyn.event
[LYN]	Fonts/build/GlyphItem/FontItem_8F87.font.lyn.event
[LYN]	Fonts/build/GlyphItem/FontItem_8F8B.font.lyn.event
[LYN]	Fonts/build/GlyphItem/FontItem_8F8D.font.lyn.event
[LYN]	Fonts/build/GlyphItem/FontItem_8F8E.font.lyn.event
[LYN]	Fonts/build/GlyphItem/FontItem_8F8F.font.lyn.event
[LYN]	Fonts/build/GlyphItem/FontItem_8F98.font.lyn.event
[LYN]	Fonts/build/GlyphItem/FontItem_8F9A.font.lyn.event
[LYN]	Fonts/build/GlyphItem/FontItem_8ECE.font.lyn.event
[LYN]	Fonts/build/GlyphItem/FontItem_620B.font.lyn.event
[LYN]	Fonts/build/GlyphItem/FontItem_6217.font.lyn.event
[LYN]	Fonts/build/GlyphItem/FontItem_621B.font.lyn.event
[LYN]	Fonts/build/GlyphItem/FontItem_6222.font.lyn.event
[LYN]	Fonts/build/GlyphItem/FontItem_6221.font.lyn.event
[LYN]	Fonts/build/GlyphItem/FontItem_6225.font.lyn.event
[LYN]	Fonts/build/GlyphItem/FontItem_6224.font.lyn.event
[LYN]	Fonts/build/GlyphItem/FontItem_622C.font.lyn.event
[LYN]	Fonts/build/GlyphItem/FontItem_81E7.font.lyn.event
[LYN]	Fonts/build/GlyphItem/FontItem_74EF.font.lyn.event
[LYN]	Fonts/build/GlyphItem/FontItem_74F4.font.lyn.event
[LYN]	Fonts/build/GlyphItem/FontItem_74FF.font.lyn.event
[LYN]	Fonts/build/GlyphItem/FontItem_750F.font.lyn.event
[LYN]	Fonts/build/GlyphItem/FontItem_7511.font.lyn.event
[LYN]	Fonts/build/GlyphItem/FontItem_7513.font.lyn.event
[LYN]	Fonts/build/GlyphItem/FontItem_6534.font.lyn.event
[LYN]	Fonts/build/GlyphItem/FontItem_65EE.font.lyn.event
[LYN]	Fonts/build/GlyphItem/FontItem_65EF.font.lyn.event
[LYN]	Fonts/build/GlyphItem/FontItem_65F0.font.lyn.event
[LYN]	Fonts/build/GlyphItem/FontItem_660A.font.lyn.event
[LYN]	Fonts/build/GlyphItem/FontItem_6619.font.lyn.event
[LYN]	Fonts/build/GlyphItem/FontItem_6772.font.lyn.event
[LYN]	Fonts/build/GlyphItem/FontItem_6603.font.lyn.event
[LYN]	Fonts/build/GlyphItem/FontItem_6615.font.lyn.event
[LYN]	Fonts/build/GlyphItem/FontItem_6600.font.lyn.event
[LYN]	Fonts/build/GlyphItem/FontItem_7085.font.lyn.event
[LYN]	Fonts/build/GlyphItem/FontItem_66F7.font.lyn.event
[LYN]	Fonts/build/GlyphItem/FontItem_661D.font.lyn.event
[LYN]	Fonts/build/GlyphItem/FontItem_6634.font.lyn.event
[LYN]	Fonts/build/GlyphItem/FontItem_6631.font.lyn.event
[LYN]	Fonts/build/GlyphItem/FontItem_6636.font.lyn.event
[LYN]	Fonts/build/GlyphItem/FontItem_6635.font.lyn.event
[LYN]	Fonts/build/GlyphItem/FontItem_8006.font.lyn.event
[LYN]	Fonts/build/GlyphItem/FontItem_665F.font.lyn.event
[LYN]	Fonts/build/GlyphItem/FontItem_6654.font.lyn.event
[LYN]	Fonts/build/GlyphItem/FontItem_6641.font.lyn.event
[LYN]	Fonts/build/GlyphItem/FontItem_664F.font.lyn.event
[LYN]	Fonts/build/GlyphItem/FontItem_6656.font.lyn.event
[LYN]	Fonts/build/GlyphItem/FontItem_6661.font.lyn.event
[LYN]	Fonts/build/GlyphItem/FontItem_6657.font.lyn.event
[LYN]	Fonts/build/GlyphItem/FontItem_6677.font.lyn.event
[LYN]	Fonts/build/GlyphItem/FontItem_6684.font.lyn.event
[LYN]	Fonts/build/GlyphItem/FontItem_668C.font.lyn.event
[LYN]	Fonts/build/GlyphItem/FontItem_66A7.font.lyn.event
[LYN]	Fonts/build/GlyphItem/FontItem_669D.font.lyn.event
[LYN]	Fonts/build/GlyphItem/FontItem_66BE.font.lyn.event
[LYN]	Fonts/build/GlyphItem/FontItem_66DB.font.lyn.event
[LYN]	Fonts/build/GlyphItem/FontItem_66E6.font.lyn.event
[LYN]	Fonts/build/GlyphItem/FontItem_66E9.font.lyn.event
[LYN]	Fonts/build/GlyphItem/FontItem_8D32.font.lyn.event
[LYN]	Fonts/build/GlyphItem/FontItem_8D33.font.lyn.event
[LYN]	Fonts/build/GlyphItem/FontItem_8D36.font.lyn.event
[LYN]	Fonts/build/GlyphItem/FontItem_8D3B.font.lyn.event
[LYN]	Fonts/build/GlyphItem/FontItem_8D3D.font.lyn.event
[LYN]	Fonts/build/GlyphItem/FontItem_8D40.font.lyn.event
[LYN]	Fonts/build/GlyphItem/FontItem_8D45.font.lyn.event
[LYN]	Fonts/build/GlyphItem/FontItem_8D46.font.lyn.event
[LYN]	Fonts/build/GlyphItem/FontItem_8D48.font.lyn.event
[LYN]	Fonts/build/GlyphItem/FontItem_8D49.font.lyn.event
[LYN]	Fonts/build/GlyphItem/FontItem_8D47.font.lyn.event
[LYN]	Fonts/build/GlyphItem/FontItem_8D4D.font.lyn.event
[LYN]	Fonts/build/GlyphItem/FontItem_8D55.font.lyn.event
[LYN]	Fonts/build/GlyphItem/FontItem_8D59.font.lyn.event
[LYN]	Fonts/build/GlyphItem/FontItem_89C7.font.lyn.event
[LYN]	Fonts/build/GlyphItem/FontItem_89CA.font.lyn.event
[LYN]	Fonts/build/GlyphItem/FontItem_89CB.font.lyn.event
[LYN]	Fonts/build/GlyphItem/FontItem_89CC.font.lyn.event
[LYN]	Fonts/build/GlyphItem/FontItem_89CE.font.lyn.event
[LYN]	Fonts/build/GlyphItem/FontItem_89CF.font.lyn.event
[LYN]	Fonts/build/GlyphItem/FontItem_89D0.font.lyn.event
[LYN]	Fonts/build/GlyphItem/FontItem_89D1.font.lyn.event
[LYN]	Fonts/build/GlyphItem/FontItem_726E.font.lyn.event
[LYN]	Fonts/build/GlyphItem/FontItem_729F.font.lyn.event
[LYN]	Fonts/build/GlyphItem/FontItem_725D.font.lyn.event
[LYN]	Fonts/build/GlyphItem/FontItem_7266.font.lyn.event
[LYN]	Fonts/build/GlyphItem/FontItem_726F.font.lyn.event
[LYN]	Fonts/build/GlyphItem/FontItem_727E.font.lyn.event
[LYN]	Fonts/build/GlyphItem/FontItem_727F.font.lyn.event
[LYN]	Fonts/build/GlyphItem/FontItem_7284.font.lyn.event
[LYN]	Fonts/build/GlyphItem/FontItem_728B.font.lyn.event
[LYN]	Fonts/build/GlyphItem/FontItem_728D.font.lyn.event
[LYN]	Fonts/build/GlyphItem/FontItem_728F.font.lyn.event
[LYN]	Fonts/build/GlyphItem/FontItem_7292.font.lyn.event
[LYN]	Fonts/build/GlyphItem/FontItem_6308.font.lyn.event
[LYN]	Fonts/build/GlyphItem/FontItem_6332.font.lyn.event
[LYN]	Fonts/build/GlyphItem/FontItem_63B0.font.lyn.event
[LYN]	Fonts/build/GlyphItem/FontItem_643F.font.lyn.event
[LYN]	Fonts/build/GlyphItem/FontItem_64D8.font.lyn.event
[LYN]	Fonts/build/GlyphItem/FontItem_8004.font.lyn.event
[LYN]	Fonts/build/GlyphItem/FontItem_6BEA.font.lyn.event
[LYN]	Fonts/build/GlyphItem/FontItem_6BF3.font.lyn.event
[LYN]	Fonts/build/GlyphItem/FontItem_6BFD.font.lyn.event
[LYN]	Fonts/build/GlyphItem/FontItem_6BF5.font.lyn.event
[LYN]	Fonts/build/GlyphItem/FontItem_6BF9.font.lyn.event
[LYN]	Fonts/build/GlyphItem/FontItem_6C05.font.lyn.event
[LYN]	Fonts/build/GlyphItem/FontItem_6C07.font.lyn.event
[LYN]	Fonts/build/GlyphItem/FontItem_6C06.font.lyn.event
[LYN]	Fonts/build/GlyphItem/FontItem_6C0D.font.lyn.event
[LYN]	Fonts/build/GlyphItem/FontItem_6C15.font.lyn.event
[LYN]	Fonts/build/GlyphItem/FontItem_6C18.font.lyn.event
[LYN]	Fonts/build/GlyphItem/FontItem_6C19.font.lyn.event
[LYN]	Fonts/build/GlyphItem/FontItem_6C1A.font.lyn.event
[LYN]	Fonts/build/GlyphItem/FontItem_6C21.font.lyn.event
[LYN]	Fonts/build/GlyphItem/FontItem_6C29.font.lyn.event
[LYN]	Fonts/build/GlyphItem/FontItem_6C24.font.lyn.event
[LYN]	Fonts/build/GlyphItem/FontItem_6C2A.font.lyn.event
[LYN]	Fonts/build/GlyphItem/FontItem_6C32.font.lyn.event
[LYN]	Fonts/build/GlyphItem/FontItem_6535.font.lyn.event
[LYN]	Fonts/build/GlyphItem/FontItem_6555.font.lyn.event
[LYN]	Fonts/build/GlyphItem/FontItem_656B.font.lyn.event
[LYN]	Fonts/build/GlyphItem/FontItem_724D.font.lyn.event
[LYN]	Fonts/build/GlyphItem/FontItem_7252.font.lyn.event
[LYN]	Fonts/build/GlyphItem/FontItem_7256.font.lyn.event
[LYN]	Fonts/build/GlyphItem/FontItem_7230.font.lyn.event
[LYN]	Fonts/build/GlyphItem/FontItem_8662.font.lyn.event
[LYN]	Fonts/build/GlyphItem/FontItem_5216.font.lyn.event
[LYN]	Fonts/build/GlyphItem/FontItem_809F.font.lyn.event
[LYN]	Fonts/build/GlyphItem/FontItem_809C.font.lyn.event
[LYN]	Fonts/build/GlyphItem/FontItem_8093.font.lyn.event
[LYN]	Fonts/build/GlyphItem/FontItem_80BC.font.lyn.event
[LYN]	Fonts/build/GlyphItem/FontItem_670A.font.lyn.event
[LYN]	Fonts/build/GlyphItem/FontItem_80BD.font.lyn.event
[LYN]	Fonts/build/GlyphItem/FontItem_80B1.font.lyn.event
[LYN]	Fonts/build/GlyphItem/FontItem_80AB.font.lyn.event
[LYN]	Fonts/build/GlyphItem/FontItem_80AD.font.lyn.event
[LYN]	Fonts/build/GlyphItem/FontItem_80B4.font.lyn.event
[LYN]	Fonts/build/GlyphItem/FontItem_80B7.font.lyn.event
[LYN]	Fonts/build/GlyphItem/FontItem_80E7.font.lyn.event
[LYN]	Fonts/build/GlyphItem/FontItem_80E8.font.lyn.event
[LYN]	Fonts/build/GlyphItem/FontItem_80E9.font.lyn.event
[LYN]	Fonts/build/GlyphItem/FontItem_80EA.font.lyn.event
[LYN]	Fonts/build/GlyphItem/FontItem_80DB.font.lyn.event
[LYN]	Fonts/build/GlyphItem/FontItem_80C2.font.lyn.event
[LYN]	Fonts/build/GlyphItem/FontItem_80C4.font.lyn.event
[LYN]	Fonts/build/GlyphItem/FontItem_80D9.font.lyn.event
[LYN]	Fonts/build/GlyphItem/FontItem_80CD.font.lyn.event
[LYN]	Fonts/build/GlyphItem/FontItem_80D7.font.lyn.event
[LYN]	Fonts/build/GlyphItem/FontItem_6710.font.lyn.event
[LYN]	Fonts/build/GlyphItem/FontItem_80DD.font.lyn.event
[LYN]	Fonts/build/GlyphItem/FontItem_80EB.font.lyn.event
[LYN]	Fonts/build/GlyphItem/FontItem_80F1.font.lyn.event
[LYN]	Fonts/build/GlyphItem/FontItem_80F4.font.lyn.event
[LYN]	Fonts/build/GlyphItem/FontItem_80ED.font.lyn.event
[LYN]	Fonts/build/GlyphItem/FontItem_810D.font.lyn.event
[LYN]	Fonts/build/GlyphItem/FontItem_810E.font.lyn.event
[LYN]	Fonts/build/GlyphItem/FontItem_80F2.font.lyn.event
[LYN]	Fonts/build/GlyphItem/FontItem_80FC.font.lyn.event
[LYN]	Fonts/build/GlyphItem/FontItem_6715.font.lyn.event
[LYN]	Fonts/build/GlyphItem/FontItem_8112.font.lyn.event
[LYN]	Fonts/build/GlyphItem/FontItem_8C5A.font.lyn.event
[LYN]	Fonts/build/GlyphItem/FontItem_8136.font.lyn.event
[LYN]	Fonts/build/GlyphItem/FontItem_811E.font.lyn.event
[LYN]	Fonts/build/GlyphItem/FontItem_812C.font.lyn.event
[LYN]	Fonts/build/GlyphItem/FontItem_8118.font.lyn.event
[LYN]	Fonts/build/GlyphItem/FontItem_8132.font.lyn.event
[LYN]	Fonts/build/GlyphItem/FontItem_8148.font.lyn.event
[LYN]	Fonts/build/GlyphItem/FontItem_814C.font.lyn.event
[LYN]	Fonts/build/GlyphItem/FontItem_8153.font.lyn.event
[LYN]	Fonts/build/GlyphItem/FontItem_8174.font.lyn.event
[LYN]	Fonts/build/GlyphItem/FontItem_8159.font.lyn.event
[LYN]	Fonts/build/GlyphItem/FontItem_815A.font.lyn.event
[LYN]	Fonts/build/GlyphItem/FontItem_8171.font.lyn.event
[LYN]	Fonts/build/GlyphItem/FontItem_8160.font.lyn.event
[LYN]	Fonts/build/GlyphItem/FontItem_8169.font.lyn.event
[LYN]	Fonts/build/GlyphItem/FontItem_817C.font.lyn.event
[LYN]	Fonts/build/GlyphItem/FontItem_817D.font.lyn.event
[LYN]	Fonts/build/GlyphItem/FontItem_816D.font.lyn.event
[LYN]	Fonts/build/GlyphItem/FontItem_8167.font.lyn.event
[LYN]	Fonts/build/GlyphItem/FontItem_584D.font.lyn.event
[LYN]	Fonts/build/GlyphItem/FontItem_5AB5.font.lyn.event
[LYN]	Fonts/build/GlyphItem/FontItem_8188.font.lyn.event
[LYN]	Fonts/build/GlyphItem/FontItem_8182.font.lyn.event
[LYN]	Fonts/build/GlyphItem/FontItem_8191.font.lyn.event
[LYN]	Fonts/build/GlyphItem/FontItem_6ED5.font.lyn.event
[LYN]	Fonts/build/GlyphItem/FontItem_81A3.font.lyn.event
[LYN]	Fonts/build/GlyphItem/FontItem_81AA.font.lyn.event
[LYN]	Fonts/build/GlyphItem/FontItem_81CC.font.lyn.event
[LYN]	Fonts/build/GlyphItem/FontItem_6726.font.lyn.event
[LYN]	Fonts/build/GlyphItem/FontItem_81CA.font.lyn.event
[LYN]	Fonts/build/GlyphItem/FontItem_81BB.font.lyn.event
[LYN]	Fonts/build/GlyphItem/FontItem_81C1.font.lyn.event
[LYN]	Fonts/build/GlyphItem/FontItem_81A6.font.lyn.event
[LYN]	Fonts/build/GlyphItem/FontItem_6B24.font.lyn.event
[LYN]	Fonts/build/GlyphItem/FontItem_6B37.font.lyn.event
[LYN]	Fonts/build/GlyphItem/FontItem_6B39.font.lyn.event
[LYN]	Fonts/build/GlyphItem/FontItem_6B43.font.lyn.event
[LYN]	Fonts/build/GlyphItem/FontItem_6B46.font.lyn.event
[LYN]	Fonts/build/GlyphItem/FontItem_6B59.font.lyn.event
[LYN]	Fonts/build/GlyphItem/FontItem_98D1.font.lyn.event
[LYN]	Fonts/build/GlyphItem/FontItem_98D2.font.lyn.event
[LYN]	Fonts/build/GlyphItem/FontItem_98D3.font.lyn.event
[LYN]	Fonts/build/GlyphItem/FontItem_98D5.font.lyn.event
[LYN]	Fonts/build/GlyphItem/FontItem_98D9.font.lyn.event
[LYN]	Fonts/build/GlyphItem/FontItem_98DA.font.lyn.event
[LYN]	Fonts/build/GlyphItem/FontItem_6BB3.font.lyn.event
[LYN]	Fonts/build/GlyphItem/FontItem_5F40.font.lyn.event
[LYN]	Fonts/build/GlyphItem/FontItem_6BC2.font.lyn.event
[LYN]	Fonts/build/GlyphItem/FontItem_89F3.font.lyn.event
[LYN]	Fonts/build/GlyphItem/FontItem_6590.font.lyn.event
[LYN]	Fonts/build/GlyphItem/FontItem_9F51.font.lyn.event
[LYN]	Fonts/build/GlyphItem/FontItem_6593.font.lyn.event
[LYN]	Fonts/build/GlyphItem/FontItem_65BC.font.lyn.event
[LYN]	Fonts/build/GlyphItem/FontItem_65C6.font.lyn.event
[LYN]	Fonts/build/GlyphItem/FontItem_65C4.font.lyn.event
[LYN]	Fonts/build/GlyphItem/FontItem_65C3.font.lyn.event
[LYN]	Fonts/build/GlyphItem/FontItem_65CC.font.lyn.event
[LYN]	Fonts/build/GlyphItem/FontItem_65CE.font.lyn.event
[LYN]	Fonts/build/GlyphItem/FontItem_65D2.font.lyn.event
[LYN]	Fonts/build/GlyphItem/FontItem_65D6.font.lyn.event
[LYN]	Fonts/build/GlyphItem/FontItem_7080.font.lyn.event
[LYN]	Fonts/build/GlyphItem/FontItem_709C.font.lyn.event
[LYN]	Fonts/build/GlyphItem/FontItem_7096.font.lyn.event
[LYN]	Fonts/build/GlyphItem/FontItem_709D.font.lyn.event
[LYN]	Fonts/build/GlyphItem/FontItem_70BB.font.lyn.event
[LYN]	Fonts/build/GlyphItem/FontItem_70C0.font.lyn.event
[LYN]	Fonts/build/GlyphItem/FontItem_70B7.font.lyn.event
[LYN]	Fonts/build/GlyphItem/FontItem_70B1.font.lyn.event
[LYN]	Fonts/build/GlyphItem/FontItem_70AB.font.lyn.event
[LYN]	Fonts/build/GlyphItem/FontItem_70E8.font.lyn.event
[LYN]	Fonts/build/GlyphItem/FontItem_70CA.font.lyn.event
[LYN]	Fonts/build/GlyphItem/FontItem_7110.font.lyn.event
[LYN]	Fonts/build/GlyphItem/FontItem_7113.font.lyn.event
[LYN]	Fonts/build/GlyphItem/FontItem_7116.font.lyn.event
[LYN]	Fonts/build/GlyphItem/FontItem_712F.font.lyn.event
[LYN]	Fonts/build/GlyphItem/FontItem_7131.font.lyn.event
[LYN]	Fonts/build/GlyphItem/FontItem_7173.font.lyn.event
[LYN]	Fonts/build/GlyphItem/FontItem_715C.font.lyn.event
[LYN]	Fonts/build/GlyphItem/FontItem_7168.font.lyn.event
[LYN]	Fonts/build/GlyphItem/FontItem_7145.font.lyn.event
[LYN]	Fonts/build/GlyphItem/FontItem_7172.font.lyn.event
[LYN]	Fonts/build/GlyphItem/FontItem_714A.font.lyn.event
[LYN]	Fonts/build/GlyphItem/FontItem_7178.font.lyn.event
[LYN]	Fonts/build/GlyphItem/FontItem_717A.font.lyn.event
[LYN]	Fonts/build/GlyphItem/FontItem_7198.font.lyn.event
[LYN]	Fonts/build/GlyphItem/FontItem_71B3.font.lyn.event
[LYN]	Fonts/build/GlyphItem/FontItem_71B5.font.lyn.event
[LYN]	Fonts/build/GlyphItem/FontItem_71A8.font.lyn.event
[LYN]	Fonts/build/GlyphItem/FontItem_71A0.font.lyn.event
[LYN]	Fonts/build/GlyphItem/FontItem_71E0.font.lyn.event
[LYN]	Fonts/build/GlyphItem/FontItem_71D4.font.lyn.event
[LYN]	Fonts/build/GlyphItem/FontItem_71E7.font.lyn.event
[LYN]	Fonts/build/GlyphItem/FontItem_71F9.font.lyn.event
[LYN]	Fonts/build/GlyphItem/FontItem_721D.font.lyn.event
[LYN]	Fonts/build/GlyphItem/FontItem_7228.font.lyn.event
[LYN]	Fonts/build/GlyphItem/FontItem_706C.font.lyn.event
[LYN]	Fonts/build/GlyphItem/FontItem_7118.font.lyn.event
[LYN]	Fonts/build/GlyphItem/FontItem_7166.font.lyn.event
[LYN]	Fonts/build/GlyphItem/FontItem_71B9.font.lyn.event
[LYN]	Fonts/build/GlyphItem/FontItem_623E.font.lyn.event
[LYN]	Fonts/build/GlyphItem/FontItem_623D.font.lyn.event
[LYN]	Fonts/build/GlyphItem/FontItem_6243.font.lyn.event
[LYN]	Fonts/build/GlyphItem/FontItem_6248.font.lyn.event
[LYN]	Fonts/build/GlyphItem/FontItem_6249.font.lyn.event
[LYN]	Fonts/build/GlyphItem/FontItem_793B.font.lyn.event
[LYN]	Fonts/build/GlyphItem/FontItem_7940.font.lyn.event
[LYN]	Fonts/build/GlyphItem/FontItem_7946.font.lyn.event
[LYN]	Fonts/build/GlyphItem/FontItem_7949.font.lyn.event
[LYN]	Fonts/build/GlyphItem/FontItem_795B.font.lyn.event
[LYN]	Fonts/build/GlyphItem/FontItem_795C.font.lyn.event
[LYN]	Fonts/build/GlyphItem/FontItem_7953.font.lyn.event
[LYN]	Fonts/build/GlyphItem/FontItem_795A.font.lyn.event
[LYN]	Fonts/build/GlyphItem/FontItem_7962.font.lyn.event
[LYN]	Fonts/build/GlyphItem/FontItem_7957.font.lyn.event
[LYN]	Fonts/build/GlyphItem/FontItem_7960.font.lyn.event
[LYN]	Fonts/build/GlyphItem/FontItem_796F.font.lyn.event
[LYN]	Fonts/build/GlyphItem/FontItem_7967.font.lyn.event
[LYN]	Fonts/build/GlyphItem/FontItem_797A.font.lyn.event
[LYN]	Fonts/build/GlyphItem/FontItem_798A.font.lyn.event
[LYN]	Fonts/build/GlyphItem/FontItem_799A.font.lyn.event
[LYN]	Fonts/build/GlyphItem/FontItem_79A7.font.lyn.event
[LYN]	Fonts/build/GlyphItem/FontItem_79B3.font.lyn.event
[LYN]	Fonts/build/GlyphItem/FontItem_5FD1.font.lyn.event
[LYN]	Fonts/build/GlyphItem/FontItem_5FD0.font.lyn.event
[LYN]	Fonts/build/GlyphItem/FontItem_603C.font.lyn.event
[LYN]	Fonts/build/GlyphItem/FontItem_605D.font.lyn.event
[LYN]	Fonts/build/GlyphItem/FontItem_605A.font.lyn.event
[LYN]	Fonts/build/GlyphItem/FontItem_6067.font.lyn.event
[LYN]	Fonts/build/GlyphItem/FontItem_6041.font.lyn.event
[LYN]	Fonts/build/GlyphItem/FontItem_6059.font.lyn.event
[LYN]	Fonts/build/GlyphItem/FontItem_6063.font.lyn.event
[LYN]	Fonts/build/GlyphItem/FontItem_60AB.font.lyn.event
[LYN]	Fonts/build/GlyphItem/FontItem_6106.font.lyn.event
[LYN]	Fonts/build/GlyphItem/FontItem_610D.font.lyn.event
[LYN]	Fonts/build/GlyphItem/FontItem_615D.font.lyn.event
[LYN]	Fonts/build/GlyphItem/FontItem_619D.font.lyn.event
[LYN]	Fonts/build/GlyphItem/FontItem_61CB.font.lyn.event
[LYN]	Fonts/build/GlyphItem/FontItem_61D1.font.lyn.event
[LYN]	Fonts/build/GlyphItem/FontItem_6206.font.lyn.event
[LYN]	Fonts/build/GlyphItem/FontItem_807F.font.lyn.event
[LYN]	Fonts/build/GlyphItem/FontItem_8080.font.lyn.event
[LYN]	Fonts/build/GlyphItem/FontItem_6C93.font.lyn.event
[LYN]	Fonts/build/GlyphItem/FontItem_6CF6.font.lyn.event
[LYN]	Fonts/build/GlyphItem/FontItem_77F6.font.lyn.event
[LYN]	Fonts/build/GlyphItem/FontItem_77F8.font.lyn.event
[LYN]	Fonts/build/GlyphItem/FontItem_6DFC.font.lyn.event
[LYN]	Fonts/build/GlyphItem/FontItem_7800.font.lyn.event
[LYN]	Fonts/build/GlyphItem/FontItem_7809.font.lyn.event
[LYN]	Fonts/build/GlyphItem/FontItem_7817.font.lyn.event
[LYN]	Fonts/build/GlyphItem/FontItem_7818.font.lyn.event
[LYN]	Fonts/build/GlyphItem/FontItem_7811.font.lyn.event
[LYN]	Fonts/build/GlyphItem/FontItem_65AB.font.lyn.event
[LYN]	Fonts/build/GlyphItem/FontItem_782D.font.lyn.event
[LYN]	Fonts/build/GlyphItem/FontItem_781C.font.lyn.event
[LYN]	Fonts/build/GlyphItem/FontItem_781D.font.lyn.event
[LYN]	Fonts/build/GlyphItem/FontItem_7839.font.lyn.event
[LYN]	Fonts/build/GlyphItem/FontItem_783A.font.lyn.event
[LYN]	Fonts/build/GlyphItem/FontItem_783B.font.lyn.event
[LYN]	Fonts/build/GlyphItem/FontItem_781F.font.lyn.event
[LYN]	Fonts/build/GlyphItem/FontItem_783C.font.lyn.event
[LYN]	Fonts/build/GlyphItem/FontItem_7825.font.lyn.event
[LYN]	Fonts/build/GlyphItem/FontItem_782C.font.lyn.event
[LYN]	Fonts/build/GlyphItem/FontItem_7823.font.lyn.event
[LYN]	Fonts/build/GlyphItem/FontItem_784E.font.lyn.event
[LYN]	Fonts/build/GlyphItem/FontItem_7829.font.lyn.event
[LYN]	Fonts/build/GlyphItem/FontItem_786D.font.lyn.event
[LYN]	Fonts/build/GlyphItem/FontItem_7856.font.lyn.event
[LYN]	Fonts/build/GlyphItem/FontItem_7857.font.lyn.event
[LYN]	Fonts/build/GlyphItem/FontItem_7826.font.lyn.event
[LYN]	Fonts/build/GlyphItem/FontItem_7850.font.lyn.event
[LYN]	Fonts/build/GlyphItem/FontItem_7847.font.lyn.event
[LYN]	Fonts/build/GlyphItem/FontItem_784C.font.lyn.event
[LYN]	Fonts/build/GlyphItem/FontItem_786A.font.lyn.event
[LYN]	Fonts/build/GlyphItem/FontItem_789B.font.lyn.event
[LYN]	Fonts/build/GlyphItem/FontItem_7893.font.lyn.event
[LYN]	Fonts/build/GlyphItem/FontItem_789A.font.lyn.event
[LYN]	Fonts/build/GlyphItem/FontItem_7887.font.lyn.event
[LYN]	Fonts/build/GlyphItem/FontItem_789C.font.lyn.event
[LYN]	Fonts/build/GlyphItem/FontItem_78A1.font.lyn.event
[LYN]	Fonts/build/GlyphItem/FontItem_78A3.font.lyn.event
[LYN]	Fonts/build/GlyphItem/FontItem_78B2.font.lyn.event
[LYN]	Fonts/build/GlyphItem/FontItem_78B9.font.lyn.event
[LYN]	Fonts/build/GlyphItem/FontItem_78A5.font.lyn.event
[LYN]	Fonts/build/GlyphItem/FontItem_78D4.font.lyn.event
[LYN]	Fonts/build/GlyphItem/FontItem_78D9.font.lyn.event
[LYN]	Fonts/build/GlyphItem/FontItem_78C9.font.lyn.event
[LYN]	Fonts/build/GlyphItem/FontItem_78EC.font.lyn.event
[LYN]	Fonts/build/GlyphItem/FontItem_78F2.font.lyn.event
[LYN]	Fonts/build/GlyphItem/FontItem_7905.font.lyn.event
[LYN]	Fonts/build/GlyphItem/FontItem_78F4.font.lyn.event
[LYN]	Fonts/build/GlyphItem/FontItem_7913.font.lyn.event
[LYN]	Fonts/build/GlyphItem/FontItem_7924.font.lyn.event
[LYN]	Fonts/build/GlyphItem/FontItem_791E.font.lyn.event
[LYN]	Fonts/build/GlyphItem/FontItem_7934.font.lyn.event
[LYN]	Fonts/build/GlyphItem/FontItem_9F9B.font.lyn.event
[LYN]	Fonts/build/GlyphItem/FontItem_9EF9.font.lyn.event
[LYN]	Fonts/build/GlyphItem/FontItem_9EFB.font.lyn.event
[LYN]	Fonts/build/GlyphItem/FontItem_9EFC.font.lyn.event
[LYN]	Fonts/build/GlyphItem/FontItem_76F1.font.lyn.event
[LYN]	Fonts/build/GlyphItem/FontItem_7704.font.lyn.event
[LYN]	Fonts/build/GlyphItem/FontItem_770D.font.lyn.event
[LYN]	Fonts/build/GlyphItem/FontItem_76F9.font.lyn.event
[LYN]	Fonts/build/GlyphItem/FontItem_7707.font.lyn.event
[LYN]	Fonts/build/GlyphItem/FontItem_7708.font.lyn.event
[LYN]	Fonts/build/GlyphItem/FontItem_771A.font.lyn.event
[LYN]	Fonts/build/GlyphItem/FontItem_7722.font.lyn.event
[LYN]	Fonts/build/GlyphItem/FontItem_7719.font.lyn.event
[LYN]	Fonts/build/GlyphItem/FontItem_772D.font.lyn.event
[LYN]	Fonts/build/GlyphItem/FontItem_7726.font.lyn.event
[LYN]	Fonts/build/GlyphItem/FontItem_7735.font.lyn.event
[LYN]	Fonts/build/GlyphItem/FontItem_7738.font.lyn.event
[LYN]	Fonts/build/GlyphItem/FontItem_7750.font.lyn.event
[LYN]	Fonts/build/GlyphItem/FontItem_7751.font.lyn.event
[LYN]	Fonts/build/GlyphItem/FontItem_7747.font.lyn.event
[LYN]	Fonts/build/GlyphItem/FontItem_7743.font.lyn.event
[LYN]	Fonts/build/GlyphItem/FontItem_775A.font.lyn.event
[LYN]	Fonts/build/GlyphItem/FontItem_7768.font.lyn.event
[LYN]	Fonts/build/GlyphItem/FontItem_7762.font.lyn.event
[LYN]	Fonts/build/GlyphItem/FontItem_7765.font.lyn.event
[LYN]	Fonts/build/GlyphItem/FontItem_777F.font.lyn.event
[LYN]	Fonts/build/GlyphItem/FontItem_778D.font.lyn.event
[LYN]	Fonts/build/GlyphItem/FontItem_777D.font.lyn.event
[LYN]	Fonts/build/GlyphItem/FontItem_7780.font.lyn.event
[LYN]	Fonts/build/GlyphItem/FontItem_778C.font.lyn.event
[LYN]	Fonts/build/GlyphItem/FontItem_7791.font.lyn.event
[LYN]	Fonts/build/GlyphItem/FontItem_779F.font.lyn.event
[LYN]	Fonts/build/GlyphItem/FontItem_77A0.font.lyn.event
[LYN]	Fonts/build/GlyphItem/FontItem_77B0.font.lyn.event
[LYN]	Fonts/build/GlyphItem/FontItem_77B5.font.lyn.event
[LYN]	Fonts/build/GlyphItem/FontItem_77BD.font.lyn.event
[LYN]	Fonts/build/GlyphItem/FontItem_7540.font.lyn.event
[LYN]	Fonts/build/GlyphItem/FontItem_754E.font.lyn.event
[LYN]	Fonts/build/GlyphItem/FontItem_754B.font.lyn.event
[LYN]	Fonts/build/GlyphItem/FontItem_7548.font.lyn.event
[LYN]	Fonts/build/GlyphItem/FontItem_755B.font.lyn.event
[LYN]	Fonts/build/GlyphItem/FontItem_7572.font.lyn.event
[LYN]	Fonts/build/GlyphItem/FontItem_7579.font.lyn.event
[LYN]	Fonts/build/GlyphItem/FontItem_7583.font.lyn.event
[LYN]	Fonts/build/GlyphItem/FontItem_7F58.font.lyn.event
[LYN]	Fonts/build/GlyphItem/FontItem_7F61.font.lyn.event
[LYN]	Fonts/build/GlyphItem/FontItem_7F5F.font.lyn.event
[LYN]	Fonts/build/GlyphItem/FontItem_8A48.font.lyn.event
[LYN]	Fonts/build/GlyphItem/FontItem_7F68.font.lyn.event
[LYN]	Fonts/build/GlyphItem/FontItem_7F74.font.lyn.event
[LYN]	Fonts/build/GlyphItem/FontItem_7F71.font.lyn.event
[LYN]	Fonts/build/GlyphItem/FontItem_7F79.font.lyn.event
[LYN]	Fonts/build/GlyphItem/FontItem_7F7E.font.lyn.event
[LYN]	Fonts/build/GlyphItem/FontItem_76CD.font.lyn.event
[LYN]	Fonts/build/GlyphItem/FontItem_76E5.font.lyn.event
[LYN]	Fonts/build/GlyphItem/FontItem_8832.font.lyn.event
[LYN]	Fonts/build/GlyphItem/FontItem_9485.font.lyn.event
[LYN]	Fonts/build/GlyphItem/FontItem_9486.font.lyn.event
[LYN]	Fonts/build/GlyphItem/FontItem_9487.font.lyn.event
[LYN]	Fonts/build/GlyphItem/FontItem_948B.font.lyn.event
[LYN]	Fonts/build/GlyphItem/FontItem_948A.font.lyn.event
[LYN]	Fonts/build/GlyphItem/FontItem_948C.font.lyn.event
[LYN]	Fonts/build/GlyphItem/FontItem_948D.font.lyn.event
[LYN]	Fonts/build/GlyphItem/FontItem_948F.font.lyn.event
[LYN]	Fonts/build/GlyphItem/FontItem_9490.font.lyn.event
[LYN]	Fonts/build/GlyphItem/FontItem_9494.font.lyn.event
[LYN]	Fonts/build/GlyphItem/FontItem_9497.font.lyn.event
[LYN]	Fonts/build/GlyphItem/FontItem_9495.font.lyn.event
[LYN]	Fonts/build/GlyphItem/FontItem_949A.font.lyn.event
[LYN]	Fonts/build/GlyphItem/FontItem_949B.font.lyn.event
[LYN]	Fonts/build/GlyphItem/FontItem_949C.font.lyn.event
[LYN]	Fonts/build/GlyphItem/FontItem_94A3.font.lyn.event
[LYN]	Fonts/build/GlyphItem/FontItem_94A4.font.lyn.event
[LYN]	Fonts/build/GlyphItem/FontItem_94AB.font.lyn.event
[LYN]	Fonts/build/GlyphItem/FontItem_94AA.font.lyn.event
[LYN]	Fonts/build/GlyphItem/FontItem_94AD.font.lyn.event
[LYN]	Fonts/build/GlyphItem/FontItem_94AC.font.lyn.event
[LYN]	Fonts/build/GlyphItem/FontItem_94AF.font.lyn.event
[LYN]	Fonts/build/GlyphItem/FontItem_94B0.font.lyn.event
[LYN]	Fonts/build/GlyphItem/FontItem_94B2.font.lyn.event
[LYN]	Fonts/build/GlyphItem/FontItem_94B4.font.lyn.event
[LYN]	Fonts/build/GlyphItem/FontItem_94B6.font.lyn.event
[LYN]	Fonts/build/GlyphItem/FontItem_94B7.font.lyn.event
[LYN]	Fonts/build/GlyphItem/FontItem_94B8.font.lyn.event
[LYN]	Fonts/build/GlyphItem/FontItem_94B9.font.lyn.event
[LYN]	Fonts/build/GlyphItem/FontItem_94BA.font.lyn.event
[LYN]	Fonts/build/GlyphItem/FontItem_94BC.font.lyn.event
[LYN]	Fonts/build/GlyphItem/FontItem_94BD.font.lyn.event
[LYN]	Fonts/build/GlyphItem/FontItem_94BF.font.lyn.event
[LYN]	Fonts/build/GlyphItem/FontItem_94C4.font.lyn.event
[LYN]	Fonts/build/GlyphItem/FontItem_94C8.font.lyn.event
[LYN]	Fonts/build/GlyphItem/FontItem_94CA.font.lyn.event
[LYN]	Fonts/build/GlyphItem/FontItem_94C9.font.lyn.event
[LYN]	Fonts/build/GlyphItem/FontItem_94CB.font.lyn.event
[LYN]	Fonts/build/GlyphItem/FontItem_94CC.font.lyn.event
[LYN]	Fonts/build/GlyphItem/FontItem_94CD.font.lyn.event
[LYN]	Fonts/build/GlyphItem/FontItem_94CE.font.lyn.event
[LYN]	Fonts/build/GlyphItem/FontItem_94D0.font.lyn.event
[LYN]	Fonts/build/GlyphItem/FontItem_94D1.font.lyn.event
[LYN]	Fonts/build/GlyphItem/FontItem_94D2.font.lyn.event
[LYN]	Fonts/build/GlyphItem/FontItem_94D5.font.lyn.event
[LYN]	Fonts/build/GlyphItem/FontItem_94D6.font.lyn.event
[LYN]	Fonts/build/GlyphItem/FontItem_94D7.font.lyn.event
[LYN]	Fonts/build/GlyphItem/FontItem_94D9.font.lyn.event
[LYN]	Fonts/build/GlyphItem/FontItem_94D8.font.lyn.event
[LYN]	Fonts/build/GlyphItem/FontItem_94DB.font.lyn.event
[LYN]	Fonts/build/GlyphItem/FontItem_94DE.font.lyn.event
[LYN]	Fonts/build/GlyphItem/FontItem_94DF.font.lyn.event
[LYN]	Fonts/build/GlyphItem/FontItem_94E2.font.lyn.event
[LYN]	Fonts/build/GlyphItem/FontItem_94E4.font.lyn.event
[LYN]	Fonts/build/GlyphItem/FontItem_94E5.font.lyn.event
[LYN]	Fonts/build/GlyphItem/FontItem_94E7.font.lyn.event
[LYN]	Fonts/build/GlyphItem/FontItem_94E8.font.lyn.event
[LYN]	Fonts/build/GlyphItem/FontItem_94EA.font.lyn.event
[LYN]	Fonts/build/GlyphItem/FontItem_94E9.font.lyn.event
[LYN]	Fonts/build/GlyphItem/FontItem_94EB.font.lyn.event
[LYN]	Fonts/build/GlyphItem/FontItem_94EE.font.lyn.event
[LYN]	Fonts/build/GlyphItem/FontItem_94EF.font.lyn.event
[LYN]	Fonts/build/GlyphItem/FontItem_94F3.font.lyn.event
[LYN]	Fonts/build/GlyphItem/FontItem_94F4.font.lyn.event
[LYN]	Fonts/build/GlyphItem/FontItem_94F5.font.lyn.event
[LYN]	Fonts/build/GlyphItem/FontItem_94F7.font.lyn.event
[LYN]	Fonts/build/GlyphItem/FontItem_94F9.font.lyn.event
[LYN]	Fonts/build/GlyphItem/FontItem_94FC.font.lyn.event
[LYN]	Fonts/build/GlyphItem/FontItem_94FD.font.lyn.event
[LYN]	Fonts/build/GlyphItem/FontItem_94FF.font.lyn.event
[LYN]	Fonts/build/GlyphItem/FontItem_9503.font.lyn.event
[LYN]	Fonts/build/GlyphItem/FontItem_9502.font.lyn.event
[LYN]	Fonts/build/GlyphItem/FontItem_9506.font.lyn.event
[LYN]	Fonts/build/GlyphItem/FontItem_9507.font.lyn.event
[LYN]	Fonts/build/GlyphItem/FontItem_9509.font.lyn.event
[LYN]	Fonts/build/GlyphItem/FontItem_950A.font.lyn.event
[LYN]	Fonts/build/GlyphItem/FontItem_950D.font.lyn.event
[LYN]	Fonts/build/GlyphItem/FontItem_950E.font.lyn.event
[LYN]	Fonts/build/GlyphItem/FontItem_950F.font.lyn.event
[LYN]	Fonts/build/GlyphItem/FontItem_9512.font.lyn.event
[LYN]	Fonts/build/GlyphItem/FontItem_9513.font.lyn.event
[LYN]	Fonts/build/GlyphItem/FontItem_9514.font.lyn.event
[LYN]	Fonts/build/GlyphItem/FontItem_9515.font.lyn.event
[LYN]	Fonts/build/GlyphItem/FontItem_9516.font.lyn.event
[LYN]	Fonts/build/GlyphItem/FontItem_9518.font.lyn.event
[LYN]	Fonts/build/GlyphItem/FontItem_951B.font.lyn.event
[LYN]	Fonts/build/GlyphItem/FontItem_951D.font.lyn.event
[LYN]	Fonts/build/GlyphItem/FontItem_951E.font.lyn.event
[LYN]	Fonts/build/GlyphItem/FontItem_951F.font.lyn.event
[LYN]	Fonts/build/GlyphItem/FontItem_9522.font.lyn.event
[LYN]	Fonts/build/GlyphItem/FontItem_952A.font.lyn.event
[LYN]	Fonts/build/GlyphItem/FontItem_952B.font.lyn.event
[LYN]	Fonts/build/GlyphItem/FontItem_9529.font.lyn.event
[LYN]	Fonts/build/GlyphItem/FontItem_9531.font.lyn.event
[LYN]	Fonts/build/GlyphItem/FontItem_9532.font.lyn.event
[LYN]	Fonts/build/GlyphItem/FontItem_9534.font.lyn.event
[LYN]	Fonts/build/GlyphItem/FontItem_952C.font.lyn.event
[LYN]	Fonts/build/GlyphItem/FontItem_9536.font.lyn.event
[LYN]	Fonts/build/GlyphItem/FontItem_9537.font.lyn.event
[LYN]	Fonts/build/GlyphItem/FontItem_9538.font.lyn.event
[LYN]	Fonts/build/GlyphItem/FontItem_953C.font.lyn.event
[LYN]	Fonts/build/GlyphItem/FontItem_953E.font.lyn.event
[LYN]	Fonts/build/GlyphItem/FontItem_953F.font.lyn.event
[LYN]	Fonts/build/GlyphItem/FontItem_9542.font.lyn.event
[LYN]	Fonts/build/GlyphItem/FontItem_9535.font.lyn.event
[LYN]	Fonts/build/GlyphItem/FontItem_9544.font.lyn.event
[LYN]	Fonts/build/GlyphItem/FontItem_9545.font.lyn.event
[LYN]	Fonts/build/GlyphItem/FontItem_9546.font.lyn.event
[LYN]	Fonts/build/GlyphItem/FontItem_9549.font.lyn.event
[LYN]	Fonts/build/GlyphItem/FontItem_954C.font.lyn.event
[LYN]	Fonts/build/GlyphItem/FontItem_954E.font.lyn.event
[LYN]	Fonts/build/GlyphItem/FontItem_954F.font.lyn.event
[LYN]	Fonts/build/GlyphItem/FontItem_9553.font.lyn.event
[LYN]	Fonts/build/GlyphItem/FontItem_9552.font.lyn.event
[LYN]	Fonts/build/GlyphItem/FontItem_9554.font.lyn.event
[LYN]	Fonts/build/GlyphItem/FontItem_9557.font.lyn.event
[LYN]	Fonts/build/GlyphItem/FontItem_9558.font.lyn.event
[LYN]	Fonts/build/GlyphItem/FontItem_9559.font.lyn.event
[LYN]	Fonts/build/GlyphItem/FontItem_955B.font.lyn.event
[LYN]	Fonts/build/GlyphItem/FontItem_955E.font.lyn.event
[LYN]	Fonts/build/GlyphItem/FontItem_955F.font.lyn.event
[LYN]	Fonts/build/GlyphItem/FontItem_955D.font.lyn.event
[LYN]	Fonts/build/GlyphItem/FontItem_9561.font.lyn.event
[LYN]	Fonts/build/GlyphItem/FontItem_9562.font.lyn.event
[LYN]	Fonts/build/GlyphItem/FontItem_9564.font.lyn.event
[LYN]	Fonts/build/GlyphItem/FontItem_9565.font.lyn.event
[LYN]	Fonts/build/GlyphItem/FontItem_9566.font.lyn.event
[LYN]	Fonts/build/GlyphItem/FontItem_9567.font.lyn.event
[LYN]	Fonts/build/GlyphItem/FontItem_9568.font.lyn.event
[LYN]	Fonts/build/GlyphItem/FontItem_9569.font.lyn.event
[LYN]	Fonts/build/GlyphItem/FontItem_956A.font.lyn.event
[LYN]	Fonts/build/GlyphItem/FontItem_956B.font.lyn.event
[LYN]	Fonts/build/GlyphItem/FontItem_956C.font.lyn.event
[LYN]	Fonts/build/GlyphItem/FontItem_956F.font.lyn.event
[LYN]	Fonts/build/GlyphItem/FontItem_9571.font.lyn.event
[LYN]	Fonts/build/GlyphItem/FontItem_9572.font.lyn.event
[LYN]	Fonts/build/GlyphItem/FontItem_9573.font.lyn.event
[LYN]	Fonts/build/GlyphItem/FontItem_953A.font.lyn.event
[LYN]	Fonts/build/GlyphItem/FontItem_77E7.font.lyn.event
[LYN]	Fonts/build/GlyphItem/FontItem_77EC.font.lyn.event
[LYN]	Fonts/build/GlyphItem/FontItem_96C9.font.lyn.event
[LYN]	Fonts/build/GlyphItem/FontItem_79D5.font.lyn.event
[LYN]	Fonts/build/GlyphItem/FontItem_79ED.font.lyn.event
[LYN]	Fonts/build/GlyphItem/FontItem_79E3.font.lyn.event
[LYN]	Fonts/build/GlyphItem/FontItem_79EB.font.lyn.event
[LYN]	Fonts/build/GlyphItem/FontItem_7A06.font.lyn.event
[LYN]	Fonts/build/GlyphItem/FontItem_5D47.font.lyn.event
[LYN]	Fonts/build/GlyphItem/FontItem_7A03.font.lyn.event
[LYN]	Fonts/build/GlyphItem/FontItem_7A02.font.lyn.event
[LYN]	Fonts/build/GlyphItem/FontItem_7A1E.font.lyn.event
[LYN]	Fonts/build/GlyphItem/FontItem_7A14.font.lyn.event
[LYN]	Fonts/build/GlyphItem/FontItem_7A39.font.lyn.event
[LYN]	Fonts/build/GlyphItem/FontItem_7A37.font.lyn.event
[LYN]	Fonts/build/GlyphItem/FontItem_7A51.font.lyn.event
[LYN]	Fonts/build/GlyphItem/FontItem_9ECF.font.lyn.event
[LYN]	Fonts/build/GlyphItem/FontItem_99A5.font.lyn.event
[LYN]	Fonts/build/GlyphItem/FontItem_7A70.font.lyn.event
[LYN]	Fonts/build/GlyphItem/FontItem_7688.font.lyn.event
[LYN]	Fonts/build/GlyphItem/FontItem_768E.font.lyn.event
[LYN]	Fonts/build/GlyphItem/FontItem_7693.font.lyn.event
[LYN]	Fonts/build/GlyphItem/FontItem_7699.font.lyn.event
[LYN]	Fonts/build/GlyphItem/FontItem_76A4.font.lyn.event
[LYN]	Fonts/build/GlyphItem/FontItem_74DE.font.lyn.event
[LYN]	Fonts/build/GlyphItem/FontItem_74E0.font.lyn.event
[LYN]	Fonts/build/GlyphItem/FontItem_752C.font.lyn.event
[LYN]	Fonts/build/GlyphItem/FontItem_9E20.font.lyn.event
[LYN]	Fonts/build/GlyphItem/FontItem_9E22.font.lyn.event
[LYN]	Fonts/build/GlyphItem/FontItem_9E28.font.lyn.event
[LYN]	Fonts/build/GlyphItem/FontItem_9E29.font.lyn.event
[LYN]	Fonts/build/GlyphItem/FontItem_9E2A.font.lyn.event
[LYN]	Fonts/build/GlyphItem/FontItem_9E2B.font.lyn.event
[LYN]	Fonts/build/GlyphItem/FontItem_9E2C.font.lyn.event
[LYN]	Fonts/build/GlyphItem/FontItem_9E32.font.lyn.event
[LYN]	Fonts/build/GlyphItem/FontItem_9E31.font.lyn.event
[LYN]	Fonts/build/GlyphItem/FontItem_9E36.font.lyn.event
[LYN]	Fonts/build/GlyphItem/FontItem_9E38.font.lyn.event
[LYN]	Fonts/build/GlyphItem/FontItem_9E37.font.lyn.event
[LYN]	Fonts/build/GlyphItem/FontItem_9E39.font.lyn.event
[LYN]	Fonts/build/GlyphItem/FontItem_9E3A.font.lyn.event
[LYN]	Fonts/build/GlyphItem/FontItem_9E3E.font.lyn.event
[LYN]	Fonts/build/GlyphItem/FontItem_9E41.font.lyn.event
[LYN]	Fonts/build/GlyphItem/FontItem_9E42.font.lyn.event
[LYN]	Fonts/build/GlyphItem/FontItem_9E44.font.lyn.event
[LYN]	Fonts/build/GlyphItem/FontItem_9E46.font.lyn.event
[LYN]	Fonts/build/GlyphItem/FontItem_9E47.font.lyn.event
[LYN]	Fonts/build/GlyphItem/FontItem_9E48.font.lyn.event
[LYN]	Fonts/build/GlyphItem/FontItem_9E49.font.lyn.event
[LYN]	Fonts/build/GlyphItem/FontItem_9E4B.font.lyn.event
[LYN]	Fonts/build/GlyphItem/FontItem_9E4E.font.lyn.event
[LYN]	Fonts/build/GlyphItem/FontItem_9E51.font.lyn.event
[LYN]	Fonts/build/GlyphItem/FontItem_9E55.font.lyn.event
[LYN]	Fonts/build/GlyphItem/FontItem_9E57.font.lyn.event
[LYN]	Fonts/build/GlyphItem/FontItem_9E4C.font.lyn.event
[LYN]	Fonts/build/GlyphItem/FontItem_9E5A.font.lyn.event
[LYN]	Fonts/build/GlyphItem/FontItem_9E5B.font.lyn.event
[LYN]	Fonts/build/GlyphItem/FontItem_9E5C.font.lyn.event
[LYN]	Fonts/build/GlyphItem/FontItem_9E5E.font.lyn.event
[LYN]	Fonts/build/GlyphItem/FontItem_9E63.font.lyn.event
[LYN]	Fonts/build/GlyphItem/FontItem_9E66.font.lyn.event
[LYN]	Fonts/build/GlyphItem/FontItem_9E67.font.lyn.event
[LYN]	Fonts/build/GlyphItem/FontItem_9E68.font.lyn.event
[LYN]	Fonts/build/GlyphItem/FontItem_9E69.font.lyn.event
[LYN]	Fonts/build/GlyphItem/FontItem_9E6A.font.lyn.event
[LYN]	Fonts/build/GlyphItem/FontItem_9E6B.font.lyn.event
[LYN]	Fonts/build/GlyphItem/FontItem_9E6C.font.lyn.event
[LYN]	Fonts/build/GlyphItem/FontItem_9E71.font.lyn.event
[LYN]	Fonts/build/GlyphItem/FontItem_9E6D.font.lyn.event
[LYN]	Fonts/build/GlyphItem/FontItem_9E73.font.lyn.event
[LYN]	Fonts/build/GlyphItem/FontItem_7592.font.lyn.event
[LYN]	Fonts/build/GlyphItem/FontItem_7594.font.lyn.event
[LYN]	Fonts/build/GlyphItem/FontItem_7596.font.lyn.event
[LYN]	Fonts/build/GlyphItem/FontItem_759D.font.lyn.event
[LYN]	Fonts/build/GlyphItem/FontItem_75A0.font.lyn.event
[LYN]	Fonts/build/GlyphItem/FontItem_75AC.font.lyn.event
[LYN]	Fonts/build/GlyphItem/FontItem_75A3.font.lyn.event
[LYN]	Fonts/build/GlyphItem/FontItem_75B3.font.lyn.event
[LYN]	Fonts/build/GlyphItem/FontItem_75B4.font.lyn.event
[LYN]	Fonts/build/GlyphItem/FontItem_75B8.font.lyn.event
[LYN]	Fonts/build/GlyphItem/FontItem_75C4.font.lyn.event
[LYN]	Fonts/build/GlyphItem/FontItem_75B1.font.lyn.event
[LYN]	Fonts/build/GlyphItem/FontItem_75B0.font.lyn.event
[LYN]	Fonts/build/GlyphItem/FontItem_75C3.font.lyn.event
[LYN]	Fonts/build/GlyphItem/FontItem_75C2.font.lyn.event
[LYN]	Fonts/build/GlyphItem/FontItem_75D6.font.lyn.event
[LYN]	Fonts/build/GlyphItem/FontItem_75CD.font.lyn.event
[LYN]	Fonts/build/GlyphItem/FontItem_75E3.font.lyn.event
[LYN]	Fonts/build/GlyphItem/FontItem_75E8.font.lyn.event
[LYN]	Fonts/build/GlyphItem/FontItem_75E6.font.lyn.event
[LYN]	Fonts/build/GlyphItem/FontItem_75E4.font.lyn.event
[LYN]	Fonts/build/GlyphItem/FontItem_75EB.font.lyn.event
[LYN]	Fonts/build/GlyphItem/FontItem_75E7.font.lyn.event
[LYN]	Fonts/build/GlyphItem/FontItem_7603.font.lyn.event
[LYN]	Fonts/build/GlyphItem/FontItem_75F1.font.lyn.event
[LYN]	Fonts/build/GlyphItem/FontItem_75FC.font.lyn.event
[LYN]	Fonts/build/GlyphItem/FontItem_75FF.font.lyn.event
[LYN]	Fonts/build/GlyphItem/FontItem_7610.font.lyn.event
[LYN]	Fonts/build/GlyphItem/FontItem_7600.font.lyn.event
[LYN]	Fonts/build/GlyphItem/FontItem_7605.font.lyn.event
[LYN]	Fonts/build/GlyphItem/FontItem_760C.font.lyn.event
[LYN]	Fonts/build/GlyphItem/FontItem_7617.font.lyn.event
[LYN]	Fonts/build/GlyphItem/FontItem_760A.font.lyn.event
[LYN]	Fonts/build/GlyphItem/FontItem_7625.font.lyn.event
[LYN]	Fonts/build/GlyphItem/FontItem_7618.font.lyn.event
[LYN]	Fonts/build/GlyphItem/FontItem_7615.font.lyn.event
[LYN]	Fonts/build/GlyphItem/FontItem_7619.font.lyn.event
[LYN]	Fonts/build/GlyphItem/FontItem_761B.font.lyn.event
[LYN]	Fonts/build/GlyphItem/FontItem_763C.font.lyn.event
[LYN]	Fonts/build/GlyphItem/FontItem_7622.font.lyn.event
[LYN]	Fonts/build/GlyphItem/FontItem_7620.font.lyn.event
[LYN]	Fonts/build/GlyphItem/FontItem_7640.font.lyn.event
[LYN]	Fonts/build/GlyphItem/FontItem_762D.font.lyn.event
[LYN]	Fonts/build/GlyphItem/FontItem_7630.font.lyn.event
[LYN]	Fonts/build/GlyphItem/FontItem_763F.font.lyn.event
[LYN]	Fonts/build/GlyphItem/FontItem_7635.font.lyn.event
[LYN]	Fonts/build/GlyphItem/FontItem_7643.font.lyn.event
[LYN]	Fonts/build/GlyphItem/FontItem_763E.font.lyn.event
[LYN]	Fonts/build/GlyphItem/FontItem_7633.font.lyn.event
[LYN]	Fonts/build/GlyphItem/FontItem_764D.font.lyn.event
[LYN]	Fonts/build/GlyphItem/FontItem_765E.font.lyn.event
[LYN]	Fonts/build/GlyphItem/FontItem_7654.font.lyn.event
[LYN]	Fonts/build/GlyphItem/FontItem_765C.font.lyn.event
[LYN]	Fonts/build/GlyphItem/FontItem_766B.font.lyn.event
[LYN]	Fonts/build/GlyphItem/FontItem_766F.font.lyn.event
[LYN]	Fonts/build/GlyphItem/FontItem_7FCA.font.lyn.event
[LYN]	Fonts/build/GlyphItem/FontItem_7AE6.font.lyn.event
[LYN]	Fonts/build/GlyphItem/FontItem_7A78.font.lyn.event
[LYN]	Fonts/build/GlyphItem/FontItem_7A79.font.lyn.event
[LYN]	Fonts/build/GlyphItem/FontItem_7A80.font.lyn.event
[LYN]	Fonts/build/GlyphItem/FontItem_7A86.font.lyn.event
[LYN]	Fonts/build/GlyphItem/FontItem_7A88.font.lyn.event
[LYN]	Fonts/build/GlyphItem/FontItem_7A95.font.lyn.event
[LYN]	Fonts/build/GlyphItem/FontItem_7AA6.font.lyn.event
[LYN]	Fonts/build/GlyphItem/FontItem_7AA0.font.lyn.event
[LYN]	Fonts/build/GlyphItem/FontItem_7AAC.font.lyn.event
[LYN]	Fonts/build/GlyphItem/FontItem_7AA8.font.lyn.event
[LYN]	Fonts/build/GlyphItem/FontItem_7AAD.font.lyn.event
[LYN]	Fonts/build/GlyphItem/FontItem_7AB3.font.lyn.event
[LYN]	Fonts/build/GlyphItem/FontItem_8864.font.lyn.event
[LYN]	Fonts/build/GlyphItem/FontItem_8869.font.lyn.event
[LYN]	Fonts/build/GlyphItem/FontItem_8872.font.lyn.event
[LYN]	Fonts/build/GlyphItem/FontItem_887D.font.lyn.event
[LYN]	Fonts/build/GlyphItem/FontItem_887F.font.lyn.event
[LYN]	Fonts/build/GlyphItem/FontItem_8882.font.lyn.event
[LYN]	Fonts/build/GlyphItem/FontItem_88A2.font.lyn.event
[LYN]	Fonts/build/GlyphItem/FontItem_88C6.font.lyn.event
[LYN]	Fonts/build/GlyphItem/FontItem_88B7.font.lyn.event
[LYN]	Fonts/build/GlyphItem/FontItem_88BC.font.lyn.event
[LYN]	Fonts/build/GlyphItem/FontItem_88C9.font.lyn.event
[LYN]	Fonts/build/GlyphItem/FontItem_88E2.font.lyn.event
[LYN]	Fonts/build/GlyphItem/FontItem_88CE.font.lyn.event
[LYN]	Fonts/build/GlyphItem/FontItem_88E3.font.lyn.event
[LYN]	Fonts/build/GlyphItem/FontItem_88E5.font.lyn.event
[LYN]	Fonts/build/GlyphItem/FontItem_88F1.font.lyn.event
[LYN]	Fonts/build/GlyphItem/FontItem_891A.font.lyn.event
[LYN]	Fonts/build/GlyphItem/FontItem_88FC.font.lyn.event
[LYN]	Fonts/build/GlyphItem/FontItem_88E8.font.lyn.event
[LYN]	Fonts/build/GlyphItem/FontItem_88FE.font.lyn.event
[LYN]	Fonts/build/GlyphItem/FontItem_88F0.font.lyn.event
[LYN]	Fonts/build/GlyphItem/FontItem_8921.font.lyn.event
[LYN]	Fonts/build/GlyphItem/FontItem_8919.font.lyn.event
[LYN]	Fonts/build/GlyphItem/FontItem_8913.font.lyn.event
[LYN]	Fonts/build/GlyphItem/FontItem_891B.font.lyn.event
[LYN]	Fonts/build/GlyphItem/FontItem_890A.font.lyn.event
[LYN]	Fonts/build/GlyphItem/FontItem_8934.font.lyn.event
[LYN]	Fonts/build/GlyphItem/FontItem_892B.font.lyn.event
[LYN]	Fonts/build/GlyphItem/FontItem_8936.font.lyn.event
[LYN]	Fonts/build/GlyphItem/FontItem_8941.font.lyn.event
[LYN]	Fonts/build/GlyphItem/FontItem_8966.font.lyn.event
[LYN]	Fonts/build/GlyphItem/FontItem_897B.font.lyn.event
[LYN]	Fonts/build/GlyphItem/FontItem_758B.font.lyn.event
[LYN]	Fonts/build/GlyphItem/FontItem_80E5.font.lyn.event
[LYN]	Fonts/build/GlyphItem/FontItem_76B2.font.lyn.event
[LYN]	Fonts/build/GlyphItem/FontItem_76B4.font.lyn.event
[LYN]	Fonts/build/GlyphItem/FontItem_77DC.font.lyn.event
[LYN]	Fonts/build/GlyphItem/FontItem_8012.font.lyn.event
[LYN]	Fonts/build/GlyphItem/FontItem_8014.font.lyn.event
[LYN]	Fonts/build/GlyphItem/FontItem_8016.font.lyn.event
[LYN]	Fonts/build/GlyphItem/FontItem_801C.font.lyn.event
[LYN]	Fonts/build/GlyphItem/FontItem_8020.font.lyn.event
[LYN]	Fonts/build/GlyphItem/FontItem_8022.font.lyn.event
[LYN]	Fonts/build/GlyphItem/FontItem_8025.font.lyn.event
[LYN]	Fonts/build/GlyphItem/FontItem_8026.font.lyn.event
[LYN]	Fonts/build/GlyphItem/FontItem_8027.font.lyn.event
[LYN]	Fonts/build/GlyphItem/FontItem_8029.font.lyn.event
[LYN]	Fonts/build/GlyphItem/FontItem_8028.font.lyn.event
[LYN]	Fonts/build/GlyphItem/FontItem_8031.font.lyn.event
[LYN]	Fonts/build/GlyphItem/FontItem_800B.font.lyn.event
[LYN]	Fonts/build/GlyphItem/FontItem_8035.font.lyn.event
[LYN]	Fonts/build/GlyphItem/FontItem_8043.font.lyn.event
[LYN]	Fonts/build/GlyphItem/FontItem_8046.font.lyn.event
[LYN]	Fonts/build/GlyphItem/FontItem_804D.font.lyn.event
[LYN]	Fonts/build/GlyphItem/FontItem_8052.font.lyn.event
[LYN]	Fonts/build/GlyphItem/FontItem_8069.font.lyn.event
[LYN]	Fonts/build/GlyphItem/FontItem_8071.font.lyn.event
[LYN]	Fonts/build/GlyphItem/FontItem_8983.font.lyn.event
[LYN]	Fonts/build/GlyphItem/FontItem_9878.font.lyn.event
[LYN]	Fonts/build/GlyphItem/FontItem_9880.font.lyn.event
[LYN]	Fonts/build/GlyphItem/FontItem_9883.font.lyn.event
[LYN]	Fonts/build/GlyphItem/FontItem_9889.font.lyn.event
[LYN]	Fonts/build/GlyphItem/FontItem_988C.font.lyn.event
[LYN]	Fonts/build/GlyphItem/FontItem_988D.font.lyn.event
[LYN]	Fonts/build/GlyphItem/FontItem_988F.font.lyn.event
[LYN]	Fonts/build/GlyphItem/FontItem_9894.font.lyn.event
[LYN]	Fonts/build/GlyphItem/FontItem_989A.font.lyn.event
[LYN]	Fonts/build/GlyphItem/FontItem_989B.font.lyn.event
[LYN]	Fonts/build/GlyphItem/FontItem_989E.font.lyn.event
[LYN]	Fonts/build/GlyphItem/FontItem_989F.font.lyn.event
[LYN]	Fonts/build/GlyphItem/FontItem_98A1.font.lyn.event
[LYN]	Fonts/build/GlyphItem/FontItem_98A2.font.lyn.event
[LYN]	Fonts/build/GlyphItem/FontItem_98A5.font.lyn.event
[LYN]	Fonts/build/GlyphItem/FontItem_98A6.font.lyn.event
[LYN]	Fonts/build/GlyphItem/FontItem_864D.font.lyn.event
[LYN]	Fonts/build/GlyphItem/FontItem_8654.font.lyn.event
[LYN]	Fonts/build/GlyphItem/FontItem_866C.font.lyn.event
[LYN]	Fonts/build/GlyphItem/FontItem_866E.font.lyn.event
[LYN]	Fonts/build/GlyphItem/FontItem_867F.font.lyn.event
[LYN]	Fonts/build/GlyphItem/FontItem_867A.font.lyn.event
[LYN]	Fonts/build/GlyphItem/FontItem_867C.font.lyn.event
[LYN]	Fonts/build/GlyphItem/FontItem_867B.font.lyn.event
[LYN]	Fonts/build/GlyphItem/FontItem_86A8.font.lyn.event
[LYN]	Fonts/build/GlyphItem/FontItem_868D.font.lyn.event
[LYN]	Fonts/build/GlyphItem/FontItem_868B.font.lyn.event
[LYN]	Fonts/build/GlyphItem/FontItem_86AC.font.lyn.event
[LYN]	Fonts/build/GlyphItem/FontItem_869D.font.lyn.event
[LYN]	Fonts/build/GlyphItem/FontItem_86A3.font.lyn.event
[LYN]	Fonts/build/GlyphItem/FontItem_86AA.font.lyn.event
[LYN]	Fonts/build/GlyphItem/FontItem_8693.font.lyn.event
[LYN]	Fonts/build/GlyphItem/FontItem_86A9.font.lyn.event
[LYN]	Fonts/build/GlyphItem/FontItem_86B6.font.lyn.event
[LYN]	Fonts/build/GlyphItem/FontItem_86C4.font.lyn.event
[LYN]	Fonts/build/GlyphItem/FontItem_86A7.font.lyn.event
[LYN]	Fonts/build/GlyphItem/FontItem_86B5.font.lyn.event
[LYN]	Fonts/build/GlyphItem/FontItem_86B0.font.lyn.event
[LYN]	Fonts/build/GlyphItem/FontItem_86BA.font.lyn.event
[LYN]	Fonts/build/GlyphItem/FontItem_86CE.font.lyn.event
[LYN]	Fonts/build/GlyphItem/FontItem_86B1.font.lyn.event
[LYN]	Fonts/build/GlyphItem/FontItem_86AF.font.lyn.event
[LYN]	Fonts/build/GlyphItem/FontItem_86C9.font.lyn.event
[LYN]	Fonts/build/GlyphItem/FontItem_86CF.font.lyn.event
[LYN]	Fonts/build/GlyphItem/FontItem_86B4.font.lyn.event
[LYN]	Fonts/build/GlyphItem/FontItem_86E9.font.lyn.event
[LYN]	Fonts/build/GlyphItem/FontItem_86F1.font.lyn.event
[LYN]	Fonts/build/GlyphItem/FontItem_86F2.font.lyn.event
[LYN]	Fonts/build/GlyphItem/FontItem_86ED.font.lyn.event
[LYN]	Fonts/build/GlyphItem/FontItem_86F3.font.lyn.event
[LYN]	Fonts/build/GlyphItem/FontItem_86D0.font.lyn.event
[LYN]	Fonts/build/GlyphItem/FontItem_8713.font.lyn.event
[LYN]	Fonts/build/GlyphItem/FontItem_86DE.font.lyn.event
[LYN]	Fonts/build/GlyphItem/FontItem_86F4.font.lyn.event
[LYN]	Fonts/build/GlyphItem/FontItem_86DF.font.lyn.event
[LYN]	Fonts/build/GlyphItem/FontItem_86D8.font.lyn.event
[LYN]	Fonts/build/GlyphItem/FontItem_86D1.font.lyn.event
[LYN]	Fonts/build/GlyphItem/FontItem_8703.font.lyn.event
[LYN]	Fonts/build/GlyphItem/FontItem_8707.font.lyn.event
[LYN]	Fonts/build/GlyphItem/FontItem_86F8.font.lyn.event
[LYN]	Fonts/build/GlyphItem/FontItem_8708.font.lyn.event
[LYN]	Fonts/build/GlyphItem/FontItem_870A.font.lyn.event
[LYN]	Fonts/build/GlyphItem/FontItem_870D.font.lyn.event
[LYN]	Fonts/build/GlyphItem/FontItem_8709.font.lyn.event
[LYN]	Fonts/build/GlyphItem/FontItem_8734.font.lyn.event
[LYN]	Fonts/build/GlyphItem/FontItem_8723.font.lyn.event
[LYN]	Fonts/build/GlyphItem/FontItem_873B.font.lyn.event
[LYN]	Fonts/build/GlyphItem/FontItem_871E.font.lyn.event
[LYN]	Fonts/build/GlyphItem/FontItem_8725.font.lyn.event
[LYN]	Fonts/build/GlyphItem/FontItem_872E.font.lyn.event
[LYN]	Fonts/build/GlyphItem/FontItem_871A.font.lyn.event
[LYN]	Fonts/build/GlyphItem/FontItem_873E.font.lyn.event
[LYN]	Fonts/build/GlyphItem/FontItem_8748.font.lyn.event
[LYN]	Fonts/build/GlyphItem/FontItem_8731.font.lyn.event
[LYN]	Fonts/build/GlyphItem/FontItem_8729.font.lyn.event
[LYN]	Fonts/build/GlyphItem/FontItem_8737.font.lyn.event
[LYN]	Fonts/build/GlyphItem/FontItem_8782.font.lyn.event
[LYN]	Fonts/build/GlyphItem/FontItem_873F.font.lyn.event
[LYN]	Fonts/build/GlyphItem/FontItem_8722.font.lyn.event
[LYN]	Fonts/build/GlyphItem/FontItem_877D.font.lyn.event
[LYN]	Fonts/build/GlyphItem/FontItem_877E.font.lyn.event
[LYN]	Fonts/build/GlyphItem/FontItem_877B.font.lyn.event
[LYN]	Fonts/build/GlyphItem/FontItem_8760.font.lyn.event
[LYN]	Fonts/build/GlyphItem/FontItem_8770.font.lyn.event
[LYN]	Fonts/build/GlyphItem/FontItem_874C.font.lyn.event
[LYN]	Fonts/build/GlyphItem/FontItem_876E.font.lyn.event
[LYN]	Fonts/build/GlyphItem/FontItem_878B.font.lyn.event
[LYN]	Fonts/build/GlyphItem/FontItem_8753.font.lyn.event
[LYN]	Fonts/build/GlyphItem/FontItem_8763.font.lyn.event
[LYN]	Fonts/build/GlyphItem/FontItem_877C.font.lyn.event
[LYN]	Fonts/build/GlyphItem/FontItem_8764.font.lyn.event
[LYN]	Fonts/build/GlyphItem/FontItem_8759.font.lyn.event
[LYN]	Fonts/build/GlyphItem/FontItem_8765.font.lyn.event
[LYN]	Fonts/build/GlyphItem/FontItem_8793.font.lyn.event
[LYN]	Fonts/build/GlyphItem/FontItem_87AF.font.lyn.event
[LYN]	Fonts/build/GlyphItem/FontItem_87A8.font.lyn.event
[LYN]	Fonts/build/GlyphItem/FontItem_87D2.font.lyn.event
[LYN]	Fonts/build/GlyphItem/FontItem_87C6.font.lyn.event
[LYN]	Fonts/build/GlyphItem/FontItem_8788.font.lyn.event
[LYN]	Fonts/build/GlyphItem/FontItem_8785.font.lyn.event
[LYN]	Fonts/build/GlyphItem/FontItem_87AD.font.lyn.event
[LYN]	Fonts/build/GlyphItem/FontItem_8797.font.lyn.event
[LYN]	Fonts/build/GlyphItem/FontItem_8783.font.lyn.event
[LYN]	Fonts/build/GlyphItem/FontItem_87AB.font.lyn.event
[LYN]	Fonts/build/GlyphItem/FontItem_87E5.font.lyn.event
[LYN]	Fonts/build/GlyphItem/FontItem_87AC.font.lyn.event
[LYN]	Fonts/build/GlyphItem/FontItem_87B5.font.lyn.event
[LYN]	Fonts/build/GlyphItem/FontItem_87B3.font.lyn.event
[LYN]	Fonts/build/GlyphItem/FontItem_87CB.font.lyn.event
[LYN]	Fonts/build/GlyphItem/FontItem_87D3.font.lyn.event
[LYN]	Fonts/build/GlyphItem/FontItem_87BD.font.lyn.event
[LYN]	Fonts/build/GlyphItem/FontItem_87D1.font.lyn.event
[LYN]	Fonts/build/GlyphItem/FontItem_87C0.font.lyn.event
[LYN]	Fonts/build/GlyphItem/FontItem_87DB.font.lyn.event
[LYN]	Fonts/build/GlyphItem/FontItem_87CA.font.lyn.event
[LYN]	Fonts/build/GlyphItem/FontItem_87EA.font.lyn.event
[LYN]	Fonts/build/GlyphItem/FontItem_87E0.font.lyn.event
[LYN]	Fonts/build/GlyphItem/FontItem_8816.font.lyn.event
[LYN]	Fonts/build/GlyphItem/FontItem_87EE.font.lyn.event
[LYN]	Fonts/build/GlyphItem/FontItem_8813.font.lyn.event
[LYN]	Fonts/build/GlyphItem/FontItem_87FE.font.lyn.event
[LYN]	Fonts/build/GlyphItem/FontItem_880A.font.lyn.event
[LYN]	Fonts/build/GlyphItem/FontItem_881B.font.lyn.event
[LYN]	Fonts/build/GlyphItem/FontItem_8821.font.lyn.event
[LYN]	Fonts/build/GlyphItem/FontItem_8839.font.lyn.event
[LYN]	Fonts/build/GlyphItem/FontItem_883C.font.lyn.event
[LYN]	Fonts/build/GlyphItem/FontItem_7F36.font.lyn.event
[LYN]	Fonts/build/GlyphItem/FontItem_7F42.font.lyn.event
[LYN]	Fonts/build/GlyphItem/FontItem_7F44.font.lyn.event
[LYN]	Fonts/build/GlyphItem/FontItem_7F45.font.lyn.event
[LYN]	Fonts/build/GlyphItem/FontItem_8210.font.lyn.event
[LYN]	Fonts/build/GlyphItem/FontItem_7AFA.font.lyn.event
[LYN]	Fonts/build/GlyphItem/FontItem_7AFD.font.lyn.event
[LYN]	Fonts/build/GlyphItem/FontItem_7B08.font.lyn.event
[LYN]	Fonts/build/GlyphItem/FontItem_7B03.font.lyn.event
[LYN]	Fonts/build/GlyphItem/FontItem_7B04.font.lyn.event
[LYN]	Fonts/build/GlyphItem/FontItem_7B15.font.lyn.event
[LYN]	Fonts/build/GlyphItem/FontItem_7B0A.font.lyn.event
[LYN]	Fonts/build/GlyphItem/FontItem_7B2B.font.lyn.event
[LYN]	Fonts/build/GlyphItem/FontItem_7B0F.font.lyn.event
[LYN]	Fonts/build/GlyphItem/FontItem_7B47.font.lyn.event
[LYN]	Fonts/build/GlyphItem/FontItem_7B38.font.lyn.event
[LYN]	Fonts/build/GlyphItem/FontItem_7B2A.font.lyn.event
[LYN]	Fonts/build/GlyphItem/FontItem_7B19.font.lyn.event
[LYN]	Fonts/build/GlyphItem/FontItem_7B2E.font.lyn.event
[LYN]	Fonts/build/GlyphItem/FontItem_7B31.font.lyn.event
[LYN]	Fonts/build/GlyphItem/FontItem_7B20.font.lyn.event
[LYN]	Fonts/build/GlyphItem/FontItem_7B25.font.lyn.event
[LYN]	Fonts/build/GlyphItem/FontItem_7B24.font.lyn.event
[LYN]	Fonts/build/GlyphItem/FontItem_7B33.font.lyn.event
[LYN]	Fonts/build/GlyphItem/FontItem_7B3E.font.lyn.event
[LYN]	Fonts/build/GlyphItem/FontItem_7B1E.font.lyn.event
[LYN]	Fonts/build/GlyphItem/FontItem_7B58.font.lyn.event
[LYN]	Fonts/build/GlyphItem/FontItem_7B5A.font.lyn.event
[LYN]	Fonts/build/GlyphItem/FontItem_7B45.font.lyn.event
[LYN]	Fonts/build/GlyphItem/FontItem_7B75.font.lyn.event
[LYN]	Fonts/build/GlyphItem/FontItem_7B4C.font.lyn.event
[LYN]	Fonts/build/GlyphItem/FontItem_7B5D.font.lyn.event
[LYN]	Fonts/build/GlyphItem/FontItem_7B60.font.lyn.event
[LYN]	Fonts/build/GlyphItem/FontItem_7B6E.font.lyn.event
[LYN]	Fonts/build/GlyphItem/FontItem_7B7B.font.lyn.event
[LYN]	Fonts/build/GlyphItem/FontItem_7B62.font.lyn.event
[LYN]	Fonts/build/GlyphItem/FontItem_7B72.font.lyn.event
[LYN]	Fonts/build/GlyphItem/FontItem_7B71.font.lyn.event
[LYN]	Fonts/build/GlyphItem/FontItem_7B90.font.lyn.event
[LYN]	Fonts/build/GlyphItem/FontItem_7BA6.font.lyn.event
[LYN]	Fonts/build/GlyphItem/FontItem_7BA7.font.lyn.event
[LYN]	Fonts/build/GlyphItem/FontItem_7BB8.font.lyn.event
[LYN]	Fonts/build/GlyphItem/FontItem_7BAC.font.lyn.event
[LYN]	Fonts/build/GlyphItem/FontItem_7B9D.font.lyn.event
[LYN]	Fonts/build/GlyphItem/FontItem_7BA8.font.lyn.event
[LYN]	Fonts/build/GlyphItem/FontItem_7B85.font.lyn.event
[LYN]	Fonts/build/GlyphItem/FontItem_7BAA.font.lyn.event
[LYN]	Fonts/build/GlyphItem/FontItem_7B9C.font.lyn.event
[LYN]	Fonts/build/GlyphItem/FontItem_7BA2.font.lyn.event
[LYN]	Fonts/build/GlyphItem/FontItem_7BAB.font.lyn.event
[LYN]	Fonts/build/GlyphItem/FontItem_7BB4.font.lyn.event
[LYN]	Fonts/build/GlyphItem/FontItem_7BD1.font.lyn.event
[LYN]	Fonts/build/GlyphItem/FontItem_7BC1.font.lyn.event
[LYN]	Fonts/build/GlyphItem/FontItem_7BCC.font.lyn.event
[LYN]	Fonts/build/GlyphItem/FontItem_7BDD.font.lyn.event
[LYN]	Fonts/build/GlyphItem/FontItem_7BDA.font.lyn.event
[LYN]	Fonts/build/GlyphItem/FontItem_7BE5.font.lyn.event
[LYN]	Fonts/build/GlyphItem/FontItem_7BE6.font.lyn.event
[LYN]	Fonts/build/GlyphItem/FontItem_7BEA.font.lyn.event
[LYN]	Fonts/build/GlyphItem/FontItem_7C0C.font.lyn.event
[LYN]	Fonts/build/GlyphItem/FontItem_7BFE.font.lyn.event
[LYN]	Fonts/build/GlyphItem/FontItem_7BFC.font.lyn.event
[LYN]	Fonts/build/GlyphItem/FontItem_7C0F.font.lyn.event
[LYN]	Fonts/build/GlyphItem/FontItem_7C16.font.lyn.event
[LYN]	Fonts/build/GlyphItem/FontItem_7C0B.font.lyn.event
[LYN]	Fonts/build/GlyphItem/FontItem_7C1F.font.lyn.event
[LYN]	Fonts/build/GlyphItem/FontItem_7C2A.font.lyn.event
[LYN]	Fonts/build/GlyphItem/FontItem_7C26.font.lyn.event
[LYN]	Fonts/build/GlyphItem/FontItem_7C38.font.lyn.event
[LYN]	Fonts/build/GlyphItem/FontItem_7C41.font.lyn.event
[LYN]	Fonts/build/GlyphItem/FontItem_7C40.font.lyn.event
[LYN]	Fonts/build/GlyphItem/FontItem_81FE.font.lyn.event
[LYN]	Fonts/build/GlyphItem/FontItem_8201.font.lyn.event
[LYN]	Fonts/build/GlyphItem/FontItem_8202.font.lyn.event
[LYN]	Fonts/build/GlyphItem/FontItem_8204.font.lyn.event
[LYN]	Fonts/build/GlyphItem/FontItem_81EC.font.lyn.event
[LYN]	Fonts/build/GlyphItem/FontItem_8844.font.lyn.event
[LYN]	Fonts/build/GlyphItem/FontItem_8221.font.lyn.event
[LYN]	Fonts/build/GlyphItem/FontItem_8222.font.lyn.event
[LYN]	Fonts/build/GlyphItem/FontItem_8223.font.lyn.event
[LYN]	Fonts/build/GlyphItem/FontItem_822D.font.lyn.event
[LYN]	Fonts/build/GlyphItem/FontItem_822F.font.lyn.event
[LYN]	Fonts/build/GlyphItem/FontItem_8228.font.lyn.event
[LYN]	Fonts/build/GlyphItem/FontItem_822B.font.lyn.event
[LYN]	Fonts/build/GlyphItem/FontItem_8238.font.lyn.event
[LYN]	Fonts/build/GlyphItem/FontItem_823B.font.lyn.event
[LYN]	Fonts/build/GlyphItem/FontItem_8233.font.lyn.event
[LYN]	Fonts/build/GlyphItem/FontItem_8234.font.lyn.event
[LYN]	Fonts/build/GlyphItem/FontItem_823E.font.lyn.event
[LYN]	Fonts/build/GlyphItem/FontItem_8244.font.lyn.event
[LYN]	Fonts/build/GlyphItem/FontItem_8249.font.lyn.event
[LYN]	Fonts/build/GlyphItem/FontItem_824B.font.lyn.event
[LYN]	Fonts/build/GlyphItem/FontItem_824F.font.lyn.event
[LYN]	Fonts/build/GlyphItem/FontItem_825A.font.lyn.event
[LYN]	Fonts/build/GlyphItem/FontItem_825F.font.lyn.event
[LYN]	Fonts/build/GlyphItem/FontItem_8268.font.lyn.event
[LYN]	Fonts/build/GlyphItem/FontItem_887E.font.lyn.event
[LYN]	Fonts/build/GlyphItem/FontItem_8885.font.lyn.event
[LYN]	Fonts/build/GlyphItem/FontItem_8888.font.lyn.event
[LYN]	Fonts/build/GlyphItem/FontItem_88D8.font.lyn.event
[LYN]	Fonts/build/GlyphItem/FontItem_88DF.font.lyn.event
[LYN]	Fonts/build/GlyphItem/FontItem_895E.font.lyn.event
[LYN]	Fonts/build/GlyphItem/FontItem_7F9D.font.lyn.event
[LYN]	Fonts/build/GlyphItem/FontItem_7F9F.font.lyn.event
[LYN]	Fonts/build/GlyphItem/FontItem_7FA7.font.lyn.event
[LYN]	Fonts/build/GlyphItem/FontItem_7FAF.font.lyn.event
[LYN]	Fonts/build/GlyphItem/FontItem_7FB0.font.lyn.event
[LYN]	Fonts/build/GlyphItem/FontItem_7FB2.font.lyn.event
[LYN]	Fonts/build/GlyphItem/FontItem_7C7C.font.lyn.event
[LYN]	Fonts/build/GlyphItem/FontItem_6549.font.lyn.event
[LYN]	Fonts/build/GlyphItem/FontItem_7C91.font.lyn.event
[LYN]	Fonts/build/GlyphItem/FontItem_7C9D.font.lyn.event
[LYN]	Fonts/build/GlyphItem/FontItem_7C9C.font.lyn.event
[LYN]	Fonts/build/GlyphItem/FontItem_7C9E.font.lyn.event
[LYN]	Fonts/build/GlyphItem/FontItem_7CA2.font.lyn.event
[LYN]	Fonts/build/GlyphItem/FontItem_7CB2.font.lyn.event
[LYN]	Fonts/build/GlyphItem/FontItem_7CBC.font.lyn.event
[LYN]	Fonts/build/GlyphItem/FontItem_7CBD.font.lyn.event
[LYN]	Fonts/build/GlyphItem/FontItem_7CC1.font.lyn.event
[LYN]	Fonts/build/GlyphItem/FontItem_7CC7.font.lyn.event
[LYN]	Fonts/build/GlyphItem/FontItem_7CCC.font.lyn.event
[LYN]	Fonts/build/GlyphItem/FontItem_7CCD.font.lyn.event
[LYN]	Fonts/build/GlyphItem/FontItem_7CC8.font.lyn.event
[LYN]	Fonts/build/GlyphItem/FontItem_7CC5.font.lyn.event
[LYN]	Fonts/build/GlyphItem/FontItem_7CD7.font.lyn.event
[LYN]	Fonts/build/GlyphItem/FontItem_7CE8.font.lyn.event
[LYN]	Fonts/build/GlyphItem/FontItem_826E.font.lyn.event
[LYN]	Fonts/build/GlyphItem/FontItem_66A8.font.lyn.event
[LYN]	Fonts/build/GlyphItem/FontItem_7FBF.font.lyn.event
[LYN]	Fonts/build/GlyphItem/FontItem_7FCE.font.lyn.event
[LYN]	Fonts/build/GlyphItem/FontItem_7FD5.font.lyn.event
[LYN]	Fonts/build/GlyphItem/FontItem_7FE5.font.lyn.event
[LYN]	Fonts/build/GlyphItem/FontItem_7FE1.font.lyn.event
[LYN]	Fonts/build/GlyphItem/FontItem_7FE6.font.lyn.event
[LYN]	Fonts/build/GlyphItem/FontItem_7FE9.font.lyn.event
[LYN]	Fonts/build/GlyphItem/FontItem_7FEE.font.lyn.event
[LYN]	Fonts/build/GlyphItem/FontItem_7FF3.font.lyn.event
[LYN]	Fonts/build/GlyphItem/FontItem_7CF8.font.lyn.event
[LYN]	Fonts/build/GlyphItem/FontItem_7D77.font.lyn.event
[LYN]	Fonts/build/GlyphItem/FontItem_7DA6.font.lyn.event
[LYN]	Fonts/build/GlyphItem/FontItem_7DAE.font.lyn.event
[LYN]	Fonts/build/GlyphItem/FontItem_7E47.font.lyn.event
[LYN]	Fonts/build/GlyphItem/FontItem_7E9B.font.lyn.event
[LYN]	Fonts/build/GlyphItem/FontItem_9EB8.font.lyn.event
[LYN]	Fonts/build/GlyphItem/FontItem_9EB4.font.lyn.event
[LYN]	Fonts/build/GlyphItem/FontItem_8D73.font.lyn.event
[LYN]	Fonts/build/GlyphItem/FontItem_8D84.font.lyn.event
[LYN]	Fonts/build/GlyphItem/FontItem_8D94.font.lyn.event
[LYN]	Fonts/build/GlyphItem/FontItem_8D91.font.lyn.event
[LYN]	Fonts/build/GlyphItem/FontItem_8DB1.font.lyn.event
[LYN]	Fonts/build/GlyphItem/FontItem_8D67.font.lyn.event
[LYN]	Fonts/build/GlyphItem/FontItem_8D6D.font.lyn.event
[LYN]	Fonts/build/GlyphItem/FontItem_8C47.font.lyn.event
[LYN]	Fonts/build/GlyphItem/FontItem_8C49.font.lyn.event
[LYN]	Fonts/build/GlyphItem/FontItem_914A.font.lyn.event
[LYN]	Fonts/build/GlyphItem/FontItem_9150.font.lyn.event
[LYN]	Fonts/build/GlyphItem/FontItem_914E.font.lyn.event
[LYN]	Fonts/build/GlyphItem/FontItem_914F.font.lyn.event
[LYN]	Fonts/build/GlyphItem/FontItem_9164.font.lyn.event
[LYN]	Fonts/build/GlyphItem/FontItem_9162.font.lyn.event
[LYN]	Fonts/build/GlyphItem/FontItem_9161.font.lyn.event
[LYN]	Fonts/build/GlyphItem/FontItem_9170.font.lyn.event
[LYN]	Fonts/build/GlyphItem/FontItem_9169.font.lyn.event
[LYN]	Fonts/build/GlyphItem/FontItem_916F.font.lyn.event
[LYN]	Fonts/build/GlyphItem/FontItem_917D.font.lyn.event
[LYN]	Fonts/build/GlyphItem/FontItem_917E.font.lyn.event
[LYN]	Fonts/build/GlyphItem/FontItem_9172.font.lyn.event
[LYN]	Fonts/build/GlyphItem/FontItem_9174.font.lyn.event
[LYN]	Fonts/build/GlyphItem/FontItem_9179.font.lyn.event
[LYN]	Fonts/build/GlyphItem/FontItem_918C.font.lyn.event
[LYN]	Fonts/build/GlyphItem/FontItem_9190.font.lyn.event
[LYN]	Fonts/build/GlyphItem/FontItem_918D.font.lyn.event
[LYN]	Fonts/build/GlyphItem/FontItem_9191.font.lyn.event
[LYN]	Fonts/build/GlyphItem/FontItem_91A2.font.lyn.event
[LYN]	Fonts/build/GlyphItem/FontItem_9185.font.lyn.event
[LYN]	Fonts/build/GlyphItem/FontItem_91A3.font.lyn.event
[LYN]	Fonts/build/GlyphItem/FontItem_91AA.font.lyn.event
[LYN]	Fonts/build/GlyphItem/FontItem_91AD.font.lyn.event
[LYN]	Fonts/build/GlyphItem/FontItem_91AE.font.lyn.event
[LYN]	Fonts/build/GlyphItem/FontItem_91AF.font.lyn.event
[LYN]	Fonts/build/GlyphItem/FontItem_91B5.font.lyn.event
[LYN]	Fonts/build/GlyphItem/FontItem_91B4.font.lyn.event
[LYN]	Fonts/build/GlyphItem/FontItem_91BA.font.lyn.event
[LYN]	Fonts/build/GlyphItem/FontItem_8C55.font.lyn.event
[LYN]	Fonts/build/GlyphItem/FontItem_9E7E.font.lyn.event
[LYN]	Fonts/build/GlyphItem/FontItem_8DB8.font.lyn.event
[LYN]	Fonts/build/GlyphItem/FontItem_8DEB.font.lyn.event
[LYN]	Fonts/build/GlyphItem/FontItem_8E05.font.lyn.event
[LYN]	Fonts/build/GlyphItem/FontItem_8E59.font.lyn.event
[LYN]	Fonts/build/GlyphItem/FontItem_8DB5.font.lyn.event
[LYN]	Fonts/build/GlyphItem/FontItem_8E69.font.lyn.event
[LYN]	Fonts/build/GlyphItem/FontItem_8DBF.font.lyn.event
[LYN]	Fonts/build/GlyphItem/FontItem_8DBC.font.lyn.event
[LYN]	Fonts/build/GlyphItem/FontItem_8DC4.font.lyn.event
[LYN]	Fonts/build/GlyphItem/FontItem_8DBA.font.lyn.event
[LYN]	Fonts/build/GlyphItem/FontItem_8DD6.font.lyn.event
[LYN]	Fonts/build/GlyphItem/FontItem_8DD7.font.lyn.event
[LYN]	Fonts/build/GlyphItem/FontItem_8DDA.font.lyn.event
[LYN]	Fonts/build/GlyphItem/FontItem_8DDE.font.lyn.event
[LYN]	Fonts/build/GlyphItem/FontItem_8DCE.font.lyn.event
[LYN]	Fonts/build/GlyphItem/FontItem_8DCF.font.lyn.event
[LYN]	Fonts/build/GlyphItem/FontItem_8DDB.font.lyn.event
[LYN]	Fonts/build/GlyphItem/FontItem_8DC6.font.lyn.event
[LYN]	Fonts/build/GlyphItem/FontItem_8DEC.font.lyn.event
[LYN]	Fonts/build/GlyphItem/FontItem_8DF7.font.lyn.event
[LYN]	Fonts/build/GlyphItem/FontItem_8DF8.font.lyn.event
[LYN]	Fonts/build/GlyphItem/FontItem_8DE3.font.lyn.event
[LYN]	Fonts/build/GlyphItem/FontItem_8DF9.font.lyn.event
[LYN]	Fonts/build/GlyphItem/FontItem_8DFB.font.lyn.event
[LYN]	Fonts/build/GlyphItem/FontItem_8DE4.font.lyn.event
[LYN]	Fonts/build/GlyphItem/FontItem_8E09.font.lyn.event
[LYN]	Fonts/build/GlyphItem/FontItem_8DFD.font.lyn.event
[LYN]	Fonts/build/GlyphItem/FontItem_8E14.font.lyn.event
[LYN]	Fonts/build/GlyphItem/FontItem_8E1D.font.lyn.event
[LYN]	Fonts/build/GlyphItem/FontItem_8E1F.font.lyn.event
[LYN]	Fonts/build/GlyphItem/FontItem_8E2C.font.lyn.event
[LYN]	Fonts/build/GlyphItem/FontItem_8E2E.font.lyn.event
[LYN]	Fonts/build/GlyphItem/FontItem_8E23.font.lyn.event
[LYN]	Fonts/build/GlyphItem/FontItem_8E2F.font.lyn.event
[LYN]	Fonts/build/GlyphItem/FontItem_8E3A.font.lyn.event
[LYN]	Fonts/build/GlyphItem/FontItem_8E40.font.lyn.event
[LYN]	Fonts/build/GlyphItem/FontItem_8E3D.font.lyn.event
[LYN]	Fonts/build/GlyphItem/FontItem_8E39.font.lyn.event
[LYN]	Fonts/build/GlyphItem/FontItem_8E31.font.lyn.event
[LYN]	Fonts/build/GlyphItem/FontItem_8E49.font.lyn.event
[LYN]	Fonts/build/GlyphItem/FontItem_8E41.font.lyn.event
[LYN]	Fonts/build/GlyphItem/FontItem_8E42.font.lyn.event
[LYN]	Fonts/build/GlyphItem/FontItem_8E51.font.lyn.event
[LYN]	Fonts/build/GlyphItem/FontItem_8E52.font.lyn.event
[LYN]	Fonts/build/GlyphItem/FontItem_8E4A.font.lyn.event
[LYN]	Fonts/build/GlyphItem/FontItem_8E70.font.lyn.event
[LYN]	Fonts/build/GlyphItem/FontItem_8E76.font.lyn.event
[LYN]	Fonts/build/GlyphItem/FontItem_8E7C.font.lyn.event
[LYN]	Fonts/build/GlyphItem/FontItem_8E6F.font.lyn.event
[LYN]	Fonts/build/GlyphItem/FontItem_8E74.font.lyn.event
[LYN]	Fonts/build/GlyphItem/FontItem_8E85.font.lyn.event
[LYN]	Fonts/build/GlyphItem/FontItem_8E8F.font.lyn.event
[LYN]	Fonts/build/GlyphItem/FontItem_8E94.font.lyn.event
[LYN]	Fonts/build/GlyphItem/FontItem_8E90.font.lyn.event
[LYN]	Fonts/build/GlyphItem/FontItem_8E9C.font.lyn.event
[LYN]	Fonts/build/GlyphItem/FontItem_8E9E.font.lyn.event
[LYN]	Fonts/build/GlyphItem/FontItem_8C78.font.lyn.event
[LYN]	Fonts/build/GlyphItem/FontItem_8C82.font.lyn.event
[LYN]	Fonts/build/GlyphItem/FontItem_8C8A.font.lyn.event
[LYN]	Fonts/build/GlyphItem/FontItem_8C85.font.lyn.event
[LYN]	Fonts/build/GlyphItem/FontItem_8C98.font.lyn.event
[LYN]	Fonts/build/GlyphItem/FontItem_8C94.font.lyn.event
[LYN]	Fonts/build/GlyphItem/FontItem_659B.font.lyn.event
[LYN]	Fonts/build/GlyphItem/FontItem_89DE.font.lyn.event
[LYN]	Fonts/build/GlyphItem/FontItem_89DA.font.lyn.event
[LYN]	Fonts/build/GlyphItem/FontItem_89DC.font.lyn.event
[LYN]	Fonts/build/GlyphItem/FontItem_89E5.font.lyn.event
[LYN]	Fonts/build/GlyphItem/FontItem_89D6.font.lyn.event
[LYN]	Fonts/build/GlyphItem/FontItem_89EB.font.lyn.event
[LYN]	Fonts/build/GlyphItem/FontItem_89EF.font.lyn.event
[LYN]	Fonts/build/GlyphItem/FontItem_8A3E.font.lyn.event
[LYN]	Fonts/build/GlyphItem/FontItem_8B26.font.lyn.event
[LYN]	Fonts/build/GlyphItem/FontItem_9753.font.lyn.event
[LYN]	Fonts/build/GlyphItem/FontItem_96E9.font.lyn.event
[LYN]	Fonts/build/GlyphItem/FontItem_96F3.font.lyn.event
[LYN]	Fonts/build/GlyphItem/FontItem_96EF.font.lyn.event
[LYN]	Fonts/build/GlyphItem/FontItem_9706.font.lyn.event
[LYN]	Fonts/build/GlyphItem/FontItem_9701.font.lyn.event
[LYN]	Fonts/build/GlyphItem/FontItem_9708.font.lyn.event
[LYN]	Fonts/build/GlyphItem/FontItem_970F.font.lyn.event
[LYN]	Fonts/build/GlyphItem/FontItem_970E.font.lyn.event
[LYN]	Fonts/build/GlyphItem/FontItem_972A.font.lyn.event
[LYN]	Fonts/build/GlyphItem/FontItem_972D.font.lyn.event
[LYN]	Fonts/build/GlyphItem/FontItem_9730.font.lyn.event
[LYN]	Fonts/build/GlyphItem/FontItem_973E.font.lyn.event
[LYN]	Fonts/build/GlyphItem/FontItem_9F80.font.lyn.event
[LYN]	Fonts/build/GlyphItem/FontItem_9F83.font.lyn.event
[LYN]	Fonts/build/GlyphItem/FontItem_9F85.font.lyn.event
[LYN]	Fonts/build/GlyphItem/FontItem_9F86.font.lyn.event
[LYN]	Fonts/build/GlyphItem/FontItem_9F87.font.lyn.event
[LYN]	Fonts/build/GlyphItem/FontItem_9F88.font.lyn.event
[LYN]	Fonts/build/GlyphItem/FontItem_9F89.font.lyn.event
[LYN]	Fonts/build/GlyphItem/FontItem_9F8A.font.lyn.event
[LYN]	Fonts/build/GlyphItem/FontItem_9F8C.font.lyn.event
[LYN]	Fonts/build/GlyphItem/FontItem_9EFE.font.lyn.event
[LYN]	Fonts/build/GlyphItem/FontItem_96B9.font.lyn.event
[LYN]	Fonts/build/GlyphItem/FontItem_9F0D.font.lyn.event
[LYN]	Fonts/build/GlyphItem/FontItem_9F0B.font.lyn.event
[LYN]	Fonts/build/GlyphItem/FontItem_96BD.font.lyn.event
[LYN]	Fonts/build/GlyphItem/FontItem_96CE.font.lyn.event
[LYN]	Fonts/build/GlyphItem/FontItem_96D2.font.lyn.event
[LYN]	Fonts/build/GlyphItem/FontItem_77BF.font.lyn.event
[LYN]	Fonts/build/GlyphItem/FontItem_96E0.font.lyn.event
[LYN]	Fonts/build/GlyphItem/FontItem_928E.font.lyn.event
[LYN]	Fonts/build/GlyphItem/FontItem_92AE.font.lyn.event
[LYN]	Fonts/build/GlyphItem/FontItem_92C8.font.lyn.event
[LYN]	Fonts/build/GlyphItem/FontItem_933E.font.lyn.event
[LYN]	Fonts/build/GlyphItem/FontItem_936A.font.lyn.event
[LYN]	Fonts/build/GlyphItem/FontItem_93CA.font.lyn.event
[LYN]	Fonts/build/GlyphItem/FontItem_938F.font.lyn.event
[LYN]	Fonts/build/GlyphItem/FontItem_943E.font.lyn.event
[LYN]	Fonts/build/GlyphItem/FontItem_9C7F.font.lyn.event
[LYN]	Fonts/build/GlyphItem/FontItem_946B.font.lyn.event
[LYN]	Fonts/build/GlyphItem/FontItem_9C82.font.lyn.event
[LYN]	Fonts/build/GlyphItem/FontItem_9C85.font.lyn.event
[LYN]	Fonts/build/GlyphItem/FontItem_9C86.font.lyn.event
[LYN]	Fonts/build/GlyphItem/FontItem_9C87.font.lyn.event
[LYN]	Fonts/build/GlyphItem/FontItem_9C88.font.lyn.event
[LYN]	Fonts/build/GlyphItem/FontItem_7A23.font.lyn.event
[LYN]	Fonts/build/GlyphItem/FontItem_9C8B.font.lyn.event
[LYN]	Fonts/build/GlyphItem/FontItem_9C8E.font.lyn.event
[LYN]	Fonts/build/GlyphItem/FontItem_9C90.font.lyn.event
[LYN]	Fonts/build/GlyphItem/FontItem_9C91.font.lyn.event
[LYN]	Fonts/build/GlyphItem/FontItem_9C92.font.lyn.event
[LYN]	Fonts/build/GlyphItem/FontItem_9C95.font.lyn.event
[LYN]	Fonts/build/GlyphItem/FontItem_9C94.font.lyn.event
[LYN]	Fonts/build/GlyphItem/FontItem_9C9A.font.lyn.event
[LYN]	Fonts/build/GlyphItem/FontItem_9C9B.font.lyn.event
[LYN]	Fonts/build/GlyphItem/FontItem_9C9E.font.lyn.event
[LYN]	Fonts/build/GlyphItem/FontItem_9C9F.font.lyn.event
[LYN]	Fonts/build/GlyphItem/FontItem_9CA0.font.lyn.event
[LYN]	Fonts/build/GlyphItem/FontItem_9CA1.font.lyn.event
[LYN]	Fonts/build/GlyphItem/FontItem_9CA2.font.lyn.event
[LYN]	Fonts/build/GlyphItem/FontItem_9CA3.font.lyn.event
[LYN]	Fonts/build/GlyphItem/FontItem_9CA5.font.lyn.event
[LYN]	Fonts/build/GlyphItem/FontItem_9CA6.font.lyn.event
[LYN]	Fonts/build/GlyphItem/FontItem_9CA7.font.lyn.event
[LYN]	Fonts/build/GlyphItem/FontItem_9CA8.font.lyn.event
[LYN]	Fonts/build/GlyphItem/FontItem_9CA9.font.lyn.event
[LYN]	Fonts/build/GlyphItem/FontItem_9CAB.font.lyn.event
[LYN]	Fonts/build/GlyphItem/FontItem_9CAD.font.lyn.event
[LYN]	Fonts/build/GlyphItem/FontItem_9CAE.font.lyn.event
[LYN]	Fonts/build/GlyphItem/FontItem_9CB0.font.lyn.event
[LYN]	Fonts/build/GlyphItem/FontItem_9CB1.font.lyn.event
[LYN]	Fonts/build/GlyphItem/FontItem_9CB2.font.lyn.event
[LYN]	Fonts/build/GlyphItem/FontItem_9CB3.font.lyn.event
[LYN]	Fonts/build/GlyphItem/FontItem_9CB4.font.lyn.event
[LYN]	Fonts/build/GlyphItem/FontItem_9CB5.font.lyn.event
[LYN]	Fonts/build/GlyphItem/FontItem_9CB6.font.lyn.event
[LYN]	Fonts/build/GlyphItem/FontItem_9CB7.font.lyn.event
[LYN]	Fonts/build/GlyphItem/FontItem_9CBA.font.lyn.event
[LYN]	Fonts/build/GlyphItem/FontItem_9CBB.font.lyn.event
[LYN]	Fonts/build/GlyphItem/FontItem_9CBC.font.lyn.event
[LYN]	Fonts/build/GlyphItem/FontItem_9CC4.font.lyn.event
[LYN]	Fonts/build/GlyphItem/FontItem_9CC5.font.lyn.event
[LYN]	Fonts/build/GlyphItem/FontItem_9CC6.font.lyn.event
[LYN]	Fonts/build/GlyphItem/FontItem_9CC7.font.lyn.event
[LYN]	Fonts/build/GlyphItem/FontItem_9CBD.font.lyn.event
[LYN]	Fonts/build/GlyphItem/FontItem_9CCA.font.lyn.event
[LYN]	Fonts/build/GlyphItem/FontItem_9CCB.font.lyn.event
[LYN]	Fonts/build/GlyphItem/FontItem_9CCC.font.lyn.event
[LYN]	Fonts/build/GlyphItem/FontItem_9CCD.font.lyn.event
[LYN]	Fonts/build/GlyphItem/FontItem_9CCE.font.lyn.event
[LYN]	Fonts/build/GlyphItem/FontItem_9CCF.font.lyn.event
[LYN]	Fonts/build/GlyphItem/FontItem_9CD0.font.lyn.event
[LYN]	Fonts/build/GlyphItem/FontItem_9CD3.font.lyn.event
[LYN]	Fonts/build/GlyphItem/FontItem_9CD4.font.lyn.event
[LYN]	Fonts/build/GlyphItem/FontItem_9CD5.font.lyn.event
[LYN]	Fonts/build/GlyphItem/FontItem_9CD7.font.lyn.event
[LYN]	Fonts/build/GlyphItem/FontItem_9CD8.font.lyn.event
[LYN]	Fonts/build/GlyphItem/FontItem_9CD9.font.lyn.event
[LYN]	Fonts/build/GlyphItem/FontItem_9CDC.font.lyn.event
[LYN]	Fonts/build/GlyphItem/FontItem_9CDD.font.lyn.event
[LYN]	Fonts/build/GlyphItem/FontItem_9CDF.font.lyn.event
[LYN]	Fonts/build/GlyphItem/FontItem_9CE2.font.lyn.event
[LYN]	Fonts/build/GlyphItem/FontItem_977C.font.lyn.event
[LYN]	Fonts/build/GlyphItem/FontItem_9785.font.lyn.event
[LYN]	Fonts/build/GlyphItem/FontItem_9791.font.lyn.event
[LYN]	Fonts/build/GlyphItem/FontItem_9792.font.lyn.event
[LYN]	Fonts/build/GlyphItem/FontItem_9794.font.lyn.event
[LYN]	Fonts/build/GlyphItem/FontItem_97AF.font.lyn.event
[LYN]	Fonts/build/GlyphItem/FontItem_97AB.font.lyn.event
[LYN]	Fonts/build/GlyphItem/FontItem_97A3.font.lyn.event
[LYN]	Fonts/build/GlyphItem/FontItem_97B2.font.lyn.event
[LYN]	Fonts/build/GlyphItem/FontItem_97B4.font.lyn.event
[LYN]	Fonts/build/GlyphItem/FontItem_9AB0.font.lyn.event
[LYN]	Fonts/build/GlyphItem/FontItem_9AB1.font.lyn.event
[LYN]	Fonts/build/GlyphItem/FontItem_9E58.font.lyn.event
[LYN]	Fonts/build/GlyphItem/FontItem_9AB6.font.lyn.event
[LYN]	Fonts/build/GlyphItem/FontItem_9ABA.font.lyn.event
[LYN]	Fonts/build/GlyphItem/FontItem_9ABC.font.lyn.event
[LYN]	Fonts/build/GlyphItem/FontItem_9AC1.font.lyn.event
[LYN]	Fonts/build/GlyphItem/FontItem_9AC0.font.lyn.event
[LYN]	Fonts/build/GlyphItem/FontItem_9AC2.font.lyn.event
[LYN]	Fonts/build/GlyphItem/FontItem_9ACB.font.lyn.event
[LYN]	Fonts/build/GlyphItem/FontItem_9ACC.font.lyn.event
[LYN]	Fonts/build/GlyphItem/FontItem_9AD1.font.lyn.event
[LYN]	Fonts/build/GlyphItem/FontItem_9B45.font.lyn.event
[LYN]	Fonts/build/GlyphItem/FontItem_9B43.font.lyn.event
[LYN]	Fonts/build/GlyphItem/FontItem_9B47.font.lyn.event
[LYN]	Fonts/build/GlyphItem/FontItem_9B49.font.lyn.event
[LYN]	Fonts/build/GlyphItem/FontItem_9B48.font.lyn.event
[LYN]	Fonts/build/GlyphItem/FontItem_98E8.font.lyn.event
[LYN]	Fonts/build/GlyphItem/FontItem_9B51.font.lyn.event
[LYN]	Fonts/build/GlyphItem/FontItem_9B4D.font.lyn.event
[LYN]	Fonts/build/GlyphItem/FontItem_990D.font.lyn.event
[LYN]	Fonts/build/GlyphItem/FontItem_992E.font.lyn.event
[LYN]	Fonts/build/GlyphItem/FontItem_9955.font.lyn.event
[LYN]	Fonts/build/GlyphItem/FontItem_9954.font.lyn.event
[LYN]	Fonts/build/GlyphItem/FontItem_9ADF.font.lyn.event
[LYN]	Fonts/build/GlyphItem/FontItem_9AE1.font.lyn.event
[LYN]	Fonts/build/GlyphItem/FontItem_9AE6.font.lyn.event
[LYN]	Fonts/build/GlyphItem/FontItem_9AEF.font.lyn.event
[LYN]	Fonts/build/GlyphItem/FontItem_9AEB.font.lyn.event
[LYN]	Fonts/build/GlyphItem/FontItem_9AFB.font.lyn.event
[LYN]	Fonts/build/GlyphItem/FontItem_9AED.font.lyn.event
[LYN]	Fonts/build/GlyphItem/FontItem_9AF9.font.lyn.event
[LYN]	Fonts/build/GlyphItem/FontItem_9B08.font.lyn.event
[LYN]	Fonts/build/GlyphItem/FontItem_9B0F.font.lyn.event
[LYN]	Fonts/build/GlyphItem/FontItem_9B13.font.lyn.event
[LYN]	Fonts/build/GlyphItem/FontItem_9B1F.font.lyn.event
[LYN]	Fonts/build/GlyphItem/FontItem_9B23.font.lyn.event
[LYN]	Fonts/build/GlyphItem/FontItem_9EBD.font.lyn.event
[LYN]	Fonts/build/GlyphItem/FontItem_9EBE.font.lyn.event
[LYN]	Fonts/build/GlyphItem/FontItem_7E3B.font.lyn.event
[LYN]	Fonts/build/GlyphItem/FontItem_9E82.font.lyn.event
[LYN]	Fonts/build/GlyphItem/FontItem_9E87.font.lyn.event
[LYN]	Fonts/build/GlyphItem/FontItem_9E88.font.lyn.event
[LYN]	Fonts/build/GlyphItem/FontItem_9E8B.font.lyn.event
[LYN]	Fonts/build/GlyphItem/FontItem_9E92.font.lyn.event
[LYN]	Fonts/build/GlyphItem/FontItem_93D6.font.lyn.event
[LYN]	Fonts/build/GlyphItem/FontItem_9E9D.font.lyn.event
[LYN]	Fonts/build/GlyphItem/FontItem_9E9F.font.lyn.event
[LYN]	Fonts/build/GlyphItem/FontItem_9EDB.font.lyn.event
[LYN]	Fonts/build/GlyphItem/FontItem_9EDC.font.lyn.event
[LYN]	Fonts/build/GlyphItem/FontItem_9EDD.font.lyn.event
[LYN]	Fonts/build/GlyphItem/FontItem_9EE0.font.lyn.event
[LYN]	Fonts/build/GlyphItem/FontItem_9EE2.font.lyn.event
[LYN]	Fonts/build/GlyphItem/FontItem_9EE9.font.lyn.event
[LYN]	Fonts/build/GlyphItem/FontItem_9EE7.font.lyn.event
[LYN]	Fonts/build/GlyphItem/FontItem_9EDF.font.lyn.event
[LYN]	Fonts/build/GlyphItem/FontItem_9EE5.font.lyn.event
[LYN]	Fonts/build/GlyphItem/FontItem_9EEA.font.lyn.event
[LYN]	Fonts/build/GlyphItem/FontItem_9EEF.font.lyn.event
[LYN]	Fonts/build/GlyphItem/FontItem_9F22.font.lyn.event
[LYN]	Fonts/build/GlyphItem/FontItem_9F2C.font.lyn.event
[LYN]	Fonts/build/GlyphItem/FontItem_9F2F.font.lyn.event
[LYN]	Fonts/build/GlyphItem/FontItem_9F39.font.lyn.event
[LYN]	Fonts/build/GlyphItem/FontItem_9F37.font.lyn.event
[LYN]	Fonts/build/GlyphItem/FontItem_9F3D.font.lyn.event
[LYN]	Fonts/build/GlyphItem/FontItem_9F3E.font.lyn.event
[LYN]	Fonts/build/GlyphItem/FontItem_9F44.font.lyn.event
[LYN]	Fonts/build/GlyphItem/FontItem_30A1.font.lyn.event
[LYN]	Fonts/build/GlyphItem/FontItem_2170.font.lyn.event
[LYN]	Fonts/build/GlyphItem/FontItem_3000.font.lyn.event
[LYN]	Fonts/build/GlyphItem/FontItem_6A5F.font.lyn.event
[LYN]	Fonts/build/GlyphItem/FontItem_84EE.font.lyn.event
[LYN]	Fonts/build/GlyphItem/FontItem_30A2.font.lyn.event
[LYN]	Fonts/build/GlyphItem/FontItem_2171.font.lyn.event
[LYN]	Fonts/build/GlyphItem/FontItem_9670.font.lyn.event
[LYN]	Fonts/build/GlyphItem/FontItem_9023.font.lyn.event
[LYN]	Fonts/build/GlyphItem/FontItem_5E30.font.lyn.event
[LYN]	Fonts/build/GlyphItem/FontItem_8F38.font.lyn.event
[LYN]	Fonts/build/GlyphItem/FontItem_30A3.font.lyn.event
[LYN]	Fonts/build/GlyphItem/FontItem_2172.font.lyn.event
[LYN]	Fonts/build/GlyphItem/FontItem_9054.font.lyn.event
[LYN]	Fonts/build/GlyphItem/FontItem_96A0.font.lyn.event
[LYN]	Fonts/build/GlyphItem/FontItem_30A4.font.lyn.event
[LYN]	Fonts/build/GlyphItem/FontItem_2173.font.lyn.event
[LYN]	Fonts/build/GlyphItem/FontItem_6C17.font.lyn.event
[LYN]	Fonts/build/GlyphItem/FontItem_30A5.font.lyn.event
[LYN]	Fonts/build/GlyphItem/FontItem_2174.font.lyn.event
[LYN]	Fonts/build/GlyphItem/FontItem_596A.font.lyn.event
[LYN]	Fonts/build/GlyphItem/FontItem_7E54.font.lyn.event
[LYN]	Fonts/build/GlyphItem/FontItem_512A.font.lyn.event
[LYN]	Fonts/build/GlyphItem/FontItem_30A6.font.lyn.event
[LYN]	Fonts/build/GlyphItem/FontItem_2175.font.lyn.event
[LYN]	Fonts/build/GlyphItem/FontItem_30FB.font.lyn.event
[LYN]	Fonts/build/GlyphItem/FontItem_6BBA.font.lyn.event
[LYN]	Fonts/build/GlyphItem/FontItem_8077.font.lyn.event
[LYN]	Fonts/build/GlyphItem/FontItem_30A7.font.lyn.event
[LYN]	Fonts/build/GlyphItem/FontItem_2176.font.lyn.event
[LYN]	Fonts/build/GlyphItem/FontItem_8A8D.font.lyn.event
[LYN]	Fonts/build/GlyphItem/FontItem_30A8.font.lyn.event
[LYN]	Fonts/build/GlyphItem/FontItem_2177.font.lyn.event
[LYN]	Fonts/build/GlyphItem/FontItem_6575.font.lyn.event
[LYN]	Fonts/build/GlyphItem/FontItem_96D1.font.lyn.event
[LYN]	Fonts/build/GlyphItem/FontItem_7D75.font.lyn.event
[LYN]	Fonts/build/GlyphItem/FontItem_30A9.font.lyn.event
[LYN]	Fonts/build/GlyphItem/FontItem_2178.font.lyn.event
[LYN]	Fonts/build/GlyphItem/FontItem_30AA.font.lyn.event
[LYN]	Fonts/build/GlyphItem/FontItem_2179.font.lyn.event
[LYN]	Fonts/build/GlyphItem/FontItem_9078.font.lyn.event
[LYN]	Fonts/build/GlyphItem/FontItem_7D42.font.lyn.event
[LYN]	Fonts/build/GlyphItem/FontItem_30AB.font.lyn.event
[LYN]	Fonts/build/GlyphItem/FontItem_958B.font.lyn.event
[LYN]	Fonts/build/GlyphItem/FontItem_52B4.font.lyn.event
[LYN]	Fonts/build/GlyphItem/FontItem_309B.font.lyn.event
[LYN]	Fonts/build/GlyphItem/FontItem_7D46.font.lyn.event
[LYN]	Fonts/build/GlyphItem/FontItem_30AC.font.lyn.event
[LYN]	Fonts/build/GlyphItem/FontItem_8A2A.font.lyn.event
[LYN]	Fonts/build/GlyphItem/FontItem_898F.font.lyn.event
[LYN]	Fonts/build/GlyphItem/FontItem_968E.font.lyn.event
[LYN]	Fonts/build/GlyphItem/FontItem_7FD2.font.lyn.event
[LYN]	Fonts/build/GlyphItem/FontItem_309C.font.lyn.event
[LYN]	Fonts/build/GlyphItem/FontItem_30AD.font.lyn.event
[LYN]	Fonts/build/GlyphItem/FontItem_8A18.font.lyn.event
[LYN]	Fonts/build/GlyphItem/FontItem_8C4A.font.lyn.event
[LYN]	Fonts/build/GlyphItem/FontItem_5E83.font.lyn.event
[LYN]	Fonts/build/GlyphItem/FontItem_30AE.font.lyn.event
[LYN]	Fonts/build/GlyphItem/FontItem_8CB4.font.lyn.event
[LYN]	Fonts/build/GlyphItem/FontItem_71B1.font.lyn.event
[LYN]	Fonts/build/GlyphItem/FontItem_9583.font.lyn.event
[LYN]	Fonts/build/GlyphItem/FontItem_52F2.font.lyn.event
[LYN]	Fonts/build/GlyphItem/FontItem_30AF.font.lyn.event
[LYN]	Fonts/build/GlyphItem/FontItem_8AB0.font.lyn.event
[LYN]	Fonts/build/GlyphItem/FontItem_6E67.font.lyn.event
[LYN]	Fonts/build/GlyphItem/FontItem_30B0.font.lyn.event
[LYN]	Fonts/build/GlyphItem/FontItem_FF10.font.lyn.event
[LYN]	Fonts/build/GlyphItem/FontItem_30B1.font.lyn.event
[LYN]	Fonts/build/GlyphItem/FontItem_FF11.font.lyn.event
[LYN]	Fonts/build/GlyphItem/FontItem_59EB.font.lyn.event
[LYN]	Fonts/build/GlyphItem/FontItem_8F1D.font.lyn.event
[LYN]	Fonts/build/GlyphItem/FontItem_5358.font.lyn.event
[LYN]	Fonts/build/GlyphItem/FontItem_8A13.font.lyn.event
[LYN]	Fonts/build/GlyphItem/FontItem_8972.font.lyn.event
[LYN]	Fonts/build/GlyphItem/FontItem_FF12.font.lyn.event
[LYN]	Fonts/build/GlyphItem/FontItem_5606.font.lyn.event
[LYN]	Fonts/build/GlyphItem/FontItem_30B2.font.lyn.event
[LYN]	Fonts/build/GlyphItem/FontItem_6E26.font.lyn.event
[LYN]	Fonts/build/GlyphItem/FontItem_FF13.font.lyn.event
[LYN]	Fonts/build/GlyphItem/FontItem_8ECD.font.lyn.event
[LYN]	Fonts/build/GlyphItem/FontItem_9A0E.font.lyn.event
[LYN]	Fonts/build/GlyphItem/FontItem_30B4.font.lyn.event
[LYN]	Fonts/build/GlyphItem/FontItem_30B3.font.lyn.event
[LYN]	Fonts/build/GlyphItem/FontItem_FF14.font.lyn.event
[LYN]	Fonts/build/GlyphItem/FontItem_7526.font.lyn.event
[LYN]	Fonts/build/GlyphItem/FontItem_30B5.font.lyn.event
[LYN]	Fonts/build/GlyphItem/FontItem_FF15.font.lyn.event
[LYN]	Fonts/build/GlyphItem/FontItem_2160.font.lyn.event
[LYN]	Fonts/build/GlyphItem/FontItem_9031.font.lyn.event
[LYN]	Fonts/build/GlyphItem/FontItem_FF16.font.lyn.event
[LYN]	Fonts/build/GlyphItem/FontItem_30B6.font.lyn.event
[LYN]	Fonts/build/GlyphItem/FontItem_8A98.font.lyn.event
[LYN]	Fonts/build/GlyphItem/FontItem_2161.font.lyn.event
[LYN]	Fonts/build/GlyphItem/FontItem_30B7.font.lyn.event
[LYN]	Fonts/build/GlyphItem/FontItem_2162.font.lyn.event
[LYN]	Fonts/build/GlyphItem/FontItem_904A.font.lyn.event
[LYN]	Fonts/build/GlyphItem/FontItem_FF17.font.lyn.event
[LYN]	Fonts/build/GlyphItem/FontItem_5100.font.lyn.event
[LYN]	Fonts/build/GlyphItem/FontItem_30B8.font.lyn.event
[LYN]	Fonts/build/GlyphItem/FontItem_6A19.font.lyn.event
[LYN]	Fonts/build/GlyphItem/FontItem_4FC2.font.lyn.event
[LYN]	Fonts/build/GlyphItem/FontItem_FF18.font.lyn.event
[LYN]	Fonts/build/GlyphItem/FontItem_2163.font.lyn.event
[LYN]	Fonts/build/GlyphItem/FontItem_30B9.font.lyn.event
[LYN]	Fonts/build/GlyphItem/FontItem_FF19.font.lyn.event
[LYN]	Fonts/build/GlyphItem/FontItem_3005.font.lyn.event
[LYN]	Fonts/build/GlyphItem/FontItem_6C37.font.lyn.event
[LYN]	Fonts/build/GlyphItem/FontItem_2164.font.lyn.event
[LYN]	Fonts/build/GlyphItem/FontItem_30BA.font.lyn.event
[LYN]	Fonts/build/GlyphItem/FontItem_7523.font.lyn.event
[LYN]	Fonts/build/GlyphItem/FontItem_30BB.font.lyn.event
[LYN]	Fonts/build/GlyphItem/FontItem_30BC.font.lyn.event
[LYN]	Fonts/build/GlyphItem/FontItem_30FC.font.lyn.event
[LYN]	Fonts/build/GlyphItem/FontItem_30BD.font.lyn.event
[LYN]	Fonts/build/GlyphItem/FontItem_5642.font.lyn.event
[LYN]	Fonts/build/GlyphItem/FontItem_30BE.font.lyn.event
[LYN]	Fonts/build/GlyphItem/FontItem_5F93.font.lyn.event
[LYN]	Fonts/build/GlyphItem/FontItem_8EE2.font.lyn.event
[LYN]	Fonts/build/GlyphItem/FontItem_72A0.font.lyn.event
[LYN]	Fonts/build/GlyphItem/FontItem_8A55.font.lyn.event
[LYN]	Fonts/build/GlyphItem/FontItem_30BF.font.lyn.event
[LYN]	Fonts/build/GlyphItem/FontItem_FF0F.font.lyn.event
[LYN]	Fonts/build/GlyphItem/FontItem_904B.font.lyn.event
[LYN]	Fonts/build/GlyphItem/FontItem_9332.font.lyn.event
[LYN]	Fonts/build/GlyphItem/FontItem_6FD8.font.lyn.event
[LYN]	Fonts/build/GlyphItem/FontItem_96F2.font.lyn.event
[LYN]	Fonts/build/GlyphItem/FontItem_30C0.font.lyn.event
[LYN]	Fonts/build/GlyphItem/FontItem_FF3C.font.lyn.event
[LYN]	Fonts/build/GlyphItem/FontItem_30C1.font.lyn.event
[LYN]	Fonts/build/GlyphItem/FontItem_FF5E.font.lyn.event
[LYN]	Fonts/build/GlyphItem/FontItem_FF21.font.lyn.event
[LYN]	Fonts/build/GlyphItem/FontItem_7FA9.font.lyn.event
[LYN]	Fonts/build/GlyphItem/FontItem_4F1D.font.lyn.event
[LYN]	Fonts/build/GlyphItem/FontItem_30C2.font.lyn.event
[LYN]	Fonts/build/GlyphItem/FontItem_FF22.font.lyn.event
[LYN]	Fonts/build/GlyphItem/FontItem_9810.font.lyn.event
[LYN]	Fonts/build/GlyphItem/FontItem_8A95.font.lyn.event
[LYN]	Fonts/build/GlyphItem/FontItem_65AC.font.lyn.event
[LYN]	Fonts/build/GlyphItem/FontItem_30C3.font.lyn.event
[LYN]	Fonts/build/GlyphItem/FontItem_FF23.font.lyn.event
[LYN]	Fonts/build/GlyphItem/FontItem_8A71.font.lyn.event
[LYN]	Fonts/build/GlyphItem/FontItem_50AD.font.lyn.event
[LYN]	Fonts/build/GlyphItem/FontItem_7363.font.lyn.event
[LYN]	Fonts/build/GlyphItem/FontItem_30C4.font.lyn.event
[LYN]	Fonts/build/GlyphItem/FontItem_FF24.font.lyn.event
[LYN]	Fonts/build/GlyphItem/FontItem_56E3.font.lyn.event
[LYN]	Fonts/build/GlyphItem/FontItem_8B70.font.lyn.event
[LYN]	Fonts/build/GlyphItem/FontItem_55B6.font.lyn.event
[LYN]	Fonts/build/GlyphItem/FontItem_30C5.font.lyn.event
[LYN]	Fonts/build/GlyphItem/FontItem_FF25.font.lyn.event
[LYN]	Fonts/build/GlyphItem/FontItem_58C7.font.lyn.event
[LYN]	Fonts/build/GlyphItem/FontItem_96FB.font.lyn.event
[LYN]	Fonts/build/GlyphItem/FontItem_8B00.font.lyn.event
[LYN]	Fonts/build/GlyphItem/FontItem_30C6.font.lyn.event
[LYN]	Fonts/build/GlyphItem/FontItem_FF26.font.lyn.event
[LYN]	Fonts/build/GlyphItem/FontItem_89AA.font.lyn.event
[LYN]	Fonts/build/GlyphItem/FontItem_8987.font.lyn.event
[LYN]	Fonts/build/GlyphItem/FontItem_5F3E.font.lyn.event
[LYN]	Fonts/build/GlyphItem/FontItem_30C7.font.lyn.event
[LYN]	Fonts/build/GlyphItem/FontItem_FF27.font.lyn.event
[LYN]	Fonts/build/GlyphItem/FontItem_8CBF.font.lyn.event
[LYN]	Fonts/build/GlyphItem/FontItem_30C8.font.lyn.event
[LYN]	Fonts/build/GlyphItem/FontItem_FF28.font.lyn.event
[LYN]	Fonts/build/GlyphItem/FontItem_7D44.font.lyn.event
[LYN]	Fonts/build/GlyphItem/FontItem_62E1.font.lyn.event
[LYN]	Fonts/build/GlyphItem/FontItem_5B0C.font.lyn.event
[LYN]	Fonts/build/GlyphItem/FontItem_30C9.font.lyn.event
[LYN]	Fonts/build/GlyphItem/FontItem_FF29.font.lyn.event
[LYN]	Fonts/build/GlyphItem/FontItem_6804.font.lyn.event
[LYN]	Fonts/build/GlyphItem/FontItem_63FA.font.lyn.event
[LYN]	Fonts/build/GlyphItem/FontItem_30CA.font.lyn.event
[LYN]	Fonts/build/GlyphItem/FontItem_FF2A.font.lyn.event
[LYN]	Fonts/build/GlyphItem/FontItem_9032.font.lyn.event
[LYN]	Fonts/build/GlyphItem/FontItem_30CB.font.lyn.event
[LYN]	Fonts/build/GlyphItem/FontItem_FF2B.font.lyn.event
[LYN]	Fonts/build/GlyphItem/FontItem_30CC.font.lyn.event
[LYN]	Fonts/build/GlyphItem/FontItem_FF2C.font.lyn.event
[LYN]	Fonts/build/GlyphItem/FontItem_6E13.font.lyn.event
[LYN]	Fonts/build/GlyphItem/FontItem_8AC7.font.lyn.event
[LYN]	Fonts/build/GlyphItem/FontItem_30CD.font.lyn.event
[LYN]	Fonts/build/GlyphItem/FontItem_FF2D.font.lyn.event
[LYN]	Fonts/build/GlyphItem/FontItem_69D8.font.lyn.event
[LYN]	Fonts/build/GlyphItem/FontItem_5024.font.lyn.event
[LYN]	Fonts/build/GlyphItem/FontItem_7C9B.font.lyn.event
[LYN]	Fonts/build/GlyphItem/FontItem_7372.font.lyn.event
[LYN]	Fonts/build/GlyphItem/FontItem_30CE.font.lyn.event
[LYN]	Fonts/build/GlyphItem/FontItem_FF2E.font.lyn.event
[LYN]	Fonts/build/GlyphItem/FontItem_78BA.font.lyn.event
[LYN]	Fonts/build/GlyphItem/FontItem_30CF.font.lyn.event
[LYN]	Fonts/build/GlyphItem/FontItem_FF2F.font.lyn.event
[LYN]	Fonts/build/GlyphItem/FontItem_99AC.font.lyn.event
[LYN]	Fonts/build/GlyphItem/FontItem_5275.font.lyn.event
[LYN]	Fonts/build/GlyphItem/FontItem_8CA7.font.lyn.event
[LYN]	Fonts/build/GlyphItem/FontItem_30D0.font.lyn.event
[LYN]	Fonts/build/GlyphItem/FontItem_FF30.font.lyn.event
[LYN]	Fonts/build/GlyphItem/FontItem_59C9.font.lyn.event
[LYN]	Fonts/build/GlyphItem/FontItem_7D4C.font.lyn.event
[LYN]	Fonts/build/GlyphItem/FontItem_899A.font.lyn.event
[LYN]	Fonts/build/GlyphItem/FontItem_30D1.font.lyn.event
[LYN]	Fonts/build/GlyphItem/FontItem_FF31.font.lyn.event
[LYN]	Fonts/build/GlyphItem/FontItem_8853.font.lyn.event
[LYN]	Fonts/build/GlyphItem/FontItem_7D99.font.lyn.event
[LYN]	Fonts/build/GlyphItem/FontItem_5EC3.font.lyn.event
[LYN]	Fonts/build/GlyphItem/FontItem_0430.font.lyn.event
[LYN]	Fonts/build/GlyphItem/FontItem_30D2.font.lyn.event
[LYN]	Fonts/build/GlyphItem/FontItem_FF32.font.lyn.event
[LYN]	Fonts/build/GlyphItem/FontItem_885B.font.lyn.event
[LYN]	Fonts/build/GlyphItem/FontItem_8CED.font.lyn.event
[LYN]	Fonts/build/GlyphItem/FontItem_7A62.font.lyn.event
[LYN]	Fonts/build/GlyphItem/FontItem_0431.font.lyn.event
[LYN]	Fonts/build/GlyphItem/FontItem_FF33.font.lyn.event
[LYN]	Fonts/build/GlyphItem/FontItem_5C4D.font.lyn.event
[LYN]	Fonts/build/GlyphItem/FontItem_0432.font.lyn.event
[LYN]	Fonts/build/GlyphItem/FontItem_30D3.font.lyn.event
[LYN]	Fonts/build/GlyphItem/FontItem_30D4.font.lyn.event
[LYN]	Fonts/build/GlyphItem/FontItem_FF34.font.lyn.event
[LYN]	Fonts/build/GlyphItem/FontItem_6557.font.lyn.event
[LYN]	Fonts/build/GlyphItem/FontItem_92ED.font.lyn.event
[LYN]	Fonts/build/GlyphItem/FontItem_0433.font.lyn.event
[LYN]	Fonts/build/GlyphItem/FontItem_30D5.font.lyn.event
[LYN]	Fonts/build/GlyphItem/FontItem_FF35.font.lyn.event
[LYN]	Fonts/build/GlyphItem/FontItem_5E2B.font.lyn.event
[LYN]	Fonts/build/GlyphItem/FontItem_8449.font.lyn.event
[LYN]	Fonts/build/GlyphItem/FontItem_30D6.font.lyn.event
[LYN]	Fonts/build/GlyphItem/FontItem_FF36.font.lyn.event
[LYN]	Fonts/build/GlyphItem/FontItem_86CD.font.lyn.event
[LYN]	Fonts/build/GlyphItem/FontItem_30D7.font.lyn.event
[LYN]	Fonts/build/GlyphItem/FontItem_FF37.font.lyn.event
[LYN]	Fonts/build/GlyphItem/FontItem_7A7D.font.lyn.event
[LYN]	Fonts/build/GlyphItem/FontItem_8A08.font.lyn.event
[LYN]	Fonts/build/GlyphItem/FontItem_30D8.font.lyn.event
[LYN]	Fonts/build/GlyphItem/FontItem_FF38.font.lyn.event
[LYN]	Fonts/build/GlyphItem/FontItem_9663.font.lyn.event
[LYN]	Fonts/build/GlyphItem/FontItem_5C64.font.lyn.event
[LYN]	Fonts/build/GlyphItem/FontItem_0436.font.lyn.event
[LYN]	Fonts/build/GlyphItem/FontItem_30D9.font.lyn.event
[LYN]	Fonts/build/GlyphItem/FontItem_FF39.font.lyn.event
[LYN]	Fonts/build/GlyphItem/FontItem_0437.font.lyn.event
[LYN]	Fonts/build/GlyphItem/FontItem_30DA.font.lyn.event
[LYN]	Fonts/build/GlyphItem/FontItem_FF3A.font.lyn.event
[LYN]	Fonts/build/GlyphItem/FontItem_8EFD.font.lyn.event
[LYN]	Fonts/build/GlyphItem/FontItem_8F29.font.lyn.event
[LYN]	Fonts/build/GlyphItem/FontItem_697D.font.lyn.event
[LYN]	Fonts/build/GlyphItem/FontItem_8ACD.font.lyn.event
[LYN]	Fonts/build/GlyphItem/FontItem_0438.font.lyn.event
[LYN]	Fonts/build/GlyphItem/FontItem_30DB.font.lyn.event
[LYN]	Fonts/build/GlyphItem/FontItem_7BC9.font.lyn.event
[LYN]	Fonts/build/GlyphItem/FontItem_967D.font.lyn.event
[LYN]	Fonts/build/GlyphItem/FontItem_984D.font.lyn.event
[LYN]	Fonts/build/GlyphItem/FontItem_9271.font.lyn.event
[LYN]	Fonts/build/GlyphItem/FontItem_0439.font.lyn.event
[LYN]	Fonts/build/GlyphItem/FontItem_30DC.font.lyn.event
[LYN]	Fonts/build/GlyphItem/FontItem_990A.font.lyn.event
[LYN]	Fonts/build/GlyphItem/FontItem_5BAE.font.lyn.event
[LYN]	Fonts/build/GlyphItem/FontItem_635C.font.lyn.event
[LYN]	Fonts/build/GlyphItem/FontItem_30DD.font.lyn.event
[LYN]	Fonts/build/GlyphItem/FontItem_FF0D.font.lyn.event
[LYN]	Fonts/build/GlyphItem/FontItem_6383.font.lyn.event
[LYN]	Fonts/build/GlyphItem/FontItem_92FC.font.lyn.event
[LYN]	Fonts/build/GlyphItem/FontItem_639F.font.lyn.event
[LYN]	Fonts/build/GlyphItem/FontItem_639B.font.lyn.event
[LYN]	Fonts/build/GlyphItem/FontItem_56F3.font.lyn.event
[LYN]	Fonts/build/GlyphItem/FontItem_30DF.font.lyn.event
[LYN]	Fonts/build/GlyphItem/FontItem_043D.font.lyn.event
[LYN]	Fonts/build/GlyphItem/FontItem_30DE.font.lyn.event
[LYN]	Fonts/build/GlyphItem/FontItem_30E0.font.lyn.event
[LYN]	Fonts/build/GlyphItem/FontItem_6E96.font.lyn.event
[LYN]	Fonts/build/GlyphItem/FontItem_51CD.font.lyn.event
[LYN]	Fonts/build/GlyphItem/FontItem_9805.font.lyn.event
[LYN]	Fonts/build/GlyphItem/FontItem_043E.font.lyn.event
[LYN]	Fonts/build/GlyphItem/FontItem_FF41.font.lyn.event
[LYN]	Fonts/build/GlyphItem/FontItem_043F.font.lyn.event
[LYN]	Fonts/build/GlyphItem/FontItem_30E2.font.lyn.event
[LYN]	Fonts/build/GlyphItem/FontItem_30E1.font.lyn.event
[LYN]	Fonts/build/GlyphItem/FontItem_FF42.font.lyn.event
[LYN]	Fonts/build/GlyphItem/FontItem_6483.font.lyn.event
[LYN]	Fonts/build/GlyphItem/FontItem_2260.font.lyn.event
[LYN]	Fonts/build/GlyphItem/FontItem_0440.font.lyn.event
[LYN]	Fonts/build/GlyphItem/FontItem_30E3.font.lyn.event
[LYN]	Fonts/build/GlyphItem/FontItem_FF43.font.lyn.event
[LYN]	Fonts/build/GlyphItem/FontItem_FF1C.font.lyn.event
[LYN]	Fonts/build/GlyphItem/FontItem_8CB7.font.lyn.event
[LYN]	Fonts/build/GlyphItem/FontItem_7D14.font.lyn.event
[LYN]	Fonts/build/GlyphItem/FontItem_30E4.font.lyn.event
[LYN]	Fonts/build/GlyphItem/FontItem_FF44.font.lyn.event
[LYN]	Fonts/build/GlyphItem/FontItem_FF1E.font.lyn.event
[LYN]	Fonts/build/GlyphItem/FontItem_69CD.font.lyn.event
[LYN]	Fonts/build/GlyphItem/FontItem_58F2.font.lyn.event
[LYN]	Fonts/build/GlyphItem/FontItem_525B.font.lyn.event
[LYN]	Fonts/build/GlyphItem/FontItem_30E5.font.lyn.event
[LYN]	Fonts/build/GlyphItem/FontItem_FF45.font.lyn.event
[LYN]	Fonts/build/GlyphItem/FontItem_2266.font.lyn.event
[LYN]	Fonts/build/GlyphItem/FontItem_30E6.font.lyn.event
[LYN]	Fonts/build/GlyphItem/FontItem_FF46.font.lyn.event
[LYN]	Fonts/build/GlyphItem/FontItem_7D19.font.lyn.event
[LYN]	Fonts/build/GlyphItem/FontItem_2267.font.lyn.event
[LYN]	Fonts/build/GlyphItem/FontItem_5091.font.lyn.event
[LYN]	Fonts/build/GlyphItem/FontItem_30E7.font.lyn.event
[LYN]	Fonts/build/GlyphItem/FontItem_FF47.font.lyn.event
[LYN]	Fonts/build/GlyphItem/FontItem_5CF6.font.lyn.event
[LYN]	Fonts/build/GlyphItem/FontItem_9019.font.lyn.event
[LYN]	Fonts/build/GlyphItem/FontItem_9806.font.lyn.event
[LYN]	Fonts/build/GlyphItem/FontItem_221E.font.lyn.event
[LYN]	Fonts/build/GlyphItem/FontItem_30E8.font.lyn.event
[LYN]	Fonts/build/GlyphItem/FontItem_FF48.font.lyn.event
[LYN]	Fonts/build/GlyphItem/FontItem_6C7A.font.lyn.event
[LYN]	Fonts/build/GlyphItem/FontItem_51E6.font.lyn.event
[LYN]	Fonts/build/GlyphItem/FontItem_6BCE.font.lyn.event
[LYN]	Fonts/build/GlyphItem/FontItem_7C8B.font.lyn.event
[LYN]	Fonts/build/GlyphItem/FontItem_2234.font.lyn.event
[LYN]	Fonts/build/GlyphItem/FontItem_30E9.font.lyn.event
[LYN]	Fonts/build/GlyphItem/FontItem_FF49.font.lyn.event
[LYN]	Fonts/build/GlyphItem/FontItem_8CA0.font.lyn.event
[LYN]	Fonts/build/GlyphItem/FontItem_7D1A.font.lyn.event
[LYN]	Fonts/build/GlyphItem/FontItem_30EA.font.lyn.event
[LYN]	Fonts/build/GlyphItem/FontItem_FF4A.font.lyn.event
[LYN]	Fonts/build/GlyphItem/FontItem_983C.font.lyn.event
[LYN]	Fonts/build/GlyphItem/FontItem_0448.font.lyn.event
[LYN]	Fonts/build/GlyphItem/FontItem_30EB.font.lyn.event
[LYN]	Fonts/build/GlyphItem/FontItem_FF4B.font.lyn.event
[LYN]	Fonts/build/GlyphItem/FontItem_8996.font.lyn.event
[LYN]	Fonts/build/GlyphItem/FontItem_7D50.font.lyn.event
[LYN]	Fonts/build/GlyphItem/FontItem_7D66.font.lyn.event
[LYN]	Fonts/build/GlyphItem/FontItem_7A93.font.lyn.event
[LYN]	Fonts/build/GlyphItem/FontItem_0449.font.lyn.event
[LYN]	Fonts/build/GlyphItem/FontItem_30EC.font.lyn.event
[LYN]	Fonts/build/GlyphItem/FontItem_FF4C.font.lyn.event
[LYN]	Fonts/build/GlyphItem/FontItem_6771.font.lyn.event
[LYN]	Fonts/build/GlyphItem/FontItem_044A.font.lyn.event
[LYN]	Fonts/build/GlyphItem/FontItem_30ED.font.lyn.event
[LYN]	Fonts/build/GlyphItem/FontItem_FF4D.font.lyn.event
[LYN]	Fonts/build/GlyphItem/FontItem_7D61.font.lyn.event
[LYN]	Fonts/build/GlyphItem/FontItem_7DCF.font.lyn.event
[LYN]	Fonts/build/GlyphItem/FontItem_8A69.font.lyn.event
[LYN]	Fonts/build/GlyphItem/FontItem_044B.font.lyn.event
[LYN]	Fonts/build/GlyphItem/FontItem_FF4E.font.lyn.event
[LYN]	Fonts/build/GlyphItem/FontItem_8A66.font.lyn.event
[LYN]	Fonts/build/GlyphItem/FontItem_30EF.font.lyn.event
[LYN]	Fonts/build/GlyphItem/FontItem_FF4F.font.lyn.event
[LYN]	Fonts/build/GlyphItem/FontItem_7DD2.font.lyn.event
[LYN]	Fonts/build/GlyphItem/FontItem_FF50.font.lyn.event
[LYN]	Fonts/build/GlyphItem/FontItem_8276.font.lyn.event
[LYN]	Fonts/build/GlyphItem/FontItem_FF51.font.lyn.event
[LYN]	Fonts/build/GlyphItem/FontItem_66F8.font.lyn.event
[LYN]	Fonts/build/GlyphItem/FontItem_8CC7.font.lyn.event
[LYN]	Fonts/build/GlyphItem/FontItem_FF52.font.lyn.event
[LYN]	Fonts/build/GlyphItem/FontItem_30F2.font.lyn.event
[LYN]	Fonts/build/GlyphItem/FontItem_30F3.font.lyn.event
[LYN]	Fonts/build/GlyphItem/FontItem_62E0.font.lyn.event
[LYN]	Fonts/build/GlyphItem/FontItem_FF53.font.lyn.event
[LYN]	Fonts/build/GlyphItem/FontItem_9060.font.lyn.event
[LYN]	Fonts/build/GlyphItem/FontItem_6319.font.lyn.event
[LYN]	Fonts/build/GlyphItem/FontItem_99D0.font.lyn.event
[LYN]	Fonts/build/GlyphItem/FontItem_FF05.font.lyn.event
[LYN]	Fonts/build/GlyphItem/FontItem_30F4.font.lyn.event
[LYN]	Fonts/build/GlyphItem/FontItem_FF54.font.lyn.event
[LYN]	Fonts/build/GlyphItem/FontItem_FF03.font.lyn.event
[LYN]	Fonts/build/GlyphItem/FontItem_8AF8.font.lyn.event
[LYN]	Fonts/build/GlyphItem/FontItem_FF55.font.lyn.event
[LYN]	Fonts/build/GlyphItem/FontItem_9ED2.font.lyn.event
[LYN]	Fonts/build/GlyphItem/FontItem_5263.font.lyn.event
[LYN]	Fonts/build/GlyphItem/FontItem_6B6F.font.lyn.event
[LYN]	Fonts/build/GlyphItem/FontItem_646F.font.lyn.event
[LYN]	Fonts/build/GlyphItem/FontItem_FF56.font.lyn.event
[LYN]	Fonts/build/GlyphItem/FontItem_FF0A.font.lyn.event
[LYN]	Fonts/build/GlyphItem/FontItem_7344.font.lyn.event
[LYN]	Fonts/build/GlyphItem/FontItem_8A31.font.lyn.event
[LYN]	Fonts/build/GlyphItem/FontItem_FF57.font.lyn.event
[LYN]	Fonts/build/GlyphItem/FontItem_98A8.font.lyn.event
[LYN]	Fonts/build/GlyphItem/FontItem_89A7.font.lyn.event
[LYN]	Fonts/build/GlyphItem/FontItem_FF58.font.lyn.event
[LYN]	Fonts/build/GlyphItem/FontItem_6C5A.font.lyn.event
[LYN]	Fonts/build/GlyphItem/FontItem_FF59.font.lyn.event
[LYN]	Fonts/build/GlyphItem/FontItem_5150.font.lyn.event
[LYN]	Fonts/build/GlyphItem/FontItem_6F01.font.lyn.event
[LYN]	Fonts/build/GlyphItem/FontItem_FF5A.font.lyn.event
[LYN]	Fonts/build/GlyphItem/FontItem_8CAF.font.lyn.event
[LYN]	Fonts/build/GlyphItem/FontItem_2605.font.lyn.event
[LYN]	Fonts/build/GlyphItem/FontItem_9A12.font.lyn.event
[LYN]	Fonts/build/GlyphItem/FontItem_5FA9.font.lyn.event
[LYN]	Fonts/build/GlyphItem/FontItem_61F8.font.lyn.event
[LYN]	Fonts/build/GlyphItem/FontItem_565B.font.lyn.event
[LYN]	Fonts/build/GlyphItem/FontItem_7D71.font.lyn.event
[LYN]	Fonts/build/GlyphItem/FontItem_5897.font.lyn.event
[LYN]	Fonts/build/GlyphItem/FontItem_50B7.font.lyn.event
[LYN]	Fonts/build/GlyphItem/FontItem_8FBC.font.lyn.event
[LYN]	Fonts/build/GlyphItem/FontItem_6642.font.lyn.event
[LYN]	Fonts/build/GlyphItem/FontItem_511F.font.lyn.event
[LYN]	Fonts/build/GlyphItem/FontItem_5FDC.font.lyn.event
[LYN]	Fonts/build/GlyphItem/FontItem_6E80.font.lyn.event
[LYN]	Fonts/build/GlyphItem/FontItem_5BF5.font.lyn.event
[LYN]	Fonts/build/GlyphItem/FontItem_3041.font.lyn.event
[LYN]	Fonts/build/GlyphItem/FontItem_52DD.font.lyn.event
[LYN]	Fonts/build/GlyphItem/FontItem_3042.font.lyn.event
[LYN]	Fonts/build/GlyphItem/FontItem_9803.font.lyn.event
[LYN]	Fonts/build/GlyphItem/FontItem_6A29.font.lyn.event
[LYN]	Fonts/build/GlyphItem/FontItem_88CF.font.lyn.event
[LYN]	Fonts/build/GlyphItem/FontItem_F8F0.font.lyn.event
[LYN]	Fonts/build/GlyphItem/FontItem_3043.font.lyn.event
[LYN]	Fonts/build/GlyphItem/FontItem_8907.font.lyn.event
[LYN]	Fonts/build/GlyphItem/FontItem_250C.font.lyn.event
[LYN]	Fonts/build/GlyphItem/FontItem_3044.font.lyn.event
[LYN]	Fonts/build/GlyphItem/FontItem_8A0E.font.lyn.event
[LYN]	Fonts/build/GlyphItem/FontItem_5F14.font.lyn.event
[LYN]	Fonts/build/GlyphItem/FontItem_2510.font.lyn.event
[LYN]	Fonts/build/GlyphItem/FontItem_3045.font.lyn.event
[LYN]	Fonts/build/GlyphItem/FontItem_96E2.font.lyn.event
[LYN]	Fonts/build/GlyphItem/FontItem_3046.font.lyn.event
[LYN]	Fonts/build/GlyphItem/FontItem_611B.font.lyn.event
[LYN]	Fonts/build/GlyphItem/FontItem_9678.font.lyn.event
[LYN]	Fonts/build/GlyphItem/FontItem_5074.font.lyn.event
[LYN]	Fonts/build/GlyphItem/FontItem_7B48.font.lyn.event
[LYN]	Fonts/build/GlyphItem/FontItem_3047.font.lyn.event
[LYN]	Fonts/build/GlyphItem/FontItem_6255.font.lyn.event
[LYN]	Fonts/build/GlyphItem/FontItem_5FB4.font.lyn.event
[LYN]	Fonts/build/GlyphItem/FontItem_251C.font.lyn.event
[LYN]	Fonts/build/GlyphItem/FontItem_3048.font.lyn.event
[LYN]	Fonts/build/GlyphItem/FontItem_5354.font.lyn.event
[LYN]	Fonts/build/GlyphItem/FontItem_3049.font.lyn.event
[LYN]	Fonts/build/GlyphItem/FontItem_3012.font.lyn.event
[LYN]	Fonts/build/GlyphItem/FontItem_304A.font.lyn.event
[LYN]	Fonts/build/GlyphItem/FontItem_2192.font.lyn.event
[LYN]	Fonts/build/GlyphItem/FontItem_52E2.font.lyn.event
[LYN]	Fonts/build/GlyphItem/FontItem_2534.font.lyn.event
[LYN]	Fonts/build/GlyphItem/FontItem_304B.font.lyn.event
[LYN]	Fonts/build/GlyphItem/FontItem_7F60.font.lyn.event
[LYN]	Fonts/build/GlyphItem/FontItem_898B.font.lyn.event
[LYN]	Fonts/build/GlyphItem/FontItem_304C.font.lyn.event
[LYN]	Fonts/build/GlyphItem/FontItem_982D.font.lyn.event
[LYN]	Fonts/build/GlyphItem/FontItem_5DFB.font.lyn.event
[LYN]	Fonts/build/GlyphItem/FontItem_304D.font.lyn.event
[LYN]	Fonts/build/GlyphItem/FontItem_60AA.font.lyn.event
[LYN]	Fonts/build/GlyphItem/FontItem_8CE2.font.lyn.event
[LYN]	Fonts/build/GlyphItem/FontItem_559A.font.lyn.event
[LYN]	Fonts/build/GlyphItem/FontItem_304E.font.lyn.event
[LYN]	Fonts/build/GlyphItem/FontItem_95D8.font.lyn.event
[LYN]	Fonts/build/GlyphItem/FontItem_8108.font.lyn.event
[LYN]	Fonts/build/GlyphItem/FontItem_304F.font.lyn.event
[LYN]	Fonts/build/GlyphItem/FontItem_5F37.font.lyn.event
[LYN]	Fonts/build/GlyphItem/FontItem_767A.font.lyn.event
[LYN]	Fonts/build/GlyphItem/FontItem_50CD.font.lyn.event
[LYN]	Fonts/build/GlyphItem/FontItem_3050.font.lyn.event
[LYN]	Fonts/build/GlyphItem/FontItem_52D5.font.lyn.event
[LYN]	Fonts/build/GlyphItem/FontItem_3051.font.lyn.event
[LYN]	Fonts/build/GlyphItem/FontItem_8CCA.font.lyn.event
[LYN]	Fonts/build/GlyphItem/FontItem_8B58.font.lyn.event
[LYN]	Fonts/build/GlyphItem/FontItem_61B6.font.lyn.event
[LYN]	Fonts/build/GlyphItem/FontItem_967A.font.lyn.event
[LYN]	Fonts/build/GlyphItem/FontItem_9AEA.font.lyn.event
[LYN]	Fonts/build/GlyphItem/FontItem_3052.font.lyn.event
[LYN]	Fonts/build/GlyphItem/FontItem_3053.font.lyn.event
[LYN]	Fonts/build/GlyphItem/FontItem_7D9A.font.lyn.event
[LYN]	Fonts/build/GlyphItem/FontItem_52D9.font.lyn.event
[LYN]	Fonts/build/GlyphItem/FontItem_9A13.font.lyn.event
[LYN]	Fonts/build/GlyphItem/FontItem_5C0E.font.lyn.event
[LYN]	Fonts/build/GlyphItem/FontItem_7F70.font.lyn.event
[LYN]	Fonts/build/GlyphItem/FontItem_596E.font.lyn.event
[LYN]	Fonts/build/GlyphItem/FontItem_3054.font.lyn.event
[LYN]	Fonts/build/GlyphItem/FontItem_629C.font.lyn.event
[LYN]	Fonts/build/GlyphItem/FontItem_8ABF.font.lyn.event
[LYN]	Fonts/build/GlyphItem/FontItem_5922.font.lyn.event
[LYN]	Fonts/build/GlyphItem/FontItem_3055.font.lyn.event
[LYN]	Fonts/build/GlyphItem/FontItem_7ADC.font.lyn.event
[LYN]	Fonts/build/GlyphItem/FontItem_7121.font.lyn.event
[LYN]	Fonts/build/GlyphItem/FontItem_5727.font.lyn.event
[LYN]	Fonts/build/GlyphItem/FontItem_3056.font.lyn.event
[LYN]	Fonts/build/GlyphItem/FontItem_6A4B.font.lyn.event
[LYN]	Fonts/build/GlyphItem/FontItem_3057.font.lyn.event
[LYN]	Fonts/build/GlyphItem/FontItem_6271.font.lyn.event
[LYN]	Fonts/build/GlyphItem/FontItem_4FB6.font.lyn.event
[LYN]	Fonts/build/GlyphItem/FontItem_6CC1.font.lyn.event
[LYN]	Fonts/build/GlyphItem/FontItem_53B3.font.lyn.event
[LYN]	Fonts/build/GlyphItem/FontItem_3058.font.lyn.event
[LYN]	Fonts/build/GlyphItem/FontItem_9727.font.lyn.event
[LYN]	Fonts/build/GlyphItem/FontItem_3059.font.lyn.event
[LYN]	Fonts/build/GlyphItem/FontItem_9577.font.lyn.event
[LYN]	Fonts/build/GlyphItem/FontItem_5B6B.font.lyn.event
[LYN]	Fonts/build/GlyphItem/FontItem_805E.font.lyn.event
[LYN]	Fonts/build/GlyphItem/FontItem_63DB.font.lyn.event
[LYN]	Fonts/build/GlyphItem/FontItem_305A.font.lyn.event
[LYN]	Fonts/build/GlyphItem/FontItem_6E1B.font.lyn.event
[LYN]	Fonts/build/GlyphItem/FontItem_6607.font.lyn.event
[LYN]	Fonts/build/GlyphItem/FontItem_865C.font.lyn.event
[LYN]	Fonts/build/GlyphItem/FontItem_9802.font.lyn.event
[LYN]	Fonts/build/GlyphItem/FontItem_2208.font.lyn.event
[LYN]	Fonts/build/GlyphItem/FontItem_7A4F.font.lyn.event
[LYN]	Fonts/build/GlyphItem/FontItem_305B.font.lyn.event
[LYN]	Fonts/build/GlyphItem/FontItem_8056.font.lyn.event
[LYN]	Fonts/build/GlyphItem/FontItem_640D.font.lyn.event
[LYN]	Fonts/build/GlyphItem/FontItem_220B.font.lyn.event
[LYN]	Fonts/build/GlyphItem/FontItem_305C.font.lyn.event
[LYN]	Fonts/build/GlyphItem/FontItem_2286.font.lyn.event
[LYN]	Fonts/build/GlyphItem/FontItem_305D.font.lyn.event
[LYN]	Fonts/build/GlyphItem/FontItem_73FE.font.lyn.event
[LYN]	Fonts/build/GlyphItem/FontItem_8208.font.lyn.event
[LYN]	Fonts/build/GlyphItem/FontItem_5CE0.font.lyn.event
[LYN]	Fonts/build/GlyphItem/FontItem_5840.font.lyn.event
[LYN]	Fonts/build/GlyphItem/FontItem_2287.font.lyn.event
[LYN]	Fonts/build/GlyphItem/FontItem_305E.font.lyn.event
[LYN]	Fonts/build/GlyphItem/FontItem_4E21.font.lyn.event
[LYN]	Fonts/build/GlyphItem/FontItem_4EEE.font.lyn.event
[LYN]	Fonts/build/GlyphItem/FontItem_2282.font.lyn.event
[LYN]	Fonts/build/GlyphItem/FontItem_305F.font.lyn.event
[LYN]	Fonts/build/GlyphItem/FontItem_8AA0.font.lyn.event
[LYN]	Fonts/build/GlyphItem/FontItem_90F7.font.lyn.event
[LYN]	Fonts/build/GlyphItem/FontItem_2283.font.lyn.event
[LYN]	Fonts/build/GlyphItem/FontItem_6B53.font.lyn.event
[LYN]	Fonts/build/GlyphItem/FontItem_3060.font.lyn.event
[LYN]	Fonts/build/GlyphItem/FontItem_222A.font.lyn.event
[LYN]	Fonts/build/GlyphItem/FontItem_3061.font.lyn.event
[LYN]	Fonts/build/GlyphItem/FontItem_8CEA.font.lyn.event
[LYN]	Fonts/build/GlyphItem/FontItem_8ACB.font.lyn.event
[LYN]	Fonts/build/GlyphItem/FontItem_4FA1.font.lyn.event
[LYN]	Fonts/build/GlyphItem/FontItem_97FF.font.lyn.event
[LYN]	Fonts/build/GlyphItem/FontItem_6F22.font.lyn.event
[LYN]	Fonts/build/GlyphItem/FontItem_3062.font.lyn.event
[LYN]	Fonts/build/GlyphItem/FontItem_5B9F.font.lyn.event
[LYN]	Fonts/build/GlyphItem/FontItem_4E26.font.lyn.event
[LYN]	Fonts/build/GlyphItem/FontItem_3063.font.lyn.event
[LYN]	Fonts/build/GlyphItem/FontItem_9298.font.lyn.event
[LYN]	Fonts/build/GlyphItem/FontItem_9A5A.font.lyn.event
[LYN]	Fonts/build/GlyphItem/FontItem_3064.font.lyn.event
[LYN]	Fonts/build/GlyphItem/FontItem_500B.font.lyn.event
[LYN]	Fonts/build/GlyphItem/FontItem_731F.font.lyn.event
[LYN]	Fonts/build/GlyphItem/FontItem_9589.font.lyn.event
[LYN]	Fonts/build/GlyphItem/FontItem_6E09.font.lyn.event
[LYN]	Fonts/build/GlyphItem/FontItem_3065.font.lyn.event
[LYN]	Fonts/build/GlyphItem/FontItem_03B5.font.lyn.event
[LYN]	Fonts/build/GlyphItem/FontItem_3066.font.lyn.event
[LYN]	Fonts/build/GlyphItem/FontItem_713C.font.lyn.event
[LYN]	Fonts/build/GlyphItem/FontItem_76E3.font.lyn.event
[LYN]	Fonts/build/GlyphItem/FontItem_3067.font.lyn.event
[LYN]	Fonts/build/GlyphItem/FontItem_6EC5.font.lyn.event
[LYN]	Fonts/build/GlyphItem/FontItem_95C7.font.lyn.event
[LYN]	Fonts/build/GlyphItem/FontItem_3068.font.lyn.event
[LYN]	Fonts/build/GlyphItem/FontItem_696D.font.lyn.event
[LYN]	Fonts/build/GlyphItem/FontItem_3069.font.lyn.event
[LYN]	Fonts/build/GlyphItem/FontItem_8AAD.font.lyn.event
[LYN]	Fonts/build/GlyphItem/FontItem_306A.font.lyn.event
[LYN]	Fonts/build/GlyphItem/FontItem_7C21.font.lyn.event
[LYN]	Fonts/build/GlyphItem/FontItem_2227.font.lyn.event
[LYN]	Fonts/build/GlyphItem/FontItem_306B.font.lyn.event
[LYN]	Fonts/build/GlyphItem/FontItem_6975.font.lyn.event
[LYN]	Fonts/build/GlyphItem/FontItem_5EAB.font.lyn.event
[LYN]	Fonts/build/GlyphItem/FontItem_306C.font.lyn.event
[LYN]	Fonts/build/GlyphItem/FontItem_5225.font.lyn.event
[LYN]	Fonts/build/GlyphItem/FontItem_306E.font.lyn.event
[LYN]	Fonts/build/GlyphItem/FontItem_306D.font.lyn.event
[LYN]	Fonts/build/GlyphItem/FontItem_9818.font.lyn.event
[LYN]	Fonts/build/GlyphItem/FontItem_5049.font.lyn.event
[LYN]	Fonts/build/GlyphItem/FontItem_8CA9.font.lyn.event
[LYN]	Fonts/build/GlyphItem/FontItem_306F.font.lyn.event
[LYN]	Fonts/build/GlyphItem/FontItem_56F2.font.lyn.event
[LYN]	Fonts/build/GlyphItem/FontItem_7BC4.font.lyn.event
[LYN]	Fonts/build/GlyphItem/FontItem_6368.font.lyn.event
[LYN]	Fonts/build/GlyphItem/FontItem_3070.font.lyn.event
[LYN]	Fonts/build/GlyphItem/FontItem_5BFE.font.lyn.event
[LYN]	Fonts/build/GlyphItem/FontItem_7DD1.font.lyn.event
[LYN]	Fonts/build/GlyphItem/FontItem_3071.font.lyn.event
[LYN]	Fonts/build/GlyphItem/FontItem_89B3.font.lyn.event
[LYN]	Fonts/build/GlyphItem/FontItem_5909.font.lyn.event
[LYN]	Fonts/build/GlyphItem/FontItem_7A4D.font.lyn.event
[LYN]	Fonts/build/GlyphItem/FontItem_6E08.font.lyn.event
[LYN]	Fonts/build/GlyphItem/FontItem_3072.font.lyn.event
[LYN]	Fonts/build/GlyphItem/FontItem_707D.font.lyn.event
[LYN]	Fonts/build/GlyphItem/FontItem_8ACC.font.lyn.event
[LYN]	Fonts/build/GlyphItem/FontItem_3073.font.lyn.event
[LYN]	Fonts/build/GlyphItem/FontItem_5E2F.font.lyn.event
[LYN]	Fonts/build/GlyphItem/FontItem_8CAB.font.lyn.event
[LYN]	Fonts/build/GlyphItem/FontItem_7E3E.font.lyn.event
[LYN]	Fonts/build/GlyphItem/FontItem_3074.font.lyn.event
[LYN]	Fonts/build/GlyphItem/FontItem_9084.font.lyn.event
[LYN]	Fonts/build/GlyphItem/FontItem_7DE8.font.lyn.event
[LYN]	Fonts/build/GlyphItem/FontItem_3075.font.lyn.event
[LYN]	Fonts/build/GlyphItem/FontItem_8FBA.font.lyn.event
[LYN]	Fonts/build/GlyphItem/FontItem_8CAC.font.lyn.event
[LYN]	Fonts/build/GlyphItem/FontItem_7815.font.lyn.event
[LYN]	Fonts/build/GlyphItem/FontItem_8B1D.font.lyn.event
[LYN]	Fonts/build/GlyphItem/FontItem_3076.font.lyn.event
[LYN]	Fonts/build/GlyphItem/FontItem_9593.font.lyn.event
[LYN]	Fonts/build/GlyphItem/FontItem_8ECA.font.lyn.event
[LYN]	Fonts/build/GlyphItem/FontItem_614B.font.lyn.event
[LYN]	Fonts/build/GlyphItem/FontItem_3077.font.lyn.event
[LYN]	Fonts/build/GlyphItem/FontItem_8DE1.font.lyn.event
[LYN]	Fonts/build/GlyphItem/FontItem_81E8.font.lyn.event
[LYN]	Fonts/build/GlyphItem/FontItem_3078.font.lyn.event
[LYN]	Fonts/build/GlyphItem/FontItem_8A87.font.lyn.event
[LYN]	Fonts/build/GlyphItem/FontItem_95A2.font.lyn.event
[LYN]	Fonts/build/GlyphItem/FontItem_8F2A.font.lyn.event
[LYN]	Fonts/build/GlyphItem/FontItem_3079.font.lyn.event
[LYN]	Fonts/build/GlyphItem/FontItem_96A3.font.lyn.event
[LYN]	Fonts/build/GlyphItem/FontItem_7D30.font.lyn.event
[LYN]	Fonts/build/GlyphItem/FontItem_9665.font.lyn.event
[LYN]	Fonts/build/GlyphItem/FontItem_70BA.font.lyn.event
[LYN]	Fonts/build/GlyphItem/FontItem_6F70.font.lyn.event
[LYN]	Fonts/build/GlyphItem/FontItem_5132.font.lyn.event
[LYN]	Fonts/build/GlyphItem/FontItem_307A.font.lyn.event
[LYN]	Fonts/build/GlyphItem/FontItem_8A3C.font.lyn.event
[LYN]	Fonts/build/GlyphItem/FontItem_307B.font.lyn.event
[LYN]	Fonts/build/GlyphItem/FontItem_9ED9.font.lyn.event
[LYN]	Fonts/build/GlyphItem/FontItem_7570.font.lyn.event
[LYN]	Fonts/build/GlyphItem/FontItem_83D3.font.lyn.event
[LYN]	Fonts/build/GlyphItem/FontItem_307C.font.lyn.event
[LYN]	Fonts/build/GlyphItem/FontItem_9867.font.lyn.event
[LYN]	Fonts/build/GlyphItem/FontItem_8A73.font.lyn.event
[LYN]	Fonts/build/GlyphItem/FontItem_2220.font.lyn.event
[LYN]	Fonts/build/GlyphItem/FontItem_307D.font.lyn.event
[LYN]	Fonts/build/GlyphItem/FontItem_969B.font.lyn.event
[LYN]	Fonts/build/GlyphItem/FontItem_307E.font.lyn.event
[LYN]	Fonts/build/GlyphItem/FontItem_8CDE.font.lyn.event
[LYN]	Fonts/build/GlyphItem/FontItem_6D99.font.lyn.event
[LYN]	Fonts/build/GlyphItem/FontItem_307F.font.lyn.event
[LYN]	Fonts/build/GlyphItem/FontItem_8A2D.font.lyn.event
[LYN]	Fonts/build/GlyphItem/FontItem_920D.font.lyn.event
[LYN]	Fonts/build/GlyphItem/FontItem_8CB8.font.lyn.event
[LYN]	Fonts/build/GlyphItem/FontItem_3080.font.lyn.event
[LYN]	Fonts/build/GlyphItem/FontItem_985E.font.lyn.event
[LYN]	Fonts/build/GlyphItem/FontItem_2207.font.lyn.event
[LYN]	Fonts/build/GlyphItem/FontItem_3081.font.lyn.event
[LYN]	Fonts/build/GlyphItem/FontItem_7BC0.font.lyn.event
[LYN]	Fonts/build/GlyphItem/FontItem_623B.font.lyn.event
[LYN]	Fonts/build/GlyphItem/FontItem_904E.font.lyn.event
[LYN]	Fonts/build/GlyphItem/FontItem_2261.font.lyn.event
[LYN]	Fonts/build/GlyphItem/FontItem_3082.font.lyn.event
[LYN]	Fonts/build/GlyphItem/FontItem_8CA1.font.lyn.event
[LYN]	Fonts/build/GlyphItem/FontItem_6B69.font.lyn.event
[LYN]	Fonts/build/GlyphItem/FontItem_968A.font.lyn.event
[LYN]	Fonts/build/GlyphItem/FontItem_8AAC.font.lyn.event
[LYN]	Fonts/build/GlyphItem/FontItem_3083.font.lyn.event
[LYN]	Fonts/build/GlyphItem/FontItem_9055.font.lyn.event
[LYN]	Fonts/build/GlyphItem/FontItem_3084.font.lyn.event
[LYN]	Fonts/build/GlyphItem/FontItem_7D76.font.lyn.event
[LYN]	Fonts/build/GlyphItem/FontItem_9280.font.lyn.event
[LYN]	Fonts/build/GlyphItem/FontItem_907A.font.lyn.event
[LYN]	Fonts/build/GlyphItem/FontItem_554F.font.lyn.event
[LYN]	Fonts/build/GlyphItem/FontItem_88DC.font.lyn.event
[LYN]	Fonts/build/GlyphItem/FontItem_3085.font.lyn.event
[LYN]	Fonts/build/GlyphItem/FontItem_5075.font.lyn.event
[LYN]	Fonts/build/GlyphItem/FontItem_3086.font.lyn.event
[LYN]	Fonts/build/GlyphItem/FontItem_7D0B.font.lyn.event
[LYN]	Fonts/build/GlyphItem/FontItem_8B0E.font.lyn.event
[LYN]	Fonts/build/GlyphItem/FontItem_3087.font.lyn.event
[LYN]	Fonts/build/GlyphItem/FontItem_9580.font.lyn.event
[LYN]	Fonts/build/GlyphItem/FontItem_3088.font.lyn.event
[LYN]	Fonts/build/GlyphItem/FontItem_4E57.font.lyn.event
[LYN]	Fonts/build/GlyphItem/FontItem_3089.font.lyn.event
[LYN]	Fonts/build/GlyphItem/FontItem_9854.font.lyn.event
[LYN]	Fonts/build/GlyphItem/FontItem_222B.font.lyn.event
[LYN]	Fonts/build/GlyphItem/FontItem_308A.font.lyn.event
[LYN]	Fonts/build/GlyphItem/FontItem_9858.font.lyn.event
[LYN]	Fonts/build/GlyphItem/FontItem_984C.font.lyn.event
[LYN]	Fonts/build/GlyphItem/FontItem_222C.font.lyn.event
[LYN]	Fonts/build/GlyphItem/FontItem_308B.font.lyn.event
[LYN]	Fonts/build/GlyphItem/FontItem_308C.font.lyn.event
[LYN]	Fonts/build/GlyphItem/FontItem_5834.font.lyn.event
[LYN]	Fonts/build/GlyphItem/FontItem_96B7.font.lyn.event
[LYN]	Fonts/build/GlyphItem/FontItem_8A9E.font.lyn.event
[LYN]	Fonts/build/GlyphItem/FontItem_7DCB.font.lyn.event
[LYN]	Fonts/build/GlyphItem/FontItem_5C02.font.lyn.event
[LYN]	Fonts/build/GlyphItem/FontItem_9264.font.lyn.event
[LYN]	Fonts/build/GlyphItem/FontItem_308D.font.lyn.event
[LYN]	Fonts/build/GlyphItem/FontItem_99C6.font.lyn.event
[LYN]	Fonts/build/GlyphItem/FontItem_8B77.font.lyn.event
[LYN]	Fonts/build/GlyphItem/FontItem_970A.font.lyn.event
[LYN]	Fonts/build/GlyphItem/FontItem_5B22.font.lyn.event
[LYN]	Fonts/build/GlyphItem/FontItem_308F.font.lyn.event
[LYN]	Fonts/build/GlyphItem/FontItem_6226.font.lyn.event
[LYN]	Fonts/build/GlyphItem/FontItem_7A2E.font.lyn.event
[LYN]	Fonts/build/GlyphItem/FontItem_5023.font.lyn.event
[LYN]	Fonts/build/GlyphItem/FontItem_9E97.font.lyn.event
[LYN]	Fonts/build/GlyphItem/FontItem_7A32.font.lyn.event
[LYN]	Fonts/build/GlyphItem/FontItem_96E3.font.lyn.event
[LYN]	Fonts/build/GlyphItem/FontItem_66A6.font.lyn.event
[LYN]	Fonts/build/GlyphItem/FontItem_3092.font.lyn.event
[LYN]	Fonts/build/GlyphItem/FontItem_6B74.font.lyn.event
[LYN]	Fonts/build/GlyphItem/FontItem_629E.font.lyn.event
[LYN]	Fonts/build/GlyphItem/FontItem_3093.font.lyn.event
[LYN]	Fonts/build/GlyphItem/FontItem_7D04.font.lyn.event
[LYN]	Fonts/build/GlyphItem/FontItem_5831.font.lyn.event
[LYN]	Fonts/build/GlyphItem/FontItem_98DB.font.lyn.event
[LYN]	Fonts/build/GlyphItem/FontItem_6D44.font.lyn.event
[LYN]	Fonts/build/GlyphItem/FontItem_85AC.font.lyn.event
[LYN]	Fonts/build/GlyphItem/FontItem_58CA.font.lyn.event
[LYN]	Fonts/build/GlyphItem/FontItem_8A33.font.lyn.event
[LYN]	Fonts/build/GlyphItem/FontItem_546A.font.lyn.event
[LYN]	Fonts/build/GlyphItem/FontItem_8E8D.font.lyn.event
[LYN]	Fonts/build/GlyphItem/FontItem_5E7E.font.lyn.event
[LYN]	Fonts/build/GlyphItem/FontItem_5099.font.lyn.event
[LYN]	Fonts/build/GlyphItem/FontItem_54E1.font.lyn.event
[LYN]	Fonts/build/GlyphItem/FontItem_8A17.font.lyn.event
[LYN]	Fonts/build/GlyphItem/FontItem_5302.font.lyn.event
[LYN]	Fonts/build/GlyphItem/FontItem_63EE.font.lyn.event
[LYN]	Fonts/build/GlyphItem/FontItem_6A39.font.lyn.event
[LYN]	Fonts/build/GlyphItem/FontItem_6190.font.lyn.event
[LYN]	Fonts/build/GlyphItem/FontItem_52B9.font.lyn.event
[LYN]	Fonts/build/GlyphItem/FontItem_8AE6.font.lyn.event
[LYN]	Fonts/build/GlyphItem/FontItem_7DF4.font.lyn.event
[LYN]	Fonts/build/GlyphItem/FontItem_53CE.font.lyn.event
[LYN]	Fonts/build/GlyphItem/FontItem_7652.font.lyn.event
[LYN]	Fonts/build/GlyphItem/FontItem_7DDA.font.lyn.event
[LYN]	Fonts/build/GlyphItem/FontItem_98FE.font.lyn.event
[LYN]	Fonts/build/GlyphItem/FontItem_0020.font.lyn.event
[LYN]	Fonts/build/GlyphItem/FontItem_0021.font.lyn.event
[LYN]	Fonts/build/GlyphItem/FontItem_0022.font.lyn.event
[LYN]	Fonts/build/GlyphItem/FontItem_0023.font.lyn.event
[LYN]	Fonts/build/GlyphItem/FontItem_0024.font.lyn.event
[LYN]	Fonts/build/GlyphItem/FontItem_0025.font.lyn.event
[LYN]	Fonts/build/GlyphItem/FontItem_0026.font.lyn.event
[LYN]	Fonts/build/GlyphItem/FontItem_0027.font.lyn.event
[LYN]	Fonts/build/GlyphItem/FontItem_0028.font.lyn.event
[LYN]	Fonts/build/GlyphItem/FontItem_0029.font.lyn.event
[LYN]	Fonts/build/GlyphItem/FontItem_002C.font.lyn.event
[LYN]	Fonts/build/GlyphItem/FontItem_002A.font.lyn.event
[LYN]	Fonts/build/GlyphItem/FontItem_002D.font.lyn.event
[LYN]	Fonts/build/GlyphItem/FontItem_002E.font.lyn.event
[LYN]	Fonts/build/GlyphItem/FontItem_002F.font.lyn.event
[LYN]	Fonts/build/GlyphItem/FontItem_0030.font.lyn.event
[LYN]	Fonts/build/GlyphItem/FontItem_0031.font.lyn.event
[LYN]	Fonts/build/GlyphItem/FontItem_0032.font.lyn.event
[LYN]	Fonts/build/GlyphItem/FontItem_0033.font.lyn.event
[LYN]	Fonts/build/GlyphItem/FontItem_0034.font.lyn.event
[LYN]	Fonts/build/GlyphItem/FontItem_0035.font.lyn.event
[LYN]	Fonts/build/GlyphItem/FontItem_0036.font.lyn.event
[LYN]	Fonts/build/GlyphItem/FontItem_0037.font.lyn.event
[LYN]	Fonts/build/GlyphItem/FontItem_0038.font.lyn.event
[LYN]	Fonts/build/GlyphItem/FontItem_0039.font.lyn.event
[LYN]	Fonts/build/GlyphItem/FontItem_003A.font.lyn.event
[LYN]	Fonts/build/GlyphItem/FontItem_003B.font.lyn.event
[LYN]	Fonts/build/GlyphItem/FontItem_003C.font.lyn.event
[LYN]	Fonts/build/GlyphItem/FontItem_003D.font.lyn.event
[LYN]	Fonts/build/GlyphItem/FontItem_003E.font.lyn.event
[LYN]	Fonts/build/GlyphItem/FontItem_003F.font.lyn.event
[LYN]	Fonts/build/GlyphItem/FontItem_0040.font.lyn.event
[LYN]	Fonts/build/GlyphItem/FontItem_0041.font.lyn.event
[LYN]	Fonts/build/GlyphItem/FontItem_0042.font.lyn.event
[LYN]	Fonts/build/GlyphItem/FontItem_0043.font.lyn.event
[LYN]	Fonts/build/GlyphItem/FontItem_0044.font.lyn.event
[LYN]	Fonts/build/GlyphItem/FontItem_0045.font.lyn.event
[LYN]	Fonts/build/GlyphItem/FontItem_0046.font.lyn.event
[LYN]	Fonts/build/GlyphItem/FontItem_0047.font.lyn.event
[LYN]	Fonts/build/GlyphItem/FontItem_0048.font.lyn.event
[LYN]	Fonts/build/GlyphItem/FontItem_0049.font.lyn.event
[LYN]	Fonts/build/GlyphItem/FontItem_004A.font.lyn.event
[LYN]	Fonts/build/GlyphItem/FontItem_004B.font.lyn.event
[LYN]	Fonts/build/GlyphItem/FontItem_004C.font.lyn.event
[LYN]	Fonts/build/GlyphItem/FontItem_004D.font.lyn.event
[LYN]	Fonts/build/GlyphItem/FontItem_004E.font.lyn.event
[LYN]	Fonts/build/GlyphItem/FontItem_004F.font.lyn.event
[LYN]	Fonts/build/GlyphItem/FontItem_0050.font.lyn.event
[LYN]	Fonts/build/GlyphItem/FontItem_0051.font.lyn.event
[LYN]	Fonts/build/GlyphItem/FontItem_0052.font.lyn.event
[LYN]	Fonts/build/GlyphItem/FontItem_0053.font.lyn.event
[LYN]	Fonts/build/GlyphItem/FontItem_0054.font.lyn.event
[LYN]	Fonts/build/GlyphItem/FontItem_0055.font.lyn.event
[LYN]	Fonts/build/GlyphItem/FontItem_0056.font.lyn.event
[LYN]	Fonts/build/GlyphItem/FontItem_0057.font.lyn.event
[LYN]	Fonts/build/GlyphItem/FontItem_0058.font.lyn.event
[LYN]	Fonts/build/GlyphItem/FontItem_0059.font.lyn.event
[LYN]	Fonts/build/GlyphItem/FontItem_005A.font.lyn.event
[LYN]	Fonts/build/GlyphItem/FontItem_005B.font.lyn.event
[LYN]	Fonts/build/GlyphItem/FontItem_005C.font.lyn.event
[LYN]	Fonts/build/GlyphItem/FontItem_005D.font.lyn.event
[LYN]	Fonts/build/GlyphItem/FontItem_005E.font.lyn.event
[LYN]	Fonts/build/GlyphItem/FontItem_005F.font.lyn.event
[LYN]	Fonts/build/GlyphItem/FontItem_0060.font.lyn.event
[LYN]	Fonts/build/GlyphItem/FontItem_0061.font.lyn.event
[LYN]	Fonts/build/GlyphItem/FontItem_0062.font.lyn.event
[LYN]	Fonts/build/GlyphItem/FontItem_0063.font.lyn.event
[LYN]	Fonts/build/GlyphItem/FontItem_0064.font.lyn.event
[LYN]	Fonts/build/GlyphItem/FontItem_0065.font.lyn.event
[LYN]	Fonts/build/GlyphItem/FontItem_0066.font.lyn.event
[LYN]	Fonts/build/GlyphItem/FontItem_0067.font.lyn.event
[LYN]	Fonts/build/GlyphItem/FontItem_0068.font.lyn.event
[LYN]	Fonts/build/GlyphItem/FontItem_0069.font.lyn.event
[LYN]	Fonts/build/GlyphItem/FontItem_006A.font.lyn.event
[LYN]	Fonts/build/GlyphItem/FontItem_006B.font.lyn.event
[LYN]	Fonts/build/GlyphItem/FontItem_006C.font.lyn.event
[LYN]	Fonts/build/GlyphItem/FontItem_006D.font.lyn.event
[LYN]	Fonts/build/GlyphItem/FontItem_006E.font.lyn.event
[LYN]	Fonts/build/GlyphItem/FontItem_006F.font.lyn.event
[LYN]	Fonts/build/GlyphItem/FontItem_0070.font.lyn.event
[LYN]	Fonts/build/GlyphItem/FontItem_0071.font.lyn.event
[LYN]	Fonts/build/GlyphItem/FontItem_0072.font.lyn.event
[LYN]	Fonts/build/GlyphItem/FontItem_0073.font.lyn.event
[LYN]	Fonts/build/GlyphItem/FontItem_0074.font.lyn.event
[LYN]	Fonts/build/GlyphItem/FontItem_0075.font.lyn.event
[LYN]	Fonts/build/GlyphItem/FontItem_0076.font.lyn.event
[LYN]	Fonts/build/GlyphItem/FontItem_0077.font.lyn.event
[LYN]	Fonts/build/GlyphItem/FontItem_0078.font.lyn.event
[LYN]	Fonts/build/GlyphItem/FontItem_0079.font.lyn.event
[LYN]	Fonts/build/GlyphItem/FontItem_007A.font.lyn.event
[LYN]	Fonts/build/GlyphItem/FontItem_007B.font.lyn.event
[LYN]	Fonts/build/GlyphItem/FontItem_007C.font.lyn.event
[LYN]	Fonts/build/GlyphItem/FontItem_007D.font.lyn.event
[LYN]	Fonts/build/GlyphItem/FontItem_007E.font.lyn.event
[LYN]	Fonts/build/GlyphItem/FontItem_007F.font.lyn.event
[LYN]	Fonts/build/GlyphItem/FontItem_008C.font.lyn.event
[LYN]	Fonts/build/GlyphItem/FontItem_0091.font.lyn.event
[LYN]	Fonts/build/GlyphItem/FontItem_0092.font.lyn.event
[LYN]	Fonts/build/GlyphItem/FontItem_0093.font.lyn.event
[LYN]	Fonts/build/GlyphItem/FontItem_0094.font.lyn.event
[LYN]	Fonts/build/GlyphItem/FontItem_009C.font.lyn.event
[LYN]	Fonts/build/GlyphItem/FontItem_00A1.font.lyn.event
[LYN]	Fonts/build/GlyphItem/FontItem_00AA.font.lyn.event
[LYN]	Fonts/build/GlyphItem/FontItem_00AB.font.lyn.event
[LYN]	Fonts/build/GlyphItem/FontItem_00BA.font.lyn.event
[LYN]	Fonts/build/GlyphItem/FontItem_00BB.font.lyn.event
[LYN]	Fonts/build/GlyphItem/FontItem_00BF.font.lyn.event
[LYN]	Fonts/build/GlyphItem/FontItem_00C0.font.lyn.event
[LYN]	Fonts/build/GlyphItem/FontItem_00C1.font.lyn.event
[LYN]	Fonts/build/GlyphItem/FontItem_00C2.font.lyn.event
[LYN]	Fonts/build/GlyphItem/FontItem_00C4.font.lyn.event
[LYN]	Fonts/build/GlyphItem/FontItem_00C7.font.lyn.event
[LYN]	Fonts/build/GlyphItem/FontItem_00C8.font.lyn.event
[LYN]	Fonts/build/GlyphItem/FontItem_00C9.font.lyn.event
[LYN]	Fonts/build/GlyphItem/FontItem_00CA.font.lyn.event
[LYN]	Fonts/build/GlyphItem/FontItem_00CB.font.lyn.event
[LYN]	Fonts/build/GlyphItem/FontItem_00CC.font.lyn.event
[LYN]	Fonts/build/GlyphItem/FontItem_00CD.font.lyn.event
[LYN]	Fonts/build/GlyphItem/FontItem_00CE.font.lyn.event
[LYN]	Fonts/build/GlyphItem/FontItem_00CF.font.lyn.event
[LYN]	Fonts/build/GlyphItem/FontItem_00D1.font.lyn.event
[LYN]	Fonts/build/GlyphItem/FontItem_00D2.font.lyn.event
[LYN]	Fonts/build/GlyphItem/FontItem_00D3.font.lyn.event
[LYN]	Fonts/build/GlyphItem/FontItem_00D4.font.lyn.event
[LYN]	Fonts/build/GlyphItem/FontItem_00D6.font.lyn.event
[LYN]	Fonts/build/GlyphItem/FontItem_00D9.font.lyn.event
[LYN]	Fonts/build/GlyphItem/FontItem_00DA.font.lyn.event
[LYN]	Fonts/build/GlyphItem/FontItem_00DB.font.lyn.event
[LYN]	Fonts/build/GlyphItem/FontItem_00DC.font.lyn.event
[LYN]	Fonts/build/GlyphItem/FontItem_00DF.font.lyn.event
[LYN]	Fonts/build/GlyphItem/FontItem_00E0.font.lyn.event
[LYN]	Fonts/build/GlyphItem/FontItem_00E1.font.lyn.event
[LYN]	Fonts/build/GlyphItem/FontItem_00E2.font.lyn.event
[LYN]	Fonts/build/GlyphItem/FontItem_00E4.font.lyn.event
[LYN]	Fonts/build/GlyphItem/FontItem_00E7.font.lyn.event
[LYN]	Fonts/build/GlyphItem/FontItem_00E8.font.lyn.event
[LYN]	Fonts/build/GlyphItem/FontItem_00E9.font.lyn.event
[LYN]	Fonts/build/GlyphItem/FontItem_00EA.font.lyn.event
[LYN]	Fonts/build/GlyphItem/FontItem_00EB.font.lyn.event
[LYN]	Fonts/build/GlyphItem/FontItem_00EC.font.lyn.event
[LYN]	Fonts/build/GlyphItem/FontItem_00ED.font.lyn.event
[LYN]	Fonts/build/GlyphItem/FontItem_00EE.font.lyn.event
[LYN]	Fonts/build/GlyphItem/FontItem_00EF.font.lyn.event
[LYN]	Fonts/build/GlyphItem/FontItem_00F1.font.lyn.event
[LYN]	Fonts/build/GlyphItem/FontItem_00F3.font.lyn.event
[LYN]	Fonts/build/GlyphItem/FontItem_00F2.font.lyn.event
[LYN]	Fonts/build/GlyphItem/FontItem_00F4.font.lyn.event
[LYN]	Fonts/build/GlyphItem/FontItem_00F6.font.lyn.event
[LYN]	Fonts/build/GlyphItem/FontItem_00F9.font.lyn.event
[LYN]	Fonts/build/GlyphItem/FontItem_00FA.font.lyn.event
[LYN]	Fonts/build/GlyphItem/FontItem_00FB.font.lyn.event
[LYN]	Fonts/build/GlyphItem/FontItem_2500.font.lyn.event
[LYN]	Fonts/build/GlyphItem/FontItem_00FC.font.lyn.event
[LYN]	Fonts/build/GlyphItem/FontItem_8805.font.lyn.event
[LYN]	Fonts/build/GlyphItem/FontItem_2606.font.lyn.event
[LYN]	Fonts/build/GlyphItem/FontItem_3007.font.lyn.event
[LYN]	Fonts/build/GlyphItem/FontItem_7C12.font.lyn.event
[LYN]	Fonts/build/GlyphItem/FontItem_8D14.font.lyn.event
[LYN]	Fonts/build/GlyphItem/FontItem_7114.font.lyn.event
[LYN]	Fonts/build/GlyphItem/FontItem_2015.font.lyn.event
[LYN]	Fonts/build/GlyphItem/FontItem_8D16.font.lyn.event
[LYN]	Fonts/build/GlyphItem/FontItem_9A19.font.lyn.event
[LYN]	Fonts/build/GlyphItem/FontItem_721B.font.lyn.event
[LYN]	Fonts/build/GlyphItem/FontItem_8A1B.font.lyn.event
[LYN]	Fonts/build/GlyphItem/FontItem_FF1D.font.lyn.event
[LYN]	Fonts/build/GlyphItem/FontItem_8A25.font.lyn.event
[LYN]	Fonts/build/GlyphItem/FontItem_2027.font.lyn.event
[LYN]	Fonts/build/GlyphItem/FontItem_5629.font.lyn.event
[LYN]	Fonts/build/GlyphItem/FontItem_792B.font.lyn.event
[LYN]	Fonts/build/GlyphItem/FontItem_9B31.font.lyn.event
[LYN]	Fonts/build/GlyphItem/FontItem_7432.font.lyn.event
[LYN]	Fonts/build/GlyphItem/FontItem_6B38.font.lyn.event
[LYN]	Fonts/build/GlyphItem/FontItem_723A.font.lyn.event
[LYN]	Fonts/build/GlyphItem/FontItem_6E3E.font.lyn.event
[LYN]	Fonts/build/GlyphItem/FontItem_7942.font.lyn.event
[LYN]	Fonts/build/GlyphItem/FontItem_9D44.font.lyn.event
[LYN]	Fonts/build/GlyphItem/FontItem_7149.font.lyn.event
[LYN]	Fonts/build/GlyphItem/FontItem_5C53.font.lyn.event
[LYN]	Fonts/build/GlyphItem/FontItem_9A55.font.lyn.event
[LYN]	Fonts/build/GlyphItem/FontItem_615F.font.lyn.event
[LYN]	Fonts/build/GlyphItem/FontItem_8A5B.font.lyn.event
[LYN]	Fonts/build/GlyphItem/FontItem_7C60.font.lyn.event
[LYN]	Fonts/build/GlyphItem/FontItem_7260.font.lyn.event
[LYN]	Fonts/build/GlyphItem/FontItem_2661.font.lyn.event
[LYN]	Fonts/build/GlyphItem/FontItem_2264.font.lyn.event
[LYN]	Fonts/build/GlyphItem/FontItem_2265.font.lyn.event
[LYN]	Fonts/build/GlyphItem/FontItem_8569.font.lyn.event
[LYN]	Fonts/build/GlyphItem/FontItem_266A.font.lyn.event
[LYN]	Fonts/build/GlyphItem/FontItem_727D.font.lyn.event
[LYN]	Fonts/build/GlyphItem/FontItem_547F.font.lyn.event
[LYN]	Fonts/build/GlyphItem/FontItem_9081.font.lyn.event
[LYN]	Fonts/build/GlyphItem/FontItem_8E8A.font.lyn.event
[LYN]	Fonts/build/GlyphItem/FontItem_8599.font.lyn.event
[LYN]	Fonts/build/GlyphItem/FontItem_5A9E.font.lyn.event
[LYN]	Fonts/build/GlyphItem/FontItem_03A4.font.lyn.event
[LYN]	Fonts/build/GlyphItem/FontItem_03A9.font.lyn.event
[LYN]	Fonts/build/GlyphItem/FontItem_61AB.font.lyn.event
[LYN]	Fonts/build/GlyphItem/FontItem_5FAC.font.lyn.event
[LYN]	Fonts/build/GlyphItem/FontItem_53AD.font.lyn.event
[LYN]	Fonts/build/GlyphItem/FontItem_98AF.font.lyn.event
[LYN]	Fonts/build/GlyphItem/FontItem_55B0.font.lyn.event
[LYN]	Fonts/build/GlyphItem/FontItem_59B3.font.lyn.event
[LYN]	Fonts/build/GlyphItem/FontItem_60B6.font.lyn.event
[LYN]	Fonts/build/GlyphItem/FontItem_63BB.font.lyn.event
[LYN]	Fonts/build/GlyphItem/FontItem_76BA.font.lyn.event
[LYN]	Fonts/build/GlyphItem/FontItem_7DBB.font.lyn.event
[LYN]	Fonts/build/GlyphItem/FontItem_8FBF.font.lyn.event
[LYN]	Fonts/build/GlyphItem/FontItem_79BF.font.lyn.event
[LYN]	Fonts/build/GlyphItem/FontItem_98C4.font.lyn.event
[LYN]	Fonts/build/GlyphItem/FontItem_50C5.font.lyn.event
[LYN]	Fonts/build/GlyphItem/FontItem_83C8.font.lyn.event
[LYN]	Fonts/build/GlyphItem/FontItem_8ECB.font.lyn.event
[LYN]	Fonts/build/GlyphItem/FontItem_25CB.font.lyn.event
[LYN]	Fonts/build/GlyphItem/FontItem_00D7.font.lyn.event
[LYN]	Fonts/build/GlyphItem/FontItem_7DD8.font.lyn.event
[LYN]	Fonts/build/GlyphItem/FontItem_66E0.font.lyn.event
[LYN]	Fonts/build/GlyphItem/FontItem_53E1.font.lyn.event
[LYN]	Fonts/build/GlyphItem/FontItem_61E3.font.lyn.event
[LYN]	Fonts/build/GlyphItem/FontItem_8CE4.font.lyn.event
[LYN]	Fonts/build/GlyphItem/FontItem_81E5.font.lyn.event
[LYN]	Fonts/build/GlyphItem/FontItem_00E6.font.lyn.event
[LYN]	Fonts/build/GlyphItem/FontItem_71E6.font.lyn.event
[LYN]	Fonts/build/GlyphItem/FontItem_75E9.font.lyn.event
[LYN]	Fonts/build/GlyphItem/FontItem_85EA.font.lyn.event
[LYN]	Fonts/build/GlyphItem/FontItem_51EA.font.lyn.event
[LYN]	Fonts/build/GlyphItem/FontItem_8AEB.font.lyn.event
[LYN]	Fonts/build/GlyphItem/FontItem_25EF.font.lyn.event
[LYN]	Fonts/build/GlyphItem/FontItem_00F0.font.lyn.event
[LYN]	Fonts/build/GlyphItem/FontItem_68F2.font.lyn.event
[LYN]	Fonts/build/GlyphItem/FontItem_00F8.font.lyn.event
[LYN]	Fonts/build/GlyphItem/FontItem_87FB.font.lyn.event
[LYN]	Fonts/build/GlyphItem/FontItem_00FD.font.lyn.event
[LYN]	Fonts/build/GlyphItem/FontItem_905C.font.lyn.event
[LYN]	Fonts/build/GlyphItem/FontItem_947D.font.lyn.event
[LYN]	Fonts/build/GlyphItem/FontItem_6AC2.font.lyn.event
[LYN]	Fonts/build/GlyphItem/FontItem_00FE.font.lyn.event
[LYN]	Fonts/build/GlyphItem/FontItem_7E6B.font.lyn.event
[LYN]	Fonts/build/GlyphItem/FontItem_25B8.font.lyn.event
[LYN]	Fonts/build/GlyphItem/FontItem_25B9.font.lyn.event
[LYN]	Fonts/build/GlyphText/FontText_3002.font.lyn.event
[LYN]	Fonts/build/GlyphText/FontText_FF1F.font.lyn.event
[LYN]	Fonts/build/GlyphText/FontText_FF01.font.lyn.event
[LYN]	Fonts/build/GlyphText/FontText_FF0C.font.lyn.event
[LYN]	Fonts/build/GlyphText/FontText_3001.font.lyn.event
[LYN]	Fonts/build/GlyphText/FontText_FF1B.font.lyn.event
[LYN]	Fonts/build/GlyphText/FontText_FF1A.font.lyn.event
[LYN]	Fonts/build/GlyphText/FontText_300C.font.lyn.event
[LYN]	Fonts/build/GlyphText/FontText_300D.font.lyn.event
[LYN]	Fonts/build/GlyphText/FontText_300E.font.lyn.event
[LYN]	Fonts/build/GlyphText/FontText_300F.font.lyn.event
[LYN]	Fonts/build/GlyphText/FontText_2018.font.lyn.event
[LYN]	Fonts/build/GlyphText/FontText_2019.font.lyn.event
[LYN]	Fonts/build/GlyphText/FontText_201C.font.lyn.event
[LYN]	Fonts/build/GlyphText/FontText_201D.font.lyn.event
[LYN]	Fonts/build/GlyphText/FontText_FF08.font.lyn.event
[LYN]	Fonts/build/GlyphText/FontText_FF09.font.lyn.event
[LYN]	Fonts/build/GlyphText/FontText_3014.font.lyn.event
[LYN]	Fonts/build/GlyphText/FontText_3015.font.lyn.event
[LYN]	Fonts/build/GlyphText/FontText_3010.font.lyn.event
[LYN]	Fonts/build/GlyphText/FontText_3011.font.lyn.event
[LYN]	Fonts/build/GlyphText/FontText_2014.font.lyn.event
[LYN]	Fonts/build/GlyphText/FontText_2026.font.lyn.event
[LYN]	Fonts/build/GlyphText/FontText_2013.font.lyn.event
[LYN]	Fonts/build/GlyphText/FontText_FF0E.font.lyn.event
[LYN]	Fonts/build/GlyphText/FontText_300A.font.lyn.event
[LYN]	Fonts/build/GlyphText/FontText_300B.font.lyn.event
[LYN]	Fonts/build/GlyphText/FontText_3008.font.lyn.event
[LYN]	Fonts/build/GlyphText/FontText_FF0B.font.lyn.event
[LYN]	Fonts/build/GlyphText/FontText_3009.font.lyn.event
[LYN]	Fonts/build/GlyphText/FontText_00B7.font.lyn.event
[LYN]	Fonts/build/GlyphText/FontText_2022.font.lyn.event
[LYN]	Fonts/build/GlyphText/FontText_002B.font.lyn.event
[LYN]	Fonts/build/GlyphText/FontText_3003.font.lyn.event
[LYN]	Fonts/build/GlyphText/FontText_00B0.font.lyn.event
[LYN]	Fonts/build/GlyphText/FontText_5570.font.lyn.event
[LYN]	Fonts/build/GlyphText/FontText_554A.font.lyn.event
[LYN]	Fonts/build/GlyphText/FontText_963F.font.lyn.event
[LYN]	Fonts/build/GlyphText/FontText_57C3.font.lyn.event
[LYN]	Fonts/build/GlyphText/FontText_6328.font.lyn.event
[LYN]	Fonts/build/GlyphText/FontText_54CE.font.lyn.event
[LYN]	Fonts/build/GlyphText/FontText_5509.font.lyn.event
[LYN]	Fonts/build/GlyphText/FontText_54C0.font.lyn.event
[LYN]	Fonts/build/GlyphText/FontText_853C.font.lyn.event
[LYN]	Fonts/build/GlyphText/FontText_77EE.font.lyn.event
[LYN]	Fonts/build/GlyphText/FontText_827E.font.lyn.event
[LYN]	Fonts/build/GlyphText/FontText_788D.font.lyn.event
[LYN]	Fonts/build/GlyphText/FontText_7231.font.lyn.event
[LYN]	Fonts/build/GlyphText/FontText_5B89.font.lyn.event
[LYN]	Fonts/build/GlyphText/FontText_6309.font.lyn.event
[LYN]	Fonts/build/GlyphText/FontText_6697.font.lyn.event
[LYN]	Fonts/build/GlyphText/FontText_5CB8.font.lyn.event
[LYN]	Fonts/build/GlyphText/FontText_6848.font.lyn.event
[LYN]	Fonts/build/GlyphText/FontText_80AE.font.lyn.event
[LYN]	Fonts/build/GlyphText/FontText_7FF1.font.lyn.event
[LYN]	Fonts/build/GlyphText/FontText_50B2.font.lyn.event
[LYN]	Fonts/build/GlyphText/FontText_5965.font.lyn.event
[LYN]	Fonts/build/GlyphText/FontText_5427.font.lyn.event
[LYN]	Fonts/build/GlyphText/FontText_516B.font.lyn.event
[LYN]	Fonts/build/GlyphText/FontText_5DF4.font.lyn.event
[LYN]	Fonts/build/GlyphText/FontText_8DCB.font.lyn.event
[LYN]	Fonts/build/GlyphText/FontText_62D4.font.lyn.event
[LYN]	Fonts/build/GlyphText/FontText_628A.font.lyn.event
[LYN]	Fonts/build/GlyphText/FontText_9738.font.lyn.event
[LYN]	Fonts/build/GlyphText/FontText_7F62.font.lyn.event
[LYN]	Fonts/build/GlyphText/FontText_7238.font.lyn.event
[LYN]	Fonts/build/GlyphText/FontText_767D.font.lyn.event
[LYN]	Fonts/build/GlyphText/FontText_767E.font.lyn.event
[LYN]	Fonts/build/GlyphText/FontText_6446.font.lyn.event
[LYN]	Fonts/build/GlyphText/FontText_8D25.font.lyn.event
[LYN]	Fonts/build/GlyphText/FontText_62DC.font.lyn.event
[LYN]	Fonts/build/GlyphText/FontText_6591.font.lyn.event
[LYN]	Fonts/build/GlyphText/FontText_73ED.font.lyn.event
[LYN]	Fonts/build/GlyphText/FontText_642C.font.lyn.event
[LYN]	Fonts/build/GlyphText/FontText_6273.font.lyn.event
[LYN]	Fonts/build/GlyphText/FontText_822C.font.lyn.event
[LYN]	Fonts/build/GlyphText/FontText_677F.font.lyn.event
[LYN]	Fonts/build/GlyphText/FontText_7248.font.lyn.event
[LYN]	Fonts/build/GlyphText/FontText_626E.font.lyn.event
[LYN]	Fonts/build/GlyphText/FontText_4F34.font.lyn.event
[LYN]	Fonts/build/GlyphText/FontText_534A.font.lyn.event
[LYN]	Fonts/build/GlyphText/FontText_529E.font.lyn.event
[LYN]	Fonts/build/GlyphText/FontText_7ECA.font.lyn.event
[LYN]	Fonts/build/GlyphText/FontText_5E2E.font.lyn.event
[LYN]	Fonts/build/GlyphText/FontText_90A6.font.lyn.event
[LYN]	Fonts/build/GlyphText/FontText_699C.font.lyn.event
[LYN]	Fonts/build/GlyphText/FontText_8180.font.lyn.event
[LYN]	Fonts/build/GlyphText/FontText_7ED1.font.lyn.event
[LYN]	Fonts/build/GlyphText/FontText_68D2.font.lyn.event
[LYN]	Fonts/build/GlyphText/FontText_508D.font.lyn.event
[LYN]	Fonts/build/GlyphText/FontText_80DE.font.lyn.event
[LYN]	Fonts/build/GlyphText/FontText_5305.font.lyn.event
[LYN]	Fonts/build/GlyphText/FontText_5265.font.lyn.event
[LYN]	Fonts/build/GlyphText/FontText_8584.font.lyn.event
[LYN]	Fonts/build/GlyphText/FontText_4FDD.font.lyn.event
[LYN]	Fonts/build/GlyphText/FontText_5821.font.lyn.event
[LYN]	Fonts/build/GlyphText/FontText_9971.font.lyn.event
[LYN]	Fonts/build/GlyphText/FontText_5B9D.font.lyn.event
[LYN]	Fonts/build/GlyphText/FontText_62B1.font.lyn.event
[LYN]	Fonts/build/GlyphText/FontText_62A5.font.lyn.event
[LYN]	Fonts/build/GlyphText/FontText_66B4.font.lyn.event
[LYN]	Fonts/build/GlyphText/FontText_9C8D.font.lyn.event
[LYN]	Fonts/build/GlyphText/FontText_7206.font.lyn.event
[LYN]	Fonts/build/GlyphText/FontText_676F.font.lyn.event
[LYN]	Fonts/build/GlyphText/FontText_60B2.font.lyn.event
[LYN]	Fonts/build/GlyphText/FontText_5351.font.lyn.event
[LYN]	Fonts/build/GlyphText/FontText_5317.font.lyn.event
[LYN]	Fonts/build/GlyphText/FontText_8F88.font.lyn.event
[LYN]	Fonts/build/GlyphText/FontText_80CC.font.lyn.event
[LYN]	Fonts/build/GlyphText/FontText_8D1D.font.lyn.event
[LYN]	Fonts/build/GlyphText/FontText_5907.font.lyn.event
[LYN]	Fonts/build/GlyphText/FontText_500D.font.lyn.event
[LYN]	Fonts/build/GlyphText/FontText_60EB.font.lyn.event
[LYN]	Fonts/build/GlyphText/FontText_88AB.font.lyn.event
[LYN]	Fonts/build/GlyphText/FontText_5954.font.lyn.event
[LYN]	Fonts/build/GlyphText/FontText_672C.font.lyn.event
[LYN]	Fonts/build/GlyphText/FontText_7B28.font.lyn.event
[LYN]	Fonts/build/GlyphText/FontText_5D29.font.lyn.event
[LYN]	Fonts/build/GlyphText/FontText_8FF8.font.lyn.event
[LYN]	Fonts/build/GlyphText/FontText_903C.font.lyn.event
[LYN]	Fonts/build/GlyphText/FontText_9F3B.font.lyn.event
[LYN]	Fonts/build/GlyphText/FontText_6BD4.font.lyn.event
[LYN]	Fonts/build/GlyphText/FontText_9119.font.lyn.event
[LYN]	Fonts/build/GlyphText/FontText_7B14.font.lyn.event
[LYN]	Fonts/build/GlyphText/FontText_5F7C.font.lyn.event
[LYN]	Fonts/build/GlyphText/FontText_78A7.font.lyn.event
[LYN]	Fonts/build/GlyphText/FontText_853D.font.lyn.event
[LYN]	Fonts/build/GlyphText/FontText_6BD5.font.lyn.event
[LYN]	Fonts/build/GlyphText/FontText_5E01.font.lyn.event
[LYN]	Fonts/build/GlyphText/FontText_5E87.font.lyn.event
[LYN]	Fonts/build/GlyphText/FontText_95ED.font.lyn.event
[LYN]	Fonts/build/GlyphText/FontText_5FC5.font.lyn.event
[LYN]	Fonts/build/GlyphText/FontText_58C1.font.lyn.event
[LYN]	Fonts/build/GlyphText/FontText_81C2.font.lyn.event
[LYN]	Fonts/build/GlyphText/FontText_907F.font.lyn.event
[LYN]	Fonts/build/GlyphText/FontText_965B.font.lyn.event
[LYN]	Fonts/build/GlyphText/FontText_97AD.font.lyn.event
[LYN]	Fonts/build/GlyphText/FontText_8FB9.font.lyn.event
[LYN]	Fonts/build/GlyphText/FontText_7F16.font.lyn.event
[LYN]	Fonts/build/GlyphText/FontText_8D2C.font.lyn.event
[LYN]	Fonts/build/GlyphText/FontText_4FBF.font.lyn.event
[LYN]	Fonts/build/GlyphText/FontText_53D8.font.lyn.event
[LYN]	Fonts/build/GlyphText/FontText_8FA8.font.lyn.event
[LYN]	Fonts/build/GlyphText/FontText_904D.font.lyn.event
[LYN]	Fonts/build/GlyphText/FontText_6807.font.lyn.event
[LYN]	Fonts/build/GlyphText/FontText_8868.font.lyn.event
[LYN]	Fonts/build/GlyphText/FontText_9CD6.font.lyn.event
[LYN]	Fonts/build/GlyphText/FontText_522B.font.lyn.event
[LYN]	Fonts/build/GlyphText/FontText_5175.font.lyn.event
[LYN]	Fonts/build/GlyphText/FontText_51B0.font.lyn.event
[LYN]	Fonts/build/GlyphText/FontText_67C4.font.lyn.event
[LYN]	Fonts/build/GlyphText/FontText_75C5.font.lyn.event
[LYN]	Fonts/build/GlyphText/FontText_5E76.font.lyn.event
[LYN]	Fonts/build/GlyphText/FontText_64AD.font.lyn.event
[LYN]	Fonts/build/GlyphText/FontText_6CE2.font.lyn.event
[LYN]	Fonts/build/GlyphText/FontText_535A.font.lyn.event
[LYN]	Fonts/build/GlyphText/FontText_640F.font.lyn.event
[LYN]	Fonts/build/GlyphText/FontText_4F2F.font.lyn.event
[LYN]	Fonts/build/GlyphText/FontText_8116.font.lyn.event
[LYN]	Fonts/build/GlyphText/FontText_6355.font.lyn.event
[LYN]	Fonts/build/GlyphText/FontText_535C.font.lyn.event
[LYN]	Fonts/build/GlyphText/FontText_8865.font.lyn.event
[LYN]	Fonts/build/GlyphText/FontText_4E0D.font.lyn.event
[LYN]	Fonts/build/GlyphText/FontText_5E03.font.lyn.event
[LYN]	Fonts/build/GlyphText/FontText_90E8.font.lyn.event
[LYN]	Fonts/build/GlyphText/FontText_6016.font.lyn.event
[LYN]	Fonts/build/GlyphText/FontText_6B65.font.lyn.event
[LYN]	Fonts/build/GlyphText/FontText_64E6.font.lyn.event
[LYN]	Fonts/build/GlyphText/FontText_88C1.font.lyn.event
[LYN]	Fonts/build/GlyphText/FontText_6750.font.lyn.event
[LYN]	Fonts/build/GlyphText/FontText_624D.font.lyn.event
[LYN]	Fonts/build/GlyphText/FontText_8D22.font.lyn.event
[LYN]	Fonts/build/GlyphText/FontText_8E29.font.lyn.event
[LYN]	Fonts/build/GlyphText/FontText_91C7.font.lyn.event
[LYN]	Fonts/build/GlyphText/FontText_5F69.font.lyn.event
[LYN]	Fonts/build/GlyphText/FontText_83DC.font.lyn.event
[LYN]	Fonts/build/GlyphText/FontText_9910.font.lyn.event
[LYN]	Fonts/build/GlyphText/FontText_53C2.font.lyn.event
[LYN]	Fonts/build/GlyphText/FontText_6B8B.font.lyn.event
[LYN]	Fonts/build/GlyphText/FontText_60E8.font.lyn.event
[LYN]	Fonts/build/GlyphText/FontText_82CD.font.lyn.event
[LYN]	Fonts/build/GlyphText/FontText_85CF.font.lyn.event
[LYN]	Fonts/build/GlyphText/FontText_64CD.font.lyn.event
[LYN]	Fonts/build/GlyphText/FontText_8349.font.lyn.event
[LYN]	Fonts/build/GlyphText/FontText_7B56.font.lyn.event
[LYN]	Fonts/build/GlyphText/FontText_4FA7.font.lyn.event
[LYN]	Fonts/build/GlyphText/FontText_6D4B.font.lyn.event
[LYN]	Fonts/build/GlyphText/FontText_5C42.font.lyn.event
[LYN]	Fonts/build/GlyphText/FontText_8E6D.font.lyn.event
[LYN]	Fonts/build/GlyphText/FontText_8336.font.lyn.event
[LYN]	Fonts/build/GlyphText/FontText_67E5.font.lyn.event
[LYN]	Fonts/build/GlyphText/FontText_5BDF.font.lyn.event
[LYN]	Fonts/build/GlyphText/FontText_5C94.font.lyn.event
[LYN]	Fonts/build/GlyphText/FontText_5DEE.font.lyn.event
[LYN]	Fonts/build/GlyphText/FontText_67F4.font.lyn.event
[LYN]	Fonts/build/GlyphText/FontText_7F20.font.lyn.event
[LYN]	Fonts/build/GlyphText/FontText_94F2.font.lyn.event
[LYN]	Fonts/build/GlyphText/FontText_4EA7.font.lyn.event
[LYN]	Fonts/build/GlyphText/FontText_98A4.font.lyn.event
[LYN]	Fonts/build/GlyphText/FontText_660C.font.lyn.event
[LYN]	Fonts/build/GlyphText/FontText_573A.font.lyn.event
[LYN]	Fonts/build/GlyphText/FontText_5C1D.font.lyn.event
[LYN]	Fonts/build/GlyphText/FontText_5E38.font.lyn.event
[LYN]	Fonts/build/GlyphText/FontText_957F.font.lyn.event
[LYN]	Fonts/build/GlyphText/FontText_507F.font.lyn.event
[LYN]	Fonts/build/GlyphText/FontText_80A0.font.lyn.event
[LYN]	Fonts/build/GlyphText/FontText_7545.font.lyn.event
[LYN]	Fonts/build/GlyphText/FontText_5531.font.lyn.event
[LYN]	Fonts/build/GlyphText/FontText_8D85.font.lyn.event
[LYN]	Fonts/build/GlyphText/FontText_6284.font.lyn.event
[LYN]	Fonts/build/GlyphText/FontText_671D.font.lyn.event
[LYN]	Fonts/build/GlyphText/FontText_6F6E.font.lyn.event
[LYN]	Fonts/build/GlyphText/FontText_5DE2.font.lyn.event
[LYN]	Fonts/build/GlyphText/FontText_5435.font.lyn.event
[LYN]	Fonts/build/GlyphText/FontText_8F66.font.lyn.event
[LYN]	Fonts/build/GlyphText/FontText_626F.font.lyn.event
[LYN]	Fonts/build/GlyphText/FontText_64A4.font.lyn.event
[LYN]	Fonts/build/GlyphText/FontText_5F7B.font.lyn.event
[LYN]	Fonts/build/GlyphText/FontText_81E3.font.lyn.event
[LYN]	Fonts/build/GlyphText/FontText_5C18.font.lyn.event
[LYN]	Fonts/build/GlyphText/FontText_6C89.font.lyn.event
[LYN]	Fonts/build/GlyphText/FontText_8D81.font.lyn.event
[LYN]	Fonts/build/GlyphText/FontText_6491.font.lyn.event
[LYN]	Fonts/build/GlyphText/FontText_79F0.font.lyn.event
[LYN]	Fonts/build/GlyphText/FontText_57CE.font.lyn.event
[LYN]	Fonts/build/GlyphText/FontText_6210.font.lyn.event
[LYN]	Fonts/build/GlyphText/FontText_5448.font.lyn.event
[LYN]	Fonts/build/GlyphText/FontText_4E58.font.lyn.event
[LYN]	Fonts/build/GlyphText/FontText_7A0B.font.lyn.event
[LYN]	Fonts/build/GlyphText/FontText_60E9.font.lyn.event
[LYN]	Fonts/build/GlyphText/FontText_8BDA.font.lyn.event
[LYN]	Fonts/build/GlyphText/FontText_627F.font.lyn.event
[LYN]	Fonts/build/GlyphText/FontText_901E.font.lyn.event
[LYN]	Fonts/build/GlyphText/FontText_9A8B.font.lyn.event
[LYN]	Fonts/build/GlyphText/FontText_5403.font.lyn.event
[LYN]	Fonts/build/GlyphText/FontText_75F4.font.lyn.event
[LYN]	Fonts/build/GlyphText/FontText_6301.font.lyn.event
[LYN]	Fonts/build/GlyphText/FontText_5319.font.lyn.event
[LYN]	Fonts/build/GlyphText/FontText_6C60.font.lyn.event
[LYN]	Fonts/build/GlyphText/FontText_8FDF.font.lyn.event
[LYN]	Fonts/build/GlyphText/FontText_5F1B.font.lyn.event
[LYN]	Fonts/build/GlyphText/FontText_9A70.font.lyn.event
[LYN]	Fonts/build/GlyphText/FontText_803B.font.lyn.event
[LYN]	Fonts/build/GlyphText/FontText_8D64.font.lyn.event
[LYN]	Fonts/build/GlyphText/FontText_7FC5.font.lyn.event
[LYN]	Fonts/build/GlyphText/FontText_65A5.font.lyn.event
[LYN]	Fonts/build/GlyphText/FontText_5145.font.lyn.event
[LYN]	Fonts/build/GlyphText/FontText_51B2.font.lyn.event
[LYN]	Fonts/build/GlyphText/FontText_5BA0.font.lyn.event
[LYN]	Fonts/build/GlyphText/FontText_916C.font.lyn.event
[LYN]	Fonts/build/GlyphText/FontText_7574.font.lyn.event
[LYN]	Fonts/build/GlyphText/FontText_8E0C.font.lyn.event
[LYN]	Fonts/build/GlyphText/FontText_6101.font.lyn.event
[LYN]	Fonts/build/GlyphText/FontText_4EC7.font.lyn.event
[LYN]	Fonts/build/GlyphText/FontText_4E11.font.lyn.event
[LYN]	Fonts/build/GlyphText/FontText_81ED.font.lyn.event
[LYN]	Fonts/build/GlyphText/FontText_521D.font.lyn.event
[LYN]	Fonts/build/GlyphText/FontText_51FA.font.lyn.event
[LYN]	Fonts/build/GlyphText/FontText_53A8.font.lyn.event
[LYN]	Fonts/build/GlyphText/FontText_8E87.font.lyn.event
[LYN]	Fonts/build/GlyphText/FontText_9664.font.lyn.event
[LYN]	Fonts/build/GlyphText/FontText_695A.font.lyn.event
[LYN]	Fonts/build/GlyphText/FontText_7840.font.lyn.event
[LYN]	Fonts/build/GlyphText/FontText_50A8.font.lyn.event
[LYN]	Fonts/build/GlyphText/FontText_89E6.font.lyn.event
[LYN]	Fonts/build/GlyphText/FontText_5904.font.lyn.event
[LYN]	Fonts/build/GlyphText/FontText_5DDD.font.lyn.event
[LYN]	Fonts/build/GlyphText/FontText_7A7F.font.lyn.event
[LYN]	Fonts/build/GlyphText/FontText_4F20.font.lyn.event
[LYN]	Fonts/build/GlyphText/FontText_8239.font.lyn.event
[LYN]	Fonts/build/GlyphText/FontText_5598.font.lyn.event
[LYN]	Fonts/build/GlyphText/FontText_4E32.font.lyn.event
[LYN]	Fonts/build/GlyphText/FontText_7A97.font.lyn.event
[LYN]	Fonts/build/GlyphText/FontText_5E8A.font.lyn.event
[LYN]	Fonts/build/GlyphText/FontText_95EF.font.lyn.event
[LYN]	Fonts/build/GlyphText/FontText_521B.font.lyn.event
[LYN]	Fonts/build/GlyphText/FontText_5439.font.lyn.event
[LYN]	Fonts/build/GlyphText/FontText_9524.font.lyn.event
[LYN]	Fonts/build/GlyphText/FontText_5782.font.lyn.event
[LYN]	Fonts/build/GlyphText/FontText_6625.font.lyn.event
[LYN]	Fonts/build/GlyphText/FontText_7EAF.font.lyn.event
[LYN]	Fonts/build/GlyphText/FontText_8822.font.lyn.event
[LYN]	Fonts/build/GlyphText/FontText_6233.font.lyn.event
[LYN]	Fonts/build/GlyphText/FontText_96CC.font.lyn.event
[LYN]	Fonts/build/GlyphText/FontText_8F9E.font.lyn.event
[LYN]	Fonts/build/GlyphText/FontText_6148.font.lyn.event
[LYN]	Fonts/build/GlyphText/FontText_8BCD.font.lyn.event
[LYN]	Fonts/build/GlyphText/FontText_6B64.font.lyn.event
[LYN]	Fonts/build/GlyphText/FontText_523A.font.lyn.event
[LYN]	Fonts/build/GlyphText/FontText_8D50.font.lyn.event
[LYN]	Fonts/build/GlyphText/FontText_6B21.font.lyn.event
[LYN]	Fonts/build/GlyphText/FontText_806A.font.lyn.event
[LYN]	Fonts/build/GlyphText/FontText_5306.font.lyn.event
[LYN]	Fonts/build/GlyphText/FontText_4ECE.font.lyn.event
[LYN]	Fonts/build/GlyphText/FontText_7C97.font.lyn.event
[LYN]	Fonts/build/GlyphText/FontText_7A9C.font.lyn.event
[LYN]	Fonts/build/GlyphText/FontText_6467.font.lyn.event
[LYN]	Fonts/build/GlyphText/FontText_5D14.font.lyn.event
[LYN]	Fonts/build/GlyphText/FontText_8106.font.lyn.event
[LYN]	Fonts/build/GlyphText/FontText_7601.font.lyn.event
[LYN]	Fonts/build/GlyphText/FontText_7CB9.font.lyn.event
[LYN]	Fonts/build/GlyphText/FontText_6751.font.lyn.event
[LYN]	Fonts/build/GlyphText/FontText_5B58.font.lyn.event
[LYN]	Fonts/build/GlyphText/FontText_5BF8.font.lyn.event
[LYN]	Fonts/build/GlyphText/FontText_78CB.font.lyn.event
[LYN]	Fonts/build/GlyphText/FontText_6413.font.lyn.event
[LYN]	Fonts/build/GlyphText/FontText_9519.font.lyn.event
[LYN]	Fonts/build/GlyphText/FontText_642D.font.lyn.event
[LYN]	Fonts/build/GlyphText/FontText_8FBE.font.lyn.event
[LYN]	Fonts/build/GlyphText/FontText_7B54.font.lyn.event
[LYN]	Fonts/build/GlyphText/FontText_6253.font.lyn.event
[LYN]	Fonts/build/GlyphText/FontText_5927.font.lyn.event
[LYN]	Fonts/build/GlyphText/FontText_5446.font.lyn.event
[LYN]	Fonts/build/GlyphText/FontText_6B79.font.lyn.event
[LYN]	Fonts/build/GlyphText/FontText_6234.font.lyn.event
[LYN]	Fonts/build/GlyphText/FontText_5E26.font.lyn.event
[LYN]	Fonts/build/GlyphText/FontText_4EE3.font.lyn.event
[LYN]	Fonts/build/GlyphText/FontText_888B.font.lyn.event
[LYN]	Fonts/build/GlyphText/FontText_5F85.font.lyn.event
[LYN]	Fonts/build/GlyphText/FontText_902E.font.lyn.event
[LYN]	Fonts/build/GlyphText/FontText_6020.font.lyn.event
[LYN]	Fonts/build/GlyphText/FontText_62C5.font.lyn.event
[LYN]	Fonts/build/GlyphText/FontText_5355.font.lyn.event
[LYN]	Fonts/build/GlyphText/FontText_80C6.font.lyn.event
[LYN]	Fonts/build/GlyphText/FontText_65E6.font.lyn.event
[LYN]	Fonts/build/GlyphText/FontText_4F46.font.lyn.event
[LYN]	Fonts/build/GlyphText/FontText_6DE1.font.lyn.event
[LYN]	Fonts/build/GlyphText/FontText_8BDE.font.lyn.event
[LYN]	Fonts/build/GlyphText/FontText_86CB.font.lyn.event
[LYN]	Fonts/build/GlyphText/FontText_5F53.font.lyn.event
[LYN]	Fonts/build/GlyphText/FontText_6321.font.lyn.event
[LYN]	Fonts/build/GlyphText/FontText_515A.font.lyn.event
[LYN]	Fonts/build/GlyphText/FontText_8361.font.lyn.event
[LYN]	Fonts/build/GlyphText/FontText_6863.font.lyn.event
[LYN]	Fonts/build/GlyphText/FontText_5200.font.lyn.event
[LYN]	Fonts/build/GlyphText/FontText_6363.font.lyn.event
[LYN]	Fonts/build/GlyphText/FontText_8E48.font.lyn.event
[LYN]	Fonts/build/GlyphText/FontText_5012.font.lyn.event
[LYN]	Fonts/build/GlyphText/FontText_5C9B.font.lyn.event
[LYN]	Fonts/build/GlyphText/FontText_7977.font.lyn.event
[LYN]	Fonts/build/GlyphText/FontText_5BFC.font.lyn.event
[LYN]	Fonts/build/GlyphText/FontText_5230.font.lyn.event
[LYN]	Fonts/build/GlyphText/FontText_9053.font.lyn.event
[LYN]	Fonts/build/GlyphText/FontText_76D7.font.lyn.event
[LYN]	Fonts/build/GlyphText/FontText_5FB7.font.lyn.event
[LYN]	Fonts/build/GlyphText/FontText_5F97.font.lyn.event
[LYN]	Fonts/build/GlyphText/FontText_7684.font.lyn.event
[LYN]	Fonts/build/GlyphText/FontText_8E6C.font.lyn.event
[LYN]	Fonts/build/GlyphText/FontText_706F.font.lyn.event
[LYN]	Fonts/build/GlyphText/FontText_767B.font.lyn.event
[LYN]	Fonts/build/GlyphText/FontText_77AA.font.lyn.event
[LYN]	Fonts/build/GlyphText/FontText_7B49.font.lyn.event
[LYN]	Fonts/build/GlyphText/FontText_4F4E.font.lyn.event
[LYN]	Fonts/build/GlyphText/FontText_8FEA.font.lyn.event
[LYN]	Fonts/build/GlyphText/FontText_654C.font.lyn.event
[LYN]	Fonts/build/GlyphText/FontText_5AE1.font.lyn.event
[LYN]	Fonts/build/GlyphText/FontText_62B5.font.lyn.event
[LYN]	Fonts/build/GlyphText/FontText_5E95.font.lyn.event
[LYN]	Fonts/build/GlyphText/FontText_5730.font.lyn.event
[LYN]	Fonts/build/GlyphText/FontText_8482.font.lyn.event
[LYN]	Fonts/build/GlyphText/FontText_7B2C.font.lyn.event
[LYN]	Fonts/build/GlyphText/FontText_5F1F.font.lyn.event
[LYN]	Fonts/build/GlyphText/FontText_7F14.font.lyn.event
[LYN]	Fonts/build/GlyphText/FontText_98A0.font.lyn.event
[LYN]	Fonts/build/GlyphText/FontText_70B9.font.lyn.event
[LYN]	Fonts/build/GlyphText/FontText_57AB.font.lyn.event
[LYN]	Fonts/build/GlyphText/FontText_7535.font.lyn.event
[LYN]	Fonts/build/GlyphText/FontText_5E97.font.lyn.event
[LYN]	Fonts/build/GlyphText/FontText_6BBF.font.lyn.event
[LYN]	Fonts/build/GlyphText/FontText_5201.font.lyn.event
[LYN]	Fonts/build/GlyphText/FontText_6389.font.lyn.event
[LYN]	Fonts/build/GlyphText/FontText_540A.font.lyn.event
[LYN]	Fonts/build/GlyphText/FontText_9493.font.lyn.event
[LYN]	Fonts/build/GlyphText/FontText_8C03.font.lyn.event
[LYN]	Fonts/build/GlyphText/FontText_8DCC.font.lyn.event
[LYN]	Fonts/build/GlyphText/FontText_789F.font.lyn.event
[LYN]	Fonts/build/GlyphText/FontText_8776.font.lyn.event
[LYN]	Fonts/build/GlyphText/FontText_8C0D.font.lyn.event
[LYN]	Fonts/build/GlyphText/FontText_76EF.font.lyn.event
[LYN]	Fonts/build/GlyphText/FontText_9489.font.lyn.event
[LYN]	Fonts/build/GlyphText/FontText_9876.font.lyn.event
[LYN]	Fonts/build/GlyphText/FontText_5B9A.font.lyn.event
[LYN]	Fonts/build/GlyphText/FontText_8BA2.font.lyn.event
[LYN]	Fonts/build/GlyphText/FontText_4E22.font.lyn.event
[LYN]	Fonts/build/GlyphText/FontText_4E1C.font.lyn.event
[LYN]	Fonts/build/GlyphText/FontText_51AC.font.lyn.event
[LYN]	Fonts/build/GlyphText/FontText_61C2.font.lyn.event
[LYN]	Fonts/build/GlyphText/FontText_52A8.font.lyn.event
[LYN]	Fonts/build/GlyphText/FontText_51BB.font.lyn.event
[LYN]	Fonts/build/GlyphText/FontText_6D1E.font.lyn.event
[LYN]	Fonts/build/GlyphText/FontText_515C.font.lyn.event
[LYN]	Fonts/build/GlyphText/FontText_6296.font.lyn.event
[LYN]	Fonts/build/GlyphText/FontText_6597.font.lyn.event
[LYN]	Fonts/build/GlyphText/FontText_9017.font.lyn.event
[LYN]	Fonts/build/GlyphText/FontText_90FD.font.lyn.event
[LYN]	Fonts/build/GlyphText/FontText_7763.font.lyn.event
[LYN]	Fonts/build/GlyphText/FontText_6BD2.font.lyn.event
[LYN]	Fonts/build/GlyphText/FontText_72EC.font.lyn.event
[LYN]	Fonts/build/GlyphText/FontText_8BFB.font.lyn.event
[LYN]	Fonts/build/GlyphText/FontText_5835.font.lyn.event
[LYN]	Fonts/build/GlyphText/FontText_8D4C.font.lyn.event
[LYN]	Fonts/build/GlyphText/FontText_809A.font.lyn.event
[LYN]	Fonts/build/GlyphText/FontText_5EA6.font.lyn.event
[LYN]	Fonts/build/GlyphText/FontText_6E21.font.lyn.event
[LYN]	Fonts/build/GlyphText/FontText_5992.font.lyn.event
[LYN]	Fonts/build/GlyphText/FontText_7AEF.font.lyn.event
[LYN]	Fonts/build/GlyphText/FontText_77ED.font.lyn.event
[LYN]	Fonts/build/GlyphText/FontText_953B.font.lyn.event
[LYN]	Fonts/build/GlyphText/FontText_6BB5.font.lyn.event
[LYN]	Fonts/build/GlyphText/FontText_65AD.font.lyn.event
[LYN]	Fonts/build/GlyphText/FontText_5806.font.lyn.event
[LYN]	Fonts/build/GlyphText/FontText_961F.font.lyn.event
[LYN]	Fonts/build/GlyphText/FontText_5BF9.font.lyn.event
[LYN]	Fonts/build/GlyphText/FontText_987F.font.lyn.event
[LYN]	Fonts/build/GlyphText/FontText_949D.font.lyn.event
[LYN]	Fonts/build/GlyphText/FontText_76FE.font.lyn.event
[LYN]	Fonts/build/GlyphText/FontText_591A.font.lyn.event
[LYN]	Fonts/build/GlyphText/FontText_593A.font.lyn.event
[LYN]	Fonts/build/GlyphText/FontText_8EB2.font.lyn.event
[LYN]	Fonts/build/GlyphText/FontText_6735.font.lyn.event
[LYN]	Fonts/build/GlyphText/FontText_5815.font.lyn.event
[LYN]	Fonts/build/GlyphText/FontText_65B9.font.lyn.event
[LYN]	Fonts/build/GlyphText/FontText_6076.font.lyn.event
[LYN]	Fonts/build/GlyphText/FontText_997F.font.lyn.event
[LYN]	Fonts/build/GlyphText/FontText_6069.font.lyn.event
[LYN]	Fonts/build/GlyphText/FontText_800C.font.lyn.event
[LYN]	Fonts/build/GlyphText/FontText_513F.font.lyn.event
[LYN]	Fonts/build/GlyphText/FontText_8033.font.lyn.event
[LYN]	Fonts/build/GlyphText/FontText_5C14.font.lyn.event
[LYN]	Fonts/build/GlyphText/FontText_4E8C.font.lyn.event
[LYN]	Fonts/build/GlyphText/FontText_53D1.font.lyn.event
[LYN]	Fonts/build/GlyphText/FontText_623F.font.lyn.event
[LYN]	Fonts/build/GlyphText/FontText_7F5A.font.lyn.event
[LYN]	Fonts/build/GlyphText/FontText_4F10.font.lyn.event
[LYN]	Fonts/build/GlyphText/FontText_6CD5.font.lyn.event
[LYN]	Fonts/build/GlyphText/FontText_73D0.font.lyn.event
[LYN]	Fonts/build/GlyphText/FontText_756A.font.lyn.event
[LYN]	Fonts/build/GlyphText/FontText_7FFB.font.lyn.event
[LYN]	Fonts/build/GlyphText/FontText_7E41.font.lyn.event
[LYN]	Fonts/build/GlyphText/FontText_51E1.font.lyn.event
[LYN]	Fonts/build/GlyphText/FontText_70E6.font.lyn.event
[LYN]	Fonts/build/GlyphText/FontText_53CD.font.lyn.event
[LYN]	Fonts/build/GlyphText/FontText_8FD4.font.lyn.event
[LYN]	Fonts/build/GlyphText/FontText_8303.font.lyn.event
[LYN]	Fonts/build/GlyphText/FontText_72AF.font.lyn.event
[LYN]	Fonts/build/GlyphText/FontText_996D.font.lyn.event
[LYN]	Fonts/build/GlyphText/FontText_82B3.font.lyn.event
[LYN]	Fonts/build/GlyphText/FontText_9632.font.lyn.event
[LYN]	Fonts/build/GlyphText/FontText_59A8.font.lyn.event
[LYN]	Fonts/build/GlyphText/FontText_4EFF.font.lyn.event
[LYN]	Fonts/build/GlyphText/FontText_8BBF.font.lyn.event
[LYN]	Fonts/build/GlyphText/FontText_653E.font.lyn.event
[LYN]	Fonts/build/GlyphText/FontText_83F2.font.lyn.event
[LYN]	Fonts/build/GlyphText/FontText_975E.font.lyn.event
[LYN]	Fonts/build/GlyphText/FontText_98DE.font.lyn.event
[LYN]	Fonts/build/GlyphText/FontText_532A.font.lyn.event
[LYN]	Fonts/build/GlyphText/FontText_5E9F.font.lyn.event
[LYN]	Fonts/build/GlyphText/FontText_6CB8.font.lyn.event
[LYN]	Fonts/build/GlyphText/FontText_8D39.font.lyn.event
[LYN]	Fonts/build/GlyphText/FontText_82AC.font.lyn.event
[LYN]	Fonts/build/GlyphText/FontText_5429.font.lyn.event
[LYN]	Fonts/build/GlyphText/FontText_6C1B.font.lyn.event
[LYN]	Fonts/build/GlyphText/FontText_5206.font.lyn.event
[LYN]	Fonts/build/GlyphText/FontText_7C89.font.lyn.event
[LYN]	Fonts/build/GlyphText/FontText_594B.font.lyn.event
[LYN]	Fonts/build/GlyphText/FontText_4EFD.font.lyn.event
[LYN]	Fonts/build/GlyphText/FontText_6124.font.lyn.event
[LYN]	Fonts/build/GlyphText/FontText_4E30.font.lyn.event
[LYN]	Fonts/build/GlyphText/FontText_5C01.font.lyn.event
[LYN]	Fonts/build/GlyphText/FontText_950B.font.lyn.event
[LYN]	Fonts/build/GlyphText/FontText_98CE.font.lyn.event
[LYN]	Fonts/build/GlyphText/FontText_75AF.font.lyn.event
[LYN]	Fonts/build/GlyphText/FontText_9022.font.lyn.event
[LYN]	Fonts/build/GlyphText/FontText_7F1D.font.lyn.event
[LYN]	Fonts/build/GlyphText/FontText_8BBD.font.lyn.event
[LYN]	Fonts/build/GlyphText/FontText_5949.font.lyn.event
[LYN]	Fonts/build/GlyphText/FontText_5426.font.lyn.event
[LYN]	Fonts/build/GlyphText/FontText_80A4.font.lyn.event
[LYN]	Fonts/build/GlyphText/FontText_592B.font.lyn.event
[LYN]	Fonts/build/GlyphText/FontText_6276.font.lyn.event
[LYN]	Fonts/build/GlyphText/FontText_62C2.font.lyn.event
[LYN]	Fonts/build/GlyphText/FontText_5E45.font.lyn.event
[LYN]	Fonts/build/GlyphText/FontText_7B26.font.lyn.event
[LYN]	Fonts/build/GlyphText/FontText_4F0F.font.lyn.event
[LYN]	Fonts/build/GlyphText/FontText_4FD8.font.lyn.event
[LYN]	Fonts/build/GlyphText/FontText_670D.font.lyn.event
[LYN]	Fonts/build/GlyphText/FontText_6D6E.font.lyn.event
[LYN]	Fonts/build/GlyphText/FontText_798F.font.lyn.event
[LYN]	Fonts/build/GlyphText/FontText_5F17.font.lyn.event
[LYN]	Fonts/build/GlyphText/FontText_629A.font.lyn.event
[LYN]	Fonts/build/GlyphText/FontText_8F85.font.lyn.event
[LYN]	Fonts/build/GlyphText/FontText_4FEF.font.lyn.event
[LYN]	Fonts/build/GlyphText/FontText_65A7.font.lyn.event
[LYN]	Fonts/build/GlyphText/FontText_5E9C.font.lyn.event
[LYN]	Fonts/build/GlyphText/FontText_8150.font.lyn.event
[LYN]	Fonts/build/GlyphText/FontText_8D74.font.lyn.event
[LYN]	Fonts/build/GlyphText/FontText_526F.font.lyn.event
[LYN]	Fonts/build/GlyphText/FontText_8986.font.lyn.event
[LYN]	Fonts/build/GlyphText/FontText_590D.font.lyn.event
[LYN]	Fonts/build/GlyphText/FontText_8D4B.font.lyn.event
[LYN]	Fonts/build/GlyphText/FontText_4ED8.font.lyn.event
[LYN]	Fonts/build/GlyphText/FontText_7236.font.lyn.event
[LYN]	Fonts/build/GlyphText/FontText_8D1F.font.lyn.event
[LYN]	Fonts/build/GlyphText/FontText_5BCC.font.lyn.event
[LYN]	Fonts/build/GlyphText/FontText_9644.font.lyn.event
[LYN]	Fonts/build/GlyphText/FontText_5987.font.lyn.event
[LYN]	Fonts/build/GlyphText/FontText_7F1A.font.lyn.event
[LYN]	Fonts/build/GlyphText/FontText_5490.font.lyn.event
[LYN]	Fonts/build/GlyphText/FontText_8BE5.font.lyn.event
[LYN]	Fonts/build/GlyphText/FontText_6982.font.lyn.event
[LYN]	Fonts/build/GlyphText/FontText_6539.font.lyn.event
[LYN]	Fonts/build/GlyphText/FontText_76D6.font.lyn.event
[LYN]	Fonts/build/GlyphText/FontText_5E72.font.lyn.event
[LYN]	Fonts/build/GlyphText/FontText_7518.font.lyn.event
[LYN]	Fonts/build/GlyphText/FontText_6746.font.lyn.event
[LYN]	Fonts/build/GlyphText/FontText_8D76.font.lyn.event
[LYN]	Fonts/build/GlyphText/FontText_611F.font.lyn.event
[LYN]	Fonts/build/GlyphText/FontText_6562.font.lyn.event
[LYN]	Fonts/build/GlyphText/FontText_5188.font.lyn.event
[LYN]	Fonts/build/GlyphText/FontText_521A.font.lyn.event
[LYN]	Fonts/build/GlyphText/FontText_94A2.font.lyn.event
[LYN]	Fonts/build/GlyphText/FontText_9AD8.font.lyn.event
[LYN]	Fonts/build/GlyphText/FontText_818F.font.lyn.event
[LYN]	Fonts/build/GlyphText/FontText_7F94.font.lyn.event
[LYN]	Fonts/build/GlyphText/FontText_7CD5.font.lyn.event
[LYN]	Fonts/build/GlyphText/FontText_641E.font.lyn.event
[LYN]	Fonts/build/GlyphText/FontText_544A.font.lyn.event
[LYN]	Fonts/build/GlyphText/FontText_54E5.font.lyn.event
[LYN]	Fonts/build/GlyphText/FontText_6B4C.font.lyn.event
[LYN]	Fonts/build/GlyphText/FontText_6208.font.lyn.event
[LYN]	Fonts/build/GlyphText/FontText_9769.font.lyn.event
[LYN]	Fonts/build/GlyphText/FontText_845B.font.lyn.event
[LYN]	Fonts/build/GlyphText/FontText_683C.font.lyn.event
[LYN]	Fonts/build/GlyphText/FontText_9601.font.lyn.event
[LYN]	Fonts/build/GlyphText/FontText_9694.font.lyn.event
[LYN]	Fonts/build/GlyphText/FontText_4E2A.font.lyn.event
[LYN]	Fonts/build/GlyphText/FontText_5404.font.lyn.event
[LYN]	Fonts/build/GlyphText/FontText_7ED9.font.lyn.event
[LYN]	Fonts/build/GlyphText/FontText_6839.font.lyn.event
[LYN]	Fonts/build/GlyphText/FontText_8DDF.font.lyn.event
[LYN]	Fonts/build/GlyphText/FontText_66F4.font.lyn.event
[LYN]	Fonts/build/GlyphText/FontText_8015.font.lyn.event
[LYN]	Fonts/build/GlyphText/FontText_803F.font.lyn.event
[LYN]	Fonts/build/GlyphText/FontText_5DE5.font.lyn.event
[LYN]	Fonts/build/GlyphText/FontText_653B.font.lyn.event
[LYN]	Fonts/build/GlyphText/FontText_529F.font.lyn.event
[LYN]	Fonts/build/GlyphText/FontText_606D.font.lyn.event
[LYN]	Fonts/build/GlyphText/FontText_4F9B.font.lyn.event
[LYN]	Fonts/build/GlyphText/FontText_8EAC.font.lyn.event
[LYN]	Fonts/build/GlyphText/FontText_5BAB.font.lyn.event
[LYN]	Fonts/build/GlyphText/FontText_516C.font.lyn.event
[LYN]	Fonts/build/GlyphText/FontText_5F13.font.lyn.event
[LYN]	Fonts/build/GlyphText/FontText_5DE9.font.lyn.event
[LYN]	Fonts/build/GlyphText/FontText_8D21.font.lyn.event
[LYN]	Fonts/build/GlyphText/FontText_5171.font.lyn.event
[LYN]	Fonts/build/GlyphText/FontText_52FE.font.lyn.event
[LYN]	Fonts/build/GlyphText/FontText_72D7.font.lyn.event
[LYN]	Fonts/build/GlyphText/FontText_6784.font.lyn.event
[LYN]	Fonts/build/GlyphText/FontText_8D2D.font.lyn.event
[LYN]	Fonts/build/GlyphText/FontText_591F.font.lyn.event
[LYN]	Fonts/build/GlyphText/FontText_8F9C.font.lyn.event
[LYN]	Fonts/build/GlyphText/FontText_4F30.font.lyn.event
[LYN]	Fonts/build/GlyphText/FontText_5B64.font.lyn.event
[LYN]	Fonts/build/GlyphText/FontText_59D1.font.lyn.event
[LYN]	Fonts/build/GlyphText/FontText_9F13.font.lyn.event
[LYN]	Fonts/build/GlyphText/FontText_53E4.font.lyn.event
[LYN]	Fonts/build/GlyphText/FontText_9AA8.font.lyn.event
[LYN]	Fonts/build/GlyphText/FontText_8C37.font.lyn.event
[LYN]	Fonts/build/GlyphText/FontText_80A1.font.lyn.event
[LYN]	Fonts/build/GlyphText/FontText_6545.font.lyn.event
[LYN]	Fonts/build/GlyphText/FontText_987E.font.lyn.event
[LYN]	Fonts/build/GlyphText/FontText_56FA.font.lyn.event
[LYN]	Fonts/build/GlyphText/FontText_96C7.font.lyn.event
[LYN]	Fonts/build/GlyphText/FontText_522E.font.lyn.event
[LYN]	Fonts/build/GlyphText/FontText_74DC.font.lyn.event
[LYN]	Fonts/build/GlyphText/FontText_6302.font.lyn.event
[LYN]	Fonts/build/GlyphText/FontText_4E56.font.lyn.event
[LYN]	Fonts/build/GlyphText/FontText_602A.font.lyn.event
[LYN]	Fonts/build/GlyphText/FontText_68FA.font.lyn.event
[LYN]	Fonts/build/GlyphText/FontText_5173.font.lyn.event
[LYN]	Fonts/build/GlyphText/FontText_5B98.font.lyn.event
[LYN]	Fonts/build/GlyphText/FontText_51A0.font.lyn.event
[LYN]	Fonts/build/GlyphText/FontText_89C2.font.lyn.event
[LYN]	Fonts/build/GlyphText/FontText_7BA1.font.lyn.event
[LYN]	Fonts/build/GlyphText/FontText_9986.font.lyn.event
[LYN]	Fonts/build/GlyphText/FontText_7F50.font.lyn.event
[LYN]	Fonts/build/GlyphText/FontText_60EF.font.lyn.event
[LYN]	Fonts/build/GlyphText/FontText_704C.font.lyn.event
[LYN]	Fonts/build/GlyphText/FontText_8D2F.font.lyn.event
[LYN]	Fonts/build/GlyphText/FontText_5149.font.lyn.event
[LYN]	Fonts/build/GlyphText/FontText_5E7F.font.lyn.event
[LYN]	Fonts/build/GlyphText/FontText_89C4.font.lyn.event
[LYN]	Fonts/build/GlyphText/FontText_5F52.font.lyn.event
[LYN]	Fonts/build/GlyphText/FontText_8F68.font.lyn.event
[LYN]	Fonts/build/GlyphText/FontText_9B3C.font.lyn.event
[LYN]	Fonts/build/GlyphText/FontText_8BE1.font.lyn.event
[LYN]	Fonts/build/GlyphText/FontText_8D35.font.lyn.event
[LYN]	Fonts/build/GlyphText/FontText_6EDA.font.lyn.event
[LYN]	Fonts/build/GlyphText/FontText_56FD.font.lyn.event
[LYN]	Fonts/build/GlyphText/FontText_679C.font.lyn.event
[LYN]	Fonts/build/GlyphText/FontText_8FC7.font.lyn.event
[LYN]	Fonts/build/GlyphText/FontText_54C8.font.lyn.event
[LYN]	Fonts/build/GlyphText/FontText_5B69.font.lyn.event
[LYN]	Fonts/build/GlyphText/FontText_6D77.font.lyn.event
[LYN]	Fonts/build/GlyphText/FontText_5BB3.font.lyn.event
[LYN]	Fonts/build/GlyphText/FontText_9A87.font.lyn.event
[LYN]	Fonts/build/GlyphText/FontText_542B.font.lyn.event
[LYN]	Fonts/build/GlyphText/FontText_5BD2.font.lyn.event
[LYN]	Fonts/build/GlyphText/FontText_558A.font.lyn.event
[LYN]	Fonts/build/GlyphText/FontText_7F55.font.lyn.event
[LYN]	Fonts/build/GlyphText/FontText_7FF0.font.lyn.event
[LYN]	Fonts/build/GlyphText/FontText_64BC.font.lyn.event
[LYN]	Fonts/build/GlyphText/FontText_61BE.font.lyn.event
[LYN]	Fonts/build/GlyphText/FontText_608D.font.lyn.event
[LYN]	Fonts/build/GlyphText/FontText_6C57.font.lyn.event
[LYN]	Fonts/build/GlyphText/FontText_6C49.font.lyn.event
[LYN]	Fonts/build/GlyphText/FontText_822A.font.lyn.event
[LYN]	Fonts/build/GlyphText/FontText_568E.font.lyn.event
[LYN]	Fonts/build/GlyphText/FontText_8C6A.font.lyn.event
[LYN]	Fonts/build/GlyphText/FontText_6BEB.font.lyn.event
[LYN]	Fonts/build/GlyphText/FontText_597D.font.lyn.event
[LYN]	Fonts/build/GlyphText/FontText_8017.font.lyn.event
[LYN]	Fonts/build/GlyphText/FontText_53F7.font.lyn.event
[LYN]	Fonts/build/GlyphText/FontText_5475.font.lyn.event
[LYN]	Fonts/build/GlyphText/FontText_559D.font.lyn.event
[LYN]	Fonts/build/GlyphText/FontText_548C.font.lyn.event
[LYN]	Fonts/build/GlyphText/FontText_5408.font.lyn.event
[LYN]	Fonts/build/GlyphText/FontText_6CB3.font.lyn.event
[LYN]	Fonts/build/GlyphText/FontText_4F55.font.lyn.event
[LYN]	Fonts/build/GlyphText/FontText_8D6B.font.lyn.event
[LYN]	Fonts/build/GlyphText/FontText_8D3A.font.lyn.event
[LYN]	Fonts/build/GlyphText/FontText_563F.font.lyn.event
[LYN]	Fonts/build/GlyphText/FontText_9ED1.font.lyn.event
[LYN]	Fonts/build/GlyphText/FontText_75D5.font.lyn.event
[LYN]	Fonts/build/GlyphText/FontText_5F88.font.lyn.event
[LYN]	Fonts/build/GlyphText/FontText_72E0.font.lyn.event
[LYN]	Fonts/build/GlyphText/FontText_6068.font.lyn.event
[LYN]	Fonts/build/GlyphText/FontText_54FC.font.lyn.event
[LYN]	Fonts/build/GlyphText/FontText_6A2A.font.lyn.event
[LYN]	Fonts/build/GlyphText/FontText_8861.font.lyn.event
[LYN]	Fonts/build/GlyphText/FontText_6052.font.lyn.event
[LYN]	Fonts/build/GlyphText/FontText_8F70.font.lyn.event
[LYN]	Fonts/build/GlyphText/FontText_5B8F.font.lyn.event
[LYN]	Fonts/build/GlyphText/FontText_7EA2.font.lyn.event
[LYN]	Fonts/build/GlyphText/FontText_4FAF.font.lyn.event
[LYN]	Fonts/build/GlyphText/FontText_539A.font.lyn.event
[LYN]	Fonts/build/GlyphText/FontText_5019.font.lyn.event
[LYN]	Fonts/build/GlyphText/FontText_540E.font.lyn.event
[LYN]	Fonts/build/GlyphText/FontText_547C.font.lyn.event
[LYN]	Fonts/build/GlyphText/FontText_4E4E.font.lyn.event
[LYN]	Fonts/build/GlyphText/FontText_5FFD.font.lyn.event
[LYN]	Fonts/build/GlyphText/FontText_80E1.font.lyn.event
[LYN]	Fonts/build/GlyphText/FontText_8774.font.lyn.event
[LYN]	Fonts/build/GlyphText/FontText_7CCA.font.lyn.event
[LYN]	Fonts/build/GlyphText/FontText_6E56.font.lyn.event
[LYN]	Fonts/build/GlyphText/FontText_864E.font.lyn.event
[LYN]	Fonts/build/GlyphText/FontText_62A4.font.lyn.event
[LYN]	Fonts/build/GlyphText/FontText_4E92.font.lyn.event
[LYN]	Fonts/build/GlyphText/FontText_6237.font.lyn.event
[LYN]	Fonts/build/GlyphText/FontText_82B1.font.lyn.event
[LYN]	Fonts/build/GlyphText/FontText_534E.font.lyn.event
[LYN]	Fonts/build/GlyphText/FontText_733E.font.lyn.event
[LYN]	Fonts/build/GlyphText/FontText_753B.font.lyn.event
[LYN]	Fonts/build/GlyphText/FontText_5212.font.lyn.event
[LYN]	Fonts/build/GlyphText/FontText_5316.font.lyn.event
[LYN]	Fonts/build/GlyphText/FontText_8BDD.font.lyn.event
[LYN]	Fonts/build/GlyphText/FontText_5F8A.font.lyn.event
[LYN]	Fonts/build/GlyphText/FontText_6000.font.lyn.event
[LYN]	Fonts/build/GlyphText/FontText_574F.font.lyn.event
[LYN]	Fonts/build/GlyphText/FontText_6B22.font.lyn.event
[LYN]	Fonts/build/GlyphText/FontText_73AF.font.lyn.event
[LYN]	Fonts/build/GlyphText/FontText_8FD8.font.lyn.event
[LYN]	Fonts/build/GlyphText/FontText_6362.font.lyn.event
[LYN]	Fonts/build/GlyphText/FontText_7F13.font.lyn.event
[LYN]	Fonts/build/GlyphText/FontText_60A3.font.lyn.event
[LYN]	Fonts/build/GlyphText/FontText_5524.font.lyn.event
[LYN]	Fonts/build/GlyphText/FontText_6DA3.font.lyn.event
[LYN]	Fonts/build/GlyphText/FontText_5E7B.font.lyn.event
[LYN]	Fonts/build/GlyphText/FontText_8352.font.lyn.event
[LYN]	Fonts/build/GlyphText/FontText_614C.font.lyn.event
[LYN]	Fonts/build/GlyphText/FontText_9EC4.font.lyn.event
[LYN]	Fonts/build/GlyphText/FontText_7687.font.lyn.event
[LYN]	Fonts/build/GlyphText/FontText_60F6.font.lyn.event
[LYN]	Fonts/build/GlyphText/FontText_6643.font.lyn.event
[LYN]	Fonts/build/GlyphText/FontText_8C0E.font.lyn.event
[LYN]	Fonts/build/GlyphText/FontText_7070.font.lyn.event
[LYN]	Fonts/build/GlyphText/FontText_6325.font.lyn.event
[LYN]	Fonts/build/GlyphText/FontText_8F89.font.lyn.event
[LYN]	Fonts/build/GlyphText/FontText_6062.font.lyn.event
[LYN]	Fonts/build/GlyphText/FontText_56DE.font.lyn.event
[LYN]	Fonts/build/GlyphText/FontText_6BC1.font.lyn.event
[LYN]	Fonts/build/GlyphText/FontText_6094.font.lyn.event
[LYN]	Fonts/build/GlyphText/FontText_6167.font.lyn.event
[LYN]	Fonts/build/GlyphText/FontText_60E0.font.lyn.event
[LYN]	Fonts/build/GlyphText/FontText_8D3F.font.lyn.event
[LYN]	Fonts/build/GlyphText/FontText_4F1A.font.lyn.event
[LYN]	Fonts/build/GlyphText/FontText_6C47.font.lyn.event
[LYN]	Fonts/build/GlyphText/FontText_8BF2.font.lyn.event
[LYN]	Fonts/build/GlyphText/FontText_7ED8.font.lyn.event
[LYN]	Fonts/build/GlyphText/FontText_660F.font.lyn.event
[LYN]	Fonts/build/GlyphText/FontText_5A5A.font.lyn.event
[LYN]	Fonts/build/GlyphText/FontText_9B42.font.lyn.event
[LYN]	Fonts/build/GlyphText/FontText_6DF7.font.lyn.event
[LYN]	Fonts/build/GlyphText/FontText_6D3B.font.lyn.event
[LYN]	Fonts/build/GlyphText/FontText_4F19.font.lyn.event
[LYN]	Fonts/build/GlyphText/FontText_706B.font.lyn.event
[LYN]	Fonts/build/GlyphText/FontText_83B7.font.lyn.event
[LYN]	Fonts/build/GlyphText/FontText_6216.font.lyn.event
[LYN]	Fonts/build/GlyphText/FontText_60D1.font.lyn.event
[LYN]	Fonts/build/GlyphText/FontText_8D27.font.lyn.event
[LYN]	Fonts/build/GlyphText/FontText_7978.font.lyn.event
[LYN]	Fonts/build/GlyphText/FontText_51FB.font.lyn.event
[LYN]	Fonts/build/GlyphText/FontText_573E.font.lyn.event
[LYN]	Fonts/build/GlyphText/FontText_57FA.font.lyn.event
[LYN]	Fonts/build/GlyphText/FontText_673A.font.lyn.event
[LYN]	Fonts/build/GlyphText/FontText_79EF.font.lyn.event
[LYN]	Fonts/build/GlyphText/FontText_808C.font.lyn.event
[LYN]	Fonts/build/GlyphText/FontText_9965.font.lyn.event
[LYN]	Fonts/build/GlyphText/FontText_8FF9.font.lyn.event
[LYN]	Fonts/build/GlyphText/FontText_6FC0.font.lyn.event
[LYN]	Fonts/build/GlyphText/FontText_9E21.font.lyn.event
[LYN]	Fonts/build/GlyphText/FontText_59EC.font.lyn.event
[LYN]	Fonts/build/GlyphText/FontText_7EE9.font.lyn.event
[LYN]	Fonts/build/GlyphText/FontText_7F09.font.lyn.event
[LYN]	Fonts/build/GlyphText/FontText_5409.font.lyn.event
[LYN]	Fonts/build/GlyphText/FontText_6781.font.lyn.event
[LYN]	Fonts/build/GlyphText/FontText_68D8.font.lyn.event
[LYN]	Fonts/build/GlyphText/FontText_7C4D.font.lyn.event
[LYN]	Fonts/build/GlyphText/FontText_96C6.font.lyn.event
[LYN]	Fonts/build/GlyphText/FontText_53CA.font.lyn.event
[LYN]	Fonts/build/GlyphText/FontText_6025.font.lyn.event
[LYN]	Fonts/build/GlyphText/FontText_75BE.font.lyn.event
[LYN]	Fonts/build/GlyphText/FontText_5373.font.lyn.event
[LYN]	Fonts/build/GlyphText/FontText_5AC9.font.lyn.event
[LYN]	Fonts/build/GlyphText/FontText_7EA7.font.lyn.event
[LYN]	Fonts/build/GlyphText/FontText_51E0.font.lyn.event
[LYN]	Fonts/build/GlyphText/FontText_5DF1.font.lyn.event
[LYN]	Fonts/build/GlyphText/FontText_6280.font.lyn.event
[LYN]	Fonts/build/GlyphText/FontText_4F0E.font.lyn.event
[LYN]	Fonts/build/GlyphText/FontText_796D.font.lyn.event
[LYN]	Fonts/build/GlyphText/FontText_6D4E.font.lyn.event
[LYN]	Fonts/build/GlyphText/FontText_5BC4.font.lyn.event
[LYN]	Fonts/build/GlyphText/FontText_5BC2.font.lyn.event
[LYN]	Fonts/build/GlyphText/FontText_8BA1.font.lyn.event
[LYN]	Fonts/build/GlyphText/FontText_8BB0.font.lyn.event
[LYN]	Fonts/build/GlyphText/FontText_65E2.font.lyn.event
[LYN]	Fonts/build/GlyphText/FontText_9645.font.lyn.event
[LYN]	Fonts/build/GlyphText/FontText_7EE7.font.lyn.event
[LYN]	Fonts/build/GlyphText/FontText_7EAA.font.lyn.event
[LYN]	Fonts/build/GlyphText/FontText_5609.font.lyn.event
[LYN]	Fonts/build/GlyphText/FontText_5939.font.lyn.event
[LYN]	Fonts/build/GlyphText/FontText_4F73.font.lyn.event
[LYN]	Fonts/build/GlyphText/FontText_5BB6.font.lyn.event
[LYN]	Fonts/build/GlyphText/FontText_52A0.font.lyn.event
[LYN]	Fonts/build/GlyphText/FontText_7532.font.lyn.event
[LYN]	Fonts/build/GlyphText/FontText_5047.font.lyn.event
[LYN]	Fonts/build/GlyphText/FontText_7A3C.font.lyn.event
[LYN]	Fonts/build/GlyphText/FontText_4EF7.font.lyn.event
[LYN]	Fonts/build/GlyphText/FontText_67B6.font.lyn.event
[LYN]	Fonts/build/GlyphText/FontText_9A7E.font.lyn.event
[LYN]	Fonts/build/GlyphText/FontText_5AC1.font.lyn.event
[LYN]	Fonts/build/GlyphText/FontText_6B7C.font.lyn.event
[LYN]	Fonts/build/GlyphText/FontText_76D1.font.lyn.event
[LYN]	Fonts/build/GlyphText/FontText_575A.font.lyn.event
[LYN]	Fonts/build/GlyphText/FontText_5C16.font.lyn.event
[LYN]	Fonts/build/GlyphText/FontText_95F4.font.lyn.event
[LYN]	Fonts/build/GlyphText/FontText_517C.font.lyn.event
[LYN]	Fonts/build/GlyphText/FontText_80A9.font.lyn.event
[LYN]	Fonts/build/GlyphText/FontText_8270.font.lyn.event
[LYN]	Fonts/build/GlyphText/FontText_5978.font.lyn.event
[LYN]	Fonts/build/GlyphText/FontText_6361.font.lyn.event
[LYN]	Fonts/build/GlyphText/FontText_7B80.font.lyn.event
[LYN]	Fonts/build/GlyphText/FontText_51CF.font.lyn.event
[LYN]	Fonts/build/GlyphText/FontText_8350.font.lyn.event
[LYN]	Fonts/build/GlyphText/FontText_8D31.font.lyn.event
[LYN]	Fonts/build/GlyphText/FontText_89C1.font.lyn.event
[LYN]	Fonts/build/GlyphText/FontText_952E.font.lyn.event
[LYN]	Fonts/build/GlyphText/FontText_7BAD.font.lyn.event
[LYN]	Fonts/build/GlyphText/FontText_4EF6.font.lyn.event
[LYN]	Fonts/build/GlyphText/FontText_5065.font.lyn.event
[LYN]	Fonts/build/GlyphText/FontText_5251.font.lyn.event
[LYN]	Fonts/build/GlyphText/FontText_6E10.font.lyn.event
[LYN]	Fonts/build/GlyphText/FontText_5EFA.font.lyn.event
[LYN]	Fonts/build/GlyphText/FontText_5C06.font.lyn.event
[LYN]	Fonts/build/GlyphText/FontText_5956.font.lyn.event
[LYN]	Fonts/build/GlyphText/FontText_8BB2.font.lyn.event
[LYN]	Fonts/build/GlyphText/FontText_964D.font.lyn.event
[LYN]	Fonts/build/GlyphText/FontText_7126.font.lyn.event
[LYN]	Fonts/build/GlyphText/FontText_4EA4.font.lyn.event
[LYN]	Fonts/build/GlyphText/FontText_90CA.font.lyn.event
[LYN]	Fonts/build/GlyphText/FontText_9A84.font.lyn.event
[LYN]	Fonts/build/GlyphText/FontText_5A07.font.lyn.event
[LYN]	Fonts/build/GlyphText/FontText_6405.font.lyn.event
[LYN]	Fonts/build/GlyphText/FontText_4FA5.font.lyn.event
[LYN]	Fonts/build/GlyphText/FontText_811A.font.lyn.event
[LYN]	Fonts/build/GlyphText/FontText_72E1.font.lyn.event
[LYN]	Fonts/build/GlyphText/FontText_89D2.font.lyn.event
[LYN]	Fonts/build/GlyphText/FontText_527F.font.lyn.event
[LYN]	Fonts/build/GlyphText/FontText_6559.font.lyn.event
[LYN]	Fonts/build/GlyphText/FontText_8F83.font.lyn.event
[LYN]	Fonts/build/GlyphText/FontText_53EB.font.lyn.event
[LYN]	Fonts/build/GlyphText/FontText_63A5.font.lyn.event
[LYN]	Fonts/build/GlyphText/FontText_7686.font.lyn.event
[LYN]	Fonts/build/GlyphText/FontText_9636.font.lyn.event
[LYN]	Fonts/build/GlyphText/FontText_52AB.font.lyn.event
[LYN]	Fonts/build/GlyphText/FontText_8282.font.lyn.event
[LYN]	Fonts/build/GlyphText/FontText_6770.font.lyn.event
[LYN]	Fonts/build/GlyphText/FontText_6377.font.lyn.event
[LYN]	Fonts/build/GlyphText/FontText_7AED.font.lyn.event
[LYN]	Fonts/build/GlyphText/FontText_6D01.font.lyn.event
[LYN]	Fonts/build/GlyphText/FontText_7ED3.font.lyn.event
[LYN]	Fonts/build/GlyphText/FontText_89E3.font.lyn.event
[LYN]	Fonts/build/GlyphText/FontText_59D0.font.lyn.event
[LYN]	Fonts/build/GlyphText/FontText_754C.font.lyn.event
[LYN]	Fonts/build/GlyphText/FontText_6212.font.lyn.event
[LYN]	Fonts/build/GlyphText/FontText_501F.font.lyn.event
[LYN]	Fonts/build/GlyphText/FontText_4ECB.font.lyn.event
[LYN]	Fonts/build/GlyphText/FontText_91D1.font.lyn.event
[LYN]	Fonts/build/GlyphText/FontText_4ECA.font.lyn.event
[LYN]	Fonts/build/GlyphText/FontText_6D25.font.lyn.event
[LYN]	Fonts/build/GlyphText/FontText_7D27.font.lyn.event
[LYN]	Fonts/build/GlyphText/FontText_4EC5.font.lyn.event
[LYN]	Fonts/build/GlyphText/FontText_8C28.font.lyn.event
[LYN]	Fonts/build/GlyphText/FontText_8FDB.font.lyn.event
[LYN]	Fonts/build/GlyphText/FontText_664B.font.lyn.event
[LYN]	Fonts/build/GlyphText/FontText_7981.font.lyn.event
[LYN]	Fonts/build/GlyphText/FontText_8FD1.font.lyn.event
[LYN]	Fonts/build/GlyphText/FontText_70EC.font.lyn.event
[LYN]	Fonts/build/GlyphText/FontText_6D78.font.lyn.event
[LYN]	Fonts/build/GlyphText/FontText_5C3D.font.lyn.event
[LYN]	Fonts/build/GlyphText/FontText_52B2.font.lyn.event
[LYN]	Fonts/build/GlyphText/FontText_775B.font.lyn.event
[LYN]	Fonts/build/GlyphText/FontText_60CA.font.lyn.event
[LYN]	Fonts/build/GlyphText/FontText_7CBE.font.lyn.event
[LYN]	Fonts/build/GlyphText/FontText_7ECF.font.lyn.event
[LYN]	Fonts/build/GlyphText/FontText_4E95.font.lyn.event
[LYN]	Fonts/build/GlyphText/FontText_8B66.font.lyn.event
[LYN]	Fonts/build/GlyphText/FontText_666F.font.lyn.event
[LYN]	Fonts/build/GlyphText/FontText_9759.font.lyn.event
[LYN]	Fonts/build/GlyphText/FontText_5883.font.lyn.event
[LYN]	Fonts/build/GlyphText/FontText_656C.font.lyn.event
[LYN]	Fonts/build/GlyphText/FontText_955C.font.lyn.event
[LYN]	Fonts/build/GlyphText/FontText_7ADF.font.lyn.event
[LYN]	Fonts/build/GlyphText/FontText_7ADE.font.lyn.event
[LYN]	Fonts/build/GlyphText/FontText_51C0.font.lyn.event
[LYN]	Fonts/build/GlyphText/FontText_63EA.font.lyn.event
[LYN]	Fonts/build/GlyphText/FontText_7A76.font.lyn.event
[LYN]	Fonts/build/GlyphText/FontText_7EA0.font.lyn.event
[LYN]	Fonts/build/GlyphText/FontText_4E45.font.lyn.event
[LYN]	Fonts/build/GlyphText/FontText_4E5D.font.lyn.event
[LYN]	Fonts/build/GlyphText/FontText_9152.font.lyn.event
[LYN]	Fonts/build/GlyphText/FontText_6551.font.lyn.event
[LYN]	Fonts/build/GlyphText/FontText_65E7.font.lyn.event
[LYN]	Fonts/build/GlyphText/FontText_8205.font.lyn.event
[LYN]	Fonts/build/GlyphText/FontText_97A0.font.lyn.event
[LYN]	Fonts/build/GlyphText/FontText_5C31.font.lyn.event
[LYN]	Fonts/build/GlyphText/FontText_62D8.font.lyn.event
[LYN]	Fonts/build/GlyphText/FontText_72D9.font.lyn.event
[LYN]	Fonts/build/GlyphText/FontText_5C45.font.lyn.event
[LYN]	Fonts/build/GlyphText/FontText_5C40.font.lyn.event
[LYN]	Fonts/build/GlyphText/FontText_77E9.font.lyn.event
[LYN]	Fonts/build/GlyphText/FontText_4E3E.font.lyn.event
[LYN]	Fonts/build/GlyphText/FontText_6CAE.font.lyn.event
[LYN]	Fonts/build/GlyphText/FontText_805A.font.lyn.event
[LYN]	Fonts/build/GlyphText/FontText_62D2.font.lyn.event
[LYN]	Fonts/build/GlyphText/FontText_636E.font.lyn.event
[LYN]	Fonts/build/GlyphText/FontText_5DE8.font.lyn.event
[LYN]	Fonts/build/GlyphText/FontText_5177.font.lyn.event
[LYN]	Fonts/build/GlyphText/FontText_8DDD.font.lyn.event
[LYN]	Fonts/build/GlyphText/FontText_8E1E.font.lyn.event
[LYN]	Fonts/build/GlyphText/FontText_53E5.font.lyn.event
[LYN]	Fonts/build/GlyphText/FontText_60E7.font.lyn.event
[LYN]	Fonts/build/GlyphText/FontText_5267.font.lyn.event
[LYN]	Fonts/build/GlyphText/FontText_5026.font.lyn.event
[LYN]	Fonts/build/GlyphText/FontText_7737.font.lyn.event
[LYN]	Fonts/build/GlyphText/FontText_5377.font.lyn.event
[LYN]	Fonts/build/GlyphText/FontText_7235.font.lyn.event
[LYN]	Fonts/build/GlyphText/FontText_89C9.font.lyn.event
[LYN]	Fonts/build/GlyphText/FontText_8BC0.font.lyn.event
[LYN]	Fonts/build/GlyphText/FontText_51B3.font.lyn.event
[LYN]	Fonts/build/GlyphText/FontText_7EDD.font.lyn.event
[LYN]	Fonts/build/GlyphText/FontText_5747.font.lyn.event
[LYN]	Fonts/build/GlyphText/FontText_519B.font.lyn.event
[LYN]	Fonts/build/GlyphText/FontText_541B.font.lyn.event
[LYN]	Fonts/build/GlyphText/FontText_5CFB.font.lyn.event
[LYN]	Fonts/build/GlyphText/FontText_4FCA.font.lyn.event
[LYN]	Fonts/build/GlyphText/FontText_5361.font.lyn.event
[LYN]	Fonts/build/GlyphText/FontText_54AF.font.lyn.event
[LYN]	Fonts/build/GlyphText/FontText_5F00.font.lyn.event
[LYN]	Fonts/build/GlyphText/FontText_6977.font.lyn.event
[LYN]	Fonts/build/GlyphText/FontText_51EF.font.lyn.event
[LYN]	Fonts/build/GlyphText/FontText_6168.font.lyn.event
[LYN]	Fonts/build/GlyphText/FontText_582A.font.lyn.event
[LYN]	Fonts/build/GlyphText/FontText_574E.font.lyn.event
[LYN]	Fonts/build/GlyphText/FontText_780D.font.lyn.event
[LYN]	Fonts/build/GlyphText/FontText_770B.font.lyn.event
[LYN]	Fonts/build/GlyphText/FontText_5EB7.font.lyn.event
[LYN]	Fonts/build/GlyphText/FontText_6297.font.lyn.event
[LYN]	Fonts/build/GlyphText/FontText_8003.font.lyn.event
[LYN]	Fonts/build/GlyphText/FontText_62F7.font.lyn.event
[LYN]	Fonts/build/GlyphText/FontText_9760.font.lyn.event
[LYN]	Fonts/build/GlyphText/FontText_67EF.font.lyn.event
[LYN]	Fonts/build/GlyphText/FontText_68F5.font.lyn.event
[LYN]	Fonts/build/GlyphText/FontText_78D5.font.lyn.event
[LYN]	Fonts/build/GlyphText/FontText_9897.font.lyn.event
[LYN]	Fonts/build/GlyphText/FontText_79D1.font.lyn.event
[LYN]	Fonts/build/GlyphText/FontText_54B3.font.lyn.event
[LYN]	Fonts/build/GlyphText/FontText_53EF.font.lyn.event
[LYN]	Fonts/build/GlyphText/FontText_514B.font.lyn.event
[LYN]	Fonts/build/GlyphText/FontText_523B.font.lyn.event
[LYN]	Fonts/build/GlyphText/FontText_5BA2.font.lyn.event
[LYN]	Fonts/build/GlyphText/FontText_8BFE.font.lyn.event
[LYN]	Fonts/build/GlyphText/FontText_80AF.font.lyn.event
[LYN]	Fonts/build/GlyphText/FontText_5543.font.lyn.event
[LYN]	Fonts/build/GlyphText/FontText_57A6.font.lyn.event
[LYN]	Fonts/build/GlyphText/FontText_6073.font.lyn.event
[LYN]	Fonts/build/GlyphText/FontText_5751.font.lyn.event
[LYN]	Fonts/build/GlyphText/FontText_7A7A.font.lyn.event
[LYN]	Fonts/build/GlyphText/FontText_6050.font.lyn.event
[LYN]	Fonts/build/GlyphText/FontText_5B54.font.lyn.event
[LYN]	Fonts/build/GlyphText/FontText_63A7.font.lyn.event
[LYN]	Fonts/build/GlyphText/FontText_53E3.font.lyn.event
[LYN]	Fonts/build/GlyphText/FontText_6263.font.lyn.event
[LYN]	Fonts/build/GlyphText/FontText_67AF.font.lyn.event
[LYN]	Fonts/build/GlyphText/FontText_54ED.font.lyn.event
[LYN]	Fonts/build/GlyphText/FontText_7A9F.font.lyn.event
[LYN]	Fonts/build/GlyphText/FontText_82E6.font.lyn.event
[LYN]	Fonts/build/GlyphText/FontText_9177.font.lyn.event
[LYN]	Fonts/build/GlyphText/FontText_5E93.font.lyn.event
[LYN]	Fonts/build/GlyphText/FontText_5938.font.lyn.event
[LYN]	Fonts/build/GlyphText/FontText_5757.font.lyn.event
[LYN]	Fonts/build/GlyphText/FontText_5FEB.font.lyn.event
[LYN]	Fonts/build/GlyphText/FontText_5BBD.font.lyn.event
[LYN]	Fonts/build/GlyphText/FontText_72C2.font.lyn.event
[LYN]	Fonts/build/GlyphText/FontText_77FF.font.lyn.event
[LYN]	Fonts/build/GlyphText/FontText_51B5.font.lyn.event
[LYN]	Fonts/build/GlyphText/FontText_4E8F.font.lyn.event
[LYN]	Fonts/build/GlyphText/FontText_76D4.font.lyn.event
[LYN]	Fonts/build/GlyphText/FontText_7AA5.font.lyn.event
[LYN]	Fonts/build/GlyphText/FontText_9B41.font.lyn.event
[LYN]	Fonts/build/GlyphText/FontText_5080.font.lyn.event
[LYN]	Fonts/build/GlyphText/FontText_6127.font.lyn.event
[LYN]	Fonts/build/GlyphText/FontText_6E83.font.lyn.event
[LYN]	Fonts/build/GlyphText/FontText_56F0.font.lyn.event
[LYN]	Fonts/build/GlyphText/FontText_62EC.font.lyn.event
[LYN]	Fonts/build/GlyphText/FontText_6269.font.lyn.event
[LYN]	Fonts/build/GlyphText/FontText_9614.font.lyn.event
[LYN]	Fonts/build/GlyphText/FontText_5783.font.lyn.event
[LYN]	Fonts/build/GlyphText/FontText_62C9.font.lyn.event
[LYN]	Fonts/build/GlyphText/FontText_5566.font.lyn.event
[LYN]	Fonts/build/GlyphText/FontText_83B1.font.lyn.event
[LYN]	Fonts/build/GlyphText/FontText_6765.font.lyn.event
[LYN]	Fonts/build/GlyphText/FontText_8D56.font.lyn.event
[LYN]	Fonts/build/GlyphText/FontText_84DD.font.lyn.event
[LYN]	Fonts/build/GlyphText/FontText_680F.font.lyn.event
[LYN]	Fonts/build/GlyphText/FontText_7BEE.font.lyn.event
[LYN]	Fonts/build/GlyphText/FontText_5170.font.lyn.event
[LYN]	Fonts/build/GlyphText/FontText_89C8.font.lyn.event
[LYN]	Fonts/build/GlyphText/FontText_61D2.font.lyn.event
[LYN]	Fonts/build/GlyphText/FontText_7F06.font.lyn.event
[LYN]	Fonts/build/GlyphText/FontText_70C2.font.lyn.event
[LYN]	Fonts/build/GlyphText/FontText_6EE5.font.lyn.event
[LYN]	Fonts/build/GlyphText/FontText_72FC.font.lyn.event
[LYN]	Fonts/build/GlyphText/FontText_90CE.font.lyn.event
[LYN]	Fonts/build/GlyphText/FontText_6717.font.lyn.event
[LYN]	Fonts/build/GlyphText/FontText_6D6A.font.lyn.event
[LYN]	Fonts/build/GlyphText/FontText_52B3.font.lyn.event
[LYN]	Fonts/build/GlyphText/FontText_7262.font.lyn.event
[LYN]	Fonts/build/GlyphText/FontText_8001.font.lyn.event
[LYN]	Fonts/build/GlyphText/FontText_4E50.font.lyn.event
[LYN]	Fonts/build/GlyphText/FontText_96F7.font.lyn.event
[LYN]	Fonts/build/GlyphText/FontText_857E.font.lyn.event
[LYN]	Fonts/build/GlyphText/FontText_7D2F.font.lyn.event
[LYN]	Fonts/build/GlyphText/FontText_5121.font.lyn.event
[LYN]	Fonts/build/GlyphText/FontText_5792.font.lyn.event
[LYN]	Fonts/build/GlyphText/FontText_7C7B.font.lyn.event
[LYN]	Fonts/build/GlyphText/FontText_6CEA.font.lyn.event
[LYN]	Fonts/build/GlyphText/FontText_695E.font.lyn.event
[LYN]	Fonts/build/GlyphText/FontText_51B7.font.lyn.event
[LYN]	Fonts/build/GlyphText/FontText_79BB.font.lyn.event
[LYN]	Fonts/build/GlyphText/FontText_7406.font.lyn.event
[LYN]	Fonts/build/GlyphText/FontText_91CC.font.lyn.event
[LYN]	Fonts/build/GlyphText/FontText_793C.font.lyn.event
[LYN]	Fonts/build/GlyphText/FontText_8389.font.lyn.event
[LYN]	Fonts/build/GlyphText/FontText_540F.font.lyn.event
[LYN]	Fonts/build/GlyphText/FontText_4E3D.font.lyn.event
[LYN]	Fonts/build/GlyphText/FontText_5389.font.lyn.event
[LYN]	Fonts/build/GlyphText/FontText_52B1.font.lyn.event
[LYN]	Fonts/build/GlyphText/FontText_5386.font.lyn.event
[LYN]	Fonts/build/GlyphText/FontText_5229.font.lyn.event
[LYN]	Fonts/build/GlyphText/FontText_4F8B.font.lyn.event
[LYN]	Fonts/build/GlyphText/FontText_7ACB.font.lyn.event
[LYN]	Fonts/build/GlyphText/FontText_96B6.font.lyn.event
[LYN]	Fonts/build/GlyphText/FontText_529B.font.lyn.event
[LYN]	Fonts/build/GlyphText/FontText_54E9.font.lyn.event
[LYN]	Fonts/build/GlyphText/FontText_4FE9.font.lyn.event
[LYN]	Fonts/build/GlyphText/FontText_8054.font.lyn.event
[LYN]	Fonts/build/GlyphText/FontText_83B2.font.lyn.event
[LYN]	Fonts/build/GlyphText/FontText_8FDE.font.lyn.event
[LYN]	Fonts/build/GlyphText/FontText_601C.font.lyn.event
[LYN]	Fonts/build/GlyphText/FontText_8138.font.lyn.event
[LYN]	Fonts/build/GlyphText/FontText_94FE.font.lyn.event
[LYN]	Fonts/build/GlyphText/FontText_604B.font.lyn.event
[LYN]	Fonts/build/GlyphText/FontText_70BC.font.lyn.event
[LYN]	Fonts/build/GlyphText/FontText_7EC3.font.lyn.event
[LYN]	Fonts/build/GlyphText/FontText_7CAE.font.lyn.event
[LYN]	Fonts/build/GlyphText/FontText_51C9.font.lyn.event
[LYN]	Fonts/build/GlyphText/FontText_826F.font.lyn.event
[LYN]	Fonts/build/GlyphText/FontText_4E24.font.lyn.event
[LYN]	Fonts/build/GlyphText/FontText_91CF.font.lyn.event
[LYN]	Fonts/build/GlyphText/FontText_4EAE.font.lyn.event
[LYN]	Fonts/build/GlyphText/FontText_8C05.font.lyn.event
[LYN]	Fonts/build/GlyphText/FontText_804A.font.lyn.event
[LYN]	Fonts/build/GlyphText/FontText_7597.font.lyn.event
[LYN]	Fonts/build/GlyphText/FontText_4E86.font.lyn.event
[LYN]	Fonts/build/GlyphText/FontText_6599.font.lyn.event
[LYN]	Fonts/build/GlyphText/FontText_5217.font.lyn.event
[LYN]	Fonts/build/GlyphText/FontText_88C2.font.lyn.event
[LYN]	Fonts/build/GlyphText/FontText_70C8.font.lyn.event
[LYN]	Fonts/build/GlyphText/FontText_52A3.font.lyn.event
[LYN]	Fonts/build/GlyphText/FontText_730E.font.lyn.event
[LYN]	Fonts/build/GlyphText/FontText_6797.font.lyn.event
[LYN]	Fonts/build/GlyphText/FontText_4E34.font.lyn.event
[LYN]	Fonts/build/GlyphText/FontText_90BB.font.lyn.event
[LYN]	Fonts/build/GlyphText/FontText_9CDE.font.lyn.event
[LYN]	Fonts/build/GlyphText/FontText_96F6.font.lyn.event
[LYN]	Fonts/build/GlyphText/FontText_51DB.font.lyn.event
[LYN]	Fonts/build/GlyphText/FontText_9F84.font.lyn.event
[LYN]	Fonts/build/GlyphText/FontText_51CC.font.lyn.event
[LYN]	Fonts/build/GlyphText/FontText_7075.font.lyn.event
[LYN]	Fonts/build/GlyphText/FontText_9886.font.lyn.event
[LYN]	Fonts/build/GlyphText/FontText_53E6.font.lyn.event
[LYN]	Fonts/build/GlyphText/FontText_4EE4.font.lyn.event
[LYN]	Fonts/build/GlyphText/FontText_6E9C.font.lyn.event
[LYN]	Fonts/build/GlyphText/FontText_7559.font.lyn.event
[LYN]	Fonts/build/GlyphText/FontText_6D41.font.lyn.event
[LYN]	Fonts/build/GlyphText/FontText_516D.font.lyn.event
[LYN]	Fonts/build/GlyphText/FontText_9F99.font.lyn.event
[LYN]	Fonts/build/GlyphText/FontText_804B.font.lyn.event
[LYN]	Fonts/build/GlyphText/FontText_7B3C.font.lyn.event
[LYN]	Fonts/build/GlyphText/FontText_9686.font.lyn.event
[LYN]	Fonts/build/GlyphText/FontText_697C.font.lyn.event
[LYN]	Fonts/build/GlyphText/FontText_6F0F.font.lyn.event
[LYN]	Fonts/build/GlyphText/FontText_964B.font.lyn.event
[LYN]	Fonts/build/GlyphText/FontText_5362.font.lyn.event
[LYN]	Fonts/build/GlyphText/FontText_9C81.font.lyn.event
[LYN]	Fonts/build/GlyphText/FontText_864F.font.lyn.event
[LYN]	Fonts/build/GlyphText/FontText_9732.font.lyn.event
[LYN]	Fonts/build/GlyphText/FontText_8DEF.font.lyn.event
[LYN]	Fonts/build/GlyphText/FontText_8D42.font.lyn.event
[LYN]	Fonts/build/GlyphText/FontText_9E7F.font.lyn.event
[LYN]	Fonts/build/GlyphText/FontText_5F55.font.lyn.event
[LYN]	Fonts/build/GlyphText/FontText_9646.font.lyn.event
[LYN]	Fonts/build/GlyphText/FontText_4FA3.font.lyn.event
[LYN]	Fonts/build/GlyphText/FontText_65C5.font.lyn.event
[LYN]	Fonts/build/GlyphText/FontText_5C61.font.lyn.event
[LYN]	Fonts/build/GlyphText/FontText_8651.font.lyn.event
[LYN]	Fonts/build/GlyphText/FontText_5F8B.font.lyn.event
[LYN]	Fonts/build/GlyphText/FontText_7387.font.lyn.event
[LYN]	Fonts/build/GlyphText/FontText_7EFF.font.lyn.event
[LYN]	Fonts/build/GlyphText/FontText_4E71.font.lyn.event
[LYN]	Fonts/build/GlyphText/FontText_7565.font.lyn.event
[LYN]	Fonts/build/GlyphText/FontText_8F6E.font.lyn.event
[LYN]	Fonts/build/GlyphText/FontText_4F26.font.lyn.event
[LYN]	Fonts/build/GlyphText/FontText_6CA6.font.lyn.event
[LYN]	Fonts/build/GlyphText/FontText_8BBA.font.lyn.event
[LYN]	Fonts/build/GlyphText/FontText_7F57.font.lyn.event
[LYN]	Fonts/build/GlyphText/FontText_843D.font.lyn.event
[LYN]	Fonts/build/GlyphText/FontText_6D1B.font.lyn.event
[LYN]	Fonts/build/GlyphText/FontText_7EDC.font.lyn.event
[LYN]	Fonts/build/GlyphText/FontText_5988.font.lyn.event
[LYN]	Fonts/build/GlyphText/FontText_9EBB.font.lyn.event
[LYN]	Fonts/build/GlyphText/FontText_739B.font.lyn.event
[LYN]	Fonts/build/GlyphText/FontText_7801.font.lyn.event
[LYN]	Fonts/build/GlyphText/FontText_9A6C.font.lyn.event
[LYN]	Fonts/build/GlyphText/FontText_9A82.font.lyn.event
[LYN]	Fonts/build/GlyphText/FontText_561B.font.lyn.event
[LYN]	Fonts/build/GlyphText/FontText_5417.font.lyn.event
[LYN]	Fonts/build/GlyphText/FontText_57CB.font.lyn.event
[LYN]	Fonts/build/GlyphText/FontText_4E70.font.lyn.event
[LYN]	Fonts/build/GlyphText/FontText_5356.font.lyn.event
[LYN]	Fonts/build/GlyphText/FontText_8FC8.font.lyn.event
[LYN]	Fonts/build/GlyphText/FontText_8109.font.lyn.event
[LYN]	Fonts/build/GlyphText/FontText_7792.font.lyn.event
[LYN]	Fonts/build/GlyphText/FontText_86EE.font.lyn.event
[LYN]	Fonts/build/GlyphText/FontText_6EE1.font.lyn.event
[LYN]	Fonts/build/GlyphText/FontText_8513.font.lyn.event
[LYN]	Fonts/build/GlyphText/FontText_6162.font.lyn.event
[LYN]	Fonts/build/GlyphText/FontText_6F2B.font.lyn.event
[LYN]	Fonts/build/GlyphText/FontText_8292.font.lyn.event
[LYN]	Fonts/build/GlyphText/FontText_832B.font.lyn.event
[LYN]	Fonts/build/GlyphText/FontText_76F2.font.lyn.event
[LYN]	Fonts/build/GlyphText/FontText_6C13.font.lyn.event
[LYN]	Fonts/build/GlyphText/FontText_5FD9.font.lyn.event
[LYN]	Fonts/build/GlyphText/FontText_83BD.font.lyn.event
[LYN]	Fonts/build/GlyphText/FontText_732B.font.lyn.event
[LYN]	Fonts/build/GlyphText/FontText_8305.font.lyn.event
[LYN]	Fonts/build/GlyphText/FontText_6BDB.font.lyn.event
[LYN]	Fonts/build/GlyphText/FontText_8302.font.lyn.event
[LYN]	Fonts/build/GlyphText/FontText_5192.font.lyn.event
[LYN]	Fonts/build/GlyphText/FontText_8C8C.font.lyn.event
[LYN]	Fonts/build/GlyphText/FontText_4E48.font.lyn.event
[LYN]	Fonts/build/GlyphText/FontText_6885.font.lyn.event
[LYN]	Fonts/build/GlyphText/FontText_9709.font.lyn.event
[LYN]	Fonts/build/GlyphText/FontText_6CA1.font.lyn.event
[LYN]	Fonts/build/GlyphText/FontText_7709.font.lyn.event
[LYN]	Fonts/build/GlyphText/FontText_6BCF.font.lyn.event
[LYN]	Fonts/build/GlyphText/FontText_7F8E.font.lyn.event
[LYN]	Fonts/build/GlyphText/FontText_6627.font.lyn.event
[LYN]	Fonts/build/GlyphText/FontText_59B9.font.lyn.event
[LYN]	Fonts/build/GlyphText/FontText_5A9A.font.lyn.event
[LYN]	Fonts/build/GlyphText/FontText_95E8.font.lyn.event
[LYN]	Fonts/build/GlyphText/FontText_95F7.font.lyn.event
[LYN]	Fonts/build/GlyphText/FontText_4EEC.font.lyn.event
[LYN]	Fonts/build/GlyphText/FontText_8499.font.lyn.event
[LYN]	Fonts/build/GlyphText/FontText_76DF.font.lyn.event
[LYN]	Fonts/build/GlyphText/FontText_731B.font.lyn.event
[LYN]	Fonts/build/GlyphText/FontText_68A6.font.lyn.event
[LYN]	Fonts/build/GlyphText/FontText_8FF7.font.lyn.event
[LYN]	Fonts/build/GlyphText/FontText_8C1C.font.lyn.event
[LYN]	Fonts/build/GlyphText/FontText_5F25.font.lyn.event
[LYN]	Fonts/build/GlyphText/FontText_7C73.font.lyn.event
[LYN]	Fonts/build/GlyphText/FontText_79D8.font.lyn.event
[LYN]	Fonts/build/GlyphText/FontText_5BC6.font.lyn.event
[LYN]	Fonts/build/GlyphText/FontText_7720.font.lyn.event
[LYN]	Fonts/build/GlyphText/FontText_5195.font.lyn.event
[LYN]	Fonts/build/GlyphText/FontText_514D.font.lyn.event
[LYN]	Fonts/build/GlyphText/FontText_52C9.font.lyn.event
[LYN]	Fonts/build/GlyphText/FontText_9762.font.lyn.event
[LYN]	Fonts/build/GlyphText/FontText_82D7.font.lyn.event
[LYN]	Fonts/build/GlyphText/FontText_63CF.font.lyn.event
[LYN]	Fonts/build/GlyphText/FontText_7784.font.lyn.event
[LYN]	Fonts/build/GlyphText/FontText_6E3A.font.lyn.event
[LYN]	Fonts/build/GlyphText/FontText_5999.font.lyn.event
[LYN]	Fonts/build/GlyphText/FontText_706D.font.lyn.event
[LYN]	Fonts/build/GlyphText/FontText_6C11.font.lyn.event
[LYN]	Fonts/build/GlyphText/FontText_654F.font.lyn.event
[LYN]	Fonts/build/GlyphText/FontText_660E.font.lyn.event
[LYN]	Fonts/build/GlyphText/FontText_540D.font.lyn.event
[LYN]	Fonts/build/GlyphText/FontText_547D.font.lyn.event
[LYN]	Fonts/build/GlyphText/FontText_8C2C.font.lyn.event
[LYN]	Fonts/build/GlyphText/FontText_6478.font.lyn.event
[LYN]	Fonts/build/GlyphText/FontText_6A21.font.lyn.event
[LYN]	Fonts/build/GlyphText/FontText_78E8.font.lyn.event
[LYN]	Fonts/build/GlyphText/FontText_9B54.font.lyn.event
[LYN]	Fonts/build/GlyphText/FontText_62B9.font.lyn.event
[LYN]	Fonts/build/GlyphText/FontText_672B.font.lyn.event
[LYN]	Fonts/build/GlyphText/FontText_83AB.font.lyn.event
[LYN]	Fonts/build/GlyphText/FontText_9ED8.font.lyn.event
[LYN]	Fonts/build/GlyphText/FontText_6F20.font.lyn.event
[LYN]	Fonts/build/GlyphText/FontText_5BDE.font.lyn.event
[LYN]	Fonts/build/GlyphText/FontText_964C.font.lyn.event
[LYN]	Fonts/build/GlyphText/FontText_8C0B.font.lyn.event
[LYN]	Fonts/build/GlyphText/FontText_67D0.font.lyn.event
[LYN]	Fonts/build/GlyphText/FontText_59C6.font.lyn.event
[LYN]	Fonts/build/GlyphText/FontText_6BCD.font.lyn.event
[LYN]	Fonts/build/GlyphText/FontText_5E55.font.lyn.event
[LYN]	Fonts/build/GlyphText/FontText_6155.font.lyn.event
[LYN]	Fonts/build/GlyphText/FontText_6728.font.lyn.event
[LYN]	Fonts/build/GlyphText/FontText_76EE.font.lyn.event
[LYN]	Fonts/build/GlyphText/FontText_7766.font.lyn.event
[LYN]	Fonts/build/GlyphText/FontText_7267.font.lyn.event
[LYN]	Fonts/build/GlyphText/FontText_7A46.font.lyn.event
[LYN]	Fonts/build/GlyphText/FontText_62FF.font.lyn.event
[LYN]	Fonts/build/GlyphText/FontText_94A0.font.lyn.event
[LYN]	Fonts/build/GlyphText/FontText_54EA.font.lyn.event
[LYN]	Fonts/build/GlyphText/FontText_90A3.font.lyn.event
[LYN]	Fonts/build/GlyphText/FontText_5A1C.font.lyn.event
[LYN]	Fonts/build/GlyphText/FontText_7EB3.font.lyn.event
[LYN]	Fonts/build/GlyphText/FontText_5976.font.lyn.event
[LYN]	Fonts/build/GlyphText/FontText_8010.font.lyn.event
[LYN]	Fonts/build/GlyphText/FontText_5948.font.lyn.event
[LYN]	Fonts/build/GlyphText/FontText_5357.font.lyn.event
[LYN]	Fonts/build/GlyphText/FontText_7537.font.lyn.event
[LYN]	Fonts/build/GlyphText/FontText_96BE.font.lyn.event
[LYN]	Fonts/build/GlyphText/FontText_6320.font.lyn.event
[LYN]	Fonts/build/GlyphText/FontText_8111.font.lyn.event
[LYN]	Fonts/build/GlyphText/FontText_607C.font.lyn.event
[LYN]	Fonts/build/GlyphText/FontText_95F9.font.lyn.event
[LYN]	Fonts/build/GlyphText/FontText_5462.font.lyn.event
[LYN]	Fonts/build/GlyphText/FontText_5185.font.lyn.event
[LYN]	Fonts/build/GlyphText/FontText_5AE9.font.lyn.event
[LYN]	Fonts/build/GlyphText/FontText_80FD.font.lyn.event
[LYN]	Fonts/build/GlyphText/FontText_59AE.font.lyn.event
[LYN]	Fonts/build/GlyphText/FontText_6CE5.font.lyn.event
[LYN]	Fonts/build/GlyphText/FontText_5C3C.font.lyn.event
[LYN]	Fonts/build/GlyphText/FontText_4F60.font.lyn.event
[LYN]	Fonts/build/GlyphText/FontText_5E74.font.lyn.event
[LYN]	Fonts/build/GlyphText/FontText_5FF5.font.lyn.event
[LYN]	Fonts/build/GlyphText/FontText_5A18.font.lyn.event
[LYN]	Fonts/build/GlyphText/FontText_9E1F.font.lyn.event
[LYN]	Fonts/build/GlyphText/FontText_60A8.font.lyn.event
[LYN]	Fonts/build/GlyphText/FontText_51DD.font.lyn.event
[LYN]	Fonts/build/GlyphText/FontText_5B81.font.lyn.event
[LYN]	Fonts/build/GlyphText/FontText_725B.font.lyn.event
[LYN]	Fonts/build/GlyphText/FontText_626D.font.lyn.event
[LYN]	Fonts/build/GlyphText/FontText_6D53.font.lyn.event
[LYN]	Fonts/build/GlyphText/FontText_519C.font.lyn.event
[LYN]	Fonts/build/GlyphText/FontText_5F04.font.lyn.event
[LYN]	Fonts/build/GlyphText/FontText_5974.font.lyn.event
[LYN]	Fonts/build/GlyphText/FontText_52AA.font.lyn.event
[LYN]	Fonts/build/GlyphText/FontText_6012.font.lyn.event
[LYN]	Fonts/build/GlyphText/FontText_5973.font.lyn.event
[LYN]	Fonts/build/GlyphText/FontText_6696.font.lyn.event
[LYN]	Fonts/build/GlyphText/FontText_8650.font.lyn.event
[LYN]	Fonts/build/GlyphText/FontText_61E6.font.lyn.event
[LYN]	Fonts/build/GlyphText/FontText_8BFA.font.lyn.event
[LYN]	Fonts/build/GlyphText/FontText_54E6.font.lyn.event
[LYN]	Fonts/build/GlyphText/FontText_5076.font.lyn.event
[LYN]	Fonts/build/GlyphText/FontText_722C.font.lyn.event
[LYN]	Fonts/build/GlyphText/FontText_6015.font.lyn.event
[LYN]	Fonts/build/GlyphText/FontText_62CD.font.lyn.event
[LYN]	Fonts/build/GlyphText/FontText_6392.font.lyn.event
[LYN]	Fonts/build/GlyphText/FontText_724C.font.lyn.event
[LYN]	Fonts/build/GlyphText/FontText_5F98.font.lyn.event
[LYN]	Fonts/build/GlyphText/FontText_6D3E.font.lyn.event
[LYN]	Fonts/build/GlyphText/FontText_6F58.font.lyn.event
[LYN]	Fonts/build/GlyphText/FontText_76D8.font.lyn.event
[LYN]	Fonts/build/GlyphText/FontText_78D0.font.lyn.event
[LYN]	Fonts/build/GlyphText/FontText_76FC.font.lyn.event
[LYN]	Fonts/build/GlyphText/FontText_5224.font.lyn.event
[LYN]	Fonts/build/GlyphText/FontText_53DB.font.lyn.event
[LYN]	Fonts/build/GlyphText/FontText_5E9E.font.lyn.event
[LYN]	Fonts/build/GlyphText/FontText_65C1.font.lyn.event
[LYN]	Fonts/build/GlyphText/FontText_80D6.font.lyn.event
[LYN]	Fonts/build/GlyphText/FontText_629B.font.lyn.event
[LYN]	Fonts/build/GlyphText/FontText_888D.font.lyn.event
[LYN]	Fonts/build/GlyphText/FontText_8DD1.font.lyn.event
[LYN]	Fonts/build/GlyphText/FontText_6CE1.font.lyn.event
[LYN]	Fonts/build/GlyphText/FontText_5478.font.lyn.event
[LYN]	Fonts/build/GlyphText/FontText_57F9.font.lyn.event
[LYN]	Fonts/build/GlyphText/FontText_8D54.font.lyn.event
[LYN]	Fonts/build/GlyphText/FontText_966A.font.lyn.event
[LYN]	Fonts/build/GlyphText/FontText_914D.font.lyn.event
[LYN]	Fonts/build/GlyphText/FontText_4F69.font.lyn.event
[LYN]	Fonts/build/GlyphText/FontText_55B7.font.lyn.event
[LYN]	Fonts/build/GlyphText/FontText_84EC.font.lyn.event
[LYN]	Fonts/build/GlyphText/FontText_670B.font.lyn.event
[LYN]	Fonts/build/GlyphText/FontText_78B0.font.lyn.event
[LYN]	Fonts/build/GlyphText/FontText_6279.font.lyn.event
[LYN]	Fonts/build/GlyphText/FontText_813E.font.lyn.event
[LYN]	Fonts/build/GlyphText/FontText_75B2.font.lyn.event
[LYN]	Fonts/build/GlyphText/FontText_76AE.font.lyn.event
[LYN]	Fonts/build/GlyphText/FontText_5339.font.lyn.event
[LYN]	Fonts/build/GlyphText/FontText_50FB.font.lyn.event
[LYN]	Fonts/build/GlyphText/FontText_5C41.font.lyn.event
[LYN]	Fonts/build/GlyphText/FontText_504F.font.lyn.event
[LYN]	Fonts/build/GlyphText/FontText_7247.font.lyn.event
[LYN]	Fonts/build/GlyphText/FontText_9A97.font.lyn.event
[LYN]	Fonts/build/GlyphText/FontText_98D8.font.lyn.event
[LYN]	Fonts/build/GlyphText/FontText_6F02.font.lyn.event
[LYN]	Fonts/build/GlyphText/FontText_62FC.font.lyn.event
[LYN]	Fonts/build/GlyphText/FontText_9891.font.lyn.event
[LYN]	Fonts/build/GlyphText/FontText_8D2B.font.lyn.event
[LYN]	Fonts/build/GlyphText/FontText_54C1.font.lyn.event
[LYN]	Fonts/build/GlyphText/FontText_5E73.font.lyn.event
[LYN]	Fonts/build/GlyphText/FontText_51ED.font.lyn.event
[LYN]	Fonts/build/GlyphText/FontText_8BC4.font.lyn.event
[LYN]	Fonts/build/GlyphText/FontText_5C4F.font.lyn.event
[LYN]	Fonts/build/GlyphText/FontText_6CFC.font.lyn.event
[LYN]	Fonts/build/GlyphText/FontText_5A46.font.lyn.event
[LYN]	Fonts/build/GlyphText/FontText_7834.font.lyn.event
[LYN]	Fonts/build/GlyphText/FontText_9B44.font.lyn.event
[LYN]	Fonts/build/GlyphText/FontText_8FEB.font.lyn.event
[LYN]	Fonts/build/GlyphText/FontText_4EC6.font.lyn.event
[LYN]	Fonts/build/GlyphText/FontText_6734.font.lyn.event
[LYN]	Fonts/build/GlyphText/FontText_666E.font.lyn.event
[LYN]	Fonts/build/GlyphText/FontText_671F.font.lyn.event
[LYN]	Fonts/build/GlyphText/FontText_6B3A.font.lyn.event
[LYN]	Fonts/build/GlyphText/FontText_59BB.font.lyn.event
[LYN]	Fonts/build/GlyphText/FontText_4E03.font.lyn.event
[LYN]	Fonts/build/GlyphText/FontText_6F06.font.lyn.event
[LYN]	Fonts/build/GlyphText/FontText_5176.font.lyn.event
[LYN]	Fonts/build/GlyphText/FontText_68CB.font.lyn.event
[LYN]	Fonts/build/GlyphText/FontText_5947.font.lyn.event
[LYN]	Fonts/build/GlyphText/FontText_9F50.font.lyn.event
[LYN]	Fonts/build/GlyphText/FontText_7948.font.lyn.event
[LYN]	Fonts/build/GlyphText/FontText_9A91.font.lyn.event
[LYN]	Fonts/build/GlyphText/FontText_8D77.font.lyn.event
[LYN]	Fonts/build/GlyphText/FontText_5C82.font.lyn.event
[LYN]	Fonts/build/GlyphText/FontText_4E5E.font.lyn.event
[LYN]	Fonts/build/GlyphText/FontText_542F.font.lyn.event
[LYN]	Fonts/build/GlyphText/FontText_5951.font.lyn.event
[LYN]	Fonts/build/GlyphText/FontText_6C14.font.lyn.event
[LYN]	Fonts/build/GlyphText/FontText_5668.font.lyn.event
[LYN]	Fonts/build/GlyphText/FontText_5F03.font.lyn.event
[LYN]	Fonts/build/GlyphText/FontText_6CE3.font.lyn.event
[LYN]	Fonts/build/GlyphText/FontText_6390.font.lyn.event
[LYN]	Fonts/build/GlyphText/FontText_7275.font.lyn.event
[LYN]	Fonts/build/GlyphText/FontText_5343.font.lyn.event
[LYN]	Fonts/build/GlyphText/FontText_8FC1.font.lyn.event
[LYN]	Fonts/build/GlyphText/FontText_7B7E.font.lyn.event
[LYN]	Fonts/build/GlyphText/FontText_8C26.font.lyn.event
[LYN]	Fonts/build/GlyphText/FontText_94B1.font.lyn.event
[LYN]	Fonts/build/GlyphText/FontText_524D.font.lyn.event
[LYN]	Fonts/build/GlyphText/FontText_6F5C.font.lyn.event
[LYN]	Fonts/build/GlyphText/FontText_9063.font.lyn.event
[LYN]	Fonts/build/GlyphText/FontText_6D45.font.lyn.event
[LYN]	Fonts/build/GlyphText/FontText_5D4C.font.lyn.event
[LYN]	Fonts/build/GlyphText/FontText_6B20.font.lyn.event
[LYN]	Fonts/build/GlyphText/FontText_6B49.font.lyn.event
[LYN]	Fonts/build/GlyphText/FontText_67AA.font.lyn.event
[LYN]	Fonts/build/GlyphText/FontText_8154.font.lyn.event
[LYN]	Fonts/build/GlyphText/FontText_5899.font.lyn.event
[LYN]	Fonts/build/GlyphText/FontText_5F3A.font.lyn.event
[LYN]	Fonts/build/GlyphText/FontText_62A2.font.lyn.event
[LYN]	Fonts/build/GlyphText/FontText_6572.font.lyn.event
[LYN]	Fonts/build/GlyphText/FontText_6084.font.lyn.event
[LYN]	Fonts/build/GlyphText/FontText_6865.font.lyn.event
[LYN]	Fonts/build/GlyphText/FontText_77A7.font.lyn.event
[LYN]	Fonts/build/GlyphText/FontText_5DE7.font.lyn.event
[LYN]	Fonts/build/GlyphText/FontText_7FD8.font.lyn.event
[LYN]	Fonts/build/GlyphText/FontText_7A8D.font.lyn.event
[LYN]	Fonts/build/GlyphText/FontText_5207.font.lyn.event
[LYN]	Fonts/build/GlyphText/FontText_4E14.font.lyn.event
[LYN]	Fonts/build/GlyphText/FontText_602F.font.lyn.event
[LYN]	Fonts/build/GlyphText/FontText_4FB5.font.lyn.event
[LYN]	Fonts/build/GlyphText/FontText_4EB2.font.lyn.event
[LYN]	Fonts/build/GlyphText/FontText_52E4.font.lyn.event
[LYN]	Fonts/build/GlyphText/FontText_9752.font.lyn.event
[LYN]	Fonts/build/GlyphText/FontText_8F7B.font.lyn.event
[LYN]	Fonts/build/GlyphText/FontText_503E.font.lyn.event
[LYN]	Fonts/build/GlyphText/FontText_537F.font.lyn.event
[LYN]	Fonts/build/GlyphText/FontText_6E05.font.lyn.event
[LYN]	Fonts/build/GlyphText/FontText_6674.font.lyn.event
[LYN]	Fonts/build/GlyphText/FontText_60C5.font.lyn.event
[LYN]	Fonts/build/GlyphText/FontText_8BF7.font.lyn.event
[LYN]	Fonts/build/GlyphText/FontText_5E86.font.lyn.event
[LYN]	Fonts/build/GlyphText/FontText_7A77.font.lyn.event
[LYN]	Fonts/build/GlyphText/FontText_6C42.font.lyn.event
[LYN]	Fonts/build/GlyphText/FontText_56DA.font.lyn.event
[LYN]	Fonts/build/GlyphText/FontText_533A.font.lyn.event
[LYN]	Fonts/build/GlyphText/FontText_66F2.font.lyn.event
[LYN]	Fonts/build/GlyphText/FontText_5C48.font.lyn.event
[LYN]	Fonts/build/GlyphText/FontText_9A71.font.lyn.event
[LYN]	Fonts/build/GlyphText/FontText_53D6.font.lyn.event
[LYN]	Fonts/build/GlyphText/FontText_5A36.font.lyn.event
[LYN]	Fonts/build/GlyphText/FontText_8DA3.font.lyn.event
[LYN]	Fonts/build/GlyphText/FontText_53BB.font.lyn.event
[LYN]	Fonts/build/GlyphText/FontText_5708.font.lyn.event
[LYN]	Fonts/build/GlyphText/FontText_6743.font.lyn.event
[LYN]	Fonts/build/GlyphText/FontText_5168.font.lyn.event
[LYN]	Fonts/build/GlyphText/FontText_75CA.font.lyn.event
[LYN]	Fonts/build/GlyphText/FontText_62F3.font.lyn.event
[LYN]	Fonts/build/GlyphText/FontText_5238.font.lyn.event
[LYN]	Fonts/build/GlyphText/FontText_529D.font.lyn.event
[LYN]	Fonts/build/GlyphText/FontText_7F3A.font.lyn.event
[LYN]	Fonts/build/GlyphText/FontText_5374.font.lyn.event
[LYN]	Fonts/build/GlyphText/FontText_786E.font.lyn.event
[LYN]	Fonts/build/GlyphText/FontText_7FA4.font.lyn.event
[LYN]	Fonts/build/GlyphText/FontText_7136.font.lyn.event
[LYN]	Fonts/build/GlyphText/FontText_71C3.font.lyn.event
[LYN]	Fonts/build/GlyphText/FontText_56B7.font.lyn.event
[LYN]	Fonts/build/GlyphText/FontText_8BA9.font.lyn.event
[LYN]	Fonts/build/GlyphText/FontText_9976.font.lyn.event
[LYN]	Fonts/build/GlyphText/FontText_6270.font.lyn.event
[LYN]	Fonts/build/GlyphText/FontText_7ED5.font.lyn.event
[LYN]	Fonts/build/GlyphText/FontText_60F9.font.lyn.event
[LYN]	Fonts/build/GlyphText/FontText_70ED.font.lyn.event
[LYN]	Fonts/build/GlyphText/FontText_4EC1.font.lyn.event
[LYN]	Fonts/build/GlyphText/FontText_4EBA.font.lyn.event
[LYN]	Fonts/build/GlyphText/FontText_5FCD.font.lyn.event
[LYN]	Fonts/build/GlyphText/FontText_97E7.font.lyn.event
[LYN]	Fonts/build/GlyphText/FontText_4EFB.font.lyn.event
[LYN]	Fonts/build/GlyphText/FontText_5203.font.lyn.event
[LYN]	Fonts/build/GlyphText/FontText_8BA4.font.lyn.event
[LYN]	Fonts/build/GlyphText/FontText_6254.font.lyn.event
[LYN]	Fonts/build/GlyphText/FontText_4ECD.font.lyn.event
[LYN]	Fonts/build/GlyphText/FontText_65E5.font.lyn.event
[LYN]	Fonts/build/GlyphText/FontText_620E.font.lyn.event
[LYN]	Fonts/build/GlyphText/FontText_8363.font.lyn.event
[LYN]	Fonts/build/GlyphText/FontText_878D.font.lyn.event
[LYN]	Fonts/build/GlyphText/FontText_7194.font.lyn.event
[LYN]	Fonts/build/GlyphText/FontText_5BB9.font.lyn.event
[LYN]	Fonts/build/GlyphText/FontText_67D4.font.lyn.event
[LYN]	Fonts/build/GlyphText/FontText_8089.font.lyn.event
[LYN]	Fonts/build/GlyphText/FontText_5982.font.lyn.event
[LYN]	Fonts/build/GlyphText/FontText_8FB1.font.lyn.event
[LYN]	Fonts/build/GlyphText/FontText_4E73.font.lyn.event
[LYN]	Fonts/build/GlyphText/FontText_5165.font.lyn.event
[LYN]	Fonts/build/GlyphText/FontText_8F6F.font.lyn.event
[LYN]	Fonts/build/GlyphText/FontText_745E.font.lyn.event
[LYN]	Fonts/build/GlyphText/FontText_9510.font.lyn.event
[LYN]	Fonts/build/GlyphText/FontText_82E5.font.lyn.event
[LYN]	Fonts/build/GlyphText/FontText_5F31.font.lyn.event
[LYN]	Fonts/build/GlyphText/FontText_6492.font.lyn.event
[LYN]	Fonts/build/GlyphText/FontText_8428.font.lyn.event
[LYN]	Fonts/build/GlyphText/FontText_585E.font.lyn.event
[LYN]	Fonts/build/GlyphText/FontText_8D5B.font.lyn.event
[LYN]	Fonts/build/GlyphText/FontText_4E09.font.lyn.event
[LYN]	Fonts/build/GlyphText/FontText_6563.font.lyn.event
[LYN]	Fonts/build/GlyphText/FontText_55D3.font.lyn.event
[LYN]	Fonts/build/GlyphText/FontText_4E27.font.lyn.event
[LYN]	Fonts/build/GlyphText/FontText_9A9A.font.lyn.event
[LYN]	Fonts/build/GlyphText/FontText_626B.font.lyn.event
[LYN]	Fonts/build/GlyphText/FontText_8272.font.lyn.event
[LYN]	Fonts/build/GlyphText/FontText_6DA9.font.lyn.event
[LYN]	Fonts/build/GlyphText/FontText_68EE.font.lyn.event
[LYN]	Fonts/build/GlyphText/FontText_50E7.font.lyn.event
[LYN]	Fonts/build/GlyphText/FontText_6740.font.lyn.event
[LYN]	Fonts/build/GlyphText/FontText_6C99.font.lyn.event
[LYN]	Fonts/build/GlyphText/FontText_50BB.font.lyn.event
[LYN]	Fonts/build/GlyphText/FontText_5565.font.lyn.event
[LYN]	Fonts/build/GlyphText/FontText_5C71.font.lyn.event
[LYN]	Fonts/build/GlyphText/FontText_5220.font.lyn.event
[LYN]	Fonts/build/GlyphText/FontText_95EA.font.lyn.event
[LYN]	Fonts/build/GlyphText/FontText_64C5.font.lyn.event
[LYN]	Fonts/build/GlyphText/FontText_5584.font.lyn.event
[LYN]	Fonts/build/GlyphText/FontText_4F24.font.lyn.event
[LYN]	Fonts/build/GlyphText/FontText_5546.font.lyn.event
[LYN]	Fonts/build/GlyphText/FontText_8D4F.font.lyn.event
[LYN]	Fonts/build/GlyphText/FontText_4E0A.font.lyn.event
[LYN]	Fonts/build/GlyphText/FontText_5C1A.font.lyn.event
[LYN]	Fonts/build/GlyphText/FontText_7A0D.font.lyn.event
[LYN]	Fonts/build/GlyphText/FontText_70E7.font.lyn.event
[LYN]	Fonts/build/GlyphText/FontText_5C11.font.lyn.event
[LYN]	Fonts/build/GlyphText/FontText_7ECD.font.lyn.event
[LYN]	Fonts/build/GlyphText/FontText_86C7.font.lyn.event
[LYN]	Fonts/build/GlyphText/FontText_820C.font.lyn.event
[LYN]	Fonts/build/GlyphText/FontText_820D.font.lyn.event
[LYN]	Fonts/build/GlyphText/FontText_5C04.font.lyn.event
[LYN]	Fonts/build/GlyphText/FontText_6D89.font.lyn.event
[LYN]	Fonts/build/GlyphText/FontText_8BBE.font.lyn.event
[LYN]	Fonts/build/GlyphText/FontText_547B.font.lyn.event
[LYN]	Fonts/build/GlyphText/FontText_4F38.font.lyn.event
[LYN]	Fonts/build/GlyphText/FontText_8EAB.font.lyn.event
[LYN]	Fonts/build/GlyphText/FontText_6DF1.font.lyn.event
[LYN]	Fonts/build/GlyphText/FontText_7EC5.font.lyn.event
[LYN]	Fonts/build/GlyphText/FontText_795E.font.lyn.event
[LYN]	Fonts/build/GlyphText/FontText_5A76.font.lyn.event
[LYN]	Fonts/build/GlyphText/FontText_751A.font.lyn.event
[LYN]	Fonts/build/GlyphText/FontText_614E.font.lyn.event
[LYN]	Fonts/build/GlyphText/FontText_58F0.font.lyn.event
[LYN]	Fonts/build/GlyphText/FontText_751F.font.lyn.event
[LYN]	Fonts/build/GlyphText/FontText_7272.font.lyn.event
[LYN]	Fonts/build/GlyphText/FontText_5347.font.lyn.event
[LYN]	Fonts/build/GlyphText/FontText_7701.font.lyn.event
[LYN]	Fonts/build/GlyphText/FontText_76DB.font.lyn.event
[LYN]	Fonts/build/GlyphText/FontText_5269.font.lyn.event
[LYN]	Fonts/build/GlyphText/FontText_80DC.font.lyn.event
[LYN]	Fonts/build/GlyphText/FontText_5723.font.lyn.event
[LYN]	Fonts/build/GlyphText/FontText_5E08.font.lyn.event
[LYN]	Fonts/build/GlyphText/FontText_5931.font.lyn.event
[LYN]	Fonts/build/GlyphText/FontText_72EE.font.lyn.event
[LYN]	Fonts/build/GlyphText/FontText_65BD.font.lyn.event
[LYN]	Fonts/build/GlyphText/FontText_6E7F.font.lyn.event
[LYN]	Fonts/build/GlyphText/FontText_8BD7.font.lyn.event
[LYN]	Fonts/build/GlyphText/FontText_5C38.font.lyn.event
[LYN]	Fonts/build/GlyphText/FontText_5341.font.lyn.event
[LYN]	Fonts/build/GlyphText/FontText_77F3.font.lyn.event
[LYN]	Fonts/build/GlyphText/FontText_62FE.font.lyn.event
[LYN]	Fonts/build/GlyphText/FontText_65F6.font.lyn.event
[LYN]	Fonts/build/GlyphText/FontText_4EC0.font.lyn.event
[LYN]	Fonts/build/GlyphText/FontText_98DF.font.lyn.event
[LYN]	Fonts/build/GlyphText/FontText_5B9E.font.lyn.event
[LYN]	Fonts/build/GlyphText/FontText_8BC6.font.lyn.event
[LYN]	Fonts/build/GlyphText/FontText_53F2.font.lyn.event
[LYN]	Fonts/build/GlyphText/FontText_77E2.font.lyn.event
[LYN]	Fonts/build/GlyphText/FontText_4F7F.font.lyn.event
[LYN]	Fonts/build/GlyphText/FontText_5C4E.font.lyn.event
[LYN]	Fonts/build/GlyphText/FontText_59CB.font.lyn.event
[LYN]	Fonts/build/GlyphText/FontText_5F0F.font.lyn.event
[LYN]	Fonts/build/GlyphText/FontText_793A.font.lyn.event
[LYN]	Fonts/build/GlyphText/FontText_58EB.font.lyn.event
[LYN]	Fonts/build/GlyphText/FontText_4E16.font.lyn.event
[LYN]	Fonts/build/GlyphText/FontText_4E8B.font.lyn.event
[LYN]	Fonts/build/GlyphText/FontText_8A93.font.lyn.event
[LYN]	Fonts/build/GlyphText/FontText_901D.font.lyn.event
[LYN]	Fonts/build/GlyphText/FontText_52BF.font.lyn.event
[LYN]	Fonts/build/GlyphText/FontText_662F.font.lyn.event
[LYN]	Fonts/build/GlyphText/FontText_566C.font.lyn.event
[LYN]	Fonts/build/GlyphText/FontText_9002.font.lyn.event
[LYN]	Fonts/build/GlyphText/FontText_4F8D.font.lyn.event
[LYN]	Fonts/build/GlyphText/FontText_91CA.font.lyn.event
[LYN]	Fonts/build/GlyphText/FontText_9970.font.lyn.event
[LYN]	Fonts/build/GlyphText/FontText_5E02.font.lyn.event
[LYN]	Fonts/build/GlyphText/FontText_5BA4.font.lyn.event
[LYN]	Fonts/build/GlyphText/FontText_89C6.font.lyn.event
[LYN]	Fonts/build/GlyphText/FontText_8BD5.font.lyn.event
[LYN]	Fonts/build/GlyphText/FontText_6536.font.lyn.event
[LYN]	Fonts/build/GlyphText/FontText_624B.font.lyn.event
[LYN]	Fonts/build/GlyphText/FontText_9996.font.lyn.event
[LYN]	Fonts/build/GlyphText/FontText_5B88.font.lyn.event
[LYN]	Fonts/build/GlyphText/FontText_6388.font.lyn.event
[LYN]	Fonts/build/GlyphText/FontText_53D7.font.lyn.event
[LYN]	Fonts/build/GlyphText/FontText_68B3.font.lyn.event
[LYN]	Fonts/build/GlyphText/FontText_6B8A.font.lyn.event
[LYN]	Fonts/build/GlyphText/FontText_8F93.font.lyn.event
[LYN]	Fonts/build/GlyphText/FontText_53D4.font.lyn.event
[LYN]	Fonts/build/GlyphText/FontText_8212.font.lyn.event
[LYN]	Fonts/build/GlyphText/FontText_6DD1.font.lyn.event
[LYN]	Fonts/build/GlyphText/FontText_758F.font.lyn.event
[LYN]	Fonts/build/GlyphText/FontText_4E66.font.lyn.event
[LYN]	Fonts/build/GlyphText/FontText_8D4E.font.lyn.event
[LYN]	Fonts/build/GlyphText/FontText_719F.font.lyn.event
[LYN]	Fonts/build/GlyphText/FontText_6691.font.lyn.event
[LYN]	Fonts/build/GlyphText/FontText_7F72.font.lyn.event
[LYN]	Fonts/build/GlyphText/FontText_9F20.font.lyn.event
[LYN]	Fonts/build/GlyphText/FontText_5C5E.font.lyn.event
[LYN]	Fonts/build/GlyphText/FontText_672F.font.lyn.event
[LYN]	Fonts/build/GlyphText/FontText_8FF0.font.lyn.event
[LYN]	Fonts/build/GlyphText/FontText_6811.font.lyn.event
[LYN]	Fonts/build/GlyphText/FontText_675F.font.lyn.event
[LYN]	Fonts/build/GlyphText/FontText_6570.font.lyn.event
[LYN]	Fonts/build/GlyphText/FontText_6055.font.lyn.event
[LYN]	Fonts/build/GlyphText/FontText_800D.font.lyn.event
[LYN]	Fonts/build/GlyphText/FontText_6454.font.lyn.event
[LYN]	Fonts/build/GlyphText/FontText_8870.font.lyn.event
[LYN]	Fonts/build/GlyphText/FontText_7529.font.lyn.event
[LYN]	Fonts/build/GlyphText/FontText_5E05.font.lyn.event
[LYN]	Fonts/build/GlyphText/FontText_53CC.font.lyn.event
[LYN]	Fonts/build/GlyphText/FontText_723D.font.lyn.event
[LYN]	Fonts/build/GlyphText/FontText_8C01.font.lyn.event
[LYN]	Fonts/build/GlyphText/FontText_6C34.font.lyn.event
[LYN]	Fonts/build/GlyphText/FontText_7761.font.lyn.event
[LYN]	Fonts/build/GlyphText/FontText_987A.font.lyn.event
[LYN]	Fonts/build/GlyphText/FontText_8BF4.font.lyn.event
[LYN]	Fonts/build/GlyphText/FontText_65AF.font.lyn.event
[LYN]	Fonts/build/GlyphText/FontText_6495.font.lyn.event
[LYN]	Fonts/build/GlyphText/FontText_601D.font.lyn.event
[LYN]	Fonts/build/GlyphText/FontText_79C1.font.lyn.event
[LYN]	Fonts/build/GlyphText/FontText_53F8.font.lyn.event
[LYN]	Fonts/build/GlyphText/FontText_4E1D.font.lyn.event
[LYN]	Fonts/build/GlyphText/FontText_6B7B.font.lyn.event
[LYN]	Fonts/build/GlyphText/FontText_8086.font.lyn.event
[LYN]	Fonts/build/GlyphText/FontText_56DB.font.lyn.event
[LYN]	Fonts/build/GlyphText/FontText_4F3A.font.lyn.event
[LYN]	Fonts/build/GlyphText/FontText_4F3C.font.lyn.event
[LYN]	Fonts/build/GlyphText/FontText_9972.font.lyn.event
[LYN]	Fonts/build/GlyphText/FontText_677E.font.lyn.event
[LYN]	Fonts/build/GlyphText/FontText_8038.font.lyn.event
[LYN]	Fonts/build/GlyphText/FontText_9001.font.lyn.event
[LYN]	Fonts/build/GlyphText/FontText_641C.font.lyn.event
[LYN]	Fonts/build/GlyphText/FontText_8258.font.lyn.event
[LYN]	Fonts/build/GlyphText/FontText_82CF.font.lyn.event
[LYN]	Fonts/build/GlyphText/FontText_4FD7.font.lyn.event
[LYN]	Fonts/build/GlyphText/FontText_7D20.font.lyn.event
[LYN]	Fonts/build/GlyphText/FontText_901F.font.lyn.event
[LYN]	Fonts/build/GlyphText/FontText_5BBF.font.lyn.event
[LYN]	Fonts/build/GlyphText/FontText_8BC9.font.lyn.event
[LYN]	Fonts/build/GlyphText/FontText_8083.font.lyn.event
[LYN]	Fonts/build/GlyphText/FontText_9178.font.lyn.event
[LYN]	Fonts/build/GlyphText/FontText_7B97.font.lyn.event
[LYN]	Fonts/build/GlyphText/FontText_867D.font.lyn.event
[LYN]	Fonts/build/GlyphText/FontText_968F.font.lyn.event
[LYN]	Fonts/build/GlyphText/FontText_9AD3.font.lyn.event
[LYN]	Fonts/build/GlyphText/FontText_788E.font.lyn.event
[LYN]	Fonts/build/GlyphText/FontText_5C81.font.lyn.event
[LYN]	Fonts/build/GlyphText/FontText_5B59.font.lyn.event
[LYN]	Fonts/build/GlyphText/FontText_635F.font.lyn.event
[LYN]	Fonts/build/GlyphText/FontText_7F29.font.lyn.event
[LYN]	Fonts/build/GlyphText/FontText_7410.font.lyn.event
[LYN]	Fonts/build/GlyphText/FontText_7D22.font.lyn.event
[LYN]	Fonts/build/GlyphText/FontText_9501.font.lyn.event
[LYN]	Fonts/build/GlyphText/FontText_6240.font.lyn.event
[LYN]	Fonts/build/GlyphText/FontText_584C.font.lyn.event
[LYN]	Fonts/build/GlyphText/FontText_4ED6.font.lyn.event
[LYN]	Fonts/build/GlyphText/FontText_5B83.font.lyn.event
[LYN]	Fonts/build/GlyphText/FontText_5979.font.lyn.event
[LYN]	Fonts/build/GlyphText/FontText_5854.font.lyn.event
[LYN]	Fonts/build/GlyphText/FontText_8E0F.font.lyn.event
[LYN]	Fonts/build/GlyphText/FontText_80CE.font.lyn.event
[LYN]	Fonts/build/GlyphText/FontText_62AC.font.lyn.event
[LYN]	Fonts/build/GlyphText/FontText_53F0.font.lyn.event
[LYN]	Fonts/build/GlyphText/FontText_592A.font.lyn.event
[LYN]	Fonts/build/GlyphText/FontText_6001.font.lyn.event
[LYN]	Fonts/build/GlyphText/FontText_644A.font.lyn.event
[LYN]	Fonts/build/GlyphText/FontText_8D2A.font.lyn.event
[LYN]	Fonts/build/GlyphText/FontText_575B.font.lyn.event
[LYN]	Fonts/build/GlyphText/FontText_8C08.font.lyn.event
[LYN]	Fonts/build/GlyphText/FontText_5766.font.lyn.event
[LYN]	Fonts/build/GlyphText/FontText_63A2.font.lyn.event
[LYN]	Fonts/build/GlyphText/FontText_53F9.font.lyn.event
[LYN]	Fonts/build/GlyphText/FontText_6C64.font.lyn.event
[LYN]	Fonts/build/GlyphText/FontText_642A.font.lyn.event
[LYN]	Fonts/build/GlyphText/FontText_5802.font.lyn.event
[LYN]	Fonts/build/GlyphText/FontText_819B.font.lyn.event
[LYN]	Fonts/build/GlyphText/FontText_8D9F.font.lyn.event
[LYN]	Fonts/build/GlyphText/FontText_6843.font.lyn.event
[LYN]	Fonts/build/GlyphText/FontText_9003.font.lyn.event
[LYN]	Fonts/build/GlyphText/FontText_8BA8.font.lyn.event
[LYN]	Fonts/build/GlyphText/FontText_5957.font.lyn.event
[LYN]	Fonts/build/GlyphText/FontText_7279.font.lyn.event
[LYN]	Fonts/build/GlyphText/FontText_817E.font.lyn.event
[LYN]	Fonts/build/GlyphText/FontText_75BC.font.lyn.event
[LYN]	Fonts/build/GlyphText/FontText_68AF.font.lyn.event
[LYN]	Fonts/build/GlyphText/FontText_63D0.font.lyn.event
[LYN]	Fonts/build/GlyphText/FontText_9898.font.lyn.event
[LYN]	Fonts/build/GlyphText/FontText_4F53.font.lyn.event
[LYN]	Fonts/build/GlyphText/FontText_66FF.font.lyn.event
[LYN]	Fonts/build/GlyphText/FontText_60D5.font.lyn.event
[LYN]	Fonts/build/GlyphText/FontText_5929.font.lyn.event
[LYN]	Fonts/build/GlyphText/FontText_6DFB.font.lyn.event
[LYN]	Fonts/build/GlyphText/FontText_7530.font.lyn.event
[LYN]	Fonts/build/GlyphText/FontText_751C.font.lyn.event
[LYN]	Fonts/build/GlyphText/FontText_6311.font.lyn.event
[LYN]	Fonts/build/GlyphText/FontText_6761.font.lyn.event
[LYN]	Fonts/build/GlyphText/FontText_8FE2.font.lyn.event
[LYN]	Fonts/build/GlyphText/FontText_8DF3.font.lyn.event
[LYN]	Fonts/build/GlyphText/FontText_8D34.font.lyn.event
[LYN]	Fonts/build/GlyphText/FontText_94C1.font.lyn.event
[LYN]	Fonts/build/GlyphText/FontText_5385.font.lyn.event
[LYN]	Fonts/build/GlyphText/FontText_542C.font.lyn.event
[LYN]	Fonts/build/GlyphText/FontText_5EF7.font.lyn.event
[LYN]	Fonts/build/GlyphText/FontText_505C.font.lyn.event
[LYN]	Fonts/build/GlyphText/FontText_4EAD.font.lyn.event
[LYN]	Fonts/build/GlyphText/FontText_5EAD.font.lyn.event
[LYN]	Fonts/build/GlyphText/FontText_633A.font.lyn.event
[LYN]	Fonts/build/GlyphText/FontText_901A.font.lyn.event
[LYN]	Fonts/build/GlyphText/FontText_540C.font.lyn.event
[LYN]	Fonts/build/GlyphText/FontText_6876.font.lyn.event
[LYN]	Fonts/build/GlyphText/FontText_7EDF.font.lyn.event
[LYN]	Fonts/build/GlyphText/FontText_75DB.font.lyn.event
[LYN]	Fonts/build/GlyphText/FontText_5077.font.lyn.event
[LYN]	Fonts/build/GlyphText/FontText_6295.font.lyn.event
[LYN]	Fonts/build/GlyphText/FontText_5934.font.lyn.event
[LYN]	Fonts/build/GlyphText/FontText_900F.font.lyn.event
[LYN]	Fonts/build/GlyphText/FontText_7A81.font.lyn.event
[LYN]	Fonts/build/GlyphText/FontText_56FE.font.lyn.event
[LYN]	Fonts/build/GlyphText/FontText_5F92.font.lyn.event
[LYN]	Fonts/build/GlyphText/FontText_9014.font.lyn.event
[LYN]	Fonts/build/GlyphText/FontText_6D82.font.lyn.event
[LYN]	Fonts/build/GlyphText/FontText_571F.font.lyn.event
[LYN]	Fonts/build/GlyphText/FontText_5410.font.lyn.event
[LYN]	Fonts/build/GlyphText/FontText_56E2.font.lyn.event
[LYN]	Fonts/build/GlyphText/FontText_63A8.font.lyn.event
[LYN]	Fonts/build/GlyphText/FontText_817F.font.lyn.event
[LYN]	Fonts/build/GlyphText/FontText_9000.font.lyn.event
[LYN]	Fonts/build/GlyphText/FontText_541E.font.lyn.event
[LYN]	Fonts/build/GlyphText/FontText_62D6.font.lyn.event
[LYN]	Fonts/build/GlyphText/FontText_6258.font.lyn.event
[LYN]	Fonts/build/GlyphText/FontText_8131.font.lyn.event
[LYN]	Fonts/build/GlyphText/FontText_62D3.font.lyn.event
[LYN]	Fonts/build/GlyphText/FontText_6316.font.lyn.event
[LYN]	Fonts/build/GlyphText/FontText_54C7.font.lyn.event
[LYN]	Fonts/build/GlyphText/FontText_86D9.font.lyn.event
[LYN]	Fonts/build/GlyphText/FontText_5A03.font.lyn.event
[LYN]	Fonts/build/GlyphText/FontText_74E6.font.lyn.event
[LYN]	Fonts/build/GlyphText/FontText_6B6A.font.lyn.event
[LYN]	Fonts/build/GlyphText/FontText_5916.font.lyn.event
[LYN]	Fonts/build/GlyphText/FontText_5F2F.font.lyn.event
[LYN]	Fonts/build/GlyphText/FontText_6E7E.font.lyn.event
[LYN]	Fonts/build/GlyphText/FontText_73A9.font.lyn.event
[LYN]	Fonts/build/GlyphText/FontText_987D.font.lyn.event
[LYN]	Fonts/build/GlyphText/FontText_5B8C.font.lyn.event
[LYN]	Fonts/build/GlyphText/FontText_633D.font.lyn.event
[LYN]	Fonts/build/GlyphText/FontText_665A.font.lyn.event
[LYN]	Fonts/build/GlyphText/FontText_4E07.font.lyn.event
[LYN]	Fonts/build/GlyphText/FontText_8155.font.lyn.event
[LYN]	Fonts/build/GlyphText/FontText_738B.font.lyn.event
[LYN]	Fonts/build/GlyphText/FontText_4EA1.font.lyn.event
[LYN]	Fonts/build/GlyphText/FontText_6789.font.lyn.event
[LYN]	Fonts/build/GlyphText/FontText_7F51.font.lyn.event
[LYN]	Fonts/build/GlyphText/FontText_5F80.font.lyn.event
[LYN]	Fonts/build/GlyphText/FontText_671B.font.lyn.event
[LYN]	Fonts/build/GlyphText/FontText_5FD8.font.lyn.event
[LYN]	Fonts/build/GlyphText/FontText_5984.font.lyn.event
[LYN]	Fonts/build/GlyphText/FontText_5A01.font.lyn.event
[LYN]	Fonts/build/GlyphText/FontText_5FAE.font.lyn.event
[LYN]	Fonts/build/GlyphText/FontText_5371.font.lyn.event
[LYN]	Fonts/build/GlyphText/FontText_97E6.font.lyn.event
[LYN]	Fonts/build/GlyphText/FontText_8FDD.font.lyn.event
[LYN]	Fonts/build/GlyphText/FontText_56F4.font.lyn.event
[LYN]	Fonts/build/GlyphText/FontText_552F.font.lyn.event
[LYN]	Fonts/build/GlyphText/FontText_4E3A.font.lyn.event
[LYN]	Fonts/build/GlyphText/FontText_7EF4.font.lyn.event
[LYN]	Fonts/build/GlyphText/FontText_59D4.font.lyn.event
[LYN]	Fonts/build/GlyphText/FontText_4F1F.font.lyn.event
[LYN]	Fonts/build/GlyphText/FontText_5C3E.font.lyn.event
[LYN]	Fonts/build/GlyphText/FontText_672A.font.lyn.event
[LYN]	Fonts/build/GlyphText/FontText_5473.font.lyn.event
[LYN]	Fonts/build/GlyphText/FontText_754F.font.lyn.event
[LYN]	Fonts/build/GlyphText/FontText_80C3.font.lyn.event
[LYN]	Fonts/build/GlyphText/FontText_5582.font.lyn.event
[LYN]	Fonts/build/GlyphText/FontText_4F4D.font.lyn.event
[LYN]	Fonts/build/GlyphText/FontText_8C13.font.lyn.event
[LYN]	Fonts/build/GlyphText/FontText_536B.font.lyn.event
[LYN]	Fonts/build/GlyphText/FontText_6E29.font.lyn.event
[LYN]	Fonts/build/GlyphText/FontText_6587.font.lyn.event
[LYN]	Fonts/build/GlyphText/FontText_95FB.font.lyn.event
[LYN]	Fonts/build/GlyphText/FontText_7EB9.font.lyn.event
[LYN]	Fonts/build/GlyphText/FontText_543B.font.lyn.event
[LYN]	Fonts/build/GlyphText/FontText_7A33.font.lyn.event
[LYN]	Fonts/build/GlyphText/FontText_7D0A.font.lyn.event
[LYN]	Fonts/build/GlyphText/FontText_95EE.font.lyn.event
[LYN]	Fonts/build/GlyphText/FontText_7FC1.font.lyn.event
[LYN]	Fonts/build/GlyphText/FontText_74EE.font.lyn.event
[LYN]	Fonts/build/GlyphText/FontText_7A9D.font.lyn.event
[LYN]	Fonts/build/GlyphText/FontText_6211.font.lyn.event
[LYN]	Fonts/build/GlyphText/FontText_5367.font.lyn.event
[LYN]	Fonts/build/GlyphText/FontText_63E1.font.lyn.event
[LYN]	Fonts/build/GlyphText/FontText_6C83.font.lyn.event
[LYN]	Fonts/build/GlyphText/FontText_5DEB.font.lyn.event
[LYN]	Fonts/build/GlyphText/FontText_545C.font.lyn.event
[LYN]	Fonts/build/GlyphText/FontText_4E4C.font.lyn.event
[LYN]	Fonts/build/GlyphText/FontText_8BEC.font.lyn.event
[LYN]	Fonts/build/GlyphText/FontText_6C61.font.lyn.event
[LYN]	Fonts/build/GlyphText/FontText_5C4B.font.lyn.event
[LYN]	Fonts/build/GlyphText/FontText_65E0.font.lyn.event
[LYN]	Fonts/build/GlyphText/FontText_829C.font.lyn.event
[LYN]	Fonts/build/GlyphText/FontText_6B66.font.lyn.event
[LYN]	Fonts/build/GlyphText/FontText_4E94.font.lyn.event
[LYN]	Fonts/build/GlyphText/FontText_821E.font.lyn.event
[LYN]	Fonts/build/GlyphText/FontText_4F0D.font.lyn.event
[LYN]	Fonts/build/GlyphText/FontText_4FAE.font.lyn.event
[LYN]	Fonts/build/GlyphText/FontText_96FE.font.lyn.event
[LYN]	Fonts/build/GlyphText/FontText_7269.font.lyn.event
[LYN]	Fonts/build/GlyphText/FontText_52FF.font.lyn.event
[LYN]	Fonts/build/GlyphText/FontText_52A1.font.lyn.event
[LYN]	Fonts/build/GlyphText/FontText_609F.font.lyn.event
[LYN]	Fonts/build/GlyphText/FontText_8BEF.font.lyn.event
[LYN]	Fonts/build/GlyphText/FontText_897F.font.lyn.event
[LYN]	Fonts/build/GlyphText/FontText_5438.font.lyn.event
[LYN]	Fonts/build/GlyphText/FontText_727A.font.lyn.event
[LYN]	Fonts/build/GlyphText/FontText_606F.font.lyn.event
[LYN]	Fonts/build/GlyphText/FontText_5E0C.font.lyn.event
[LYN]	Fonts/build/GlyphText/FontText_6089.font.lyn.event
[LYN]	Fonts/build/GlyphText/FontText_5915.font.lyn.event
[LYN]	Fonts/build/GlyphText/FontText_60DC.font.lyn.event
[LYN]	Fonts/build/GlyphText/FontText_6EAA.font.lyn.event
[LYN]	Fonts/build/GlyphText/FontText_88AD.font.lyn.event
[LYN]	Fonts/build/GlyphText/FontText_5E2D.font.lyn.event
[LYN]	Fonts/build/GlyphText/FontText_4E60.font.lyn.event
[LYN]	Fonts/build/GlyphText/FontText_5AB3.font.lyn.event
[LYN]	Fonts/build/GlyphText/FontText_559C.font.lyn.event
[LYN]	Fonts/build/GlyphText/FontText_6D17.font.lyn.event
[LYN]	Fonts/build/GlyphText/FontText_7CFB.font.lyn.event
[LYN]	Fonts/build/GlyphText/FontText_9699.font.lyn.event
[LYN]	Fonts/build/GlyphText/FontText_620F.font.lyn.event
[LYN]	Fonts/build/GlyphText/FontText_7EC6.font.lyn.event
[LYN]	Fonts/build/GlyphText/FontText_778E.font.lyn.event
[LYN]	Fonts/build/GlyphText/FontText_8F96.font.lyn.event
[LYN]	Fonts/build/GlyphText/FontText_4FA0.font.lyn.event
[LYN]	Fonts/build/GlyphText/FontText_72ED.font.lyn.event
[LYN]	Fonts/build/GlyphText/FontText_590F.font.lyn.event
[LYN]	Fonts/build/GlyphText/FontText_4E0B.font.lyn.event
[LYN]	Fonts/build/GlyphText/FontText_5413.font.lyn.event
[LYN]	Fonts/build/GlyphText/FontText_6380.font.lyn.event
[LYN]	Fonts/build/GlyphText/FontText_5148.font.lyn.event
[LYN]	Fonts/build/GlyphText/FontText_9C9C.font.lyn.event
[LYN]	Fonts/build/GlyphText/FontText_8D24.font.lyn.event
[LYN]	Fonts/build/GlyphText/FontText_95F2.font.lyn.event
[LYN]	Fonts/build/GlyphText/FontText_5F26.font.lyn.event
[LYN]	Fonts/build/GlyphText/FontText_5ACC.font.lyn.event
[LYN]	Fonts/build/GlyphText/FontText_663E.font.lyn.event
[LYN]	Fonts/build/GlyphText/FontText_9669.font.lyn.event
[LYN]	Fonts/build/GlyphText/FontText_73B0.font.lyn.event
[LYN]	Fonts/build/GlyphText/FontText_732E.font.lyn.event
[LYN]	Fonts/build/GlyphText/FontText_7FA1.font.lyn.event
[LYN]	Fonts/build/GlyphText/FontText_9677.font.lyn.event
[LYN]	Fonts/build/GlyphText/FontText_9650.font.lyn.event
[LYN]	Fonts/build/GlyphText/FontText_7EBF.font.lyn.event
[LYN]	Fonts/build/GlyphText/FontText_76F8.font.lyn.event
[LYN]	Fonts/build/GlyphText/FontText_53A2.font.lyn.event
[LYN]	Fonts/build/GlyphText/FontText_9999.font.lyn.event
[LYN]	Fonts/build/GlyphText/FontText_4E61.font.lyn.event
[LYN]	Fonts/build/GlyphText/FontText_7BB1.font.lyn.event
[LYN]	Fonts/build/GlyphText/FontText_7FD4.font.lyn.event
[LYN]	Fonts/build/GlyphText/FontText_7965.font.lyn.event
[LYN]	Fonts/build/GlyphText/FontText_8BE6.font.lyn.event
[LYN]	Fonts/build/GlyphText/FontText_60F3.font.lyn.event
[LYN]	Fonts/build/GlyphText/FontText_54CD.font.lyn.event
[LYN]	Fonts/build/GlyphText/FontText_4EAB.font.lyn.event
[LYN]	Fonts/build/GlyphText/FontText_9879.font.lyn.event
[LYN]	Fonts/build/GlyphText/FontText_50CF.font.lyn.event
[LYN]	Fonts/build/GlyphText/FontText_5411.font.lyn.event
[LYN]	Fonts/build/GlyphText/FontText_8C61.font.lyn.event
[LYN]	Fonts/build/GlyphText/FontText_524A.font.lyn.event
[LYN]	Fonts/build/GlyphText/FontText_56A3.font.lyn.event
[LYN]	Fonts/build/GlyphText/FontText_9500.font.lyn.event
[LYN]	Fonts/build/GlyphText/FontText_6D88.font.lyn.event
[LYN]	Fonts/build/GlyphText/FontText_6653.font.lyn.event
[LYN]	Fonts/build/GlyphText/FontText_5C0F.font.lyn.event
[LYN]	Fonts/build/GlyphText/FontText_5B5D.font.lyn.event
[LYN]	Fonts/build/GlyphText/FontText_6821.font.lyn.event
[LYN]	Fonts/build/GlyphText/FontText_7B11.font.lyn.event
[LYN]	Fonts/build/GlyphText/FontText_6548.font.lyn.event
[LYN]	Fonts/build/GlyphText/FontText_4E9B.font.lyn.event
[LYN]	Fonts/build/GlyphText/FontText_978B.font.lyn.event
[LYN]	Fonts/build/GlyphText/FontText_534F.font.lyn.event
[LYN]	Fonts/build/GlyphText/FontText_643A.font.lyn.event
[LYN]	Fonts/build/GlyphText/FontText_90AA.font.lyn.event
[LYN]	Fonts/build/GlyphText/FontText_80C1.font.lyn.event
[LYN]	Fonts/build/GlyphText/FontText_5199.font.lyn.event
[LYN]	Fonts/build/GlyphText/FontText_61C8.font.lyn.event
[LYN]	Fonts/build/GlyphText/FontText_6CC4.font.lyn.event
[LYN]	Fonts/build/GlyphText/FontText_8C22.font.lyn.event
[LYN]	Fonts/build/GlyphText/FontText_6B23.font.lyn.event
[LYN]	Fonts/build/GlyphText/FontText_8F9B.font.lyn.event
[LYN]	Fonts/build/GlyphText/FontText_65B0.font.lyn.event
[LYN]	Fonts/build/GlyphText/FontText_5FC3.font.lyn.event
[LYN]	Fonts/build/GlyphText/FontText_5174.font.lyn.event
[LYN]	Fonts/build/GlyphText/FontText_4FE1.font.lyn.event
[LYN]	Fonts/build/GlyphText/FontText_661F.font.lyn.event
[LYN]	Fonts/build/GlyphText/FontText_8165.font.lyn.event
[LYN]	Fonts/build/GlyphText/FontText_578B.font.lyn.event
[LYN]	Fonts/build/GlyphText/FontText_5F62.font.lyn.event
[LYN]	Fonts/build/GlyphText/FontText_884C.font.lyn.event
[LYN]	Fonts/build/GlyphText/FontText_9192.font.lyn.event
[LYN]	Fonts/build/GlyphText/FontText_5E78.font.lyn.event
[LYN]	Fonts/build/GlyphText/FontText_6027.font.lyn.event
[LYN]	Fonts/build/GlyphText/FontText_59D3.font.lyn.event
[LYN]	Fonts/build/GlyphText/FontText_5144.font.lyn.event
[LYN]	Fonts/build/GlyphText/FontText_51F6.font.lyn.event
[LYN]	Fonts/build/GlyphText/FontText_80F8.font.lyn.event
[LYN]	Fonts/build/GlyphText/FontText_96C4.font.lyn.event
[LYN]	Fonts/build/GlyphText/FontText_4F11.font.lyn.event
[LYN]	Fonts/build/GlyphText/FontText_4FEE.font.lyn.event
[LYN]	Fonts/build/GlyphText/FontText_7F9E.font.lyn.event
[LYN]	Fonts/build/GlyphText/FontText_673D.font.lyn.event
[LYN]	Fonts/build/GlyphText/FontText_79C0.font.lyn.event
[LYN]	Fonts/build/GlyphText/FontText_8896.font.lyn.event
[LYN]	Fonts/build/GlyphText/FontText_589F.font.lyn.event
[LYN]	Fonts/build/GlyphText/FontText_9700.font.lyn.event
[LYN]	Fonts/build/GlyphText/FontText_865A.font.lyn.event
[LYN]	Fonts/build/GlyphText/FontText_5618.font.lyn.event
[LYN]	Fonts/build/GlyphText/FontText_987B.font.lyn.event
[LYN]	Fonts/build/GlyphText/FontText_8BB8.font.lyn.event
[LYN]	Fonts/build/GlyphText/FontText_84C4.font.lyn.event
[LYN]	Fonts/build/GlyphText/FontText_5E8F.font.lyn.event
[LYN]	Fonts/build/GlyphText/FontText_755C.font.lyn.event
[LYN]	Fonts/build/GlyphText/FontText_5A7F.font.lyn.event
[LYN]	Fonts/build/GlyphText/FontText_7EEA.font.lyn.event
[LYN]	Fonts/build/GlyphText/FontText_7EED.font.lyn.event
[LYN]	Fonts/build/GlyphText/FontText_5BA3.font.lyn.event
[LYN]	Fonts/build/GlyphText/FontText_60AC.font.lyn.event
[LYN]	Fonts/build/GlyphText/FontText_65CB.font.lyn.event
[LYN]	Fonts/build/GlyphText/FontText_9009.font.lyn.event
[LYN]	Fonts/build/GlyphText/FontText_9774.font.lyn.event
[LYN]	Fonts/build/GlyphText/FontText_5B66.font.lyn.event
[LYN]	Fonts/build/GlyphText/FontText_96EA.font.lyn.event
[LYN]	Fonts/build/GlyphText/FontText_8840.font.lyn.event
[LYN]	Fonts/build/GlyphText/FontText_52CB.font.lyn.event
[LYN]	Fonts/build/GlyphText/FontText_5FAA.font.lyn.event
[LYN]	Fonts/build/GlyphText/FontText_8BE2.font.lyn.event
[LYN]	Fonts/build/GlyphText/FontText_5BFB.font.lyn.event
[LYN]	Fonts/build/GlyphText/FontText_8BAD.font.lyn.event
[LYN]	Fonts/build/GlyphText/FontText_5DE1.font.lyn.event
[LYN]	Fonts/build/GlyphText/FontText_8BAF.font.lyn.event
[LYN]	Fonts/build/GlyphText/FontText_8FC5.font.lyn.event
[LYN]	Fonts/build/GlyphText/FontText_538B.font.lyn.event
[LYN]	Fonts/build/GlyphText/FontText_62BC.font.lyn.event
[LYN]	Fonts/build/GlyphText/FontText_9E26.font.lyn.event
[LYN]	Fonts/build/GlyphText/FontText_5440.font.lyn.event
[LYN]	Fonts/build/GlyphText/FontText_4E2B.font.lyn.event
[LYN]	Fonts/build/GlyphText/FontText_82BD.font.lyn.event
[LYN]	Fonts/build/GlyphText/FontText_7259.font.lyn.event
[LYN]	Fonts/build/GlyphText/FontText_5D16.font.lyn.event
[LYN]	Fonts/build/GlyphText/FontText_6DAF.font.lyn.event
[LYN]	Fonts/build/GlyphText/FontText_96C5.font.lyn.event
[LYN]	Fonts/build/GlyphText/FontText_4E9A.font.lyn.event
[LYN]	Fonts/build/GlyphText/FontText_8BB6.font.lyn.event
[LYN]	Fonts/build/GlyphText/FontText_70DF.font.lyn.event
[LYN]	Fonts/build/GlyphText/FontText_6DF9.font.lyn.event
[LYN]	Fonts/build/GlyphText/FontText_4E25.font.lyn.event
[LYN]	Fonts/build/GlyphText/FontText_7814.font.lyn.event
[LYN]	Fonts/build/GlyphText/FontText_5CA9.font.lyn.event
[LYN]	Fonts/build/GlyphText/FontText_5EF6.font.lyn.event
[LYN]	Fonts/build/GlyphText/FontText_8A00.font.lyn.event
[LYN]	Fonts/build/GlyphText/FontText_989C.font.lyn.event
[LYN]	Fonts/build/GlyphText/FontText_708E.font.lyn.event
[LYN]	Fonts/build/GlyphText/FontText_6CBF.font.lyn.event
[LYN]	Fonts/build/GlyphText/FontText_63A9.font.lyn.event
[LYN]	Fonts/build/GlyphText/FontText_773C.font.lyn.event
[LYN]	Fonts/build/GlyphText/FontText_884D.font.lyn.event
[LYN]	Fonts/build/GlyphText/FontText_6F14.font.lyn.event
[LYN]	Fonts/build/GlyphText/FontText_8273.font.lyn.event
[LYN]	Fonts/build/GlyphText/FontText_538C.font.lyn.event
[LYN]	Fonts/build/GlyphText/FontText_7130.font.lyn.event
[LYN]	Fonts/build/GlyphText/FontText_5BB4.font.lyn.event
[LYN]	Fonts/build/GlyphText/FontText_6B83.font.lyn.event
[LYN]	Fonts/build/GlyphText/FontText_9A8C.font.lyn.event
[LYN]	Fonts/build/GlyphText/FontText_592E.font.lyn.event
[LYN]	Fonts/build/GlyphText/FontText_626C.font.lyn.event
[LYN]	Fonts/build/GlyphText/FontText_7F8A.font.lyn.event
[LYN]	Fonts/build/GlyphText/FontText_6D0B.font.lyn.event
[LYN]	Fonts/build/GlyphText/FontText_9633.font.lyn.event
[LYN]	Fonts/build/GlyphText/FontText_4EF0.font.lyn.event
[LYN]	Fonts/build/GlyphText/FontText_517B.font.lyn.event
[LYN]	Fonts/build/GlyphText/FontText_6837.font.lyn.event
[LYN]	Fonts/build/GlyphText/FontText_9080.font.lyn.event
[LYN]	Fonts/build/GlyphText/FontText_8170.font.lyn.event
[LYN]	Fonts/build/GlyphText/FontText_5996.font.lyn.event
[LYN]	Fonts/build/GlyphText/FontText_6447.font.lyn.event
[LYN]	Fonts/build/GlyphText/FontText_9065.font.lyn.event
[LYN]	Fonts/build/GlyphText/FontText_836F.font.lyn.event
[LYN]	Fonts/build/GlyphText/FontText_8981.font.lyn.event
[LYN]	Fonts/build/GlyphText/FontText_8000.font.lyn.event
[LYN]	Fonts/build/GlyphText/FontText_7237.font.lyn.event
[LYN]	Fonts/build/GlyphText/FontText_91CE.font.lyn.event
[LYN]	Fonts/build/GlyphText/FontText_4E5F.font.lyn.event
[LYN]	Fonts/build/GlyphText/FontText_4E1A.font.lyn.event
[LYN]	Fonts/build/GlyphText/FontText_53F6.font.lyn.event
[LYN]	Fonts/build/GlyphText/FontText_591C.font.lyn.event
[LYN]	Fonts/build/GlyphText/FontText_6DB2.font.lyn.event
[LYN]	Fonts/build/GlyphText/FontText_4E00.font.lyn.event
[LYN]	Fonts/build/GlyphText/FontText_533B.font.lyn.event
[LYN]	Fonts/build/GlyphText/FontText_4F9D.font.lyn.event
[LYN]	Fonts/build/GlyphText/FontText_4F0A.font.lyn.event
[LYN]	Fonts/build/GlyphText/FontText_8863.font.lyn.event
[LYN]	Fonts/build/GlyphText/FontText_9057.font.lyn.event
[LYN]	Fonts/build/GlyphText/FontText_79FB.font.lyn.event
[LYN]	Fonts/build/GlyphText/FontText_4EEA.font.lyn.event
[LYN]	Fonts/build/GlyphText/FontText_7591.font.lyn.event
[LYN]	Fonts/build/GlyphText/FontText_5B9C.font.lyn.event
[LYN]	Fonts/build/GlyphText/FontText_59E8.font.lyn.event
[LYN]	Fonts/build/GlyphText/FontText_5DF2.font.lyn.event
[LYN]	Fonts/build/GlyphText/FontText_4EE5.font.lyn.event
[LYN]	Fonts/build/GlyphText/FontText_827A.font.lyn.event
[LYN]	Fonts/build/GlyphText/FontText_6291.font.lyn.event
[LYN]	Fonts/build/GlyphText/FontText_5F79.font.lyn.event
[LYN]	Fonts/build/GlyphText/FontText_6613.font.lyn.event
[LYN]	Fonts/build/GlyphText/FontText_4EA6.font.lyn.event
[LYN]	Fonts/build/GlyphText/FontText_88D4.font.lyn.event
[LYN]	Fonts/build/GlyphText/FontText_610F.font.lyn.event
[LYN]	Fonts/build/GlyphText/FontText_5FC6.font.lyn.event
[LYN]	Fonts/build/GlyphText/FontText_4E49.font.lyn.event
[LYN]	Fonts/build/GlyphText/FontText_76CA.font.lyn.event
[LYN]	Fonts/build/GlyphText/FontText_8BAE.font.lyn.event
[LYN]	Fonts/build/GlyphText/FontText_5F02.font.lyn.event
[LYN]	Fonts/build/GlyphText/FontText_7FFC.font.lyn.event
[LYN]	Fonts/build/GlyphText/FontText_836B.font.lyn.event
[LYN]	Fonts/build/GlyphText/FontText_56E0.font.lyn.event
[LYN]	Fonts/build/GlyphText/FontText_97F3.font.lyn.event
[LYN]	Fonts/build/GlyphText/FontText_9634.font.lyn.event
[LYN]	Fonts/build/GlyphText/FontText_541F.font.lyn.event
[LYN]	Fonts/build/GlyphText/FontText_94F6.font.lyn.event
[LYN]	Fonts/build/GlyphText/FontText_5F15.font.lyn.event
[LYN]	Fonts/build/GlyphText/FontText_9690.font.lyn.event
[LYN]	Fonts/build/GlyphText/FontText_5370.font.lyn.event
[LYN]	Fonts/build/GlyphText/FontText_82F1.font.lyn.event
[LYN]	Fonts/build/GlyphText/FontText_5A74.font.lyn.event
[LYN]	Fonts/build/GlyphText/FontText_5E94.font.lyn.event
[LYN]	Fonts/build/GlyphText/FontText_8425.font.lyn.event
[LYN]	Fonts/build/GlyphText/FontText_8FCE.font.lyn.event
[LYN]	Fonts/build/GlyphText/FontText_8D62.font.lyn.event
[LYN]	Fonts/build/GlyphText/FontText_5F71.font.lyn.event
[LYN]	Fonts/build/GlyphText/FontText_786C.font.lyn.event
[LYN]	Fonts/build/GlyphText/FontText_6620.font.lyn.event
[LYN]	Fonts/build/GlyphText/FontText_54DF.font.lyn.event
[LYN]	Fonts/build/GlyphText/FontText_62E5.font.lyn.event
[LYN]	Fonts/build/GlyphText/FontText_4F63.font.lyn.event
[LYN]	Fonts/build/GlyphText/FontText_5EB8.font.lyn.event
[LYN]	Fonts/build/GlyphText/FontText_6C38.font.lyn.event
[LYN]	Fonts/build/GlyphText/FontText_52C7.font.lyn.event
[LYN]	Fonts/build/GlyphText/FontText_7528.font.lyn.event
[LYN]	Fonts/build/GlyphText/FontText_5E7D.font.lyn.event
[LYN]	Fonts/build/GlyphText/FontText_4F18.font.lyn.event
[LYN]	Fonts/build/GlyphText/FontText_60A0.font.lyn.event
[LYN]	Fonts/build/GlyphText/FontText_5FE7.font.lyn.event
[LYN]	Fonts/build/GlyphText/FontText_5C24.font.lyn.event
[LYN]	Fonts/build/GlyphText/FontText_7531.font.lyn.event
[LYN]	Fonts/build/GlyphText/FontText_72B9.font.lyn.event
[LYN]	Fonts/build/GlyphText/FontText_6CB9.font.lyn.event
[LYN]	Fonts/build/GlyphText/FontText_6E38.font.lyn.event
[LYN]	Fonts/build/GlyphText/FontText_6709.font.lyn.event
[LYN]	Fonts/build/GlyphText/FontText_53CB.font.lyn.event
[LYN]	Fonts/build/GlyphText/FontText_53F3.font.lyn.event
[LYN]	Fonts/build/GlyphText/FontText_4F51.font.lyn.event
[LYN]	Fonts/build/GlyphText/FontText_8BF1.font.lyn.event
[LYN]	Fonts/build/GlyphText/FontText_53C8.font.lyn.event
[LYN]	Fonts/build/GlyphText/FontText_5E7C.font.lyn.event
[LYN]	Fonts/build/GlyphText/FontText_4E8E.font.lyn.event
[LYN]	Fonts/build/GlyphText/FontText_611A.font.lyn.event
[LYN]	Fonts/build/GlyphText/FontText_4F59.font.lyn.event
[LYN]	Fonts/build/GlyphText/FontText_9C7C.font.lyn.event
[LYN]	Fonts/build/GlyphText/FontText_6109.font.lyn.event
[LYN]	Fonts/build/GlyphText/FontText_4E88.font.lyn.event
[LYN]	Fonts/build/GlyphText/FontText_96E8.font.lyn.event
[LYN]	Fonts/build/GlyphText/FontText_4E0E.font.lyn.event
[LYN]	Fonts/build/GlyphText/FontText_5C7F.font.lyn.event
[LYN]	Fonts/build/GlyphText/FontText_5B87.font.lyn.event
[LYN]	Fonts/build/GlyphText/FontText_8BED.font.lyn.event
[LYN]	Fonts/build/GlyphText/FontText_7FBD.font.lyn.event
[LYN]	Fonts/build/GlyphText/FontText_7389.font.lyn.event
[LYN]	Fonts/build/GlyphText/FontText_57DF.font.lyn.event
[LYN]	Fonts/build/GlyphText/FontText_90C1.font.lyn.event
[LYN]	Fonts/build/GlyphText/FontText_9047.font.lyn.event
[LYN]	Fonts/build/GlyphText/FontText_55BB.font.lyn.event
[LYN]	Fonts/build/GlyphText/FontText_5FA1.font.lyn.event
[LYN]	Fonts/build/GlyphText/FontText_6108.font.lyn.event
[LYN]	Fonts/build/GlyphText/FontText_6B32.font.lyn.event
[LYN]	Fonts/build/GlyphText/FontText_72F1.font.lyn.event
[LYN]	Fonts/build/GlyphText/FontText_80B2.font.lyn.event
[LYN]	Fonts/build/GlyphText/FontText_8A89.font.lyn.event
[LYN]	Fonts/build/GlyphText/FontText_88D5.font.lyn.event
[LYN]	Fonts/build/GlyphText/FontText_9884.font.lyn.event
[LYN]	Fonts/build/GlyphText/FontText_8C6B.font.lyn.event
[LYN]	Fonts/build/GlyphText/FontText_9A6D.font.lyn.event
[LYN]	Fonts/build/GlyphText/FontText_6E0A.font.lyn.event
[LYN]	Fonts/build/GlyphText/FontText_5143.font.lyn.event
[LYN]	Fonts/build/GlyphText/FontText_539F.font.lyn.event
[LYN]	Fonts/build/GlyphText/FontText_63F4.font.lyn.event
[LYN]	Fonts/build/GlyphText/FontText_56ED.font.lyn.event
[LYN]	Fonts/build/GlyphText/FontText_5458.font.lyn.event
[LYN]	Fonts/build/GlyphText/FontText_6E90.font.lyn.event
[LYN]	Fonts/build/GlyphText/FontText_7F18.font.lyn.event
[LYN]	Fonts/build/GlyphText/FontText_8FDC.font.lyn.event
[LYN]	Fonts/build/GlyphText/FontText_613F.font.lyn.event
[LYN]	Fonts/build/GlyphText/FontText_6028.font.lyn.event
[LYN]	Fonts/build/GlyphText/FontText_9662.font.lyn.event
[LYN]	Fonts/build/GlyphText/FontText_7EA6.font.lyn.event
[LYN]	Fonts/build/GlyphText/FontText_8D8A.font.lyn.event
[LYN]	Fonts/build/GlyphText/FontText_8DC3.font.lyn.event
[LYN]	Fonts/build/GlyphText/FontText_94A5.font.lyn.event
[LYN]	Fonts/build/GlyphText/FontText_6708.font.lyn.event
[LYN]	Fonts/build/GlyphText/FontText_60A6.font.lyn.event
[LYN]	Fonts/build/GlyphText/FontText_9605.font.lyn.event
[LYN]	Fonts/build/GlyphText/FontText_4E91.font.lyn.event
[LYN]	Fonts/build/GlyphText/FontText_5141.font.lyn.event
[LYN]	Fonts/build/GlyphText/FontText_8FD0.font.lyn.event
[LYN]	Fonts/build/GlyphText/FontText_6655.font.lyn.event
[LYN]	Fonts/build/GlyphText/FontText_5B55.font.lyn.event
[LYN]	Fonts/build/GlyphText/FontText_7838.font.lyn.event
[LYN]	Fonts/build/GlyphText/FontText_6742.font.lyn.event
[LYN]	Fonts/build/GlyphText/FontText_707E.font.lyn.event
[LYN]	Fonts/build/GlyphText/FontText_5BB0.font.lyn.event
[LYN]	Fonts/build/GlyphText/FontText_518D.font.lyn.event
[LYN]	Fonts/build/GlyphText/FontText_8F7D.font.lyn.event
[LYN]	Fonts/build/GlyphText/FontText_5728.font.lyn.event
[LYN]	Fonts/build/GlyphText/FontText_6512.font.lyn.event
[LYN]	Fonts/build/GlyphText/FontText_6682.font.lyn.event
[LYN]	Fonts/build/GlyphText/FontText_8D5E.font.lyn.event
[LYN]	Fonts/build/GlyphText/FontText_810F.font.lyn.event
[LYN]	Fonts/build/GlyphText/FontText_906D.font.lyn.event
[LYN]	Fonts/build/GlyphText/FontText_7CDF.font.lyn.event
[LYN]	Fonts/build/GlyphText/FontText_65E9.font.lyn.event
[LYN]	Fonts/build/GlyphText/FontText_9020.font.lyn.event
[LYN]	Fonts/build/GlyphText/FontText_8D23.font.lyn.event
[LYN]	Fonts/build/GlyphText/FontText_62E9.font.lyn.event
[LYN]	Fonts/build/GlyphText/FontText_5219.font.lyn.event
[LYN]	Fonts/build/GlyphText/FontText_6CFD.font.lyn.event
[LYN]	Fonts/build/GlyphText/FontText_8D3C.font.lyn.event
[LYN]	Fonts/build/GlyphText/FontText_589E.font.lyn.event
[LYN]	Fonts/build/GlyphText/FontText_600E.font.lyn.event
[LYN]	Fonts/build/GlyphText/FontText_618E.font.lyn.event
[LYN]	Fonts/build/GlyphText/FontText_66FE.font.lyn.event
[LYN]	Fonts/build/GlyphText/FontText_8D60.font.lyn.event
[LYN]	Fonts/build/GlyphText/FontText_624E.font.lyn.event
[LYN]	Fonts/build/GlyphText/FontText_55B3.font.lyn.event
[LYN]	Fonts/build/GlyphText/FontText_6E23.font.lyn.event
[LYN]	Fonts/build/GlyphText/FontText_7728.font.lyn.event
[LYN]	Fonts/build/GlyphText/FontText_548B.font.lyn.event
[LYN]	Fonts/build/GlyphText/FontText_4E4D.font.lyn.event
[LYN]	Fonts/build/GlyphText/FontText_6458.font.lyn.event
[LYN]	Fonts/build/GlyphText/FontText_5B85.font.lyn.event
[LYN]	Fonts/build/GlyphText/FontText_7A84.font.lyn.event
[LYN]	Fonts/build/GlyphText/FontText_503A.font.lyn.event
[LYN]	Fonts/build/GlyphText/FontText_5BE8.font.lyn.event
[LYN]	Fonts/build/GlyphText/FontText_77BB.font.lyn.event
[LYN]	Fonts/build/GlyphText/FontText_7C98.font.lyn.event
[LYN]	Fonts/build/GlyphText/FontText_6CBE.font.lyn.event
[LYN]	Fonts/build/GlyphText/FontText_65A9.font.lyn.event
[LYN]	Fonts/build/GlyphText/FontText_5C55.font.lyn.event
[LYN]	Fonts/build/GlyphText/FontText_5360.font.lyn.event
[LYN]	Fonts/build/GlyphText/FontText_6218.font.lyn.event
[LYN]	Fonts/build/GlyphText/FontText_7AD9.font.lyn.event
[LYN]	Fonts/build/GlyphText/FontText_7EFD.font.lyn.event
[LYN]	Fonts/build/GlyphText/FontText_7AE0.font.lyn.event
[LYN]	Fonts/build/GlyphText/FontText_5F70.font.lyn.event
[LYN]	Fonts/build/GlyphText/FontText_5F20.font.lyn.event
[LYN]	Fonts/build/GlyphText/FontText_638C.font.lyn.event
[LYN]	Fonts/build/GlyphText/FontText_6DA8.font.lyn.event
[LYN]	Fonts/build/GlyphText/FontText_6756.font.lyn.event
[LYN]	Fonts/build/GlyphText/FontText_4E08.font.lyn.event
[LYN]	Fonts/build/GlyphText/FontText_5E10.font.lyn.event
[LYN]	Fonts/build/GlyphText/FontText_4ED7.font.lyn.event
[LYN]	Fonts/build/GlyphText/FontText_969C.font.lyn.event
[LYN]	Fonts/build/GlyphText/FontText_62DB.font.lyn.event
[LYN]	Fonts/build/GlyphText/FontText_627E.font.lyn.event
[LYN]	Fonts/build/GlyphText/FontText_7167.font.lyn.event
[LYN]	Fonts/build/GlyphText/FontText_5146.font.lyn.event
[LYN]	Fonts/build/GlyphText/FontText_53EC.font.lyn.event
[LYN]	Fonts/build/GlyphText/FontText_906E.font.lyn.event
[LYN]	Fonts/build/GlyphText/FontText_6298.font.lyn.event
[LYN]	Fonts/build/GlyphText/FontText_8FD9.font.lyn.event
[LYN]	Fonts/build/GlyphText/FontText_8005.font.lyn.event
[LYN]	Fonts/build/GlyphText/FontText_73CD.font.lyn.event
[LYN]	Fonts/build/GlyphText/FontText_771F.font.lyn.event
[LYN]	Fonts/build/GlyphText/FontText_9488.font.lyn.event
[LYN]	Fonts/build/GlyphText/FontText_4FA6.font.lyn.event
[LYN]	Fonts/build/GlyphText/FontText_9707.font.lyn.event
[LYN]	Fonts/build/GlyphText/FontText_632F.font.lyn.event
[LYN]	Fonts/build/GlyphText/FontText_9547.font.lyn.event
[LYN]	Fonts/build/GlyphText/FontText_9635.font.lyn.event
[LYN]	Fonts/build/GlyphText/FontText_6323.font.lyn.event
[LYN]	Fonts/build/GlyphText/FontText_7741.font.lyn.event
[LYN]	Fonts/build/GlyphText/FontText_5F81.font.lyn.event
[LYN]	Fonts/build/GlyphText/FontText_4E89.font.lyn.event
[LYN]	Fonts/build/GlyphText/FontText_6574.font.lyn.event
[LYN]	Fonts/build/GlyphText/FontText_62EF.font.lyn.event
[LYN]	Fonts/build/GlyphText/FontText_6B63.font.lyn.event
[LYN]	Fonts/build/GlyphText/FontText_653F.font.lyn.event
[LYN]	Fonts/build/GlyphText/FontText_75C7.font.lyn.event
[LYN]	Fonts/build/GlyphText/FontText_90D1.font.lyn.event
[LYN]	Fonts/build/GlyphText/FontText_8BC1.font.lyn.event
[LYN]	Fonts/build/GlyphText/FontText_679D.font.lyn.event
[LYN]	Fonts/build/GlyphText/FontText_652F.font.lyn.event
[LYN]	Fonts/build/GlyphText/FontText_77E5.font.lyn.event
[LYN]	Fonts/build/GlyphText/FontText_8102.font.lyn.event
[LYN]	Fonts/build/GlyphText/FontText_4E4B.font.lyn.event
[LYN]	Fonts/build/GlyphText/FontText_7EC7.font.lyn.event
[LYN]	Fonts/build/GlyphText/FontText_804C.font.lyn.event
[LYN]	Fonts/build/GlyphText/FontText_76F4.font.lyn.event
[LYN]	Fonts/build/GlyphText/FontText_690D.font.lyn.event
[LYN]	Fonts/build/GlyphText/FontText_6B96.font.lyn.event
[LYN]	Fonts/build/GlyphText/FontText_6267.font.lyn.event
[LYN]	Fonts/build/GlyphText/FontText_503C.font.lyn.event
[LYN]	Fonts/build/GlyphText/FontText_5740.font.lyn.event
[LYN]	Fonts/build/GlyphText/FontText_6307.font.lyn.event
[LYN]	Fonts/build/GlyphText/FontText_6B62.font.lyn.event
[LYN]	Fonts/build/GlyphText/FontText_8DBE.font.lyn.event
[LYN]	Fonts/build/GlyphText/FontText_53EA.font.lyn.event
[LYN]	Fonts/build/GlyphText/FontText_65E8.font.lyn.event
[LYN]	Fonts/build/GlyphText/FontText_7EB8.font.lyn.event
[LYN]	Fonts/build/GlyphText/FontText_5FD7.font.lyn.event
[LYN]	Fonts/build/GlyphText/FontText_631A.font.lyn.event
[LYN]	Fonts/build/GlyphText/FontText_63B7.font.lyn.event
[LYN]	Fonts/build/GlyphText/FontText_81F3.font.lyn.event
[LYN]	Fonts/build/GlyphText/FontText_81F4.font.lyn.event
[LYN]	Fonts/build/GlyphText/FontText_7F6E.font.lyn.event
[LYN]	Fonts/build/GlyphText/FontText_5236.font.lyn.event
[LYN]	Fonts/build/GlyphText/FontText_667A.font.lyn.event
[LYN]	Fonts/build/GlyphText/FontText_79E9.font.lyn.event
[LYN]	Fonts/build/GlyphText/FontText_7A1A.font.lyn.event
[LYN]	Fonts/build/GlyphText/FontText_8D28.font.lyn.event
[LYN]	Fonts/build/GlyphText/FontText_6CBB.font.lyn.event
[LYN]	Fonts/build/GlyphText/FontText_4E2D.font.lyn.event
[LYN]	Fonts/build/GlyphText/FontText_5FE0.font.lyn.event
[LYN]	Fonts/build/GlyphText/FontText_949F.font.lyn.event
[LYN]	Fonts/build/GlyphText/FontText_8877.font.lyn.event
[LYN]	Fonts/build/GlyphText/FontText_7EC8.font.lyn.event
[LYN]	Fonts/build/GlyphText/FontText_79CD.font.lyn.event
[LYN]	Fonts/build/GlyphText/FontText_91CD.font.lyn.event
[LYN]	Fonts/build/GlyphText/FontText_4F17.font.lyn.event
[LYN]	Fonts/build/GlyphText/FontText_5468.font.lyn.event
[LYN]	Fonts/build/GlyphText/FontText_6D32.font.lyn.event
[LYN]	Fonts/build/GlyphText/FontText_5492.font.lyn.event
[LYN]	Fonts/build/GlyphText/FontText_76B1.font.lyn.event
[LYN]	Fonts/build/GlyphText/FontText_5B99.font.lyn.event
[LYN]	Fonts/build/GlyphText/FontText_663C.font.lyn.event
[LYN]	Fonts/build/GlyphText/FontText_73E0.font.lyn.event
[LYN]	Fonts/build/GlyphText/FontText_6731.font.lyn.event
[LYN]	Fonts/build/GlyphText/FontText_732A.font.lyn.event
[LYN]	Fonts/build/GlyphText/FontText_8BF8.font.lyn.event
[LYN]	Fonts/build/GlyphText/FontText_9010.font.lyn.event
[LYN]	Fonts/build/GlyphText/FontText_7AF9.font.lyn.event
[LYN]	Fonts/build/GlyphText/FontText_5631.font.lyn.event
[LYN]	Fonts/build/GlyphText/FontText_4E3B.font.lyn.event
[LYN]	Fonts/build/GlyphText/FontText_8457.font.lyn.event
[LYN]	Fonts/build/GlyphText/FontText_67F1.font.lyn.event
[LYN]	Fonts/build/GlyphText/FontText_52A9.font.lyn.event
[LYN]	Fonts/build/GlyphText/FontText_4F4F.font.lyn.event
[LYN]	Fonts/build/GlyphText/FontText_6CE8.font.lyn.event
[LYN]	Fonts/build/GlyphText/FontText_795D.font.lyn.event
[LYN]	Fonts/build/GlyphText/FontText_9A7B.font.lyn.event
[LYN]	Fonts/build/GlyphText/FontText_6293.font.lyn.event
[LYN]	Fonts/build/GlyphText/FontText_722A.font.lyn.event
[LYN]	Fonts/build/GlyphText/FontText_62FD.font.lyn.event
[LYN]	Fonts/build/GlyphText/FontText_4E13.font.lyn.event
[LYN]	Fonts/build/GlyphText/FontText_8F6C.font.lyn.event
[LYN]	Fonts/build/GlyphText/FontText_8D5A.font.lyn.event
[LYN]	Fonts/build/GlyphText/FontText_5E84.font.lyn.event
[LYN]	Fonts/build/GlyphText/FontText_88C5.font.lyn.event
[LYN]	Fonts/build/GlyphText/FontText_649E.font.lyn.event
[LYN]	Fonts/build/GlyphText/FontText_58EE.font.lyn.event
[LYN]	Fonts/build/GlyphText/FontText_72B6.font.lyn.event
[LYN]	Fonts/build/GlyphText/FontText_8FFD.font.lyn.event
[LYN]	Fonts/build/GlyphText/FontText_5760.font.lyn.event
[LYN]	Fonts/build/GlyphText/FontText_51C6.font.lyn.event
[LYN]	Fonts/build/GlyphText/FontText_6349.font.lyn.event
[LYN]	Fonts/build/GlyphText/FontText_684C.font.lyn.event
[LYN]	Fonts/build/GlyphText/FontText_7422.font.lyn.event
[LYN]	Fonts/build/GlyphText/FontText_7740.font.lyn.event
[LYN]	Fonts/build/GlyphText/FontText_707C.font.lyn.event
[LYN]	Fonts/build/GlyphText/FontText_5179.font.lyn.event
[LYN]	Fonts/build/GlyphText/FontText_8D44.font.lyn.event
[LYN]	Fonts/build/GlyphText/FontText_59FF.font.lyn.event
[LYN]	Fonts/build/GlyphText/FontText_6ECB.font.lyn.event
[LYN]	Fonts/build/GlyphText/FontText_4ED4.font.lyn.event
[LYN]	Fonts/build/GlyphText/FontText_5B50.font.lyn.event
[LYN]	Fonts/build/GlyphText/FontText_81EA.font.lyn.event
[LYN]	Fonts/build/GlyphText/FontText_5B57.font.lyn.event
[LYN]	Fonts/build/GlyphText/FontText_8E2A.font.lyn.event
[LYN]	Fonts/build/GlyphText/FontText_7EFC.font.lyn.event
[LYN]	Fonts/build/GlyphText/FontText_603B.font.lyn.event
[LYN]	Fonts/build/GlyphText/FontText_7EB5.font.lyn.event
[LYN]	Fonts/build/GlyphText/FontText_8D70.font.lyn.event
[LYN]	Fonts/build/GlyphText/FontText_594F.font.lyn.event
[LYN]	Fonts/build/GlyphText/FontText_63CD.font.lyn.event
[LYN]	Fonts/build/GlyphText/FontText_8DB3.font.lyn.event
[LYN]	Fonts/build/GlyphText/FontText_5352.font.lyn.event
[LYN]	Fonts/build/GlyphText/FontText_65CF.font.lyn.event
[LYN]	Fonts/build/GlyphText/FontText_7956.font.lyn.event
[LYN]	Fonts/build/GlyphText/FontText_8BC5.font.lyn.event
[LYN]	Fonts/build/GlyphText/FontText_963B.font.lyn.event
[LYN]	Fonts/build/GlyphText/FontText_7EC4.font.lyn.event
[LYN]	Fonts/build/GlyphText/FontText_94BB.font.lyn.event
[LYN]	Fonts/build/GlyphText/FontText_5634.font.lyn.event
[LYN]	Fonts/build/GlyphText/FontText_6700.font.lyn.event
[LYN]	Fonts/build/GlyphText/FontText_7F6A.font.lyn.event
[LYN]	Fonts/build/GlyphText/FontText_5C0A.font.lyn.event
[LYN]	Fonts/build/GlyphText/FontText_9075.font.lyn.event
[LYN]	Fonts/build/GlyphText/FontText_6628.font.lyn.event
[LYN]	Fonts/build/GlyphText/FontText_5DE6.font.lyn.event
[LYN]	Fonts/build/GlyphText/FontText_4F50.font.lyn.event
[LYN]	Fonts/build/GlyphText/FontText_505A.font.lyn.event
[LYN]	Fonts/build/GlyphText/FontText_4F5C.font.lyn.event
[LYN]	Fonts/build/GlyphText/FontText_5750.font.lyn.event
[LYN]	Fonts/build/GlyphText/FontText_5EA7.font.lyn.event
[LYN]	Fonts/build/GlyphText/FontText_53AE.font.lyn.event
[LYN]	Fonts/build/GlyphText/FontText_502D.font.lyn.event
[LYN]	Fonts/build/GlyphText/FontText_516E.font.lyn.event
[LYN]	Fonts/build/GlyphText/FontText_4EB5.font.lyn.event
[LYN]	Fonts/build/GlyphText/FontText_7980.font.lyn.event
[LYN]	Fonts/build/GlyphText/FontText_51A5.font.lyn.event
[LYN]	Fonts/build/GlyphText/FontText_8BAA.font.lyn.event
[LYN]	Fonts/build/GlyphText/FontText_8C19.font.lyn.event
[LYN]	Fonts/build/GlyphText/FontText_9631.font.lyn.event
[LYN]	Fonts/build/GlyphText/FontText_90B8.font.lyn.event
[LYN]	Fonts/build/GlyphText/FontText_831C.font.lyn.event
[LYN]	Fonts/build/GlyphText/FontText_8403.font.lyn.event
[LYN]	Fonts/build/GlyphText/FontText_53FD.font.lyn.event
[LYN]	Fonts/build/GlyphText/FontText_53E8.font.lyn.event
[LYN]	Fonts/build/GlyphText/FontText_5416.font.lyn.event
[LYN]	Fonts/build/GlyphText/FontText_5443.font.lyn.event
[LYN]	Fonts/build/GlyphText/FontText_5471.font.lyn.event
[LYN]	Fonts/build/GlyphText/FontText_54A6.font.lyn.event
[LYN]	Fonts/build/GlyphText/FontText_5520.font.lyn.event
[LYN]	Fonts/build/GlyphText/FontText_5514.font.lyn.event
[LYN]	Fonts/build/GlyphText/FontText_5567.font.lyn.event
[LYN]	Fonts/build/GlyphText/FontText_5594.font.lyn.event
[LYN]	Fonts/build/GlyphText/FontText_55E6.font.lyn.event
[LYN]	Fonts/build/GlyphText/FontText_55EF.font.lyn.event
[LYN]	Fonts/build/GlyphText/FontText_5601.font.lyn.event
[LYN]	Fonts/build/GlyphText/FontText_5657.font.lyn.event
[LYN]	Fonts/build/GlyphText/FontText_5E37.font.lyn.event
[LYN]	Fonts/build/GlyphText/FontText_5C9A.font.lyn.event
[LYN]	Fonts/build/GlyphText/FontText_60D8.font.lyn.event
[LYN]	Fonts/build/GlyphText/FontText_6115.font.lyn.event
[LYN]	Fonts/build/GlyphText/FontText_6123.font.lyn.event
[LYN]	Fonts/build/GlyphText/FontText_6C8C.font.lyn.event
[LYN]	Fonts/build/GlyphText/FontText_6E0E.font.lyn.event
[LYN]	Fonts/build/GlyphText/FontText_5F29.font.lyn.event
[LYN]	Fonts/build/GlyphText/FontText_5A05.font.lyn.event
[LYN]	Fonts/build/GlyphText/FontText_7EA3.font.lyn.event
[LYN]	Fonts/build/GlyphText/FontText_7F07.font.lyn.event
[LYN]	Fonts/build/GlyphText/FontText_7F2A.font.lyn.event
[LYN]	Fonts/build/GlyphText/FontText_73C2.font.lyn.event
[LYN]	Fonts/build/GlyphText/FontText_73C0.font.lyn.event
[LYN]	Fonts/build/GlyphText/FontText_67AD.font.lyn.event
[LYN]	Fonts/build/GlyphText/FontText_89CA.font.lyn.event
[LYN]	Fonts/build/GlyphText/FontText_89CE.font.lyn.event
[LYN]	Fonts/build/GlyphText/FontText_6555.font.lyn.event
[LYN]	Fonts/build/GlyphText/FontText_80E7.font.lyn.event
[LYN]	Fonts/build/GlyphText/FontText_6726.font.lyn.event
[LYN]	Fonts/build/GlyphText/FontText_70AB.font.lyn.event
[LYN]	Fonts/build/GlyphText/FontText_6249.font.lyn.event
[LYN]	Fonts/build/GlyphText/FontText_7826.font.lyn.event
[LYN]	Fonts/build/GlyphText/FontText_777F.font.lyn.event
[LYN]	Fonts/build/GlyphText/FontText_7F81.font.lyn.event
[LYN]	Fonts/build/GlyphText/FontText_94E0.font.lyn.event
[LYN]	Fonts/build/GlyphText/FontText_9556.font.lyn.event
[LYN]	Fonts/build/GlyphText/FontText_956F.font.lyn.event
[LYN]	Fonts/build/GlyphText/FontText_9573.font.lyn.event
[LYN]	Fonts/build/GlyphText/FontText_9E6B.font.lyn.event
[LYN]	Fonts/build/GlyphText/FontText_7620.font.lyn.event
[LYN]	Fonts/build/GlyphText/FontText_8654.font.lyn.event
[LYN]	Fonts/build/GlyphText/FontText_871A.font.lyn.event
[LYN]	Fonts/build/GlyphText/FontText_8E42.font.lyn.event
[LYN]	Fonts/build/GlyphText/FontText_8E8F.font.lyn.event
[LYN]	Fonts/build/GlyphText/FontText_96BC.font.lyn.event
[LYN]	Fonts/build/GlyphText/FontText_9B45.font.lyn.event
[LYN]	Fonts/build/GlyphText/FontText_9EBE.font.lyn.event
[LYN]	Fonts/build/GlyphText/FontText_7691.font.lyn.event
[LYN]	Fonts/build/GlyphText/FontText_4FFA.font.lyn.event
[LYN]	Fonts/build/GlyphText/FontText_6602.font.lyn.event
[LYN]	Fonts/build/GlyphText/FontText_71AC.font.lyn.event
[LYN]	Fonts/build/GlyphText/FontText_6252.font.lyn.event
[LYN]	Fonts/build/GlyphText/FontText_75A4.font.lyn.event
[LYN]	Fonts/build/GlyphText/FontText_72C8.font.lyn.event
[LYN]	Fonts/build/GlyphText/FontText_7119.font.lyn.event
[LYN]	Fonts/build/GlyphText/FontText_7EF7.font.lyn.event
[LYN]	Fonts/build/GlyphText/FontText_752D.font.lyn.event
[LYN]	Fonts/build/GlyphText/FontText_6BD9.font.lyn.event
[LYN]	Fonts/build/GlyphText/FontText_75F9.font.lyn.event
[LYN]	Fonts/build/GlyphText/FontText_8F9F.font.lyn.event
[LYN]	Fonts/build/GlyphText/FontText_6241.font.lyn.event
[LYN]	Fonts/build/GlyphText/FontText_8FA9.font.lyn.event
[LYN]	Fonts/build/GlyphText/FontText_4E19.font.lyn.event
[LYN]	Fonts/build/GlyphText/FontText_79C9.font.lyn.event
[LYN]	Fonts/build/GlyphText/FontText_62E8.font.lyn.event
[LYN]	Fonts/build/GlyphText/FontText_818A.font.lyn.event
[LYN]	Fonts/build/GlyphText/FontText_731C.font.lyn.event
[LYN]	Fonts/build/GlyphText/FontText_60ED.font.lyn.event
[LYN]	Fonts/build/GlyphText/FontText_707F.font.lyn.event
[LYN]	Fonts/build/GlyphText/FontText_8231.font.lyn.event
[LYN]	Fonts/build/GlyphText/FontText_4ED3.font.lyn.event
[LYN]	Fonts/build/GlyphText/FontText_518C.font.lyn.event
[LYN]	Fonts/build/GlyphText/FontText_63D2.font.lyn.event
[LYN]	Fonts/build/GlyphText/FontText_62C6.font.lyn.event
[LYN]	Fonts/build/GlyphText/FontText_63BA.font.lyn.event
[LYN]	Fonts/build/GlyphText/FontText_7316.font.lyn.event
[LYN]	Fonts/build/GlyphText/FontText_655E.font.lyn.event
[LYN]	Fonts/build/GlyphText/FontText_5632.font.lyn.event
[LYN]	Fonts/build/GlyphText/FontText_7092.font.lyn.event
[LYN]	Fonts/build/GlyphText/FontText_6F88.font.lyn.event
[LYN]	Fonts/build/GlyphText/FontText_6668.font.lyn.event
[LYN]	Fonts/build/GlyphText/FontText_5FF1.font.lyn.event
[LYN]	Fonts/build/GlyphText/FontText_9648.font.lyn.event
[LYN]	Fonts/build/GlyphText/FontText_886C.font.lyn.event
[LYN]	Fonts/build/GlyphText/FontText_9F7F.font.lyn.event
[LYN]	Fonts/build/GlyphText/FontText_4F88.font.lyn.event
[LYN]	Fonts/build/GlyphText/FontText_866B.font.lyn.event
[LYN]	Fonts/build/GlyphText/FontText_5D07.font.lyn.event
[LYN]	Fonts/build/GlyphText/FontText_62BD.font.lyn.event
[LYN]	Fonts/build/GlyphText/FontText_7B79.font.lyn.event
[LYN]	Fonts/build/GlyphText/FontText_78BA.font.lyn.event
[LYN]	Fonts/build/GlyphText/FontText_63E3.font.lyn.event
[LYN]	Fonts/build/GlyphText/FontText_75AE.font.lyn.event
[LYN]	Fonts/build/GlyphText/FontText_5507.font.lyn.event
[LYN]	Fonts/build/GlyphText/FontText_6376.font.lyn.event
[LYN]	Fonts/build/GlyphText/FontText_7EF0.font.lyn.event
[LYN]	Fonts/build/GlyphText/FontText_4E1B.font.lyn.event
[LYN]	Fonts/build/GlyphText/FontText_51D1.font.lyn.event
[LYN]	Fonts/build/GlyphText/FontText_4FC3.font.lyn.event
[LYN]	Fonts/build/GlyphText/FontText_7BE1.font.lyn.event
[LYN]	Fonts/build/GlyphText/FontText_50AC.font.lyn.event
[LYN]	Fonts/build/GlyphText/FontText_63AA.font.lyn.event
[LYN]	Fonts/build/GlyphText/FontText_803D.font.lyn.event
[LYN]	Fonts/build/GlyphText/FontText_4E39.font.lyn.event
[LYN]	Fonts/build/GlyphText/FontText_5F39.font.lyn.event
[LYN]	Fonts/build/GlyphText/FontText_60BC.font.lyn.event
[LYN]	Fonts/build/GlyphText/FontText_6EF4.font.lyn.event
[LYN]	Fonts/build/GlyphText/FontText_7B1B.font.lyn.event
[LYN]	Fonts/build/GlyphText/FontText_5E1D.font.lyn.event
[LYN]	Fonts/build/GlyphText/FontText_5178.font.lyn.event
[LYN]	Fonts/build/GlyphText/FontText_60E6.font.lyn.event
[LYN]	Fonts/build/GlyphText/FontText_5960.font.lyn.event
[LYN]	Fonts/build/GlyphText/FontText_7239.font.lyn.event
[LYN]	Fonts/build/GlyphText/FontText_53E0.font.lyn.event
[LYN]	Fonts/build/GlyphText/FontText_4E01.font.lyn.event
[LYN]	Fonts/build/GlyphText/FontText_53EE.font.lyn.event
[LYN]	Fonts/build/GlyphText/FontText_680B.font.lyn.event
[LYN]	Fonts/build/GlyphText/FontText_7779.font.lyn.event
[LYN]	Fonts/build/GlyphText/FontText_9661.font.lyn.event
[LYN]	Fonts/build/GlyphText/FontText_54C6.font.lyn.event
[LYN]	Fonts/build/GlyphText/FontText_5241.font.lyn.event
[LYN]	Fonts/build/GlyphText/FontText_989D.font.lyn.event
[LYN]	Fonts/build/GlyphText/FontText_904F.font.lyn.event
[LYN]	Fonts/build/GlyphText/FontText_9975.font.lyn.event
[LYN]	Fonts/build/GlyphText/FontText_4E4F.font.lyn.event
[LYN]	Fonts/build/GlyphText/FontText_5E06.font.lyn.event
[LYN]	Fonts/build/GlyphText/FontText_6CDB.font.lyn.event
[LYN]	Fonts/build/GlyphText/FontText_80A5.font.lyn.event
[LYN]	Fonts/build/GlyphText/FontText_80BA.font.lyn.event
[LYN]	Fonts/build/GlyphText/FontText_7EB7.font.lyn.event
[LYN]	Fonts/build/GlyphText/FontText_575F.font.lyn.event
[LYN]	Fonts/build/GlyphText/FontText_711A.font.lyn.event
[LYN]	Fonts/build/GlyphText/FontText_8702.font.lyn.event
[LYN]	Fonts/build/GlyphText/FontText_5CF0.font.lyn.event
[LYN]	Fonts/build/GlyphText/FontText_4F5B.font.lyn.event
[LYN]	Fonts/build/GlyphText/FontText_6577.font.lyn.event
[LYN]	Fonts/build/GlyphText/FontText_88B1.font.lyn.event
[LYN]	Fonts/build/GlyphText/FontText_5085.font.lyn.event
[LYN]	Fonts/build/GlyphText/FontText_8179.font.lyn.event
[LYN]	Fonts/build/GlyphText/FontText_560E.font.lyn.event
[LYN]	Fonts/build/GlyphText/FontText_809D.font.lyn.event
[LYN]	Fonts/build/GlyphText/FontText_5C97.font.lyn.event
[LYN]	Fonts/build/GlyphText/FontText_6E2F.font.lyn.event
[LYN]	Fonts/build/GlyphText/FontText_6401.font.lyn.event
[LYN]	Fonts/build/GlyphText/FontText_80F3.font.lyn.event
[LYN]	Fonts/build/GlyphText/FontText_5272.font.lyn.event
[LYN]	Fonts/build/GlyphText/FontText_7FB9.font.lyn.event
[LYN]	Fonts/build/GlyphText/FontText_6897.font.lyn.event
[LYN]	Fonts/build/GlyphText/FontText_94A9.font.lyn.event
[LYN]	Fonts/build/GlyphText/FontText_6C9F.font.lyn.event
[LYN]	Fonts/build/GlyphText/FontText_82DF.font.lyn.event
[LYN]	Fonts/build/GlyphText/FontText_5495.font.lyn.event
[LYN]	Fonts/build/GlyphText/FontText_5BE1.font.lyn.event
[LYN]	Fonts/build/GlyphText/FontText_62D0.font.lyn.event
[LYN]	Fonts/build/GlyphText/FontText_901B.font.lyn.event
[LYN]	Fonts/build/GlyphText/FontText_95FA.font.lyn.event
[LYN]	Fonts/build/GlyphText/FontText_8DEA.font.lyn.event
[LYN]	Fonts/build/GlyphText/FontText_68CD.font.lyn.event
[LYN]	Fonts/build/GlyphText/FontText_9505.font.lyn.event
[LYN]	Fonts/build/GlyphText/FontText_9AB8.font.lyn.event
[LYN]	Fonts/build/GlyphText/FontText_9163.font.lyn.event
[LYN]	Fonts/build/GlyphText/FontText_79BE.font.lyn.event
[LYN]	Fonts/build/GlyphText/FontText_8C89.font.lyn.event
[LYN]	Fonts/build/GlyphText/FontText_54C4.font.lyn.event
[LYN]	Fonts/build/GlyphText/FontText_70D8.font.lyn.event
[LYN]	Fonts/build/GlyphText/FontText_5589.font.lyn.event
[LYN]	Fonts/build/GlyphText/FontText_72D0.font.lyn.event
[LYN]	Fonts/build/GlyphText/FontText_552C.font.lyn.event
[LYN]	Fonts/build/GlyphText/FontText_54D7.font.lyn.event
[LYN]	Fonts/build/GlyphText/FontText_6ED1.font.lyn.event
[LYN]	Fonts/build/GlyphText/FontText_8BB3.font.lyn.event
[LYN]	Fonts/build/GlyphText/FontText_6D51.font.lyn.event
[LYN]	Fonts/build/GlyphText/FontText_8C41.font.lyn.event
[LYN]	Fonts/build/GlyphText/FontText_970D.font.lyn.event
[LYN]	Fonts/build/GlyphText/FontText_7A3D.font.lyn.event
[LYN]	Fonts/build/GlyphText/FontText_8F91.font.lyn.event
[LYN]	Fonts/build/GlyphText/FontText_6324.font.lyn.event
[LYN]	Fonts/build/GlyphText/FontText_5B63.font.lyn.event
[LYN]	Fonts/build/GlyphText/FontText_5FCC.font.lyn.event
[LYN]	Fonts/build/GlyphText/FontText_8D3E.font.lyn.event
[LYN]	Fonts/build/GlyphText/FontText_714E.font.lyn.event
[LYN]	Fonts/build/GlyphText/FontText_68C0.font.lyn.event
[LYN]	Fonts/build/GlyphText/FontText_62E3.font.lyn.event
[LYN]	Fonts/build/GlyphText/FontText_4FED.font.lyn.event
[LYN]	Fonts/build/GlyphText/FontText_8DF5.font.lyn.event
[LYN]	Fonts/build/GlyphText/FontText_7D50.font.lyn.event
[LYN]	Fonts/build/GlyphText/FontText_8230.font.lyn.event
[LYN]	Fonts/build/GlyphText/FontText_50F5.font.lyn.event
[LYN]	Fonts/build/GlyphText/FontText_6D46.font.lyn.event
[LYN]	Fonts/build/GlyphText/FontText_6868.font.lyn.event
[LYN]	Fonts/build/GlyphText/FontText_9171.font.lyn.event
[LYN]	Fonts/build/GlyphText/FontText_7EDE.font.lyn.event
[LYN]	Fonts/build/GlyphText/FontText_63ED.font.lyn.event
[LYN]	Fonts/build/GlyphText/FontText_8857.font.lyn.event
[LYN]	Fonts/build/GlyphText/FontText_622A.font.lyn.event
[LYN]	Fonts/build/GlyphText/FontText_7B4B.font.lyn.event
[LYN]	Fonts/build/GlyphText/FontText_9526.font.lyn.event
[LYN]	Fonts/build/GlyphText/FontText_8346.font.lyn.event
[LYN]	Fonts/build/GlyphText/FontText_6676.font.lyn.event
[LYN]	Fonts/build/GlyphText/FontText_9888.font.lyn.event
[LYN]	Fonts/build/GlyphText/FontText_5F84.font.lyn.event
[LYN]	Fonts/build/GlyphText/FontText_53A9.font.lyn.event
[LYN]	Fonts/build/GlyphText/FontText_759A.font.lyn.event
[LYN]	Fonts/build/GlyphText/FontText_4FF1.font.lyn.event
[LYN]	Fonts/build/GlyphText/FontText_6350.font.lyn.event
[LYN]	Fonts/build/GlyphText/FontText_6398.font.lyn.event
[LYN]	Fonts/build/GlyphText/FontText_5014.font.lyn.event
[LYN]	Fonts/build/GlyphText/FontText_94A7.font.lyn.event
[LYN]	Fonts/build/GlyphText/FontText_5580.font.lyn.event
[LYN]	Fonts/build/GlyphText/FontText_6177.font.lyn.event
[LYN]	Fonts/build/GlyphText/FontText_625B.font.lyn.event
[LYN]	Fonts/build/GlyphText/FontText_70E4.font.lyn.event
[LYN]	Fonts/build/GlyphText/FontText_58F3.font.lyn.event
[LYN]	Fonts/build/GlyphText/FontText_6E34.font.lyn.event
[LYN]	Fonts/build/GlyphText/FontText_57AE.font.lyn.event
[LYN]	Fonts/build/GlyphText/FontText_8DE8.font.lyn.event
[LYN]	Fonts/build/GlyphText/FontText_6B3E.font.lyn.event
[LYN]	Fonts/build/GlyphText/FontText_6846.font.lyn.event
[LYN]	Fonts/build/GlyphText/FontText_65F7.font.lyn.event
[LYN]	Fonts/build/GlyphText/FontText_5A6A.font.lyn.event
[LYN]	Fonts/build/GlyphText/FontText_635E.font.lyn.event
[LYN]	Fonts/build/GlyphText/FontText_62E6.font.lyn.event
[LYN]	Fonts/build/GlyphText/FontText_808B.font.lyn.event
[LYN]	Fonts/build/GlyphText/FontText_9ECE.font.lyn.event
[LYN]	Fonts/build/GlyphText/FontText_7BF1.font.lyn.event
[LYN]	Fonts/build/GlyphText/FontText_72F8.font.lyn.event
[LYN]	Fonts/build/GlyphText/FontText_674E.font.lyn.event
[LYN]	Fonts/build/GlyphText/FontText_6F13.font.lyn.event
[LYN]	Fonts/build/GlyphText/FontText_6817.font.lyn.event
[LYN]	Fonts/build/GlyphText/FontText_5EC9.font.lyn.event
[LYN]	Fonts/build/GlyphText/FontText_655B.font.lyn.event
[LYN]	Fonts/build/GlyphText/FontText_6482.font.lyn.event
[LYN]	Fonts/build/GlyphText/FontText_7433.font.lyn.event
[LYN]	Fonts/build/GlyphText/FontText_6DCB.font.lyn.event
[LYN]	Fonts/build/GlyphText/FontText_62CE.font.lyn.event
[LYN]	Fonts/build/GlyphText/FontText_9675.font.lyn.event
[LYN]	Fonts/build/GlyphText/FontText_5499.font.lyn.event
[LYN]	Fonts/build/GlyphText/FontText_62E2.font.lyn.event
[LYN]	Fonts/build/GlyphText/FontText_7089.font.lyn.event
[LYN]	Fonts/build/GlyphText/FontText_63B3.font.lyn.event
[LYN]	Fonts/build/GlyphText/FontText_788C.font.lyn.event
[LYN]	Fonts/build/GlyphText/FontText_622E.font.lyn.event
[LYN]	Fonts/build/GlyphText/FontText_9A74.font.lyn.event
[LYN]	Fonts/build/GlyphText/FontText_63A0.font.lyn.event
[LYN]	Fonts/build/GlyphText/FontText_841D.font.lyn.event
[LYN]	Fonts/build/GlyphText/FontText_903B.font.lyn.event
[LYN]	Fonts/build/GlyphText/FontText_9AA1.font.lyn.event
[LYN]	Fonts/build/GlyphText/FontText_9992.font.lyn.event
[LYN]	Fonts/build/GlyphText/FontText_66FC.font.lyn.event
[LYN]	Fonts/build/GlyphText/FontText_77DB.font.lyn.event
[LYN]	Fonts/build/GlyphText/FontText_8D38.font.lyn.event
[LYN]	Fonts/build/GlyphText/FontText_679A.font.lyn.event
[LYN]	Fonts/build/GlyphText/FontText_5BD0.font.lyn.event
[LYN]	Fonts/build/GlyphText/FontText_772F.font.lyn.event
[LYN]	Fonts/build/GlyphText/FontText_89C5.font.lyn.event
[LYN]	Fonts/build/GlyphText/FontText_871C.font.lyn.event
[LYN]	Fonts/build/GlyphText/FontText_7EF5.font.lyn.event
[LYN]	Fonts/build/GlyphText/FontText_79D2.font.lyn.event
[LYN]	Fonts/build/GlyphText/FontText_8511.font.lyn.event
[LYN]	Fonts/build/GlyphText/FontText_62BF.font.lyn.event
[LYN]	Fonts/build/GlyphText/FontText_60AF.font.lyn.event
[LYN]	Fonts/build/GlyphText/FontText_9E23.font.lyn.event
[LYN]	Fonts/build/GlyphText/FontText_94ED.font.lyn.event
[LYN]	Fonts/build/GlyphText/FontText_6469.font.lyn.event
[LYN]	Fonts/build/GlyphText/FontText_5893.font.lyn.event
[LYN]	Fonts/build/GlyphText/FontText_52DF.font.lyn.event
[LYN]	Fonts/build/GlyphText/FontText_5450.font.lyn.event
[LYN]	Fonts/build/GlyphText/FontText_4E43.font.lyn.event
[LYN]	Fonts/build/GlyphText/FontText_56CA.font.lyn.event
[LYN]	Fonts/build/GlyphText/FontText_9981.font.lyn.event
[LYN]	Fonts/build/GlyphText/FontText_817B.font.lyn.event
[LYN]	Fonts/build/GlyphText/FontText_9006.font.lyn.event
[LYN]	Fonts/build/GlyphText/FontText_6EBA.font.lyn.event
[LYN]	Fonts/build/GlyphText/FontText_634F.font.lyn.event
[LYN]	Fonts/build/GlyphText/FontText_5B7D.font.lyn.event
[LYN]	Fonts/build/GlyphText/FontText_6BB4.font.lyn.event
[LYN]	Fonts/build/GlyphText/FontText_556A.font.lyn.event
[LYN]	Fonts/build/GlyphText/FontText_8DB4.font.lyn.event
[LYN]	Fonts/build/GlyphText/FontText_5E15.font.lyn.event
[LYN]	Fonts/build/GlyphText/FontText_5486.font.lyn.event
[LYN]	Fonts/build/GlyphText/FontText_70AE.font.lyn.event
[LYN]	Fonts/build/GlyphText/FontText_6C9B.font.lyn.event
[LYN]	Fonts/build/GlyphText/FontText_7BF7.font.lyn.event
[LYN]	Fonts/build/GlyphText/FontText_5288.font.lyn.event
[LYN]	Fonts/build/GlyphText/FontText_8B6C.font.lyn.event
[LYN]	Fonts/build/GlyphText/FontText_7BC7.font.lyn.event
[LYN]	Fonts/build/GlyphText/FontText_7968.font.lyn.event
[LYN]	Fonts/build/GlyphText/FontText_6487.font.lyn.event
[LYN]	Fonts/build/GlyphText/FontText_82F9.font.lyn.event
[LYN]	Fonts/build/GlyphText/FontText_840D.font.lyn.event
[LYN]	Fonts/build/GlyphText/FontText_9887.font.lyn.event
[LYN]	Fonts/build/GlyphText/FontText_83E9.font.lyn.event
[LYN]	Fonts/build/GlyphText/FontText_8C31.font.lyn.event
[LYN]	Fonts/build/GlyphText/FontText_621A.font.lyn.event
[LYN]	Fonts/build/GlyphText/FontText_51C4.font.lyn.event
[LYN]	Fonts/build/GlyphText/FontText_6B67.font.lyn.event
[LYN]	Fonts/build/GlyphText/FontText_65D7.font.lyn.event
[LYN]	Fonts/build/GlyphText/FontText_4F01.font.lyn.event
[LYN]	Fonts/build/GlyphText/FontText_6070.font.lyn.event
[LYN]	Fonts/build/GlyphText/FontText_6D3D.font.lyn.event
[LYN]	Fonts/build/GlyphText/FontText_545B.font.lyn.event
[LYN]	Fonts/build/GlyphText/FontText_4E54.font.lyn.event
[LYN]	Fonts/build/GlyphText/FontText_9798.font.lyn.event
[LYN]	Fonts/build/GlyphText/FontText_5CED.font.lyn.event
[LYN]	Fonts/build/GlyphText/FontText_7A83.font.lyn.event
[LYN]	Fonts/build/GlyphText/FontText_94A6.font.lyn.event
[LYN]	Fonts/build/GlyphText/FontText_64D2.font.lyn.event
[LYN]	Fonts/build/GlyphText/FontText_79BD.font.lyn.event
[LYN]	Fonts/build/GlyphText/FontText_79CB.font.lyn.event
[LYN]	Fonts/build/GlyphText/FontText_4E18.font.lyn.event
[LYN]	Fonts/build/GlyphText/FontText_7403.font.lyn.event
[LYN]	Fonts/build/GlyphText/FontText_8D8B.font.lyn.event
[LYN]	Fonts/build/GlyphText/FontText_6CC9.font.lyn.event
[LYN]	Fonts/build/GlyphText/FontText_72AC.font.lyn.event
[LYN]	Fonts/build/GlyphText/FontText_67D3.font.lyn.event
[LYN]	Fonts/build/GlyphText/FontText_58E4.font.lyn.event
[LYN]	Fonts/build/GlyphText/FontText_6EB6.font.lyn.event
[LYN]	Fonts/build/GlyphText/FontText_6851.font.lyn.event
[LYN]	Fonts/build/GlyphText/FontText_745F.font.lyn.event
[LYN]	Fonts/build/GlyphText/FontText_838E.font.lyn.event
[LYN]	Fonts/build/GlyphText/FontText_7802.font.lyn.event
[LYN]	Fonts/build/GlyphText/FontText_715E.font.lyn.event
[LYN]	Fonts/build/GlyphText/FontText_6652.font.lyn.event
[LYN]	Fonts/build/GlyphText/FontText_717D.font.lyn.event
[LYN]	Fonts/build/GlyphText/FontText_6247.font.lyn.event
[LYN]	Fonts/build/GlyphText/FontText_634E.font.lyn.event
[LYN]	Fonts/build/GlyphText/FontText_5962.font.lyn.event
[LYN]	Fonts/build/GlyphText/FontText_8D66.font.lyn.event
[LYN]	Fonts/build/GlyphText/FontText_6444.font.lyn.event
[LYN]	Fonts/build/GlyphText/FontText_793E.font.lyn.event
[LYN]	Fonts/build/GlyphText/FontText_7533.font.lyn.event
[LYN]	Fonts/build/GlyphText/FontText_6E17.font.lyn.event
[LYN]	Fonts/build/GlyphText/FontText_7525.font.lyn.event
[LYN]	Fonts/build/GlyphText/FontText_7EF3.font.lyn.event
[LYN]	Fonts/build/GlyphText/FontText_8680.font.lyn.event
[LYN]	Fonts/build/GlyphText/FontText_67FF.font.lyn.event
[LYN]	Fonts/build/GlyphText/FontText_4ED5.font.lyn.event
[LYN]	Fonts/build/GlyphText/FontText_552E.font.lyn.event
[LYN]	Fonts/build/GlyphText/FontText_7626.font.lyn.event
[LYN]	Fonts/build/GlyphText/FontText_517D.font.lyn.event
[LYN]	Fonts/build/GlyphText/FontText_5B70.font.lyn.event
[LYN]	Fonts/build/GlyphText/FontText_7AD6.font.lyn.event
[LYN]	Fonts/build/GlyphText/FontText_77AC.font.lyn.event
[LYN]	Fonts/build/GlyphText/FontText_7855.font.lyn.event
[LYN]	Fonts/build/GlyphText/FontText_70C1.font.lyn.event
[LYN]	Fonts/build/GlyphText/FontText_6002.font.lyn.event
[LYN]	Fonts/build/GlyphText/FontText_9882.font.lyn.event
[LYN]	Fonts/build/GlyphText/FontText_8BF5.font.lyn.event
[LYN]	Fonts/build/GlyphText/FontText_8E4B.font.lyn.event
[LYN]	Fonts/build/GlyphText/FontText_6BEF.font.lyn.event
[LYN]	Fonts/build/GlyphText/FontText_8EBA.font.lyn.event
[LYN]	Fonts/build/GlyphText/FontText_6DCC.font.lyn.event
[LYN]	Fonts/build/GlyphText/FontText_70EB.font.lyn.event
[LYN]	Fonts/build/GlyphText/FontText_638F.font.lyn.event
[LYN]	Fonts/build/GlyphText/FontText_9676.font.lyn.event
[LYN]	Fonts/build/GlyphText/FontText_5254.font.lyn.event
[LYN]	Fonts/build/GlyphText/FontText_8E22.font.lyn.event
[LYN]	Fonts/build/GlyphText/FontText_557C.font.lyn.event
[LYN]	Fonts/build/GlyphText/FontText_6D95.font.lyn.event
[LYN]	Fonts/build/GlyphText/FontText_586B.font.lyn.event
[LYN]	Fonts/build/GlyphText/FontText_606C.font.lyn.event
[LYN]	Fonts/build/GlyphText/FontText_773A.font.lyn.event
[LYN]	Fonts/build/GlyphText/FontText_77B3.font.lyn.event
[LYN]	Fonts/build/GlyphText/FontText_7AE5.font.lyn.event
[LYN]	Fonts/build/GlyphText/FontText_79C3.font.lyn.event
[LYN]	Fonts/build/GlyphText/FontText_5C60.font.lyn.event
[LYN]	Fonts/build/GlyphText/FontText_5154.font.lyn.event
[LYN]	Fonts/build/GlyphText/FontText_59A5.font.lyn.event
[LYN]	Fonts/build/GlyphText/FontText_4E38.font.lyn.event
[LYN]	Fonts/build/GlyphText/FontText_6845.font.lyn.event
[LYN]	Fonts/build/GlyphText/FontText_60DF.font.lyn.event
[LYN]	Fonts/build/GlyphText/FontText_4F2A.font.lyn.event
[LYN]	Fonts/build/GlyphText/FontText_6170.font.lyn.event
[LYN]	Fonts/build/GlyphText/FontText_761F.font.lyn.event
[LYN]	Fonts/build/GlyphText/FontText_6DA1.font.lyn.event
[LYN]	Fonts/build/GlyphText/FontText_543E.font.lyn.event
[LYN]	Fonts/build/GlyphText/FontText_6614.font.lyn.event
[LYN]	Fonts/build/GlyphText/FontText_6790.font.lyn.event
[LYN]	Fonts/build/GlyphText/FontText_6670.font.lyn.event
[LYN]	Fonts/build/GlyphText/FontText_563B.font.lyn.event
[LYN]	Fonts/build/GlyphText/FontText_7A00.font.lyn.event
[LYN]	Fonts/build/GlyphText/FontText_819D.font.lyn.event
[LYN]	Fonts/build/GlyphText/FontText_867E.font.lyn.event
[LYN]	Fonts/build/GlyphText/FontText_6687.font.lyn.event
[LYN]	Fonts/build/GlyphText/FontText_7EA4.font.lyn.event
[LYN]	Fonts/build/GlyphText/FontText_54B8.font.lyn.event
[LYN]	Fonts/build/GlyphText/FontText_8854.font.lyn.event
[LYN]	Fonts/build/GlyphText/FontText_8237.font.lyn.event
[LYN]	Fonts/build/GlyphText/FontText_5DF7.font.lyn.event
[LYN]	Fonts/build/GlyphText/FontText_54EE.font.lyn.event
[LYN]	Fonts/build/GlyphText/FontText_8096.font.lyn.event
[LYN]	Fonts/build/GlyphText/FontText_6B47.font.lyn.event
[LYN]	Fonts/build/GlyphText/FontText_631F.font.lyn.event
[LYN]	Fonts/build/GlyphText/FontText_87F9.font.lyn.event
[LYN]	Fonts/build/GlyphText/FontText_85AA.font.lyn.event
[LYN]	Fonts/build/GlyphText/FontText_60FA.font.lyn.event
[LYN]	Fonts/build/GlyphText/FontText_5211.font.lyn.event
[LYN]	Fonts/build/GlyphText/FontText_55C5.font.lyn.event
[LYN]	Fonts/build/GlyphText/FontText_9508.font.lyn.event
[LYN]	Fonts/build/GlyphText/FontText_53D9.font.lyn.event
[LYN]	Fonts/build/GlyphText/FontText_6064.font.lyn.event
[LYN]	Fonts/build/GlyphText/FontText_7384.font.lyn.event
[LYN]	Fonts/build/GlyphText/FontText_7729.font.lyn.event
[LYN]	Fonts/build/GlyphText/FontText_7A74.font.lyn.event
[LYN]	Fonts/build/GlyphText/FontText_900A.font.lyn.event
[LYN]	Fonts/build/GlyphText/FontText_7109.font.lyn.event
[LYN]	Fonts/build/GlyphText/FontText_54BD.font.lyn.event
[LYN]	Fonts/build/GlyphText/FontText_5944.font.lyn.event
[LYN]	Fonts/build/GlyphText/FontText_6768.font.lyn.event
[LYN]	Fonts/build/GlyphText/FontText_54AC.font.lyn.event
[LYN]	Fonts/build/GlyphText/FontText_8036.font.lyn.event
[LYN]	Fonts/build/GlyphText/FontText_9875.font.lyn.event
[LYN]	Fonts/build/GlyphText/FontText_814B.font.lyn.event
[LYN]	Fonts/build/GlyphText/FontText_6905.font.lyn.event
[LYN]	Fonts/build/GlyphText/FontText_4EBF.font.lyn.event
[LYN]	Fonts/build/GlyphText/FontText_6BC5.font.lyn.event
[LYN]	Fonts/build/GlyphText/FontText_6EA2.font.lyn.event
[LYN]	Fonts/build/GlyphText/FontText_9E70.font.lyn.event
[LYN]	Fonts/build/GlyphText/FontText_996E.font.lyn.event
[LYN]	Fonts/build/GlyphText/FontText_548F.font.lyn.event
[LYN]	Fonts/build/GlyphText/FontText_6CF3.font.lyn.event
[LYN]	Fonts/build/GlyphText/FontText_6D8C.font.lyn.event
[LYN]	Fonts/build/GlyphText/FontText_607F.font.lyn.event
[LYN]	Fonts/build/GlyphText/FontText_903E.font.lyn.event
[LYN]	Fonts/build/GlyphText/FontText_5401.font.lyn.event
[LYN]	Fonts/build/GlyphText/FontText_5706.font.lyn.event
[LYN]	Fonts/build/GlyphText/FontText_8574.font.lyn.event
[LYN]	Fonts/build/GlyphText/FontText_97F5.font.lyn.event
[LYN]	Fonts/build/GlyphText/FontText_54B1.font.lyn.event
[LYN]	Fonts/build/GlyphText/FontText_846C.font.lyn.event
[LYN]	Fonts/build/GlyphText/FontText_51FF.font.lyn.event
[LYN]	Fonts/build/GlyphText/FontText_8E81.font.lyn.event
[LYN]	Fonts/build/GlyphText/FontText_71E5.font.lyn.event
[LYN]	Fonts/build/GlyphText/FontText_70B8.font.lyn.event
[LYN]	Fonts/build/GlyphText/FontText_8BC8.font.lyn.event
[LYN]	Fonts/build/GlyphText/FontText_8D26.font.lyn.event
[LYN]	Fonts/build/GlyphText/FontText_662D.font.lyn.event
[LYN]	Fonts/build/GlyphText/FontText_6CBC.font.lyn.event
[LYN]	Fonts/build/GlyphText/FontText_7F69.font.lyn.event
[LYN]	Fonts/build/GlyphText/FontText_8F99.font.lyn.event
[LYN]	Fonts/build/GlyphText/FontText_659F.font.lyn.event
[LYN]	Fonts/build/GlyphText/FontText_6795.font.lyn.event
[LYN]	Fonts/build/GlyphText/FontText_5431.font.lyn.event
[LYN]	Fonts/build/GlyphText/FontText_5E1C.font.lyn.event
[LYN]	Fonts/build/GlyphText/FontText_5CD9.font.lyn.event
[LYN]	Fonts/build/GlyphText/FontText_821F.font.lyn.event
[LYN]	Fonts/build/GlyphText/FontText_9AA4.font.lyn.event
[LYN]	Fonts/build/GlyphText/FontText_682A.font.lyn.event
[LYN]	Fonts/build/GlyphText/FontText_77A9.font.lyn.event
[LYN]	Fonts/build/GlyphText/FontText_7B51.font.lyn.event
[LYN]	Fonts/build/GlyphText/FontText_64B0.font.lyn.event
[LYN]	Fonts/build/GlyphText/FontText_6869.font.lyn.event
[LYN]	Fonts/build/GlyphText/FontText_5986.font.lyn.event
[LYN]	Fonts/build/GlyphText/FontText_8D58.font.lyn.event
[LYN]	Fonts/build/GlyphText/FontText_7F00.font.lyn.event
[LYN]	Fonts/build/GlyphText/FontText_5353.font.lyn.event
[LYN]	Fonts/build/GlyphText/FontText_6D4A.font.lyn.event
[LYN]	Fonts/build/GlyphText/FontText_7D2B.font.lyn.event
[LYN]	Fonts/build/GlyphText/FontText_6ED3.font.lyn.event
[LYN]	Fonts/build/GlyphText/FontText_5B97.font.lyn.event
[LYN]	Fonts/build/GlyphText/FontText_9189.font.lyn.event
[LYN]	Fonts/build/GlyphText/FontText_4E98.font.lyn.event
[LYN]	Fonts/build/GlyphText/FontText_53F5.font.lyn.event
[LYN]	Fonts/build/GlyphText/FontText_4F7B.font.lyn.event
[LYN]	Fonts/build/GlyphText/FontText_7FB8.font.lyn.event
[LYN]	Fonts/build/GlyphText/FontText_8BA7.font.lyn.event
[LYN]	Fonts/build/GlyphText/FontText_8C12.font.lyn.event
[LYN]	Fonts/build/GlyphText/FontText_8C15.font.lyn.event
[LYN]	Fonts/build/GlyphText/FontText_99A8.font.lyn.event
[LYN]	Fonts/build/GlyphText/FontText_8299.font.lyn.event
[LYN]	Fonts/build/GlyphText/FontText_595A.font.lyn.event
[LYN]	Fonts/build/GlyphText/FontText_62D7.font.lyn.event
[LYN]	Fonts/build/GlyphText/FontText_636D.font.lyn.event
[LYN]	Fonts/build/GlyphText/FontText_5F11.font.lyn.event
[LYN]	Fonts/build/GlyphText/FontText_53F1.font.lyn.event
[LYN]	Fonts/build/GlyphText/FontText_544B.font.lyn.event
[LYN]	Fonts/build/GlyphText/FontText_5494.font.lyn.event
[LYN]	Fonts/build/GlyphText/FontText_549D.font.lyn.event
[LYN]	Fonts/build/GlyphText/FontText_54A7.font.lyn.event
[LYN]	Fonts/build/GlyphText/FontText_54E7.font.lyn.event
[LYN]	Fonts/build/GlyphText/FontText_5527.font.lyn.event
[LYN]	Fonts/build/GlyphText/FontText_5537.font.lyn.event
[LYN]	Fonts/build/GlyphText/FontText_557E.font.lyn.event
[LYN]	Fonts/build/GlyphText/FontText_55BD.font.lyn.event
[LYN]	Fonts/build/GlyphText/FontText_55F7.font.lyn.event
[LYN]	Fonts/build/GlyphText/FontText_561F.font.lyn.event
[LYN]	Fonts/build/GlyphText/FontText_55EC.font.lyn.event
[LYN]	Fonts/build/GlyphText/FontText_55E8.font.lyn.event
[LYN]	Fonts/build/GlyphText/FontText_55E4.font.lyn.event
[LYN]	Fonts/build/GlyphText/FontText_5608.font.lyn.event
[LYN]	Fonts/build/GlyphText/FontText_5623.font.lyn.event
[LYN]	Fonts/build/GlyphText/FontText_5600.font.lyn.event
[LYN]	Fonts/build/GlyphText/FontText_5662.font.lyn.event
[LYN]	Fonts/build/GlyphText/FontText_565C.font.lyn.event
[LYN]	Fonts/build/GlyphText/FontText_56AF.font.lyn.event
[LYN]	Fonts/build/GlyphText/FontText_56D4.font.lyn.event
[LYN]	Fonts/build/GlyphText/FontText_56F5.font.lyn.event
[LYN]	Fonts/build/GlyphText/FontText_56EB.font.lyn.event
[LYN]	Fonts/build/GlyphText/FontText_5D3D.font.lyn.event
[LYN]	Fonts/build/GlyphText/FontText_5F77.font.lyn.event
[LYN]	Fonts/build/GlyphText/FontText_5FA8.font.lyn.event
[LYN]	Fonts/build/GlyphText/FontText_72E9.font.lyn.event
[LYN]	Fonts/build/GlyphText/FontText_731D.font.lyn.event
[LYN]	Fonts/build/GlyphText/FontText_9977.font.lyn.event
[LYN]	Fonts/build/GlyphText/FontText_5FCF.font.lyn.event
[LYN]	Fonts/build/GlyphText/FontText_60EC.font.lyn.event
[LYN]	Fonts/build/GlyphText/FontText_60B4.font.lyn.event
[LYN]	Fonts/build/GlyphText/FontText_6194.font.lyn.event
[LYN]	Fonts/build/GlyphText/FontText_9616.font.lyn.event
[LYN]	Fonts/build/GlyphText/FontText_6D4F.font.lyn.event
[LYN]	Fonts/build/GlyphText/FontText_6F29.font.lyn.event
[LYN]	Fonts/build/GlyphText/FontText_8FE6.font.lyn.event
[LYN]	Fonts/build/GlyphText/FontText_9005.font.lyn.event
[LYN]	Fonts/build/GlyphText/FontText_9082.font.lyn.event
[LYN]	Fonts/build/GlyphText/FontText_5B71.font.lyn.event
[LYN]	Fonts/build/GlyphText/FontText_5983.font.lyn.event
[LYN]	Fonts/build/GlyphText/FontText_599E.font.lyn.event
[LYN]	Fonts/build/GlyphText/FontText_59BE.font.lyn.event
[LYN]	Fonts/build/GlyphText/FontText_5A34.font.lyn.event
[LYN]	Fonts/build/GlyphText/FontText_7F30.font.lyn.event
[LYN]	Fonts/build/GlyphText/FontText_6773.font.lyn.event
[LYN]	Fonts/build/GlyphText/FontText_6963.font.lyn.event
[LYN]	Fonts/build/GlyphText/FontText_6B84.font.lyn.event
[LYN]	Fonts/build/GlyphText/FontText_968A.font.lyn.event
[LYN]	Fonts/build/GlyphText/FontText_621F.font.lyn.event
[LYN]	Fonts/build/GlyphText/FontText_63B0.font.lyn.event
[LYN]	Fonts/build/GlyphText/FontText_80B4.font.lyn.event
[LYN]	Fonts/build/GlyphText/FontText_6B43.font.lyn.event
[LYN]	Fonts/build/GlyphText/FontText_98D2.font.lyn.event
[LYN]	Fonts/build/GlyphText/FontText_7940.font.lyn.event
[LYN]	Fonts/build/GlyphText/FontText_6059.font.lyn.event
[LYN]	Fonts/build/GlyphText/FontText_61A9.font.lyn.event
[LYN]	Fonts/build/GlyphText/FontText_789C.font.lyn.event
[LYN]	Fonts/build/GlyphText/FontText_7738.font.lyn.event
[LYN]	Fonts/build/GlyphText/FontText_753A.font.lyn.event
[LYN]	Fonts/build/GlyphText/FontText_88E8.font.lyn.event
[LYN]	Fonts/build/GlyphText/FontText_7B19.font.lyn.event
[LYN]	Fonts/build/GlyphText/FontText_7FE9.font.lyn.event
[LYN]	Fonts/build/GlyphText/FontText_8DF7.font.lyn.event
[LYN]	Fonts/build/GlyphText/FontText_8E4A.font.lyn.event
[LYN]	Fonts/build/GlyphText/FontText_9706.font.lyn.event
[LYN]	Fonts/build/GlyphText/FontText_9C7F.font.lyn.event
[LYN]	Fonts/build/GlyphText/FontText_98E8.font.lyn.event
[LYN]	Fonts/build/GlyphText/FontText_978D.font.lyn.event
[LYN]	Fonts/build/GlyphText/FontText_61CA.font.lyn.event
[LYN]	Fonts/build/GlyphText/FontText_9776.font.lyn.event
[LYN]	Fonts/build/GlyphText/FontText_62CC.font.lyn.event
[LYN]	Fonts/build/GlyphText/FontText_5F0A.font.lyn.event
[LYN]	Fonts/build/GlyphText/FontText_618B.font.lyn.event
[LYN]	Fonts/build/GlyphText/FontText_5F6C.font.lyn.event
[LYN]	Fonts/build/GlyphText/FontText_5BBE.font.lyn.event
[LYN]	Fonts/build/GlyphText/FontText_52C3.font.lyn.event
[LYN]	Fonts/build/GlyphText/FontText_6CCA.font.lyn.event
[LYN]	Fonts/build/GlyphText/FontText_9A73.font.lyn.event
[LYN]	Fonts/build/GlyphText/FontText_54FA.font.lyn.event
[LYN]	Fonts/build/GlyphText/FontText_776C.font.lyn.event
[LYN]	Fonts/build/GlyphText/FontText_832C.font.lyn.event
[LYN]	Fonts/build/GlyphText/FontText_6A59.font.lyn.event
[LYN]	Fonts/build/GlyphText/FontText_6F84.font.lyn.event
[LYN]	Fonts/build/GlyphText/FontText_79E4.font.lyn.event
[LYN]	Fonts/build/GlyphText/FontText_5C3A.font.lyn.event
[LYN]	Fonts/build/GlyphText/FontText_7EF8.font.lyn.event
[LYN]	Fonts/build/GlyphText/FontText_8328.font.lyn.event
[LYN]	Fonts/build/GlyphText/FontText_918B.font.lyn.event
[LYN]	Fonts/build/GlyphText/FontText_7C07.font.lyn.event
[LYN]	Fonts/build/GlyphText/FontText_6B86.font.lyn.event
[LYN]	Fonts/build/GlyphText/FontText_96D5.font.lyn.event
[LYN]	Fonts/build/GlyphText/FontText_8C46.font.lyn.event
[LYN]	Fonts/build/GlyphText/FontText_675C.font.lyn.event
[LYN]	Fonts/build/GlyphText/FontText_60F0.font.lyn.event
[LYN]	Fonts/build/GlyphText/FontText_9E45.font.lyn.event
[LYN]	Fonts/build/GlyphText/FontText_5384.font.lyn.event
[LYN]	Fonts/build/GlyphText/FontText_8D29.font.lyn.event
[LYN]	Fonts/build/GlyphText/FontText_5676.font.lyn.event
[LYN]	Fonts/build/GlyphText/FontText_7AFF.font.lyn.event
[LYN]	Fonts/build/GlyphText/FontText_6838.font.lyn.event
[LYN]	Fonts/build/GlyphText/FontText_634D.font.lyn.event
[LYN]	Fonts/build/GlyphText/FontText_76D2.font.lyn.event
[LYN]	Fonts/build/GlyphText/FontText_9E3F.font.lyn.event
[LYN]	Fonts/build/GlyphText/FontText_543C.font.lyn.event
[LYN]	Fonts/build/GlyphText/FontText_78FA.font.lyn.event
[LYN]	Fonts/build/GlyphText/FontText_79FD.font.lyn.event
[LYN]	Fonts/build/GlyphText/FontText_60B8.font.lyn.event
[LYN]	Fonts/build/GlyphText/FontText_996F.font.lyn.event
[LYN]	Fonts/build/GlyphText/FontText_6E85.font.lyn.event
[LYN]	Fonts/build/GlyphText/FontText_5320.font.lyn.event
[LYN]	Fonts/build/GlyphText/FontText_7F34.font.lyn.event
[LYN]	Fonts/build/GlyphText/FontText_8F7F.font.lyn.event
[LYN]	Fonts/build/GlyphText/FontText_8BEB.font.lyn.event
[LYN]	Fonts/build/GlyphText/FontText_5C4A.font.lyn.event
[LYN]	Fonts/build/GlyphText/FontText_81FC.font.lyn.event
[LYN]	Fonts/build/GlyphText/FontText_4EA2.font.lyn.event
[LYN]	Fonts/build/GlyphText/FontText_82DB.font.lyn.event
[LYN]	Fonts/build/GlyphText/FontText_9988.font.lyn.event
[LYN]	Fonts/build/GlyphText/FontText_6606.font.lyn.event
[LYN]	Fonts/build/GlyphText/FontText_8FA3.font.lyn.event
[LYN]	Fonts/build/GlyphText/FontText_6F9C.font.lyn.event
[LYN]	Fonts/build/GlyphText/FontText_52D2.font.lyn.event
[LYN]	Fonts/build/GlyphText/FontText_64C2.font.lyn.event
[LYN]	Fonts/build/GlyphText/FontText_5E18.font.lyn.event
[LYN]	Fonts/build/GlyphText/FontText_50DA.font.lyn.event
[LYN]	Fonts/build/GlyphText/FontText_8FBD.font.lyn.event
[LYN]	Fonts/build/GlyphText/FontText_541D.font.lyn.event
[LYN]	Fonts/build/GlyphText/FontText_5CAD.font.lyn.event
[LYN]	Fonts/build/GlyphText/FontText_786B.font.lyn.event
[LYN]	Fonts/build/GlyphText/FontText_5C65.font.lyn.event
[LYN]	Fonts/build/GlyphText/FontText_5B6A.font.lyn.event
[LYN]	Fonts/build/GlyphText/FontText_5375.font.lyn.event
[LYN]	Fonts/build/GlyphText/FontText_88F8.font.lyn.event
[LYN]	Fonts/build/GlyphText/FontText_8108.font.lyn.event
[LYN]	Fonts/build/GlyphText/FontText_536F.font.lyn.event
[LYN]	Fonts/build/GlyphText/FontText_5E3D.font.lyn.event
[LYN]	Fonts/build/GlyphText/FontText_840C.font.lyn.event
[LYN]	Fonts/build/GlyphText/FontText_9761.font.lyn.event
[LYN]	Fonts/build/GlyphText/FontText_6CDE.font.lyn.event
[LYN]	Fonts/build/GlyphText/FontText_7EBD.font.lyn.event
[LYN]	Fonts/build/GlyphText/FontText_632A.font.lyn.event
[LYN]	Fonts/build/GlyphText/FontText_6E43.font.lyn.event
[LYN]	Fonts/build/GlyphText/FontText_5455.font.lyn.event
[LYN]	Fonts/build/GlyphText/FontText_6F8E.font.lyn.event
[LYN]	Fonts/build/GlyphText/FontText_62AB.font.lyn.event
[LYN]	Fonts/build/GlyphText/FontText_6251.font.lyn.event
[LYN]	Fonts/build/GlyphText/FontText_94FA.font.lyn.event
[LYN]	Fonts/build/GlyphText/FontText_6816.font.lyn.event
[LYN]	Fonts/build/GlyphText/FontText_5D0E.font.lyn.event
[LYN]	Fonts/build/GlyphText/FontText_8FC4.font.lyn.event
[LYN]	Fonts/build/GlyphText/FontText_8C34.font.lyn.event
[LYN]	Fonts/build/GlyphText/FontText_4FCF.font.lyn.event
[LYN]	Fonts/build/GlyphText/FontText_5BDD.font.lyn.event
[LYN]	Fonts/build/GlyphText/FontText_8EAF.font.lyn.event
[LYN]	Fonts/build/GlyphText/FontText_88D9.font.lyn.event
[LYN]	Fonts/build/GlyphText/FontText_7ED2.font.lyn.event
[LYN]	Fonts/build/GlyphText/FontText_6C5D.font.lyn.event
[LYN]	Fonts/build/GlyphText/FontText_6D12.font.lyn.event
[LYN]	Fonts/build/GlyphText/FontText_5239.font.lyn.event
[LYN]	Fonts/build/GlyphText/FontText_7EB1.font.lyn.event
[LYN]	Fonts/build/GlyphText/FontText_54E8.font.lyn.event
[LYN]	Fonts/build/GlyphText/FontText_8D4A.font.lyn.event
[LYN]	Fonts/build/GlyphText/FontText_5BA1.font.lyn.event
[LYN]	Fonts/build/GlyphText/FontText_62ED.font.lyn.event
[LYN]	Fonts/build/GlyphText/FontText_55DC.font.lyn.event
[LYN]	Fonts/build/GlyphText/FontText_5BFF.font.lyn.event
[LYN]	Fonts/build/GlyphText/FontText_5EB6.font.lyn.event
[LYN]	Fonts/build/GlyphText/FontText_62F4.font.lyn.event
[LYN]	Fonts/build/GlyphText/FontText_7A0E.font.lyn.event
[LYN]	Fonts/build/GlyphText/FontText_68AD.font.lyn.event
[LYN]	Fonts/build/GlyphText/FontText_5506.font.lyn.event
[LYN]	Fonts/build/GlyphText/FontText_6CF0.font.lyn.event
[LYN]	Fonts/build/GlyphText/FontText_762B.font.lyn.event
[LYN]	Fonts/build/GlyphText/FontText_70AD.font.lyn.event
[LYN]	Fonts/build/GlyphText/FontText_5510.font.lyn.event
[LYN]	Fonts/build/GlyphText/FontText_7CD6.font.lyn.event
[LYN]	Fonts/build/GlyphText/FontText_5018.font.lyn.event
[LYN]	Fonts/build/GlyphText/FontText_6D9B.font.lyn.event
[LYN]	Fonts/build/GlyphText/FontText_6DD8.font.lyn.event
[LYN]	Fonts/build/GlyphText/FontText_9893.font.lyn.event
[LYN]	Fonts/build/GlyphText/FontText_553E.font.lyn.event
[LYN]	Fonts/build/GlyphText/FontText_60CB.font.lyn.event
[LYN]	Fonts/build/GlyphText/FontText_5A49.font.lyn.event
[LYN]	Fonts/build/GlyphText/FontText_6C6A.font.lyn.event
[LYN]	Fonts/build/GlyphText/FontText_840E.font.lyn.event
[LYN]	Fonts/build/GlyphText/FontText_6BCB.font.lyn.event
[LYN]	Fonts/build/GlyphText/FontText_817A.font.lyn.event
[LYN]	Fonts/build/GlyphText/FontText_9576.font.lyn.event
[LYN]	Fonts/build/GlyphText/FontText_659C.font.lyn.event
[LYN]	Fonts/build/GlyphText/FontText_8C10.font.lyn.event
[LYN]	Fonts/build/GlyphText/FontText_8845.font.lyn.event
[LYN]	Fonts/build/GlyphText/FontText_7EE3.font.lyn.event
[LYN]	Fonts/build/GlyphText/FontText_96C1.font.lyn.event
[LYN]	Fonts/build/GlyphText/FontText_75D2.font.lyn.event
[LYN]	Fonts/build/GlyphText/FontText_9890.font.lyn.event
[LYN]	Fonts/build/GlyphText/FontText_8681.font.lyn.event
[LYN]	Fonts/build/GlyphText/FontText_8BE3.font.lyn.event
[LYN]	Fonts/build/GlyphText/FontText_8C0A.font.lyn.event
[LYN]	Fonts/build/GlyphText/FontText_7ECE.font.lyn.event
[LYN]	Fonts/build/GlyphText/FontText_8424.font.lyn.event
[LYN]	Fonts/build/GlyphText/FontText_6D74.font.lyn.event
[LYN]	Fonts/build/GlyphText/FontText_5CB3.font.lyn.event
[LYN]	Fonts/build/GlyphText/FontText_683D.font.lyn.event
[LYN]	Fonts/build/GlyphText/FontText_85FB.font.lyn.event
[LYN]	Fonts/build/GlyphText/FontText_54C9.font.lyn.event
[LYN]	Fonts/build/GlyphText/FontText_6E5B.font.lyn.event
[LYN]	Fonts/build/GlyphText/FontText_7634.font.lyn.event
[LYN]	Fonts/build/GlyphText/FontText_81FB.font.lyn.event
[LYN]	Fonts/build/GlyphText/FontText_8718.font.lyn.event
[LYN]	Fonts/build/GlyphText/FontText_80A2.font.lyn.event
[LYN]	Fonts/build/GlyphText/FontText_6EDE.font.lyn.event
[LYN]	Fonts/build/GlyphText/FontText_4EF2.font.lyn.event
[LYN]	Fonts/build/GlyphText/FontText_86DB.font.lyn.event
[LYN]	Fonts/build/GlyphText/FontText_914C.font.lyn.event
[LYN]	Fonts/build/GlyphText/FontText_54A8.font.lyn.event
[LYN]	Fonts/build/GlyphText/FontText_5B6C.font.lyn.event
[LYN]	Fonts/build/GlyphText/FontText_592D.font.lyn.event
[LYN]	Fonts/build/GlyphText/FontText_556C.font.lyn.event
[LYN]	Fonts/build/GlyphText/FontText_8D5D.font.lyn.event
[LYN]	Fonts/build/GlyphText/FontText_6538.font.lyn.event
[LYN]	Fonts/build/GlyphText/FontText_4F83.font.lyn.event
[LYN]	Fonts/build/GlyphText/FontText_57A0.font.lyn.event
[LYN]	Fonts/build/GlyphText/FontText_5FD2.font.lyn.event
[LYN]	Fonts/build/GlyphText/FontText_5457.font.lyn.event
[LYN]	Fonts/build/GlyphText/FontText_54BF.font.lyn.event
[LYN]	Fonts/build/GlyphText/FontText_5555.font.lyn.event
[LYN]	Fonts/build/GlyphText/FontText_55D2.font.lyn.event
[LYN]	Fonts/build/GlyphText/FontText_55F5.font.lyn.event
[LYN]	Fonts/build/GlyphText/FontText_5C8C.font.lyn.event
[LYN]	Fonts/build/GlyphText/FontText_5C96.font.lyn.event
[LYN]	Fonts/build/GlyphText/FontText_72B7.font.lyn.event
[LYN]	Fonts/build/GlyphText/FontText_5FEA.font.lyn.event
[LYN]	Fonts/build/GlyphText/FontText_6021.font.lyn.event
[LYN]	Fonts/build/GlyphText/FontText_61AC.font.lyn.event
[LYN]	Fonts/build/GlyphText/FontText_61A7.font.lyn.event
[LYN]	Fonts/build/GlyphText/FontText_6C90.font.lyn.event
[LYN]	Fonts/build/GlyphText/FontText_6CEF.font.lyn.event
[LYN]	Fonts/build/GlyphText/FontText_6F47.font.lyn.event
[LYN]	Fonts/build/GlyphText/FontText_6F09.font.lyn.event
[LYN]	Fonts/build/GlyphText/FontText_8FE5.font.lyn.event
[LYN]	Fonts/build/GlyphText/FontText_905D.font.lyn.event
[LYN]	Fonts/build/GlyphText/FontText_54AB.font.lyn.event
[LYN]	Fonts/build/GlyphText/FontText_59A9.font.lyn.event
[LYN]	Fonts/build/GlyphText/FontText_7EEF.font.lyn.event
[LYN]	Fonts/build/GlyphText/FontText_7F08.font.lyn.event
[LYN]	Fonts/build/GlyphText/FontText_7F24.font.lyn.event
[LYN]	Fonts/build/GlyphText/FontText_7F25.font.lyn.event
[LYN]	Fonts/build/GlyphText/FontText_73B7.font.lyn.event
[LYN]	Fonts/build/GlyphText/FontText_8F84.font.lyn.event
[LYN]	Fonts/build/GlyphText/FontText_6775.font.lyn.event
[LYN]	Fonts/build/GlyphText/FontText_66DC.font.lyn.event
[LYN]	Fonts/build/GlyphText/FontText_814C.font.lyn.event
[LYN]	Fonts/build/GlyphText/FontText_7096.font.lyn.event
[LYN]	Fonts/build/GlyphText/FontText_77F6.font.lyn.event
[LYN]	Fonts/build/GlyphText/FontText_7985.font.lyn.event
[LYN]	Fonts/build/GlyphText/FontText_781D.font.lyn.event
[LYN]	Fonts/build/GlyphText/FontText_7750.font.lyn.event
[LYN]	Fonts/build/GlyphText/FontText_75CD.font.lyn.event
[LYN]	Fonts/build/GlyphText/FontText_7656.font.lyn.event
[LYN]	Fonts/build/GlyphText/FontText_877C.font.lyn.event
[LYN]	Fonts/build/GlyphText/FontText_8E69.font.lyn.event
[LYN]	Fonts/build/GlyphText/FontText_8E35.font.lyn.event
[LYN]	Fonts/build/GlyphText/FontText_9AB0.font.lyn.event
[LYN]	Fonts/build/GlyphText/FontText_9AB7.font.lyn.event
[LYN]	Fonts/build/GlyphText/FontText_9AC5.font.lyn.event
[LYN]	Fonts/build/GlyphText/FontText_764C.font.lyn.event
[LYN]	Fonts/build/GlyphText/FontText_9698.font.lyn.event
[LYN]	Fonts/build/GlyphText/FontText_6C28.font.lyn.event
[LYN]	Fonts/build/GlyphText/FontText_80FA.font.lyn.event
[LYN]	Fonts/build/GlyphText/FontText_76CE.font.lyn.event
[LYN]	Fonts/build/GlyphText/FontText_51F9.font.lyn.event
[LYN]	Fonts/build/GlyphText/FontText_6556.font.lyn.event
[LYN]	Fonts/build/GlyphText/FontText_8884.font.lyn.event
[LYN]	Fonts/build/GlyphText/FontText_6FB3.font.lyn.event
[LYN]	Fonts/build/GlyphText/FontText_82AD.font.lyn.event
[LYN]	Fonts/build/GlyphText/FontText_634C.font.lyn.event
[LYN]	Fonts/build/GlyphText/FontText_53ED.font.lyn.event
[LYN]	Fonts/build/GlyphText/FontText_7B06.font.lyn.event
[LYN]	Fonts/build/GlyphText/FontText_8019.font.lyn.event
[LYN]	Fonts/build/GlyphText/FontText_575D.font.lyn.event
[LYN]	Fonts/build/GlyphText/FontText_67CF.font.lyn.event
[LYN]	Fonts/build/GlyphText/FontText_4F70.font.lyn.event
[LYN]	Fonts/build/GlyphText/FontText_7A17.font.lyn.event
[LYN]	Fonts/build/GlyphText/FontText_9881.font.lyn.event
[LYN]	Fonts/build/GlyphText/FontText_74E3.font.lyn.event
[LYN]	Fonts/build/GlyphText/FontText_6886.font.lyn.event
[LYN]	Fonts/build/GlyphText/FontText_78C5.font.lyn.event
[LYN]	Fonts/build/GlyphText/FontText_868C.font.lyn.event
[LYN]	Fonts/build/GlyphText/FontText_9551.font.lyn.event
[LYN]	Fonts/build/GlyphText/FontText_8C24.font.lyn.event
[LYN]	Fonts/build/GlyphText/FontText_82DE.font.lyn.event
[LYN]	Fonts/build/GlyphText/FontText_8912.font.lyn.event
[LYN]	Fonts/build/GlyphText/FontText_96F9.font.lyn.event
[LYN]	Fonts/build/GlyphText/FontText_8C79.font.lyn.event
[LYN]	Fonts/build/GlyphText/FontText_7891.font.lyn.event
[LYN]	Fonts/build/GlyphText/FontText_94A1.font.lyn.event
[LYN]	Fonts/build/GlyphText/FontText_82EF.font.lyn.event
[LYN]	Fonts/build/GlyphText/FontText_6CF5.font.lyn.event
[LYN]	Fonts/build/GlyphText/FontText_8E66.font.lyn.event
[LYN]	Fonts/build/GlyphText/FontText_84D6.font.lyn.event
[LYN]	Fonts/build/GlyphText/FontText_6BD6.font.lyn.event
[LYN]	Fonts/build/GlyphText/FontText_655D.font.lyn.event
[LYN]	Fonts/build/GlyphText/FontText_535E.font.lyn.event
[LYN]	Fonts/build/GlyphText/FontText_8FAB.font.lyn.event
[LYN]	Fonts/build/GlyphText/FontText_5F6A.font.lyn.event
[LYN]	Fonts/build/GlyphText/FontText_8198.font.lyn.event
[LYN]	Fonts/build/GlyphText/FontText_762A.font.lyn.event
[LYN]	Fonts/build/GlyphText/FontText_658C.font.lyn.event
[LYN]	Fonts/build/GlyphText/FontText_6FD2.font.lyn.event
[LYN]	Fonts/build/GlyphText/FontText_6EE8.font.lyn.event
[LYN]	Fonts/build/GlyphText/FontText_6448.font.lyn.event
[LYN]	Fonts/build/GlyphText/FontText_997C.font.lyn.event
[LYN]	Fonts/build/GlyphText/FontText_70B3.font.lyn.event
[LYN]	Fonts/build/GlyphText/FontText_73BB.font.lyn.event
[LYN]	Fonts/build/GlyphText/FontText_83E0.font.lyn.event
[LYN]	Fonts/build/GlyphText/FontText_94B5.font.lyn.event
[LYN]	Fonts/build/GlyphText/FontText_94C2.font.lyn.event
[LYN]	Fonts/build/GlyphText/FontText_7B94.font.lyn.event
[LYN]	Fonts/build/GlyphText/FontText_5E1B.font.lyn.event
[LYN]	Fonts/build/GlyphText/FontText_8236.font.lyn.event
[LYN]	Fonts/build/GlyphText/FontText_6E24.font.lyn.event
[LYN]	Fonts/build/GlyphText/FontText_57E0.font.lyn.event
[LYN]	Fonts/build/GlyphText/FontText_7C3F.font.lyn.event
[LYN]	Fonts/build/GlyphText/FontText_8521.font.lyn.event
[LYN]	Fonts/build/GlyphText/FontText_8695.font.lyn.event
[LYN]	Fonts/build/GlyphText/FontText_7CD9.font.lyn.event
[LYN]	Fonts/build/GlyphText/FontText_6CA7.font.lyn.event
[LYN]	Fonts/build/GlyphText/FontText_69FD.font.lyn.event
[LYN]	Fonts/build/GlyphText/FontText_66F9.font.lyn.event
[LYN]	Fonts/build/GlyphText/FontText_5395.font.lyn.event
[LYN]	Fonts/build/GlyphText/FontText_53C9.font.lyn.event
[LYN]	Fonts/build/GlyphText/FontText_78B4.font.lyn.event
[LYN]	Fonts/build/GlyphText/FontText_643D.font.lyn.event
[LYN]	Fonts/build/GlyphText/FontText_8BE7.font.lyn.event
[LYN]	Fonts/build/GlyphText/FontText_8C7A.font.lyn.event
[LYN]	Fonts/build/GlyphText/FontText_6400.font.lyn.event
[LYN]	Fonts/build/GlyphText/FontText_8749.font.lyn.event
[LYN]	Fonts/build/GlyphText/FontText_998B.font.lyn.event
[LYN]	Fonts/build/GlyphText/FontText_8C17.font.lyn.event
[LYN]	Fonts/build/GlyphText/FontText_9610.font.lyn.event
[LYN]	Fonts/build/GlyphText/FontText_5382.font.lyn.event
[LYN]	Fonts/build/GlyphText/FontText_5021.font.lyn.event
[LYN]	Fonts/build/GlyphText/FontText_949E.font.lyn.event
[LYN]	Fonts/build/GlyphText/FontText_63A3.font.lyn.event
[LYN]	Fonts/build/GlyphText/FontText_90F4.font.lyn.event
[LYN]	Fonts/build/GlyphText/FontText_8FB0.font.lyn.event
[LYN]	Fonts/build/GlyphText/FontText_70BD.font.lyn.event
[LYN]	Fonts/build/GlyphText/FontText_7A20.font.lyn.event
[LYN]	Fonts/build/GlyphText/FontText_7785.font.lyn.event
[LYN]	Fonts/build/GlyphText/FontText_6A71.font.lyn.event
[LYN]	Fonts/build/GlyphText/FontText_9504.font.lyn.event
[LYN]	Fonts/build/GlyphText/FontText_96CF.font.lyn.event
[LYN]	Fonts/build/GlyphText/FontText_6EC1.font.lyn.event
[LYN]	Fonts/build/GlyphText/FontText_77D7.font.lyn.event
[LYN]	Fonts/build/GlyphText/FontText_6410.font.lyn.event
[LYN]	Fonts/build/GlyphText/FontText_693D.font.lyn.event
[LYN]	Fonts/build/GlyphText/FontText_5E62.font.lyn.event
[LYN]	Fonts/build/GlyphText/FontText_708A.font.lyn.event
[LYN]	Fonts/build/GlyphText/FontText_693F.font.lyn.event
[LYN]	Fonts/build/GlyphText/FontText_9187.font.lyn.event
[LYN]	Fonts/build/GlyphText/FontText_6DF3.font.lyn.event
[LYN]	Fonts/build/GlyphText/FontText_75B5.font.lyn.event
[LYN]	Fonts/build/GlyphText/FontText_78C1.font.lyn.event
[LYN]	Fonts/build/GlyphText/FontText_74F7.font.lyn.event
[LYN]	Fonts/build/GlyphText/FontText_8471.font.lyn.event
[LYN]	Fonts/build/GlyphText/FontText_56F1.font.lyn.event
[LYN]	Fonts/build/GlyphText/FontText_8E7F.font.lyn.event
[LYN]	Fonts/build/GlyphText/FontText_6DEC.font.lyn.event
[LYN]	Fonts/build/GlyphText/FontText_7FE0.font.lyn.event
[LYN]	Fonts/build/GlyphText/FontText_64AE.font.lyn.event
[LYN]	Fonts/build/GlyphText/FontText_632B.font.lyn.event
[LYN]	Fonts/build/GlyphText/FontText_50A3.font.lyn.event
[LYN]	Fonts/build/GlyphText/FontText_7629.font.lyn.event
[LYN]	Fonts/build/GlyphText/FontText_8D37.font.lyn.event
[LYN]	Fonts/build/GlyphText/FontText_90F8.font.lyn.event
[LYN]	Fonts/build/GlyphText/FontText_63B8.font.lyn.event
[LYN]	Fonts/build/GlyphText/FontText_6C2E.font.lyn.event
[LYN]	Fonts/build/GlyphText/FontText_60EE.font.lyn.event
[LYN]	Fonts/build/GlyphText/FontText_7A3B.font.lyn.event
[LYN]	Fonts/build/GlyphText/FontText_51F3.font.lyn.event
[LYN]	Fonts/build/GlyphText/FontText_9093.font.lyn.event
[LYN]	Fonts/build/GlyphText/FontText_5824.font.lyn.event
[LYN]	Fonts/build/GlyphText/FontText_72C4.font.lyn.event
[LYN]	Fonts/build/GlyphText/FontText_6DA4.font.lyn.event
[LYN]	Fonts/build/GlyphText/FontText_7FDF.font.lyn.event
[LYN]	Fonts/build/GlyphText/FontText_9012.font.lyn.event
[LYN]	Fonts/build/GlyphText/FontText_6382.font.lyn.event
[LYN]	Fonts/build/GlyphText/FontText_6EC7.font.lyn.event
[LYN]	Fonts/build/GlyphText/FontText_7898.font.lyn.event
[LYN]	Fonts/build/GlyphText/FontText_975B.font.lyn.event
[LYN]	Fonts/build/GlyphText/FontText_4F43.font.lyn.event
[LYN]	Fonts/build/GlyphText/FontText_7538.font.lyn.event
[LYN]	Fonts/build/GlyphText/FontText_6DC0.font.lyn.event
[LYN]	Fonts/build/GlyphText/FontText_7889.font.lyn.event
[LYN]	Fonts/build/GlyphText/FontText_53FC.font.lyn.event
[LYN]	Fonts/build/GlyphText/FontText_51CB.font.lyn.event
[LYN]	Fonts/build/GlyphText/FontText_8FED.font.lyn.event
[LYN]	Fonts/build/GlyphText/FontText_9F0E.font.lyn.event
[LYN]	Fonts/build/GlyphText/FontText_952D.font.lyn.event
[LYN]	Fonts/build/GlyphText/FontText_8463.font.lyn.event
[LYN]	Fonts/build/GlyphText/FontText_4F97.font.lyn.event
[LYN]	Fonts/build/GlyphText/FontText_606B.font.lyn.event
[LYN]	Fonts/build/GlyphText/FontText_75D8.font.lyn.event
[LYN]	Fonts/build/GlyphText/FontText_728A.font.lyn.event
[LYN]	Fonts/build/GlyphText/FontText_9540.font.lyn.event
[LYN]	Fonts/build/GlyphText/FontText_7F0E.font.lyn.event
[LYN]	Fonts/build/GlyphText/FontText_5151.font.lyn.event
[LYN]	Fonts/build/GlyphText/FontText_58A9.font.lyn.event
[LYN]	Fonts/build/GlyphText/FontText_5428.font.lyn.event
[LYN]	Fonts/build/GlyphText/FontText_8E72.font.lyn.event
[LYN]	Fonts/build/GlyphText/FontText_6566.font.lyn.event
[LYN]	Fonts/build/GlyphText/FontText_56E4.font.lyn.event
[LYN]	Fonts/build/GlyphText/FontText_9041.font.lyn.event
[LYN]	Fonts/build/GlyphText/FontText_6387.font.lyn.event
[LYN]	Fonts/build/GlyphText/FontText_579B.font.lyn.event
[LYN]	Fonts/build/GlyphText/FontText_8DFA.font.lyn.event
[LYN]	Fonts/build/GlyphText/FontText_8235.font.lyn.event
[LYN]	Fonts/build/GlyphText/FontText_86FE.font.lyn.event
[LYN]	Fonts/build/GlyphText/FontText_5CE8.font.lyn.event
[LYN]	Fonts/build/GlyphText/FontText_4FC4.font.lyn.event
[LYN]	Fonts/build/GlyphText/FontText_8BB9.font.lyn.event
[LYN]	Fonts/build/GlyphText/FontText_5A25.font.lyn.event
[LYN]	Fonts/build/GlyphText/FontText_627C.font.lyn.event
[LYN]	Fonts/build/GlyphText/FontText_9102.font.lyn.event
[LYN]	Fonts/build/GlyphText/FontText_6D31.font.lyn.event
[LYN]	Fonts/build/GlyphText/FontText_8D30.font.lyn.event
[LYN]	Fonts/build/GlyphText/FontText_7B4F.font.lyn.event
[LYN]	Fonts/build/GlyphText/FontText_9600.font.lyn.event
[LYN]	Fonts/build/GlyphText/FontText_85E9.font.lyn.event
[LYN]	Fonts/build/GlyphText/FontText_6A0A.font.lyn.event
[LYN]	Fonts/build/GlyphText/FontText_77FE.font.lyn.event
[LYN]	Fonts/build/GlyphText/FontText_9492.font.lyn.event
[LYN]	Fonts/build/GlyphText/FontText_574A.font.lyn.event
[LYN]	Fonts/build/GlyphText/FontText_80AA.font.lyn.event
[LYN]	Fonts/build/GlyphText/FontText_7EBA.font.lyn.event
[LYN]	Fonts/build/GlyphText/FontText_5561.font.lyn.event
[LYN]	Fonts/build/GlyphText/FontText_8BFD.font.lyn.event
[LYN]	Fonts/build/GlyphText/FontText_5420.font.lyn.event
[LYN]	Fonts/build/GlyphText/FontText_915A.font.lyn.event
[LYN]	Fonts/build/GlyphText/FontText_6C7E.font.lyn.event
[LYN]	Fonts/build/GlyphText/FontText_5FFF.font.lyn.event
[LYN]	Fonts/build/GlyphText/FontText_7CAA.font.lyn.event
[LYN]	Fonts/build/GlyphText/FontText_67AB.font.lyn.event
[LYN]	Fonts/build/GlyphText/FontText_70FD.font.lyn.event
[LYN]	Fonts/build/GlyphText/FontText_51AF.font.lyn.event
[LYN]	Fonts/build/GlyphText/FontText_51E4.font.lyn.event
[LYN]	Fonts/build/GlyphText/FontText_5B75.font.lyn.event
[LYN]	Fonts/build/GlyphText/FontText_8F90.font.lyn.event
[LYN]	Fonts/build/GlyphText/FontText_6C1F.font.lyn.event
[LYN]	Fonts/build/GlyphText/FontText_6DAA.font.lyn.event
[LYN]	Fonts/build/GlyphText/FontText_752B.font.lyn.event
[LYN]	Fonts/build/GlyphText/FontText_91DC.font.lyn.event
[LYN]	Fonts/build/GlyphText/FontText_812F.font.lyn.event
[LYN]	Fonts/build/GlyphText/FontText_8151.font.lyn.event
[LYN]	Fonts/build/GlyphText/FontText_961C.font.lyn.event
[LYN]	Fonts/build/GlyphText/FontText_8BA3.font.lyn.event
[LYN]	Fonts/build/GlyphText/FontText_9499.font.lyn.event
[LYN]	Fonts/build/GlyphText/FontText_6E89.font.lyn.event
[LYN]	Fonts/build/GlyphText/FontText_67D1.font.lyn.event
[LYN]	Fonts/build/GlyphText/FontText_79C6.font.lyn.event
[LYN]	Fonts/build/GlyphText/FontText_8D63.font.lyn.event
[LYN]	Fonts/build/GlyphText/FontText_7F38.font.lyn.event
[LYN]	Fonts/build/GlyphText/FontText_809B.font.lyn.event
[LYN]	Fonts/build/GlyphText/FontText_7EB2.font.lyn.event
[LYN]	Fonts/build/GlyphText/FontText_6760.font.lyn.event
[LYN]	Fonts/build/GlyphText/FontText_7BD9.font.lyn.event
[LYN]	Fonts/build/GlyphText/FontText_768B.font.lyn.event
[LYN]	Fonts/build/GlyphText/FontText_9550.font.lyn.event
[LYN]	Fonts/build/GlyphText/FontText_7A3F.font.lyn.event
[LYN]	Fonts/build/GlyphText/FontText_9E3D.font.lyn.event
[LYN]	Fonts/build/GlyphText/FontText_7599.font.lyn.event
[LYN]	Fonts/build/GlyphText/FontText_86E4.font.lyn.event
[LYN]	Fonts/build/GlyphText/FontText_94EC.font.lyn.event
[LYN]	Fonts/build/GlyphText/FontText_5E9A.font.lyn.event
[LYN]	Fonts/build/GlyphText/FontText_57C2.font.lyn.event
[LYN]	Fonts/build/GlyphText/FontText_9F9A.font.lyn.event
[LYN]	Fonts/build/GlyphText/FontText_6C5E.font.lyn.event
[LYN]	Fonts/build/GlyphText/FontText_62F1.font.lyn.event
[LYN]	Fonts/build/GlyphText/FontText_57A2.font.lyn.event
[LYN]	Fonts/build/GlyphText/FontText_83C7.font.lyn.event
[LYN]	Fonts/build/GlyphText/FontText_7B8D.font.lyn.event
[LYN]	Fonts/build/GlyphText/FontText_6CBD.font.lyn.event
[LYN]	Fonts/build/GlyphText/FontText_86CA.font.lyn.event
[LYN]	Fonts/build/GlyphText/FontText_5250.font.lyn.event
[LYN]	Fonts/build/GlyphText/FontText_8902.font.lyn.event
[LYN]	Fonts/build/GlyphText/FontText_7470.font.lyn.event
[LYN]	Fonts/build/GlyphText/FontText_572D.font.lyn.event
[LYN]	Fonts/build/GlyphText/FontText_7845.font.lyn.event
[LYN]	Fonts/build/GlyphText/FontText_9F9F.font.lyn.event
[LYN]	Fonts/build/GlyphText/FontText_7678.font.lyn.event
[LYN]	Fonts/build/GlyphText/FontText_6842.font.lyn.event
[LYN]	Fonts/build/GlyphText/FontText_67DC.font.lyn.event
[LYN]	Fonts/build/GlyphText/FontText_523D.font.lyn.event
[LYN]	Fonts/build/GlyphText/FontText_8F8A.font.lyn.event
[LYN]	Fonts/build/GlyphText/FontText_90ED.font.lyn.event
[LYN]	Fonts/build/GlyphText/FontText_88F9.font.lyn.event
[LYN]	Fonts/build/GlyphText/FontText_6C26.font.lyn.event
[LYN]	Fonts/build/GlyphText/FontText_4EA5.font.lyn.event
[LYN]	Fonts/build/GlyphText/FontText_61A8.font.lyn.event
[LYN]	Fonts/build/GlyphText/FontText_90AF.font.lyn.event
[LYN]	Fonts/build/GlyphText/FontText_97E9.font.lyn.event
[LYN]	Fonts/build/GlyphText/FontText_6DB5.font.lyn.event
[LYN]	Fonts/build/GlyphText/FontText_51FD.font.lyn.event
[LYN]	Fonts/build/GlyphText/FontText_65F1.font.lyn.event
[LYN]	Fonts/build/GlyphText/FontText_710A.font.lyn.event
[LYN]	Fonts/build/GlyphText/FontText_592F.font.lyn.event
[LYN]	Fonts/build/GlyphText/FontText_676D.font.lyn.event
[LYN]	Fonts/build/GlyphText/FontText_58D5.font.lyn.event
[LYN]	Fonts/build/GlyphText/FontText_90DD.font.lyn.event
[LYN]	Fonts/build/GlyphText/FontText_6D69.font.lyn.event
[LYN]	Fonts/build/GlyphText/FontText_8377.font.lyn.event
[LYN]	Fonts/build/GlyphText/FontText_83CF.font.lyn.event
[LYN]	Fonts/build/GlyphText/FontText_9602.font.lyn.event
[LYN]	Fonts/build/GlyphText/FontText_6DB8.font.lyn.event
[LYN]	Fonts/build/GlyphText/FontText_8910.font.lyn.event
[LYN]	Fonts/build/GlyphText/FontText_9E64.font.lyn.event
[LYN]	Fonts/build/GlyphText/FontText_4EA8.font.lyn.event
[LYN]	Fonts/build/GlyphText/FontText_8679.font.lyn.event
[LYN]	Fonts/build/GlyphText/FontText_6D2A.font.lyn.event
[LYN]	Fonts/build/GlyphText/FontText_5F18.font.lyn.event
[LYN]	Fonts/build/GlyphText/FontText_7334.font.lyn.event
[LYN]	Fonts/build/GlyphText/FontText_745A.font.lyn.event
[LYN]	Fonts/build/GlyphText/FontText_58F6.font.lyn.event
[LYN]	Fonts/build/GlyphText/FontText_846B.font.lyn.event
[LYN]	Fonts/build/GlyphText/FontText_5F27.font.lyn.event
[LYN]	Fonts/build/GlyphText/FontText_6CAA.font.lyn.event
[LYN]	Fonts/build/GlyphText/FontText_69D0.font.lyn.event
[LYN]	Fonts/build/GlyphText/FontText_6DEE.font.lyn.event
[LYN]	Fonts/build/GlyphText/FontText_6853.font.lyn.event
[LYN]	Fonts/build/GlyphText/FontText_75EA.font.lyn.event
[LYN]	Fonts/build/GlyphText/FontText_8C62.font.lyn.event
[LYN]	Fonts/build/GlyphText/FontText_7115.font.lyn.event
[LYN]	Fonts/build/GlyphText/FontText_5BA6.font.lyn.event
[LYN]	Fonts/build/GlyphText/FontText_8757.font.lyn.event
[LYN]	Fonts/build/GlyphText/FontText_7C27.font.lyn.event
[LYN]	Fonts/build/GlyphText/FontText_51F0.font.lyn.event
[LYN]	Fonts/build/GlyphText/FontText_714C.font.lyn.event
[LYN]	Fonts/build/GlyphText/FontText_5E4C.font.lyn.event
[LYN]	Fonts/build/GlyphText/FontText_604D.font.lyn.event
[LYN]	Fonts/build/GlyphText/FontText_5FBD.font.lyn.event
[LYN]	Fonts/build/GlyphText/FontText_86D4.font.lyn.event
[LYN]	Fonts/build/GlyphText/FontText_5349.font.lyn.event
[LYN]	Fonts/build/GlyphText/FontText_6666.font.lyn.event
[LYN]	Fonts/build/GlyphText/FontText_70E9.font.lyn.event
[LYN]	Fonts/build/GlyphText/FontText_8364.font.lyn.event
[LYN]	Fonts/build/GlyphText/FontText_7578.font.lyn.event
[LYN]	Fonts/build/GlyphText/FontText_7B95.font.lyn.event
[LYN]	Fonts/build/GlyphText/FontText_8BA5.font.lyn.event
[LYN]	Fonts/build/GlyphText/FontText_6C72.font.lyn.event
[LYN]	Fonts/build/GlyphText/FontText_810A.font.lyn.event
[LYN]	Fonts/build/GlyphText/FontText_84DF.font.lyn.event
[LYN]	Fonts/build/GlyphText/FontText_5180.font.lyn.event
[LYN]	Fonts/build/GlyphText/FontText_5242.font.lyn.event
[LYN]	Fonts/build/GlyphText/FontText_5993.font.lyn.event
[LYN]	Fonts/build/GlyphText/FontText_67B7.font.lyn.event
[LYN]	Fonts/build/GlyphText/FontText_835A.font.lyn.event
[LYN]	Fonts/build/GlyphText/FontText_988A.font.lyn.event
[LYN]	Fonts/build/GlyphText/FontText_94BE.font.lyn.event
[LYN]	Fonts/build/GlyphText/FontText_7B3A.font.lyn.event
[LYN]	Fonts/build/GlyphText/FontText_7F04.font.lyn.event
[LYN]	Fonts/build/GlyphText/FontText_8327.font.lyn.event
[LYN]	Fonts/build/GlyphText/FontText_67EC.font.lyn.event
[LYN]	Fonts/build/GlyphText/FontText_78B1.font.lyn.event
[LYN]	Fonts/build/GlyphText/FontText_7877.font.lyn.event
[LYN]	Fonts/build/GlyphText/FontText_526A.font.lyn.event
[LYN]	Fonts/build/GlyphText/FontText_69DB.font.lyn.event
[LYN]	Fonts/build/GlyphText/FontText_9274.font.lyn.event
[LYN]	Fonts/build/GlyphText/FontText_6DA7.font.lyn.event
[LYN]	Fonts/build/GlyphText/FontText_59DC.font.lyn.event
[LYN]	Fonts/build/GlyphText/FontText_6C5F.font.lyn.event
[LYN]	Fonts/build/GlyphText/FontText_7586.font.lyn.event
[LYN]	Fonts/build/GlyphText/FontText_848B.font.lyn.event
[LYN]	Fonts/build/GlyphText/FontText_8549.font.lyn.event
[LYN]	Fonts/build/GlyphText/FontText_6912.font.lyn.event
[LYN]	Fonts/build/GlyphText/FontText_7901.font.lyn.event
[LYN]	Fonts/build/GlyphText/FontText_80F6.font.lyn.event
[LYN]	Fonts/build/GlyphText/FontText_6D47.font.lyn.event
[LYN]	Fonts/build/GlyphText/FontText_56BC.font.lyn.event
[LYN]	Fonts/build/GlyphText/FontText_94F0.font.lyn.event
[LYN]	Fonts/build/GlyphText/FontText_77EB.font.lyn.event
[LYN]	Fonts/build/GlyphText/FontText_997A.font.lyn.event
[LYN]	Fonts/build/GlyphText/FontText_9175.font.lyn.event
[LYN]	Fonts/build/GlyphText/FontText_7A96.font.lyn.event
[LYN]	Fonts/build/GlyphText/FontText_79F8.font.lyn.event
[LYN]	Fonts/build/GlyphText/FontText_6854.font.lyn.event
[LYN]	Fonts/build/GlyphText/FontText_776B.font.lyn.event
[LYN]	Fonts/build/GlyphText/FontText_85C9.font.lyn.event
[LYN]	Fonts/build/GlyphText/FontText_82A5.font.lyn.event
[LYN]	Fonts/build/GlyphText/FontText_75A5.font.lyn.event
[LYN]	Fonts/build/GlyphText/FontText_5DFE.font.lyn.event
[LYN]	Fonts/build/GlyphText/FontText_65A4.font.lyn.event
[LYN]	Fonts/build/GlyphText/FontText_895F.font.lyn.event
[LYN]	Fonts/build/GlyphText/FontText_9773.font.lyn.event
[LYN]	Fonts/build/GlyphText/FontText_5162.font.lyn.event
[LYN]	Fonts/build/GlyphText/FontText_830E.font.lyn.event
[LYN]	Fonts/build/GlyphText/FontText_9CB8.font.lyn.event
[LYN]	Fonts/build/GlyphText/FontText_4EAC.font.lyn.event
[LYN]	Fonts/build/GlyphText/FontText_7CB3.font.lyn.event
[LYN]	Fonts/build/GlyphText/FontText_75C9.font.lyn.event
[LYN]	Fonts/build/GlyphText/FontText_9756.font.lyn.event
[LYN]	Fonts/build/GlyphText/FontText_70AF.font.lyn.event
[LYN]	Fonts/build/GlyphText/FontText_7A98.font.lyn.event
[LYN]	Fonts/build/GlyphText/FontText_7396.font.lyn.event
[LYN]	Fonts/build/GlyphText/FontText_97ED.font.lyn.event
[LYN]	Fonts/build/GlyphText/FontText_7078.font.lyn.event
[LYN]	Fonts/build/GlyphText/FontText_548E.font.lyn.event
[LYN]	Fonts/build/GlyphText/FontText_75BD.font.lyn.event
[LYN]	Fonts/build/GlyphText/FontText_9A79.font.lyn.event
[LYN]	Fonts/build/GlyphText/FontText_83CA.font.lyn.event
[LYN]	Fonts/build/GlyphText/FontText_5480.font.lyn.event
[LYN]	Fonts/build/GlyphText/FontText_952F.font.lyn.event
[LYN]	Fonts/build/GlyphText/FontText_70AC.font.lyn.event
[LYN]	Fonts/build/GlyphText/FontText_9E43.font.lyn.event
[LYN]	Fonts/build/GlyphText/FontText_5A1F.font.lyn.event
[LYN]	Fonts/build/GlyphText/FontText_7EE2.font.lyn.event
[LYN]	Fonts/build/GlyphText/FontText_6485.font.lyn.event
[LYN]	Fonts/build/GlyphText/FontText_652B.font.lyn.event
[LYN]	Fonts/build/GlyphText/FontText_6289.font.lyn.event
[LYN]	Fonts/build/GlyphText/FontText_83CC.font.lyn.event
[LYN]	Fonts/build/GlyphText/FontText_7AE3.font.lyn.event
[LYN]	Fonts/build/GlyphText/FontText_6D5A.font.lyn.event
[LYN]	Fonts/build/GlyphText/FontText_90E1.font.lyn.event
[LYN]	Fonts/build/GlyphText/FontText_9A8F.font.lyn.event
[LYN]	Fonts/build/GlyphText/FontText_5496.font.lyn.event
[LYN]	Fonts/build/GlyphText/FontText_63E9.font.lyn.event
[LYN]	Fonts/build/GlyphText/FontText_520A.font.lyn.event
[LYN]	Fonts/build/GlyphText/FontText_52D8.font.lyn.event
[LYN]	Fonts/build/GlyphText/FontText_7CE0.font.lyn.event
[LYN]	Fonts/build/GlyphText/FontText_7095.font.lyn.event
[LYN]	Fonts/build/GlyphText/FontText_5777.font.lyn.event
[LYN]	Fonts/build/GlyphText/FontText_542D.font.lyn.event
[LYN]	Fonts/build/GlyphText/FontText_62A0.font.lyn.event
[LYN]	Fonts/build/GlyphText/FontText_5BC7.font.lyn.event
[LYN]	Fonts/build/GlyphText/FontText_88E4.font.lyn.event
[LYN]	Fonts/build/GlyphText/FontText_630E.font.lyn.event
[LYN]	Fonts/build/GlyphText/FontText_80EF.font.lyn.event
[LYN]	Fonts/build/GlyphText/FontText_7B77.font.lyn.event
[LYN]	Fonts/build/GlyphText/FontText_4FA9.font.lyn.event
[LYN]	Fonts/build/GlyphText/FontText_5321.font.lyn.event
[LYN]	Fonts/build/GlyphText/FontText_7B50.font.lyn.event
[LYN]	Fonts/build/GlyphText/FontText_7736.font.lyn.event
[LYN]	Fonts/build/GlyphText/FontText_5CBF.font.lyn.event
[LYN]	Fonts/build/GlyphText/FontText_8475.font.lyn.event
[LYN]	Fonts/build/GlyphText/FontText_594E.font.lyn.event
[LYN]	Fonts/build/GlyphText/FontText_5764.font.lyn.event
[LYN]	Fonts/build/GlyphText/FontText_6346.font.lyn.event
[LYN]	Fonts/build/GlyphText/FontText_5ED3.font.lyn.event
[LYN]	Fonts/build/GlyphText/FontText_5587.font.lyn.event
[LYN]	Fonts/build/GlyphText/FontText_8721.font.lyn.event
[LYN]	Fonts/build/GlyphText/FontText_814A.font.lyn.event
[LYN]	Fonts/build/GlyphText/FontText_9611.font.lyn.event
[LYN]	Fonts/build/GlyphText/FontText_8C30.font.lyn.event
[LYN]	Fonts/build/GlyphText/FontText_63FD.font.lyn.event
[LYN]	Fonts/build/GlyphText/FontText_7405.font.lyn.event
[LYN]	Fonts/build/GlyphText/FontText_6994.font.lyn.event
[LYN]	Fonts/build/GlyphText/FontText_5ECA.font.lyn.event
[LYN]	Fonts/build/GlyphText/FontText_4F6C.font.lyn.event
[LYN]	Fonts/build/GlyphText/FontText_59E5.font.lyn.event
[LYN]	Fonts/build/GlyphText/FontText_916A.font.lyn.event
[LYN]	Fonts/build/GlyphText/FontText_70D9.font.lyn.event
[LYN]	Fonts/build/GlyphText/FontText_6D9D.font.lyn.event
[LYN]	Fonts/build/GlyphText/FontText_956D.font.lyn.event
[LYN]	Fonts/build/GlyphText/FontText_78CA.font.lyn.event
[LYN]	Fonts/build/GlyphText/FontText_68F1.font.lyn.event
[LYN]	Fonts/build/GlyphText/FontText_5398.font.lyn.event
[LYN]	Fonts/build/GlyphText/FontText_68A8.font.lyn.event
[LYN]	Fonts/build/GlyphText/FontText_7281.font.lyn.event
[LYN]	Fonts/build/GlyphText/FontText_9CA4.font.lyn.event
[LYN]	Fonts/build/GlyphText/FontText_8354.font.lyn.event
[LYN]	Fonts/build/GlyphText/FontText_783E.font.lyn.event
[LYN]	Fonts/build/GlyphText/FontText_5088.font.lyn.event
[LYN]	Fonts/build/GlyphText/FontText_4FD0.font.lyn.event
[LYN]	Fonts/build/GlyphText/FontText_75E2.font.lyn.event
[LYN]	Fonts/build/GlyphText/FontText_7C92.font.lyn.event
[LYN]	Fonts/build/GlyphText/FontText_6CA5.font.lyn.event
[LYN]	Fonts/build/GlyphText/FontText_7483.font.lyn.event
[LYN]	Fonts/build/GlyphText/FontText_9570.font.lyn.event
[LYN]	Fonts/build/GlyphText/FontText_6D9F.font.lyn.event
[LYN]	Fonts/build/GlyphText/FontText_6881.font.lyn.event
[LYN]	Fonts/build/GlyphText/FontText_7CB1.font.lyn.event
[LYN]	Fonts/build/GlyphText/FontText_8F86.font.lyn.event
[LYN]	Fonts/build/GlyphText/FontText_667E.font.lyn.event
[LYN]	Fonts/build/GlyphText/FontText_64A9.font.lyn.event
[LYN]	Fonts/build/GlyphText/FontText_71CE.font.lyn.event
[LYN]	Fonts/build/GlyphText/FontText_5BE5.font.lyn.event
[LYN]	Fonts/build/GlyphText/FontText_6F66.font.lyn.event
[LYN]	Fonts/build/GlyphText/FontText_9563.font.lyn.event
[LYN]	Fonts/build/GlyphText/FontText_5ED6.font.lyn.event
[LYN]	Fonts/build/GlyphText/FontText_78F7.font.lyn.event
[LYN]	Fonts/build/GlyphText/FontText_8D41.font.lyn.event
[LYN]	Fonts/build/GlyphText/FontText_9716.font.lyn.event
[LYN]	Fonts/build/GlyphText/FontText_73B2.font.lyn.event
[LYN]	Fonts/build/GlyphText/FontText_83F1.font.lyn.event
[LYN]	Fonts/build/GlyphText/FontText_94C3.font.lyn.event
[LYN]	Fonts/build/GlyphText/FontText_4F36.font.lyn.event
[LYN]	Fonts/build/GlyphText/FontText_7F9A.font.lyn.event
[LYN]	Fonts/build/GlyphText/FontText_7409.font.lyn.event
[LYN]	Fonts/build/GlyphText/FontText_69B4.font.lyn.event
[LYN]	Fonts/build/GlyphText/FontText_998F.font.lyn.event
[LYN]	Fonts/build/GlyphText/FontText_5218.font.lyn.event
[LYN]	Fonts/build/GlyphText/FontText_7624.font.lyn.event
[LYN]	Fonts/build/GlyphText/FontText_67F3.font.lyn.event
[LYN]	Fonts/build/GlyphText/FontText_7ABF.font.lyn.event
[LYN]	Fonts/build/GlyphText/FontText_5784.font.lyn.event
[LYN]	Fonts/build/GlyphText/FontText_9647.font.lyn.event
[LYN]	Fonts/build/GlyphText/FontText_5A04.font.lyn.event
[LYN]	Fonts/build/GlyphText/FontText_6402.font.lyn.event
[LYN]	Fonts/build/GlyphText/FontText_7BD3.font.lyn.event
[LYN]	Fonts/build/GlyphText/FontText_82A6.font.lyn.event
[LYN]	Fonts/build/GlyphText/FontText_9885.font.lyn.event
[LYN]	Fonts/build/GlyphText/FontText_5E90.font.lyn.event
[LYN]	Fonts/build/GlyphText/FontText_5364.font.lyn.event
[LYN]	Fonts/build/GlyphText/FontText_9E93.font.lyn.event
[LYN]	Fonts/build/GlyphText/FontText_6F5E.font.lyn.event
[LYN]	Fonts/build/GlyphText/FontText_7984.font.lyn.event
[LYN]	Fonts/build/GlyphText/FontText_5415.font.lyn.event
[LYN]	Fonts/build/GlyphText/FontText_94DD.font.lyn.event
[LYN]	Fonts/build/GlyphText/FontText_7F15.font.lyn.event
[LYN]	Fonts/build/GlyphText/FontText_6C2F.font.lyn.event
[LYN]	Fonts/build/GlyphText/FontText_6EE4.font.lyn.event
[LYN]	Fonts/build/GlyphText/FontText_5CE6.font.lyn.event
[LYN]	Fonts/build/GlyphText/FontText_631B.font.lyn.event
[LYN]	Fonts/build/GlyphText/FontText_6EE6.font.lyn.event
[LYN]	Fonts/build/GlyphText/FontText_62A1.font.lyn.event
[LYN]	Fonts/build/GlyphText/FontText_4ED1.font.lyn.event
[LYN]	Fonts/build/GlyphText/FontText_7EB6.font.lyn.event
[LYN]	Fonts/build/GlyphText/FontText_87BA.font.lyn.event
[LYN]	Fonts/build/GlyphText/FontText_9523.font.lyn.event
[LYN]	Fonts/build/GlyphText/FontText_7BA9.font.lyn.event
[LYN]	Fonts/build/GlyphText/FontText_9A86.font.lyn.event
[LYN]	Fonts/build/GlyphText/FontText_8682.font.lyn.event
[LYN]	Fonts/build/GlyphText/FontText_9EA6.font.lyn.event
[LYN]	Fonts/build/GlyphText/FontText_8C29.font.lyn.event
[LYN]	Fonts/build/GlyphText/FontText_951A.font.lyn.event
[LYN]	Fonts/build/GlyphText/FontText_94C6.font.lyn.event
[LYN]	Fonts/build/GlyphText/FontText_73AB.font.lyn.event
[LYN]	Fonts/build/GlyphText/FontText_9176.font.lyn.event
[LYN]	Fonts/build/GlyphText/FontText_7164.font.lyn.event
[LYN]	Fonts/build/GlyphText/FontText_5A92.font.lyn.event
[LYN]	Fonts/build/GlyphText/FontText_9541.font.lyn.event
[LYN]	Fonts/build/GlyphText/FontText_6AAC.font.lyn.event
[LYN]	Fonts/build/GlyphText/FontText_9530.font.lyn.event
[LYN]	Fonts/build/GlyphText/FontText_5B5F.font.lyn.event
[LYN]	Fonts/build/GlyphText/FontText_919A.font.lyn.event
[LYN]	Fonts/build/GlyphText/FontText_7CDC.font.lyn.event
[LYN]	Fonts/build/GlyphText/FontText_6CCC.font.lyn.event
[LYN]	Fonts/build/GlyphText/FontText_5E42.font.lyn.event
[LYN]	Fonts/build/GlyphText/FontText_68C9.font.lyn.event
[LYN]	Fonts/build/GlyphText/FontText_5A29.font.lyn.event
[LYN]	Fonts/build/GlyphText/FontText_7F05.font.lyn.event
[LYN]	Fonts/build/GlyphText/FontText_85D0.font.lyn.event
[LYN]	Fonts/build/GlyphText/FontText_5E99.font.lyn.event
[LYN]	Fonts/build/GlyphText/FontText_76BF.font.lyn.event
[LYN]	Fonts/build/GlyphText/FontText_95FD.font.lyn.event
[LYN]	Fonts/build/GlyphText/FontText_879F.font.lyn.event
[LYN]	Fonts/build/GlyphText/FontText_6479.font.lyn.event
[LYN]	Fonts/build/GlyphText/FontText_8611.font.lyn.event
[LYN]	Fonts/build/GlyphText/FontText_819C.font.lyn.event
[LYN]	Fonts/build/GlyphText/FontText_58A8.font.lyn.event
[LYN]	Fonts/build/GlyphText/FontText_6CAB.font.lyn.event
[LYN]	Fonts/build/GlyphText/FontText_725F.font.lyn.event
[LYN]	Fonts/build/GlyphText/FontText_62C7.font.lyn.event
[LYN]	Fonts/build/GlyphText/FontText_7261.font.lyn.event
[LYN]	Fonts/build/GlyphText/FontText_4EA9.font.lyn.event
[LYN]	Fonts/build/GlyphText/FontText_66AE.font.lyn.event
[LYN]	Fonts/build/GlyphText/FontText_6C16.font.lyn.event
[LYN]	Fonts/build/GlyphText/FontText_6DD6.font.lyn.event
[LYN]	Fonts/build/GlyphText/FontText_9713.font.lyn.event
[LYN]	Fonts/build/GlyphText/FontText_502A.font.lyn.event
[LYN]	Fonts/build/GlyphText/FontText_62DF.font.lyn.event
[LYN]	Fonts/build/GlyphText/FontText_533F.font.lyn.event
[LYN]	Fonts/build/GlyphText/FontText_852B.font.lyn.event
[LYN]	Fonts/build/GlyphText/FontText_62C8.font.lyn.event
[LYN]	Fonts/build/GlyphText/FontText_78BE.font.lyn.event
[LYN]	Fonts/build/GlyphText/FontText_64B5.font.lyn.event
[LYN]	Fonts/build/GlyphText/FontText_637B.font.lyn.event
[LYN]	Fonts/build/GlyphText/FontText_917F.font.lyn.event
[LYN]	Fonts/build/GlyphText/FontText_5C3F.font.lyn.event
[LYN]	Fonts/build/GlyphText/FontText_8042.font.lyn.event
[LYN]	Fonts/build/GlyphText/FontText_556E.font.lyn.event
[LYN]	Fonts/build/GlyphText/FontText_954A.font.lyn.event
[LYN]	Fonts/build/GlyphText/FontText_954D.font.lyn.event
[LYN]	Fonts/build/GlyphText/FontText_6D85.font.lyn.event
[LYN]	Fonts/build/GlyphText/FontText_67E0.font.lyn.event
[LYN]	Fonts/build/GlyphText/FontText_72DE.font.lyn.event
[LYN]	Fonts/build/GlyphText/FontText_62E7.font.lyn.event
[LYN]	Fonts/build/GlyphText/FontText_94AE.font.lyn.event
[LYN]	Fonts/build/GlyphText/FontText_8113.font.lyn.event
[LYN]	Fonts/build/GlyphText/FontText_759F.font.lyn.event
[LYN]	Fonts/build/GlyphText/FontText_7CEF.font.lyn.event
[LYN]	Fonts/build/GlyphText/FontText_6B27.font.lyn.event
[LYN]	Fonts/build/GlyphText/FontText_85D5.font.lyn.event
[LYN]	Fonts/build/GlyphText/FontText_9E25.font.lyn.event
[LYN]	Fonts/build/GlyphText/FontText_6CA4.font.lyn.event
[LYN]	Fonts/build/GlyphText/FontText_7436.font.lyn.event
[LYN]	Fonts/build/GlyphText/FontText_6500.font.lyn.event
[LYN]	Fonts/build/GlyphText/FontText_7554.font.lyn.event
[LYN]	Fonts/build/GlyphText/FontText_4E53.font.lyn.event
[LYN]	Fonts/build/GlyphText/FontText_802A.font.lyn.event
[LYN]	Fonts/build/GlyphText/FontText_5228.font.lyn.event
[LYN]	Fonts/build/GlyphText/FontText_80DA.font.lyn.event
[LYN]	Fonts/build/GlyphText/FontText_88F4.font.lyn.event
[LYN]	Fonts/build/GlyphText/FontText_76C6.font.lyn.event
[LYN]	Fonts/build/GlyphText/FontText_7830.font.lyn.event
[LYN]	Fonts/build/GlyphText/FontText_62A8.font.lyn.event
[LYN]	Fonts/build/GlyphText/FontText_70F9.font.lyn.event
[LYN]	Fonts/build/GlyphText/FontText_5F6D.font.lyn.event
[LYN]	Fonts/build/GlyphText/FontText_68DA.font.lyn.event
[LYN]	Fonts/build/GlyphText/FontText_787C.font.lyn.event
[LYN]	Fonts/build/GlyphText/FontText_81A8.font.lyn.event
[LYN]	Fonts/build/GlyphText/FontText_9E4F.font.lyn.event
[LYN]	Fonts/build/GlyphText/FontText_6367.font.lyn.event
[LYN]	Fonts/build/GlyphText/FontText_576F.font.lyn.event
[LYN]	Fonts/build/GlyphText/FontText_7812.font.lyn.event
[LYN]	Fonts/build/GlyphText/FontText_9739.font.lyn.event
[LYN]	Fonts/build/GlyphText/FontText_7435.font.lyn.event
[LYN]	Fonts/build/GlyphText/FontText_6BD7.font.lyn.event
[LYN]	Fonts/build/GlyphText/FontText_5564.font.lyn.event
[LYN]	Fonts/build/GlyphText/FontText_74E2.font.lyn.event
[LYN]	Fonts/build/GlyphText/FontText_75DE.font.lyn.event
[LYN]	Fonts/build/GlyphText/FontText_77A5.font.lyn.event
[LYN]	Fonts/build/GlyphText/FontText_8058.font.lyn.event
[LYN]	Fonts/build/GlyphText/FontText_4E52.font.lyn.event
[LYN]	Fonts/build/GlyphText/FontText_576A.font.lyn.event
[LYN]	Fonts/build/GlyphText/FontText_5761.font.lyn.event
[LYN]	Fonts/build/GlyphText/FontText_74F6.font.lyn.event
[LYN]	Fonts/build/GlyphText/FontText_7C95.font.lyn.event
[LYN]	Fonts/build/GlyphText/FontText_5256.font.lyn.event
[LYN]	Fonts/build/GlyphText/FontText_8386.font.lyn.event
[LYN]	Fonts/build/GlyphText/FontText_8461.font.lyn.event
[LYN]	Fonts/build/GlyphText/FontText_84B2.font.lyn.event
[LYN]	Fonts/build/GlyphText/FontText_57D4.font.lyn.event
[LYN]	Fonts/build/GlyphText/FontText_5703.font.lyn.event
[LYN]	Fonts/build/GlyphText/FontText_6D66.font.lyn.event
[LYN]	Fonts/build/GlyphText/FontText_66DD.font.lyn.event
[LYN]	Fonts/build/GlyphText/FontText_7011.font.lyn.event
[LYN]	Fonts/build/GlyphText/FontText_67D2.font.lyn.event
[LYN]	Fonts/build/GlyphText/FontText_6C8F.font.lyn.event
[LYN]	Fonts/build/GlyphText/FontText_7566.font.lyn.event
[LYN]	Fonts/build/GlyphText/FontText_8110.font.lyn.event
[LYN]	Fonts/build/GlyphText/FontText_7941.font.lyn.event
[LYN]	Fonts/build/GlyphText/FontText_780C.font.lyn.event
[LYN]	Fonts/build/GlyphText/FontText_6C7D.font.lyn.event
[LYN]	Fonts/build/GlyphText/FontText_8BAB.font.lyn.event
[LYN]	Fonts/build/GlyphText/FontText_6266.font.lyn.event
[LYN]	Fonts/build/GlyphText/FontText_948E.font.lyn.event
[LYN]	Fonts/build/GlyphText/FontText_94C5.font.lyn.event
[LYN]	Fonts/build/GlyphText/FontText_4EDF.font.lyn.event
[LYN]	Fonts/build/GlyphText/FontText_4E7E.font.lyn.event
[LYN]	Fonts/build/GlyphText/FontText_9ED4.font.lyn.event
[LYN]	Fonts/build/GlyphText/FontText_94B3.font.lyn.event
[LYN]	Fonts/build/GlyphText/FontText_5811.font.lyn.event
[LYN]	Fonts/build/GlyphText/FontText_7F8C.font.lyn.event
[LYN]	Fonts/build/GlyphText/FontText_8537.font.lyn.event
[LYN]	Fonts/build/GlyphText/FontText_6A47.font.lyn.event
[LYN]	Fonts/build/GlyphText/FontText_9539.font.lyn.event
[LYN]	Fonts/build/GlyphText/FontText_4FA8.font.lyn.event
[LYN]	Fonts/build/GlyphText/FontText_64AC.font.lyn.event
[LYN]	Fonts/build/GlyphText/FontText_8304.font.lyn.event
[LYN]	Fonts/build/GlyphText/FontText_79E6.font.lyn.event
[LYN]	Fonts/build/GlyphText/FontText_7434.font.lyn.event
[LYN]	Fonts/build/GlyphText/FontText_82B9.font.lyn.event
[LYN]	Fonts/build/GlyphText/FontText_6C81.font.lyn.event
[LYN]	Fonts/build/GlyphText/FontText_6C22.font.lyn.event
[LYN]	Fonts/build/GlyphText/FontText_64CE.font.lyn.event
[LYN]	Fonts/build/GlyphText/FontText_9877.font.lyn.event
[LYN]	Fonts/build/GlyphText/FontText_6C30.font.lyn.event
[LYN]	Fonts/build/GlyphText/FontText_743C.font.lyn.event
[LYN]	Fonts/build/GlyphText/FontText_90B1.font.lyn.event
[LYN]	Fonts/build/GlyphText/FontText_914B.font.lyn.event
[LYN]	Fonts/build/GlyphText/FontText_6CC5.font.lyn.event
[LYN]	Fonts/build/GlyphText/FontText_86C6.font.lyn.event
[LYN]	Fonts/build/GlyphText/FontText_6E20.font.lyn.event
[LYN]	Fonts/build/GlyphText/FontText_9F8B.font.lyn.event
[LYN]	Fonts/build/GlyphText/FontText_98A7.font.lyn.event
[LYN]	Fonts/build/GlyphText/FontText_919B.font.lyn.event
[LYN]	Fonts/build/GlyphText/FontText_7094.font.lyn.event
[LYN]	Fonts/build/GlyphText/FontText_7638.font.lyn.event
[LYN]	Fonts/build/GlyphText/FontText_9E4A.font.lyn.event
[LYN]	Fonts/build/GlyphText/FontText_69B7.font.lyn.event
[LYN]	Fonts/build/GlyphText/FontText_96C0.font.lyn.event
[LYN]	Fonts/build/GlyphText/FontText_5189.font.lyn.event
[LYN]	Fonts/build/GlyphText/FontText_74E4.font.lyn.event
[LYN]	Fonts/build/GlyphText/FontText_6518.font.lyn.event
[LYN]	Fonts/build/GlyphText/FontText_58EC.font.lyn.event
[LYN]	Fonts/build/GlyphText/FontText_598A.font.lyn.event
[LYN]	Fonts/build/GlyphText/FontText_7EAB.font.lyn.event
[LYN]	Fonts/build/GlyphText/FontText_8338.font.lyn.event
[LYN]	Fonts/build/GlyphText/FontText_84C9.font.lyn.event
[LYN]	Fonts/build/GlyphText/FontText_5197.font.lyn.event
[LYN]	Fonts/build/GlyphText/FontText_63C9.font.lyn.event
[LYN]	Fonts/build/GlyphText/FontText_8339.font.lyn.event
[LYN]	Fonts/build/GlyphText/FontText_8815.font.lyn.event
[LYN]	Fonts/build/GlyphText/FontText_5112.font.lyn.event
[LYN]	Fonts/build/GlyphText/FontText_5B7A.font.lyn.event
[LYN]	Fonts/build/GlyphText/FontText_8925.font.lyn.event
[LYN]	Fonts/build/GlyphText/FontText_854A.font.lyn.event
[LYN]	Fonts/build/GlyphText/FontText_962E.font.lyn.event
[LYN]	Fonts/build/GlyphText/FontText_95F0.font.lyn.event
[LYN]	Fonts/build/GlyphText/FontText_6DA6.font.lyn.event
[LYN]	Fonts/build/GlyphText/FontText_816E.font.lyn.event
[LYN]	Fonts/build/GlyphText/FontText_9CC3.font.lyn.event
[LYN]	Fonts/build/GlyphText/FontText_53C1.font.lyn.event
[LYN]	Fonts/build/GlyphText/FontText_4F1E.font.lyn.event
[LYN]	Fonts/build/GlyphText/FontText_6414.font.lyn.event
[LYN]	Fonts/build/GlyphText/FontText_5AC2.font.lyn.event
[LYN]	Fonts/build/GlyphText/FontText_7B5B.font.lyn.event
[LYN]	Fonts/build/GlyphText/FontText_73CA.font.lyn.event
[LYN]	Fonts/build/GlyphText/FontText_82EB.font.lyn.event
[LYN]	Fonts/build/GlyphText/FontText_6749.font.lyn.event
[LYN]	Fonts/build/GlyphText/FontText_886B.font.lyn.event
[LYN]	Fonts/build/GlyphText/FontText_9655.font.lyn.event
[LYN]	Fonts/build/GlyphText/FontText_8D61.font.lyn.event
[LYN]	Fonts/build/GlyphText/FontText_81B3.font.lyn.event
[LYN]	Fonts/build/GlyphText/FontText_6C55.font.lyn.event
[LYN]	Fonts/build/GlyphText/FontText_7F2E.font.lyn.event
[LYN]	Fonts/build/GlyphText/FontText_5892.font.lyn.event
[LYN]	Fonts/build/GlyphText/FontText_664C.font.lyn.event
[LYN]	Fonts/build/GlyphText/FontText_88F3.font.lyn.event
[LYN]	Fonts/build/GlyphText/FontText_68A2.font.lyn.event
[LYN]	Fonts/build/GlyphText/FontText_828D.font.lyn.event
[LYN]	Fonts/build/GlyphText/FontText_52FA.font.lyn.event
[LYN]	Fonts/build/GlyphText/FontText_97F6.font.lyn.event
[LYN]	Fonts/build/GlyphText/FontText_90B5.font.lyn.event
[LYN]	Fonts/build/GlyphText/FontText_6151.font.lyn.event
[LYN]	Fonts/build/GlyphText/FontText_7837.font.lyn.event
[LYN]	Fonts/build/GlyphText/FontText_5A20.font.lyn.event
[LYN]	Fonts/build/GlyphText/FontText_6C88.font.lyn.event
[LYN]	Fonts/build/GlyphText/FontText_80BE.font.lyn.event
[LYN]	Fonts/build/GlyphText/FontText_8671.font.lyn.event
[LYN]	Fonts/build/GlyphText/FontText_9A76.font.lyn.event
[LYN]	Fonts/build/GlyphText/FontText_6C0F.font.lyn.event
[LYN]	Fonts/build/GlyphText/FontText_6043.font.lyn.event
[LYN]	Fonts/build/GlyphText/FontText_852C.font.lyn.event
[LYN]	Fonts/build/GlyphText/FontText_67A2.font.lyn.event
[LYN]	Fonts/build/GlyphText/FontText_6292.font.lyn.event
[LYN]	Fonts/build/GlyphText/FontText_85AF.font.lyn.event
[LYN]	Fonts/build/GlyphText/FontText_66D9.font.lyn.event
[LYN]	Fonts/build/GlyphText/FontText_8700.font.lyn.event
[LYN]	Fonts/build/GlyphText/FontText_9ECD.font.lyn.event
[LYN]	Fonts/build/GlyphText/FontText_620D.font.lyn.event
[LYN]	Fonts/build/GlyphText/FontText_5885.font.lyn.event
[LYN]	Fonts/build/GlyphText/FontText_6F31.font.lyn.event
[LYN]	Fonts/build/GlyphText/FontText_5237.font.lyn.event
[LYN]	Fonts/build/GlyphText/FontText_6813.font.lyn.event
[LYN]	Fonts/build/GlyphText/FontText_971C.font.lyn.event
[LYN]	Fonts/build/GlyphText/FontText_542E.font.lyn.event
[LYN]	Fonts/build/GlyphText/FontText_821C.font.lyn.event
[LYN]	Fonts/build/GlyphText/FontText_6714.font.lyn.event
[LYN]	Fonts/build/GlyphText/FontText_5636.font.lyn.event
[LYN]	Fonts/build/GlyphText/FontText_5BFA.font.lyn.event
[LYN]	Fonts/build/GlyphText/FontText_55E3.font.lyn.event
[LYN]	Fonts/build/GlyphText/FontText_5DF3.font.lyn.event
[LYN]	Fonts/build/GlyphText/FontText_5B8B.font.lyn.event
[LYN]	Fonts/build/GlyphText/FontText_8BBC.font.lyn.event
[LYN]	Fonts/build/GlyphText/FontText_64DE.font.lyn.event
[LYN]	Fonts/build/GlyphText/FontText_55FD.font.lyn.event
[LYN]	Fonts/build/GlyphText/FontText_9165.font.lyn.event
[LYN]	Fonts/build/GlyphText/FontText_7C9F.font.lyn.event
[LYN]	Fonts/build/GlyphText/FontText_50F3.font.lyn.event
[LYN]	Fonts/build/GlyphText/FontText_5851.font.lyn.event
[LYN]	Fonts/build/GlyphText/FontText_6EAF.font.lyn.event
[LYN]	Fonts/build/GlyphText/FontText_849C.font.lyn.event
[LYN]	Fonts/build/GlyphText/FontText_968B.font.lyn.event
[LYN]	Fonts/build/GlyphText/FontText_7EE5.font.lyn.event
[LYN]	Fonts/build/GlyphText/FontText_7A57.font.lyn.event
[LYN]	Fonts/build/GlyphText/FontText_9042.font.lyn.event
[LYN]	Fonts/build/GlyphText/FontText_96A7.font.lyn.event
[LYN]	Fonts/build/GlyphText/FontText_795F.font.lyn.event
[LYN]	Fonts/build/GlyphText/FontText_7B0B.font.lyn.event
[LYN]	Fonts/build/GlyphText/FontText_84D1.font.lyn.event
[LYN]	Fonts/build/GlyphText/FontText_736D.font.lyn.event
[LYN]	Fonts/build/GlyphText/FontText_631E.font.lyn.event
[LYN]	Fonts/build/GlyphText/FontText_82D4.font.lyn.event
[LYN]	Fonts/build/GlyphText/FontText_915E.font.lyn.event
[LYN]	Fonts/build/GlyphText/FontText_6C70.font.lyn.event
[LYN]	Fonts/build/GlyphText/FontText_574D.font.lyn.event
[LYN]	Fonts/build/GlyphText/FontText_6EE9.font.lyn.event
[LYN]	Fonts/build/GlyphText/FontText_6A80.font.lyn.event
[LYN]	Fonts/build/GlyphText/FontText_75F0.font.lyn.event
[LYN]	Fonts/build/GlyphText/FontText_6F6D.font.lyn.event
[LYN]	Fonts/build/GlyphText/FontText_8C2D.font.lyn.event
[LYN]	Fonts/build/GlyphText/FontText_8892.font.lyn.event
[LYN]	Fonts/build/GlyphText/FontText_78B3.font.lyn.event
[LYN]	Fonts/build/GlyphText/FontText_5858.font.lyn.event
[LYN]	Fonts/build/GlyphText/FontText_68E0.font.lyn.event
[LYN]	Fonts/build/GlyphText/FontText_6ED4.font.lyn.event
[LYN]	Fonts/build/GlyphText/FontText_8404.font.lyn.event
[LYN]	Fonts/build/GlyphText/FontText_7EE6.font.lyn.event
[LYN]	Fonts/build/GlyphText/FontText_85E4.font.lyn.event
[LYN]	Fonts/build/GlyphText/FontText_8A8A.font.lyn.event
[LYN]	Fonts/build/GlyphText/FontText_9511.font.lyn.event
[LYN]	Fonts/build/GlyphText/FontText_8E44.font.lyn.event
[LYN]	Fonts/build/GlyphText/FontText_568F.font.lyn.event
[LYN]	Fonts/build/GlyphText/FontText_5243.font.lyn.event
[LYN]	Fonts/build/GlyphText/FontText_5C49.font.lyn.event
[LYN]	Fonts/build/GlyphText/FontText_8214.font.lyn.event
[LYN]	Fonts/build/GlyphText/FontText_8146.font.lyn.event
[LYN]	Fonts/build/GlyphText/FontText_5E16.font.lyn.event
[LYN]	Fonts/build/GlyphText/FontText_70C3.font.lyn.event
[LYN]	Fonts/build/GlyphText/FontText_6C40.font.lyn.event
[LYN]	Fonts/build/GlyphText/FontText_8247.font.lyn.event
[LYN]	Fonts/build/GlyphText/FontText_6850.font.lyn.event
[LYN]	Fonts/build/GlyphText/FontText_916E.font.lyn.event
[LYN]	Fonts/build/GlyphText/FontText_94DC.font.lyn.event
[LYN]	Fonts/build/GlyphText/FontText_5F64.font.lyn.event
[LYN]	Fonts/build/GlyphText/FontText_6345.font.lyn.event
[LYN]	Fonts/build/GlyphText/FontText_7B52.font.lyn.event
[LYN]	Fonts/build/GlyphText/FontText_51F8.font.lyn.event
[LYN]	Fonts/build/GlyphText/FontText_6E4D.font.lyn.event
[LYN]	Fonts/build/GlyphText/FontText_8715.font.lyn.event
[LYN]	Fonts/build/GlyphText/FontText_892A.font.lyn.event
[LYN]	Fonts/build/GlyphText/FontText_5C6F.font.lyn.event
[LYN]	Fonts/build/GlyphText/FontText_81C0.font.lyn.event
[LYN]	Fonts/build/GlyphText/FontText_9E35.font.lyn.event
[LYN]	Fonts/build/GlyphText/FontText_9640.font.lyn.event
[LYN]	Fonts/build/GlyphText/FontText_9A6E.font.lyn.event
[LYN]	Fonts/build/GlyphText/FontText_9A7C.font.lyn.event
[LYN]	Fonts/build/GlyphText/FontText_692D.font.lyn.event
[LYN]	Fonts/build/GlyphText/FontText_6D3C.font.lyn.event
[LYN]	Fonts/build/GlyphText/FontText_889C.font.lyn.event
[LYN]	Fonts/build/GlyphText/FontText_8C4C.font.lyn.event
[LYN]	Fonts/build/GlyphText/FontText_70F7.font.lyn.event
[LYN]	Fonts/build/GlyphText/FontText_7897.font.lyn.event
[LYN]	Fonts/build/GlyphText/FontText_7696.font.lyn.event
[LYN]	Fonts/build/GlyphText/FontText_5B9B.font.lyn.event
[LYN]	Fonts/build/GlyphText/FontText_65FA.font.lyn.event
[LYN]	Fonts/build/GlyphText/FontText_5DCD.font.lyn.event
[LYN]	Fonts/build/GlyphText/FontText_6F4D.font.lyn.event
[LYN]	Fonts/build/GlyphText/FontText_82C7.font.lyn.event
[LYN]	Fonts/build/GlyphText/FontText_7EAC.font.lyn.event
[LYN]	Fonts/build/GlyphText/FontText_851A.font.lyn.event
[LYN]	Fonts/build/GlyphText/FontText_9B4F.font.lyn.event
[LYN]	Fonts/build/GlyphText/FontText_6E2D.font.lyn.event
[LYN]	Fonts/build/GlyphText/FontText_5C09.font.lyn.event
[LYN]	Fonts/build/GlyphText/FontText_868A.font.lyn.event
[LYN]	Fonts/build/GlyphText/FontText_55E1.font.lyn.event
[LYN]	Fonts/build/GlyphText/FontText_631D.font.lyn.event
[LYN]	Fonts/build/GlyphText/FontText_8717.font.lyn.event
[LYN]	Fonts/build/GlyphText/FontText_65A1.font.lyn.event
[LYN]	Fonts/build/GlyphText/FontText_94A8.font.lyn.event
[LYN]	Fonts/build/GlyphText/FontText_68A7.font.lyn.event
[LYN]	Fonts/build/GlyphText/FontText_5434.font.lyn.event
[LYN]	Fonts/build/GlyphText/FontText_6342.font.lyn.event
[LYN]	Fonts/build/GlyphText/FontText_5348.font.lyn.event
[LYN]	Fonts/build/GlyphText/FontText_575E.font.lyn.event
[LYN]	Fonts/build/GlyphText/FontText_620A.font.lyn.event
[LYN]	Fonts/build/GlyphText/FontText_6664.font.lyn.event
[LYN]	Fonts/build/GlyphText/FontText_7852.font.lyn.event
[LYN]	Fonts/build/GlyphText/FontText_7199.font.lyn.event
[LYN]	Fonts/build/GlyphText/FontText_77FD.font.lyn.event
[LYN]	Fonts/build/GlyphText/FontText_9521.font.lyn.event
[LYN]	Fonts/build/GlyphText/FontText_7184.font.lyn.event
[LYN]	Fonts/build/GlyphText/FontText_70EF.font.lyn.event
[LYN]	Fonts/build/GlyphText/FontText_6C50.font.lyn.event
[LYN]	Fonts/build/GlyphText/FontText_7280.font.lyn.event
[LYN]	Fonts/build/GlyphText/FontText_6A84.font.lyn.event
[LYN]	Fonts/build/GlyphText/FontText_94E3.font.lyn.event
[LYN]	Fonts/build/GlyphText/FontText_5323.font.lyn.event
[LYN]	Fonts/build/GlyphText/FontText_971E.font.lyn.event
[LYN]	Fonts/build/GlyphText/FontText_5CE1.font.lyn.event
[LYN]	Fonts/build/GlyphText/FontText_53A6.font.lyn.event
[LYN]	Fonts/build/GlyphText/FontText_4ED9.font.lyn.event
[LYN]	Fonts/build/GlyphText/FontText_9528.font.lyn.event
[LYN]	Fonts/build/GlyphText/FontText_6D8E.font.lyn.event
[LYN]	Fonts/build/GlyphText/FontText_53BF.font.lyn.event
[LYN]	Fonts/build/GlyphText/FontText_9985.font.lyn.event
[LYN]	Fonts/build/GlyphText/FontText_5BAA.font.lyn.event
[LYN]	Fonts/build/GlyphText/FontText_8944.font.lyn.event
[LYN]	Fonts/build/GlyphText/FontText_6E58.font.lyn.event
[LYN]	Fonts/build/GlyphText/FontText_6A61.font.lyn.event
[LYN]	Fonts/build/GlyphText/FontText_8427.font.lyn.event
[LYN]	Fonts/build/GlyphText/FontText_785D.font.lyn.event
[LYN]	Fonts/build/GlyphText/FontText_9704.font.lyn.event
[LYN]	Fonts/build/GlyphText/FontText_5BB5.font.lyn.event
[LYN]	Fonts/build/GlyphText/FontText_6DC6.font.lyn.event
[LYN]	Fonts/build/GlyphText/FontText_5578.font.lyn.event
[LYN]	Fonts/build/GlyphText/FontText_6954.font.lyn.event
[LYN]	Fonts/build/GlyphText/FontText_874E.font.lyn.event
[LYN]	Fonts/build/GlyphText/FontText_68B0.font.lyn.event
[LYN]	Fonts/build/GlyphText/FontText_5378.font.lyn.event
[LYN]	Fonts/build/GlyphText/FontText_6CFB.font.lyn.event
[LYN]	Fonts/build/GlyphText/FontText_5C51.font.lyn.event
[LYN]	Fonts/build/GlyphText/FontText_82AF.font.lyn.event
[LYN]	Fonts/build/GlyphText/FontText_950C.font.lyn.event
[LYN]	Fonts/build/GlyphText/FontText_5FFB.font.lyn.event
[LYN]	Fonts/build/GlyphText/FontText_7329.font.lyn.event
[LYN]	Fonts/build/GlyphText/FontText_90A2.font.lyn.event
[LYN]	Fonts/build/GlyphText/FontText_674F.font.lyn.event
[LYN]	Fonts/build/GlyphText/FontText_5308.font.lyn.event
[LYN]	Fonts/build/GlyphText/FontText_6C79.font.lyn.event
[LYN]	Fonts/build/GlyphText/FontText_718A.font.lyn.event
[LYN]	Fonts/build/GlyphText/FontText_620C.font.lyn.event
[LYN]	Fonts/build/GlyphText/FontText_5F90.font.lyn.event
[LYN]	Fonts/build/GlyphText/FontText_9157.font.lyn.event
[LYN]	Fonts/build/GlyphText/FontText_65ED.font.lyn.event
[LYN]	Fonts/build/GlyphText/FontText_7D6E.font.lyn.event
[LYN]	Fonts/build/GlyphText/FontText_8F69.font.lyn.event
[LYN]	Fonts/build/GlyphText/FontText_55A7.font.lyn.event
[LYN]	Fonts/build/GlyphText/FontText_7663.font.lyn.event
[LYN]	Fonts/build/GlyphText/FontText_7EDA.font.lyn.event
[LYN]	Fonts/build/GlyphText/FontText_859B.font.lyn.event
[LYN]	Fonts/build/GlyphText/FontText_718F.font.lyn.event
[LYN]	Fonts/build/GlyphText/FontText_65EC.font.lyn.event
[LYN]	Fonts/build/GlyphText/FontText_9A6F.font.lyn.event
[LYN]	Fonts/build/GlyphText/FontText_6B89.font.lyn.event
[LYN]	Fonts/build/GlyphText/FontText_6C5B.font.lyn.event
[LYN]	Fonts/build/GlyphText/FontText_9E2D.font.lyn.event
[LYN]	Fonts/build/GlyphText/FontText_869C.font.lyn.event
[LYN]	Fonts/build/GlyphText/FontText_8859.font.lyn.event
[LYN]	Fonts/build/GlyphText/FontText_54D1.font.lyn.event
[LYN]	Fonts/build/GlyphText/FontText_9609.font.lyn.event
[LYN]	Fonts/build/GlyphText/FontText_76D0.font.lyn.event
[LYN]	Fonts/build/GlyphText/FontText_8712.font.lyn.event
[LYN]	Fonts/build/GlyphText/FontText_960E.font.lyn.event
[LYN]	Fonts/build/GlyphText/FontText_5830.font.lyn.event
[LYN]	Fonts/build/GlyphText/FontText_71D5.font.lyn.event
[LYN]	Fonts/build/GlyphText/FontText_781A.font.lyn.event
[LYN]	Fonts/build/GlyphText/FontText_5501.font.lyn.event
[LYN]	Fonts/build/GlyphText/FontText_5F66.font.lyn.event
[LYN]	Fonts/build/GlyphText/FontText_8C1A.font.lyn.event
[LYN]	Fonts/build/GlyphText/FontText_9E2F.font.lyn.event
[LYN]	Fonts/build/GlyphText/FontText_79E7.font.lyn.event
[LYN]	Fonts/build/GlyphText/FontText_4F6F.font.lyn.event
[LYN]	Fonts/build/GlyphText/FontText_75A1.font.lyn.event
[LYN]	Fonts/build/GlyphText/FontText_6C27.font.lyn.event
[LYN]	Fonts/build/GlyphText/FontText_6F3E.font.lyn.event
[LYN]	Fonts/build/GlyphText/FontText_7476.font.lyn.event
[LYN]	Fonts/build/GlyphText/FontText_5C27.font.lyn.event
[LYN]	Fonts/build/GlyphText/FontText_7A91.font.lyn.event
[LYN]	Fonts/build/GlyphText/FontText_8C23.font.lyn.event
[LYN]	Fonts/build/GlyphText/FontText_59DA.font.lyn.event
[LYN]	Fonts/build/GlyphText/FontText_8200.font.lyn.event
[LYN]	Fonts/build/GlyphText/FontText_6930.font.lyn.event
[LYN]	Fonts/build/GlyphText/FontText_564E.font.lyn.event
[LYN]	Fonts/build/GlyphText/FontText_51B6.font.lyn.event
[LYN]	Fonts/build/GlyphText/FontText_6396.font.lyn.event
[LYN]	Fonts/build/GlyphText/FontText_66F3.font.lyn.event
[LYN]	Fonts/build/GlyphText/FontText_58F9.font.lyn.event
[LYN]	Fonts/build/GlyphText/FontText_63D6.font.lyn.event
[LYN]	Fonts/build/GlyphText/FontText_94F1.font.lyn.event
[LYN]	Fonts/build/GlyphText/FontText_5937.font.lyn.event
[LYN]	Fonts/build/GlyphText/FontText_80F0.font.lyn.event
[LYN]	Fonts/build/GlyphText/FontText_6C82.font.lyn.event
[LYN]	Fonts/build/GlyphText/FontText_5F5D.font.lyn.event
[LYN]	Fonts/build/GlyphText/FontText_501A.font.lyn.event
[LYN]	Fonts/build/GlyphText/FontText_4E59.font.lyn.event
[LYN]	Fonts/build/GlyphText/FontText_77E3.font.lyn.event
[LYN]	Fonts/build/GlyphText/FontText_9091.font.lyn.event
[LYN]	Fonts/build/GlyphText/FontText_5C79.font.lyn.event
[LYN]	Fonts/build/GlyphText/FontText_81C6.font.lyn.event
[LYN]	Fonts/build/GlyphText/FontText_9038.font.lyn.event
[LYN]	Fonts/build/GlyphText/FontText_8084.font.lyn.event
[LYN]	Fonts/build/GlyphText/FontText_75AB.font.lyn.event
[LYN]	Fonts/build/GlyphText/FontText_8BD1.font.lyn.event
[LYN]	Fonts/build/GlyphText/FontText_7FCC.font.lyn.event
[LYN]	Fonts/build/GlyphText/FontText_8335.font.lyn.event
[LYN]	Fonts/build/GlyphText/FontText_6BB7.font.lyn.event
[LYN]	Fonts/build/GlyphText/FontText_59FB.font.lyn.event
[LYN]	Fonts/build/GlyphText/FontText_6DEB.font.lyn.event
[LYN]	Fonts/build/GlyphText/FontText_5BC5.font.lyn.event
[LYN]	Fonts/build/GlyphText/FontText_5C39.font.lyn.event
[LYN]	Fonts/build/GlyphText/FontText_6A31.font.lyn.event
[LYN]	Fonts/build/GlyphText/FontText_7F28.font.lyn.event
[LYN]	Fonts/build/GlyphText/FontText_83B9.font.lyn.event
[LYN]	Fonts/build/GlyphText/FontText_8367.font.lyn.event
[LYN]	Fonts/build/GlyphText/FontText_8747.font.lyn.event
[LYN]	Fonts/build/GlyphText/FontText_76C8.font.lyn.event
[LYN]	Fonts/build/GlyphText/FontText_9896.font.lyn.event
[LYN]	Fonts/build/GlyphText/FontText_81C3.font.lyn.event
[LYN]	Fonts/build/GlyphText/FontText_75C8.font.lyn.event
[LYN]	Fonts/build/GlyphText/FontText_96CD.font.lyn.event
[LYN]	Fonts/build/GlyphText/FontText_8E0A.font.lyn.event
[LYN]	Fonts/build/GlyphText/FontText_86F9.font.lyn.event
[LYN]	Fonts/build/GlyphText/FontText_90AE.font.lyn.event
[LYN]	Fonts/build/GlyphText/FontText_94C0.font.lyn.event
[LYN]	Fonts/build/GlyphText/FontText_9149.font.lyn.event
[LYN]	Fonts/build/GlyphText/FontText_91C9.font.lyn.event
[LYN]	Fonts/build/GlyphText/FontText_8FC2.font.lyn.event
[LYN]	Fonts/build/GlyphText/FontText_6DE4.font.lyn.event
[LYN]	Fonts/build/GlyphText/FontText_76C2.font.lyn.event
[LYN]	Fonts/build/GlyphText/FontText_6986.font.lyn.event
[LYN]	Fonts/build/GlyphText/FontText_865E.font.lyn.event
[LYN]	Fonts/build/GlyphText/FontText_8206.font.lyn.event
[LYN]	Fonts/build/GlyphText/FontText_4FDE.font.lyn.event
[LYN]	Fonts/build/GlyphText/FontText_6E1D.font.lyn.event
[LYN]	Fonts/build/GlyphText/FontText_6E14.font.lyn.event
[LYN]	Fonts/build/GlyphText/FontText_9685.font.lyn.event
[LYN]	Fonts/build/GlyphText/FontText_5A31.font.lyn.event
[LYN]	Fonts/build/GlyphText/FontText_79B9.font.lyn.event
[LYN]	Fonts/build/GlyphText/FontText_828B.font.lyn.event
[LYN]	Fonts/build/GlyphText/FontText_5CEA.font.lyn.event
[LYN]	Fonts/build/GlyphText/FontText_5BD3.font.lyn.event
[LYN]	Fonts/build/GlyphText/FontText_9E33.font.lyn.event
[LYN]	Fonts/build/GlyphText/FontText_51A4.font.lyn.event
[LYN]	Fonts/build/GlyphText/FontText_57A3.font.lyn.event
[LYN]	Fonts/build/GlyphText/FontText_8881.font.lyn.event
[LYN]	Fonts/build/GlyphText/FontText_8F95.font.lyn.event
[LYN]	Fonts/build/GlyphText/FontText_733F.font.lyn.event
[LYN]	Fonts/build/GlyphText/FontText_82D1.font.lyn.event
[LYN]	Fonts/build/GlyphText/FontText_66F0.font.lyn.event
[LYN]	Fonts/build/GlyphText/FontText_7CA4.font.lyn.event
[LYN]	Fonts/build/GlyphText/FontText_8018.font.lyn.event
[LYN]	Fonts/build/GlyphText/FontText_90E7.font.lyn.event
[LYN]	Fonts/build/GlyphText/FontText_5300.font.lyn.event
[LYN]	Fonts/build/GlyphText/FontText_9668.font.lyn.event
[LYN]	Fonts/build/GlyphText/FontText_915D.font.lyn.event
[LYN]	Fonts/build/GlyphText/FontText_531D.font.lyn.event
[LYN]	Fonts/build/GlyphText/FontText_8D43.font.lyn.event
[LYN]	Fonts/build/GlyphText/FontText_67A3.font.lyn.event
[LYN]	Fonts/build/GlyphText/FontText_6FA1.font.lyn.event
[LYN]	Fonts/build/GlyphText/FontText_86A4.font.lyn.event
[LYN]	Fonts/build/GlyphText/FontText_566A.font.lyn.event
[LYN]	Fonts/build/GlyphText/FontText_7682.font.lyn.event
[LYN]	Fonts/build/GlyphText/FontText_7076.font.lyn.event
[LYN]	Fonts/build/GlyphText/FontText_672D.font.lyn.event
[LYN]	Fonts/build/GlyphText/FontText_8F67.font.lyn.event
[LYN]	Fonts/build/GlyphText/FontText_94E1.font.lyn.event
[LYN]	Fonts/build/GlyphText/FontText_95F8.font.lyn.event
[LYN]	Fonts/build/GlyphText/FontText_6805.font.lyn.event
[LYN]	Fonts/build/GlyphText/FontText_69A8.font.lyn.event
[LYN]	Fonts/build/GlyphText/FontText_658B.font.lyn.event
[LYN]	Fonts/build/GlyphText/FontText_6BE1.font.lyn.event
[LYN]	Fonts/build/GlyphText/FontText_8A79.font.lyn.event
[LYN]	Fonts/build/GlyphText/FontText_76CF.font.lyn.event
[LYN]	Fonts/build/GlyphText/FontText_8F97.font.lyn.event
[LYN]	Fonts/build/GlyphText/FontText_5D2D.font.lyn.event
[LYN]	Fonts/build/GlyphText/FontText_8638.font.lyn.event
[LYN]	Fonts/build/GlyphText/FontText_6808.font.lyn.event
[LYN]	Fonts/build/GlyphText/FontText_6A1F.font.lyn.event
[LYN]	Fonts/build/GlyphText/FontText_6F33.font.lyn.event
[LYN]	Fonts/build/GlyphText/FontText_80C0.font.lyn.event
[LYN]	Fonts/build/GlyphText/FontText_8D75.font.lyn.event
[LYN]	Fonts/build/GlyphText/FontText_8087.font.lyn.event
[LYN]	Fonts/build/GlyphText/FontText_54F2.font.lyn.event
[LYN]	Fonts/build/GlyphText/FontText_86F0.font.lyn.event
[LYN]	Fonts/build/GlyphText/FontText_9517.font.lyn.event
[LYN]	Fonts/build/GlyphText/FontText_8517.font.lyn.event
[LYN]	Fonts/build/GlyphText/FontText_6D59.font.lyn.event
[LYN]	Fonts/build/GlyphText/FontText_7504.font.lyn.event
[LYN]	Fonts/build/GlyphText/FontText_7827.font.lyn.event
[LYN]	Fonts/build/GlyphText/FontText_8D1E.font.lyn.event
[LYN]	Fonts/build/GlyphText/FontText_75B9.font.lyn.event
[LYN]	Fonts/build/GlyphText/FontText_8BCA.font.lyn.event
[LYN]	Fonts/build/GlyphText/FontText_84B8.font.lyn.event
[LYN]	Fonts/build/GlyphText/FontText_72F0.font.lyn.event
[LYN]	Fonts/build/GlyphText/FontText_6014.font.lyn.event
[LYN]	Fonts/build/GlyphText/FontText_5E27.font.lyn.event
[LYN]	Fonts/build/GlyphText/FontText_829D.font.lyn.event
[LYN]	Fonts/build/GlyphText/FontText_6C41.font.lyn.event
[LYN]	Fonts/build/GlyphText/FontText_4F84.font.lyn.event
[LYN]	Fonts/build/GlyphText/FontText_7099.font.lyn.event
[LYN]	Fonts/build/GlyphText/FontText_75D4.font.lyn.event
[LYN]	Fonts/build/GlyphText/FontText_7A92.font.lyn.event
[LYN]	Fonts/build/GlyphText/FontText_76C5.font.lyn.event
[LYN]	Fonts/build/GlyphText/FontText_80BF.font.lyn.event
[LYN]	Fonts/build/GlyphText/FontText_5DDE.font.lyn.event
[LYN]	Fonts/build/GlyphText/FontText_8BCC.font.lyn.event
[LYN]	Fonts/build/GlyphText/FontText_7CA5.font.lyn.event
[LYN]	Fonts/build/GlyphText/FontText_8F74.font.lyn.event
[LYN]	Fonts/build/GlyphText/FontText_8098.font.lyn.event
[LYN]	Fonts/build/GlyphText/FontText_5E1A.font.lyn.event
[LYN]	Fonts/build/GlyphText/FontText_8BDB.font.lyn.event
[LYN]	Fonts/build/GlyphText/FontText_70DB.font.lyn.event
[LYN]	Fonts/build/GlyphText/FontText_716E.font.lyn.event
[LYN]	Fonts/build/GlyphText/FontText_62C4.font.lyn.event
[LYN]	Fonts/build/GlyphText/FontText_86C0.font.lyn.event
[LYN]	Fonts/build/GlyphText/FontText_8D2E.font.lyn.event
[LYN]	Fonts/build/GlyphText/FontText_94F8.font.lyn.event
[LYN]	Fonts/build/GlyphText/FontText_7816.font.lyn.event
[LYN]	Fonts/build/GlyphText/FontText_7BC6.font.lyn.event
[LYN]	Fonts/build/GlyphText/FontText_690E.font.lyn.event
[LYN]	Fonts/build/GlyphText/FontText_9525.font.lyn.event
[LYN]	Fonts/build/GlyphText/FontText_8C06.font.lyn.event
[LYN]	Fonts/build/GlyphText/FontText_62D9.font.lyn.event
[LYN]	Fonts/build/GlyphText/FontText_8301.font.lyn.event
[LYN]	Fonts/build/GlyphText/FontText_5544.font.lyn.event
[LYN]	Fonts/build/GlyphText/FontText_6DC4.font.lyn.event
[LYN]	Fonts/build/GlyphText/FontText_5B5C.font.lyn.event
[LYN]	Fonts/build/GlyphText/FontText_7C7D.font.lyn.event
[LYN]	Fonts/build/GlyphText/FontText_6E0D.font.lyn.event
[LYN]	Fonts/build/GlyphText/FontText_9B03.font.lyn.event
[LYN]	Fonts/build/GlyphText/FontText_68D5.font.lyn.event
[LYN]	Fonts/build/GlyphText/FontText_90B9.font.lyn.event
[LYN]	Fonts/build/GlyphText/FontText_79DF.font.lyn.event
[LYN]	Fonts/build/GlyphText/FontText_7E82.font.lyn.event
[LYN]	Fonts/build/GlyphText/FontText_67DE.font.lyn.event
[LYN]	Fonts/build/GlyphText/FontText_4E8D.font.lyn.event
[LYN]	Fonts/build/GlyphText/FontText_4E0C.font.lyn.event
[LYN]	Fonts/build/GlyphText/FontText_5140.font.lyn.event
[LYN]	Fonts/build/GlyphText/FontText_4E10.font.lyn.event
[LYN]	Fonts/build/GlyphText/FontText_5EFF.font.lyn.event
[LYN]	Fonts/build/GlyphText/FontText_5345.font.lyn.event
[LYN]	Fonts/build/GlyphText/FontText_4E15.font.lyn.event
[LYN]	Fonts/build/GlyphText/FontText_4E1E.font.lyn.event
[LYN]	Fonts/build/GlyphText/FontText_9B32.font.lyn.event
[LYN]	Fonts/build/GlyphText/FontText_5669.font.lyn.event
[LYN]	Fonts/build/GlyphText/FontText_4E28.font.lyn.event
[LYN]	Fonts/build/GlyphText/FontText_79BA.font.lyn.event
[LYN]	Fonts/build/GlyphText/FontText_4E3F.font.lyn.event
[LYN]	Fonts/build/GlyphText/FontText_5315.font.lyn.event
[LYN]	Fonts/build/GlyphText/FontText_4E47.font.lyn.event
[LYN]	Fonts/build/GlyphText/FontText_723B.font.lyn.event
[LYN]	Fonts/build/GlyphText/FontText_536E.font.lyn.event
[LYN]	Fonts/build/GlyphText/FontText_6C10.font.lyn.event
[LYN]	Fonts/build/GlyphText/FontText_56DF.font.lyn.event
[LYN]	Fonts/build/GlyphText/FontText_80E4.font.lyn.event
[LYN]	Fonts/build/GlyphText/FontText_9997.font.lyn.event
[LYN]	Fonts/build/GlyphText/FontText_6BD3.font.lyn.event
[LYN]	Fonts/build/GlyphText/FontText_777E.font.lyn.event
[LYN]	Fonts/build/GlyphText/FontText_9F17.font.lyn.event
[LYN]	Fonts/build/GlyphText/FontText_4E36.font.lyn.event
[LYN]	Fonts/build/GlyphText/FontText_4E9F.font.lyn.event
[LYN]	Fonts/build/GlyphText/FontText_9F10.font.lyn.event
[LYN]	Fonts/build/GlyphText/FontText_4E5C.font.lyn.event
[LYN]	Fonts/build/GlyphText/FontText_4E69.font.lyn.event
[LYN]	Fonts/build/GlyphText/FontText_4E93.font.lyn.event
[LYN]	Fonts/build/GlyphText/FontText_8288.font.lyn.event
[LYN]	Fonts/build/GlyphText/FontText_5B5B.font.lyn.event
[LYN]	Fonts/build/GlyphText/FontText_560F.font.lyn.event
[LYN]	Fonts/build/GlyphText/FontText_4EC4.font.lyn.event
[LYN]	Fonts/build/GlyphText/FontText_538D.font.lyn.event
[LYN]	Fonts/build/GlyphText/FontText_539D.font.lyn.event
[LYN]	Fonts/build/GlyphText/FontText_53A3.font.lyn.event
[LYN]	Fonts/build/GlyphText/FontText_53A5.font.lyn.event
[LYN]	Fonts/build/GlyphText/FontText_9765.font.lyn.event
[LYN]	Fonts/build/GlyphText/FontText_531A.font.lyn.event
[LYN]	Fonts/build/GlyphText/FontText_5326.font.lyn.event
[LYN]	Fonts/build/GlyphText/FontText_532E.font.lyn.event
[LYN]	Fonts/build/GlyphText/FontText_533E.font.lyn.event
[LYN]	Fonts/build/GlyphText/FontText_8D5C.font.lyn.event
[LYN]	Fonts/build/GlyphText/FontText_5366.font.lyn.event
[LYN]	Fonts/build/GlyphText/FontText_5363.font.lyn.event
[LYN]	Fonts/build/GlyphText/FontText_5202.font.lyn.event
[LYN]	Fonts/build/GlyphText/FontText_5208.font.lyn.event
[LYN]	Fonts/build/GlyphText/FontText_520E.font.lyn.event
[LYN]	Fonts/build/GlyphText/FontText_522D.font.lyn.event
[LYN]	Fonts/build/GlyphText/FontText_5233.font.lyn.event
[LYN]	Fonts/build/GlyphText/FontText_523F.font.lyn.event
[LYN]	Fonts/build/GlyphText/FontText_5240.font.lyn.event
[LYN]	Fonts/build/GlyphText/FontText_524C.font.lyn.event
[LYN]	Fonts/build/GlyphText/FontText_525E.font.lyn.event
[LYN]	Fonts/build/GlyphText/FontText_5261.font.lyn.event
[LYN]	Fonts/build/GlyphText/FontText_525C.font.lyn.event
[LYN]	Fonts/build/GlyphText/FontText_84AF.font.lyn.event
[LYN]	Fonts/build/GlyphText/FontText_527D.font.lyn.event
[LYN]	Fonts/build/GlyphText/FontText_5282.font.lyn.event
[LYN]	Fonts/build/GlyphText/FontText_5281.font.lyn.event
[LYN]	Fonts/build/GlyphText/FontText_5290.font.lyn.event
[LYN]	Fonts/build/GlyphText/FontText_5293.font.lyn.event
[LYN]	Fonts/build/GlyphText/FontText_5182.font.lyn.event
[LYN]	Fonts/build/GlyphText/FontText_7F54.font.lyn.event
[LYN]	Fonts/build/GlyphText/FontText_4EBB.font.lyn.event
[LYN]	Fonts/build/GlyphText/FontText_4EC3.font.lyn.event
[LYN]	Fonts/build/GlyphText/FontText_4EC9.font.lyn.event
[LYN]	Fonts/build/GlyphText/FontText_4EC2.font.lyn.event
[LYN]	Fonts/build/GlyphText/FontText_4EE8.font.lyn.event
[LYN]	Fonts/build/GlyphText/FontText_4EE1.font.lyn.event
[LYN]	Fonts/build/GlyphText/FontText_4EEB.font.lyn.event
[LYN]	Fonts/build/GlyphText/FontText_4EDE.font.lyn.event
[LYN]	Fonts/build/GlyphText/FontText_4F1B.font.lyn.event
[LYN]	Fonts/build/GlyphText/FontText_4EF3.font.lyn.event
[LYN]	Fonts/build/GlyphText/FontText_4F22.font.lyn.event
[LYN]	Fonts/build/GlyphText/FontText_4F64.font.lyn.event
[LYN]	Fonts/build/GlyphText/FontText_4EF5.font.lyn.event
[LYN]	Fonts/build/GlyphText/FontText_4F25.font.lyn.event
[LYN]	Fonts/build/GlyphText/FontText_4F27.font.lyn.event
[LYN]	Fonts/build/GlyphText/FontText_4F09.font.lyn.event
[LYN]	Fonts/build/GlyphText/FontText_4F2B.font.lyn.event
[LYN]	Fonts/build/GlyphText/FontText_4F5E.font.lyn.event
[LYN]	Fonts/build/GlyphText/FontText_4F67.font.lyn.event
[LYN]	Fonts/build/GlyphText/FontText_4F5A.font.lyn.event
[LYN]	Fonts/build/GlyphText/FontText_4F5D.font.lyn.event
[LYN]	Fonts/build/GlyphText/FontText_4F5F.font.lyn.event
[LYN]	Fonts/build/GlyphText/FontText_4F57.font.lyn.event
[LYN]	Fonts/build/GlyphText/FontText_4F32.font.lyn.event
[LYN]	Fonts/build/GlyphText/FontText_4F3D.font.lyn.event
[LYN]	Fonts/build/GlyphText/FontText_4F76.font.lyn.event
[LYN]	Fonts/build/GlyphText/FontText_4F74.font.lyn.event
[LYN]	Fonts/build/GlyphText/FontText_4F91.font.lyn.event
[LYN]	Fonts/build/GlyphText/FontText_4F89.font.lyn.event
[LYN]	Fonts/build/GlyphText/FontText_4F8F.font.lyn.event
[LYN]	Fonts/build/GlyphText/FontText_4F7E.font.lyn.event
[LYN]	Fonts/build/GlyphText/FontText_4FAA.font.lyn.event
[LYN]	Fonts/build/GlyphText/FontText_4FAC.font.lyn.event
[LYN]	Fonts/build/GlyphText/FontText_4F7C.font.lyn.event
[LYN]	Fonts/build/GlyphText/FontText_4F94.font.lyn.event
[LYN]	Fonts/build/GlyphText/FontText_4FE6.font.lyn.event
[LYN]	Fonts/build/GlyphText/FontText_4FE8.font.lyn.event
[LYN]	Fonts/build/GlyphText/FontText_4FEA.font.lyn.event
[LYN]	Fonts/build/GlyphText/FontText_4FC5.font.lyn.event
[LYN]	Fonts/build/GlyphText/FontText_4FDA.font.lyn.event
[LYN]	Fonts/build/GlyphText/FontText_4FE3.font.lyn.event
[LYN]	Fonts/build/GlyphText/FontText_4FDC.font.lyn.event
[LYN]	Fonts/build/GlyphText/FontText_4FD1.font.lyn.event
[LYN]	Fonts/build/GlyphText/FontText_4FDF.font.lyn.event
[LYN]	Fonts/build/GlyphText/FontText_4FF8.font.lyn.event
[LYN]	Fonts/build/GlyphText/FontText_5029.font.lyn.event
[LYN]	Fonts/build/GlyphText/FontText_504C.font.lyn.event
[LYN]	Fonts/build/GlyphText/FontText_4FF3.font.lyn.event
[LYN]	Fonts/build/GlyphText/FontText_502C.font.lyn.event
[LYN]	Fonts/build/GlyphText/FontText_500F.font.lyn.event
[LYN]	Fonts/build/GlyphText/FontText_502E.font.lyn.event
[LYN]	Fonts/build/GlyphText/FontText_4FFE.font.lyn.event
[LYN]	Fonts/build/GlyphText/FontText_501C.font.lyn.event
[LYN]	Fonts/build/GlyphText/FontText_500C.font.lyn.event
[LYN]	Fonts/build/GlyphText/FontText_5025.font.lyn.event
[LYN]	Fonts/build/GlyphText/FontText_5028.font.lyn.event
[LYN]	Fonts/build/GlyphText/FontText_507E.font.lyn.event
[LYN]	Fonts/build/GlyphText/FontText_5043.font.lyn.event
[LYN]	Fonts/build/GlyphText/FontText_5055.font.lyn.event
[LYN]	Fonts/build/GlyphText/FontText_5048.font.lyn.event
[LYN]	Fonts/build/GlyphText/FontText_504E.font.lyn.event
[LYN]	Fonts/build/GlyphText/FontText_506C.font.lyn.event
[LYN]	Fonts/build/GlyphText/FontText_507B.font.lyn.event
[LYN]	Fonts/build/GlyphText/FontText_50A5.font.lyn.event
[LYN]	Fonts/build/GlyphText/FontText_50A7.font.lyn.event
[LYN]	Fonts/build/GlyphText/FontText_50A9.font.lyn.event
[LYN]	Fonts/build/GlyphText/FontText_50BA.font.lyn.event
[LYN]	Fonts/build/GlyphText/FontText_50D6.font.lyn.event
[LYN]	Fonts/build/GlyphText/FontText_5106.font.lyn.event
[LYN]	Fonts/build/GlyphText/FontText_50ED.font.lyn.event
[LYN]	Fonts/build/GlyphText/FontText_50EC.font.lyn.event
[LYN]	Fonts/build/GlyphText/FontText_50E6.font.lyn.event
[LYN]	Fonts/build/GlyphText/FontText_50EE.font.lyn.event
[LYN]	Fonts/build/GlyphText/FontText_5107.font.lyn.event
[LYN]	Fonts/build/GlyphText/FontText_510B.font.lyn.event
[LYN]	Fonts/build/GlyphText/FontText_4EDD.font.lyn.event
[LYN]	Fonts/build/GlyphText/FontText_6C3D.font.lyn.event
[LYN]	Fonts/build/GlyphText/FontText_4F58.font.lyn.event
[LYN]	Fonts/build/GlyphText/FontText_4FCE.font.lyn.event
[LYN]	Fonts/build/GlyphText/FontText_4F65.font.lyn.event
[LYN]	Fonts/build/GlyphText/FontText_9FA0.font.lyn.event
[LYN]	Fonts/build/GlyphText/FontText_6C46.font.lyn.event
[LYN]	Fonts/build/GlyphText/FontText_7C74.font.lyn.event
[LYN]	Fonts/build/GlyphText/FontText_5DFD.font.lyn.event
[LYN]	Fonts/build/GlyphText/FontText_9EC9.font.lyn.event
[LYN]	Fonts/build/GlyphText/FontText_9998.font.lyn.event
[LYN]	Fonts/build/GlyphText/FontText_5181.font.lyn.event
[LYN]	Fonts/build/GlyphText/FontText_5914.font.lyn.event
[LYN]	Fonts/build/GlyphText/FontText_52F9.font.lyn.event
[LYN]	Fonts/build/GlyphText/FontText_530D.font.lyn.event
[LYN]	Fonts/build/GlyphText/FontText_8A07.font.lyn.event
[LYN]	Fonts/build/GlyphText/FontText_5310.font.lyn.event
[LYN]	Fonts/build/GlyphText/FontText_51EB.font.lyn.event
[LYN]	Fonts/build/GlyphText/FontText_5919.font.lyn.event
[LYN]	Fonts/build/GlyphText/FontText_5155.font.lyn.event
[LYN]	Fonts/build/GlyphText/FontText_4EA0.font.lyn.event
[LYN]	Fonts/build/GlyphText/FontText_5156.font.lyn.event
[LYN]	Fonts/build/GlyphText/FontText_4EB3.font.lyn.event
[LYN]	Fonts/build/GlyphText/FontText_886E.font.lyn.event
[LYN]	Fonts/build/GlyphText/FontText_88A4.font.lyn.event
[LYN]	Fonts/build/GlyphText/FontText_8114.font.lyn.event
[LYN]	Fonts/build/GlyphText/FontText_88D2.font.lyn.event
[LYN]	Fonts/build/GlyphText/FontText_5B34.font.lyn.event
[LYN]	Fonts/build/GlyphText/FontText_8803.font.lyn.event
[LYN]	Fonts/build/GlyphText/FontText_51AB.font.lyn.event
[LYN]	Fonts/build/GlyphText/FontText_51B1.font.lyn.event
[LYN]	Fonts/build/GlyphText/FontText_51BD.font.lyn.event
[LYN]	Fonts/build/GlyphText/FontText_51BC.font.lyn.event
[LYN]	Fonts/build/GlyphText/FontText_51C7.font.lyn.event
[LYN]	Fonts/build/GlyphText/FontText_5196.font.lyn.event
[LYN]	Fonts/build/GlyphText/FontText_51A2.font.lyn.event
[LYN]	Fonts/build/GlyphText/FontText_8BA0.font.lyn.event
[LYN]	Fonts/build/GlyphText/FontText_8BA6.font.lyn.event
[LYN]	Fonts/build/GlyphText/FontText_8BB4.font.lyn.event
[LYN]	Fonts/build/GlyphText/FontText_8BB5.font.lyn.event
[LYN]	Fonts/build/GlyphText/FontText_8BB7.font.lyn.event
[LYN]	Fonts/build/GlyphText/FontText_8BC2.font.lyn.event
[LYN]	Fonts/build/GlyphText/FontText_8BC3.font.lyn.event
[LYN]	Fonts/build/GlyphText/FontText_8BCB.font.lyn.event
[LYN]	Fonts/build/GlyphText/FontText_8BCF.font.lyn.event
[LYN]	Fonts/build/GlyphText/FontText_8BCE.font.lyn.event
[LYN]	Fonts/build/GlyphText/FontText_8BD2.font.lyn.event
[LYN]	Fonts/build/GlyphText/FontText_8BD3.font.lyn.event
[LYN]	Fonts/build/GlyphText/FontText_8BD4.font.lyn.event
[LYN]	Fonts/build/GlyphText/FontText_8BD6.font.lyn.event
[LYN]	Fonts/build/GlyphText/FontText_8BD8.font.lyn.event
[LYN]	Fonts/build/GlyphText/FontText_8BD9.font.lyn.event
[LYN]	Fonts/build/GlyphText/FontText_8BDC.font.lyn.event
[LYN]	Fonts/build/GlyphText/FontText_8BDF.font.lyn.event
[LYN]	Fonts/build/GlyphText/FontText_8BE0.font.lyn.event
[LYN]	Fonts/build/GlyphText/FontText_8BE4.font.lyn.event
[LYN]	Fonts/build/GlyphText/FontText_8BE8.font.lyn.event
[LYN]	Fonts/build/GlyphText/FontText_8BE9.font.lyn.event
[LYN]	Fonts/build/GlyphText/FontText_8BEE.font.lyn.event
[LYN]	Fonts/build/GlyphText/FontText_8BF0.font.lyn.event
[LYN]	Fonts/build/GlyphText/FontText_8BF3.font.lyn.event
[LYN]	Fonts/build/GlyphText/FontText_8BF6.font.lyn.event
[LYN]	Fonts/build/GlyphText/FontText_8BF9.font.lyn.event
[LYN]	Fonts/build/GlyphText/FontText_8BFC.font.lyn.event
[LYN]	Fonts/build/GlyphText/FontText_8BFF.font.lyn.event
[LYN]	Fonts/build/GlyphText/FontText_8C00.font.lyn.event
[LYN]	Fonts/build/GlyphText/FontText_8C02.font.lyn.event
[LYN]	Fonts/build/GlyphText/FontText_8C04.font.lyn.event
[LYN]	Fonts/build/GlyphText/FontText_8C07.font.lyn.event
[LYN]	Fonts/build/GlyphText/FontText_8C0C.font.lyn.event
[LYN]	Fonts/build/GlyphText/FontText_8C0F.font.lyn.event
[LYN]	Fonts/build/GlyphText/FontText_8C11.font.lyn.event
[LYN]	Fonts/build/GlyphText/FontText_8C14.font.lyn.event
[LYN]	Fonts/build/GlyphText/FontText_8C16.font.lyn.event
[LYN]	Fonts/build/GlyphText/FontText_8C1B.font.lyn.event
[LYN]	Fonts/build/GlyphText/FontText_8C18.font.lyn.event
[LYN]	Fonts/build/GlyphText/FontText_8C1D.font.lyn.event
[LYN]	Fonts/build/GlyphText/FontText_8C1F.font.lyn.event
[LYN]	Fonts/build/GlyphText/FontText_8C20.font.lyn.event
[LYN]	Fonts/build/GlyphText/FontText_8C21.font.lyn.event
[LYN]	Fonts/build/GlyphText/FontText_8C25.font.lyn.event
[LYN]	Fonts/build/GlyphText/FontText_8C27.font.lyn.event
[LYN]	Fonts/build/GlyphText/FontText_8C2A.font.lyn.event
[LYN]	Fonts/build/GlyphText/FontText_8C2B.font.lyn.event
[LYN]	Fonts/build/GlyphText/FontText_8C2E.font.lyn.event
[LYN]	Fonts/build/GlyphText/FontText_8C2F.font.lyn.event
[LYN]	Fonts/build/GlyphText/FontText_8C32.font.lyn.event
[LYN]	Fonts/build/GlyphText/FontText_8C33.font.lyn.event
[LYN]	Fonts/build/GlyphText/FontText_8C35.font.lyn.event
[LYN]	Fonts/build/GlyphText/FontText_8C36.font.lyn.event
[LYN]	Fonts/build/GlyphText/FontText_5369.font.lyn.event
[LYN]	Fonts/build/GlyphText/FontText_537A.font.lyn.event
[LYN]	Fonts/build/GlyphText/FontText_961D.font.lyn.event
[LYN]	Fonts/build/GlyphText/FontText_9622.font.lyn.event
[LYN]	Fonts/build/GlyphText/FontText_9621.font.lyn.event
[LYN]	Fonts/build/GlyphText/FontText_962A.font.lyn.event
[LYN]	Fonts/build/GlyphText/FontText_963D.font.lyn.event
[LYN]	Fonts/build/GlyphText/FontText_963C.font.lyn.event
[LYN]	Fonts/build/GlyphText/FontText_9642.font.lyn.event
[LYN]	Fonts/build/GlyphText/FontText_9649.font.lyn.event
[LYN]	Fonts/build/GlyphText/FontText_965F.font.lyn.event
[LYN]	Fonts/build/GlyphText/FontText_9654.font.lyn.event
[LYN]	Fonts/build/GlyphText/FontText_9667.font.lyn.event
[LYN]	Fonts/build/GlyphText/FontText_966C.font.lyn.event
[LYN]	Fonts/build/GlyphText/FontText_9672.font.lyn.event
[LYN]	Fonts/build/GlyphText/FontText_9674.font.lyn.event
[LYN]	Fonts/build/GlyphText/FontText_9688.font.lyn.event
[LYN]	Fonts/build/GlyphText/FontText_968D.font.lyn.event
[LYN]	Fonts/build/GlyphText/FontText_9697.font.lyn.event
[LYN]	Fonts/build/GlyphText/FontText_96B0.font.lyn.event
[LYN]	Fonts/build/GlyphText/FontText_9097.font.lyn.event
[LYN]	Fonts/build/GlyphText/FontText_909B.font.lyn.event
[LYN]	Fonts/build/GlyphText/FontText_909D.font.lyn.event
[LYN]	Fonts/build/GlyphText/FontText_9099.font.lyn.event
[LYN]	Fonts/build/GlyphText/FontText_90AC.font.lyn.event
[LYN]	Fonts/build/GlyphText/FontText_90A1.font.lyn.event
[LYN]	Fonts/build/GlyphText/FontText_90B4.font.lyn.event
[LYN]	Fonts/build/GlyphText/FontText_90B3.font.lyn.event
[LYN]	Fonts/build/GlyphText/FontText_90B6.font.lyn.event
[LYN]	Fonts/build/GlyphText/FontText_90BA.font.lyn.event
[LYN]	Fonts/build/GlyphText/FontText_90B0.font.lyn.event
[LYN]	Fonts/build/GlyphText/FontText_90CF.font.lyn.event
[LYN]	Fonts/build/GlyphText/FontText_90C5.font.lyn.event
[LYN]	Fonts/build/GlyphText/FontText_90BE.font.lyn.event
[LYN]	Fonts/build/GlyphText/FontText_90D0.font.lyn.event
[LYN]	Fonts/build/GlyphText/FontText_90C4.font.lyn.event
[LYN]	Fonts/build/GlyphText/FontText_90C7.font.lyn.event
[LYN]	Fonts/build/GlyphText/FontText_90D3.font.lyn.event
[LYN]	Fonts/build/GlyphText/FontText_90E6.font.lyn.event
[LYN]	Fonts/build/GlyphText/FontText_90E2.font.lyn.event
[LYN]	Fonts/build/GlyphText/FontText_90DC.font.lyn.event
[LYN]	Fonts/build/GlyphText/FontText_90D7.font.lyn.event
[LYN]	Fonts/build/GlyphText/FontText_90DB.font.lyn.event
[LYN]	Fonts/build/GlyphText/FontText_90EB.font.lyn.event
[LYN]	Fonts/build/GlyphText/FontText_90EF.font.lyn.event
[LYN]	Fonts/build/GlyphText/FontText_90FE.font.lyn.event
[LYN]	Fonts/build/GlyphText/FontText_9104.font.lyn.event
[LYN]	Fonts/build/GlyphText/FontText_9122.font.lyn.event
[LYN]	Fonts/build/GlyphText/FontText_911E.font.lyn.event
[LYN]	Fonts/build/GlyphText/FontText_9123.font.lyn.event
[LYN]	Fonts/build/GlyphText/FontText_9131.font.lyn.event
[LYN]	Fonts/build/GlyphText/FontText_912F.font.lyn.event
[LYN]	Fonts/build/GlyphText/FontText_9139.font.lyn.event
[LYN]	Fonts/build/GlyphText/FontText_9143.font.lyn.event
[LYN]	Fonts/build/GlyphText/FontText_9146.font.lyn.event
[LYN]	Fonts/build/GlyphText/FontText_520D.font.lyn.event
[LYN]	Fonts/build/GlyphText/FontText_5942.font.lyn.event
[LYN]	Fonts/build/GlyphText/FontText_52A2.font.lyn.event
[LYN]	Fonts/build/GlyphText/FontText_52AC.font.lyn.event
[LYN]	Fonts/build/GlyphText/FontText_52AD.font.lyn.event
[LYN]	Fonts/build/GlyphText/FontText_52BE.font.lyn.event
[LYN]	Fonts/build/GlyphText/FontText_54FF.font.lyn.event
[LYN]	Fonts/build/GlyphText/FontText_52D6.font.lyn.event
[LYN]	Fonts/build/GlyphText/FontText_52D0.font.lyn.event
[LYN]	Fonts/build/GlyphText/FontText_52F0.font.lyn.event
[LYN]	Fonts/build/GlyphText/FontText_53DF.font.lyn.event
[LYN]	Fonts/build/GlyphText/FontText_71EE.font.lyn.event
[LYN]	Fonts/build/GlyphText/FontText_77CD.font.lyn.event
[LYN]	Fonts/build/GlyphText/FontText_5EF4.font.lyn.event
[LYN]	Fonts/build/GlyphText/FontText_51F5.font.lyn.event
[LYN]	Fonts/build/GlyphText/FontText_51FC.font.lyn.event
[LYN]	Fonts/build/GlyphText/FontText_9B2F.font.lyn.event
[LYN]	Fonts/build/GlyphText/FontText_53B6.font.lyn.event
[LYN]	Fonts/build/GlyphText/FontText_5F01.font.lyn.event
[LYN]	Fonts/build/GlyphText/FontText_755A.font.lyn.event
[LYN]	Fonts/build/GlyphText/FontText_5DEF.font.lyn.event
[LYN]	Fonts/build/GlyphText/FontText_574C.font.lyn.event
[LYN]	Fonts/build/GlyphText/FontText_57A9.font.lyn.event
[LYN]	Fonts/build/GlyphText/FontText_57A1.font.lyn.event
[LYN]	Fonts/build/GlyphText/FontText_587E.font.lyn.event
[LYN]	Fonts/build/GlyphText/FontText_58BC.font.lyn.event
[LYN]	Fonts/build/GlyphText/FontText_58C5.font.lyn.event
[LYN]	Fonts/build/GlyphText/FontText_58D1.font.lyn.event
[LYN]	Fonts/build/GlyphText/FontText_5729.font.lyn.event
[LYN]	Fonts/build/GlyphText/FontText_572C.font.lyn.event
[LYN]	Fonts/build/GlyphText/FontText_572A.font.lyn.event
[LYN]	Fonts/build/GlyphText/FontText_5733.font.lyn.event
[LYN]	Fonts/build/GlyphText/FontText_5739.font.lyn.event
[LYN]	Fonts/build/GlyphText/FontText_572E.font.lyn.event
[LYN]	Fonts/build/GlyphText/FontText_572F.font.lyn.event
[LYN]	Fonts/build/GlyphText/FontText_575C.font.lyn.event
[LYN]	Fonts/build/GlyphText/FontText_573B.font.lyn.event
[LYN]	Fonts/build/GlyphText/FontText_5742.font.lyn.event
[LYN]	Fonts/build/GlyphText/FontText_5769.font.lyn.event
[LYN]	Fonts/build/GlyphText/FontText_5785.font.lyn.event
[LYN]	Fonts/build/GlyphText/FontText_576B.font.lyn.event
[LYN]	Fonts/build/GlyphText/FontText_5786.font.lyn.event
[LYN]	Fonts/build/GlyphText/FontText_577C.font.lyn.event
[LYN]	Fonts/build/GlyphText/FontText_577B.font.lyn.event
[LYN]	Fonts/build/GlyphText/FontText_5768.font.lyn.event
[LYN]	Fonts/build/GlyphText/FontText_576D.font.lyn.event
[LYN]	Fonts/build/GlyphText/FontText_5776.font.lyn.event
[LYN]	Fonts/build/GlyphText/FontText_5773.font.lyn.event
[LYN]	Fonts/build/GlyphText/FontText_57AD.font.lyn.event
[LYN]	Fonts/build/GlyphText/FontText_57A4.font.lyn.event
[LYN]	Fonts/build/GlyphText/FontText_578C.font.lyn.event
[LYN]	Fonts/build/GlyphText/FontText_57B2.font.lyn.event
[LYN]	Fonts/build/GlyphText/FontText_57CF.font.lyn.event
[LYN]	Fonts/build/GlyphText/FontText_57A7.font.lyn.event
[LYN]	Fonts/build/GlyphText/FontText_57B4.font.lyn.event
[LYN]	Fonts/build/GlyphText/FontText_5793.font.lyn.event
[LYN]	Fonts/build/GlyphText/FontText_57D5.font.lyn.event
[LYN]	Fonts/build/GlyphText/FontText_57D8.font.lyn.event
[LYN]	Fonts/build/GlyphText/FontText_57DA.font.lyn.event
[LYN]	Fonts/build/GlyphText/FontText_57D9.font.lyn.event
[LYN]	Fonts/build/GlyphText/FontText_57D2.font.lyn.event
[LYN]	Fonts/build/GlyphText/FontText_57B8.font.lyn.event
[LYN]	Fonts/build/GlyphText/FontText_57F4.font.lyn.event
[LYN]	Fonts/build/GlyphText/FontText_57EF.font.lyn.event
[LYN]	Fonts/build/GlyphText/FontText_57F8.font.lyn.event
[LYN]	Fonts/build/GlyphText/FontText_57E4.font.lyn.event
[LYN]	Fonts/build/GlyphText/FontText_57DD.font.lyn.event
[LYN]	Fonts/build/GlyphText/FontText_580B.font.lyn.event
[LYN]	Fonts/build/GlyphText/FontText_580D.font.lyn.event
[LYN]	Fonts/build/GlyphText/FontText_57FD.font.lyn.event
[LYN]	Fonts/build/GlyphText/FontText_57ED.font.lyn.event
[LYN]	Fonts/build/GlyphText/FontText_5800.font.lyn.event
[LYN]	Fonts/build/GlyphText/FontText_581E.font.lyn.event
[LYN]	Fonts/build/GlyphText/FontText_5819.font.lyn.event
[LYN]	Fonts/build/GlyphText/FontText_5844.font.lyn.event
[LYN]	Fonts/build/GlyphText/FontText_5820.font.lyn.event
[LYN]	Fonts/build/GlyphText/FontText_5865.font.lyn.event
[LYN]	Fonts/build/GlyphText/FontText_586C.font.lyn.event
[LYN]	Fonts/build/GlyphText/FontText_5881.font.lyn.event
[LYN]	Fonts/build/GlyphText/FontText_5889.font.lyn.event
[LYN]	Fonts/build/GlyphText/FontText_589A.font.lyn.event
[LYN]	Fonts/build/GlyphText/FontText_5880.font.lyn.event
[LYN]	Fonts/build/GlyphText/FontText_9F19.font.lyn.event
[LYN]	Fonts/build/GlyphText/FontText_61FF.font.lyn.event
[LYN]	Fonts/build/GlyphText/FontText_8279.font.lyn.event
[LYN]	Fonts/build/GlyphText/FontText_827D.font.lyn.event
[LYN]	Fonts/build/GlyphText/FontText_827F.font.lyn.event
[LYN]	Fonts/build/GlyphText/FontText_828F.font.lyn.event
[LYN]	Fonts/build/GlyphText/FontText_828A.font.lyn.event
[LYN]	Fonts/build/GlyphText/FontText_82A8.font.lyn.event
[LYN]	Fonts/build/GlyphText/FontText_8284.font.lyn.event
[LYN]	Fonts/build/GlyphText/FontText_828E.font.lyn.event
[LYN]	Fonts/build/GlyphText/FontText_8291.font.lyn.event
[LYN]	Fonts/build/GlyphText/FontText_8297.font.lyn.event
[LYN]	Fonts/build/GlyphText/FontText_82B8.font.lyn.event
[LYN]	Fonts/build/GlyphText/FontText_82AB.font.lyn.event
[LYN]	Fonts/build/GlyphText/FontText_82BE.font.lyn.event
[LYN]	Fonts/build/GlyphText/FontText_82B0.font.lyn.event
[LYN]	Fonts/build/GlyphText/FontText_82C8.font.lyn.event
[LYN]	Fonts/build/GlyphText/FontText_82CA.font.lyn.event
[LYN]	Fonts/build/GlyphText/FontText_82E3.font.lyn.event
[LYN]	Fonts/build/GlyphText/FontText_8298.font.lyn.event
[LYN]	Fonts/build/GlyphText/FontText_82B7.font.lyn.event
[LYN]	Fonts/build/GlyphText/FontText_82AE.font.lyn.event
[LYN]	Fonts/build/GlyphText/FontText_82CB.font.lyn.event
[LYN]	Fonts/build/GlyphText/FontText_82CC.font.lyn.event
[LYN]	Fonts/build/GlyphText/FontText_82C1.font.lyn.event
[LYN]	Fonts/build/GlyphText/FontText_82A9.font.lyn.event
[LYN]	Fonts/build/GlyphText/FontText_82B4.font.lyn.event
[LYN]	Fonts/build/GlyphText/FontText_82A1.font.lyn.event
[LYN]	Fonts/build/GlyphText/FontText_82AA.font.lyn.event
[LYN]	Fonts/build/GlyphText/FontText_829F.font.lyn.event
[LYN]	Fonts/build/GlyphText/FontText_82C4.font.lyn.event
[LYN]	Fonts/build/GlyphText/FontText_82CE.font.lyn.event
[LYN]	Fonts/build/GlyphText/FontText_82A4.font.lyn.event
[LYN]	Fonts/build/GlyphText/FontText_8309.font.lyn.event
[LYN]	Fonts/build/GlyphText/FontText_82E1.font.lyn.event
[LYN]	Fonts/build/GlyphText/FontText_82F7.font.lyn.event
[LYN]	Fonts/build/GlyphText/FontText_82E4.font.lyn.event
[LYN]	Fonts/build/GlyphText/FontText_830F.font.lyn.event
[LYN]	Fonts/build/GlyphText/FontText_8307.font.lyn.event
[LYN]	Fonts/build/GlyphText/FontText_82DC.font.lyn.event
[LYN]	Fonts/build/GlyphText/FontText_82F4.font.lyn.event
[LYN]	Fonts/build/GlyphText/FontText_82D2.font.lyn.event
[LYN]	Fonts/build/GlyphText/FontText_82D8.font.lyn.event
[LYN]	Fonts/build/GlyphText/FontText_830C.font.lyn.event
[LYN]	Fonts/build/GlyphText/FontText_82FB.font.lyn.event
[LYN]	Fonts/build/GlyphText/FontText_82D3.font.lyn.event
[LYN]	Fonts/build/GlyphText/FontText_8311.font.lyn.event
[LYN]	Fonts/build/GlyphText/FontText_831A.font.lyn.event
[LYN]	Fonts/build/GlyphText/FontText_8306.font.lyn.event
[LYN]	Fonts/build/GlyphText/FontText_8314.font.lyn.event
[LYN]	Fonts/build/GlyphText/FontText_8315.font.lyn.event
[LYN]	Fonts/build/GlyphText/FontText_82E0.font.lyn.event
[LYN]	Fonts/build/GlyphText/FontText_82D5.font.lyn.event
[LYN]	Fonts/build/GlyphText/FontText_8351.font.lyn.event
[LYN]	Fonts/build/GlyphText/FontText_835B.font.lyn.event
[LYN]	Fonts/build/GlyphText/FontText_835C.font.lyn.event
[LYN]	Fonts/build/GlyphText/FontText_8308.font.lyn.event
[LYN]	Fonts/build/GlyphText/FontText_8392.font.lyn.event
[LYN]	Fonts/build/GlyphText/FontText_833C.font.lyn.event
[LYN]	Fonts/build/GlyphText/FontText_8334.font.lyn.event
[LYN]	Fonts/build/GlyphText/FontText_8331.font.lyn.event
[LYN]	Fonts/build/GlyphText/FontText_839B.font.lyn.event
[LYN]	Fonts/build/GlyphText/FontText_835E.font.lyn.event
[LYN]	Fonts/build/GlyphText/FontText_832F.font.lyn.event
[LYN]	Fonts/build/GlyphText/FontText_834F.font.lyn.event
[LYN]	Fonts/build/GlyphText/FontText_8347.font.lyn.event
[LYN]	Fonts/build/GlyphText/FontText_8343.font.lyn.event
[LYN]	Fonts/build/GlyphText/FontText_835F.font.lyn.event
[LYN]	Fonts/build/GlyphText/FontText_8340.font.lyn.event
[LYN]	Fonts/build/GlyphText/FontText_8317.font.lyn.event
[LYN]	Fonts/build/GlyphText/FontText_8360.font.lyn.event
[LYN]	Fonts/build/GlyphText/FontText_832D.font.lyn.event
[LYN]	Fonts/build/GlyphText/FontText_833A.font.lyn.event
[LYN]	Fonts/build/GlyphText/FontText_8333.font.lyn.event
[LYN]	Fonts/build/GlyphText/FontText_8366.font.lyn.event
[LYN]	Fonts/build/GlyphText/FontText_8365.font.lyn.event
[LYN]	Fonts/build/GlyphText/FontText_8368.font.lyn.event
[LYN]	Fonts/build/GlyphText/FontText_831B.font.lyn.event
[LYN]	Fonts/build/GlyphText/FontText_8369.font.lyn.event
[LYN]	Fonts/build/GlyphText/FontText_836C.font.lyn.event
[LYN]	Fonts/build/GlyphText/FontText_836A.font.lyn.event
[LYN]	Fonts/build/GlyphText/FontText_836D.font.lyn.event
[LYN]	Fonts/build/GlyphText/FontText_836E.font.lyn.event
[LYN]	Fonts/build/GlyphText/FontText_83B0.font.lyn.event
[LYN]	Fonts/build/GlyphText/FontText_8378.font.lyn.event
[LYN]	Fonts/build/GlyphText/FontText_83B3.font.lyn.event
[LYN]	Fonts/build/GlyphText/FontText_83B4.font.lyn.event
[LYN]	Fonts/build/GlyphText/FontText_83A0.font.lyn.event
[LYN]	Fonts/build/GlyphText/FontText_83AA.font.lyn.event
[LYN]	Fonts/build/GlyphText/FontText_8393.font.lyn.event
[LYN]	Fonts/build/GlyphText/FontText_839C.font.lyn.event
[LYN]	Fonts/build/GlyphText/FontText_8385.font.lyn.event
[LYN]	Fonts/build/GlyphText/FontText_837C.font.lyn.event
[LYN]	Fonts/build/GlyphText/FontText_83B6.font.lyn.event
[LYN]	Fonts/build/GlyphText/FontText_83A9.font.lyn.event
[LYN]	Fonts/build/GlyphText/FontText_837D.font.lyn.event
[LYN]	Fonts/build/GlyphText/FontText_83B8.font.lyn.event
[LYN]	Fonts/build/GlyphText/FontText_837B.font.lyn.event
[LYN]	Fonts/build/GlyphText/FontText_8398.font.lyn.event
[LYN]	Fonts/build/GlyphText/FontText_839E.font.lyn.event
[LYN]	Fonts/build/GlyphText/FontText_83A8.font.lyn.event
[LYN]	Fonts/build/GlyphText/FontText_83BA.font.lyn.event
[LYN]	Fonts/build/GlyphText/FontText_83C1.font.lyn.event
[LYN]	Fonts/build/GlyphText/FontText_83BC.font.lyn.event
[LYN]	Fonts/build/GlyphText/FontText_8401.font.lyn.event
[LYN]	Fonts/build/GlyphText/FontText_83E5.font.lyn.event
[LYN]	Fonts/build/GlyphText/FontText_83D8.font.lyn.event
[LYN]	Fonts/build/GlyphText/FontText_5807.font.lyn.event
[LYN]	Fonts/build/GlyphText/FontText_8418.font.lyn.event
[LYN]	Fonts/build/GlyphText/FontText_840B.font.lyn.event
[LYN]	Fonts/build/GlyphText/FontText_83DD.font.lyn.event
[LYN]	Fonts/build/GlyphText/FontText_83FD.font.lyn.event
[LYN]	Fonts/build/GlyphText/FontText_83D6.font.lyn.event
[LYN]	Fonts/build/GlyphText/FontText_841C.font.lyn.event
[LYN]	Fonts/build/GlyphText/FontText_8438.font.lyn.event
[LYN]	Fonts/build/GlyphText/FontText_8411.font.lyn.event
[LYN]	Fonts/build/GlyphText/FontText_8406.font.lyn.event
[LYN]	Fonts/build/GlyphText/FontText_83D4.font.lyn.event
[LYN]	Fonts/build/GlyphText/FontText_83DF.font.lyn.event
[LYN]	Fonts/build/GlyphText/FontText_840F.font.lyn.event
[LYN]	Fonts/build/GlyphText/FontText_83F8.font.lyn.event
[LYN]	Fonts/build/GlyphText/FontText_83F9.font.lyn.event
[LYN]	Fonts/build/GlyphText/FontText_83EA.font.lyn.event
[LYN]	Fonts/build/GlyphText/FontText_83C5.font.lyn.event
[LYN]	Fonts/build/GlyphText/FontText_83C0.font.lyn.event
[LYN]	Fonts/build/GlyphText/FontText_8426.font.lyn.event
[LYN]	Fonts/build/GlyphText/FontText_83F0.font.lyn.event
[LYN]	Fonts/build/GlyphText/FontText_83E1.font.lyn.event
[LYN]	Fonts/build/GlyphText/FontText_845C.font.lyn.event
[LYN]	Fonts/build/GlyphText/FontText_8451.font.lyn.event
[LYN]	Fonts/build/GlyphText/FontText_845A.font.lyn.event
[LYN]	Fonts/build/GlyphText/FontText_8459.font.lyn.event
[LYN]	Fonts/build/GlyphText/FontText_8473.font.lyn.event
[LYN]	Fonts/build/GlyphText/FontText_8487.font.lyn.event
[LYN]	Fonts/build/GlyphText/FontText_8488.font.lyn.event
[LYN]	Fonts/build/GlyphText/FontText_847A.font.lyn.event
[LYN]	Fonts/build/GlyphText/FontText_8489.font.lyn.event
[LYN]	Fonts/build/GlyphText/FontText_8478.font.lyn.event
[LYN]	Fonts/build/GlyphText/FontText_843C.font.lyn.event
[LYN]	Fonts/build/GlyphText/FontText_8446.font.lyn.event
[LYN]	Fonts/build/GlyphText/FontText_8469.font.lyn.event
[LYN]	Fonts/build/GlyphText/FontText_8476.font.lyn.event
[LYN]	Fonts/build/GlyphText/FontText_848C.font.lyn.event
[LYN]	Fonts/build/GlyphText/FontText_848E.font.lyn.event
[LYN]	Fonts/build/GlyphText/FontText_8431.font.lyn.event
[LYN]	Fonts/build/GlyphText/FontText_846D.font.lyn.event
[LYN]	Fonts/build/GlyphText/FontText_84C1.font.lyn.event
[LYN]	Fonts/build/GlyphText/FontText_84CD.font.lyn.event
[LYN]	Fonts/build/GlyphText/FontText_84D0.font.lyn.event
[LYN]	Fonts/build/GlyphText/FontText_84E6.font.lyn.event
[LYN]	Fonts/build/GlyphText/FontText_84BD.font.lyn.event
[LYN]	Fonts/build/GlyphText/FontText_84D3.font.lyn.event
[LYN]	Fonts/build/GlyphText/FontText_84CA.font.lyn.event
[LYN]	Fonts/build/GlyphText/FontText_84BF.font.lyn.event
[LYN]	Fonts/build/GlyphText/FontText_84BA.font.lyn.event
[LYN]	Fonts/build/GlyphText/FontText_84E0.font.lyn.event
[LYN]	Fonts/build/GlyphText/FontText_84A1.font.lyn.event
[LYN]	Fonts/build/GlyphText/FontText_84B9.font.lyn.event
[LYN]	Fonts/build/GlyphText/FontText_84B4.font.lyn.event
[LYN]	Fonts/build/GlyphText/FontText_8497.font.lyn.event
[LYN]	Fonts/build/GlyphText/FontText_84E5.font.lyn.event
[LYN]	Fonts/build/GlyphText/FontText_84E3.font.lyn.event
[LYN]	Fonts/build/GlyphText/FontText_850C.font.lyn.event
[LYN]	Fonts/build/GlyphText/FontText_750D.font.lyn.event
[LYN]	Fonts/build/GlyphText/FontText_8538.font.lyn.event
[LYN]	Fonts/build/GlyphText/FontText_84F0.font.lyn.event
[LYN]	Fonts/build/GlyphText/FontText_8539.font.lyn.event
[LYN]	Fonts/build/GlyphText/FontText_851F.font.lyn.event
[LYN]	Fonts/build/GlyphText/FontText_853A.font.lyn.event
[LYN]	Fonts/build/GlyphText/FontText_8556.font.lyn.event
[LYN]	Fonts/build/GlyphText/FontText_853B.font.lyn.event
[LYN]	Fonts/build/GlyphText/FontText_84FF.font.lyn.event
[LYN]	Fonts/build/GlyphText/FontText_84FC.font.lyn.event
[LYN]	Fonts/build/GlyphText/FontText_8559.font.lyn.event
[LYN]	Fonts/build/GlyphText/FontText_8548.font.lyn.event
[LYN]	Fonts/build/GlyphText/FontText_8568.font.lyn.event
[LYN]	Fonts/build/GlyphText/FontText_8564.font.lyn.event
[LYN]	Fonts/build/GlyphText/FontText_855E.font.lyn.event
[LYN]	Fonts/build/GlyphText/FontText_857A.font.lyn.event
[LYN]	Fonts/build/GlyphText/FontText_77A2.font.lyn.event
[LYN]	Fonts/build/GlyphText/FontText_8543.font.lyn.event
[LYN]	Fonts/build/GlyphText/FontText_8572.font.lyn.event
[LYN]	Fonts/build/GlyphText/FontText_857B.font.lyn.event
[LYN]	Fonts/build/GlyphText/FontText_85A4.font.lyn.event
[LYN]	Fonts/build/GlyphText/FontText_85A8.font.lyn.event
[LYN]	Fonts/build/GlyphText/FontText_8587.font.lyn.event
[LYN]	Fonts/build/GlyphText/FontText_858F.font.lyn.event
[LYN]	Fonts/build/GlyphText/FontText_8579.font.lyn.event
[LYN]	Fonts/build/GlyphText/FontText_85AE.font.lyn.event
[LYN]	Fonts/build/GlyphText/FontText_859C.font.lyn.event
[LYN]	Fonts/build/GlyphText/FontText_8585.font.lyn.event
[LYN]	Fonts/build/GlyphText/FontText_85B9.font.lyn.event
[LYN]	Fonts/build/GlyphText/FontText_85B7.font.lyn.event
[LYN]	Fonts/build/GlyphText/FontText_85B0.font.lyn.event
[LYN]	Fonts/build/GlyphText/FontText_85D3.font.lyn.event
[LYN]	Fonts/build/GlyphText/FontText_85C1.font.lyn.event
[LYN]	Fonts/build/GlyphText/FontText_85DC.font.lyn.event
[LYN]	Fonts/build/GlyphText/FontText_85FF.font.lyn.event
[LYN]	Fonts/build/GlyphText/FontText_8627.font.lyn.event
[LYN]	Fonts/build/GlyphText/FontText_8605.font.lyn.event
[LYN]	Fonts/build/GlyphText/FontText_8629.font.lyn.event
[LYN]	Fonts/build/GlyphText/FontText_8616.font.lyn.event
[LYN]	Fonts/build/GlyphText/FontText_863C.font.lyn.event
[LYN]	Fonts/build/GlyphText/FontText_5EFE.font.lyn.event
[LYN]	Fonts/build/GlyphText/FontText_5F08.font.lyn.event
[LYN]	Fonts/build/GlyphText/FontText_593C.font.lyn.event
[LYN]	Fonts/build/GlyphText/FontText_5941.font.lyn.event
[LYN]	Fonts/build/GlyphText/FontText_8037.font.lyn.event
[LYN]	Fonts/build/GlyphText/FontText_5955.font.lyn.event
[LYN]	Fonts/build/GlyphText/FontText_5958.font.lyn.event
[LYN]	Fonts/build/GlyphText/FontText_530F.font.lyn.event
[LYN]	Fonts/build/GlyphText/FontText_5C22.font.lyn.event
[LYN]	Fonts/build/GlyphText/FontText_5C25.font.lyn.event
[LYN]	Fonts/build/GlyphText/FontText_5C2C.font.lyn.event
[LYN]	Fonts/build/GlyphText/FontText_5C34.font.lyn.event
[LYN]	Fonts/build/GlyphText/FontText_624C.font.lyn.event
[LYN]	Fonts/build/GlyphText/FontText_626A.font.lyn.event
[LYN]	Fonts/build/GlyphText/FontText_629F.font.lyn.event
[LYN]	Fonts/build/GlyphText/FontText_62BB.font.lyn.event
[LYN]	Fonts/build/GlyphText/FontText_62CA.font.lyn.event
[LYN]	Fonts/build/GlyphText/FontText_62DA.font.lyn.event
[LYN]	Fonts/build/GlyphText/FontText_62EE.font.lyn.event
[LYN]	Fonts/build/GlyphText/FontText_6322.font.lyn.event
[LYN]	Fonts/build/GlyphText/FontText_62F6.font.lyn.event
[LYN]	Fonts/build/GlyphText/FontText_6339.font.lyn.event
[LYN]	Fonts/build/GlyphText/FontText_634B.font.lyn.event
[LYN]	Fonts/build/GlyphText/FontText_6343.font.lyn.event
[LYN]	Fonts/build/GlyphText/FontText_63AD.font.lyn.event
[LYN]	Fonts/build/GlyphText/FontText_63F6.font.lyn.event
[LYN]	Fonts/build/GlyphText/FontText_6371.font.lyn.event
[LYN]	Fonts/build/GlyphText/FontText_637A.font.lyn.event
[LYN]	Fonts/build/GlyphText/FontText_638E.font.lyn.event
[LYN]	Fonts/build/GlyphText/FontText_63B4.font.lyn.event
[LYN]	Fonts/build/GlyphText/FontText_63AC.font.lyn.event
[LYN]	Fonts/build/GlyphText/FontText_638A.font.lyn.event
[LYN]	Fonts/build/GlyphText/FontText_6369.font.lyn.event
[LYN]	Fonts/build/GlyphText/FontText_63AE.font.lyn.event
[LYN]	Fonts/build/GlyphText/FontText_63BC.font.lyn.event
[LYN]	Fonts/build/GlyphText/FontText_63F2.font.lyn.event
[LYN]	Fonts/build/GlyphText/FontText_63F8.font.lyn.event
[LYN]	Fonts/build/GlyphText/FontText_63E0.font.lyn.event
[LYN]	Fonts/build/GlyphText/FontText_63FF.font.lyn.event
[LYN]	Fonts/build/GlyphText/FontText_63C4.font.lyn.event
[LYN]	Fonts/build/GlyphText/FontText_63DE.font.lyn.event
[LYN]	Fonts/build/GlyphText/FontText_63CE.font.lyn.event
[LYN]	Fonts/build/GlyphText/FontText_6452.font.lyn.event
[LYN]	Fonts/build/GlyphText/FontText_63C6.font.lyn.event
[LYN]	Fonts/build/GlyphText/FontText_63BE.font.lyn.event
[LYN]	Fonts/build/GlyphText/FontText_6445.font.lyn.event
[LYN]	Fonts/build/GlyphText/FontText_6441.font.lyn.event
[LYN]	Fonts/build/GlyphText/FontText_640B.font.lyn.event
[LYN]	Fonts/build/GlyphText/FontText_641B.font.lyn.event
[LYN]	Fonts/build/GlyphText/FontText_6420.font.lyn.event
[LYN]	Fonts/build/GlyphText/FontText_640C.font.lyn.event
[LYN]	Fonts/build/GlyphText/FontText_6426.font.lyn.event
[LYN]	Fonts/build/GlyphText/FontText_6421.font.lyn.event
[LYN]	Fonts/build/GlyphText/FontText_645E.font.lyn.event
[LYN]	Fonts/build/GlyphText/FontText_6484.font.lyn.event
[LYN]	Fonts/build/GlyphText/FontText_646D.font.lyn.event
[LYN]	Fonts/build/GlyphText/FontText_6496.font.lyn.event
[LYN]	Fonts/build/GlyphText/FontText_647A.font.lyn.event
[LYN]	Fonts/build/GlyphText/FontText_64B7.font.lyn.event
[LYN]	Fonts/build/GlyphText/FontText_64B8.font.lyn.event
[LYN]	Fonts/build/GlyphText/FontText_6499.font.lyn.event
[LYN]	Fonts/build/GlyphText/FontText_64BA.font.lyn.event
[LYN]	Fonts/build/GlyphText/FontText_64C0.font.lyn.event
[LYN]	Fonts/build/GlyphText/FontText_64D0.font.lyn.event
[LYN]	Fonts/build/GlyphText/FontText_64D7.font.lyn.event
[LYN]	Fonts/build/GlyphText/FontText_64E4.font.lyn.event
[LYN]	Fonts/build/GlyphText/FontText_64E2.font.lyn.event
[LYN]	Fonts/build/GlyphText/FontText_6509.font.lyn.event
[LYN]	Fonts/build/GlyphText/FontText_6525.font.lyn.event
[LYN]	Fonts/build/GlyphText/FontText_652E.font.lyn.event
[LYN]	Fonts/build/GlyphText/FontText_5F0B.font.lyn.event
[LYN]	Fonts/build/GlyphText/FontText_7519.font.lyn.event
[LYN]	Fonts/build/GlyphText/FontText_535F.font.lyn.event
[LYN]	Fonts/build/GlyphText/FontText_53E9.font.lyn.event
[LYN]	Fonts/build/GlyphText/FontText_53FB.font.lyn.event
[LYN]	Fonts/build/GlyphText/FontText_5412.font.lyn.event
[LYN]	Fonts/build/GlyphText/FontText_5406.font.lyn.event
[LYN]	Fonts/build/GlyphText/FontText_5452.font.lyn.event
[LYN]	Fonts/build/GlyphText/FontText_5453.font.lyn.event
[LYN]	Fonts/build/GlyphText/FontText_5454.font.lyn.event
[LYN]	Fonts/build/GlyphText/FontText_5456.font.lyn.event
[LYN]	Fonts/build/GlyphText/FontText_5421.font.lyn.event
[LYN]	Fonts/build/GlyphText/FontText_5459.font.lyn.event
[LYN]	Fonts/build/GlyphText/FontText_5423.font.lyn.event
[LYN]	Fonts/build/GlyphText/FontText_5432.font.lyn.event
[LYN]	Fonts/build/GlyphText/FontText_5482.font.lyn.event
[LYN]	Fonts/build/GlyphText/FontText_5477.font.lyn.event
[LYN]	Fonts/build/GlyphText/FontText_5464.font.lyn.event
[LYN]	Fonts/build/GlyphText/FontText_549A.font.lyn.event
[LYN]	Fonts/build/GlyphText/FontText_549B.font.lyn.event
[LYN]	Fonts/build/GlyphText/FontText_5484.font.lyn.event
[LYN]	Fonts/build/GlyphText/FontText_5476.font.lyn.event
[LYN]	Fonts/build/GlyphText/FontText_5466.font.lyn.event
[LYN]	Fonts/build/GlyphText/FontText_54D0.font.lyn.event
[LYN]	Fonts/build/GlyphText/FontText_54AD.font.lyn.event
[LYN]	Fonts/build/GlyphText/FontText_54C2.font.lyn.event
[LYN]	Fonts/build/GlyphText/FontText_54B4.font.lyn.event
[LYN]	Fonts/build/GlyphText/FontText_54D2.font.lyn.event
[LYN]	Fonts/build/GlyphText/FontText_54D3.font.lyn.event
[LYN]	Fonts/build/GlyphText/FontText_54D4.font.lyn.event
[LYN]	Fonts/build/GlyphText/FontText_5472.font.lyn.event
[LYN]	Fonts/build/GlyphText/FontText_54A3.font.lyn.event
[LYN]	Fonts/build/GlyphText/FontText_54D5.font.lyn.event
[LYN]	Fonts/build/GlyphText/FontText_54BB.font.lyn.event
[LYN]	Fonts/build/GlyphText/FontText_54CC.font.lyn.event
[LYN]	Fonts/build/GlyphText/FontText_54D9.font.lyn.event
[LYN]	Fonts/build/GlyphText/FontText_54DA.font.lyn.event
[LYN]	Fonts/build/GlyphText/FontText_54DC.font.lyn.event
[LYN]	Fonts/build/GlyphText/FontText_54A9.font.lyn.event
[LYN]	Fonts/build/GlyphText/FontText_54AA.font.lyn.event
[LYN]	Fonts/build/GlyphText/FontText_54A4.font.lyn.event
[LYN]	Fonts/build/GlyphText/FontText_54DD.font.lyn.event
[LYN]	Fonts/build/GlyphText/FontText_54CF.font.lyn.event
[LYN]	Fonts/build/GlyphText/FontText_54DE.font.lyn.event
[LYN]	Fonts/build/GlyphText/FontText_551B.font.lyn.event
[LYN]	Fonts/build/GlyphText/FontText_54FD.font.lyn.event
[LYN]	Fonts/build/GlyphText/FontText_54F3.font.lyn.event
[LYN]	Fonts/build/GlyphText/FontText_5522.font.lyn.event
[LYN]	Fonts/build/GlyphText/FontText_5523.font.lyn.event
[LYN]	Fonts/build/GlyphText/FontText_550F.font.lyn.event
[LYN]	Fonts/build/GlyphText/FontText_5511.font.lyn.event
[LYN]	Fonts/build/GlyphText/FontText_552A.font.lyn.event
[LYN]	Fonts/build/GlyphText/FontText_558F.font.lyn.event
[LYN]	Fonts/build/GlyphText/FontText_55B5.font.lyn.event
[LYN]	Fonts/build/GlyphText/FontText_5549.font.lyn.event
[LYN]	Fonts/build/GlyphText/FontText_556D.font.lyn.event
[LYN]	Fonts/build/GlyphText/FontText_5541.font.lyn.event
[LYN]	Fonts/build/GlyphText/FontText_553F.font.lyn.event
[LYN]	Fonts/build/GlyphText/FontText_5550.font.lyn.event
[LYN]	Fonts/build/GlyphText/FontText_553C.font.lyn.event
[LYN]	Fonts/build/GlyphText/FontText_5556.font.lyn.event
[LYN]	Fonts/build/GlyphText/FontText_5575.font.lyn.event
[LYN]	Fonts/build/GlyphText/FontText_5576.font.lyn.event
[LYN]	Fonts/build/GlyphText/FontText_5577.font.lyn.event
[LYN]	Fonts/build/GlyphText/FontText_5533.font.lyn.event
[LYN]	Fonts/build/GlyphText/FontText_5530.font.lyn.event
[LYN]	Fonts/build/GlyphText/FontText_555C.font.lyn.event
[LYN]	Fonts/build/GlyphText/FontText_558B.font.lyn.event
[LYN]	Fonts/build/GlyphText/FontText_5583.font.lyn.event
[LYN]	Fonts/build/GlyphText/FontText_55B1.font.lyn.event
[LYN]	Fonts/build/GlyphText/FontText_55B9.font.lyn.event
[LYN]	Fonts/build/GlyphText/FontText_5588.font.lyn.event
[LYN]	Fonts/build/GlyphText/FontText_5581.font.lyn.event
[LYN]	Fonts/build/GlyphText/FontText_559F.font.lyn.event
[LYN]	Fonts/build/GlyphText/FontText_55D6.font.lyn.event
[LYN]	Fonts/build/GlyphText/FontText_5591.font.lyn.event
[LYN]	Fonts/build/GlyphText/FontText_557B.font.lyn.event
[LYN]	Fonts/build/GlyphText/FontText_55DF.font.lyn.event
[LYN]	Fonts/build/GlyphText/FontText_55BE.font.lyn.event
[LYN]	Fonts/build/GlyphText/FontText_5599.font.lyn.event
[LYN]	Fonts/build/GlyphText/FontText_55EA.font.lyn.event
[LYN]	Fonts/build/GlyphText/FontText_55C9.font.lyn.event
[LYN]	Fonts/build/GlyphText/FontText_55D1.font.lyn.event
[LYN]	Fonts/build/GlyphText/FontText_55EB.font.lyn.event
[LYN]	Fonts/build/GlyphText/FontText_55D4.font.lyn.event
[LYN]	Fonts/build/GlyphText/FontText_55DD.font.lyn.event
[LYN]	Fonts/build/GlyphText/FontText_55C4.font.lyn.event
[LYN]	Fonts/build/GlyphText/FontText_55E5.font.lyn.event
[LYN]	Fonts/build/GlyphText/FontText_55F2.font.lyn.event
[LYN]	Fonts/build/GlyphText/FontText_55F3.font.lyn.event
[LYN]	Fonts/build/GlyphText/FontText_55CC.font.lyn.event
[LYN]	Fonts/build/GlyphText/FontText_55CD.font.lyn.event
[LYN]	Fonts/build/GlyphText/FontText_8F94.font.lyn.event
[LYN]	Fonts/build/GlyphText/FontText_561E.font.lyn.event
[LYN]	Fonts/build/GlyphText/FontText_560C.font.lyn.event
[LYN]	Fonts/build/GlyphText/FontText_5624.font.lyn.event
[LYN]	Fonts/build/GlyphText/FontText_55FE.font.lyn.event
[LYN]	Fonts/build/GlyphText/FontText_5627.font.lyn.event
[LYN]	Fonts/build/GlyphText/FontText_562D.font.lyn.event
[LYN]	Fonts/build/GlyphText/FontText_5658.font.lyn.event
[LYN]	Fonts/build/GlyphText/FontText_5639.font.lyn.event
[LYN]	Fonts/build/GlyphText/FontText_562C.font.lyn.event
[LYN]	Fonts/build/GlyphText/FontText_564D.font.lyn.event
[LYN]	Fonts/build/GlyphText/FontText_5659.font.lyn.event
[LYN]	Fonts/build/GlyphText/FontText_564C.font.lyn.event
[LYN]	Fonts/build/GlyphText/FontText_5654.font.lyn.event
[LYN]	Fonts/build/GlyphText/FontText_5686.font.lyn.event
[LYN]	Fonts/build/GlyphText/FontText_5664.font.lyn.event
[LYN]	Fonts/build/GlyphText/FontText_5671.font.lyn.event
[LYN]	Fonts/build/GlyphText/FontText_566B.font.lyn.event
[LYN]	Fonts/build/GlyphText/FontText_567B.font.lyn.event
[LYN]	Fonts/build/GlyphText/FontText_567C.font.lyn.event
[LYN]	Fonts/build/GlyphText/FontText_5685.font.lyn.event
[LYN]	Fonts/build/GlyphText/FontText_5693.font.lyn.event
[LYN]	Fonts/build/GlyphText/FontText_56D7.font.lyn.event
[LYN]	Fonts/build/GlyphText/FontText_56DD.font.lyn.event
[LYN]	Fonts/build/GlyphText/FontText_56E1.font.lyn.event
[LYN]	Fonts/build/GlyphText/FontText_56F9.font.lyn.event
[LYN]	Fonts/build/GlyphText/FontText_56FF.font.lyn.event
[LYN]	Fonts/build/GlyphText/FontText_5704.font.lyn.event
[LYN]	Fonts/build/GlyphText/FontText_570A.font.lyn.event
[LYN]	Fonts/build/GlyphText/FontText_5709.font.lyn.event
[LYN]	Fonts/build/GlyphText/FontText_571C.font.lyn.event
[LYN]	Fonts/build/GlyphText/FontText_5E0F.font.lyn.event
[LYN]	Fonts/build/GlyphText/FontText_5E19.font.lyn.event
[LYN]	Fonts/build/GlyphText/FontText_5E14.font.lyn.event
[LYN]	Fonts/build/GlyphText/FontText_5E11.font.lyn.event
[LYN]	Fonts/build/GlyphText/FontText_5E31.font.lyn.event
[LYN]	Fonts/build/GlyphText/FontText_5E3B.font.lyn.event
[LYN]	Fonts/build/GlyphText/FontText_5E3C.font.lyn.event
[LYN]	Fonts/build/GlyphText/FontText_5E44.font.lyn.event
[LYN]	Fonts/build/GlyphText/FontText_5E54.font.lyn.event
[LYN]	Fonts/build/GlyphText/FontText_5E5B.font.lyn.event
[LYN]	Fonts/build/GlyphText/FontText_5E5E.font.lyn.event
[LYN]	Fonts/build/GlyphText/FontText_5E61.font.lyn.event
[LYN]	Fonts/build/GlyphText/FontText_5C7A.font.lyn.event
[LYN]	Fonts/build/GlyphText/FontText_5C8D.font.lyn.event
[LYN]	Fonts/build/GlyphText/FontText_5C90.font.lyn.event
[LYN]	Fonts/build/GlyphText/FontText_5C88.font.lyn.event
[LYN]	Fonts/build/GlyphText/FontText_5C98.font.lyn.event
[LYN]	Fonts/build/GlyphText/FontText_5C99.font.lyn.event
[LYN]	Fonts/build/GlyphText/FontText_5C91.font.lyn.event
[LYN]	Fonts/build/GlyphText/FontText_5C9C.font.lyn.event
[LYN]	Fonts/build/GlyphText/FontText_5CB5.font.lyn.event
[LYN]	Fonts/build/GlyphText/FontText_5CA2.font.lyn.event
[LYN]	Fonts/build/GlyphText/FontText_5CBD.font.lyn.event
[LYN]	Fonts/build/GlyphText/FontText_5CAC.font.lyn.event
[LYN]	Fonts/build/GlyphText/FontText_5CAB.font.lyn.event
[LYN]	Fonts/build/GlyphText/FontText_5CB1.font.lyn.event
[LYN]	Fonts/build/GlyphText/FontText_5CA3.font.lyn.event
[LYN]	Fonts/build/GlyphText/FontText_5CC1.font.lyn.event
[LYN]	Fonts/build/GlyphText/FontText_5CB7.font.lyn.event
[LYN]	Fonts/build/GlyphText/FontText_5CC4.font.lyn.event
[LYN]	Fonts/build/GlyphText/FontText_5CD2.font.lyn.event
[LYN]	Fonts/build/GlyphText/FontText_5CE4.font.lyn.event
[LYN]	Fonts/build/GlyphText/FontText_5CCB.font.lyn.event
[LYN]	Fonts/build/GlyphText/FontText_5CE5.font.lyn.event
[LYN]	Fonts/build/GlyphText/FontText_5D02.font.lyn.event
[LYN]	Fonts/build/GlyphText/FontText_5D03.font.lyn.event
[LYN]	Fonts/build/GlyphText/FontText_5D27.font.lyn.event
[LYN]	Fonts/build/GlyphText/FontText_5D26.font.lyn.event
[LYN]	Fonts/build/GlyphText/FontText_5D2E.font.lyn.event
[LYN]	Fonts/build/GlyphText/FontText_5D24.font.lyn.event
[LYN]	Fonts/build/GlyphText/FontText_5D1E.font.lyn.event
[LYN]	Fonts/build/GlyphText/FontText_5D06.font.lyn.event
[LYN]	Fonts/build/GlyphText/FontText_5D1B.font.lyn.event
[LYN]	Fonts/build/GlyphText/FontText_5D58.font.lyn.event
[LYN]	Fonts/build/GlyphText/FontText_5D3E.font.lyn.event
[LYN]	Fonts/build/GlyphText/FontText_5D34.font.lyn.event
[LYN]	Fonts/build/GlyphText/FontText_5D6C.font.lyn.event
[LYN]	Fonts/build/GlyphText/FontText_5D5B.font.lyn.event
[LYN]	Fonts/build/GlyphText/FontText_5D6F.font.lyn.event
[LYN]	Fonts/build/GlyphText/FontText_5D5D.font.lyn.event
[LYN]	Fonts/build/GlyphText/FontText_5D6B.font.lyn.event
[LYN]	Fonts/build/GlyphText/FontText_5D4B.font.lyn.event
[LYN]	Fonts/build/GlyphText/FontText_5D4A.font.lyn.event
[LYN]	Fonts/build/GlyphText/FontText_5D69.font.lyn.event
[LYN]	Fonts/build/GlyphText/FontText_5D74.font.lyn.event
[LYN]	Fonts/build/GlyphText/FontText_5D82.font.lyn.event
[LYN]	Fonts/build/GlyphText/FontText_5D99.font.lyn.event
[LYN]	Fonts/build/GlyphText/FontText_5D9D.font.lyn.event
[LYN]	Fonts/build/GlyphText/FontText_8C73.font.lyn.event
[LYN]	Fonts/build/GlyphText/FontText_5DB7.font.lyn.event
[LYN]	Fonts/build/GlyphText/FontText_5DC5.font.lyn.event
[LYN]	Fonts/build/GlyphText/FontText_5F73.font.lyn.event
[LYN]	Fonts/build/GlyphText/FontText_5F82.font.lyn.event
[LYN]	Fonts/build/GlyphText/FontText_5F87.font.lyn.event
[LYN]	Fonts/build/GlyphText/FontText_5F89.font.lyn.event
[LYN]	Fonts/build/GlyphText/FontText_5F8C.font.lyn.event
[LYN]	Fonts/build/GlyphText/FontText_5F95.font.lyn.event
[LYN]	Fonts/build/GlyphText/FontText_5F99.font.lyn.event
[LYN]	Fonts/build/GlyphText/FontText_5F9C.font.lyn.event
[LYN]	Fonts/build/GlyphText/FontText_5FAD.font.lyn.event
[LYN]	Fonts/build/GlyphText/FontText_5FB5.font.lyn.event
[LYN]	Fonts/build/GlyphText/FontText_5FBC.font.lyn.event
[LYN]	Fonts/build/GlyphText/FontText_8862.font.lyn.event
[LYN]	Fonts/build/GlyphText/FontText_5F61.font.lyn.event
[LYN]	Fonts/build/GlyphText/FontText_72AD.font.lyn.event
[LYN]	Fonts/build/GlyphText/FontText_72B0.font.lyn.event
[LYN]	Fonts/build/GlyphText/FontText_72B4.font.lyn.event
[LYN]	Fonts/build/GlyphText/FontText_72B8.font.lyn.event
[LYN]	Fonts/build/GlyphText/FontText_72C3.font.lyn.event
[LYN]	Fonts/build/GlyphText/FontText_72C1.font.lyn.event
[LYN]	Fonts/build/GlyphText/FontText_72CE.font.lyn.event
[LYN]	Fonts/build/GlyphText/FontText_72CD.font.lyn.event
[LYN]	Fonts/build/GlyphText/FontText_72D2.font.lyn.event
[LYN]	Fonts/build/GlyphText/FontText_72E8.font.lyn.event
[LYN]	Fonts/build/GlyphText/FontText_72EF.font.lyn.event
[LYN]	Fonts/build/GlyphText/FontText_72F2.font.lyn.event
[LYN]	Fonts/build/GlyphText/FontText_72F4.font.lyn.event
[LYN]	Fonts/build/GlyphText/FontText_72F7.font.lyn.event
[LYN]	Fonts/build/GlyphText/FontText_7301.font.lyn.event
[LYN]	Fonts/build/GlyphText/FontText_72F3.font.lyn.event
[LYN]	Fonts/build/GlyphText/FontText_7303.font.lyn.event
[LYN]	Fonts/build/GlyphText/FontText_72FA.font.lyn.event
[LYN]	Fonts/build/GlyphText/FontText_72FB.font.lyn.event
[LYN]	Fonts/build/GlyphText/FontText_7317.font.lyn.event
[LYN]	Fonts/build/GlyphText/FontText_7313.font.lyn.event
[LYN]	Fonts/build/GlyphText/FontText_7321.font.lyn.event
[LYN]	Fonts/build/GlyphText/FontText_730A.font.lyn.event
[LYN]	Fonts/build/GlyphText/FontText_731E.font.lyn.event
[LYN]	Fonts/build/GlyphText/FontText_7315.font.lyn.event
[LYN]	Fonts/build/GlyphText/FontText_7322.font.lyn.event
[LYN]	Fonts/build/GlyphText/FontText_7339.font.lyn.event
[LYN]	Fonts/build/GlyphText/FontText_7325.font.lyn.event
[LYN]	Fonts/build/GlyphText/FontText_732C.font.lyn.event
[LYN]	Fonts/build/GlyphText/FontText_7338.font.lyn.event
[LYN]	Fonts/build/GlyphText/FontText_7331.font.lyn.event
[LYN]	Fonts/build/GlyphText/FontText_7350.font.lyn.event
[LYN]	Fonts/build/GlyphText/FontText_734D.font.lyn.event
[LYN]	Fonts/build/GlyphText/FontText_7357.font.lyn.event
[LYN]	Fonts/build/GlyphText/FontText_7360.font.lyn.event
[LYN]	Fonts/build/GlyphText/FontText_736C.font.lyn.event
[LYN]	Fonts/build/GlyphText/FontText_736F.font.lyn.event
[LYN]	Fonts/build/GlyphText/FontText_737E.font.lyn.event
[LYN]	Fonts/build/GlyphText/FontText_821B.font.lyn.event
[LYN]	Fonts/build/GlyphText/FontText_5925.font.lyn.event
[LYN]	Fonts/build/GlyphText/FontText_98E7.font.lyn.event
[LYN]	Fonts/build/GlyphText/FontText_5924.font.lyn.event
[LYN]	Fonts/build/GlyphText/FontText_5902.font.lyn.event
[LYN]	Fonts/build/GlyphText/FontText_9963.font.lyn.event
[LYN]	Fonts/build/GlyphText/FontText_9967.font.lyn.event
[LYN]	Fonts/build/GlyphText/FontText_9968.font.lyn.event
[LYN]	Fonts/build/GlyphText/FontText_9969.font.lyn.event
[LYN]	Fonts/build/GlyphText/FontText_996A.font.lyn.event
[LYN]	Fonts/build/GlyphText/FontText_996B.font.lyn.event
[LYN]	Fonts/build/GlyphText/FontText_996C.font.lyn.event
[LYN]	Fonts/build/GlyphText/FontText_9974.font.lyn.event
[LYN]	Fonts/build/GlyphText/FontText_997D.font.lyn.event
[LYN]	Fonts/build/GlyphText/FontText_9980.font.lyn.event
[LYN]	Fonts/build/GlyphText/FontText_9984.font.lyn.event
[LYN]	Fonts/build/GlyphText/FontText_9987.font.lyn.event
[LYN]	Fonts/build/GlyphText/FontText_998A.font.lyn.event
[LYN]	Fonts/build/GlyphText/FontText_5EB9.font.lyn.event
[LYN]	Fonts/build/GlyphText/FontText_998D.font.lyn.event
[LYN]	Fonts/build/GlyphText/FontText_9990.font.lyn.event
[LYN]	Fonts/build/GlyphText/FontText_9991.font.lyn.event
[LYN]	Fonts/build/GlyphText/FontText_9993.font.lyn.event
[LYN]	Fonts/build/GlyphText/FontText_5EB5.font.lyn.event
[LYN]	Fonts/build/GlyphText/FontText_9994.font.lyn.event
[LYN]	Fonts/build/GlyphText/FontText_9995.font.lyn.event
[LYN]	Fonts/build/GlyphText/FontText_5E80.font.lyn.event
[LYN]	Fonts/build/GlyphText/FontText_5EBE.font.lyn.event
[LYN]	Fonts/build/GlyphText/FontText_5E91.font.lyn.event
[LYN]	Fonts/build/GlyphText/FontText_5E8B.font.lyn.event
[LYN]	Fonts/build/GlyphText/FontText_5EB3.font.lyn.event
[LYN]	Fonts/build/GlyphText/FontText_5E96.font.lyn.event
[LYN]	Fonts/build/GlyphText/FontText_5EA0.font.lyn.event
[LYN]	Fonts/build/GlyphText/FontText_5EA5.font.lyn.event
[LYN]	Fonts/build/GlyphText/FontText_8D53.font.lyn.event
[LYN]	Fonts/build/GlyphText/FontText_5ED2.font.lyn.event
[LYN]	Fonts/build/GlyphText/FontText_5ED1.font.lyn.event
[LYN]	Fonts/build/GlyphText/FontText_5EDB.font.lyn.event
[LYN]	Fonts/build/GlyphText/FontText_5EE8.font.lyn.event
[LYN]	Fonts/build/GlyphText/FontText_5EEA.font.lyn.event
[LYN]	Fonts/build/GlyphText/FontText_81BA.font.lyn.event
[LYN]	Fonts/build/GlyphText/FontText_5FC4.font.lyn.event
[LYN]	Fonts/build/GlyphText/FontText_5FC9.font.lyn.event
[LYN]	Fonts/build/GlyphText/FontText_5FD6.font.lyn.event
[LYN]	Fonts/build/GlyphText/FontText_6003.font.lyn.event
[LYN]	Fonts/build/GlyphText/FontText_5FEE.font.lyn.event
[LYN]	Fonts/build/GlyphText/FontText_6004.font.lyn.event
[LYN]	Fonts/build/GlyphText/FontText_5FE1.font.lyn.event
[LYN]	Fonts/build/GlyphText/FontText_5FE4.font.lyn.event
[LYN]	Fonts/build/GlyphText/FontText_5FFE.font.lyn.event
[LYN]	Fonts/build/GlyphText/FontText_6005.font.lyn.event
[LYN]	Fonts/build/GlyphText/FontText_6006.font.lyn.event
[LYN]	Fonts/build/GlyphText/FontText_5FED.font.lyn.event
[LYN]	Fonts/build/GlyphText/FontText_5FF8.font.lyn.event
[LYN]	Fonts/build/GlyphText/FontText_6019.font.lyn.event
[LYN]	Fonts/build/GlyphText/FontText_6035.font.lyn.event
[LYN]	Fonts/build/GlyphText/FontText_6026.font.lyn.event
[LYN]	Fonts/build/GlyphText/FontText_601B.font.lyn.event
[LYN]	Fonts/build/GlyphText/FontText_600F.font.lyn.event
[LYN]	Fonts/build/GlyphText/FontText_600D.font.lyn.event
[LYN]	Fonts/build/GlyphText/FontText_6029.font.lyn.event
[LYN]	Fonts/build/GlyphText/FontText_602B.font.lyn.event
[LYN]	Fonts/build/GlyphText/FontText_600A.font.lyn.event
[LYN]	Fonts/build/GlyphText/FontText_603F.font.lyn.event
[LYN]	Fonts/build/GlyphText/FontText_6078.font.lyn.event
[LYN]	Fonts/build/GlyphText/FontText_6079.font.lyn.event
[LYN]	Fonts/build/GlyphText/FontText_607B.font.lyn.event
[LYN]	Fonts/build/GlyphText/FontText_607A.font.lyn.event
[LYN]	Fonts/build/GlyphText/FontText_6042.font.lyn.event
[LYN]	Fonts/build/GlyphText/FontText_607D.font.lyn.event
[LYN]	Fonts/build/GlyphText/FontText_606A.font.lyn.event
[LYN]	Fonts/build/GlyphText/FontText_6096.font.lyn.event
[LYN]	Fonts/build/GlyphText/FontText_609A.font.lyn.event
[LYN]	Fonts/build/GlyphText/FontText_60AD.font.lyn.event
[LYN]	Fonts/build/GlyphText/FontText_609D.font.lyn.event
[LYN]	Fonts/build/GlyphText/FontText_6083.font.lyn.event
[LYN]	Fonts/build/GlyphText/FontText_6092.font.lyn.event
[LYN]	Fonts/build/GlyphText/FontText_608C.font.lyn.event
[LYN]	Fonts/build/GlyphText/FontText_609B.font.lyn.event
[LYN]	Fonts/build/GlyphText/FontText_60BB.font.lyn.event
[LYN]	Fonts/build/GlyphText/FontText_60B1.font.lyn.event
[LYN]	Fonts/build/GlyphText/FontText_60DD.font.lyn.event
[LYN]	Fonts/build/GlyphText/FontText_60C6.font.lyn.event
[LYN]	Fonts/build/GlyphText/FontText_60DA.font.lyn.event
[LYN]	Fonts/build/GlyphText/FontText_6120.font.lyn.event
[LYN]	Fonts/build/GlyphText/FontText_6126.font.lyn.event
[LYN]	Fonts/build/GlyphText/FontText_60F4.font.lyn.event
[LYN]	Fonts/build/GlyphText/FontText_6100.font.lyn.event
[LYN]	Fonts/build/GlyphText/FontText_610E.font.lyn.event
[LYN]	Fonts/build/GlyphText/FontText_612B.font.lyn.event
[LYN]	Fonts/build/GlyphText/FontText_614A.font.lyn.event
[LYN]	Fonts/build/GlyphText/FontText_6175.font.lyn.event
[LYN]	Fonts/build/GlyphText/FontText_61B7.font.lyn.event
[LYN]	Fonts/build/GlyphText/FontText_61D4.font.lyn.event
[LYN]	Fonts/build/GlyphText/FontText_61F5.font.lyn.event
[LYN]	Fonts/build/GlyphText/FontText_5FDD.font.lyn.event
[LYN]	Fonts/build/GlyphText/FontText_96B3.font.lyn.event
[LYN]	Fonts/build/GlyphText/FontText_95E9.font.lyn.event
[LYN]	Fonts/build/GlyphText/FontText_95EB.font.lyn.event
[LYN]	Fonts/build/GlyphText/FontText_95F1.font.lyn.event
[LYN]	Fonts/build/GlyphText/FontText_95F3.font.lyn.event
[LYN]	Fonts/build/GlyphText/FontText_95F5.font.lyn.event
[LYN]	Fonts/build/GlyphText/FontText_95F6.font.lyn.event
[LYN]	Fonts/build/GlyphText/FontText_95FC.font.lyn.event
[LYN]	Fonts/build/GlyphText/FontText_95FE.font.lyn.event
[LYN]	Fonts/build/GlyphText/FontText_9603.font.lyn.event
[LYN]	Fonts/build/GlyphText/FontText_9604.font.lyn.event
[LYN]	Fonts/build/GlyphText/FontText_9606.font.lyn.event
[LYN]	Fonts/build/GlyphText/FontText_9608.font.lyn.event
[LYN]	Fonts/build/GlyphText/FontText_960A.font.lyn.event
[LYN]	Fonts/build/GlyphText/FontText_960B.font.lyn.event
[LYN]	Fonts/build/GlyphText/FontText_960C.font.lyn.event
[LYN]	Fonts/build/GlyphText/FontText_960D.font.lyn.event
[LYN]	Fonts/build/GlyphText/FontText_960F.font.lyn.event
[LYN]	Fonts/build/GlyphText/FontText_9612.font.lyn.event
[LYN]	Fonts/build/GlyphText/FontText_9615.font.lyn.event
[LYN]	Fonts/build/GlyphText/FontText_9617.font.lyn.event
[LYN]	Fonts/build/GlyphText/FontText_9619.font.lyn.event
[LYN]	Fonts/build/GlyphText/FontText_961A.font.lyn.event
[LYN]	Fonts/build/GlyphText/FontText_4E2C.font.lyn.event
[LYN]	Fonts/build/GlyphText/FontText_723F.font.lyn.event
[LYN]	Fonts/build/GlyphText/FontText_6215.font.lyn.event
[LYN]	Fonts/build/GlyphText/FontText_6C35.font.lyn.event
[LYN]	Fonts/build/GlyphText/FontText_6C54.font.lyn.event
[LYN]	Fonts/build/GlyphText/FontText_6C5C.font.lyn.event
[LYN]	Fonts/build/GlyphText/FontText_6C4A.font.lyn.event
[LYN]	Fonts/build/GlyphText/FontText_6CA3.font.lyn.event
[LYN]	Fonts/build/GlyphText/FontText_6C85.font.lyn.event
[LYN]	Fonts/build/GlyphText/FontText_6C94.font.lyn.event
[LYN]	Fonts/build/GlyphText/FontText_6C68.font.lyn.event
[LYN]	Fonts/build/GlyphText/FontText_6C69.font.lyn.event
[LYN]	Fonts/build/GlyphText/FontText_6C74.font.lyn.event
[LYN]	Fonts/build/GlyphText/FontText_6C76.font.lyn.event
[LYN]	Fonts/build/GlyphText/FontText_6C86.font.lyn.event
[LYN]	Fonts/build/GlyphText/FontText_6CA9.font.lyn.event
[LYN]	Fonts/build/GlyphText/FontText_6CD0.font.lyn.event
[LYN]	Fonts/build/GlyphText/FontText_6CD4.font.lyn.event
[LYN]	Fonts/build/GlyphText/FontText_6CAD.font.lyn.event
[LYN]	Fonts/build/GlyphText/FontText_6CF7.font.lyn.event
[LYN]	Fonts/build/GlyphText/FontText_6CF8.font.lyn.event
[LYN]	Fonts/build/GlyphText/FontText_6CF1.font.lyn.event
[LYN]	Fonts/build/GlyphText/FontText_6CD7.font.lyn.event
[LYN]	Fonts/build/GlyphText/FontText_6CB2.font.lyn.event
[LYN]	Fonts/build/GlyphText/FontText_6CE0.font.lyn.event
[LYN]	Fonts/build/GlyphText/FontText_6CD6.font.lyn.event
[LYN]	Fonts/build/GlyphText/FontText_6CFA.font.lyn.event
[LYN]	Fonts/build/GlyphText/FontText_6CEB.font.lyn.event
[LYN]	Fonts/build/GlyphText/FontText_6CEE.font.lyn.event
[LYN]	Fonts/build/GlyphText/FontText_6CD3.font.lyn.event
[LYN]	Fonts/build/GlyphText/FontText_6CB1.font.lyn.event
[LYN]	Fonts/build/GlyphText/FontText_6D39.font.lyn.event
[LYN]	Fonts/build/GlyphText/FontText_6CFE.font.lyn.event
[LYN]	Fonts/build/GlyphText/FontText_6D27.font.lyn.event
[LYN]	Fonts/build/GlyphText/FontText_6D0C.font.lyn.event
[LYN]	Fonts/build/GlyphText/FontText_6D43.font.lyn.event
[LYN]	Fonts/build/GlyphText/FontText_6D48.font.lyn.event
[LYN]	Fonts/build/GlyphText/FontText_6D07.font.lyn.event
[LYN]	Fonts/build/GlyphText/FontText_6D04.font.lyn.event
[LYN]	Fonts/build/GlyphText/FontText_6D19.font.lyn.event
[LYN]	Fonts/build/GlyphText/FontText_6D0E.font.lyn.event
[LYN]	Fonts/build/GlyphText/FontText_6D2B.font.lyn.event
[LYN]	Fonts/build/GlyphText/FontText_6D4D.font.lyn.event
[LYN]	Fonts/build/GlyphText/FontText_6D2E.font.lyn.event
[LYN]	Fonts/build/GlyphText/FontText_6D35.font.lyn.event
[LYN]	Fonts/build/GlyphText/FontText_6D1A.font.lyn.event
[LYN]	Fonts/build/GlyphText/FontText_6D52.font.lyn.event
[LYN]	Fonts/build/GlyphText/FontText_6D54.font.lyn.event
[LYN]	Fonts/build/GlyphText/FontText_6D33.font.lyn.event
[LYN]	Fonts/build/GlyphText/FontText_6D91.font.lyn.event
[LYN]	Fonts/build/GlyphText/FontText_6D6F.font.lyn.event
[LYN]	Fonts/build/GlyphText/FontText_6D9E.font.lyn.event
[LYN]	Fonts/build/GlyphText/FontText_6DA0.font.lyn.event
[LYN]	Fonts/build/GlyphText/FontText_6D5E.font.lyn.event
[LYN]	Fonts/build/GlyphText/FontText_6D93.font.lyn.event
[LYN]	Fonts/build/GlyphText/FontText_6D94.font.lyn.event
[LYN]	Fonts/build/GlyphText/FontText_6D5C.font.lyn.event
[LYN]	Fonts/build/GlyphText/FontText_6D60.font.lyn.event
[LYN]	Fonts/build/GlyphText/FontText_6D7C.font.lyn.event
[LYN]	Fonts/build/GlyphText/FontText_6D63.font.lyn.event
[LYN]	Fonts/build/GlyphText/FontText_6E1A.font.lyn.event
[LYN]	Fonts/build/GlyphText/FontText_6DC7.font.lyn.event
[LYN]	Fonts/build/GlyphText/FontText_6DC5.font.lyn.event
[LYN]	Fonts/build/GlyphText/FontText_6DDE.font.lyn.event
[LYN]	Fonts/build/GlyphText/FontText_6DBF.font.lyn.event
[LYN]	Fonts/build/GlyphText/FontText_6DE0.font.lyn.event
[LYN]	Fonts/build/GlyphText/FontText_6E11.font.lyn.event
[LYN]	Fonts/build/GlyphText/FontText_6DE6.font.lyn.event
[LYN]	Fonts/build/GlyphText/FontText_6DDD.font.lyn.event
[LYN]	Fonts/build/GlyphText/FontText_6DD9.font.lyn.event
[LYN]	Fonts/build/GlyphText/FontText_6E16.font.lyn.event
[LYN]	Fonts/build/GlyphText/FontText_6DAB.font.lyn.event
[LYN]	Fonts/build/GlyphText/FontText_6E0C.font.lyn.event
[LYN]	Fonts/build/GlyphText/FontText_6DAE.font.lyn.event
[LYN]	Fonts/build/GlyphText/FontText_6E2B.font.lyn.event
[LYN]	Fonts/build/GlyphText/FontText_6E6E.font.lyn.event
[LYN]	Fonts/build/GlyphText/FontText_6E4E.font.lyn.event
[LYN]	Fonts/build/GlyphText/FontText_6E6B.font.lyn.event
[LYN]	Fonts/build/GlyphText/FontText_6EB2.font.lyn.event
[LYN]	Fonts/build/GlyphText/FontText_6E5F.font.lyn.event
[LYN]	Fonts/build/GlyphText/FontText_6E86.font.lyn.event
[LYN]	Fonts/build/GlyphText/FontText_6E53.font.lyn.event
[LYN]	Fonts/build/GlyphText/FontText_6E54.font.lyn.event
[LYN]	Fonts/build/GlyphText/FontText_6E32.font.lyn.event
[LYN]	Fonts/build/GlyphText/FontText_6E25.font.lyn.event
[LYN]	Fonts/build/GlyphText/FontText_6E44.font.lyn.event
[LYN]	Fonts/build/GlyphText/FontText_6EDF.font.lyn.event
[LYN]	Fonts/build/GlyphText/FontText_6EB1.font.lyn.event
[LYN]	Fonts/build/GlyphText/FontText_6E98.font.lyn.event
[LYN]	Fonts/build/GlyphText/FontText_6EE0.font.lyn.event
[LYN]	Fonts/build/GlyphText/FontText_6F2D.font.lyn.event
[LYN]	Fonts/build/GlyphText/FontText_6EE2.font.lyn.event
[LYN]	Fonts/build/GlyphText/FontText_6EA5.font.lyn.event
[LYN]	Fonts/build/GlyphText/FontText_6EA7.font.lyn.event
[LYN]	Fonts/build/GlyphText/FontText_6EBD.font.lyn.event
[LYN]	Fonts/build/GlyphText/FontText_6EBB.font.lyn.event
[LYN]	Fonts/build/GlyphText/FontText_6EB7.font.lyn.event
[LYN]	Fonts/build/GlyphText/FontText_6ED7.font.lyn.event
[LYN]	Fonts/build/GlyphText/FontText_6EB4.font.lyn.event
[LYN]	Fonts/build/GlyphText/FontText_6ECF.font.lyn.event
[LYN]	Fonts/build/GlyphText/FontText_6E8F.font.lyn.event
[LYN]	Fonts/build/GlyphText/FontText_6EC2.font.lyn.event
[LYN]	Fonts/build/GlyphText/FontText_6E9F.font.lyn.event
[LYN]	Fonts/build/GlyphText/FontText_6F62.font.lyn.event
[LYN]	Fonts/build/GlyphText/FontText_6F46.font.lyn.event
[LYN]	Fonts/build/GlyphText/FontText_6F24.font.lyn.event
[LYN]	Fonts/build/GlyphText/FontText_6F15.font.lyn.event
[LYN]	Fonts/build/GlyphText/FontText_6EF9.font.lyn.event
[LYN]	Fonts/build/GlyphText/FontText_6F2F.font.lyn.event
[LYN]	Fonts/build/GlyphText/FontText_6F36.font.lyn.event
[LYN]	Fonts/build/GlyphText/FontText_6F4B.font.lyn.event
[LYN]	Fonts/build/GlyphText/FontText_6F74.font.lyn.event
[LYN]	Fonts/build/GlyphText/FontText_6F2A.font.lyn.event
[LYN]	Fonts/build/GlyphText/FontText_6F89.font.lyn.event
[LYN]	Fonts/build/GlyphText/FontText_6F8D.font.lyn.event
[LYN]	Fonts/build/GlyphText/FontText_6F8C.font.lyn.event
[LYN]	Fonts/build/GlyphText/FontText_6F78.font.lyn.event
[LYN]	Fonts/build/GlyphText/FontText_6F72.font.lyn.event
[LYN]	Fonts/build/GlyphText/FontText_6F7C.font.lyn.event
[LYN]	Fonts/build/GlyphText/FontText_6F7A.font.lyn.event
[LYN]	Fonts/build/GlyphText/FontText_6FD1.font.lyn.event
[LYN]	Fonts/build/GlyphText/FontText_6FC9.font.lyn.event
[LYN]	Fonts/build/GlyphText/FontText_6FA7.font.lyn.event
[LYN]	Fonts/build/GlyphText/FontText_6FB9.font.lyn.event
[LYN]	Fonts/build/GlyphText/FontText_6FB6.font.lyn.event
[LYN]	Fonts/build/GlyphText/FontText_6FC2.font.lyn.event
[LYN]	Fonts/build/GlyphText/FontText_6FE1.font.lyn.event
[LYN]	Fonts/build/GlyphText/FontText_6FEE.font.lyn.event
[LYN]	Fonts/build/GlyphText/FontText_6FDE.font.lyn.event
[LYN]	Fonts/build/GlyphText/FontText_6FE0.font.lyn.event
[LYN]	Fonts/build/GlyphText/FontText_6FEF.font.lyn.event
[LYN]	Fonts/build/GlyphText/FontText_701A.font.lyn.event
[LYN]	Fonts/build/GlyphText/FontText_7023.font.lyn.event
[LYN]	Fonts/build/GlyphText/FontText_701B.font.lyn.event
[LYN]	Fonts/build/GlyphText/FontText_7039.font.lyn.event
[LYN]	Fonts/build/GlyphText/FontText_7035.font.lyn.event
[LYN]	Fonts/build/GlyphText/FontText_704F.font.lyn.event
[LYN]	Fonts/build/GlyphText/FontText_705E.font.lyn.event
[LYN]	Fonts/build/GlyphText/FontText_5B80.font.lyn.event
[LYN]	Fonts/build/GlyphText/FontText_5B84.font.lyn.event
[LYN]	Fonts/build/GlyphText/FontText_5B95.font.lyn.event
[LYN]	Fonts/build/GlyphText/FontText_5B93.font.lyn.event
[LYN]	Fonts/build/GlyphText/FontText_5BA5.font.lyn.event
[LYN]	Fonts/build/GlyphText/FontText_752F.font.lyn.event
[LYN]	Fonts/build/GlyphText/FontText_5BB8.font.lyn.event
[LYN]	Fonts/build/GlyphText/FontText_9A9E.font.lyn.event
[LYN]	Fonts/build/GlyphText/FontText_6434.font.lyn.event
[LYN]	Fonts/build/GlyphText/FontText_5BE4.font.lyn.event
[LYN]	Fonts/build/GlyphText/FontText_5BEE.font.lyn.event
[LYN]	Fonts/build/GlyphText/FontText_8930.font.lyn.event
[LYN]	Fonts/build/GlyphText/FontText_5BF0.font.lyn.event
[LYN]	Fonts/build/GlyphText/FontText_8E47.font.lyn.event
[LYN]	Fonts/build/GlyphText/FontText_8B07.font.lyn.event
[LYN]	Fonts/build/GlyphText/FontText_8FB6.font.lyn.event
[LYN]	Fonts/build/GlyphText/FontText_8FD3.font.lyn.event
[LYN]	Fonts/build/GlyphText/FontText_8FD5.font.lyn.event
[LYN]	Fonts/build/GlyphText/FontText_8FEE.font.lyn.event
[LYN]	Fonts/build/GlyphText/FontText_8FE4.font.lyn.event
[LYN]	Fonts/build/GlyphText/FontText_8FE9.font.lyn.event
[LYN]	Fonts/build/GlyphText/FontText_8FF3.font.lyn.event
[LYN]	Fonts/build/GlyphText/FontText_8FE8.font.lyn.event
[LYN]	Fonts/build/GlyphText/FontText_9004.font.lyn.event
[LYN]	Fonts/build/GlyphText/FontText_900B.font.lyn.event
[LYN]	Fonts/build/GlyphText/FontText_9026.font.lyn.event
[LYN]	Fonts/build/GlyphText/FontText_9011.font.lyn.event
[LYN]	Fonts/build/GlyphText/FontText_900D.font.lyn.event
[LYN]	Fonts/build/GlyphText/FontText_9016.font.lyn.event
[LYN]	Fonts/build/GlyphText/FontText_9021.font.lyn.event
[LYN]	Fonts/build/GlyphText/FontText_9035.font.lyn.event
[LYN]	Fonts/build/GlyphText/FontText_9036.font.lyn.event
[LYN]	Fonts/build/GlyphText/FontText_902D.font.lyn.event
[LYN]	Fonts/build/GlyphText/FontText_902F.font.lyn.event
[LYN]	Fonts/build/GlyphText/FontText_9044.font.lyn.event
[LYN]	Fonts/build/GlyphText/FontText_9051.font.lyn.event
[LYN]	Fonts/build/GlyphText/FontText_9052.font.lyn.event
[LYN]	Fonts/build/GlyphText/FontText_9050.font.lyn.event
[LYN]	Fonts/build/GlyphText/FontText_9068.font.lyn.event
[LYN]	Fonts/build/GlyphText/FontText_9058.font.lyn.event
[LYN]	Fonts/build/GlyphText/FontText_905B.font.lyn.event
[LYN]	Fonts/build/GlyphText/FontText_9062.font.lyn.event
[LYN]	Fonts/build/GlyphText/FontText_66B9.font.lyn.event
[LYN]	Fonts/build/GlyphText/FontText_9074.font.lyn.event
[LYN]	Fonts/build/GlyphText/FontText_907D.font.lyn.event
[LYN]	Fonts/build/GlyphText/FontText_9088.font.lyn.event
[LYN]	Fonts/build/GlyphText/FontText_9083.font.lyn.event
[LYN]	Fonts/build/GlyphText/FontText_908B.font.lyn.event
[LYN]	Fonts/build/GlyphText/FontText_5F57.font.lyn.event
[LYN]	Fonts/build/GlyphText/FontText_5F50.font.lyn.event
[LYN]	Fonts/build/GlyphText/FontText_5F56.font.lyn.event
[LYN]	Fonts/build/GlyphText/FontText_5F58.font.lyn.event
[LYN]	Fonts/build/GlyphText/FontText_5C3B.font.lyn.event
[LYN]	Fonts/build/GlyphText/FontText_5C50.font.lyn.event
[LYN]	Fonts/build/GlyphText/FontText_5C59.font.lyn.event
[LYN]	Fonts/build/GlyphText/FontText_5C63.font.lyn.event
[LYN]	Fonts/build/GlyphText/FontText_5C66.font.lyn.event
[LYN]	Fonts/build/GlyphText/FontText_7FBC.font.lyn.event
[LYN]	Fonts/build/GlyphText/FontText_5F2A.font.lyn.event
[LYN]	Fonts/build/GlyphText/FontText_5F2D.font.lyn.event
[LYN]	Fonts/build/GlyphText/FontText_8274.font.lyn.event
[LYN]	Fonts/build/GlyphText/FontText_5F3C.font.lyn.event
[LYN]	Fonts/build/GlyphText/FontText_9B3B.font.lyn.event
[LYN]	Fonts/build/GlyphText/FontText_5C6E.font.lyn.event
[LYN]	Fonts/build/GlyphText/FontText_5981.font.lyn.event
[LYN]	Fonts/build/GlyphText/FontText_598D.font.lyn.event
[LYN]	Fonts/build/GlyphText/FontText_59AA.font.lyn.event
[LYN]	Fonts/build/GlyphText/FontText_59A3.font.lyn.event
[LYN]	Fonts/build/GlyphText/FontText_5997.font.lyn.event
[LYN]	Fonts/build/GlyphText/FontText_59CA.font.lyn.event
[LYN]	Fonts/build/GlyphText/FontText_59AB.font.lyn.event
[LYN]	Fonts/build/GlyphText/FontText_59A4.font.lyn.event
[LYN]	Fonts/build/GlyphText/FontText_59D2.font.lyn.event
[LYN]	Fonts/build/GlyphText/FontText_59B2.font.lyn.event
[LYN]	Fonts/build/GlyphText/FontText_59AF.font.lyn.event
[LYN]	Fonts/build/GlyphText/FontText_59D7.font.lyn.event
[LYN]	Fonts/build/GlyphText/FontText_5A06.font.lyn.event
[LYN]	Fonts/build/GlyphText/FontText_59DD.font.lyn.event
[LYN]	Fonts/build/GlyphText/FontText_5A08.font.lyn.event
[LYN]	Fonts/build/GlyphText/FontText_59E3.font.lyn.event
[LYN]	Fonts/build/GlyphText/FontText_59D8.font.lyn.event
[LYN]	Fonts/build/GlyphText/FontText_59F9.font.lyn.event
[LYN]	Fonts/build/GlyphText/FontText_5A0C.font.lyn.event
[LYN]	Fonts/build/GlyphText/FontText_5A09.font.lyn.event
[LYN]	Fonts/build/GlyphText/FontText_5A11.font.lyn.event
[LYN]	Fonts/build/GlyphText/FontText_5A32.font.lyn.event
[LYN]	Fonts/build/GlyphText/FontText_5A23.font.lyn.event
[LYN]	Fonts/build/GlyphText/FontText_5A13.font.lyn.event
[LYN]	Fonts/build/GlyphText/FontText_5A40.font.lyn.event
[LYN]	Fonts/build/GlyphText/FontText_5A67.font.lyn.event
[LYN]	Fonts/build/GlyphText/FontText_5A55.font.lyn.event
[LYN]	Fonts/build/GlyphText/FontText_5A4A.font.lyn.event
[LYN]	Fonts/build/GlyphText/FontText_5A3C.font.lyn.event
[LYN]	Fonts/build/GlyphText/FontText_5A62.font.lyn.event
[LYN]	Fonts/build/GlyphText/FontText_5A75.font.lyn.event
[LYN]	Fonts/build/GlyphText/FontText_80EC.font.lyn.event
[LYN]	Fonts/build/GlyphText/FontText_5AAA.font.lyn.event
[LYN]	Fonts/build/GlyphText/FontText_5A9B.font.lyn.event
[LYN]	Fonts/build/GlyphText/FontText_5A77.font.lyn.event
[LYN]	Fonts/build/GlyphText/FontText_5A7A.font.lyn.event
[LYN]	Fonts/build/GlyphText/FontText_5ABE.font.lyn.event
[LYN]	Fonts/build/GlyphText/FontText_5AEB.font.lyn.event
[LYN]	Fonts/build/GlyphText/FontText_5AB2.font.lyn.event
[LYN]	Fonts/build/GlyphText/FontText_5AD2.font.lyn.event
[LYN]	Fonts/build/GlyphText/FontText_5AD4.font.lyn.event
[LYN]	Fonts/build/GlyphText/FontText_5AB8.font.lyn.event
[LYN]	Fonts/build/GlyphText/FontText_5AE0.font.lyn.event
[LYN]	Fonts/build/GlyphText/FontText_5AE3.font.lyn.event
[LYN]	Fonts/build/GlyphText/FontText_5AF1.font.lyn.event
[LYN]	Fonts/build/GlyphText/FontText_5AD6.font.lyn.event
[LYN]	Fonts/build/GlyphText/FontText_5AE6.font.lyn.event
[LYN]	Fonts/build/GlyphText/FontText_5AD8.font.lyn.event
[LYN]	Fonts/build/GlyphText/FontText_5ADC.font.lyn.event
[LYN]	Fonts/build/GlyphText/FontText_5B09.font.lyn.event
[LYN]	Fonts/build/GlyphText/FontText_5B17.font.lyn.event
[LYN]	Fonts/build/GlyphText/FontText_5B16.font.lyn.event
[LYN]	Fonts/build/GlyphText/FontText_5B32.font.lyn.event
[LYN]	Fonts/build/GlyphText/FontText_5B37.font.lyn.event
[LYN]	Fonts/build/GlyphText/FontText_5B40.font.lyn.event
[LYN]	Fonts/build/GlyphText/FontText_5C15.font.lyn.event
[LYN]	Fonts/build/GlyphText/FontText_5C1C.font.lyn.event
[LYN]	Fonts/build/GlyphText/FontText_5B5A.font.lyn.event
[LYN]	Fonts/build/GlyphText/FontText_5B65.font.lyn.event
[LYN]	Fonts/build/GlyphText/FontText_5B73.font.lyn.event
[LYN]	Fonts/build/GlyphText/FontText_5B51.font.lyn.event
[LYN]	Fonts/build/GlyphText/FontText_5B53.font.lyn.event
[LYN]	Fonts/build/GlyphText/FontText_5B62.font.lyn.event
[LYN]	Fonts/build/GlyphText/FontText_9A75.font.lyn.event
[LYN]	Fonts/build/GlyphText/FontText_9A77.font.lyn.event
[LYN]	Fonts/build/GlyphText/FontText_9A78.font.lyn.event
[LYN]	Fonts/build/GlyphText/FontText_9A7A.font.lyn.event
[LYN]	Fonts/build/GlyphText/FontText_9A7F.font.lyn.event
[LYN]	Fonts/build/GlyphText/FontText_9A80.font.lyn.event
[LYN]	Fonts/build/GlyphText/FontText_9A7D.font.lyn.event
[LYN]	Fonts/build/GlyphText/FontText_9A81.font.lyn.event
[LYN]	Fonts/build/GlyphText/FontText_9A85.font.lyn.event
[LYN]	Fonts/build/GlyphText/FontText_9A88.font.lyn.event
[LYN]	Fonts/build/GlyphText/FontText_9A8A.font.lyn.event
[LYN]	Fonts/build/GlyphText/FontText_9A90.font.lyn.event
[LYN]	Fonts/build/GlyphText/FontText_9A92.font.lyn.event
[LYN]	Fonts/build/GlyphText/FontText_9A93.font.lyn.event
[LYN]	Fonts/build/GlyphText/FontText_9A96.font.lyn.event
[LYN]	Fonts/build/GlyphText/FontText_9A98.font.lyn.event
[LYN]	Fonts/build/GlyphText/FontText_9A9B.font.lyn.event
[LYN]	Fonts/build/GlyphText/FontText_9A9C.font.lyn.event
[LYN]	Fonts/build/GlyphText/FontText_9A9D.font.lyn.event
[LYN]	Fonts/build/GlyphText/FontText_9A9F.font.lyn.event
[LYN]	Fonts/build/GlyphText/FontText_9AA0.font.lyn.event
[LYN]	Fonts/build/GlyphText/FontText_9AA2.font.lyn.event
[LYN]	Fonts/build/GlyphText/FontText_9AA3.font.lyn.event
[LYN]	Fonts/build/GlyphText/FontText_9AA5.font.lyn.event
[LYN]	Fonts/build/GlyphText/FontText_9AA7.font.lyn.event
[LYN]	Fonts/build/GlyphText/FontText_7E9F.font.lyn.event
[LYN]	Fonts/build/GlyphText/FontText_7EA1.font.lyn.event
[LYN]	Fonts/build/GlyphText/FontText_7EA5.font.lyn.event
[LYN]	Fonts/build/GlyphText/FontText_7EA8.font.lyn.event
[LYN]	Fonts/build/GlyphText/FontText_7EA9.font.lyn.event
[LYN]	Fonts/build/GlyphText/FontText_7EAD.font.lyn.event
[LYN]	Fonts/build/GlyphText/FontText_7EB0.font.lyn.event
[LYN]	Fonts/build/GlyphText/FontText_7EBE.font.lyn.event
[LYN]	Fonts/build/GlyphText/FontText_7EC0.font.lyn.event
[LYN]	Fonts/build/GlyphText/FontText_7EC1.font.lyn.event
[LYN]	Fonts/build/GlyphText/FontText_7EC2.font.lyn.event
[LYN]	Fonts/build/GlyphText/FontText_7EC9.font.lyn.event
[LYN]	Fonts/build/GlyphText/FontText_7ECB.font.lyn.event
[LYN]	Fonts/build/GlyphText/FontText_7ECC.font.lyn.event
[LYN]	Fonts/build/GlyphText/FontText_7ED0.font.lyn.event
[LYN]	Fonts/build/GlyphText/FontText_7ED4.font.lyn.event
[LYN]	Fonts/build/GlyphText/FontText_7ED7.font.lyn.event
[LYN]	Fonts/build/GlyphText/FontText_7EDB.font.lyn.event
[LYN]	Fonts/build/GlyphText/FontText_7EE0.font.lyn.event
[LYN]	Fonts/build/GlyphText/FontText_7EE1.font.lyn.event
[LYN]	Fonts/build/GlyphText/FontText_7EE8.font.lyn.event
[LYN]	Fonts/build/GlyphText/FontText_7EEB.font.lyn.event
[LYN]	Fonts/build/GlyphText/FontText_7EEE.font.lyn.event
[LYN]	Fonts/build/GlyphText/FontText_7EF1.font.lyn.event
[LYN]	Fonts/build/GlyphText/FontText_7EF2.font.lyn.event
[LYN]	Fonts/build/GlyphText/FontText_7F0D.font.lyn.event
[LYN]	Fonts/build/GlyphText/FontText_7EF6.font.lyn.event
[LYN]	Fonts/build/GlyphText/FontText_7EFA.font.lyn.event
[LYN]	Fonts/build/GlyphText/FontText_7EFB.font.lyn.event
[LYN]	Fonts/build/GlyphText/FontText_7EFE.font.lyn.event
[LYN]	Fonts/build/GlyphText/FontText_7F01.font.lyn.event
[LYN]	Fonts/build/GlyphText/FontText_7F02.font.lyn.event
[LYN]	Fonts/build/GlyphText/FontText_7F03.font.lyn.event
[LYN]	Fonts/build/GlyphText/FontText_7F0B.font.lyn.event
[LYN]	Fonts/build/GlyphText/FontText_7F0C.font.lyn.event
[LYN]	Fonts/build/GlyphText/FontText_7F0F.font.lyn.event
[LYN]	Fonts/build/GlyphText/FontText_7F11.font.lyn.event
[LYN]	Fonts/build/GlyphText/FontText_7F12.font.lyn.event
[LYN]	Fonts/build/GlyphText/FontText_7F17.font.lyn.event
[LYN]	Fonts/build/GlyphText/FontText_7F19.font.lyn.event
[LYN]	Fonts/build/GlyphText/FontText_7F1C.font.lyn.event
[LYN]	Fonts/build/GlyphText/FontText_7F1B.font.lyn.event
[LYN]	Fonts/build/GlyphText/FontText_7F21.font.lyn.event
[LYN]	Fonts/build/GlyphText/FontText_7F1F.font.lyn.event
[LYN]	Fonts/build/GlyphText/FontText_7F22.font.lyn.event
[LYN]	Fonts/build/GlyphText/FontText_7F23.font.lyn.event
[LYN]	Fonts/build/GlyphText/FontText_7F26.font.lyn.event
[LYN]	Fonts/build/GlyphText/FontText_7F27.font.lyn.event
[LYN]	Fonts/build/GlyphText/FontText_7F2B.font.lyn.event
[LYN]	Fonts/build/GlyphText/FontText_7F2C.font.lyn.event
[LYN]	Fonts/build/GlyphText/FontText_7F2D.font.lyn.event
[LYN]	Fonts/build/GlyphText/FontText_7F2F.font.lyn.event
[LYN]	Fonts/build/GlyphText/FontText_7F31.font.lyn.event
[LYN]	Fonts/build/GlyphText/FontText_7F32.font.lyn.event
[LYN]	Fonts/build/GlyphText/FontText_7F33.font.lyn.event
[LYN]	Fonts/build/GlyphText/FontText_7F35.font.lyn.event
[LYN]	Fonts/build/GlyphText/FontText_5E7A.font.lyn.event
[LYN]	Fonts/build/GlyphText/FontText_757F.font.lyn.event
[LYN]	Fonts/build/GlyphText/FontText_5DDB.font.lyn.event
[LYN]	Fonts/build/GlyphText/FontText_753E.font.lyn.event
[LYN]	Fonts/build/GlyphText/FontText_9095.font.lyn.event
[LYN]	Fonts/build/GlyphText/FontText_738E.font.lyn.event
[LYN]	Fonts/build/GlyphText/FontText_7391.font.lyn.event
[LYN]	Fonts/build/GlyphText/FontText_73AE.font.lyn.event
[LYN]	Fonts/build/GlyphText/FontText_73A2.font.lyn.event
[LYN]	Fonts/build/GlyphText/FontText_739F.font.lyn.event
[LYN]	Fonts/build/GlyphText/FontText_73CF.font.lyn.event
[LYN]	Fonts/build/GlyphText/FontText_73D1.font.lyn.event
[LYN]	Fonts/build/GlyphText/FontText_73B3.font.lyn.event
[LYN]	Fonts/build/GlyphText/FontText_73C9.font.lyn.event
[LYN]	Fonts/build/GlyphText/FontText_73C8.font.lyn.event
[LYN]	Fonts/build/GlyphText/FontText_73E5.font.lyn.event
[LYN]	Fonts/build/GlyphText/FontText_73D9.font.lyn.event
[LYN]	Fonts/build/GlyphText/FontText_987C.font.lyn.event
[LYN]	Fonts/build/GlyphText/FontText_740A.font.lyn.event
[LYN]	Fonts/build/GlyphText/FontText_73E9.font.lyn.event
[LYN]	Fonts/build/GlyphText/FontText_73E7.font.lyn.event
[LYN]	Fonts/build/GlyphText/FontText_73DE.font.lyn.event
[LYN]	Fonts/build/GlyphText/FontText_73BA.font.lyn.event
[LYN]	Fonts/build/GlyphText/FontText_73F2.font.lyn.event
[LYN]	Fonts/build/GlyphText/FontText_740F.font.lyn.event
[LYN]	Fonts/build/GlyphText/FontText_742A.font.lyn.event
[LYN]	Fonts/build/GlyphText/FontText_745B.font.lyn.event
[LYN]	Fonts/build/GlyphText/FontText_7426.font.lyn.event
[LYN]	Fonts/build/GlyphText/FontText_7425.font.lyn.event
[LYN]	Fonts/build/GlyphText/FontText_7428.font.lyn.event
[LYN]	Fonts/build/GlyphText/FontText_7430.font.lyn.event
[LYN]	Fonts/build/GlyphText/FontText_742E.font.lyn.event
[LYN]	Fonts/build/GlyphText/FontText_742C.font.lyn.event
[LYN]	Fonts/build/GlyphText/FontText_741B.font.lyn.event
[LYN]	Fonts/build/GlyphText/FontText_741A.font.lyn.event
[LYN]	Fonts/build/GlyphText/FontText_7441.font.lyn.event
[LYN]	Fonts/build/GlyphText/FontText_745C.font.lyn.event
[LYN]	Fonts/build/GlyphText/FontText_7457.font.lyn.event
[LYN]	Fonts/build/GlyphText/FontText_7455.font.lyn.event
[LYN]	Fonts/build/GlyphText/FontText_7459.font.lyn.event
[LYN]	Fonts/build/GlyphText/FontText_7477.font.lyn.event
[LYN]	Fonts/build/GlyphText/FontText_746D.font.lyn.event
[LYN]	Fonts/build/GlyphText/FontText_747E.font.lyn.event
[LYN]	Fonts/build/GlyphText/FontText_749C.font.lyn.event
[LYN]	Fonts/build/GlyphText/FontText_748E.font.lyn.event
[LYN]	Fonts/build/GlyphText/FontText_7480.font.lyn.event
[LYN]	Fonts/build/GlyphText/FontText_7481.font.lyn.event
[LYN]	Fonts/build/GlyphText/FontText_7487.font.lyn.event
[LYN]	Fonts/build/GlyphText/FontText_748B.font.lyn.event
[LYN]	Fonts/build/GlyphText/FontText_749E.font.lyn.event
[LYN]	Fonts/build/GlyphText/FontText_74A8.font.lyn.event
[LYN]	Fonts/build/GlyphText/FontText_74A9.font.lyn.event
[LYN]	Fonts/build/GlyphText/FontText_7490.font.lyn.event
[LYN]	Fonts/build/GlyphText/FontText_74A7.font.lyn.event
[LYN]	Fonts/build/GlyphText/FontText_74D2.font.lyn.event
[LYN]	Fonts/build/GlyphText/FontText_74BA.font.lyn.event
[LYN]	Fonts/build/GlyphText/FontText_97EA.font.lyn.event
[LYN]	Fonts/build/GlyphText/FontText_97EB.font.lyn.event
[LYN]	Fonts/build/GlyphText/FontText_97EC.font.lyn.event
[LYN]	Fonts/build/GlyphText/FontText_674C.font.lyn.event
[LYN]	Fonts/build/GlyphText/FontText_6753.font.lyn.event
[LYN]	Fonts/build/GlyphText/FontText_675E.font.lyn.event
[LYN]	Fonts/build/GlyphText/FontText_6748.font.lyn.event
[LYN]	Fonts/build/GlyphText/FontText_6769.font.lyn.event
[LYN]	Fonts/build/GlyphText/FontText_67A5.font.lyn.event
[LYN]	Fonts/build/GlyphText/FontText_6787.font.lyn.event
[LYN]	Fonts/build/GlyphText/FontText_676A.font.lyn.event
[LYN]	Fonts/build/GlyphText/FontText_6798.font.lyn.event
[LYN]	Fonts/build/GlyphText/FontText_67A7.font.lyn.event
[LYN]	Fonts/build/GlyphText/FontText_67A8.font.lyn.event
[LYN]	Fonts/build/GlyphText/FontText_679E.font.lyn.event
[LYN]	Fonts/build/GlyphText/FontText_678B.font.lyn.event
[LYN]	Fonts/build/GlyphText/FontText_6777.font.lyn.event
[LYN]	Fonts/build/GlyphText/FontText_677C.font.lyn.event
[LYN]	Fonts/build/GlyphText/FontText_67F0.font.lyn.event
[LYN]	Fonts/build/GlyphText/FontText_6809.font.lyn.event
[LYN]	Fonts/build/GlyphText/FontText_67D8.font.lyn.event
[LYN]	Fonts/build/GlyphText/FontText_680A.font.lyn.event
[LYN]	Fonts/build/GlyphText/FontText_67E9.font.lyn.event
[LYN]	Fonts/build/GlyphText/FontText_67B0.font.lyn.event
[LYN]	Fonts/build/GlyphText/FontText_680C.font.lyn.event
[LYN]	Fonts/build/GlyphText/FontText_67D9.font.lyn.event
[LYN]	Fonts/build/GlyphText/FontText_67B5.font.lyn.event
[LYN]	Fonts/build/GlyphText/FontText_67DA.font.lyn.event
[LYN]	Fonts/build/GlyphText/FontText_67B3.font.lyn.event
[LYN]	Fonts/build/GlyphText/FontText_67DD.font.lyn.event
[LYN]	Fonts/build/GlyphText/FontText_6800.font.lyn.event
[LYN]	Fonts/build/GlyphText/FontText_67C3.font.lyn.event
[LYN]	Fonts/build/GlyphText/FontText_67B8.font.lyn.event
[LYN]	Fonts/build/GlyphText/FontText_67E2.font.lyn.event
[LYN]	Fonts/build/GlyphText/FontText_680E.font.lyn.event
[LYN]	Fonts/build/GlyphText/FontText_67C1.font.lyn.event
[LYN]	Fonts/build/GlyphText/FontText_67FD.font.lyn.event
[LYN]	Fonts/build/GlyphText/FontText_6832.font.lyn.event
[LYN]	Fonts/build/GlyphText/FontText_6833.font.lyn.event
[LYN]	Fonts/build/GlyphText/FontText_6860.font.lyn.event
[LYN]	Fonts/build/GlyphText/FontText_6861.font.lyn.event
[LYN]	Fonts/build/GlyphText/FontText_684E.font.lyn.event
[LYN]	Fonts/build/GlyphText/FontText_6862.font.lyn.event
[LYN]	Fonts/build/GlyphText/FontText_6844.font.lyn.event
[LYN]	Fonts/build/GlyphText/FontText_6864.font.lyn.event
[LYN]	Fonts/build/GlyphText/FontText_6883.font.lyn.event
[LYN]	Fonts/build/GlyphText/FontText_681D.font.lyn.event
[LYN]	Fonts/build/GlyphText/FontText_6855.font.lyn.event
[LYN]	Fonts/build/GlyphText/FontText_6866.font.lyn.event
[LYN]	Fonts/build/GlyphText/FontText_6841.font.lyn.event
[LYN]	Fonts/build/GlyphText/FontText_6867.font.lyn.event
[LYN]	Fonts/build/GlyphText/FontText_6840.font.lyn.event
[LYN]	Fonts/build/GlyphText/FontText_683E.font.lyn.event
[LYN]	Fonts/build/GlyphText/FontText_684A.font.lyn.event
[LYN]	Fonts/build/GlyphText/FontText_6849.font.lyn.event
[LYN]	Fonts/build/GlyphText/FontText_6829.font.lyn.event
[LYN]	Fonts/build/GlyphText/FontText_68B5.font.lyn.event
[LYN]	Fonts/build/GlyphText/FontText_688F.font.lyn.event
[LYN]	Fonts/build/GlyphText/FontText_6874.font.lyn.event
[LYN]	Fonts/build/GlyphText/FontText_6877.font.lyn.event
[LYN]	Fonts/build/GlyphText/FontText_6893.font.lyn.event
[LYN]	Fonts/build/GlyphText/FontText_686B.font.lyn.event
[LYN]	Fonts/build/GlyphText/FontText_68C2.font.lyn.event
[LYN]	Fonts/build/GlyphText/FontText_696E.font.lyn.event
[LYN]	Fonts/build/GlyphText/FontText_68FC.font.lyn.event
[LYN]	Fonts/build/GlyphText/FontText_691F.font.lyn.event
[LYN]	Fonts/build/GlyphText/FontText_6920.font.lyn.event
[LYN]	Fonts/build/GlyphText/FontText_68F9.font.lyn.event
[LYN]	Fonts/build/GlyphText/FontText_6924.font.lyn.event
[LYN]	Fonts/build/GlyphText/FontText_68F0.font.lyn.event
[LYN]	Fonts/build/GlyphText/FontText_690B.font.lyn.event
[LYN]	Fonts/build/GlyphText/FontText_6901.font.lyn.event
[LYN]	Fonts/build/GlyphText/FontText_6957.font.lyn.event
[LYN]	Fonts/build/GlyphText/FontText_68E3.font.lyn.event
[LYN]	Fonts/build/GlyphText/FontText_6971.font.lyn.event
[LYN]	Fonts/build/GlyphText/FontText_6910.font.lyn.event
[LYN]	Fonts/build/GlyphText/FontText_6939.font.lyn.event
[LYN]	Fonts/build/GlyphText/FontText_6960.font.lyn.event
[LYN]	Fonts/build/GlyphText/FontText_6942.font.lyn.event
[LYN]	Fonts/build/GlyphText/FontText_695D.font.lyn.event
[LYN]	Fonts/build/GlyphText/FontText_6984.font.lyn.event
[LYN]	Fonts/build/GlyphText/FontText_696B.font.lyn.event
[LYN]	Fonts/build/GlyphText/FontText_6980.font.lyn.event
[LYN]	Fonts/build/GlyphText/FontText_6998.font.lyn.event
[LYN]	Fonts/build/GlyphText/FontText_6978.font.lyn.event
[LYN]	Fonts/build/GlyphText/FontText_6934.font.lyn.event
[LYN]	Fonts/build/GlyphText/FontText_69CC.font.lyn.event
[LYN]	Fonts/build/GlyphText/FontText_6987.font.lyn.event
[LYN]	Fonts/build/GlyphText/FontText_6988.font.lyn.event
[LYN]	Fonts/build/GlyphText/FontText_69CE.font.lyn.event
[LYN]	Fonts/build/GlyphText/FontText_6989.font.lyn.event
[LYN]	Fonts/build/GlyphText/FontText_6966.font.lyn.event
[LYN]	Fonts/build/GlyphText/FontText_6979.font.lyn.event
[LYN]	Fonts/build/GlyphText/FontText_699B.font.lyn.event
[LYN]	Fonts/build/GlyphText/FontText_69A7.font.lyn.event
[LYN]	Fonts/build/GlyphText/FontText_69BB.font.lyn.event
[LYN]	Fonts/build/GlyphText/FontText_69AB.font.lyn.event
[LYN]	Fonts/build/GlyphText/FontText_69AD.font.lyn.event
[LYN]	Fonts/build/GlyphText/FontText_69D4.font.lyn.event
[LYN]	Fonts/build/GlyphText/FontText_69B1.font.lyn.event
[LYN]	Fonts/build/GlyphText/FontText_69C1.font.lyn.event
[LYN]	Fonts/build/GlyphText/FontText_69CA.font.lyn.event
[LYN]	Fonts/build/GlyphText/FontText_69DF.font.lyn.event
[LYN]	Fonts/build/GlyphText/FontText_6995.font.lyn.event
[LYN]	Fonts/build/GlyphText/FontText_69E0.font.lyn.event
[LYN]	Fonts/build/GlyphText/FontText_698D.font.lyn.event
[LYN]	Fonts/build/GlyphText/FontText_69FF.font.lyn.event
[LYN]	Fonts/build/GlyphText/FontText_6A2F.font.lyn.event
[LYN]	Fonts/build/GlyphText/FontText_69ED.font.lyn.event
[LYN]	Fonts/build/GlyphText/FontText_6A17.font.lyn.event
[LYN]	Fonts/build/GlyphText/FontText_6A65.font.lyn.event
[LYN]	Fonts/build/GlyphText/FontText_6A18.font.lyn.event
[LYN]	Fonts/build/GlyphText/FontText_69F2.font.lyn.event
[LYN]	Fonts/build/GlyphText/FontText_6A44.font.lyn.event
[LYN]	Fonts/build/GlyphText/FontText_6A3E.font.lyn.event
[LYN]	Fonts/build/GlyphText/FontText_6AA0.font.lyn.event
[LYN]	Fonts/build/GlyphText/FontText_6A50.font.lyn.event
[LYN]	Fonts/build/GlyphText/FontText_6A5B.font.lyn.event
[LYN]	Fonts/build/GlyphText/FontText_6A35.font.lyn.event
[LYN]	Fonts/build/GlyphText/FontText_6A8E.font.lyn.event
[LYN]	Fonts/build/GlyphText/FontText_6A79.font.lyn.event
[LYN]	Fonts/build/GlyphText/FontText_6A3D.font.lyn.event
[LYN]	Fonts/build/GlyphText/FontText_6A28.font.lyn.event
[LYN]	Fonts/build/GlyphText/FontText_6A58.font.lyn.event
[LYN]	Fonts/build/GlyphText/FontText_6A7C.font.lyn.event
[LYN]	Fonts/build/GlyphText/FontText_6A91.font.lyn.event
[LYN]	Fonts/build/GlyphText/FontText_6A90.font.lyn.event
[LYN]	Fonts/build/GlyphText/FontText_6AA9.font.lyn.event
[LYN]	Fonts/build/GlyphText/FontText_6A97.font.lyn.event
[LYN]	Fonts/build/GlyphText/FontText_6AAB.font.lyn.event
[LYN]	Fonts/build/GlyphText/FontText_7337.font.lyn.event
[LYN]	Fonts/build/GlyphText/FontText_7352.font.lyn.event
[LYN]	Fonts/build/GlyphText/FontText_6B81.font.lyn.event
[LYN]	Fonts/build/GlyphText/FontText_6B82.font.lyn.event
[LYN]	Fonts/build/GlyphText/FontText_6B87.font.lyn.event
[LYN]	Fonts/build/GlyphText/FontText_6B92.font.lyn.event
[LYN]	Fonts/build/GlyphText/FontText_6B93.font.lyn.event
[LYN]	Fonts/build/GlyphText/FontText_6B8D.font.lyn.event
[LYN]	Fonts/build/GlyphText/FontText_6B9A.font.lyn.event
[LYN]	Fonts/build/GlyphText/FontText_6B9B.font.lyn.event
[LYN]	Fonts/build/GlyphText/FontText_6BA1.font.lyn.event
[LYN]	Fonts/build/GlyphText/FontText_6BAA.font.lyn.event
[LYN]	Fonts/build/GlyphText/FontText_8F6B.font.lyn.event
[LYN]	Fonts/build/GlyphText/FontText_8F6D.font.lyn.event
[LYN]	Fonts/build/GlyphText/FontText_8F71.font.lyn.event
[LYN]	Fonts/build/GlyphText/FontText_8F72.font.lyn.event
[LYN]	Fonts/build/GlyphText/FontText_8F73.font.lyn.event
[LYN]	Fonts/build/GlyphText/FontText_8F75.font.lyn.event
[LYN]	Fonts/build/GlyphText/FontText_8F76.font.lyn.event
[LYN]	Fonts/build/GlyphText/FontText_8F78.font.lyn.event
[LYN]	Fonts/build/GlyphText/FontText_8F77.font.lyn.event
[LYN]	Fonts/build/GlyphText/FontText_8F79.font.lyn.event
[LYN]	Fonts/build/GlyphText/FontText_8F7A.font.lyn.event
[LYN]	Fonts/build/GlyphText/FontText_8F7C.font.lyn.event
[LYN]	Fonts/build/GlyphText/FontText_8F7E.font.lyn.event
[LYN]	Fonts/build/GlyphText/FontText_8F81.font.lyn.event
[LYN]	Fonts/build/GlyphText/FontText_8F82.font.lyn.event
[LYN]	Fonts/build/GlyphText/FontText_8F87.font.lyn.event
[LYN]	Fonts/build/GlyphText/FontText_8F8B.font.lyn.event
[LYN]	Fonts/build/GlyphText/FontText_8F8D.font.lyn.event
[LYN]	Fonts/build/GlyphText/FontText_8F8E.font.lyn.event
[LYN]	Fonts/build/GlyphText/FontText_8F98.font.lyn.event
[LYN]	Fonts/build/GlyphText/FontText_8F8F.font.lyn.event
[LYN]	Fonts/build/GlyphText/FontText_8F9A.font.lyn.event
[LYN]	Fonts/build/GlyphText/FontText_8ECE.font.lyn.event
[LYN]	Fonts/build/GlyphText/FontText_620B.font.lyn.event
[LYN]	Fonts/build/GlyphText/FontText_6217.font.lyn.event
[LYN]	Fonts/build/GlyphText/FontText_621B.font.lyn.event
[LYN]	Fonts/build/GlyphText/FontText_6222.font.lyn.event
[LYN]	Fonts/build/GlyphText/FontText_6221.font.lyn.event
[LYN]	Fonts/build/GlyphText/FontText_6225.font.lyn.event
[LYN]	Fonts/build/GlyphText/FontText_6224.font.lyn.event
[LYN]	Fonts/build/GlyphText/FontText_622C.font.lyn.event
[LYN]	Fonts/build/GlyphText/FontText_81E7.font.lyn.event
[LYN]	Fonts/build/GlyphText/FontText_74EF.font.lyn.event
[LYN]	Fonts/build/GlyphText/FontText_74F4.font.lyn.event
[LYN]	Fonts/build/GlyphText/FontText_74FF.font.lyn.event
[LYN]	Fonts/build/GlyphText/FontText_750F.font.lyn.event
[LYN]	Fonts/build/GlyphText/FontText_7511.font.lyn.event
[LYN]	Fonts/build/GlyphText/FontText_7513.font.lyn.event
[LYN]	Fonts/build/GlyphText/FontText_6534.font.lyn.event
[LYN]	Fonts/build/GlyphText/FontText_65EE.font.lyn.event
[LYN]	Fonts/build/GlyphText/FontText_65EF.font.lyn.event
[LYN]	Fonts/build/GlyphText/FontText_65F0.font.lyn.event
[LYN]	Fonts/build/GlyphText/FontText_660A.font.lyn.event
[LYN]	Fonts/build/GlyphText/FontText_6619.font.lyn.event
[LYN]	Fonts/build/GlyphText/FontText_6772.font.lyn.event
[LYN]	Fonts/build/GlyphText/FontText_6603.font.lyn.event
[LYN]	Fonts/build/GlyphText/FontText_6615.font.lyn.event
[LYN]	Fonts/build/GlyphText/FontText_6600.font.lyn.event
[LYN]	Fonts/build/GlyphText/FontText_7085.font.lyn.event
[LYN]	Fonts/build/GlyphText/FontText_66F7.font.lyn.event
[LYN]	Fonts/build/GlyphText/FontText_661D.font.lyn.event
[LYN]	Fonts/build/GlyphText/FontText_6634.font.lyn.event
[LYN]	Fonts/build/GlyphText/FontText_6631.font.lyn.event
[LYN]	Fonts/build/GlyphText/FontText_6636.font.lyn.event
[LYN]	Fonts/build/GlyphText/FontText_6635.font.lyn.event
[LYN]	Fonts/build/GlyphText/FontText_8006.font.lyn.event
[LYN]	Fonts/build/GlyphText/FontText_665F.font.lyn.event
[LYN]	Fonts/build/GlyphText/FontText_6654.font.lyn.event
[LYN]	Fonts/build/GlyphText/FontText_6641.font.lyn.event
[LYN]	Fonts/build/GlyphText/FontText_6656.font.lyn.event
[LYN]	Fonts/build/GlyphText/FontText_664F.font.lyn.event
[LYN]	Fonts/build/GlyphText/FontText_6661.font.lyn.event
[LYN]	Fonts/build/GlyphText/FontText_6657.font.lyn.event
[LYN]	Fonts/build/GlyphText/FontText_6677.font.lyn.event
[LYN]	Fonts/build/GlyphText/FontText_6684.font.lyn.event
[LYN]	Fonts/build/GlyphText/FontText_668C.font.lyn.event
[LYN]	Fonts/build/GlyphText/FontText_66A7.font.lyn.event
[LYN]	Fonts/build/GlyphText/FontText_669D.font.lyn.event
[LYN]	Fonts/build/GlyphText/FontText_66BE.font.lyn.event
[LYN]	Fonts/build/GlyphText/FontText_66DB.font.lyn.event
[LYN]	Fonts/build/GlyphText/FontText_66E6.font.lyn.event
[LYN]	Fonts/build/GlyphText/FontText_66E9.font.lyn.event
[LYN]	Fonts/build/GlyphText/FontText_8D32.font.lyn.event
[LYN]	Fonts/build/GlyphText/FontText_8D33.font.lyn.event
[LYN]	Fonts/build/GlyphText/FontText_8D36.font.lyn.event
[LYN]	Fonts/build/GlyphText/FontText_8D3B.font.lyn.event
[LYN]	Fonts/build/GlyphText/FontText_8D3D.font.lyn.event
[LYN]	Fonts/build/GlyphText/FontText_8D40.font.lyn.event
[LYN]	Fonts/build/GlyphText/FontText_8D45.font.lyn.event
[LYN]	Fonts/build/GlyphText/FontText_8D46.font.lyn.event
[LYN]	Fonts/build/GlyphText/FontText_8D48.font.lyn.event
[LYN]	Fonts/build/GlyphText/FontText_8D49.font.lyn.event
[LYN]	Fonts/build/GlyphText/FontText_8D47.font.lyn.event
[LYN]	Fonts/build/GlyphText/FontText_8D4D.font.lyn.event
[LYN]	Fonts/build/GlyphText/FontText_8D55.font.lyn.event
[LYN]	Fonts/build/GlyphText/FontText_8D59.font.lyn.event
[LYN]	Fonts/build/GlyphText/FontText_89C7.font.lyn.event
[LYN]	Fonts/build/GlyphText/FontText_89CB.font.lyn.event
[LYN]	Fonts/build/GlyphText/FontText_89CC.font.lyn.event
[LYN]	Fonts/build/GlyphText/FontText_89CF.font.lyn.event
[LYN]	Fonts/build/GlyphText/FontText_89D0.font.lyn.event
[LYN]	Fonts/build/GlyphText/FontText_89D1.font.lyn.event
[LYN]	Fonts/build/GlyphText/FontText_726E.font.lyn.event
[LYN]	Fonts/build/GlyphText/FontText_729F.font.lyn.event
[LYN]	Fonts/build/GlyphText/FontText_725D.font.lyn.event
[LYN]	Fonts/build/GlyphText/FontText_7266.font.lyn.event
[LYN]	Fonts/build/GlyphText/FontText_726F.font.lyn.event
[LYN]	Fonts/build/GlyphText/FontText_727E.font.lyn.event
[LYN]	Fonts/build/GlyphText/FontText_727F.font.lyn.event
[LYN]	Fonts/build/GlyphText/FontText_7284.font.lyn.event
[LYN]	Fonts/build/GlyphText/FontText_728B.font.lyn.event
[LYN]	Fonts/build/GlyphText/FontText_728D.font.lyn.event
[LYN]	Fonts/build/GlyphText/FontText_728F.font.lyn.event
[LYN]	Fonts/build/GlyphText/FontText_6308.font.lyn.event
[LYN]	Fonts/build/GlyphText/FontText_7292.font.lyn.event
[LYN]	Fonts/build/GlyphText/FontText_6332.font.lyn.event
[LYN]	Fonts/build/GlyphText/FontText_643F.font.lyn.event
[LYN]	Fonts/build/GlyphText/FontText_64D8.font.lyn.event
[LYN]	Fonts/build/GlyphText/FontText_8004.font.lyn.event
[LYN]	Fonts/build/GlyphText/FontText_6BEA.font.lyn.event
[LYN]	Fonts/build/GlyphText/FontText_6BF3.font.lyn.event
[LYN]	Fonts/build/GlyphText/FontText_6BFD.font.lyn.event
[LYN]	Fonts/build/GlyphText/FontText_6BF5.font.lyn.event
[LYN]	Fonts/build/GlyphText/FontText_6BF9.font.lyn.event
[LYN]	Fonts/build/GlyphText/FontText_6C05.font.lyn.event
[LYN]	Fonts/build/GlyphText/FontText_6C07.font.lyn.event
[LYN]	Fonts/build/GlyphText/FontText_6C06.font.lyn.event
[LYN]	Fonts/build/GlyphText/FontText_6C0D.font.lyn.event
[LYN]	Fonts/build/GlyphText/FontText_6C15.font.lyn.event
[LYN]	Fonts/build/GlyphText/FontText_6C18.font.lyn.event
[LYN]	Fonts/build/GlyphText/FontText_6C19.font.lyn.event
[LYN]	Fonts/build/GlyphText/FontText_6C1A.font.lyn.event
[LYN]	Fonts/build/GlyphText/FontText_6C21.font.lyn.event
[LYN]	Fonts/build/GlyphText/FontText_6C29.font.lyn.event
[LYN]	Fonts/build/GlyphText/FontText_6C24.font.lyn.event
[LYN]	Fonts/build/GlyphText/FontText_6C2A.font.lyn.event
[LYN]	Fonts/build/GlyphText/FontText_6C32.font.lyn.event
[LYN]	Fonts/build/GlyphText/FontText_6535.font.lyn.event
[LYN]	Fonts/build/GlyphText/FontText_656B.font.lyn.event
[LYN]	Fonts/build/GlyphText/FontText_724D.font.lyn.event
[LYN]	Fonts/build/GlyphText/FontText_7252.font.lyn.event
[LYN]	Fonts/build/GlyphText/FontText_7256.font.lyn.event
[LYN]	Fonts/build/GlyphText/FontText_7230.font.lyn.event
[LYN]	Fonts/build/GlyphText/FontText_8662.font.lyn.event
[LYN]	Fonts/build/GlyphText/FontText_5216.font.lyn.event
[LYN]	Fonts/build/GlyphText/FontText_809F.font.lyn.event
[LYN]	Fonts/build/GlyphText/FontText_809C.font.lyn.event
[LYN]	Fonts/build/GlyphText/FontText_8093.font.lyn.event
[LYN]	Fonts/build/GlyphText/FontText_80BC.font.lyn.event
[LYN]	Fonts/build/GlyphText/FontText_670A.font.lyn.event
[LYN]	Fonts/build/GlyphText/FontText_80BD.font.lyn.event
[LYN]	Fonts/build/GlyphText/FontText_80B1.font.lyn.event
[LYN]	Fonts/build/GlyphText/FontText_80AB.font.lyn.event
[LYN]	Fonts/build/GlyphText/FontText_80AD.font.lyn.event
[LYN]	Fonts/build/GlyphText/FontText_80B7.font.lyn.event
[LYN]	Fonts/build/GlyphText/FontText_80E8.font.lyn.event
[LYN]	Fonts/build/GlyphText/FontText_80E9.font.lyn.event
[LYN]	Fonts/build/GlyphText/FontText_80EA.font.lyn.event
[LYN]	Fonts/build/GlyphText/FontText_80DB.font.lyn.event
[LYN]	Fonts/build/GlyphText/FontText_80C2.font.lyn.event
[LYN]	Fonts/build/GlyphText/FontText_80C4.font.lyn.event
[LYN]	Fonts/build/GlyphText/FontText_80D9.font.lyn.event
[LYN]	Fonts/build/GlyphText/FontText_80CD.font.lyn.event
[LYN]	Fonts/build/GlyphText/FontText_80D7.font.lyn.event
[LYN]	Fonts/build/GlyphText/FontText_6710.font.lyn.event
[LYN]	Fonts/build/GlyphText/FontText_80DD.font.lyn.event
[LYN]	Fonts/build/GlyphText/FontText_80EB.font.lyn.event
[LYN]	Fonts/build/GlyphText/FontText_80F1.font.lyn.event
[LYN]	Fonts/build/GlyphText/FontText_80F4.font.lyn.event
[LYN]	Fonts/build/GlyphText/FontText_80ED.font.lyn.event
[LYN]	Fonts/build/GlyphText/FontText_810D.font.lyn.event
[LYN]	Fonts/build/GlyphText/FontText_810E.font.lyn.event
[LYN]	Fonts/build/GlyphText/FontText_80F2.font.lyn.event
[LYN]	Fonts/build/GlyphText/FontText_80FC.font.lyn.event
[LYN]	Fonts/build/GlyphText/FontText_6715.font.lyn.event
[LYN]	Fonts/build/GlyphText/FontText_8112.font.lyn.event
[LYN]	Fonts/build/GlyphText/FontText_8C5A.font.lyn.event
[LYN]	Fonts/build/GlyphText/FontText_8136.font.lyn.event
[LYN]	Fonts/build/GlyphText/FontText_811E.font.lyn.event
[LYN]	Fonts/build/GlyphText/FontText_812C.font.lyn.event
[LYN]	Fonts/build/GlyphText/FontText_8118.font.lyn.event
[LYN]	Fonts/build/GlyphText/FontText_8132.font.lyn.event
[LYN]	Fonts/build/GlyphText/FontText_8148.font.lyn.event
[LYN]	Fonts/build/GlyphText/FontText_8153.font.lyn.event
[LYN]	Fonts/build/GlyphText/FontText_8174.font.lyn.event
[LYN]	Fonts/build/GlyphText/FontText_8159.font.lyn.event
[LYN]	Fonts/build/GlyphText/FontText_815A.font.lyn.event
[LYN]	Fonts/build/GlyphText/FontText_8171.font.lyn.event
[LYN]	Fonts/build/GlyphText/FontText_8160.font.lyn.event
[LYN]	Fonts/build/GlyphText/FontText_8169.font.lyn.event
[LYN]	Fonts/build/GlyphText/FontText_817C.font.lyn.event
[LYN]	Fonts/build/GlyphText/FontText_817D.font.lyn.event
[LYN]	Fonts/build/GlyphText/FontText_816D.font.lyn.event
[LYN]	Fonts/build/GlyphText/FontText_8167.font.lyn.event
[LYN]	Fonts/build/GlyphText/FontText_584D.font.lyn.event
[LYN]	Fonts/build/GlyphText/FontText_5AB5.font.lyn.event
[LYN]	Fonts/build/GlyphText/FontText_8188.font.lyn.event
[LYN]	Fonts/build/GlyphText/FontText_8182.font.lyn.event
[LYN]	Fonts/build/GlyphText/FontText_8191.font.lyn.event
[LYN]	Fonts/build/GlyphText/FontText_6ED5.font.lyn.event
[LYN]	Fonts/build/GlyphText/FontText_81A3.font.lyn.event
[LYN]	Fonts/build/GlyphText/FontText_81AA.font.lyn.event
[LYN]	Fonts/build/GlyphText/FontText_81CC.font.lyn.event
[LYN]	Fonts/build/GlyphText/FontText_81CA.font.lyn.event
[LYN]	Fonts/build/GlyphText/FontText_81BB.font.lyn.event
[LYN]	Fonts/build/GlyphText/FontText_81C1.font.lyn.event
[LYN]	Fonts/build/GlyphText/FontText_81A6.font.lyn.event
[LYN]	Fonts/build/GlyphText/FontText_6B24.font.lyn.event
[LYN]	Fonts/build/GlyphText/FontText_6B37.font.lyn.event
[LYN]	Fonts/build/GlyphText/FontText_6B39.font.lyn.event
[LYN]	Fonts/build/GlyphText/FontText_6B46.font.lyn.event
[LYN]	Fonts/build/GlyphText/FontText_98D1.font.lyn.event
[LYN]	Fonts/build/GlyphText/FontText_6B59.font.lyn.event
[LYN]	Fonts/build/GlyphText/FontText_98D3.font.lyn.event
[LYN]	Fonts/build/GlyphText/FontText_98D5.font.lyn.event
[LYN]	Fonts/build/GlyphText/FontText_98D9.font.lyn.event
[LYN]	Fonts/build/GlyphText/FontText_98DA.font.lyn.event
[LYN]	Fonts/build/GlyphText/FontText_6BB3.font.lyn.event
[LYN]	Fonts/build/GlyphText/FontText_5F40.font.lyn.event
[LYN]	Fonts/build/GlyphText/FontText_6BC2.font.lyn.event
[LYN]	Fonts/build/GlyphText/FontText_89F3.font.lyn.event
[LYN]	Fonts/build/GlyphText/FontText_6590.font.lyn.event
[LYN]	Fonts/build/GlyphText/FontText_9F51.font.lyn.event
[LYN]	Fonts/build/GlyphText/FontText_6593.font.lyn.event
[LYN]	Fonts/build/GlyphText/FontText_65BC.font.lyn.event
[LYN]	Fonts/build/GlyphText/FontText_65C6.font.lyn.event
[LYN]	Fonts/build/GlyphText/FontText_65C4.font.lyn.event
[LYN]	Fonts/build/GlyphText/FontText_65C3.font.lyn.event
[LYN]	Fonts/build/GlyphText/FontText_65CC.font.lyn.event
[LYN]	Fonts/build/GlyphText/FontText_65CE.font.lyn.event
[LYN]	Fonts/build/GlyphText/FontText_65D2.font.lyn.event
[LYN]	Fonts/build/GlyphText/FontText_65D6.font.lyn.event
[LYN]	Fonts/build/GlyphText/FontText_7080.font.lyn.event
[LYN]	Fonts/build/GlyphText/FontText_709C.font.lyn.event
[LYN]	Fonts/build/GlyphText/FontText_709D.font.lyn.event
[LYN]	Fonts/build/GlyphText/FontText_70BB.font.lyn.event
[LYN]	Fonts/build/GlyphText/FontText_70C0.font.lyn.event
[LYN]	Fonts/build/GlyphText/FontText_70B7.font.lyn.event
[LYN]	Fonts/build/GlyphText/FontText_70B1.font.lyn.event
[LYN]	Fonts/build/GlyphText/FontText_70E8.font.lyn.event
[LYN]	Fonts/build/GlyphText/FontText_70CA.font.lyn.event
[LYN]	Fonts/build/GlyphText/FontText_7110.font.lyn.event
[LYN]	Fonts/build/GlyphText/FontText_7113.font.lyn.event
[LYN]	Fonts/build/GlyphText/FontText_7116.font.lyn.event
[LYN]	Fonts/build/GlyphText/FontText_712F.font.lyn.event
[LYN]	Fonts/build/GlyphText/FontText_7131.font.lyn.event
[LYN]	Fonts/build/GlyphText/FontText_7173.font.lyn.event
[LYN]	Fonts/build/GlyphText/FontText_715C.font.lyn.event
[LYN]	Fonts/build/GlyphText/FontText_7168.font.lyn.event
[LYN]	Fonts/build/GlyphText/FontText_7145.font.lyn.event
[LYN]	Fonts/build/GlyphText/FontText_7172.font.lyn.event
[LYN]	Fonts/build/GlyphText/FontText_714A.font.lyn.event
[LYN]	Fonts/build/GlyphText/FontText_7178.font.lyn.event
[LYN]	Fonts/build/GlyphText/FontText_717A.font.lyn.event
[LYN]	Fonts/build/GlyphText/FontText_7198.font.lyn.event
[LYN]	Fonts/build/GlyphText/FontText_71B3.font.lyn.event
[LYN]	Fonts/build/GlyphText/FontText_71B5.font.lyn.event
[LYN]	Fonts/build/GlyphText/FontText_71A8.font.lyn.event
[LYN]	Fonts/build/GlyphText/FontText_71A0.font.lyn.event
[LYN]	Fonts/build/GlyphText/FontText_71E0.font.lyn.event
[LYN]	Fonts/build/GlyphText/FontText_71D4.font.lyn.event
[LYN]	Fonts/build/GlyphText/FontText_71E7.font.lyn.event
[LYN]	Fonts/build/GlyphText/FontText_71F9.font.lyn.event
[LYN]	Fonts/build/GlyphText/FontText_721D.font.lyn.event
[LYN]	Fonts/build/GlyphText/FontText_7228.font.lyn.event
[LYN]	Fonts/build/GlyphText/FontText_706C.font.lyn.event
[LYN]	Fonts/build/GlyphText/FontText_7118.font.lyn.event
[LYN]	Fonts/build/GlyphText/FontText_7166.font.lyn.event
[LYN]	Fonts/build/GlyphText/FontText_71B9.font.lyn.event
[LYN]	Fonts/build/GlyphText/FontText_623E.font.lyn.event
[LYN]	Fonts/build/GlyphText/FontText_623D.font.lyn.event
[LYN]	Fonts/build/GlyphText/FontText_6243.font.lyn.event
[LYN]	Fonts/build/GlyphText/FontText_6248.font.lyn.event
[LYN]	Fonts/build/GlyphText/FontText_793B.font.lyn.event
[LYN]	Fonts/build/GlyphText/FontText_7946.font.lyn.event
[LYN]	Fonts/build/GlyphText/FontText_7949.font.lyn.event
[LYN]	Fonts/build/GlyphText/FontText_795B.font.lyn.event
[LYN]	Fonts/build/GlyphText/FontText_795C.font.lyn.event
[LYN]	Fonts/build/GlyphText/FontText_7953.font.lyn.event
[LYN]	Fonts/build/GlyphText/FontText_795A.font.lyn.event
[LYN]	Fonts/build/GlyphText/FontText_7962.font.lyn.event
[LYN]	Fonts/build/GlyphText/FontText_7957.font.lyn.event
[LYN]	Fonts/build/GlyphText/FontText_7960.font.lyn.event
[LYN]	Fonts/build/GlyphText/FontText_7967.font.lyn.event
[LYN]	Fonts/build/GlyphText/FontText_796F.font.lyn.event
[LYN]	Fonts/build/GlyphText/FontText_797A.font.lyn.event
[LYN]	Fonts/build/GlyphText/FontText_798A.font.lyn.event
[LYN]	Fonts/build/GlyphText/FontText_799A.font.lyn.event
[LYN]	Fonts/build/GlyphText/FontText_79A7.font.lyn.event
[LYN]	Fonts/build/GlyphText/FontText_79B3.font.lyn.event
[LYN]	Fonts/build/GlyphText/FontText_5FD1.font.lyn.event
[LYN]	Fonts/build/GlyphText/FontText_5FD0.font.lyn.event
[LYN]	Fonts/build/GlyphText/FontText_603C.font.lyn.event
[LYN]	Fonts/build/GlyphText/FontText_605D.font.lyn.event
[LYN]	Fonts/build/GlyphText/FontText_605A.font.lyn.event
[LYN]	Fonts/build/GlyphText/FontText_6067.font.lyn.event
[LYN]	Fonts/build/GlyphText/FontText_6041.font.lyn.event
[LYN]	Fonts/build/GlyphText/FontText_6063.font.lyn.event
[LYN]	Fonts/build/GlyphText/FontText_60AB.font.lyn.event
[LYN]	Fonts/build/GlyphText/FontText_6106.font.lyn.event
[LYN]	Fonts/build/GlyphText/FontText_610D.font.lyn.event
[LYN]	Fonts/build/GlyphText/FontText_615D.font.lyn.event
[LYN]	Fonts/build/GlyphText/FontText_619D.font.lyn.event
[LYN]	Fonts/build/GlyphText/FontText_61CB.font.lyn.event
[LYN]	Fonts/build/GlyphText/FontText_61D1.font.lyn.event
[LYN]	Fonts/build/GlyphText/FontText_6206.font.lyn.event
[LYN]	Fonts/build/GlyphText/FontText_8080.font.lyn.event
[LYN]	Fonts/build/GlyphText/FontText_807F.font.lyn.event
[LYN]	Fonts/build/GlyphText/FontText_6C93.font.lyn.event
[LYN]	Fonts/build/GlyphText/FontText_6CF6.font.lyn.event
[LYN]	Fonts/build/GlyphText/FontText_6DFC.font.lyn.event
[LYN]	Fonts/build/GlyphText/FontText_77F8.font.lyn.event
[LYN]	Fonts/build/GlyphText/FontText_7800.font.lyn.event
[LYN]	Fonts/build/GlyphText/FontText_7809.font.lyn.event
[LYN]	Fonts/build/GlyphText/FontText_7817.font.lyn.event
[LYN]	Fonts/build/GlyphText/FontText_7818.font.lyn.event
[LYN]	Fonts/build/GlyphText/FontText_7811.font.lyn.event
[LYN]	Fonts/build/GlyphText/FontText_65AB.font.lyn.event
[LYN]	Fonts/build/GlyphText/FontText_782D.font.lyn.event
[LYN]	Fonts/build/GlyphText/FontText_781C.font.lyn.event
[LYN]	Fonts/build/GlyphText/FontText_7839.font.lyn.event
[LYN]	Fonts/build/GlyphText/FontText_783A.font.lyn.event
[LYN]	Fonts/build/GlyphText/FontText_783B.font.lyn.event
[LYN]	Fonts/build/GlyphText/FontText_781F.font.lyn.event
[LYN]	Fonts/build/GlyphText/FontText_783C.font.lyn.event
[LYN]	Fonts/build/GlyphText/FontText_7825.font.lyn.event
[LYN]	Fonts/build/GlyphText/FontText_782C.font.lyn.event
[LYN]	Fonts/build/GlyphText/FontText_7823.font.lyn.event
[LYN]	Fonts/build/GlyphText/FontText_7829.font.lyn.event
[LYN]	Fonts/build/GlyphText/FontText_784E.font.lyn.event
[LYN]	Fonts/build/GlyphText/FontText_786D.font.lyn.event
[LYN]	Fonts/build/GlyphText/FontText_7856.font.lyn.event
[LYN]	Fonts/build/GlyphText/FontText_7857.font.lyn.event
[LYN]	Fonts/build/GlyphText/FontText_7850.font.lyn.event
[LYN]	Fonts/build/GlyphText/FontText_7847.font.lyn.event
[LYN]	Fonts/build/GlyphText/FontText_784C.font.lyn.event
[LYN]	Fonts/build/GlyphText/FontText_786A.font.lyn.event
[LYN]	Fonts/build/GlyphText/FontText_789B.font.lyn.event
[LYN]	Fonts/build/GlyphText/FontText_7893.font.lyn.event
[LYN]	Fonts/build/GlyphText/FontText_789A.font.lyn.event
[LYN]	Fonts/build/GlyphText/FontText_7887.font.lyn.event
[LYN]	Fonts/build/GlyphText/FontText_78A1.font.lyn.event
[LYN]	Fonts/build/GlyphText/FontText_78A3.font.lyn.event
[LYN]	Fonts/build/GlyphText/FontText_78B2.font.lyn.event
[LYN]	Fonts/build/GlyphText/FontText_78B9.font.lyn.event
[LYN]	Fonts/build/GlyphText/FontText_78A5.font.lyn.event
[LYN]	Fonts/build/GlyphText/FontText_78D4.font.lyn.event
[LYN]	Fonts/build/GlyphText/FontText_78D9.font.lyn.event
[LYN]	Fonts/build/GlyphText/FontText_78C9.font.lyn.event
[LYN]	Fonts/build/GlyphText/FontText_78EC.font.lyn.event
[LYN]	Fonts/build/GlyphText/FontText_78F2.font.lyn.event
[LYN]	Fonts/build/GlyphText/FontText_7905.font.lyn.event
[LYN]	Fonts/build/GlyphText/FontText_78F4.font.lyn.event
[LYN]	Fonts/build/GlyphText/FontText_7913.font.lyn.event
[LYN]	Fonts/build/GlyphText/FontText_7924.font.lyn.event
[LYN]	Fonts/build/GlyphText/FontText_791E.font.lyn.event
[LYN]	Fonts/build/GlyphText/FontText_7934.font.lyn.event
[LYN]	Fonts/build/GlyphText/FontText_9F9B.font.lyn.event
[LYN]	Fonts/build/GlyphText/FontText_9EF9.font.lyn.event
[LYN]	Fonts/build/GlyphText/FontText_9EFB.font.lyn.event
[LYN]	Fonts/build/GlyphText/FontText_9EFC.font.lyn.event
[LYN]	Fonts/build/GlyphText/FontText_76F1.font.lyn.event
[LYN]	Fonts/build/GlyphText/FontText_7704.font.lyn.event
[LYN]	Fonts/build/GlyphText/FontText_770D.font.lyn.event
[LYN]	Fonts/build/GlyphText/FontText_76F9.font.lyn.event
[LYN]	Fonts/build/GlyphText/FontText_7707.font.lyn.event
[LYN]	Fonts/build/GlyphText/FontText_7708.font.lyn.event
[LYN]	Fonts/build/GlyphText/FontText_771A.font.lyn.event
[LYN]	Fonts/build/GlyphText/FontText_7722.font.lyn.event
[LYN]	Fonts/build/GlyphText/FontText_7719.font.lyn.event
[LYN]	Fonts/build/GlyphText/FontText_772D.font.lyn.event
[LYN]	Fonts/build/GlyphText/FontText_7726.font.lyn.event
[LYN]	Fonts/build/GlyphText/FontText_7735.font.lyn.event
[LYN]	Fonts/build/GlyphText/FontText_7751.font.lyn.event
[LYN]	Fonts/build/GlyphText/FontText_7747.font.lyn.event
[LYN]	Fonts/build/GlyphText/FontText_7743.font.lyn.event
[LYN]	Fonts/build/GlyphText/FontText_7768.font.lyn.event
[LYN]	Fonts/build/GlyphText/FontText_775A.font.lyn.event
[LYN]	Fonts/build/GlyphText/FontText_7762.font.lyn.event
[LYN]	Fonts/build/GlyphText/FontText_7765.font.lyn.event
[LYN]	Fonts/build/GlyphText/FontText_778D.font.lyn.event
[LYN]	Fonts/build/GlyphText/FontText_777D.font.lyn.event
[LYN]	Fonts/build/GlyphText/FontText_7780.font.lyn.event
[LYN]	Fonts/build/GlyphText/FontText_778C.font.lyn.event
[LYN]	Fonts/build/GlyphText/FontText_7791.font.lyn.event
[LYN]	Fonts/build/GlyphText/FontText_77A0.font.lyn.event
[LYN]	Fonts/build/GlyphText/FontText_779F.font.lyn.event
[LYN]	Fonts/build/GlyphText/FontText_77B0.font.lyn.event
[LYN]	Fonts/build/GlyphText/FontText_77B5.font.lyn.event
[LYN]	Fonts/build/GlyphText/FontText_77BD.font.lyn.event
[LYN]	Fonts/build/GlyphText/FontText_7540.font.lyn.event
[LYN]	Fonts/build/GlyphText/FontText_754E.font.lyn.event
[LYN]	Fonts/build/GlyphText/FontText_754B.font.lyn.event
[LYN]	Fonts/build/GlyphText/FontText_7548.font.lyn.event
[LYN]	Fonts/build/GlyphText/FontText_755B.font.lyn.event
[LYN]	Fonts/build/GlyphText/FontText_7572.font.lyn.event
[LYN]	Fonts/build/GlyphText/FontText_7579.font.lyn.event
[LYN]	Fonts/build/GlyphText/FontText_7583.font.lyn.event
[LYN]	Fonts/build/GlyphText/FontText_7F58.font.lyn.event
[LYN]	Fonts/build/GlyphText/FontText_7F61.font.lyn.event
[LYN]	Fonts/build/GlyphText/FontText_7F5F.font.lyn.event
[LYN]	Fonts/build/GlyphText/FontText_8A48.font.lyn.event
[LYN]	Fonts/build/GlyphText/FontText_7F68.font.lyn.event
[LYN]	Fonts/build/GlyphText/FontText_7F74.font.lyn.event
[LYN]	Fonts/build/GlyphText/FontText_7F71.font.lyn.event
[LYN]	Fonts/build/GlyphText/FontText_7F79.font.lyn.event
[LYN]	Fonts/build/GlyphText/FontText_7F7E.font.lyn.event
[LYN]	Fonts/build/GlyphText/FontText_76CD.font.lyn.event
[LYN]	Fonts/build/GlyphText/FontText_76E5.font.lyn.event
[LYN]	Fonts/build/GlyphText/FontText_8832.font.lyn.event
[LYN]	Fonts/build/GlyphText/FontText_9485.font.lyn.event
[LYN]	Fonts/build/GlyphText/FontText_9486.font.lyn.event
[LYN]	Fonts/build/GlyphText/FontText_9487.font.lyn.event
[LYN]	Fonts/build/GlyphText/FontText_948B.font.lyn.event
[LYN]	Fonts/build/GlyphText/FontText_948A.font.lyn.event
[LYN]	Fonts/build/GlyphText/FontText_948C.font.lyn.event
[LYN]	Fonts/build/GlyphText/FontText_948D.font.lyn.event
[LYN]	Fonts/build/GlyphText/FontText_948F.font.lyn.event
[LYN]	Fonts/build/GlyphText/FontText_9490.font.lyn.event
[LYN]	Fonts/build/GlyphText/FontText_9494.font.lyn.event
[LYN]	Fonts/build/GlyphText/FontText_9497.font.lyn.event
[LYN]	Fonts/build/GlyphText/FontText_9495.font.lyn.event
[LYN]	Fonts/build/GlyphText/FontText_949A.font.lyn.event
[LYN]	Fonts/build/GlyphText/FontText_949B.font.lyn.event
[LYN]	Fonts/build/GlyphText/FontText_949C.font.lyn.event
[LYN]	Fonts/build/GlyphText/FontText_94A3.font.lyn.event
[LYN]	Fonts/build/GlyphText/FontText_94A4.font.lyn.event
[LYN]	Fonts/build/GlyphText/FontText_94AB.font.lyn.event
[LYN]	Fonts/build/GlyphText/FontText_94AA.font.lyn.event
[LYN]	Fonts/build/GlyphText/FontText_94AD.font.lyn.event
[LYN]	Fonts/build/GlyphText/FontText_94AC.font.lyn.event
[LYN]	Fonts/build/GlyphText/FontText_94AF.font.lyn.event
[LYN]	Fonts/build/GlyphText/FontText_94B0.font.lyn.event
[LYN]	Fonts/build/GlyphText/FontText_94B2.font.lyn.event
[LYN]	Fonts/build/GlyphText/FontText_94B4.font.lyn.event
[LYN]	Fonts/build/GlyphText/FontText_94B6.font.lyn.event
[LYN]	Fonts/build/GlyphText/FontText_94B7.font.lyn.event
[LYN]	Fonts/build/GlyphText/FontText_94B8.font.lyn.event
[LYN]	Fonts/build/GlyphText/FontText_94B9.font.lyn.event
[LYN]	Fonts/build/GlyphText/FontText_94BA.font.lyn.event
[LYN]	Fonts/build/GlyphText/FontText_94BC.font.lyn.event
[LYN]	Fonts/build/GlyphText/FontText_94BD.font.lyn.event
[LYN]	Fonts/build/GlyphText/FontText_94BF.font.lyn.event
[LYN]	Fonts/build/GlyphText/FontText_94C4.font.lyn.event
[LYN]	Fonts/build/GlyphText/FontText_94C8.font.lyn.event
[LYN]	Fonts/build/GlyphText/FontText_94C9.font.lyn.event
[LYN]	Fonts/build/GlyphText/FontText_94CB.font.lyn.event
[LYN]	Fonts/build/GlyphText/FontText_94CA.font.lyn.event
[LYN]	Fonts/build/GlyphText/FontText_94CC.font.lyn.event
[LYN]	Fonts/build/GlyphText/FontText_94CD.font.lyn.event
[LYN]	Fonts/build/GlyphText/FontText_94CE.font.lyn.event
[LYN]	Fonts/build/GlyphText/FontText_94D0.font.lyn.event
[LYN]	Fonts/build/GlyphText/FontText_94D1.font.lyn.event
[LYN]	Fonts/build/GlyphText/FontText_94D2.font.lyn.event
[LYN]	Fonts/build/GlyphText/FontText_94D5.font.lyn.event
[LYN]	Fonts/build/GlyphText/FontText_94D6.font.lyn.event
[LYN]	Fonts/build/GlyphText/FontText_94D7.font.lyn.event
[LYN]	Fonts/build/GlyphText/FontText_94D9.font.lyn.event
[LYN]	Fonts/build/GlyphText/FontText_94D8.font.lyn.event
[LYN]	Fonts/build/GlyphText/FontText_94DB.font.lyn.event
[LYN]	Fonts/build/GlyphText/FontText_94DE.font.lyn.event
[LYN]	Fonts/build/GlyphText/FontText_94DF.font.lyn.event
[LYN]	Fonts/build/GlyphText/FontText_94E2.font.lyn.event
[LYN]	Fonts/build/GlyphText/FontText_94E4.font.lyn.event
[LYN]	Fonts/build/GlyphText/FontText_94E5.font.lyn.event
[LYN]	Fonts/build/GlyphText/FontText_94E7.font.lyn.event
[LYN]	Fonts/build/GlyphText/FontText_94E8.font.lyn.event
[LYN]	Fonts/build/GlyphText/FontText_94EA.font.lyn.event
[LYN]	Fonts/build/GlyphText/FontText_94E9.font.lyn.event
[LYN]	Fonts/build/GlyphText/FontText_94EB.font.lyn.event
[LYN]	Fonts/build/GlyphText/FontText_94EE.font.lyn.event
[LYN]	Fonts/build/GlyphText/FontText_94EF.font.lyn.event
[LYN]	Fonts/build/GlyphText/FontText_94F3.font.lyn.event
[LYN]	Fonts/build/GlyphText/FontText_94F4.font.lyn.event
[LYN]	Fonts/build/GlyphText/FontText_94F5.font.lyn.event
[LYN]	Fonts/build/GlyphText/FontText_94F7.font.lyn.event
[LYN]	Fonts/build/GlyphText/FontText_94F9.font.lyn.event
[LYN]	Fonts/build/GlyphText/FontText_94FC.font.lyn.event
[LYN]	Fonts/build/GlyphText/FontText_94FD.font.lyn.event
[LYN]	Fonts/build/GlyphText/FontText_94FF.font.lyn.event
[LYN]	Fonts/build/GlyphText/FontText_9503.font.lyn.event
[LYN]	Fonts/build/GlyphText/FontText_9502.font.lyn.event
[LYN]	Fonts/build/GlyphText/FontText_9506.font.lyn.event
[LYN]	Fonts/build/GlyphText/FontText_9507.font.lyn.event
[LYN]	Fonts/build/GlyphText/FontText_9509.font.lyn.event
[LYN]	Fonts/build/GlyphText/FontText_950A.font.lyn.event
[LYN]	Fonts/build/GlyphText/FontText_950D.font.lyn.event
[LYN]	Fonts/build/GlyphText/FontText_950E.font.lyn.event
[LYN]	Fonts/build/GlyphText/FontText_950F.font.lyn.event
[LYN]	Fonts/build/GlyphText/FontText_9512.font.lyn.event
[LYN]	Fonts/build/GlyphText/FontText_9513.font.lyn.event
[LYN]	Fonts/build/GlyphText/FontText_9514.font.lyn.event
[LYN]	Fonts/build/GlyphText/FontText_9515.font.lyn.event
[LYN]	Fonts/build/GlyphText/FontText_9516.font.lyn.event
[LYN]	Fonts/build/GlyphText/FontText_9518.font.lyn.event
[LYN]	Fonts/build/GlyphText/FontText_951B.font.lyn.event
[LYN]	Fonts/build/GlyphText/FontText_951D.font.lyn.event
[LYN]	Fonts/build/GlyphText/FontText_951E.font.lyn.event
[LYN]	Fonts/build/GlyphText/FontText_951F.font.lyn.event
[LYN]	Fonts/build/GlyphText/FontText_9522.font.lyn.event
[LYN]	Fonts/build/GlyphText/FontText_952A.font.lyn.event
[LYN]	Fonts/build/GlyphText/FontText_952B.font.lyn.event
[LYN]	Fonts/build/GlyphText/FontText_9529.font.lyn.event
[LYN]	Fonts/build/GlyphText/FontText_952C.font.lyn.event
[LYN]	Fonts/build/GlyphText/FontText_9531.font.lyn.event
[LYN]	Fonts/build/GlyphText/FontText_9532.font.lyn.event
[LYN]	Fonts/build/GlyphText/FontText_9534.font.lyn.event
[LYN]	Fonts/build/GlyphText/FontText_9536.font.lyn.event
[LYN]	Fonts/build/GlyphText/FontText_9537.font.lyn.event
[LYN]	Fonts/build/GlyphText/FontText_9538.font.lyn.event
[LYN]	Fonts/build/GlyphText/FontText_953C.font.lyn.event
[LYN]	Fonts/build/GlyphText/FontText_953E.font.lyn.event
[LYN]	Fonts/build/GlyphText/FontText_953F.font.lyn.event
[LYN]	Fonts/build/GlyphText/FontText_9542.font.lyn.event
[LYN]	Fonts/build/GlyphText/FontText_9535.font.lyn.event
[LYN]	Fonts/build/GlyphText/FontText_9544.font.lyn.event
[LYN]	Fonts/build/GlyphText/FontText_9545.font.lyn.event
[LYN]	Fonts/build/GlyphText/FontText_9546.font.lyn.event
[LYN]	Fonts/build/GlyphText/FontText_9549.font.lyn.event
[LYN]	Fonts/build/GlyphText/FontText_954C.font.lyn.event
[LYN]	Fonts/build/GlyphText/FontText_954E.font.lyn.event
[LYN]	Fonts/build/GlyphText/FontText_954F.font.lyn.event
[LYN]	Fonts/build/GlyphText/FontText_9552.font.lyn.event
[LYN]	Fonts/build/GlyphText/FontText_9553.font.lyn.event
[LYN]	Fonts/build/GlyphText/FontText_9554.font.lyn.event
[LYN]	Fonts/build/GlyphText/FontText_9557.font.lyn.event
[LYN]	Fonts/build/GlyphText/FontText_9558.font.lyn.event
[LYN]	Fonts/build/GlyphText/FontText_9559.font.lyn.event
[LYN]	Fonts/build/GlyphText/FontText_955B.font.lyn.event
[LYN]	Fonts/build/GlyphText/FontText_955E.font.lyn.event
[LYN]	Fonts/build/GlyphText/FontText_955F.font.lyn.event
[LYN]	Fonts/build/GlyphText/FontText_955D.font.lyn.event
[LYN]	Fonts/build/GlyphText/FontText_9561.font.lyn.event
[LYN]	Fonts/build/GlyphText/FontText_9562.font.lyn.event
[LYN]	Fonts/build/GlyphText/FontText_9564.font.lyn.event
[LYN]	Fonts/build/GlyphText/FontText_9565.font.lyn.event
[LYN]	Fonts/build/GlyphText/FontText_9566.font.lyn.event
[LYN]	Fonts/build/GlyphText/FontText_9567.font.lyn.event
[LYN]	Fonts/build/GlyphText/FontText_9568.font.lyn.event
[LYN]	Fonts/build/GlyphText/FontText_9569.font.lyn.event
[LYN]	Fonts/build/GlyphText/FontText_956A.font.lyn.event
[LYN]	Fonts/build/GlyphText/FontText_956B.font.lyn.event
[LYN]	Fonts/build/GlyphText/FontText_956C.font.lyn.event
[LYN]	Fonts/build/GlyphText/FontText_9571.font.lyn.event
[LYN]	Fonts/build/GlyphText/FontText_9572.font.lyn.event
[LYN]	Fonts/build/GlyphText/FontText_953A.font.lyn.event
[LYN]	Fonts/build/GlyphText/FontText_77E7.font.lyn.event
[LYN]	Fonts/build/GlyphText/FontText_77EC.font.lyn.event
[LYN]	Fonts/build/GlyphText/FontText_96C9.font.lyn.event
[LYN]	Fonts/build/GlyphText/FontText_79D5.font.lyn.event
[LYN]	Fonts/build/GlyphText/FontText_79ED.font.lyn.event
[LYN]	Fonts/build/GlyphText/FontText_79E3.font.lyn.event
[LYN]	Fonts/build/GlyphText/FontText_79EB.font.lyn.event
[LYN]	Fonts/build/GlyphText/FontText_7A06.font.lyn.event
[LYN]	Fonts/build/GlyphText/FontText_5D47.font.lyn.event
[LYN]	Fonts/build/GlyphText/FontText_7A03.font.lyn.event
[LYN]	Fonts/build/GlyphText/FontText_7A02.font.lyn.event
[LYN]	Fonts/build/GlyphText/FontText_7A1E.font.lyn.event
[LYN]	Fonts/build/GlyphText/FontText_7A14.font.lyn.event
[LYN]	Fonts/build/GlyphText/FontText_7A39.font.lyn.event
[LYN]	Fonts/build/GlyphText/FontText_7A37.font.lyn.event
[LYN]	Fonts/build/GlyphText/FontText_7A51.font.lyn.event
[LYN]	Fonts/build/GlyphText/FontText_9ECF.font.lyn.event
[LYN]	Fonts/build/GlyphText/FontText_99A5.font.lyn.event
[LYN]	Fonts/build/GlyphText/FontText_7A70.font.lyn.event
[LYN]	Fonts/build/GlyphText/FontText_7688.font.lyn.event
[LYN]	Fonts/build/GlyphText/FontText_768E.font.lyn.event
[LYN]	Fonts/build/GlyphText/FontText_7693.font.lyn.event
[LYN]	Fonts/build/GlyphText/FontText_7699.font.lyn.event
[LYN]	Fonts/build/GlyphText/FontText_76A4.font.lyn.event
[LYN]	Fonts/build/GlyphText/FontText_74DE.font.lyn.event
[LYN]	Fonts/build/GlyphText/FontText_74E0.font.lyn.event
[LYN]	Fonts/build/GlyphText/FontText_752C.font.lyn.event
[LYN]	Fonts/build/GlyphText/FontText_9E20.font.lyn.event
[LYN]	Fonts/build/GlyphText/FontText_9E22.font.lyn.event
[LYN]	Fonts/build/GlyphText/FontText_9E28.font.lyn.event
[LYN]	Fonts/build/GlyphText/FontText_9E29.font.lyn.event
[LYN]	Fonts/build/GlyphText/FontText_9E2A.font.lyn.event
[LYN]	Fonts/build/GlyphText/FontText_9E2B.font.lyn.event
[LYN]	Fonts/build/GlyphText/FontText_9E2C.font.lyn.event
[LYN]	Fonts/build/GlyphText/FontText_9E32.font.lyn.event
[LYN]	Fonts/build/GlyphText/FontText_9E31.font.lyn.event
[LYN]	Fonts/build/GlyphText/FontText_9E36.font.lyn.event
[LYN]	Fonts/build/GlyphText/FontText_9E38.font.lyn.event
[LYN]	Fonts/build/GlyphText/FontText_9E37.font.lyn.event
[LYN]	Fonts/build/GlyphText/FontText_9E39.font.lyn.event
[LYN]	Fonts/build/GlyphText/FontText_9E3A.font.lyn.event
[LYN]	Fonts/build/GlyphText/FontText_9E3E.font.lyn.event
[LYN]	Fonts/build/GlyphText/FontText_9E41.font.lyn.event
[LYN]	Fonts/build/GlyphText/FontText_9E42.font.lyn.event
[LYN]	Fonts/build/GlyphText/FontText_9E44.font.lyn.event
[LYN]	Fonts/build/GlyphText/FontText_9E46.font.lyn.event
[LYN]	Fonts/build/GlyphText/FontText_9E48.font.lyn.event
[LYN]	Fonts/build/GlyphText/FontText_9E47.font.lyn.event
[LYN]	Fonts/build/GlyphText/FontText_9E49.font.lyn.event
[LYN]	Fonts/build/GlyphText/FontText_9E4B.font.lyn.event
[LYN]	Fonts/build/GlyphText/FontText_9E4C.font.lyn.event
[LYN]	Fonts/build/GlyphText/FontText_9E4E.font.lyn.event
[LYN]	Fonts/build/GlyphText/FontText_9E51.font.lyn.event
[LYN]	Fonts/build/GlyphText/FontText_9E55.font.lyn.event
[LYN]	Fonts/build/GlyphText/FontText_9E57.font.lyn.event
[LYN]	Fonts/build/GlyphText/FontText_9E5A.font.lyn.event
[LYN]	Fonts/build/GlyphText/FontText_9E5B.font.lyn.event
[LYN]	Fonts/build/GlyphText/FontText_9E5C.font.lyn.event
[LYN]	Fonts/build/GlyphText/FontText_9E63.font.lyn.event
[LYN]	Fonts/build/GlyphText/FontText_9E5E.font.lyn.event
[LYN]	Fonts/build/GlyphText/FontText_9E66.font.lyn.event
[LYN]	Fonts/build/GlyphText/FontText_9E67.font.lyn.event
[LYN]	Fonts/build/GlyphText/FontText_9E68.font.lyn.event
[LYN]	Fonts/build/GlyphText/FontText_9E69.font.lyn.event
[LYN]	Fonts/build/GlyphText/FontText_9E6A.font.lyn.event
[LYN]	Fonts/build/GlyphText/FontText_9E6C.font.lyn.event
[LYN]	Fonts/build/GlyphText/FontText_9E71.font.lyn.event
[LYN]	Fonts/build/GlyphText/FontText_9E6D.font.lyn.event
[LYN]	Fonts/build/GlyphText/FontText_9E73.font.lyn.event
[LYN]	Fonts/build/GlyphText/FontText_7592.font.lyn.event
[LYN]	Fonts/build/GlyphText/FontText_7594.font.lyn.event
[LYN]	Fonts/build/GlyphText/FontText_7596.font.lyn.event
[LYN]	Fonts/build/GlyphText/FontText_759D.font.lyn.event
[LYN]	Fonts/build/GlyphText/FontText_75A0.font.lyn.event
[LYN]	Fonts/build/GlyphText/FontText_75AC.font.lyn.event
[LYN]	Fonts/build/GlyphText/FontText_75A3.font.lyn.event
[LYN]	Fonts/build/GlyphText/FontText_75B3.font.lyn.event
[LYN]	Fonts/build/GlyphText/FontText_75B4.font.lyn.event
[LYN]	Fonts/build/GlyphText/FontText_75C4.font.lyn.event
[LYN]	Fonts/build/GlyphText/FontText_75B8.font.lyn.event
[LYN]	Fonts/build/GlyphText/FontText_75B1.font.lyn.event
[LYN]	Fonts/build/GlyphText/FontText_75B0.font.lyn.event
[LYN]	Fonts/build/GlyphText/FontText_75C3.font.lyn.event
[LYN]	Fonts/build/GlyphText/FontText_75C2.font.lyn.event
[LYN]	Fonts/build/GlyphText/FontText_75D6.font.lyn.event
[LYN]	Fonts/build/GlyphText/FontText_75E3.font.lyn.event
[LYN]	Fonts/build/GlyphText/FontText_75E8.font.lyn.event
[LYN]	Fonts/build/GlyphText/FontText_75E6.font.lyn.event
[LYN]	Fonts/build/GlyphText/FontText_75E4.font.lyn.event
[LYN]	Fonts/build/GlyphText/FontText_75EB.font.lyn.event
[LYN]	Fonts/build/GlyphText/FontText_75E7.font.lyn.event
[LYN]	Fonts/build/GlyphText/FontText_7603.font.lyn.event
[LYN]	Fonts/build/GlyphText/FontText_75F1.font.lyn.event
[LYN]	Fonts/build/GlyphText/FontText_75FF.font.lyn.event
[LYN]	Fonts/build/GlyphText/FontText_75FC.font.lyn.event
[LYN]	Fonts/build/GlyphText/FontText_7610.font.lyn.event
[LYN]	Fonts/build/GlyphText/FontText_7600.font.lyn.event
[LYN]	Fonts/build/GlyphText/FontText_7605.font.lyn.event
[LYN]	Fonts/build/GlyphText/FontText_760C.font.lyn.event
[LYN]	Fonts/build/GlyphText/FontText_7617.font.lyn.event
[LYN]	Fonts/build/GlyphText/FontText_760A.font.lyn.event
[LYN]	Fonts/build/GlyphText/FontText_7625.font.lyn.event
[LYN]	Fonts/build/GlyphText/FontText_7618.font.lyn.event
[LYN]	Fonts/build/GlyphText/FontText_7615.font.lyn.event
[LYN]	Fonts/build/GlyphText/FontText_7619.font.lyn.event
[LYN]	Fonts/build/GlyphText/FontText_761B.font.lyn.event
[LYN]	Fonts/build/GlyphText/FontText_763C.font.lyn.event
[LYN]	Fonts/build/GlyphText/FontText_7622.font.lyn.event
[LYN]	Fonts/build/GlyphText/FontText_7640.font.lyn.event
[LYN]	Fonts/build/GlyphText/FontText_762D.font.lyn.event
[LYN]	Fonts/build/GlyphText/FontText_7630.font.lyn.event
[LYN]	Fonts/build/GlyphText/FontText_763F.font.lyn.event
[LYN]	Fonts/build/GlyphText/FontText_7635.font.lyn.event
[LYN]	Fonts/build/GlyphText/FontText_7643.font.lyn.event
[LYN]	Fonts/build/GlyphText/FontText_763E.font.lyn.event
[LYN]	Fonts/build/GlyphText/FontText_7633.font.lyn.event
[LYN]	Fonts/build/GlyphText/FontText_764D.font.lyn.event
[LYN]	Fonts/build/GlyphText/FontText_765E.font.lyn.event
[LYN]	Fonts/build/GlyphText/FontText_7654.font.lyn.event
[LYN]	Fonts/build/GlyphText/FontText_765C.font.lyn.event
[LYN]	Fonts/build/GlyphText/FontText_766B.font.lyn.event
[LYN]	Fonts/build/GlyphText/FontText_766F.font.lyn.event
[LYN]	Fonts/build/GlyphText/FontText_7FCA.font.lyn.event
[LYN]	Fonts/build/GlyphText/FontText_7AE6.font.lyn.event
[LYN]	Fonts/build/GlyphText/FontText_7A78.font.lyn.event
[LYN]	Fonts/build/GlyphText/FontText_7A79.font.lyn.event
[LYN]	Fonts/build/GlyphText/FontText_7A80.font.lyn.event
[LYN]	Fonts/build/GlyphText/FontText_7A86.font.lyn.event
[LYN]	Fonts/build/GlyphText/FontText_7A88.font.lyn.event
[LYN]	Fonts/build/GlyphText/FontText_7A95.font.lyn.event
[LYN]	Fonts/build/GlyphText/FontText_7AA6.font.lyn.event
[LYN]	Fonts/build/GlyphText/FontText_7AA0.font.lyn.event
[LYN]	Fonts/build/GlyphText/FontText_7AAC.font.lyn.event
[LYN]	Fonts/build/GlyphText/FontText_7AA8.font.lyn.event
[LYN]	Fonts/build/GlyphText/FontText_7AAD.font.lyn.event
[LYN]	Fonts/build/GlyphText/FontText_7AB3.font.lyn.event
[LYN]	Fonts/build/GlyphText/FontText_8864.font.lyn.event
[LYN]	Fonts/build/GlyphText/FontText_8869.font.lyn.event
[LYN]	Fonts/build/GlyphText/FontText_8872.font.lyn.event
[LYN]	Fonts/build/GlyphText/FontText_887D.font.lyn.event
[LYN]	Fonts/build/GlyphText/FontText_887F.font.lyn.event
[LYN]	Fonts/build/GlyphText/FontText_8882.font.lyn.event
[LYN]	Fonts/build/GlyphText/FontText_88A2.font.lyn.event
[LYN]	Fonts/build/GlyphText/FontText_88C6.font.lyn.event
[LYN]	Fonts/build/GlyphText/FontText_88B7.font.lyn.event
[LYN]	Fonts/build/GlyphText/FontText_88BC.font.lyn.event
[LYN]	Fonts/build/GlyphText/FontText_88C9.font.lyn.event
[LYN]	Fonts/build/GlyphText/FontText_88E2.font.lyn.event
[LYN]	Fonts/build/GlyphText/FontText_88CE.font.lyn.event
[LYN]	Fonts/build/GlyphText/FontText_88E3.font.lyn.event
[LYN]	Fonts/build/GlyphText/FontText_88E5.font.lyn.event
[LYN]	Fonts/build/GlyphText/FontText_88F1.font.lyn.event
[LYN]	Fonts/build/GlyphText/FontText_891A.font.lyn.event
[LYN]	Fonts/build/GlyphText/FontText_88FC.font.lyn.event
[LYN]	Fonts/build/GlyphText/FontText_88FE.font.lyn.event
[LYN]	Fonts/build/GlyphText/FontText_88F0.font.lyn.event
[LYN]	Fonts/build/GlyphText/FontText_8921.font.lyn.event
[LYN]	Fonts/build/GlyphText/FontText_8919.font.lyn.event
[LYN]	Fonts/build/GlyphText/FontText_8913.font.lyn.event
[LYN]	Fonts/build/GlyphText/FontText_891B.font.lyn.event
[LYN]	Fonts/build/GlyphText/FontText_890A.font.lyn.event
[LYN]	Fonts/build/GlyphText/FontText_8934.font.lyn.event
[LYN]	Fonts/build/GlyphText/FontText_892B.font.lyn.event
[LYN]	Fonts/build/GlyphText/FontText_8936.font.lyn.event
[LYN]	Fonts/build/GlyphText/FontText_8941.font.lyn.event
[LYN]	Fonts/build/GlyphText/FontText_8966.font.lyn.event
[LYN]	Fonts/build/GlyphText/FontText_897B.font.lyn.event
[LYN]	Fonts/build/GlyphText/FontText_758B.font.lyn.event
[LYN]	Fonts/build/GlyphText/FontText_80E5.font.lyn.event
[LYN]	Fonts/build/GlyphText/FontText_76B2.font.lyn.event
[LYN]	Fonts/build/GlyphText/FontText_76B4.font.lyn.event
[LYN]	Fonts/build/GlyphText/FontText_77DC.font.lyn.event
[LYN]	Fonts/build/GlyphText/FontText_8012.font.lyn.event
[LYN]	Fonts/build/GlyphText/FontText_8014.font.lyn.event
[LYN]	Fonts/build/GlyphText/FontText_8016.font.lyn.event
[LYN]	Fonts/build/GlyphText/FontText_801C.font.lyn.event
[LYN]	Fonts/build/GlyphText/FontText_8020.font.lyn.event
[LYN]	Fonts/build/GlyphText/FontText_8022.font.lyn.event
[LYN]	Fonts/build/GlyphText/FontText_8025.font.lyn.event
[LYN]	Fonts/build/GlyphText/FontText_8026.font.lyn.event
[LYN]	Fonts/build/GlyphText/FontText_8027.font.lyn.event
[LYN]	Fonts/build/GlyphText/FontText_8029.font.lyn.event
[LYN]	Fonts/build/GlyphText/FontText_8028.font.lyn.event
[LYN]	Fonts/build/GlyphText/FontText_8031.font.lyn.event
[LYN]	Fonts/build/GlyphText/FontText_800B.font.lyn.event
[LYN]	Fonts/build/GlyphText/FontText_8035.font.lyn.event
[LYN]	Fonts/build/GlyphText/FontText_8043.font.lyn.event
[LYN]	Fonts/build/GlyphText/FontText_8046.font.lyn.event
[LYN]	Fonts/build/GlyphText/FontText_804D.font.lyn.event
[LYN]	Fonts/build/GlyphText/FontText_8052.font.lyn.event
[LYN]	Fonts/build/GlyphText/FontText_8069.font.lyn.event
[LYN]	Fonts/build/GlyphText/FontText_8071.font.lyn.event
[LYN]	Fonts/build/GlyphText/FontText_8983.font.lyn.event
[LYN]	Fonts/build/GlyphText/FontText_9878.font.lyn.event
[LYN]	Fonts/build/GlyphText/FontText_9880.font.lyn.event
[LYN]	Fonts/build/GlyphText/FontText_9883.font.lyn.event
[LYN]	Fonts/build/GlyphText/FontText_9889.font.lyn.event
[LYN]	Fonts/build/GlyphText/FontText_988C.font.lyn.event
[LYN]	Fonts/build/GlyphText/FontText_988D.font.lyn.event
[LYN]	Fonts/build/GlyphText/FontText_988F.font.lyn.event
[LYN]	Fonts/build/GlyphText/FontText_9894.font.lyn.event
[LYN]	Fonts/build/GlyphText/FontText_989A.font.lyn.event
[LYN]	Fonts/build/GlyphText/FontText_989B.font.lyn.event
[LYN]	Fonts/build/GlyphText/FontText_989E.font.lyn.event
[LYN]	Fonts/build/GlyphText/FontText_989F.font.lyn.event
[LYN]	Fonts/build/GlyphText/FontText_98A1.font.lyn.event
[LYN]	Fonts/build/GlyphText/FontText_98A2.font.lyn.event
[LYN]	Fonts/build/GlyphText/FontText_98A5.font.lyn.event
[LYN]	Fonts/build/GlyphText/FontText_98A6.font.lyn.event
[LYN]	Fonts/build/GlyphText/FontText_864D.font.lyn.event
[LYN]	Fonts/build/GlyphText/FontText_866C.font.lyn.event
[LYN]	Fonts/build/GlyphText/FontText_866E.font.lyn.event
[LYN]	Fonts/build/GlyphText/FontText_867F.font.lyn.event
[LYN]	Fonts/build/GlyphText/FontText_867A.font.lyn.event
[LYN]	Fonts/build/GlyphText/FontText_867C.font.lyn.event
[LYN]	Fonts/build/GlyphText/FontText_86A8.font.lyn.event
[LYN]	Fonts/build/GlyphText/FontText_867B.font.lyn.event
[LYN]	Fonts/build/GlyphText/FontText_868D.font.lyn.event
[LYN]	Fonts/build/GlyphText/FontText_868B.font.lyn.event
[LYN]	Fonts/build/GlyphText/FontText_86AC.font.lyn.event
[LYN]	Fonts/build/GlyphText/FontText_869D.font.lyn.event
[LYN]	Fonts/build/GlyphText/FontText_86A7.font.lyn.event
[LYN]	Fonts/build/GlyphText/FontText_86A3.font.lyn.event
[LYN]	Fonts/build/GlyphText/FontText_86AA.font.lyn.event
[LYN]	Fonts/build/GlyphText/FontText_8693.font.lyn.event
[LYN]	Fonts/build/GlyphText/FontText_86A9.font.lyn.event
[LYN]	Fonts/build/GlyphText/FontText_86B6.font.lyn.event
[LYN]	Fonts/build/GlyphText/FontText_86C4.font.lyn.event
[LYN]	Fonts/build/GlyphText/FontText_86B5.font.lyn.event
[LYN]	Fonts/build/GlyphText/FontText_86CE.font.lyn.event
[LYN]	Fonts/build/GlyphText/FontText_86B0.font.lyn.event
[LYN]	Fonts/build/GlyphText/FontText_86BA.font.lyn.event
[LYN]	Fonts/build/GlyphText/FontText_86B1.font.lyn.event
[LYN]	Fonts/build/GlyphText/FontText_86AF.font.lyn.event
[LYN]	Fonts/build/GlyphText/FontText_86C9.font.lyn.event
[LYN]	Fonts/build/GlyphText/FontText_86CF.font.lyn.event
[LYN]	Fonts/build/GlyphText/FontText_86B4.font.lyn.event
[LYN]	Fonts/build/GlyphText/FontText_86E9.font.lyn.event
[LYN]	Fonts/build/GlyphText/FontText_86F1.font.lyn.event
[LYN]	Fonts/build/GlyphText/FontText_86F2.font.lyn.event
[LYN]	Fonts/build/GlyphText/FontText_86ED.font.lyn.event
[LYN]	Fonts/build/GlyphText/FontText_86F3.font.lyn.event
[LYN]	Fonts/build/GlyphText/FontText_86D0.font.lyn.event
[LYN]	Fonts/build/GlyphText/FontText_8713.font.lyn.event
[LYN]	Fonts/build/GlyphText/FontText_86DE.font.lyn.event
[LYN]	Fonts/build/GlyphText/FontText_86F4.font.lyn.event
[LYN]	Fonts/build/GlyphText/FontText_86DF.font.lyn.event
[LYN]	Fonts/build/GlyphText/FontText_86D8.font.lyn.event
[LYN]	Fonts/build/GlyphText/FontText_8703.font.lyn.event
[LYN]	Fonts/build/GlyphText/FontText_86D1.font.lyn.event
[LYN]	Fonts/build/GlyphText/FontText_8707.font.lyn.event
[LYN]	Fonts/build/GlyphText/FontText_86F8.font.lyn.event
[LYN]	Fonts/build/GlyphText/FontText_8708.font.lyn.event
[LYN]	Fonts/build/GlyphText/FontText_870A.font.lyn.event
[LYN]	Fonts/build/GlyphText/FontText_870D.font.lyn.event
[LYN]	Fonts/build/GlyphText/FontText_8709.font.lyn.event
[LYN]	Fonts/build/GlyphText/FontText_8723.font.lyn.event
[LYN]	Fonts/build/GlyphText/FontText_873B.font.lyn.event
[LYN]	Fonts/build/GlyphText/FontText_871E.font.lyn.event
[LYN]	Fonts/build/GlyphText/FontText_8725.font.lyn.event
[LYN]	Fonts/build/GlyphText/FontText_872E.font.lyn.event
[LYN]	Fonts/build/GlyphText/FontText_873E.font.lyn.event
[LYN]	Fonts/build/GlyphText/FontText_8748.font.lyn.event
[LYN]	Fonts/build/GlyphText/FontText_8734.font.lyn.event
[LYN]	Fonts/build/GlyphText/FontText_8731.font.lyn.event
[LYN]	Fonts/build/GlyphText/FontText_8729.font.lyn.event
[LYN]	Fonts/build/GlyphText/FontText_8737.font.lyn.event
[LYN]	Fonts/build/GlyphText/FontText_873F.font.lyn.event
[LYN]	Fonts/build/GlyphText/FontText_8782.font.lyn.event
[LYN]	Fonts/build/GlyphText/FontText_8722.font.lyn.event
[LYN]	Fonts/build/GlyphText/FontText_877D.font.lyn.event
[LYN]	Fonts/build/GlyphText/FontText_877E.font.lyn.event
[LYN]	Fonts/build/GlyphText/FontText_877B.font.lyn.event
[LYN]	Fonts/build/GlyphText/FontText_8760.font.lyn.event
[LYN]	Fonts/build/GlyphText/FontText_8770.font.lyn.event
[LYN]	Fonts/build/GlyphText/FontText_874C.font.lyn.event
[LYN]	Fonts/build/GlyphText/FontText_878B.font.lyn.event
[LYN]	Fonts/build/GlyphText/FontText_876E.font.lyn.event
[LYN]	Fonts/build/GlyphText/FontText_8753.font.lyn.event
[LYN]	Fonts/build/GlyphText/FontText_8763.font.lyn.event
[LYN]	Fonts/build/GlyphText/FontText_8764.font.lyn.event
[LYN]	Fonts/build/GlyphText/FontText_8759.font.lyn.event
[LYN]	Fonts/build/GlyphText/FontText_8793.font.lyn.event
[LYN]	Fonts/build/GlyphText/FontText_8765.font.lyn.event
[LYN]	Fonts/build/GlyphText/FontText_87AF.font.lyn.event
[LYN]	Fonts/build/GlyphText/FontText_87A8.font.lyn.event
[LYN]	Fonts/build/GlyphText/FontText_87D2.font.lyn.event
[LYN]	Fonts/build/GlyphText/FontText_87C6.font.lyn.event
[LYN]	Fonts/build/GlyphText/FontText_8788.font.lyn.event
[LYN]	Fonts/build/GlyphText/FontText_8785.font.lyn.event
[LYN]	Fonts/build/GlyphText/FontText_87AD.font.lyn.event
[LYN]	Fonts/build/GlyphText/FontText_8797.font.lyn.event
[LYN]	Fonts/build/GlyphText/FontText_8783.font.lyn.event
[LYN]	Fonts/build/GlyphText/FontText_87AB.font.lyn.event
[LYN]	Fonts/build/GlyphText/FontText_87E5.font.lyn.event
[LYN]	Fonts/build/GlyphText/FontText_87AC.font.lyn.event
[LYN]	Fonts/build/GlyphText/FontText_87B5.font.lyn.event
[LYN]	Fonts/build/GlyphText/FontText_87B3.font.lyn.event
[LYN]	Fonts/build/GlyphText/FontText_87CB.font.lyn.event
[LYN]	Fonts/build/GlyphText/FontText_87D3.font.lyn.event
[LYN]	Fonts/build/GlyphText/FontText_87BD.font.lyn.event
[LYN]	Fonts/build/GlyphText/FontText_87D1.font.lyn.event
[LYN]	Fonts/build/GlyphText/FontText_87C0.font.lyn.event
[LYN]	Fonts/build/GlyphText/FontText_87CA.font.lyn.event
[LYN]	Fonts/build/GlyphText/FontText_87DB.font.lyn.event
[LYN]	Fonts/build/GlyphText/FontText_87EA.font.lyn.event
[LYN]	Fonts/build/GlyphText/FontText_87E0.font.lyn.event
[LYN]	Fonts/build/GlyphText/FontText_87EE.font.lyn.event
[LYN]	Fonts/build/GlyphText/FontText_8816.font.lyn.event
[LYN]	Fonts/build/GlyphText/FontText_8813.font.lyn.event
[LYN]	Fonts/build/GlyphText/FontText_87FE.font.lyn.event
[LYN]	Fonts/build/GlyphText/FontText_880A.font.lyn.event
[LYN]	Fonts/build/GlyphText/FontText_881B.font.lyn.event
[LYN]	Fonts/build/GlyphText/FontText_8821.font.lyn.event
[LYN]	Fonts/build/GlyphText/FontText_8839.font.lyn.event
[LYN]	Fonts/build/GlyphText/FontText_883C.font.lyn.event
[LYN]	Fonts/build/GlyphText/FontText_7F36.font.lyn.event
[LYN]	Fonts/build/GlyphText/FontText_7F42.font.lyn.event
[LYN]	Fonts/build/GlyphText/FontText_7F44.font.lyn.event
[LYN]	Fonts/build/GlyphText/FontText_7F45.font.lyn.event
[LYN]	Fonts/build/GlyphText/FontText_8210.font.lyn.event
[LYN]	Fonts/build/GlyphText/FontText_7AFA.font.lyn.event
[LYN]	Fonts/build/GlyphText/FontText_7AFD.font.lyn.event
[LYN]	Fonts/build/GlyphText/FontText_7B08.font.lyn.event
[LYN]	Fonts/build/GlyphText/FontText_7B03.font.lyn.event
[LYN]	Fonts/build/GlyphText/FontText_7B04.font.lyn.event
[LYN]	Fonts/build/GlyphText/FontText_7B15.font.lyn.event
[LYN]	Fonts/build/GlyphText/FontText_7B0A.font.lyn.event
[LYN]	Fonts/build/GlyphText/FontText_7B2B.font.lyn.event
[LYN]	Fonts/build/GlyphText/FontText_7B0F.font.lyn.event
[LYN]	Fonts/build/GlyphText/FontText_7B47.font.lyn.event
[LYN]	Fonts/build/GlyphText/FontText_7B38.font.lyn.event
[LYN]	Fonts/build/GlyphText/FontText_7B2A.font.lyn.event
[LYN]	Fonts/build/GlyphText/FontText_7B2E.font.lyn.event
[LYN]	Fonts/build/GlyphText/FontText_7B31.font.lyn.event
[LYN]	Fonts/build/GlyphText/FontText_7B20.font.lyn.event
[LYN]	Fonts/build/GlyphText/FontText_7B25.font.lyn.event
[LYN]	Fonts/build/GlyphText/FontText_7B24.font.lyn.event
[LYN]	Fonts/build/GlyphText/FontText_7B33.font.lyn.event
[LYN]	Fonts/build/GlyphText/FontText_7B3E.font.lyn.event
[LYN]	Fonts/build/GlyphText/FontText_7B58.font.lyn.event
[LYN]	Fonts/build/GlyphText/FontText_7B1E.font.lyn.event
[LYN]	Fonts/build/GlyphText/FontText_7B5A.font.lyn.event
[LYN]	Fonts/build/GlyphText/FontText_7B45.font.lyn.event
[LYN]	Fonts/build/GlyphText/FontText_7B75.font.lyn.event
[LYN]	Fonts/build/GlyphText/FontText_7B4C.font.lyn.event
[LYN]	Fonts/build/GlyphText/FontText_7B5D.font.lyn.event
[LYN]	Fonts/build/GlyphText/FontText_7B60.font.lyn.event
[LYN]	Fonts/build/GlyphText/FontText_7B6E.font.lyn.event
[LYN]	Fonts/build/GlyphText/FontText_7B7B.font.lyn.event
[LYN]	Fonts/build/GlyphText/FontText_7B62.font.lyn.event
[LYN]	Fonts/build/GlyphText/FontText_7B72.font.lyn.event
[LYN]	Fonts/build/GlyphText/FontText_7B71.font.lyn.event
[LYN]	Fonts/build/GlyphText/FontText_7B90.font.lyn.event
[LYN]	Fonts/build/GlyphText/FontText_7BA6.font.lyn.event
[LYN]	Fonts/build/GlyphText/FontText_7BA7.font.lyn.event
[LYN]	Fonts/build/GlyphText/FontText_7BB8.font.lyn.event
[LYN]	Fonts/build/GlyphText/FontText_7BAC.font.lyn.event
[LYN]	Fonts/build/GlyphText/FontText_7B9D.font.lyn.event
[LYN]	Fonts/build/GlyphText/FontText_7BA8.font.lyn.event
[LYN]	Fonts/build/GlyphText/FontText_7B85.font.lyn.event
[LYN]	Fonts/build/GlyphText/FontText_7BAA.font.lyn.event
[LYN]	Fonts/build/GlyphText/FontText_7B9C.font.lyn.event
[LYN]	Fonts/build/GlyphText/FontText_7BB4.font.lyn.event
[LYN]	Fonts/build/GlyphText/FontText_7BA2.font.lyn.event
[LYN]	Fonts/build/GlyphText/FontText_7BAB.font.lyn.event
[LYN]	Fonts/build/GlyphText/FontText_7BD1.font.lyn.event
[LYN]	Fonts/build/GlyphText/FontText_7BC1.font.lyn.event
[LYN]	Fonts/build/GlyphText/FontText_7BCC.font.lyn.event
[LYN]	Fonts/build/GlyphText/FontText_7BDA.font.lyn.event
[LYN]	Fonts/build/GlyphText/FontText_7BDD.font.lyn.event
[LYN]	Fonts/build/GlyphText/FontText_7BE5.font.lyn.event
[LYN]	Fonts/build/GlyphText/FontText_7BE6.font.lyn.event
[LYN]	Fonts/build/GlyphText/FontText_7BEA.font.lyn.event
[LYN]	Fonts/build/GlyphText/FontText_7C0C.font.lyn.event
[LYN]	Fonts/build/GlyphText/FontText_7BFE.font.lyn.event
[LYN]	Fonts/build/GlyphText/FontText_7BFC.font.lyn.event
[LYN]	Fonts/build/GlyphText/FontText_7C0F.font.lyn.event
[LYN]	Fonts/build/GlyphText/FontText_7C16.font.lyn.event
[LYN]	Fonts/build/GlyphText/FontText_7C0B.font.lyn.event
[LYN]	Fonts/build/GlyphText/FontText_7C1F.font.lyn.event
[LYN]	Fonts/build/GlyphText/FontText_7C2A.font.lyn.event
[LYN]	Fonts/build/GlyphText/FontText_7C26.font.lyn.event
[LYN]	Fonts/build/GlyphText/FontText_7C38.font.lyn.event
[LYN]	Fonts/build/GlyphText/FontText_7C41.font.lyn.event
[LYN]	Fonts/build/GlyphText/FontText_7C40.font.lyn.event
[LYN]	Fonts/build/GlyphText/FontText_81FE.font.lyn.event
[LYN]	Fonts/build/GlyphText/FontText_8201.font.lyn.event
[LYN]	Fonts/build/GlyphText/FontText_8202.font.lyn.event
[LYN]	Fonts/build/GlyphText/FontText_8204.font.lyn.event
[LYN]	Fonts/build/GlyphText/FontText_81EC.font.lyn.event
[LYN]	Fonts/build/GlyphText/FontText_8844.font.lyn.event
[LYN]	Fonts/build/GlyphText/FontText_8221.font.lyn.event
[LYN]	Fonts/build/GlyphText/FontText_8222.font.lyn.event
[LYN]	Fonts/build/GlyphText/FontText_8223.font.lyn.event
[LYN]	Fonts/build/GlyphText/FontText_822D.font.lyn.event
[LYN]	Fonts/build/GlyphText/FontText_822F.font.lyn.event
[LYN]	Fonts/build/GlyphText/FontText_8228.font.lyn.event
[LYN]	Fonts/build/GlyphText/FontText_822B.font.lyn.event
[LYN]	Fonts/build/GlyphText/FontText_8238.font.lyn.event
[LYN]	Fonts/build/GlyphText/FontText_823B.font.lyn.event
[LYN]	Fonts/build/GlyphText/FontText_8233.font.lyn.event
[LYN]	Fonts/build/GlyphText/FontText_8234.font.lyn.event
[LYN]	Fonts/build/GlyphText/FontText_823E.font.lyn.event
[LYN]	Fonts/build/GlyphText/FontText_8244.font.lyn.event
[LYN]	Fonts/build/GlyphText/FontText_8249.font.lyn.event
[LYN]	Fonts/build/GlyphText/FontText_824B.font.lyn.event
[LYN]	Fonts/build/GlyphText/FontText_824F.font.lyn.event
[LYN]	Fonts/build/GlyphText/FontText_825A.font.lyn.event
[LYN]	Fonts/build/GlyphText/FontText_825F.font.lyn.event
[LYN]	Fonts/build/GlyphText/FontText_8268.font.lyn.event
[LYN]	Fonts/build/GlyphText/FontText_887E.font.lyn.event
[LYN]	Fonts/build/GlyphText/FontText_8885.font.lyn.event
[LYN]	Fonts/build/GlyphText/FontText_8888.font.lyn.event
[LYN]	Fonts/build/GlyphText/FontText_88D8.font.lyn.event
[LYN]	Fonts/build/GlyphText/FontText_88DF.font.lyn.event
[LYN]	Fonts/build/GlyphText/FontText_895E.font.lyn.event
[LYN]	Fonts/build/GlyphText/FontText_7F9D.font.lyn.event
[LYN]	Fonts/build/GlyphText/FontText_7F9F.font.lyn.event
[LYN]	Fonts/build/GlyphText/FontText_7FA7.font.lyn.event
[LYN]	Fonts/build/GlyphText/FontText_7FAF.font.lyn.event
[LYN]	Fonts/build/GlyphText/FontText_7FB0.font.lyn.event
[LYN]	Fonts/build/GlyphText/FontText_7FB2.font.lyn.event
[LYN]	Fonts/build/GlyphText/FontText_7C7C.font.lyn.event
[LYN]	Fonts/build/GlyphText/FontText_6549.font.lyn.event
[LYN]	Fonts/build/GlyphText/FontText_7C91.font.lyn.event
[LYN]	Fonts/build/GlyphText/FontText_7C9D.font.lyn.event
[LYN]	Fonts/build/GlyphText/FontText_7C9C.font.lyn.event
[LYN]	Fonts/build/GlyphText/FontText_7C9E.font.lyn.event
[LYN]	Fonts/build/GlyphText/FontText_7CA2.font.lyn.event
[LYN]	Fonts/build/GlyphText/FontText_7CB2.font.lyn.event
[LYN]	Fonts/build/GlyphText/FontText_7CBC.font.lyn.event
[LYN]	Fonts/build/GlyphText/FontText_7CBD.font.lyn.event
[LYN]	Fonts/build/GlyphText/FontText_7CC1.font.lyn.event
[LYN]	Fonts/build/GlyphText/FontText_7CC7.font.lyn.event
[LYN]	Fonts/build/GlyphText/FontText_7CCC.font.lyn.event
[LYN]	Fonts/build/GlyphText/FontText_7CCD.font.lyn.event
[LYN]	Fonts/build/GlyphText/FontText_7CC8.font.lyn.event
[LYN]	Fonts/build/GlyphText/FontText_7CC5.font.lyn.event
[LYN]	Fonts/build/GlyphText/FontText_7CD7.font.lyn.event
[LYN]	Fonts/build/GlyphText/FontText_7CE8.font.lyn.event
[LYN]	Fonts/build/GlyphText/FontText_826E.font.lyn.event
[LYN]	Fonts/build/GlyphText/FontText_66A8.font.lyn.event
[LYN]	Fonts/build/GlyphText/FontText_7FBF.font.lyn.event
[LYN]	Fonts/build/GlyphText/FontText_7FCE.font.lyn.event
[LYN]	Fonts/build/GlyphText/FontText_7FD5.font.lyn.event
[LYN]	Fonts/build/GlyphText/FontText_7FE5.font.lyn.event
[LYN]	Fonts/build/GlyphText/FontText_7FE1.font.lyn.event
[LYN]	Fonts/build/GlyphText/FontText_7FE6.font.lyn.event
[LYN]	Fonts/build/GlyphText/FontText_7FEE.font.lyn.event
[LYN]	Fonts/build/GlyphText/FontText_7FF3.font.lyn.event
[LYN]	Fonts/build/GlyphText/FontText_7CF8.font.lyn.event
[LYN]	Fonts/build/GlyphText/FontText_7D77.font.lyn.event
[LYN]	Fonts/build/GlyphText/FontText_7DA6.font.lyn.event
[LYN]	Fonts/build/GlyphText/FontText_7DAE.font.lyn.event
[LYN]	Fonts/build/GlyphText/FontText_7E47.font.lyn.event
[LYN]	Fonts/build/GlyphText/FontText_7E9B.font.lyn.event
[LYN]	Fonts/build/GlyphText/FontText_9EB8.font.lyn.event
[LYN]	Fonts/build/GlyphText/FontText_9EB4.font.lyn.event
[LYN]	Fonts/build/GlyphText/FontText_8D73.font.lyn.event
[LYN]	Fonts/build/GlyphText/FontText_8D84.font.lyn.event
[LYN]	Fonts/build/GlyphText/FontText_8D94.font.lyn.event
[LYN]	Fonts/build/GlyphText/FontText_8D91.font.lyn.event
[LYN]	Fonts/build/GlyphText/FontText_8DB1.font.lyn.event
[LYN]	Fonts/build/GlyphText/FontText_8D67.font.lyn.event
[LYN]	Fonts/build/GlyphText/FontText_8D6D.font.lyn.event
[LYN]	Fonts/build/GlyphText/FontText_8C47.font.lyn.event
[LYN]	Fonts/build/GlyphText/FontText_8C49.font.lyn.event
[LYN]	Fonts/build/GlyphText/FontText_914A.font.lyn.event
[LYN]	Fonts/build/GlyphText/FontText_9150.font.lyn.event
[LYN]	Fonts/build/GlyphText/FontText_914E.font.lyn.event
[LYN]	Fonts/build/GlyphText/FontText_914F.font.lyn.event
[LYN]	Fonts/build/GlyphText/FontText_9164.font.lyn.event
[LYN]	Fonts/build/GlyphText/FontText_9162.font.lyn.event
[LYN]	Fonts/build/GlyphText/FontText_9170.font.lyn.event
[LYN]	Fonts/build/GlyphText/FontText_9161.font.lyn.event
[LYN]	Fonts/build/GlyphText/FontText_9169.font.lyn.event
[LYN]	Fonts/build/GlyphText/FontText_916F.font.lyn.event
[LYN]	Fonts/build/GlyphText/FontText_917D.font.lyn.event
[LYN]	Fonts/build/GlyphText/FontText_917E.font.lyn.event
[LYN]	Fonts/build/GlyphText/FontText_9172.font.lyn.event
[LYN]	Fonts/build/GlyphText/FontText_9174.font.lyn.event
[LYN]	Fonts/build/GlyphText/FontText_9179.font.lyn.event
[LYN]	Fonts/build/GlyphText/FontText_918C.font.lyn.event
[LYN]	Fonts/build/GlyphText/FontText_9185.font.lyn.event
[LYN]	Fonts/build/GlyphText/FontText_9190.font.lyn.event
[LYN]	Fonts/build/GlyphText/FontText_918D.font.lyn.event
[LYN]	Fonts/build/GlyphText/FontText_9191.font.lyn.event
[LYN]	Fonts/build/GlyphText/FontText_91A2.font.lyn.event
[LYN]	Fonts/build/GlyphText/FontText_91A3.font.lyn.event
[LYN]	Fonts/build/GlyphText/FontText_91AA.font.lyn.event
[LYN]	Fonts/build/GlyphText/FontText_91AD.font.lyn.event
[LYN]	Fonts/build/GlyphText/FontText_91AE.font.lyn.event
[LYN]	Fonts/build/GlyphText/FontText_91AF.font.lyn.event
[LYN]	Fonts/build/GlyphText/FontText_91B5.font.lyn.event
[LYN]	Fonts/build/GlyphText/FontText_91B4.font.lyn.event
[LYN]	Fonts/build/GlyphText/FontText_91BA.font.lyn.event
[LYN]	Fonts/build/GlyphText/FontText_8C55.font.lyn.event
[LYN]	Fonts/build/GlyphText/FontText_9E7E.font.lyn.event
[LYN]	Fonts/build/GlyphText/FontText_8DB8.font.lyn.event
[LYN]	Fonts/build/GlyphText/FontText_8DEB.font.lyn.event
[LYN]	Fonts/build/GlyphText/FontText_8E05.font.lyn.event
[LYN]	Fonts/build/GlyphText/FontText_8E59.font.lyn.event
[LYN]	Fonts/build/GlyphText/FontText_8DB5.font.lyn.event
[LYN]	Fonts/build/GlyphText/FontText_8DBF.font.lyn.event
[LYN]	Fonts/build/GlyphText/FontText_8DBC.font.lyn.event
[LYN]	Fonts/build/GlyphText/FontText_8DBA.font.lyn.event
[LYN]	Fonts/build/GlyphText/FontText_8DC4.font.lyn.event
[LYN]	Fonts/build/GlyphText/FontText_8DD6.font.lyn.event
[LYN]	Fonts/build/GlyphText/FontText_8DD7.font.lyn.event
[LYN]	Fonts/build/GlyphText/FontText_8DDA.font.lyn.event
[LYN]	Fonts/build/GlyphText/FontText_8DDE.font.lyn.event
[LYN]	Fonts/build/GlyphText/FontText_8DCE.font.lyn.event
[LYN]	Fonts/build/GlyphText/FontText_8DCF.font.lyn.event
[LYN]	Fonts/build/GlyphText/FontText_8DDB.font.lyn.event
[LYN]	Fonts/build/GlyphText/FontText_8DC6.font.lyn.event
[LYN]	Fonts/build/GlyphText/FontText_8DEC.font.lyn.event
[LYN]	Fonts/build/GlyphText/FontText_8DE3.font.lyn.event
[LYN]	Fonts/build/GlyphText/FontText_8DF8.font.lyn.event
[LYN]	Fonts/build/GlyphText/FontText_8DF9.font.lyn.event
[LYN]	Fonts/build/GlyphText/FontText_8DFB.font.lyn.event
[LYN]	Fonts/build/GlyphText/FontText_8DE4.font.lyn.event
[LYN]	Fonts/build/GlyphText/FontText_8E09.font.lyn.event
[LYN]	Fonts/build/GlyphText/FontText_8DFD.font.lyn.event
[LYN]	Fonts/build/GlyphText/FontText_8E14.font.lyn.event
[LYN]	Fonts/build/GlyphText/FontText_8E1D.font.lyn.event
[LYN]	Fonts/build/GlyphText/FontText_8E1F.font.lyn.event
[LYN]	Fonts/build/GlyphText/FontText_8E2C.font.lyn.event
[LYN]	Fonts/build/GlyphText/FontText_8E2E.font.lyn.event
[LYN]	Fonts/build/GlyphText/FontText_8E23.font.lyn.event
[LYN]	Fonts/build/GlyphText/FontText_8E2F.font.lyn.event
[LYN]	Fonts/build/GlyphText/FontText_8E3A.font.lyn.event
[LYN]	Fonts/build/GlyphText/FontText_8E40.font.lyn.event
[LYN]	Fonts/build/GlyphText/FontText_8E39.font.lyn.event
[LYN]	Fonts/build/GlyphText/FontText_8E3D.font.lyn.event
[LYN]	Fonts/build/GlyphText/FontText_8E31.font.lyn.event
[LYN]	Fonts/build/GlyphText/FontText_8E49.font.lyn.event
[LYN]	Fonts/build/GlyphText/FontText_8E41.font.lyn.event
[LYN]	Fonts/build/GlyphText/FontText_8E51.font.lyn.event
[LYN]	Fonts/build/GlyphText/FontText_8E52.font.lyn.event
[LYN]	Fonts/build/GlyphText/FontText_8E70.font.lyn.event
[LYN]	Fonts/build/GlyphText/FontText_8E76.font.lyn.event
[LYN]	Fonts/build/GlyphText/FontText_8E7C.font.lyn.event
[LYN]	Fonts/build/GlyphText/FontText_8E6F.font.lyn.event
[LYN]	Fonts/build/GlyphText/FontText_8E74.font.lyn.event
[LYN]	Fonts/build/GlyphText/FontText_8E85.font.lyn.event
[LYN]	Fonts/build/GlyphText/FontText_8E94.font.lyn.event
[LYN]	Fonts/build/GlyphText/FontText_8E90.font.lyn.event
[LYN]	Fonts/build/GlyphText/FontText_8E9C.font.lyn.event
[LYN]	Fonts/build/GlyphText/FontText_8E9E.font.lyn.event
[LYN]	Fonts/build/GlyphText/FontText_8C78.font.lyn.event
[LYN]	Fonts/build/GlyphText/FontText_8C82.font.lyn.event
[LYN]	Fonts/build/GlyphText/FontText_8C8A.font.lyn.event
[LYN]	Fonts/build/GlyphText/FontText_8C85.font.lyn.event
[LYN]	Fonts/build/GlyphText/FontText_8C98.font.lyn.event
[LYN]	Fonts/build/GlyphText/FontText_8C94.font.lyn.event
[LYN]	Fonts/build/GlyphText/FontText_659B.font.lyn.event
[LYN]	Fonts/build/GlyphText/FontText_89D6.font.lyn.event
[LYN]	Fonts/build/GlyphText/FontText_89DE.font.lyn.event
[LYN]	Fonts/build/GlyphText/FontText_89DA.font.lyn.event
[LYN]	Fonts/build/GlyphText/FontText_89DC.font.lyn.event
[LYN]	Fonts/build/GlyphText/FontText_89E5.font.lyn.event
[LYN]	Fonts/build/GlyphText/FontText_89EB.font.lyn.event
[LYN]	Fonts/build/GlyphText/FontText_89EF.font.lyn.event
[LYN]	Fonts/build/GlyphText/FontText_8A3E.font.lyn.event
[LYN]	Fonts/build/GlyphText/FontText_8B26.font.lyn.event
[LYN]	Fonts/build/GlyphText/FontText_9753.font.lyn.event
[LYN]	Fonts/build/GlyphText/FontText_96E9.font.lyn.event
[LYN]	Fonts/build/GlyphText/FontText_96F3.font.lyn.event
[LYN]	Fonts/build/GlyphText/FontText_96EF.font.lyn.event
[LYN]	Fonts/build/GlyphText/FontText_9701.font.lyn.event
[LYN]	Fonts/build/GlyphText/FontText_9708.font.lyn.event
[LYN]	Fonts/build/GlyphText/FontText_970F.font.lyn.event
[LYN]	Fonts/build/GlyphText/FontText_970E.font.lyn.event
[LYN]	Fonts/build/GlyphText/FontText_972A.font.lyn.event
[LYN]	Fonts/build/GlyphText/FontText_972D.font.lyn.event
[LYN]	Fonts/build/GlyphText/FontText_9730.font.lyn.event
[LYN]	Fonts/build/GlyphText/FontText_973E.font.lyn.event
[LYN]	Fonts/build/GlyphText/FontText_9F80.font.lyn.event
[LYN]	Fonts/build/GlyphText/FontText_9F83.font.lyn.event
[LYN]	Fonts/build/GlyphText/FontText_9F85.font.lyn.event
[LYN]	Fonts/build/GlyphText/FontText_9F86.font.lyn.event
[LYN]	Fonts/build/GlyphText/FontText_9F87.font.lyn.event
[LYN]	Fonts/build/GlyphText/FontText_9F88.font.lyn.event
[LYN]	Fonts/build/GlyphText/FontText_9F89.font.lyn.event
[LYN]	Fonts/build/GlyphText/FontText_9F8A.font.lyn.event
[LYN]	Fonts/build/GlyphText/FontText_9F8C.font.lyn.event
[LYN]	Fonts/build/GlyphText/FontText_9EFE.font.lyn.event
[LYN]	Fonts/build/GlyphText/FontText_9F0B.font.lyn.event
[LYN]	Fonts/build/GlyphText/FontText_9F0D.font.lyn.event
[LYN]	Fonts/build/GlyphText/FontText_96B9.font.lyn.event
[LYN]	Fonts/build/GlyphText/FontText_96BD.font.lyn.event
[LYN]	Fonts/build/GlyphText/FontText_96CE.font.lyn.event
[LYN]	Fonts/build/GlyphText/FontText_96D2.font.lyn.event
[LYN]	Fonts/build/GlyphText/FontText_77BF.font.lyn.event
[LYN]	Fonts/build/GlyphText/FontText_96E0.font.lyn.event
[LYN]	Fonts/build/GlyphText/FontText_928E.font.lyn.event
[LYN]	Fonts/build/GlyphText/FontText_92AE.font.lyn.event
[LYN]	Fonts/build/GlyphText/FontText_92C8.font.lyn.event
[LYN]	Fonts/build/GlyphText/FontText_933E.font.lyn.event
[LYN]	Fonts/build/GlyphText/FontText_93CA.font.lyn.event
[LYN]	Fonts/build/GlyphText/FontText_936A.font.lyn.event
[LYN]	Fonts/build/GlyphText/FontText_938F.font.lyn.event
[LYN]	Fonts/build/GlyphText/FontText_943E.font.lyn.event
[LYN]	Fonts/build/GlyphText/FontText_946B.font.lyn.event
[LYN]	Fonts/build/GlyphText/FontText_9C82.font.lyn.event
[LYN]	Fonts/build/GlyphText/FontText_9C85.font.lyn.event
[LYN]	Fonts/build/GlyphText/FontText_9C86.font.lyn.event
[LYN]	Fonts/build/GlyphText/FontText_9C87.font.lyn.event
[LYN]	Fonts/build/GlyphText/FontText_9C88.font.lyn.event
[LYN]	Fonts/build/GlyphText/FontText_7A23.font.lyn.event
[LYN]	Fonts/build/GlyphText/FontText_9C8B.font.lyn.event
[LYN]	Fonts/build/GlyphText/FontText_9C8E.font.lyn.event
[LYN]	Fonts/build/GlyphText/FontText_9C90.font.lyn.event
[LYN]	Fonts/build/GlyphText/FontText_9C91.font.lyn.event
[LYN]	Fonts/build/GlyphText/FontText_9C92.font.lyn.event
[LYN]	Fonts/build/GlyphText/FontText_9C94.font.lyn.event
[LYN]	Fonts/build/GlyphText/FontText_9C95.font.lyn.event
[LYN]	Fonts/build/GlyphText/FontText_9C9A.font.lyn.event
[LYN]	Fonts/build/GlyphText/FontText_9C9B.font.lyn.event
[LYN]	Fonts/build/GlyphText/FontText_9C9E.font.lyn.event
[LYN]	Fonts/build/GlyphText/FontText_9C9F.font.lyn.event
[LYN]	Fonts/build/GlyphText/FontText_9CA0.font.lyn.event
[LYN]	Fonts/build/GlyphText/FontText_9CA1.font.lyn.event
[LYN]	Fonts/build/GlyphText/FontText_9CA2.font.lyn.event
[LYN]	Fonts/build/GlyphText/FontText_9CA3.font.lyn.event
[LYN]	Fonts/build/GlyphText/FontText_9CA5.font.lyn.event
[LYN]	Fonts/build/GlyphText/FontText_9CA6.font.lyn.event
[LYN]	Fonts/build/GlyphText/FontText_9CA7.font.lyn.event
[LYN]	Fonts/build/GlyphText/FontText_9CA8.font.lyn.event
[LYN]	Fonts/build/GlyphText/FontText_9CA9.font.lyn.event
[LYN]	Fonts/build/GlyphText/FontText_9CAB.font.lyn.event
[LYN]	Fonts/build/GlyphText/FontText_9CAD.font.lyn.event
[LYN]	Fonts/build/GlyphText/FontText_9CAE.font.lyn.event
[LYN]	Fonts/build/GlyphText/FontText_9CB0.font.lyn.event
[LYN]	Fonts/build/GlyphText/FontText_9CB1.font.lyn.event
[LYN]	Fonts/build/GlyphText/FontText_9CB2.font.lyn.event
[LYN]	Fonts/build/GlyphText/FontText_9CB3.font.lyn.event
[LYN]	Fonts/build/GlyphText/FontText_9CB4.font.lyn.event
[LYN]	Fonts/build/GlyphText/FontText_9CB5.font.lyn.event
[LYN]	Fonts/build/GlyphText/FontText_9CB7.font.lyn.event
[LYN]	Fonts/build/GlyphText/FontText_9CB6.font.lyn.event
[LYN]	Fonts/build/GlyphText/FontText_9CBA.font.lyn.event
[LYN]	Fonts/build/GlyphText/FontText_9CBB.font.lyn.event
[LYN]	Fonts/build/GlyphText/FontText_9CBC.font.lyn.event
[LYN]	Fonts/build/GlyphText/FontText_9CBD.font.lyn.event
[LYN]	Fonts/build/GlyphText/FontText_9CC4.font.lyn.event
[LYN]	Fonts/build/GlyphText/FontText_9CC5.font.lyn.event
[LYN]	Fonts/build/GlyphText/FontText_9CC6.font.lyn.event
[LYN]	Fonts/build/GlyphText/FontText_9CC7.font.lyn.event
[LYN]	Fonts/build/GlyphText/FontText_9CCA.font.lyn.event
[LYN]	Fonts/build/GlyphText/FontText_9CCB.font.lyn.event
[LYN]	Fonts/build/GlyphText/FontText_9CCC.font.lyn.event
[LYN]	Fonts/build/GlyphText/FontText_9CCD.font.lyn.event
[LYN]	Fonts/build/GlyphText/FontText_9CCE.font.lyn.event
[LYN]	Fonts/build/GlyphText/FontText_9CCF.font.lyn.event
[LYN]	Fonts/build/GlyphText/FontText_9CD0.font.lyn.event
[LYN]	Fonts/build/GlyphText/FontText_9CD3.font.lyn.event
[LYN]	Fonts/build/GlyphText/FontText_9CD4.font.lyn.event
[LYN]	Fonts/build/GlyphText/FontText_9CD5.font.lyn.event
[LYN]	Fonts/build/GlyphText/FontText_9CD7.font.lyn.event
[LYN]	Fonts/build/GlyphText/FontText_9CD8.font.lyn.event
[LYN]	Fonts/build/GlyphText/FontText_9CD9.font.lyn.event
[LYN]	Fonts/build/GlyphText/FontText_9CDC.font.lyn.event
[LYN]	Fonts/build/GlyphText/FontText_9CDD.font.lyn.event
[LYN]	Fonts/build/GlyphText/FontText_977C.font.lyn.event
[LYN]	Fonts/build/GlyphText/FontText_9CDF.font.lyn.event
[LYN]	Fonts/build/GlyphText/FontText_9CE2.font.lyn.event
[LYN]	Fonts/build/GlyphText/FontText_9785.font.lyn.event
[LYN]	Fonts/build/GlyphText/FontText_9791.font.lyn.event
[LYN]	Fonts/build/GlyphText/FontText_9792.font.lyn.event
[LYN]	Fonts/build/GlyphText/FontText_9794.font.lyn.event
[LYN]	Fonts/build/GlyphText/FontText_97AF.font.lyn.event
[LYN]	Fonts/build/GlyphText/FontText_97AB.font.lyn.event
[LYN]	Fonts/build/GlyphText/FontText_97A3.font.lyn.event
[LYN]	Fonts/build/GlyphText/FontText_97B2.font.lyn.event
[LYN]	Fonts/build/GlyphText/FontText_97B4.font.lyn.event
[LYN]	Fonts/build/GlyphText/FontText_9AB1.font.lyn.event
[LYN]	Fonts/build/GlyphText/FontText_9E58.font.lyn.event
[LYN]	Fonts/build/GlyphText/FontText_9AB6.font.lyn.event
[LYN]	Fonts/build/GlyphText/FontText_9ABA.font.lyn.event
[LYN]	Fonts/build/GlyphText/FontText_9ABC.font.lyn.event
[LYN]	Fonts/build/GlyphText/FontText_9AC1.font.lyn.event
[LYN]	Fonts/build/GlyphText/FontText_9AC0.font.lyn.event
[LYN]	Fonts/build/GlyphText/FontText_9AC2.font.lyn.event
[LYN]	Fonts/build/GlyphText/FontText_9ACB.font.lyn.event
[LYN]	Fonts/build/GlyphText/FontText_9ACC.font.lyn.event
[LYN]	Fonts/build/GlyphText/FontText_9AD1.font.lyn.event
[LYN]	Fonts/build/GlyphText/FontText_9B43.font.lyn.event
[LYN]	Fonts/build/GlyphText/FontText_9B47.font.lyn.event
[LYN]	Fonts/build/GlyphText/FontText_9B49.font.lyn.event
[LYN]	Fonts/build/GlyphText/FontText_9B4D.font.lyn.event
[LYN]	Fonts/build/GlyphText/FontText_9B48.font.lyn.event
[LYN]	Fonts/build/GlyphText/FontText_9B51.font.lyn.event
[LYN]	Fonts/build/GlyphText/FontText_990D.font.lyn.event
[LYN]	Fonts/build/GlyphText/FontText_992E.font.lyn.event
[LYN]	Fonts/build/GlyphText/FontText_9955.font.lyn.event
[LYN]	Fonts/build/GlyphText/FontText_9954.font.lyn.event
[LYN]	Fonts/build/GlyphText/FontText_9ADF.font.lyn.event
[LYN]	Fonts/build/GlyphText/FontText_9AE1.font.lyn.event
[LYN]	Fonts/build/GlyphText/FontText_9AE6.font.lyn.event
[LYN]	Fonts/build/GlyphText/FontText_9AEF.font.lyn.event
[LYN]	Fonts/build/GlyphText/FontText_9AEB.font.lyn.event
[LYN]	Fonts/build/GlyphText/FontText_9AFB.font.lyn.event
[LYN]	Fonts/build/GlyphText/FontText_9AED.font.lyn.event
[LYN]	Fonts/build/GlyphText/FontText_9AF9.font.lyn.event
[LYN]	Fonts/build/GlyphText/FontText_9B08.font.lyn.event
[LYN]	Fonts/build/GlyphText/FontText_9B0F.font.lyn.event
[LYN]	Fonts/build/GlyphText/FontText_9B13.font.lyn.event
[LYN]	Fonts/build/GlyphText/FontText_9B1F.font.lyn.event
[LYN]	Fonts/build/GlyphText/FontText_9B23.font.lyn.event
[LYN]	Fonts/build/GlyphText/FontText_9EBD.font.lyn.event
[LYN]	Fonts/build/GlyphText/FontText_7E3B.font.lyn.event
[LYN]	Fonts/build/GlyphText/FontText_9E82.font.lyn.event
[LYN]	Fonts/build/GlyphText/FontText_9E87.font.lyn.event
[LYN]	Fonts/build/GlyphText/FontText_9E88.font.lyn.event
[LYN]	Fonts/build/GlyphText/FontText_9E8B.font.lyn.event
[LYN]	Fonts/build/GlyphText/FontText_9E92.font.lyn.event
[LYN]	Fonts/build/GlyphText/FontText_93D6.font.lyn.event
[LYN]	Fonts/build/GlyphText/FontText_9E9D.font.lyn.event
[LYN]	Fonts/build/GlyphText/FontText_9E9F.font.lyn.event
[LYN]	Fonts/build/GlyphText/FontText_9EDB.font.lyn.event
[LYN]	Fonts/build/GlyphText/FontText_9EDC.font.lyn.event
[LYN]	Fonts/build/GlyphText/FontText_9EDD.font.lyn.event
[LYN]	Fonts/build/GlyphText/FontText_9EE0.font.lyn.event
[LYN]	Fonts/build/GlyphText/FontText_9EDF.font.lyn.event
[LYN]	Fonts/build/GlyphText/FontText_9EE2.font.lyn.event
[LYN]	Fonts/build/GlyphText/FontText_9EE9.font.lyn.event
[LYN]	Fonts/build/GlyphText/FontText_9EE7.font.lyn.event
[LYN]	Fonts/build/GlyphText/FontText_9EE5.font.lyn.event
[LYN]	Fonts/build/GlyphText/FontText_9EEA.font.lyn.event
[LYN]	Fonts/build/GlyphText/FontText_9EEF.font.lyn.event
[LYN]	Fonts/build/GlyphText/FontText_9F22.font.lyn.event
[LYN]	Fonts/build/GlyphText/FontText_9F2C.font.lyn.event
[LYN]	Fonts/build/GlyphText/FontText_9F2F.font.lyn.event
[LYN]	Fonts/build/GlyphText/FontText_9F39.font.lyn.event
[LYN]	Fonts/build/GlyphText/FontText_9F37.font.lyn.event
[LYN]	Fonts/build/GlyphText/FontText_9F3D.font.lyn.event
[LYN]	Fonts/build/GlyphText/FontText_9F3E.font.lyn.event
[LYN]	Fonts/build/GlyphText/FontText_9F44.font.lyn.event
[LYN]	Fonts/build/GlyphText/FontText_30A1.font.lyn.event
[LYN]	Fonts/build/GlyphText/FontText_2460.font.lyn.event
[LYN]	Fonts/build/GlyphText/FontText_3000.font.lyn.event
[LYN]	Fonts/build/GlyphText/FontText_6A5F.font.lyn.event
[LYN]	Fonts/build/GlyphText/FontText_84EE.font.lyn.event
[LYN]	Fonts/build/GlyphText/FontText_7E4A.font.lyn.event
[LYN]	Fonts/build/GlyphText/FontText_30A2.font.lyn.event
[LYN]	Fonts/build/GlyphText/FontText_2461.font.lyn.event
[LYN]	Fonts/build/GlyphText/FontText_9670.font.lyn.event
[LYN]	Fonts/build/GlyphText/FontText_9023.font.lyn.event
[LYN]	Fonts/build/GlyphText/FontText_5E30.font.lyn.event
[LYN]	Fonts/build/GlyphText/FontText_7FA8.font.lyn.event
[LYN]	Fonts/build/GlyphText/FontText_8F38.font.lyn.event
[LYN]	Fonts/build/GlyphText/FontText_30A3.font.lyn.event
[LYN]	Fonts/build/GlyphText/FontText_2462.font.lyn.event
[LYN]	Fonts/build/GlyphText/FontText_9054.font.lyn.event
[LYN]	Fonts/build/GlyphText/FontText_96A0.font.lyn.event
[LYN]	Fonts/build/GlyphText/FontText_932C.font.lyn.event
[LYN]	Fonts/build/GlyphText/FontText_30A4.font.lyn.event
[LYN]	Fonts/build/GlyphText/FontText_2463.font.lyn.event
[LYN]	Fonts/build/GlyphText/FontText_6C17.font.lyn.event
[LYN]	Fonts/build/GlyphText/FontText_7832.font.lyn.event
[LYN]	Fonts/build/GlyphText/FontText_30A5.font.lyn.event
[LYN]	Fonts/build/GlyphText/FontText_596A.font.lyn.event
[LYN]	Fonts/build/GlyphText/FontText_2464.font.lyn.event
[LYN]	Fonts/build/GlyphText/FontText_7E54.font.lyn.event
[LYN]	Fonts/build/GlyphText/FontText_512A.font.lyn.event
[LYN]	Fonts/build/GlyphText/FontText_30A6.font.lyn.event
[LYN]	Fonts/build/GlyphText/FontText_2465.font.lyn.event
[LYN]	Fonts/build/GlyphText/FontText_30FB.font.lyn.event
[LYN]	Fonts/build/GlyphText/FontText_6BBA.font.lyn.event
[LYN]	Fonts/build/GlyphText/FontText_8077.font.lyn.event
[LYN]	Fonts/build/GlyphText/FontText_30A7.font.lyn.event
[LYN]	Fonts/build/GlyphText/FontText_2466.font.lyn.event
[LYN]	Fonts/build/GlyphText/FontText_8A8D.font.lyn.event
[LYN]	Fonts/build/GlyphText/FontText_8A6E.font.lyn.event
[LYN]	Fonts/build/GlyphText/FontText_30A8.font.lyn.event
[LYN]	Fonts/build/GlyphText/FontText_2467.font.lyn.event
[LYN]	Fonts/build/GlyphText/FontText_6575.font.lyn.event
[LYN]	Fonts/build/GlyphText/FontText_96D1.font.lyn.event
[LYN]	Fonts/build/GlyphText/FontText_7D75.font.lyn.event
[LYN]	Fonts/build/GlyphText/FontText_30A9.font.lyn.event
[LYN]	Fonts/build/GlyphText/FontText_2468.font.lyn.event
[LYN]	Fonts/build/GlyphText/FontText_30AA.font.lyn.event
[LYN]	Fonts/build/GlyphText/FontText_9078.font.lyn.event
[LYN]	Fonts/build/GlyphText/FontText_7D42.font.lyn.event
[LYN]	Fonts/build/GlyphText/FontText_7D00.font.lyn.event
[LYN]	Fonts/build/GlyphText/FontText_8755.font.lyn.event
[LYN]	Fonts/build/GlyphText/FontText_30AB.font.lyn.event
[LYN]	Fonts/build/GlyphText/FontText_958B.font.lyn.event
[LYN]	Fonts/build/GlyphText/FontText_52B4.font.lyn.event
[LYN]	Fonts/build/GlyphText/FontText_7D46.font.lyn.event
[LYN]	Fonts/build/GlyphText/FontText_5BE7.font.lyn.event
[LYN]	Fonts/build/GlyphText/FontText_6182.font.lyn.event
[LYN]	Fonts/build/GlyphText/FontText_7E70.font.lyn.event
[LYN]	Fonts/build/GlyphText/FontText_30AC.font.lyn.event
[LYN]	Fonts/build/GlyphText/FontText_8A2A.font.lyn.event
[LYN]	Fonts/build/GlyphText/FontText_898F.font.lyn.event
[LYN]	Fonts/build/GlyphText/FontText_968E.font.lyn.event
[LYN]	Fonts/build/GlyphText/FontText_7FD2.font.lyn.event
[LYN]	Fonts/build/GlyphText/FontText_9069.font.lyn.event
[LYN]	Fonts/build/GlyphText/FontText_92AD.font.lyn.event
[LYN]	Fonts/build/GlyphText/FontText_9306.font.lyn.event
[LYN]	Fonts/build/GlyphText/FontText_30AD.font.lyn.event
[LYN]	Fonts/build/GlyphText/FontText_8C4A.font.lyn.event
[LYN]	Fonts/build/GlyphText/FontText_8A18.font.lyn.event
[LYN]	Fonts/build/GlyphText/FontText_5E83.font.lyn.event
[LYN]	Fonts/build/GlyphText/FontText_8C9D.font.lyn.event
[LYN]	Fonts/build/GlyphText/FontText_9D5C.font.lyn.event
[LYN]	Fonts/build/GlyphText/FontText_30AE.font.lyn.event
[LYN]	Fonts/build/GlyphText/FontText_8CB4.font.lyn.event
[LYN]	Fonts/build/GlyphText/FontText_71B1.font.lyn.event
[LYN]	Fonts/build/GlyphText/FontText_51F1.font.lyn.event
[LYN]	Fonts/build/GlyphText/FontText_7B46.font.lyn.event
[LYN]	Fonts/build/GlyphText/FontText_52F2.font.lyn.event
[LYN]	Fonts/build/GlyphText/FontText_9583.font.lyn.event
[LYN]	Fonts/build/GlyphText/FontText_30AF.font.lyn.event
[LYN]	Fonts/build/GlyphText/FontText_8AB0.font.lyn.event
[LYN]	Fonts/build/GlyphText/FontText_6E67.font.lyn.event
[LYN]	Fonts/build/GlyphText/FontText_9BAE.font.lyn.event
[LYN]	Fonts/build/GlyphText/FontText_30B0.font.lyn.event
[LYN]	Fonts/build/GlyphText/FontText_FF10.font.lyn.event
[LYN]	Fonts/build/GlyphText/FontText_5FB9.font.lyn.event
[LYN]	Fonts/build/GlyphText/FontText_8846.font.lyn.event
[LYN]	Fonts/build/GlyphText/FontText_98FD.font.lyn.event
[LYN]	Fonts/build/GlyphText/FontText_30B1.font.lyn.event
[LYN]	Fonts/build/GlyphText/FontText_FF11.font.lyn.event
[LYN]	Fonts/build/GlyphText/FontText_59EB.font.lyn.event
[LYN]	Fonts/build/GlyphText/FontText_5358.font.lyn.event
[LYN]	Fonts/build/GlyphText/FontText_8972.font.lyn.event
[LYN]	Fonts/build/GlyphText/FontText_8A13.font.lyn.event
[LYN]	Fonts/build/GlyphText/FontText_8F1D.font.lyn.event
[LYN]	Fonts/build/GlyphText/FontText_7336.font.lyn.event
[LYN]	Fonts/build/GlyphText/FontText_30B2.font.lyn.event
[LYN]	Fonts/build/GlyphText/FontText_FF12.font.lyn.event
[LYN]	Fonts/build/GlyphText/FontText_8B90.font.lyn.event
[LYN]	Fonts/build/GlyphText/FontText_5606.font.lyn.event
[LYN]	Fonts/build/GlyphText/FontText_6E26.font.lyn.event
[LYN]	Fonts/build/GlyphText/FontText_98E2.font.lyn.event
[LYN]	Fonts/build/GlyphText/FontText_30B3.font.lyn.event
[LYN]	Fonts/build/GlyphText/FontText_FF13.font.lyn.event
[LYN]	Fonts/build/GlyphText/FontText_8ECD.font.lyn.event
[LYN]	Fonts/build/GlyphText/FontText_9A0E.font.lyn.event
[LYN]	Fonts/build/GlyphText/FontText_5BE9.font.lyn.event
[LYN]	Fonts/build/GlyphText/FontText_511A.font.lyn.event
[LYN]	Fonts/build/GlyphText/FontText_7D10.font.lyn.event
[LYN]	Fonts/build/GlyphText/FontText_30B4.font.lyn.event
[LYN]	Fonts/build/GlyphText/FontText_FF14.font.lyn.event
[LYN]	Fonts/build/GlyphText/FontText_9244.font.lyn.event
[LYN]	Fonts/build/GlyphText/FontText_5504.font.lyn.event
[LYN]	Fonts/build/GlyphText/FontText_30B5.font.lyn.event
[LYN]	Fonts/build/GlyphText/FontText_FF15.font.lyn.event
[LYN]	Fonts/build/GlyphText/FontText_9031.font.lyn.event
[LYN]	Fonts/build/GlyphText/FontText_30B6.font.lyn.event
[LYN]	Fonts/build/GlyphText/FontText_FF16.font.lyn.event
[LYN]	Fonts/build/GlyphText/FontText_8A98.font.lyn.event
[LYN]	Fonts/build/GlyphText/FontText_507D.font.lyn.event
[LYN]	Fonts/build/GlyphText/FontText_7BED.font.lyn.event
[LYN]	Fonts/build/GlyphText/FontText_30B7.font.lyn.event
[LYN]	Fonts/build/GlyphText/FontText_904A.font.lyn.event
[LYN]	Fonts/build/GlyphText/FontText_5100.font.lyn.event
[LYN]	Fonts/build/GlyphText/FontText_FF17.font.lyn.event
[LYN]	Fonts/build/GlyphText/FontText_30B8.font.lyn.event
[LYN]	Fonts/build/GlyphText/FontText_FF18.font.lyn.event
[LYN]	Fonts/build/GlyphText/FontText_6A19.font.lyn.event
[LYN]	Fonts/build/GlyphText/FontText_4FC2.font.lyn.event
[LYN]	Fonts/build/GlyphText/FontText_8E99.font.lyn.event
[LYN]	Fonts/build/GlyphText/FontText_30B9.font.lyn.event
[LYN]	Fonts/build/GlyphText/FontText_FF19.font.lyn.event
[LYN]	Fonts/build/GlyphText/FontText_3005.font.lyn.event
[LYN]	Fonts/build/GlyphText/FontText_6C37.font.lyn.event
[LYN]	Fonts/build/GlyphText/FontText_50BE.font.lyn.event
[LYN]	Fonts/build/GlyphText/FontText_5538.font.lyn.event
[LYN]	Fonts/build/GlyphText/FontText_30BA.font.lyn.event
[LYN]	Fonts/build/GlyphText/FontText_6FAA.font.lyn.event
[LYN]	Fonts/build/GlyphText/FontText_7523.font.lyn.event
[LYN]	Fonts/build/GlyphText/FontText_60A9.font.lyn.event
[LYN]	Fonts/build/GlyphText/FontText_7DBA.font.lyn.event
[LYN]	Fonts/build/GlyphText/FontText_622F.font.lyn.event
[LYN]	Fonts/build/GlyphText/FontText_30BB.font.lyn.event
[LYN]	Fonts/build/GlyphText/FontText_93A7.font.lyn.event
[LYN]	Fonts/build/GlyphText/FontText_6FC3.font.lyn.event
[LYN]	Fonts/build/GlyphText/FontText_30BC.font.lyn.event
[LYN]	Fonts/build/GlyphText/FontText_30FC.font.lyn.event
[LYN]	Fonts/build/GlyphText/FontText_7D0D.font.lyn.event
[LYN]	Fonts/build/GlyphText/FontText_5553.font.lyn.event
[LYN]	Fonts/build/GlyphText/FontText_30BD.font.lyn.event
[LYN]	Fonts/build/GlyphText/FontText_69CB.font.lyn.event
[LYN]	Fonts/build/GlyphText/FontText_5642.font.lyn.event
[LYN]	Fonts/build/GlyphText/FontText_30BE.font.lyn.event
[LYN]	Fonts/build/GlyphText/FontText_5F93.font.lyn.event
[LYN]	Fonts/build/GlyphText/FontText_8EE2.font.lyn.event
[LYN]	Fonts/build/GlyphText/FontText_72A0.font.lyn.event
[LYN]	Fonts/build/GlyphText/FontText_8A55.font.lyn.event
[LYN]	Fonts/build/GlyphText/FontText_8A03.font.lyn.event
[LYN]	Fonts/build/GlyphText/FontText_8133.font.lyn.event
[LYN]	Fonts/build/GlyphText/FontText_30BF.font.lyn.event
[LYN]	Fonts/build/GlyphText/FontText_FF0F.font.lyn.event
[LYN]	Fonts/build/GlyphText/FontText_904B.font.lyn.event
[LYN]	Fonts/build/GlyphText/FontText_9332.font.lyn.event
[LYN]	Fonts/build/GlyphText/FontText_8CDB.font.lyn.event
[LYN]	Fonts/build/GlyphText/FontText_30C0.font.lyn.event
[LYN]	Fonts/build/GlyphText/FontText_96F2.font.lyn.event
[LYN]	Fonts/build/GlyphText/FontText_FF3C.font.lyn.event
[LYN]	Fonts/build/GlyphText/FontText_8AD6.font.lyn.event
[LYN]	Fonts/build/GlyphText/FontText_8FB2.font.lyn.event
[LYN]	Fonts/build/GlyphText/FontText_30C1.font.lyn.event
[LYN]	Fonts/build/GlyphText/FontText_FF5E.font.lyn.event
[LYN]	Fonts/build/GlyphText/FontText_FF21.font.lyn.event
[LYN]	Fonts/build/GlyphText/FontText_7FA9.font.lyn.event
[LYN]	Fonts/build/GlyphText/FontText_4F1D.font.lyn.event
[LYN]	Fonts/build/GlyphText/FontText_8F3F.font.lyn.event
[LYN]	Fonts/build/GlyphText/FontText_30C2.font.lyn.event
[LYN]	Fonts/build/GlyphText/FontText_8A95.font.lyn.event
[LYN]	Fonts/build/GlyphText/FontText_FF22.font.lyn.event
[LYN]	Fonts/build/GlyphText/FontText_9810.font.lyn.event
[LYN]	Fonts/build/GlyphText/FontText_65AC.font.lyn.event
[LYN]	Fonts/build/GlyphText/FontText_6E0B.font.lyn.event
[LYN]	Fonts/build/GlyphText/FontText_7D33.font.lyn.event
[LYN]	Fonts/build/GlyphText/FontText_30C3.font.lyn.event
[LYN]	Fonts/build/GlyphText/FontText_FF23.font.lyn.event
[LYN]	Fonts/build/GlyphText/FontText_8A71.font.lyn.event
[LYN]	Fonts/build/GlyphText/FontText_50AD.font.lyn.event
[LYN]	Fonts/build/GlyphText/FontText_6075.font.lyn.event
[LYN]	Fonts/build/GlyphText/FontText_790E.font.lyn.event
[LYN]	Fonts/build/GlyphText/FontText_935B.font.lyn.event
[LYN]	Fonts/build/GlyphText/FontText_7363.font.lyn.event
[LYN]	Fonts/build/GlyphText/FontText_FF24.font.lyn.event
[LYN]	Fonts/build/GlyphText/FontText_30C4.font.lyn.event
[LYN]	Fonts/build/GlyphText/FontText_56E3.font.lyn.event
[LYN]	Fonts/build/GlyphText/FontText_8B70.font.lyn.event
[LYN]	Fonts/build/GlyphText/FontText_55B6.font.lyn.event
[LYN]	Fonts/build/GlyphText/FontText_30C5.font.lyn.event
[LYN]	Fonts/build/GlyphText/FontText_FF25.font.lyn.event
[LYN]	Fonts/build/GlyphText/FontText_58C7.font.lyn.event
[LYN]	Fonts/build/GlyphText/FontText_96FB.font.lyn.event
[LYN]	Fonts/build/GlyphText/FontText_8B00.font.lyn.event
[LYN]	Fonts/build/GlyphText/FontText_30C6.font.lyn.event
[LYN]	Fonts/build/GlyphText/FontText_5687.font.lyn.event
[LYN]	Fonts/build/GlyphText/FontText_FF26.font.lyn.event
[LYN]	Fonts/build/GlyphText/FontText_89AA.font.lyn.event
[LYN]	Fonts/build/GlyphText/FontText_8987.font.lyn.event
[LYN]	Fonts/build/GlyphText/FontText_5F3E.font.lyn.event
[LYN]	Fonts/build/GlyphText/FontText_8107.font.lyn.event
[LYN]	Fonts/build/GlyphText/FontText_30C7.font.lyn.event
[LYN]	Fonts/build/GlyphText/FontText_FF27.font.lyn.event
[LYN]	Fonts/build/GlyphText/FontText_8CBF.font.lyn.event
[LYN]	Fonts/build/GlyphText/FontText_8A3A.font.lyn.event
[LYN]	Fonts/build/GlyphText/FontText_30C8.font.lyn.event
[LYN]	Fonts/build/GlyphText/FontText_FF28.font.lyn.event
[LYN]	Fonts/build/GlyphText/FontText_7D05.font.lyn.event
[LYN]	Fonts/build/GlyphText/FontText_7D44.font.lyn.event
[LYN]	Fonts/build/GlyphText/FontText_62E1.font.lyn.event
[LYN]	Fonts/build/GlyphText/FontText_67A0.font.lyn.event
[LYN]	Fonts/build/GlyphText/FontText_30C9.font.lyn.event
[LYN]	Fonts/build/GlyphText/FontText_5B0C.font.lyn.event
[LYN]	Fonts/build/GlyphText/FontText_FF29.font.lyn.event
[LYN]	Fonts/build/GlyphText/FontText_6804.font.lyn.event
[LYN]	Fonts/build/GlyphText/FontText_63FA.font.lyn.event
[LYN]	Fonts/build/GlyphText/FontText_9DF2.font.lyn.event
[LYN]	Fonts/build/GlyphText/FontText_5857.font.lyn.event
[LYN]	Fonts/build/GlyphText/FontText_5191.font.lyn.event
[LYN]	Fonts/build/GlyphText/FontText_30CA.font.lyn.event
[LYN]	Fonts/build/GlyphText/FontText_FF2A.font.lyn.event
[LYN]	Fonts/build/GlyphText/FontText_9032.font.lyn.event
[LYN]	Fonts/build/GlyphText/FontText_59AC.font.lyn.event
[LYN]	Fonts/build/GlyphText/FontText_64C1.font.lyn.event
[LYN]	Fonts/build/GlyphText/FontText_8A34.font.lyn.event
[LYN]	Fonts/build/GlyphText/FontText_30CB.font.lyn.event
[LYN]	Fonts/build/GlyphText/FontText_FF2B.font.lyn.event
[LYN]	Fonts/build/GlyphText/FontText_91DD.font.lyn.event
[LYN]	Fonts/build/GlyphText/FontText_982C.font.lyn.event
[LYN]	Fonts/build/GlyphText/FontText_7DB1.font.lyn.event
[LYN]	Fonts/build/GlyphText/FontText_30CC.font.lyn.event
[LYN]	Fonts/build/GlyphText/FontText_FF2C.font.lyn.event
[LYN]	Fonts/build/GlyphText/FontText_8AC7.font.lyn.event
[LYN]	Fonts/build/GlyphText/FontText_7E2E.font.lyn.event
[LYN]	Fonts/build/GlyphText/FontText_6BBB.font.lyn.event
[LYN]	Fonts/build/GlyphText/FontText_6E13.font.lyn.event
[LYN]	Fonts/build/GlyphText/FontText_30CD.font.lyn.event
[LYN]	Fonts/build/GlyphText/FontText_FF2D.font.lyn.event
[LYN]	Fonts/build/GlyphText/FontText_69D8.font.lyn.event
[LYN]	Fonts/build/GlyphText/FontText_5024.font.lyn.event
[LYN]	Fonts/build/GlyphText/FontText_7C9B.font.lyn.event
[LYN]	Fonts/build/GlyphText/FontText_7372.font.lyn.event
[LYN]	Fonts/build/GlyphText/FontText_8A70.font.lyn.event
[LYN]	Fonts/build/GlyphText/FontText_50D5.font.lyn.event
[LYN]	Fonts/build/GlyphText/FontText_8A6B.font.lyn.event
[LYN]	Fonts/build/GlyphText/FontText_30CE.font.lyn.event
[LYN]	Fonts/build/GlyphText/FontText_FF2E.font.lyn.event
[LYN]	Fonts/build/GlyphText/FontText_30CF.font.lyn.event
[LYN]	Fonts/build/GlyphText/FontText_FF2F.font.lyn.event
[LYN]	Fonts/build/GlyphText/FontText_99AC.font.lyn.event
[LYN]	Fonts/build/GlyphText/FontText_5275.font.lyn.event
[LYN]	Fonts/build/GlyphText/FontText_8CA7.font.lyn.event
[LYN]	Fonts/build/GlyphText/FontText_7A6B.font.lyn.event
[LYN]	Fonts/build/GlyphText/FontText_30D0.font.lyn.event
[LYN]	Fonts/build/GlyphText/FontText_FF30.font.lyn.event
[LYN]	Fonts/build/GlyphText/FontText_59C9.font.lyn.event
[LYN]	Fonts/build/GlyphText/FontText_7D4C.font.lyn.event
[LYN]	Fonts/build/GlyphText/FontText_899A.font.lyn.event
[LYN]	Fonts/build/GlyphText/FontText_5875.font.lyn.event
[LYN]	Fonts/build/GlyphText/FontText_8CD3.font.lyn.event
[LYN]	Fonts/build/GlyphText/FontText_64B2.font.lyn.event
[LYN]	Fonts/build/GlyphText/FontText_30D1.font.lyn.event
[LYN]	Fonts/build/GlyphText/FontText_FF31.font.lyn.event
[LYN]	Fonts/build/GlyphText/FontText_8853.font.lyn.event
[LYN]	Fonts/build/GlyphText/FontText_7D99.font.lyn.event
[LYN]	Fonts/build/GlyphText/FontText_6065.font.lyn.event
[LYN]	Fonts/build/GlyphText/FontText_0430.font.lyn.event
[LYN]	Fonts/build/GlyphText/FontText_5EC3.font.lyn.event
[LYN]	Fonts/build/GlyphText/FontText_983B.font.lyn.event
[LYN]	Fonts/build/GlyphText/FontText_30D2.font.lyn.event
[LYN]	Fonts/build/GlyphText/FontText_FF32.font.lyn.event
[LYN]	Fonts/build/GlyphText/FontText_885B.font.lyn.event
[LYN]	Fonts/build/GlyphText/FontText_62DD.font.lyn.event
[LYN]	Fonts/build/GlyphText/FontText_8CED.font.lyn.event
[LYN]	Fonts/build/GlyphText/FontText_5C0B.font.lyn.event
[LYN]	Fonts/build/GlyphText/FontText_0431.font.lyn.event
[LYN]	Fonts/build/GlyphText/FontText_7E4B.font.lyn.event
[LYN]	Fonts/build/GlyphText/FontText_5009.font.lyn.event
[LYN]	Fonts/build/GlyphText/FontText_30D3.font.lyn.event
[LYN]	Fonts/build/GlyphText/FontText_FF33.font.lyn.event
[LYN]	Fonts/build/GlyphText/FontText_8F03.font.lyn.event
[LYN]	Fonts/build/GlyphText/FontText_5C4D.font.lyn.event
[LYN]	Fonts/build/GlyphText/FontText_6BB2.font.lyn.event
[LYN]	Fonts/build/GlyphText/FontText_0432.font.lyn.event
[LYN]	Fonts/build/GlyphText/FontText_8A60.font.lyn.event
[LYN]	Fonts/build/GlyphText/FontText_30D4.font.lyn.event
[LYN]	Fonts/build/GlyphText/FontText_FF34.font.lyn.event
[LYN]	Fonts/build/GlyphText/FontText_6557.font.lyn.event
[LYN]	Fonts/build/GlyphText/FontText_92ED.font.lyn.event
[LYN]	Fonts/build/GlyphText/FontText_0433.font.lyn.event
[LYN]	Fonts/build/GlyphText/FontText_30D5.font.lyn.event
[LYN]	Fonts/build/GlyphText/FontText_FF35.font.lyn.event
[LYN]	Fonts/build/GlyphText/FontText_0434.font.lyn.event
[LYN]	Fonts/build/GlyphText/FontText_5E2B.font.lyn.event
[LYN]	Fonts/build/GlyphText/FontText_8449.font.lyn.event
[LYN]	Fonts/build/GlyphText/FontText_95A3.font.lyn.event
[LYN]	Fonts/build/GlyphText/FontText_30D6.font.lyn.event
[LYN]	Fonts/build/GlyphText/FontText_FF36.font.lyn.event
[LYN]	Fonts/build/GlyphText/FontText_86CD.font.lyn.event
[LYN]	Fonts/build/GlyphText/FontText_8B1B.font.lyn.event
[LYN]	Fonts/build/GlyphText/FontText_30D7.font.lyn.event
[LYN]	Fonts/build/GlyphText/FontText_FF37.font.lyn.event
[LYN]	Fonts/build/GlyphText/FontText_8A08.font.lyn.event
[LYN]	Fonts/build/GlyphText/FontText_30D8.font.lyn.event
[LYN]	Fonts/build/GlyphText/FontText_FF38.font.lyn.event
[LYN]	Fonts/build/GlyphText/FontText_9663.font.lyn.event
[LYN]	Fonts/build/GlyphText/FontText_5A66.font.lyn.event
[LYN]	Fonts/build/GlyphText/FontText_5C64.font.lyn.event
[LYN]	Fonts/build/GlyphText/FontText_0436.font.lyn.event
[LYN]	Fonts/build/GlyphText/FontText_30D9.font.lyn.event
[LYN]	Fonts/build/GlyphText/FontText_FF39.font.lyn.event
[LYN]	Fonts/build/GlyphText/FontText_9045.font.lyn.event
[LYN]	Fonts/build/GlyphText/FontText_976D.font.lyn.event
[LYN]	Fonts/build/GlyphText/FontText_30DA.font.lyn.event
[LYN]	Fonts/build/GlyphText/FontText_FF3A.font.lyn.event
[LYN]	Fonts/build/GlyphText/FontText_8EFD.font.lyn.event
[LYN]	Fonts/build/GlyphText/FontText_8F29.font.lyn.event
[LYN]	Fonts/build/GlyphText/FontText_697D.font.lyn.event
[LYN]	Fonts/build/GlyphText/FontText_8ACD.font.lyn.event
[LYN]	Fonts/build/GlyphText/FontText_8B01.font.lyn.event
[LYN]	Fonts/build/GlyphText/FontText_99B3.font.lyn.event
[LYN]	Fonts/build/GlyphText/FontText_30DB.font.lyn.event
[LYN]	Fonts/build/GlyphText/FontText_7BC9.font.lyn.event
[LYN]	Fonts/build/GlyphText/FontText_967D.font.lyn.event
[LYN]	Fonts/build/GlyphText/FontText_984D.font.lyn.event
[LYN]	Fonts/build/GlyphText/FontText_9271.font.lyn.event
[LYN]	Fonts/build/GlyphText/FontText_30DC.font.lyn.event
[LYN]	Fonts/build/GlyphText/FontText_990A.font.lyn.event
[LYN]	Fonts/build/GlyphText/FontText_5BAE.font.lyn.event
[LYN]	Fonts/build/GlyphText/FontText_635C.font.lyn.event
[LYN]	Fonts/build/GlyphText/FontText_30DD.font.lyn.event
[LYN]	Fonts/build/GlyphText/FontText_FF0D.font.lyn.event
[LYN]	Fonts/build/GlyphText/FontText_6383.font.lyn.event
[LYN]	Fonts/build/GlyphText/FontText_92FC.font.lyn.event
[LYN]	Fonts/build/GlyphText/FontText_639F.font.lyn.event
[LYN]	Fonts/build/GlyphText/FontText_639B.font.lyn.event
[LYN]	Fonts/build/GlyphText/FontText_30DE.font.lyn.event
[LYN]	Fonts/build/GlyphText/FontText_56F3.font.lyn.event
[LYN]	Fonts/build/GlyphText/FontText_30DF.font.lyn.event
[LYN]	Fonts/build/GlyphText/FontText_00D7.font.lyn.event
[LYN]	Fonts/build/GlyphText/FontText_5186.font.lyn.event
[LYN]	Fonts/build/GlyphText/FontText_30E0.font.lyn.event
[LYN]	Fonts/build/GlyphText/FontText_6E96.font.lyn.event
[LYN]	Fonts/build/GlyphText/FontText_51CD.font.lyn.event
[LYN]	Fonts/build/GlyphText/FontText_5287.font.lyn.event
[LYN]	Fonts/build/GlyphText/FontText_9805.font.lyn.event
[LYN]	Fonts/build/GlyphText/FontText_5712.font.lyn.event
[LYN]	Fonts/build/GlyphText/FontText_30E1.font.lyn.event
[LYN]	Fonts/build/GlyphText/FontText_FF41.font.lyn.event
[LYN]	Fonts/build/GlyphText/FontText_30E2.font.lyn.event
[LYN]	Fonts/build/GlyphText/FontText_FF42.font.lyn.event
[LYN]	Fonts/build/GlyphText/FontText_6483.font.lyn.event
[LYN]	Fonts/build/GlyphText/FontText_7345.font.lyn.event
[LYN]	Fonts/build/GlyphText/FontText_30E3.font.lyn.event
[LYN]	Fonts/build/GlyphText/FontText_FF43.font.lyn.event
[LYN]	Fonts/build/GlyphText/FontText_FF1C.font.lyn.event
[LYN]	Fonts/build/GlyphText/FontText_5DE3.font.lyn.event
[LYN]	Fonts/build/GlyphText/FontText_8CB7.font.lyn.event
[LYN]	Fonts/build/GlyphText/FontText_7D14.font.lyn.event
[LYN]	Fonts/build/GlyphText/FontText_30E4.font.lyn.event
[LYN]	Fonts/build/GlyphText/FontText_FF44.font.lyn.event
[LYN]	Fonts/build/GlyphText/FontText_FF1E.font.lyn.event
[LYN]	Fonts/build/GlyphText/FontText_69CD.font.lyn.event
[LYN]	Fonts/build/GlyphText/FontText_58F2.font.lyn.event
[LYN]	Fonts/build/GlyphText/FontText_525B.font.lyn.event
[LYN]	Fonts/build/GlyphText/FontText_30E5.font.lyn.event
[LYN]	Fonts/build/GlyphText/FontText_FF45.font.lyn.event
[LYN]	Fonts/build/GlyphText/FontText_7F85.font.lyn.event
[LYN]	Fonts/build/GlyphText/FontText_30E6.font.lyn.event
[LYN]	Fonts/build/GlyphText/FontText_FF46.font.lyn.event
[LYN]	Fonts/build/GlyphText/FontText_7D19.font.lyn.event
[LYN]	Fonts/build/GlyphText/FontText_5091.font.lyn.event
[LYN]	Fonts/build/GlyphText/FontText_689F.font.lyn.event
[LYN]	Fonts/build/GlyphText/FontText_30E7.font.lyn.event
[LYN]	Fonts/build/GlyphText/FontText_FF47.font.lyn.event
[LYN]	Fonts/build/GlyphText/FontText_5CF6.font.lyn.event
[LYN]	Fonts/build/GlyphText/FontText_9806.font.lyn.event
[LYN]	Fonts/build/GlyphText/FontText_6F54.font.lyn.event
[LYN]	Fonts/build/GlyphText/FontText_7AAE.font.lyn.event
[LYN]	Fonts/build/GlyphText/FontText_30E8.font.lyn.event
[LYN]	Fonts/build/GlyphText/FontText_FF48.font.lyn.event
[LYN]	Fonts/build/GlyphText/FontText_6C7A.font.lyn.event
[LYN]	Fonts/build/GlyphText/FontText_6BCE.font.lyn.event
[LYN]	Fonts/build/GlyphText/FontText_51E6.font.lyn.event
[LYN]	Fonts/build/GlyphText/FontText_7C8B.font.lyn.event
[LYN]	Fonts/build/GlyphText/FontText_30E9.font.lyn.event
[LYN]	Fonts/build/GlyphText/FontText_30EA.font.lyn.event
[LYN]	Fonts/build/GlyphText/FontText_FF49.font.lyn.event
[LYN]	Fonts/build/GlyphText/FontText_8CA0.font.lyn.event
[LYN]	Fonts/build/GlyphText/FontText_7D1A.font.lyn.event
[LYN]	Fonts/build/GlyphText/FontText_6E07.font.lyn.event
[LYN]	Fonts/build/GlyphText/FontText_FF4A.font.lyn.event
[LYN]	Fonts/build/GlyphText/FontText_983C.font.lyn.event
[LYN]	Fonts/build/GlyphText/FontText_30EB.font.lyn.event
[LYN]	Fonts/build/GlyphText/FontText_FF4B.font.lyn.event
[LYN]	Fonts/build/GlyphText/FontText_8996.font.lyn.event
[LYN]	Fonts/build/GlyphText/FontText_7D66.font.lyn.event
[LYN]	Fonts/build/GlyphText/FontText_30EC.font.lyn.event
[LYN]	Fonts/build/GlyphText/FontText_FF4C.font.lyn.event
[LYN]	Fonts/build/GlyphText/FontText_6771.font.lyn.event
[LYN]	Fonts/build/GlyphText/FontText_7159.font.lyn.event
[LYN]	Fonts/build/GlyphText/FontText_8A5E.font.lyn.event
[LYN]	Fonts/build/GlyphText/FontText_9154.font.lyn.event
[LYN]	Fonts/build/GlyphText/FontText_30ED.font.lyn.event
[LYN]	Fonts/build/GlyphText/FontText_FF4D.font.lyn.event
[LYN]	Fonts/build/GlyphText/FontText_7D61.font.lyn.event
[LYN]	Fonts/build/GlyphText/FontText_7DCF.font.lyn.event
[LYN]	Fonts/build/GlyphText/FontText_8A69.font.lyn.event
[LYN]	Fonts/build/GlyphText/FontText_8F44.font.lyn.event
[LYN]	Fonts/build/GlyphText/FontText_8A23.font.lyn.event
[LYN]	Fonts/build/GlyphText/FontText_FF4E.font.lyn.event
[LYN]	Fonts/build/GlyphText/FontText_8A66.font.lyn.event
[LYN]	Fonts/build/GlyphText/FontText_30EF.font.lyn.event
[LYN]	Fonts/build/GlyphText/FontText_FF4F.font.lyn.event
[LYN]	Fonts/build/GlyphText/FontText_7DD2.font.lyn.event
[LYN]	Fonts/build/GlyphText/FontText_7E01.font.lyn.event
[LYN]	Fonts/build/GlyphText/FontText_8061.font.lyn.event
[LYN]	Fonts/build/GlyphText/FontText_FF50.font.lyn.event
[LYN]	Fonts/build/GlyphText/FontText_5039.font.lyn.event
[LYN]	Fonts/build/GlyphText/FontText_FF51.font.lyn.event
[LYN]	Fonts/build/GlyphText/FontText_66F8.font.lyn.event
[LYN]	Fonts/build/GlyphText/FontText_8CC7.font.lyn.event
[LYN]	Fonts/build/GlyphText/FontText_FF52.font.lyn.event
[LYN]	Fonts/build/GlyphText/FontText_30F2.font.lyn.event
[LYN]	Fonts/build/GlyphText/FontText_62E0.font.lyn.event
[LYN]	Fonts/build/GlyphText/FontText_5D50.font.lyn.event
[LYN]	Fonts/build/GlyphText/FontText_8CDC.font.lyn.event
[LYN]	Fonts/build/GlyphText/FontText_7647.font.lyn.event
[LYN]	Fonts/build/GlyphText/FontText_30F3.font.lyn.event
[LYN]	Fonts/build/GlyphText/FontText_FF53.font.lyn.event
[LYN]	Fonts/build/GlyphText/FontText_9060.font.lyn.event
[LYN]	Fonts/build/GlyphText/FontText_6319.font.lyn.event
[LYN]	Fonts/build/GlyphText/FontText_99D0.font.lyn.event
[LYN]	Fonts/build/GlyphText/FontText_84BC.font.lyn.event
[LYN]	Fonts/build/GlyphText/FontText_30F4.font.lyn.event
[LYN]	Fonts/build/GlyphText/FontText_FF54.font.lyn.event
[LYN]	Fonts/build/GlyphText/FontText_8AF8.font.lyn.event
[LYN]	Fonts/build/GlyphText/FontText_98FC.font.lyn.event
[LYN]	Fonts/build/GlyphText/FontText_FF55.font.lyn.event
[LYN]	Fonts/build/GlyphText/FontText_9ED2.font.lyn.event
[LYN]	Fonts/build/GlyphText/FontText_5263.font.lyn.event
[LYN]	Fonts/build/GlyphText/FontText_6B6F.font.lyn.event
[LYN]	Fonts/build/GlyphText/FontText_FF06.font.lyn.event
[LYN]	Fonts/build/GlyphText/FontText_85CD.font.lyn.event
[LYN]	Fonts/build/GlyphText/FontText_FF56.font.lyn.event
[LYN]	Fonts/build/GlyphText/FontText_7344.font.lyn.event
[LYN]	Fonts/build/GlyphText/FontText_8A31.font.lyn.event
[LYN]	Fonts/build/GlyphText/FontText_30F6.font.lyn.event
[LYN]	Fonts/build/GlyphText/FontText_5869.font.lyn.event
[LYN]	Fonts/build/GlyphText/FontText_FF57.font.lyn.event
[LYN]	Fonts/build/GlyphText/FontText_98A8.font.lyn.event
[LYN]	Fonts/build/GlyphText/FontText_89A7.font.lyn.event
[LYN]	Fonts/build/GlyphText/FontText_FF58.font.lyn.event
[LYN]	Fonts/build/GlyphText/FontText_6C5A.font.lyn.event
[LYN]	Fonts/build/GlyphText/FontText_5805.font.lyn.event
[LYN]	Fonts/build/GlyphText/FontText_FF59.font.lyn.event
[LYN]	Fonts/build/GlyphText/FontText_5150.font.lyn.event
[LYN]	Fonts/build/GlyphText/FontText_8CAF.font.lyn.event
[LYN]	Fonts/build/GlyphText/FontText_6F01.font.lyn.event
[LYN]	Fonts/build/GlyphText/FontText_56EE.font.lyn.event
[LYN]	Fonts/build/GlyphText/FontText_FF5A.font.lyn.event
[LYN]	Fonts/build/GlyphText/FontText_565B.font.lyn.event
[LYN]	Fonts/build/GlyphText/FontText_9A12.font.lyn.event
[LYN]	Fonts/build/GlyphText/FontText_9B5A.font.lyn.event
[LYN]	Fonts/build/GlyphText/FontText_7E1B.font.lyn.event
[LYN]	Fonts/build/GlyphText/FontText_766A.font.lyn.event
[LYN]	Fonts/build/GlyphText/FontText_5FA9.font.lyn.event
[LYN]	Fonts/build/GlyphText/FontText_61F8.font.lyn.event
[LYN]	Fonts/build/GlyphText/FontText_5897.font.lyn.event
[LYN]	Fonts/build/GlyphText/FontText_7D71.font.lyn.event
[LYN]	Fonts/build/GlyphText/FontText_50B7.font.lyn.event
[LYN]	Fonts/build/GlyphText/FontText_8FBC.font.lyn.event
[LYN]	Fonts/build/GlyphText/FontText_6642.font.lyn.event
[LYN]	Fonts/build/GlyphText/FontText_511F.font.lyn.event
[LYN]	Fonts/build/GlyphText/FontText_5FDC.font.lyn.event
[LYN]	Fonts/build/GlyphText/FontText_6E80.font.lyn.event
[LYN]	Fonts/build/GlyphText/FontText_5BF5.font.lyn.event
[LYN]	Fonts/build/GlyphText/FontText_3041.font.lyn.event
[LYN]	Fonts/build/GlyphText/FontText_52DD.font.lyn.event
[LYN]	Fonts/build/GlyphText/FontText_691C.font.lyn.event
[LYN]	Fonts/build/GlyphText/FontText_81D3.font.lyn.event
[LYN]	Fonts/build/GlyphText/FontText_3042.font.lyn.event
[LYN]	Fonts/build/GlyphText/FontText_9803.font.lyn.event
[LYN]	Fonts/build/GlyphText/FontText_6A29.font.lyn.event
[LYN]	Fonts/build/GlyphText/FontText_88CF.font.lyn.event
[LYN]	Fonts/build/GlyphText/FontText_8535.font.lyn.event
[LYN]	Fonts/build/GlyphText/FontText_5E33.font.lyn.event
[LYN]	Fonts/build/GlyphText/FontText_3043.font.lyn.event
[LYN]	Fonts/build/GlyphText/FontText_8907.font.lyn.event
[LYN]	Fonts/build/GlyphText/FontText_8D08.font.lyn.event
[LYN]	Fonts/build/GlyphText/FontText_3044.font.lyn.event
[LYN]	Fonts/build/GlyphText/FontText_5F14.font.lyn.event
[LYN]	Fonts/build/GlyphText/FontText_8A0E.font.lyn.event
[LYN]	Fonts/build/GlyphText/FontText_3045.font.lyn.event
[LYN]	Fonts/build/GlyphText/FontText_96E2.font.lyn.event
[LYN]	Fonts/build/GlyphText/FontText_5F35.font.lyn.event
[LYN]	Fonts/build/GlyphText/FontText_7AF6.font.lyn.event
[LYN]	Fonts/build/GlyphText/FontText_702C.font.lyn.event
[LYN]	Fonts/build/GlyphText/FontText_6DF5.font.lyn.event
[LYN]	Fonts/build/GlyphText/FontText_3046.font.lyn.event
[LYN]	Fonts/build/GlyphText/FontText_611B.font.lyn.event
[LYN]	Fonts/build/GlyphText/FontText_9678.font.lyn.event
[LYN]	Fonts/build/GlyphText/FontText_5074.font.lyn.event
[LYN]	Fonts/build/GlyphText/FontText_7B48.font.lyn.event
[LYN]	Fonts/build/GlyphText/FontText_6D1F.font.lyn.event
[LYN]	Fonts/build/GlyphText/FontText_5F6B.font.lyn.event
[LYN]	Fonts/build/GlyphText/FontText_3047.font.lyn.event
[LYN]	Fonts/build/GlyphText/FontText_6255.font.lyn.event
[LYN]	Fonts/build/GlyphText/FontText_5FB4.font.lyn.event
[LYN]	Fonts/build/GlyphText/FontText_5247.font.lyn.event
[LYN]	Fonts/build/GlyphText/FontText_3048.font.lyn.event
[LYN]	Fonts/build/GlyphText/FontText_5354.font.lyn.event
[LYN]	Fonts/build/GlyphText/FontText_7D79.font.lyn.event
[LYN]	Fonts/build/GlyphText/FontText_3049.font.lyn.event
[LYN]	Fonts/build/GlyphText/FontText_3012.font.lyn.event
[LYN]	Fonts/build/GlyphText/FontText_5968.font.lyn.event
[LYN]	Fonts/build/GlyphText/FontText_304A.font.lyn.event
[LYN]	Fonts/build/GlyphText/FontText_52E2.font.lyn.event
[LYN]	Fonts/build/GlyphText/FontText_7551.font.lyn.event
[LYN]	Fonts/build/GlyphText/FontText_304B.font.lyn.event
[LYN]	Fonts/build/GlyphText/FontText_7F60.font.lyn.event
[LYN]	Fonts/build/GlyphText/FontText_898B.font.lyn.event
[LYN]	Fonts/build/GlyphText/FontText_52E7.font.lyn.event
[LYN]	Fonts/build/GlyphText/FontText_304C.font.lyn.event
[LYN]	Fonts/build/GlyphText/FontText_982D.font.lyn.event
[LYN]	Fonts/build/GlyphText/FontText_5DFB.font.lyn.event
[LYN]	Fonts/build/GlyphText/FontText_6E2C.font.lyn.event
[LYN]	Fonts/build/GlyphText/FontText_304D.font.lyn.event
[LYN]	Fonts/build/GlyphText/FontText_60AA.font.lyn.event
[LYN]	Fonts/build/GlyphText/FontText_8CE2.font.lyn.event
[LYN]	Fonts/build/GlyphText/FontText_559A.font.lyn.event
[LYN]	Fonts/build/GlyphText/FontText_304E.font.lyn.event
[LYN]	Fonts/build/GlyphText/FontText_95D8.font.lyn.event
[LYN]	Fonts/build/GlyphText/FontText_8ED2.font.lyn.event
[LYN]	Fonts/build/GlyphText/FontText_304F.font.lyn.event
[LYN]	Fonts/build/GlyphText/FontText_5F37.font.lyn.event
[LYN]	Fonts/build/GlyphText/FontText_767A.font.lyn.event
[LYN]	Fonts/build/GlyphText/FontText_50CD.font.lyn.event
[LYN]	Fonts/build/GlyphText/FontText_5104.font.lyn.event
[LYN]	Fonts/build/GlyphText/FontText_3050.font.lyn.event
[LYN]	Fonts/build/GlyphText/FontText_52D5.font.lyn.event
[LYN]	Fonts/build/GlyphText/FontText_8074.font.lyn.event
[LYN]	Fonts/build/GlyphText/FontText_61A4.font.lyn.event
[LYN]	Fonts/build/GlyphText/FontText_3051.font.lyn.event
[LYN]	Fonts/build/GlyphText/FontText_8CCA.font.lyn.event
[LYN]	Fonts/build/GlyphText/FontText_8B58.font.lyn.event
[LYN]	Fonts/build/GlyphText/FontText_61B6.font.lyn.event
[LYN]	Fonts/build/GlyphText/FontText_967A.font.lyn.event
[LYN]	Fonts/build/GlyphText/FontText_9AEA.font.lyn.event
[LYN]	Fonts/build/GlyphText/FontText_3052.font.lyn.event
[LYN]	Fonts/build/GlyphText/FontText_5BDB.font.lyn.event
[LYN]	Fonts/build/GlyphText/FontText_3053.font.lyn.event
[LYN]	Fonts/build/GlyphText/FontText_7D9A.font.lyn.event
[LYN]	Fonts/build/GlyphText/FontText_52D9.font.lyn.event
[LYN]	Fonts/build/GlyphText/FontText_9A13.font.lyn.event
[LYN]	Fonts/build/GlyphText/FontText_5C0E.font.lyn.event
[LYN]	Fonts/build/GlyphText/FontText_7F70.font.lyn.event
[LYN]	Fonts/build/GlyphText/FontText_596E.font.lyn.event
[LYN]	Fonts/build/GlyphText/FontText_3054.font.lyn.event
[LYN]	Fonts/build/GlyphText/FontText_629C.font.lyn.event
[LYN]	Fonts/build/GlyphText/FontText_8ABF.font.lyn.event
[LYN]	Fonts/build/GlyphText/FontText_5922.font.lyn.event
[LYN]	Fonts/build/GlyphText/FontText_5E79.font.lyn.event
[LYN]	Fonts/build/GlyphText/FontText_3055.font.lyn.event
[LYN]	Fonts/build/GlyphText/FontText_7ADC.font.lyn.event
[LYN]	Fonts/build/GlyphText/FontText_7121.font.lyn.event
[LYN]	Fonts/build/GlyphText/FontText_5727.font.lyn.event
[LYN]	Fonts/build/GlyphText/FontText_3056.font.lyn.event
[LYN]	Fonts/build/GlyphText/FontText_6A4B.font.lyn.event
[LYN]	Fonts/build/GlyphText/FontText_7D1B.font.lyn.event
[LYN]	Fonts/build/GlyphText/FontText_3057.font.lyn.event
[LYN]	Fonts/build/GlyphText/FontText_6271.font.lyn.event
[LYN]	Fonts/build/GlyphText/FontText_4FB6.font.lyn.event
[LYN]	Fonts/build/GlyphText/FontText_6CC1.font.lyn.event
[LYN]	Fonts/build/GlyphText/FontText_6163.font.lyn.event
[LYN]	Fonts/build/GlyphText/FontText_53B3.font.lyn.event
[LYN]	Fonts/build/GlyphText/FontText_96F0.font.lyn.event
[LYN]	Fonts/build/GlyphText/FontText_63C3.font.lyn.event
[LYN]	Fonts/build/GlyphText/FontText_3058.font.lyn.event
[LYN]	Fonts/build/GlyphText/FontText_9727.font.lyn.event
[LYN]	Fonts/build/GlyphText/FontText_616E.font.lyn.event
[LYN]	Fonts/build/GlyphText/FontText_3059.font.lyn.event
[LYN]	Fonts/build/GlyphText/FontText_9577.font.lyn.event
[LYN]	Fonts/build/GlyphText/FontText_5B6B.font.lyn.event
[LYN]	Fonts/build/GlyphText/FontText_805E.font.lyn.event
[LYN]	Fonts/build/GlyphText/FontText_63DB.font.lyn.event
[LYN]	Fonts/build/GlyphText/FontText_57F7.font.lyn.event
[LYN]	Fonts/build/GlyphText/FontText_305A.font.lyn.event
[LYN]	Fonts/build/GlyphText/FontText_6607.font.lyn.event
[LYN]	Fonts/build/GlyphText/FontText_6E1B.font.lyn.event
[LYN]	Fonts/build/GlyphText/FontText_865C.font.lyn.event
[LYN]	Fonts/build/GlyphText/FontText_7A4F.font.lyn.event
[LYN]	Fonts/build/GlyphText/FontText_9802.font.lyn.event
[LYN]	Fonts/build/GlyphText/FontText_67FB.font.lyn.event
[LYN]	Fonts/build/GlyphText/FontText_305B.font.lyn.event
[LYN]	Fonts/build/GlyphText/FontText_8056.font.lyn.event
[LYN]	Fonts/build/GlyphText/FontText_4F75.font.lyn.event
[LYN]	Fonts/build/GlyphText/FontText_9CE5.font.lyn.event
[LYN]	Fonts/build/GlyphText/FontText_640D.font.lyn.event
[LYN]	Fonts/build/GlyphText/FontText_305C.font.lyn.event
[LYN]	Fonts/build/GlyphText/FontText_52C5.font.lyn.event
[LYN]	Fonts/build/GlyphText/FontText_8105.font.lyn.event
[LYN]	Fonts/build/GlyphText/FontText_305D.font.lyn.event
[LYN]	Fonts/build/GlyphText/FontText_73FE.font.lyn.event
[LYN]	Fonts/build/GlyphText/FontText_8208.font.lyn.event
[LYN]	Fonts/build/GlyphText/FontText_5CE0.font.lyn.event
[LYN]	Fonts/build/GlyphText/FontText_88FD.font.lyn.event
[LYN]	Fonts/build/GlyphText/FontText_305E.font.lyn.event
[LYN]	Fonts/build/GlyphText/FontText_4E21.font.lyn.event
[LYN]	Fonts/build/GlyphText/FontText_4EEE.font.lyn.event
[LYN]	Fonts/build/GlyphText/FontText_305F.font.lyn.event
[LYN]	Fonts/build/GlyphText/FontText_8AA0.font.lyn.event
[LYN]	Fonts/build/GlyphText/FontText_6B53.font.lyn.event
[LYN]	Fonts/build/GlyphText/FontText_90F7.font.lyn.event
[LYN]	Fonts/build/GlyphText/FontText_3060.font.lyn.event
[LYN]	Fonts/build/GlyphText/FontText_93E1.font.lyn.event
[LYN]	Fonts/build/GlyphText/FontText_3061.font.lyn.event
[LYN]	Fonts/build/GlyphText/FontText_8CEA.font.lyn.event
[LYN]	Fonts/build/GlyphText/FontText_8ACB.font.lyn.event
[LYN]	Fonts/build/GlyphText/FontText_4FA1.font.lyn.event
[LYN]	Fonts/build/GlyphText/FontText_97FF.font.lyn.event
[LYN]	Fonts/build/GlyphText/FontText_6F22.font.lyn.event
[LYN]	Fonts/build/GlyphText/FontText_5FB3.font.lyn.event
[LYN]	Fonts/build/GlyphText/FontText_3062.font.lyn.event
[LYN]	Fonts/build/GlyphText/FontText_5B9F.font.lyn.event
[LYN]	Fonts/build/GlyphText/FontText_4E26.font.lyn.event
[LYN]	Fonts/build/GlyphText/FontText_6D9C.font.lyn.event
[LYN]	Fonts/build/GlyphText/FontText_3063.font.lyn.event
[LYN]	Fonts/build/GlyphText/FontText_9A5A.font.lyn.event
[LYN]	Fonts/build/GlyphText/FontText_93AE.font.lyn.event
[LYN]	Fonts/build/GlyphText/FontText_9298.font.lyn.event
[LYN]	Fonts/build/GlyphText/FontText_6DBC.font.lyn.event
[LYN]	Fonts/build/GlyphText/FontText_3064.font.lyn.event
[LYN]	Fonts/build/GlyphText/FontText_500B.font.lyn.event
[LYN]	Fonts/build/GlyphText/FontText_731F.font.lyn.event
[LYN]	Fonts/build/GlyphText/FontText_9589.font.lyn.event
[LYN]	Fonts/build/GlyphText/FontText_6E09.font.lyn.event
[LYN]	Fonts/build/GlyphText/FontText_9CF4.font.lyn.event
[LYN]	Fonts/build/GlyphText/FontText_74B0.font.lyn.event
[LYN]	Fonts/build/GlyphText/FontText_3065.font.lyn.event
[LYN]	Fonts/build/GlyphText/FontText_03B5.font.lyn.event
[LYN]	Fonts/build/GlyphText/FontText_59EA.font.lyn.event
[LYN]	Fonts/build/GlyphText/FontText_7642.font.lyn.event
[LYN]	Fonts/build/GlyphText/FontText_8CAA.font.lyn.event
[LYN]	Fonts/build/GlyphText/FontText_3066.font.lyn.event
[LYN]	Fonts/build/GlyphText/FontText_713C.font.lyn.event
[LYN]	Fonts/build/GlyphText/FontText_76E3.font.lyn.event
[LYN]	Fonts/build/GlyphText/FontText_6C4E.font.lyn.event
[LYN]	Fonts/build/GlyphText/FontText_3067.font.lyn.event
[LYN]	Fonts/build/GlyphText/FontText_6EC5.font.lyn.event
[LYN]	Fonts/build/GlyphText/FontText_95C7.font.lyn.event
[LYN]	Fonts/build/GlyphText/FontText_6681.font.lyn.event
[LYN]	Fonts/build/GlyphText/FontText_9801.font.lyn.event
[LYN]	Fonts/build/GlyphText/FontText_3068.font.lyn.event
[LYN]	Fonts/build/GlyphText/FontText_696D.font.lyn.event
[LYN]	Fonts/build/GlyphText/FontText_7CE7.font.lyn.event
[LYN]	Fonts/build/GlyphText/FontText_3069.font.lyn.event
[LYN]	Fonts/build/GlyphText/FontText_8AAD.font.lyn.event
[LYN]	Fonts/build/GlyphText/FontText_96BB.font.lyn.event
[LYN]	Fonts/build/GlyphText/FontText_306A.font.lyn.event
[LYN]	Fonts/build/GlyphText/FontText_7C21.font.lyn.event
[LYN]	Fonts/build/GlyphText/FontText_306B.font.lyn.event
[LYN]	Fonts/build/GlyphText/FontText_6975.font.lyn.event
[LYN]	Fonts/build/GlyphText/FontText_820E.font.lyn.event
[LYN]	Fonts/build/GlyphText/FontText_5EAB.font.lyn.event
[LYN]	Fonts/build/GlyphText/FontText_7DE9.font.lyn.event
[LYN]	Fonts/build/GlyphText/FontText_306C.font.lyn.event
[LYN]	Fonts/build/GlyphText/FontText_5225.font.lyn.event
[LYN]	Fonts/build/GlyphText/FontText_99C4.font.lyn.event
[LYN]	Fonts/build/GlyphText/FontText_306D.font.lyn.event
[LYN]	Fonts/build/GlyphText/FontText_21D2.font.lyn.event
[LYN]	Fonts/build/GlyphText/FontText_6238.font.lyn.event
[LYN]	Fonts/build/GlyphText/FontText_306E.font.lyn.event
[LYN]	Fonts/build/GlyphText/FontText_9818.font.lyn.event
[LYN]	Fonts/build/GlyphText/FontText_5049.font.lyn.event
[LYN]	Fonts/build/GlyphText/FontText_6368.font.lyn.event
[LYN]	Fonts/build/GlyphText/FontText_63A1.font.lyn.event
[LYN]	Fonts/build/GlyphText/FontText_306F.font.lyn.event
[LYN]	Fonts/build/GlyphText/FontText_7BC4.font.lyn.event
[LYN]	Fonts/build/GlyphText/FontText_56F2.font.lyn.event
[LYN]	Fonts/build/GlyphText/FontText_3070.font.lyn.event
[LYN]	Fonts/build/GlyphText/FontText_5BFE.font.lyn.event
[LYN]	Fonts/build/GlyphText/FontText_7DD1.font.lyn.event
[LYN]	Fonts/build/GlyphText/FontText_6B73.font.lyn.event
[LYN]	Fonts/build/GlyphText/FontText_3071.font.lyn.event
[LYN]	Fonts/build/GlyphText/FontText_7A4D.font.lyn.event
[LYN]	Fonts/build/GlyphText/FontText_5909.font.lyn.event
[LYN]	Fonts/build/GlyphText/FontText_6E08.font.lyn.event
[LYN]	Fonts/build/GlyphText/FontText_7169.font.lyn.event
[LYN]	Fonts/build/GlyphText/FontText_89B3.font.lyn.event
[LYN]	Fonts/build/GlyphText/FontText_7CA7.font.lyn.event
[LYN]	Fonts/build/GlyphText/FontText_3072.font.lyn.event
[LYN]	Fonts/build/GlyphText/FontText_707D.font.lyn.event
[LYN]	Fonts/build/GlyphText/FontText_8ACC.font.lyn.event
[LYN]	Fonts/build/GlyphText/FontText_7D39.font.lyn.event
[LYN]	Fonts/build/GlyphText/FontText_3073.font.lyn.event
[LYN]	Fonts/build/GlyphText/FontText_5E2F.font.lyn.event
[LYN]	Fonts/build/GlyphText/FontText_7E3E.font.lyn.event
[LYN]	Fonts/build/GlyphText/FontText_8CAB.font.lyn.event
[LYN]	Fonts/build/GlyphText/FontText_98EF.font.lyn.event
[LYN]	Fonts/build/GlyphText/FontText_8D04.font.lyn.event
[LYN]	Fonts/build/GlyphText/FontText_3074.font.lyn.event
[LYN]	Fonts/build/GlyphText/FontText_9084.font.lyn.event
[LYN]	Fonts/build/GlyphText/FontText_7DE8.font.lyn.event
[LYN]	Fonts/build/GlyphText/FontText_8D05.font.lyn.event
[LYN]	Fonts/build/GlyphText/FontText_3075.font.lyn.event
[LYN]	Fonts/build/GlyphText/FontText_8FBA.font.lyn.event
[LYN]	Fonts/build/GlyphText/FontText_8CAC.font.lyn.event
[LYN]	Fonts/build/GlyphText/FontText_7815.font.lyn.event
[LYN]	Fonts/build/GlyphText/FontText_8B1D.font.lyn.event
[LYN]	Fonts/build/GlyphText/FontText_6669.font.lyn.event
[LYN]	Fonts/build/GlyphText/FontText_3076.font.lyn.event
[LYN]	Fonts/build/GlyphText/FontText_9593.font.lyn.event
[LYN]	Fonts/build/GlyphText/FontText_8ECA.font.lyn.event
[LYN]	Fonts/build/GlyphText/FontText_614B.font.lyn.event
[LYN]	Fonts/build/GlyphText/FontText_7DB2.font.lyn.event
[LYN]	Fonts/build/GlyphText/FontText_3077.font.lyn.event
[LYN]	Fonts/build/GlyphText/FontText_8DE1.font.lyn.event
[LYN]	Fonts/build/GlyphText/FontText_81E8.font.lyn.event
[LYN]	Fonts/build/GlyphText/FontText_885D.font.lyn.event
[LYN]	Fonts/build/GlyphText/FontText_76E4.font.lyn.event
[LYN]	Fonts/build/GlyphText/FontText_3078.font.lyn.event
[LYN]	Fonts/build/GlyphText/FontText_8A87.font.lyn.event
[LYN]	Fonts/build/GlyphText/FontText_95A2.font.lyn.event
[LYN]	Fonts/build/GlyphText/FontText_8F2A.font.lyn.event
[LYN]	Fonts/build/GlyphText/FontText_658E.font.lyn.event
[LYN]	Fonts/build/GlyphText/FontText_3079.font.lyn.event
[LYN]	Fonts/build/GlyphText/FontText_96A3.font.lyn.event
[LYN]	Fonts/build/GlyphText/FontText_7D30.font.lyn.event
[LYN]	Fonts/build/GlyphText/FontText_9665.font.lyn.event
[LYN]	Fonts/build/GlyphText/FontText_70BA.font.lyn.event
[LYN]	Fonts/build/GlyphText/FontText_6F70.font.lyn.event
[LYN]	Fonts/build/GlyphText/FontText_5132.font.lyn.event
[LYN]	Fonts/build/GlyphText/FontText_307A.font.lyn.event
[LYN]	Fonts/build/GlyphText/FontText_8A3C.font.lyn.event
[LYN]	Fonts/build/GlyphText/FontText_83EF.font.lyn.event
[LYN]	Fonts/build/GlyphText/FontText_307B.font.lyn.event
[LYN]	Fonts/build/GlyphText/FontText_9ED9.font.lyn.event
[LYN]	Fonts/build/GlyphText/FontText_7570.font.lyn.event
[LYN]	Fonts/build/GlyphText/FontText_9928.font.lyn.event
[LYN]	Fonts/build/GlyphText/FontText_7DCA.font.lyn.event
[LYN]	Fonts/build/GlyphText/FontText_83D3.font.lyn.event
[LYN]	Fonts/build/GlyphText/FontText_307C.font.lyn.event
[LYN]	Fonts/build/GlyphText/FontText_9867.font.lyn.event
[LYN]	Fonts/build/GlyphText/FontText_8A73.font.lyn.event
[LYN]	Fonts/build/GlyphText/FontText_8F09.font.lyn.event
[LYN]	Fonts/build/GlyphText/FontText_307D.font.lyn.event
[LYN]	Fonts/build/GlyphText/FontText_7DAD.font.lyn.event
[LYN]	Fonts/build/GlyphText/FontText_969B.font.lyn.event
[LYN]	Fonts/build/GlyphText/FontText_8AB2.font.lyn.event
[LYN]	Fonts/build/GlyphText/FontText_5451.font.lyn.event
[LYN]	Fonts/build/GlyphText/FontText_307E.font.lyn.event
[LYN]	Fonts/build/GlyphText/FontText_8CDE.font.lyn.event
[LYN]	Fonts/build/GlyphText/FontText_6D99.font.lyn.event
[LYN]	Fonts/build/GlyphText/FontText_66C7.font.lyn.event
[LYN]	Fonts/build/GlyphText/FontText_307F.font.lyn.event
[LYN]	Fonts/build/GlyphText/FontText_8CA8.font.lyn.event
[LYN]	Fonts/build/GlyphText/FontText_8A2D.font.lyn.event
[LYN]	Fonts/build/GlyphText/FontText_920D.font.lyn.event
[LYN]	Fonts/build/GlyphText/FontText_8CB8.font.lyn.event
[LYN]	Fonts/build/GlyphText/FontText_3080.font.lyn.event
[LYN]	Fonts/build/GlyphText/FontText_985E.font.lyn.event
[LYN]	Fonts/build/GlyphText/FontText_8B39.font.lyn.event
[LYN]	Fonts/build/GlyphText/FontText_91E3.font.lyn.event
[LYN]	Fonts/build/GlyphText/FontText_3081.font.lyn.event
[LYN]	Fonts/build/GlyphText/FontText_7BC0.font.lyn.event
[LYN]	Fonts/build/GlyphText/FontText_623B.font.lyn.event
[LYN]	Fonts/build/GlyphText/FontText_904E.font.lyn.event
[LYN]	Fonts/build/GlyphText/FontText_91C8.font.lyn.event
[LYN]	Fonts/build/GlyphText/FontText_6191.font.lyn.event
[LYN]	Fonts/build/GlyphText/FontText_3082.font.lyn.event
[LYN]	Fonts/build/GlyphText/FontText_8CA1.font.lyn.event
[LYN]	Fonts/build/GlyphText/FontText_6B69.font.lyn.event
[LYN]	Fonts/build/GlyphText/FontText_8AAC.font.lyn.event
[LYN]	Fonts/build/GlyphText/FontText_907A.font.lyn.event
[LYN]	Fonts/build/GlyphText/FontText_3083.font.lyn.event
[LYN]	Fonts/build/GlyphText/FontText_9055.font.lyn.event
[LYN]	Fonts/build/GlyphText/FontText_8CB0.font.lyn.event
[LYN]	Fonts/build/GlyphText/FontText_51B4.font.lyn.event
[LYN]	Fonts/build/GlyphText/FontText_3084.font.lyn.event
[LYN]	Fonts/build/GlyphText/FontText_7D76.font.lyn.event
[LYN]	Fonts/build/GlyphText/FontText_9280.font.lyn.event
[LYN]	Fonts/build/GlyphText/FontText_554F.font.lyn.event
[LYN]	Fonts/build/GlyphText/FontText_88DC.font.lyn.event
[LYN]	Fonts/build/GlyphText/FontText_3085.font.lyn.event
[LYN]	Fonts/build/GlyphText/FontText_5075.font.lyn.event
[LYN]	Fonts/build/GlyphText/FontText_3086.font.lyn.event
[LYN]	Fonts/build/GlyphText/FontText_7D0B.font.lyn.event
[LYN]	Fonts/build/GlyphText/FontText_8B0E.font.lyn.event
[LYN]	Fonts/build/GlyphText/FontText_3087.font.lyn.event
[LYN]	Fonts/build/GlyphText/FontText_9580.font.lyn.event
[LYN]	Fonts/build/GlyphText/FontText_3088.font.lyn.event
[LYN]	Fonts/build/GlyphText/FontText_4E57.font.lyn.event
[LYN]	Fonts/build/GlyphText/FontText_9811.font.lyn.event
[LYN]	Fonts/build/GlyphText/FontText_3089.font.lyn.event
[LYN]	Fonts/build/GlyphText/FontText_9854.font.lyn.event
[LYN]	Fonts/build/GlyphText/FontText_54B2.font.lyn.event
[LYN]	Fonts/build/GlyphText/FontText_308A.font.lyn.event
[LYN]	Fonts/build/GlyphText/FontText_9858.font.lyn.event
[LYN]	Fonts/build/GlyphText/FontText_5270.font.lyn.event
[LYN]	Fonts/build/GlyphText/FontText_984C.font.lyn.event
[LYN]	Fonts/build/GlyphText/FontText_308B.font.lyn.event
[LYN]	Fonts/build/GlyphText/FontText_9DF9.font.lyn.event
[LYN]	Fonts/build/GlyphText/FontText_99B4.font.lyn.event
[LYN]	Fonts/build/GlyphText/FontText_308C.font.lyn.event
[LYN]	Fonts/build/GlyphText/FontText_5834.font.lyn.event
[LYN]	Fonts/build/GlyphText/FontText_96B7.font.lyn.event
[LYN]	Fonts/build/GlyphText/FontText_8A9E.font.lyn.event
[LYN]	Fonts/build/GlyphText/FontText_5C02.font.lyn.event
[LYN]	Fonts/build/GlyphText/FontText_7E04.font.lyn.event
[LYN]	Fonts/build/GlyphText/FontText_8CC0.font.lyn.event
[LYN]	Fonts/build/GlyphText/FontText_9264.font.lyn.event
[LYN]	Fonts/build/GlyphText/FontText_7DCB.font.lyn.event
[LYN]	Fonts/build/GlyphText/FontText_308D.font.lyn.event
[LYN]	Fonts/build/GlyphText/FontText_8AA4.font.lyn.event
[LYN]	Fonts/build/GlyphText/FontText_9D09.font.lyn.event
[LYN]	Fonts/build/GlyphText/FontText_99C6.font.lyn.event
[LYN]	Fonts/build/GlyphText/FontText_8B77.font.lyn.event
[LYN]	Fonts/build/GlyphText/FontText_970A.font.lyn.event
[LYN]	Fonts/build/GlyphText/FontText_5B22.font.lyn.event
[LYN]	Fonts/build/GlyphText/FontText_308F.font.lyn.event
[LYN]	Fonts/build/GlyphText/FontText_6226.font.lyn.event
[LYN]	Fonts/build/GlyphText/FontText_7A2E.font.lyn.event
[LYN]	Fonts/build/GlyphText/FontText_5023.font.lyn.event
[LYN]	Fonts/build/GlyphText/FontText_9E97.font.lyn.event
[LYN]	Fonts/build/GlyphText/FontText_99D5.font.lyn.event
[LYN]	Fonts/build/GlyphText/FontText_8EDF.font.lyn.event
[LYN]	Fonts/build/GlyphText/FontText_7A32.font.lyn.event
[LYN]	Fonts/build/GlyphText/FontText_9F62.font.lyn.event
[LYN]	Fonts/build/GlyphText/FontText_99D2.font.lyn.event
[LYN]	Fonts/build/GlyphText/FontText_96E3.font.lyn.event
[LYN]	Fonts/build/GlyphText/FontText_66A6.font.lyn.event
[LYN]	Fonts/build/GlyphText/FontText_8CBB.font.lyn.event
[LYN]	Fonts/build/GlyphText/FontText_3092.font.lyn.event
[LYN]	Fonts/build/GlyphText/FontText_6B74.font.lyn.event
[LYN]	Fonts/build/GlyphText/FontText_629E.font.lyn.event
[LYN]	Fonts/build/GlyphText/FontText_3093.font.lyn.event
[LYN]	Fonts/build/GlyphText/FontText_5831.font.lyn.event
[LYN]	Fonts/build/GlyphText/FontText_7D04.font.lyn.event
[LYN]	Fonts/build/GlyphText/FontText_98DB.font.lyn.event
[LYN]	Fonts/build/GlyphText/FontText_85AC.font.lyn.event
[LYN]	Fonts/build/GlyphText/FontText_6CA2.font.lyn.event
[LYN]	Fonts/build/GlyphText/FontText_6688.font.lyn.event
[LYN]	Fonts/build/GlyphText/FontText_6D44.font.lyn.event
[LYN]	Fonts/build/GlyphText/FontText_58CA.font.lyn.event
[LYN]	Fonts/build/GlyphText/FontText_8A33.font.lyn.event
[LYN]	Fonts/build/GlyphText/FontText_546A.font.lyn.event
[LYN]	Fonts/build/GlyphText/FontText_8E8D.font.lyn.event
[LYN]	Fonts/build/GlyphText/FontText_5E7E.font.lyn.event
[LYN]	Fonts/build/GlyphText/FontText_5099.font.lyn.event
[LYN]	Fonts/build/GlyphText/FontText_54E1.font.lyn.event
[LYN]	Fonts/build/GlyphText/FontText_8A17.font.lyn.event
[LYN]	Fonts/build/GlyphText/FontText_5302.font.lyn.event
[LYN]	Fonts/build/GlyphText/FontText_63EE.font.lyn.event
[LYN]	Fonts/build/GlyphText/FontText_8CD1.font.lyn.event
[LYN]	Fonts/build/GlyphText/FontText_932F.font.lyn.event
[LYN]	Fonts/build/GlyphText/FontText_6190.font.lyn.event
[LYN]	Fonts/build/GlyphText/FontText_7DE0.font.lyn.event
[LYN]	Fonts/build/GlyphText/FontText_6A39.font.lyn.event
[LYN]	Fonts/build/GlyphText/FontText_8B72.font.lyn.event
[LYN]	Fonts/build/GlyphText/FontText_52B9.font.lyn.event
[LYN]	Fonts/build/GlyphText/FontText_8AFE.font.lyn.event
[LYN]	Fonts/build/GlyphText/FontText_98F2.font.lyn.event
[LYN]	Fonts/build/GlyphText/FontText_61D0.font.lyn.event
[LYN]	Fonts/build/GlyphText/FontText_8A02.font.lyn.event
[LYN]	Fonts/build/GlyphText/FontText_8AE6.font.lyn.event
[LYN]	Fonts/build/GlyphText/FontText_7DF4.font.lyn.event
[LYN]	Fonts/build/GlyphText/FontText_518A.font.lyn.event
[LYN]	Fonts/build/GlyphText/FontText_53CE.font.lyn.event
[LYN]	Fonts/build/GlyphText/FontText_7DDA.font.lyn.event
[LYN]	Fonts/build/GlyphText/FontText_98FE.font.lyn.event
[LYN]	Fonts/build/GlyphText/FontText_7652.font.lyn.event
[LYN]	Fonts/build/GlyphText/FontText_68C4.font.lyn.event
[LYN]	Fonts/build/GlyphText/FontText_0020.font.lyn.event
[LYN]	Fonts/build/GlyphText/FontText_0021.font.lyn.event
[LYN]	Fonts/build/GlyphText/FontText_0022.font.lyn.event
[LYN]	Fonts/build/GlyphText/FontText_0023.font.lyn.event
[LYN]	Fonts/build/GlyphText/FontText_0024.font.lyn.event
[LYN]	Fonts/build/GlyphText/FontText_0025.font.lyn.event
[LYN]	Fonts/build/GlyphText/FontText_0026.font.lyn.event
[LYN]	Fonts/build/GlyphText/FontText_0027.font.lyn.event
[LYN]	Fonts/build/GlyphText/FontText_0028.font.lyn.event
[LYN]	Fonts/build/GlyphText/FontText_0029.font.lyn.event
[LYN]	Fonts/build/GlyphText/FontText_002A.font.lyn.event
[LYN]	Fonts/build/GlyphText/FontText_002C.font.lyn.event
[LYN]	Fonts/build/GlyphText/FontText_002D.font.lyn.event
[LYN]	Fonts/build/GlyphText/FontText_002E.font.lyn.event
[LYN]	Fonts/build/GlyphText/FontText_002F.font.lyn.event
[LYN]	Fonts/build/GlyphText/FontText_0030.font.lyn.event
[LYN]	Fonts/build/GlyphText/FontText_0031.font.lyn.event
[LYN]	Fonts/build/GlyphText/FontText_0032.font.lyn.event
[LYN]	Fonts/build/GlyphText/FontText_0033.font.lyn.event
[LYN]	Fonts/build/GlyphText/FontText_0034.font.lyn.event
[LYN]	Fonts/build/GlyphText/FontText_0035.font.lyn.event
[LYN]	Fonts/build/GlyphText/FontText_0036.font.lyn.event
[LYN]	Fonts/build/GlyphText/FontText_0037.font.lyn.event
[LYN]	Fonts/build/GlyphText/FontText_0038.font.lyn.event
[LYN]	Fonts/build/GlyphText/FontText_0039.font.lyn.event
[LYN]	Fonts/build/GlyphText/FontText_003A.font.lyn.event
[LYN]	Fonts/build/GlyphText/FontText_003B.font.lyn.event
[LYN]	Fonts/build/GlyphText/FontText_003C.font.lyn.event
[LYN]	Fonts/build/GlyphText/FontText_003D.font.lyn.event
[LYN]	Fonts/build/GlyphText/FontText_003E.font.lyn.event
[LYN]	Fonts/build/GlyphText/FontText_003F.font.lyn.event
[LYN]	Fonts/build/GlyphText/FontText_0040.font.lyn.event
[LYN]	Fonts/build/GlyphText/FontText_0041.font.lyn.event
[LYN]	Fonts/build/GlyphText/FontText_0042.font.lyn.event
[LYN]	Fonts/build/GlyphText/FontText_0043.font.lyn.event
[LYN]	Fonts/build/GlyphText/FontText_0044.font.lyn.event
[LYN]	Fonts/build/GlyphText/FontText_0045.font.lyn.event
[LYN]	Fonts/build/GlyphText/FontText_0046.font.lyn.event
[LYN]	Fonts/build/GlyphText/FontText_0047.font.lyn.event
[LYN]	Fonts/build/GlyphText/FontText_0048.font.lyn.event
[LYN]	Fonts/build/GlyphText/FontText_0049.font.lyn.event
[LYN]	Fonts/build/GlyphText/FontText_004A.font.lyn.event
[LYN]	Fonts/build/GlyphText/FontText_004B.font.lyn.event
[LYN]	Fonts/build/GlyphText/FontText_004C.font.lyn.event
[LYN]	Fonts/build/GlyphText/FontText_004D.font.lyn.event
[LYN]	Fonts/build/GlyphText/FontText_004E.font.lyn.event
[LYN]	Fonts/build/GlyphText/FontText_004F.font.lyn.event
[LYN]	Fonts/build/GlyphText/FontText_0050.font.lyn.event
[LYN]	Fonts/build/GlyphText/FontText_0051.font.lyn.event
[LYN]	Fonts/build/GlyphText/FontText_0052.font.lyn.event
[LYN]	Fonts/build/GlyphText/FontText_0053.font.lyn.event
[LYN]	Fonts/build/GlyphText/FontText_0054.font.lyn.event
[LYN]	Fonts/build/GlyphText/FontText_0055.font.lyn.event
[LYN]	Fonts/build/GlyphText/FontText_0056.font.lyn.event
[LYN]	Fonts/build/GlyphText/FontText_0057.font.lyn.event
[LYN]	Fonts/build/GlyphText/FontText_0058.font.lyn.event
[LYN]	Fonts/build/GlyphText/FontText_0059.font.lyn.event
[LYN]	Fonts/build/GlyphText/FontText_005A.font.lyn.event
[LYN]	Fonts/build/GlyphText/FontText_005B.font.lyn.event
[LYN]	Fonts/build/GlyphText/FontText_005C.font.lyn.event
[LYN]	Fonts/build/GlyphText/FontText_005D.font.lyn.event
[LYN]	Fonts/build/GlyphText/FontText_005E.font.lyn.event
[LYN]	Fonts/build/GlyphText/FontText_005F.font.lyn.event
[LYN]	Fonts/build/GlyphText/FontText_0060.font.lyn.event
[LYN]	Fonts/build/GlyphText/FontText_0061.font.lyn.event
[LYN]	Fonts/build/GlyphText/FontText_0062.font.lyn.event
[LYN]	Fonts/build/GlyphText/FontText_0063.font.lyn.event
[LYN]	Fonts/build/GlyphText/FontText_0064.font.lyn.event
[LYN]	Fonts/build/GlyphText/FontText_0065.font.lyn.event
[LYN]	Fonts/build/GlyphText/FontText_0066.font.lyn.event
[LYN]	Fonts/build/GlyphText/FontText_0067.font.lyn.event
[LYN]	Fonts/build/GlyphText/FontText_0068.font.lyn.event
[LYN]	Fonts/build/GlyphText/FontText_0069.font.lyn.event
[LYN]	Fonts/build/GlyphText/FontText_006A.font.lyn.event
[LYN]	Fonts/build/GlyphText/FontText_006B.font.lyn.event
[LYN]	Fonts/build/GlyphText/FontText_006C.font.lyn.event
[LYN]	Fonts/build/GlyphText/FontText_006D.font.lyn.event
[LYN]	Fonts/build/GlyphText/FontText_006E.font.lyn.event
[LYN]	Fonts/build/GlyphText/FontText_006F.font.lyn.event
[LYN]	Fonts/build/GlyphText/FontText_0070.font.lyn.event
[LYN]	Fonts/build/GlyphText/FontText_0071.font.lyn.event
[LYN]	Fonts/build/GlyphText/FontText_0072.font.lyn.event
[LYN]	Fonts/build/GlyphText/FontText_0073.font.lyn.event
[LYN]	Fonts/build/GlyphText/FontText_0074.font.lyn.event
[LYN]	Fonts/build/GlyphText/FontText_0075.font.lyn.event
[LYN]	Fonts/build/GlyphText/FontText_0076.font.lyn.event
[LYN]	Fonts/build/GlyphText/FontText_0077.font.lyn.event
[LYN]	Fonts/build/GlyphText/FontText_0078.font.lyn.event
[LYN]	Fonts/build/GlyphText/FontText_0079.font.lyn.event
[LYN]	Fonts/build/GlyphText/FontText_007A.font.lyn.event
[LYN]	Fonts/build/GlyphText/FontText_007B.font.lyn.event
[LYN]	Fonts/build/GlyphText/FontText_007C.font.lyn.event
[LYN]	Fonts/build/GlyphText/FontText_007D.font.lyn.event
[LYN]	Fonts/build/GlyphText/FontText_007E.font.lyn.event
[LYN]	Fonts/build/GlyphText/FontText_008C.font.lyn.event
[LYN]	Fonts/build/GlyphText/FontText_0091.font.lyn.event
[LYN]	Fonts/build/GlyphText/FontText_0092.font.lyn.event
[LYN]	Fonts/build/GlyphText/FontText_0093.font.lyn.event
[LYN]	Fonts/build/GlyphText/FontText_0094.font.lyn.event
[LYN]	Fonts/build/GlyphText/FontText_009C.font.lyn.event
[LYN]	Fonts/build/GlyphText/FontText_00A1.font.lyn.event
[LYN]	Fonts/build/GlyphText/FontText_00AA.font.lyn.event
[LYN]	Fonts/build/GlyphText/FontText_00AB.font.lyn.event
[LYN]	Fonts/build/GlyphText/FontText_00BA.font.lyn.event
[LYN]	Fonts/build/GlyphText/FontText_00BB.font.lyn.event
[LYN]	Fonts/build/GlyphText/FontText_00BF.font.lyn.event
[LYN]	Fonts/build/GlyphText/FontText_00C0.font.lyn.event
[LYN]	Fonts/build/GlyphText/FontText_00C1.font.lyn.event
[LYN]	Fonts/build/GlyphText/FontText_00C2.font.lyn.event
[LYN]	Fonts/build/GlyphText/FontText_00C4.font.lyn.event
[LYN]	Fonts/build/GlyphText/FontText_00C7.font.lyn.event
[LYN]	Fonts/build/GlyphText/FontText_00C8.font.lyn.event
[LYN]	Fonts/build/GlyphText/FontText_00C9.font.lyn.event
[LYN]	Fonts/build/GlyphText/FontText_00CA.font.lyn.event
[LYN]	Fonts/build/GlyphText/FontText_00CB.font.lyn.event
[LYN]	Fonts/build/GlyphText/FontText_00CC.font.lyn.event
[LYN]	Fonts/build/GlyphText/FontText_00CD.font.lyn.event
[LYN]	Fonts/build/GlyphText/FontText_00CE.font.lyn.event
[LYN]	Fonts/build/GlyphText/FontText_00CF.font.lyn.event
[LYN]	Fonts/build/GlyphText/FontText_00D1.font.lyn.event
[LYN]	Fonts/build/GlyphText/FontText_00D2.font.lyn.event
[LYN]	Fonts/build/GlyphText/FontText_00D3.font.lyn.event
[LYN]	Fonts/build/GlyphText/FontText_00D4.font.lyn.event
[LYN]	Fonts/build/GlyphText/FontText_00D6.font.lyn.event
[LYN]	Fonts/build/GlyphText/FontText_00D9.font.lyn.event
[LYN]	Fonts/build/GlyphText/FontText_00DA.font.lyn.event
[LYN]	Fonts/build/GlyphText/FontText_00DB.font.lyn.event
[LYN]	Fonts/build/GlyphText/FontText_00DC.font.lyn.event
[LYN]	Fonts/build/GlyphText/FontText_00DF.font.lyn.event
[LYN]	Fonts/build/GlyphText/FontText_00E0.font.lyn.event
[LYN]	Fonts/build/GlyphText/FontText_00E1.font.lyn.event
[LYN]	Fonts/build/GlyphText/FontText_00E2.font.lyn.event
[LYN]	Fonts/build/GlyphText/FontText_00E4.font.lyn.event
[LYN]	Fonts/build/GlyphText/FontText_00E7.font.lyn.event
[LYN]	Fonts/build/GlyphText/FontText_00E8.font.lyn.event
[LYN]	Fonts/build/GlyphText/FontText_00E9.font.lyn.event
[LYN]	Fonts/build/GlyphText/FontText_00EA.font.lyn.event
[LYN]	Fonts/build/GlyphText/FontText_00EB.font.lyn.event
[LYN]	Fonts/build/GlyphText/FontText_00EC.font.lyn.event
[LYN]	Fonts/build/GlyphText/FontText_00ED.font.lyn.event
[LYN]	Fonts/build/GlyphText/FontText_00EE.font.lyn.event
[LYN]	Fonts/build/GlyphText/FontText_00EF.font.lyn.event
[LYN]	Fonts/build/GlyphText/FontText_00F1.font.lyn.event
[LYN]	Fonts/build/GlyphText/FontText_00F2.font.lyn.event
[LYN]	Fonts/build/GlyphText/FontText_00F3.font.lyn.event
[LYN]	Fonts/build/GlyphText/FontText_00F4.font.lyn.event
[LYN]	Fonts/build/GlyphText/FontText_00F6.font.lyn.event
[LYN]	Fonts/build/GlyphText/FontText_00F9.font.lyn.event
[LYN]	Fonts/build/GlyphText/FontText_00FA.font.lyn.event
[LYN]	Fonts/build/GlyphText/FontText_00FB.font.lyn.event
[LYN]	Fonts/build/GlyphText/FontText_00FC.font.lyn.event
[LYN]	Fonts/build/GlyphText/FontText_2500.font.lyn.event
[LYN]	Fonts/build/GlyphText/FontText_2605.font.lyn.event
[LYN]	Fonts/build/GlyphText/FontText_8805.font.lyn.event
[LYN]	Fonts/build/GlyphText/FontText_2606.font.lyn.event
[LYN]	Fonts/build/GlyphText/FontText_3007.font.lyn.event
[LYN]	Fonts/build/GlyphText/FontText_7C12.font.lyn.event
[LYN]	Fonts/build/GlyphText/FontText_8D14.font.lyn.event
[LYN]	Fonts/build/GlyphText/FontText_7114.font.lyn.event
[LYN]	Fonts/build/GlyphText/FontText_2015.font.lyn.event
[LYN]	Fonts/build/GlyphText/FontText_8D16.font.lyn.event
[LYN]	Fonts/build/GlyphText/FontText_9A19.font.lyn.event
[LYN]	Fonts/build/GlyphText/FontText_721B.font.lyn.event
[LYN]	Fonts/build/GlyphText/FontText_8A1B.font.lyn.event
[LYN]	Fonts/build/GlyphText/FontText_FF1D.font.lyn.event
[LYN]	Fonts/build/GlyphText/FontText_8A25.font.lyn.event
[LYN]	Fonts/build/GlyphText/FontText_2027.font.lyn.event
[LYN]	Fonts/build/GlyphText/FontText_5629.font.lyn.event
[LYN]	Fonts/build/GlyphText/FontText_792B.font.lyn.event
[LYN]	Fonts/build/GlyphText/FontText_9B31.font.lyn.event
[LYN]	Fonts/build/GlyphText/FontText_7432.font.lyn.event
[LYN]	Fonts/build/GlyphText/FontText_6B38.font.lyn.event
[LYN]	Fonts/build/GlyphText/FontText_723A.font.lyn.event
[LYN]	Fonts/build/GlyphText/FontText_6E3E.font.lyn.event
[LYN]	Fonts/build/GlyphText/FontText_7942.font.lyn.event
[LYN]	Fonts/build/GlyphText/FontText_9D44.font.lyn.event
[LYN]	Fonts/build/GlyphText/FontText_7149.font.lyn.event
[LYN]	Fonts/build/GlyphText/FontText_5C53.font.lyn.event
[LYN]	Fonts/build/GlyphText/FontText_9A55.font.lyn.event
[LYN]	Fonts/build/GlyphText/FontText_8A5B.font.lyn.event
[LYN]	Fonts/build/GlyphText/FontText_615F.font.lyn.event
[LYN]	Fonts/build/GlyphText/FontText_7C60.font.lyn.event
[LYN]	Fonts/build/GlyphText/FontText_7260.font.lyn.event
[LYN]	Fonts/build/GlyphText/FontText_2661.font.lyn.event
[LYN]	Fonts/build/GlyphText/FontText_2264.font.lyn.event
[LYN]	Fonts/build/GlyphText/FontText_2265.font.lyn.event
[LYN]	Fonts/build/GlyphText/FontText_8569.font.lyn.event
[LYN]	Fonts/build/GlyphText/FontText_266A.font.lyn.event
[LYN]	Fonts/build/GlyphText/FontText_727D.font.lyn.event
[LYN]	Fonts/build/GlyphText/FontText_547F.font.lyn.event
[LYN]	Fonts/build/GlyphText/FontText_007F.font.lyn.event
[LYN]	Fonts/build/GlyphText/FontText_9081.font.lyn.event
[LYN]	Fonts/build/GlyphText/FontText_8E8A.font.lyn.event
[LYN]	Fonts/build/GlyphText/FontText_8599.font.lyn.event
[LYN]	Fonts/build/GlyphText/FontText_5A9E.font.lyn.event
[LYN]	Fonts/build/GlyphText/FontText_03A4.font.lyn.event
[LYN]	Fonts/build/GlyphText/FontText_03A9.font.lyn.event
[LYN]	Fonts/build/GlyphText/FontText_61AB.font.lyn.event
[LYN]	Fonts/build/GlyphText/FontText_5FAC.font.lyn.event
[LYN]	Fonts/build/GlyphText/FontText_53AD.font.lyn.event
[LYN]	Fonts/build/GlyphText/FontText_98AF.font.lyn.event
[LYN]	Fonts/build/GlyphText/FontText_55B0.font.lyn.event
[LYN]	Fonts/build/GlyphText/FontText_59B3.font.lyn.event
[LYN]	Fonts/build/GlyphText/FontText_60B6.font.lyn.event
[LYN]	Fonts/build/GlyphText/FontText_76BA.font.lyn.event
[LYN]	Fonts/build/GlyphText/FontText_63BB.font.lyn.event
[LYN]	Fonts/build/GlyphText/FontText_7DBB.font.lyn.event
[LYN]	Fonts/build/GlyphText/FontText_8FBF.font.lyn.event
[LYN]	Fonts/build/GlyphText/FontText_79BF.font.lyn.event
[LYN]	Fonts/build/GlyphText/FontText_98C4.font.lyn.event
[LYN]	Fonts/build/GlyphText/FontText_50C5.font.lyn.event
[LYN]	Fonts/build/GlyphText/FontText_83C8.font.lyn.event
[LYN]	Fonts/build/GlyphText/FontText_8ECB.font.lyn.event
[LYN]	Fonts/build/GlyphText/FontText_25CB.font.lyn.event
[LYN]	Fonts/build/GlyphText/FontText_7DD8.font.lyn.event
[LYN]	Fonts/build/GlyphText/FontText_66E0.font.lyn.event
[LYN]	Fonts/build/GlyphText/FontText_53E1.font.lyn.event
[LYN]	Fonts/build/GlyphText/FontText_61E3.font.lyn.event
[LYN]	Fonts/build/GlyphText/FontText_8CE4.font.lyn.event
[LYN]	Fonts/build/GlyphText/FontText_81E5.font.lyn.event
[LYN]	Fonts/build/GlyphText/FontText_00E6.font.lyn.event
[LYN]	Fonts/build/GlyphText/FontText_71E6.font.lyn.event
[LYN]	Fonts/build/GlyphText/FontText_75E9.font.lyn.event
[LYN]	Fonts/build/GlyphText/FontText_85EA.font.lyn.event
[LYN]	Fonts/build/GlyphText/FontText_51EA.font.lyn.event
[LYN]	Fonts/build/GlyphText/FontText_8AEB.font.lyn.event
[LYN]	Fonts/build/GlyphText/FontText_25EF.font.lyn.event
[LYN]	Fonts/build/GlyphText/FontText_00F0.font.lyn.event
[LYN]	Fonts/build/GlyphText/FontText_68F2.font.lyn.event
[LYN]	Fonts/build/GlyphText/FontText_00F8.font.lyn.event
[LYN]	Fonts/build/GlyphText/FontText_87FB.font.lyn.event
[LYN]	Fonts/build/GlyphText/FontText_00FD.font.lyn.event
[LYN]	Fonts/build/GlyphText/FontText_905C.font.lyn.event
[LYN]	Fonts/build/GlyphText/FontText_947D.font.lyn.event
[LYN]	Fonts/build/GlyphText/FontText_6AC2.font.lyn.event
[LYN]	Fonts/build/GlyphText/FontText_00FE.font.lyn.event
[LYN]	Fonts/build/GlyphText/FontText_7E6B.font.lyn.event
[LYN]	Fonts/build/GlyphText/FontText_25B8.font.lyn.event
[LYN]	Fonts/build/GlyphText/FontText_25B9.font.lyn.event
[GEN]	fe8-chax.gba
rm Fonts/build/GlyphItem/FontItem_3089.font.s Fonts/build/GlyphItem/FontItem_826F.font.s Fonts/build/GlyphItem/FontItem_848C.font.s Fonts/build/GlyphItem/FontItem_5606.font.s Fonts/build/GlyphText/FontText_6874.font.s Fonts/build/GlyphText/FontText_0030.font.s Fonts/build/GlyphText/FontText_8449.font.s Fonts/build/GlyphText/FontText_0035.font.s Fonts/build/GlyphItem/FontItem_82CF.font.s Fonts/build/GlyphItem/FontItem_56E1.font.s Fonts/build/GlyphText/FontText_7BAA.font.s Fonts/build/GlyphText/FontText_7C21.font.s Fonts/build/GlyphText/FontText_98D1.font.s Fonts/build/GlyphItem/FontItem_82E1.font.s Fonts/build/GlyphText/FontText_5BAA.font.s Fonts/build/GlyphText/FontText_50CD.font.s Fonts/build/GlyphItem/FontItem_55D3.font.s Fonts/build/GlyphItem/FontItem_5C34.font.s Fonts/build/GlyphItem/FontItem_749E.font.s Fonts/build/GlyphText/FontText_7BCC.font.s Fonts/build/GlyphItem/FontItem_6FC2.font.s Fonts/build/GlyphText/FontText_6C2A.font.s Fonts/build/GlyphText/FontText_78F7.font.s Fonts/build/GlyphText/FontText_6491.font.s Fonts/build/GlyphItem/FontItem_86D9.font.s Fonts/build/GlyphText/FontText_6342.font.s Fonts/build/GlyphItem/FontItem_00E8.font.s Fonts/build/GlyphText/FontText_201D.font.s Fonts/build/GlyphText/FontText_828A.font.s Fonts/build/GlyphItem/FontItem_7F94.font.s Fonts/build/GlyphItem/FontItem_9987.font.s Fonts/build/GlyphText/FontText_5D4A.font.s Fonts/build/GlyphText/FontText_9C92.font.s Fonts/build/GlyphText/FontText_6E67.font.s Fonts/build/GlyphItem/FontItem_838E.font.s Fonts/build/GlyphItem/FontItem_7E9F.font.s Fonts/build/GlyphItem/FontItem_75AE.font.s Fonts/build/GlyphItem/FontItem_5909.font.s Fonts/build/GlyphItem/FontItem_7B9C.font.s Fonts/build/GlyphText/FontText_614A.font.s Fonts/build/GlyphItem/FontItem_5B87.font.s Fonts/build/GlyphItem/FontItem_7259.font.s Fonts/build/GlyphText/FontText_827F.font.s Fonts/build/GlyphItem/FontItem_78D9.font.s Fonts/build/GlyphItem/FontItem_8861.font.s Fonts/build/GlyphItem/FontItem_552E.font.s Fonts/build/GlyphItem/FontItem_59D7.font.s Fonts/build/GlyphText/FontText_8D66.font.s Fonts/build/GlyphText/FontText_6B63.font.s Fonts/build/GlyphItem/FontItem_7EAF.font.s Fonts/build/GlyphText/FontText_701A.font.s Fonts/build/GlyphText/FontText_8182.font.s Fonts/build/GlyphText/FontText_998D.font.s Fonts/build/GlyphText/FontText_8E05.font.s Fonts/build/GlyphText/FontText_88DC.font.s Fonts/build/GlyphItem/FontItem_76D6.font.s Fonts/build/GlyphText/FontText_6D04.font.s Fonts/build/GlyphText/FontText_72F3.font.s Fonts/build/GlyphItem/FontItem_589E.font.s Fonts/build/GlyphItem/FontItem_FF28.font.s Fonts/build/GlyphText/FontText_7280.font.s Fonts/build/GlyphText/FontText_898F.font.s Fonts/build/GlyphItem/FontItem_5C71.font.s Fonts/build/GlyphItem/FontItem_59A4.font.s Fonts/build/GlyphText/FontText_55D3.font.s Fonts/build/GlyphText/FontText_7CEF.font.s Fonts/build/GlyphText/FontText_7B45.font.s Fonts/build/GlyphText/FontText_70C1.font.s Fonts/build/GlyphText/FontText_918D.font.s Fonts/build/GlyphText/FontText_4F30.font.s Fonts/build/GlyphItem/FontItem_8DF8.font.s Fonts/build/GlyphItem/FontItem_80C0.font.s Fonts/build/GlyphItem/FontItem_8150.font.s Fonts/build/GlyphItem/FontItem_6C72.font.s Fonts/build/GlyphItem/FontItem_7435.font.s Fonts/build/GlyphItem/FontItem_8BDA.font.s Fonts/build/GlyphItem/FontItem_566A.font.s Fonts/build/GlyphText/FontText_5302.font.s Fonts/build/GlyphText/FontText_4F25.font.s Fonts/build/GlyphItem/FontItem_62DC.font.s Fonts/build/GlyphItem/FontItem_968B.font.s Fonts/build/GlyphItem/FontItem_62A2.font.s Fonts/build/GlyphItem/FontItem_7C8B.font.s Fonts/build/GlyphItem/FontItem_64E2.font.s Fonts/build/GlyphText/FontText_62A0.font.s Fonts/build/GlyphItem/FontItem_2260.font.s Fonts/build/GlyphItem/FontItem_835E.font.s Fonts/build/GlyphItem/FontItem_9B32.font.s Fonts/build/GlyphText/FontText_7FB2.font.s Fonts/build/GlyphItem/FontItem_7924.font.s Fonts/build/GlyphText/FontText_9617.font.s Fonts/build/GlyphItem/FontItem_9A85.font.s Fonts/build/GlyphText/FontText_7B85.font.s Fonts/build/GlyphItem/FontItem_9E2C.font.s Fonts/build/GlyphItem/FontItem_845B.font.s Fonts/build/GlyphText/FontText_5543.font.s Fonts/build/GlyphText/FontText_5BE8.font.s Fonts/build/GlyphText/FontText_4E0D.font.s Fonts/build/GlyphItem/FontItem_9A9F.font.s Fonts/build/GlyphText/FontText_6194.font.s Fonts/build/GlyphItem/FontItem_9A6F.font.s Fonts/build/GlyphText/FontText_9988.font.s Fonts/build/GlyphItem/FontItem_82AD.font.s Fonts/build/GlyphItem/FontItem_3055.font.s Fonts/build/GlyphText/FontText_9699.font.s Fonts/build/GlyphText/FontText_679A.font.s Fonts/build/GlyphItem/FontItem_9AE6.font.s Fonts/build/GlyphText/FontText_7C60.font.s Fonts/build/GlyphItem/FontItem_7F18.font.s Fonts/build/GlyphItem/FontItem_64D2.font.s Fonts/build/GlyphText/FontText_7256.font.s Fonts/build/GlyphText/FontText_9D44.font.s Fonts/build/GlyphItem/FontItem_7EFB.font.s Fonts/build/GlyphText/FontText_70BB.font.s Fonts/build/GlyphItem/FontItem_7F07.font.s Fonts/build/GlyphItem/FontItem_8BDC.font.s Fonts/build/GlyphText/FontText_63C4.font.s Fonts/build/GlyphText/FontText_7C7D.font.s Fonts/build/GlyphItem/FontItem_3043.font.s Fonts/build/GlyphText/FontText_7F2F.font.s Fonts/build/GlyphItem/FontItem_6001.font.s Fonts/build/GlyphText/FontText_5C11.font.s Fonts/build/GlyphItem/FontItem_5733.font.s Fonts/build/GlyphItem/FontItem_5C39.font.s Fonts/build/GlyphItem/FontItem_7EED.font.s Fonts/build/GlyphItem/FontItem_7629.font.s Fonts/build/GlyphItem/FontItem_82FB.font.s Fonts/build/GlyphItem/FontItem_8BE7.font.s Fonts/build/GlyphText/FontText_9131.font.s Fonts/build/GlyphText/FontText_90D1.font.s Fonts/build/GlyphItem/FontItem_851A.font.s Fonts/build/GlyphItem/FontItem_4E03.font.s Fonts/build/GlyphItem/FontItem_6487.font.s Fonts/build/GlyphText/FontText_6DEB.font.s Fonts/build/GlyphItem/FontItem_8FC8.font.s Fonts/build/GlyphItem/FontItem_814A.font.s Fonts/build/GlyphItem/FontItem_30C1.font.s Fonts/build/GlyphItem/FontItem_906E.font.s Fonts/build/GlyphText/FontText_57D2.font.s Fonts/build/GlyphItem/FontItem_8237.font.s Fonts/build/GlyphItem/FontItem_78F7.font.s Fonts/build/GlyphText/FontText_811E.font.s Fonts/build/GlyphItem/FontItem_9565.font.s Fonts/build/GlyphText/FontText_7620.font.s Fonts/build/GlyphItem/FontItem_70DF.font.s Fonts/build/GlyphText/FontText_5FF8.font.s Fonts/build/GlyphText/FontText_94AF.font.s Fonts/build/GlyphItem/FontItem_9CD8.font.s Fonts/build/GlyphText/FontText_8E94.font.s Fonts/build/GlyphItem/FontItem_64E6.font.s Fonts/build/GlyphItem/FontItem_00FB.font.s Fonts/build/GlyphItem/FontItem_30D0.font.s Fonts/build/GlyphText/FontText_98A2.font.s Fonts/build/GlyphText/FontText_6555.font.s Fonts/build/GlyphItem/FontItem_9549.font.s Fonts/build/GlyphItem/FontItem_57A7.font.s Fonts/build/GlyphText/FontText_6F02.font.s Fonts/build/GlyphText/FontText_978D.font.s Fonts/build/GlyphItem/FontItem_6E56.font.s Fonts/build/GlyphItem/FontItem_6323.font.s Fonts/build/GlyphItem/FontItem_5783.font.s Fonts/build/GlyphItem/FontItem_6821.font.s Fonts/build/GlyphText/FontText_7F19.font.s Fonts/build/GlyphText/FontText_9081.font.s Fonts/build/GlyphItem/FontItem_8FA9.font.s Fonts/build/GlyphItem/FontItem_9568.font.s Fonts/build/GlyphItem/FontItem_64B0.font.s Fonts/build/GlyphItem/FontItem_5997.font.s Fonts/build/GlyphText/FontText_6A31.font.s Fonts/build/GlyphItem/FontItem_624B.font.s Fonts/build/GlyphItem/FontItem_FF0F.font.s Fonts/build/GlyphText/FontText_60F0.font.s Fonts/build/GlyphItem/FontItem_8BCB.font.s Fonts/build/GlyphItem/FontItem_6E7E.font.s Fonts/build/GlyphItem/FontItem_9525.font.s Fonts/build/GlyphText/FontText_847A.font.s Fonts/build/GlyphItem/FontItem_7F55.font.s Fonts/build/GlyphItem/FontItem_8DEF.font.s Fonts/build/GlyphItem/FontItem_54F2.font.s Fonts/build/GlyphText/FontText_5EA0.font.s Fonts/build/GlyphItem/FontItem_575A.font.s Fonts/build/GlyphItem/FontItem_62CC.font.s Fonts/build/GlyphItem/FontItem_6D94.font.s Fonts/build/GlyphItem/FontItem_5F99.font.s Fonts/build/GlyphItem/FontItem_93CA.font.s Fonts/build/GlyphText/FontText_4FF3.font.s Fonts/build/GlyphText/FontText_54C2.font.s Fonts/build/GlyphText/FontText_65C3.font.s Fonts/build/GlyphItem/FontItem_6078.font.s Fonts/build/GlyphItem/FontItem_91AA.font.s Fonts/build/GlyphItem/FontItem_4E1C.font.s Fonts/build/GlyphItem/FontItem_530D.font.s Fonts/build/GlyphText/FontText_4FC5.font.s Fonts/build/GlyphText/FontText_9CBD.font.s Fonts/build/GlyphItem/FontItem_731B.font.s Fonts/build/GlyphText/FontText_6115.font.s Fonts/build/GlyphText/FontText_8FC4.font.s Fonts/build/GlyphItem/FontItem_6D4A.font.s Fonts/build/GlyphItem/FontItem_5077.font.s Fonts/build/GlyphItem/FontItem_307A.font.s Fonts/build/GlyphItem/FontItem_6975.font.s Fonts/build/GlyphItem/FontItem_998D.font.s Fonts/build/GlyphItem/FontItem_572C.font.s Fonts/build/GlyphItem/FontItem_8D32.font.s Fonts/build/GlyphText/FontText_9AC0.font.s Fonts/build/GlyphText/FontText_9805.font.s Fonts/build/GlyphText/FontText_8D27.font.s Fonts/build/GlyphText/FontText_766F.font.s Fonts/build/GlyphItem/FontItem_5D16.font.s Fonts/build/GlyphItem/FontItem_9CD3.font.s Fonts/build/GlyphItem/FontItem_87B3.font.s Fonts/build/GlyphText/FontText_83F0.font.s Fonts/build/GlyphText/FontText_564C.font.s Fonts/build/GlyphText/FontText_94E1.font.s Fonts/build/GlyphItem/FontItem_66DD.font.s Fonts/build/GlyphItem/FontItem_9508.font.s Fonts/build/GlyphText/FontText_55E1.font.s Fonts/build/GlyphItem/FontItem_949A.font.s Fonts/build/GlyphText/FontText_5F62.font.s Fonts/build/GlyphText/FontText_5D4C.font.s Fonts/build/GlyphText/FontText_554F.font.s Fonts/build/GlyphText/FontText_54E5.font.s Fonts/build/GlyphText/FontText_5484.font.s Fonts/build/GlyphItem/FontItem_60EB.font.s Fonts/build/GlyphItem/FontItem_7B1E.font.s Fonts/build/GlyphText/FontText_9165.font.s Fonts/build/GlyphText/FontText_54CD.font.s Fonts/build/GlyphText/FontText_563F.font.s Fonts/build/GlyphText/FontText_5357.font.s Fonts/build/GlyphText/FontText_64DE.font.s Fonts/build/GlyphItem/FontItem_8C28.font.s Fonts/build/GlyphItem/FontItem_9A12.font.s Fonts/build/GlyphText/FontText_6535.font.s Fonts/build/GlyphItem/FontItem_8306.font.s Fonts/build/GlyphText/FontText_305E.font.s Fonts/build/GlyphText/FontText_6C86.font.s Fonts/build/GlyphText/FontText_601C.font.s Fonts/build/GlyphText/FontText_7F20.font.s Fonts/build/GlyphText/FontText_867A.font.s Fonts/build/GlyphText/FontText_629A.font.s Fonts/build/GlyphText/FontText_9AFB.font.s Fonts/build/GlyphItem/FontItem_9F7F.font.s Fonts/build/GlyphText/FontText_90BE.font.s Fonts/build/GlyphItem/FontItem_8FE4.font.s Fonts/build/GlyphText/FontText_6FE1.font.s Fonts/build/GlyphItem/FontItem_61CB.font.s Fonts/build/GlyphItem/FontItem_5428.font.s Fonts/build/GlyphText/FontText_9102.font.s Fonts/build/GlyphText/FontText_9889.font.s Fonts/build/GlyphItem/FontItem_8148.font.s Fonts/build/GlyphText/FontText_8F87.font.s Fonts/build/GlyphItem/FontItem_9074.font.s Fonts/build/GlyphText/FontText_7130.font.s Fonts/build/GlyphText/FontText_9083.font.s Fonts/build/GlyphItem/FontItem_5AD2.font.s Fonts/build/GlyphText/FontText_88D2.font.s Fonts/build/GlyphText/FontText_70B1.font.s Fonts/build/GlyphItem/FontItem_80EC.font.s Fonts/build/GlyphText/FontText_96CF.font.s Fonts/build/GlyphItem/FontItem_94BB.font.s Fonts/build/GlyphItem/FontItem_66FE.font.s Fonts/build/GlyphItem/FontItem_810E.font.s Fonts/build/GlyphItem/FontItem_554A.font.s Fonts/build/GlyphItem/FontItem_76BA.font.s Fonts/build/GlyphText/FontText_6995.font.s Fonts/build/GlyphItem/FontItem_5E80.font.s Fonts/build/GlyphItem/FontItem_FF1C.font.s Fonts/build/GlyphItem/FontItem_6696.font.s Fonts/build/GlyphItem/FontItem_543E.font.s Fonts/build/GlyphItem/FontItem_609D.font.s Fonts/build/GlyphText/FontText_7722.font.s Fonts/build/GlyphItem/FontItem_62D9.font.s Fonts/build/GlyphItem/FontItem_9612.font.s Fonts/build/GlyphText/FontText_6B66.font.s Fonts/build/GlyphText/FontText_6241.font.s Fonts/build/GlyphItem/FontItem_6E21.font.s Fonts/build/GlyphItem/FontItem_705E.font.s Fonts/build/GlyphItem/FontItem_707E.font.s Fonts/build/GlyphText/FontText_97AF.font.s Fonts/build/GlyphItem/FontItem_94BC.font.s Fonts/build/GlyphText/FontText_80F0.font.s Fonts/build/GlyphItem/FontItem_53A6.font.s Fonts/build/GlyphText/FontText_94B3.font.s Fonts/build/GlyphItem/FontItem_7B5B.font.s Fonts/build/GlyphItem/FontItem_85B7.font.s Fonts/build/GlyphItem/FontItem_75D6.font.s Fonts/build/GlyphText/FontText_76DB.font.s Fonts/build/GlyphText/FontText_FF34.font.s Fonts/build/GlyphItem/FontItem_8F82.font.s Fonts/build/GlyphItem/FontItem_7FB8.font.s Fonts/build/GlyphText/FontText_9C8E.font.s Fonts/build/GlyphText/FontText_7D61.font.s Fonts/build/GlyphItem/FontItem_9E69.font.s Fonts/build/GlyphItem/FontItem_6735.font.s Fonts/build/GlyphText/FontText_7092.font.s Fonts/build/GlyphItem/FontItem_817B.font.s Fonts/build/GlyphItem/FontItem_6829.font.s Fonts/build/GlyphItem/FontItem_FF14.font.s Fonts/build/GlyphText/FontText_7877.font.s Fonts/build/GlyphText/FontText_525C.font.s Fonts/build/GlyphText/FontText_7384.font.s Fonts/build/GlyphText/FontText_766B.font.s Fonts/build/GlyphText/FontText_76FE.font.s Fonts/build/GlyphItem/FontItem_6C18.font.s Fonts/build/GlyphItem/FontItem_5DDB.font.s Fonts/build/GlyphItem/FontItem_67F1.font.s Fonts/build/GlyphItem/FontItem_900A.font.s Fonts/build/GlyphItem/FontItem_9332.font.s Fonts/build/GlyphItem/FontItem_864F.font.s Fonts/build/GlyphItem/FontItem_580D.font.s Fonts/build/GlyphText/FontText_6746.font.s Fonts/build/GlyphItem/FontItem_7741.font.s Fonts/build/GlyphText/FontText_5609.font.s Fonts/build/GlyphText/FontText_7085.font.s Fonts/build/GlyphText/FontText_59D0.font.s Fonts/build/GlyphItem/FontItem_75FC.font.s Fonts/build/GlyphItem/FontItem_73E0.font.s Fonts/build/GlyphText/FontText_832F.font.s Fonts/build/GlyphText/FontText_845B.font.s Fonts/build/GlyphItem/FontItem_9B51.font.s Fonts/build/GlyphItem/FontItem_714E.font.s Fonts/build/GlyphText/FontText_837B.font.s Fonts/build/GlyphText/FontText_88E4.font.s Fonts/build/GlyphItem/FontItem_007F.font.s Fonts/build/GlyphItem/FontItem_8D48.font.s Fonts/build/GlyphItem/FontItem_738E.font.s Fonts/build/GlyphItem/FontItem_787C.font.s Fonts/build/GlyphItem/FontItem_5F08.font.s Fonts/build/GlyphItem/FontItem_5E31.font.s Fonts/build/GlyphItem/FontItem_996D.font.s Fonts/build/GlyphText/FontText_5BB6.font.s Fonts/build/GlyphItem/FontItem_76D7.font.s Fonts/build/GlyphItem/FontItem_95F9.font.s Fonts/build/GlyphText/FontText_566A.font.s Fonts/build/GlyphText/FontText_9976.font.s Fonts/build/GlyphText/FontText_663E.font.s Fonts/build/GlyphItem/FontItem_6383.font.s Fonts/build/GlyphItem/FontItem_629B.font.s Fonts/build/GlyphItem/FontItem_5E2E.font.s Fonts/build/GlyphText/FontText_9487.font.s Fonts/build/GlyphText/FontText_5FD9.font.s Fonts/build/GlyphItem/FontItem_51CC.font.s Fonts/build/GlyphItem/FontItem_94A9.font.s Fonts/build/GlyphItem/FontItem_6CE5.font.s Fonts/build/GlyphItem/FontItem_8042.font.s Fonts/build/GlyphText/FontText_7B49.font.s Fonts/build/GlyphItem/FontItem_6B27.font.s Fonts/build/GlyphText/FontText_6298.font.s Fonts/build/GlyphItem/FontItem_6324.font.s Fonts/build/GlyphItem/FontItem_7070.font.s Fonts/build/GlyphText/FontText_5CAB.font.s Fonts/build/GlyphText/FontText_72C3.font.s Fonts/build/GlyphText/FontText_672D.font.s Fonts/build/GlyphText/FontText_FF56.font.s Fonts/build/GlyphItem/FontItem_8BA7.font.s Fonts/build/GlyphText/FontText_9E2D.font.s Fonts/build/GlyphText/FontText_549B.font.s Fonts/build/GlyphItem/FontItem_836D.font.s Fonts/build/GlyphItem/FontItem_59E5.font.s Fonts/build/GlyphItem/FontItem_82D5.font.s Fonts/build/GlyphItem/FontItem_8C04.font.s Fonts/build/GlyphItem/FontItem_5B89.font.s Fonts/build/GlyphItem/FontItem_82C4.font.s Fonts/build/GlyphItem/FontItem_6106.font.s Fonts/build/GlyphText/FontText_8548.font.s Fonts/build/GlyphItem/FontItem_5FEB.font.s Fonts/build/GlyphText/FontText_5EA5.font.s Fonts/build/GlyphItem/FontItem_9896.font.s Fonts/build/GlyphItem/FontItem_86AC.font.s Fonts/build/GlyphItem/FontItem_5578.font.s Fonts/build/GlyphItem/FontItem_30D8.font.s Fonts/build/GlyphItem/FontItem_97F5.font.s Fonts/build/GlyphItem/FontItem_8A2D.font.s Fonts/build/GlyphItem/FontItem_6E0E.font.s Fonts/build/GlyphText/FontText_80DE.font.s Fonts/build/GlyphText/FontText_8EBA.font.s Fonts/build/GlyphText/FontText_7EAF.font.s Fonts/build/GlyphText/FontText_6AAB.font.s Fonts/build/GlyphItem/FontItem_67DA.font.s Fonts/build/GlyphItem/FontItem_78A1.font.s Fonts/build/GlyphText/FontText_5C7A.font.s Fonts/build/GlyphText/FontText_82C8.font.s Fonts/build/GlyphText/FontText_5C51.font.s Fonts/build/GlyphItem/FontItem_83BD.font.s Fonts/build/GlyphItem/FontItem_78D0.font.s Fonts/build/GlyphItem/FontItem_30A5.font.s Fonts/build/GlyphItem/FontItem_0432.font.s Fonts/build/GlyphItem/FontItem_6B8D.font.s Fonts/build/GlyphText/FontText_5E1C.font.s Fonts/build/GlyphText/FontText_9C9C.font.s Fonts/build/GlyphItem/FontItem_9515.font.s Fonts/build/GlyphItem/FontItem_84B9.font.s Fonts/build/GlyphText/FontText_783A.font.s Fonts/build/GlyphItem/FontItem_8C1F.font.s Fonts/build/GlyphItem/FontItem_7A77.font.s Fonts/build/GlyphItem/FontItem_74DC.font.s Fonts/build/GlyphItem/FontItem_590F.font.s Fonts/build/GlyphText/FontText_67E0.font.s Fonts/build/GlyphItem/FontItem_812F.font.s Fonts/build/GlyphText/FontText_750F.font.s Fonts/build/GlyphItem/FontItem_5025.font.s Fonts/build/GlyphText/FontText_9773.font.s Fonts/build/GlyphItem/FontItem_53FB.font.s Fonts/build/GlyphItem/FontItem_4E8C.font.s Fonts/build/GlyphItem/FontItem_30EF.font.s Fonts/build/GlyphText/FontText_7E04.font.s Fonts/build/GlyphText/FontText_6C8F.font.s Fonts/build/GlyphItem/FontItem_3048.font.s Fonts/build/GlyphItem/FontItem_8DDE.font.s Fonts/build/GlyphItem/FontItem_9CC5.font.s Fonts/build/GlyphItem/FontItem_6321.font.s Fonts/build/GlyphText/FontText_5A23.font.s Fonts/build/GlyphText/FontText_7E3B.font.s Fonts/build/GlyphItem/FontItem_9E22.font.s Fonts/build/GlyphItem/FontItem_FF35.font.s Fonts/build/GlyphItem/FontItem_6DAF.font.s Fonts/build/GlyphItem/FontItem_83F2.font.s Fonts/build/GlyphItem/FontItem_79EF.font.s Fonts/build/GlyphText/FontText_4E92.font.s Fonts/build/GlyphItem/FontItem_7BD1.font.s Fonts/build/GlyphItem/FontItem_9082.font.s Fonts/build/GlyphText/FontText_935B.font.s Fonts/build/GlyphItem/FontItem_6328.font.s Fonts/build/GlyphText/FontText_9502.font.s Fonts/build/GlyphItem/FontItem_6DAE.font.s Fonts/build/GlyphText/FontText_9023.font.s Fonts/build/GlyphText/FontText_00EA.font.s Fonts/build/GlyphText/FontText_8136.font.s Fonts/build/GlyphText/FontText_8169.font.s Fonts/build/GlyphText/FontText_5DFB.font.s Fonts/build/GlyphText/FontText_57A4.font.s Fonts/build/GlyphItem/FontItem_928E.font.s Fonts/build/GlyphItem/FontItem_63C9.font.s Fonts/build/GlyphText/FontText_9B3C.font.s Fonts/build/GlyphText/FontText_50FB.font.s Fonts/build/GlyphItem/FontItem_7D4C.font.s Fonts/build/GlyphItem/FontItem_7EAD.font.s Fonts/build/GlyphText/FontText_5FEB.font.s Fonts/build/GlyphText/FontText_9785.font.s Fonts/build/GlyphItem/FontItem_5B0C.font.s Fonts/build/GlyphItem/FontItem_57AB.font.s Fonts/build/GlyphText/FontText_8D31.font.s Fonts/build/GlyphItem/FontItem_70AE.font.s Fonts/build/GlyphItem/FontItem_797A.font.s Fonts/build/GlyphItem/FontItem_9F8C.font.s Fonts/build/GlyphItem/FontItem_7B47.font.s Fonts/build/GlyphItem/FontItem_653E.font.s Fonts/build/GlyphText/FontText_6B73.font.s Fonts/build/GlyphItem/FontItem_8737.font.s Fonts/build/GlyphItem/FontItem_87FE.font.s Fonts/build/GlyphItem/FontItem_7B28.font.s Fonts/build/GlyphText/FontText_9ED1.font.s Fonts/build/GlyphText/FontText_61A9.font.s Fonts/build/GlyphItem/FontItem_8C55.font.s Fonts/build/GlyphText/FontText_6597.font.s Fonts/build/GlyphText/FontText_6F3E.font.s Fonts/build/GlyphText/FontText_96B7.font.s Fonts/build/GlyphItem/FontItem_767D.font.s Fonts/build/GlyphText/FontText_57A0.font.s Fonts/build/GlyphItem/FontItem_6D43.font.s Fonts/build/GlyphText/FontText_9A97.font.s Fonts/build/GlyphItem/FontItem_95F5.font.s Fonts/build/GlyphItem/FontItem_7CD6.font.s Fonts/build/GlyphText/FontText_5668.font.s Fonts/build/GlyphText/FontText_75FC.font.s Fonts/build/GlyphItem/FontItem_51D1.font.s Fonts/build/GlyphItem/FontItem_7D1A.font.s Fonts/build/GlyphText/FontText_7D44.font.s Fonts/build/GlyphItem/FontItem_5E9E.font.s Fonts/build/GlyphText/FontText_5270.font.s Fonts/build/GlyphItem/FontItem_84EC.font.s Fonts/build/GlyphItem/FontItem_690B.font.s Fonts/build/GlyphItem/FontItem_64D8.font.s Fonts/build/GlyphText/FontText_77A2.font.s Fonts/build/GlyphItem/FontItem_809D.font.s Fonts/build/GlyphText/FontText_57FD.font.s Fonts/build/GlyphItem/FontItem_5242.font.s Fonts/build/GlyphItem/FontItem_5F2D.font.s Fonts/build/GlyphText/FontText_864F.font.s Fonts/build/GlyphItem/FontItem_8D44.font.s Fonts/build/GlyphText/FontText_699C.font.s Fonts/build/GlyphText/FontText_007B.font.s Fonts/build/GlyphItem/FontItem_84C9.font.s Fonts/build/GlyphItem/FontItem_7FA4.font.s Fonts/build/GlyphItem/FontItem_55DC.font.s Fonts/build/GlyphItem/FontItem_6DCB.font.s Fonts/build/GlyphText/FontText_58EE.font.s Fonts/build/GlyphItem/FontItem_761F.font.s Fonts/build/GlyphItem/FontItem_62C6.font.s Fonts/build/GlyphText/FontText_9E6A.font.s Fonts/build/GlyphText/FontText_74E0.font.s Fonts/build/GlyphText/FontText_82AD.font.s Fonts/build/GlyphText/FontText_83DF.font.s Fonts/build/GlyphItem/FontItem_518C.font.s Fonts/build/GlyphItem/FontItem_4EE3.font.s Fonts/build/GlyphText/FontText_6850.font.s Fonts/build/GlyphText/FontText_8E51.font.s Fonts/build/GlyphText/FontText_5196.font.s Fonts/build/GlyphItem/FontItem_83CF.font.s Fonts/build/GlyphText/FontText_5E62.font.s Fonts/build/GlyphItem/FontItem_90CE.font.s Fonts/build/GlyphText/FontText_5E7C.font.s Fonts/build/GlyphItem/FontItem_9604.font.s Fonts/build/GlyphText/FontText_8822.font.s Fonts/build/GlyphItem/FontItem_7811.font.s Fonts/build/GlyphText/FontText_6D1B.font.s Fonts/build/GlyphItem/FontItem_69AD.font.s Fonts/build/GlyphText/FontText_7FD5.font.s Fonts/build/GlyphItem/FontItem_5343.font.s Fonts/build/GlyphText/FontText_8703.font.s Fonts/build/GlyphItem/FontItem_4E1E.font.s Fonts/build/GlyphText/FontText_560E.font.s Fonts/build/GlyphText/FontText_816D.font.s Fonts/build/GlyphItem/FontItem_5A36.font.s Fonts/build/GlyphItem/FontItem_8C13.font.s Fonts/build/GlyphItem/FontItem_6536.font.s Fonts/build/GlyphItem/FontItem_6DD8.font.s Fonts/build/GlyphText/FontText_00EB.font.s Fonts/build/GlyphItem/FontItem_94B2.font.s Fonts/build/GlyphItem/FontItem_FF4D.font.s Fonts/build/GlyphText/FontText_7409.font.s Fonts/build/GlyphText/FontText_94BC.font.s Fonts/build/GlyphText/FontText_809B.font.s Fonts/build/GlyphText/FontText_6234.font.s Fonts/build/GlyphItem/FontItem_2207.font.s Fonts/build/GlyphText/FontText_30F3.font.s Fonts/build/GlyphText/FontText_696D.font.s Fonts/build/GlyphText/FontText_675C.font.s Fonts/build/GlyphItem/FontItem_76F4.font.s Fonts/build/GlyphText/FontText_7A80.font.s Fonts/build/GlyphItem/FontItem_8D56.font.s Fonts/build/GlyphItem/FontItem_917D.font.s Fonts/build/GlyphItem/FontItem_5BC4.font.s Fonts/build/GlyphText/FontText_8223.font.s Fonts/build/GlyphItem/FontItem_7261.font.s Fonts/build/GlyphText/FontText_540E.font.s Fonts/build/GlyphText/FontText_6FC2.font.s Fonts/build/GlyphText/FontText_8981.font.s Fonts/build/GlyphText/FontText_0063.font.s Fonts/build/GlyphItem/FontItem_90A2.font.s Fonts/build/GlyphItem/FontItem_82E3.font.s Fonts/build/GlyphItem/FontItem_3063.font.s Fonts/build/GlyphText/FontText_6C5B.font.s Fonts/build/GlyphItem/FontItem_9F22.font.s Fonts/build/GlyphText/FontText_83FD.font.s Fonts/build/GlyphText/FontText_8797.font.s Fonts/build/GlyphText/FontText_76DF.font.s Fonts/build/GlyphText/FontText_9569.font.s Fonts/build/GlyphItem/FontItem_6849.font.s Fonts/build/GlyphText/FontText_820D.font.s Fonts/build/GlyphText/FontText_6600.font.s Fonts/build/GlyphText/FontText_4FDF.font.s Fonts/build/GlyphText/FontText_56EE.font.s Fonts/build/GlyphText/FontText_9CB6.font.s Fonts/build/GlyphItem/FontItem_60EE.font.s Fonts/build/GlyphText/FontText_9B41.font.s Fonts/build/GlyphItem/FontItem_5591.font.s Fonts/build/GlyphText/FontText_7F8E.font.s Fonts/build/GlyphItem/FontItem_89C9.font.s Fonts/build/GlyphText/FontText_0091.font.s Fonts/build/GlyphItem/FontItem_6059.font.s Fonts/build/GlyphText/FontText_5218.font.s Fonts/build/GlyphText/FontText_9675.font.s Fonts/build/GlyphText/FontText_4E53.font.s Fonts/build/GlyphItem/FontItem_9609.font.s Fonts/build/GlyphText/FontText_5F13.font.s Fonts/build/GlyphItem/FontItem_9AA2.font.s Fonts/build/GlyphItem/FontItem_8E2A.font.s Fonts/build/GlyphItem/FontItem_605D.font.s Fonts/build/GlyphItem/FontItem_71A0.font.s Fonts/build/GlyphText/FontText_6BD2.font.s Fonts/build/GlyphText/FontText_81FC.font.s Fonts/build/GlyphText/FontText_65ED.font.s Fonts/build/GlyphItem/FontItem_60DC.font.s Fonts/build/GlyphItem/FontItem_5CB7.font.s Fonts/build/GlyphItem/FontItem_3005.font.s Fonts/build/GlyphItem/FontItem_2220.font.s Fonts/build/GlyphText/FontText_9501.font.s Fonts/build/GlyphItem/FontItem_4F65.font.s Fonts/build/GlyphItem/FontItem_8204.font.s Fonts/build/GlyphText/FontText_6DAF.font.s Fonts/build/GlyphItem/FontItem_63D6.font.s Fonts/build/GlyphItem/FontItem_607C.font.s Fonts/build/GlyphItem/FontItem_8BE4.font.s Fonts/build/GlyphItem/FontItem_8167.font.s Fonts/build/GlyphText/FontText_55C9.font.s Fonts/build/GlyphText/FontText_9E42.font.s Fonts/build/GlyphText/FontText_7F2B.font.s Fonts/build/GlyphText/FontText_54DC.font.s Fonts/build/GlyphText/FontText_901B.font.s Fonts/build/GlyphText/FontText_810A.font.s Fonts/build/GlyphText/FontText_8FC1.font.s Fonts/build/GlyphText/FontText_5BB9.font.s Fonts/build/GlyphText/FontText_914B.font.s Fonts/build/GlyphItem/FontItem_9664.font.s Fonts/build/GlyphText/FontText_9803.font.s Fonts/build/GlyphItem/FontItem_4EF2.font.s Fonts/build/GlyphItem/FontItem_90A1.font.s Fonts/build/GlyphText/FontText_7B25.font.s Fonts/build/GlyphItem/FontItem_5B55.font.s Fonts/build/GlyphItem/FontItem_9495.font.s Fonts/build/GlyphText/FontText_8C2C.font.s Fonts/build/GlyphText/FontText_5C79.font.s Fonts/build/GlyphText/FontText_63DE.font.s Fonts/build/GlyphText/FontText_6CA2.font.s Fonts/build/GlyphItem/FontItem_86F2.font.s Fonts/build/GlyphText/FontText_4ECE.font.s Fonts/build/GlyphItem/FontItem_75E2.font.s Fonts/build/GlyphItem/FontItem_9139.font.s Fonts/build/GlyphText/FontText_7A17.font.s Fonts/build/GlyphText/FontText_2022.font.s Fonts/build/GlyphText/FontText_7559.font.s Fonts/build/GlyphItem/FontItem_6978.font.s Fonts/build/GlyphText/FontText_56DD.font.s Fonts/build/GlyphItem/FontItem_777D.font.s Fonts/build/GlyphText/FontText_88C5.font.s Fonts/build/GlyphText/FontText_608D.font.s Fonts/build/GlyphText/FontText_7D10.font.s Fonts/build/GlyphText/FontText_7F60.font.s Fonts/build/GlyphItem/FontItem_8D49.font.s Fonts/build/GlyphItem/FontItem_8E3D.font.s Fonts/build/GlyphItem/FontItem_63B7.font.s Fonts/build/GlyphItem/FontItem_8BB8.font.s Fonts/build/GlyphItem/FontItem_80DC.font.s Fonts/build/GlyphItem/FontItem_8109.font.s Fonts/build/GlyphItem/FontItem_6CBC.font.s Fonts/build/GlyphText/FontText_6487.font.s Fonts/build/GlyphText/FontText_75F1.font.s Fonts/build/GlyphItem/FontItem_514D.font.s Fonts/build/GlyphText/FontText_5C5E.font.s Fonts/build/GlyphItem/FontItem_4F2F.font.s Fonts/build/GlyphItem/FontItem_5F58.font.s Fonts/build/GlyphItem/FontItem_94AE.font.s Fonts/build/GlyphText/FontText_6A8E.font.s Fonts/build/GlyphItem/FontItem_7F9D.font.s Fonts/build/GlyphItem/FontItem_6809.font.s Fonts/build/GlyphItem/FontItem_5CF0.font.s Fonts/build/GlyphItem/FontItem_82AF.font.s Fonts/build/GlyphText/FontText_7F3A.font.s Fonts/build/GlyphText/FontText_6382.font.s Fonts/build/GlyphText/FontText_8497.font.s Fonts/build/GlyphItem/FontItem_75C7.font.s Fonts/build/GlyphItem/FontItem_8DDD.font.s Fonts/build/GlyphItem/FontItem_5A75.font.s Fonts/build/GlyphItem/FontItem_6AA0.font.s Fonts/build/GlyphText/FontText_60CB.font.s Fonts/build/GlyphItem/FontItem_80F8.font.s Fonts/build/GlyphItem/FontItem_795B.font.s Fonts/build/GlyphText/FontText_007E.font.s Fonts/build/GlyphItem/FontItem_7DAE.font.s Fonts/build/GlyphItem/FontItem_4E60.font.s Fonts/build/GlyphText/FontText_656B.font.s Fonts/build/GlyphText/FontText_681D.font.s Fonts/build/GlyphText/FontText_6B7C.font.s Fonts/build/GlyphText/FontText_5CED.font.s Fonts/build/GlyphItem/FontItem_86F9.font.s Fonts/build/GlyphText/FontText_7EFB.font.s Fonts/build/GlyphText/FontText_91CA.font.s Fonts/build/GlyphItem/FontItem_4EEA.font.s Fonts/build/GlyphText/FontText_83B0.font.s Fonts/build/GlyphItem/FontItem_5D69.font.s Fonts/build/GlyphText/FontText_00DB.font.s Fonts/build/GlyphText/FontText_9811.font.s Fonts/build/GlyphItem/FontItem_837B.font.s Fonts/build/GlyphItem/FontItem_9060.font.s Fonts/build/GlyphText/FontText_5BA1.font.s Fonts/build/GlyphText/FontText_7CDF.font.s Fonts/build/GlyphItem/FontItem_6A91.font.s Fonts/build/GlyphText/FontText_6233.font.s Fonts/build/GlyphText/FontText_690B.font.s Fonts/build/GlyphItem/FontItem_69ED.font.s Fonts/build/GlyphText/FontText_00D3.font.s Fonts/build/GlyphItem/FontItem_72C1.font.s Fonts/build/GlyphText/FontText_5384.font.s Fonts/build/GlyphText/FontText_8BE7.font.s Fonts/build/GlyphItem/FontItem_8BC5.font.s Fonts/build/GlyphText/FontText_67F0.font.s Fonts/build/GlyphText/FontText_9C87.font.s Fonts/build/GlyphText/FontText_7CBD.font.s Fonts/build/GlyphItem/FontItem_96BC.font.s Fonts/build/GlyphItem/FontItem_8DC4.font.s Fonts/build/GlyphText/FontText_52B2.font.s Fonts/build/GlyphText/FontText_8188.font.s Fonts/build/GlyphText/FontText_70D9.font.s Fonts/build/GlyphText/FontText_30E3.font.s Fonts/build/GlyphItem/FontItem_907D.font.s Fonts/build/GlyphItem/FontItem_84D3.font.s Fonts/build/GlyphText/FontText_7AF6.font.s Fonts/build/GlyphText/FontText_63B4.font.s Fonts/build/GlyphText/FontText_641C.font.s Fonts/build/GlyphItem/FontItem_7529.font.s Fonts/build/GlyphText/FontText_606B.font.s Fonts/build/GlyphText/FontText_8A6B.font.s Fonts/build/GlyphItem/FontItem_5272.font.s Fonts/build/GlyphText/FontText_7430.font.s Fonts/build/GlyphItem/FontItem_9E25.font.s Fonts/build/GlyphText/FontText_6619.font.s Fonts/build/GlyphItem/FontItem_5D74.font.s Fonts/build/GlyphText/FontText_6206.font.s Fonts/build/GlyphText/FontText_7D1A.font.s Fonts/build/GlyphText/FontText_8D56.font.s Fonts/build/GlyphItem/FontItem_8E59.font.s Fonts/build/GlyphText/FontText_3086.font.s Fonts/build/GlyphText/FontText_8872.font.s Fonts/build/GlyphItem/FontItem_573E.font.s Fonts/build/GlyphItem/FontItem_5624.font.s Fonts/build/GlyphText/FontText_63F4.font.s Fonts/build/GlyphItem/FontItem_5793.font.s Fonts/build/GlyphText/FontText_69CE.font.s Fonts/build/GlyphItem/FontItem_5914.font.s Fonts/build/GlyphItem/FontItem_816D.font.s Fonts/build/GlyphItem/FontItem_82DF.font.s Fonts/build/GlyphText/FontText_6A5B.font.s Fonts/build/GlyphText/FontText_82EF.font.s Fonts/build/GlyphText/FontText_5B5B.font.s Fonts/build/GlyphText/FontText_6EE2.font.s Fonts/build/GlyphItem/FontItem_7829.font.s Fonts/build/GlyphText/FontText_521A.font.s Fonts/build/GlyphText/FontText_30FC.font.s Fonts/build/GlyphItem/FontItem_2174.font.s Fonts/build/GlyphItem/FontItem_004C.font.s Fonts/build/GlyphText/FontText_51BD.font.s Fonts/build/GlyphText/FontText_84BF.font.s Fonts/build/GlyphText/FontText_66FE.font.s Fonts/build/GlyphText/FontText_5199.font.s Fonts/build/GlyphText/FontText_5EA6.font.s Fonts/build/GlyphText/FontText_6155.font.s Fonts/build/GlyphText/FontText_851F.font.s Fonts/build/GlyphItem/FontItem_605A.font.s Fonts/build/GlyphText/FontText_72B7.font.s Fonts/build/GlyphItem/FontItem_948E.font.s Fonts/build/GlyphItem/FontItem_4EF0.font.s Fonts/build/GlyphText/FontText_9CB7.font.s Fonts/build/GlyphText/FontText_835A.font.s Fonts/build/GlyphText/FontText_95EB.font.s Fonts/build/GlyphText/FontText_2461.font.s Fonts/build/GlyphItem/FontItem_775A.font.s Fonts/build/GlyphText/FontText_996F.font.s Fonts/build/GlyphItem/FontItem_502A.font.s Fonts/build/GlyphText/FontText_66B9.font.s Fonts/build/GlyphText/FontText_9B47.font.s Fonts/build/GlyphText/FontText_951B.font.s Fonts/build/GlyphItem/FontItem_517B.font.s Fonts/build/GlyphText/FontText_5686.font.s Fonts/build/GlyphText/FontText_5FED.font.s Fonts/build/GlyphItem/FontItem_51B0.font.s Fonts/build/GlyphItem/FontItem_6DD9.font.s Fonts/build/GlyphItem/FontItem_8C0A.font.s Fonts/build/GlyphText/FontText_5410.font.s Fonts/build/GlyphItem/FontItem_6842.font.s Fonts/build/GlyphItem/FontItem_6535.font.s Fonts/build/GlyphText/FontText_9EDC.font.s Fonts/build/GlyphText/FontText_7EA3.font.s Fonts/build/GlyphItem/FontItem_96F3.font.s Fonts/build/GlyphItem/FontItem_2265.font.s Fonts/build/GlyphItem/FontItem_809C.font.s Fonts/build/GlyphItem/FontItem_6607.font.s Fonts/build/GlyphItem/FontItem_84DF.font.s Fonts/build/GlyphText/FontText_9191.font.s Fonts/build/GlyphItem/FontItem_6155.font.s Fonts/build/GlyphText/FontText_8028.font.s Fonts/build/GlyphText/FontText_8170.font.s Fonts/build/GlyphItem/FontItem_996B.font.s Fonts/build/GlyphItem/FontItem_56DE.font.s Fonts/build/GlyphText/FontText_50CF.font.s Fonts/build/GlyphText/FontText_9080.font.s Fonts/build/GlyphText/FontText_7827.font.s Fonts/build/GlyphText/FontText_5EC9.font.s Fonts/build/GlyphText/FontText_98FD.font.s Fonts/build/GlyphItem/FontItem_8760.font.s Fonts/build/GlyphItem/FontItem_8693.font.s Fonts/build/GlyphText/FontText_9003.font.s Fonts/build/GlyphItem/FontItem_7A79.font.s Fonts/build/GlyphItem/FontItem_5C42.font.s Fonts/build/GlyphText/FontText_753B.font.s Fonts/build/GlyphText/FontText_6C07.font.s Fonts/build/GlyphText/FontText_67B5.font.s Fonts/build/GlyphText/FontText_8BD9.font.s Fonts/build/GlyphText/FontText_877C.font.s Fonts/build/GlyphText/FontText_724D.font.s Fonts/build/GlyphItem/FontItem_5220.font.s Fonts/build/GlyphText/FontText_5E5B.font.s Fonts/build/GlyphItem/FontItem_8478.font.s Fonts/build/GlyphItem/FontItem_4F19.font.s Fonts/build/GlyphText/FontText_91AA.font.s Fonts/build/GlyphItem/FontItem_659C.font.s Fonts/build/GlyphItem/FontItem_5F37.font.s Fonts/build/GlyphItem/FontItem_9CD5.font.s Fonts/build/GlyphItem/FontItem_25B9.font.s Fonts/build/GlyphText/FontText_3047.font.s Fonts/build/GlyphItem/FontItem_5E99.font.s Fonts/build/GlyphItem/FontItem_586B.font.s Fonts/build/GlyphItem/FontItem_5F31.font.s Fonts/build/GlyphItem/FontItem_96F6.font.s Fonts/build/GlyphText/FontText_9E82.font.s Fonts/build/GlyphItem/FontItem_53EE.font.s Fonts/build/GlyphItem/FontItem_8499.font.s Fonts/build/GlyphText/FontText_7891.font.s Fonts/build/GlyphText/FontText_82CE.font.s Fonts/build/GlyphItem/FontItem_83B0.font.s Fonts/build/GlyphText/FontText_8482.font.s Fonts/build/GlyphItem/FontItem_7597.font.s Fonts/build/GlyphText/FontText_4F01.font.s Fonts/build/GlyphText/FontText_77DB.font.s Fonts/build/GlyphItem/FontItem_7765.font.s Fonts/build/GlyphText/FontText_97F6.font.s Fonts/build/GlyphText/FontText_5186.font.s Fonts/build/GlyphItem/FontItem_8CEA.font.s Fonts/build/GlyphItem/FontItem_64AC.font.s Fonts/build/GlyphItem/FontItem_6C5F.font.s Fonts/build/GlyphText/FontText_6876.font.s Fonts/build/GlyphItem/FontItem_9F80.font.s Fonts/build/GlyphText/FontText_8747.font.s Fonts/build/GlyphText/FontText_8282.font.s Fonts/build/GlyphItem/FontItem_62E3.font.s Fonts/build/GlyphText/FontText_00DA.font.s Fonts/build/GlyphItem/FontItem_51E0.font.s Fonts/build/GlyphText/FontText_007F.font.s Fonts/build/GlyphItem/FontItem_5A29.font.s Fonts/build/GlyphItem/FontItem_60EF.font.s Fonts/build/GlyphItem/FontItem_54AF.font.s Fonts/build/GlyphText/FontText_87AB.font.s Fonts/build/GlyphText/FontText_8C2D.font.s Fonts/build/GlyphItem/FontItem_94AC.font.s Fonts/build/GlyphText/FontText_8D75.font.s Fonts/build/GlyphText/FontText_7ED0.font.s Fonts/build/GlyphItem/FontItem_9963.font.s Fonts/build/GlyphText/FontText_7EAD.font.s Fonts/build/GlyphItem/FontItem_652F.font.s Fonts/build/GlyphItem/FontItem_86F3.font.s Fonts/build/GlyphItem/FontItem_988A.font.s Fonts/build/GlyphItem/FontItem_9CCD.font.s Fonts/build/GlyphItem/FontItem_7EB9.font.s Fonts/build/GlyphText/FontText_6F78.font.s Fonts/build/GlyphItem/FontItem_6574.font.s Fonts/build/GlyphText/FontText_81E8.font.s Fonts/build/GlyphItem/FontItem_96F9.font.s Fonts/build/GlyphText/FontText_80AE.font.s Fonts/build/GlyphText/FontText_9E92.font.s Fonts/build/GlyphText/FontText_5869.font.s Fonts/build/GlyphText/FontText_611B.font.s Fonts/build/GlyphText/FontText_65AC.font.s Fonts/build/GlyphText/FontText_7905.font.s Fonts/build/GlyphText/FontText_30C1.font.s Fonts/build/GlyphText/FontText_6D19.font.s Fonts/build/GlyphText/FontText_9C8D.font.s Fonts/build/GlyphItem/FontItem_7747.font.s Fonts/build/GlyphText/FontText_69AD.font.s Fonts/build/GlyphText/FontText_8C06.font.s Fonts/build/GlyphText/FontText_7DCB.font.s Fonts/build/GlyphText/FontText_75EA.font.s Fonts/build/GlyphItem/FontItem_308B.font.s Fonts/build/GlyphItem/FontItem_6D1A.font.s Fonts/build/GlyphText/FontText_81FB.font.s Fonts/build/GlyphItem/FontItem_54E1.font.s Fonts/build/GlyphText/FontText_8346.font.s Fonts/build/GlyphText/FontText_FF4F.font.s Fonts/build/GlyphItem/FontItem_72EF.font.s Fonts/build/GlyphText/FontText_837D.font.s Fonts/build/GlyphItem/FontItem_79E9.font.s Fonts/build/GlyphItem/FontItem_66A8.font.s Fonts/build/GlyphItem/FontItem_5982.font.s Fonts/build/GlyphText/FontText_6781.font.s Fonts/build/GlyphItem/FontItem_6B20.font.s Fonts/build/GlyphText/FontText_8BB2.font.s Fonts/build/GlyphText/FontText_67AB.font.s Fonts/build/GlyphItem/FontItem_5D58.font.s Fonts/build/GlyphItem/FontItem_5A92.font.s Fonts/build/GlyphItem/FontItem_6CD4.font.s Fonts/build/GlyphItem/FontItem_5941.font.s Fonts/build/GlyphText/FontText_6777.font.s Fonts/build/GlyphText/FontText_8748.font.s Fonts/build/GlyphItem/FontItem_7331.font.s Fonts/build/GlyphText/FontText_5100.font.s Fonts/build/GlyphItem/FontItem_6BFD.font.s Fonts/build/GlyphText/FontText_745C.font.s Fonts/build/GlyphItem/FontItem_5C18.font.s Fonts/build/GlyphItem/FontItem_7ED8.font.s Fonts/build/GlyphText/FontText_8306.font.s Fonts/build/GlyphItem/FontItem_80AE.font.s Fonts/build/GlyphItem/FontItem_94E0.font.s Fonts/build/GlyphText/FontText_4F83.font.s Fonts/build/GlyphItem/FontItem_5544.font.s Fonts/build/GlyphText/FontText_0060.font.s Fonts/build/GlyphItem/FontItem_96EA.font.s Fonts/build/GlyphItem/FontItem_4F69.font.s Fonts/build/GlyphItem/FontItem_7CCD.font.s Fonts/build/GlyphItem/FontItem_4F30.font.s Fonts/build/GlyphItem/FontItem_665A.font.s Fonts/build/GlyphText/FontText_740F.font.s Fonts/build/GlyphText/FontText_76EE.font.s Fonts/build/GlyphText/FontText_6D1A.font.s Fonts/build/GlyphText/FontText_3066.font.s Fonts/build/GlyphItem/FontItem_95F4.font.s Fonts/build/GlyphItem/FontItem_54D9.font.s Fonts/build/GlyphText/FontText_5B8F.font.s Fonts/build/GlyphText/FontText_905B.font.s Fonts/build/GlyphText/FontText_8317.font.s Fonts/build/GlyphText/FontText_7C73.font.s Fonts/build/GlyphText/FontText_8F89.font.s Fonts/build/GlyphItem/FontItem_6654.font.s Fonts/build/GlyphItem/FontItem_606B.font.s Fonts/build/GlyphItem/FontItem_52BE.font.s Fonts/build/GlyphText/FontText_80F1.font.s Fonts/build/GlyphItem/FontItem_679D.font.s Fonts/build/GlyphItem/FontItem_0038.font.s Fonts/build/GlyphText/FontText_623F.font.s Fonts/build/GlyphText/FontText_629B.font.s Fonts/build/GlyphText/FontText_8BE8.font.s Fonts/build/GlyphItem/FontItem_7889.font.s Fonts/build/GlyphText/FontText_6C41.font.s Fonts/build/GlyphText/FontText_5FE4.font.s Fonts/build/GlyphText/FontText_FF48.font.s Fonts/build/GlyphText/FontText_6B59.font.s Fonts/build/GlyphText/FontText_5955.font.s Fonts/build/GlyphText/FontText_547C.font.s Fonts/build/GlyphText/FontText_53A6.font.s Fonts/build/GlyphText/FontText_30C2.font.s Fonts/build/GlyphText/FontText_9603.font.s Fonts/build/GlyphText/FontText_7B31.font.s Fonts/build/GlyphItem/FontItem_65C3.font.s Fonts/build/GlyphItem/FontItem_674F.font.s Fonts/build/GlyphText/FontText_5406.font.s Fonts/build/GlyphItem/FontItem_7D2B.font.s Fonts/build/GlyphText/FontText_840C.font.s Fonts/build/GlyphText/FontText_54AB.font.s Fonts/build/GlyphText/FontText_5B8B.font.s Fonts/build/GlyphItem/FontItem_5A04.font.s Fonts/build/GlyphItem/FontItem_5DE9.font.s Fonts/build/GlyphText/FontText_8334.font.s Fonts/build/GlyphText/FontText_804B.font.s Fonts/build/GlyphItem/FontItem_59AE.font.s Fonts/build/GlyphItem/FontItem_553F.font.s Fonts/build/GlyphItem/FontItem_795D.font.s Fonts/build/GlyphText/FontText_7A00.font.s Fonts/build/GlyphText/FontText_67D0.font.s Fonts/build/GlyphItem/FontItem_002E.font.s Fonts/build/GlyphText/FontText_6787.font.s Fonts/build/GlyphItem/FontItem_9F0D.font.s Fonts/build/GlyphItem/FontItem_8198.font.s Fonts/build/GlyphItem/FontItem_6D41.font.s Fonts/build/GlyphText/FontText_96C4.font.s Fonts/build/GlyphText/FontText_7F21.font.s Fonts/build/GlyphItem/FontItem_9A98.font.s Fonts/build/GlyphText/FontText_53AD.font.s Fonts/build/GlyphText/FontText_5556.font.s Fonts/build/GlyphText/FontText_546A.font.s Fonts/build/GlyphItem/FontItem_51FF.font.s Fonts/build/GlyphText/FontText_5909.font.s Fonts/build/GlyphItem/FontItem_77EB.font.s Fonts/build/GlyphText/FontText_78F4.font.s Fonts/build/GlyphItem/FontItem_846D.font.s Fonts/build/GlyphItem/FontItem_623D.font.s Fonts/build/GlyphItem/FontItem_5949.font.s Fonts/build/GlyphText/FontText_712F.font.s Fonts/build/GlyphItem/FontItem_60CB.font.s Fonts/build/GlyphText/FontText_6620.font.s Fonts/build/GlyphText/FontText_742A.font.s Fonts/build/GlyphText/FontText_5BF9.font.s Fonts/build/GlyphText/FontText_9E58.font.s Fonts/build/GlyphItem/FontItem_65E8.font.s Fonts/build/GlyphItem/FontItem_8D43.font.s Fonts/build/GlyphText/FontText_84E0.font.s Fonts/build/GlyphItem/FontItem_00EA.font.s Fonts/build/GlyphText/FontText_3085.font.s Fonts/build/GlyphItem/FontItem_76B1.font.s Fonts/build/GlyphItem/FontItem_8AAC.font.s Fonts/build/GlyphText/FontText_9E49.font.s Fonts/build/GlyphItem/FontItem_6EDA.font.s Fonts/build/GlyphItem/FontItem_584D.font.s Fonts/build/GlyphText/FontText_7BC1.font.s Fonts/build/GlyphItem/FontItem_8902.font.s Fonts/build/GlyphText/FontText_94EB.font.s Fonts/build/GlyphText/FontText_51E6.font.s Fonts/build/GlyphText/FontText_62D7.font.s Fonts/build/GlyphItem/FontItem_5B75.font.s Fonts/build/GlyphItem/FontItem_9051.font.s Fonts/build/GlyphText/FontText_5347.font.s Fonts/build/GlyphText/FontText_948E.font.s Fonts/build/GlyphItem/FontItem_9A70.font.s Fonts/build/GlyphText/FontText_9032.font.s Fonts/build/GlyphItem/FontItem_57FD.font.s Fonts/build/GlyphText/FontText_68B0.font.s Fonts/build/GlyphText/FontText_00D2.font.s Fonts/build/GlyphItem/FontItem_809A.font.s Fonts/build/GlyphItem/FontItem_643A.font.s Fonts/build/GlyphText/FontText_916C.font.s Fonts/build/GlyphItem/FontItem_8913.font.s Fonts/build/GlyphText/FontText_8BFD.font.s Fonts/build/GlyphItem/FontItem_8C5A.font.s Fonts/build/GlyphItem/FontItem_FF11.font.s Fonts/build/GlyphItem/FontItem_7C74.font.s Fonts/build/GlyphText/FontText_5976.font.s Fonts/build/GlyphText/FontText_8FA8.font.s Fonts/build/GlyphText/FontText_4E4E.font.s Fonts/build/GlyphItem/FontItem_9AB6.font.s Fonts/build/GlyphText/FontText_840F.font.s Fonts/build/GlyphItem/FontItem_71B1.font.s Fonts/build/GlyphItem/FontItem_9ECD.font.s Fonts/build/GlyphText/FontText_6E0E.font.s Fonts/build/GlyphText/FontText_644A.font.s Fonts/build/GlyphText/FontText_8303.font.s Fonts/build/GlyphText/FontText_9858.font.s Fonts/build/GlyphText/FontText_6769.font.s Fonts/build/GlyphItem/FontItem_4EC0.font.s Fonts/build/GlyphText/FontText_8BF2.font.s Fonts/build/GlyphText/FontText_7316.font.s Fonts/build/GlyphText/FontText_6D51.font.s Fonts/build/GlyphText/FontText_990D.font.s Fonts/build/GlyphText/FontText_626C.font.s Fonts/build/GlyphText/FontText_78B3.font.s Fonts/build/GlyphText/FontText_4F1A.font.s Fonts/build/GlyphItem/FontItem_5353.font.s Fonts/build/GlyphText/FontText_83EF.font.s Fonts/build/GlyphItem/FontItem_5EAD.font.s Fonts/build/GlyphText/FontText_7199.font.s Fonts/build/GlyphText/FontText_76A4.font.s Fonts/build/GlyphText/FontText_9885.font.s Fonts/build/GlyphItem/FontItem_96D2.font.s Fonts/build/GlyphText/FontText_9B43.font.s Fonts/build/GlyphItem/FontItem_6BEB.font.s Fonts/build/GlyphText/FontText_77F3.font.s Fonts/build/GlyphText/FontText_542D.font.s Fonts/build/GlyphItem/FontItem_5CED.font.s Fonts/build/GlyphItem/FontItem_6C74.font.s Fonts/build/GlyphText/FontText_69C1.font.s Fonts/build/GlyphText/FontText_9088.font.s Fonts/build/GlyphItem/FontItem_7809.font.s Fonts/build/GlyphText/FontText_949E.font.s Fonts/build/GlyphText/FontText_917F.font.s Fonts/build/GlyphText/FontText_8D41.font.s Fonts/build/GlyphItem/FontItem_4E5F.font.s Fonts/build/GlyphText/FontText_56DE.font.s Fonts/build/GlyphItem/FontItem_8A95.font.s Fonts/build/GlyphText/FontText_572A.font.s Fonts/build/GlyphItem/FontItem_878D.font.s Fonts/build/GlyphText/FontText_8C05.font.s Fonts/build/GlyphText/FontText_7094.font.s Fonts/build/GlyphItem/FontItem_60B2.font.s Fonts/build/GlyphItem/FontItem_8C2C.font.s Fonts/build/GlyphItem/FontItem_9971.font.s Fonts/build/GlyphItem/FontItem_5527.font.s Fonts/build/GlyphText/FontText_9CD7.font.s Fonts/build/GlyphItem/FontItem_8D58.font.s Fonts/build/GlyphText/FontText_6492.font.s Fonts/build/GlyphText/FontText_951E.font.s Fonts/build/GlyphText/FontText_30A9.font.s Fonts/build/GlyphText/FontText_6E9C.font.s Fonts/build/GlyphItem/FontItem_6700.font.s Fonts/build/GlyphItem/FontItem_6269.font.s Fonts/build/GlyphItem/FontItem_96B7.font.s Fonts/build/GlyphItem/FontItem_5BAA.font.s Fonts/build/GlyphText/FontText_954C.font.s Fonts/build/GlyphItem/FontItem_7B9D.font.s Fonts/build/GlyphText/FontText_6BF5.font.s Fonts/build/GlyphItem/FontItem_90B8.font.s Fonts/build/GlyphItem/FontItem_635E.font.s Fonts/build/GlyphItem/FontItem_5AB2.font.s Fonts/build/GlyphText/FontText_51B4.font.s Fonts/build/GlyphText/FontText_83F8.font.s Fonts/build/GlyphText/FontText_6549.font.s Fonts/build/GlyphItem/FontItem_5482.font.s Fonts/build/GlyphItem/FontItem_867B.font.s Fonts/build/GlyphItem/FontItem_4E93.font.s Fonts/build/GlyphText/FontText_8014.font.s Fonts/build/GlyphText/FontText_8ACC.font.s Fonts/build/GlyphText/FontText_54D7.font.s Fonts/build/GlyphItem/FontItem_9001.font.s Fonts/build/GlyphItem/FontItem_75B5.font.s Fonts/build/GlyphItem/FontItem_5671.font.s Fonts/build/GlyphText/FontText_6212.font.s Fonts/build/GlyphItem/FontItem_79F8.font.s Fonts/build/GlyphItem/FontItem_9AA5.font.s Fonts/build/GlyphItem/FontItem_4F24.font.s Fonts/build/GlyphItem/FontItem_724C.font.s Fonts/build/GlyphItem/FontItem_6DE6.font.s Fonts/build/GlyphItem/FontItem_30B3.font.s Fonts/build/GlyphItem/FontItem_8D2E.font.s Fonts/build/GlyphItem/FontItem_60A8.font.s Fonts/build/GlyphText/FontText_8238.font.s Fonts/build/GlyphItem/FontItem_836E.font.s Fonts/build/GlyphItem/FontItem_5BD2.font.s Fonts/build/GlyphText/FontText_51A0.font.s Fonts/build/GlyphItem/FontItem_FF29.font.s Fonts/build/GlyphText/FontText_540C.font.s Fonts/build/GlyphItem/FontItem_5A9B.font.s Fonts/build/GlyphText/FontText_94E8.font.s Fonts/build/GlyphItem/FontItem_8C23.font.s Fonts/build/GlyphItem/FontItem_67F4.font.s Fonts/build/GlyphText/FontText_8E23.font.s Fonts/build/GlyphText/FontText_777F.font.s Fonts/build/GlyphItem/FontItem_00F6.font.s Fonts/build/GlyphText/FontText_68AF.font.s Fonts/build/GlyphItem/FontItem_8556.font.s Fonts/build/GlyphItem/FontItem_4F2B.font.s Fonts/build/GlyphText/FontText_4FA8.font.s Fonts/build/GlyphText/FontText_0077.font.s Fonts/build/GlyphItem/FontItem_7504.font.s Fonts/build/GlyphText/FontText_30D4.font.s Fonts/build/GlyphText/FontText_777E.font.s Fonts/build/GlyphText/FontText_785D.font.s Fonts/build/GlyphItem/FontItem_6FDE.font.s Fonts/build/GlyphText/FontText_64A9.font.s Fonts/build/GlyphText/FontText_8C4A.font.s Fonts/build/GlyphItem/FontItem_7638.font.s Fonts/build/GlyphItem/FontItem_4F3A.font.s Fonts/build/GlyphText/FontText_62F7.font.s Fonts/build/GlyphText/FontText_7F0B.font.s Fonts/build/GlyphItem/FontItem_9B4D.font.s Fonts/build/GlyphItem/FontItem_7F68.font.s Fonts/build/GlyphText/FontText_72B4.font.s Fonts/build/GlyphItem/FontItem_574F.font.s Fonts/build/GlyphText/FontText_9CCA.font.s Fonts/build/GlyphItem/FontItem_62B1.font.s Fonts/build/GlyphText/FontText_7B54.font.s Fonts/build/GlyphText/FontText_71E0.font.s Fonts/build/GlyphItem/FontItem_9EBB.font.s Fonts/build/GlyphItem/FontItem_8FF9.font.s Fonts/build/GlyphItem/FontItem_7A4D.font.s Fonts/build/GlyphText/FontText_515A.font.s Fonts/build/GlyphText/FontText_8A2D.font.s Fonts/build/GlyphText/FontText_7ED7.font.s Fonts/build/GlyphItem/FontItem_586C.font.s Fonts/build/GlyphItem/FontItem_6AAB.font.s Fonts/build/GlyphItem/FontItem_7B2B.font.s Fonts/build/GlyphItem/FontItem_86F8.font.s Fonts/build/GlyphItem/FontItem_96E8.font.s Fonts/build/GlyphText/FontText_8042.font.s Fonts/build/GlyphItem/FontItem_698D.font.s Fonts/build/GlyphItem/FontItem_987D.font.s Fonts/build/GlyphText/FontText_5B0C.font.s Fonts/build/GlyphItem/FontItem_9044.font.s Fonts/build/GlyphText/FontText_7897.font.s Fonts/build/GlyphText/FontText_4F7F.font.s Fonts/build/GlyphItem/FontItem_8E69.font.s Fonts/build/GlyphText/FontText_2018.font.s Fonts/build/GlyphText/FontText_8D60.font.s Fonts/build/GlyphItem/FontItem_5233.font.s Fonts/build/GlyphItem/FontItem_5203.font.s Fonts/build/GlyphItem/FontItem_7B14.font.s Fonts/build/GlyphText/FontText_9760.font.s Fonts/build/GlyphItem/FontItem_5925.font.s Fonts/build/GlyphItem/FontItem_8549.font.s Fonts/build/GlyphItem/FontItem_804C.font.s Fonts/build/GlyphItem/FontItem_9AA1.font.s Fonts/build/GlyphItem/FontItem_72EE.font.s Fonts/build/GlyphItem/FontItem_78F2.font.s Fonts/build/GlyphText/FontText_4EE1.font.s Fonts/build/GlyphItem/FontItem_66B4.font.s Fonts/build/GlyphText/FontText_97AD.font.s Fonts/build/GlyphItem/FontItem_006F.font.s Fonts/build/GlyphText/FontText_6842.font.s Fonts/build/GlyphItem/FontItem_7338.font.s Fonts/build/GlyphText/FontText_82DF.font.s Fonts/build/GlyphItem/FontItem_6930.font.s Fonts/build/GlyphText/FontText_4F3C.font.s Fonts/build/GlyphItem/FontItem_6BB5.font.s Fonts/build/GlyphItem/FontItem_56A3.font.s Fonts/build/GlyphItem/FontItem_5541.font.s Fonts/build/GlyphItem/FontItem_8BAE.font.s Fonts/build/GlyphItem/FontItem_533A.font.s Fonts/build/GlyphText/FontText_7528.font.s Fonts/build/GlyphItem/FontItem_83FD.font.s Fonts/build/GlyphItem/FontItem_6E09.font.s Fonts/build/GlyphText/FontText_7FD4.font.s Fonts/build/GlyphText/FontText_6C5A.font.s Fonts/build/GlyphText/FontText_9190.font.s Fonts/build/GlyphText/FontText_7747.font.s Fonts/build/GlyphItem/FontItem_5BB0.font.s Fonts/build/GlyphItem/FontItem_565B.font.s Fonts/build/GlyphItem/FontItem_8398.font.s Fonts/build/GlyphItem/FontItem_82E6.font.s Fonts/build/GlyphText/FontText_86F2.font.s Fonts/build/GlyphText/FontText_556C.font.s Fonts/build/GlyphItem/FontItem_804A.font.s Fonts/build/GlyphText/FontText_64A4.font.s Fonts/build/GlyphItem/FontItem_5AD6.font.s Fonts/build/GlyphText/FontText_502A.font.s Fonts/build/GlyphItem/FontItem_574E.font.s Fonts/build/GlyphText/FontText_60B2.font.s Fonts/build/GlyphText/FontText_6059.font.s Fonts/build/GlyphText/FontText_7B5A.font.s Fonts/build/GlyphText/FontText_8249.font.s Fonts/build/GlyphItem/FontItem_89C5.font.s Fonts/build/GlyphItem/FontItem_7583.font.s Fonts/build/GlyphText/FontText_5D3D.font.s Fonts/build/GlyphItem/FontItem_79C3.font.s Fonts/build/GlyphItem/FontItem_7FA7.font.s Fonts/build/GlyphItem/FontItem_709C.font.s Fonts/build/GlyphText/FontText_8C29.font.s Fonts/build/GlyphItem/FontItem_561F.font.s Fonts/build/GlyphItem/FontItem_948D.font.s Fonts/build/GlyphText/FontText_5E8F.font.s Fonts/build/GlyphText/FontText_51EA.font.s Fonts/build/GlyphText/FontText_30F6.font.s Fonts/build/GlyphItem/FontItem_4E15.font.s Fonts/build/GlyphText/FontText_8BA0.font.s Fonts/build/GlyphItem/FontItem_989A.font.s Fonts/build/GlyphText/FontText_8212.font.s Fonts/build/GlyphText/FontText_8D3C.font.s Fonts/build/GlyphText/FontText_56DF.font.s Fonts/build/GlyphText/FontText_997D.font.s Fonts/build/GlyphItem/FontItem_5DDD.font.s Fonts/build/GlyphItem/FontItem_5F85.font.s Fonts/build/GlyphText/FontText_7ACB.font.s Fonts/build/GlyphText/FontText_82EB.font.s Fonts/build/GlyphItem/FontItem_886B.font.s Fonts/build/GlyphText/FontText_640C.font.s Fonts/build/GlyphText/FontText_4F50.font.s Fonts/build/GlyphText/FontText_548F.font.s Fonts/build/GlyphItem/FontItem_4FA3.font.s Fonts/build/GlyphText/FontText_9B44.font.s Fonts/build/GlyphItem/FontItem_62A8.font.s Fonts/build/GlyphItem/FontItem_6A50.font.s Fonts/build/GlyphText/FontText_6055.font.s Fonts/build/GlyphText/FontText_6496.font.s Fonts/build/GlyphText/FontText_98D9.font.s Fonts/build/GlyphText/FontText_781F.font.s Fonts/build/GlyphText/FontText_5820.font.s Fonts/build/GlyphItem/FontItem_8182.font.s Fonts/build/GlyphItem/FontItem_7481.font.s Fonts/build/GlyphItem/FontItem_4EA4.font.s Fonts/build/GlyphItem/FontItem_788D.font.s Fonts/build/GlyphItem/FontItem_4E3D.font.s Fonts/build/GlyphText/FontText_8BEB.font.s Fonts/build/GlyphText/FontText_5C4E.font.s Fonts/build/GlyphItem/FontItem_004E.font.s Fonts/build/GlyphItem/FontItem_9EE7.font.s Fonts/build/GlyphText/FontText_96D2.font.s Fonts/build/GlyphItem/FontItem_5A9E.font.s Fonts/build/GlyphItem/FontItem_6963.font.s Fonts/build/GlyphText/FontText_60AD.font.s Fonts/build/GlyphText/FontText_59D3.font.s Fonts/build/GlyphItem/FontItem_83B4.font.s Fonts/build/GlyphText/FontText_96A0.font.s Fonts/build/GlyphItem/FontItem_819D.font.s Fonts/build/GlyphItem/FontItem_86A9.font.s Fonts/build/GlyphItem/FontItem_89C8.font.s Fonts/build/GlyphItem/FontItem_8247.font.s Fonts/build/GlyphItem/FontItem_8C27.font.s Fonts/build/GlyphText/FontText_732A.font.s Fonts/build/GlyphItem/FontItem_55BE.font.s Fonts/build/GlyphItem/FontItem_5099.font.s Fonts/build/GlyphItem/FontItem_58C5.font.s Fonts/build/GlyphText/FontText_3063.font.s Fonts/build/GlyphItem/FontItem_5811.font.s Fonts/build/GlyphItem/FontItem_94AF.font.s Fonts/build/GlyphItem/FontItem_65AC.font.s Fonts/build/GlyphItem/FontItem_68A7.font.s Fonts/build/GlyphText/FontText_7A86.font.s Fonts/build/GlyphText/FontText_8C98.font.s Fonts/build/GlyphText/FontText_7F23.font.s Fonts/build/GlyphText/FontText_82CF.font.s Fonts/build/GlyphItem/FontItem_7F11.font.s Fonts/build/GlyphText/FontText_6035.font.s Fonts/build/GlyphText/FontText_9F87.font.s Fonts/build/GlyphItem/FontItem_5840.font.s Fonts/build/GlyphText/FontText_9055.font.s Fonts/build/GlyphItem/FontItem_6A58.font.s Fonts/build/GlyphItem/FontItem_7430.font.s Fonts/build/GlyphItem/FontItem_9606.font.s Fonts/build/GlyphItem/FontItem_8BC4.font.s Fonts/build/GlyphText/FontText_56ED.font.s Fonts/build/GlyphItem/FontItem_5598.font.s Fonts/build/GlyphItem/FontItem_3041.font.s Fonts/build/GlyphText/FontText_767E.font.s Fonts/build/GlyphText/FontText_731E.font.s Fonts/build/GlyphText/FontText_87AF.font.s Fonts/build/GlyphText/FontText_FF2B.font.s Fonts/build/GlyphItem/FontItem_6620.font.s Fonts/build/GlyphText/FontText_8C6B.font.s Fonts/build/GlyphText/FontText_8350.font.s Fonts/build/GlyphText/FontText_72F2.font.s Fonts/build/GlyphText/FontText_8BF3.font.s Fonts/build/GlyphText/FontText_8307.font.s Fonts/build/GlyphItem/FontItem_0052.font.s Fonts/build/GlyphItem/FontItem_8A8D.font.s Fonts/build/GlyphItem/FontItem_9ED8.font.s Fonts/build/GlyphItem/FontItem_67DE.font.s Fonts/build/GlyphItem/FontItem_7119.font.s Fonts/build/GlyphText/FontText_6988.font.s Fonts/build/GlyphItem/FontItem_8C0F.font.s Fonts/build/GlyphText/FontText_8015.font.s Fonts/build/GlyphText/FontText_614C.font.s Fonts/build/GlyphText/FontText_90CF.font.s Fonts/build/GlyphItem/FontItem_530F.font.s Fonts/build/GlyphText/FontText_5C14.font.s Fonts/build/GlyphText/FontText_7B4C.font.s Fonts/build/GlyphText/FontText_672F.font.s Fonts/build/GlyphItem/FontItem_8328.font.s Fonts/build/GlyphItem/FontItem_8E29.font.s Fonts/build/GlyphItem/FontItem_63F2.font.s Fonts/build/GlyphItem/FontItem_81CC.font.s Fonts/build/GlyphText/FontText_6C88.font.s Fonts/build/GlyphText/FontText_7C9C.font.s Fonts/build/GlyphItem/FontItem_4F43.font.s Fonts/build/GlyphText/FontText_821E.font.s Fonts/build/GlyphItem/FontItem_6808.font.s Fonts/build/GlyphText/FontText_6A1F.font.s Fonts/build/GlyphItem/FontItem_5B9A.font.s Fonts/build/GlyphText/FontText_6FE0.font.s Fonts/build/GlyphText/FontText_94E3.font.s Fonts/build/GlyphText/FontText_7A02.font.s Fonts/build/GlyphText/FontText_7540.font.s Fonts/build/GlyphItem/FontItem_4F5D.font.s Fonts/build/GlyphItem/FontItem_600E.font.s Fonts/build/GlyphItem/FontItem_963C.font.s Fonts/build/GlyphText/FontText_9E3E.font.s Fonts/build/GlyphItem/FontItem_765C.font.s Fonts/build/GlyphText/FontText_626E.font.s Fonts/build/GlyphItem/FontItem_4E9A.font.s Fonts/build/GlyphItem/FontItem_FF56.font.s Fonts/build/GlyphText/FontText_4E5C.font.s Fonts/build/GlyphItem/FontItem_56DD.font.s Fonts/build/GlyphText/FontText_5851.font.s Fonts/build/GlyphItem/FontItem_5048.font.s Fonts/build/GlyphText/FontText_5802.font.s Fonts/build/GlyphItem/FontItem_8DDF.font.s Fonts/build/GlyphItem/FontItem_87F9.font.s Fonts/build/GlyphItem/FontItem_5530.font.s Fonts/build/GlyphItem/FontItem_9802.font.s Fonts/build/GlyphText/FontText_8BB6.font.s Fonts/build/GlyphText/FontText_82A9.font.s Fonts/build/GlyphText/FontText_6388.font.s Fonts/build/GlyphText/FontText_6B46.font.s Fonts/build/GlyphItem/FontItem_7BC0.font.s Fonts/build/GlyphItem/FontItem_5F79.font.s Fonts/build/GlyphItem/FontItem_9910.font.s Fonts/build/GlyphItem/FontItem_84BA.font.s Fonts/build/GlyphItem/FontItem_676F.font.s Fonts/build/GlyphItem/FontItem_9617.font.s Fonts/build/GlyphText/FontText_67B3.font.s Fonts/build/GlyphText/FontText_9506.font.s Fonts/build/GlyphText/FontText_961A.font.s Fonts/build/GlyphText/FontText_99A8.font.s Fonts/build/GlyphItem/FontItem_70EC.font.s Fonts/build/GlyphText/FontText_9E43.font.s Fonts/build/GlyphText/FontText_798F.font.s Fonts/build/GlyphItem/FontItem_2014.font.s Fonts/build/GlyphItem/FontItem_95EA.font.s Fonts/build/GlyphText/FontText_68C2.font.s Fonts/build/GlyphText/FontText_8BA2.font.s Fonts/build/GlyphItem/FontItem_8146.font.s Fonts/build/GlyphText/FontText_79E4.font.s Fonts/build/GlyphItem/FontItem_8D30.font.s Fonts/build/GlyphItem/FontItem_6787.font.s Fonts/build/GlyphText/FontText_73AE.font.s Fonts/build/GlyphItem/FontItem_5E95.font.s Fonts/build/GlyphText/FontText_54D9.font.s Fonts/build/GlyphItem/FontItem_9530.font.s Fonts/build/GlyphText/FontText_5F73.font.s Fonts/build/GlyphItem/FontItem_5CA2.font.s Fonts/build/GlyphText/FontText_6C68.font.s Fonts/build/GlyphItem/FontItem_5471.font.s Fonts/build/GlyphItem/FontItem_9CAD.font.s Fonts/build/GlyphText/FontText_5929.font.s Fonts/build/GlyphItem/FontItem_7FFB.font.s Fonts/build/GlyphText/FontText_8C1C.font.s Fonts/build/GlyphItem/FontItem_0040.font.s Fonts/build/GlyphText/FontText_5D6C.font.s Fonts/build/GlyphText/FontText_7960.font.s Fonts/build/GlyphText/FontText_804D.font.s Fonts/build/GlyphItem/FontItem_845C.font.s Fonts/build/GlyphItem/FontItem_006D.font.s Fonts/build/GlyphText/FontText_9E22.font.s Fonts/build/GlyphItem/FontItem_00D3.font.s Fonts/build/GlyphText/FontText_7F42.font.s Fonts/build/GlyphItem/FontItem_85EA.font.s Fonts/build/GlyphText/FontText_8F6D.font.s Fonts/build/GlyphItem/FontItem_90D0.font.s Fonts/build/GlyphText/FontText_718A.font.s Fonts/build/GlyphItem/FontItem_8BE6.font.s Fonts/build/GlyphText/FontText_589E.font.s Fonts/build/GlyphText/FontText_6897.font.s Fonts/build/GlyphText/FontText_55D6.font.s Fonts/build/GlyphItem/FontItem_8E0F.font.s Fonts/build/GlyphItem/FontItem_7E54.font.s Fonts/build/GlyphItem/FontItem_0020.font.s Fonts/build/GlyphText/FontText_8FEA.font.s Fonts/build/GlyphItem/FontItem_7985.font.s Fonts/build/GlyphText/FontText_7893.font.s Fonts/build/GlyphText/FontText_8A3C.font.s Fonts/build/GlyphItem/FontItem_7EA7.font.s Fonts/build/GlyphItem/FontItem_75F0.font.s Fonts/build/GlyphItem/FontItem_5339.font.s Fonts/build/GlyphItem/FontItem_82B3.font.s Fonts/build/GlyphItem/FontItem_9887.font.s Fonts/build/GlyphItem/FontItem_996E.font.s Fonts/build/GlyphText/FontText_70C8.font.s Fonts/build/GlyphItem/FontItem_762A.font.s Fonts/build/GlyphText/FontText_721B.font.s Fonts/build/GlyphItem/FontItem_62D7.font.s Fonts/build/GlyphItem/FontItem_621F.font.s Fonts/build/GlyphText/FontText_6A2F.font.s Fonts/build/GlyphText/FontText_739F.font.s Fonts/build/GlyphText/FontText_77ED.font.s Fonts/build/GlyphText/FontText_94A0.font.s Fonts/build/GlyphItem/FontItem_6839.font.s Fonts/build/GlyphText/FontText_6F22.font.s Fonts/build/GlyphText/FontText_7F9A.font.s Fonts/build/GlyphText/FontText_6D6F.font.s Fonts/build/GlyphItem/FontItem_814C.font.s Fonts/build/GlyphText/FontText_6994.font.s Fonts/build/GlyphItem/FontItem_52DF.font.s Fonts/build/GlyphText/FontText_7BD9.font.s Fonts/build/GlyphItem/FontItem_5E7E.font.s Fonts/build/GlyphItem/FontItem_5C2C.font.s Fonts/build/GlyphItem/FontItem_5BEE.font.s Fonts/build/GlyphText/FontText_002E.font.s Fonts/build/GlyphItem/FontItem_58EB.font.s Fonts/build/GlyphText/FontText_6E07.font.s Fonts/build/GlyphText/FontText_6930.font.s Fonts/build/GlyphItem/FontItem_988F.font.s Fonts/build/GlyphText/FontText_6D5A.font.s Fonts/build/GlyphItem/FontItem_81C6.font.s Fonts/build/GlyphText/FontText_5B62.font.s Fonts/build/GlyphItem/FontItem_55E6.font.s Fonts/build/GlyphItem/FontItem_5676.font.s Fonts/build/GlyphItem/FontItem_FF0C.font.s Fonts/build/GlyphItem/FontItem_86CE.font.s Fonts/build/GlyphText/FontText_575A.font.s Fonts/build/GlyphText/FontText_9794.font.s Fonts/build/GlyphItem/FontItem_51F3.font.s Fonts/build/GlyphText/FontText_8E8F.font.s Fonts/build/GlyphItem/FontItem_52F9.font.s Fonts/build/GlyphItem/FontItem_FF36.font.s Fonts/build/GlyphItem/FontItem_50BA.font.s Fonts/build/GlyphText/FontText_6DA9.font.s Fonts/build/GlyphText/FontText_6EAF.font.s Fonts/build/GlyphText/FontText_6F8D.font.s Fonts/build/GlyphItem/FontItem_0028.font.s Fonts/build/GlyphText/FontText_614E.font.s Fonts/build/GlyphText/FontText_5C6E.font.s Fonts/build/GlyphText/FontText_8B66.font.s Fonts/build/GlyphItem/FontItem_61D4.font.s Fonts/build/GlyphText/FontText_8FF7.font.s Fonts/build/GlyphText/FontText_97E9.font.s Fonts/build/GlyphText/FontText_9AF9.font.s Fonts/build/GlyphItem/FontItem_9E71.font.s Fonts/build/GlyphText/FontText_53A2.font.s Fonts/build/GlyphItem/FontItem_5BDD.font.s Fonts/build/GlyphText/FontText_6279.font.s Fonts/build/GlyphText/FontText_5531.font.s Fonts/build/GlyphItem/FontItem_7599.font.s Fonts/build/GlyphText/FontText_8A5E.font.s Fonts/build/GlyphItem/FontItem_6C60.font.s Fonts/build/GlyphItem/FontItem_FF25.font.s Fonts/build/GlyphText/FontText_5473.font.s Fonts/build/GlyphItem/FontItem_75AF.font.s Fonts/build/GlyphText/FontText_62F4.font.s Fonts/build/GlyphText/FontText_89DE.font.s Fonts/build/GlyphText/FontText_4FE8.font.s Fonts/build/GlyphText/FontText_6B27.font.s Fonts/build/GlyphText/FontText_5C9A.font.s Fonts/build/GlyphItem/FontItem_664F.font.s Fonts/build/GlyphItem/FontItem_6F22.font.s Fonts/build/GlyphText/FontText_6C28.font.s Fonts/build/GlyphItem/FontItem_4E18.font.s Fonts/build/GlyphText/FontText_8629.font.s Fonts/build/GlyphText/FontText_53F3.font.s Fonts/build/GlyphItem/FontItem_94FF.font.s Fonts/build/GlyphText/FontText_679D.font.s Fonts/build/GlyphText/FontText_8354.font.s Fonts/build/GlyphText/FontText_76C6.font.s Fonts/build/GlyphText/FontText_5317.font.s Fonts/build/GlyphText/FontText_9C90.font.s Fonts/build/GlyphText/FontText_9021.font.s Fonts/build/GlyphItem/FontItem_5E1B.font.s Fonts/build/GlyphItem/FontItem_53E1.font.s Fonts/build/GlyphItem/FontItem_5A01.font.s Fonts/build/GlyphItem/FontItem_7D99.font.s Fonts/build/GlyphText/FontText_722A.font.s Fonts/build/GlyphText/FontText_5CBD.font.s Fonts/build/GlyphText/FontText_6B81.font.s Fonts/build/GlyphText/FontText_5BFA.font.s Fonts/build/GlyphItem/FontItem_56DA.font.s Fonts/build/GlyphText/FontText_51E1.font.s Fonts/build/GlyphItem/FontItem_88C2.font.s Fonts/build/GlyphText/FontText_5BF0.font.s Fonts/build/GlyphItem/FontItem_8A98.font.s Fonts/build/GlyphItem/FontItem_FF30.font.s Fonts/build/GlyphText/FontText_5FAA.font.s Fonts/build/GlyphItem/FontItem_798F.font.s Fonts/build/GlyphItem/FontItem_789B.font.s Fonts/build/GlyphItem/FontItem_6302.font.s Fonts/build/GlyphItem/FontItem_7EE3.font.s Fonts/build/GlyphItem/FontItem_7C9D.font.s Fonts/build/GlyphText/FontText_9EDB.font.s Fonts/build/GlyphText/FontText_7F85.font.s Fonts/build/GlyphItem/FontItem_5173.font.s Fonts/build/GlyphItem/FontItem_539D.font.s Fonts/build/GlyphItem/FontItem_7624.font.s Fonts/build/GlyphText/FontText_83DC.font.s Fonts/build/GlyphItem/FontItem_94B5.font.s Fonts/build/GlyphText/FontText_006A.font.s Fonts/build/GlyphItem/FontItem_00F8.font.s Fonts/build/GlyphText/FontText_9551.font.s Fonts/build/GlyphItem/FontItem_914D.font.s Fonts/build/GlyphText/FontText_8EE2.font.s Fonts/build/GlyphText/FontText_64CD.font.s Fonts/build/GlyphItem/FontItem_82C8.font.s Fonts/build/GlyphItem/FontItem_505C.font.s Fonts/build/GlyphText/FontText_837C.font.s Fonts/build/GlyphItem/FontItem_5472.font.s Fonts/build/GlyphText/FontText_68B5.font.s Fonts/build/GlyphItem/FontItem_7578.font.s Fonts/build/GlyphItem/FontItem_9564.font.s Fonts/build/GlyphText/FontText_2265.font.s Fonts/build/GlyphText/FontText_745F.font.s Fonts/build/GlyphText/FontText_6FA1.font.s Fonts/build/GlyphText/FontText_7F2E.font.s Fonts/build/GlyphItem/FontItem_5664.font.s Fonts/build/GlyphItem/FontItem_3002.font.s Fonts/build/GlyphItem/FontItem_540A.font.s Fonts/build/GlyphItem/FontItem_5202.font.s Fonts/build/GlyphText/FontText_7529.font.s Fonts/build/GlyphText/FontText_884C.font.s Fonts/build/GlyphText/FontText_6CE0.font.s Fonts/build/GlyphItem/FontItem_6A2F.font.s Fonts/build/GlyphText/FontText_6B3E.font.s Fonts/build/GlyphText/FontText_8AC7.font.s Fonts/build/GlyphItem/FontItem_6E24.font.s Fonts/build/GlyphText/FontText_8FF3.font.s Fonts/build/GlyphItem/FontItem_7110.font.s Fonts/build/GlyphItem/FontItem_9E92.font.s Fonts/build/GlyphItem/FontItem_5F8B.font.s Fonts/build/GlyphText/FontText_98CE.font.s Fonts/build/GlyphText/FontText_6C22.font.s Fonts/build/GlyphText/FontText_9E5E.font.s Fonts/build/GlyphText/FontText_69DF.font.s Fonts/build/GlyphItem/FontItem_6DDE.font.s Fonts/build/GlyphItem/FontItem_0039.font.s Fonts/build/GlyphText/FontText_9E3F.font.s Fonts/build/GlyphText/FontText_FF3A.font.s Fonts/build/GlyphItem/FontItem_69B7.font.s Fonts/build/GlyphItem/FontItem_79C0.font.s Fonts/build/GlyphText/FontText_676F.font.s Fonts/build/GlyphText/FontText_9A87.font.s Fonts/build/GlyphText/FontText_621A.font.s Fonts/build/GlyphItem/FontItem_603C.font.s Fonts/build/GlyphText/FontText_5237.font.s Fonts/build/GlyphItem/FontItem_5642.font.s Fonts/build/GlyphText/FontText_6539.font.s Fonts/build/GlyphText/FontText_4FEE.font.s Fonts/build/GlyphText/FontText_5431.font.s Fonts/build/GlyphItem/FontItem_4EC4.font.s Fonts/build/GlyphItem/FontItem_801C.font.s Fonts/build/GlyphText/FontText_8A33.font.s Fonts/build/GlyphText/FontText_54ED.font.s Fonts/build/GlyphText/FontText_8A23.font.s Fonts/build/GlyphText/FontText_9F51.font.s Fonts/build/GlyphItem/FontItem_7B04.font.s Fonts/build/GlyphItem/FontItem_7656.font.s Fonts/build/GlyphText/FontText_5B5C.font.s Fonts/build/GlyphText/FontText_6854.font.s Fonts/build/GlyphText/FontText_8FC2.font.s Fonts/build/GlyphText/FontText_9CDC.font.s Fonts/build/GlyphItem/FontItem_8010.font.s Fonts/build/GlyphItem/FontItem_62FC.font.s Fonts/build/GlyphText/FontText_4FAE.font.s Fonts/build/GlyphItem/FontItem_781D.font.s Fonts/build/GlyphItem/FontItem_6CD7.font.s Fonts/build/GlyphText/FontText_584D.font.s Fonts/build/GlyphText/FontText_4F0E.font.s Fonts/build/GlyphText/FontText_83C5.font.s Fonts/build/GlyphText/FontText_7ED2.font.s Fonts/build/GlyphItem/FontItem_55F2.font.s Fonts/build/GlyphText/FontText_9A71.font.s Fonts/build/GlyphText/FontText_8BC6.font.s Fonts/build/GlyphItem/FontItem_60D5.font.s Fonts/build/GlyphItem/FontItem_6F4B.font.s Fonts/build/GlyphItem/FontItem_6DC5.font.s Fonts/build/GlyphItem/FontItem_8C18.font.s Fonts/build/GlyphText/FontText_89B3.font.s Fonts/build/GlyphItem/FontItem_7A62.font.s Fonts/build/GlyphText/FontText_67A0.font.s Fonts/build/GlyphItem/FontItem_549B.font.s Fonts/build/GlyphItem/FontItem_6237.font.s Fonts/build/GlyphItem/FontItem_952F.font.s Fonts/build/GlyphText/FontText_558F.font.s Fonts/build/GlyphItem/FontItem_7594.font.s Fonts/build/GlyphItem/FontItem_9C94.font.s Fonts/build/GlyphText/FontText_9738.font.s Fonts/build/GlyphText/FontText_8A2A.font.s Fonts/build/GlyphItem/FontItem_781A.font.s Fonts/build/GlyphText/FontText_5CB8.font.s Fonts/build/GlyphItem/FontItem_8731.font.s Fonts/build/GlyphText/FontText_9573.font.s Fonts/build/GlyphText/FontText_7D2B.font.s Fonts/build/GlyphItem/FontItem_0439.font.s Fonts/build/GlyphItem/FontItem_7426.font.s Fonts/build/GlyphText/FontText_5D0E.font.s Fonts/build/GlyphText/FontText_5282.font.s Fonts/build/GlyphItem/FontItem_80C1.font.s Fonts/build/GlyphText/FontText_4F10.font.s Fonts/build/GlyphItem/FontItem_7F71.font.s Fonts/build/GlyphText/FontText_30BF.font.s Fonts/build/GlyphText/FontText_6C24.font.s Fonts/build/GlyphText/FontText_85D5.font.s Fonts/build/GlyphItem/FontItem_884D.font.s Fonts/build/GlyphItem/FontItem_6B63.font.s Fonts/build/GlyphText/FontText_7CD5.font.s Fonts/build/GlyphText/FontText_5B9C.font.s Fonts/build/GlyphItem/FontItem_03A4.font.s Fonts/build/GlyphItem/FontItem_953A.font.s Fonts/build/GlyphItem/FontItem_9573.font.s Fonts/build/GlyphText/FontText_501A.font.s Fonts/build/GlyphText/FontText_7DB2.font.s Fonts/build/GlyphItem/FontItem_54E6.font.s Fonts/build/GlyphItem/FontItem_7C16.font.s Fonts/build/GlyphText/FontText_84B4.font.s Fonts/build/GlyphItem/FontItem_5085.font.s Fonts/build/GlyphText/FontText_8096.font.s Fonts/build/GlyphItem/FontItem_6162.font.s Fonts/build/GlyphItem/FontItem_6D1B.font.s Fonts/build/GlyphText/FontText_5300.font.s Fonts/build/GlyphText/FontText_9667.font.s Fonts/build/GlyphText/FontText_536E.font.s Fonts/build/GlyphText/FontText_8F7D.font.s Fonts/build/GlyphText/FontText_549D.font.s Fonts/build/GlyphItem/FontItem_9280.font.s Fonts/build/GlyphText/FontText_972A.font.s Fonts/build/GlyphItem/FontItem_9A9E.font.s Fonts/build/GlyphText/FontText_9152.font.s Fonts/build/GlyphItem/FontItem_62C2.font.s Fonts/build/GlyphText/FontText_79F8.font.s Fonts/build/GlyphItem/FontItem_53CD.font.s Fonts/build/GlyphItem/FontItem_72CE.font.s Fonts/build/GlyphItem/FontItem_558B.font.s Fonts/build/GlyphItem/FontItem_8230.font.s Fonts/build/GlyphItem/FontItem_7EB0.font.s Fonts/build/GlyphText/FontText_5A07.font.s Fonts/build/GlyphText/FontText_78EC.font.s Fonts/build/GlyphText/FontText_6C89.font.s Fonts/build/GlyphItem/FontItem_635C.font.s Fonts/build/GlyphItem/FontItem_7A39.font.s Fonts/build/GlyphItem/FontItem_680E.font.s Fonts/build/GlyphText/FontText_62DC.font.s Fonts/build/GlyphItem/FontItem_9055.font.s Fonts/build/GlyphItem/FontItem_5370.font.s Fonts/build/GlyphItem/FontItem_5948.font.s Fonts/build/GlyphItem/FontItem_8F8F.font.s Fonts/build/GlyphText/FontText_818A.font.s Fonts/build/GlyphItem/FontItem_7BC9.font.s Fonts/build/GlyphItem/FontItem_4E47.font.s Fonts/build/GlyphItem/FontItem_8585.font.s Fonts/build/GlyphText/FontText_70F7.font.s Fonts/build/GlyphItem/FontItem_8BF2.font.s Fonts/build/GlyphText/FontText_6BEA.font.s Fonts/build/GlyphText/FontText_950C.font.s Fonts/build/GlyphItem/FontItem_5E5E.font.s Fonts/build/GlyphItem/FontItem_6369.font.s Fonts/build/GlyphItem/FontItem_300A.font.s Fonts/build/GlyphText/FontText_7647.font.s Fonts/build/GlyphItem/FontItem_6A59.font.s Fonts/build/GlyphText/FontText_5DDB.font.s Fonts/build/GlyphText/FontText_00E6.font.s Fonts/build/GlyphText/FontText_777D.font.s Fonts/build/GlyphItem/FontItem_5576.font.s Fonts/build/GlyphItem/FontItem_7513.font.s Fonts/build/GlyphText/FontText_75E6.font.s Fonts/build/GlyphText/FontText_72ED.font.s Fonts/build/GlyphItem/FontItem_5A7F.font.s Fonts/build/GlyphItem/FontItem_90E2.font.s Fonts/build/GlyphItem/FontItem_4FE1.font.s Fonts/build/GlyphItem/FontItem_6D9D.font.s Fonts/build/GlyphText/FontText_96E8.font.s Fonts/build/GlyphText/FontText_5293.font.s Fonts/build/GlyphItem/FontItem_675E.font.s Fonts/build/GlyphItem/FontItem_640F.font.s Fonts/build/GlyphItem/FontItem_6D3E.font.s Fonts/build/GlyphText/FontText_86DB.font.s Fonts/build/GlyphText/FontText_8331.font.s Fonts/build/GlyphText/FontText_6E43.font.s Fonts/build/GlyphText/FontText_5216.font.s Fonts/build/GlyphItem/FontItem_62DB.font.s Fonts/build/GlyphItem/FontItem_95F3.font.s Fonts/build/GlyphText/FontText_6C17.font.s Fonts/build/GlyphItem/FontItem_725B.font.s Fonts/build/GlyphItem/FontItem_6C47.font.s Fonts/build/GlyphText/FontText_84E5.font.s Fonts/build/GlyphItem/FontItem_68CB.font.s Fonts/build/GlyphText/FontText_77E9.font.s Fonts/build/GlyphText/FontText_9954.font.s Fonts/build/GlyphText/FontText_67D8.font.s Fonts/build/GlyphText/FontText_57A2.font.s Fonts/build/GlyphItem/FontItem_4F0E.font.s Fonts/build/GlyphText/FontText_5A13.font.s Fonts/build/GlyphText/FontText_78F2.font.s Fonts/build/GlyphItem/FontItem_9B03.font.s Fonts/build/GlyphItem/FontItem_94F8.font.s Fonts/build/GlyphText/FontText_7BA7.font.s Fonts/build/GlyphItem/FontItem_98DF.font.s Fonts/build/GlyphItem/FontItem_5484.font.s Fonts/build/GlyphText/FontText_4E73.font.s Fonts/build/GlyphItem/FontItem_578B.font.s Fonts/build/GlyphText/FontText_5C45.font.s Fonts/build/GlyphItem/FontItem_8346.font.s Fonts/build/GlyphText/FontText_60D1.font.s Fonts/build/GlyphText/FontText_4F64.font.s Fonts/build/GlyphItem/FontItem_82CB.font.s Fonts/build/GlyphItem/FontItem_65A1.font.s Fonts/build/GlyphItem/FontItem_6CCA.font.s Fonts/build/GlyphItem/FontItem_7763.font.s Fonts/build/GlyphItem/FontItem_674E.font.s Fonts/build/GlyphText/FontText_5942.font.s Fonts/build/GlyphItem/FontItem_6F06.font.s Fonts/build/GlyphText/FontText_5DE3.font.s Fonts/build/GlyphItem/FontItem_5BC5.font.s Fonts/build/GlyphText/FontText_6D53.font.s Fonts/build/GlyphText/FontText_266A.font.s Fonts/build/GlyphText/FontText_5178.font.s Fonts/build/GlyphText/FontText_5DE2.font.s Fonts/build/GlyphItem/FontItem_684E.font.s Fonts/build/GlyphText/FontText_FF4B.font.s Fonts/build/GlyphItem/FontItem_00FD.font.s Fonts/build/GlyphItem/FontItem_67F0.font.s Fonts/build/GlyphText/FontText_5F26.font.s Fonts/build/GlyphText/FontText_6D9E.font.s Fonts/build/GlyphItem/FontItem_64A9.font.s Fonts/build/GlyphText/FontText_8D64.font.s Fonts/build/GlyphText/FontText_88F9.font.s Fonts/build/GlyphText/FontText_7167.font.s Fonts/build/GlyphText/FontText_82B9.font.s Fonts/build/GlyphItem/FontItem_572A.font.s Fonts/build/GlyphItem/FontItem_6D59.font.s Fonts/build/GlyphText/FontText_620A.font.s Fonts/build/GlyphText/FontText_52D0.font.s Fonts/build/GlyphText/FontText_9A77.font.s Fonts/build/GlyphItem/FontItem_952B.font.s Fonts/build/GlyphItem/FontItem_9F2F.font.s Fonts/build/GlyphText/FontText_62CA.font.s Fonts/build/GlyphItem/FontItem_81FB.font.s Fonts/build/GlyphText/FontText_5583.font.s Fonts/build/GlyphItem/FontItem_8406.font.s Fonts/build/GlyphText/FontText_8F77.font.s Fonts/build/GlyphItem/FontItem_7B0F.font.s Fonts/build/GlyphItem/FontItem_65F7.font.s Fonts/build/GlyphText/FontText_79F0.font.s Fonts/build/GlyphItem/FontItem_8223.font.s Fonts/build/GlyphText/FontText_8151.font.s Fonts/build/GlyphItem/FontItem_5978.font.s Fonts/build/GlyphItem/FontItem_6B69.font.s Fonts/build/GlyphText/FontText_4E57.font.s Fonts/build/GlyphItem/FontItem_78B9.font.s Fonts/build/GlyphItem/FontItem_7C4D.font.s Fonts/build/GlyphItem/FontItem_5FEE.font.s Fonts/build/GlyphItem/FontItem_78E8.font.s Fonts/build/GlyphText/FontText_7AFA.font.s Fonts/build/GlyphText/FontText_6631.font.s Fonts/build/GlyphText/FontText_7EDA.font.s Fonts/build/GlyphItem/FontItem_5C8D.font.s Fonts/build/GlyphItem/FontItem_8BA5.font.s Fonts/build/GlyphItem/FontItem_58F0.font.s Fonts/build/GlyphItem/FontItem_3053.font.s Fonts/build/GlyphItem/FontItem_9894.font.s Fonts/build/GlyphItem/FontItem_9A19.font.s Fonts/build/GlyphItem/FontItem_57A3.font.s Fonts/build/GlyphItem/FontItem_5317.font.s Fonts/build/GlyphItem/FontItem_8934.font.s Fonts/build/GlyphItem/FontItem_3046.font.s Fonts/build/GlyphText/FontText_674E.font.s Fonts/build/GlyphText/FontText_6D9B.font.s Fonts/build/GlyphText/FontText_63BC.font.s Fonts/build/GlyphText/FontText_6C14.font.s Fonts/build/GlyphItem/FontItem_8C34.font.s Fonts/build/GlyphItem/FontItem_723F.font.s Fonts/build/GlyphItem/FontItem_69F2.font.s Fonts/build/GlyphText/FontText_300C.font.s Fonts/build/GlyphText/FontText_9332.font.s Fonts/build/GlyphText/FontText_742E.font.s Fonts/build/GlyphItem/FontItem_88C6.font.s Fonts/build/GlyphText/FontText_9CD6.font.s Fonts/build/GlyphItem/FontItem_766F.font.s Fonts/build/GlyphText/FontText_9877.font.s Fonts/build/GlyphText/FontText_8179.font.s Fonts/build/GlyphText/FontText_88F3.font.s Fonts/build/GlyphItem/FontItem_30AD.font.s Fonts/build/GlyphItem/FontItem_5B09.font.s Fonts/build/GlyphText/FontText_6DA4.font.s Fonts/build/GlyphText/FontText_7B94.font.s Fonts/build/GlyphText/FontText_55B1.font.s Fonts/build/GlyphItem/FontItem_7A03.font.s Fonts/build/GlyphText/FontText_FF23.font.s Fonts/build/GlyphText/FontText_51FA.font.s Fonts/build/GlyphText/FontText_7145.font.s Fonts/build/GlyphItem/FontItem_53D9.font.s Fonts/build/GlyphText/FontText_89A7.font.s Fonts/build/GlyphItem/FontItem_5CD9.font.s Fonts/build/GlyphItem/FontItem_7CAE.font.s Fonts/build/GlyphItem/FontItem_916C.font.s Fonts/build/GlyphText/FontText_6C54.font.s Fonts/build/GlyphText/FontText_7FA7.font.s Fonts/build/GlyphItem/FontItem_9E32.font.s Fonts/build/GlyphItem/FontItem_7D9A.font.s Fonts/build/GlyphText/FontText_87B5.font.s Fonts/build/GlyphItem/FontItem_8113.font.s Fonts/build/GlyphItem/FontItem_5F92.font.s Fonts/build/GlyphText/FontText_94C3.font.s Fonts/build/GlyphItem/FontItem_5E7F.font.s Fonts/build/GlyphText/FontText_895F.font.s Fonts/build/GlyphItem/FontItem_73C0.font.s Fonts/build/GlyphText/FontText_6979.font.s Fonts/build/GlyphText/FontText_4FE6.font.s Fonts/build/GlyphItem/FontItem_5CBF.font.s Fonts/build/GlyphText/FontText_76D6.font.s Fonts/build/GlyphItem/FontItem_9ACC.font.s Fonts/build/GlyphItem/FontItem_8201.font.s Fonts/build/GlyphText/FontText_7AAC.font.s Fonts/build/GlyphText/FontText_6094.font.s Fonts/build/GlyphItem/FontItem_6362.font.s Fonts/build/GlyphText/FontText_6400.font.s Fonts/build/GlyphText/FontText_3073.font.s Fonts/build/GlyphItem/FontItem_6715.font.s Fonts/build/GlyphItem/FontItem_4FA1.font.s Fonts/build/GlyphItem/FontItem_9644.font.s Fonts/build/GlyphItem/FontItem_8986.font.s Fonts/build/GlyphText/FontText_6270.font.s Fonts/build/GlyphText/FontText_5048.font.s Fonts/build/GlyphText/FontText_6413.font.s Fonts/build/GlyphItem/FontItem_63A9.font.s Fonts/build/GlyphItem/FontItem_75EB.font.s Fonts/build/GlyphText/FontText_6258.font.s Fonts/build/GlyphItem/FontItem_918D.font.s Fonts/build/GlyphItem/FontItem_55CC.font.s Fonts/build/GlyphItem/FontItem_983C.font.s Fonts/build/GlyphItem/FontItem_5EDB.font.s Fonts/build/GlyphText/FontText_82AF.font.s Fonts/build/GlyphItem/FontItem_8757.font.s Fonts/build/GlyphItem/FontItem_0024.font.s Fonts/build/GlyphItem/FontItem_61AB.font.s Fonts/build/GlyphItem/FontItem_6251.font.s Fonts/build/GlyphText/FontText_6D6E.font.s Fonts/build/GlyphItem/FontItem_9E38.font.s Fonts/build/GlyphItem/FontItem_5121.font.s Fonts/build/GlyphText/FontText_7A3C.font.s Fonts/build/GlyphText/FontText_7BAB.font.s Fonts/build/GlyphText/FontText_728A.font.s Fonts/build/GlyphText/FontText_9528.font.s Fonts/build/GlyphText/FontText_7B90.font.s Fonts/build/GlyphItem/FontItem_9485.font.s Fonts/build/GlyphText/FontText_4E86.font.s Fonts/build/GlyphItem/FontItem_9883.font.s Fonts/build/GlyphItem/FontItem_30A7.font.s Fonts/build/GlyphItem/FontItem_72F0.font.s Fonts/build/GlyphText/FontText_8343.font.s Fonts/build/GlyphItem/FontItem_6413.font.s Fonts/build/GlyphText/FontText_9593.font.s Fonts/build/GlyphText/FontText_7AD6.font.s Fonts/build/GlyphText/FontText_94B8.font.s Fonts/build/GlyphText/FontText_9B0F.font.s Fonts/build/GlyphItem/FontItem_8E14.font.s Fonts/build/GlyphText/FontText_667E.font.s Fonts/build/GlyphItem/FontItem_7334.font.s Fonts/build/GlyphText/FontText_5885.font.s Fonts/build/GlyphText/FontText_904A.font.s Fonts/build/GlyphText/FontText_6C82.font.s Fonts/build/GlyphText/FontText_8D5D.font.s Fonts/build/GlyphText/FontText_6D54.font.s Fonts/build/GlyphItem/FontItem_7802.font.s Fonts/build/GlyphItem/FontItem_0093.font.s Fonts/build/GlyphText/FontText_6426.font.s Fonts/build/GlyphText/FontText_531A.font.s Fonts/build/GlyphText/FontText_8427.font.s Fonts/build/GlyphText/FontText_62FD.font.s Fonts/build/GlyphText/FontText_9016.font.s Fonts/build/GlyphItem/FontItem_75DE.font.s Fonts/build/GlyphText/FontText_6DDE.font.s Fonts/build/GlyphText/FontText_7435.font.s Fonts/build/GlyphItem/FontItem_781F.font.s Fonts/build/GlyphItem/FontItem_5100.font.s Fonts/build/GlyphText/FontText_9928.font.s Fonts/build/GlyphText/FontText_5E45.font.s Fonts/build/GlyphItem/FontItem_FF3C.font.s Fonts/build/GlyphItem/FontItem_86AF.font.s Fonts/build/GlyphItem/FontItem_8872.font.s Fonts/build/GlyphText/FontText_60A3.font.s Fonts/build/GlyphItem/FontItem_85C1.font.s Fonts/build/GlyphItem/FontItem_592E.font.s Fonts/build/GlyphText/FontText_64AC.font.s Fonts/build/GlyphText/FontText_5511.font.s Fonts/build/GlyphText/FontText_89C5.font.s Fonts/build/GlyphItem/FontItem_94BA.font.s Fonts/build/GlyphText/FontText_75BC.font.s Fonts/build/GlyphText/FontText_8113.font.s Fonts/build/GlyphText/FontText_517C.font.s Fonts/build/GlyphText/FontText_6C7E.font.s Fonts/build/GlyphText/FontText_5B58.font.s Fonts/build/GlyphItem/FontItem_60C6.font.s Fonts/build/GlyphText/FontText_9EDF.font.s Fonts/build/GlyphText/FontText_95FE.font.s Fonts/build/GlyphText/FontText_53E1.font.s Fonts/build/GlyphText/FontText_9020.font.s Fonts/build/GlyphText/FontText_62BB.font.s Fonts/build/GlyphText/FontText_503E.font.s Fonts/build/GlyphItem/FontItem_8BBE.font.s Fonts/build/GlyphItem/FontItem_9AA4.font.s Fonts/build/GlyphItem/FontItem_9E66.font.s Fonts/build/GlyphItem/FontItem_8089.font.s Fonts/build/GlyphItem/FontItem_4E34.font.s Fonts/build/GlyphText/FontText_8C0D.font.s Fonts/build/GlyphText/FontText_9F85.font.s Fonts/build/GlyphItem/FontItem_79B9.font.s Fonts/build/GlyphItem/FontItem_8368.font.s Fonts/build/GlyphText/FontText_3011.font.s Fonts/build/GlyphItem/FontItem_6E9C.font.s Fonts/build/GlyphText/FontText_6F7C.font.s Fonts/build/GlyphText/FontText_5195.font.s Fonts/build/GlyphText/FontText_9497.font.s Fonts/build/GlyphText/FontText_8A0E.font.s Fonts/build/GlyphItem/FontItem_82C7.font.s Fonts/build/GlyphItem/FontItem_00EF.font.s Fonts/build/GlyphText/FontText_85B9.font.s Fonts/build/GlyphText/FontText_88F0.font.s Fonts/build/GlyphText/FontText_6893.font.s Fonts/build/GlyphItem/FontItem_8885.font.s Fonts/build/GlyphItem/FontItem_6D2E.font.s Fonts/build/GlyphText/FontText_6CA5.font.s Fonts/build/GlyphItem/FontItem_8E87.font.s Fonts/build/GlyphItem/FontItem_541D.font.s Fonts/build/GlyphItem/FontItem_8BF4.font.s Fonts/build/GlyphItem/FontItem_8012.font.s Fonts/build/GlyphText/FontText_78C1.font.s Fonts/build/GlyphItem/FontItem_4FCA.font.s Fonts/build/GlyphText/FontText_5148.font.s Fonts/build/GlyphItem/FontItem_94C0.font.s Fonts/build/GlyphText/FontText_7BFC.font.s Fonts/build/GlyphItem/FontItem_548F.font.s Fonts/build/GlyphText/FontText_8F6F.font.s Fonts/build/GlyphItem/FontItem_77A0.font.s Fonts/build/GlyphText/FontText_5E31.font.s Fonts/build/GlyphText/FontText_8297.font.s Fonts/build/GlyphText/FontText_5875.font.s Fonts/build/GlyphItem/FontItem_5349.font.s Fonts/build/GlyphItem/FontItem_54CF.font.s Fonts/build/GlyphText/FontText_63E0.font.s Fonts/build/GlyphItem/FontItem_8C61.font.s Fonts/build/GlyphText/FontText_77E7.font.s Fonts/build/GlyphText/FontText_7F34.font.s Fonts/build/GlyphText/FontText_988F.font.s Fonts/build/GlyphItem/FontItem_5E27.font.s Fonts/build/GlyphText/FontText_750D.font.s Fonts/build/GlyphItem/FontItem_6790.font.s Fonts/build/GlyphText/FontText_9050.font.s Fonts/build/GlyphItem/FontItem_54E5.font.s Fonts/build/GlyphText/FontText_5599.font.s Fonts/build/GlyphText/FontText_524D.font.s Fonts/build/GlyphItem/FontItem_5141.font.s Fonts/build/GlyphText/FontText_534F.font.s Fonts/build/GlyphItem/FontItem_6BCD.font.s Fonts/build/GlyphText/FontText_64C2.font.s Fonts/build/GlyphItem/FontItem_8377.font.s Fonts/build/GlyphText/FontText_57F4.font.s Fonts/build/GlyphText/FontText_6984.font.s Fonts/build/GlyphItem/FontItem_6297.font.s Fonts/build/GlyphText/FontText_501F.font.s Fonts/build/GlyphText/FontText_9810.font.s Fonts/build/GlyphItem/FontItem_70BA.font.s Fonts/build/GlyphText/FontText_7039.font.s Fonts/build/GlyphText/FontText_6843.font.s Fonts/build/GlyphItem/FontItem_FF1A.font.s Fonts/build/GlyphText/FontText_907F.font.s Fonts/build/GlyphText/FontText_871C.font.s Fonts/build/GlyphText/FontText_8FF0.font.s Fonts/build/GlyphText/FontText_7A79.font.s Fonts/build/GlyphText/FontText_82B3.font.s Fonts/build/GlyphItem/FontItem_830C.font.s Fonts/build/GlyphText/FontText_760C.font.s Fonts/build/GlyphItem/FontItem_75F4.font.s Fonts/build/GlyphText/FontText_839E.font.s Fonts/build/GlyphText/FontText_76D1.font.s Fonts/build/GlyphText/FontText_7F27.font.s Fonts/build/GlyphItem/FontItem_779F.font.s Fonts/build/GlyphText/FontText_9175.font.s Fonts/build/GlyphText/FontText_59E5.font.s Fonts/build/GlyphText/FontText_607F.font.s Fonts/build/GlyphItem/FontItem_0073.font.s Fonts/build/GlyphText/FontText_548C.font.s Fonts/build/GlyphItem/FontItem_80E9.font.s Fonts/build/GlyphItem/FontItem_308D.font.s Fonts/build/GlyphItem/FontItem_658C.font.s Fonts/build/GlyphText/FontText_2264.font.s Fonts/build/GlyphText/FontText_FF31.font.s Fonts/build/GlyphItem/FontItem_6291.font.s Fonts/build/GlyphItem/FontItem_7CD9.font.s Fonts/build/GlyphText/FontText_76B4.font.s Fonts/build/GlyphItem/FontItem_5F2A.font.s Fonts/build/GlyphText/FontText_8C62.font.s Fonts/build/GlyphItem/FontItem_FF08.font.s Fonts/build/GlyphText/FontText_5FDC.font.s Fonts/build/GlyphText/FontText_94B9.font.s Fonts/build/GlyphText/FontText_5858.font.s Fonts/build/GlyphText/FontText_6CCC.font.s Fonts/build/GlyphText/FontText_6CB9.font.s Fonts/build/GlyphText/FontText_7784.font.s Fonts/build/GlyphText/FontText_9635.font.s Fonts/build/GlyphItem/FontItem_8476.font.s Fonts/build/GlyphText/FontText_9554.font.s Fonts/build/GlyphText/FontText_674F.font.s Fonts/build/GlyphText/FontText_7DAE.font.s Fonts/build/GlyphItem/FontItem_6ECF.font.s Fonts/build/GlyphItem/FontItem_5929.font.s Fonts/build/GlyphItem/FontItem_50D6.font.s Fonts/build/GlyphItem/FontItem_5773.font.s Fonts/build/GlyphItem/FontItem_95E8.font.s Fonts/build/GlyphText/FontText_782C.font.s Fonts/build/GlyphText/FontText_7768.font.s Fonts/build/GlyphItem/FontItem_7784.font.s Fonts/build/GlyphItem/FontItem_5893.font.s Fonts/build/GlyphItem/FontItem_5820.font.s Fonts/build/GlyphItem/FontItem_5B7D.font.s Fonts/build/GlyphText/FontText_6E9F.font.s Fonts/build/GlyphText/FontText_76EF.font.s Fonts/build/GlyphText/FontText_6666.font.s Fonts/build/GlyphItem/FontItem_864D.font.s Fonts/build/GlyphText/FontText_519B.font.s Fonts/build/GlyphText/FontText_8154.font.s Fonts/build/GlyphText/FontText_0020.font.s Fonts/build/GlyphText/FontText_5B88.font.s Fonts/build/GlyphItem/FontItem_867E.font.s Fonts/build/GlyphItem/FontItem_649E.font.s Fonts/build/GlyphText/FontText_8BAA.font.s Fonts/build/GlyphText/FontText_789C.font.s Fonts/build/GlyphItem/FontItem_5C4F.font.s Fonts/build/GlyphText/FontText_6D69.font.s Fonts/build/GlyphItem/FontItem_7827.font.s Fonts/build/GlyphText/FontText_56B7.font.s Fonts/build/GlyphText/FontText_00C1.font.s Fonts/build/GlyphItem/FontItem_6325.font.s Fonts/build/GlyphText/FontText_6067.font.s Fonts/build/GlyphText/FontText_4EA8.font.s Fonts/build/GlyphText/FontText_787C.font.s Fonts/build/GlyphText/FontText_9EC9.font.s Fonts/build/GlyphItem/FontItem_99A8.font.s Fonts/build/GlyphText/FontText_80A9.font.s Fonts/build/GlyphText/FontText_5EFF.font.s Fonts/build/GlyphItem/FontItem_643D.font.s Fonts/build/GlyphItem/FontItem_8715.font.s Fonts/build/GlyphText/FontText_7F30.font.s Fonts/build/GlyphItem/FontItem_80B1.font.s Fonts/build/GlyphItem/FontItem_75C4.font.s Fonts/build/GlyphItem/FontItem_8424.font.s Fonts/build/GlyphText/FontText_6CF5.font.s Fonts/build/GlyphItem/FontItem_6D48.font.s Fonts/build/GlyphText/FontText_7A92.font.s Fonts/build/GlyphText/FontText_7C9D.font.s Fonts/build/GlyphText/FontText_6654.font.s Fonts/build/GlyphItem/FontItem_9516.font.s Fonts/build/GlyphItem/FontItem_5728.font.s Fonts/build/GlyphText/FontText_57D8.font.s Fonts/build/GlyphItem/FontItem_6F70.font.s Fonts/build/GlyphText/FontText_957F.font.s Fonts/build/GlyphItem/FontItem_59D3.font.s Fonts/build/GlyphText/FontText_607A.font.s Fonts/build/GlyphItem/FontItem_7C9E.font.s Fonts/build/GlyphText/FontText_4F1B.font.s Fonts/build/GlyphText/FontText_8D28.font.s Fonts/build/GlyphText/FontText_62B9.font.s Fonts/build/GlyphText/FontText_8004.font.s Fonts/build/GlyphItem/FontItem_529E.font.s Fonts/build/GlyphItem/FontItem_3044.font.s Fonts/build/GlyphItem/FontItem_5806.font.s Fonts/build/GlyphText/FontText_6DA7.font.s Fonts/build/GlyphText/FontText_8340.font.s Fonts/build/GlyphText/FontText_835B.font.s Fonts/build/GlyphText/FontText_6E4D.font.s Fonts/build/GlyphText/FontText_7B26.font.s Fonts/build/GlyphText/FontText_7619.font.s Fonts/build/GlyphText/FontText_5978.font.s Fonts/build/GlyphText/FontText_6015.font.s Fonts/build/GlyphText/FontText_6989.font.s Fonts/build/GlyphItem/FontItem_6980.font.s Fonts/build/GlyphItem/FontItem_4EBF.font.s Fonts/build/GlyphText/FontText_8C0C.font.s Fonts/build/GlyphText/FontText_5AE0.font.s Fonts/build/GlyphItem/FontItem_9A7F.font.s Fonts/build/GlyphItem/FontItem_6062.font.s Fonts/build/GlyphItem/FontItem_68C9.font.s Fonts/build/GlyphItem/FontItem_9539.font.s Fonts/build/GlyphItem/FontItem_3057.font.s Fonts/build/GlyphText/FontText_6625.font.s Fonts/build/GlyphText/FontText_9C9F.font.s Fonts/build/GlyphText/FontText_753E.font.s Fonts/build/GlyphItem/FontItem_96E2.font.s Fonts/build/GlyphItem/FontItem_4EA6.font.s Fonts/build/GlyphText/FontText_732E.font.s Fonts/build/GlyphText/FontText_8E6F.font.s Fonts/build/GlyphText/FontText_5BB0.font.s Fonts/build/GlyphItem/FontItem_59DA.font.s Fonts/build/GlyphText/FontText_770B.font.s Fonts/build/GlyphItem/FontItem_5374.font.s Fonts/build/GlyphItem/FontItem_67A8.font.s Fonts/build/GlyphItem/FontItem_778D.font.s Fonts/build/GlyphItem/FontItem_8CA9.font.s Fonts/build/GlyphText/FontText_5D26.font.s Fonts/build/GlyphText/FontText_5CEA.font.s Fonts/build/GlyphText/FontText_60A8.font.s Fonts/build/GlyphText/FontText_7F06.font.s Fonts/build/GlyphText/FontText_8579.font.s Fonts/build/GlyphText/FontText_9E2B.font.s Fonts/build/GlyphText/FontText_21D2.font.s Fonts/build/GlyphText/FontText_543E.font.s Fonts/build/GlyphItem/FontItem_8BE8.font.s Fonts/build/GlyphItem/FontItem_9752.font.s Fonts/build/GlyphItem/FontItem_5C24.font.s Fonts/build/GlyphText/FontText_523D.font.s Fonts/build/GlyphItem/FontItem_95E9.font.s Fonts/build/GlyphText/FontText_91CD.font.s Fonts/build/GlyphItem/FontItem_6D0E.font.s Fonts/build/GlyphText/FontText_5739.font.s Fonts/build/GlyphItem/FontItem_9523.font.s Fonts/build/GlyphText/FontText_5BB5.font.s Fonts/build/GlyphText/FontText_79BE.font.s Fonts/build/GlyphText/FontText_FF35.font.s Fonts/build/GlyphText/FontText_4F4D.font.s Fonts/build/GlyphItem/FontItem_4ED7.font.s Fonts/build/GlyphText/FontText_8868.font.s Fonts/build/GlyphItem/FontItem_5306.font.s Fonts/build/GlyphItem/FontItem_6D35.font.s Fonts/build/GlyphText/FontText_8F7E.font.s Fonts/build/GlyphItem/FontItem_5F18.font.s Fonts/build/GlyphText/FontText_7360.font.s Fonts/build/GlyphText/FontText_94F8.font.s Fonts/build/GlyphItem/FontItem_5155.font.s Fonts/build/GlyphText/FontText_57AE.font.s Fonts/build/GlyphText/FontText_8036.font.s Fonts/build/GlyphItem/FontItem_FF10.font.s Fonts/build/GlyphItem/FontItem_868B.font.s Fonts/build/GlyphItem/FontItem_8ECA.font.s Fonts/build/GlyphItem/FontItem_9EBE.font.s Fonts/build/GlyphItem/FontItem_80EA.font.s Fonts/build/GlyphItem/FontItem_8966.font.s Fonts/build/GlyphItem/FontItem_7BDA.font.s Fonts/build/GlyphText/FontText_9A13.font.s Fonts/build/GlyphText/FontText_65E6.font.s Fonts/build/GlyphItem/FontItem_8006.font.s Fonts/build/GlyphText/FontText_8538.font.s Fonts/build/GlyphText/FontText_30E9.font.s Fonts/build/GlyphItem/FontItem_8112.font.s Fonts/build/GlyphItem/FontItem_96CF.font.s Fonts/build/GlyphText/FontText_6A50.font.s Fonts/build/GlyphItem/FontItem_9A7A.font.s Fonts/build/GlyphItem/FontItem_904D.font.s Fonts/build/GlyphText/FontText_9CAD.font.s Fonts/build/GlyphText/FontText_54DA.font.s Fonts/build/GlyphItem/FontItem_7801.font.s Fonts/build/GlyphItem/FontItem_6233.font.s Fonts/build/GlyphItem/FontItem_50A7.font.s Fonts/build/GlyphText/FontText_8451.font.s Fonts/build/GlyphItem/FontItem_2027.font.s Fonts/build/GlyphItem/FontItem_86EE.font.s Fonts/build/GlyphItem/FontItem_9678.font.s Fonts/build/GlyphText/FontText_8585.font.s Fonts/build/GlyphText/FontText_53F7.font.s Fonts/build/GlyphText/FontText_8721.font.s Fonts/build/GlyphItem/FontItem_7785.font.s Fonts/build/GlyphText/FontText_7EA0.font.s Fonts/build/GlyphItem/FontItem_03B5.font.s Fonts/build/GlyphText/FontText_780D.font.s Fonts/build/GlyphText/FontText_7533.font.s Fonts/build/GlyphItem/FontItem_7625.font.s Fonts/build/GlyphItem/FontItem_6D3D.font.s Fonts/build/GlyphItem/FontItem_5224.font.s Fonts/build/GlyphText/FontText_808B.font.s Fonts/build/GlyphItem/FontItem_8C31.font.s Fonts/build/GlyphText/FontText_956B.font.s Fonts/build/GlyphItem/FontItem_7761.font.s Fonts/build/GlyphItem/FontItem_5308.font.s Fonts/build/GlyphText/FontText_542B.font.s Fonts/build/GlyphItem/FontItem_879F.font.s Fonts/build/GlyphItem/FontItem_76CA.font.s Fonts/build/GlyphText/FontText_3045.font.s Fonts/build/GlyphItem/FontItem_52E4.font.s Fonts/build/GlyphItem/FontItem_4E13.font.s Fonts/build/GlyphText/FontText_FF16.font.s Fonts/build/GlyphText/FontText_8BA8.font.s Fonts/build/GlyphText/FontText_968B.font.s Fonts/build/GlyphItem/FontItem_84CA.font.s Fonts/build/GlyphItem/FontItem_9E3A.font.s Fonts/build/GlyphItem/FontItem_6CE3.font.s Fonts/build/GlyphText/FontText_7BE6.font.s Fonts/build/GlyphItem/FontItem_55E1.font.s Fonts/build/GlyphItem/FontItem_8BF8.font.s Fonts/build/GlyphText/FontText_7DD2.font.s Fonts/build/GlyphItem/FontItem_8F76.font.s Fonts/build/GlyphItem/FontItem_8A8A.font.s Fonts/build/GlyphText/FontText_8EAF.font.s Fonts/build/GlyphText/FontText_6ED1.font.s Fonts/build/GlyphText/FontText_8869.font.s Fonts/build/GlyphText/FontText_FF2F.font.s Fonts/build/GlyphItem/FontItem_81A8.font.s Fonts/build/GlyphItem/FontItem_630E.font.s Fonts/build/GlyphText/FontText_9E68.font.s Fonts/build/GlyphItem/FontItem_5575.font.s Fonts/build/GlyphText/FontText_578B.font.s Fonts/build/GlyphText/FontText_98D5.font.s Fonts/build/GlyphText/FontText_888D.font.s Fonts/build/GlyphText/FontText_53CB.font.s Fonts/build/GlyphText/FontText_90A3.font.s Fonts/build/GlyphItem/FontItem_8C1A.font.s Fonts/build/GlyphText/FontText_9730.font.s Fonts/build/GlyphItem/FontItem_7FF1.font.s Fonts/build/GlyphItem/FontItem_8C98.font.s Fonts/build/GlyphItem/FontItem_5351.font.s Fonts/build/GlyphItem/FontItem_946B.font.s Fonts/build/GlyphText/FontText_59A9.font.s Fonts/build/GlyphText/FontText_9054.font.s Fonts/build/GlyphItem/FontItem_82D3.font.s Fonts/build/GlyphText/FontText_3012.font.s Fonts/build/GlyphItem/FontItem_5764.font.s Fonts/build/GlyphItem/FontItem_53FD.font.s Fonts/build/GlyphText/FontText_6587.font.s Fonts/build/GlyphItem/FontItem_7610.font.s Fonts/build/GlyphItem/FontItem_87D3.font.s Fonts/build/GlyphItem/FontItem_68F9.font.s Fonts/build/GlyphItem/FontItem_62BC.font.s Fonts/build/GlyphText/FontText_606F.font.s Fonts/build/GlyphText/FontText_8BDE.font.s Fonts/build/GlyphText/FontText_61F8.font.s Fonts/build/GlyphText/FontText_5E72.font.s Fonts/build/GlyphText/FontText_619D.font.s Fonts/build/GlyphItem/FontItem_7C27.font.s Fonts/build/GlyphText/FontText_84B9.font.s Fonts/build/GlyphText/FontText_9995.font.s Fonts/build/GlyphText/FontText_61F5.font.s Fonts/build/GlyphText/FontText_7DBA.font.s Fonts/build/GlyphItem/FontItem_8DA3.font.s Fonts/build/GlyphText/FontText_6E17.font.s Fonts/build/GlyphItem/FontItem_9A7B.font.s Fonts/build/GlyphItem/FontItem_516E.font.s Fonts/build/GlyphText/FontText_5AC9.font.s Fonts/build/GlyphItem/FontItem_9CA1.font.s Fonts/build/GlyphItem/FontItem_7D44.font.s Fonts/build/GlyphItem/FontItem_4F51.font.s Fonts/build/GlyphText/FontText_55E4.font.s Fonts/build/GlyphItem/FontItem_950D.font.s Fonts/build/GlyphText/FontText_4E1D.font.s Fonts/build/GlyphText/FontText_9A79.font.s Fonts/build/GlyphText/FontText_9C9E.font.s Fonts/build/GlyphText/FontText_8BAD.font.s Fonts/build/GlyphItem/FontItem_5C3A.font.s Fonts/build/GlyphText/FontText_8AF8.font.s Fonts/build/GlyphItem/FontItem_954D.font.s Fonts/build/GlyphText/FontText_9060.font.s Fonts/build/GlyphItem/FontItem_977C.font.s Fonts/build/GlyphItem/FontItem_79BF.font.s Fonts/build/GlyphItem/FontItem_5A1F.font.s Fonts/build/GlyphItem/FontItem_5D4A.font.s Fonts/build/GlyphText/FontText_9529.font.s Fonts/build/GlyphText/FontText_8FD3.font.s Fonts/build/GlyphItem/FontItem_9ECE.font.s Fonts/build/GlyphItem/FontItem_955D.font.s Fonts/build/GlyphText/FontText_693F.font.s Fonts/build/GlyphItem/FontItem_853C.font.s Fonts/build/GlyphItem/FontItem_5151.font.s Fonts/build/GlyphItem/FontItem_8774.font.s Fonts/build/GlyphItem/FontItem_5DC5.font.s Fonts/build/GlyphItem/FontItem_8160.font.s Fonts/build/GlyphText/FontText_75A0.font.s Fonts/build/GlyphText/FontText_59EA.font.s Fonts/build/GlyphText/FontText_77B5.font.s Fonts/build/GlyphText/FontText_59B2.font.s Fonts/build/GlyphItem/FontItem_63CF.font.s Fonts/build/GlyphItem/FontItem_57D8.font.s Fonts/build/GlyphItem/FontItem_9965.font.s Fonts/build/GlyphText/FontText_853A.font.s Fonts/build/GlyphItem/FontItem_5238.font.s Fonts/build/GlyphText/FontText_9F8A.font.s Fonts/build/GlyphText/FontText_6DF9.font.s Fonts/build/GlyphItem/FontItem_7663.font.s Fonts/build/GlyphItem/FontItem_87AC.font.s Fonts/build/GlyphItem/FontItem_8D94.font.s Fonts/build/GlyphText/FontText_4E30.font.s Fonts/build/GlyphText/FontText_7A95.font.s Fonts/build/GlyphItem/FontItem_86A7.font.s Fonts/build/GlyphText/FontText_6467.font.s Fonts/build/GlyphItem/FontItem_8C62.font.s Fonts/build/GlyphItem/FontItem_52F2.font.s Fonts/build/GlyphItem/FontItem_9150.font.s Fonts/build/GlyphText/FontText_689F.font.s Fonts/build/GlyphText/FontText_56BC.font.s Fonts/build/GlyphItem/FontItem_7FF3.font.s Fonts/build/GlyphText/FontText_9169.font.s Fonts/build/GlyphText/FontText_51BB.font.s Fonts/build/GlyphItem/FontItem_3064.font.s Fonts/build/GlyphText/FontText_659F.font.s Fonts/build/GlyphText/FontText_8BFC.font.s Fonts/build/GlyphText/FontText_7F71.font.s Fonts/build/GlyphItem/FontItem_30A9.font.s Fonts/build/GlyphText/FontText_5171.font.s Fonts/build/GlyphItem/FontItem_7C7C.font.s Fonts/build/GlyphItem/FontItem_91AD.font.s Fonts/build/GlyphText/FontText_7A0D.font.s Fonts/build/GlyphItem/FontItem_54EA.font.s Fonts/build/GlyphText/FontText_61C8.font.s Fonts/build/GlyphItem/FontItem_6C27.font.s Fonts/build/GlyphText/FontText_5A77.font.s Fonts/build/GlyphItem/FontItem_66E0.font.s Fonts/build/GlyphText/FontText_5E1D.font.s Fonts/build/GlyphText/FontText_65E7.font.s Fonts/build/GlyphText/FontText_73FE.font.s Fonts/build/GlyphText/FontText_6C13.font.s Fonts/build/GlyphText/FontText_6696.font.s Fonts/build/GlyphText/FontText_63BB.font.s Fonts/build/GlyphItem/FontItem_8270.font.s Fonts/build/GlyphText/FontText_4E8C.font.s Fonts/build/GlyphText/FontText_983B.font.s Fonts/build/GlyphText/FontText_7DDA.font.s Fonts/build/GlyphItem/FontItem_5BA5.font.s Fonts/build/GlyphText/FontText_8D43.font.s Fonts/build/GlyphItem/FontItem_83D8.font.s Fonts/build/GlyphItem/FontItem_9CC7.font.s Fonts/build/GlyphItem/FontItem_250C.font.s Fonts/build/GlyphText/FontText_7B04.font.s Fonts/build/GlyphText/FontText_8737.font.s Fonts/build/GlyphText/FontText_8755.font.s Fonts/build/GlyphText/FontText_63AE.font.s Fonts/build/GlyphItem/FontItem_7F2C.font.s Fonts/build/GlyphItem/FontItem_97AB.font.s Fonts/build/GlyphItem/FontItem_FF43.font.s Fonts/build/GlyphText/FontText_810F.font.s Fonts/build/GlyphText/FontText_55F7.font.s Fonts/build/GlyphText/FontText_7F79.font.s Fonts/build/GlyphItem/FontItem_4F8D.font.s Fonts/build/GlyphItem/FontItem_5CE8.font.s Fonts/build/GlyphText/FontText_95EE.font.s Fonts/build/GlyphText/FontText_873E.font.s Fonts/build/GlyphText/FontText_4EAC.font.s Fonts/build/GlyphItem/FontItem_6773.font.s Fonts/build/GlyphText/FontText_6434.font.s Fonts/build/GlyphText/FontText_5F2A.font.s Fonts/build/GlyphItem/FontItem_94A6.font.s Fonts/build/GlyphText/FontText_6768.font.s Fonts/build/GlyphItem/FontItem_633A.font.s Fonts/build/GlyphText/FontText_4E59.font.s Fonts/build/GlyphItem/FontItem_6761.font.s Fonts/build/GlyphText/FontText_95F3.font.s Fonts/build/GlyphItem/FontItem_9C86.font.s Fonts/build/GlyphItem/FontItem_917E.font.s Fonts/build/GlyphText/FontText_8089.font.s Fonts/build/GlyphItem/FontItem_833A.font.s Fonts/build/GlyphItem/FontItem_7164.font.s Fonts/build/GlyphItem/FontItem_78B4.font.s Fonts/build/GlyphText/FontText_91C8.font.s Fonts/build/GlyphItem/FontItem_79D1.font.s Fonts/build/GlyphText/FontText_9C85.font.s Fonts/build/GlyphText/FontText_8C11.font.s Fonts/build/GlyphItem/FontItem_858F.font.s Fonts/build/GlyphText/FontText_5751.font.s Fonts/build/GlyphItem/FontItem_5543.font.s Fonts/build/GlyphText/FontText_832B.font.s Fonts/build/GlyphItem/FontItem_7687.font.s Fonts/build/GlyphText/FontText_25B8.font.s Fonts/build/GlyphItem/FontItem_9CA7.font.s Fonts/build/GlyphText/FontText_8208.font.s Fonts/build/GlyphText/FontText_6661.font.s Fonts/build/GlyphItem/FontItem_67D2.font.s Fonts/build/GlyphItem/FontItem_950F.font.s Fonts/build/GlyphText/FontText_70FD.font.s Fonts/build/GlyphItem/FontItem_5FFE.font.s Fonts/build/GlyphText/FontText_6DAE.font.s Fonts/build/GlyphText/FontText_8862.font.s Fonts/build/GlyphText/FontText_98E8.font.s Fonts/build/GlyphItem/FontItem_901D.font.s Fonts/build/GlyphItem/FontItem_89EF.font.s Fonts/build/GlyphText/FontText_8B39.font.s Fonts/build/GlyphItem/FontItem_9CBD.font.s Fonts/build/GlyphItem/FontItem_73A2.font.s Fonts/build/GlyphItem/FontItem_9619.font.s Fonts/build/GlyphText/FontText_645E.font.s Fonts/build/GlyphItem/FontItem_9708.font.s Fonts/build/GlyphText/FontText_70B9.font.s Fonts/build/GlyphItem/FontItem_6DF1.font.s Fonts/build/GlyphText/FontText_FF1B.font.s Fonts/build/GlyphText/FontText_5256.font.s Fonts/build/GlyphText/FontText_5453.font.s Fonts/build/GlyphText/FontText_88BC.font.s Fonts/build/GlyphText/FontText_83B4.font.s Fonts/build/GlyphItem/FontItem_82AE.font.s Fonts/build/GlyphItem/FontItem_2162.font.s Fonts/build/GlyphItem/FontItem_9878.font.s Fonts/build/GlyphText/FontText_789F.font.s Fonts/build/GlyphText/FontText_6D25.font.s Fonts/build/GlyphItem/FontItem_3056.font.s Fonts/build/GlyphText/FontText_8BBE.font.s Fonts/build/GlyphItem/FontItem_6F66.font.s Fonts/build/GlyphText/FontText_5156.font.s Fonts/build/GlyphText/FontText_86F0.font.s Fonts/build/GlyphText/FontText_5FD2.font.s Fonts/build/GlyphItem/FontItem_54DE.font.s Fonts/build/GlyphText/FontText_64BC.font.s Fonts/build/GlyphItem/FontItem_5919.font.s Fonts/build/GlyphText/FontText_7AAE.font.s Fonts/build/GlyphText/FontText_63B3.font.s Fonts/build/GlyphItem/FontItem_8D2D.font.s Fonts/build/GlyphItem/FontItem_90C5.font.s Fonts/build/GlyphText/FontText_80F3.font.s Fonts/build/GlyphText/FontText_7599.font.s Fonts/build/GlyphText/FontText_9753.font.s Fonts/build/GlyphItem/FontItem_53D4.font.s Fonts/build/GlyphText/FontText_90C5.font.s Fonts/build/GlyphItem/FontItem_5140.font.s Fonts/build/GlyphItem/FontItem_5F84.font.s Fonts/build/GlyphItem/FontItem_7EEF.font.s Fonts/build/GlyphItem/FontItem_6E83.font.s Fonts/build/GlyphItem/FontItem_76F2.font.s Fonts/build/GlyphItem/FontItem_715E.font.s Fonts/build/GlyphItem/FontItem_727D.font.s Fonts/build/GlyphItem/FontItem_56D4.font.s Fonts/build/GlyphText/FontText_8D29.font.s Fonts/build/GlyphItem/FontItem_5026.font.s Fonts/build/GlyphText/FontText_8438.font.s Fonts/build/GlyphItem/FontItem_6789.font.s Fonts/build/GlyphItem/FontItem_7ABF.font.s Fonts/build/GlyphText/FontText_8F90.font.s Fonts/build/GlyphText/FontText_5C66.font.s Fonts/build/GlyphItem/FontItem_FF19.font.s Fonts/build/GlyphItem/FontItem_4E27.font.s Fonts/build/GlyphItem/FontItem_9E6C.font.s Fonts/build/GlyphText/FontText_8695.font.s Fonts/build/GlyphItem/FontItem_6A65.font.s Fonts/build/GlyphText/FontText_8C13.font.s Fonts/build/GlyphText/FontText_9E93.font.s Fonts/build/GlyphText/FontText_5201.font.s Fonts/build/GlyphText/FontText_766A.font.s Fonts/build/GlyphItem/FontItem_98CE.font.s Fonts/build/GlyphText/FontText_8C49.font.s Fonts/build/GlyphItem/FontItem_9CD7.font.s Fonts/build/GlyphText/FontText_30C6.font.s Fonts/build/GlyphItem/FontItem_7A97.font.s Fonts/build/GlyphItem/FontItem_4EE8.font.s Fonts/build/GlyphItem/FontItem_67D9.font.s Fonts/build/GlyphText/FontText_5E2F.font.s Fonts/build/GlyphItem/FontItem_656C.font.s Fonts/build/GlyphItem/FontItem_61F8.font.s Fonts/build/GlyphText/FontText_69A7.font.s Fonts/build/GlyphText/FontText_9170.font.s Fonts/build/GlyphItem/FontItem_5171.font.s Fonts/build/GlyphItem/FontItem_83C5.font.s Fonts/build/GlyphText/FontText_652E.font.s Fonts/build/GlyphItem/FontItem_9C91.font.s Fonts/build/GlyphText/FontText_6148.font.s Fonts/build/GlyphItem/FontItem_8B1D.font.s Fonts/build/GlyphText/FontText_8896.font.s Fonts/build/GlyphText/FontText_7E9F.font.s Fonts/build/GlyphText/FontText_9B31.font.s Fonts/build/GlyphText/FontText_3087.font.s Fonts/build/GlyphItem/FontItem_956D.font.s Fonts/build/GlyphText/FontText_52D6.font.s Fonts/build/GlyphText/FontText_7198.font.s Fonts/build/GlyphItem/FontItem_5282.font.s Fonts/build/GlyphText/FontText_4E70.font.s Fonts/build/GlyphItem/FontItem_6B9B.font.s Fonts/build/GlyphText/FontText_66F3.font.s Fonts/build/GlyphItem/FontItem_621B.font.s Fonts/build/GlyphItem/FontItem_94E8.font.s Fonts/build/GlyphItem/FontItem_5E8A.font.s Fonts/build/GlyphItem/FontItem_6883.font.s Fonts/build/GlyphText/FontText_8717.font.s Fonts/build/GlyphText/FontText_5018.font.s Fonts/build/GlyphText/FontText_9AB0.font.s Fonts/build/GlyphItem/FontItem_5E9A.font.s Fonts/build/GlyphItem/FontItem_4ED3.font.s Fonts/build/GlyphItem/FontItem_6D47.font.s Fonts/build/GlyphItem/FontItem_6545.font.s Fonts/build/GlyphItem/FontItem_7B95.font.s Fonts/build/GlyphText/FontText_7F00.font.s Fonts/build/GlyphText/FontText_4F51.font.s Fonts/build/GlyphItem/FontItem_9570.font.s Fonts/build/GlyphItem/FontItem_5819.font.s Fonts/build/GlyphItem/FontItem_7391.font.s Fonts/build/GlyphText/FontText_79D1.font.s Fonts/build/GlyphItem/FontItem_6E16.font.s Fonts/build/GlyphItem/FontItem_0049.font.s Fonts/build/GlyphItem/FontItem_7A2E.font.s Fonts/build/GlyphText/FontText_9E97.font.s Fonts/build/GlyphItem/FontItem_005D.font.s Fonts/build/GlyphText/FontText_FF52.font.s Fonts/build/GlyphText/FontText_7736.font.s Fonts/build/GlyphItem/FontItem_909B.font.s Fonts/build/GlyphItem/FontItem_8056.font.s Fonts/build/GlyphItem/FontItem_6B96.font.s Fonts/build/GlyphText/FontText_8386.font.s Fonts/build/GlyphItem/FontItem_6CEF.font.s Fonts/build/GlyphText/FontText_7391.font.s Fonts/build/GlyphText/FontText_9104.font.s Fonts/build/GlyphText/FontText_59AB.font.s Fonts/build/GlyphItem/FontItem_969B.font.s Fonts/build/GlyphText/FontText_9698.font.s Fonts/build/GlyphText/FontText_83B2.font.s Fonts/build/GlyphItem/FontItem_9190.font.s Fonts/build/GlyphItem/FontItem_94F0.font.s Fonts/build/GlyphText/FontText_4F7B.font.s Fonts/build/GlyphItem/FontItem_5C61.font.s Fonts/build/GlyphText/FontText_88C2.font.s Fonts/build/GlyphItem/FontItem_5924.font.s Fonts/build/GlyphText/FontText_8DD7.font.s Fonts/build/GlyphItem/FontItem_8B00.font.s Fonts/build/GlyphText/FontText_5E30.font.s Fonts/build/GlyphText/FontText_9A74.font.s Fonts/build/GlyphText/FontText_9544.font.s Fonts/build/GlyphText/FontText_819D.font.s Fonts/build/GlyphText/FontText_6F06.font.s Fonts/build/GlyphText/FontText_6B67.font.s Fonts/build/GlyphItem/FontItem_85AF.font.s Fonts/build/GlyphItem/FontItem_7126.font.s Fonts/build/GlyphItem/FontItem_64CD.font.s Fonts/build/GlyphText/FontText_9CCE.font.s Fonts/build/GlyphText/FontText_5243.font.s Fonts/build/GlyphText/FontText_FF49.font.s Fonts/build/GlyphItem/FontItem_6478.font.s Fonts/build/GlyphText/FontText_60AF.font.s Fonts/build/GlyphText/FontText_95E8.font.s Fonts/build/GlyphText/FontText_4EF5.font.s Fonts/build/GlyphItem/FontItem_4E25.font.s Fonts/build/GlyphText/FontText_7228.font.s Fonts/build/GlyphItem/FontItem_7ED9.font.s Fonts/build/GlyphText/FontText_8C34.font.s Fonts/build/GlyphText/FontText_004B.font.s Fonts/build/GlyphItem/FontItem_9164.font.s Fonts/build/GlyphItem/FontItem_88F8.font.s Fonts/build/GlyphText/FontText_6307.font.s Fonts/build/GlyphText/FontText_5FA8.font.s Fonts/build/GlyphItem/FontItem_75F9.font.s Fonts/build/GlyphItem/FontItem_FF53.font.s Fonts/build/GlyphText/FontText_7EF6.font.s Fonts/build/GlyphItem/FontItem_800C.font.s Fonts/build/GlyphText/FontText_6D3E.font.s Fonts/build/GlyphItem/FontItem_5D47.font.s Fonts/build/GlyphText/FontText_98D2.font.s Fonts/build/GlyphText/FontText_817A.font.s Fonts/build/GlyphText/FontText_57A7.font.s Fonts/build/GlyphItem/FontItem_87B5.font.s Fonts/build/GlyphItem/FontItem_7DA6.font.s Fonts/build/GlyphItem/FontItem_7E3E.font.s Fonts/build/GlyphText/FontText_5792.font.s Fonts/build/GlyphText/FontText_5956.font.s Fonts/build/GlyphItem/FontItem_5657.font.s Fonts/build/GlyphText/FontText_99C6.font.s Fonts/build/GlyphText/FontText_63E9.font.s Fonts/build/GlyphText/FontText_742C.font.s Fonts/build/GlyphText/FontText_0079.font.s Fonts/build/GlyphItem/FontItem_60B8.font.s Fonts/build/GlyphItem/FontItem_5364.font.s Fonts/build/GlyphItem/FontItem_857E.font.s Fonts/build/GlyphText/FontText_9A7E.font.s Fonts/build/GlyphText/FontText_5448.font.s Fonts/build/GlyphText/FontText_7F17.font.s Fonts/build/GlyphItem/FontItem_71AC.font.s Fonts/build/GlyphItem/FontItem_8D67.font.s Fonts/build/GlyphItem/FontItem_8361.font.s Fonts/build/GlyphItem/FontItem_5979.font.s Fonts/build/GlyphItem/FontItem_8F96.font.s Fonts/build/GlyphText/FontText_4F69.font.s Fonts/build/GlyphText/FontText_62FC.font.s Fonts/build/GlyphText/FontText_7763.font.s Fonts/build/GlyphItem/FontItem_8FC7.font.s Fonts/build/GlyphItem/FontItem_7344.font.s Fonts/build/GlyphText/FontText_8840.font.s Fonts/build/GlyphItem/FontItem_7EC9.font.s Fonts/build/GlyphText/FontText_71B9.font.s Fonts/build/GlyphItem/FontItem_6ED7.font.s Fonts/build/GlyphText/FontText_574F.font.s Fonts/build/GlyphText/FontText_7EC2.font.s Fonts/build/GlyphItem/FontItem_8FA3.font.s Fonts/build/GlyphText/FontText_74E3.font.s Fonts/build/GlyphItem/FontItem_822A.font.s Fonts/build/GlyphItem/FontItem_8235.font.s Fonts/build/GlyphText/FontText_8DF5.font.s Fonts/build/GlyphItem/FontItem_70ED.font.s Fonts/build/GlyphText/FontText_9093.font.s Fonts/build/GlyphText/FontText_9A9B.font.s Fonts/build/GlyphItem/FontItem_7630.font.s Fonts/build/GlyphText/FontText_5FBD.font.s Fonts/build/GlyphText/FontText_7F70.font.s Fonts/build/GlyphText/FontText_5742.font.s Fonts/build/GlyphText/FontText_664F.font.s Fonts/build/GlyphItem/FontItem_7EC6.font.s Fonts/build/GlyphText/FontText_7635.font.s Fonts/build/GlyphText/FontText_5728.font.s Fonts/build/GlyphText/FontText_5760.font.s Fonts/build/GlyphText/FontText_54DE.font.s Fonts/build/GlyphItem/FontItem_60F0.font.s Fonts/build/GlyphItem/FontItem_65AD.font.s Fonts/build/GlyphItem/FontItem_5B16.font.s Fonts/build/GlyphText/FontText_8392.font.s Fonts/build/GlyphItem/FontItem_622A.font.s Fonts/build/GlyphItem/FontItem_846B.font.s Fonts/build/GlyphText/FontText_8335.font.s Fonts/build/GlyphItem/FontItem_70C0.font.s Fonts/build/GlyphItem/FontItem_7726.font.s Fonts/build/GlyphItem/FontItem_83BA.font.s Fonts/build/GlyphItem/FontItem_6DC6.font.s Fonts/build/GlyphText/FontText_6717.font.s Fonts/build/GlyphText/FontText_64C1.font.s Fonts/build/GlyphItem/FontItem_965B.font.s Fonts/build/GlyphText/FontText_5420.font.s Fonts/build/GlyphItem/FontItem_8C7A.font.s Fonts/build/GlyphText/FontText_2606.font.s Fonts/build/GlyphText/FontText_64AD.font.s Fonts/build/GlyphText/FontText_53C9.font.s Fonts/build/GlyphItem/FontItem_55E5.font.s Fonts/build/GlyphItem/FontItem_7B4C.font.s Fonts/build/GlyphItem/FontItem_5B81.font.s Fonts/build/GlyphItem/FontItem_9706.font.s Fonts/build/GlyphText/FontText_8F2A.font.s Fonts/build/GlyphText/FontText_7A70.font.s Fonts/build/GlyphText/FontText_91B5.font.s Fonts/build/GlyphItem/FontItem_84B2.font.s Fonts/build/GlyphItem/FontItem_9513.font.s Fonts/build/GlyphText/FontText_5409.font.s Fonts/build/GlyphText/FontText_660C.font.s Fonts/build/GlyphItem/FontItem_9E2A.font.s Fonts/build/GlyphText/FontText_6599.font.s Fonts/build/GlyphText/FontText_7A81.font.s Fonts/build/GlyphItem/FontItem_6D89.font.s Fonts/build/GlyphItem/FontItem_9E5C.font.s Fonts/build/GlyphItem/FontItem_6C2A.font.s Fonts/build/GlyphItem/FontItem_5326.font.s Fonts/build/GlyphText/FontText_6DA1.font.s Fonts/build/GlyphItem/FontItem_8E6D.font.s Fonts/build/GlyphText/FontText_5514.font.s Fonts/build/GlyphText/FontText_6182.font.s Fonts/build/GlyphText/FontText_5C81.font.s Fonts/build/GlyphText/FontText_70EB.font.s Fonts/build/GlyphText/FontText_8FC5.font.s Fonts/build/GlyphItem/FontItem_9707.font.s Fonts/build/GlyphItem/FontItem_8599.font.s Fonts/build/GlyphItem/FontItem_614B.font.s Fonts/build/GlyphText/FontText_59D1.font.s Fonts/build/GlyphText/FontText_5EB7.font.s Fonts/build/GlyphItem/FontItem_8367.font.s Fonts/build/GlyphItem/FontItem_6B59.font.s Fonts/build/GlyphText/FontText_6559.font.s Fonts/build/GlyphItem/FontItem_950B.font.s Fonts/build/GlyphText/FontText_59AE.font.s Fonts/build/GlyphText/FontText_6F14.font.s Fonts/build/GlyphItem/FontItem_6C11.font.s Fonts/build/GlyphText/FontText_89DA.font.s Fonts/build/GlyphText/FontText_3052.font.s Fonts/build/GlyphItem/FontItem_5E26.font.s Fonts/build/GlyphItem/FontItem_542F.font.s Fonts/build/GlyphText/FontText_8DD6.font.s Fonts/build/GlyphText/FontText_8E70.font.s Fonts/build/GlyphText/FontText_81EA.font.s Fonts/build/GlyphItem/FontItem_55FE.font.s Fonts/build/GlyphText/FontText_823E.font.s Fonts/build/GlyphItem/FontItem_9B2F.font.s Fonts/build/GlyphItem/FontItem_6063.font.s Fonts/build/GlyphItem/FontItem_55DF.font.s Fonts/build/GlyphItem/FontItem_547C.font.s Fonts/build/GlyphItem/FontItem_74E3.font.s Fonts/build/GlyphText/FontText_5FD6.font.s Fonts/build/GlyphText/FontText_5C1D.font.s Fonts/build/GlyphText/FontText_58F0.font.s Fonts/build/GlyphText/FontText_9622.font.s Fonts/build/GlyphItem/FontItem_8487.font.s Fonts/build/GlyphText/FontText_721D.font.s Fonts/build/GlyphItem/FontItem_6C8F.font.s Fonts/build/GlyphText/FontText_6C42.font.s Fonts/build/GlyphItem/FontItem_54D7.font.s Fonts/build/GlyphItem/FontItem_6682.font.s Fonts/build/GlyphText/FontText_7EBD.font.s Fonts/build/GlyphText/FontText_568E.font.s Fonts/build/GlyphItem/FontItem_5A77.font.s Fonts/build/GlyphText/FontText_9F84.font.s Fonts/build/GlyphText/FontText_8AAC.font.s Fonts/build/GlyphText/FontText_8D85.font.s Fonts/build/GlyphText/FontText_83D4.font.s Fonts/build/GlyphText/FontText_6D91.font.s Fonts/build/GlyphText/FontText_5269.font.s Fonts/build/GlyphText/FontText_5C15.font.s Fonts/build/GlyphText/FontText_836D.font.s Fonts/build/GlyphItem/FontItem_7EF0.font.s Fonts/build/GlyphItem/FontItem_7762.font.s Fonts/build/GlyphItem/FontItem_9970.font.s Fonts/build/GlyphText/FontText_5A49.font.s Fonts/build/GlyphText/FontText_8A70.font.s Fonts/build/GlyphItem/FontItem_9CC4.font.s Fonts/build/GlyphText/FontText_7A83.font.s Fonts/build/GlyphItem/FontItem_8FBC.font.s Fonts/build/GlyphText/FontText_308C.font.s Fonts/build/GlyphText/FontText_305D.font.s Fonts/build/GlyphText/FontText_5233.font.s Fonts/build/GlyphText/FontText_4F57.font.s Fonts/build/GlyphText/FontText_7B62.font.s Fonts/build/GlyphItem/FontItem_5C0A.font.s Fonts/build/GlyphText/FontText_6607.font.s Fonts/build/GlyphItem/FontItem_53BB.font.s Fonts/build/GlyphText/FontText_00D6.font.s Fonts/build/GlyphText/FontText_540D.font.s Fonts/build/GlyphText/FontText_8FD4.font.s Fonts/build/GlyphItem/FontItem_6079.font.s Fonts/build/GlyphItem/FontItem_5723.font.s Fonts/build/GlyphItem/FontItem_6797.font.s Fonts/build/GlyphItem/FontItem_97B4.font.s Fonts/build/GlyphText/FontText_859B.font.s Fonts/build/GlyphItem/FontItem_537A.font.s Fonts/build/GlyphText/FontText_832D.font.s Fonts/build/GlyphText/FontText_8859.font.s Fonts/build/GlyphItem/FontItem_87D2.font.s Fonts/build/GlyphText/FontText_5426.font.s Fonts/build/GlyphItem/FontItem_9B23.font.s Fonts/build/GlyphItem/FontItem_67E2.font.s Fonts/build/GlyphText/FontText_6864.font.s Fonts/build/GlyphItem/FontItem_817A.font.s Fonts/build/GlyphItem/FontItem_5CC1.font.s Fonts/build/GlyphItem/FontItem_65D2.font.s Fonts/build/GlyphItem/FontItem_5FD2.font.s Fonts/build/GlyphItem/FontItem_86DE.font.s Fonts/build/GlyphItem/FontItem_7A98.font.s Fonts/build/GlyphText/FontText_8487.font.s Fonts/build/GlyphItem/FontItem_7F19.font.s Fonts/build/GlyphText/FontText_FF25.font.s Fonts/build/GlyphItem/FontItem_7EE0.font.s Fonts/build/GlyphText/FontText_54B2.font.s Fonts/build/GlyphText/FontText_603C.font.s Fonts/build/GlyphText/FontText_5F1B.font.s Fonts/build/GlyphItem/FontItem_73D1.font.s Fonts/build/GlyphItem/FontItem_96CC.font.s Fonts/build/GlyphText/FontText_9801.font.s Fonts/build/GlyphItem/FontItem_5E54.font.s Fonts/build/GlyphText/FontText_764C.font.s Fonts/build/GlyphText/FontText_8D42.font.s Fonts/build/GlyphText/FontText_7B14.font.s Fonts/build/GlyphText/FontText_521D.font.s Fonts/build/GlyphItem/FontItem_56FF.font.s Fonts/build/GlyphText/FontText_749E.font.s Fonts/build/GlyphItem/FontItem_5F40.font.s Fonts/build/GlyphText/FontText_8B70.font.s Fonts/build/GlyphText/FontText_663C.font.s Fonts/build/GlyphText/FontText_623B.font.s Fonts/build/GlyphText/FontText_5982.font.s Fonts/build/GlyphText/FontText_6536.font.s Fonts/build/GlyphItem/FontItem_6807.font.s Fonts/build/GlyphItem/FontItem_6B79.font.s Fonts/build/GlyphText/FontText_8C36.font.s Fonts/build/GlyphText/FontText_8054.font.s Fonts/build/GlyphText/FontText_5575.font.s Fonts/build/GlyphItem/FontItem_90ED.font.s Fonts/build/GlyphText/FontText_51AB.font.s Fonts/build/GlyphText/FontText_6566.font.s Fonts/build/GlyphText/FontText_86D0.font.s Fonts/build/GlyphText/FontText_6562.font.s Fonts/build/GlyphItem/FontItem_765E.font.s Fonts/build/GlyphText/FontText_94DB.font.s Fonts/build/GlyphText/FontText_71EE.font.s Fonts/build/GlyphItem/FontItem_8249.font.s Fonts/build/GlyphText/FontText_4F65.font.s Fonts/build/GlyphText/FontText_9E3D.font.s Fonts/build/GlyphText/FontText_6B65.font.s Fonts/build/GlyphItem/FontItem_4E58.font.s Fonts/build/GlyphItem/FontItem_6F8C.font.s Fonts/build/GlyphItem/FontItem_86CB.font.s Fonts/build/GlyphItem/FontItem_54C2.font.s Fonts/build/GlyphText/FontText_9E67.font.s Fonts/build/GlyphItem/FontItem_4EA9.font.s Fonts/build/GlyphText/FontText_71C3.font.s Fonts/build/GlyphText/FontText_7762.font.s Fonts/build/GlyphItem/FontItem_6771.font.s Fonts/build/GlyphItem/FontItem_7ECC.font.s Fonts/build/GlyphText/FontText_9632.font.s Fonts/build/GlyphItem/FontItem_80C4.font.s Fonts/build/GlyphItem/FontItem_80BC.font.s Fonts/build/GlyphItem/FontItem_5263.font.s Fonts/build/GlyphItem/FontItem_30B9.font.s Fonts/build/GlyphText/FontText_7110.font.s Fonts/build/GlyphItem/FontItem_5D03.font.s Fonts/build/GlyphItem/FontItem_5CCB.font.s Fonts/build/GlyphItem/FontItem_6844.font.s Fonts/build/GlyphItem/FontItem_7572.font.s Fonts/build/GlyphText/FontText_8E4A.font.s Fonts/build/GlyphText/FontText_8010.font.s Fonts/build/GlyphText/FontText_75CD.font.s Fonts/build/GlyphText/FontText_649E.font.s Fonts/build/GlyphText/FontText_8F96.font.s Fonts/build/GlyphText/FontText_8F82.font.s Fonts/build/GlyphText/FontText_5981.font.s Fonts/build/GlyphItem/FontItem_6240.font.s Fonts/build/GlyphItem/FontItem_77F8.font.s Fonts/build/GlyphItem/FontItem_66E9.font.s Fonts/build/GlyphItem/FontItem_88AB.font.s Fonts/build/GlyphText/FontText_9A98.font.s Fonts/build/GlyphItem/FontItem_4EAE.font.s Fonts/build/GlyphText/FontText_4FDA.font.s Fonts/build/GlyphText/FontText_6D41.font.s Fonts/build/GlyphText/FontText_966A.font.s Fonts/build/GlyphText/FontText_8D67.font.s Fonts/build/GlyphText/FontText_7D00.font.s Fonts/build/GlyphText/FontText_8CDE.font.s Fonts/build/GlyphItem/FontItem_82B4.font.s Fonts/build/GlyphItem/FontItem_7840.font.s Fonts/build/GlyphItem/FontItem_5885.font.s Fonts/build/GlyphItem/FontItem_5462.font.s Fonts/build/GlyphText/FontText_6837.font.s Fonts/build/GlyphItem/FontItem_868A.font.s Fonts/build/GlyphText/FontText_87BD.font.s Fonts/build/GlyphText/FontText_8FBA.font.s Fonts/build/GlyphItem/FontItem_8F98.font.s Fonts/build/GlyphItem/FontItem_8BB7.font.s Fonts/build/GlyphItem/FontItem_4E59.font.s Fonts/build/GlyphItem/FontItem_8BA9.font.s Fonts/build/GlyphText/FontText_9057.font.s Fonts/build/GlyphText/FontText_5154.font.s Fonts/build/GlyphItem/FontItem_5180.font.s Fonts/build/GlyphItem/FontItem_8221.font.s Fonts/build/GlyphText/FontText_8D23.font.s Fonts/build/GlyphItem/FontItem_4E5D.font.s Fonts/build/GlyphItem/FontItem_77BD.font.s Fonts/build/GlyphItem/FontItem_9EE5.font.s Fonts/build/GlyphText/FontText_54E9.font.s Fonts/build/GlyphText/FontText_4F6C.font.s Fonts/build/GlyphItem/FontItem_30EB.font.s Fonts/build/GlyphItem/FontItem_72AF.font.s Fonts/build/GlyphItem/FontItem_51DB.font.s Fonts/build/GlyphText/FontText_6363.font.s Fonts/build/GlyphText/FontText_5D24.font.s Fonts/build/GlyphItem/FontItem_5165.font.s Fonts/build/GlyphText/FontText_9A8F.font.s Fonts/build/GlyphItem/FontItem_4E22.font.s Fonts/build/GlyphItem/FontItem_8272.font.s Fonts/build/GlyphText/FontText_0028.font.s Fonts/build/GlyphItem/FontItem_4E30.font.s Fonts/build/GlyphText/FontText_8BDC.font.s Fonts/build/GlyphText/FontText_6448.font.s Fonts/build/GlyphText/FontText_87EA.font.s Fonts/build/GlyphItem/FontItem_5740.font.s Fonts/build/GlyphText/FontText_4E0B.font.s Fonts/build/GlyphText/FontText_91B4.font.s Fonts/build/GlyphItem/FontItem_6D63.font.s Fonts/build/GlyphText/FontText_58C1.font.s Fonts/build/GlyphItem/FontItem_90D1.font.s Fonts/build/GlyphText/FontText_786E.font.s Fonts/build/GlyphText/FontText_5764.font.s Fonts/build/GlyphText/FontText_5589.font.s Fonts/build/GlyphText/FontText_9556.font.s Fonts/build/GlyphText/FontText_8E59.font.s Fonts/build/GlyphText/FontText_62C6.font.s Fonts/build/GlyphItem/FontItem_7A9D.font.s Fonts/build/GlyphItem/FontItem_7317.font.s Fonts/build/GlyphText/FontText_525B.font.s Fonts/build/GlyphText/FontText_6809.font.s Fonts/build/GlyphItem/FontItem_9521.font.s Fonts/build/GlyphText/FontText_5703.font.s Fonts/build/GlyphText/FontText_87D1.font.s Fonts/build/GlyphItem/FontItem_7B4F.font.s Fonts/build/GlyphText/FontText_679C.font.s Fonts/build/GlyphText/FontText_55D4.font.s Fonts/build/GlyphText/FontText_7DB1.font.s Fonts/build/GlyphText/FontText_9513.font.s Fonts/build/GlyphItem/FontItem_6B64.font.s Fonts/build/GlyphText/FontText_8861.font.s Fonts/build/GlyphText/FontText_7977.font.s Fonts/build/GlyphText/FontText_97B2.font.s Fonts/build/GlyphText/FontText_5F97.font.s Fonts/build/GlyphItem/FontItem_966A.font.s Fonts/build/GlyphItem/FontItem_5768.font.s Fonts/build/GlyphItem/FontItem_7F51.font.s Fonts/build/GlyphItem/FontItem_5B9E.font.s Fonts/build/GlyphItem/FontItem_5954.font.s Fonts/build/GlyphText/FontText_7719.font.s Fonts/build/GlyphItem/FontItem_52C3.font.s Fonts/build/GlyphItem/FontItem_9542.font.s Fonts/build/GlyphText/FontText_900F.font.s Fonts/build/GlyphText/FontText_30B6.font.s Fonts/build/GlyphItem/FontItem_6D93.font.s Fonts/build/GlyphText/FontText_5F61.font.s Fonts/build/GlyphItem/FontItem_83E5.font.s Fonts/build/GlyphText/FontText_94BB.font.s Fonts/build/GlyphItem/FontItem_9980.font.s Fonts/build/GlyphText/FontText_73D0.font.s Fonts/build/GlyphText/FontText_7FF3.font.s Fonts/build/GlyphItem/FontItem_8CE2.font.s Fonts/build/GlyphText/FontText_711A.font.s Fonts/build/GlyphText/FontText_5458.font.s Fonts/build/GlyphItem/FontItem_9189.font.s Fonts/build/GlyphItem/FontItem_9677.font.s Fonts/build/GlyphText/FontText_6E21.font.s Fonts/build/GlyphItem/FontItem_6EB2.font.s Fonts/build/GlyphItem/FontItem_59E3.font.s Fonts/build/GlyphText/FontText_902E.font.s Fonts/build/GlyphItem/FontItem_90CF.font.s Fonts/build/GlyphItem/FontItem_7281.font.s Fonts/build/GlyphItem/FontItem_54FA.font.s Fonts/build/GlyphItem/FontItem_639B.font.s Fonts/build/GlyphText/FontText_5B98.font.s Fonts/build/GlyphText/FontText_6238.font.s Fonts/build/GlyphItem/FontItem_8702.font.s Fonts/build/GlyphItem/FontItem_94D5.font.s Fonts/build/GlyphItem/FontItem_717A.font.s Fonts/build/GlyphText/FontText_824F.font.s Fonts/build/GlyphItem/FontItem_6EAF.font.s Fonts/build/GlyphItem/FontItem_828A.font.s Fonts/build/GlyphText/FontText_5A34.font.s Fonts/build/GlyphItem/FontItem_51E6.font.s Fonts/build/GlyphText/FontText_8BD8.font.s Fonts/build/GlyphItem/FontItem_61C2.font.s Fonts/build/GlyphItem/FontItem_7AB3.font.s Fonts/build/GlyphText/FontText_8061.font.s Fonts/build/GlyphText/FontText_8F6B.font.s Fonts/build/GlyphItem/FontItem_73DE.font.s Fonts/build/GlyphItem/FontItem_0076.font.s Fonts/build/GlyphText/FontText_64E6.font.s Fonts/build/GlyphItem/FontItem_6E86.font.s Fonts/build/GlyphItem/FontItem_68F2.font.s Fonts/build/GlyphItem/FontItem_304A.font.s Fonts/build/GlyphItem/FontItem_307F.font.s Fonts/build/GlyphText/FontText_7800.font.s Fonts/build/GlyphItem/FontItem_8153.font.s Fonts/build/GlyphItem/FontItem_9AEA.font.s Fonts/build/GlyphItem/FontItem_6343.font.s Fonts/build/GlyphItem/FontItem_4E73.font.s Fonts/build/GlyphText/FontText_54C9.font.s Fonts/build/GlyphText/FontText_51B2.font.s Fonts/build/GlyphItem/FontItem_4E0D.font.s Fonts/build/GlyphItem/FontItem_7EA6.font.s Fonts/build/GlyphText/FontText_64D0.font.s Fonts/build/GlyphText/FontText_00F2.font.s Fonts/build/GlyphItem/FontItem_9F17.font.s Fonts/build/GlyphText/FontText_8F1D.font.s Fonts/build/GlyphText/FontText_8D22.font.s Fonts/build/GlyphText/FontText_3080.font.s Fonts/build/GlyphText/FontText_56A3.font.s Fonts/build/GlyphItem/FontItem_63D2.font.s Fonts/build/GlyphText/FontText_76CA.font.s Fonts/build/GlyphText/FontText_5F0A.font.s Fonts/build/GlyphText/FontText_5948.font.s Fonts/build/GlyphItem/FontItem_4EC7.font.s Fonts/build/GlyphItem/FontItem_780D.font.s Fonts/build/GlyphItem/FontItem_305C.font.s Fonts/build/GlyphText/FontText_9B42.font.s Fonts/build/GlyphText/FontText_7315.font.s Fonts/build/GlyphItem/FontItem_5B65.font.s Fonts/build/GlyphText/FontText_8D16.font.s Fonts/build/GlyphItem/FontItem_82D8.font.s Fonts/build/GlyphItem/FontItem_89CE.font.s Fonts/build/GlyphText/FontText_9A9A.font.s Fonts/build/GlyphItem/FontItem_30ED.font.s Fonts/build/GlyphText/FontText_55BE.font.s Fonts/build/GlyphText/FontText_8FB6.font.s Fonts/build/GlyphItem/FontItem_60ED.font.s Fonts/build/GlyphText/FontText_65A9.font.s Fonts/build/GlyphItem/FontItem_7476.font.s Fonts/build/GlyphItem/FontItem_8821.font.s Fonts/build/GlyphItem/FontItem_56F1.font.s Fonts/build/GlyphItem/FontItem_5F14.font.s Fonts/build/GlyphText/FontText_6B8B.font.s Fonts/build/GlyphItem/FontItem_8BF6.font.s Fonts/build/GlyphItem/FontItem_30E4.font.s Fonts/build/GlyphText/FontText_9D09.font.s Fonts/build/GlyphText/FontText_52C5.font.s Fonts/build/GlyphItem/FontItem_82DB.font.s Fonts/build/GlyphItem/FontItem_5E74.font.s Fonts/build/GlyphItem/FontItem_9524.font.s Fonts/build/GlyphItem/FontItem_5435.font.s Fonts/build/GlyphItem/FontItem_82A1.font.s Fonts/build/GlyphText/FontText_7832.font.s Fonts/build/GlyphItem/FontItem_5F80.font.s Fonts/build/GlyphItem/FontItem_53E4.font.s Fonts/build/GlyphItem/FontItem_89CA.font.s Fonts/build/GlyphText/FontText_865C.font.s Fonts/build/GlyphItem/FontItem_51FC.font.s Fonts/build/GlyphItem/FontItem_575E.font.s Fonts/build/GlyphItem/FontItem_64BA.font.s Fonts/build/GlyphText/FontText_4E4F.font.s Fonts/build/GlyphText/FontText_59EC.font.s Fonts/build/GlyphItem/FontItem_5E15.font.s Fonts/build/GlyphText/FontText_5FC5.font.s Fonts/build/GlyphItem/FontItem_730E.font.s Fonts/build/GlyphItem/FontItem_56FD.font.s Fonts/build/GlyphItem/FontItem_6CA4.font.s Fonts/build/GlyphItem/FontItem_8451.font.s Fonts/build/GlyphItem/FontItem_76E3.font.s Fonts/build/GlyphItem/FontItem_997C.font.s Fonts/build/GlyphItem/FontItem_4E69.font.s Fonts/build/GlyphText/FontText_9A19.font.s Fonts/build/GlyphText/FontText_5566.font.s Fonts/build/GlyphText/FontText_5F92.font.s Fonts/build/GlyphText/FontText_6D47.font.s Fonts/build/GlyphText/FontText_5D50.font.s Fonts/build/GlyphText/FontText_00F6.font.s Fonts/build/GlyphText/FontText_697D.font.s Fonts/build/GlyphItem/FontItem_8B6C.font.s Fonts/build/GlyphText/FontText_62E3.font.s Fonts/build/GlyphText/FontText_5316.font.s Fonts/build/GlyphText/FontText_8D25.font.s Fonts/build/GlyphItem/FontItem_8907.font.s Fonts/build/GlyphItem/FontItem_5BA3.font.s Fonts/build/GlyphText/FontText_865A.font.s Fonts/build/GlyphItem/FontItem_82B1.font.s Fonts/build/GlyphItem/FontItem_8D4E.font.s Fonts/build/GlyphItem/FontItem_6292.font.s Fonts/build/GlyphItem/FontItem_9057.font.s Fonts/build/GlyphItem/FontItem_6015.font.s Fonts/build/GlyphItem/FontItem_9A77.font.s Fonts/build/GlyphItem/FontItem_86C7.font.s Fonts/build/GlyphItem/FontItem_9CDC.font.s Fonts/build/GlyphText/FontText_305C.font.s Fonts/build/GlyphText/FontText_82D4.font.s Fonts/build/GlyphText/FontText_5C97.font.s Fonts/build/GlyphText/FontText_9045.font.s Fonts/build/GlyphItem/FontItem_758F.font.s Fonts/build/GlyphItem/FontItem_78C5.font.s Fonts/build/GlyphText/FontText_65E5.font.s Fonts/build/GlyphText/FontText_4EA7.font.s Fonts/build/GlyphItem/FontItem_307E.font.s Fonts/build/GlyphItem/FontItem_8E6F.font.s Fonts/build/GlyphItem/FontItem_612B.font.s Fonts/build/GlyphText/FontText_005A.font.s Fonts/build/GlyphText/FontText_5275.font.s Fonts/build/GlyphItem/FontItem_75A1.font.s Fonts/build/GlyphText/FontText_8788.font.s Fonts/build/GlyphItem/FontItem_5E38.font.s Fonts/build/GlyphText/FontText_5A01.font.s Fonts/build/GlyphText/FontText_90B8.font.s Fonts/build/GlyphItem/FontItem_4FC3.font.s Fonts/build/GlyphText/FontText_9968.font.s Fonts/build/GlyphItem/FontItem_623F.font.s Fonts/build/GlyphText/FontText_6CC9.font.s Fonts/build/GlyphItem/FontItem_55E3.font.s Fonts/build/GlyphItem/FontItem_0041.font.s Fonts/build/GlyphItem/FontItem_30BF.font.s Fonts/build/GlyphText/FontText_00C0.font.s Fonts/build/GlyphText/FontText_9999.font.s Fonts/build/GlyphText/FontText_9690.font.s Fonts/build/GlyphItem/FontItem_63DE.font.s Fonts/build/GlyphItem/FontItem_6628.font.s Fonts/build/GlyphText/FontText_682A.font.s Fonts/build/GlyphText/FontText_54A4.font.s Fonts/build/GlyphItem/FontItem_92ED.font.s Fonts/build/GlyphText/FontText_9CD8.font.s Fonts/build/GlyphText/FontText_952C.font.s Fonts/build/GlyphItem/FontItem_8029.font.s Fonts/build/GlyphText/FontText_6971.font.s Fonts/build/GlyphText/FontText_7C40.font.s Fonts/build/GlyphText/FontText_6A90.font.s Fonts/build/GlyphItem/FontItem_8DFB.font.s Fonts/build/GlyphItem/FontItem_8BDB.font.s Fonts/build/GlyphText/FontText_8803.font.s Fonts/build/GlyphItem/FontItem_65FA.font.s Fonts/build/GlyphText/FontText_5927.font.s Fonts/build/GlyphItem/FontItem_4EC5.font.s Fonts/build/GlyphText/FontText_654F.font.s Fonts/build/GlyphText/FontText_97F5.font.s Fonts/build/GlyphItem/FontItem_96C5.font.s Fonts/build/GlyphText/FontText_52C9.font.s Fonts/build/GlyphText/FontText_8A73.font.s Fonts/build/GlyphText/FontText_9CB0.font.s Fonts/build/GlyphItem/FontItem_7708.font.s Fonts/build/GlyphText/FontText_60E9.font.s Fonts/build/GlyphText/FontText_615D.font.s Fonts/build/GlyphText/FontText_795B.font.s Fonts/build/GlyphItem/FontItem_94E2.font.s Fonts/build/GlyphText/FontText_52BE.font.s Fonts/build/GlyphText/FontText_5584.font.s Fonts/build/GlyphItem/FontItem_8110.font.s Fonts/build/GlyphText/FontText_79E9.font.s Fonts/build/GlyphItem/FontItem_9EC9.font.s Fonts/build/GlyphText/FontText_7CB1.font.s Fonts/build/GlyphText/FontText_9036.font.s Fonts/build/GlyphItem/FontItem_6175.font.s Fonts/build/GlyphText/FontText_3044.font.s Fonts/build/GlyphItem/FontItem_6F2F.font.s Fonts/build/GlyphItem/FontItem_51EA.font.s Fonts/build/GlyphItem/FontItem_57ED.font.s Fonts/build/GlyphText/FontText_7519.font.s Fonts/build/GlyphText/FontText_8118.font.s Fonts/build/GlyphItem/FontItem_7A17.font.s Fonts/build/GlyphItem/FontItem_0031.font.s Fonts/build/GlyphItem/FontItem_6F7C.font.s Fonts/build/GlyphItem/FontItem_3051.font.s Fonts/build/GlyphText/FontText_4E4D.font.s Fonts/build/GlyphItem/FontItem_7A1E.font.s Fonts/build/GlyphText/FontText_6101.font.s Fonts/build/GlyphItem/FontItem_701B.font.s Fonts/build/GlyphText/FontText_67FF.font.s Fonts/build/GlyphText/FontText_5D58.font.s Fonts/build/GlyphItem/FontItem_9CB4.font.s Fonts/build/GlyphText/FontText_758B.font.s Fonts/build/GlyphText/FontText_786C.font.s Fonts/build/GlyphText/FontText_6C0D.font.s Fonts/build/GlyphItem/FontItem_52B4.font.s Fonts/build/GlyphItem/FontItem_003E.font.s Fonts/build/GlyphItem/FontItem_6606.font.s Fonts/build/GlyphText/FontText_5FD7.font.s Fonts/build/GlyphText/FontText_57D5.font.s Fonts/build/GlyphItem/FontItem_8941.font.s Fonts/build/GlyphItem/FontItem_70AD.font.s Fonts/build/GlyphText/FontText_83E1.font.s Fonts/build/GlyphText/FontText_74F4.font.s Fonts/build/GlyphText/FontText_9713.font.s Fonts/build/GlyphItem/FontItem_8136.font.s Fonts/build/GlyphText/FontText_672C.font.s Fonts/build/GlyphText/FontText_89C4.font.s Fonts/build/GlyphItem/FontItem_5A67.font.s Fonts/build/GlyphItem/FontItem_304F.font.s Fonts/build/GlyphItem/FontItem_6EB6.font.s Fonts/build/GlyphText/FontText_4EC2.font.s Fonts/build/GlyphText/FontText_6E0B.font.s Fonts/build/GlyphText/FontText_8D5A.font.s Fonts/build/GlyphText/FontText_7A9C.font.s Fonts/build/GlyphText/FontText_6641.font.s Fonts/build/GlyphItem/FontItem_7A32.font.s Fonts/build/GlyphText/FontText_84C1.font.s Fonts/build/GlyphText/FontText_6A91.font.s Fonts/build/GlyphText/FontText_8C61.font.s Fonts/build/GlyphText/FontText_5BF8.font.s Fonts/build/GlyphItem/FontItem_53F0.font.s Fonts/build/GlyphItem/FontItem_4FD8.font.s Fonts/build/GlyphItem/FontItem_9175.font.s Fonts/build/GlyphText/FontText_949B.font.s Fonts/build/GlyphText/FontText_9C81.font.s Fonts/build/GlyphItem/FontItem_7ECA.font.s Fonts/build/GlyphItem/FontItem_5DF4.font.s Fonts/build/GlyphItem/FontItem_70CA.font.s Fonts/build/GlyphItem/FontItem_6901.font.s Fonts/build/GlyphItem/FontItem_7F35.font.s Fonts/build/GlyphItem/FontItem_51CF.font.s Fonts/build/GlyphItem/FontItem_54E9.font.s Fonts/build/GlyphItem/FontItem_54C7.font.s Fonts/build/GlyphText/FontText_7CC8.font.s Fonts/build/GlyphItem/FontItem_6C26.font.s Fonts/build/GlyphText/FontText_7EC5.font.s Fonts/build/GlyphText/FontText_5339.font.s Fonts/build/GlyphItem/FontItem_791E.font.s Fonts/build/GlyphItem/FontItem_8A0E.font.s Fonts/build/GlyphText/FontText_63A1.font.s Fonts/build/GlyphText/FontText_8BF4.font.s Fonts/build/GlyphItem/FontItem_75A0.font.s Fonts/build/GlyphItem/FontItem_627C.font.s Fonts/build/GlyphItem/FontItem_8469.font.s Fonts/build/GlyphItem/FontItem_7FE5.font.s Fonts/build/GlyphItem/FontItem_8D41.font.s Fonts/build/GlyphText/FontText_4FC2.font.s Fonts/build/GlyphText/FontText_96BE.font.s Fonts/build/GlyphText/FontText_5FF1.font.s Fonts/build/GlyphItem/FontItem_8877.font.s Fonts/build/GlyphText/FontText_7F72.font.s Fonts/build/GlyphText/FontText_00F9.font.s Fonts/build/GlyphText/FontText_6CC5.font.s Fonts/build/GlyphItem/FontItem_8E23.font.s Fonts/build/GlyphItem/FontItem_764D.font.s Fonts/build/GlyphItem/FontItem_6499.font.s Fonts/build/GlyphText/FontText_81BB.font.s Fonts/build/GlyphItem/FontItem_8F6B.font.s Fonts/build/GlyphItem/FontItem_8E85.font.s Fonts/build/GlyphText/FontText_9065.font.s Fonts/build/GlyphText/FontText_96E2.font.s Fonts/build/GlyphItem/FontItem_78CA.font.s Fonts/build/GlyphText/FontText_9619.font.s Fonts/build/GlyphItem/FontItem_7178.font.s Fonts/build/GlyphItem/FontItem_8392.font.s Fonts/build/GlyphItem/FontItem_52A1.font.s Fonts/build/GlyphText/FontText_5F3A.font.s Fonts/build/GlyphItem/FontItem_55D2.font.s Fonts/build/GlyphText/FontText_8844.font.s Fonts/build/GlyphItem/FontItem_7EE6.font.s Fonts/build/GlyphText/FontText_7642.font.s Fonts/build/GlyphItem/FontItem_7B33.font.s Fonts/build/GlyphItem/FontItem_6DBF.font.s Fonts/build/GlyphText/FontText_8857.font.s Fonts/build/GlyphItem/FontItem_6868.font.s Fonts/build/GlyphText/FontText_7C0F.font.s Fonts/build/GlyphItem/FontItem_9CA8.font.s Fonts/build/GlyphItem/FontItem_5F50.font.s Fonts/build/GlyphItem/FontItem_7F81.font.s Fonts/build/GlyphText/FontText_7A97.font.s Fonts/build/GlyphItem/FontItem_6F88.font.s Fonts/build/GlyphItem/FontItem_5382.font.s Fonts/build/GlyphItem/FontItem_7BF1.font.s Fonts/build/GlyphText/FontText_697C.font.s Fonts/build/GlyphText/FontText_868A.font.s Fonts/build/GlyphText/FontText_9CAE.font.s Fonts/build/GlyphText/FontText_98AF.font.s Fonts/build/GlyphItem/FontItem_6B53.font.s Fonts/build/GlyphText/FontText_5308.font.s Fonts/build/GlyphText/FontText_6751.font.s Fonts/build/GlyphItem/FontItem_54FD.font.s Fonts/build/GlyphItem/FontItem_8D1D.font.s Fonts/build/GlyphItem/FontItem_71B3.font.s Fonts/build/GlyphText/FontText_75A1.font.s Fonts/build/GlyphItem/FontItem_8378.font.s Fonts/build/GlyphText/FontText_57A3.font.s Fonts/build/GlyphItem/FontItem_9622.font.s Fonts/build/GlyphItem/FontItem_58BC.font.s Fonts/build/GlyphItem/FontItem_9A84.font.s Fonts/build/GlyphItem/FontItem_94E3.font.s Fonts/build/GlyphItem/FontItem_85DC.font.s Fonts/build/GlyphItem/FontItem_566C.font.s Fonts/build/GlyphItem/FontItem_8F9F.font.s Fonts/build/GlyphText/FontText_9012.font.s Fonts/build/GlyphItem/FontItem_8D24.font.s Fonts/build/GlyphItem/FontItem_7166.font.s Fonts/build/GlyphText/FontText_7372.font.s Fonts/build/GlyphItem/FontItem_529D.font.s Fonts/build/GlyphItem/FontItem_9078.font.s Fonts/build/GlyphItem/FontItem_51BC.font.s Fonts/build/GlyphItem/FontItem_77B0.font.s Fonts/build/GlyphText/FontText_5F0F.font.s Fonts/build/GlyphText/FontText_54C8.font.s Fonts/build/GlyphItem/FontItem_9E46.font.s Fonts/build/GlyphItem/FontItem_78EC.font.s Fonts/build/GlyphText/FontText_6A84.font.s Fonts/build/GlyphText/FontText_7260.font.s Fonts/build/GlyphText/FontText_30B0.font.s Fonts/build/GlyphText/FontText_51EB.font.s Fonts/build/GlyphText/FontText_6266.font.s Fonts/build/GlyphItem/FontItem_5BB3.font.s Fonts/build/GlyphItem/FontItem_6F2A.font.s Fonts/build/GlyphText/FontText_5A25.font.s Fonts/build/GlyphText/FontText_6EA7.font.s Fonts/build/GlyphText/FontText_8DE1.font.s Fonts/build/GlyphItem/FontItem_9A6E.font.s Fonts/build/GlyphItem/FontItem_681D.font.s Fonts/build/GlyphText/FontText_30A6.font.s Fonts/build/GlyphItem/FontItem_6DA8.font.s Fonts/build/GlyphText/FontText_79A7.font.s Fonts/build/GlyphText/FontText_5ED1.font.s Fonts/build/GlyphText/FontText_5904.font.s Fonts/build/GlyphText/FontText_90EB.font.s Fonts/build/GlyphText/FontText_75D5.font.s Fonts/build/GlyphText/FontText_7C27.font.s Fonts/build/GlyphItem/FontItem_6E4E.font.s Fonts/build/GlyphText/FontText_6905.font.s Fonts/build/GlyphText/FontText_6DE0.font.s Fonts/build/GlyphItem/FontItem_8579.font.s Fonts/build/GlyphItem/FontItem_3000.font.s Fonts/build/GlyphItem/FontItem_7B50.font.s Fonts/build/GlyphItem/FontItem_8BFA.font.s Fonts/build/GlyphText/FontText_7691.font.s Fonts/build/GlyphText/FontText_99D5.font.s Fonts/build/GlyphText/FontText_7FCA.font.s Fonts/build/GlyphItem/FontItem_67B5.font.s Fonts/build/GlyphItem/FontItem_6AA9.font.s Fonts/build/GlyphItem/FontItem_8662.font.s Fonts/build/GlyphItem/FontItem_8A18.font.s Fonts/build/GlyphItem/FontItem_5A1C.font.s Fonts/build/GlyphItem/FontItem_0055.font.s Fonts/build/GlyphText/FontText_6F58.font.s Fonts/build/GlyphItem/FontItem_8A2A.font.s Fonts/build/GlyphItem/FontItem_9AC1.font.s Fonts/build/GlyphText/FontText_6668.font.s Fonts/build/GlyphText/FontText_7E4B.font.s Fonts/build/GlyphText/FontText_6613.font.s Fonts/build/GlyphItem/FontItem_4ED9.font.s Fonts/build/GlyphItem/FontItem_95ED.font.s Fonts/build/GlyphText/FontText_731C.font.s Fonts/build/GlyphText/FontText_58F2.font.s Fonts/build/GlyphText/FontText_7C97.font.s Fonts/build/GlyphItem/FontItem_677F.font.s Fonts/build/GlyphItem/FontItem_9642.font.s Fonts/build/GlyphItem/FontItem_9068.font.s Fonts/build/GlyphItem/FontItem_96FB.font.s Fonts/build/GlyphItem/FontItem_9EDC.font.s Fonts/build/GlyphText/FontText_9662.font.s Fonts/build/GlyphText/FontText_577C.font.s Fonts/build/GlyphItem/FontItem_83D6.font.s Fonts/build/GlyphItem/FontItem_8354.font.s Fonts/build/GlyphItem/FontItem_FF4F.font.s Fonts/build/GlyphText/FontText_66E0.font.s Fonts/build/GlyphText/FontText_62E6.font.s Fonts/build/GlyphText/FontText_6004.font.s Fonts/build/GlyphText/FontText_9163.font.s Fonts/build/GlyphText/FontText_6EE9.font.s Fonts/build/GlyphItem/FontItem_8210.font.s Fonts/build/GlyphItem/FontItem_6296.font.s Fonts/build/GlyphText/FontText_8FAB.font.s Fonts/build/GlyphItem/FontItem_724D.font.s Fonts/build/GlyphText/FontText_5043.font.s Fonts/build/GlyphItem/FontItem_4EFD.font.s Fonts/build/GlyphItem/FontItem_7743.font.s Fonts/build/GlyphText/FontText_56E4.font.s Fonts/build/GlyphItem/FontItem_6C57.font.s Fonts/build/GlyphText/FontText_8713.font.s Fonts/build/GlyphItem/FontItem_686B.font.s Fonts/build/GlyphText/FontText_86C6.font.s Fonts/build/GlyphItem/FontItem_002F.font.s Fonts/build/GlyphText/FontText_4FAA.font.s Fonts/build/GlyphItem/FontItem_73B0.font.s Fonts/build/GlyphItem/FontItem_30E9.font.s Fonts/build/GlyphItem/FontItem_5C9C.font.s Fonts/build/GlyphText/FontText_532E.font.s Fonts/build/GlyphItem/FontItem_8D62.font.s Fonts/build/GlyphItem/FontItem_89DA.font.s Fonts/build/GlyphItem/FontItem_7F1D.font.s Fonts/build/GlyphText/FontText_57DF.font.s Fonts/build/GlyphText/FontText_886E.font.s Fonts/build/GlyphText/FontText_00E4.font.s Fonts/build/GlyphText/FontText_95FC.font.s Fonts/build/GlyphText/FontText_61CB.font.s Fonts/build/GlyphText/FontText_5F3C.font.s Fonts/build/GlyphText/FontText_7586.font.s Fonts/build/GlyphItem/FontItem_7EFC.font.s Fonts/build/GlyphItem/FontItem_7F2F.font.s Fonts/build/GlyphItem/FontItem_728A.font.s Fonts/build/GlyphText/FontText_8D33.font.s Fonts/build/GlyphText/FontText_79C3.font.s Fonts/build/GlyphText/FontText_99D0.font.s Fonts/build/GlyphText/FontText_998B.font.s Fonts/build/GlyphText/FontText_5C0E.font.s Fonts/build/GlyphItem/FontItem_9035.font.s Fonts/build/GlyphText/FontText_6EC5.font.s Fonts/build/GlyphText/FontText_9244.font.s Fonts/build/GlyphItem/FontItem_9981.font.s Fonts/build/GlyphText/FontText_8D2E.font.s Fonts/build/GlyphText/FontText_6C32.font.s Fonts/build/GlyphItem/FontItem_72F2.font.s Fonts/build/GlyphText/FontText_824B.font.s Fonts/build/GlyphText/FontText_7D0D.font.s Fonts/build/GlyphItem/FontItem_51A4.font.s Fonts/build/GlyphItem/FontItem_5AE1.font.s Fonts/build/GlyphItem/FontItem_757F.font.s Fonts/build/GlyphItem/FontItem_5490.font.s Fonts/build/GlyphText/FontText_7C89.font.s Fonts/build/GlyphText/FontText_52A2.font.s Fonts/build/GlyphItem/FontItem_5E78.font.s Fonts/build/GlyphText/FontText_854A.font.s Fonts/build/GlyphItem/FontItem_9974.font.s Fonts/build/GlyphText/FontText_8FD5.font.s Fonts/build/GlyphText/FontText_94A8.font.s Fonts/build/GlyphText/FontText_760A.font.s Fonts/build/GlyphText/FontText_709C.font.s Fonts/build/GlyphText/FontText_7D20.font.s Fonts/build/GlyphText/FontText_8805.font.s Fonts/build/GlyphItem/FontItem_653B.font.s Fonts/build/GlyphItem/FontItem_3008.font.s Fonts/build/GlyphText/FontText_60ED.font.s Fonts/build/GlyphText/FontText_86C7.font.s Fonts/build/GlyphText/FontText_4ED5.font.s Fonts/build/GlyphText/FontText_9E4E.font.s Fonts/build/GlyphItem/FontItem_5C9B.font.s Fonts/build/GlyphText/FontText_7C3F.font.s Fonts/build/GlyphItem/FontItem_854A.font.s Fonts/build/GlyphText/FontText_86F3.font.s Fonts/build/GlyphItem/FontItem_4E07.font.s Fonts/build/GlyphItem/FontItem_996A.font.s Fonts/build/GlyphItem/FontItem_672D.font.s Fonts/build/GlyphText/FontText_7898.font.s Fonts/build/GlyphItem/FontItem_7B2E.font.s Fonts/build/GlyphItem/FontItem_308F.font.s Fonts/build/GlyphText/FontText_848E.font.s Fonts/build/GlyphItem/FontItem_577C.font.s Fonts/build/GlyphItem/FontItem_8087.font.s Fonts/build/GlyphItem/FontItem_0044.font.s Fonts/build/GlyphText/FontText_830E.font.s Fonts/build/GlyphItem/FontItem_7F30.font.s Fonts/build/GlyphText/FontText_62C9.font.s Fonts/build/GlyphItem/FontItem_6467.font.s Fonts/build/GlyphItem/FontItem_9017.font.s Fonts/build/GlyphItem/FontItem_FF0A.font.s Fonts/build/GlyphItem/FontItem_53A3.font.s Fonts/build/GlyphText/FontText_90DD.font.s Fonts/build/GlyphText/FontText_5FFD.font.s Fonts/build/GlyphText/FontText_62A1.font.s Fonts/build/GlyphItem/FontItem_3072.font.s Fonts/build/GlyphText/FontText_547D.font.s Fonts/build/GlyphText/FontText_5880.font.s Fonts/build/GlyphItem/FontItem_8DBF.font.s Fonts/build/GlyphItem/FontItem_752F.font.s Fonts/build/GlyphItem/FontItem_971E.font.s Fonts/build/GlyphText/FontText_7652.font.s Fonts/build/GlyphItem/FontItem_6076.font.s Fonts/build/GlyphItem/FontItem_65B0.font.s Fonts/build/GlyphText/FontText_4E14.font.s Fonts/build/GlyphText/FontText_72F1.font.s Fonts/build/GlyphText/FontText_5902.font.s Fonts/build/GlyphItem/FontItem_4FF1.font.s Fonts/build/GlyphItem/FontItem_6491.font.s Fonts/build/GlyphText/FontText_4E43.font.s Fonts/build/GlyphText/FontText_8627.font.s Fonts/build/GlyphItem/FontItem_4F32.font.s Fonts/build/GlyphItem/FontItem_62C4.font.s Fonts/build/GlyphText/FontText_80D7.font.s Fonts/build/GlyphText/FontText_737E.font.s Fonts/build/GlyphItem/FontItem_8BB3.font.s Fonts/build/GlyphItem/FontItem_6389.font.s Fonts/build/GlyphItem/FontItem_6254.font.s Fonts/build/GlyphText/FontText_5351.font.s Fonts/build/GlyphItem/FontItem_5DE6.font.s Fonts/build/GlyphText/FontText_9075.font.s Fonts/build/GlyphItem/FontItem_4E36.font.s Fonts/build/GlyphItem/FontItem_82A5.font.s Fonts/build/GlyphText/FontText_8114.font.s Fonts/build/GlyphItem/FontItem_5B88.font.s Fonts/build/GlyphItem/FontItem_6E1D.font.s Fonts/build/GlyphText/FontText_0056.font.s Fonts/build/GlyphItem/FontItem_5FF5.font.s Fonts/build/GlyphText/FontText_6367.font.s Fonts/build/GlyphText/FontText_90A6.font.s Fonts/build/GlyphItem/FontItem_9CAB.font.s Fonts/build/GlyphText/FontText_9994.font.s Fonts/build/GlyphItem/FontItem_71C3.font.s Fonts/build/GlyphText/FontText_601B.font.s Fonts/build/GlyphText/FontText_7B8D.font.s Fonts/build/GlyphItem/FontItem_7EDB.font.s Fonts/build/GlyphItem/FontItem_6421.font.s Fonts/build/GlyphText/FontText_63C3.font.s Fonts/build/GlyphItem/FontItem_89CB.font.s Fonts/build/GlyphItem/FontItem_9611.font.s Fonts/build/GlyphItem/FontItem_853A.font.s Fonts/build/GlyphText/FontText_4E11.font.s Fonts/build/GlyphText/FontText_79E3.font.s Fonts/build/GlyphItem/FontItem_6F8D.font.s Fonts/build/GlyphText/FontText_30A3.font.s Fonts/build/GlyphText/FontText_795F.font.s Fonts/build/GlyphText/FontText_62A2.font.s Fonts/build/GlyphText/FontText_864D.font.s Fonts/build/GlyphText/FontText_9B1F.font.s Fonts/build/GlyphItem/FontItem_9507.font.s Fonts/build/GlyphItem/FontItem_30E5.font.s Fonts/build/GlyphText/FontText_8D4D.font.s Fonts/build/GlyphItem/FontItem_5B98.font.s Fonts/build/GlyphItem/FontItem_8389.font.s Fonts/build/GlyphText/FontText_706B.font.s Fonts/build/GlyphText/FontText_0046.font.s Fonts/build/GlyphText/FontText_911E.font.s Fonts/build/GlyphItem/FontItem_968D.font.s Fonts/build/GlyphItem/FontItem_5583.font.s Fonts/build/GlyphText/FontText_9EFE.font.s Fonts/build/GlyphText/FontText_0044.font.s Fonts/build/GlyphText/FontText_670D.font.s Fonts/build/GlyphText/FontText_6B79.font.s Fonts/build/GlyphItem/FontItem_5704.font.s Fonts/build/GlyphText/FontText_95F5.font.s Fonts/build/GlyphText/FontText_8418.font.s Fonts/build/GlyphText/FontText_3057.font.s Fonts/build/GlyphItem/FontItem_7DCF.font.s Fonts/build/GlyphItem/FontItem_67F3.font.s Fonts/build/GlyphItem/FontItem_80CC.font.s Fonts/build/GlyphText/FontText_8CB4.font.s Fonts/build/GlyphText/FontText_522B.font.s Fonts/build/GlyphItem/FontItem_6840.font.s Fonts/build/GlyphText/FontText_4EC6.font.s Fonts/build/GlyphItem/FontItem_810A.font.s Fonts/build/GlyphItem/FontItem_8C08.font.s Fonts/build/GlyphItem/FontItem_813E.font.s Fonts/build/GlyphItem/FontItem_968A.font.s Fonts/build/GlyphText/FontText_6D31.font.s Fonts/build/GlyphItem/FontItem_7372.font.s Fonts/build/GlyphText/FontText_684E.font.s Fonts/build/GlyphText/FontText_7EE0.font.s Fonts/build/GlyphItem/FontItem_914A.font.s Fonts/build/GlyphText/FontText_6B8D.font.s Fonts/build/GlyphItem/FontItem_7B20.font.s Fonts/build/GlyphItem/FontItem_FF59.font.s Fonts/build/GlyphText/FontText_6789.font.s Fonts/build/GlyphItem/FontItem_6BD2.font.s Fonts/build/GlyphText/FontText_8D6D.font.s Fonts/build/GlyphText/FontText_8DFD.font.s Fonts/build/GlyphItem/FontItem_633D.font.s Fonts/build/GlyphItem/FontItem_60D1.font.s Fonts/build/GlyphItem/FontItem_62E5.font.s Fonts/build/GlyphText/FontText_5659.font.s Fonts/build/GlyphItem/FontItem_7470.font.s Fonts/build/GlyphItem/FontItem_5250.font.s Fonts/build/GlyphText/FontText_308D.font.s Fonts/build/GlyphItem/FontItem_9A80.font.s Fonts/build/GlyphText/FontText_9010.font.s Fonts/build/GlyphText/FontText_9EFC.font.s Fonts/build/GlyphItem/FontItem_4E94.font.s Fonts/build/GlyphText/FontText_5A09.font.s Fonts/build/GlyphText/FontText_5C9C.font.s Fonts/build/GlyphText/FontText_5326.font.s Fonts/build/GlyphItem/FontItem_300F.font.s Fonts/build/GlyphItem/FontItem_4E57.font.s Fonts/build/GlyphText/FontText_5382.font.s Fonts/build/GlyphText/FontText_9ACB.font.s Fonts/build/GlyphItem/FontItem_9E51.font.s Fonts/build/GlyphText/FontText_6CDB.font.s Fonts/build/GlyphItem/FontItem_7A1A.font.s Fonts/build/GlyphItem/FontItem_6957.font.s Fonts/build/GlyphText/FontText_89C8.font.s Fonts/build/GlyphText/FontText_90F4.font.s Fonts/build/GlyphText/FontText_5208.font.s Fonts/build/GlyphText/FontText_6603.font.s Fonts/build/GlyphText/FontText_6D4F.font.s Fonts/build/GlyphText/FontText_304D.font.s Fonts/build/GlyphText/FontText_5F55.font.s Fonts/build/GlyphText/FontText_6319.font.s Fonts/build/GlyphText/FontText_5E3D.font.s Fonts/build/GlyphText/FontText_75AC.font.s Fonts/build/GlyphText/FontText_3079.font.s Fonts/build/GlyphText/FontText_80BE.font.s Fonts/build/GlyphItem/FontItem_6CB3.font.s Fonts/build/GlyphText/FontText_8005.font.s Fonts/build/GlyphItem/FontItem_783E.font.s Fonts/build/GlyphItem/FontItem_60CA.font.s Fonts/build/GlyphItem/FontItem_6444.font.s Fonts/build/GlyphItem/FontItem_535F.font.s Fonts/build/GlyphText/FontText_7BA9.font.s Fonts/build/GlyphText/FontText_99A5.font.s Fonts/build/GlyphText/FontText_7292.font.s Fonts/build/GlyphText/FontText_5203.font.s Fonts/build/GlyphText/FontText_693D.font.s Fonts/build/GlyphItem/FontItem_6092.font.s Fonts/build/GlyphItem/FontItem_7AE5.font.s Fonts/build/GlyphText/FontText_5BE5.font.s Fonts/build/GlyphText/FontText_8B01.font.s Fonts/build/GlyphItem/FontItem_820D.font.s Fonts/build/GlyphText/FontText_68E3.font.s Fonts/build/GlyphItem/FontItem_8C0C.font.s Fonts/build/GlyphItem/FontItem_5FE4.font.s Fonts/build/GlyphText/FontText_987B.font.s Fonts/build/GlyphText/FontText_4ED3.font.s Fonts/build/GlyphText/FontText_895E.font.s Fonts/build/GlyphItem/FontItem_5F52.font.s Fonts/build/GlyphText/FontText_5FE0.font.s Fonts/build/GlyphText/FontText_7FA9.font.s Fonts/build/GlyphItem/FontItem_6EC2.font.s Fonts/build/GlyphText/FontText_82D8.font.s Fonts/build/GlyphItem/FontItem_6656.font.s Fonts/build/GlyphText/FontText_8996.font.s Fonts/build/GlyphItem/FontItem_9E5A.font.s Fonts/build/GlyphItem/FontItem_7EF8.font.s Fonts/build/GlyphItem/FontItem_FF2B.font.s Fonts/build/GlyphItem/FontItem_721D.font.s Fonts/build/GlyphItem/FontItem_67B3.font.s Fonts/build/GlyphText/FontText_7303.font.s Fonts/build/GlyphItem/FontItem_83AA.font.s Fonts/build/GlyphText/FontText_704F.font.s Fonts/build/GlyphItem/FontItem_4E89.font.s Fonts/build/GlyphItem/FontItem_90DC.font.s Fonts/build/GlyphText/FontText_6697.font.s Fonts/build/GlyphText/FontText_775A.font.s Fonts/build/GlyphItem/FontItem_823B.font.s Fonts/build/GlyphText/FontText_767D.font.s Fonts/build/GlyphText/FontText_7CC5.font.s Fonts/build/GlyphText/FontText_4E58.font.s Fonts/build/GlyphItem/FontItem_2264.font.s Fonts/build/GlyphItem/FontItem_6DB8.font.s Fonts/build/GlyphItem/FontItem_6BF3.font.s Fonts/build/GlyphText/FontText_7AEF.font.s Fonts/build/GlyphItem/FontItem_775B.font.s Fonts/build/GlyphText/FontText_80EF.font.s Fonts/build/GlyphText/FontText_8BB0.font.s Fonts/build/GlyphText/FontText_618B.font.s Fonts/build/GlyphItem/FontItem_5D5D.font.s Fonts/build/GlyphItem/FontItem_7F23.font.s Fonts/build/GlyphText/FontText_5889.font.s Fonts/build/GlyphItem/FontItem_75E9.font.s Fonts/build/GlyphText/FontText_9E9F.font.s Fonts/build/GlyphText/FontText_9549.font.s Fonts/build/GlyphItem/FontItem_5785.font.s Fonts/build/GlyphText/FontText_545C.font.s Fonts/build/GlyphItem/FontItem_7968.font.s Fonts/build/GlyphItem/FontItem_79FD.font.s Fonts/build/GlyphItem/FontItem_7B72.font.s Fonts/build/GlyphText/FontText_5DF4.font.s Fonts/build/GlyphText/FontText_589A.font.s Fonts/build/GlyphItem/FontItem_4FA9.font.s Fonts/build/GlyphItem/FontItem_788C.font.s Fonts/build/GlyphItem/FontItem_7905.font.s Fonts/build/GlyphItem/FontItem_4E2D.font.s Fonts/build/GlyphText/FontText_8E2C.font.s Fonts/build/GlyphItem/FontItem_646D.font.s Fonts/build/GlyphText/FontText_7B0A.font.s Fonts/build/GlyphText/FontText_728B.font.s Fonts/build/GlyphText/FontText_9E57.font.s Fonts/build/GlyphText/FontText_7D30.font.s Fonts/build/GlyphItem/FontItem_6A61.font.s Fonts/build/GlyphItem/FontItem_5464.font.s Fonts/build/GlyphItem/FontItem_9CA3.font.s Fonts/build/GlyphText/FontText_5F02.font.s Fonts/build/GlyphItem/FontItem_734D.font.s Fonts/build/GlyphText/FontText_7457.font.s Fonts/build/GlyphText/FontText_30BE.font.s Fonts/build/GlyphText/FontText_748E.font.s Fonts/build/GlyphItem/FontItem_70E9.font.s Fonts/build/GlyphText/FontText_7EA2.font.s Fonts/build/GlyphText/FontText_64C0.font.s Fonts/build/GlyphItem/FontItem_5F13.font.s Fonts/build/GlyphText/FontText_0041.font.s Fonts/build/GlyphText/FontText_6B84.font.s Fonts/build/GlyphItem/FontItem_60AD.font.s Fonts/build/GlyphItem/FontItem_8D85.font.s Fonts/build/GlyphText/FontText_86C9.font.s Fonts/build/GlyphText/FontText_53EB.font.s Fonts/build/GlyphText/FontText_5F99.font.s Fonts/build/GlyphText/FontText_8F7C.font.s Fonts/build/GlyphText/FontText_5F56.font.s Fonts/build/GlyphText/FontText_8F94.font.s Fonts/build/GlyphItem/FontItem_80BD.font.s Fonts/build/GlyphItem/FontItem_7570.font.s Fonts/build/GlyphItem/FontItem_7F62.font.s Fonts/build/GlyphText/FontText_636E.font.s Fonts/build/GlyphItem/FontItem_8188.font.s Fonts/build/GlyphItem/FontItem_4E24.font.s Fonts/build/GlyphItem/FontItem_6458.font.s Fonts/build/GlyphText/FontText_6E98.font.s Fonts/build/GlyphText/FontText_948C.font.s Fonts/build/GlyphItem/FontItem_6DE1.font.s Fonts/build/GlyphText/FontText_507F.font.s Fonts/build/GlyphItem/FontItem_7768.font.s Fonts/build/GlyphItem/FontItem_9014.font.s Fonts/build/GlyphText/FontText_673A.font.s Fonts/build/GlyphText/FontText_9009.font.s Fonts/build/GlyphText/FontText_78B4.font.s Fonts/build/GlyphItem/FontItem_6C61.font.s Fonts/build/GlyphText/FontText_54AF.font.s Fonts/build/GlyphItem/FontItem_7CCC.font.s Fonts/build/GlyphItem/FontItem_68F1.font.s Fonts/build/GlyphText/FontText_7EB2.font.s Fonts/build/GlyphItem/FontItem_602F.font.s Fonts/build/GlyphText/FontText_613F.font.s Fonts/build/GlyphText/FontText_763C.font.s Fonts/build/GlyphItem/FontItem_78CB.font.s Fonts/build/GlyphText/FontText_65FA.font.s Fonts/build/GlyphText/FontText_7F38.font.s Fonts/build/GlyphText/FontText_8C7A.font.s Fonts/build/GlyphText/FontText_7ECB.font.s Fonts/build/GlyphText/FontText_7EA8.font.s Fonts/build/GlyphText/FontText_8378.font.s Fonts/build/GlyphText/FontText_5642.font.s Fonts/build/GlyphItem/FontItem_9635.font.s Fonts/build/GlyphText/FontText_7CA7.font.s Fonts/build/GlyphItem/FontItem_6E9F.font.s Fonts/build/GlyphItem/FontItem_9550.font.s Fonts/build/GlyphText/FontText_9649.font.s Fonts/build/GlyphText/FontText_6E3A.font.s Fonts/build/GlyphText/FontText_88A2.font.s Fonts/build/GlyphText/FontText_5F57.font.s Fonts/build/GlyphItem/FontItem_6A0A.font.s Fonts/build/GlyphText/FontText_9509.font.s Fonts/build/GlyphItem/FontItem_6B22.font.s Fonts/build/GlyphText/FontText_8E6C.font.s Fonts/build/GlyphItem/FontItem_73C9.font.s Fonts/build/GlyphText/FontText_92AE.font.s Fonts/build/GlyphText/FontText_596A.font.s Fonts/build/GlyphText/FontText_8ECD.font.s Fonts/build/GlyphText/FontText_7FBF.font.s Fonts/build/GlyphItem/FontItem_8132.font.s Fonts/build/GlyphText/FontText_9756.font.s Fonts/build/GlyphItem/FontItem_990A.font.s Fonts/build/GlyphText/FontText_5591.font.s Fonts/build/GlyphText/FontText_6865.font.s Fonts/build/GlyphText/FontText_5E73.font.s Fonts/build/GlyphText/FontText_6DCB.font.s Fonts/build/GlyphText/FontText_7F25.font.s Fonts/build/GlyphItem/FontItem_65A5.font.s Fonts/build/GlyphText/FontText_6D2E.font.s Fonts/build/GlyphItem/FontItem_9954.font.s Fonts/build/GlyphItem/FontItem_7BA7.font.s Fonts/build/GlyphItem/FontItem_0448.font.s Fonts/build/GlyphText/FontText_7AFF.font.s Fonts/build/GlyphItem/FontItem_5938.font.s Fonts/build/GlyphText/FontText_6957.font.s Fonts/build/GlyphText/FontText_4E98.font.s Fonts/build/GlyphText/FontText_FF47.font.s Fonts/build/GlyphItem/FontItem_4FA8.font.s Fonts/build/GlyphText/FontText_8FE5.font.s Fonts/build/GlyphText/FontText_9063.font.s Fonts/build/GlyphItem/FontItem_5FD1.font.s Fonts/build/GlyphText/FontText_5238.font.s Fonts/build/GlyphText/FontText_5C90.font.s Fonts/build/GlyphText/FontText_9EE0.font.s Fonts/build/GlyphItem/FontItem_5835.font.s Fonts/build/GlyphText/FontText_658E.font.s Fonts/build/GlyphItem/FontItem_808B.font.s Fonts/build/GlyphText/FontText_8936.font.s Fonts/build/GlyphItem/FontItem_793C.font.s Fonts/build/GlyphText/FontText_98DA.font.s Fonts/build/GlyphItem/FontItem_8CB7.font.s Fonts/build/GlyphText/FontText_622A.font.s Fonts/build/GlyphText/FontText_971C.font.s Fonts/build/GlyphItem/FontItem_7643.font.s Fonts/build/GlyphText/FontText_518A.font.s Fonts/build/GlyphText/FontText_5E9C.font.s Fonts/build/GlyphText/FontText_7EB6.font.s Fonts/build/GlyphText/FontText_8CA0.font.s Fonts/build/GlyphItem/FontItem_6387.font.s Fonts/build/GlyphText/FontText_77B3.font.s Fonts/build/GlyphText/FontText_5D07.font.s Fonts/build/GlyphText/FontText_FF17.font.s Fonts/build/GlyphItem/FontItem_8C29.font.s Fonts/build/GlyphItem/FontItem_7A0E.font.s Fonts/build/GlyphItem/FontItem_9732.font.s Fonts/build/GlyphText/FontText_25EF.font.s Fonts/build/GlyphItem/FontItem_61A7.font.s Fonts/build/GlyphText/FontText_6A17.font.s Fonts/build/GlyphText/FontText_751F.font.s Fonts/build/GlyphItem/FontItem_65E2.font.s Fonts/build/GlyphItem/FontItem_9AB0.font.s Fonts/build/GlyphItem/FontItem_954F.font.s Fonts/build/GlyphText/FontText_7C7C.font.s Fonts/build/GlyphText/FontText_849C.font.s Fonts/build/GlyphItem/FontItem_728B.font.s Fonts/build/GlyphText/FontText_86CE.font.s Fonts/build/GlyphText/FontText_6E2C.font.s Fonts/build/GlyphItem/FontItem_56E2.font.s Fonts/build/GlyphText/FontText_60DC.font.s Fonts/build/GlyphText/FontText_968A.font.s Fonts/build/GlyphItem/FontItem_968F.font.s Fonts/build/GlyphItem/FontItem_6CC4.font.s Fonts/build/GlyphItem/FontItem_86B0.font.s Fonts/build/GlyphItem/FontItem_6D60.font.s Fonts/build/GlyphText/FontText_91E3.font.s Fonts/build/GlyphItem/FontItem_68CD.font.s Fonts/build/GlyphItem/FontItem_5DF1.font.s Fonts/build/GlyphItem/FontItem_6D77.font.s Fonts/build/GlyphItem/FontItem_8BAA.font.s Fonts/build/GlyphItem/FontItem_771F.font.s Fonts/build/GlyphItem/FontItem_65CE.font.s Fonts/build/GlyphItem/FontItem_3042.font.s Fonts/build/GlyphItem/FontItem_7FFC.font.s Fonts/build/GlyphText/FontText_6860.font.s Fonts/build/GlyphText/FontText_846B.font.s Fonts/build/GlyphText/FontText_4FD1.font.s Fonts/build/GlyphItem/FontItem_98D3.font.s Fonts/build/GlyphItem/FontItem_881B.font.s Fonts/build/GlyphItem/FontItem_4F91.font.s Fonts/build/GlyphText/FontText_7426.font.s Fonts/build/GlyphItem/FontItem_0033.font.s Fonts/build/GlyphText/FontText_5C9B.font.s Fonts/build/GlyphItem/FontItem_75B2.font.s Fonts/build/GlyphText/FontText_8BEE.font.s Fonts/build/GlyphText/FontText_5EFE.font.s Fonts/build/GlyphItem/FontItem_2661.font.s Fonts/build/GlyphItem/FontItem_80CD.font.s Fonts/build/GlyphText/FontText_94A4.font.s Fonts/build/GlyphItem/FontItem_4E54.font.s Fonts/build/GlyphText/FontText_5B80.font.s Fonts/build/GlyphText/FontText_952F.font.s Fonts/build/GlyphItem/FontItem_4E5E.font.s Fonts/build/GlyphText/FontText_8568.font.s Fonts/build/GlyphText/FontText_8D34.font.s Fonts/build/GlyphItem/FontItem_54DC.font.s Fonts/build/GlyphItem/FontItem_72ED.font.s Fonts/build/GlyphItem/FontItem_712F.font.s Fonts/build/GlyphItem/FontItem_50F5.font.s Fonts/build/GlyphText/FontText_51FB.font.s Fonts/build/GlyphText/FontText_67B0.font.s Fonts/build/GlyphText/FontText_5024.font.s Fonts/build/GlyphItem/FontItem_5609.font.s Fonts/build/GlyphItem/FontItem_57E0.font.s Fonts/build/GlyphText/FontText_62E5.font.s Fonts/build/GlyphItem/FontItem_6F8E.font.s Fonts/build/GlyphText/FontText_8F3F.font.s Fonts/build/GlyphText/FontText_89C2.font.s Fonts/build/GlyphText/FontText_5D3E.font.s Fonts/build/GlyphItem/FontItem_9E58.font.s Fonts/build/GlyphText/FontText_754F.font.s Fonts/build/GlyphText/FontText_54A8.font.s Fonts/build/GlyphText/FontText_6557.font.s Fonts/build/GlyphItem/FontItem_6307.font.s Fonts/build/GlyphItem/FontItem_6F24.font.s Fonts/build/GlyphText/FontText_30CC.font.s Fonts/build/GlyphItem/FontItem_680A.font.s Fonts/build/GlyphText/FontText_65F1.font.s Fonts/build/GlyphItem/FontItem_902F.font.s Fonts/build/GlyphText/FontText_75E9.font.s Fonts/build/GlyphText/FontText_7269.font.s Fonts/build/GlyphText/FontText_4F0F.font.s Fonts/build/GlyphItem/FontItem_0431.font.s Fonts/build/GlyphItem/FontItem_80E5.font.s Fonts/build/GlyphText/FontText_0024.font.s Fonts/build/GlyphItem/FontItem_9C90.font.s Fonts/build/GlyphItem/FontItem_60AF.font.s Fonts/build/GlyphItem/FontItem_4F4E.font.s Fonts/build/GlyphItem/FontItem_55B7.font.s Fonts/build/GlyphText/FontText_8BAF.font.s Fonts/build/GlyphText/FontText_71CE.font.s Fonts/build/GlyphItem/FontItem_9A86.font.s Fonts/build/GlyphText/FontText_8349.font.s Fonts/build/GlyphItem/FontItem_9668.font.s Fonts/build/GlyphText/FontText_718F.font.s Fonts/build/GlyphItem/FontItem_5555.font.s Fonts/build/GlyphText/FontText_739B.font.s Fonts/build/GlyphItem/FontItem_8930.font.s Fonts/build/GlyphItem/FontItem_7FD2.font.s Fonts/build/GlyphText/FontText_70E9.font.s Fonts/build/GlyphText/FontText_9615.font.s Fonts/build/GlyphItem/FontItem_5FD9.font.s Fonts/build/GlyphItem/FontItem_6167.font.s Fonts/build/GlyphText/FontText_97ED.font.s Fonts/build/GlyphText/FontText_8BBD.font.s Fonts/build/GlyphText/FontText_7F15.font.s Fonts/build/GlyphItem/FontItem_5800.font.s Fonts/build/GlyphText/FontText_68A7.font.s Fonts/build/GlyphItem/FontItem_7325.font.s Fonts/build/GlyphText/FontText_9CB8.font.s Fonts/build/GlyphItem/FontItem_8D8B.font.s Fonts/build/GlyphItem/FontItem_7709.font.s Fonts/build/GlyphItem/FontItem_6D95.font.s Fonts/build/GlyphItem/FontItem_80F3.font.s Fonts/build/GlyphItem/FontItem_9191.font.s Fonts/build/GlyphItem/FontItem_54B8.font.s Fonts/build/GlyphItem/FontItem_64C2.font.s Fonts/build/GlyphItem/FontItem_542B.font.s Fonts/build/GlyphItem/FontItem_73F2.font.s Fonts/build/GlyphItem/FontItem_7F00.font.s Fonts/build/GlyphText/FontText_8BC8.font.s Fonts/build/GlyphItem/FontItem_00EE.font.s Fonts/build/GlyphItem/FontItem_00F1.font.s Fonts/build/GlyphText/FontText_6F88.font.s Fonts/build/GlyphItem/FontItem_609A.font.s Fonts/build/GlyphItem/FontItem_762B.font.s Fonts/build/GlyphText/FontText_4F32.font.s Fonts/build/GlyphText/FontText_5A08.font.s Fonts/build/GlyphItem/FontItem_94FE.font.s Fonts/build/GlyphText/FontText_7F09.font.s Fonts/build/GlyphItem/FontItem_6C5E.font.s Fonts/build/GlyphItem/FontItem_745C.font.s Fonts/build/GlyphItem/FontItem_829C.font.s Fonts/build/GlyphText/FontText_5629.font.s Fonts/build/GlyphText/FontText_6B62.font.s Fonts/build/GlyphText/FontText_9E5B.font.s Fonts/build/GlyphText/FontText_65C1.font.s Fonts/build/GlyphText/FontText_75E2.font.s Fonts/build/GlyphItem/FontItem_8336.font.s Fonts/build/GlyphText/FontText_78CA.font.s Fonts/build/GlyphText/FontText_006E.font.s Fonts/build/GlyphItem/FontItem_4FE6.font.s Fonts/build/GlyphItem/FontItem_5C9A.font.s Fonts/build/GlyphText/FontText_646D.font.s Fonts/build/GlyphItem/FontItem_94AA.font.s Fonts/build/GlyphText/FontText_964C.font.s Fonts/build/GlyphItem/FontItem_8BAD.font.s Fonts/build/GlyphText/FontText_953B.font.s Fonts/build/GlyphText/FontText_52CB.font.s Fonts/build/GlyphItem/FontItem_7A4F.font.s Fonts/build/GlyphText/FontText_60F4.font.s Fonts/build/GlyphItem/FontItem_5F15.font.s Fonts/build/GlyphText/FontText_87A8.font.s Fonts/build/GlyphText/FontText_9887.font.s Fonts/build/GlyphText/FontText_917E.font.s Fonts/build/GlyphText/FontText_88F8.font.s Fonts/build/GlyphItem/FontItem_7AED.font.s Fonts/build/GlyphItem/FontItem_9CBB.font.s Fonts/build/GlyphText/FontText_5E79.font.s Fonts/build/GlyphText/FontText_79BF.font.s Fonts/build/GlyphText/FontText_8273.font.s Fonts/build/GlyphText/FontText_539F.font.s Fonts/build/GlyphText/FontText_79FD.font.s Fonts/build/GlyphItem/FontItem_005E.font.s Fonts/build/GlyphItem/FontItem_5427.font.s Fonts/build/GlyphText/FontText_8AFE.font.s Fonts/build/GlyphItem/FontItem_59D1.font.s Fonts/build/GlyphItem/FontItem_6339.font.s Fonts/build/GlyphText/FontText_83E9.font.s Fonts/build/GlyphText/FontText_4ED4.font.s Fonts/build/GlyphItem/FontItem_90B0.font.s Fonts/build/GlyphText/FontText_75E7.font.s Fonts/build/GlyphItem/FontItem_7272.font.s Fonts/build/GlyphItem/FontItem_30A1.font.s Fonts/build/GlyphItem/FontItem_8BE3.font.s Fonts/build/GlyphItem/FontItem_6ED5.font.s Fonts/build/GlyphItem/FontItem_8884.font.s Fonts/build/GlyphText/FontText_609B.font.s Fonts/build/GlyphItem/FontItem_7D42.font.s Fonts/build/GlyphText/FontText_FF59.font.s Fonts/build/GlyphText/FontText_869D.font.s Fonts/build/GlyphItem/FontItem_50ED.font.s Fonts/build/GlyphItem/FontItem_5976.font.s Fonts/build/GlyphItem/FontItem_73D0.font.s Fonts/build/GlyphItem/FontItem_8747.font.s Fonts/build/GlyphText/FontText_68B3.font.s Fonts/build/GlyphText/FontText_9697.font.s Fonts/build/GlyphText/FontText_960E.font.s Fonts/build/GlyphText/FontText_60A6.font.s Fonts/build/GlyphText/FontText_6AC2.font.s Fonts/build/GlyphItem/FontItem_7791.font.s Fonts/build/GlyphItem/FontItem_5426.font.s Fonts/build/GlyphItem/FontItem_5B8B.font.s Fonts/build/GlyphItem/FontItem_8385.font.s Fonts/build/GlyphItem/FontItem_7A3D.font.s Fonts/build/GlyphItem/FontItem_56F0.font.s Fonts/build/GlyphItem/FontItem_5F25.font.s Fonts/build/GlyphText/FontText_5202.font.s Fonts/build/GlyphItem/FontItem_5627.font.s Fonts/build/GlyphItem/FontItem_561E.font.s Fonts/build/GlyphText/FontText_80DB.font.s Fonts/build/GlyphItem/FontItem_8C79.font.s Fonts/build/GlyphItem/FontItem_7C2A.font.s Fonts/build/GlyphText/FontText_7BD1.font.s Fonts/build/GlyphText/FontText_8F93.font.s Fonts/build/GlyphItem/FontItem_5F98.font.s Fonts/build/GlyphText/FontText_61D4.font.s Fonts/build/GlyphItem/FontItem_739B.font.s Fonts/build/GlyphText/FontText_8941.font.s Fonts/build/GlyphText/FontText_4EDE.font.s Fonts/build/GlyphItem/FontItem_9ED4.font.s Fonts/build/GlyphItem/FontItem_9ABA.font.s Fonts/build/GlyphText/FontText_809F.font.s Fonts/build/GlyphItem/FontItem_0066.font.s Fonts/build/GlyphText/FontText_6249.font.s Fonts/build/GlyphText/FontText_8046.font.s Fonts/build/GlyphText/FontText_4F89.font.s Fonts/build/GlyphText/FontText_72FC.font.s Fonts/build/GlyphText/FontText_5747.font.s Fonts/build/GlyphItem/FontItem_5443.font.s Fonts/build/GlyphItem/FontItem_9553.font.s Fonts/build/GlyphItem/FontItem_522D.font.s Fonts/build/GlyphText/FontText_7D05.font.s Fonts/build/GlyphText/FontText_8AE6.font.s Fonts/build/GlyphItem/FontItem_8FD9.font.s Fonts/build/GlyphText/FontText_76BA.font.s Fonts/build/GlyphItem/FontItem_7145.font.s Fonts/build/GlyphItem/FontItem_556C.font.s Fonts/build/GlyphText/FontText_6811.font.s Fonts/build/GlyphText/FontText_8BCC.font.s Fonts/build/GlyphItem/FontItem_54A8.font.s Fonts/build/GlyphText/FontText_9709.font.s Fonts/build/GlyphItem/FontItem_94F2.font.s Fonts/build/GlyphItem/FontItem_87D1.font.s Fonts/build/GlyphItem/FontItem_626E.font.s Fonts/build/GlyphItem/FontItem_70E7.font.s Fonts/build/GlyphItem/FontItem_75C3.font.s Fonts/build/GlyphText/FontText_791E.font.s Fonts/build/GlyphText/FontText_6027.font.s Fonts/build/GlyphText/FontText_9F39.font.s Fonts/build/GlyphText/FontText_6396.font.s Fonts/build/GlyphText/FontText_62CE.font.s Fonts/build/GlyphText/FontText_892A.font.s Fonts/build/GlyphText/FontText_002B.font.s Fonts/build/GlyphItem/FontItem_94CC.font.s Fonts/build/GlyphText/FontText_006F.font.s Fonts/build/GlyphText/FontText_91DD.font.s Fonts/build/GlyphText/FontText_003A.font.s Fonts/build/GlyphItem/FontItem_9557.font.s Fonts/build/GlyphText/FontText_6C15.font.s Fonts/build/GlyphItem/FontItem_4F46.font.s Fonts/build/GlyphItem/FontItem_7477.font.s Fonts/build/GlyphItem/FontItem_6CD0.font.s Fonts/build/GlyphItem/FontItem_66B9.font.s Fonts/build/GlyphText/FontText_5099.font.s Fonts/build/GlyphItem/FontItem_5076.font.s Fonts/build/GlyphItem/FontItem_5A76.font.s Fonts/build/GlyphItem/FontItem_4F9D.font.s Fonts/build/GlyphItem/FontItem_756A.font.s Fonts/build/GlyphItem/FontItem_9E49.font.s Fonts/build/GlyphText/FontText_5012.font.s Fonts/build/GlyphItem/FontItem_53D8.font.s Fonts/build/GlyphText/FontText_7EC1.font.s Fonts/build/GlyphItem/FontItem_9694.font.s Fonts/build/GlyphText/FontText_4E25.font.s Fonts/build/GlyphItem/FontItem_54F3.font.s Fonts/build/GlyphItem/FontItem_827A.font.s Fonts/build/GlyphText/FontText_5FEA.font.s Fonts/build/GlyphItem/FontItem_53FC.font.s Fonts/build/GlyphItem/FontItem_8111.font.s Fonts/build/GlyphText/FontText_752F.font.s Fonts/build/GlyphText/FontText_96D1.font.s Fonts/build/GlyphText/FontText_639B.font.s Fonts/build/GlyphText/FontText_9CD4.font.s Fonts/build/GlyphItem/FontItem_6D51.font.s Fonts/build/GlyphText/FontText_88F1.font.s Fonts/build/GlyphItem/FontItem_998B.font.s Fonts/build/GlyphText/FontText_7AED.font.s Fonts/build/GlyphItem/FontItem_7EC2.font.s Fonts/build/GlyphText/FontText_53BF.font.s Fonts/build/GlyphItem/FontItem_534F.font.s Fonts/build/GlyphItem/FontItem_8A69.font.s Fonts/build/GlyphText/FontText_4F4F.font.s Fonts/build/GlyphText/FontText_6590.font.s Fonts/build/GlyphItem/FontItem_853D.font.s Fonts/build/GlyphItem/FontItem_5750.font.s Fonts/build/GlyphItem/FontItem_55A7.font.s Fonts/build/GlyphText/FontText_5476.font.s Fonts/build/GlyphText/FontText_8174.font.s Fonts/build/GlyphText/FontText_5570.font.s Fonts/build/GlyphItem/FontItem_9A55.font.s Fonts/build/GlyphItem/FontItem_6F15.font.s Fonts/build/GlyphText/FontText_643D.font.s Fonts/build/GlyphItem/FontItem_61F5.font.s Fonts/build/GlyphText/FontText_5F1F.font.s Fonts/build/GlyphItem/FontItem_6217.font.s Fonts/build/GlyphItem/FontItem_7F58.font.s Fonts/build/GlyphItem/FontItem_6064.font.s Fonts/build/GlyphText/FontText_5CFB.font.s Fonts/build/GlyphItem/FontItem_500F.font.s Fonts/build/GlyphItem/FontItem_5156.font.s Fonts/build/GlyphText/FontText_5E7B.font.s Fonts/build/GlyphText/FontText_89C1.font.s Fonts/build/GlyphText/FontText_8D2B.font.s Fonts/build/GlyphItem/FontItem_9792.font.s Fonts/build/GlyphText/FontText_8D2D.font.s Fonts/build/GlyphItem/FontItem_309B.font.s Fonts/build/GlyphText/FontText_967A.font.s Fonts/build/GlyphItem/FontItem_30EC.font.s Fonts/build/GlyphItem/FontItem_53E5.font.s Fonts/build/GlyphItem/FontItem_5999.font.s Fonts/build/GlyphText/FontText_6DD9.font.s Fonts/build/GlyphItem/FontItem_9CD4.font.s Fonts/build/GlyphItem/FontItem_6CF3.font.s Fonts/build/GlyphItem/FontItem_914E.font.s Fonts/build/GlyphText/FontText_799A.font.s Fonts/build/GlyphText/FontText_5404.font.s Fonts/build/GlyphText/FontText_500F.font.s Fonts/build/GlyphText/FontText_84B8.font.s Fonts/build/GlyphText/FontText_6548.font.s Fonts/build/GlyphText/FontText_5ACC.font.s Fonts/build/GlyphText/FontText_593A.font.s Fonts/build/GlyphText/FontText_6F2B.font.s Fonts/build/GlyphText/FontText_30BA.font.s Fonts/build/GlyphItem/FontItem_83B7.font.s Fonts/build/GlyphText/FontText_4E3B.font.s Fonts/build/GlyphItem/FontItem_7EA3.font.s Fonts/build/GlyphText/FontText_6B96.font.s Fonts/build/GlyphText/FontText_7622.font.s Fonts/build/GlyphItem/FontItem_9882.font.s Fonts/build/GlyphText/FontText_9ED8.font.s Fonts/build/GlyphItem/FontItem_8022.font.s Fonts/build/GlyphText/FontText_9704.font.s Fonts/build/GlyphText/FontText_5F53.font.s Fonts/build/GlyphText/FontText_4EB2.font.s Fonts/build/GlyphItem/FontItem_94B7.font.s Fonts/build/GlyphItem/FontItem_5F53.font.s Fonts/build/GlyphItem/FontItem_7F2D.font.s Fonts/build/GlyphItem/FontItem_9B08.font.s Fonts/build/GlyphItem/FontItem_4EAC.font.s Fonts/build/GlyphText/FontText_68F0.font.s Fonts/build/GlyphText/FontText_7DE8.font.s Fonts/build/GlyphText/FontText_9CA7.font.s Fonts/build/GlyphText/FontText_6C4E.font.s Fonts/build/GlyphItem/FontItem_9F83.font.s Fonts/build/GlyphText/FontText_80BD.font.s Fonts/build/GlyphText/FontText_7A39.font.s Fonts/build/GlyphItem/FontItem_6249.font.s Fonts/build/GlyphText/FontText_9499.font.s Fonts/build/GlyphItem/FontItem_7B71.font.s Fonts/build/GlyphText/FontText_9ECE.font.s Fonts/build/GlyphItem/FontItem_5EBE.font.s Fonts/build/GlyphItem/FontItem_8695.font.s Fonts/build/GlyphText/FontText_3010.font.s Fonts/build/GlyphItem/FontItem_835F.font.s Fonts/build/GlyphItem/FontItem_94F6.font.s Fonts/build/GlyphText/FontText_55B6.font.s Fonts/build/GlyphItem/FontItem_5FE0.font.s Fonts/build/GlyphText/FontText_5C63.font.s Fonts/build/GlyphItem/FontItem_8CA1.font.s Fonts/build/GlyphItem/FontItem_5807.font.s Fonts/build/GlyphText/FontText_5777.font.s Fonts/build/GlyphText/FontText_90D3.font.s Fonts/build/GlyphText/FontText_540A.font.s Fonts/build/GlyphItem/FontItem_8983.font.s Fonts/build/GlyphItem/FontItem_8C1B.font.s Fonts/build/GlyphItem/FontItem_57AD.font.s Fonts/build/GlyphItem/FontItem_54E7.font.s Fonts/build/GlyphText/FontText_951D.font.s Fonts/build/GlyphText/FontText_6EC2.font.s Fonts/build/GlyphItem/FontItem_7C91.font.s Fonts/build/GlyphText/FontText_94B4.font.s Fonts/build/GlyphText/FontText_8AA4.font.s Fonts/build/GlyphItem/FontItem_4E28.font.s Fonts/build/GlyphText/FontText_736F.font.s Fonts/build/GlyphItem/FontItem_9891.font.s Fonts/build/GlyphText/FontText_66D9.font.s Fonts/build/GlyphItem/FontItem_6D4F.font.s Fonts/build/GlyphItem/FontItem_821B.font.s Fonts/build/GlyphText/FontText_6D1E.font.s Fonts/build/GlyphText/FontText_8BC3.font.s Fonts/build/GlyphItem/FontItem_8D55.font.s Fonts/build/GlyphItem/FontItem_8F8A.font.s Fonts/build/GlyphItem/FontItem_9567.font.s Fonts/build/GlyphItem/FontItem_2227.font.s Fonts/build/GlyphText/FontText_914E.font.s Fonts/build/GlyphItem/FontItem_5415.font.s Fonts/build/GlyphText/FontText_538D.font.s Fonts/build/GlyphText/FontText_6EE8.font.s Fonts/build/GlyphText/FontText_64C5.font.s Fonts/build/GlyphText/FontText_7579.font.s Fonts/build/GlyphItem/FontItem_5417.font.s Fonts/build/GlyphText/FontText_6F29.font.s Fonts/build/GlyphItem/FontItem_30AE.font.s Fonts/build/GlyphText/FontText_8389.font.s Fonts/build/GlyphItem/FontItem_5668.font.s Fonts/build/GlyphText/FontText_94E0.font.s Fonts/build/GlyphItem/FontItem_796D.font.s Fonts/build/GlyphText/FontText_65CB.font.s Fonts/build/GlyphItem/FontItem_9CC6.font.s Fonts/build/GlyphText/FontText_9494.font.s Fonts/build/GlyphText/FontText_30B3.font.s Fonts/build/GlyphItem/FontItem_5453.font.s Fonts/build/GlyphText/FontText_7A51.font.s Fonts/build/GlyphText/FontText_5E42.font.s Fonts/build/GlyphItem/FontItem_30B5.font.s Fonts/build/GlyphItem/FontItem_7635.font.s Fonts/build/GlyphItem/FontItem_5E9F.font.s Fonts/build/GlyphText/FontText_75C8.font.s Fonts/build/GlyphText/FontText_83BA.font.s Fonts/build/GlyphText/FontText_50DA.font.s Fonts/build/GlyphItem/FontItem_00C0.font.s Fonts/build/GlyphItem/FontItem_8EFD.font.s Fonts/build/GlyphText/FontText_74BA.font.s Fonts/build/GlyphText/FontText_52AA.font.s Fonts/build/GlyphItem/FontItem_70EF.font.s Fonts/build/GlyphText/FontText_6003.font.s Fonts/build/GlyphItem/FontItem_85A4.font.s Fonts/build/GlyphItem/FontItem_643F.font.s Fonts/build/GlyphItem/FontItem_8759.font.s Fonts/build/GlyphText/FontText_573A.font.s Fonts/build/GlyphText/FontText_3001.font.s Fonts/build/GlyphItem/FontItem_598D.font.s Fonts/build/GlyphItem/FontItem_7F0C.font.s Fonts/build/GlyphItem/FontItem_9E3F.font.s Fonts/build/GlyphText/FontText_7AA6.font.s Fonts/build/GlyphItem/FontItem_6020.font.s Fonts/build/GlyphItem/FontItem_5B59.font.s Fonts/build/GlyphItem/FontItem_50B2.font.s Fonts/build/GlyphItem/FontItem_6C05.font.s Fonts/build/GlyphItem/FontItem_51E4.font.s Fonts/build/GlyphText/FontText_9AA8.font.s Fonts/build/GlyphItem/FontItem_5FAE.font.s Fonts/build/GlyphText/FontText_599E.font.s Fonts/build/GlyphItem/FontItem_9526.font.s Fonts/build/GlyphItem/FontItem_90F4.font.s Fonts/build/GlyphItem/FontItem_9E97.font.s Fonts/build/GlyphItem/FontItem_5537.font.s Fonts/build/GlyphItem/FontItem_FF3A.font.s Fonts/build/GlyphItem/FontItem_8155.font.s Fonts/build/GlyphText/FontText_6DDD.font.s Fonts/build/GlyphText/FontText_7889.font.s Fonts/build/GlyphItem/FontItem_7ADE.font.s Fonts/build/GlyphItem/FontItem_7D61.font.s Fonts/build/GlyphItem/FontItem_0034.font.s Fonts/build/GlyphItem/FontItem_83F8.font.s Fonts/build/GlyphText/FontText_69B1.font.s Fonts/build/GlyphItem/FontItem_886E.font.s Fonts/build/GlyphItem/FontItem_776B.font.s Fonts/build/GlyphItem/FontItem_0075.font.s Fonts/build/GlyphItem/FontItem_8BFB.font.s Fonts/build/GlyphItem/FontItem_9C95.font.s Fonts/build/GlyphText/FontText_6770.font.s Fonts/build/GlyphText/FontText_75AE.font.s Fonts/build/GlyphItem/FontItem_7405.font.s Fonts/build/GlyphText/FontText_676A.font.s Fonts/build/GlyphText/FontText_6886.font.s Fonts/build/GlyphText/FontText_6CEF.font.s Fonts/build/GlyphText/FontText_7FFC.font.s Fonts/build/GlyphItem/FontItem_69FF.font.s Fonts/build/GlyphItem/FontItem_5F69.font.s Fonts/build/GlyphItem/FontItem_76AE.font.s Fonts/build/GlyphText/FontText_4E39.font.s Fonts/build/GlyphText/FontText_9004.font.s Fonts/build/GlyphItem/FontItem_6C1A.font.s Fonts/build/GlyphText/FontText_7C9E.font.s Fonts/build/GlyphItem/FontItem_30A6.font.s Fonts/build/GlyphText/FontText_7BC7.font.s Fonts/build/GlyphItem/FontItem_638C.font.s Fonts/build/GlyphText/FontText_5DEB.font.s Fonts/build/GlyphItem/FontItem_7ED2.font.s Fonts/build/GlyphText/FontText_7F0E.font.s Fonts/build/GlyphItem/FontItem_97EB.font.s Fonts/build/GlyphText/FontText_6FAA.font.s Fonts/build/GlyphItem/FontItem_5DF7.font.s Fonts/build/GlyphItem/FontItem_8309.font.s Fonts/build/GlyphItem/FontItem_5F66.font.s Fonts/build/GlyphText/FontText_9143.font.s Fonts/build/GlyphText/FontText_9017.font.s Fonts/build/GlyphItem/FontItem_9A92.font.s Fonts/build/GlyphItem/FontItem_857A.font.s Fonts/build/GlyphText/FontText_5177.font.s Fonts/build/GlyphText/FontText_300F.font.s Fonts/build/GlyphItem/FontItem_6D0B.font.s Fonts/build/GlyphItem/FontItem_6625.font.s Fonts/build/GlyphText/FontText_304B.font.s Fonts/build/GlyphItem/FontItem_902E.font.s Fonts/build/GlyphItem/FontItem_7F8A.font.s Fonts/build/GlyphItem/FontItem_7F8C.font.s Fonts/build/GlyphItem/FontItem_70E4.font.s Fonts/build/GlyphText/FontText_30D5.font.s Fonts/build/GlyphItem/FontItem_7F6A.font.s Fonts/build/GlyphText/FontText_7A46.font.s Fonts/build/GlyphItem/FontItem_5D6F.font.s Fonts/build/GlyphText/FontText_7B71.font.s Fonts/build/GlyphText/FontText_66E9.font.s Fonts/build/GlyphText/FontText_9051.font.s Fonts/build/GlyphItem/FontItem_8D3D.font.s Fonts/build/GlyphText/FontText_59FB.font.s Fonts/build/GlyphItem/FontItem_6777.font.s Fonts/build/GlyphText/FontText_80F4.font.s Fonts/build/GlyphText/FontText_626B.font.s Fonts/build/GlyphText/FontText_7A7F.font.s Fonts/build/GlyphItem/FontItem_6C50.font.s Fonts/build/GlyphItem/FontItem_6484.font.s Fonts/build/GlyphItem/FontItem_6EE8.font.s Fonts/build/GlyphItem/FontItem_2013.font.s Fonts/build/GlyphText/FontText_7AD9.font.s Fonts/build/GlyphItem/FontItem_742C.font.s Fonts/build/GlyphItem/FontItem_70FD.font.s Fonts/build/GlyphItem/FontItem_5E87.font.s Fonts/build/GlyphText/FontText_79BA.font.s Fonts/build/GlyphText/FontText_8DD1.font.s Fonts/build/GlyphText/FontText_5395.font.s Fonts/build/GlyphText/FontText_86A8.font.s Fonts/build/GlyphItem/FontItem_80E4.font.s Fonts/build/GlyphItem/FontItem_30D5.font.s Fonts/build/GlyphText/FontText_5E1A.font.s Fonts/build/GlyphItem/FontItem_7EDA.font.s Fonts/build/GlyphText/FontText_FF11.font.s Fonts/build/GlyphItem/FontItem_6319.font.s Fonts/build/GlyphItem/FontItem_6E34.font.s Fonts/build/GlyphItem/FontItem_3009.font.s Fonts/build/GlyphItem/FontItem_8307.font.s Fonts/build/GlyphItem/FontItem_2019.font.s Fonts/build/GlyphText/FontText_6B74.font.s Fonts/build/GlyphText/FontText_5F90.font.s Fonts/build/GlyphItem/FontItem_989F.font.s Fonts/build/GlyphItem/FontItem_80D6.font.s Fonts/build/GlyphItem/FontItem_6C7D.font.s Fonts/build/GlyphItem/FontItem_79D8.font.s Fonts/build/GlyphText/FontText_631A.font.s Fonts/build/GlyphText/FontText_4E00.font.s Fonts/build/GlyphText/FontText_4FD7.font.s Fonts/build/GlyphText/FontText_996C.font.s Fonts/build/GlyphText/FontText_638A.font.s Fonts/build/GlyphItem/FontItem_9997.font.s Fonts/build/GlyphItem/FontItem_755C.font.s Fonts/build/GlyphItem/FontItem_7F04.font.s Fonts/build/GlyphItem/FontItem_960A.font.s Fonts/build/GlyphItem/FontItem_FF4B.font.s Fonts/build/GlyphText/FontText_904E.font.s Fonts/build/GlyphItem/FontItem_4F6C.font.s Fonts/build/GlyphItem/FontItem_85B9.font.s Fonts/build/GlyphText/FontText_7477.font.s Fonts/build/GlyphText/FontText_53AE.font.s Fonts/build/GlyphText/FontText_91AE.font.s Fonts/build/GlyphItem/FontItem_7CA5.font.s Fonts/build/GlyphText/FontText_9B51.font.s Fonts/build/GlyphItem/FontItem_73E5.font.s Fonts/build/GlyphItem/FontItem_6A1F.font.s Fonts/build/GlyphText/FontText_76E5.font.s Fonts/build/GlyphText/FontText_4EF7.font.s Fonts/build/GlyphItem/FontItem_839B.font.s Fonts/build/GlyphItem/FontItem_75CA.font.s Fonts/build/GlyphText/FontText_691F.font.s Fonts/build/GlyphItem/FontItem_6853.font.s Fonts/build/GlyphItem/FontItem_5881.font.s Fonts/build/GlyphText/FontText_6987.font.s Fonts/build/GlyphText/FontText_4F9D.font.s Fonts/build/GlyphItem/FontItem_585E.font.s Fonts/build/GlyphText/FontText_805A.font.s Fonts/build/GlyphItem/FontItem_8BD3.font.s Fonts/build/GlyphText/FontText_6D93.font.s Fonts/build/GlyphText/FontText_6748.font.s Fonts/build/GlyphItem/FontItem_7436.font.s Fonts/build/GlyphText/FontText_6D46.font.s Fonts/build/GlyphItem/FontItem_5290.font.s Fonts/build/GlyphText/FontText_520A.font.s Fonts/build/GlyphItem/FontItem_9AA0.font.s Fonts/build/GlyphItem/FontItem_8347.font.s Fonts/build/GlyphText/FontText_50C5.font.s Fonts/build/GlyphText/FontText_8BF0.font.s Fonts/build/GlyphText/FontText_731F.font.s Fonts/build/GlyphText/FontText_914A.font.s Fonts/build/GlyphText/FontText_00DC.font.s Fonts/build/GlyphItem/FontItem_82DE.font.s Fonts/build/GlyphItem/FontItem_7396.font.s Fonts/build/GlyphItem/FontItem_7F36.font.s Fonts/build/GlyphItem/FontItem_7977.font.s Fonts/build/GlyphText/FontText_8F9F.font.s Fonts/build/GlyphItem/FontItem_54D5.font.s Fonts/build/GlyphText/FontText_5398.font.s Fonts/build/GlyphText/FontText_7818.font.s Fonts/build/GlyphItem/FontItem_8154.font.s Fonts/build/GlyphText/FontText_0055.font.s Fonts/build/GlyphText/FontText_30AB.font.s Fonts/build/GlyphText/FontText_94BF.font.s Fonts/build/GlyphText/FontText_88FE.font.s Fonts/build/GlyphText/FontText_6E89.font.s Fonts/build/GlyphItem/FontItem_6E32.font.s Fonts/build/GlyphText/FontText_50D5.font.s Fonts/build/GlyphItem/FontItem_8CB8.font.s Fonts/build/GlyphItem/FontItem_00CA.font.s Fonts/build/GlyphItem/FontItem_88E4.font.s Fonts/build/GlyphItem/FontItem_53A9.font.s Fonts/build/GlyphText/FontText_5881.font.s Fonts/build/GlyphItem/FontItem_596A.font.s Fonts/build/GlyphText/FontText_6821.font.s Fonts/build/GlyphItem/FontItem_537F.font.s Fonts/build/GlyphText/FontText_634C.font.s Fonts/build/GlyphItem/FontItem_6512.font.s Fonts/build/GlyphText/FontText_8776.font.s Fonts/build/GlyphText/FontText_7B03.font.s Fonts/build/GlyphItem/FontItem_7099.font.s Fonts/build/GlyphItem/FontItem_8832.font.s Fonts/build/GlyphText/FontText_8ECB.font.s Fonts/build/GlyphItem/FontItem_8E66.font.s Fonts/build/GlyphItem/FontItem_9A0E.font.s Fonts/build/GlyphItem/FontItem_53EA.font.s Fonts/build/GlyphItem/FontItem_855E.font.s Fonts/build/GlyphText/FontText_6E58.font.s Fonts/build/GlyphText/FontText_535F.font.s Fonts/build/GlyphText/FontText_6D52.font.s Fonts/build/GlyphItem/FontItem_8DEC.font.s Fonts/build/GlyphItem/FontItem_94BD.font.s Fonts/build/GlyphItem/FontItem_9818.font.s Fonts/build/GlyphText/FontText_9F7F.font.s Fonts/build/GlyphText/FontText_719F.font.s Fonts/build/GlyphText/FontText_84FF.font.s Fonts/build/GlyphItem/FontItem_7C0F.font.s Fonts/build/GlyphText/FontText_9500.font.s Fonts/build/GlyphItem/FontItem_6EE5.font.s Fonts/build/GlyphItem/FontItem_305B.font.s Fonts/build/GlyphItem/FontItem_99A5.font.s Fonts/build/GlyphItem/FontItem_4ED8.font.s Fonts/build/GlyphItem/FontItem_632B.font.s Fonts/build/GlyphItem/FontItem_68FC.font.s Fonts/build/GlyphItem/FontItem_FF0B.font.s Fonts/build/GlyphItem/FontItem_7A8D.font.s Fonts/build/GlyphItem/FontItem_673D.font.s Fonts/build/GlyphText/FontText_7EE8.font.s Fonts/build/GlyphItem/FontItem_86E4.font.s Fonts/build/GlyphItem/FontItem_9F3B.font.s Fonts/build/GlyphText/FontText_4E0A.font.s Fonts/build/GlyphItem/FontItem_8765.font.s Fonts/build/GlyphText/FontText_634F.font.s Fonts/build/GlyphItem/FontItem_6CEA.font.s Fonts/build/GlyphItem/FontItem_69CA.font.s Fonts/build/GlyphText/FontText_7EC6.font.s Fonts/build/GlyphItem/FontItem_66DC.font.s Fonts/build/GlyphText/FontText_4FED.font.s Fonts/build/GlyphItem/FontItem_538D.font.s Fonts/build/GlyphText/FontText_5F89.font.s Fonts/build/GlyphItem/FontItem_9E4B.font.s Fonts/build/GlyphItem/FontItem_683C.font.s Fonts/build/GlyphItem/FontItem_8482.font.s Fonts/build/GlyphText/FontText_5A46.font.s Fonts/build/GlyphItem/FontItem_8F97.font.s Fonts/build/GlyphItem/FontItem_6DFC.font.s Fonts/build/GlyphItem/FontItem_5C4D.font.s Fonts/build/GlyphText/FontText_550F.font.s Fonts/build/GlyphText/FontText_6670.font.s Fonts/build/GlyphItem/FontItem_00D9.font.s Fonts/build/GlyphText/FontText_82CC.font.s Fonts/build/GlyphItem/FontItem_7CDC.font.s Fonts/build/GlyphText/FontText_7942.font.s Fonts/build/GlyphItem/FontItem_6641.font.s Fonts/build/GlyphText/FontText_839C.font.s Fonts/build/GlyphItem/FontItem_5623.font.s Fonts/build/GlyphText/FontText_5F18.font.s Fonts/build/GlyphItem/FontItem_8FBD.font.s Fonts/build/GlyphText/FontText_56F5.font.s Fonts/build/GlyphText/FontText_5712.font.s Fonts/build/GlyphText/FontText_7B5D.font.s Fonts/build/GlyphText/FontText_3065.font.s Fonts/build/GlyphItem/FontItem_9571.font.s Fonts/build/GlyphItem/FontItem_9F2C.font.s Fonts/build/GlyphText/FontText_30A1.font.s Fonts/build/GlyphItem/FontItem_7FC5.font.s Fonts/build/GlyphItem/FontItem_7545.font.s Fonts/build/GlyphText/FontText_997F.font.s Fonts/build/GlyphItem/FontItem_7559.font.s Fonts/build/GlyphText/FontText_70ED.font.s Fonts/build/GlyphText/FontText_9A9F.font.s Fonts/build/GlyphText/FontText_6D94.font.s Fonts/build/GlyphText/FontText_FF44.font.s Fonts/build/GlyphItem/FontItem_843D.font.s Fonts/build/GlyphText/FontText_8DE4.font.s Fonts/build/GlyphItem/FontItem_9EB4.font.s Fonts/build/GlyphItem/FontItem_9022.font.s Fonts/build/GlyphText/FontText_714E.font.s Fonts/build/GlyphText/FontText_5B57.font.s Fonts/build/GlyphText/FontText_3054.font.s Fonts/build/GlyphText/FontText_8C33.font.s Fonts/build/GlyphText/FontText_4FA1.font.s Fonts/build/GlyphText/FontText_874C.font.s Fonts/build/GlyphText/FontText_7A9D.font.s Fonts/build/GlyphText/FontText_8FE9.font.s Fonts/build/GlyphItem/FontItem_5F20.font.s Fonts/build/GlyphText/FontText_5112.font.s Fonts/build/GlyphText/FontText_6DD8.font.s Fonts/build/GlyphItem/FontItem_56F3.font.s Fonts/build/GlyphItem/FontItem_30DA.font.s Fonts/build/GlyphItem/FontItem_5566.font.s Fonts/build/GlyphText/FontText_4F1D.font.s Fonts/build/GlyphItem/FontItem_8EE2.font.s Fonts/build/GlyphItem/FontItem_763F.font.s Fonts/build/GlyphText/FontText_5319.font.s Fonts/build/GlyphItem/FontItem_75AB.font.s Fonts/build/GlyphText/FontText_559F.font.s Fonts/build/GlyphItem/FontItem_6CF5.font.s Fonts/build/GlyphText/FontText_88D5.font.s Fonts/build/GlyphItem/FontItem_76D8.font.s Fonts/build/GlyphItem/FontItem_4E38.font.s Fonts/build/GlyphItem/FontItem_00F9.font.s Fonts/build/GlyphItem/FontItem_591A.font.s Fonts/build/GlyphText/FontText_5FD0.font.s Fonts/build/GlyphText/FontText_96C5.font.s Fonts/build/GlyphText/FontText_7D79.font.s Fonts/build/GlyphItem/FontItem_59AF.font.s Fonts/build/GlyphText/FontText_52A8.font.s Fonts/build/GlyphItem/FontItem_81FC.font.s Fonts/build/GlyphText/FontText_51B5.font.s Fonts/build/GlyphItem/FontItem_853B.font.s Fonts/build/GlyphText/FontText_98A8.font.s Fonts/build/GlyphItem/FontItem_5564.font.s Fonts/build/GlyphItem/FontItem_7ECB.font.s Fonts/build/GlyphText/FontText_8EFD.font.s Fonts/build/GlyphText/FontText_6BD5.font.s Fonts/build/GlyphText/FontText_5085.font.s Fonts/build/GlyphText/FontText_8DBE.font.s Fonts/build/GlyphItem/FontItem_5784.font.s Fonts/build/GlyphText/FontText_7545.font.s Fonts/build/GlyphText/FontText_620D.font.s Fonts/build/GlyphItem/FontItem_772D.font.s Fonts/build/GlyphItem/FontItem_8301.font.s Fonts/build/GlyphItem/FontItem_86A3.font.s Fonts/build/GlyphItem/FontItem_9E41.font.s Fonts/build/GlyphItem/FontItem_751F.font.s Fonts/build/GlyphItem/FontItem_7EAC.font.s Fonts/build/GlyphText/FontText_63A0.font.s Fonts/build/GlyphItem/FontItem_6D78.font.s Fonts/build/GlyphItem/FontItem_964C.font.s Fonts/build/GlyphText/FontText_5FB5.font.s Fonts/build/GlyphText/FontText_3070.font.s Fonts/build/GlyphText/FontText_8C0F.font.s Fonts/build/GlyphItem/FontItem_6D6E.font.s Fonts/build/GlyphItem/FontItem_55EB.font.s Fonts/build/GlyphText/FontText_6CA6.font.s Fonts/build/GlyphText/FontText_852C.font.s Fonts/build/GlyphItem/FontItem_6C13.font.s Fonts/build/GlyphText/FontText_6D63.font.s Fonts/build/GlyphItem/FontItem_7262.font.s Fonts/build/GlyphText/FontText_6CFE.font.s Fonts/build/GlyphText/FontText_638C.font.s Fonts/build/GlyphText/FontText_6D17.font.s Fonts/build/GlyphText/FontText_5240.font.s Fonts/build/GlyphText/FontText_7962.font.s Fonts/build/GlyphText/FontText_6CAD.font.s Fonts/build/GlyphItem/FontItem_88C1.font.s Fonts/build/GlyphText/FontText_95F6.font.s Fonts/build/GlyphItem/FontItem_5EB6.font.s Fonts/build/GlyphText/FontText_6C29.font.s Fonts/build/GlyphText/FontText_6DA0.font.s Fonts/build/GlyphItem/FontItem_606C.font.s Fonts/build/GlyphText/FontText_8F44.font.s Fonts/build/GlyphText/FontText_6D77.font.s Fonts/build/GlyphItem/FontItem_8116.font.s Fonts/build/GlyphItem/FontItem_79D2.font.s Fonts/build/GlyphItem/FontItem_63EE.font.s Fonts/build/GlyphText/FontText_62EC.font.s Fonts/build/GlyphText/FontText_9014.font.s Fonts/build/GlyphItem/FontItem_7C9C.font.s Fonts/build/GlyphText/FontText_6A59.font.s Fonts/build/GlyphText/FontText_5D4B.font.s Fonts/build/GlyphText/FontText_8D4C.font.s Fonts/build/GlyphItem/FontItem_7B26.font.s Fonts/build/GlyphText/FontText_7487.font.s Fonts/build/GlyphText/FontText_0042.font.s Fonts/build/GlyphText/FontText_7D42.font.s Fonts/build/GlyphItem/FontItem_888B.font.s Fonts/build/GlyphText/FontText_96EA.font.s Fonts/build/GlyphText/FontText_6224.font.s Fonts/build/GlyphItem/FontItem_6C10.font.s Fonts/build/GlyphText/FontText_5E54.font.s Fonts/build/GlyphItem/FontItem_51EB.font.s Fonts/build/GlyphText/FontText_5729.font.s Fonts/build/GlyphItem/FontItem_76C8.font.s Fonts/build/GlyphText/FontText_609D.font.s Fonts/build/GlyphText/FontText_90FE.font.s Fonts/build/GlyphText/FontText_662F.font.s Fonts/build/GlyphItem/FontItem_60DD.font.s Fonts/build/GlyphItem/FontItem_8D2B.font.s Fonts/build/GlyphText/FontText_803D.font.s Fonts/build/GlyphText/FontText_666E.font.s Fonts/build/GlyphText/FontText_65B9.font.s Fonts/build/GlyphItem/FontItem_61BE.font.s Fonts/build/GlyphText/FontText_639F.font.s Fonts/build/GlyphItem/FontItem_4EC6.font.s Fonts/build/GlyphItem/FontItem_2164.font.s Fonts/build/GlyphItem/FontItem_54FC.font.s Fonts/build/GlyphItem/FontItem_7109.font.s Fonts/build/GlyphText/FontText_93AE.font.s Fonts/build/GlyphItem/FontItem_86C6.font.s Fonts/build/GlyphItem/FontItem_576F.font.s Fonts/build/GlyphText/FontText_9605.font.s Fonts/build/GlyphText/FontText_905C.font.s Fonts/build/GlyphItem/FontItem_60AC.font.s Fonts/build/GlyphText/FontText_730A.font.s Fonts/build/GlyphText/FontText_82CD.font.s Fonts/build/GlyphText/FontText_72D7.font.s Fonts/build/GlyphItem/FontItem_8A3C.font.s Fonts/build/GlyphText/FontText_5065.font.s Fonts/build/GlyphText/FontText_5E4C.font.s Fonts/build/GlyphText/FontText_5979.font.s Fonts/build/GlyphItem/FontItem_9985.font.s Fonts/build/GlyphText/FontText_5B81.font.s Fonts/build/GlyphText/FontText_69ED.font.s Fonts/build/GlyphItem/FontItem_63AC.font.s Fonts/build/GlyphItem/FontItem_5DDE.font.s Fonts/build/GlyphItem/FontItem_88B7.font.s Fonts/build/GlyphText/FontText_5412.font.s Fonts/build/GlyphItem/FontItem_8A71.font.s Fonts/build/GlyphItem/FontItem_FF15.font.s Fonts/build/GlyphItem/FontItem_8FB6.font.s Fonts/build/GlyphItem/FontItem_5C38.font.s Fonts/build/GlyphText/FontText_606C.font.s Fonts/build/GlyphText/FontText_7313.font.s Fonts/build/GlyphItem/FontItem_5A08.font.s Fonts/build/GlyphItem/FontItem_78C9.font.s Fonts/build/GlyphText/FontText_51A4.font.s Fonts/build/GlyphText/FontText_5C94.font.s Fonts/build/GlyphText/FontText_6291.font.s Fonts/build/GlyphItem/FontItem_67E0.font.s Fonts/build/GlyphItem/FontItem_5293.font.s Fonts/build/GlyphItem/FontItem_5658.font.s Fonts/build/GlyphItem/FontItem_6221.font.s Fonts/build/GlyphText/FontText_3008.font.s Fonts/build/GlyphItem/FontItem_5A0C.font.s Fonts/build/GlyphText/FontText_FF0B.font.s Fonts/build/GlyphText/FontText_4ED1.font.s Fonts/build/GlyphText/FontText_88C9.font.s Fonts/build/GlyphItem/FontItem_94A1.font.s Fonts/build/GlyphItem/FontItem_916E.font.s Fonts/build/GlyphItem/FontItem_53F5.font.s Fonts/build/GlyphItem/FontItem_57D9.font.s Fonts/build/GlyphText/FontText_901D.font.s Fonts/build/GlyphText/FontText_8A13.font.s Fonts/build/GlyphItem/FontItem_6655.font.s Fonts/build/GlyphText/FontText_5B97.font.s Fonts/build/GlyphText/FontText_9B3B.font.s Fonts/build/GlyphText/FontText_574C.font.s Fonts/build/GlyphItem/FontItem_3068.font.s Fonts/build/GlyphText/FontText_53E3.font.s Fonts/build/GlyphItem/FontItem_50E7.font.s Fonts/build/GlyphItem/FontItem_5E1D.font.s Fonts/build/GlyphItem/FontItem_9F20.font.s Fonts/build/GlyphText/FontText_8E69.font.s Fonts/build/GlyphText/FontText_75D8.font.s Fonts/build/GlyphText/FontText_5452.font.s Fonts/build/GlyphText/FontText_63B7.font.s Fonts/build/GlyphText/FontText_541F.font.s Fonts/build/GlyphItem/FontItem_6760.font.s Fonts/build/GlyphItem/FontItem_54A6.font.s Fonts/build/GlyphText/FontText_7CC1.font.s Fonts/build/GlyphItem/FontItem_6D8C.font.s Fonts/build/GlyphItem/FontItem_6924.font.s Fonts/build/GlyphText/FontText_7B24.font.s Fonts/build/GlyphItem/FontItem_9ECF.font.s Fonts/build/GlyphText/FontText_776C.font.s Fonts/build/GlyphItem/FontItem_620C.font.s Contants/Sprite/Source/Alm_std.4bpp Fonts/build/GlyphItem/FontItem_67D3.font.s Fonts/build/GlyphText/FontText_3072.font.s Fonts/build/GlyphItem/FontItem_5B7A.font.s Fonts/build/GlyphText/FontText_6924.font.s Fonts/build/GlyphItem/FontItem_9AF9.font.s Fonts/build/GlyphText/FontText_8966.font.s Fonts/build/GlyphItem/FontItem_6284.font.s Fonts/build/GlyphText/FontText_4F5D.font.s Fonts/build/GlyphItem/FontItem_4ED1.font.s Fonts/build/GlyphItem/FontItem_5265.font.s Fonts/build/GlyphText/FontText_607C.font.s Fonts/build/GlyphText/FontText_60E0.font.s Fonts/build/GlyphText/FontText_7830.font.s Fonts/build/GlyphItem/FontItem_701A.font.s Fonts/build/GlyphText/FontText_9CC7.font.s Fonts/build/GlyphText/FontText_726F.font.s Fonts/build/GlyphText/FontText_6D33.font.s Fonts/build/GlyphText/FontText_53A8.font.s Fonts/build/GlyphText/FontText_8C14.font.s Fonts/build/GlyphItem/FontItem_79FB.font.s Fonts/build/GlyphItem/FontItem_8003.font.s Fonts/build/GlyphText/FontText_5A20.font.s Fonts/build/GlyphText/FontText_56AF.font.s Fonts/build/GlyphItem/FontItem_7B3A.font.s Fonts/build/GlyphText/FontText_5F82.font.s Fonts/build/GlyphItem/FontItem_7A46.font.s Fonts/build/GlyphItem/FontItem_54D2.font.s Fonts/build/GlyphText/FontText_6FB9.font.s Fonts/build/GlyphText/FontText_6CA4.font.s Fonts/build/GlyphItem/FontItem_535C.font.s Fonts/build/GlyphItem/FontItem_6B93.font.s Fonts/build/GlyphText/FontText_6D0E.font.s Fonts/build/GlyphText/FontText_00EC.font.s Fonts/build/GlyphText/FontText_7801.font.s Fonts/build/GlyphItem/FontItem_72FB.font.s Fonts/build/GlyphText/FontText_77B0.font.s Fonts/build/GlyphText/FontText_7537.font.s Fonts/build/GlyphText/FontText_5341.font.s Fonts/build/GlyphText/FontText_2027.font.s Fonts/build/GlyphText/FontText_6FB6.font.s Fonts/build/GlyphItem/FontItem_94F9.font.s Fonts/build/GlyphItem/FontItem_75B0.font.s Fonts/build/GlyphItem/FontItem_6355.font.s Fonts/build/GlyphText/FontText_86C4.font.s Fonts/build/GlyphText/FontText_7ED5.font.s Fonts/build/GlyphText/FontText_2026.font.s Fonts/build/GlyphItem/FontItem_9773.font.s Fonts/build/GlyphItem/FontItem_4EB3.font.s Fonts/build/GlyphItem/FontItem_6F02.font.s Fonts/build/GlyphText/FontText_83A8.font.s Fonts/build/GlyphText/FontText_6EBD.font.s Fonts/build/GlyphText/FontText_779F.font.s Fonts/build/GlyphItem/FontItem_30B7.font.s Fonts/build/GlyphText/FontText_4F09.font.s Fonts/build/GlyphText/FontText_8662.font.s Fonts/build/GlyphItem/FontItem_7934.font.s Fonts/build/GlyphText/FontText_6CCA.font.s Fonts/build/GlyphText/FontText_8DB4.font.s Fonts/build/GlyphItem/FontItem_5EC3.font.s Fonts/build/GlyphText/FontText_502E.font.s Fonts/build/GlyphItem/FontItem_80D9.font.s Fonts/build/GlyphItem/FontItem_8427.font.s Fonts/build/GlyphText/FontText_6B92.font.s Fonts/build/GlyphItem/FontItem_9AA7.font.s Fonts/build/GlyphItem/FontItem_8D9F.font.s Fonts/build/GlyphText/FontText_62ED.font.s Fonts/build/GlyphText/FontText_592D.font.s Fonts/build/GlyphItem/FontItem_63FD.font.s Fonts/build/GlyphItem/FontItem_0430.font.s Fonts/build/GlyphItem/FontItem_626F.font.s Fonts/build/GlyphItem/FontItem_60E0.font.s Fonts/build/GlyphText/FontText_5C1C.font.s Fonts/build/GlyphText/FontText_5BDD.font.s Fonts/build/GlyphItem/FontItem_75E3.font.s Fonts/build/GlyphItem/FontItem_7131.font.s Fonts/build/GlyphItem/FontItem_7EFF.font.s Fonts/build/GlyphItem/FontItem_975E.font.s Fonts/build/GlyphItem/FontItem_606F.font.s Fonts/build/GlyphItem/FontItem_828D.font.s Fonts/build/GlyphText/FontText_73E7.font.s Fonts/build/GlyphItem/FontItem_30E6.font.s Fonts/build/GlyphText/FontText_629E.font.s Fonts/build/GlyphItem/FontItem_60DA.font.s Fonts/build/GlyphItem/FontItem_5C01.font.s Fonts/build/GlyphText/FontText_6CB3.font.s Fonts/build/GlyphItem/FontItem_82CE.font.s Fonts/build/GlyphText/FontText_FF5E.font.s Fonts/build/GlyphItem/FontItem_6B84.font.s Fonts/build/GlyphItem/FontItem_9CAE.font.s Fonts/build/GlyphText/FontText_5009.font.s Fonts/build/GlyphItem/FontItem_833C.font.s Fonts/build/GlyphItem/FontItem_5AEB.font.s Fonts/build/GlyphText/FontText_004A.font.s Fonts/build/GlyphItem/FontItem_5BBD.font.s Fonts/build/GlyphItem/FontItem_7409.font.s Fonts/build/GlyphText/FontText_8A03.font.s Fonts/build/GlyphItem/FontItem_7198.font.s Fonts/build/GlyphItem/FontItem_52F0.font.s Fonts/build/GlyphText/FontText_771F.font.s Fonts/build/GlyphItem/FontItem_614C.font.s Fonts/build/GlyphText/FontText_793A.font.s Fonts/build/GlyphText/FontText_7B3C.font.s Fonts/build/GlyphText/FontText_4EC9.font.s Fonts/build/GlyphItem/FontItem_75B1.font.s Fonts/build/GlyphText/FontText_62E8.font.s Fonts/build/GlyphItem/FontItem_516C.font.s Fonts/build/GlyphItem/FontItem_8366.font.s Fonts/build/GlyphItem/FontItem_8FF7.font.s Fonts/build/GlyphItem/FontItem_54C6.font.s Fonts/build/GlyphText/FontText_7D46.font.s Fonts/build/GlyphText/FontText_8369.font.s Fonts/build/GlyphItem/FontItem_7CDF.font.s Fonts/build/GlyphText/FontText_9577.font.s Fonts/build/GlyphItem/FontItem_00BA.font.s Fonts/build/GlyphText/FontText_6636.font.s Fonts/build/GlyphText/FontText_00E0.font.s Fonts/build/GlyphText/FontText_6602.font.s Fonts/build/GlyphText/FontText_9CB1.font.s Fonts/build/GlyphItem/FontItem_9633.font.s Fonts/build/GlyphItem/FontItem_5BFB.font.s Fonts/build/GlyphText/FontText_8347.font.s Fonts/build/GlyphItem/FontItem_5BC6.font.s Fonts/build/GlyphItem/FontItem_6C79.font.s Fonts/build/GlyphItem/FontItem_4EB2.font.s Fonts/build/GlyphText/FontText_66E6.font.s Fonts/build/GlyphItem/FontItem_2176.font.s Fonts/build/GlyphText/FontText_5824.font.s Fonts/build/GlyphItem/FontItem_8ABF.font.s Fonts/build/GlyphText/FontText_55D2.font.s Fonts/build/GlyphText/FontText_7B58.font.s Fonts/build/GlyphText/FontText_82F4.font.s Fonts/build/GlyphText/FontText_696E.font.s Fonts/build/GlyphText/FontText_8F8B.font.s Fonts/build/GlyphText/FontText_00FA.font.s Fonts/build/GlyphItem/FontItem_6643.font.s Fonts/build/GlyphText/FontText_7334.font.s Fonts/build/GlyphItem/FontItem_835C.font.s Fonts/build/GlyphItem/FontItem_888D.font.s Fonts/build/GlyphItem/FontItem_5F04.font.s Fonts/build/GlyphText/FontText_52F0.font.s Fonts/build/GlyphText/FontText_642D.font.s Fonts/build/GlyphItem/FontItem_6E11.font.s Fonts/build/GlyphItem/FontItem_77A2.font.s Fonts/build/GlyphItem/FontItem_30C9.font.s Fonts/build/GlyphText/FontText_7F13.font.s Fonts/build/GlyphText/FontText_9C82.font.s Fonts/build/GlyphText/FontText_4F34.font.s Fonts/build/GlyphText/FontText_8F71.font.s Fonts/build/GlyphText/FontText_6016.font.s Fonts/build/GlyphText/FontText_68D8.font.s Fonts/build/GlyphItem/FontItem_3067.font.s Fonts/build/GlyphText/FontText_582A.font.s Fonts/build/GlyphText/FontText_7EDC.font.s Fonts/build/GlyphItem/FontItem_7B3C.font.s Fonts/build/GlyphText/FontText_6297.font.s Fonts/build/GlyphItem/FontItem_4E08.font.s Fonts/build/GlyphItem/FontItem_87EA.font.s Fonts/build/GlyphItem/FontItem_62CD.font.s Fonts/build/GlyphText/FontText_7EB1.font.s Fonts/build/GlyphItem/FontItem_95FC.font.s Fonts/build/GlyphItem/FontItem_6615.font.s Fonts/build/GlyphItem/FontItem_823E.font.s Fonts/build/GlyphText/FontText_83B8.font.s Fonts/build/GlyphText/FontText_5A36.font.s Fonts/build/GlyphItem/FontItem_6DAA.font.s Fonts/build/GlyphItem/FontItem_905B.font.s Fonts/build/GlyphItem/FontItem_7C07.font.s Fonts/build/GlyphText/FontText_983C.font.s Fonts/build/GlyphItem/FontItem_609F.font.s Fonts/build/GlyphText/FontText_0069.font.s Fonts/build/GlyphText/FontText_90E8.font.s Fonts/build/GlyphItem/FontItem_007E.font.s Fonts/build/GlyphItem/FontItem_89F3.font.s Fonts/build/GlyphItem/FontItem_523B.font.s Fonts/build/GlyphItem/FontItem_5DEF.font.s Fonts/build/GlyphText/FontText_63B0.font.s Fonts/build/GlyphText/FontText_6643.font.s Fonts/build/GlyphText/FontText_88A4.font.s Fonts/build/GlyphText/FontText_575B.font.s Fonts/build/GlyphText/FontText_714A.font.s Fonts/build/GlyphItem/FontItem_62DA.font.s Fonts/build/GlyphText/FontText_65E2.font.s Fonts/build/GlyphItem/FontItem_9E4C.font.s Fonts/build/GlyphItem/FontItem_8E42.font.s Fonts/build/GlyphItem/FontItem_90BB.font.s Fonts/build/GlyphText/FontText_5897.font.s Fonts/build/GlyphItem/FontItem_9636.font.s Fonts/build/GlyphItem/FontItem_8BFF.font.s Fonts/build/GlyphText/FontText_9CA1.font.s Fonts/build/GlyphText/FontText_91BA.font.s Fonts/build/GlyphItem/FontItem_5987.font.s Fonts/build/GlyphText/FontText_6DAB.font.s Fonts/build/GlyphText/FontText_4EDD.font.s Fonts/build/GlyphItem/FontItem_2286.font.s Fonts/build/GlyphItem/FontItem_65C1.font.s Fonts/build/GlyphItem/FontItem_9AE1.font.s Fonts/build/GlyphText/FontText_8C02.font.s Fonts/build/GlyphItem/FontItem_915A.font.s Fonts/build/GlyphText/FontText_8599.font.s Fonts/build/GlyphText/FontText_53C8.font.s Fonts/build/GlyphText/FontText_7F05.font.s Fonts/build/GlyphText/FontText_5944.font.s Fonts/build/GlyphItem/FontItem_73CA.font.s Fonts/build/GlyphItem/FontItem_00F3.font.s Fonts/build/GlyphItem/FontItem_5C4A.font.s Fonts/build/GlyphText/FontText_8BD1.font.s Fonts/build/GlyphText/FontText_60EB.font.s Fonts/build/GlyphText/FontText_636D.font.s Fonts/build/GlyphText/FontText_5D82.font.s Fonts/build/GlyphText/FontText_9274.font.s Fonts/build/GlyphItem/FontItem_5D02.font.s Fonts/build/GlyphItem/FontItem_8CA0.font.s Fonts/build/GlyphItem/FontItem_3071.font.s Fonts/build/GlyphText/FontText_5C22.font.s Fonts/build/GlyphText/FontText_8845.font.s Fonts/build/GlyphItem/FontItem_5217.font.s Fonts/build/GlyphItem/FontItem_699C.font.s Fonts/build/GlyphItem/FontItem_6864.font.s Fonts/build/GlyphText/FontText_4E69.font.s Fonts/build/GlyphText/FontText_0078.font.s Fonts/build/GlyphItem/FontItem_69DB.font.s Fonts/build/GlyphText/FontText_6A7C.font.s Fonts/build/GlyphItem/FontItem_8471.font.s Fonts/build/GlyphItem/FontItem_6D32.font.s Fonts/build/GlyphText/FontText_8E3D.font.s Fonts/build/GlyphItem/FontItem_51B3.font.s Fonts/build/GlyphText/FontText_68AD.font.s Fonts/build/GlyphText/FontText_5162.font.s Fonts/build/GlyphText/FontText_88E5.font.s Fonts/build/GlyphText/FontText_96BC.font.s Fonts/build/GlyphItem/FontItem_8C4A.font.s Fonts/build/GlyphItem/FontItem_9146.font.s Fonts/build/GlyphItem/FontItem_731F.font.s Fonts/build/GlyphText/FontText_7F45.font.s Fonts/build/GlyphText/FontText_9E28.font.s Fonts/build/GlyphText/FontText_7640.font.s Fonts/build/GlyphText/FontText_728D.font.s Fonts/build/GlyphText/FontText_52D9.font.s Fonts/build/GlyphItem/FontItem_8925.font.s Fonts/build/GlyphItem/FontItem_5468.font.s Fonts/build/GlyphItem/FontItem_00EB.font.s Fonts/build/GlyphItem/FontItem_5E7D.font.s Fonts/build/GlyphItem/FontItem_950C.font.s Fonts/build/GlyphItem/FontItem_9888.font.s Fonts/build/GlyphText/FontText_5B17.font.s Fonts/build/GlyphText/FontText_5924.font.s Fonts/build/GlyphText/FontText_655B.font.s Fonts/build/GlyphText/FontText_8F81.font.s Fonts/build/GlyphText/FontText_8D1E.font.s Fonts/build/GlyphText/FontText_877D.font.s Fonts/build/GlyphItem/FontItem_0030.font.s Fonts/build/GlyphItem/FontItem_598A.font.s Fonts/build/GlyphText/FontText_82A5.font.s Fonts/build/GlyphItem/FontItem_5106.font.s Fonts/build/GlyphItem/FontItem_870A.font.s Fonts/build/GlyphText/FontText_7597.font.s Fonts/build/GlyphItem/FontItem_6A3E.font.s Fonts/build/GlyphItem/FontItem_8BEC.font.s Fonts/build/GlyphItem/FontItem_63FF.font.s Fonts/build/GlyphItem/FontItem_80DB.font.s Fonts/build/GlyphText/FontText_8B6C.font.s Fonts/build/GlyphItem/FontItem_6FE0.font.s Fonts/build/GlyphText/FontText_9AC1.font.s Fonts/build/GlyphItem/FontItem_6D74.font.s Fonts/build/GlyphItem/FontItem_79E6.font.s Fonts/build/GlyphText/FontText_8AB2.font.s Fonts/build/GlyphItem/FontItem_82EB.font.s Fonts/build/GlyphText/FontText_7856.font.s Fonts/build/GlyphItem/FontItem_85E9.font.s Fonts/build/GlyphItem/FontItem_5581.font.s Fonts/build/GlyphText/FontText_9AED.font.s Fonts/build/GlyphText/FontText_4E3D.font.s Fonts/build/GlyphText/FontText_9F44.font.s Fonts/build/GlyphItem/FontItem_6BCB.font.s Fonts/build/GlyphText/FontText_8E1F.font.s Fonts/build/GlyphItem/FontItem_8A07.font.s Fonts/build/GlyphText/FontText_8FDB.font.s Fonts/build/GlyphItem/FontItem_94B6.font.s Fonts/build/GlyphItem/FontItem_4E32.font.s Fonts/build/GlyphItem/FontItem_5B17.font.s Fonts/build/GlyphText/FontText_5E86.font.s Fonts/build/GlyphText/FontText_6E83.font.s Fonts/build/GlyphItem/FontItem_8279.font.s Fonts/build/GlyphItem/FontItem_670A.font.s Fonts/build/GlyphText/FontText_7B2A.font.s Fonts/build/GlyphText/FontText_8D4A.font.s Fonts/build/GlyphText/FontText_7EBE.font.s Fonts/build/GlyphText/FontText_887F.font.s Fonts/build/GlyphText/FontText_63A3.font.s Fonts/build/GlyphItem/FontItem_62FF.font.s Fonts/build/GlyphText/FontText_5472.font.s Fonts/build/GlyphItem/FontItem_5F6C.font.s Fonts/build/GlyphText/FontText_6D99.font.s Fonts/build/GlyphItem/FontItem_6485.font.s Fonts/build/GlyphText/FontText_9541.font.s Fonts/build/GlyphText/FontText_94FF.font.s Fonts/build/GlyphText/FontText_6127.font.s Fonts/build/GlyphText/FontText_80F6.font.s Fonts/build/GlyphItem/FontItem_8C94.font.s Fonts/build/GlyphItem/FontItem_68D8.font.s Fonts/build/GlyphItem/FontItem_2163.font.s Fonts/build/GlyphText/FontText_76F2.font.s Fonts/build/GlyphText/FontText_963F.font.s Fonts/build/GlyphItem/FontItem_67DC.font.s Fonts/build/GlyphText/FontText_80C1.font.s Fonts/build/GlyphText/FontText_50BE.font.s Fonts/build/GlyphItem/FontItem_5916.font.s Fonts/build/GlyphText/FontText_529F.font.s Fonts/build/GlyphText/FontText_6E96.font.s Fonts/build/GlyphItem/FontItem_5D26.font.s Fonts/build/GlyphItem/FontItem_954C.font.s Fonts/build/GlyphText/FontText_5F6B.font.s Fonts/build/GlyphItem/FontItem_95F8.font.s Fonts/build/GlyphItem/FontItem_5A13.font.s Fonts/build/GlyphText/FontText_7A57.font.s Fonts/build/GlyphText/FontText_0094.font.s Fonts/build/GlyphText/FontText_8BDB.font.s Fonts/build/GlyphText/FontText_82DE.font.s Fonts/build/GlyphText/FontText_5B50.font.s Fonts/build/GlyphText/FontText_9192.font.s Fonts/build/GlyphItem/FontItem_5300.font.s Fonts/build/GlyphItem/FontItem_89CF.font.s Fonts/build/GlyphItem/FontItem_9052.font.s Fonts/build/GlyphText/FontText_8B1B.font.s Fonts/build/GlyphItem/FontItem_4F2A.font.s Fonts/build/GlyphItem/FontItem_4FD1.font.s Fonts/build/GlyphItem/FontItem_7526.font.s Fonts/build/GlyphText/FontText_67DA.font.s Fonts/build/GlyphItem/FontItem_661D.font.s Fonts/build/GlyphText/FontText_6868.font.s Fonts/build/GlyphItem/FontItem_74A7.font.s Fonts/build/GlyphItem/FontItem_961F.font.s Fonts/build/GlyphItem/FontItem_5C3B.font.s Fonts/build/GlyphItem/FontItem_8C36.font.s Fonts/build/GlyphItem/FontItem_80BE.font.s Fonts/build/GlyphText/FontText_6977.font.s Fonts/build/GlyphItem/FontItem_6EBA.font.s Fonts/build/GlyphText/FontText_9C94.font.s Fonts/build/GlyphText/FontText_7A4F.font.s Fonts/build/GlyphItem/FontItem_4FAA.font.s Fonts/build/GlyphItem/FontItem_8770.font.s Fonts/build/GlyphText/FontText_78D9.font.s Fonts/build/GlyphText/FontText_53F6.font.s Fonts/build/GlyphItem/FontItem_6DA6.font.s Fonts/build/GlyphText/FontText_76B2.font.s Fonts/build/GlyphItem/FontItem_5E91.font.s Fonts/build/GlyphText/FontText_3048.font.s Fonts/build/GlyphItem/FontItem_6B86.font.s Fonts/build/GlyphText/FontText_5121.font.s Fonts/build/GlyphItem/FontItem_8822.font.s Fonts/build/GlyphItem/FontItem_5431.font.s Fonts/build/GlyphText/FontText_5524.font.s Fonts/build/GlyphText/FontText_9F88.font.s Fonts/build/GlyphText/FontText_7247.font.s Fonts/build/GlyphItem/FontItem_5FC5.font.s Fonts/build/GlyphItem/FontItem_7C60.font.s Fonts/build/GlyphItem/FontItem_4F4D.font.s Fonts/build/GlyphText/FontText_75C7.font.s Fonts/build/GlyphText/FontText_88C1.font.s Fonts/build/GlyphText/FontText_5B85.font.s Fonts/build/GlyphText/FontText_53FB.font.s Fonts/build/GlyphText/FontText_7792.font.s Fonts/build/GlyphText/FontText_6726.font.s Fonts/build/GlyphItem/FontItem_76BF.font.s Fonts/build/GlyphItem/FontItem_55B1.font.s Fonts/build/GlyphItem/FontItem_7BE1.font.s Fonts/build/GlyphItem/FontItem_641C.font.s Fonts/build/GlyphItem/FontItem_5C55.font.s Fonts/build/GlyphText/FontText_6688.font.s Fonts/build/GlyphItem/FontItem_4ECB.font.s Fonts/build/GlyphText/FontText_9AA0.font.s Fonts/build/GlyphText/FontText_7DAD.font.s Fonts/build/GlyphItem/FontItem_77BB.font.s Fonts/build/GlyphText/FontText_3043.font.s Fonts/build/GlyphItem/FontItem_9490.font.s Fonts/build/GlyphItem/FontItem_7737.font.s Fonts/build/GlyphItem/FontItem_0058.font.s Fonts/build/GlyphText/FontText_00A1.font.s Fonts/build/GlyphText/FontText_594E.font.s Fonts/build/GlyphItem/FontItem_8FA8.font.s Fonts/build/GlyphItem/FontItem_75E7.font.s Fonts/build/GlyphText/FontText_8431.font.s Fonts/build/GlyphText/FontText_828D.font.s Fonts/build/GlyphText/FontText_9536.font.s Fonts/build/GlyphText/FontText_4FDC.font.s Fonts/build/GlyphText/FontText_83CC.font.s Fonts/build/GlyphItem/FontItem_4FEA.font.s Fonts/build/GlyphItem/FontItem_8C30.font.s Fonts/build/GlyphText/FontText_592E.font.s Fonts/build/GlyphText/FontText_4E54.font.s Fonts/build/GlyphItem/FontItem_63E3.font.s Fonts/build/GlyphText/FontText_53CA.font.s Fonts/build/GlyphItem/FontItem_59C9.font.s Fonts/build/GlyphText/FontText_5429.font.s Fonts/build/GlyphText/FontText_5806.font.s Fonts/build/GlyphText/FontText_989D.font.s Fonts/build/GlyphItem/FontItem_6EE4.font.s Fonts/build/GlyphItem/FontItem_8FC2.font.s Fonts/build/GlyphItem/FontItem_7CB3.font.s Fonts/build/GlyphItem/FontItem_840B.font.s Fonts/build/GlyphText/FontText_8E29.font.s Fonts/build/GlyphText/FontText_6E05.font.s Fonts/build/GlyphText/FontText_6869.font.s Fonts/build/GlyphItem/FontItem_5F93.font.s Fonts/build/GlyphItem/FontItem_88D2.font.s Fonts/build/GlyphText/FontText_828B.font.s Fonts/build/GlyphText/FontText_6E11.font.s Fonts/build/GlyphText/FontText_5AD2.font.s Fonts/build/GlyphItem/FontItem_56DB.font.s Fonts/build/GlyphText/FontText_677E.font.s Fonts/build/GlyphItem/FontItem_8AEB.font.s Fonts/build/GlyphText/FontText_4EF0.font.s Fonts/build/GlyphItem/FontItem_5511.font.s Fonts/build/GlyphItem/FontItem_867F.font.s Fonts/build/GlyphItem/FontItem_4FA0.font.s Fonts/build/GlyphText/FontText_95A3.font.s Fonts/build/GlyphText/FontText_8B0E.font.s Fonts/build/GlyphText/FontText_7565.font.s Fonts/build/GlyphText/FontText_56CA.font.s Fonts/build/GlyphText/FontText_7336.font.s Fonts/build/GlyphItem/FontItem_593A.font.s Fonts/build/GlyphText/FontText_9589.font.s Fonts/build/GlyphItem/FontItem_6F36.font.s Fonts/build/GlyphItem/FontItem_745F.font.s Fonts/build/GlyphText/FontText_00CC.font.s Fonts/build/GlyphText/FontText_6775.font.s Fonts/build/GlyphText/FontText_6126.font.s Fonts/build/GlyphItem/FontItem_7B08.font.s Fonts/build/GlyphText/FontText_92AD.font.s Fonts/build/GlyphItem/FontItem_541B.font.s Fonts/build/GlyphText/FontText_885D.font.s Fonts/build/GlyphItem/FontItem_0027.font.s Fonts/build/GlyphText/FontText_9F89.font.s Fonts/build/GlyphText/FontText_5766.font.s Fonts/build/GlyphItem/FontItem_8D31.font.s Fonts/build/GlyphText/FontText_665A.font.s Fonts/build/GlyphItem/FontItem_8D5C.font.s Fonts/build/GlyphText/FontText_6DEE.font.s Fonts/build/GlyphItem/FontItem_2500.font.s Fonts/build/GlyphText/FontText_8107.font.s Fonts/build/GlyphItem/FontItem_5D27.font.s Fonts/build/GlyphText/FontText_60B8.font.s Fonts/build/GlyphText/FontText_94E4.font.s Fonts/build/GlyphText/FontText_7D19.font.s Fonts/build/GlyphText/FontText_7532.font.s Fonts/build/GlyphItem/FontItem_306E.font.s Fonts/build/GlyphItem/FontItem_62D8.font.s Fonts/build/GlyphItem/FontItem_82A4.font.s Fonts/build/GlyphItem/FontItem_7600.font.s Fonts/build/GlyphText/FontText_840E.font.s Fonts/build/GlyphItem/FontItem_5962.font.s Fonts/build/GlyphText/FontText_62FE.font.s Fonts/build/GlyphText/FontText_51EF.font.s Fonts/build/GlyphText/FontText_0093.font.s Fonts/build/GlyphItem/FontItem_7CA4.font.s Fonts/build/GlyphText/FontText_7ED8.font.s Fonts/build/GlyphText/FontText_4E09.font.s Fonts/build/GlyphItem/FontItem_5E7A.font.s Fonts/build/GlyphText/FontText_8E48.font.s Fonts/build/GlyphItem/FontItem_00D2.font.s Fonts/build/GlyphText/FontText_7EE6.font.s Fonts/build/GlyphItem/FontItem_00C8.font.s Fonts/build/GlyphText/FontText_5352.font.s Fonts/build/GlyphItem/FontItem_6293.font.s Fonts/build/GlyphItem/FontItem_62D6.font.s Fonts/build/GlyphItem/FontItem_56EB.font.s Fonts/build/GlyphText/FontText_5ED3.font.s Fonts/build/GlyphItem/FontItem_545C.font.s Fonts/build/GlyphText/FontText_74D2.font.s Fonts/build/GlyphText/FontText_004D.font.s Fonts/build/GlyphText/FontText_5F17.font.s Fonts/build/GlyphText/FontText_87C0.font.s Fonts/build/GlyphText/FontText_FF1D.font.s Fonts/build/GlyphText/FontText_6E5B.font.s Fonts/build/GlyphText/FontText_81A8.font.s Fonts/build/GlyphItem/FontItem_6A19.font.s Fonts/build/GlyphText/FontText_6556.font.s Fonts/build/GlyphText/FontText_5709.font.s Fonts/build/GlyphItem/FontItem_69DF.font.s Fonts/build/GlyphText/FontText_6797.font.s Fonts/build/GlyphText/FontText_80E4.font.s Fonts/build/GlyphItem/FontItem_5BCC.font.s Fonts/build/GlyphItem/FontItem_60FA.font.s Fonts/build/GlyphText/FontText_833A.font.s Fonts/build/GlyphText/FontText_8D73.font.s Fonts/build/GlyphText/FontText_7956.font.s Fonts/build/GlyphText/FontText_8919.font.s Fonts/build/GlyphText/FontText_91C9.font.s Fonts/build/GlyphItem/FontItem_9EE0.font.s Fonts/build/GlyphItem/FontItem_006C.font.s Fonts/build/GlyphText/FontText_592A.font.s Fonts/build/GlyphItem/FontItem_7634.font.s Fonts/build/GlyphText/FontText_5B5D.font.s Fonts/build/GlyphText/FontText_575D.font.s Fonts/build/GlyphText/FontText_6574.font.s Fonts/build/GlyphText/FontText_6A61.font.s Fonts/build/GlyphItem/FontItem_91C9.font.s Fonts/build/GlyphItem/FontItem_8D47.font.s Fonts/build/GlyphItem/FontItem_00DB.font.s Fonts/build/GlyphText/FontText_7C95.font.s Fonts/build/GlyphItem/FontItem_963D.font.s Fonts/build/GlyphItem/FontItem_8C02.font.s Fonts/build/GlyphItem/FontItem_80BF.font.s Fonts/build/GlyphItem/FontItem_8782.font.s Fonts/build/GlyphText/FontText_7B1E.font.s Fonts/build/GlyphText/FontText_90A2.font.s Fonts/build/GlyphItem/FontItem_9A96.font.s Fonts/build/GlyphItem/FontItem_5B64.font.s Fonts/build/GlyphText/FontText_8572.font.s Fonts/build/GlyphText/FontText_8885.font.s Fonts/build/GlyphText/FontText_8774.font.s Fonts/build/GlyphItem/FontItem_5ABE.font.s Fonts/build/GlyphText/FontText_6B21.font.s Fonts/build/GlyphText/FontText_7F18.font.s Fonts/build/GlyphItem/FontItem_300B.font.s Fonts/build/GlyphText/FontText_53A5.font.s Fonts/build/GlyphItem/FontItem_68A6.font.s Fonts/build/GlyphText/FontText_878D.font.s Fonts/build/GlyphItem/FontItem_30FC.font.s Fonts/build/GlyphText/FontText_8404.font.s Fonts/build/GlyphText/FontText_7EEF.font.s Fonts/build/GlyphText/FontText_591C.font.s Fonts/build/GlyphItem/FontItem_5B66.font.s Fonts/build/GlyphItem/FontItem_95D8.font.s Fonts/build/GlyphText/FontText_6499.font.s Fonts/build/GlyphText/FontText_5581.font.s Fonts/build/GlyphItem/FontItem_7701.font.s Fonts/build/GlyphText/FontText_8160.font.s Fonts/build/GlyphItem/FontItem_753E.font.s Fonts/build/GlyphText/FontText_5D74.font.s Fonts/build/GlyphText/FontText_7A0B.font.s Fonts/build/GlyphText/FontText_8707.font.s Fonts/build/GlyphItem/FontItem_8DF7.font.s Fonts/build/GlyphText/FontText_9A9E.font.s Fonts/build/GlyphText/FontText_8F98.font.s Fonts/build/GlyphItem/FontItem_74E2.font.s Fonts/build/GlyphItem/FontItem_582A.font.s Fonts/build/GlyphText/FontText_5267.font.s Fonts/build/GlyphItem/FontItem_5F7B.font.s Fonts/build/GlyphItem/FontItem_9C9A.font.s Fonts/build/GlyphItem/FontItem_9EF9.font.s Fonts/build/GlyphItem/FontItem_7A7A.font.s Fonts/build/GlyphItem/FontItem_818A.font.s Fonts/build/GlyphItem/FontItem_5A40.font.s Fonts/build/GlyphItem/FontItem_8564.font.s Fonts/build/GlyphItem/FontItem_6027.font.s Fonts/build/GlyphItem/FontItem_63CD.font.s Fonts/build/GlyphItem/FontItem_73ED.font.s Fonts/build/GlyphItem/FontItem_51C0.font.s Fonts/build/GlyphText/FontText_9B45.font.s Fonts/build/GlyphItem/FontItem_00DC.font.s Fonts/build/GlyphText/FontText_762B.font.s Fonts/build/GlyphItem/FontItem_8033.font.s Fonts/build/GlyphItem/FontItem_8BBF.font.s Fonts/build/GlyphItem/FontItem_895F.font.s Fonts/build/GlyphItem/FontItem_98D1.font.s Fonts/build/GlyphItem/FontItem_507E.font.s Fonts/build/GlyphText/FontText_6E1B.font.s Fonts/build/GlyphItem/FontItem_6A5B.font.s Fonts/build/GlyphItem/FontItem_8574.font.s Fonts/build/GlyphText/FontText_30E5.font.s Fonts/build/GlyphText/FontText_8FA9.font.s Fonts/build/GlyphText/FontText_6DBF.font.s Fonts/build/GlyphItem/FontItem_30D2.font.s Fonts/build/GlyphItem/FontItem_866B.font.s Fonts/build/GlyphText/FontText_8BEC.font.s Fonts/build/GlyphItem/FontItem_708A.font.s Fonts/build/GlyphItem/FontItem_6332.font.s Fonts/build/GlyphText/FontText_7EFA.font.s Fonts/build/GlyphText/FontText_52E2.font.s Fonts/build/GlyphItem/FontItem_772F.font.s Fonts/build/GlyphText/FontText_96CC.font.s Fonts/build/GlyphText/FontText_8785.font.s Fonts/build/GlyphItem/FontItem_658B.font.s Fonts/build/GlyphText/FontText_605D.font.s Fonts/build/GlyphText/FontText_780C.font.s Fonts/build/GlyphItem/FontItem_8E81.font.s Fonts/build/GlyphItem/FontItem_5FDC.font.s Fonts/build/GlyphText/FontText_5047.font.s Fonts/build/GlyphText/FontText_9706.font.s Fonts/build/GlyphText/FontText_3014.font.s Fonts/build/GlyphText/FontText_FF51.font.s Fonts/build/GlyphItem/FontItem_6014.font.s Fonts/build/GlyphText/FontText_00C7.font.s Fonts/build/GlyphItem/FontItem_520E.font.s Fonts/build/GlyphText/FontText_6829.font.s Fonts/build/GlyphText/FontText_533E.font.s Fonts/build/GlyphItem/FontItem_51FD.font.s Fonts/build/GlyphItem/FontItem_6960.font.s Fonts/build/GlyphText/FontText_7EB0.font.s Fonts/build/GlyphItem/FontItem_6886.font.s Fonts/build/GlyphText/FontText_624B.font.s Fonts/build/GlyphItem/FontItem_7EDD.font.s Fonts/build/GlyphItem/FontItem_9010.font.s Fonts/build/GlyphText/FontText_90B6.font.s Fonts/build/GlyphItem/FontItem_84DD.font.s Fonts/build/GlyphItem/FontItem_7DCB.font.s Fonts/build/GlyphItem/FontItem_77ED.font.s Fonts/build/GlyphText/FontText_306D.font.s Fonts/build/GlyphItem/FontItem_8ECE.font.s Fonts/build/GlyphText/FontText_5141.font.s Fonts/build/GlyphText/FontText_6615.font.s Fonts/build/GlyphText/FontText_96E0.font.s Fonts/build/GlyphItem/FontItem_5C04.font.s Fonts/build/GlyphItem/FontItem_6C7A.font.s Fonts/build/GlyphText/FontText_5C59.font.s Fonts/build/GlyphItem/FontItem_88C5.font.s Fonts/build/GlyphItem/FontItem_62CA.font.s Fonts/build/GlyphItem/FontItem_9EDF.font.s Fonts/build/GlyphItem/FontItem_006E.font.s Fonts/build/GlyphItem/FontItem_4E4F.font.s Fonts/build/GlyphText/FontText_30C0.font.s Fonts/build/GlyphText/FontText_6960.font.s Fonts/build/GlyphItem/FontItem_9977.font.s Fonts/build/GlyphItem/FontItem_65C4.font.s Fonts/build/GlyphItem/FontItem_8418.font.s Fonts/build/GlyphItem/FontItem_5A74.font.s Fonts/build/GlyphText/FontText_8234.font.s Fonts/build/GlyphText/FontText_5BAB.font.s Fonts/build/GlyphItem/FontItem_5FCD.font.s Fonts/build/GlyphText/FontText_8839.font.s Fonts/build/GlyphItem/FontItem_7F31.font.s Fonts/build/GlyphText/FontText_86CA.font.s Fonts/build/GlyphText/FontText_99B3.font.s Fonts/build/GlyphItem/FontItem_7459.font.s Fonts/build/GlyphText/FontText_906E.font.s Fonts/build/GlyphItem/FontItem_90F8.font.s Fonts/build/GlyphItem/FontItem_88F4.font.s Fonts/build/GlyphItem/FontItem_641E.font.s Fonts/build/GlyphItem/FontItem_5F90.font.s Fonts/build/GlyphText/FontText_8BB3.font.s Fonts/build/GlyphItem/FontItem_6F20.font.s Fonts/build/GlyphItem/FontItem_82B9.font.s Fonts/build/GlyphText/FontText_94A5.font.s Fonts/build/GlyphText/FontText_65D6.font.s Fonts/build/GlyphItem/FontItem_9649.font.s Fonts/build/GlyphItem/FontItem_7BE6.font.s Fonts/build/GlyphText/FontText_7924.font.s Fonts/build/GlyphItem/FontItem_5782.font.s Fonts/build/GlyphText/FontText_9505.font.s Fonts/build/GlyphItem/FontItem_4F7B.font.s Fonts/build/GlyphItem/FontItem_6EC5.font.s Fonts/build/GlyphText/FontText_5E0C.font.s Fonts/build/GlyphItem/FontItem_8D37.font.s Fonts/build/GlyphText/FontText_62BD.font.s Fonts/build/GlyphItem/FontItem_5B85.font.s Fonts/build/GlyphItem/FontItem_5F88.font.s Fonts/build/GlyphItem/FontItem_6602.font.s Fonts/build/GlyphText/FontText_8BF5.font.s Fonts/build/GlyphText/FontText_6BB3.font.s Fonts/build/GlyphItem/FontItem_70B1.font.s Fonts/build/GlyphItem/FontItem_8D77.font.s Fonts/build/GlyphText/FontText_9EF9.font.s Fonts/build/GlyphText/FontText_8471.font.s Fonts/build/GlyphItem/FontItem_6CB8.font.s Fonts/build/GlyphText/FontText_7F1A.font.s Fonts/build/GlyphItem/FontItem_6CBE.font.s Fonts/build/GlyphText/FontText_8D76.font.s Fonts/build/GlyphText/FontText_9EC4.font.s Fonts/build/GlyphText/FontText_86ED.font.s Fonts/build/GlyphItem/FontItem_559A.font.s Fonts/build/GlyphItem/FontItem_7EB2.font.s Fonts/build/GlyphText/FontText_6073.font.s Fonts/build/GlyphItem/FontItem_874E.font.s Fonts/build/GlyphText/FontText_30EA.font.s Fonts/build/GlyphItem/FontItem_6805.font.s Fonts/build/GlyphText/FontText_7E47.font.s Fonts/build/GlyphText/FontText_500D.font.s Fonts/build/GlyphText/FontText_5811.font.s Fonts/build/GlyphItem/FontItem_6C15.font.s Fonts/build/GlyphText/FontText_9601.font.s Fonts/build/GlyphItem/FontItem_7FBF.font.s Fonts/build/GlyphText/FontText_7F1C.font.s Fonts/build/GlyphText/FontText_7480.font.s Fonts/build/GlyphItem/FontItem_7F0B.font.s Fonts/build/GlyphItem/FontItem_9038.font.s Fonts/build/GlyphItem/FontItem_8098.font.s Fonts/build/GlyphItem/FontItem_9759.font.s Fonts/build/GlyphItem/FontItem_9990.font.s Fonts/build/GlyphItem/FontItem_952D.font.s Fonts/build/GlyphItem/FontItem_897F.font.s Fonts/build/GlyphItem/FontItem_90AC.font.s Fonts/build/GlyphItem/FontItem_9667.font.s Fonts/build/GlyphText/FontText_9540.font.s Fonts/build/GlyphItem/FontItem_8936.font.s Fonts/build/GlyphItem/FontItem_5228.font.s Fonts/build/GlyphText/FontText_8616.font.s Fonts/build/GlyphText/FontText_8C41.font.s Fonts/build/GlyphItem/FontItem_989C.font.s Fonts/build/GlyphItem/FontItem_84C1.font.s Fonts/build/GlyphItem/FontItem_307B.font.s Fonts/build/GlyphText/FontText_8086.font.s Fonts/build/GlyphItem/FontItem_6445.font.s Fonts/build/GlyphItem/FontItem_943E.font.s Fonts/build/GlyphText/FontText_7738.font.s Fonts/build/GlyphText/FontText_853C.font.s Fonts/build/GlyphText/FontText_6D60.font.s Fonts/build/GlyphItem/FontItem_8F93.font.s Fonts/build/GlyphItem/FontItem_7EC7.font.s Fonts/build/GlyphItem/FontItem_00F4.font.s Fonts/build/GlyphItem/FontItem_9569.font.s Fonts/build/GlyphItem/FontItem_87AD.font.s Fonts/build/GlyphText/FontText_76F9.font.s Fonts/build/GlyphText/FontText_8D3A.font.s Fonts/build/GlyphItem/FontItem_9532.font.s Fonts/build/GlyphItem/FontItem_94D7.font.s Fonts/build/GlyphItem/FontItem_90B1.font.s Fonts/build/GlyphText/FontText_505C.font.s Fonts/build/GlyphText/FontText_98E2.font.s Fonts/build/GlyphItem/FontItem_5261.font.s Fonts/build/GlyphItem/FontItem_98AF.font.s Fonts/build/GlyphText/FontText_6CF1.font.s Fonts/build/GlyphItem/FontItem_85E4.font.s Fonts/build/GlyphItem/FontItem_7B49.font.s Fonts/build/GlyphText/FontText_96F0.font.s Fonts/build/GlyphText/FontText_7A0E.font.s Fonts/build/GlyphText/FontText_95F1.font.s Fonts/build/GlyphText/FontText_78A5.font.s Fonts/build/GlyphItem/FontItem_67AF.font.s Fonts/build/GlyphItem/FontItem_00D4.font.s Fonts/build/GlyphItem/FontItem_8FD5.font.s Fonts/build/GlyphText/FontText_55DD.font.s Fonts/build/GlyphText/FontText_8D77.font.s Fonts/build/GlyphItem/FontItem_9B31.font.s Fonts/build/GlyphText/FontText_70AB.font.s Fonts/build/GlyphItem/FontItem_50DA.font.s Fonts/build/GlyphItem/FontItem_645E.font.s Fonts/build/GlyphText/FontText_00FC.font.s Fonts/build/GlyphText/FontText_2500.font.s Fonts/build/GlyphItem/FontItem_690E.font.s Fonts/build/GlyphText/FontText_5E2D.font.s Fonts/build/GlyphText/FontText_8F9C.font.s Fonts/build/GlyphText/FontText_8302.font.s Fonts/build/GlyphItem/FontItem_5BE1.font.s Fonts/build/GlyphItem/FontItem_9610.font.s Fonts/build/GlyphItem/FontItem_6083.font.s Fonts/build/GlyphItem/FontItem_5570.font.s Fonts/build/GlyphText/FontText_5AE3.font.s Fonts/build/GlyphText/FontText_6691.font.s Fonts/build/GlyphItem/FontItem_8288.font.s Fonts/build/GlyphItem/FontItem_8569.font.s Fonts/build/GlyphText/FontText_86BA.font.s Fonts/build/GlyphText/FontText_975E.font.s Fonts/build/GlyphItem/FontItem_9A75.font.s Fonts/build/GlyphText/FontText_8F03.font.s Fonts/build/GlyphText/FontText_8425.font.s Fonts/build/GlyphText/FontText_7CBC.font.s Fonts/build/GlyphItem/FontItem_8428.font.s Fonts/build/GlyphItem/FontItem_9519.font.s Fonts/build/GlyphText/FontText_754C.font.s Fonts/build/GlyphText/FontText_9EBE.font.s Fonts/build/GlyphText/FontText_9890.font.s Fonts/build/GlyphItem/FontItem_6A31.font.s Fonts/build/GlyphItem/FontItem_5EF7.font.s Fonts/build/GlyphText/FontText_94A3.font.s Fonts/build/GlyphText/FontText_7F44.font.s Fonts/build/GlyphItem/FontItem_964B.font.s Fonts/build/GlyphItem/FontItem_5802.font.s Fonts/build/GlyphItem/FontItem_970D.font.s Fonts/build/GlyphText/FontText_6982.font.s Fonts/build/GlyphText/FontText_702C.font.s Fonts/build/GlyphText/FontText_899A.font.s Fonts/build/GlyphItem/FontItem_9785.font.s Fonts/build/GlyphItem/FontItem_67A7.font.s Fonts/build/GlyphItem/FontItem_736C.font.s Fonts/build/GlyphItem/FontItem_6746.font.s Fonts/build/GlyphText/FontText_6849.font.s Fonts/build/GlyphItem/FontItem_7779.font.s Fonts/build/GlyphText/FontText_5784.font.s Fonts/build/GlyphItem/FontItem_8F99.font.s Fonts/build/GlyphItem/FontItem_5747.font.s Fonts/build/GlyphItem/FontItem_94C2.font.s Fonts/build/GlyphItem/FontItem_96D5.font.s Fonts/build/GlyphItem/FontItem_5C64.font.s Fonts/build/GlyphItem/FontItem_6987.font.s Fonts/build/GlyphItem/FontItem_6ED4.font.s Fonts/build/GlyphText/FontText_627F.font.s Fonts/build/GlyphItem/FontItem_4F70.font.s Fonts/build/GlyphItem/FontItem_74E4.font.s Fonts/build/GlyphText/FontText_8559.font.s Fonts/build/GlyphText/FontText_94FD.font.s Fonts/build/GlyphItem/FontItem_9011.font.s Fonts/build/GlyphItem/FontItem_6F31.font.s Fonts/build/GlyphItem/FontItem_8D14.font.s Fonts/build/GlyphText/FontText_7F2D.font.s Fonts/build/GlyphText/FontText_55E3.font.s Fonts/build/GlyphText/FontText_919B.font.s Fonts/build/GlyphItem/FontItem_5639.font.s Fonts/build/GlyphText/FontText_7C98.font.s Fonts/build/GlyphText/FontText_80C6.font.s Fonts/build/GlyphText/FontText_72C2.font.s Fonts/build/GlyphText/FontText_5BFC.font.s Fonts/build/GlyphText/FontText_6019.font.s Fonts/build/GlyphItem/FontItem_9026.font.s Fonts/build/GlyphItem/FontItem_695A.font.s Fonts/build/GlyphItem/FontItem_6D2A.font.s Fonts/build/GlyphItem/FontItem_4F73.font.s Fonts/build/GlyphItem/FontItem_9E20.font.s Fonts/build/GlyphItem/FontItem_9AC2.font.s Fonts/build/GlyphItem/FontItem_64E4.font.s Fonts/build/GlyphText/FontText_605A.font.s Fonts/build/GlyphItem/FontItem_77E2.font.s Fonts/build/GlyphText/FontText_516B.font.s Fonts/build/GlyphText/FontText_8E74.font.s Fonts/build/GlyphText/FontText_7C41.font.s Fonts/build/GlyphText/FontText_4FCF.font.s Fonts/build/GlyphItem/FontItem_6D5E.font.s Fonts/build/GlyphItem/FontItem_740A.font.s Fonts/build/GlyphText/FontText_6773.font.s Fonts/build/GlyphItem/FontItem_00BF.font.s Fonts/build/GlyphText/FontText_4F8F.font.s Fonts/build/GlyphText/FontText_621B.font.s Fonts/build/GlyphItem/FontItem_674C.font.s Fonts/build/GlyphItem/FontItem_7094.font.s Fonts/build/GlyphText/FontText_8C18.font.s Fonts/build/GlyphText/FontText_8B1D.font.s Fonts/build/GlyphItem/FontItem_68DA.font.s Fonts/build/GlyphItem/FontItem_7C97.font.s Fonts/build/GlyphText/FontText_62BF.font.s Fonts/build/GlyphText/FontText_9E55.font.s Fonts/build/GlyphItem/FontItem_7FB9.font.s Fonts/build/GlyphItem/FontItem_6DD6.font.s Fonts/build/GlyphItem/FontItem_71B9.font.s Fonts/build/GlyphText/FontText_7829.font.s Fonts/build/GlyphText/FontText_60B1.font.s Fonts/build/GlyphText/FontText_0057.font.s Fonts/build/GlyphText/FontText_7352.font.s Fonts/build/GlyphText/FontText_8221.font.s Fonts/build/GlyphItem/FontItem_0043.font.s Fonts/build/GlyphText/FontText_6EB4.font.s Fonts/build/GlyphText/FontText_6C06.font.s Fonts/build/GlyphText/FontText_948B.font.s Fonts/build/GlyphText/FontText_8BA1.font.s Fonts/build/GlyphText/FontText_51F6.font.s Fonts/build/GlyphItem/FontItem_5709.font.s Fonts/build/GlyphItem/FontItem_6F6E.font.s Fonts/build/GlyphText/FontText_5360.font.s Fonts/build/GlyphText/FontText_9C8B.font.s Fonts/build/GlyphText/FontText_9636.font.s Fonts/build/GlyphText/FontText_97E7.font.s Fonts/build/GlyphItem/FontItem_30BB.font.s Fonts/build/GlyphText/FontText_5C16.font.s Fonts/build/GlyphItem/FontItem_501F.font.s Fonts/build/GlyphText/FontText_949C.font.s Fonts/build/GlyphText/FontText_8279.font.s Fonts/build/GlyphText/FontText_63EA.font.s Fonts/build/GlyphItem/FontItem_5766.font.s Fonts/build/GlyphText/FontText_745B.font.s Fonts/build/GlyphItem/FontItem_52FE.font.s Fonts/build/GlyphText/FontText_75F4.font.s Fonts/build/GlyphItem/FontItem_4F5C.font.s Fonts/build/GlyphText/FontText_6CF7.font.s Fonts/build/GlyphText/FontText_58A8.font.s Fonts/build/GlyphItem/FontItem_4F0A.font.s Fonts/build/GlyphItem/FontItem_00DF.font.s Fonts/build/GlyphText/FontText_59D4.font.s Fonts/build/GlyphItem/FontItem_4F55.font.s Fonts/build/GlyphText/FontText_9176.font.s Fonts/build/GlyphItem/FontItem_91B4.font.s Fonts/build/GlyphText/FontText_512A.font.s Fonts/build/GlyphText/FontText_62E1.font.s Fonts/build/GlyphText/FontText_00CA.font.s Fonts/build/GlyphText/FontText_6B53.font.s Fonts/build/GlyphText/FontText_620B.font.s Fonts/build/GlyphText/FontText_8080.font.s Fonts/build/GlyphText/FontText_8BC4.font.s Fonts/build/GlyphText/FontText_8BA3.font.s Fonts/build/GlyphItem/FontItem_725F.font.s Fonts/build/GlyphItem/FontItem_9E48.font.s Fonts/build/GlyphText/FontText_82B0.font.s Fonts/build/GlyphItem/FontItem_8F9E.font.s Fonts/build/GlyphItem/FontItem_88B1.font.s Fonts/build/GlyphText/FontText_30AF.font.s Fonts/build/GlyphText/FontText_86CD.font.s Fonts/build/GlyphItem/FontItem_6BD5.font.s Fonts/build/GlyphText/FontText_3055.font.s Fonts/build/GlyphItem/FontItem_81AA.font.s Fonts/build/GlyphText/FontText_9E51.font.s Fonts/build/GlyphText/FontText_7EBA.font.s Fonts/build/GlyphText/FontText_54FD.font.s Fonts/build/GlyphText/FontText_55B0.font.s Fonts/build/GlyphItem/FontItem_5A18.font.s Fonts/build/GlyphText/FontText_5F5D.font.s Fonts/build/GlyphText/FontText_60D8.font.s Fonts/build/GlyphText/FontText_9546.font.s Fonts/build/GlyphText/FontText_6C90.font.s Fonts/build/GlyphText/FontText_6D2B.font.s Fonts/build/GlyphText/FontText_6444.font.s Fonts/build/GlyphText/FontText_53C2.font.s Fonts/build/GlyphText/FontText_7B97.font.s Fonts/build/GlyphItem/FontItem_5B9B.font.s Fonts/build/GlyphItem/FontItem_5FFB.font.s Fonts/build/GlyphItem/FontItem_5C3E.font.s Fonts/build/GlyphText/FontText_7BDD.font.s Fonts/build/GlyphItem/FontItem_69B1.font.s Fonts/build/GlyphItem/FontItem_74E0.font.s Fonts/build/GlyphText/FontText_6006.font.s Fonts/build/GlyphText/FontText_7504.font.s Fonts/build/GlyphItem/FontItem_5E42.font.s Fonts/build/GlyphText/FontText_5805.font.s Fonts/build/GlyphItem/FontItem_8350.font.s Fonts/build/GlyphItem/FontItem_6920.font.s Fonts/build/GlyphItem/FontItem_96A0.font.s Fonts/build/GlyphText/FontText_5494.font.s Fonts/build/GlyphItem/FontItem_5E10.font.s Fonts/build/GlyphItem/FontItem_6EF4.font.s Fonts/build/GlyphText/FontText_5608.font.s Fonts/build/GlyphText/FontText_6D7C.font.s Fonts/build/GlyphText/FontText_5413.font.s Fonts/build/GlyphText/FontText_96F7.font.s Fonts/build/GlyphItem/FontItem_FF12.font.s Fonts/build/GlyphText/FontText_7693.font.s Fonts/build/GlyphText/FontText_800B.font.s Fonts/build/GlyphText/FontText_00FD.font.s Fonts/build/GlyphItem/FontItem_80DA.font.s Fonts/build/GlyphText/FontText_7EE7.font.s Fonts/build/GlyphItem/FontItem_8302.font.s Fonts/build/GlyphItem/FontItem_8882.font.s Fonts/build/GlyphItem/FontItem_7EC1.font.s Fonts/build/GlyphText/FontText_8CED.font.s Fonts/build/GlyphItem/FontItem_6566.font.s Fonts/build/GlyphItem/FontItem_6B8A.font.s Fonts/build/GlyphItem/FontItem_6E38.font.s Fonts/build/GlyphItem/FontItem_7FB0.font.s Fonts/build/GlyphText/FontText_8C03.font.s Fonts/build/GlyphText/FontText_62A8.font.s Fonts/build/GlyphItem/FontItem_69E0.font.s Fonts/build/GlyphItem/FontItem_9EDD.font.s Fonts/build/GlyphText/FontText_9648.font.s Fonts/build/GlyphText/FontText_72D2.font.s Fonts/build/GlyphText/FontText_9EFB.font.s Fonts/build/GlyphText/FontText_7EC9.font.s Fonts/build/GlyphText/FontText_804C.font.s Fonts/build/GlyphText/FontText_9A90.font.s Fonts/build/GlyphItem/FontItem_9053.font.s Fonts/build/GlyphItem/FontItem_9E29.font.s Fonts/build/GlyphText/FontText_4E13.font.s Fonts/build/GlyphText/FontText_2014.font.s Fonts/build/GlyphText/FontText_9E64.font.s Fonts/build/GlyphItem/FontItem_763E.font.s Fonts/build/GlyphText/FontText_620E.font.s Fonts/build/GlyphItem/FontItem_827D.font.s Fonts/build/GlyphItem/FontItem_7A81.font.s Fonts/build/GlyphText/FontText_755B.font.s Fonts/build/GlyphItem/FontItem_661F.font.s Fonts/build/GlyphText/FontText_5960.font.s Fonts/build/GlyphText/FontText_8148.font.s Fonts/build/GlyphText/FontText_8BF7.font.s Fonts/build/GlyphItem/FontItem_75FF.font.s Fonts/build/GlyphText/FontText_755C.font.s Fonts/build/GlyphText/FontText_6191.font.s Fonts/build/GlyphText/FontText_6CA1.font.s Fonts/build/GlyphText/FontText_5023.font.s Fonts/build/GlyphItem/FontItem_5996.font.s Fonts/build/GlyphItem/FontItem_77D7.font.s Fonts/build/GlyphText/FontText_7554.font.s Fonts/build/GlyphText/FontText_8F8A.font.s Fonts/build/GlyphItem/FontItem_8854.font.s Fonts/build/GlyphText/FontText_86D9.font.s Fonts/build/GlyphText/FontText_6387.font.s Fonts/build/GlyphItem/FontItem_5466.font.s Fonts/build/GlyphText/FontText_9E70.font.s Fonts/build/GlyphText/FontText_867E.font.s Fonts/build/GlyphItem/FontItem_8FDB.font.s Fonts/build/GlyphText/FontText_30A8.font.s Fonts/build/GlyphItem/FontItem_82B8.font.s Fonts/build/GlyphItem/FontItem_8F95.font.s Fonts/build/GlyphItem/FontItem_50A3.font.s Fonts/build/GlyphItem/FontItem_80AD.font.s Fonts/build/GlyphItem/FontItem_8840.font.s Fonts/build/GlyphItem/FontItem_6043.font.s Fonts/build/GlyphItem/FontItem_00C1.font.s Fonts/build/GlyphText/FontText_8469.font.s Fonts/build/GlyphItem/FontItem_748E.font.s Fonts/build/GlyphItem/FontItem_5269.font.s Fonts/build/GlyphText/FontText_6E4E.font.s Fonts/build/GlyphItem/FontItem_594B.font.s Fonts/build/GlyphItem/FontItem_6349.font.s Fonts/build/GlyphText/FontText_7AF9.font.s Fonts/build/GlyphText/FontText_300B.font.s Fonts/build/GlyphText/FontText_607D.font.s Fonts/build/GlyphText/FontText_8363.font.s Fonts/build/GlyphItem/FontItem_6EB7.font.s Fonts/build/GlyphText/FontText_9F2F.font.s Fonts/build/GlyphItem/FontItem_FF4E.font.s Fonts/build/GlyphText/FontText_68DA.font.s Fonts/build/GlyphItem/FontItem_5577.font.s Fonts/build/GlyphItem/FontItem_83DF.font.s Fonts/build/GlyphText/FontText_5CA9.font.s Fonts/build/GlyphText/FontText_5C53.font.s Fonts/build/GlyphItem/FontItem_30CC.font.s Fonts/build/GlyphItem/FontItem_5170.font.s Fonts/build/GlyphItem/FontItem_6094.font.s Fonts/build/GlyphText/FontText_5BDB.font.s Fonts/build/GlyphText/FontText_5B9F.font.s Fonts/build/GlyphItem/FontItem_70B3.font.s Fonts/build/GlyphText/FontText_825A.font.s Fonts/build/GlyphText/FontText_00C8.font.s Fonts/build/GlyphItem/FontItem_660F.font.s Fonts/build/GlyphItem/FontItem_580B.font.s Fonts/build/GlyphText/FontText_9F80.font.s Fonts/build/GlyphItem/FontItem_759F.font.s Fonts/build/GlyphText/FontText_9E39.font.s Fonts/build/GlyphItem/FontItem_6D44.font.s Fonts/build/GlyphItem/FontItem_6855.font.s Fonts/build/GlyphItem/FontItem_94BF.font.s Fonts/build/GlyphItem/FontItem_601D.font.s Fonts/build/GlyphText/FontText_00F0.font.s Fonts/build/GlyphItem/FontItem_6FD8.font.s Fonts/build/GlyphText/FontText_8E39.font.s Fonts/build/GlyphItem/FontItem_78A3.font.s Fonts/build/GlyphItem/FontItem_85AE.font.s Fonts/build/GlyphItem/FontItem_59FB.font.s Fonts/build/GlyphText/FontText_94BA.font.s Fonts/build/GlyphText/FontText_7EDD.font.s Fonts/build/GlyphItem/FontItem_6865.font.s Fonts/build/GlyphText/FontText_8783.font.s Fonts/build/GlyphItem/FontItem_560E.font.s Fonts/build/GlyphItem/FontItem_7E6B.font.s Fonts/build/GlyphItem/FontItem_6441.font.s Fonts/build/GlyphItem/FontItem_6636.font.s Fonts/build/GlyphItem/FontItem_827F.font.s Fonts/build/GlyphText/FontText_FF41.font.s Fonts/build/GlyphText/FontText_5706.font.s Fonts/build/GlyphItem/FontItem_8BDD.font.s Fonts/build/GlyphText/FontText_634E.font.s Fonts/build/GlyphText/FontText_6167.font.s Fonts/build/GlyphText/FontText_96A3.font.s Fonts/build/GlyphText/FontText_94A9.font.s Fonts/build/GlyphItem/FontItem_4E1B.font.s Fonts/build/GlyphText/FontText_637B.font.s Fonts/build/GlyphItem/FontItem_9994.font.s Fonts/build/GlyphText/FontText_5FCF.font.s Fonts/build/GlyphText/FontText_6D85.font.s Fonts/build/GlyphItem/FontItem_7F74.font.s Fonts/build/GlyphText/FontText_72F4.font.s Fonts/build/GlyphItem/FontItem_87C0.font.s Fonts/build/GlyphItem/FontItem_70C1.font.s Fonts/build/GlyphText/FontText_94F5.font.s Fonts/build/GlyphText/FontText_795A.font.s Fonts/build/GlyphText/FontText_716E.font.s Fonts/build/GlyphItem/FontItem_95F2.font.s Fonts/build/GlyphText/FontText_783E.font.s Fonts/build/GlyphText/FontText_6634.font.s Fonts/build/GlyphItem/FontItem_4F3C.font.s Fonts/build/GlyphItem/FontItem_575C.font.s Fonts/build/GlyphText/FontText_3068.font.s Fonts/build/GlyphText/FontText_5170.font.s Fonts/build/GlyphItem/FontItem_00ED.font.s Fonts/build/GlyphText/FontText_8022.font.s Fonts/build/GlyphItem/FontItem_5E2B.font.s Fonts/build/GlyphItem/FontItem_8BB2.font.s Fonts/build/GlyphText/FontText_6C1F.font.s Fonts/build/GlyphText/FontText_4EFB.font.s Fonts/build/GlyphItem/FontItem_620D.font.s Fonts/build/GlyphText/FontText_9031.font.s Fonts/build/GlyphItem/FontItem_82D1.font.s Fonts/build/GlyphItem/FontItem_82A8.font.s Fonts/build/GlyphText/FontText_5541.font.s Fonts/build/GlyphItem/FontItem_759D.font.s Fonts/build/GlyphItem/FontItem_4E71.font.s Fonts/build/GlyphItem/FontItem_8FC1.font.s Fonts/build/GlyphText/FontText_77AC.font.s Fonts/build/GlyphText/FontText_70B8.font.s Fonts/build/GlyphText/FontText_6534.font.s Fonts/build/GlyphText/FontText_57B4.font.s Fonts/build/GlyphItem/FontItem_841C.font.s Fonts/build/GlyphItem/FontItem_83D3.font.s Fonts/build/GlyphItem/FontItem_97B2.font.s Fonts/build/GlyphText/FontText_8239.font.s Fonts/build/GlyphText/FontText_6BB7.font.s Fonts/build/GlyphText/FontText_307E.font.s Fonts/build/GlyphItem/FontItem_7847.font.s Fonts/build/GlyphItem/FontItem_8BD6.font.s Fonts/build/GlyphItem/FontItem_4E3A.font.s Fonts/build/GlyphItem/FontItem_6363.font.s Fonts/build/GlyphItem/FontItem_83B3.font.s Fonts/build/GlyphItem/FontItem_67AA.font.s Fonts/build/GlyphItem/FontItem_6FB6.font.s Fonts/build/GlyphItem/FontItem_50AD.font.s Fonts/build/GlyphText/FontText_4EA2.font.s Fonts/build/GlyphItem/FontItem_9B41.font.s Fonts/build/GlyphText/FontText_55EA.font.s Fonts/build/GlyphItem/FontItem_646F.font.s Fonts/build/GlyphItem/FontItem_0022.font.s Fonts/build/GlyphItem/FontItem_7B80.font.s Fonts/build/GlyphItem/FontItem_7C73.font.s Fonts/build/GlyphItem/FontItem_7D50.font.s Fonts/build/GlyphText/FontText_5200.font.s Fonts/build/GlyphText/FontText_8BA4.font.s Fonts/build/GlyphText/FontText_93CA.font.s Fonts/build/GlyphItem/FontItem_6055.font.s Fonts/build/GlyphItem/FontItem_7F9E.font.s Fonts/build/GlyphText/FontText_7688.font.s Fonts/build/GlyphText/FontText_30ED.font.s Fonts/build/GlyphItem/FontItem_8457.font.s Fonts/build/GlyphText/FontText_3077.font.s Fonts/build/GlyphText/FontText_7338.font.s Fonts/build/GlyphText/FontText_3067.font.s Fonts/build/GlyphItem/FontItem_9EEF.font.s Fonts/build/GlyphText/FontText_9B54.font.s Fonts/build/GlyphItem/FontItem_60C5.font.s Fonts/build/GlyphText/FontText_54D1.font.s Fonts/build/GlyphText/FontText_7AE3.font.s Fonts/build/GlyphText/FontText_84BC.font.s Fonts/build/GlyphText/FontText_881B.font.s Fonts/build/GlyphText/FontText_0051.font.s Fonts/build/GlyphText/FontText_65F0.font.s Fonts/build/GlyphItem/FontItem_6D4D.font.s Fonts/build/GlyphText/FontText_94E9.font.s Fonts/build/GlyphText/FontText_64B0.font.s Fonts/build/GlyphItem/FontItem_8BA8.font.s Fonts/build/GlyphItem/FontItem_7EBD.font.s Fonts/build/GlyphText/FontText_5029.font.s Fonts/build/GlyphText/FontText_007A.font.s Fonts/build/GlyphItem/FontItem_6539.font.s Fonts/build/GlyphItem/FontItem_5B34.font.s Fonts/build/GlyphText/FontText_80FD.font.s Fonts/build/GlyphText/FontText_86D8.font.s Fonts/build/GlyphItem/FontItem_7704.font.s Fonts/build/GlyphItem/FontItem_75BD.font.s Fonts/build/GlyphText/FontText_8F6C.font.s Fonts/build/GlyphItem/FontItem_76D1.font.s Fonts/build/GlyphText/FontText_5288.font.s Fonts/build/GlyphText/FontText_589F.font.s Fonts/build/GlyphText/FontText_00F1.font.s Fonts/build/GlyphText/FontText_4EE4.font.s Fonts/build/GlyphItem/FontItem_9E8B.font.s Fonts/build/GlyphText/FontText_8D74.font.s Fonts/build/GlyphText/FontText_8BA6.font.s Fonts/build/GlyphText/FontText_8C6A.font.s Fonts/build/GlyphText/FontText_51D1.font.s Fonts/build/GlyphText/FontText_8F7B.font.s Fonts/build/GlyphItem/FontItem_8FB9.font.s Fonts/build/GlyphText/FontText_8074.font.s Fonts/build/GlyphText/FontText_9AD1.font.s Fonts/build/GlyphItem/FontItem_8174.font.s Fonts/build/GlyphText/FontText_502D.font.s Fonts/build/GlyphText/FontText_85D0.font.s Fonts/build/GlyphText/FontText_9A96.font.s Fonts/build/GlyphText/FontText_947D.font.s Fonts/build/GlyphText/FontText_4E36.font.s Fonts/build/GlyphText/FontText_5B64.font.s Fonts/build/GlyphItem/FontItem_8F81.font.s Fonts/build/GlyphText/FontText_8A3E.font.s Fonts/build/GlyphText/FontText_71E7.font.s Fonts/build/GlyphItem/FontItem_4E0B.font.s Fonts/build/GlyphText/FontText_6F31.font.s Fonts/build/GlyphItem/FontItem_30F4.font.s Fonts/build/GlyphText/FontText_9879.font.s Fonts/build/GlyphText/FontText_60DA.font.s Fonts/build/GlyphText/FontText_5CB3.font.s Fonts/build/GlyphItem/FontItem_732A.font.s Fonts/build/GlyphItem/FontItem_6B43.font.s Fonts/build/GlyphText/FontText_86C0.font.s Fonts/build/GlyphText/FontText_827A.font.s Fonts/build/GlyphItem/FontItem_6664.font.s Fonts/build/GlyphItem/FontItem_5454.font.s Fonts/build/GlyphText/FontText_59C9.font.s Fonts/build/GlyphText/FontText_0068.font.s Fonts/build/GlyphItem/FontItem_8170.font.s Fonts/build/GlyphItem/FontItem_7A95.font.s Fonts/build/GlyphText/FontText_706C.font.s Fonts/build/GlyphItem/FontItem_625B.font.s Fonts/build/GlyphText/FontText_6D3C.font.s Fonts/build/GlyphItem/FontItem_FF1D.font.s Fonts/build/GlyphItem/FontItem_7EE5.font.s Fonts/build/GlyphItem/FontItem_5029.font.s Fonts/build/GlyphItem/FontItem_003D.font.s Fonts/build/GlyphItem/FontItem_5373.font.s Fonts/build/GlyphText/FontText_8204.font.s Fonts/build/GlyphText/FontText_6389.font.s Fonts/build/GlyphText/FontText_95A2.font.s Fonts/build/GlyphItem/FontItem_8D3B.font.s Fonts/build/GlyphItem/FontItem_5965.font.s Fonts/build/GlyphText/FontText_6170.font.s Fonts/build/GlyphText/FontText_5345.font.s Fonts/build/GlyphItem/FontItem_5BB5.font.s Fonts/build/GlyphItem/FontItem_75EA.font.s Fonts/build/GlyphItem/FontItem_8BCD.font.s Fonts/build/GlyphText/FontText_736D.font.s Fonts/build/GlyphText/FontText_5567.font.s Fonts/build/GlyphItem/FontItem_7F45.font.s Fonts/build/GlyphText/FontText_5C34.font.s Fonts/build/GlyphItem/FontItem_5786.font.s Fonts/build/GlyphText/FontText_795C.font.s Fonts/build/GlyphText/FontText_4F27.font.s Fonts/build/GlyphItem/FontItem_94B4.font.s Fonts/build/GlyphText/FontText_538C.font.s Fonts/build/GlyphText/FontText_7ECE.font.s Fonts/build/GlyphText/FontText_7596.font.s Fonts/build/GlyphText/FontText_002C.font.s Fonts/build/GlyphText/FontText_8037.font.s Fonts/build/GlyphText/FontText_0431.font.s Fonts/build/GlyphItem/FontItem_778E.font.s Fonts/build/GlyphText/FontText_9E9D.font.s Fonts/build/GlyphItem/FontItem_508D.font.s Fonts/build/GlyphText/FontText_8E3A.font.s Fonts/build/GlyphItem/FontItem_8BDE.font.s Fonts/build/GlyphItem/FontItem_30E8.font.s Fonts/build/GlyphItem/FontItem_8C05.font.s Fonts/build/GlyphText/FontText_6E85.font.s Fonts/build/GlyphText/FontText_8693.font.s Fonts/build/GlyphText/FontText_8069.font.s Fonts/build/GlyphItem/FontItem_91D1.font.s Fonts/build/GlyphItem/FontItem_916A.font.s Fonts/build/GlyphItem/FontItem_96E9.font.s Fonts/build/GlyphText/FontText_51C7.font.s Fonts/build/GlyphItem/FontItem_201C.font.s Fonts/build/GlyphItem/FontItem_5947.font.s Fonts/build/GlyphText/FontText_92ED.font.s Fonts/build/GlyphText/FontText_FF57.font.s Fonts/build/GlyphItem/FontItem_9B42.font.s Fonts/build/GlyphText/FontText_866E.font.s Fonts/build/GlyphText/FontText_789A.font.s Fonts/build/GlyphItem/FontItem_9518.font.s Fonts/build/GlyphItem/FontItem_5315.font.s Fonts/build/GlyphItem/FontItem_972A.font.s Fonts/build/GlyphText/FontText_84D6.font.s Fonts/build/GlyphText/FontText_8016.font.s Fonts/build/GlyphItem/FontItem_82CA.font.s Fonts/build/GlyphItem/FontItem_6289.font.s Fonts/build/GlyphText/FontText_6252.font.s Fonts/build/GlyphItem/FontItem_4F01.font.s Fonts/build/GlyphItem/FontItem_9F39.font.s Fonts/build/GlyphItem/FontItem_9566.font.s Fonts/build/GlyphItem/FontItem_57B2.font.s Fonts/build/GlyphItem/FontItem_94C1.font.s Fonts/build/GlyphItem/FontItem_540F.font.s Fonts/build/GlyphItem/FontItem_97E7.font.s Fonts/build/GlyphItem/FontItem_7EA0.font.s Fonts/build/GlyphItem/FontItem_7313.font.s Fonts/build/GlyphItem/FontItem_5E84.font.s Fonts/build/GlyphText/FontText_70C3.font.s Fonts/build/GlyphText/FontText_30A5.font.s Fonts/build/GlyphText/FontText_8638.font.s Fonts/build/GlyphItem/FontItem_9E3E.font.s Fonts/build/GlyphItem/FontItem_8069.font.s Fonts/build/GlyphText/FontText_8F69.font.s Fonts/build/GlyphText/FontText_7F04.font.s Fonts/build/GlyphText/FontText_5B9D.font.s Fonts/build/GlyphText/FontText_50E7.font.s Fonts/build/GlyphText/FontText_578C.font.s Fonts/build/GlyphText/FontText_73C8.font.s Fonts/build/GlyphItem/FontItem_8FEE.font.s Fonts/build/GlyphItem/FontItem_7B19.font.s Fonts/build/GlyphItem/FontItem_899A.font.s Fonts/build/GlyphItem/FontItem_8D29.font.s Fonts/build/GlyphText/FontText_86F9.font.s Fonts/build/GlyphText/FontText_7834.font.s Fonts/build/GlyphItem/FontItem_6861.font.s Fonts/build/GlyphText/FontText_725F.font.s Fonts/build/GlyphText/FontText_00C2.font.s Fonts/build/GlyphItem/FontItem_305F.font.s Fonts/build/GlyphItem/FontItem_7EA4.font.s Fonts/build/GlyphText/FontText_5151.font.s Fonts/build/GlyphItem/FontItem_94A3.font.s Fonts/build/GlyphItem/FontItem_7085.font.s Fonts/build/GlyphText/FontText_67F1.font.s Fonts/build/GlyphItem/FontItem_94CA.font.s Fonts/build/GlyphText/FontText_73AF.font.s Fonts/build/GlyphText/FontText_7F11.font.s Fonts/build/GlyphText/FontText_6BB4.font.s Fonts/build/GlyphItem/FontItem_9CB5.font.s Fonts/build/GlyphText/FontText_7470.font.s Fonts/build/GlyphItem/FontItem_94E7.font.s Fonts/build/GlyphItem/FontItem_5D06.font.s Fonts/build/GlyphItem/FontItem_7076.font.s Fonts/build/GlyphText/FontText_7ED4.font.s Fonts/build/GlyphText/FontText_5B6B.font.s Fonts/build/GlyphText/FontText_5C40.font.s Fonts/build/GlyphText/FontText_FF1A.font.s Fonts/build/GlyphText/FontText_5B71.font.s Fonts/build/GlyphItem/FontItem_9A7D.font.s Fonts/build/GlyphItem/FontItem_65F1.font.s Fonts/build/GlyphItem/FontItem_7A3C.font.s Fonts/build/GlyphItem/FontItem_7BA1.font.s Fonts/build/GlyphItem/FontItem_62C5.font.s Fonts/build/GlyphText/FontText_7EED.font.s Fonts/build/GlyphText/FontText_664C.font.s Fonts/build/GlyphItem/FontItem_5361.font.s Fonts/build/GlyphText/FontText_80C3.font.s Fonts/build/GlyphItem/FontItem_6795.font.s Fonts/build/GlyphItem/FontItem_8A9E.font.s Fonts/build/GlyphText/FontText_72B0.font.s Fonts/build/GlyphText/FontText_5F7B.font.s Fonts/build/GlyphText/FontText_8C26.font.s Fonts/build/GlyphText/FontText_8D24.font.s Fonts/build/GlyphText/FontText_76C8.font.s Fonts/build/GlyphText/FontText_8D30.font.s Fonts/build/GlyphText/FontText_4E4C.font.s Fonts/build/GlyphText/FontText_900B.font.s Fonts/build/GlyphItem/FontItem_7B06.font.s Fonts/build/GlyphItem/FontItem_954A.font.s Fonts/build/GlyphText/FontText_653E.font.s Fonts/build/GlyphText/FontText_80A0.font.s Fonts/build/GlyphText/FontText_5455.font.s Fonts/build/GlyphText/FontText_0037.font.s Fonts/build/GlyphItem/FontItem_795F.font.s Fonts/build/GlyphItem/FontItem_750F.font.s Fonts/build/GlyphText/FontText_6F01.font.s Fonts/build/GlyphText/FontText_7C7B.font.s Fonts/build/GlyphItem/FontItem_94D2.font.s Fonts/build/GlyphText/FontText_6790.font.s Fonts/build/GlyphText/FontText_304C.font.s Fonts/build/GlyphText/FontText_5E55.font.s Fonts/build/GlyphText/FontText_54CC.font.s Fonts/build/GlyphText/FontText_8770.font.s Fonts/build/GlyphItem/FontItem_9095.font.s Fonts/build/GlyphText/FontText_7C74.font.s Fonts/build/GlyphItem/FontItem_6151.font.s Fonts/build/GlyphText/FontText_830C.font.s Fonts/build/GlyphItem/FontItem_8025.font.s Fonts/build/GlyphText/FontText_81C3.font.s Fonts/build/GlyphText/FontText_713C.font.s Fonts/build/GlyphItem/FontItem_88DF.font.s Fonts/build/GlyphItem/FontItem_0063.font.s Fonts/build/GlyphItem/FontItem_7303.font.s Fonts/build/GlyphText/FontText_4FBF.font.s Fonts/build/GlyphItem/FontItem_7F21.font.s Fonts/build/GlyphText/FontText_5E76.font.s Fonts/build/GlyphText/FontText_5B75.font.s Fonts/build/GlyphText/FontText_635E.font.s Fonts/build/GlyphText/FontText_80BF.font.s Fonts/build/GlyphItem/FontItem_6E5B.font.s Fonts/build/GlyphItem/FontItem_74F7.font.s Fonts/build/GlyphText/FontText_695E.font.s Fonts/build/GlyphText/FontText_5727.font.s Fonts/build/GlyphItem/FontItem_6DF3.font.s Fonts/build/GlyphText/FontText_7284.font.s Fonts/build/GlyphText/FontText_7B28.font.s Fonts/build/GlyphItem/FontItem_6C24.font.s Fonts/build/GlyphText/FontText_8BCB.font.s Fonts/build/GlyphItem/FontItem_67C3.font.s Fonts/build/GlyphItem/FontItem_829F.font.s Fonts/build/GlyphItem/FontItem_7C95.font.s Fonts/build/GlyphText/FontText_80B2.font.s Fonts/build/GlyphItem/FontItem_8FED.font.s Fonts/build/GlyphText/FontText_699B.font.s Fonts/build/GlyphText/FontText_932F.font.s Fonts/build/GlyphItem/FontItem_90F7.font.s Fonts/build/GlyphItem/FontItem_5BB4.font.s Fonts/build/GlyphText/FontText_89F3.font.s Fonts/build/GlyphItem/FontItem_8403.font.s Fonts/build/GlyphItem/FontItem_6742.font.s Fonts/build/GlyphText/FontText_5AB3.font.s Fonts/build/GlyphItem/FontItem_8793.font.s Fonts/build/GlyphText/FontText_552C.font.s Fonts/build/GlyphItem/FontItem_6613.font.s Fonts/build/GlyphItem/FontItem_525C.font.s Fonts/build/GlyphText/FontText_6F5C.font.s Fonts/build/GlyphItem/FontItem_7EF4.font.s Fonts/build/GlyphItem/FontItem_5199.font.s Fonts/build/GlyphText/FontText_6F89.font.s Fonts/build/GlyphItem/FontItem_4F74.font.s Fonts/build/GlyphItem/FontItem_747E.font.s Fonts/build/GlyphItem/FontItem_675F.font.s Fonts/build/GlyphItem/FontItem_95F7.font.s Fonts/build/GlyphItem/FontItem_54A3.font.s Fonts/build/GlyphText/FontText_533F.font.s Fonts/build/GlyphItem/FontItem_5E55.font.s Fonts/build/GlyphText/FontText_6BF3.font.s Fonts/build/GlyphItem/FontItem_98A8.font.s Fonts/build/GlyphItem/FontItem_55C5.font.s Fonts/build/GlyphText/FontText_8CBF.font.s Fonts/build/GlyphItem/FontItem_6F7A.font.s Fonts/build/GlyphItem/FontItem_8180.font.s Fonts/build/GlyphText/FontText_5DDE.font.s Fonts/build/GlyphText/FontText_30AC.font.s Fonts/build/GlyphText/FontText_9E26.font.s Fonts/build/GlyphText/FontText_94CA.font.s Fonts/build/GlyphText/FontText_82D7.font.s Fonts/build/GlyphItem/FontItem_6026.font.s Fonts/build/GlyphItem/FontItem_6F2D.font.s Fonts/build/GlyphText/FontText_8C94.font.s Fonts/build/GlyphText/FontText_5919.font.s Fonts/build/GlyphItem/FontItem_4FDE.font.s Fonts/build/GlyphText/FontText_53CD.font.s Fonts/build/GlyphItem/FontItem_7DDA.font.s Fonts/build/GlyphItem/FontItem_5DB7.font.s Fonts/build/GlyphText/FontText_53E0.font.s Fonts/build/GlyphItem/FontItem_52B9.font.s Fonts/build/GlyphItem/FontItem_8CED.font.s Fonts/build/GlyphText/FontText_8333.font.s Fonts/build/GlyphText/FontText_738B.font.s Fonts/build/GlyphItem/FontItem_9884.font.s Fonts/build/GlyphItem/FontItem_6CBB.font.s Fonts/build/GlyphText/FontText_5150.font.s Fonts/build/GlyphText/FontText_576A.font.s Fonts/build/GlyphText/FontText_4EF3.font.s Fonts/build/GlyphItem/FontItem_8C11.font.s Fonts/build/GlyphItem/FontItem_008C.font.s Fonts/build/GlyphItem/FontItem_501A.font.s Fonts/build/GlyphText/FontText_6B32.font.s Fonts/build/GlyphItem/FontItem_835B.font.s Fonts/build/GlyphItem/FontItem_5236.font.s Fonts/build/GlyphText/FontText_8102.font.s Fonts/build/GlyphItem/FontItem_975B.font.s Fonts/build/GlyphItem/FontItem_8D34.font.s Fonts/build/GlyphText/FontText_7490.font.s Fonts/build/GlyphText/FontText_73D1.font.s Fonts/build/GlyphText/FontText_6E24.font.s Fonts/build/GlyphItem/FontItem_672F.font.s Fonts/build/GlyphText/FontText_9818.font.s Fonts/build/GlyphText/FontText_81C1.font.s Fonts/build/GlyphText/FontText_9099.font.s Fonts/build/GlyphText/FontText_8CA7.font.s Fonts/build/GlyphItem/FontItem_8FE2.font.s Fonts/build/GlyphItem/FontItem_5EA0.font.s Fonts/build/GlyphText/FontText_8BCA.font.s Fonts/build/GlyphText/FontText_56D4.font.s Fonts/build/GlyphItem/FontItem_5865.font.s Fonts/build/GlyphText/FontText_8AD6.font.s Fonts/build/GlyphText/FontText_5FCD.font.s Fonts/build/GlyphText/FontText_9A81.font.s Fonts/build/GlyphText/FontText_3093.font.s Fonts/build/GlyphText/FontText_7B0B.font.s Fonts/build/GlyphText/FontText_8846.font.s Fonts/build/GlyphItem/FontItem_96A7.font.s Fonts/build/GlyphText/FontText_814B.font.s Fonts/build/GlyphText/FontText_79EF.font.s Fonts/build/GlyphText/FontText_7852.font.s Fonts/build/GlyphText/FontText_30D2.font.s Fonts/build/GlyphText/FontText_6C55.font.s Fonts/build/GlyphText/FontText_5580.font.s Fonts/build/GlyphText/FontText_6D4A.font.s Fonts/build/GlyphItem/FontItem_7432.font.s Fonts/build/GlyphItem/FontItem_68D2.font.s Fonts/build/GlyphText/FontText_840B.font.s Fonts/build/GlyphItem/FontItem_5FB4.font.s Fonts/build/GlyphText/FontText_5CE8.font.s Fonts/build/GlyphText/FontText_00B7.font.s Fonts/build/GlyphItem/FontItem_4F38.font.s Fonts/build/GlyphText/FontText_830F.font.s Fonts/build/GlyphItem/FontItem_9AC5.font.s Fonts/build/GlyphItem/FontItem_5C98.font.s Fonts/build/GlyphItem/FontItem_8E41.font.s Fonts/build/GlyphItem/FontItem_67C1.font.s Fonts/build/GlyphItem/FontItem_8404.font.s Fonts/build/GlyphItem/FontItem_7F5F.font.s Fonts/build/GlyphText/FontText_62D0.font.s Fonts/build/GlyphText/FontText_4F63.font.s Fonts/build/GlyphItem/FontItem_638F.font.s Fonts/build/GlyphItem/FontItem_7011.font.s Fonts/build/GlyphText/FontText_566B.font.s Fonts/build/GlyphText/FontText_6877.font.s Fonts/build/GlyphItem/FontItem_6BB3.font.s Fonts/build/GlyphText/FontText_8274.font.s Fonts/build/GlyphText/FontText_68FC.font.s Fonts/build/GlyphItem/FontItem_5636.font.s Fonts/build/GlyphItem/FontItem_94E9.font.s Fonts/build/GlyphText/FontText_5206.font.s Fonts/build/GlyphItem/FontItem_6B92.font.s Fonts/build/GlyphText/FontText_7E3E.font.s Fonts/build/GlyphText/FontText_53B6.font.s Fonts/build/GlyphText/FontText_5D1E.font.s Fonts/build/GlyphText/FontText_6F8C.font.s Fonts/build/GlyphText/FontText_4F0D.font.s Fonts/build/GlyphText/FontText_4EAB.font.s Fonts/build/GlyphText/FontText_8305.font.s Fonts/build/GlyphText/FontText_005B.font.s Fonts/build/GlyphItem/FontItem_FF18.font.s Fonts/build/GlyphItem/FontItem_5618.font.s Fonts/build/GlyphText/FontText_63CF.font.s Fonts/build/GlyphText/FontText_7096.font.s Fonts/build/GlyphItem/FontItem_8C37.font.s Fonts/build/GlyphItem/FontItem_FF46.font.s Fonts/build/GlyphItem/FontItem_5E05.font.s Fonts/build/GlyphText/FontText_781C.font.s Fonts/build/GlyphText/FontText_7D9A.font.s Fonts/build/GlyphItem/FontItem_97E6.font.s Fonts/build/GlyphItem/FontItem_6DA0.font.s Fonts/build/GlyphItem/FontItem_7940.font.s Fonts/build/GlyphText/FontText_8BE6.font.s Fonts/build/GlyphText/FontText_886B.font.s Fonts/build/GlyphText/FontText_8ECA.font.s Fonts/build/GlyphText/FontText_8298.font.s Fonts/build/GlyphItem/FontItem_789A.font.s Fonts/build/GlyphItem/FontItem_84FC.font.s Fonts/build/GlyphText/FontText_576D.font.s Fonts/build/GlyphItem/FontItem_5C96.font.s Fonts/build/GlyphItem/FontItem_63AA.font.s Fonts/build/GlyphItem/FontItem_71D5.font.s Fonts/build/GlyphItem/FontItem_961D.font.s Fonts/build/GlyphText/FontText_6445.font.s Fonts/build/GlyphItem/FontItem_6846.font.s Fonts/build/GlyphText/FontText_59A3.font.s Fonts/build/GlyphText/FontText_9633.font.s Fonts/build/GlyphItem/FontItem_822C.font.s Fonts/build/GlyphItem/FontItem_97ED.font.s Fonts/build/GlyphItem/FontItem_7292.font.s Fonts/build/GlyphText/FontText_803B.font.s Fonts/build/GlyphText/FontText_7814.font.s Fonts/build/GlyphText/FontText_796D.font.s Fonts/build/GlyphItem/FontItem_9169.font.s Fonts/build/GlyphItem/FontItem_6345.font.s Fonts/build/GlyphItem/FontItem_9C82.font.s Fonts/build/GlyphItem/FontItem_8BFC.font.s Fonts/build/GlyphItem/FontItem_7AFA.font.s Fonts/build/GlyphItem/FontItem_795A.font.s Fonts/build/GlyphText/FontText_5091.font.s Fonts/build/GlyphText/FontText_7708.font.s Fonts/build/GlyphText/FontText_8C30.font.s Fonts/build/GlyphItem/FontItem_8537.font.s Fonts/build/GlyphItem/FontItem_94EF.font.s Fonts/build/GlyphText/FontText_7B48.font.s Fonts/build/GlyphItem/FontItem_5C8C.font.s Fonts/build/GlyphText/FontText_84D3.font.s Fonts/build/GlyphText/FontText_909D.font.s Fonts/build/GlyphText/FontText_8029.font.s Fonts/build/GlyphItem/FontItem_6977.font.s Fonts/build/GlyphText/FontText_82C7.font.s Fonts/build/GlyphText/FontText_74EF.font.s Fonts/build/GlyphItem/FontItem_7F0E.font.s Fonts/build/GlyphText/FontText_79CB.font.s Fonts/build/GlyphItem/FontItem_9E6A.font.s Fonts/build/GlyphItem/FontItem_7236.font.s Fonts/build/GlyphItem/FontItem_636D.font.s Fonts/build/GlyphItem/FontItem_80E7.font.s Fonts/build/GlyphItem/FontItem_8A25.font.s Fonts/build/GlyphText/FontText_77BD.font.s Fonts/build/GlyphItem/FontItem_9CBA.font.s Fonts/build/GlyphText/FontText_8CDC.font.s Fonts/build/GlyphItem/FontItem_637A.font.s Fonts/build/GlyphItem/FontItem_62C8.font.s Fonts/build/GlyphItem/FontItem_5A5A.font.s Fonts/build/GlyphText/FontText_6163.font.s Fonts/build/GlyphText/FontText_6CE5.font.s Fonts/build/GlyphItem/FontItem_90AF.font.s Fonts/build/GlyphText/FontText_6855.font.s Fonts/build/GlyphText/FontText_5C39.font.s Fonts/build/GlyphItem/FontItem_87AF.font.s Fonts/build/GlyphItem/FontItem_7857.font.s Fonts/build/GlyphText/FontText_570A.font.s Fonts/build/GlyphItem/FontItem_908B.font.s Fonts/build/GlyphText/FontText_67A5.font.s Fonts/build/GlyphText/FontText_7EFD.font.s Fonts/build/GlyphItem/FontItem_68A2.font.s Fonts/build/GlyphText/FontText_4F18.font.s Fonts/build/GlyphText/FontText_56DB.font.s Fonts/build/GlyphItem/FontItem_6276.font.s Fonts/build/GlyphText/FontText_7F1F.font.s Fonts/build/GlyphItem/FontItem_7F16.font.s Fonts/build/GlyphItem/FontItem_5F77.font.s Fonts/build/GlyphText/FontText_9A7C.font.s Fonts/build/GlyphText/FontText_8F8F.font.s Fonts/build/GlyphItem/FontItem_4ED4.font.s Fonts/build/GlyphText/FontText_9517.font.s Fonts/build/GlyphItem/FontItem_589F.font.s Fonts/build/GlyphItem/FontItem_8859.font.s Fonts/build/GlyphText/FontText_620F.font.s Fonts/build/GlyphText/FontText_9EE2.font.s Fonts/build/GlyphItem/FontItem_0094.font.s Fonts/build/GlyphText/FontText_8DB1.font.s Fonts/build/GlyphItem/FontItem_FF39.font.s Fonts/build/GlyphText/FontText_7F1D.font.s Fonts/build/GlyphText/FontText_9CBB.font.s Fonts/build/GlyphText/FontText_7578.font.s Fonts/build/GlyphText/FontText_7CD6.font.s Fonts/build/GlyphItem/FontItem_98A5.font.s Fonts/build/GlyphText/FontText_84BA.font.s Fonts/build/GlyphText/FontText_5E97.font.s Fonts/build/GlyphItem/FontItem_5432.font.s Fonts/build/GlyphText/FontText_9602.font.s Fonts/build/GlyphItem/FontItem_8E94.font.s Fonts/build/GlyphText/FontText_94A7.font.s Fonts/build/GlyphText/FontText_8499.font.s Fonts/build/GlyphItem/FontItem_FF1B.font.s Fonts/build/GlyphText/FontText_9E4A.font.s Fonts/build/GlyphItem/FontItem_6308.font.s Fonts/build/GlyphItem/FontItem_77EE.font.s Fonts/build/GlyphText/FontText_0074.font.s Fonts/build/GlyphText/FontText_60AC.font.s Fonts/build/GlyphItem/FontItem_9031.font.s Fonts/build/GlyphItem/FontItem_82F1.font.s Fonts/build/GlyphItem/FontItem_4E45.font.s Fonts/build/GlyphText/FontText_9F8B.font.s Fonts/build/GlyphItem/FontItem_6FA1.font.s Fonts/build/GlyphText/FontText_8116.font.s Fonts/build/GlyphText/FontText_5A1F.font.s Fonts/build/GlyphItem/FontItem_5195.font.s Fonts/build/GlyphText/FontText_968D.font.s Fonts/build/GlyphItem/FontItem_8363.font.s Fonts/build/GlyphItem/FontItem_915E.font.s Fonts/build/GlyphItem/FontItem_6F78.font.s Fonts/build/GlyphText/FontText_6C2F.font.s Fonts/build/GlyphItem/FontItem_62BF.font.s Fonts/build/GlyphItem/FontItem_8C2A.font.s Fonts/build/GlyphText/FontText_5389.font.s Fonts/build/GlyphItem/FontItem_7F9A.font.s Fonts/build/GlyphText/FontText_7261.font.s Fonts/build/GlyphItem/FontItem_8B07.font.s Fonts/build/GlyphItem/FontItem_9A9D.font.s Fonts/build/GlyphItem/FontItem_9009.font.s Fonts/build/GlyphItem/FontItem_533F.font.s Fonts/build/GlyphItem/FontItem_5B71.font.s Fonts/build/GlyphItem/FontItem_800D.font.s Fonts/build/GlyphText/FontText_4E61.font.s Fonts/build/GlyphText/FontText_70CA.font.s Fonts/build/GlyphItem/FontItem_8084.font.s Fonts/build/GlyphText/FontText_64AE.font.s Fonts/build/GlyphItem/FontItem_8BFD.font.s Fonts/build/GlyphItem/FontItem_7BA6.font.s Fonts/build/GlyphItem/FontItem_6EA7.font.s Fonts/build/GlyphText/FontText_9053.font.s Fonts/build/GlyphText/FontText_8EB2.font.s Fonts/build/GlyphText/FontText_6551.font.s Fonts/build/GlyphItem/FontItem_6DC0.font.s Fonts/build/GlyphItem/FontItem_62AC.font.s Fonts/build/GlyphText/FontText_52A0.font.s Fonts/build/GlyphText/FontText_7422.font.s Fonts/build/GlyphItem/FontItem_60F6.font.s Fonts/build/GlyphText/FontText_03B5.font.s Fonts/build/GlyphText/FontText_84BD.font.s Fonts/build/GlyphItem/FontItem_5448.font.s Fonts/build/GlyphItem/FontItem_5C0E.font.s Fonts/build/GlyphItem/FontItem_98D5.font.s Fonts/build/GlyphItem/FontItem_785D.font.s Fonts/build/GlyphText/FontText_9891.font.s Fonts/build/GlyphText/FontText_5E10.font.s Fonts/build/GlyphItem/FontItem_00FC.font.s Fonts/build/GlyphText/FontText_5693.font.s Fonts/build/GlyphText/FontText_5075.font.s Fonts/build/GlyphItem/FontItem_8BFE.font.s Fonts/build/GlyphText/FontText_9A92.font.s Fonts/build/GlyphItem/FontItem_840E.font.s Fonts/build/GlyphItem/FontItem_2605.font.s Fonts/build/GlyphItem/FontItem_0068.font.s Fonts/build/GlyphItem/FontItem_536B.font.s Fonts/build/GlyphText/FontText_9C7F.font.s Fonts/build/GlyphItem/FontItem_7F44.font.s Fonts/build/GlyphText/FontText_8986.font.s Fonts/build/GlyphText/FontText_5320.font.s Fonts/build/GlyphItem/FontItem_7852.font.s Fonts/build/GlyphItem/FontItem_9510.font.s Fonts/build/GlyphItem/FontItem_7A7D.font.s Fonts/build/GlyphText/FontText_6402.font.s Fonts/build/GlyphText/FontText_57E0.font.s Fonts/build/GlyphItem/FontItem_8CAB.font.s Fonts/build/GlyphText/FontText_5CB7.font.s Fonts/build/GlyphText/FontText_307D.font.s Fonts/build/GlyphText/FontText_7267.font.s Fonts/build/GlyphText/FontText_9572.font.s Fonts/build/GlyphText/FontText_7663.font.s Fonts/build/GlyphText/FontText_8BD3.font.s Fonts/build/GlyphItem/FontItem_5438.font.s Fonts/build/GlyphText/FontText_680C.font.s Fonts/build/GlyphText/FontText_85B7.font.s Fonts/build/GlyphItem/FontItem_57B8.font.s Fonts/build/GlyphItem/FontItem_6674.font.s Fonts/build/GlyphText/FontText_5272.font.s Fonts/build/GlyphItem/FontItem_5776.font.s Fonts/build/GlyphText/FontText_759D.font.s Fonts/build/GlyphText/FontText_9280.font.s Fonts/build/GlyphItem/FontItem_8EBA.font.s Fonts/build/GlyphText/FontText_86CB.font.s Fonts/build/GlyphText/FontText_707E.font.s Fonts/build/GlyphItem/FontItem_5CE1.font.s Fonts/build/GlyphText/FontText_8517.font.s Fonts/build/GlyphText/FontText_8FDD.font.s Fonts/build/GlyphText/FontText_90AE.font.s Fonts/build/GlyphItem/FontItem_98D9.font.s Fonts/build/GlyphText/FontText_9AA3.font.s Fonts/build/GlyphText/FontText_6B3A.font.s Fonts/build/GlyphText/FontText_62C2.font.s Fonts/build/GlyphText/FontText_5F25.font.s Fonts/build/GlyphItem/FontItem_4EBB.font.s Fonts/build/GlyphItem/FontItem_655D.font.s Fonts/build/GlyphText/FontText_67F4.font.s Fonts/build/GlyphText/FontText_9686.font.s Fonts/build/GlyphText/FontText_75B9.font.s Fonts/build/GlyphText/FontText_4E8E.font.s Fonts/build/GlyphText/FontText_63A5.font.s Fonts/build/GlyphItem/FontItem_5CE6.font.s Fonts/build/GlyphText/FontText_7E6B.font.s Fonts/build/GlyphItem/FontItem_5E3D.font.s Fonts/build/GlyphItem/FontItem_7CEF.font.s Fonts/build/GlyphItem/FontItem_82BE.font.s Fonts/build/GlyphItem/FontItem_80FC.font.s Fonts/build/GlyphText/FontText_86CF.font.s Fonts/build/GlyphItem/FontItem_683D.font.s Fonts/build/GlyphText/FontText_6E5F.font.s Fonts/build/GlyphText/FontText_61D0.font.s Fonts/build/GlyphItem/FontItem_0056.font.s Fonts/build/GlyphText/FontText_653B.font.s Fonts/build/GlyphItem/FontItem_4EDD.font.s Fonts/build/GlyphItem/FontItem_7D30.font.s Fonts/build/GlyphItem/FontItem_74DE.font.s Fonts/build/GlyphItem/FontItem_7618.font.s Fonts/build/GlyphText/FontText_4E48.font.s Fonts/build/GlyphItem/FontItem_7531.font.s Fonts/build/GlyphText/FontText_6D4E.font.s Fonts/build/GlyphText/FontText_8A66.font.s Fonts/build/GlyphItem/FontItem_86ED.font.s Fonts/build/GlyphText/FontText_61E6.font.s Fonts/build/GlyphText/FontText_FF42.font.s Fonts/build/GlyphItem/FontItem_6800.font.s Fonts/build/GlyphText/FontText_85FF.font.s Fonts/build/GlyphItem/FontItem_997A.font.s Fonts/build/GlyphItem/FontItem_98C4.font.s Fonts/build/GlyphText/FontText_56F3.font.s Fonts/build/GlyphItem/FontItem_7D77.font.s Fonts/build/GlyphText/FontText_9D5C.font.s Fonts/build/GlyphItem/FontItem_5F1B.font.s Fonts/build/GlyphText/FontText_8001.font.s Fonts/build/GlyphText/FontText_545B.font.s Fonts/build/GlyphItem/FontItem_697C.font.s Fonts/build/GlyphText/FontText_FF10.font.s Fonts/build/GlyphItem/FontItem_9083.font.s Fonts/build/GlyphItem/FontItem_7337.font.s Fonts/build/GlyphItem/FontItem_8DCC.font.s Fonts/build/GlyphItem/FontItem_4E39.font.s Fonts/build/GlyphText/FontText_6C21.font.s Fonts/build/GlyphItem/FontItem_57D4.font.s Fonts/build/GlyphText/FontText_9F3E.font.s Fonts/build/GlyphItem/FontItem_53C9.font.s Fonts/build/GlyphItem/FontItem_5229.font.s Fonts/build/GlyphText/FontText_8D14.font.s Fonts/build/GlyphItem/FontItem_4E4C.font.s Fonts/build/GlyphText/FontText_94EF.font.s Fonts/build/GlyphText/FontText_6CAB.font.s Fonts/build/GlyphText/FontText_67EC.font.s Fonts/build/GlyphItem/FontItem_770B.font.s Fonts/build/GlyphText/FontText_859C.font.s Fonts/build/GlyphText/FontText_5D69.font.s Fonts/build/GlyphItem/FontItem_8200.font.s Fonts/build/GlyphText/FontText_00F3.font.s Fonts/build/GlyphText/FontText_8FD8.font.s Fonts/build/GlyphItem/FontItem_7A96.font.s Fonts/build/GlyphText/FontText_2015.font.s Fonts/build/GlyphItem/FontItem_0061.font.s Fonts/build/GlyphText/FontText_53E8.font.s Fonts/build/GlyphItem/FontItem_7F02.font.s Fonts/build/GlyphText/FontText_94CB.font.s Fonts/build/GlyphItem/FontItem_2282.font.s Fonts/build/GlyphItem/FontItem_8797.font.s Fonts/build/GlyphItem/FontItem_6CC5.font.s Fonts/build/GlyphItem/FontItem_6E3E.font.s Fonts/build/GlyphText/FontText_53CE.font.s Fonts/build/GlyphItem/FontItem_62DF.font.s Fonts/build/GlyphText/FontText_7262.font.s Fonts/build/GlyphItem/FontItem_51BB.font.s Fonts/build/GlyphText/FontText_8210.font.s Fonts/build/GlyphText/FontText_90CE.font.s Fonts/build/GlyphText/FontText_8760.font.s Fonts/build/GlyphItem/FontItem_914B.font.s Fonts/build/GlyphItem/FontItem_6295.font.s Fonts/build/GlyphText/FontText_9522.font.s Fonts/build/GlyphText/FontText_4E3A.font.s Fonts/build/GlyphItem/FontItem_4E26.font.s Fonts/build/GlyphItem/FontItem_8C47.font.s Fonts/build/GlyphText/FontText_4FE1.font.s Fonts/build/GlyphItem/FontItem_9036.font.s Fonts/build/GlyphItem/FontItem_80F2.font.s Fonts/build/GlyphText/FontText_611F.font.s Fonts/build/GlyphItem/FontItem_527D.font.s Fonts/build/GlyphItem/FontItem_671D.font.s Fonts/build/GlyphText/FontText_005D.font.s Fonts/build/GlyphItem/FontItem_78C1.font.s Fonts/build/GlyphItem/FontItem_5BC2.font.s Fonts/build/GlyphItem/FontItem_7114.font.s Fonts/build/GlyphItem/FontItem_6D52.font.s Fonts/build/GlyphText/FontText_6EAA.font.s Fonts/build/GlyphItem/FontItem_59EC.font.s Fonts/build/GlyphItem/FontItem_8DD6.font.s Fonts/build/GlyphItem/FontItem_83E9.font.s Fonts/build/GlyphText/FontText_864E.font.s Fonts/build/GlyphItem/FontItem_3052.font.s Fonts/build/GlyphItem/FontItem_5358.font.s Fonts/build/GlyphText/FontText_7525.font.s Fonts/build/GlyphText/FontText_8C2F.font.s Fonts/build/GlyphText/FontText_7BC6.font.s Fonts/build/GlyphItem/FontItem_6CFE.font.s Fonts/build/GlyphText/FontText_877B.font.s Fonts/build/GlyphItem/FontItem_7EEA.font.s Fonts/build/GlyphText/FontText_00D1.font.s Fonts/build/GlyphItem/FontItem_30D6.font.s Fonts/build/GlyphItem/FontItem_8305.font.s Fonts/build/GlyphItem/FontItem_5DFE.font.s Fonts/build/GlyphText/FontText_9E45.font.s Fonts/build/GlyphItem/FontItem_706F.font.s Fonts/build/GlyphText/FontText_81B3.font.s Fonts/build/GlyphItem/FontItem_9968.font.s Fonts/build/GlyphText/FontText_8231.font.s Fonts/build/GlyphItem/FontItem_70AC.font.s Fonts/build/GlyphText/FontText_6E3E.font.s Fonts/build/GlyphText/FontText_8543.font.s Fonts/build/GlyphItem/FontItem_6371.font.s Fonts/build/GlyphItem/FontItem_5C6F.font.s Fonts/build/GlyphText/FontText_836E.font.s Fonts/build/GlyphItem/FontItem_5FD0.font.s Fonts/build/GlyphItem/FontItem_6765.font.s Fonts/build/GlyphText/FontText_68A8.font.s Fonts/build/GlyphText/FontText_5676.font.s Fonts/build/GlyphText/FontText_77BB.font.s Fonts/build/GlyphText/FontText_72C4.font.s Fonts/build/GlyphItem/FontItem_9020.font.s Fonts/build/GlyphText/FontText_708E.font.s Fonts/build/GlyphText/FontText_6C64.font.s Fonts/build/GlyphText/FontText_5310.font.s Fonts/build/GlyphText/FontText_FF43.font.s Fonts/build/GlyphItem/FontItem_75C9.font.s Fonts/build/GlyphText/FontText_8E8A.font.s Fonts/build/GlyphItem/FontItem_8881.font.s Fonts/build/GlyphText/FontText_4E3F.font.s Fonts/build/GlyphText/FontText_65EC.font.s Fonts/build/GlyphItem/FontItem_8783.font.s Fonts/build/GlyphItem/FontItem_83BC.font.s Fonts/build/GlyphText/FontText_793C.font.s Fonts/build/GlyphItem/FontItem_9006.font.s Fonts/build/GlyphItem/FontItem_88F0.font.s Fonts/build/GlyphItem/FontItem_92C8.font.s Fonts/build/GlyphText/FontText_6050.font.s Fonts/build/GlyphItem/FontItem_5927.font.s Fonts/build/GlyphItem/FontItem_7ED7.font.s Fonts/build/GlyphItem/FontItem_8473.font.s Fonts/build/GlyphItem/FontItem_76F9.font.s Fonts/build/GlyphItem/FontItem_9B3C.font.s Fonts/build/GlyphText/FontText_561B.font.s Fonts/build/GlyphItem/FontItem_7EFD.font.s Fonts/build/GlyphText/FontText_59AF.font.s Fonts/build/GlyphItem/FontItem_60B1.font.s Fonts/build/GlyphText/FontText_8BE9.font.s Fonts/build/GlyphText/FontText_6B4C.font.s Fonts/build/GlyphItem/FontItem_8BEE.font.s Fonts/build/GlyphText/FontText_7811.font.s Fonts/build/GlyphText/FontText_8679.font.s Fonts/build/GlyphText/FontText_30D9.font.s Fonts/build/GlyphText/FontText_4E66.font.s Fonts/build/GlyphItem/FontItem_5C97.font.s Fonts/build/GlyphText/FontText_5B6C.font.s Fonts/build/GlyphItem/FontItem_809B.font.s Fonts/build/GlyphText/FontText_76C2.font.s Fonts/build/GlyphItem/FontItem_8D2C.font.s Fonts/build/GlyphText/FontText_6271.font.s Fonts/build/GlyphItem/FontItem_595A.font.s Fonts/build/GlyphText/FontText_54C7.font.s Fonts/build/GlyphItem/FontItem_9559.font.s Fonts/build/GlyphText/FontText_519C.font.s Fonts/build/GlyphItem/FontItem_79F0.font.s Fonts/build/GlyphText/FontText_003E.font.s Fonts/build/GlyphItem/FontItem_666F.font.s Fonts/build/GlyphText/FontText_6323.font.s Fonts/build/GlyphItem/FontItem_8857.font.s Fonts/build/GlyphItem/FontItem_758B.font.s Fonts/build/GlyphText/FontText_7C92.font.s Fonts/build/GlyphText/FontText_627E.font.s Fonts/build/GlyphText/FontText_812F.font.s Fonts/build/GlyphText/FontText_0434.font.s Fonts/build/GlyphItem/FontItem_50C5.font.s Fonts/build/GlyphItem/FontItem_9B45.font.s Fonts/build/GlyphItem/FontItem_61FF.font.s Fonts/build/GlyphItem/FontItem_810F.font.s Fonts/build/GlyphItem/FontItem_3077.font.s Fonts/build/GlyphText/FontText_6092.font.s Fonts/build/GlyphText/FontText_8BAB.font.s Fonts/build/GlyphText/FontText_504E.font.s Fonts/build/GlyphItem/FontItem_63A3.font.s Fonts/build/GlyphItem/FontItem_54B1.font.s Fonts/build/GlyphText/FontText_7A33.font.s Fonts/build/GlyphItem/FontItem_54C9.font.s Fonts/build/GlyphText/FontText_3064.font.s Fonts/build/GlyphItem/FontItem_6F33.font.s Fonts/build/GlyphItem/FontItem_8BDF.font.s Fonts/build/GlyphItem/FontItem_8071.font.s Fonts/build/GlyphText/FontText_8BF6.font.s Fonts/build/GlyphItem/FontItem_5883.font.s Fonts/build/GlyphText/FontText_836C.font.s Fonts/build/GlyphItem/FontItem_5BFA.font.s Fonts/build/GlyphItem/FontItem_9F9B.font.s Fonts/build/GlyphText/FontText_9876.font.s Fonts/build/GlyphText/FontText_7696.font.s Fonts/build/GlyphText/FontText_80FC.font.s Fonts/build/GlyphText/FontText_7CDC.font.s Fonts/build/GlyphText/FontText_75BD.font.s Fonts/build/GlyphItem/FontItem_6D5A.font.s Fonts/build/GlyphText/FontText_6FC0.font.s Fonts/build/GlyphItem/FontItem_6069.font.s Fonts/build/GlyphItem/FontItem_6E8F.font.s Fonts/build/GlyphItem/FontItem_54A7.font.s Fonts/build/GlyphText/FontText_6518.font.s Fonts/build/GlyphItem/FontItem_7490.font.s Fonts/build/GlyphText/FontText_9F50.font.s Fonts/build/GlyphText/FontText_6B8A.font.s Fonts/build/GlyphText/FontText_60E7.font.s Fonts/build/GlyphItem/FontItem_6F58.font.s Fonts/build/GlyphText/FontText_6E20.font.s Fonts/build/GlyphItem/FontItem_6215.font.s Fonts/build/GlyphText/FontText_00CF.font.s Fonts/build/GlyphText/FontText_00BB.font.s Fonts/build/GlyphText/FontText_775B.font.s Fonts/build/GlyphText/FontText_5E9F.font.s Fonts/build/GlyphText/FontText_9518.font.s Fonts/build/GlyphItem/FontItem_6C82.font.s Fonts/build/GlyphText/FontText_7F29.font.s Fonts/build/GlyphText/FontText_70E7.font.s Fonts/build/GlyphItem/FontItem_57A9.font.s Fonts/build/GlyphItem/FontItem_7425.font.s Fonts/build/GlyphItem/FontItem_91A2.font.s Fonts/build/GlyphText/FontText_768E.font.s Fonts/build/GlyphItem/FontItem_8114.font.s Fonts/build/GlyphText/FontText_621F.font.s Fonts/build/GlyphItem/FontItem_4E00.font.s Fonts/build/GlyphText/FontText_4E28.font.s Fonts/build/GlyphText/FontText_80E9.font.s Fonts/build/GlyphItem/FontItem_9502.font.s Fonts/build/GlyphText/FontText_9EA6.font.s Fonts/build/GlyphItem/FontItem_57EF.font.s Fonts/build/GlyphText/FontText_6966.font.s Fonts/build/GlyphItem/FontItem_52A0.font.s Fonts/build/GlyphItem/FontItem_5BA6.font.s Fonts/build/GlyphItem/FontItem_6C29.font.s Fonts/build/GlyphText/FontText_7847.font.s Fonts/build/GlyphText/FontText_817F.font.s Fonts/build/GlyphText/FontText_964B.font.s Fonts/build/GlyphItem/FontItem_8026.font.s Fonts/build/GlyphItem/FontItem_9967.font.s Fonts/build/GlyphItem/FontItem_704F.font.s Fonts/build/GlyphText/FontText_55BB.font.s Fonts/build/GlyphText/FontText_76E4.font.s Fonts/build/GlyphText/FontText_9547.font.s Fonts/build/GlyphText/FontText_5A4A.font.s Fonts/build/GlyphText/FontText_6458.font.s Fonts/build/GlyphItem/FontItem_64BC.font.s Fonts/build/GlyphText/FontText_6760.font.s Fonts/build/GlyphItem/FontItem_54DF.font.s Fonts/build/GlyphItem/FontItem_5458.font.s Fonts/build/GlyphText/FontText_8DB8.font.s Fonts/build/GlyphText/FontText_62BC.font.s Fonts/build/GlyphText/FontText_6572.font.s Fonts/build/GlyphText/FontText_984C.font.s Fonts/build/GlyphText/FontText_5C3F.font.s Fonts/build/GlyphText/FontText_50A7.font.s Fonts/build/GlyphItem/FontItem_6361.font.s Fonts/build/GlyphItem/FontItem_4ECE.font.s Fonts/build/GlyphText/FontText_3009.font.s Fonts/build/GlyphItem/FontItem_7D27.font.s Fonts/build/GlyphItem/FontItem_5E96.font.s Fonts/build/GlyphItem/FontItem_5378.font.s Fonts/build/GlyphText/FontText_6CBE.font.s Fonts/build/GlyphItem/FontItem_3060.font.s Fonts/build/GlyphItem/FontItem_6863.font.s Fonts/build/GlyphItem/FontItem_53EB.font.s Fonts/build/GlyphItem/FontItem_62E2.font.s Fonts/build/GlyphText/FontText_5501.font.s Fonts/build/GlyphItem/FontItem_69AB.font.s Fonts/build/GlyphItem/FontItem_8611.font.s Fonts/build/GlyphItem/FontItem_8616.font.s Fonts/build/GlyphText/FontText_FF2C.font.s Fonts/build/GlyphText/FontText_7D33.font.s Fonts/build/GlyphItem/FontItem_4FEE.font.s Fonts/build/GlyphText/FontText_5997.font.s Fonts/build/GlyphText/FontText_6655.font.s Fonts/build/GlyphItem/FontItem_5955.font.s Fonts/build/GlyphItem/FontItem_969C.font.s Fonts/build/GlyphItem/FontItem_602B.font.s Fonts/build/GlyphText/FontText_914D.font.s Fonts/build/GlyphText/FontText_84E3.font.s Fonts/build/GlyphItem/FontItem_8723.font.s Fonts/build/GlyphText/FontText_8708.font.s Fonts/build/GlyphText/FontText_675E.font.s Fonts/build/GlyphItem/FontItem_54C4.font.s Fonts/build/GlyphItem/FontItem_7DBB.font.s Fonts/build/GlyphText/FontText_915D.font.s Fonts/build/GlyphItem/FontItem_727F.font.s Fonts/build/GlyphText/FontText_5B99.font.s Fonts/build/GlyphText/FontText_5490.font.s Fonts/build/GlyphItem/FontItem_96B3.font.s Fonts/build/GlyphItem/FontItem_799A.font.s Fonts/build/GlyphText/FontText_5915.font.s Fonts/build/GlyphText/FontText_6676.font.s Fonts/build/GlyphItem/FontItem_56AF.font.s Fonts/build/GlyphText/FontText_5B55.font.s Fonts/build/GlyphItem/FontItem_91CC.font.s Fonts/build/GlyphItem/FontItem_7816.font.s Fonts/build/GlyphItem/FontItem_67B0.font.s Fonts/build/GlyphItem/FontItem_8273.font.s Fonts/build/GlyphText/FontText_796F.font.s Fonts/build/GlyphItem/FontItem_5088.font.s Fonts/build/GlyphText/FontText_6800.font.s Fonts/build/GlyphText/FontText_79FB.font.s Fonts/build/GlyphText/FontText_7CBE.font.s Fonts/build/GlyphItem/FontItem_6400.font.s Fonts/build/GlyphText/FontText_7707.font.s Fonts/build/GlyphText/FontText_677C.font.s Fonts/build/GlyphItem/FontItem_8EB2.font.s Fonts/build/GlyphItem/FontItem_90E6.font.s Fonts/build/GlyphItem/FontItem_62F3.font.s Fonts/build/GlyphItem/FontItem_914F.font.s Fonts/build/GlyphItem/FontItem_8D5D.font.s Fonts/build/GlyphItem/FontItem_88AD.font.s Fonts/build/GlyphItem/FontItem_8DE3.font.s Fonts/build/GlyphText/FontText_831B.font.s Fonts/build/GlyphText/FontText_6807.font.s Fonts/build/GlyphText/FontText_954E.font.s Fonts/build/GlyphText/FontText_3049.font.s Fonts/build/GlyphItem/FontItem_5148.font.s Fonts/build/GlyphItem/FontItem_6D5C.font.s Fonts/build/GlyphItem/FontItem_718F.font.s Fonts/build/GlyphText/FontText_65E8.font.s Fonts/build/GlyphItem/FontItem_5F0B.font.s Fonts/build/GlyphText/FontText_8A71.font.s Fonts/build/GlyphText/FontText_64E4.font.s Fonts/build/GlyphItem/FontItem_7A23.font.s Fonts/build/GlyphItem/FontItem_6108.font.s Fonts/build/GlyphText/FontText_7C38.font.s Fonts/build/GlyphItem/FontItem_6C22.font.s Fonts/build/GlyphItem/FontItem_73BA.font.s Fonts/build/GlyphItem/FontItem_74FF.font.s Fonts/build/GlyphText/FontText_823B.font.s Fonts/build/GlyphText/FontText_5049.font.s Fonts/build/GlyphItem/FontItem_59D2.font.s Fonts/build/GlyphText/FontText_7978.font.s Fonts/build/GlyphItem/FontItem_8E72.font.s Fonts/build/GlyphText/FontText_789B.font.s Fonts/build/GlyphText/FontText_8071.font.s Fonts/build/GlyphItem/FontItem_5256.font.s Fonts/build/GlyphText/FontText_0033.font.s Fonts/build/GlyphItem/FontItem_69CE.font.s Fonts/build/GlyphItem/FontItem_00FE.font.s Fonts/build/GlyphText/FontText_FF0F.font.s Fonts/build/GlyphItem/FontItem_5C94.font.s Fonts/build/GlyphItem/FontItem_918C.font.s Fonts/build/GlyphText/FontText_7F2C.font.s Fonts/build/GlyphText/FontText_978B.font.s Fonts/build/GlyphText/FontText_7B08.font.s Fonts/build/GlyphText/FontText_9664.font.s Fonts/build/GlyphText/FontText_6251.font.s Fonts/build/GlyphItem/FontItem_9CB1.font.s Fonts/build/GlyphItem/FontItem_53CE.font.s Fonts/build/GlyphText/FontText_609A.font.s Fonts/build/GlyphItem/FontItem_594F.font.s Fonts/build/GlyphText/FontText_6EA2.font.s Fonts/build/GlyphItem/FontItem_6A44.font.s Fonts/build/GlyphItem/FontItem_9890.font.s Fonts/build/GlyphText/FontText_932C.font.s Fonts/build/GlyphText/FontText_91C7.font.s Fonts/build/GlyphItem/FontItem_82D2.font.s Fonts/build/GlyphText/FontText_9583.font.s Fonts/build/GlyphText/FontText_7B50.font.s Fonts/build/GlyphText/FontText_3089.font.s Fonts/build/GlyphItem/FontItem_9CB7.font.s Fonts/build/GlyphText/FontText_00AB.font.s Fonts/build/GlyphItem/FontItem_5CB5.font.s Fonts/build/GlyphText/FontText_870A.font.s Fonts/build/GlyphItem/FontItem_9E3D.font.s Fonts/build/GlyphItem/FontItem_863C.font.s Fonts/build/GlyphItem/FontItem_98A2.font.s Fonts/build/GlyphText/FontText_9E63.font.s Fonts/build/GlyphItem/FontItem_62B5.font.s Fonts/build/GlyphText/FontText_85EA.font.s Fonts/build/GlyphText/FontText_9EBD.font.s Fonts/build/GlyphText/FontText_9566.font.s Fonts/build/GlyphItem/FontItem_50A8.font.s Fonts/build/GlyphItem/FontItem_9AD3.font.s Fonts/build/GlyphText/FontText_74FF.font.s Fonts/build/GlyphItem/FontItem_8FF8.font.s Fonts/build/GlyphText/FontText_54B4.font.s Fonts/build/GlyphText/FontText_8DCF.font.s Fonts/build/GlyphItem/FontItem_572E.font.s Fonts/build/GlyphItem/FontItem_6A39.font.s Fonts/build/GlyphText/FontText_8F38.font.s Fonts/build/GlyphText/FontText_6CF0.font.s Fonts/build/GlyphText/FontText_9567.font.s Fonts/build/GlyphItem/FontItem_67AD.font.s Fonts/build/GlyphText/FontText_7389.font.s Fonts/build/GlyphText/FontText_7572.font.s Fonts/build/GlyphItem/FontItem_9A7C.font.s Fonts/build/GlyphText/FontText_761F.font.s Fonts/build/GlyphText/FontText_6401.font.s Fonts/build/GlyphItem/FontItem_0437.font.s Fonts/build/GlyphText/FontText_4E21.font.s Fonts/build/GlyphItem/FontItem_5181.font.s Fonts/build/GlyphText/FontText_9F2C.font.s Fonts/build/GlyphItem/FontItem_6897.font.s Fonts/build/GlyphText/FontText_72AF.font.s Fonts/build/GlyphText/FontText_98F2.font.s Fonts/build/GlyphItem/FontItem_5C31.font.s Fonts/build/GlyphItem/FontItem_9171.font.s Fonts/build/GlyphItem/FontItem_62E1.font.s Fonts/build/GlyphText/FontText_7D66.font.s Fonts/build/GlyphItem/FontItem_8DF3.font.s Fonts/build/GlyphItem/FontItem_88A4.font.s Fonts/build/GlyphItem/FontItem_6CF1.font.s Fonts/build/GlyphItem/FontItem_8DD7.font.s Fonts/build/GlyphItem/FontItem_877B.font.s Fonts/build/GlyphText/FontText_57ED.font.s Fonts/build/GlyphItem/FontItem_00CB.font.s Fonts/build/GlyphText/FontText_8304.font.s Fonts/build/GlyphItem/FontItem_6590.font.s Fonts/build/GlyphText/FontText_7720.font.s Fonts/build/GlyphText/FontText_7BD3.font.s Fonts/build/GlyphText/FontText_9523.font.s Fonts/build/GlyphItem/FontItem_3080.font.s Fonts/build/GlyphItem/FontItem_9058.font.s Fonts/build/GlyphText/FontText_890A.font.s Fonts/build/GlyphText/FontText_6A65.font.s Fonts/build/GlyphItem/FontItem_53AD.font.s Fonts/build/GlyphText/FontText_7BFE.font.s Fonts/build/GlyphText/FontText_632B.font.s Fonts/build/GlyphText/FontText_5D5B.font.s Fonts/build/GlyphItem/FontItem_6E6B.font.s Fonts/build/GlyphText/FontText_4F7E.font.s Fonts/build/GlyphText/FontText_5AD6.font.s Fonts/build/GlyphText/FontText_59CB.font.s Fonts/build/GlyphText/FontText_70BD.font.s Fonts/build/GlyphItem/FontItem_201D.font.s Fonts/build/GlyphText/FontText_81F3.font.s Fonts/build/GlyphItem/FontItem_9E5E.font.s Fonts/build/GlyphText/FontText_6838.font.s Fonts/build/GlyphText/FontText_816E.font.s Fonts/build/GlyphItem/FontItem_5B32.font.s Fonts/build/GlyphItem/FontItem_7F14.font.s Fonts/build/GlyphItem/FontItem_57D5.font.s Fonts/build/GlyphText/FontText_FF37.font.s Fonts/build/GlyphText/FontText_73CA.font.s Fonts/build/GlyphText/FontText_7F6A.font.s Fonts/build/GlyphItem/FontItem_6971.font.s Fonts/build/GlyphItem/FontItem_55CD.font.s Fonts/build/GlyphItem/FontItem_51EF.font.s Fonts/build/GlyphText/FontText_596E.font.s Fonts/build/GlyphItem/FontItem_9762.font.s Fonts/build/GlyphText/FontText_9965.font.s Fonts/build/GlyphItem/FontItem_67A5.font.s Fonts/build/GlyphItem/FontItem_FF44.font.s Fonts/build/GlyphText/FontText_8385.font.s Fonts/build/GlyphItem/FontItem_7B2A.font.s Fonts/build/GlyphItem/FontItem_79BB.font.s Fonts/build/GlyphText/FontText_7F50.font.s Fonts/build/GlyphItem/FontItem_9886.font.s Fonts/build/GlyphItem/FontItem_857B.font.s Fonts/build/GlyphItem/FontItem_5398.font.s Fonts/build/GlyphText/FontText_6CEA.font.s Fonts/build/GlyphText/FontText_5028.font.s Fonts/build/GlyphText/FontText_7F02.font.s Fonts/build/GlyphItem/FontItem_819C.font.s Fonts/build/GlyphText/FontText_6F5E.font.s Fonts/build/GlyphText/FontText_5354.font.s Fonts/build/GlyphText/FontText_52A1.font.s Fonts/build/GlyphText/FontText_5403.font.s Fonts/build/GlyphItem/FontItem_513F.font.s Fonts/build/GlyphItem/FontItem_51B1.font.s Fonts/build/GlyphText/FontText_9E88.font.s Fonts/build/GlyphText/FontText_961F.font.s Fonts/build/GlyphItem/FontItem_8231.font.s Fonts/build/GlyphText/FontText_8D35.font.s Fonts/build/GlyphText/FontText_65F6.font.s Fonts/build/GlyphText/FontText_85E9.font.s Fonts/build/GlyphText/FontText_90B9.font.s Fonts/build/GlyphText/FontText_6D4D.font.s Fonts/build/GlyphText/FontText_4F8B.font.s Fonts/build/GlyphText/FontText_94B7.font.s Fonts/build/GlyphText/FontText_84B2.font.s Fonts/build/GlyphItem/FontItem_623E.font.s Fonts/build/GlyphItem/FontItem_9897.font.s Fonts/build/GlyphItem/FontItem_83F1.font.s Fonts/build/GlyphText/FontText_6B6A.font.s Fonts/build/GlyphText/FontText_8406.font.s Fonts/build/GlyphText/FontText_8F84.font.s Fonts/build/GlyphText/FontText_5FAD.font.s Fonts/build/GlyphItem/FontItem_7800.font.s Fonts/build/GlyphItem/FontItem_951A.font.s Fonts/build/GlyphText/FontText_8BA5.font.s Fonts/build/GlyphText/FontText_6E1A.font.s Fonts/build/GlyphText/FontText_9A76.font.s Fonts/build/GlyphText/FontText_7173.font.s Fonts/build/GlyphText/FontText_956A.font.s Fonts/build/GlyphText/FontText_5669.font.s Fonts/build/GlyphItem/FontItem_52C7.font.s Fonts/build/GlyphText/FontText_7F33.font.s Fonts/build/GlyphItem/FontItem_0050.font.s Fonts/build/GlyphText/FontText_5416.font.s Fonts/build/GlyphItem/FontItem_8F75.font.s Fonts/build/GlyphText/FontText_6E34.font.s Fonts/build/GlyphItem/FontItem_6FE1.font.s Fonts/build/GlyphText/FontText_5F93.font.s Fonts/build/GlyphText/FontText_5FEE.font.s Fonts/build/GlyphText/FontText_5306.font.s Fonts/build/GlyphItem/FontItem_3062.font.s Fonts/build/GlyphText/FontText_6F36.font.s Fonts/build/GlyphItem/FontItem_8191.font.s Fonts/build/GlyphItem/FontItem_4F09.font.s Fonts/build/GlyphText/FontText_9EDD.font.s Fonts/build/GlyphItem/FontItem_8308.font.s Fonts/build/GlyphText/FontText_69E0.font.s Fonts/build/GlyphText/FontText_75DE.font.s Fonts/build/GlyphItem/FontItem_907A.font.s Fonts/build/GlyphText/FontText_8FD1.font.s Fonts/build/GlyphText/FontText_6EE1.font.s Fonts/build/GlyphText/FontText_612B.font.s Fonts/build/GlyphText/FontText_908B.font.s Fonts/build/GlyphItem/FontItem_83C7.font.s Fonts/build/GlyphText/FontText_7D39.font.s Fonts/build/GlyphItem/FontItem_6B46.font.s Fonts/build/GlyphItem/FontItem_56E4.font.s Fonts/build/GlyphText/FontText_69D0.font.s Fonts/build/GlyphText/FontText_6324.font.s Fonts/build/GlyphItem/FontItem_90B3.font.s Fonts/build/GlyphText/FontText_60F3.font.s Fonts/build/GlyphText/FontText_7E82.font.s Fonts/build/GlyphText/FontText_6DA8.font.s Fonts/build/GlyphItem/FontItem_642D.font.s Fonts/build/GlyphItem/FontItem_5494.font.s Fonts/build/GlyphItem/FontItem_72A0.font.s Fonts/build/GlyphText/FontText_5FFE.font.s Fonts/build/GlyphText/FontText_9612.font.s Fonts/build/GlyphText/FontText_00EF.font.s Fonts/build/GlyphItem/FontItem_5240.font.s Fonts/build/GlyphItem/FontItem_81BB.font.s Fonts/build/GlyphText/FontText_62C7.font.s Fonts/build/GlyphText/FontText_66DD.font.s Fonts/build/GlyphItem/FontItem_55C9.font.s Fonts/build/GlyphItem/FontItem_6C5A.font.s Fonts/build/GlyphText/FontText_6C30.font.s Fonts/build/GlyphItem/FontItem_8FCE.font.s Fonts/build/GlyphItem/FontItem_51B6.font.s Fonts/build/GlyphItem/FontItem_5EEA.font.s Fonts/build/GlyphText/FontText_7600.font.s Fonts/build/GlyphText/FontText_5BBE.font.s Fonts/build/GlyphText/FontText_975B.font.s Fonts/build/GlyphItem/FontItem_6BB7.font.s Fonts/build/GlyphText/FontText_8D8A.font.s Fonts/build/GlyphText/FontText_8884.font.s Fonts/build/GlyphItem/FontItem_7C0B.font.s Fonts/build/GlyphItem/FontItem_7825.font.s Fonts/build/GlyphText/FontText_8671.font.s Fonts/build/GlyphItem/FontItem_8F72.font.s Fonts/build/GlyphItem/FontItem_904E.font.s Fonts/build/GlyphText/FontText_8233.font.s Fonts/build/GlyphItem/FontItem_5760.font.s Fonts/build/GlyphItem/FontItem_5CF6.font.s Fonts/build/GlyphText/FontText_6495.font.s Fonts/build/GlyphText/FontText_5BF5.font.s Fonts/build/GlyphItem/FontItem_7F54.font.s Fonts/build/GlyphItem/FontItem_8C16.font.s Fonts/build/GlyphItem/FontItem_74EE.font.s Fonts/build/GlyphText/FontText_6C46.font.s Fonts/build/GlyphText/FontText_56FD.font.s Fonts/build/GlyphText/FontText_5229.font.s Fonts/build/GlyphText/FontText_8BFE.font.s Fonts/build/GlyphItem/FontItem_98A7.font.s Fonts/build/GlyphText/FontText_868B.font.s Fonts/build/GlyphItem/FontItem_6816.font.s Fonts/build/GlyphText/FontText_4F6F.font.s Fonts/build/GlyphItem/FontItem_9149.font.s Fonts/build/GlyphItem/FontItem_55B0.font.s Fonts/build/GlyphItem/FontItem_6248.font.s Fonts/build/GlyphText/FontText_9490.font.s Fonts/build/GlyphText/FontText_6F4D.font.s Fonts/build/GlyphItem/FontItem_59A3.font.s Fonts/build/GlyphText/FontText_7A06.font.s Fonts/build/GlyphItem/FontItem_607F.font.s Fonts/build/GlyphItem/FontItem_251C.font.s Fonts/build/GlyphText/FontText_3051.font.s Fonts/build/GlyphItem/FontItem_4E50.font.s Fonts/build/GlyphItem/FontItem_871E.font.s Fonts/build/GlyphItem/FontItem_8AB0.font.s Fonts/build/GlyphText/FontText_5E7F.font.s Fonts/build/GlyphItem/FontItem_53EF.font.s Fonts/build/GlyphItem/FontItem_664B.font.s Fonts/build/GlyphItem/FontItem_5F97.font.s Fonts/build/GlyphText/FontText_624C.font.s Fonts/build/GlyphItem/FontItem_5FEA.font.s Fonts/build/GlyphText/FontText_5FC9.font.s Fonts/build/GlyphText/FontText_7A1A.font.s Fonts/build/GlyphItem/FontItem_0071.font.s Fonts/build/GlyphItem/FontItem_6600.font.s Fonts/build/GlyphItem/FontItem_5F01.font.s Fonts/build/GlyphText/FontText_507D.font.s Fonts/build/GlyphText/FontText_73CF.font.s Fonts/build/GlyphItem/FontItem_53D1.font.s Fonts/build/GlyphText/FontText_90B3.font.s Fonts/build/GlyphItem/FontItem_9E5B.font.s Fonts/build/GlyphItem/FontItem_2287.font.s Fonts/build/GlyphText/FontText_7A98.font.s Fonts/build/GlyphText/FontText_8987.font.s Fonts/build/GlyphItem/FontItem_5211.font.s Fonts/build/GlyphItem/FontItem_628A.font.s Fonts/build/GlyphText/FontText_767A.font.s Fonts/build/GlyphItem/FontItem_8171.font.s Fonts/build/GlyphText/FontText_4F60.font.s Fonts/build/GlyphItem/FontItem_693F.font.s Fonts/build/GlyphText/FontText_8401.font.s Fonts/build/GlyphItem/FontItem_5C45.font.s Fonts/build/GlyphItem/FontItem_65A4.font.s Fonts/build/GlyphText/FontText_690E.font.s Fonts/build/GlyphText/FontText_95FB.font.s Fonts/build/GlyphText/FontText_79D8.font.s Fonts/build/GlyphItem/FontItem_51FB.font.s Fonts/build/GlyphItem/FontItem_8E39.font.s Fonts/build/GlyphText/FontText_7A2E.font.s Fonts/build/GlyphItem/FontItem_8C19.font.s Fonts/build/GlyphItem/FontItem_30CA.font.s Fonts/build/GlyphItem/FontItem_60EC.font.s Fonts/build/GlyphText/FontText_4F8D.font.s Fonts/build/GlyphItem/FontItem_7D14.font.s Fonts/build/GlyphText/FontText_30CF.font.s Fonts/build/GlyphText/FontText_8D70.font.s Fonts/build/GlyphItem/FontItem_6D2B.font.s Fonts/build/GlyphText/FontText_9A6D.font.s Fonts/build/GlyphItem/FontItem_71F9.font.s Fonts/build/GlyphText/FontText_6D35.font.s Fonts/build/GlyphText/FontText_00CE.font.s Fonts/build/GlyphItem/FontItem_5E18.font.s Fonts/build/GlyphItem/FontItem_5C41.font.s Fonts/build/GlyphText/FontText_3062.font.s Fonts/build/GlyphItem/FontItem_4FB5.font.s Fonts/build/GlyphText/FontText_622C.font.s Fonts/build/GlyphText/FontText_2462.font.s Fonts/build/GlyphItem/FontItem_9A71.font.s Fonts/build/GlyphText/FontText_51B1.font.s Fonts/build/GlyphItem/FontItem_3011.font.s Fonts/build/GlyphItem/FontItem_88E5.font.s Fonts/build/GlyphItem/FontItem_5F95.font.s Fonts/build/GlyphItem/FontItem_6035.font.s Fonts/build/GlyphText/FontText_9B08.font.s Fonts/build/GlyphText/FontText_5364.font.s Fonts/build/GlyphText/FontText_80C2.font.s Fonts/build/GlyphText/FontText_7CD7.font.s Fonts/build/GlyphText/FontText_8DDF.font.s Fonts/build/GlyphItem/FontItem_987E.font.s Fonts/build/GlyphItem/FontItem_30A3.font.s Fonts/build/GlyphItem/FontItem_75F1.font.s Fonts/build/GlyphItem/FontItem_4EF3.font.s Fonts/build/GlyphText/FontText_73C2.font.s Fonts/build/GlyphText/FontText_9867.font.s Fonts/build/GlyphText/FontText_7F61.font.s Fonts/build/GlyphText/FontText_3050.font.s Fonts/build/GlyphItem/FontItem_4EE4.font.s Fonts/build/GlyphText/FontText_54C4.font.s Fonts/build/GlyphItem/FontItem_963B.font.s Fonts/build/GlyphItem/FontItem_9170.font.s Fonts/build/GlyphItem/FontItem_72E0.font.s Fonts/build/GlyphItem/FontItem_96FE.font.s Fonts/build/GlyphText/FontText_4EC4.font.s Fonts/build/GlyphItem/FontItem_7EDC.font.s Fonts/build/GlyphItem/FontItem_97E9.font.s Fonts/build/GlyphItem/FontItem_9023.font.s Fonts/build/GlyphItem/FontItem_5CB3.font.s Fonts/build/GlyphText/FontText_94D9.font.s Fonts/build/GlyphText/FontText_5373.font.s Fonts/build/GlyphText/FontText_6512.font.s Fonts/build/GlyphItem/FontItem_9B0F.font.s Fonts/build/GlyphText/FontText_918C.font.s Fonts/build/GlyphText/FontText_503A.font.s Fonts/build/GlyphText/FontText_79BB.font.s Fonts/build/GlyphText/FontText_5074.font.s Fonts/build/GlyphItem/FontItem_7823.font.s Fonts/build/GlyphItem/FontItem_8DD1.font.s Fonts/build/GlyphText/FontText_300D.font.s Fonts/build/GlyphText/FontText_7425.font.s Fonts/build/GlyphItem/FontItem_0074.font.s Fonts/build/GlyphItem/FontItem_7586.font.s Fonts/build/GlyphItem/FontItem_8BB4.font.s Fonts/build/GlyphItem/FontItem_5389.font.s Fonts/build/GlyphItem/FontItem_94DB.font.s Fonts/build/GlyphItem/FontItem_8D28.font.s Fonts/build/GlyphText/FontText_6355.font.s Fonts/build/GlyphItem/FontItem_7EB5.font.s Fonts/build/GlyphText/FontText_6089.font.s Fonts/build/GlyphItem/FontItem_6813.font.s Fonts/build/GlyphItem/FontItem_6EE6.font.s Fonts/build/GlyphText/FontText_7ADE.font.s Fonts/build/GlyphText/FontText_5F84.font.s Fonts/build/GlyphItem/FontItem_8E51.font.s Fonts/build/GlyphItem/FontItem_7839.font.s Fonts/build/GlyphText/FontText_51FF.font.s Fonts/build/GlyphItem/FontItem_8DB8.font.s Fonts/build/GlyphItem/FontItem_655E.font.s Fonts/build/GlyphItem/FontItem_00C9.font.s Fonts/build/GlyphText/FontText_9EB4.font.s Fonts/build/GlyphText/FontText_9521.font.s Fonts/build/GlyphText/FontText_505A.font.s Fonts/build/GlyphText/FontText_82DB.font.s Fonts/build/GlyphItem/FontItem_5CAD.font.s Fonts/build/GlyphItem/FontItem_767B.font.s Fonts/build/GlyphItem/FontItem_7893.font.s Fonts/build/GlyphText/FontText_54F3.font.s Fonts/build/GlyphText/FontText_8FEB.font.s Fonts/build/GlyphItem/FontItem_8813.font.s Fonts/build/GlyphText/FontText_9A8A.font.s Fonts/build/GlyphText/FontText_9C9B.font.s Fonts/build/GlyphItem/FontItem_559C.font.s Fonts/build/GlyphItem/FontItem_8334.font.s Fonts/build/GlyphItem/FontItem_6710.font.s Fonts/build/GlyphText/FontText_661F.font.s Fonts/build/GlyphText/FontText_83B6.font.s Fonts/build/GlyphText/FontText_7D22.font.s Fonts/build/GlyphItem/FontItem_9143.font.s Fonts/build/GlyphItem/FontItem_880A.font.s Fonts/build/GlyphItem/FontItem_6E0D.font.s Fonts/build/GlyphText/FontText_5E37.font.s Fonts/build/GlyphText/FontText_8236.font.s Fonts/build/GlyphText/FontText_6350.font.s Fonts/build/GlyphText/FontText_73C9.font.s Fonts/build/GlyphItem/FontItem_7B0B.font.s Fonts/build/GlyphText/FontText_8BDF.font.s Fonts/build/GlyphItem/FontItem_901E.font.s Fonts/build/GlyphItem/FontItem_9CDD.font.s Fonts/build/GlyphText/FontText_9CA9.font.s Fonts/build/GlyphItem/FontItem_9774.font.s Fonts/build/GlyphItem/FontItem_5A25.font.s Fonts/build/GlyphText/FontText_8C15.font.s Fonts/build/GlyphItem/FontItem_00E2.font.s Fonts/build/GlyphText/FontText_54D0.font.s Fonts/build/GlyphText/FontText_80CD.font.s Fonts/build/GlyphItem/FontItem_96B6.font.s Fonts/build/GlyphText/FontText_8F70.font.s Fonts/build/GlyphText/FontText_53F5.font.s Fonts/build/GlyphText/FontText_723B.font.s Fonts/build/GlyphItem/FontItem_8F6C.font.s Fonts/build/GlyphItem/FontItem_9986.font.s Fonts/build/GlyphText/FontText_97F3.font.s Fonts/build/GlyphText/FontText_6ED4.font.s Fonts/build/GlyphText/FontText_8D08.font.s Fonts/build/GlyphItem/FontItem_9F37.font.s Fonts/build/GlyphItem/FontItem_7B0A.font.s Fonts/build/GlyphItem/FontItem_9972.font.s Fonts/build/GlyphText/FontText_5E2B.font.s Fonts/build/GlyphItem/FontItem_6986.font.s Fonts/build/GlyphItem/FontItem_6CF0.font.s Fonts/build/GlyphText/FontText_6C7A.font.s Fonts/build/GlyphItem/FontItem_8DB4.font.s Fonts/build/GlyphText/FontText_8109.font.s Fonts/build/GlyphText/FontText_70EC.font.s Fonts/build/GlyphText/FontText_6C79.font.s Fonts/build/GlyphItem/FontItem_6BA1.font.s Fonts/build/GlyphItem/FontItem_904F.font.s Fonts/build/GlyphText/FontText_5BFB.font.s Fonts/build/GlyphText/FontText_5C8D.font.s Fonts/build/GlyphText/FontText_9A93.font.s Fonts/build/GlyphText/FontText_7EEB.font.s Fonts/build/GlyphText/FontText_86AA.font.s Fonts/build/GlyphText/FontText_6687.font.s Fonts/build/GlyphItem/FontItem_51AB.font.s Fonts/build/GlyphItem/FontItem_59FF.font.s Fonts/build/GlyphText/FontText_960C.font.s Fonts/build/GlyphItem/FontItem_4F53.font.s Fonts/build/GlyphText/FontText_8BD6.font.s Fonts/build/GlyphText/FontText_8BFA.font.s Fonts/build/GlyphText/FontText_5456.font.s Fonts/build/GlyphText/FontText_6B93.font.s Fonts/build/GlyphItem/FontItem_731E.font.s Fonts/build/GlyphItem/FontItem_5FE1.font.s Fonts/build/GlyphText/FontText_9E35.font.s Fonts/build/GlyphText/FontText_571F.font.s Fonts/build/GlyphItem/FontItem_79ED.font.s Fonts/build/GlyphText/FontText_5D29.font.s Fonts/build/GlyphText/FontText_8327.font.s Fonts/build/GlyphItem/FontItem_9179.font.s Fonts/build/GlyphItem/FontItem_836C.font.s Fonts/build/GlyphText/FontText_7329.font.s Fonts/build/GlyphText/FontText_300A.font.s Fonts/build/GlyphItem/FontItem_9876.font.s Fonts/build/GlyphItem/FontItem_88CF.font.s Fonts/build/GlyphItem/FontItem_5DF3.font.s Fonts/build/GlyphText/FontText_723F.font.s Fonts/build/GlyphText/FontText_3007.font.s Fonts/build/GlyphText/FontText_7131.font.s Fonts/build/GlyphItem/FontItem_30AB.font.s Fonts/build/GlyphItem/FontItem_5E0F.font.s Fonts/build/GlyphText/FontText_75B0.font.s Fonts/build/GlyphText/FontText_6F62.font.s Fonts/build/GlyphItem/FontItem_6EE0.font.s Fonts/build/GlyphText/FontText_005C.font.s Fonts/build/GlyphText/FontText_5740.font.s Fonts/build/GlyphItem/FontItem_6E44.font.s Fonts/build/GlyphItem/FontItem_7075.font.s Fonts/build/GlyphItem/FontItem_5E9C.font.s Fonts/build/GlyphItem/FontItem_768B.font.s Fonts/build/GlyphItem/FontItem_72B4.font.s Fonts/build/GlyphItem/FontItem_93D6.font.s Fonts/build/GlyphText/FontText_4E0C.font.s Fonts/build/GlyphItem/FontItem_5E73.font.s Fonts/build/GlyphText/FontText_989A.font.s Fonts/build/GlyphText/FontText_94D0.font.s Fonts/build/GlyphText/FontText_5A03.font.s Fonts/build/GlyphText/FontText_9E7E.font.s Fonts/build/GlyphItem/FontItem_7780.font.s Fonts/build/GlyphItem/FontItem_900B.font.s Fonts/build/GlyphText/FontText_905D.font.s Fonts/build/GlyphText/FontText_5931.font.s Fonts/build/GlyphText/FontText_84DF.font.s Fonts/build/GlyphItem/FontItem_953F.font.s Fonts/build/GlyphText/FontText_62EF.font.s Fonts/build/GlyphText/FontText_7481.font.s Fonts/build/GlyphText/FontText_8888.font.s Fonts/build/GlyphText/FontText_770D.font.s Fonts/build/GlyphItem/FontItem_7652.font.s Fonts/build/GlyphText/FontText_53EA.font.s Fonts/build/GlyphItem/FontItem_9B43.font.s Fonts/build/GlyphItem/FontItem_8108.font.s Fonts/build/GlyphItem/FontItem_956F.font.s Fonts/build/GlyphItem/FontItem_7766.font.s Fonts/build/GlyphItem/FontItem_6768.font.s Fonts/build/GlyphItem/FontItem_7F1F.font.s Fonts/build/GlyphText/FontText_867C.font.s Fonts/build/GlyphText/FontText_7168.font.s Fonts/build/GlyphText/FontText_88CE.font.s Fonts/build/GlyphItem/FontItem_5021.font.s Fonts/build/GlyphItem/FontItem_6D17.font.s Fonts/build/GlyphItem/FontItem_89E6.font.s Fonts/build/GlyphText/FontText_7B1B.font.s Fonts/build/GlyphText/FontText_858F.font.s Fonts/build/GlyphText/FontText_523F.font.s Fonts/build/GlyphText/FontText_95F2.font.s Fonts/build/GlyphItem/FontItem_5EB8.font.s Fonts/build/GlyphItem/FontItem_552C.font.s Fonts/build/GlyphText/FontText_7A77.font.s Fonts/build/GlyphItem/FontItem_30DF.font.s Fonts/build/GlyphItem/FontItem_8360.font.s Fonts/build/GlyphText/FontText_67FD.font.s Fonts/build/GlyphText/FontText_5BA3.font.s Fonts/build/GlyphItem/FontItem_62B9.font.s Fonts/build/GlyphText/FontText_7F01.font.s Fonts/build/GlyphItem/FontItem_5476.font.s Fonts/build/GlyphItem/FontItem_76FC.font.s Fonts/build/GlyphItem/FontItem_629F.font.s Fonts/build/GlyphItem/FontItem_741B.font.s Fonts/build/GlyphText/FontText_53A3.font.s Fonts/build/GlyphItem/FontItem_8D66.font.s Fonts/build/GlyphText/FontText_6D8C.font.s Fonts/build/GlyphText/FontText_5639.font.s Fonts/build/GlyphText/FontText_7F26.font.s Fonts/build/GlyphText/FontText_8A8A.font.s Fonts/build/GlyphItem/FontItem_8DCE.font.s Fonts/build/GlyphText/FontText_3003.font.s Fonts/build/GlyphText/FontText_5250.font.s Fonts/build/GlyphText/FontText_598A.font.s Fonts/build/GlyphItem/FontItem_5EFF.font.s Fonts/build/GlyphText/FontText_9306.font.s Fonts/build/GlyphItem/FontItem_62E6.font.s Fonts/build/GlyphText/FontText_5F15.font.s Fonts/build/GlyphText/FontText_4EE8.font.s Fonts/build/GlyphText/FontText_94E2.font.s Fonts/build/GlyphText/FontText_8291.font.s Fonts/build/GlyphItem/FontItem_78B0.font.s Fonts/build/GlyphText/FontText_574A.font.s Fonts/build/GlyphItem/FontItem_808C.font.s Fonts/build/GlyphItem/FontItem_5C3D.font.s Fonts/build/GlyphText/FontText_57FA.font.s Fonts/build/GlyphItem/FontItem_7235.font.s Fonts/build/GlyphItem/FontItem_679A.font.s Fonts/build/GlyphItem/FontItem_967D.font.s Fonts/build/GlyphText/FontText_3059.font.s Fonts/build/GlyphItem/FontItem_5386.font.s Fonts/build/GlyphText/FontText_5B8C.font.s Fonts/build/GlyphItem/FontItem_6D0C.font.s Fonts/build/GlyphItem/FontItem_6D4E.font.s Fonts/build/GlyphItem/FontItem_5599.font.s Fonts/build/GlyphItem/FontItem_94CD.font.s Fonts/build/GlyphText/FontText_5F11.font.s Fonts/build/GlyphItem/FontItem_5F39.font.s Fonts/build/GlyphText/FontText_7AE5.font.s Fonts/build/GlyphText/FontText_76CD.font.s Fonts/build/GlyphItem/FontItem_59D0.font.s Fonts/build/GlyphItem/FontItem_5F71.font.s Fonts/build/GlyphItem/FontItem_5357.font.s Fonts/build/GlyphItem/FontItem_9877.font.s Fonts/build/GlyphText/FontText_8763.font.s Fonts/build/GlyphText/FontText_82CB.font.s Fonts/build/GlyphItem/FontItem_60A6.font.s Fonts/build/GlyphItem/FontItem_62A4.font.s Fonts/build/GlyphText/FontText_4FEF.font.s Fonts/build/GlyphItem/FontItem_6446.font.s Fonts/build/GlyphText/FontText_75CA.font.s Fonts/build/GlyphText/FontText_6C5D.font.s Fonts/build/GlyphText/FontText_54E8.font.s Fonts/build/GlyphItem/FontItem_5AB5.font.s Fonts/build/GlyphItem/FontItem_8DC6.font.s Fonts/build/GlyphItem/FontItem_8E76.font.s Fonts/build/GlyphText/FontText_7965.font.s Fonts/build/GlyphItem/FontItem_67D0.font.s Fonts/build/GlyphItem/FontItem_8A73.font.s Fonts/build/GlyphText/FontText_55E6.font.s Fonts/build/GlyphItem/FontItem_6CBD.font.s Fonts/build/GlyphText/FontText_71A0.font.s Fonts/build/GlyphText/FontText_57F9.font.s Fonts/build/GlyphItem/FontItem_7751.font.s Fonts/build/GlyphText/FontText_70E4.font.s Fonts/build/GlyphText/FontText_825F.font.s Fonts/build/GlyphItem/FontItem_8425.font.s Fonts/build/GlyphText/FontText_6D0C.font.s Fonts/build/GlyphText/FontText_4FE9.font.s Fonts/build/GlyphItem/FontItem_5B6C.font.s Fonts/build/GlyphItem/FontItem_7D75.font.s Fonts/build/GlyphText/FontText_77E5.font.s Fonts/build/GlyphText/FontText_0072.font.s Fonts/build/GlyphItem/FontItem_6C21.font.s Fonts/build/GlyphItem/FontItem_8CDE.font.s Fonts/build/GlyphText/FontText_7566.font.s Fonts/build/GlyphItem/FontItem_5D24.font.s Fonts/build/GlyphText/FontText_54C1.font.s Fonts/build/GlyphText/FontText_85D3.font.s Fonts/build/GlyphItem/FontItem_955C.font.s Fonts/build/GlyphItem/FontItem_8DC3.font.s Fonts/build/GlyphText/FontText_60D5.font.s Fonts/build/GlyphItem/FontItem_9AD8.font.s Fonts/build/GlyphText/FontText_83C7.font.s Fonts/build/GlyphItem/FontItem_6012.font.s Fonts/build/GlyphText/FontText_5627.font.s Fonts/build/GlyphItem/FontItem_8BCC.font.s Fonts/build/GlyphItem/FontItem_5FF1.font.s Fonts/build/GlyphText/FontText_6500.font.s Fonts/build/GlyphItem/FontItem_96BD.font.s Fonts/build/GlyphText/FontText_8F8D.font.s Fonts/build/GlyphText/FontText_9F3B.font.s Fonts/build/GlyphItem/FontItem_83AB.font.s Fonts/build/GlyphText/FontText_5C96.font.s Fonts/build/GlyphItem/FontItem_88DC.font.s Fonts/build/GlyphText/FontText_6656.font.s Fonts/build/GlyphItem/FontItem_6B7B.font.s Fonts/build/GlyphItem/FontItem_5F57.font.s Fonts/build/GlyphItem/FontItem_5FA9.font.s Fonts/build/GlyphText/FontText_5021.font.s Fonts/build/GlyphItem/FontItem_5D5B.font.s Fonts/build/GlyphItem/FontItem_8F70.font.s Fonts/build/GlyphText/FontText_5076.font.s Fonts/build/GlyphText/FontText_5F8C.font.s Fonts/build/GlyphText/FontText_8D49.font.s Fonts/build/GlyphText/FontText_577B.font.s Fonts/build/GlyphText/FontText_95D8.font.s Fonts/build/GlyphItem/FontItem_8A1B.font.s Fonts/build/GlyphItem/FontItem_6557.font.s Fonts/build/GlyphItem/FontItem_742E.font.s Fonts/build/GlyphItem/FontItem_5E44.font.s Fonts/build/GlyphItem/FontItem_76CF.font.s Fonts/build/GlyphText/FontText_90E1.font.s Fonts/build/GlyphItem/FontItem_7B60.font.s Fonts/build/GlyphItem/FontItem_5549.font.s Fonts/build/GlyphText/FontText_7DE0.font.s Fonts/build/GlyphItem/FontItem_006B.font.s Fonts/build/GlyphText/FontText_9621.font.s Fonts/build/GlyphText/FontText_94FC.font.s Fonts/build/GlyphItem/FontItem_266A.font.s Fonts/build/GlyphText/FontText_50D6.font.s Fonts/build/GlyphText/FontText_7D99.font.s Fonts/build/GlyphText/FontText_6075.font.s Fonts/build/GlyphItem/FontItem_6CA5.font.s Fonts/build/GlyphItem/FontItem_5FD7.font.s Fonts/build/GlyphText/FontText_504F.font.s Fonts/build/GlyphText/FontText_91D1.font.s Fonts/build/GlyphText/FontText_3092.font.s Fonts/build/GlyphText/FontText_91AF.font.s Fonts/build/GlyphItem/FontItem_8488.font.s Fonts/build/GlyphItem/FontItem_731D.font.s Fonts/build/GlyphItem/FontItem_6FC0.font.s Fonts/build/GlyphItem/FontItem_9A97.font.s Fonts/build/GlyphText/FontText_544A.font.s Fonts/build/GlyphText/FontText_0031.font.s Fonts/build/GlyphText/FontText_62F6.font.s Fonts/build/GlyphItem/FontItem_6A2A.font.s Fonts/build/GlyphItem/FontItem_6B82.font.s Fonts/build/GlyphItem/FontItem_86AA.font.s Fonts/build/GlyphItem/FontItem_752C.font.s Fonts/build/GlyphItem/FontItem_5AE3.font.s Fonts/build/GlyphText/FontText_5996.font.s Fonts/build/GlyphItem/FontItem_814B.font.s Fonts/build/GlyphItem/FontItem_7EB8.font.s Fonts/build/GlyphItem/FontItem_9497.font.s Fonts/build/GlyphText/FontText_7EE1.font.s Fonts/build/GlyphItem/FontItem_4FEF.font.s Fonts/build/GlyphItem/FontItem_7EC4.font.s Fonts/build/GlyphText/FontText_009C.font.s Fonts/build/GlyphItem/FontItem_54C1.font.s Fonts/build/GlyphItem/FontItem_60D8.font.s Fonts/build/GlyphText/FontText_565C.font.s Fonts/build/GlyphText/FontText_5D02.font.s Fonts/build/GlyphText/FontText_6EB7.font.s Fonts/build/GlyphText/FontText_9558.font.s Fonts/build/GlyphText/FontText_78B2.font.s Fonts/build/GlyphItem/FontItem_8DCF.font.s Fonts/build/GlyphItem/FontItem_5366.font.s Fonts/build/GlyphText/FontText_6963.font.s Fonts/build/GlyphText/FontText_85C9.font.s Fonts/build/GlyphItem/FontItem_59AA.font.s Fonts/build/GlyphText/FontText_57EF.font.s Fonts/build/GlyphItem/FontItem_8335.font.s Fonts/build/GlyphText/FontText_5F31.font.s Fonts/build/GlyphText/FontText_7C8B.font.s Fonts/build/GlyphText/FontText_9CB5.font.s Fonts/build/GlyphText/FontText_70E6.font.s Fonts/build/GlyphText/FontText_9AC2.font.s Fonts/build/GlyphText/FontText_67AA.font.s Fonts/build/GlyphItem/FontItem_6549.font.s Fonts/build/GlyphItem/FontItem_6CA6.font.s Fonts/build/GlyphText/FontText_759A.font.s Fonts/build/GlyphItem/FontItem_8FD1.font.s Fonts/build/GlyphText/FontText_634D.font.s Fonts/build/GlyphText/FontText_821B.font.s Fonts/build/GlyphItem/FontItem_8027.font.s Fonts/build/GlyphText/FontText_8BB5.font.s Fonts/build/GlyphItem/FontItem_7B56.font.s Fonts/build/GlyphText/FontText_901E.font.s Fonts/build/GlyphText/FontText_8003.font.s Fonts/build/GlyphText/FontText_9510.font.s Fonts/build/GlyphItem/FontItem_8EAF.font.s Fonts/build/GlyphItem/FontItem_7B1B.font.s Fonts/build/GlyphText/FontText_527F.font.s Fonts/build/GlyphText/FontText_6901.font.s Fonts/build/GlyphItem/FontItem_5188.font.s Fonts/build/GlyphText/FontText_96B6.font.s Fonts/build/GlyphText/FontText_7B3E.font.s Fonts/build/GlyphItem/FontItem_5524.font.s Fonts/build/GlyphItem/FontItem_9E47.font.s Fonts/build/GlyphItem/FontItem_978B.font.s Fonts/build/GlyphItem/FontItem_4E48.font.s Fonts/build/GlyphText/FontText_6383.font.s Fonts/build/GlyphItem/FontItem_8A87.font.s Fonts/build/GlyphText/FontText_9174.font.s Fonts/build/GlyphItem/FontItem_5BB9.font.s Fonts/build/GlyphText/FontText_7C12.font.s Fonts/build/GlyphItem/FontItem_9ADF.font.s Fonts/build/GlyphText/FontText_0049.font.s Fonts/build/GlyphText/FontText_30E0.font.s Fonts/build/GlyphText/FontText_9006.font.s Fonts/build/GlyphItem/FontItem_8548.font.s Fonts/build/GlyphItem/FontItem_6226.font.s Fonts/build/GlyphText/FontText_7126.font.s Fonts/build/GlyphItem/FontItem_8F6E.font.s Fonts/build/GlyphItem/FontItem_644A.font.s Fonts/build/GlyphItem/FontItem_5012.font.s Fonts/build/GlyphItem/FontItem_6D45.font.s Fonts/build/GlyphText/FontText_9971.font.s Fonts/build/GlyphText/FontText_8288.font.s Fonts/build/GlyphItem/FontItem_510B.font.s Fonts/build/GlyphText/FontText_6208.font.s Fonts/build/GlyphText/FontText_9E2F.font.s Fonts/build/GlyphText/FontText_747E.font.s Fonts/build/GlyphItem/FontItem_52FA.font.s Fonts/build/GlyphItem/FontItem_7C12.font.s Fonts/build/GlyphText/FontText_586C.font.s Fonts/build/GlyphText/FontText_5D03.font.s Fonts/build/GlyphText/FontText_836B.font.s Fonts/build/GlyphText/FontText_4EE3.font.s Fonts/build/GlyphText/FontText_7B51.font.s Fonts/build/GlyphText/FontText_9762.font.s Fonts/build/GlyphText/FontText_7CB2.font.s Fonts/build/GlyphItem/FontItem_4E2A.font.s Fonts/build/GlyphText/FontText_6808.font.s Fonts/build/GlyphItem/FontItem_51C9.font.s Fonts/build/GlyphText/FontText_8FA3.font.s Fonts/build/GlyphItem/FontItem_6DA4.font.s Fonts/build/GlyphText/FontText_952E.font.s Fonts/build/GlyphText/FontText_594B.font.s Fonts/build/GlyphItem/FontItem_680B.font.s Fonts/build/GlyphText/FontText_86F1.font.s Fonts/build/GlyphText/FontText_6867.font.s Fonts/build/GlyphText/FontText_6E6B.font.s Fonts/build/GlyphText/FontText_9264.font.s Fonts/build/GlyphItem/FontItem_90DB.font.s Fonts/build/GlyphItem/FontItem_95F6.font.s Fonts/build/GlyphText/FontText_8FDC.font.s Fonts/build/GlyphText/FontText_7252.font.s Fonts/build/GlyphText/FontText_9802.font.s Fonts/build/GlyphText/FontText_6C16.font.s Fonts/build/GlyphText/FontText_952D.font.s Fonts/build/GlyphItem/FontItem_8D5A.font.s Fonts/build/GlyphText/FontText_5B7D.font.s Fonts/build/GlyphText/FontText_887D.font.s Fonts/build/GlyphItem/FontItem_9178.font.s Fonts/build/GlyphText/FontText_5E7A.font.s Fonts/build/GlyphText/FontText_6DF3.font.s Fonts/build/GlyphText/FontText_7070.font.s Fonts/build/GlyphItem/FontItem_FF33.font.s Fonts/build/GlyphText/FontText_80AD.font.s Fonts/build/GlyphText/FontText_6070.font.s Fonts/build/GlyphText/FontText_6DE1.font.s Fonts/build/GlyphItem/FontItem_4ED6.font.s Fonts/build/GlyphItem/FontItem_57C3.font.s Fonts/build/GlyphItem/FontItem_5E14.font.s Fonts/build/GlyphItem/FontItem_8BCF.font.s Fonts/build/GlyphText/FontText_680E.font.s Fonts/build/GlyphText/FontText_9531.font.s Fonts/build/GlyphText/FontText_61C2.font.s Fonts/build/GlyphText/FontText_5434.font.s Fonts/build/GlyphText/FontText_54F2.font.s Fonts/build/GlyphText/FontText_5899.font.s Fonts/build/GlyphItem/FontItem_89E3.font.s Fonts/build/GlyphText/FontText_51FD.font.s Fonts/build/GlyphItem/FontItem_65E6.font.s Fonts/build/GlyphText/FontText_793B.font.s Fonts/build/GlyphItem/FontItem_62EE.font.s Fonts/build/GlyphText/FontText_8244.font.s Fonts/build/GlyphItem/FontItem_56FE.font.s Fonts/build/GlyphItem/FontItem_60AB.font.s Fonts/build/GlyphText/FontText_89E5.font.s Fonts/build/GlyphItem/FontItem_6E6E.font.s Fonts/build/GlyphText/FontText_6642.font.s Fonts/build/GlyphText/FontText_7D4C.font.s Fonts/build/GlyphText/FontText_977C.font.s Fonts/build/GlyphText/FontText_6C1B.font.s Fonts/build/GlyphText/FontText_00C9.font.s Fonts/build/GlyphItem/FontItem_61E6.font.s Fonts/build/GlyphText/FontText_8DEA.font.s Fonts/build/GlyphItem/FontItem_6F14.font.s Fonts/build/GlyphItem/FontItem_611F.font.s Fonts/build/GlyphItem/FontItem_526A.font.s Fonts/build/GlyphItem/FontItem_7956.font.s Fonts/build/GlyphItem/FontItem_6A8E.font.s Fonts/build/GlyphText/FontText_9AE1.font.s Fonts/build/GlyphText/FontText_654C.font.s Fonts/build/GlyphItem/FontItem_4F25.font.s Fonts/build/GlyphText/FontText_72EF.font.s Fonts/build/GlyphItem/FontItem_793E.font.s Fonts/build/GlyphText/FontText_54DF.font.s Fonts/build/GlyphItem/FontItem_7953.font.s Fonts/build/GlyphText/FontText_65C6.font.s Fonts/build/GlyphItem/FontItem_6817.font.s Fonts/build/GlyphItem/FontItem_7266.font.s Fonts/build/GlyphItem/FontItem_6E1A.font.s Fonts/build/GlyphText/FontText_531D.font.s Fonts/build/GlyphText/FontText_7E2E.font.s Fonts/build/GlyphItem/FontItem_7A93.font.s Fonts/build/GlyphItem/FontItem_5880.font.s Fonts/build/GlyphText/FontText_4F17.font.s Fonts/build/GlyphItem/FontItem_78BE.font.s Fonts/build/GlyphItem/FontItem_9500.font.s Fonts/build/GlyphText/FontText_7113.font.s Fonts/build/GlyphText/FontText_96C0.font.s Fonts/build/GlyphItem/FontItem_0025.font.s Fonts/build/GlyphItem/FontItem_8014.font.s Fonts/build/GlyphText/FontText_855E.font.s Fonts/build/GlyphText/FontText_7403.font.s Fonts/build/GlyphText/FontText_5305.font.s Fonts/build/GlyphItem/FontItem_96CD.font.s Fonts/build/GlyphText/FontText_52FE.font.s Fonts/build/GlyphItem/FontItem_723A.font.s Fonts/build/GlyphItem/FontItem_30A4.font.s Fonts/build/GlyphItem/FontItem_51C4.font.s Fonts/build/GlyphText/FontText_89C9.font.s Fonts/build/GlyphText/FontText_5F98.font.s Fonts/build/GlyphItem/FontItem_7EB3.font.s Fonts/build/GlyphItem/FontItem_30B1.font.s Fonts/build/GlyphItem/FontItem_5495.font.s Fonts/build/GlyphItem/FontItem_5CE5.font.s Fonts/build/GlyphItem/FontItem_541F.font.s Fonts/build/GlyphItem/FontItem_5429.font.s Fonts/build/GlyphItem/FontItem_8E35.font.s Fonts/build/GlyphItem/FontItem_9CB6.font.s Fonts/build/GlyphItem/FontItem_94C3.font.s Fonts/build/GlyphText/FontText_8BE2.font.s Fonts/build/GlyphText/FontText_0059.font.s Fonts/build/GlyphText/FontText_FF12.font.s Fonts/build/GlyphItem/FontItem_952C.font.s Fonts/build/GlyphText/FontText_5459.font.s Fonts/build/GlyphText/FontText_5CE6.font.s Fonts/build/GlyphText/FontText_7E01.font.s Fonts/build/GlyphItem/FontItem_94A7.font.s Fonts/build/GlyphText/FontText_6F84.font.s Fonts/build/GlyphText/FontText_4E10.font.s Fonts/build/GlyphItem/FontItem_8D5B.font.s Fonts/build/GlyphText/FontText_96BB.font.s Fonts/build/GlyphItem/FontItem_4EA5.font.s Fonts/build/GlyphText/FontText_9CC3.font.s Fonts/build/GlyphItem/FontItem_6BD4.font.s Fonts/build/GlyphText/FontText_7850.font.s Fonts/build/GlyphItem/FontItem_90DD.font.s Fonts/build/GlyphText/FontText_587E.font.s Fonts/build/GlyphItem/FontItem_745E.font.s Fonts/build/GlyphItem/FontItem_9A8B.font.s Fonts/build/GlyphText/FontText_56EB.font.s Fonts/build/GlyphText/FontText_53D6.font.s Fonts/build/GlyphText/FontText_9CD0.font.s Fonts/build/GlyphItem/FontItem_72F4.font.s Fonts/build/GlyphText/FontText_876E.font.s Fonts/build/GlyphItem/FontItem_7815.font.s Fonts/build/GlyphText/FontText_725D.font.s Fonts/build/GlyphText/FontText_8E66.font.s Fonts/build/GlyphItem/FontItem_8DFA.font.s Fonts/build/GlyphItem/FontItem_6ED1.font.s Fonts/build/GlyphItem/FontItem_6A4B.font.s Fonts/build/GlyphText/FontText_5BC5.font.s Fonts/build/GlyphText/FontText_66DC.font.s Fonts/build/GlyphItem/FontItem_9005.font.s Fonts/build/GlyphText/FontText_84CA.font.s Fonts/build/GlyphItem/FontItem_949B.font.s Fonts/build/GlyphText/FontText_76D8.font.s Fonts/build/GlyphItem/FontItem_6123.font.s Fonts/build/GlyphItem/FontItem_8CCA.font.s Fonts/build/GlyphText/FontText_731D.font.s Fonts/build/GlyphText/FontText_525E.font.s Fonts/build/GlyphText/FontText_7A14.font.s Fonts/build/GlyphItem/FontItem_955E.font.s Fonts/build/GlyphItem/FontItem_6593.font.s Fonts/build/GlyphItem/FontItem_7ACB.font.s Fonts/build/GlyphItem/FontItem_8046.font.s Fonts/build/GlyphText/FontText_761B.font.s Fonts/build/GlyphItem/FontItem_7BAC.font.s Fonts/build/GlyphItem/FontItem_8F2A.font.s Fonts/build/GlyphText/FontText_9972.font.s Fonts/build/GlyphItem/FontItem_78B1.font.s Fonts/build/GlyphText/FontText_66B4.font.s Fonts/build/GlyphItem/FontItem_9F44.font.s Fonts/build/GlyphItem/FontItem_9019.font.s Fonts/build/GlyphItem/FontItem_6F01.font.s Fonts/build/GlyphItem/FontItem_5239.font.s Fonts/build/GlyphText/FontText_554A.font.s Fonts/build/GlyphItem/FontItem_90B9.font.s Fonts/build/GlyphItem/FontItem_5C48.font.s Fonts/build/GlyphItem/FontItem_60A0.font.s Fonts/build/GlyphText/FontText_8457.font.s Fonts/build/GlyphText/FontText_4E07.font.s Fonts/build/GlyphText/FontText_6CD0.font.s Fonts/build/GlyphItem/FontItem_503A.font.s Fonts/build/GlyphItem/FontItem_80ED.font.s Fonts/build/GlyphItem/FontItem_5112.font.s Fonts/build/GlyphItem/FontItem_6CD3.font.s Fonts/build/GlyphText/FontText_51F5.font.s Fonts/build/GlyphItem/FontItem_7B52.font.s Fonts/build/GlyphText/FontText_8301.font.s Fonts/build/GlyphText/FontText_7B60.font.s Fonts/build/GlyphItem/FontItem_85B0.font.s Fonts/build/GlyphText/FontText_4FD8.font.s Fonts/build/GlyphText/FontText_54E6.font.s Fonts/build/GlyphText/FontText_6885.font.s Fonts/build/GlyphItem/FontItem_90BE.font.s Fonts/build/GlyphText/FontText_5800.font.s Fonts/build/GlyphText/FontText_8268.font.s Fonts/build/GlyphItem/FontItem_5533.font.s Fonts/build/GlyphItem/FontItem_9810.font.s Fonts/build/GlyphItem/FontItem_00FA.font.s Fonts/build/GlyphText/FontText_814A.font.s Fonts/build/GlyphText/FontText_5E08.font.s Fonts/build/GlyphText/FontText_FF1F.font.s Fonts/build/GlyphText/FontText_7EFF.font.s Fonts/build/GlyphText/FontText_5207.font.s Fonts/build/GlyphItem/FontItem_9E1F.font.s Fonts/build/GlyphText/FontText_963B.font.s Fonts/build/GlyphItem/FontItem_553C.font.s Fonts/build/GlyphText/FontText_6B86.font.s Fonts/build/GlyphText/FontText_FF36.font.s Fonts/build/GlyphItem/FontItem_9614.font.s Fonts/build/GlyphText/FontText_5185.font.s Fonts/build/GlyphText/FontText_586B.font.s Fonts/build/GlyphItem/FontItem_865A.font.s Fonts/build/GlyphItem/FontItem_4E61.font.s Fonts/build/GlyphItem/FontItem_83C8.font.s Fonts/build/GlyphItem/FontItem_6073.font.s Fonts/build/GlyphItem/FontItem_76FE.font.s Fonts/build/GlyphText/FontText_6005.font.s Fonts/build/GlyphItem/FontItem_8C15.font.s Fonts/build/GlyphText/FontText_9AA5.font.s Fonts/build/GlyphText/FontText_5C24.font.s Fonts/build/GlyphItem/FontItem_5D4C.font.s Fonts/build/GlyphText/FontText_8D3F.font.s Fonts/build/GlyphText/FontText_70EF.font.s Fonts/build/GlyphText/FontText_8AAD.font.s Fonts/build/GlyphText/FontText_87BA.font.s Fonts/build/GlyphText/FontText_8680.font.s Fonts/build/GlyphItem/FontItem_77AA.font.s Fonts/build/GlyphItem/FontItem_7BC4.font.s Fonts/build/GlyphItem/FontItem_837D.font.s Fonts/build/GlyphText/FontText_715E.font.s Fonts/build/GlyphText/FontText_79C6.font.s Fonts/build/GlyphItem/FontItem_5C27.font.s Fonts/build/GlyphText/FontText_5F9C.font.s Fonts/build/GlyphText/FontText_8BD2.font.s Fonts/build/GlyphText/FontText_6302.font.s Fonts/build/GlyphItem/FontItem_5434.font.s Fonts/build/GlyphItem/FontItem_529F.font.s Fonts/build/GlyphItem/FontItem_4F67.font.s Fonts/build/GlyphItem/FontItem_5AC9.font.s Fonts/build/GlyphItem/FontItem_71E7.font.s Fonts/build/GlyphItem/FontItem_611B.font.s Fonts/build/GlyphText/FontText_6CFA.font.s Fonts/build/GlyphItem/FontItem_8C78.font.s Fonts/build/GlyphText/FontText_9990.font.s Fonts/build/GlyphItem/FontItem_8BC0.font.s Fonts/build/GlyphText/FontText_0022.font.s Fonts/build/GlyphText/FontText_90CA.font.s Fonts/build/GlyphText/FontText_7350.font.s Fonts/build/GlyphItem/FontItem_52DD.font.s Fonts/build/GlyphItem/FontItem_7AAD.font.s Fonts/build/GlyphText/FontText_55B3.font.s Fonts/build/GlyphItem/FontItem_9CD0.font.s Fonts/build/GlyphItem/FontItem_4EDE.font.s Fonts/build/GlyphText/FontText_55E5.font.s Fonts/build/GlyphItem/FontItem_9F99.font.s Fonts/build/GlyphItem/FontItem_9A8A.font.s Fonts/build/GlyphItem/FontItem_FF2F.font.s Fonts/build/GlyphText/FontText_87AD.font.s Fonts/build/GlyphItem/FontItem_8651.font.s Fonts/build/GlyphItem/FontItem_887D.font.s Fonts/build/GlyphText/FontText_8C1B.font.s Fonts/build/GlyphText/FontText_8E47.font.s Fonts/build/GlyphText/FontText_6841.font.s Fonts/build/GlyphText/FontText_8A87.font.s Fonts/build/GlyphText/FontText_8C2B.font.s Fonts/build/GlyphText/FontText_7946.font.s Fonts/build/GlyphText/FontText_7A78.font.s Fonts/build/GlyphItem/FontItem_9ACB.font.s Fonts/build/GlyphText/FontText_7C0C.font.s Fonts/build/GlyphText/FontText_684C.font.s Fonts/build/GlyphItem/FontItem_60E8.font.s Fonts/build/GlyphText/FontText_90DC.font.s Fonts/build/GlyphText/FontText_7AE0.font.s Fonts/build/GlyphText/FontText_96F9.font.s Fonts/build/GlyphText/FontText_74A8.font.s Fonts/build/GlyphText/FontText_547F.font.s Fonts/build/GlyphText/FontText_723D.font.s Fonts/build/GlyphItem/FontItem_0060.font.s Fonts/build/GlyphText/FontText_5D1B.font.s Fonts/build/GlyphItem/FontItem_7B58.font.s Fonts/build/GlyphText/FontText_6001.font.s Fonts/build/GlyphItem/FontItem_9577.font.s Fonts/build/GlyphText/FontText_6E29.font.s Fonts/build/GlyphText/FontText_6C5F.font.s Fonts/build/GlyphItem/FontItem_60B4.font.s Fonts/build/GlyphItem/FontItem_2177.font.s Fonts/build/GlyphText/FontText_7164.font.s Fonts/build/GlyphItem/FontItem_2175.font.s Fonts/build/GlyphItem/FontItem_65E9.font.s Fonts/build/GlyphItem/FontItem_572F.font.s Fonts/build/GlyphText/FontText_5343.font.s Fonts/build/GlyphItem/FontItem_65F6.font.s Fonts/build/GlyphItem/FontItem_4EA8.font.s Fonts/build/GlyphText/FontText_6FA7.font.s Fonts/build/GlyphText/FontText_7838.font.s Fonts/build/GlyphText/FontText_6369.font.s Fonts/build/GlyphItem/FontItem_9A78.font.s Fonts/build/GlyphItem/FontItem_7511.font.s Fonts/build/GlyphItem/FontItem_9E7E.font.s Fonts/build/GlyphText/FontText_7F57.font.s Fonts/build/GlyphItem/FontItem_9274.font.s Fonts/build/GlyphText/FontText_600A.font.s Fonts/build/GlyphItem/FontItem_5C1C.font.s Fonts/build/GlyphItem/FontItem_8FFD.font.s Fonts/build/GlyphText/FontText_5EE8.font.s Fonts/build/GlyphText/FontText_7B47.font.s Fonts/build/GlyphItem/FontItem_6C68.font.s Fonts/build/GlyphItem/FontItem_72D7.font.s Fonts/build/GlyphText/FontText_7583.font.s Fonts/build/GlyphText/FontText_FF46.font.s Fonts/build/GlyphText/FontText_9975.font.s Fonts/build/GlyphText/FontText_8ACD.font.s Fonts/build/GlyphItem/FontItem_5BA1.font.s Fonts/build/GlyphItem/FontItem_FF41.font.s Fonts/build/GlyphText/FontText_5CE5.font.s Fonts/build/GlyphItem/FontItem_5897.font.s Fonts/build/GlyphText/FontText_30BD.font.s Fonts/build/GlyphText/FontText_9001.font.s Fonts/build/GlyphText/FontText_95ED.font.s Fonts/build/GlyphText/FontText_4E03.font.s Fonts/build/GlyphItem/FontItem_9AEB.font.s Fonts/build/GlyphItem/FontItem_8461.font.s Fonts/build/GlyphItem/FontItem_5C63.font.s Fonts/build/GlyphItem/FontItem_70B7.font.s Fonts/build/GlyphText/FontText_30CA.font.s Fonts/build/GlyphText/FontText_6CE2.font.s Fonts/build/GlyphText/FontText_536B.font.s Fonts/build/GlyphText/FontText_5993.font.s Fonts/build/GlyphText/FontText_5191.font.s Fonts/build/GlyphText/FontText_76BF.font.s Fonts/build/GlyphItem/FontItem_7728.font.s Fonts/build/GlyphText/FontText_5375.font.s Fonts/build/GlyphText/FontText_94FA.font.s Fonts/build/GlyphItem/FontItem_51C6.font.s Fonts/build/GlyphItem/FontItem_5319.font.s Fonts/build/GlyphItem/FontItem_7457.font.s Fonts/build/GlyphText/FontText_6E13.font.s Fonts/build/GlyphItem/FontItem_6811.font.s Fonts/build/GlyphItem/FontItem_FF50.font.s Fonts/build/GlyphText/FontText_9CAB.font.s Fonts/build/GlyphText/FontText_516E.font.s Fonts/build/GlyphItem/FontItem_6C32.font.s Fonts/build/GlyphText/FontText_88C6.font.s Fonts/build/GlyphText/FontText_8F85.font.s Fonts/build/GlyphItem/FontItem_6D9B.font.s Fonts/build/GlyphText/FontText_30E2.font.s Fonts/build/GlyphItem/FontItem_9131.font.s Fonts/build/GlyphItem/FontItem_7CBC.font.s Fonts/build/GlyphItem/FontItem_780C.font.s Fonts/build/GlyphText/FontText_71B1.font.s Fonts/build/GlyphItem/FontItem_565C.font.s Fonts/build/GlyphText/FontText_54B8.font.s Fonts/build/GlyphItem/FontItem_8F83.font.s Fonts/build/GlyphText/FontText_6BD9.font.s Fonts/build/GlyphItem/FontItem_719F.font.s Fonts/build/GlyphItem/FontItem_7339.font.s Fonts/build/GlyphText/FontText_7441.font.s Fonts/build/GlyphText/FontText_90C1.font.s Fonts/build/GlyphText/FontText_6345.font.s Fonts/build/GlyphText/FontText_7F81.font.s Fonts/build/GlyphText/FontText_802A.font.s Fonts/build/GlyphItem/FontItem_6212.font.s Fonts/build/GlyphText/FontText_9E48.font.s Fonts/build/GlyphText/FontText_00E8.font.s Fonts/build/GlyphItem/FontItem_306F.font.s Fonts/build/GlyphItem/FontItem_8F8E.font.s Fonts/build/GlyphText/FontText_557E.font.s Fonts/build/GlyphItem/FontItem_6E26.font.s Fonts/build/GlyphText/FontText_548B.font.s Fonts/build/GlyphText/FontText_575C.font.s Fonts/build/GlyphText/FontText_51B6.font.s Fonts/build/GlyphText/FontText_731B.font.s Fonts/build/GlyphItem/FontItem_9544.font.s Fonts/build/GlyphText/FontText_5CE1.font.s Fonts/build/GlyphText/FontText_8E09.font.s Fonts/build/GlyphItem/FontItem_5F17.font.s Fonts/build/GlyphItem/FontItem_8F85.font.s Fonts/build/GlyphText/FontText_4E22.font.s Fonts/build/GlyphItem/FontItem_6109.font.s Fonts/build/GlyphText/FontText_53F8.font.s Fonts/build/GlyphText/FontText_9CA6.font.s Fonts/build/GlyphText/FontText_804A.font.s Fonts/build/GlyphItem/FontItem_542E.font.s Fonts/build/GlyphItem/FontItem_78BA.font.s Fonts/build/GlyphItem/FontItem_9097.font.s Fonts/build/GlyphItem/FontItem_5669.font.s Fonts/build/GlyphItem/FontItem_88E8.font.s Fonts/build/GlyphItem/FontItem_96C7.font.s Fonts/build/GlyphText/FontText_0048.font.s Fonts/build/GlyphText/FontText_8F68.font.s Fonts/build/GlyphItem/FontItem_4FCF.font.s Fonts/build/GlyphItem/FontItem_522E.font.s Fonts/build/GlyphText/FontText_97EB.font.s Fonts/build/GlyphItem/FontItem_8431.font.s Fonts/build/GlyphText/FontText_4EE5.font.s Fonts/build/GlyphText/FontText_5211.font.s Fonts/build/GlyphText/FontText_62AB.font.s Fonts/build/GlyphItem/FontItem_9E2D.font.s Fonts/build/GlyphText/FontText_5349.font.s Fonts/build/GlyphItem/FontItem_6B32.font.s Fonts/build/GlyphItem/FontItem_5C4E.font.s Fonts/build/GlyphItem/FontItem_5BD3.font.s Fonts/build/GlyphText/FontText_94F0.font.s Fonts/build/GlyphText/FontText_55EF.font.s Fonts/build/GlyphText/FontText_4E15.font.s Fonts/build/GlyphText/FontText_94AC.font.s Fonts/build/GlyphItem/FontItem_544B.font.s Fonts/build/GlyphText/FontText_4F5E.font.s Fonts/build/GlyphItem/FontItem_6850.font.s Fonts/build/GlyphText/FontText_63C9.font.s Fonts/build/GlyphText/FontText_7D71.font.s Fonts/build/GlyphText/FontText_534A.font.s Fonts/build/GlyphText/FontText_95F4.font.s Fonts/build/GlyphText/FontText_52B3.font.s Fonts/build/GlyphText/FontText_5D6F.font.s Fonts/build/GlyphText/FontText_0065.font.s Fonts/build/GlyphItem/FontItem_9E26.font.s Fonts/build/GlyphItem/FontItem_8315.font.s Fonts/build/GlyphText/FontText_6C5E.font.s Fonts/build/GlyphItem/FontItem_592F.font.s Fonts/build/GlyphText/FontText_8F73.font.s Fonts/build/GlyphText/FontText_8DFA.font.s Fonts/build/GlyphText/FontText_9CE2.font.s Fonts/build/GlyphItem/FontItem_73E7.font.s Fonts/build/GlyphText/FontText_87FB.font.s Fonts/build/GlyphText/FontText_96B0.font.s Fonts/build/GlyphItem/FontItem_7315.font.s Fonts/build/GlyphItem/FontItem_98A6.font.s Fonts/build/GlyphText/FontText_4FDD.font.s Fonts/build/GlyphItem/FontItem_4E86.font.s Fonts/build/GlyphItem/FontItem_626B.font.s Fonts/build/GlyphText/FontText_606D.font.s Fonts/build/GlyphText/FontText_64B8.font.s Fonts/build/GlyphText/FontText_8B07.font.s Fonts/build/GlyphText/FontText_7AAD.font.s Fonts/build/GlyphItem/FontItem_5C60.font.s Fonts/build/GlyphText/FontText_FF08.font.s Fonts/build/GlyphItem/FontItem_556D.font.s Fonts/build/GlyphItem/FontItem_53E0.font.s Fonts/build/GlyphItem/FontItem_96B0.font.s Fonts/build/GlyphText/FontText_5A3C.font.s Fonts/build/GlyphText/FontText_684A.font.s Fonts/build/GlyphItem/FontItem_9A82.font.s Fonts/build/GlyphItem/FontItem_8FEA.font.s Fonts/build/GlyphItem/FontItem_8E44.font.s Fonts/build/GlyphText/FontText_9EB8.font.s Fonts/build/GlyphText/FontText_535C.font.s Fonts/build/GlyphText/FontText_6CAA.font.s Fonts/build/GlyphText/FontText_30D6.font.s Fonts/build/GlyphItem/FontItem_8F7E.font.s Fonts/build/GlyphItem/FontItem_30CB.font.s Fonts/build/GlyphItem/FontItem_885B.font.s Fonts/build/GlyphText/FontText_800D.font.s Fonts/build/GlyphItem/FontItem_6939.font.s Fonts/build/GlyphText/FontText_9179.font.s Fonts/build/GlyphItem/FontItem_949C.font.s Fonts/build/GlyphItem/FontItem_6D3C.font.s Fonts/build/GlyphItem/FontItem_8D5E.font.s Fonts/build/GlyphItem/FontItem_7DD1.font.s Fonts/build/GlyphText/FontText_306A.font.s Fonts/build/GlyphText/FontText_778C.font.s Fonts/build/GlyphItem/FontItem_5B54.font.s Fonts/build/GlyphItem/FontItem_5E3C.font.s Fonts/build/GlyphText/FontText_9CF4.font.s Fonts/build/GlyphItem/FontItem_8058.font.s Fonts/build/GlyphItem/FontItem_0070.font.s Fonts/build/GlyphItem/FontItem_9F89.font.s Fonts/build/GlyphItem/FontItem_789F.font.s Fonts/build/GlyphText/FontText_300E.font.s Fonts/build/GlyphText/FontText_5664.font.s Fonts/build/GlyphItem/FontItem_77DC.font.s Fonts/build/GlyphText/FontText_8BE4.font.s Fonts/build/GlyphText/FontText_306F.font.s Fonts/build/GlyphText/FontText_7729.font.s Fonts/build/GlyphItem/FontItem_917F.font.s Fonts/build/GlyphItem/FontItem_6452.font.s Fonts/build/GlyphText/FontText_592B.font.s Fonts/build/GlyphText/FontText_4ECD.font.s Fonts/build/GlyphText/FontText_889C.font.s Fonts/build/GlyphItem/FontItem_6E53.font.s Fonts/build/GlyphText/FontText_6CFB.font.s Fonts/build/GlyphItem/FontItem_7F3A.font.s Fonts/build/GlyphText/FontText_8E9C.font.s Fonts/build/GlyphItem/FontItem_8868.font.s Fonts/build/GlyphText/FontText_75A5.font.s Fonts/build/GlyphText/FontText_88B1.font.s Fonts/build/GlyphText/FontText_696B.font.s Fonts/build/GlyphText/FontText_63F8.font.s Fonts/build/GlyphText/FontText_9EEA.font.s Fonts/build/GlyphItem/FontItem_736D.font.s Fonts/build/GlyphText/FontText_63A7.font.s Fonts/build/GlyphItem/FontItem_6177.font.s Fonts/build/GlyphText/FontText_81ED.font.s Fonts/build/GlyphItem/FontItem_6021.font.s Fonts/build/GlyphText/FontText_642A.font.s Fonts/build/GlyphText/FontText_5EBE.font.s Fonts/build/GlyphText/FontText_4EEE.font.s Fonts/build/GlyphText/FontText_956F.font.s Fonts/build/GlyphItem/FontItem_847A.font.s Fonts/build/GlyphText/FontText_80E1.font.s Fonts/build/GlyphItem/FontItem_6469.font.s Fonts/build/GlyphText/FontText_94AB.font.s Fonts/build/GlyphText/FontText_9271.font.s Fonts/build/GlyphText/FontText_00E2.font.s Fonts/build/GlyphItem/FontItem_6FEE.font.s Fonts/build/GlyphItem/FontItem_6206.font.s Fonts/build/GlyphItem/FontItem_7CBE.font.s Fonts/build/GlyphItem/FontItem_659B.font.s Fonts/build/GlyphItem/FontItem_30D4.font.s Fonts/build/GlyphItem/FontItem_72F7.font.s Fonts/build/GlyphText/FontText_54C0.font.s Fonts/build/GlyphText/FontText_751C.font.s Fonts/build/GlyphItem/FontItem_94B9.font.s Fonts/build/GlyphItem/FontItem_7433.font.s Fonts/build/GlyphText/FontText_63DB.font.s Fonts/build/GlyphItem/FontItem_9494.font.s Fonts/build/GlyphText/FontText_5507.font.s Fonts/build/GlyphText/FontText_5834.font.s Fonts/build/GlyphItem/FontItem_89D0.font.s Fonts/build/GlyphItem/FontItem_4EE1.font.s Fonts/build/GlyphItem/FontItem_8D22.font.s Fonts/build/GlyphText/FontText_6BAA.font.s Fonts/build/GlyphText/FontText_5786.font.s Fonts/build/GlyphItem/FontItem_626A.font.s Fonts/build/GlyphText/FontText_8D26.font.s Fonts/build/GlyphItem/FontItem_6C0D.font.s Fonts/build/GlyphItem/FontItem_7B8D.font.s Fonts/build/GlyphItem/FontItem_94D1.font.s Fonts/build/GlyphItem/FontItem_952E.font.s Fonts/build/GlyphItem/FontItem_9576.font.s Fonts/build/GlyphText/FontText_7EC0.font.s Fonts/build/GlyphItem/FontItem_524C.font.s Fonts/build/GlyphText/FontText_9507.font.s Fonts/build/GlyphItem/FontItem_953E.font.s Fonts/build/GlyphText/FontText_65EE.font.s Fonts/build/GlyphItem/FontItem_9B49.font.s Fonts/build/GlyphItem/FontItem_83A8.font.s Fonts/build/GlyphItem/FontItem_8284.font.s Fonts/build/GlyphItem/FontItem_7EAA.font.s Fonts/build/GlyphText/FontText_63ED.font.s Fonts/build/GlyphText/FontText_2605.font.s Fonts/build/GlyphText/FontText_626D.font.s Fonts/build/GlyphText/FontText_7FAF.font.s Fonts/build/GlyphItem/FontItem_5BDE.font.s Fonts/build/GlyphItem/FontItem_9698.font.s Fonts/build/GlyphItem/FontItem_80FA.font.s Fonts/build/GlyphText/FontText_6C76.font.s Fonts/build/GlyphItem/FontItem_9998.font.s Fonts/build/GlyphItem/FontItem_007D.font.s Fonts/build/GlyphItem/FontItem_4FB6.font.s Fonts/build/GlyphText/FontText_6BB5.font.s Fonts/build/GlyphItem/FontItem_5580.font.s Fonts/build/GlyphItem/FontItem_7116.font.s Fonts/build/GlyphItem/FontItem_8031.font.s Fonts/build/GlyphText/FontText_67CF.font.s Fonts/build/GlyphText/FontText_572E.font.s Fonts/build/GlyphItem/FontItem_956C.font.s Fonts/build/GlyphText/FontText_638E.font.s Fonts/build/GlyphItem/FontItem_662F.font.s Fonts/build/GlyphText/FontText_94DE.font.s Fonts/build/GlyphText/FontText_906D.font.s Fonts/build/GlyphText/FontText_67DC.font.s Fonts/build/GlyphItem/FontItem_5C6E.font.s Fonts/build/GlyphText/FontText_78B9.font.s Fonts/build/GlyphText/FontText_955E.font.s Fonts/build/GlyphText/FontText_9997.font.s Fonts/build/GlyphItem/FontItem_8DCB.font.s Fonts/build/GlyphItem/FontItem_5E8B.font.s Fonts/build/GlyphItem/FontItem_75B3.font.s Fonts/build/GlyphText/FontText_724C.font.s Fonts/build/GlyphItem/FontItem_865C.font.s Fonts/build/GlyphItem/FontItem_FF51.font.s Fonts/build/GlyphText/FontText_698D.font.s Fonts/build/GlyphText/FontText_819C.font.s Fonts/build/GlyphText/FontText_6F13.font.s Fonts/build/GlyphItem/FontItem_94A4.font.s Fonts/build/GlyphText/FontText_6C5C.font.s Fonts/build/GlyphItem/FontItem_8D1E.font.s Fonts/build/GlyphText/FontText_557B.font.s Fonts/build/GlyphText/FontText_2661.font.s Fonts/build/GlyphText/FontText_54EA.font.s Fonts/build/GlyphText/FontText_8B58.font.s Fonts/build/GlyphItem/FontItem_94A5.font.s Fonts/build/GlyphItem/FontItem_832F.font.s Fonts/build/GlyphItem/FontItem_7118.font.s Fonts/build/GlyphItem/FontItem_7FE9.font.s Fonts/build/GlyphText/FontText_8E1E.font.s Fonts/build/GlyphText/FontText_8A8D.font.s Fonts/build/GlyphItem/FontItem_7F32.font.s Fonts/build/GlyphItem/FontItem_6781.font.s Fonts/build/GlyphText/FontText_2463.font.s Fonts/build/GlyphItem/FontItem_795C.font.s Fonts/build/GlyphItem/FontItem_90C7.font.s Fonts/build/GlyphText/FontText_6749.font.s Fonts/build/GlyphText/FontText_514B.font.s Fonts/build/GlyphItem/FontItem_950A.font.s Fonts/build/GlyphText/FontText_6D39.font.s Fonts/build/GlyphItem/FontItem_6869.font.s Fonts/build/GlyphItem/FontItem_75C8.font.s Fonts/build/GlyphText/FontText_7538.font.s Fonts/build/GlyphItem/FontItem_7D6E.font.s Fonts/build/GlyphItem/FontItem_543B.font.s Fonts/build/GlyphText/FontText_9E6B.font.s Fonts/build/GlyphText/FontText_6CEB.font.s Fonts/build/GlyphItem/FontItem_82F4.font.s Fonts/build/GlyphItem/FontItem_523A.font.s Fonts/build/GlyphItem/FontItem_FF21.font.s Fonts/build/GlyphText/FontText_8BA9.font.s Fonts/build/GlyphText/FontText_97E6.font.s Fonts/build/GlyphItem/FontItem_88A2.font.s Fonts/build/GlyphText/FontText_5A04.font.s Fonts/build/GlyphText/FontText_83A9.font.s Fonts/build/GlyphItem/FontItem_FF38.font.s Fonts/build/GlyphText/FontText_7A8D.font.s Fonts/build/GlyphItem/FontItem_7BA2.font.s Fonts/build/GlyphItem/FontItem_8D3A.font.s Fonts/build/GlyphText/FontText_5F29.font.s Fonts/build/GlyphText/FontText_560C.font.s Fonts/build/GlyphItem/FontItem_96C0.font.s Fonts/build/GlyphItem/FontItem_94ED.font.s Fonts/build/GlyphItem/FontItem_6833.font.s Fonts/build/GlyphItem/FontItem_54AB.font.s Fonts/build/GlyphText/FontText_630E.font.s Fonts/build/GlyphText/FontText_9981.font.s Fonts/build/GlyphItem/FontItem_82D4.font.s Fonts/build/GlyphText/FontText_5C09.font.s Fonts/build/GlyphText/FontText_5E7E.font.s Fonts/build/GlyphText/FontText_8BE0.font.s Fonts/build/GlyphText/FontText_7684.font.s Fonts/build/GlyphText/FontText_7275.font.s Fonts/build/GlyphItem/FontItem_62D0.font.s Fonts/build/GlyphItem/FontItem_56F2.font.s Fonts/build/GlyphItem/FontItem_9CCE.font.s Fonts/build/GlyphText/FontText_89D2.font.s Fonts/build/GlyphItem/FontItem_873E.font.s Fonts/build/GlyphItem/FontItem_5FCC.font.s Fonts/build/GlyphItem/FontItem_64C0.font.s Fonts/build/GlyphItem/FontItem_044A.font.s Fonts/build/GlyphText/FontText_672A.font.s Fonts/build/GlyphItem/FontItem_8F7D.font.s Fonts/build/GlyphItem/FontItem_8239.font.s Fonts/build/GlyphItem/FontItem_672B.font.s Fonts/build/GlyphItem/FontItem_7B03.font.s Fonts/build/GlyphText/FontText_5578.font.s Fonts/build/GlyphText/FontText_834F.font.s Fonts/build/GlyphText/FontText_94AA.font.s Fonts/build/GlyphText/FontText_5C25.font.s Fonts/build/GlyphItem/FontItem_8E47.font.s Fonts/build/GlyphText/FontText_885B.font.s Fonts/build/GlyphText/FontText_51DB.font.s Fonts/build/GlyphItem/FontItem_68AD.font.s Fonts/build/GlyphText/FontText_778D.font.s Fonts/build/GlyphText/FontText_7A4D.font.s Fonts/build/GlyphItem/FontItem_84CD.font.s Fonts/build/GlyphItem/FontItem_86B1.font.s Fonts/build/GlyphItem/FontItem_6DAB.font.s Fonts/build/GlyphItem/FontItem_607B.font.s Fonts/build/GlyphText/FontText_5E74.font.s Fonts/build/GlyphItem/FontItem_8BE0.font.s Fonts/build/GlyphItem/FontItem_96A3.font.s Fonts/build/GlyphItem/FontItem_670B.font.s Fonts/build/GlyphText/FontText_8CBB.font.s Fonts/build/GlyphItem/FontItem_5D07.font.s Fonts/build/GlyphText/FontText_551B.font.s Fonts/build/GlyphText/FontText_7C91.font.s Fonts/build/GlyphItem/FontItem_5C90.font.s Fonts/build/GlyphText/FontText_706D.font.s Fonts/build/GlyphText/FontText_530D.font.s Fonts/build/GlyphText/FontText_96FB.font.s Fonts/build/GlyphItem/FontItem_6838.font.s Fonts/build/GlyphItem/FontItem_8037.font.s Fonts/build/GlyphText/FontText_8734.font.s Fonts/build/GlyphItem/FontItem_7696.font.s Fonts/build/GlyphText/FontText_98A1.font.s Fonts/build/GlyphText/FontText_8CAB.font.s Fonts/build/GlyphText/FontText_90AA.font.s Fonts/build/GlyphItem/FontItem_988C.font.s Fonts/build/GlyphItem/FontItem_7AEF.font.s Fonts/build/GlyphItem/FontItem_9545.font.s Fonts/build/GlyphItem/FontItem_5F00.font.s Fonts/build/GlyphText/FontText_9E36.font.s Fonts/build/GlyphItem/FontItem_6DB5.font.s Fonts/build/GlyphItem/FontItem_7F69.font.s Fonts/build/GlyphItem/FontItem_60DF.font.s Fonts/build/GlyphItem/FontItem_5F6A.font.s Fonts/build/GlyphText/FontText_5988.font.s Fonts/build/GlyphText/FontText_5B9A.font.s Fonts/build/GlyphItem/FontItem_873F.font.s Fonts/build/GlyphItem/FontItem_7D22.font.s Fonts/build/GlyphText/FontText_4F38.font.s Fonts/build/GlyphText/FontText_5815.font.s Fonts/build/GlyphItem/FontItem_7B6E.font.s Fonts/build/GlyphText/FontText_8A07.font.s Fonts/build/GlyphText/FontText_5C50.font.s Fonts/build/GlyphItem/FontItem_5043.font.s Fonts/build/GlyphItem/FontItem_552A.font.s Fonts/build/GlyphText/FontText_308A.font.s Fonts/build/GlyphText/FontText_9A7F.font.s Fonts/build/GlyphText/FontText_2013.font.s Fonts/build/GlyphText/FontText_8E22.font.s Fonts/build/GlyphText/FontText_7F16.font.s Fonts/build/GlyphItem/FontItem_761B.font.s Fonts/build/GlyphItem/FontItem_536F.font.s Fonts/build/GlyphText/FontText_8D5C.font.s Fonts/build/GlyphText/FontText_8925.font.s Fonts/build/GlyphItem/FontItem_5C66.font.s Fonts/build/GlyphItem/FontItem_FF26.font.s Fonts/build/GlyphItem/FontItem_65EE.font.s Fonts/build/GlyphItem/FontItem_007C.font.s Fonts/build/GlyphText/FontText_9CC6.font.s Fonts/build/GlyphText/FontText_6E86.font.s Fonts/build/GlyphItem/FontItem_8401.font.s Fonts/build/GlyphItem/FontItem_76DB.font.s Fonts/build/GlyphText/FontText_5DE1.font.s Fonts/build/GlyphText/FontText_7FA4.font.s Fonts/build/GlyphItem/FontItem_50EE.font.s Fonts/build/GlyphItem/FontItem_6726.font.s Fonts/build/GlyphText/FontText_6280.font.s Fonts/build/GlyphText/FontText_6750.font.s Fonts/build/GlyphItem/FontItem_867D.font.s Fonts/build/GlyphItem/FontItem_869D.font.s Fonts/build/GlyphItem/FontItem_5408.font.s Fonts/build/GlyphItem/FontItem_564D.font.s Fonts/build/GlyphText/FontText_6DC5.font.s Fonts/build/GlyphText/FontText_5D14.font.s Fonts/build/GlyphItem/FontItem_9088.font.s Fonts/build/GlyphText/FontText_7DCF.font.s Fonts/build/GlyphText/FontText_5C98.font.s Fonts/build/GlyphText/FontText_6C11.font.s Fonts/build/GlyphText/FontText_59DC.font.s Fonts/build/GlyphText/FontText_6083.font.s Fonts/build/GlyphItem/FontItem_7BAD.font.s Fonts/build/GlyphText/FontText_83E5.font.s Fonts/build/GlyphText/FontText_5192.font.s Fonts/build/GlyphText/FontText_6162.font.s Fonts/build/GlyphText/FontText_69D4.font.s Fonts/build/GlyphItem/FontItem_54DA.font.s Fonts/build/GlyphText/FontText_4E32.font.s Fonts/build/GlyphItem/FontItem_30AA.font.s Fonts/build/GlyphText/FontText_500C.font.s Fonts/build/GlyphItem/FontItem_5E94.font.s Fonts/build/GlyphText/FontText_4E60.font.s Fonts/build/GlyphText/FontText_7A9F.font.s Fonts/build/GlyphItem/FontItem_660A.font.s Fonts/build/GlyphText/FontText_50BB.font.s Fonts/build/GlyphText/FontText_6851.font.s Fonts/build/GlyphItem/FontItem_8093.font.s Fonts/build/GlyphText/FontText_63A8.font.s Fonts/build/GlyphText/FontText_6628.font.s Fonts/build/GlyphItem/FontItem_30C2.font.s Fonts/build/GlyphText/FontText_8FDF.font.s Fonts/build/GlyphItem/FontItem_997F.font.s Fonts/build/GlyphText/FontText_7035.font.s Fonts/build/GlyphItem/FontItem_5406.font.s Fonts/build/GlyphItem/FontItem_221E.font.s Fonts/build/GlyphText/FontText_71F9.font.s Fonts/build/GlyphText/FontText_59D8.font.s Fonts/build/GlyphText/FontText_8CB7.font.s Fonts/build/GlyphItem/FontItem_4FFE.font.s Fonts/build/GlyphItem/FontItem_222C.font.s Fonts/build/GlyphText/FontText_6798.font.s Fonts/build/GlyphText/FontText_8191.font.s Fonts/build/GlyphText/FontText_740A.font.s Fonts/build/GlyphText/FontText_8ACB.font.s Fonts/build/GlyphText/FontText_524C.font.s Fonts/build/GlyphItem/FontItem_548C.font.s Fonts/build/GlyphItem/FontItem_6CAA.font.s Fonts/build/GlyphText/FontText_77FD.font.s Fonts/build/GlyphText/FontText_89E6.font.s Fonts/build/GlyphText/FontText_97A3.font.s Fonts/build/GlyphItem/FontItem_5A62.font.s Fonts/build/GlyphItem/FontItem_51F6.font.s Fonts/build/GlyphText/FontText_5EA7.font.s Fonts/build/GlyphItem/FontItem_7BC7.font.s Fonts/build/GlyphItem/FontItem_76B2.font.s Fonts/build/GlyphText/FontText_6DC0.font.s Fonts/build/GlyphItem/FontItem_75E4.font.s Fonts/build/GlyphText/FontText_8C0B.font.s Fonts/build/GlyphText/FontText_7F9F.font.s Fonts/build/GlyphItem/FontItem_89C7.font.s Fonts/build/GlyphText/FontText_6652.font.s Fonts/build/GlyphText/FontText_82D5.font.s Fonts/build/GlyphItem/FontItem_6CDB.font.s Fonts/build/GlyphItem/FontItem_608C.font.s Fonts/build/GlyphText/FontText_84F0.font.s Fonts/build/GlyphItem/FontItem_554F.font.s Fonts/build/GlyphText/FontText_987D.font.s Fonts/build/GlyphText/FontText_6614.font.s Fonts/build/GlyphItem/FontItem_547B.font.s Fonts/build/GlyphText/FontText_8DFB.font.s Fonts/build/GlyphText/FontText_7B79.font.s Fonts/build/GlyphText/FontText_813E.font.s Fonts/build/GlyphItem/FontItem_6876.font.s Fonts/build/GlyphItem/FontItem_8426.font.s Fonts/build/GlyphText/FontText_6F2F.font.s Fonts/build/GlyphItem/FontItem_89DE.font.s Fonts/build/GlyphText/FontText_9ECD.font.s Fonts/build/GlyphItem/FontItem_4FE3.font.s Fonts/build/GlyphItem/FontItem_7EAB.font.s Fonts/build/GlyphText/FontText_6042.font.s Fonts/build/GlyphItem/FontItem_6FB3.font.s Fonts/build/GlyphText/FontText_6069.font.s Fonts/build/GlyphText/FontText_94AE.font.s Fonts/build/GlyphItem/FontItem_30DE.font.s Fonts/build/GlyphText/FontText_8D38.font.s Fonts/build/GlyphItem/FontItem_90EB.font.s Fonts/build/GlyphItem/FontItem_6687.font.s Fonts/build/GlyphText/FontText_60FA.font.s Fonts/build/GlyphItem/FontItem_9A90.font.s Fonts/build/GlyphItem/FontItem_5E1A.font.s Fonts/build/GlyphItem/FontItem_634F.font.s Fonts/build/GlyphItem/FontItem_5023.font.s Fonts/build/GlyphText/FontText_8CCA.font.s Fonts/build/GlyphText/FontText_69BB.font.s Fonts/build/GlyphItem/FontItem_54D1.font.s Fonts/build/GlyphItem/FontItem_802A.font.s Fonts/build/GlyphText/FontText_5BCC.font.s Fonts/build/GlyphText/FontText_5B32.font.s Fonts/build/GlyphText/FontText_57D9.font.s Fonts/build/GlyphText/FontText_5055.font.s Fonts/build/GlyphText/FontText_9CD5.font.s Fonts/build/GlyphText/FontText_6C72.font.s Fonts/build/GlyphItem/FontItem_89A7.font.s Fonts/build/GlyphItem/FontItem_6000.font.s Fonts/build/GlyphItem/FontItem_96E0.font.s Fonts/build/GlyphItem/FontItem_8D81.font.s Fonts/build/GlyphText/FontText_5C4D.font.s Fonts/build/GlyphItem/FontItem_56B7.font.s Fonts/build/GlyphItem/FontItem_642A.font.s Fonts/build/GlyphItem/FontItem_2171.font.s Fonts/build/GlyphItem/FontItem_9529.font.s Fonts/build/GlyphItem/FontItem_9489.font.s Fonts/build/GlyphItem/FontItem_86CA.font.s Fonts/build/GlyphItem/FontItem_5459.font.s Fonts/build/GlyphItem/FontItem_7ED4.font.s Fonts/build/GlyphText/FontText_79D5.font.s Fonts/build/GlyphText/FontText_8202.font.s Fonts/build/GlyphItem/FontItem_848B.font.s Fonts/build/GlyphItem/FontItem_5A32.font.s Fonts/build/GlyphItem/FontItem_9E63.font.s Fonts/build/GlyphItem/FontItem_5CA9.font.s Fonts/build/GlyphText/FontText_7523.font.s Fonts/build/GlyphItem/FontItem_502E.font.s Fonts/build/GlyphText/FontText_9CC4.font.s Fonts/build/GlyphItem/FontItem_6EA2.font.s Fonts/build/GlyphText/FontText_4E49.font.s Fonts/build/GlyphItem/FontItem_751A.font.s Fonts/build/GlyphText/FontText_9A7B.font.s Fonts/build/GlyphItem/FontItem_5189.font.s Fonts/build/GlyphText/FontText_8A55.font.s Fonts/build/GlyphItem/FontItem_63E1.font.s Fonts/build/GlyphItem/FontItem_9063.font.s Fonts/build/GlyphItem/FontItem_989D.font.s Fonts/build/GlyphText/FontText_54FC.font.s Fonts/build/GlyphText/FontText_79DF.font.s Fonts/build/GlyphText/FontText_8BCF.font.s Fonts/build/GlyphItem/FontItem_94D6.font.s Fonts/build/GlyphText/FontText_51F9.font.s Fonts/build/GlyphText/FontText_9611.font.s Fonts/build/GlyphItem/FontItem_86DB.font.s Fonts/build/GlyphText/FontText_637A.font.s Fonts/build/GlyphText/FontText_7531.font.s Fonts/build/GlyphItem/FontItem_81E5.font.s Fonts/build/GlyphText/FontText_6BCE.font.s Fonts/build/GlyphItem/FontItem_90D7.font.s Fonts/build/GlyphText/FontText_8C2E.font.s Fonts/build/GlyphItem/FontItem_FF1E.font.s Fonts/build/GlyphItem/FontItem_5C7F.font.s Fonts/build/GlyphItem/FontItem_9B1F.font.s Fonts/build/GlyphText/FontText_FF0E.font.s Fonts/build/GlyphText/FontText_9E71.font.s Fonts/build/GlyphText/FontText_78BA.font.s Fonts/build/GlyphText/FontText_8A69.font.s Fonts/build/GlyphText/FontText_9606.font.s Fonts/build/GlyphText/FontText_9A12.font.s Fonts/build/GlyphItem/FontItem_7DF4.font.s Fonts/build/GlyphItem/FontItem_7A74.font.s Fonts/build/GlyphText/FontText_6484.font.s Fonts/build/GlyphText/FontText_8A9E.font.s Fonts/build/GlyphText/FontText_8C0E.font.s Fonts/build/GlyphItem/FontItem_7023.font.s Fonts/build/GlyphItem/FontItem_5514.font.s Fonts/build/GlyphItem/FontItem_8314.font.s Fonts/build/GlyphItem/FontItem_532A.font.s Fonts/build/GlyphItem/FontItem_73AB.font.s Fonts/build/GlyphText/FontText_0039.font.s Fonts/build/GlyphText/FontText_004C.font.s Fonts/build/GlyphText/FontText_65B0.font.s Fonts/build/GlyphItem/FontItem_5BF9.font.s Fonts/build/GlyphItem/FontItem_7EB7.font.s Fonts/build/GlyphText/FontText_5AEB.font.s Fonts/build/GlyphItem/FontItem_9E70.font.s Fonts/build/GlyphText/FontText_8759.font.s Fonts/build/GlyphItem/FontItem_7173.font.s Fonts/build/GlyphItem/FontItem_75B8.font.s Fonts/build/GlyphText/FontText_53D4.font.s Fonts/build/GlyphItem/FontItem_72B8.font.s Fonts/build/GlyphText/FontText_6CDE.font.s Fonts/build/GlyphItem/FontItem_9174.font.s Fonts/build/GlyphItem/FontItem_7BF7.font.s Fonts/build/GlyphItem/FontItem_6DC7.font.s Fonts/build/GlyphText/FontText_7345.font.s Fonts/build/GlyphText/FontText_3060.font.s Fonts/build/GlyphText/FontText_6414.font.s Fonts/build/GlyphText/FontText_95E9.font.s Fonts/build/GlyphText/FontText_9E25.font.s Fonts/build/GlyphText/FontText_8934.font.s Fonts/build/GlyphText/FontText_6F24.font.s Fonts/build/GlyphText/FontText_5962.font.s Fonts/build/GlyphItem/FontItem_5477.font.s Fonts/build/GlyphText/FontText_7184.font.s Fonts/build/GlyphText/FontText_75C3.font.s Fonts/build/GlyphItem/FontItem_62A1.font.s Fonts/build/GlyphText/FontText_607B.font.s Fonts/build/GlyphText/FontText_75C2.font.s Fonts/build/GlyphItem/FontItem_3050.font.s Fonts/build/GlyphText/FontText_4E88.font.s Fonts/build/GlyphItem/FontItem_6CCC.font.s Fonts/build/GlyphText/FontText_5594.font.s Fonts/build/GlyphText/FontText_30CE.font.s Fonts/build/GlyphText/FontText_5565.font.s Fonts/build/GlyphItem/FontItem_6C30.font.s Fonts/build/GlyphItem/FontItem_7316.font.s Fonts/build/GlyphText/FontText_704C.font.s Fonts/build/GlyphText/FontText_5482.font.s Fonts/build/GlyphText/FontText_30DB.font.s Fonts/build/GlyphText/FontText_5FFB.font.s Fonts/build/GlyphText/FontText_9514.font.s Fonts/build/GlyphItem/FontItem_5E61.font.s Fonts/build/GlyphText/FontText_745A.font.s Fonts/build/GlyphItem/FontItem_53DB.font.s Fonts/build/GlyphItem/FontItem_5892.font.s Fonts/build/GlyphText/FontText_9BAE.font.s Fonts/build/GlyphItem/FontItem_96D1.font.s Fonts/build/GlyphText/FontText_5353.font.s Fonts/build/GlyphItem/FontItem_9047.font.s Fonts/build/GlyphItem/FontItem_5BA4.font.s Fonts/build/GlyphItem/FontItem_5404.font.s Fonts/build/GlyphItem/FontItem_6841.font.s Fonts/build/GlyphText/FontText_81C6.font.s Fonts/build/GlyphItem/FontItem_6420.font.s Fonts/build/GlyphItem/FontItem_4E14.font.s Fonts/build/GlyphItem/FontItem_57A4.font.s Fonts/build/GlyphItem/FontItem_5B93.font.s Fonts/build/GlyphItem/FontItem_7B62.font.s Fonts/build/GlyphText/FontText_6124.font.s Fonts/build/GlyphText/FontText_88AB.font.s Fonts/build/GlyphItem/FontItem_8D39.font.s Fonts/build/GlyphText/FontText_955B.font.s Fonts/build/GlyphItem/FontItem_88D9.font.s Fonts/build/GlyphText/FontText_5A31.font.s Fonts/build/GlyphItem/FontItem_7CB1.font.s Fonts/build/GlyphText/FontText_6B20.font.s Fonts/build/GlyphText/FontText_5704.font.s Fonts/build/GlyphText/FontText_76F8.font.s Fonts/build/GlyphText/FontText_5618.font.s Fonts/build/GlyphText/FontText_6A3D.font.s Fonts/build/GlyphText/FontText_660E.font.s Fonts/build/GlyphText/FontText_7BE1.font.s Fonts/build/GlyphItem/FontItem_82AB.font.s Fonts/build/GlyphText/FontText_77E2.font.s Fonts/build/GlyphItem/FontItem_81BA.font.s Fonts/build/GlyphText/FontText_8F88.font.s Fonts/build/GlyphText/FontText_5634.font.s Fonts/build/GlyphText/FontText_848C.font.s Fonts/build/GlyphItem/FontItem_9602.font.s Fonts/build/GlyphText/FontText_53E6.font.s Fonts/build/GlyphText/FontText_8D5B.font.s Fonts/build/GlyphText/FontText_6398.font.s Fonts/build/GlyphItem/FontItem_727E.font.s Fonts/build/GlyphText/FontText_5C3C.font.s Fonts/build/GlyphItem/FontItem_4E3E.font.s Fonts/build/GlyphText/FontText_8651.font.s Fonts/build/GlyphText/FontText_6A21.font.s Fonts/build/GlyphItem/FontItem_5F0A.font.s Fonts/build/GlyphText/FontText_54B1.font.s Fonts/build/GlyphItem/FontItem_6DB2.font.s Fonts/build/GlyphText/FontText_51F1.font.s Fonts/build/GlyphItem/FontItem_3049.font.s Fonts/build/GlyphText/FontText_9052.font.s Fonts/build/GlyphText/FontText_668C.font.s Fonts/build/GlyphItem/FontItem_88D8.font.s Fonts/build/GlyphText/FontText_8165.font.s Fonts/build/GlyphText/FontText_4F20.font.s Fonts/build/GlyphItem/FontItem_308C.font.s Fonts/build/GlyphText/FontText_88AD.font.s Fonts/build/GlyphItem/FontItem_8E0C.font.s Fonts/build/GlyphItem/FontItem_88CE.font.s Fonts/build/GlyphItem/FontItem_3059.font.s Fonts/build/GlyphItem/FontItem_7AA6.font.s Fonts/build/GlyphItem/FontItem_8D64.font.s Fonts/build/GlyphItem/FontItem_6E85.font.s Fonts/build/GlyphText/FontText_81A3.font.s Fonts/build/GlyphText/FontText_0070.font.s Fonts/build/GlyphText/FontText_98E7.font.s Fonts/build/GlyphText/FontText_7EE9.font.s Fonts/build/GlyphItem/FontItem_575B.font.s Fonts/build/GlyphItem/FontItem_63FA.font.s Fonts/build/GlyphText/FontText_533B.font.s Fonts/build/GlyphText/FontText_5750.font.s Fonts/build/GlyphText/FontText_9676.font.s Fonts/build/GlyphItem/FontItem_918B.font.s Fonts/build/GlyphItem/FontItem_5401.font.s Fonts/build/GlyphText/FontText_5212.font.s Fonts/build/GlyphText/FontText_5AC2.font.s Fonts/build/GlyphItem/FontItem_6447.font.s Fonts/build/GlyphText/FontText_6284.font.s Fonts/build/GlyphItem/FontItem_743C.font.s Fonts/build/GlyphText/FontText_5BA5.font.s Fonts/build/GlyphItem/FontItem_9F85.font.s Fonts/build/GlyphItem/FontItem_65AB.font.s Fonts/build/GlyphText/FontText_56DA.font.s Fonts/build/GlyphText/FontText_951A.font.s Fonts/build/GlyphItem/FontItem_504F.font.s Fonts/build/GlyphText/FontText_8CAA.font.s Fonts/build/GlyphItem/FontItem_90A6.font.s Fonts/build/GlyphText/FontText_726E.font.s Fonts/build/GlyphText/FontText_FF15.font.s Fonts/build/GlyphText/FontText_8159.font.s Fonts/build/GlyphItem/FontItem_5369.font.s Fonts/build/GlyphItem/FontItem_74E6.font.s Fonts/build/GlyphItem/FontItem_00CD.font.s Fonts/build/GlyphText/FontText_5958.font.s Fonts/build/GlyphItem/FontItem_653F.font.s Fonts/build/GlyphItem/FontItem_68AF.font.s Fonts/build/GlyphItem/FontItem_6CE1.font.s Fonts/build/GlyphItem/FontItem_6548.font.s Fonts/build/GlyphItem/FontItem_55F7.font.s Fonts/build/GlyphItem/FontItem_5DFD.font.s Fonts/build/GlyphItem/FontItem_84FF.font.s Fonts/build/GlyphItem/FontItem_54ED.font.s Fonts/build/GlyphItem/FontItem_5C15.font.s Fonts/build/GlyphItem/FontItem_9EE9.font.s Fonts/build/GlyphItem/FontItem_7EE7.font.s Fonts/build/GlyphText/FontText_50BA.font.s Fonts/build/GlyphItem/FontItem_9536.font.s Fonts/build/GlyphText/FontText_4ED7.font.s Fonts/build/GlyphText/FontText_6EE6.font.s Fonts/build/GlyphText/FontText_903B.font.s Fonts/build/GlyphText/FontText_6293.font.s Fonts/build/GlyphText/FontText_8476.font.s Fonts/build/GlyphItem/FontItem_6224.font.s Fonts/build/GlyphText/FontText_6309.font.s Fonts/build/GlyphText/FontText_5EEA.font.s Fonts/build/GlyphText/FontText_886C.font.s Fonts/build/GlyphItem/FontItem_652E.font.s Fonts/build/GlyphText/FontText_6C94.font.s Fonts/build/GlyphText/FontText_5708.font.s Fonts/build/GlyphItem/FontItem_81E3.font.s Fonts/build/GlyphItem/FontItem_602A.font.s Fonts/build/GlyphText/FontText_5DCD.font.s Fonts/build/GlyphItem/FontItem_6995.font.s Fonts/build/GlyphText/FontText_9000.font.s Fonts/build/GlyphItem/FontItem_9996.font.s Fonts/build/GlyphItem/FontItem_76F1.font.s Fonts/build/GlyphItem/FontItem_68A8.font.s Fonts/build/GlyphText/FontText_5188.font.s Fonts/build/GlyphItem/FontItem_8681.font.s Fonts/build/GlyphText/FontText_63A9.font.s Fonts/build/GlyphItem/FontItem_8805.font.s Fonts/build/GlyphItem/FontItem_9A76.font.s Fonts/build/GlyphItem/FontItem_9511.font.s Fonts/build/GlyphItem/FontItem_304D.font.s Fonts/build/GlyphItem/FontItem_9084.font.s Fonts/build/GlyphItem/FontItem_5D14.font.s Fonts/build/GlyphItem/FontItem_0036.font.s Fonts/build/GlyphText/FontText_82C4.font.s Fonts/build/GlyphText/FontText_580B.font.s Fonts/build/GlyphText/FontText_56E2.font.s Fonts/build/GlyphItem/FontItem_95FE.font.s Fonts/build/GlyphItem/FontItem_8815.font.s Fonts/build/GlyphText/FontText_60E8.font.s Fonts/build/GlyphText/FontText_6F0F.font.s Fonts/build/GlyphItem/FontItem_7F60.font.s Fonts/build/GlyphText/FontText_9538.font.s Fonts/build/GlyphText/FontText_5598.font.s Fonts/build/GlyphText/FontText_51C9.font.s Fonts/build/GlyphItem/FontItem_53C8.font.s Fonts/build/GlyphText/FontText_6222.font.s Fonts/build/GlyphText/FontText_9894.font.s Fonts/build/GlyphItem/FontItem_4EA2.font.s Fonts/build/GlyphItem/FontItem_7184.font.s Fonts/build/GlyphText/FontText_67A8.font.s Fonts/build/GlyphText/FontText_4FA3.font.s Fonts/build/GlyphText/FontText_6A44.font.s Fonts/build/GlyphText/FontText_0021.font.s Fonts/build/GlyphItem/FontItem_30C7.font.s Fonts/build/GlyphText/FontText_562D.font.s Fonts/build/GlyphItem/FontItem_56BC.font.s Fonts/build/GlyphText/FontText_94F2.font.s Fonts/build/GlyphItem/FontItem_30A8.font.s Fonts/build/GlyphItem/FontItem_2161.font.s Fonts/build/GlyphItem/FontItem_8179.font.s Fonts/build/GlyphText/FontText_5B34.font.s Fonts/build/GlyphText/FontText_9162.font.s Fonts/build/GlyphText/FontText_6D8E.font.s Fonts/build/GlyphText/FontText_5F8B.font.s Fonts/build/GlyphText/FontText_552A.font.s Fonts/build/GlyphText/FontText_5F01.font.s Fonts/build/GlyphText/FontText_7F51.font.s Fonts/build/GlyphText/FontText_5149.font.s Fonts/build/GlyphItem/FontItem_53CC.font.s Fonts/build/GlyphItem/FontItem_8584.font.s Fonts/build/GlyphText/FontText_5830.font.s Fonts/build/GlyphItem/FontItem_5973.font.s Fonts/build/GlyphText/FontText_7363.font.s Fonts/build/GlyphText/FontText_6D44.font.s Fonts/build/GlyphText/FontText_542C.font.s Fonts/build/GlyphText/FontText_8360.font.s Fonts/build/GlyphText/FontText_6CEE.font.s Fonts/build/GlyphItem/FontItem_8D50.font.s Fonts/build/GlyphText/FontText_8D1D.font.s Fonts/build/GlyphText/FontText_8E44.font.s Fonts/build/GlyphItem/FontItem_8459.font.s Fonts/build/GlyphText/FontText_5F37.font.s Fonts/build/GlyphItem/FontItem_6247.font.s Fonts/build/GlyphText/FontText_58D1.font.s Fonts/build/GlyphText/FontText_6C26.font.s Fonts/build/GlyphItem/FontItem_9E35.font.s Fonts/build/GlyphItem/FontItem_8734.font.s Fonts/build/GlyphText/FontText_915A.font.s Fonts/build/GlyphItem/FontItem_579B.font.s Fonts/build/GlyphItem/FontItem_6B3E.font.s Fonts/build/GlyphText/FontText_89C6.font.s Fonts/build/GlyphText/FontText_7678.font.s Fonts/build/GlyphItem/FontItem_7B79.font.s Fonts/build/GlyphItem/FontItem_550F.font.s Fonts/build/GlyphText/FontText_89D1.font.s Fonts/build/GlyphItem/FontItem_6C0F.font.s Fonts/build/GlyphItem/FontItem_600A.font.s Fonts/build/GlyphItem/FontItem_9AD1.font.s Fonts/build/GlyphText/FontText_6A5F.font.s Fonts/build/GlyphText/FontText_4F7C.font.s Fonts/build/GlyphText/FontText_5C27.font.s Fonts/build/GlyphText/FontText_51E4.font.s Fonts/build/GlyphText/FontText_807F.font.s Fonts/build/GlyphItem/FontItem_5C16.font.s Fonts/build/GlyphItem/FontItem_4F26.font.s Fonts/build/GlyphText/FontText_9668.font.s Fonts/build/GlyphItem/FontItem_51B7.font.s Fonts/build/GlyphText/FontText_4E52.font.s Fonts/build/GlyphItem/FontItem_6029.font.s Fonts/build/GlyphItem/FontItem_7D0B.font.s Fonts/build/GlyphItem/FontItem_71E5.font.s Fonts/build/GlyphText/FontText_7337.font.s Fonts/build/GlyphItem/FontItem_6C9B.font.s Fonts/build/GlyphItem/FontItem_5C7A.font.s Fonts/build/GlyphItem/FontItem_6006.font.s Fonts/build/GlyphItem/FontItem_6234.font.s Fonts/build/GlyphText/FontText_94DC.font.s Fonts/build/GlyphItem/FontItem_8748.font.s Fonts/build/GlyphItem/FontItem_5DE2.font.s Fonts/build/GlyphItem/FontItem_7D04.font.s Fonts/build/GlyphText/FontText_757F.font.s Fonts/build/GlyphItem/FontItem_8BD9.font.s Fonts/build/GlyphText/FontText_722C.font.s Fonts/build/GlyphItem/FontItem_6FC9.font.s Fonts/build/GlyphItem/FontItem_007A.font.s Fonts/build/GlyphText/FontText_5533.font.s Fonts/build/GlyphItem/FontItem_9C9B.font.s Fonts/build/GlyphItem/FontItem_3081.font.s Fonts/build/GlyphItem/FontItem_4F0F.font.s Fonts/build/GlyphItem/FontItem_89C2.font.s Fonts/build/GlyphItem/FontItem_94DE.font.s Fonts/build/GlyphText/FontText_63FF.font.s Fonts/build/GlyphText/FontText_9154.font.s Fonts/build/GlyphText/FontText_6000.font.s Fonts/build/GlyphItem/FontItem_8E22.font.s Fonts/build/GlyphItem/FontItem_8C73.font.s Fonts/build/GlyphItem/FontItem_95FD.font.s Fonts/build/GlyphItem/FontItem_85A8.font.s Fonts/build/GlyphText/FontText_7766.font.s Fonts/build/GlyphItem/FontItem_6D7C.font.s Fonts/build/GlyphText/FontText_9640.font.s Fonts/build/GlyphItem/FontItem_5B99.font.s Fonts/build/GlyphItem/FontItem_9C8E.font.s Fonts/build/GlyphItem/FontItem_8AC7.font.s Fonts/build/GlyphText/FontText_9AD3.font.s Fonts/build/GlyphText/FontText_8222.font.s Fonts/build/GlyphItem/FontItem_81F3.font.s Fonts/build/GlyphItem/FontItem_0067.font.s Fonts/build/GlyphText/FontText_7605.font.s Fonts/build/GlyphText/FontText_75F0.font.s Fonts/build/GlyphItem/FontItem_6D33.font.s Fonts/build/GlyphItem/FontItem_7622.font.s Fonts/build/GlyphText/FontText_6210.font.s Fonts/build/GlyphText/FontText_5657.font.s Fonts/build/GlyphItem/FontItem_5D6C.font.s Fonts/build/GlyphText/FontText_00BF.font.s Fonts/build/GlyphText/FontText_96C9.font.s Fonts/build/GlyphItem/FontItem_7FAF.font.s Fonts/build/GlyphItem/FontItem_832D.font.s Fonts/build/GlyphItem/FontItem_5B97.font.s Fonts/build/GlyphText/FontText_62C8.font.s Fonts/build/GlyphText/FontText_63FD.font.s Fonts/build/GlyphItem/FontItem_4F83.font.s Fonts/build/GlyphText/FontText_6627.font.s Fonts/build/GlyphItem/FontItem_962E.font.s Fonts/build/GlyphText/FontText_5C8C.font.s Fonts/build/GlyphItem/FontItem_5561.font.s Fonts/build/GlyphText/FontText_9022.font.s Fonts/build/GlyphText/FontText_604D.font.s Fonts/build/GlyphItem/FontItem_98D8.font.s Fonts/build/GlyphText/FontText_67AF.font.s Fonts/build/GlyphText/FontText_7A37.font.s Fonts/build/GlyphText/FontText_6C40.font.s Fonts/build/GlyphText/FontText_904F.font.s Fonts/build/GlyphText/FontText_6682.font.s Fonts/build/GlyphText/FontText_8556.font.s Fonts/build/GlyphItem/FontItem_6798.font.s Fonts/build/GlyphItem/FontItem_549A.font.s Fonts/build/GlyphText/FontText_00FE.font.s Fonts/build/GlyphItem/FontItem_FF23.font.s Fonts/build/GlyphText/FontText_5B73.font.s Fonts/build/GlyphItem/FontItem_5757.font.s Fonts/build/GlyphText/FontText_520D.font.s Fonts/build/GlyphItem/FontItem_684C.font.s Fonts/build/GlyphText/FontText_81E7.font.s Fonts/build/GlyphText/FontText_FF28.font.s Fonts/build/GlyphItem/FontItem_5456.font.s Fonts/build/GlyphText/FontText_6D43.font.s Fonts/build/GlyphItem/FontItem_9556.font.s Fonts/build/GlyphItem/FontItem_545B.font.s Fonts/build/GlyphItem/FontItem_6F89.font.s Fonts/build/GlyphText/FontText_60B4.font.s Fonts/build/GlyphText/FontText_5466.font.s Fonts/build/GlyphText/FontText_679E.font.s Fonts/build/GlyphItem/FontItem_7DD8.font.s Fonts/build/GlyphItem/FontItem_9537.font.s Fonts/build/GlyphText/FontText_0061.font.s Fonts/build/GlyphText/FontText_6715.font.s Fonts/build/GlyphText/FontText_9AD8.font.s Fonts/build/GlyphItem/FontItem_629E.font.s Fonts/build/GlyphText/FontText_543C.font.s Fonts/build/GlyphText/FontText_5B7A.font.s Fonts/build/GlyphText/FontText_5CA2.font.s Fonts/build/GlyphItem/FontItem_8151.font.s Fonts/build/GlyphItem/FontItem_576A.font.s Fonts/build/GlyphText/FontText_52D2.font.s Fonts/build/GlyphItem/FontItem_96C6.font.s Fonts/build/GlyphItem/FontItem_6EB1.font.s Fonts/build/GlyphItem/FontItem_9187.font.s Fonts/build/GlyphItem/FontItem_6346.font.s Fonts/build/GlyphItem/FontItem_6070.font.s Fonts/build/GlyphText/FontText_88E8.font.s Fonts/build/GlyphItem/FontItem_6B67.font.s Fonts/build/GlyphText/FontText_633D.font.s Fonts/build/GlyphText/FontText_55B7.font.s Fonts/build/GlyphText/FontText_0432.font.s Fonts/build/GlyphItem/FontItem_4F59.font.s Fonts/build/GlyphText/FontText_6F7A.font.s Fonts/build/GlyphText/FontText_89D0.font.s Fonts/build/GlyphItem/FontItem_7699.font.s Fonts/build/GlyphText/FontText_883C.font.s Fonts/build/GlyphItem/FontItem_8AA0.font.s Fonts/build/GlyphItem/FontItem_FF17.font.s Fonts/build/GlyphText/FontText_6420.font.s Fonts/build/GlyphText/FontText_7735.font.s Fonts/build/GlyphItem/FontItem_6EF9.font.s Fonts/build/GlyphItem/FontItem_7113.font.s Fonts/build/GlyphText/FontText_94B1.font.s Fonts/build/GlyphItem/FontItem_61AC.font.s Fonts/build/GlyphItem/FontItem_620E.font.s Fonts/build/GlyphItem/FontItem_75C5.font.s Fonts/build/GlyphItem/FontItem_9E73.font.s Fonts/build/GlyphText/FontText_3005.font.s Fonts/build/GlyphText/FontText_9F9A.font.s Fonts/build/GlyphItem/FontItem_83DD.font.s Fonts/build/GlyphItem/FontItem_9993.font.s Fonts/build/GlyphItem/FontItem_8708.font.s Fonts/build/GlyphText/FontText_90C7.font.s Fonts/build/GlyphItem/FontItem_6BDB.font.s Fonts/build/GlyphItem/FontItem_8BF3.font.s Fonts/build/GlyphText/FontText_7654.font.s Fonts/build/GlyphItem/FontItem_727A.font.s Fonts/build/GlyphText/FontText_7934.font.s Fonts/build/GlyphItem/FontItem_68C2.font.s Fonts/build/GlyphItem/FontItem_005B.font.s Fonts/build/GlyphItem/FontItem_FF2C.font.s Fonts/build/GlyphItem/FontItem_4E88.font.s Fonts/build/GlyphText/FontText_7ADF.font.s Fonts/build/GlyphText/FontText_6DE6.font.s Fonts/build/GlyphItem/FontItem_50CF.font.s Fonts/build/GlyphText/FontText_5523.font.s Fonts/build/GlyphText/FontText_8367.font.s Fonts/build/GlyphItem/FontItem_5F87.font.s Fonts/build/GlyphItem/FontItem_8ECB.font.s Fonts/build/GlyphText/FontText_7BEE.font.s Fonts/build/GlyphItem/FontItem_782D.font.s Fonts/build/GlyphText/FontText_306C.font.s Fonts/build/GlyphItem/FontItem_739F.font.s Fonts/build/GlyphItem/FontItem_9119.font.s Fonts/build/GlyphText/FontText_631E.font.s Fonts/build/GlyphItem/FontItem_30CD.font.s Fonts/build/GlyphItem/FontItem_7837.font.s Fonts/build/GlyphItem/FontItem_992E.font.s Fonts/build/GlyphText/FontText_8DBA.font.s Fonts/build/GlyphItem/FontItem_9493.font.s Fonts/build/GlyphText/FontText_65AF.font.s Fonts/build/GlyphText/FontText_7FA1.font.s Fonts/build/GlyphText/FontText_3075.font.s Fonts/build/GlyphItem/FontItem_5BE4.font.s Fonts/build/GlyphText/FontText_61AC.font.s Fonts/build/GlyphItem/FontItem_5355.font.s Fonts/build/GlyphItem/FontItem_5708.font.s Fonts/build/GlyphText/FontText_5CAD.font.s Fonts/build/GlyphText/FontText_54C6.font.s Fonts/build/GlyphText/FontText_7816.font.s Fonts/build/GlyphText/FontText_80DD.font.s Fonts/build/GlyphText/FontText_79E7.font.s Fonts/build/GlyphText/FontText_94A2.font.s Fonts/build/GlyphText/FontText_5D99.font.s Fonts/build/GlyphText/FontText_4E94.font.s Fonts/build/GlyphItem/FontItem_8118.font.s Fonts/build/GlyphText/FontText_75B2.font.s Fonts/build/GlyphText/FontText_52A9.font.s Fonts/build/GlyphText/FontText_94BD.font.s Fonts/build/GlyphItem/FontItem_78D5.font.s Fonts/build/GlyphText/FontText_6B87.font.s Fonts/build/GlyphItem/FontItem_00E0.font.s Fonts/build/GlyphItem/FontItem_82AC.font.s Fonts/build/GlyphText/FontText_6E0A.font.s Fonts/build/GlyphText/FontText_62DB.font.s Fonts/build/GlyphText/FontText_55FD.font.s Fonts/build/GlyphItem/FontItem_632F.font.s Fonts/build/GlyphText/FontText_623E.font.s Fonts/build/GlyphText/FontText_5F52.font.s Fonts/build/GlyphText/FontText_4E8F.font.s Fonts/build/GlyphItem/FontItem_79C6.font.s Fonts/build/GlyphItem/FontItem_308A.font.s Fonts/build/GlyphText/FontText_60EF.font.s Fonts/build/GlyphText/FontText_8351.font.s Fonts/build/GlyphItem/FontItem_615F.font.s Fonts/build/GlyphItem/FontItem_815A.font.s Fonts/build/GlyphText/FontText_8549.font.s Fonts/build/GlyphItem/FontItem_9CC3.font.s Fonts/build/GlyphText/FontText_8012.font.s Fonts/build/GlyphText/FontText_65CC.font.s Fonts/build/GlyphText/FontText_30E7.font.s Fonts/build/GlyphText/FontText_6F66.font.s Fonts/build/GlyphText/FontText_2466.font.s Fonts/build/GlyphText/FontText_6D4B.font.s Fonts/build/GlyphText/FontText_5377.font.s Fonts/build/GlyphItem/FontItem_300E.font.s Fonts/build/GlyphText/FontText_518C.font.s Fonts/build/GlyphText/FontText_556E.font.s Fonts/build/GlyphItem/FontItem_6DCC.font.s Fonts/build/GlyphText/FontText_5323.font.s Fonts/build/GlyphText/FontText_8BC0.font.s Fonts/build/GlyphText/FontText_6479.font.s Fonts/build/GlyphItem/FontItem_79CB.font.s Fonts/build/GlyphItem/FontItem_96F2.font.s Fonts/build/GlyphItem/FontItem_7ED1.font.s Fonts/build/GlyphItem/FontItem_9104.font.s Fonts/build/GlyphText/FontText_6CB8.font.s Fonts/build/GlyphItem/FontItem_6004.font.s Fonts/build/GlyphText/FontText_5DC5.font.s Fonts/build/GlyphItem/FontItem_9185.font.s Fonts/build/GlyphItem/FontItem_9517.font.s Fonts/build/GlyphItem/FontItem_69A7.font.s Fonts/build/GlyphText/FontText_82AE.font.s Fonts/build/GlyphText/FontText_62B5.font.s Fonts/build/GlyphItem/FontItem_7BEE.font.s Fonts/build/GlyphItem/FontItem_65E7.font.s Fonts/build/GlyphItem/FontItem_74F6.font.s Fonts/build/GlyphItem/FontItem_7CAA.font.s Fonts/build/GlyphItem/FontItem_63A2.font.s Fonts/build/GlyphItem/FontItem_0436.font.s Fonts/build/GlyphItem/FontItem_5AE9.font.s Fonts/build/GlyphItem/FontItem_574C.font.s Fonts/build/GlyphItem/FontItem_86FE.font.s Fonts/build/GlyphText/FontText_8E0C.font.s Fonts/build/GlyphText/FontText_6BFD.font.s Fonts/build/GlyphItem/FontItem_6208.font.s Fonts/build/GlyphItem/FontItem_5EA6.font.s Fonts/build/GlyphText/FontText_5DEE.font.s Fonts/build/GlyphText/FontText_76CF.font.s Fonts/build/GlyphItem/FontItem_4F7E.font.s Fonts/build/GlyphItem/FontItem_6A80.font.s Fonts/build/GlyphText/FontText_632F.font.s Fonts/build/GlyphItem/FontItem_5480.font.s Fonts/build/GlyphText/FontText_4EB3.font.s Fonts/build/GlyphText/FontText_66FF.font.s Fonts/build/GlyphText/FontText_5914.font.s Fonts/build/GlyphText/FontText_9492.font.s Fonts/build/GlyphText/FontText_5E95.font.s Fonts/build/GlyphItem/FontItem_7740.font.s Fonts/build/GlyphItem/FontItem_6482.font.s Fonts/build/GlyphText/FontText_75D4.font.s Fonts/build/GlyphItem/FontItem_679C.font.s Fonts/build/GlyphText/FontText_0071.font.s Fonts/build/GlyphItem/FontItem_72F1.font.s Fonts/build/GlyphText/FontText_989F.font.s Fonts/build/GlyphText/FontText_7940.font.s Fonts/build/GlyphItem/FontItem_59B3.font.s Fonts/build/GlyphText/FontText_7EE2.font.s Fonts/build/GlyphText/FontText_6096.font.s Fonts/build/GlyphItem/FontItem_667A.font.s Fonts/build/GlyphItem/FontItem_7039.font.s Fonts/build/GlyphText/FontText_60E6.font.s Fonts/build/GlyphItem/FontItem_0072.font.s Fonts/build/GlyphText/FontText_4FA5.font.s Fonts/build/GlyphText/FontText_FF18.font.s Fonts/build/GlyphText/FontText_5C71.font.s Fonts/build/GlyphItem/FontItem_732E.font.s Fonts/build/GlyphItem/FontItem_710A.font.s Fonts/build/GlyphText/FontText_5E3C.font.s Fonts/build/GlyphText/FontText_65CE.font.s Fonts/build/GlyphItem/FontItem_732C.font.s Fonts/build/GlyphItem/FontItem_6CE2.font.s Fonts/build/GlyphItem/FontItem_4EC1.font.s Fonts/build/GlyphItem/FontItem_535A.font.s Fonts/build/GlyphItem/FontItem_534A.font.s Fonts/build/GlyphItem/FontItem_61D1.font.s Fonts/build/GlyphText/FontText_535A.font.s Fonts/build/GlyphText/FontText_608C.font.s Fonts/build/GlyphItem/FontItem_7357.font.s Fonts/build/GlyphText/FontText_62D4.font.s Fonts/build/GlyphItem/FontItem_8C2B.font.s Fonts/build/GlyphItem/FontItem_82A9.font.s Fonts/build/GlyphItem/FontItem_6912.font.s Fonts/build/GlyphText/FontText_6CA7.font.s Fonts/build/GlyphText/FontText_836F.font.s Fonts/build/GlyphText/FontText_5EF6.font.s Fonts/build/GlyphItem/FontItem_9501.font.s Fonts/build/GlyphItem/FontItem_8E6C.font.s Fonts/build/GlyphItem/FontItem_809F.font.s Fonts/build/GlyphText/FontText_50EE.font.s Fonts/build/GlyphText/FontText_547B.font.s Fonts/build/GlyphText/FontText_7109.font.s Fonts/build/GlyphText/FontText_6F15.font.s Fonts/build/GlyphItem/FontItem_79EB.font.s Fonts/build/GlyphText/FontText_75AB.font.s Fonts/build/GlyphText/FontText_9DF9.font.s Fonts/build/GlyphText/FontText_764D.font.s Fonts/build/GlyphItem/FontItem_56F9.font.s Fonts/build/GlyphText/FontText_8E76.font.s Fonts/build/GlyphText/FontText_5893.font.s Fonts/build/GlyphText/FontText_98A6.font.s Fonts/build/GlyphText/FontText_956D.font.s Fonts/build/GlyphItem/FontItem_8A00.font.s Fonts/build/GlyphItem/FontItem_63BE.font.s Fonts/build/GlyphItem/FontItem_95C7.font.s Fonts/build/GlyphText/FontText_969C.font.s Fonts/build/GlyphText/FontText_5B70.font.s Fonts/build/GlyphItem/FontItem_540D.font.s Fonts/build/GlyphItem/FontItem_4E49.font.s Fonts/build/GlyphText/FontText_8BE1.font.s Fonts/build/GlyphItem/FontItem_4F50.font.s Fonts/build/GlyphText/FontText_56F4.font.s Fonts/build/GlyphText/FontText_6175.font.s Fonts/build/GlyphItem/FontItem_742A.font.s Fonts/build/GlyphText/FontText_6295.font.s Fonts/build/GlyphText/FontText_6065.font.s Fonts/build/GlyphItem/FontItem_7F0F.font.s Fonts/build/GlyphItem/FontItem_533B.font.s Fonts/build/GlyphItem/FontItem_9522.font.s Fonts/build/GlyphText/FontText_6273.font.s Fonts/build/GlyphItem/FontItem_953C.font.s Fonts/build/GlyphText/FontText_6B83.font.s Fonts/build/GlyphItem/FontItem_8292.font.s Fonts/build/GlyphText/FontText_3078.font.s Fonts/build/GlyphText/FontText_7737.font.s Fonts/build/GlyphItem/FontItem_5196.font.s Fonts/build/GlyphItem/FontItem_5AF1.font.s Fonts/build/GlyphText/FontText_2465.font.s Fonts/build/GlyphText/FontText_562C.font.s Fonts/build/GlyphText/FontText_8328.font.s Fonts/build/GlyphText/FontText_9963.font.s Fonts/build/GlyphItem/FontItem_8A13.font.s Fonts/build/GlyphText/FontText_7172.font.s Fonts/build/GlyphText/FontText_5B53.font.s Fonts/build/GlyphText/FontText_7A3F.font.s Fonts/build/GlyphItem/FontItem_9E42.font.s Fonts/build/GlyphText/FontText_812C.font.s Fonts/build/GlyphItem/FontItem_8138.font.s Fonts/build/GlyphItem/FontItem_78A5.font.s Fonts/build/GlyphItem/FontItem_94CB.font.s Fonts/build/GlyphText/FontText_8D39.font.s Fonts/build/GlyphItem/FontItem_58EE.font.s Fonts/build/GlyphItem/FontItem_65EF.font.s Fonts/build/GlyphItem/FontItem_574D.font.s Fonts/build/GlyphItem/FontItem_6D91.font.s Fonts/build/GlyphText/FontText_521B.font.s Fonts/build/GlyphItem/FontItem_707D.font.s Fonts/build/GlyphItem/FontItem_94FC.font.s Fonts/build/GlyphItem/FontItem_622E.font.s Fonts/build/GlyphText/FontText_6BF9.font.s Fonts/build/GlyphItem/FontItem_90BA.font.s Fonts/build/GlyphItem/FontItem_5367.font.s Fonts/build/GlyphText/FontText_94BE.font.s Fonts/build/GlyphItem/FontItem_950E.font.s Fonts/build/GlyphItem/FontItem_60E6.font.s Fonts/build/GlyphItem/FontItem_9A88.font.s Fonts/build/GlyphItem/FontItem_5A9A.font.s Fonts/build/GlyphText/FontText_83CA.font.s Fonts/build/GlyphItem/FontItem_721B.font.s Fonts/build/GlyphText/FontText_952A.font.s Fonts/build/GlyphText/FontText_5768.font.s Fonts/build/GlyphText/FontText_549A.font.s Fonts/build/GlyphItem/FontItem_6EA5.font.s Fonts/build/GlyphText/FontText_8753.font.s Fonts/build/GlyphItem/FontItem_81FE.font.s Fonts/build/GlyphItem/FontItem_2170.font.s Fonts/build/GlyphText/FontText_5553.font.s Fonts/build/GlyphText/FontText_5EB8.font.s Fonts/build/GlyphItem/FontItem_592B.font.s Fonts/build/GlyphItem/FontItem_5219.font.s Fonts/build/GlyphItem/FontItem_7DE8.font.s Fonts/build/GlyphItem/FontItem_5E19.font.s Fonts/build/GlyphItem/FontItem_9062.font.s Fonts/build/GlyphText/FontText_54B3.font.s Fonts/build/GlyphText/FontText_955F.font.s Fonts/build/GlyphItem/FontItem_8BEF.font.s Fonts/build/GlyphItem/FontItem_79E4.font.s Fonts/build/GlyphItem/FontItem_91C7.font.s Fonts/build/GlyphItem/FontItem_670D.font.s Fonts/build/GlyphText/FontText_9776.font.s Fonts/build/GlyphItem/FontItem_8E8A.font.s Fonts/build/GlyphItem/FontItem_6CAE.font.s Fonts/build/GlyphItem/FontItem_5B9F.font.s Fonts/build/GlyphText/FontText_89CC.font.s Fonts/build/GlyphText/FontText_0043.font.s Fonts/build/GlyphText/FontText_5FD1.font.s Fonts/build/GlyphItem/FontItem_62E8.font.s Fonts/build/GlyphText/FontText_54D5.font.s Fonts/build/GlyphText/FontText_503C.font.s Fonts/build/GlyphText/FontText_5C55.font.s Fonts/build/GlyphItem/FontItem_8C35.font.s Fonts/build/GlyphText/FontText_5F80.font.s Fonts/build/GlyphItem/FontItem_6851.font.s Fonts/build/GlyphItem/FontItem_5C14.font.s Fonts/build/GlyphItem/FontItem_7962.font.s Fonts/build/GlyphItem/FontItem_88C9.font.s Fonts/build/GlyphText/FontText_74DC.font.s Fonts/build/GlyphText/FontText_7B6E.font.s Fonts/build/GlyphItem/FontItem_5B40.font.s Fonts/build/GlyphItem/FontItem_5981.font.s Fonts/build/GlyphItem/FontItem_806A.font.s Fonts/build/GlyphText/FontText_5440.font.s Fonts/build/GlyphItem/FontItem_7B85.font.s Fonts/build/GlyphText/FontText_5251.font.s Fonts/build/GlyphItem/FontItem_8F77.font.s Fonts/build/GlyphText/FontText_6920.font.s Fonts/build/GlyphItem/FontItem_8E1D.font.s Fonts/build/GlyphItem/FontItem_54B4.font.s Fonts/build/GlyphItem/FontItem_8FDE.font.s Fonts/build/GlyphText/FontText_502C.font.s Fonts/build/GlyphText/FontText_30E8.font.s Fonts/build/GlyphItem/FontItem_8517.font.s Fonts/build/GlyphText/FontText_7D0A.font.s Fonts/build/GlyphItem/FontItem_500C.font.s Fonts/build/GlyphText/FontText_989E.font.s Fonts/build/GlyphItem/FontItem_679E.font.s Fonts/build/GlyphText/FontText_6028.font.s Fonts/build/GlyphText/FontText_9665.font.s Fonts/build/GlyphText/FontText_7AA5.font.s Fonts/build/GlyphItem/FontItem_8449.font.s Fonts/build/GlyphItem/FontItem_68C0.font.s Fonts/build/GlyphText/FontText_8BF8.font.s Fonts/build/GlyphItem/FontItem_5693.font.s Fonts/build/GlyphText/FontText_6D5E.font.s Fonts/build/GlyphText/FontText_7B11.font.s Fonts/build/GlyphText/FontText_629F.font.s Fonts/build/GlyphItem/FontItem_7CC5.font.s Fonts/build/GlyphText/FontText_8853.font.s Fonts/build/GlyphText/FontText_79B3.font.s Fonts/build/GlyphText/FontText_8C22.font.s Fonts/build/GlyphText/FontText_6606.font.s Fonts/build/GlyphItem/FontItem_859B.font.s Fonts/build/GlyphText/FontText_4FD0.font.s Fonts/build/GlyphText/FontText_97B4.font.s Fonts/build/GlyphItem/FontItem_69D4.font.s Fonts/build/GlyphItem/FontItem_891B.font.s Fonts/build/GlyphItem/FontItem_535E.font.s Fonts/build/GlyphItem/FontItem_5B50.font.s Fonts/build/GlyphItem/FontItem_8D21.font.s Fonts/build/GlyphItem/FontItem_9528.font.s Fonts/build/GlyphText/FontText_66A6.font.s Fonts/build/GlyphItem/FontItem_8D6B.font.s Fonts/build/GlyphText/FontText_5F40.font.s Fonts/build/GlyphText/FontText_64D2.font.s Fonts/build/GlyphText/FontText_9685.font.s Fonts/build/GlyphText/FontText_6714.font.s Fonts/build/GlyphText/FontText_94D5.font.s Fonts/build/GlyphText/FontText_68F2.font.s Fonts/build/GlyphText/FontText_30B7.font.s Fonts/build/GlyphItem/FontItem_5174.font.s Fonts/build/GlyphItem/FontItem_7BAB.font.s Fonts/build/GlyphItem/FontItem_9B13.font.s Fonts/build/GlyphItem/FontItem_FF37.font.s Fonts/build/GlyphItem/FontItem_5C50.font.s Fonts/build/GlyphText/FontText_733F.font.s Fonts/build/GlyphText/FontText_8E8D.font.s Fonts/build/GlyphItem/FontItem_8A93.font.s Fonts/build/GlyphItem/FontItem_5CAB.font.s Fonts/build/GlyphText/FontText_7E1B.font.s Fonts/build/GlyphText/FontText_5FB9.font.s Fonts/build/GlyphText/FontText_71AC.font.s Fonts/build/GlyphItem/FontItem_5983.font.s Fonts/build/GlyphItem/FontItem_83CA.font.s Fonts/build/GlyphText/FontText_6FC9.font.s Fonts/build/GlyphItem/FontItem_8206.font.s Fonts/build/GlyphText/FontText_54E1.font.s Fonts/build/GlyphItem/FontItem_5DE1.font.s Fonts/build/GlyphText/FontText_9123.font.s Fonts/build/GlyphText/FontText_4E95.font.s Fonts/build/GlyphItem/FontItem_9B4F.font.s Fonts/build/GlyphText/FontText_76FC.font.s Fonts/build/GlyphText/FontText_9EE9.font.s Fonts/build/GlyphItem/FontItem_67FD.font.s Fonts/build/GlyphItem/FontItem_8438.font.s Fonts/build/GlyphText/FontText_8056.font.s Fonts/build/GlyphText/FontText_80FA.font.s Fonts/build/GlyphItem/FontItem_5F3A.font.s Fonts/build/GlyphItem/FontItem_61CA.font.s Fonts/build/GlyphItem/FontItem_6025.font.s Fonts/build/GlyphText/FontText_7F2A.font.s Fonts/build/GlyphText/FontText_5179.font.s Fonts/build/GlyphText/FontText_7CAE.font.s Fonts/build/GlyphItem/FontItem_8F9B.font.s Fonts/build/GlyphText/FontText_9011.font.s Fonts/build/GlyphItem/FontItem_8C25.font.s Fonts/build/GlyphItem/FontItem_9701.font.s Fonts/build/GlyphText/FontText_526F.font.s Fonts/build/GlyphItem/FontItem_622C.font.s Fonts/build/GlyphText/FontText_94EA.font.s Fonts/build/GlyphText/FontText_7EF1.font.s Fonts/build/GlyphItem/FontItem_30D7.font.s Fonts/build/GlyphText/FontText_4E2D.font.s Fonts/build/GlyphText/FontText_65BC.font.s Fonts/build/GlyphText/FontText_8E52.font.s Fonts/build/GlyphText/FontText_950A.font.s Fonts/build/GlyphItem/FontItem_8BF1.font.s Fonts/build/GlyphText/FontText_6735.font.s Fonts/build/GlyphText/FontText_9489.font.s Fonts/build/GlyphItem/FontItem_91DC.font.s Fonts/build/GlyphItem/FontItem_7980.font.s Fonts/build/GlyphText/FontText_7FE9.font.s Fonts/build/GlyphText/FontText_7436.font.s Fonts/build/GlyphText/FontText_542E.font.s Fonts/build/GlyphItem/FontItem_57CE.font.s Fonts/build/GlyphText/FontText_677F.font.s Fonts/build/GlyphItem/FontItem_9A73.font.s Fonts/build/GlyphItem/FontItem_5550.font.s Fonts/build/GlyphItem/FontItem_6398.font.s Fonts/build/GlyphItem/FontItem_7230.font.s Fonts/build/GlyphItem/FontItem_8D53.font.s Fonts/build/GlyphText/FontText_809D.font.s Fonts/build/GlyphItem/FontItem_6E29.font.s Fonts/build/GlyphItem/FontItem_94F5.font.s Fonts/build/GlyphText/FontText_54CF.font.s Fonts/build/GlyphItem/FontItem_9D44.font.s Fonts/build/GlyphItem/FontItem_9632.font.s Fonts/build/GlyphItem/FontItem_5F61.font.s Fonts/build/GlyphText/FontText_5C06.font.s Fonts/build/GlyphText/FontText_968E.font.s Fonts/build/GlyphText/FontText_9CB2.font.s Fonts/build/GlyphText/FontText_5C2C.font.s Fonts/build/GlyphText/FontText_590D.font.s Fonts/build/GlyphText/FontText_65A1.font.s Fonts/build/GlyphItem/FontItem_7252.font.s Fonts/build/GlyphItem/FontItem_5E4C.font.s Fonts/build/GlyphText/FontText_5922.font.s Fonts/build/GlyphItem/FontItem_6C49.font.s Fonts/build/GlyphItem/FontItem_8BBC.font.s Fonts/build/GlyphText/FontText_5965.font.s Fonts/build/GlyphText/FontText_51CF.font.s Fonts/build/GlyphItem/FontItem_94B8.font.s Fonts/build/GlyphText/FontText_7121.font.s Fonts/build/GlyphItem/FontItem_7089.font.s Fonts/build/GlyphText/FontText_8587.font.s Fonts/build/GlyphItem/FontItem_7C9F.font.s Fonts/build/GlyphItem/FontItem_57A1.font.s Fonts/build/GlyphText/FontText_69FD.font.s Fonts/build/GlyphItem/FontItem_584C.font.s Fonts/build/GlyphItem/FontItem_9512.font.s Fonts/build/GlyphItem/FontItem_6597.font.s Fonts/build/GlyphText/FontText_67DD.font.s Fonts/build/GlyphText/FontText_852B.font.s Fonts/build/GlyphText/FontText_77BF.font.s Fonts/build/GlyphItem/FontItem_98E7.font.s Fonts/build/GlyphItem/FontItem_6562.font.s Fonts/build/GlyphText/FontText_30A7.font.s Fonts/build/GlyphItem/FontItem_829D.font.s Fonts/build/GlyphText/FontText_7279.font.s Fonts/build/GlyphText/FontText_7434.font.s Fonts/build/GlyphText/FontText_5E94.font.s Fonts/build/GlyphItem/FontItem_5858.font.s Fonts/build/GlyphItem/FontItem_912F.font.s Fonts/build/GlyphItem/FontItem_9C7C.font.s Fonts/build/GlyphText/FontText_8A25.font.s Fonts/build/GlyphText/FontText_7EB8.font.s Fonts/build/GlyphItem/FontItem_5C40.font.s Fonts/build/GlyphItem/FontItem_6DA9.font.s Fonts/build/GlyphText/FontText_784E.font.s Fonts/build/GlyphItem/FontItem_52A3.font.s Fonts/build/GlyphItem/FontItem_62A0.font.s Fonts/build/GlyphItem/FontItem_9E4F.font.s Fonts/build/GlyphText/FontText_5C0A.font.s Fonts/build/GlyphItem/FontItem_74A9.font.s Fonts/build/GlyphItem/FontItem_75D5.font.s Fonts/build/GlyphItem/FontItem_970A.font.s Fonts/build/GlyphItem/FontItem_78B2.font.s Fonts/build/GlyphItem/FontItem_6C64.font.s Fonts/build/GlyphText/FontText_6120.font.s Fonts/build/GlyphText/FontText_8BDD.font.s Fonts/build/GlyphText/FontText_7339.font.s Fonts/build/GlyphItem/FontItem_81CA.font.s Fonts/build/GlyphItem/FontItem_6F29.font.s Fonts/build/GlyphItem/FontItem_5230.font.s Fonts/build/GlyphItem/FontItem_8D59.font.s Fonts/build/GlyphText/FontText_51B7.font.s Fonts/build/GlyphItem/FontItem_77A9.font.s Fonts/build/GlyphItem/FontItem_577B.font.s Fonts/build/GlyphItem/FontItem_53D7.font.s Fonts/build/GlyphItem/FontItem_6367.font.s Fonts/build/GlyphText/FontText_8865.font.s Fonts/build/GlyphItem/FontItem_8234.font.s Fonts/build/GlyphText/FontText_4F26.font.s Fonts/build/GlyphText/FontText_79D2.font.s Fonts/build/GlyphItem/FontItem_8C1D.font.s Fonts/build/GlyphItem/FontItem_684A.font.s Fonts/build/GlyphItem/FontItem_5144.font.s Fonts/build/GlyphText/FontText_8377.font.s Fonts/build/GlyphItem/FontItem_5520.font.s Fonts/build/GlyphText/FontText_6761.font.s Fonts/build/GlyphText/FontText_8F72.font.s Fonts/build/GlyphText/FontText_6301.font.s Fonts/build/GlyphText/FontText_879F.font.s Fonts/build/GlyphText/FontText_961C.font.s Fonts/build/GlyphText/FontText_8765.font.s Fonts/build/GlyphItem/FontItem_5478.font.s Fonts/build/GlyphItem/FontItem_6D3B.font.s Fonts/build/GlyphText/FontText_82D3.font.s Fonts/build/GlyphItem/FontItem_5BAE.font.s Fonts/build/GlyphText/FontText_83BD.font.s Fonts/build/GlyphItem/FontItem_5D2E.font.s Fonts/build/GlyphItem/FontItem_781C.font.s Fonts/build/GlyphText/FontText_673D.font.s Fonts/build/GlyphText/FontText_8A89.font.s Fonts/build/GlyphText/FontText_5B83.font.s Fonts/build/GlyphText/FontText_618E.font.s Fonts/build/GlyphText/FontText_6E80.font.s Fonts/build/GlyphItem/FontItem_666E.font.s Fonts/build/GlyphItem/FontItem_556E.font.s Fonts/build/GlyphItem/FontItem_7EA9.font.s Fonts/build/GlyphItem/FontItem_89AA.font.s Fonts/build/GlyphText/FontText_89EF.font.s Fonts/build/GlyphItem/FontItem_811E.font.s Fonts/build/GlyphText/FontText_755A.font.s Fonts/build/GlyphText/FontText_9488.font.s Fonts/build/GlyphText/FontText_67A7.font.s Fonts/build/GlyphItem/FontItem_9B54.font.s Fonts/build/GlyphItem/FontItem_002B.font.s Fonts/build/GlyphItem/FontItem_8912.font.s Fonts/build/GlyphItem/FontItem_953B.font.s Fonts/build/GlyphText/FontText_9910.font.s Fonts/build/GlyphText/FontText_4E47.font.s Fonts/build/GlyphItem/FontItem_6CFC.font.s Fonts/build/GlyphItem/FontItem_3014.font.s Fonts/build/GlyphItem/FontItem_5410.font.s Fonts/build/GlyphItem/FontItem_696E.font.s Fonts/build/GlyphItem/FontItem_6210.font.s Fonts/build/GlyphText/FontText_5854.font.s Fonts/build/GlyphItem/FontItem_5423.font.s Fonts/build/GlyphText/FontText_7F94.font.s Fonts/build/GlyphItem/FontItem_6D25.font.s Fonts/build/GlyphItem/FontItem_7F33.font.s Fonts/build/GlyphItem/FontItem_5C65.font.s Fonts/build/GlyphItem/FontItem_59DD.font.s Fonts/build/GlyphText/FontText_90E7.font.s Fonts/build/GlyphItem/FontItem_5AC1.font.s Fonts/build/GlyphItem/FontItem_8671.font.s Fonts/build/GlyphText/FontText_95F7.font.s Fonts/build/GlyphItem/FontItem_9075.font.s Fonts/build/GlyphItem/FontItem_73A9.font.s Fonts/build/GlyphText/FontText_0050.font.s Fonts/build/GlyphText/FontText_5173.font.s Fonts/build/GlyphItem/FontItem_9E21.font.s Fonts/build/GlyphItem/FontItem_8E2F.font.s Fonts/build/GlyphText/FontText_783B.font.s Fonts/build/GlyphText/FontText_9F19.font.s Fonts/build/GlyphItem/FontItem_84B4.font.s Fonts/build/GlyphText/FontText_6D3B.font.s Fonts/build/GlyphText/FontText_5DB7.font.s Fonts/build/GlyphText/FontText_8475.font.s Fonts/build/GlyphText/FontText_6254.font.s Fonts/build/GlyphItem/FontItem_8DFD.font.s Fonts/build/GlyphText/FontText_70AD.font.s Fonts/build/GlyphText/FontText_5140.font.s Fonts/build/GlyphText/FontText_982C.font.s Fonts/build/GlyphText/FontText_5601.font.s Fonts/build/GlyphText/FontText_62DD.font.s Fonts/build/GlyphItem/FontItem_8FD3.font.s Fonts/build/GlyphText/FontText_87AC.font.s Fonts/build/GlyphText/FontText_6EE4.font.s Fonts/build/GlyphText/FontText_5AD4.font.s Fonts/build/GlyphText/FontText_51CC.font.s Fonts/build/GlyphItem/FontItem_8D3E.font.s Fonts/build/GlyphText/FontText_7357.font.s Fonts/build/GlyphText/FontText_9CDD.font.s Fonts/build/GlyphText/FontText_94E5.font.s Fonts/build/GlyphText/FontText_8BBC.font.s Fonts/build/GlyphText/FontText_69CC.font.s Fonts/build/GlyphText/FontText_5BE7.font.s Fonts/build/GlyphItem/FontItem_59C6.font.s Fonts/build/GlyphItem/FontItem_6255.font.s Fonts/build/GlyphItem/FontItem_955B.font.s Fonts/build/GlyphText/FontText_6377.font.s Fonts/build/GlyphText/FontText_9B49.font.s Fonts/build/GlyphItem/FontItem_5D1B.font.s Fonts/build/GlyphText/FontText_77F8.font.s Fonts/build/GlyphText/FontText_82BE.font.s Fonts/build/GlyphText/FontText_66A7.font.s Fonts/build/GlyphText/FontText_9791.font.s Fonts/build/GlyphItem/FontItem_0438.font.s Fonts/build/GlyphText/FontText_7A7A.font.s Fonts/build/GlyphText/FontText_7F6E.font.s Fonts/build/GlyphItem/FontItem_7F13.font.s Fonts/build/GlyphText/FontText_5217.font.s Fonts/build/GlyphText/FontText_9F17.font.s Fonts/build/GlyphText/FontText_9561.font.s Fonts/build/GlyphItem/FontItem_9B3B.font.s Fonts/build/GlyphText/FontText_6CC1.font.s Fonts/build/GlyphText/FontText_8C12.font.s Fonts/build/GlyphItem/FontItem_8A79.font.s Fonts/build/GlyphItem/FontItem_8327.font.s Fonts/build/GlyphItem/FontItem_83B9.font.s Fonts/build/GlyphText/FontText_6B43.font.s Fonts/build/GlyphItem/FontItem_8513.font.s Fonts/build/GlyphText/FontText_9991.font.s Fonts/build/GlyphItem/FontItem_6F13.font.s Fonts/build/GlyphText/FontText_002F.font.s Fonts/build/GlyphItem/FontItem_731C.font.s Fonts/build/GlyphItem/FontItem_4E52.font.s Fonts/build/GlyphItem/FontItem_4E0A.font.s Fonts/build/GlyphText/FontText_80B4.font.s Fonts/build/GlyphItem/FontItem_8D54.font.s Fonts/build/GlyphItem/FontItem_503C.font.s Fonts/build/GlyphItem/FontItem_571C.font.s Fonts/build/GlyphItem/FontItem_560C.font.s Fonts/build/GlyphText/FontText_8000.font.s Fonts/build/GlyphItem/FontItem_50A9.font.s Fonts/build/GlyphItem/FontItem_FF32.font.s Fonts/build/GlyphText/FontText_5468.font.s Fonts/build/GlyphText/FontText_65CF.font.s Fonts/build/GlyphText/FontText_8A48.font.s Fonts/build/GlyphItem/FontItem_6BF5.font.s Fonts/build/GlyphText/FontText_9580.font.s Fonts/build/GlyphText/FontText_8398.font.s Fonts/build/GlyphText/FontText_7EF4.font.s Fonts/build/GlyphText/FontText_7EA4.font.s Fonts/build/GlyphText/FontText_63AA.font.s Fonts/build/GlyphItem/FontItem_901B.font.s Fonts/build/GlyphItem/FontItem_56E0.font.s Fonts/build/GlyphText/FontText_54AD.font.s Fonts/build/GlyphItem/FontItem_820C.font.s Fonts/build/GlyphText/FontText_8F7A.font.s Fonts/build/GlyphItem/FontItem_90C1.font.s Fonts/build/GlyphItem/FontItem_5345.font.s Fonts/build/GlyphItem/FontItem_8C21.font.s Fonts/build/GlyphText/FontText_611A.font.s Fonts/build/GlyphItem/FontItem_56E3.font.s Fonts/build/GlyphItem/FontItem_77B3.font.s Fonts/build/GlyphText/FontText_98DE.font.s Fonts/build/GlyphItem/FontItem_7C7B.font.s Fonts/build/GlyphText/FontText_00DF.font.s Fonts/build/GlyphText/FontText_80BA.font.s Fonts/build/GlyphItem/FontItem_9854.font.s Fonts/build/GlyphItem/FontItem_86BA.font.s Fonts/build/GlyphText/FontText_6A97.font.s Fonts/build/GlyphItem/FontItem_73BB.font.s Fonts/build/GlyphText/FontText_54D3.font.s Fonts/build/GlyphItem/FontItem_5A05.font.s Fonts/build/GlyphItem/FontItem_30B2.font.s Fonts/build/GlyphText/FontText_6CA3.font.s Fonts/build/GlyphItem/FontItem_8C4C.font.s Fonts/build/GlyphText/FontText_30AE.font.s Fonts/build/GlyphText/FontText_8DC6.font.s Fonts/build/GlyphText/FontText_96F2.font.s Fonts/build/GlyphItem/FontItem_9E33.font.s Fonts/build/GlyphText/FontText_88DF.font.s Fonts/build/GlyphText/FontText_7A96.font.s Fonts/build/GlyphText/FontText_8D4F.font.s Fonts/build/GlyphText/FontText_2460.font.s Fonts/build/GlyphItem/FontItem_7F27.font.s Fonts/build/GlyphItem/FontItem_5BFF.font.s Fonts/build/GlyphText/FontText_732B.font.s Fonts/build/GlyphText/FontText_7785.font.s Fonts/build/GlyphItem/FontItem_9E6D.font.s Fonts/build/GlyphText/FontText_6211.font.s Fonts/build/GlyphText/FontText_5432.font.s Fonts/build/GlyphText/FontText_7206.font.s Fonts/build/GlyphItem/FontItem_61E3.font.s Fonts/build/GlyphText/FontText_9178.font.s Fonts/build/GlyphText/FontText_FF32.font.s Fonts/build/GlyphText/FontText_4F2F.font.s Fonts/build/GlyphItem/FontItem_5565.font.s Fonts/build/GlyphItem/FontItem_7965.font.s Fonts/build/GlyphItem/FontItem_5D9D.font.s Fonts/build/GlyphItem/FontItem_8298.font.s Fonts/build/GlyphItem/FontItem_57FA.font.s Fonts/build/GlyphText/FontText_6DD1.font.s Fonts/build/GlyphText/FontText_591A.font.s Fonts/build/GlyphText/FontText_7149.font.s Fonts/build/GlyphItem/FontItem_6D9E.font.s Fonts/build/GlyphText/FontText_83F1.font.s Fonts/build/GlyphItem/FontItem_77E7.font.s Fonts/build/GlyphItem/FontItem_2261.font.s Fonts/build/GlyphText/FontText_6E56.font.s Fonts/build/GlyphItem/FontItem_79C9.font.s Fonts/build/GlyphText/FontText_5947.font.s Fonts/build/GlyphText/FontText_67DE.font.s Fonts/build/GlyphText/FontText_62E7.font.s Fonts/build/GlyphText/FontText_9600.font.s Fonts/build/GlyphText/FontText_8A60.font.s Fonts/build/GlyphItem/FontItem_8D23.font.s Fonts/build/GlyphItem/FontItem_581E.font.s Fonts/build/GlyphText/FontText_690D.font.s Fonts/build/GlyphItem/FontItem_4FF3.font.s Fonts/build/GlyphText/FontText_6D48.font.s Fonts/build/GlyphItem/FontItem_5D1E.font.s Fonts/build/GlyphText/FontText_5520.font.s Fonts/build/GlyphItem/FontItem_817E.font.s Fonts/build/GlyphText/FontText_5A0C.font.s Fonts/build/GlyphItem/FontItem_5815.font.s Fonts/build/GlyphItem/FontItem_6426.font.s Fonts/build/GlyphItem/FontItem_30B4.font.s Fonts/build/GlyphText/FontText_5999.font.s Fonts/build/GlyphText/FontText_62DA.font.s Fonts/build/GlyphItem/FontItem_5E37.font.s Fonts/build/GlyphText/FontText_9655.font.s Fonts/build/GlyphItem/FontItem_51F0.font.s Fonts/build/GlyphItem/FontItem_6D88.font.s Fonts/build/GlyphItem/FontItem_003B.font.s Fonts/build/GlyphText/FontText_9E29.font.s Fonts/build/GlyphText/FontText_8749.font.s Fonts/build/GlyphText/FontText_90B0.font.s Fonts/build/GlyphText/FontText_6C2E.font.s Fonts/build/GlyphText/FontText_6F54.font.s Fonts/build/GlyphText/FontText_89EB.font.s Fonts/build/GlyphItem/FontItem_4FC2.font.s Fonts/build/GlyphText/FontText_541E.font.s Fonts/build/GlyphItem/FontItem_5C02.font.s Fonts/build/GlyphItem/FontItem_4EAD.font.s Fonts/build/GlyphItem/FontItem_8393.font.s Fonts/build/GlyphItem/FontItem_5E7B.font.s Fonts/build/GlyphItem/FontItem_91CA.font.s Fonts/build/GlyphItem/FontItem_55BD.font.s Fonts/build/GlyphText/FontText_6B6F.font.s Fonts/build/GlyphText/FontText_5577.font.s Fonts/build/GlyphItem/FontItem_55BB.font.s Fonts/build/GlyphItem/FontItem_955F.font.s Fonts/build/GlyphText/FontText_6DA6.font.s Fonts/build/GlyphItem/FontItem_570A.font.s Fonts/build/GlyphText/FontText_609F.font.s Fonts/build/GlyphText/FontText_4E50.font.s Fonts/build/GlyphItem/FontItem_7D71.font.s Fonts/build/GlyphText/FontText_94CE.font.s Fonts/build/GlyphText/FontText_839B.font.s Fonts/build/GlyphText/FontText_6D27.font.s Fonts/build/GlyphText/FontText_92FC.font.s Fonts/build/GlyphItem/FontItem_8896.font.s Fonts/build/GlyphItem/FontItem_5F5D.font.s Fonts/build/GlyphItem/FontItem_8F7C.font.s Fonts/build/GlyphItem/FontItem_75E6.font.s Fonts/build/GlyphText/FontText_FF0C.font.s Fonts/build/GlyphItem/FontItem_609B.font.s Fonts/build/GlyphText/FontText_69DB.font.s Fonts/build/GlyphItem/FontItem_5F81.font.s Fonts/build/GlyphText/FontText_771A.font.s Fonts/build/GlyphText/FontText_9E6D.font.s Fonts/build/GlyphItem/FontItem_86B6.font.s Fonts/build/GlyphItem/FontItem_54C0.font.s Fonts/build/GlyphText/FontText_5E8B.font.s Fonts/build/GlyphItem/FontItem_7EEB.font.s Fonts/build/GlyphText/FontText_9970.font.s Fonts/build/GlyphItem/FontItem_9669.font.s Fonts/build/GlyphItem/FontItem_987A.font.s Fonts/build/GlyphItem/FontItem_66A6.font.s Fonts/build/GlyphText/FontText_820C.font.s Fonts/build/GlyphItem/FontItem_8FD4.font.s Fonts/build/GlyphText/FontText_610E.font.s Fonts/build/GlyphItem/FontItem_80A5.font.s Fonts/build/GlyphText/FontText_5CAC.font.s Fonts/build/GlyphItem/FontItem_72EC.font.s Fonts/build/GlyphItem/FontItem_8016.font.s Fonts/build/GlyphItem/FontItem_63D0.font.s Fonts/build/GlyphText/FontText_664B.font.s Fonts/build/GlyphText/FontText_88B7.font.s Fonts/build/GlyphText/FontText_6E90.font.s Fonts/build/GlyphText/FontText_6FEF.font.s Fonts/build/GlyphText/FontText_00F4.font.s Fonts/build/GlyphItem/FontItem_5C5E.font.s Fonts/build/GlyphText/FontText_72B6.font.s Fonts/build/GlyphText/FontText_7BA8.font.s Fonts/build/GlyphText/FontText_9708.font.s Fonts/build/GlyphText/FontText_7331.font.s Fonts/build/GlyphText/FontText_970A.font.s Fonts/build/GlyphText/FontText_7C07.font.s Fonts/build/GlyphText/FontText_00E1.font.s Fonts/build/GlyphItem/FontItem_6C40.font.s Fonts/build/GlyphItem/FontItem_96EF.font.s Fonts/build/GlyphItem/FontItem_53E3.font.s Fonts/build/GlyphItem/FontItem_83D4.font.s Fonts/build/GlyphItem/FontItem_8AE6.font.s Fonts/build/GlyphItem/FontItem_6775.font.s Fonts/build/GlyphText/FontText_72FB.font.s Fonts/build/GlyphText/FontText_9759.font.s Fonts/build/GlyphItem/FontItem_7B77.font.s Fonts/build/GlyphItem/FontItem_9AB7.font.s Fonts/build/GlyphItem/FontItem_8D38.font.s Fonts/build/GlyphItem/FontItem_8CAC.font.s Fonts/build/GlyphItem/FontItem_8919.font.s Fonts/build/GlyphText/FontText_954F.font.s Fonts/build/GlyphItem/FontItem_9547.font.s Fonts/build/GlyphItem/FontItem_0059.font.s Fonts/build/GlyphText/FontText_5E16.font.s Fonts/build/GlyphText/FontText_559A.font.s Fonts/build/GlyphText/FontText_8DE8.font.s Fonts/build/GlyphItem/FontItem_88F9.font.s Fonts/build/GlyphItem/FontItem_9CCC.font.s Fonts/build/GlyphText/FontText_7344.font.s Fonts/build/GlyphText/FontText_897F.font.s Fonts/build/GlyphItem/FontItem_6316.font.s Fonts/build/GlyphItem/FontItem_80B7.font.s Fonts/build/GlyphText/FontText_62B1.font.s Fonts/build/GlyphItem/FontItem_5956.font.s Fonts/build/GlyphText/FontText_8CE2.font.s Fonts/build/GlyphItem/FontItem_6F5E.font.s Fonts/build/GlyphText/FontText_536F.font.s Fonts/build/GlyphText/FontText_6BD6.font.s Fonts/build/GlyphText/FontText_4F76.font.s Fonts/build/GlyphText/FontText_5C48.font.s Fonts/build/GlyphItem/FontItem_515A.font.s Fonts/build/GlyphText/FontText_6570.font.s Fonts/build/GlyphItem/FontItem_80AB.font.s Fonts/build/GlyphItem/FontItem_9531.font.s Fonts/build/GlyphItem/FontItem_901F.font.s Fonts/build/GlyphText/FontText_30B5.font.s Fonts/build/GlyphItem/FontItem_768E.font.s Fonts/build/GlyphText/FontText_610D.font.s Fonts/build/GlyphText/FontText_5132.font.s Fonts/build/GlyphText/FontText_9893.font.s Fonts/build/GlyphText/FontText_30A4.font.s Fonts/build/GlyphText/FontText_560F.font.s Fonts/build/GlyphText/FontText_9ED4.font.s Fonts/build/GlyphItem/FontItem_9F3D.font.s Fonts/build/GlyphItem/FontItem_005C.font.s Fonts/build/GlyphText/FontText_8C2A.font.s Fonts/build/GlyphItem/FontItem_5B51.font.s Fonts/build/GlyphItem/FontItem_7A06.font.s Fonts/build/GlyphText/FontText_8D3E.font.s Fonts/build/GlyphText/FontText_6D9F.font.s Fonts/build/GlyphItem/FontItem_305A.font.s Fonts/build/GlyphText/FontText_003C.font.s Fonts/build/GlyphItem/FontItem_900D.font.s Fonts/build/GlyphItem/FontItem_30C8.font.s Fonts/build/GlyphItem/FontItem_4F8B.font.s Fonts/build/GlyphItem/FontItem_7F1A.font.s Fonts/build/GlyphItem/FontItem_520D.font.s Fonts/build/GlyphItem/FontItem_549D.font.s Fonts/build/GlyphItem/FontItem_8650.font.s Fonts/build/GlyphText/FontText_996B.font.s Fonts/build/GlyphItem/FontItem_821F.font.s Fonts/build/GlyphText/FontText_7BA6.font.s Fonts/build/GlyphText/FontText_5475.font.s Fonts/build/GlyphItem/FontItem_5FBD.font.s Fonts/build/GlyphItem/FontItem_7350.font.s Fonts/build/GlyphItem/FontItem_8020.font.s Fonts/build/GlyphText/FontText_507E.font.s Fonts/build/GlyphText/FontText_4E93.font.s Fonts/build/GlyphText/FontText_60BC.font.s Fonts/build/GlyphText/FontText_81CC.font.s Fonts/build/GlyphItem/FontItem_8C26.font.s Fonts/build/GlyphItem/FontItem_8BB6.font.s Fonts/build/GlyphItem/FontItem_90D3.font.s Fonts/build/GlyphItem/FontItem_72D9.font.s Fonts/build/GlyphText/FontText_7BA1.font.s Fonts/build/GlyphText/FontText_58F9.font.s Fonts/build/GlyphItem/FontItem_67B6.font.s Fonts/build/GlyphText/FontText_8FE4.font.s Fonts/build/GlyphText/FontText_516C.font.s Fonts/build/GlyphText/FontText_92C8.font.s Fonts/build/GlyphText/FontText_5D34.font.s Fonts/build/GlyphItem/FontItem_87CB.font.s Fonts/build/GlyphItem/FontItem_6E96.font.s Fonts/build/GlyphItem/FontItem_525B.font.s Fonts/build/GlyphText/FontText_6343.font.s Fonts/build/GlyphItem/FontItem_9A7E.font.s Fonts/build/GlyphText/FontText_5E03.font.s Fonts/build/GlyphText/FontText_5925.font.s Fonts/build/GlyphText/FontText_54EE.font.s Fonts/build/GlyphItem/FontItem_9665.font.s Fonts/build/GlyphText/FontText_86DE.font.s Fonts/build/GlyphText/FontText_96F6.font.s Fonts/build/GlyphText/FontText_51E0.font.s Fonts/build/GlyphItem/FontItem_00BB.font.s Fonts/build/GlyphText/FontText_5B59.font.s Fonts/build/GlyphText/FontText_6EA5.font.s Fonts/build/GlyphItem/FontItem_79A7.font.s Fonts/build/GlyphItem/FontItem_FF2E.font.s Fonts/build/GlyphText/FontText_5077.font.s Fonts/build/GlyphItem/FontItem_6F2B.font.s Fonts/build/GlyphItem/FontItem_63EA.font.s Fonts/build/GlyphItem/FontItem_8DE1.font.s Fonts/build/GlyphText/FontText_5B87.font.s Fonts/build/GlyphItem/FontItem_4F94.font.s Fonts/build/GlyphItem/FontItem_0440.font.s Fonts/build/GlyphItem/FontItem_76D4.font.s Fonts/build/GlyphItem/FontItem_709D.font.s Fonts/build/GlyphItem/FontItem_715C.font.s Fonts/build/GlyphItem/FontItem_88F1.font.s Fonts/build/GlyphText/FontText_776B.font.s Fonts/build/GlyphText/FontText_7BED.font.s Fonts/build/GlyphItem/FontItem_8BC1.font.s Fonts/build/GlyphText/FontText_9E5C.font.s Fonts/build/GlyphItem/FontItem_8D3C.font.s Fonts/build/GlyphItem/FontItem_53F8.font.s Fonts/build/GlyphItem/FontItem_6DF9.font.s Fonts/build/GlyphItem/FontItem_8331.font.s Fonts/build/GlyphText/FontText_6BD7.font.s Fonts/build/GlyphText/FontText_988C.font.s Fonts/build/GlyphItem/FontItem_6A90.font.s Fonts/build/GlyphText/FontText_7136.font.s Fonts/build/GlyphItem/FontItem_66AE.font.s Fonts/build/GlyphItem/FontItem_55D6.font.s Fonts/build/GlyphItem/FontItem_7F06.font.s Fonts/build/GlyphText/FontText_6593.font.s Fonts/build/GlyphItem/FontItem_6068.font.s Fonts/build/GlyphText/FontText_77EC.font.s Fonts/build/GlyphItem/FontItem_00E7.font.s Fonts/build/GlyphText/FontText_5C7F.font.s Fonts/build/GlyphItem/FontItem_696D.font.s Fonts/build/GlyphText/FontText_6BC2.font.s Fonts/build/GlyphItem/FontItem_5028.font.s Fonts/build/GlyphText/FontText_6361.font.s Fonts/build/GlyphText/FontText_5BB8.font.s Fonts/build/GlyphItem/FontItem_8E8D.font.s Fonts/build/GlyphItem/FontItem_7EFA.font.s Fonts/build/GlyphItem/FontItem_776C.font.s Fonts/build/GlyphItem/FontItem_70F9.font.s Fonts/build/GlyphText/FontText_5BC7.font.s Fonts/build/GlyphItem/FontItem_0057.font.s Fonts/build/GlyphText/FontText_5A75.font.s Fonts/build/GlyphText/FontText_FF19.font.s Fonts/build/GlyphText/FontText_6DC7.font.s Fonts/build/GlyphText/FontText_835E.font.s Fonts/build/GlyphItem/FontItem_6216.font.s Fonts/build/GlyphText/FontText_4FC3.font.s Fonts/build/GlyphText/FontText_7949.font.s Fonts/build/GlyphItem/FontItem_81E8.font.s Fonts/build/GlyphText/FontText_759F.font.s Fonts/build/GlyphItem/FontItem_970E.font.s Fonts/build/GlyphItem/FontItem_903C.font.s Fonts/build/GlyphItem/FontItem_8096.font.s Fonts/build/GlyphText/FontText_8DEF.font.s Fonts/build/GlyphItem/FontItem_5824.font.s Fonts/build/GlyphItem/FontItem_737E.font.s Fonts/build/GlyphText/FontText_6D45.font.s Fonts/build/GlyphText/FontText_987C.font.s Fonts/build/GlyphText/FontText_7A03.font.s Fonts/build/GlyphItem/FontItem_95F0.font.s Fonts/build/GlyphItem/FontItem_6124.font.s Fonts/build/GlyphText/FontText_5E90.font.s Fonts/build/GlyphItem/FontItem_6028.font.s Fonts/build/GlyphText/FontText_5427.font.s Fonts/build/GlyphText/FontText_6740.font.s Fonts/build/GlyphText/FontText_53F2.font.s Fonts/build/GlyphText/FontText_5F39.font.s Fonts/build/GlyphItem/FontItem_9879.font.s Fonts/build/GlyphItem/FontItem_7722.font.s Fonts/build/GlyphItem/FontItem_5363.font.s Fonts/build/GlyphText/FontText_8DDE.font.s Fonts/build/GlyphText/FontText_52C3.font.s Fonts/build/GlyphText/FontText_572D.font.s Fonts/build/GlyphText/FontText_FF54.font.s Fonts/build/GlyphItem/FontItem_6258.font.s Fonts/build/GlyphText/FontText_003D.font.s Fonts/build/GlyphItem/FontItem_886C.font.s Fonts/build/GlyphText/FontText_67B6.font.s Fonts/build/GlyphItem/FontItem_7BE5.font.s Fonts/build/GlyphItem/FontItem_56FA.font.s Fonts/build/GlyphText/FontText_8FB9.font.s Fonts/build/GlyphItem/FontItem_831C.font.s Fonts/build/GlyphText/FontText_6C0F.font.s Fonts/build/GlyphItem/FontItem_7ED3.font.s Fonts/build/GlyphItem/FontItem_6E23.font.s Fonts/build/GlyphItem/FontItem_0062.font.s Fonts/build/GlyphText/FontText_57C2.font.s Fonts/build/GlyphText/FontText_6EDF.font.s Fonts/build/GlyphItem/FontItem_7CC1.font.s Fonts/build/GlyphText/FontText_6BCD.font.s Fonts/build/GlyphText/FontText_841C.font.s Fonts/build/GlyphText/FontText_9E38.font.s Fonts/build/GlyphText/FontText_7ECC.font.s Fonts/build/GlyphText/FontText_655E.font.s Fonts/build/GlyphItem/FontItem_9054.font.s Fonts/build/GlyphItem/FontItem_9650.font.s Fonts/build/GlyphText/FontText_51BC.font.s Fonts/build/GlyphItem/FontItem_5143.font.s Fonts/build/GlyphText/FontText_4FFE.font.s Fonts/build/GlyphItem/FontItem_5175.font.s Fonts/build/GlyphText/FontText_6F8E.font.s Fonts/build/GlyphItem/FontItem_53A5.font.s Fonts/build/GlyphItem/FontItem_8338.font.s Fonts/build/GlyphItem/FontItem_6551.font.s Fonts/build/GlyphText/FontText_4E8B.font.s Fonts/build/GlyphText/FontText_8A3A.font.s Fonts/build/GlyphText/FontText_50F3.font.s Fonts/build/GlyphItem/FontItem_7F5A.font.s Fonts/build/GlyphItem/FontItem_751C.font.s Fonts/build/GlyphItem/FontItem_67EC.font.s Fonts/build/GlyphItem/FontItem_59EB.font.s Fonts/build/GlyphText/FontText_57E4.font.s Fonts/build/GlyphItem/FontItem_7F08.font.s Fonts/build/GlyphItem/FontItem_56F5.font.s Fonts/build/GlyphItem/FontItem_578C.font.s Fonts/build/GlyphText/FontText_871A.font.s Fonts/build/GlyphText/FontText_6E10.font.s Fonts/build/GlyphItem/FontItem_6C46.font.s Fonts/build/GlyphItem/FontItem_8F91.font.s Fonts/build/GlyphItem/FontItem_8E4B.font.s Fonts/build/GlyphItem/FontItem_726E.font.s Fonts/build/GlyphText/FontText_6C93.font.s Fonts/build/GlyphItem/FontItem_7C9B.font.s Fonts/build/GlyphText/FontText_97FF.font.s Fonts/build/GlyphText/FontText_7687.font.s Fonts/build/GlyphText/FontText_4F88.font.s Fonts/build/GlyphText/FontText_7601.font.s Fonts/build/GlyphItem/FontItem_8036.font.s Fonts/build/GlyphText/FontText_7761.font.s Fonts/build/GlyphText/FontText_820E.font.s Fonts/build/GlyphItem/FontItem_59DC.font.s Fonts/build/GlyphText/FontText_5AC1.font.s Fonts/build/GlyphText/FontText_8C4C.font.s Fonts/build/GlyphItem/FontItem_6984.font.s Fonts/build/GlyphItem/FontItem_8FE9.font.s Fonts/build/GlyphText/FontText_89CE.font.s Fonts/build/GlyphText/FontText_6A79.font.s Fonts/build/GlyphItem/FontItem_81EA.font.s Fonts/build/GlyphItem/FontItem_0077.font.s Fonts/build/GlyphItem/FontItem_86F0.font.s Fonts/build/GlyphText/FontText_7743.font.s Fonts/build/GlyphText/FontText_8C01.font.s Fonts/build/GlyphText/FontText_86FE.font.s Fonts/build/GlyphItem/FontItem_77E9.font.s Fonts/build/GlyphItem/FontItem_6CFB.font.s Fonts/build/GlyphText/FontText_73F2.font.s Fonts/build/GlyphItem/FontItem_66F7.font.s Fonts/build/GlyphText/FontText_5ECA.font.s Fonts/build/GlyphText/FontText_4E27.font.s Fonts/build/GlyphItem/FontItem_7EF6.font.s Fonts/build/GlyphText/FontText_5230.font.s Fonts/build/GlyphText/FontText_4ED6.font.s Fonts/build/GlyphItem/FontItem_5149.font.s Fonts/build/GlyphItem/FontItem_7C38.font.s Fonts/build/GlyphItem/FontItem_53F2.font.s Fonts/build/GlyphText/FontText_6F46.font.s Fonts/build/GlyphItem/FontItem_773A.font.s Fonts/build/GlyphText/FontText_8DEC.font.s Fonts/build/GlyphText/FontText_0067.font.s Fonts/build/GlyphItem/FontItem_7729.font.s Fonts/build/GlyphItem/FontItem_5348.font.s Fonts/build/GlyphItem/FontItem_8F1D.font.s Fonts/build/GlyphItem/FontItem_7D2F.font.s Fonts/build/GlyphText/FontText_58C5.font.s Fonts/build/GlyphText/FontText_6A0A.font.s Fonts/build/GlyphText/FontText_8B72.font.s Fonts/build/GlyphText/FontText_5D16.font.s Fonts/build/GlyphItem/FontItem_6126.font.s Fonts/build/GlyphItem/FontItem_8F6D.font.s Fonts/build/GlyphText/FontText_80D6.font.s Fonts/build/GlyphText/FontText_9CB3.font.s Fonts/build/GlyphText/FontText_634B.font.s Fonts/build/GlyphItem/FontItem_9F8A.font.s Fonts/build/GlyphText/FontText_4E2B.font.s Fonts/build/GlyphText/FontText_9535.font.s Fonts/build/GlyphItem/FontItem_524D.font.s Fonts/build/GlyphText/FontText_60B6.font.s Fonts/build/GlyphItem/FontItem_5C22.font.s Fonts/build/GlyphItem/FontItem_5EB9.font.s Fonts/build/GlyphItem/FontItem_6D69.font.s Fonts/build/GlyphItem/FontItem_6E0A.font.s Fonts/build/GlyphItem/FontItem_5B62.font.s Fonts/build/GlyphItem/FontItem_6C06.font.s Fonts/build/GlyphText/FontText_56F2.font.s Fonts/build/GlyphText/FontText_9CA5.font.s Fonts/build/GlyphText/FontText_960A.font.s Fonts/build/GlyphItem/FontItem_82CC.font.s Fonts/build/GlyphItem/FontItem_91AE.font.s Fonts/build/GlyphText/FontText_FF26.font.s Fonts/build/GlyphItem/FontItem_5162.font.s Fonts/build/GlyphItem/FontItem_7814.font.s Fonts/build/GlyphItem/FontItem_7AE0.font.s Fonts/build/GlyphText/FontText_0066.font.s Fonts/build/GlyphItem/FontItem_523F.font.s Fonts/build/GlyphText/FontText_817B.font.s Fonts/build/GlyphItem/FontItem_5BB6.font.s Fonts/build/GlyphText/FontText_4F73.font.s Fonts/build/GlyphText/FontText_5AD8.font.s Fonts/build/GlyphText/FontText_647A.font.s Fonts/build/GlyphItem/FontItem_9CCA.font.s Fonts/build/GlyphItem/FontItem_5A4A.font.s Fonts/build/GlyphText/FontText_5F35.font.s Fonts/build/GlyphItem/FontItem_84EE.font.s Fonts/build/GlyphItem/FontItem_7D76.font.s Fonts/build/GlyphItem/FontItem_5CC4.font.s Fonts/build/GlyphItem/FontItem_631A.font.s Fonts/build/GlyphText/FontText_88D9.font.s Fonts/build/GlyphText/FontText_900A.font.s Fonts/build/GlyphText/FontText_57CB.font.s Fonts/build/GlyphItem/FontItem_548E.font.s Fonts/build/GlyphItem/FontItem_640B.font.s Fonts/build/GlyphText/FontText_7913.font.s Fonts/build/GlyphText/FontText_920D.font.s Fonts/build/GlyphItem/FontItem_8236.font.s Fonts/build/GlyphText/FontText_75A4.font.s Fonts/build/GlyphItem/FontItem_306C.font.s Fonts/build/GlyphText/FontText_6012.font.s Fonts/build/GlyphText/FontText_7FC5.font.s Fonts/build/GlyphItem/FontItem_8712.font.s Fonts/build/GlyphItem/FontItem_544A.font.s Fonts/build/GlyphItem/FontItem_52AB.font.s Fonts/build/GlyphItem/FontItem_987F.font.s Fonts/build/GlyphItem/FontItem_9CA4.font.s Fonts/build/GlyphItem/FontItem_7682.font.s Fonts/build/GlyphItem/FontItem_835A.font.s Fonts/build/GlyphText/FontText_522D.font.s Fonts/build/GlyphItem/FontItem_63B8.font.s Fonts/build/GlyphItem/FontItem_8F38.font.s Fonts/build/GlyphItem/FontItem_641B.font.s Fonts/build/GlyphText/FontText_6308.font.s Fonts/build/GlyphText/FontText_8E85.font.s Fonts/build/GlyphItem/FontItem_77BF.font.s Fonts/build/GlyphText/FontText_8605.font.s Fonts/build/GlyphText/FontText_8FBF.font.s Fonts/build/GlyphItem/FontItem_7F72.font.s Fonts/build/GlyphText/FontText_817D.font.s Fonts/build/GlyphItem/FontItem_762D.font.s Fonts/build/GlyphItem/FontItem_2283.font.s Fonts/build/GlyphItem/FontItem_7FEE.font.s Fonts/build/GlyphItem/FontItem_706B.font.s Fonts/build/GlyphItem/FontItem_6631.font.s Fonts/build/GlyphItem/FontItem_82CD.font.s Fonts/build/GlyphText/FontText_83B9.font.s Fonts/build/GlyphItem/FontItem_5821.font.s Fonts/build/GlyphText/FontText_96B9.font.s Fonts/build/GlyphText/FontText_863C.font.s Fonts/build/GlyphItem/FontItem_7EBA.font.s Fonts/build/GlyphItem/FontItem_70D8.font.s Fonts/build/GlyphItem/FontItem_8C14.font.s Fonts/build/GlyphText/FontText_5C4A.font.s Fonts/build/GlyphText/FontText_7709.font.s Fonts/build/GlyphItem/FontItem_8BEB.font.s Fonts/build/GlyphItem/FontItem_5EB5.font.s Fonts/build/GlyphText/FontText_8F7F.font.s Fonts/build/GlyphItem/FontItem_50BB.font.s Fonts/build/GlyphItem/FontItem_6052.font.s Fonts/build/GlyphText/FontText_5510.font.s Fonts/build/GlyphText/FontText_2467.font.s Fonts/build/GlyphItem/FontItem_84E0.font.s Fonts/build/GlyphText/FontText_580D.font.s Fonts/build/GlyphItem/FontItem_8E4A.font.s Fonts/build/GlyphItem/FontItem_8028.font.s Fonts/build/GlyphText/FontText_9F3D.font.s Fonts/build/GlyphItem/FontItem_680C.font.s Fonts/build/GlyphItem/FontItem_8F29.font.s Fonts/build/GlyphItem/FontItem_5C91.font.s Fonts/build/GlyphItem/FontItem_6D8E.font.s Fonts/build/GlyphItem/FontItem_978D.font.s Fonts/build/GlyphText/FontText_3061.font.s Fonts/build/GlyphItem/FontItem_890A.font.s Fonts/build/GlyphItem/FontItem_5267.font.s Fonts/build/GlyphItem/FontItem_5D6B.font.s Fonts/build/GlyphItem/FontItem_718A.font.s Fonts/build/GlyphItem/FontItem_7830.font.s Fonts/build/GlyphItem/FontItem_7855.font.s Fonts/build/GlyphItem/FontItem_673A.font.s Fonts/build/GlyphItem/FontItem_671F.font.s Fonts/build/GlyphItem/FontItem_83B6.font.s Fonts/build/GlyphText/FontText_9A7A.font.s Fonts/build/GlyphText/FontText_962A.font.s Fonts/build/GlyphText/FontText_7F22.font.s Fonts/build/GlyphText/FontText_662D.font.s Fonts/build/GlyphItem/FontItem_51CD.font.s Fonts/build/GlyphText/FontText_4F46.font.s Fonts/build/GlyphItem/FontItem_5413.font.s Fonts/build/GlyphText/FontText_751A.font.s Fonts/build/GlyphItem/FontItem_714C.font.s Fonts/build/GlyphText/FontText_53EC.font.s Fonts/build/GlyphItem/FontItem_85CF.font.s Fonts/build/GlyphText/FontText_7EA6.font.s Fonts/build/GlyphItem/FontItem_5F82.font.s Fonts/build/GlyphItem/FontItem_6559.font.s Fonts/build/GlyphText/FontText_5462.font.s Fonts/build/GlyphItem/FontItem_52FF.font.s Fonts/build/GlyphItem/FontItem_87CA.font.s Fonts/build/GlyphItem/FontItem_8F67.font.s Fonts/build/GlyphText/FontText_5417.font.s Fonts/build/GlyphItem/FontItem_6DD1.font.s Fonts/build/GlyphText/FontText_9516.font.s Fonts/build/GlyphItem/FontItem_817C.font.s Fonts/build/GlyphText/FontText_8D58.font.s Fonts/build/GlyphText/FontText_6813.font.s Fonts/build/GlyphItem/FontItem_8FEB.font.s Fonts/build/GlyphText/FontText_961D.font.s Fonts/build/GlyphItem/FontItem_8981.font.s Fonts/build/GlyphText/FontText_6CBD.font.s Fonts/build/GlyphText/FontText_7FCE.font.s Fonts/build/GlyphItem/FontItem_9562.font.s Fonts/build/GlyphText/FontText_76F1.font.s Fonts/build/GlyphText/FontText_5687.font.s Fonts/build/GlyphItem/FontItem_5507.font.s Fonts/build/GlyphItem/FontItem_8C12.font.s Fonts/build/GlyphText/FontText_846C.font.s Fonts/build/GlyphItem/FontItem_5B84.font.s Fonts/build/GlyphItem/FontItem_9EFC.font.s Fonts/build/GlyphItem/FontItem_607A.font.s Fonts/build/GlyphItem/FontItem_5024.font.s Fonts/build/GlyphText/FontText_810D.font.s Fonts/build/GlyphItem/FontItem_5360.font.s Fonts/build/GlyphItem/FontItem_9E2B.font.s Fonts/build/GlyphText/FontText_50E6.font.s Fonts/build/GlyphItem/FontItem_7EF2.font.s Fonts/build/GlyphItem/FontItem_94EC.font.s Fonts/build/GlyphItem/FontItem_79D5.font.s Fonts/build/GlyphItem/FontItem_8EAC.font.s Fonts/build/GlyphItem/FontItem_6FEF.font.s Fonts/build/GlyphText/FontText_5C4B.font.s Fonts/build/GlyphText/FontText_5B89.font.s Fonts/build/GlyphText/FontText_7B19.font.s Fonts/build/GlyphText/FontText_7B77.font.s Fonts/build/GlyphText/FontText_00E9.font.s Fonts/build/GlyphText/FontText_973E.font.s Fonts/build/GlyphText/FontText_772F.font.s Fonts/build/GlyphText/FontText_81E5.font.s Fonts/build/GlyphItem/FontItem_97AD.font.s Fonts/build/GlyphItem/FontItem_7BB8.font.s Fonts/build/GlyphText/FontText_8150.font.s Fonts/build/GlyphText/FontText_8930.font.s Fonts/build/GlyphText/FontText_626A.font.s Fonts/build/GlyphText/FontText_79ED.font.s Fonts/build/GlyphItem/FontItem_6F46.font.s Fonts/build/GlyphItem/FontItem_8A66.font.s Fonts/build/GlyphItem/FontItem_819B.font.s Fonts/build/GlyphText/FontText_629C.font.s Fonts/build/GlyphText/FontText_0075.font.s Fonts/build/GlyphText/FontText_4F94.font.s Fonts/build/GlyphItem/FontItem_7096.font.s Fonts/build/GlyphItem/FontItem_6500.font.s Fonts/build/GlyphItem/FontItem_8C06.font.s Fonts/build/GlyphItem/FontItem_FF49.font.s Fonts/build/GlyphItem/FontItem_3078.font.s Fonts/build/GlyphItem/FontItem_61A9.font.s Fonts/build/GlyphItem/FontItem_94EB.font.s Fonts/build/GlyphItem/FontItem_6D4B.font.s Fonts/build/GlyphText/FontText_734D.font.s Fonts/build/GlyphText/FontText_79B9.font.s Fonts/build/GlyphItem/FontItem_95EE.font.s Fonts/build/GlyphItem/FontItem_4E0E.font.s Fonts/build/GlyphItem/FontItem_72B6.font.s Fonts/build/GlyphItem/FontItem_6525.font.s Fonts/build/GlyphItem/FontItem_5439.font.s Fonts/build/GlyphItem/FontItem_7A57.font.s Fonts/build/GlyphItem/FontItem_4F36.font.s Fonts/build/GlyphItem/FontItem_887E.font.s Fonts/build/GlyphItem/FontItem_5BF8.font.s Fonts/build/GlyphText/FontText_8723.font.s Fonts/build/GlyphItem/FontItem_69CD.font.s Fonts/build/GlyphItem/FontItem_9760.font.s Fonts/build/GlyphItem/FontItem_80E1.font.s Fonts/build/GlyphText/FontText_6575.font.s Fonts/build/GlyphItem/FontItem_67C4.font.s Fonts/build/GlyphText/FontText_8478.font.s Fonts/build/GlyphItem/FontItem_9E36.font.s Fonts/build/GlyphText/FontText_5F66.font.s Fonts/build/GlyphItem/FontItem_5957.font.s Fonts/build/GlyphItem/FontItem_7035.font.s Fonts/build/GlyphItem/FontItem_9E31.font.s Fonts/build/GlyphText/FontText_6ED5.font.s Fonts/build/GlyphText/FontText_75E3.font.s Fonts/build/GlyphItem/FontItem_71B5.font.s Fonts/build/GlyphItem/FontItem_3092.font.s Fonts/build/GlyphText/FontText_67D9.font.s Fonts/build/GlyphItem/FontItem_5A20.font.s Fonts/build/GlyphItem/FontItem_4F10.font.s Fonts/build/GlyphText/FontText_6255.font.s Fonts/build/GlyphItem/FontItem_90E8.font.s Fonts/build/GlyphItem/FontItem_6CBF.font.s Fonts/build/GlyphText/FontText_73B7.font.s Fonts/build/GlyphItem/FontItem_7F79.font.s Fonts/build/GlyphText/FontText_7F24.font.s Fonts/build/GlyphText/FontText_8A6E.font.s Fonts/build/GlyphItem/FontItem_8B66.font.s Fonts/build/GlyphText/FontText_6062.font.s Fonts/build/GlyphText/FontText_85A8.font.s Fonts/build/GlyphText/FontText_736C.font.s Fonts/build/GlyphText/FontText_7023.font.s Fonts/build/GlyphItem/FontItem_906D.font.s Fonts/build/GlyphText/FontText_54AC.font.s Fonts/build/GlyphItem/FontItem_8D4C.font.s Fonts/build/GlyphText/FontText_660F.font.s Fonts/build/GlyphText/FontText_680F.font.s Fonts/build/GlyphText/FontText_59CA.font.s Fonts/build/GlyphItem/FontItem_6619.font.s Fonts/build/GlyphText/FontText_8725.font.s Fonts/build/GlyphItem/FontItem_81C0.font.s Fonts/build/GlyphItem/FontItem_5154.font.s Fonts/build/GlyphText/FontText_94ED.font.s Fonts/build/GlyphItem/FontItem_7FBD.font.s Fonts/build/GlyphText/FontText_8C37.font.s Fonts/build/GlyphItem/FontItem_638A.font.s Fonts/build/GlyphItem/FontItem_6CB1.font.s Fonts/build/GlyphItem/FontItem_00AA.font.s Fonts/build/GlyphText/FontText_82FB.font.s Fonts/build/GlyphText/FontText_671D.font.s Fonts/build/GlyphText/FontText_9985.font.s Fonts/build/GlyphItem/FontItem_FF0D.font.s Fonts/build/GlyphItem/FontItem_91A3.font.s Fonts/build/GlyphItem/FontItem_30CF.font.s Fonts/build/GlyphText/FontText_003F.font.s Fonts/build/GlyphItem/FontItem_00C2.font.s Fonts/build/GlyphItem/FontItem_FF31.font.s Fonts/build/GlyphItem/FontItem_6860.font.s Fonts/build/GlyphText/FontText_76CE.font.s Fonts/build/GlyphText/FontText_7682.font.s Fonts/build/GlyphText/FontText_84C9.font.s Fonts/build/GlyphText/FontText_67A2.font.s Fonts/build/GlyphItem/FontItem_7B2C.font.s Fonts/build/GlyphText/FontText_8270.font.s Fonts/build/GlyphItem/FontItem_9163.font.s Fonts/build/GlyphItem/FontItem_94A0.font.s Fonts/build/GlyphText/FontText_7ECF.font.s Fonts/build/GlyphItem/FontItem_7F24.font.s Fonts/build/GlyphText/FontText_5555.font.s Fonts/build/GlyphItem/FontItem_5E76.font.s Fonts/build/GlyphText/FontText_83F9.font.s Fonts/build/GlyphItem/FontItem_9E28.font.s Fonts/build/GlyphText/FontText_50B7.font.s Fonts/build/GlyphItem/FontItem_6BC2.font.s Fonts/build/GlyphText/FontText_574D.font.s Fonts/build/GlyphItem/FontItem_65D6.font.s Fonts/build/GlyphText/FontText_6ED7.font.s Fonts/build/GlyphText/FontText_9F83.font.s Fonts/build/GlyphText/FontText_8214.font.s Fonts/build/GlyphText/FontText_8870.font.s Fonts/build/GlyphText/FontText_8BEF.font.s Fonts/build/GlyphText/FontText_5FAC.font.s Fonts/build/GlyphItem/FontItem_9CDF.font.s Fonts/build/GlyphItem/FontItem_7FE0.font.s Fonts/build/GlyphText/FontText_631F.font.s Fonts/build/GlyphItem/FontItem_852C.font.s Fonts/build/GlyphText/FontText_6F72.font.s Fonts/build/GlyphText/FontText_0040.font.s Fonts/build/GlyphItem/FontItem_664C.font.s Fonts/build/GlyphItem/FontItem_3066.font.s Fonts/build/GlyphText/FontText_97EA.font.s Fonts/build/GlyphText/FontText_50A8.font.s Fonts/build/GlyphText/FontText_4F43.font.s Fonts/build/GlyphText/FontText_70DB.font.s Fonts/build/GlyphText/FontText_66F9.font.s Fonts/build/GlyphText/FontText_708A.font.s Fonts/build/GlyphText/FontText_7F0C.font.s Fonts/build/GlyphText/FontText_9171.font.s Fonts/build/GlyphItem/FontItem_7EF3.font.s Fonts/build/GlyphText/FontText_53BB.font.s Fonts/build/GlyphText/FontText_9798.font.s Fonts/build/GlyphText/FontText_7230.font.s Fonts/build/GlyphText/FontText_67B8.font.s Fonts/build/GlyphItem/FontItem_7363.font.s Fonts/build/GlyphText/FontText_5B54.font.s Fonts/build/GlyphText/FontText_526A.font.s Fonts/build/GlyphItem/FontItem_6C83.font.s Fonts/build/GlyphText/FontText_5785.font.s Fonts/build/GlyphItem/FontItem_9F51.font.s Fonts/build/GlyphItem/FontItem_5ED6.font.s Fonts/build/GlyphItem/FontItem_8F68.font.s Fonts/build/GlyphItem/FontItem_562D.font.s Fonts/build/GlyphText/FontText_74E4.font.s Fonts/build/GlyphItem/FontItem_6B23.font.s Fonts/build/GlyphText/FontText_4E7E.font.s Fonts/build/GlyphItem/FontItem_591F.font.s Fonts/build/GlyphItem/FontItem_6225.font.s Fonts/build/GlyphText/FontText_8BCD.font.s Fonts/build/GlyphItem/FontItem_5831.font.s Fonts/build/GlyphText/FontText_867B.font.s Fonts/build/GlyphItem/FontItem_9F9A.font.s Fonts/build/GlyphText/FontText_6A28.font.s Fonts/build/GlyphItem/FontItem_5E3B.font.s Fonts/build/GlyphItem/FontItem_7167.font.s Fonts/build/GlyphText/FontText_84A1.font.s Fonts/build/GlyphItem/FontItem_5323.font.s Fonts/build/GlyphItem/FontItem_7620.font.s Fonts/build/GlyphItem/FontItem_9505.font.s Fonts/build/GlyphItem/FontItem_8386.font.s Fonts/build/GlyphText/FontText_4E9B.font.s Fonts/build/GlyphItem/FontItem_70B9.font.s Fonts/build/GlyphItem/FontItem_57F8.font.s Fonts/build/GlyphText/FontText_8206.font.s Fonts/build/GlyphText/FontText_5761.font.s Fonts/build/GlyphText/FontText_914F.font.s Fonts/build/GlyphText/FontText_7235.font.s Fonts/build/GlyphItem/FontItem_5416.font.s Fonts/build/GlyphItem/FontItem_2534.font.s Fonts/build/GlyphItem/FontItem_5589.font.s Fonts/build/GlyphText/FontText_5A6A.font.s Fonts/build/GlyphText/FontText_6BDB.font.s Fonts/build/GlyphItem/FontItem_3001.font.s Fonts/build/GlyphText/FontText_576F.font.s Fonts/build/GlyphText/FontText_5BA6.font.s Fonts/build/GlyphItem/FontItem_7A70.font.s Fonts/build/GlyphItem/FontItem_87AB.font.s Fonts/build/GlyphText/FontText_4EC1.font.s Fonts/build/GlyphItem/FontItem_5EA5.font.s Fonts/build/GlyphItem/FontItem_5371.font.s Fonts/build/GlyphItem/FontItem_4F64.font.s Fonts/build/GlyphText/FontText_7EE5.font.s Fonts/build/GlyphText/FontText_8A08.font.s Fonts/build/GlyphItem/FontItem_6120.font.s Fonts/build/GlyphText/FontText_9E2A.font.s Fonts/build/GlyphItem/FontItem_4E1A.font.s Fonts/build/GlyphText/FontText_7166.font.s Fonts/build/GlyphItem/FontItem_711A.font.s Fonts/build/GlyphItem/FontItem_9727.font.s Fonts/build/GlyphItem/FontItem_5FA8.font.s Fonts/build/GlyphText/FontText_78BE.font.s Fonts/build/GlyphItem/FontItem_6377.font.s Fonts/build/GlyphItem/FontItem_746D.font.s Fonts/build/GlyphItem/FontItem_7617.font.s Fonts/build/GlyphItem/FontItem_6845.font.s Fonts/build/GlyphItem/FontItem_3075.font.s Fonts/build/GlyphText/FontText_94B2.font.s Fonts/build/GlyphText/FontText_4F70.font.s Fonts/build/GlyphText/FontText_5C4F.font.s Fonts/build/GlyphItem/FontItem_5281.font.s Fonts/build/GlyphText/FontText_93D6.font.s Fonts/build/GlyphItem/FontItem_7CC7.font.s Fonts/build/GlyphItem/FontItem_949E.font.s Fonts/build/GlyphItem/FontItem_8865.font.s Fonts/build/GlyphItem/FontItem_77B5.font.s Fonts/build/GlyphItem/FontItem_82B0.font.s Fonts/build/GlyphText/FontText_4EF6.font.s Fonts/build/GlyphText/FontText_7592.font.s Fonts/build/GlyphItem/FontItem_738B.font.s Fonts/build/GlyphItem/FontItem_90AE.font.s Fonts/build/GlyphItem/FontItem_7FF0.font.s Fonts/build/GlyphItem/FontItem_86C0.font.s Fonts/build/GlyphItem/FontItem_94D8.font.s Fonts/build/GlyphItem/FontItem_8BA1.font.s Fonts/build/GlyphText/FontText_7CE8.font.s Fonts/build/GlyphItem/FontItem_613F.font.s Fonts/build/GlyphItem/FontItem_4F60.font.s Fonts/build/GlyphItem/FontItem_59BB.font.s Fonts/build/GlyphItem/FontItem_5899.font.s Fonts/build/GlyphText/FontText_7238.font.s Fonts/build/GlyphText/FontText_52AB.font.s Fonts/build/GlyphText/FontText_9A5A.font.s Fonts/build/GlyphText/FontText_FF14.font.s Fonts/build/GlyphText/FontText_7DD8.font.s Fonts/build/GlyphItem/FontItem_70DB.font.s Fonts/build/GlyphText/FontText_8FE2.font.s Fonts/build/GlyphText/FontText_9700.font.s Fonts/build/GlyphText/FontText_69B7.font.s Fonts/build/GlyphItem/FontItem_6CE0.font.s Fonts/build/GlyphItem/FontItem_73D9.font.s Fonts/build/GlyphText/FontText_82A4.font.s Fonts/build/GlyphText/FontText_86AF.font.s Fonts/build/GlyphText/FontText_30E6.font.s Fonts/build/GlyphText/FontText_97AB.font.s Fonts/build/GlyphText/FontText_5844.font.s Fonts/build/GlyphText/FontText_4FAC.font.s Fonts/build/GlyphItem/FontItem_5BBF.font.s Fonts/build/GlyphText/FontText_5B5F.font.s Fonts/build/GlyphText/FontText_63D6.font.s Fonts/build/GlyphItem/FontItem_7B51.font.s Fonts/build/GlyphText/FontText_7B06.font.s Fonts/build/GlyphText/FontText_5F03.font.s Fonts/build/GlyphText/FontText_8F99.font.s Fonts/build/GlyphText/FontText_6482.font.s Fonts/build/GlyphText/FontText_55F3.font.s Fonts/build/GlyphItem/FontItem_8343.font.s Fonts/build/GlyphItem/FontItem_0079.font.s Fonts/build/GlyphText/FontText_6108.font.s Fonts/build/GlyphItem/FontItem_65E0.font.s Fonts/build/GlyphText/FontText_4E16.font.s Fonts/build/GlyphText/FontText_948A.font.s Fonts/build/GlyphText/FontText_7B95.font.s Fonts/build/GlyphText/FontText_9B5A.font.s Fonts/build/GlyphItem/FontItem_75E8.font.s Fonts/build/GlyphText/FontText_7779.font.s Fonts/build/GlyphItem/FontItem_52A8.font.s Fonts/build/GlyphItem/FontItem_6003.font.s Fonts/build/GlyphItem/FontItem_6E58.font.s Fonts/build/GlyphText/FontText_94F7.font.s Fonts/build/GlyphText/FontText_96EF.font.s Fonts/build/GlyphItem/FontItem_54E8.font.s Fonts/build/GlyphText/FontText_9F99.font.s Fonts/build/GlyphItem/FontItem_77DB.font.s Fonts/build/GlyphText/FontText_5F0B.font.s Fonts/build/GlyphItem/FontItem_6279.font.s Fonts/build/GlyphText/FontText_8944.font.s Fonts/build/GlyphItem/FontItem_4EB5.font.s Fonts/build/GlyphText/FontText_4EA9.font.s Fonts/build/GlyphText/FontText_5EAD.font.s Fonts/build/GlyphText/FontText_7080.font.s Fonts/build/GlyphText/FontText_63AC.font.s Fonts/build/GlyphItem/FontItem_5DE8.font.s Fonts/build/GlyphText/FontText_5BE4.font.s Fonts/build/GlyphText/FontText_86D1.font.s Fonts/build/GlyphText/FontText_506C.font.s Fonts/build/GlyphText/FontText_594F.font.s Fonts/build/GlyphText/FontText_5544.font.s Fonts/build/GlyphItem/FontItem_9CA9.font.s Fonts/build/GlyphItem/FontItem_66BE.font.s Fonts/build/GlyphItem/FontItem_89EB.font.s Fonts/build/GlyphItem/FontItem_5FD6.font.s Fonts/build/GlyphText/FontText_7F31.font.s Fonts/build/GlyphText/FontText_600F.font.s Fonts/build/GlyphText/FontText_9CBA.font.s Fonts/build/GlyphItem/FontItem_2022.font.s Fonts/build/GlyphItem/FontItem_5F3C.font.s Fonts/build/GlyphItem/FontItem_306D.font.s Fonts/build/GlyphText/FontText_987F.font.s Fonts/build/GlyphText/FontText_4EBA.font.s Fonts/build/GlyphItem/FontItem_6EC7.font.s Fonts/build/GlyphItem/FontItem_62AB.font.s Fonts/build/GlyphText/FontText_7095.font.s Fonts/build/GlyphItem/FontItem_8CB4.font.s Fonts/build/GlyphItem/FontItem_FF03.font.s Fonts/build/GlyphText/FontText_59C6.font.s Fonts/build/GlyphText/FontText_8CC7.font.s Fonts/build/GlyphItem/FontItem_6750.font.s Fonts/build/GlyphText/FontText_5A7A.font.s Fonts/build/GlyphText/FontText_6292.font.s Fonts/build/GlyphText/FontText_75EB.font.s Fonts/build/GlyphItem/FontItem_6BE1.font.s Fonts/build/GlyphItem/FontItem_76DF.font.s Fonts/build/GlyphText/FontText_69A8.font.s Fonts/build/GlyphItem/FontItem_8BED.font.s Fonts/build/GlyphItem/FontItem_5E02.font.s Fonts/build/GlyphItem/FontItem_8F78.font.s Fonts/build/GlyphItem/FontItem_7A88.font.s Fonts/build/GlyphItem/FontItem_948C.font.s Fonts/build/GlyphItem/FontItem_6F6D.font.s Fonts/build/GlyphItem/FontItem_6F0F.font.s Fonts/build/GlyphItem/FontItem_67D8.font.s Fonts/build/GlyphItem/FontItem_67DD.font.s Fonts/build/GlyphText/FontText_88D8.font.s Fonts/build/GlyphText/FontText_7EF0.font.s Fonts/build/GlyphItem/FontItem_5588.font.s Fonts/build/GlyphItem/FontItem_57E4.font.s Fonts/build/GlyphText/FontText_63CE.font.s Fonts/build/GlyphItem/FontItem_77F6.font.s Fonts/build/GlyphItem/FontItem_82E4.font.s Fonts/build/GlyphText/FontText_9A6E.font.s Fonts/build/GlyphItem/FontItem_80CE.font.s Fonts/build/GlyphItem/FontItem_6A3D.font.s Fonts/build/GlyphText/FontText_6CB2.font.s Fonts/build/GlyphText/FontText_988A.font.s Fonts/build/GlyphText/FontText_6CD7.font.s Fonts/build/GlyphItem/FontItem_4F22.font.s Fonts/build/GlyphItem/FontItem_9EC4.font.s Fonts/build/GlyphText/FontText_6C9B.font.s Fonts/build/GlyphText/FontText_00AA.font.s Fonts/build/GlyphItem/FontItem_5E93.font.s Fonts/build/GlyphText/FontText_6674.font.s Fonts/build/GlyphText/FontText_8F67.font.s Fonts/build/GlyphText/FontText_9564.font.s Fonts/build/GlyphItem/FontItem_5944.font.s Fonts/build/GlyphItem/FontItem_7ADC.font.s Fonts/build/GlyphItem/FontItem_63A5.font.s Fonts/build/GlyphItem/FontItem_504E.font.s Fonts/build/GlyphText/FontText_3071.font.s Fonts/build/GlyphText/FontText_4E71.font.s Fonts/build/GlyphItem/FontItem_8BA0.font.s Fonts/build/GlyphText/FontText_94C1.font.s Fonts/build/GlyphText/FontText_6BCB.font.s Fonts/build/GlyphItem/FontItem_7A02.font.s Fonts/build/GlyphText/FontText_51ED.font.s Fonts/build/GlyphText/FontText_8537.font.s Fonts/build/GlyphItem/FontItem_9E43.font.s Fonts/build/GlyphItem/FontItem_8BA4.font.s Fonts/build/GlyphItem/FontItem_6CA3.font.s Fonts/build/GlyphItem/FontItem_5B57.font.s Fonts/build/GlyphItem/FontItem_6BBA.font.s Fonts/build/GlyphItem/FontItem_5C3F.font.s Fonts/build/GlyphItem/FontItem_30E3.font.s Fonts/build/GlyphItem/FontItem_8C89.font.s Fonts/build/GlyphText/FontText_5F79.font.s Fonts/build/GlyphText/FontText_94FE.font.s Fonts/build/GlyphText/FontText_80DA.font.s Fonts/build/GlyphItem/FontItem_7633.font.s Fonts/build/GlyphItem/FontItem_52BF.font.s Fonts/build/GlyphItem/FontItem_947D.font.s Fonts/build/GlyphText/FontText_9552.font.s Fonts/build/GlyphText/FontText_66DB.font.s Fonts/build/GlyphText/FontText_30BB.font.s Fonts/build/GlyphItem/FontItem_91CD.font.s Fonts/build/GlyphText/FontText_5EF7.font.s Fonts/build/GlyphItem/FontItem_81A3.font.s Fonts/build/GlyphText/FontText_59EB.font.s Fonts/build/GlyphText/FontText_604B.font.s Fonts/build/GlyphItem/FontItem_51C7.font.s Fonts/build/GlyphItem/FontItem_600F.font.s Fonts/build/GlyphText/FontText_7FB0.font.s Fonts/build/GlyphItem/FontItem_4E10.font.s Fonts/build/GlyphText/FontText_62D3.font.s Fonts/build/GlyphText/FontText_70D8.font.s Fonts/build/GlyphText/FontText_005E.font.s Fonts/build/GlyphText/FontText_827E.font.s Fonts/build/GlyphItem/FontItem_30B0.font.s Fonts/build/GlyphText/FontText_68D5.font.s Fonts/build/GlyphItem/FontItem_812C.font.s Fonts/build/GlyphText/FontText_5415.font.s Fonts/build/GlyphText/FontText_5733.font.s Fonts/build/GlyphText/FontText_9A75.font.s Fonts/build/GlyphText/FontText_4E45.font.s Fonts/build/GlyphText/FontText_7F8A.font.s Fonts/build/GlyphItem/FontItem_753B.font.s Fonts/build/GlyphText/FontText_3074.font.s Fonts/build/GlyphItem/FontItem_72E8.font.s Fonts/build/GlyphItem/FontItem_00E9.font.s Fonts/build/GlyphText/FontText_9732.font.s Fonts/build/GlyphText/FontText_7630.font.s Fonts/build/GlyphItem/FontItem_9CB8.font.s Fonts/build/GlyphText/FontText_60C5.font.s Fonts/build/GlyphText/FontText_7D6E.font.s Fonts/build/GlyphItem/FontItem_7A14.font.s Fonts/build/GlyphItem/FontItem_621A.font.s Fonts/build/GlyphItem/FontItem_5C53.font.s Fonts/build/GlyphText/FontText_7F9E.font.s Fonts/build/GlyphItem/FontItem_631F.font.s Fonts/build/GlyphText/FontText_6041.font.s Fonts/build/GlyphText/FontText_8311.font.s Fonts/build/GlyphItem/FontItem_0035.font.s Fonts/build/GlyphItem/FontItem_2015.font.s Fonts/build/GlyphText/FontText_8DC3.font.s Fonts/build/GlyphItem/FontItem_8FB0.font.s Fonts/build/GlyphText/FontText_990A.font.s Fonts/build/GlyphItem/FontItem_5A34.font.s Fonts/build/GlyphText/FontText_55C4.font.s Fonts/build/GlyphText/FontText_8BED.font.s Fonts/build/GlyphText/FontText_77FF.font.s Fonts/build/GlyphItem/FontItem_94E4.font.s Fonts/build/GlyphText/FontText_5B9E.font.s Fonts/build/GlyphItem/FontItem_7AA0.font.s Fonts/build/GlyphItem/FontItem_8E49.font.s Fonts/build/GlyphText/FontText_9CDE.font.s Fonts/build/GlyphItem/FontItem_5377.font.s Fonts/build/GlyphItem/FontItem_725D.font.s Fonts/build/GlyphText/FontText_915E.font.s Fonts/build/GlyphItem/FontItem_FF52.font.s Fonts/build/GlyphItem/FontItem_8E48.font.s Fonts/build/GlyphText/FontText_5254.font.s Fonts/build/GlyphText/FontText_756A.font.s Fonts/build/GlyphItem/FontItem_8365.font.s Fonts/build/GlyphText/FontText_7476.font.s Fonts/build/GlyphItem/FontItem_79BE.font.s Fonts/build/GlyphItem/FontItem_77FF.font.s Fonts/build/GlyphText/FontText_5A92.font.s Fonts/build/GlyphText/FontText_6B69.font.s Fonts/build/GlyphItem/FontItem_8921.font.s Fonts/build/GlyphText/FontText_82C1.font.s Fonts/build/GlyphItem/FontItem_8F9C.font.s Fonts/build/GlyphText/FontText_7B72.font.s Fonts/build/GlyphItem/FontItem_6B65.font.s Fonts/build/GlyphItem/FontItem_97F3.font.s Fonts/build/GlyphText/FontText_5C1A.font.s Fonts/build/GlyphText/FontText_6BBF.font.s Fonts/build/GlyphText/FontText_7B20.font.s Fonts/build/GlyphItem/FontItem_8DB3.font.s Fonts/build/GlyphItem/FontItem_9AA8.font.s Fonts/build/GlyphText/FontText_3076.font.s Fonts/build/GlyphText/FontText_797A.font.s Fonts/build/GlyphText/FontText_575E.font.s Fonts/build/GlyphItem/FontItem_852B.font.s Fonts/build/GlyphText/FontText_692D.font.s Fonts/build/GlyphItem/FontItem_56D7.font.s Fonts/build/GlyphItem/FontItem_7A00.font.s Fonts/build/GlyphText/FontText_6509.font.s Fonts/build/GlyphText/FontText_8D1F.font.s Fonts/build/GlyphText/FontText_7099.font.s Fonts/build/GlyphText/FontText_78A7.font.s Fonts/build/GlyphItem/FontItem_6E90.font.s Fonts/build/GlyphItem/FontItem_9765.font.s Fonts/build/GlyphText/FontText_96D5.font.s Fonts/build/GlyphText/FontText_5378.font.s Fonts/build/GlyphItem/FontItem_5ED3.font.s Fonts/build/GlyphItem/FontItem_517D.font.s Fonts/build/GlyphItem/FontItem_89D1.font.s Fonts/build/GlyphText/FontText_59BE.font.s Fonts/build/GlyphText/FontText_5C88.font.s Fonts/build/GlyphItem/FontItem_6C42.font.s Fonts/build/GlyphItem/FontItem_8605.font.s Fonts/build/GlyphText/FontText_5509.font.s Fonts/build/GlyphText/FontText_5B65.font.s Fonts/build/GlyphText/FontText_62A4.font.s Fonts/build/GlyphText/FontText_7839.font.s Fonts/build/GlyphItem/FontItem_562C.font.s Fonts/build/GlyphText/FontText_4ED9.font.s Fonts/build/GlyphText/FontText_7B2C.font.s Fonts/build/GlyphText/FontText_9614.font.s Fonts/build/GlyphText/FontText_75E8.font.s Fonts/build/GlyphItem/FontItem_5F3E.font.s Fonts/build/GlyphText/FontText_4FCA.font.s Fonts/build/GlyphItem/FontItem_63CE.font.s Fonts/build/GlyphText/FontText_61FF.font.s Fonts/build/GlyphText/FontText_85AC.font.s Fonts/build/GlyphItem/FontItem_6A97.font.s Fonts/build/GlyphItem/FontItem_7EDE.font.s Fonts/build/GlyphText/FontText_6CBF.font.s Fonts/build/GlyphItem/FontItem_59B2.font.s Fonts/build/GlyphText/FontText_5F50.font.s Fonts/build/GlyphText/FontText_6AA9.font.s Fonts/build/GlyphText/FontText_8FE6.font.s Fonts/build/GlyphItem/FontItem_6538.font.s Fonts/build/GlyphItem/FontItem_9E57.font.s Fonts/build/GlyphItem/FontItem_7B24.font.s Fonts/build/GlyphText/FontText_7535.font.s Fonts/build/GlyphItem/FontItem_65B9.font.s Fonts/build/GlyphText/FontText_00B0.font.s Fonts/build/GlyphItem/FontItem_4E1D.font.s Fonts/build/GlyphText/FontText_6684.font.s Fonts/build/GlyphText/FontText_9068.font.s Fonts/build/GlyphItem/FontItem_53B6.font.s Fonts/build/GlyphText/FontText_7FD8.font.s Fonts/build/GlyphItem/FontItem_793A.font.s Fonts/build/GlyphText/FontText_77F6.font.s Fonts/build/GlyphText/FontText_5E18.font.s Fonts/build/GlyphItem/FontItem_8DBE.font.s Fonts/build/GlyphItem/FontItem_750D.font.s Fonts/build/GlyphItem/FontItem_6311.font.s Fonts/build/GlyphItem/FontItem_3010.font.s Fonts/build/GlyphItem/FontItem_5739.font.s Fonts/build/GlyphText/FontText_30B9.font.s Fonts/build/GlyphItem/FontItem_63AD.font.s Fonts/build/GlyphText/FontText_833C.font.s Fonts/build/GlyphItem/FontItem_53D6.font.s Fonts/build/GlyphItem/FontItem_9572.font.s Fonts/build/GlyphItem/FontItem_5411.font.s Fonts/build/GlyphText/FontText_9AA7.font.s Fonts/build/GlyphItem/FontItem_7B31.font.s Fonts/build/GlyphText/FontText_5450.font.s Fonts/build/GlyphItem/FontItem_64DE.font.s Fonts/build/GlyphText/FontText_FF29.font.s Fonts/build/GlyphItem/FontItem_551B.font.s Fonts/build/GlyphItem/FontItem_7CA2.font.s Fonts/build/GlyphText/FontText_871E.font.s Fonts/build/GlyphItem/FontItem_6B62.font.s Fonts/build/GlyphItem/FontItem_55C4.font.s Fonts/build/GlyphItem/FontItem_7AA8.font.s Fonts/build/GlyphItem/FontItem_6DA3.font.s Fonts/build/GlyphItem/FontItem_5501.font.s Fonts/build/GlyphText/FontText_0052.font.s Fonts/build/GlyphText/FontText_9515.font.s Fonts/build/GlyphText/FontText_51AC.font.s Fonts/build/GlyphItem/FontItem_5960.font.s Fonts/build/GlyphItem/FontItem_51F5.font.s Fonts/build/GlyphText/FontText_8815.font.s Fonts/build/GlyphText/FontText_6E09.font.s Fonts/build/GlyphItem/FontItem_65CC.font.s Fonts/build/GlyphText/FontText_82E5.font.s Fonts/build/GlyphText/FontText_627C.font.s Fonts/build/GlyphItem/FontItem_54DD.font.s Fonts/build/GlyphItem/FontItem_7F29.font.s Fonts/build/GlyphItem/FontItem_8015.font.s Fonts/build/GlyphItem/FontItem_53EC.font.s Fonts/build/GlyphText/FontText_89C7.font.s Fonts/build/GlyphItem/FontItem_6CA7.font.s Fonts/build/GlyphText/FontText_9559.font.s Fonts/build/GlyphItem/FontItem_7EB6.font.s Fonts/build/GlyphItem/FontItem_4E43.font.s Fonts/build/GlyphItem/FontItem_7C98.font.s Fonts/build/GlyphItem/FontItem_80A4.font.s Fonts/build/GlyphItem/FontItem_6C41.font.s Fonts/build/GlyphText/FontText_96BD.font.s Fonts/build/GlyphText/FontText_30AD.font.s Fonts/build/GlyphItem/FontItem_620F.font.s Fonts/build/GlyphText/FontText_86B0.font.s Fonts/build/GlyphText/FontText_75C9.font.s Fonts/build/GlyphText/FontText_8FDE.font.s Fonts/build/GlyphText/FontText_59B9.font.s Fonts/build/GlyphItem/FontItem_67B7.font.s Fonts/build/GlyphItem/FontItem_8DB5.font.s Fonts/build/GlyphText/FontText_9035.font.s Fonts/build/GlyphText/FontText_304A.font.s Fonts/build/GlyphItem/FontItem_6C99.font.s Fonts/build/GlyphItem/FontItem_6D46.font.s Fonts/build/GlyphText/FontText_8BCE.font.s Fonts/build/GlyphText/FontText_0026.font.s Fonts/build/GlyphItem/FontItem_8680.font.s Fonts/build/GlyphText/FontText_6DEC.font.s Fonts/build/GlyphItem/FontItem_58C7.font.s Fonts/build/GlyphItem/FontItem_52D8.font.s Fonts/build/GlyphText/FontText_7075.font.s Fonts/build/GlyphItem/FontItem_65C5.font.s Fonts/build/GlyphText/FontText_8368.font.s Fonts/build/GlyphItem/FontItem_839E.font.s Fonts/build/GlyphText/FontText_64B5.font.s Fonts/build/GlyphText/FontText_6267.font.s Fonts/build/GlyphText/FontText_30D8.font.s Fonts/build/GlyphItem/FontItem_5C88.font.s Fonts/build/GlyphItem/FontItem_306B.font.s Fonts/build/GlyphText/FontText_4F3A.font.s Fonts/build/GlyphItem/FontItem_6661.font.s Fonts/build/GlyphItem/FontItem_4EEB.font.s Fonts/build/GlyphItem/FontItem_9F0B.font.s Fonts/build/GlyphText/FontText_790E.font.s Fonts/build/GlyphItem/FontItem_840D.font.s Fonts/build/GlyphText/FontText_86A9.font.s Fonts/build/GlyphText/FontText_4EA5.font.s Fonts/build/GlyphText/FontText_68CB.font.s Fonts/build/GlyphText/FontText_53E4.font.s Fonts/build/GlyphItem/FontItem_6E2B.font.s Fonts/build/GlyphItem/FontItem_6954.font.s Fonts/build/GlyphItem/FontItem_8317.font.s Fonts/build/GlyphItem/FontItem_87C6.font.s Fonts/build/GlyphItem/FontItem_5452.font.s Fonts/build/GlyphText/FontText_7855.font.s Fonts/build/GlyphText/FontText_5D9D.font.s Fonts/build/GlyphItem/FontItem_9123.font.s Fonts/build/GlyphText/FontText_6289.font.s Fonts/build/GlyphText/FontText_7CA4.font.s Fonts/build/GlyphItem/FontItem_7F05.font.s Fonts/build/GlyphItem/FontItem_9551.font.s Fonts/build/GlyphText/FontText_7625.font.s Fonts/build/GlyphItem/FontItem_5E16.font.s Fonts/build/GlyphItem/FontItem_870D.font.s Fonts/build/GlyphItem/FontItem_6C90.font.s Fonts/build/GlyphText/FontText_530F.font.s Fonts/build/GlyphItem/FontItem_0054.font.s Fonts/build/GlyphItem/FontItem_8845.font.s Fonts/build/GlyphItem/FontItem_300C.font.s Fonts/build/GlyphText/FontText_5287.font.s Fonts/build/GlyphText/FontText_94B0.font.s Fonts/build/GlyphText/FontText_4EDF.font.s Fonts/build/GlyphText/FontText_5E0F.font.s Fonts/build/GlyphItem/FontItem_4EE5.font.s Fonts/build/GlyphText/FontText_6DA3.font.s Fonts/build/GlyphText/FontText_55D1.font.s Fonts/build/GlyphText/FontText_8C10.font.s Fonts/build/GlyphItem/FontItem_5631.font.s Fonts/build/GlyphItem/FontItem_6D12.font.s Fonts/build/GlyphItem/FontItem_8D60.font.s Fonts/build/GlyphText/FontText_8521.font.s Fonts/build/GlyphText/FontText_8C1D.font.s Fonts/build/GlyphItem/FontItem_8D70.font.s Fonts/build/GlyphText/FontText_8E0A.font.s Fonts/build/GlyphText/FontText_8BE5.font.s Fonts/build/GlyphItem/FontItem_00DA.font.s Fonts/build/GlyphText/FontText_9774.font.s Fonts/build/GlyphItem/FontItem_80A9.font.s Fonts/build/GlyphText/FontText_8892.font.s Fonts/build/GlyphText/FontText_9177.font.s Fonts/build/GlyphItem/FontItem_784C.font.s Fonts/build/GlyphItem/FontItem_0433.font.s Fonts/build/GlyphItem/FontItem_6E08.font.s Fonts/build/GlyphText/FontText_595A.font.s Fonts/build/GlyphItem/FontItem_5BE8.font.s Fonts/build/GlyphText/FontText_754E.font.s Fonts/build/GlyphItem/FontItem_7A9C.font.s Fonts/build/GlyphText/FontText_8CE4.font.s Fonts/build/GlyphText/FontText_4E38.font.s Fonts/build/GlyphText/FontText_6910.font.s Fonts/build/GlyphItem/FontItem_53ED.font.s Fonts/build/GlyphText/FontText_4EFF.font.s Fonts/build/GlyphText/FontText_50AC.font.s Fonts/build/GlyphText/FontText_56D7.font.s Fonts/build/GlyphText/FontText_6844.font.s Fonts/build/GlyphText/FontText_4F24.font.s Fonts/build/GlyphText/FontText_9146.font.s Fonts/build/GlyphText/FontText_5E87.font.s Fonts/build/GlyphItem/FontItem_6B49.font.s Fonts/build/GlyphText/FontText_6240.font.s Fonts/build/GlyphItem/FontItem_706D.font.s Fonts/build/GlyphText/FontText_69F2.font.s Fonts/build/GlyphItem/FontItem_8972.font.s Fonts/build/GlyphText/FontText_77DC.font.s Fonts/build/GlyphItem/FontItem_634E.font.s Fonts/build/GlyphText/FontText_946B.font.s Fonts/build/GlyphItem/FontItem_764C.font.s Fonts/build/GlyphItem/FontItem_63BA.font.s Fonts/build/GlyphItem/FontItem_64C5.font.s Fonts/build/GlyphText/FontText_6635.font.s Fonts/build/GlyphItem/FontItem_6042.font.s Fonts/build/GlyphText/FontText_30C8.font.s Fonts/build/GlyphText/FontText_5E33.font.s Fonts/build/GlyphItem/FontItem_9E37.font.s Fonts/build/GlyphText/FontText_94F4.font.s Fonts/build/GlyphText/FontText_6D5C.font.s Fonts/build/GlyphItem/FontItem_3070.font.s Fonts/build/GlyphItem/FontItem_81EC.font.s Fonts/build/GlyphItem/FontItem_654F.font.s Fonts/build/GlyphText/FontText_527D.font.s Fonts/build/GlyphItem/FontItem_8AF8.font.s Fonts/build/GlyphItem/FontItem_5AE0.font.s Fonts/build/GlyphItem/FontItem_8411.font.s Fonts/build/GlyphItem/FontItem_763C.font.s Fonts/build/GlyphText/FontText_7248.font.s Fonts/build/GlyphText/FontText_7F5F.font.s Fonts/build/GlyphItem/FontItem_4FDC.font.s Fonts/build/GlyphText/FontText_5A66.font.s Fonts/build/GlyphText/FontText_68F5.font.s Fonts/build/GlyphItem/FontItem_7EA1.font.s Fonts/build/GlyphText/FontText_FF0D.font.s Fonts/build/GlyphItem/FontItem_9E88.font.s Fonts/build/GlyphItem/FontItem_222B.font.s Fonts/build/GlyphItem/FontItem_7E9B.font.s Fonts/build/GlyphItem/FontItem_675C.font.s Fonts/build/GlyphItem/FontItem_54EE.font.s Fonts/build/GlyphText/FontText_6853.font.s Fonts/build/GlyphItem/FontItem_956B.font.s Fonts/build/GlyphText/FontText_6ECB.font.s Fonts/build/GlyphText/FontText_6677.font.s Fonts/build/GlyphItem/FontItem_7C41.font.s Fonts/build/GlyphItem/FontItem_81C3.font.s Fonts/build/GlyphItem/FontItem_80E8.font.s Fonts/build/GlyphText/FontText_564D.font.s Fonts/build/GlyphText/FontText_7FCC.font.s Fonts/build/GlyphItem/FontItem_558F.font.s Fonts/build/GlyphItem/FontItem_6994.font.s Fonts/build/GlyphItem/FontItem_9EEA.font.s Fonts/build/GlyphItem/FontItem_7CF8.font.s Fonts/build/GlyphText/FontText_50A3.font.s Fonts/build/GlyphItem/FontItem_8BAB.font.s Fonts/build/GlyphItem/FontItem_866C.font.s Fonts/build/GlyphText/FontText_6020.font.s Fonts/build/GlyphText/FontText_7DF4.font.s Fonts/build/GlyphText/FontText_9A88.font.s Fonts/build/GlyphText/FontText_52F2.font.s Fonts/build/GlyphText/FontText_9576.font.s Fonts/build/GlyphText/FontText_667A.font.s Fonts/build/GlyphItem/FontItem_8475.font.s Fonts/build/GlyphItem/FontItem_58C1.font.s Fonts/build/GlyphItem/FontItem_9984.font.s Fonts/build/GlyphItem/FontItem_883C.font.s Fonts/build/GlyphItem/FontItem_96CE.font.s Fonts/build/GlyphText/FontText_557C.font.s Fonts/build/GlyphText/FontText_8511.font.s Fonts/build/GlyphItem/FontItem_9593.font.s Fonts/build/GlyphText/FontText_4FE3.font.s Fonts/build/GlyphItem/FontItem_5275.font.s Fonts/build/GlyphText/FontText_3053.font.s Fonts/build/GlyphItem/FontItem_50AC.font.s Fonts/build/GlyphText/FontText_53FC.font.s Fonts/build/GlyphItem/FontItem_8F9A.font.s Fonts/build/GlyphText/FontText_94C2.font.s Fonts/build/GlyphText/FontText_5636.font.s Fonts/build/GlyphText/FontText_5BD3.font.s Fonts/build/GlyphText/FontText_8026.font.s Fonts/build/GlyphItem/FontItem_6B7C.font.s Fonts/build/GlyphItem/FontItem_9F0E.font.s Fonts/build/GlyphItem/FontItem_9E45.font.s Fonts/build/GlyphItem/FontItem_7194.font.s Fonts/build/GlyphItem/FontItem_5834.font.s Fonts/build/GlyphText/FontText_7EC3.font.s Fonts/build/GlyphItem/FontItem_573B.font.s Fonts/build/GlyphItem/FontItem_94E5.font.s Fonts/build/GlyphText/FontText_9E73.font.s Fonts/build/GlyphText/FontText_6C3D.font.s Fonts/build/GlyphText/FontText_59A5.font.s Fonts/build/GlyphText/FontText_8C73.font.s Fonts/build/GlyphText/FontText_58A9.font.s Fonts/build/GlyphItem/FontItem_532E.font.s Fonts/build/GlyphItem/FontItem_7422.font.s Fonts/build/GlyphItem/FontItem_58A8.font.s Fonts/build/GlyphText/FontText_5954.font.s Fonts/build/GlyphItem/FontItem_7C92.font.s Fonts/build/GlyphText/FontText_6029.font.s Fonts/build/GlyphText/FontText_7118.font.s Fonts/build/GlyphText/FontText_96A7.font.s Fonts/build/GlyphItem/FontItem_7EBF.font.s Fonts/build/GlyphItem/FontItem_4F7F.font.s Fonts/build/GlyphItem/FontItem_8A89.font.s Fonts/build/GlyphText/FontText_5522.font.s Fonts/build/GlyphItem/FontItem_824F.font.s Fonts/build/GlyphItem/FontItem_78FA.font.s Fonts/build/GlyphText/FontText_5B37.font.s Fonts/build/GlyphItem/FontItem_79BA.font.s Fonts/build/GlyphText/FontText_9511.font.s Fonts/build/GlyphText/FontText_6525.font.s Fonts/build/GlyphItem/FontItem_5B73.font.s Fonts/build/GlyphText/FontText_83AB.font.s Fonts/build/GlyphItem/FontItem_8BF9.font.s Fonts/build/GlyphText/FontText_6E32.font.s Fonts/build/GlyphItem/FontItem_63E9.font.s Fonts/build/GlyphText/FontText_89D6.font.s Fonts/build/GlyphItem/FontItem_54C8.font.s Fonts/build/GlyphText/FontText_6B49.font.s Fonts/build/GlyphText/FontText_8167.font.s Fonts/build/GlyphItem/FontItem_6989.font.s Fonts/build/GlyphItem/FontItem_9C85.font.s Fonts/build/GlyphText/FontText_6C61.font.s Fonts/build/GlyphText/FontText_5E02.font.s Fonts/build/GlyphText/FontText_62AC.font.s Fonts/build/GlyphText/FontText_7686.font.s Fonts/build/GlyphItem/FontItem_63B4.font.s Fonts/build/GlyphItem/FontItem_5BFE.font.s Fonts/build/GlyphItem/FontItem_60E9.font.s Fonts/build/GlyphText/FontText_5E01.font.s Fonts/build/GlyphItem/FontItem_8D91.font.s Fonts/build/GlyphItem/FontItem_6988.font.s Fonts/build/GlyphItem/FontItem_7301.font.s Fonts/build/GlyphItem/FontItem_97A0.font.s Fonts/build/GlyphText/FontText_8A18.font.s Fonts/build/GlyphText/FontText_5457.font.s Fonts/build/GlyphItem/FontItem_7080.font.s Fonts/build/GlyphItem/FontItem_6563.font.s Fonts/build/GlyphItem/FontItem_6843.font.s Fonts/build/GlyphText/FontText_83EA.font.s Fonts/build/GlyphText/FontText_82E3.font.s Fonts/build/GlyphText/FontText_FF27.font.s Fonts/build/GlyphItem/FontItem_8D33.font.s Fonts/build/GlyphText/FontText_5F08.font.s Fonts/build/GlyphItem/FontItem_6CB2.font.s Fonts/build/GlyphItem/FontItem_6614.font.s Fonts/build/GlyphText/FontText_8C21.font.s Fonts/build/GlyphItem/FontItem_4E4B.font.s Fonts/build/GlyphItem/FontItem_63A8.font.s Fonts/build/GlyphText/FontText_75BE.font.s Fonts/build/GlyphItem/FontItem_6652.font.s Fonts/build/GlyphItem/FontItem_6019.font.s Fonts/build/GlyphItem/FontItem_7957.font.s Fonts/build/GlyphText/FontText_6C99.font.s Fonts/build/GlyphItem/FontItem_305D.font.s Fonts/build/GlyphText/FontText_984D.font.s Fonts/build/GlyphText/FontText_7EF3.font.s Fonts/build/GlyphText/FontText_4E19.font.s Fonts/build/GlyphItem/FontItem_25B8.font.s Fonts/build/GlyphItem/FontItem_58F9.font.s Fonts/build/GlyphText/FontText_5355.font.s Fonts/build/GlyphItem/FontItem_307D.font.s Fonts/build/GlyphItem/FontItem_796F.font.s Fonts/build/GlyphItem/FontItem_4E4E.font.s Fonts/build/GlyphText/FontText_572C.font.s Fonts/build/GlyphItem/FontItem_5019.font.s Fonts/build/GlyphItem/FontItem_6877.font.s Fonts/build/GlyphText/FontText_81C0.font.s Fonts/build/GlyphText/FontText_5175.font.s Fonts/build/GlyphText/FontText_792B.font.s Fonts/build/GlyphItem/FontItem_6D01.font.s Fonts/build/GlyphText/FontText_53FD.font.s Fonts/build/GlyphItem/FontItem_5302.font.s Fonts/build/GlyphItem/FontItem_693D.font.s Fonts/build/GlyphItem/FontItem_6A7C.font.s Fonts/build/GlyphItem/FontItem_00C7.font.s Fonts/build/GlyphText/FontText_7F35.font.s Fonts/build/GlyphText/FontText_8A95.font.s Fonts/build/GlyphText/FontText_567C.font.s Fonts/build/GlyphText/FontText_9F8C.font.s Fonts/build/GlyphItem/FontItem_78D4.font.s Fonts/build/GlyphItem/FontItem_7B11.font.s Fonts/build/GlyphItem/FontItem_639F.font.s Fonts/build/GlyphItem/FontItem_8C8A.font.s Fonts/build/GlyphItem/FontItem_948A.font.s Fonts/build/GlyphItem/FontItem_6382.font.s Fonts/build/GlyphItem/FontItem_6BCE.font.s Fonts/build/GlyphText/FontText_949A.font.s Fonts/build/GlyphItem/FontItem_9499.font.s Fonts/build/GlyphItem/FontItem_8F86.font.s Fonts/build/GlyphText/FontText_8230.font.s Fonts/build/GlyphText/FontText_912F.font.s Fonts/build/GlyphItem/FontItem_7B3E.font.s Fonts/build/GlyphText/FontText_8D3B.font.s Fonts/build/GlyphText/FontText_82B7.font.s Fonts/build/GlyphText/FontText_8411.font.s Fonts/build/GlyphText/FontText_9AA4.font.s Fonts/build/GlyphItem/FontItem_8839.font.s Fonts/build/GlyphItem/FontItem_8EAB.font.s Fonts/build/GlyphItem/FontItem_5EC9.font.s Fonts/build/GlyphItem/FontItem_6BAA.font.s Fonts/build/GlyphText/FontText_8D40.font.s Fonts/build/GlyphText/FontText_5242.font.s Fonts/build/GlyphText/FontText_5BA2.font.s Fonts/build/GlyphText/FontText_8D94.font.s Fonts/build/GlyphText/FontText_87DB.font.s Fonts/build/GlyphItem/FontItem_8D42.font.s Fonts/build/GlyphText/FontText_553C.font.s Fonts/build/GlyphItem/FontItem_6089.font.s Fonts/build/GlyphItem/FontItem_6E1B.font.s Fonts/build/GlyphItem/FontItem_6CF7.font.s Fonts/build/GlyphText/FontText_8E7C.font.s Fonts/build/GlyphText/FontText_68FA.font.s Fonts/build/GlyphText/FontText_868C.font.s Fonts/build/GlyphText/FontText_0047.font.s Fonts/build/GlyphItem/FontItem_7275.font.s Fonts/build/GlyphItem/FontItem_8233.font.s Fonts/build/GlyphText/FontText_30C9.font.s Fonts/build/GlyphItem/FontItem_FF45.font.s Fonts/build/GlyphText/FontText_7980.font.s Fonts/build/GlyphText/FontText_FF45.font.s Fonts/build/GlyphItem/FontItem_6322.font.s Fonts/build/GlyphText/FontText_5107.font.s Fonts/build/GlyphItem/FontItem_948F.font.s Fonts/build/GlyphText/FontText_6B39.font.s Fonts/build/GlyphText/FontText_6BD4.font.s Fonts/build/GlyphItem/FontItem_960C.font.s Fonts/build/GlyphItem/FontItem_72FA.font.s Fonts/build/GlyphText/FontText_7FEE.font.s Fonts/build/GlyphItem/FontItem_766B.font.s Fonts/build/GlyphItem/FontItem_677C.font.s Fonts/build/GlyphText/FontText_2464.font.s Fonts/build/GlyphItem/FontItem_632A.font.s Fonts/build/GlyphItem/FontItem_4F1D.font.s Fonts/build/GlyphText/FontText_52D8.font.s Fonts/build/GlyphText/FontText_5984.font.s Fonts/build/GlyphText/FontText_98A0.font.s Fonts/build/GlyphItem/FontItem_5C82.font.s Fonts/build/GlyphText/FontText_9A80.font.s Fonts/build/GlyphItem/FontItem_507F.font.s Fonts/build/GlyphItem/FontItem_94F4.font.s Fonts/build/GlyphText/FontText_8D36.font.s Fonts/build/GlyphText/FontText_5992.font.s Fonts/build/GlyphText/FontText_6320.font.s Fonts/build/GlyphText/FontText_6084.font.s Fonts/build/GlyphItem/FontItem_90E1.font.s Fonts/build/GlyphItem/FontItem_7A92.font.s Fonts/build/GlyphText/FontText_56FA.font.s Fonts/build/GlyphText/FontText_826E.font.s Fonts/build/GlyphItem/FontItem_007B.font.s Fonts/build/GlyphText/FontText_544B.font.s Fonts/build/GlyphItem/FontItem_5251.font.s Fonts/build/GlyphItem/FontItem_84D6.font.s Fonts/build/GlyphItem/FontItem_8753.font.s Fonts/build/GlyphText/FontText_8205.font.s Fonts/build/GlyphText/FontText_68A6.font.s Fonts/build/GlyphItem/FontItem_5B5C.font.s Fonts/build/GlyphItem/FontItem_6577.font.s Fonts/build/GlyphText/FontText_781D.font.s Fonts/build/GlyphText/FontText_773C.font.s Fonts/build/GlyphText/FontText_7941.font.s Fonts/build/GlyphItem/FontItem_8BD8.font.s Fonts/build/GlyphText/FontText_5361.font.s Fonts/build/GlyphText/FontText_8201.font.s Fonts/build/GlyphText/FontText_88E3.font.s Fonts/build/GlyphItem/FontItem_7095.font.s Fonts/build/GlyphText/FontText_6349.font.s Fonts/build/GlyphText/FontText_86F4.font.s Fonts/build/GlyphText/FontText_5671.font.s Fonts/build/GlyphItem/FontItem_5F56.font.s Fonts/build/GlyphItem/FontItem_51E1.font.s Fonts/build/GlyphItem/FontItem_70EB.font.s Fonts/build/GlyphItem/FontItem_6E05.font.s Fonts/build/GlyphText/FontText_5916.font.s Fonts/build/GlyphText/FontText_680B.font.s Fonts/build/GlyphText/FontText_8D04.font.s Fonts/build/GlyphItem/FontItem_5DE7.font.s Fonts/build/GlyphText/FontText_992E.font.s Fonts/build/GlyphItem/FontItem_6905.font.s Fonts/build/GlyphText/FontText_62C4.font.s Fonts/build/GlyphItem/FontItem_6885.font.s Fonts/build/GlyphText/FontText_5106.font.s Fonts/build/GlyphItem/FontItem_6298.font.s Fonts/build/GlyphItem/FontItem_728F.font.s Fonts/build/GlyphText/FontText_6772.font.s Fonts/build/GlyphItem/FontItem_8FF0.font.s Fonts/build/GlyphItem/FontItem_5055.font.s Fonts/build/GlyphText/FontText_955C.font.s Fonts/build/GlyphText/FontText_62D6.font.s Fonts/build/GlyphText/FontText_5857.font.s Fonts/build/GlyphText/FontText_7699.font.s Fonts/build/GlyphItem/FontItem_95FB.font.s Fonts/build/GlyphText/FontText_9974.font.s Fonts/build/GlyphText/FontText_5974.font.s Fonts/build/GlyphItem/FontItem_9E2F.font.s Fonts/build/GlyphItem/FontItem_660C.font.s Fonts/build/GlyphText/FontText_819B.font.s Fonts/build/GlyphItem/FontItem_706C.font.s Fonts/build/GlyphText/FontText_80AB.font.s Fonts/build/GlyphItem/FontItem_6B74.font.s Fonts/build/GlyphText/FontText_71E6.font.s Fonts/build/GlyphItem/FontItem_8BB5.font.s Fonts/build/GlyphText/FontText_5BFF.font.s Fonts/build/GlyphItem/FontItem_8169.font.s Fonts/build/GlyphText/FontText_7857.font.s Fonts/build/GlyphText/FontText_9EEF.font.s Fonts/build/GlyphItem/FontItem_63C4.font.s Fonts/build/GlyphItem/FontItem_9F19.font.s Fonts/build/GlyphText/FontText_5BB4.font.s Fonts/build/GlyphItem/FontItem_9995.font.s Fonts/build/GlyphText/FontText_866B.font.s Fonts/build/GlyphText/FontText_5182.font.s Fonts/build/GlyphItem/FontItem_8D4A.font.s Fonts/build/GlyphItem/FontItem_8679.font.s Fonts/build/GlyphText/FontText_0029.font.s Fonts/build/GlyphItem/FontItem_669D.font.s Fonts/build/GlyphItem/FontItem_9640.font.s Fonts/build/GlyphItem/FontItem_7321.font.s Fonts/build/GlyphItem/FontItem_887F.font.s Fonts/build/GlyphText/FontText_5228.font.s Fonts/build/GlyphItem/FontItem_871A.font.s Fonts/build/GlyphItem/FontItem_9662.font.s Fonts/build/GlyphText/FontText_7B80.font.s Fonts/build/GlyphItem/FontItem_00D7.font.s Fonts/build/GlyphText/FontText_8C17.font.s Fonts/build/GlyphItem/FontItem_8F7B.font.s Fonts/build/GlyphText/FontText_8058.font.s Fonts/build/GlyphItem/FontItem_8BD7.font.s Fonts/build/GlyphItem/FontItem_905C.font.s Fonts/build/GlyphItem/FontItem_7897.font.s Fonts/build/GlyphItem/FontItem_FF4A.font.s Fonts/build/GlyphText/FontText_8A1B.font.s Fonts/build/GlyphText/FontText_86B6.font.s Fonts/build/GlyphText/FontText_5477.font.s Fonts/build/GlyphText/FontText_7F07.font.s Fonts/build/GlyphItem/FontItem_6C2F.font.s Fonts/build/GlyphItem/FontItem_958B.font.s Fonts/build/GlyphText/FontText_58F3.font.s Fonts/build/GlyphText/FontText_82AC.font.s Fonts/build/GlyphText/FontText_2019.font.s Fonts/build/GlyphText/FontText_6168.font.s Fonts/build/GlyphText/FontText_5025.font.s Fonts/build/GlyphText/FontText_672B.font.s Fonts/build/GlyphText/FontText_30BC.font.s Fonts/build/GlyphText/FontText_72FA.font.s Fonts/build/GlyphItem/FontItem_6168.font.s Fonts/build/GlyphItem/FontItem_982D.font.s Fonts/build/GlyphText/FontText_55CC.font.s Fonts/build/GlyphItem/FontItem_00D6.font.s Fonts/build/GlyphItem/FontItem_4FA7.font.s Fonts/build/GlyphItem/FontItem_00E6.font.s Fonts/build/GlyphText/FontText_701B.font.s Fonts/build/GlyphText/FontText_73E0.font.s Fonts/build/GlyphText/FontText_938F.font.s Fonts/build/GlyphText/FontText_5835.font.s Fonts/build/GlyphItem/FontItem_2266.font.s Fonts/build/GlyphItem/FontItem_9E23.font.s Fonts/build/GlyphItem/FontItem_7EE8.font.s Fonts/build/GlyphItem/FontItem_7D66.font.s Fonts/build/GlyphText/FontText_9E4B.font.s Fonts/build/GlyphItem/FontItem_4F9B.font.s Fonts/build/GlyphItem/FontItem_8352.font.s Fonts/build/GlyphText/FontText_6CE1.font.s Fonts/build/GlyphText/FontText_56E1.font.s Fonts/build/GlyphText/FontText_99AC.font.s Fonts/build/GlyphItem/FontItem_7F20.font.s Fonts/build/GlyphText/FontText_904B.font.s Fonts/build/GlyphItem/FontItem_6B83.font.s Fonts/build/GlyphText/FontText_540F.font.s Fonts/build/GlyphText/FontText_6263.font.s Fonts/build/GlyphItem/FontItem_89CC.font.s Fonts/build/GlyphItem/FontItem_7626.font.s Fonts/build/GlyphItem/FontItem_804B.font.s Fonts/build/GlyphItem/FontItem_5080.font.s Fonts/build/GlyphText/FontText_67FB.font.s Fonts/build/GlyphItem/FontItem_7ECE.font.s Fonts/build/GlyphText/FontText_5FE7.font.s Fonts/build/GlyphText/FontText_5C65.font.s Fonts/build/GlyphText/FontText_85B0.font.s Fonts/build/GlyphText/FontText_8700.font.s Fonts/build/GlyphText/FontText_5654.font.s Fonts/build/GlyphItem/FontItem_3074.font.s Fonts/build/GlyphText/FontText_7405.font.s Fonts/build/GlyphItem/FontItem_500B.font.s Fonts/build/GlyphItem/FontItem_543C.font.s Fonts/build/GlyphText/FontText_60DD.font.s Fonts/build/GlyphText/FontText_80D9.font.s Fonts/build/GlyphItem/FontItem_5942.font.s Fonts/build/GlyphText/FontText_8C47.font.s Fonts/build/GlyphItem/FontItem_7F17.font.s Fonts/build/GlyphText/FontText_5C18.font.s Fonts/build/GlyphText/FontText_8052.font.s Fonts/build/GlyphItem/FontItem_84D0.font.s Fonts/build/GlyphText/FontText_8087.font.s Fonts/build/GlyphItem/FontItem_8077.font.s Fonts/build/GlyphText/FontText_74B0.font.s Fonts/build/GlyphItem/FontItem_8BF7.font.s Fonts/build/GlyphText/FontText_8111.font.s Fonts/build/GlyphText/FontText_90AF.font.s Fonts/build/GlyphItem/FontItem_527F.font.s Fonts/build/GlyphItem/FontItem_9803.font.s Fonts/build/GlyphText/FontText_74EE.font.s Fonts/build/GlyphText/FontText_8CA8.font.s Fonts/build/GlyphItem/FontItem_30A2.font.s Fonts/build/GlyphItem/FontItem_6982.font.s Fonts/build/GlyphItem/FontItem_63AE.font.s Fonts/build/GlyphText/FontText_75B8.font.s Fonts/build/GlyphText/FontText_9616.font.s Fonts/build/GlyphText/FontText_008C.font.s Fonts/build/GlyphText/FontText_FF58.font.s Fonts/build/GlyphText/FontText_0073.font.s Fonts/build/GlyphText/FontText_9AB8.font.s Fonts/build/GlyphItem/FontItem_623B.font.s Fonts/build/GlyphText/FontText_71B3.font.s Fonts/build/GlyphText/FontText_6804.font.s Fonts/build/GlyphItem/FontItem_8C33.font.s Fonts/build/GlyphItem/FontItem_619D.font.s Fonts/build/GlyphItem/FontItem_5C25.font.s Fonts/build/GlyphText/FontText_5968.font.s Fonts/build/GlyphItem/FontItem_62ED.font.s Fonts/build/GlyphItem/FontItem_57C2.font.s Fonts/build/GlyphItem/FontItem_9002.font.s Fonts/build/GlyphItem/FontItem_73B7.font.s Fonts/build/GlyphText/FontText_95C7.font.s Fonts/build/GlyphItem/FontItem_9EDB.font.s Fonts/build/GlyphText/FontText_717A.font.s Fonts/build/GlyphItem/FontItem_76EE.font.s Fonts/build/GlyphText/FontText_80ED.font.s Fonts/build/GlyphText/FontText_8083.font.s Fonts/build/GlyphText/FontText_5723.font.s Fonts/build/GlyphItem/FontItem_836F.font.s Fonts/build/GlyphText/FontText_5CC4.font.s Fonts/build/GlyphItem/FontItem_7EA5.font.s Fonts/build/GlyphText/FontText_628A.font.s Fonts/build/GlyphItem/FontItem_599E.font.s Fonts/build/GlyphItem/FontItem_9081.font.s Fonts/build/GlyphText/FontText_5986.font.s Fonts/build/GlyphItem/FontItem_6342.font.s Fonts/build/GlyphItem/FontItem_752B.font.s Fonts/build/GlyphText/FontText_25CB.font.s Fonts/build/GlyphText/FontText_67F3.font.s Fonts/build/GlyphItem/FontItem_85C9.font.s Fonts/build/GlyphItem/FontItem_745B.font.s Fonts/build/GlyphText/FontText_6CE8.font.s Fonts/build/GlyphText/FontText_5606.font.s Fonts/build/GlyphItem/FontItem_596E.font.s Fonts/build/GlyphItem/FontItem_5384.font.s Fonts/build/GlyphText/FontText_7791.font.s Fonts/build/GlyphItem/FontItem_6642.font.s Fonts/build/GlyphItem/FontItem_9552.font.s Fonts/build/GlyphText/FontText_7FBD.font.s Fonts/build/GlyphText/FontText_90B5.font.s Fonts/build/GlyphItem/FontItem_5951.font.s Fonts/build/GlyphItem/FontItem_87E0.font.s Fonts/build/GlyphItem/FontItem_81ED.font.s Fonts/build/GlyphItem/FontItem_94F7.font.s Fonts/build/GlyphItem/FontItem_9753.font.s Fonts/build/GlyphItem/FontItem_86C9.font.s Fonts/build/GlyphText/FontText_9058.font.s Fonts/build/GlyphText/FontText_00EE.font.s Fonts/build/GlyphItem/FontItem_5243.font.s Fonts/build/GlyphItem/FontItem_70E8.font.s Fonts/build/GlyphItem/FontItem_5492.font.s Fonts/build/GlyphText/FontText_65E9.font.s Fonts/build/GlyphText/FontText_5499.font.s Fonts/build/GlyphItem/FontItem_7C89.font.s Fonts/build/GlyphText/FontText_82B4.font.s Fonts/build/GlyphItem/FontItem_94C9.font.s Fonts/build/GlyphItem/FontItem_717D.font.s Fonts/build/GlyphItem/FontItem_6FD2.font.s Fonts/build/GlyphItem/FontItem_5074.font.s Fonts/build/GlyphItem/FontItem_82E5.font.s Fonts/build/GlyphText/FontText_590F.font.s Fonts/build/GlyphText/FontText_6D9C.font.s Fonts/build/GlyphText/FontText_8FC8.font.s Fonts/build/GlyphItem/FontItem_7F70.font.s Fonts/build/GlyphText/FontText_8D55.font.s Fonts/build/GlyphText/FontText_9E3A.font.s Fonts/build/GlyphText/FontText_5E78.font.s Fonts/build/GlyphItem/FontItem_8369.font.s Fonts/build/GlyphItem/FontItem_525E.font.s Fonts/build/GlyphText/FontText_8FF9.font.s Fonts/build/GlyphText/FontText_5A74.font.s Fonts/build/GlyphItem/FontItem_9122.font.s Fonts/build/GlyphItem/FontItem_7A78.font.s Fonts/build/GlyphItem/FontItem_839C.font.s Fonts/build/GlyphText/FontText_655D.font.s Fonts/build/GlyphText/FontText_5DE6.font.s Fonts/build/GlyphText/FontText_831A.font.s Fonts/build/GlyphText/FontText_8488.font.s Fonts/build/GlyphText/FontText_FF53.font.s Fonts/build/GlyphText/FontText_6C6A.font.s Fonts/build/GlyphText/FontText_996A.font.s Fonts/build/GlyphItem/FontItem_786E.font.s Fonts/build/GlyphItem/FontItem_79CD.font.s Fonts/build/GlyphItem/FontItem_553E.font.s Fonts/build/GlyphItem/FontItem_8BC6.font.s Fonts/build/GlyphItem/FontItem_69B4.font.s Fonts/build/GlyphItem/FontItem_7877.font.s Fonts/build/GlyphItem/FontItem_5B9C.font.s Fonts/build/GlyphItem/FontItem_94A2.font.s Fonts/build/GlyphText/FontText_7CCC.font.s Fonts/build/GlyphText/FontText_669D.font.s Fonts/build/GlyphText/FontText_53D1.font.s Fonts/build/GlyphText/FontText_8863.font.s Fonts/build/GlyphText/FontText_87D3.font.s Fonts/build/GlyphText/FontText_8237.font.s Fonts/build/GlyphItem/FontItem_5761.font.s Fonts/build/GlyphItem/FontItem_9A6C.font.s Fonts/build/GlyphItem/FontItem_6A35.font.s Fonts/build/GlyphItem/FontItem_6CEB.font.s Fonts/build/GlyphText/FontText_9E4C.font.s Fonts/build/GlyphText/FontText_66C7.font.s Fonts/build/GlyphText/FontText_8284.font.s Fonts/build/GlyphItem/FontItem_66DB.font.s Fonts/build/GlyphItem/FontItem_5EE8.font.s Fonts/build/GlyphItem/FontItem_68F0.font.s Fonts/build/GlyphText/FontText_9002.font.s Fonts/build/GlyphText/FontText_4FA6.font.s Fonts/build/GlyphText/FontText_78C5.font.s Fonts/build/GlyphText/FontText_4EEC.font.s Fonts/build/GlyphText/FontText_4E4B.font.s Fonts/build/GlyphItem/FontItem_FF48.font.s Fonts/build/GlyphItem/FontItem_6410.font.s Fonts/build/GlyphText/FontText_8DC4.font.s Fonts/build/GlyphText/FontText_5446.font.s Fonts/build/GlyphText/FontText_8BD4.font.s Fonts/build/GlyphItem/FontItem_8722.font.s Fonts/build/GlyphItem/FontItem_824B.font.s Fonts/build/GlyphText/FontText_6025.font.s Fonts/build/GlyphText/FontText_7FB8.font.s Fonts/build/GlyphItem/FontItem_5934.font.s Fonts/build/GlyphText/FontText_8F9E.font.s Fonts/build/GlyphText/FontText_7AB3.font.s Fonts/build/GlyphItem/FontItem_5201.font.s Fonts/build/GlyphText/FontText_91CF.font.s Fonts/build/GlyphItem/FontItem_6320.font.s Fonts/build/GlyphItem/FontItem_8FBF.font.s Fonts/build/GlyphText/FontText_6C57.font.s Fonts/build/GlyphText/FontText_8D9F.font.s Fonts/build/GlyphItem/FontItem_4F27.font.s Fonts/build/GlyphText/FontText_80EB.font.s Fonts/build/GlyphItem/FontItem_4F6F.font.s Fonts/build/GlyphItem/FontItem_9CB0.font.s Fonts/build/GlyphItem/FontItem_5659.font.s Fonts/build/GlyphText/FontText_4ED8.font.s Fonts/build/GlyphText/FontText_8E49.font.s Fonts/build/GlyphText/FontText_5F27.font.s Fonts/build/GlyphItem/FontItem_67A3.font.s Fonts/build/GlyphText/FontText_9078.font.s Fonts/build/GlyphItem/FontItem_72E9.font.s Fonts/build/GlyphText/FontText_6B9A.font.s Fonts/build/GlyphText/FontText_7D76.font.s Fonts/build/GlyphText/FontText_61B6.font.s Fonts/build/GlyphText/FontText_6DB5.font.s Fonts/build/GlyphItem/FontItem_8FF3.font.s Fonts/build/GlyphItem/FontItem_8863.font.s Fonts/build/GlyphItem/FontItem_9563.font.s Fonts/build/GlyphItem/FontItem_77A5.font.s Fonts/build/GlyphItem/FontItem_5352.font.s Fonts/build/GlyphItem/FontItem_5AC2.font.s Fonts/build/GlyphItem/FontItem_9885.font.s Fonts/build/GlyphText/FontText_5386.font.s Fonts/build/GlyphText/FontText_8E41.font.s Fonts/build/GlyphItem/FontItem_7FB2.font.s Fonts/build/GlyphItem/FontItem_83C0.font.s Fonts/build/GlyphItem/FontItem_8E52.font.s Fonts/build/GlyphItem/FontItem_668C.font.s Fonts/build/GlyphItem/FontItem_567B.font.s Fonts/build/GlyphItem/FontItem_8543.font.s Fonts/build/GlyphItem/FontItem_6448.font.s Fonts/build/GlyphItem/FontItem_30C0.font.s Fonts/build/GlyphText/FontText_8038.font.s Fonts/build/GlyphText/FontText_94C6.font.s Fonts/build/GlyphItem/FontItem_7898.font.s Fonts/build/GlyphItem/FontItem_63F6.font.s Fonts/build/GlyphItem/FontItem_69D8.font.s Fonts/build/GlyphText/FontText_7EDF.font.s Fonts/build/GlyphText/FontText_55B9.font.s Fonts/build/GlyphItem/FontItem_77A7.font.s Fonts/build/GlyphText/FontText_6454.font.s Fonts/build/GlyphText/FontText_9069.font.s Fonts/build/GlyphText/FontText_8F76.font.s Fonts/build/GlyphItem/FontItem_869C.font.s Fonts/build/GlyphText/FontText_5ED2.font.s Fonts/build/GlyphText/FontText_8CDB.font.s Fonts/build/GlyphText/FontText_58EB.font.s Fonts/build/GlyphText/FontText_7387.font.s Fonts/build/GlyphItem/FontItem_6BD3.font.s Fonts/build/GlyphText/FontText_7F12.font.s Fonts/build/GlyphText/FontText_80DC.font.s Fonts/build/GlyphText/FontText_8084.font.s Fonts/build/GlyphItem/FontItem_54D0.font.s Fonts/build/GlyphText/FontText_52E4.font.s Fonts/build/GlyphItem/FontItem_2018.font.s Fonts/build/GlyphItem/FontItem_8C01.font.s Fonts/build/GlyphText/FontText_723A.font.s Fonts/build/GlyphText/FontText_950F.font.s Fonts/build/GlyphText/FontText_6EBB.font.s Fonts/build/GlyphItem/FontItem_7CD5.font.s Fonts/build/GlyphText/FontText_5369.font.s Fonts/build/GlyphItem/FontItem_30F2.font.s Fonts/build/GlyphItem/FontItem_8339.font.s Fonts/build/GlyphText/FontText_73D9.font.s Fonts/build/GlyphItem/FontItem_962A.font.s Fonts/build/GlyphItem/FontItem_4FDF.font.s Fonts/build/GlyphItem/FontItem_7F09.font.s Fonts/build/GlyphItem/FontItem_7ED5.font.s Fonts/build/GlyphText/FontText_69AB.font.s Fonts/build/GlyphText/FontText_6D95.font.s Fonts/build/GlyphText/FontText_624D.font.s Fonts/build/GlyphItem/FontItem_2178.font.s Fonts/build/GlyphText/FontText_8CB8.font.s Fonts/build/GlyphText/FontText_5362.font.s Fonts/build/GlyphText/FontText_98FE.font.s Fonts/build/GlyphText/FontText_5EB9.font.s Fonts/build/GlyphText/FontText_5E15.font.s Fonts/build/GlyphItem/FontItem_6002.font.s Fonts/build/GlyphItem/FontItem_8BCE.font.s Fonts/build/GlyphItem/FontItem_5049.font.s Fonts/build/GlyphItem/FontItem_7206.font.s Fonts/build/GlyphItem/FontItem_7279.font.s Fonts/build/GlyphItem/FontItem_68E0.font.s Fonts/build/GlyphItem/FontItem_951E.font.s Fonts/build/GlyphText/FontText_72CE.font.s Fonts/build/GlyphText/FontText_9E31.font.s Fonts/build/GlyphItem/FontItem_5974.font.s Fonts/build/GlyphItem/FontItem_30C4.font.s Fonts/build/GlyphItem/FontItem_9756.font.s Fonts/build/GlyphItem/FontItem_76D2.font.s Fonts/build/GlyphItem/FontItem_004F.font.s Fonts/build/GlyphText/FontText_5BDF.font.s Fonts/build/GlyphText/FontText_7728.font.s Fonts/build/GlyphItem/FontItem_9AA3.font.s Fonts/build/GlyphText/FontText_674C.font.s Fonts/build/GlyphItem/FontItem_86B5.font.s Fonts/build/GlyphText/FontText_8CC0.font.s Fonts/build/GlyphText/FontText_8972.font.s Fonts/build/GlyphItem/FontItem_5B8F.font.s Fonts/build/GlyphItem/FontItem_575D.font.s Fonts/build/GlyphText/FontText_997A.font.s Fonts/build/GlyphText/FontText_887E.font.s Fonts/build/GlyphText/FontText_5504.font.s Fonts/build/GlyphText/FontText_5561.font.s Fonts/build/GlyphText/FontText_8821.font.s Fonts/build/GlyphText/FontText_85AA.font.s Fonts/build/GlyphText/FontText_7751.font.s Fonts/build/GlyphItem/FontItem_53CB.font.s Fonts/build/GlyphText/FontText_7F1B.font.s Fonts/build/GlyphText/FontText_87E0.font.s Fonts/build/GlyphItem/FontItem_043F.font.s Fonts/build/GlyphText/FontText_968F.font.s Fonts/build/GlyphText/FontText_5658.font.s Fonts/build/GlyphText/FontText_4F2B.font.s Fonts/build/GlyphText/FontText_9E47.font.s Fonts/build/GlyphItem/FontItem_9893.font.s Fonts/build/GlyphText/FontText_5370.font.s Fonts/build/GlyphItem/FontItem_647A.font.s Fonts/build/GlyphItem/FontItem_4E9F.font.s Fonts/build/GlyphText/FontText_8BA7.font.s Fonts/build/GlyphItem/FontItem_6EE9.font.s Fonts/build/GlyphText/FontText_6C05.font.s Fonts/build/GlyphItem/FontItem_6570.font.s Fonts/build/GlyphItem/FontItem_60AA.font.s Fonts/build/GlyphText/FontText_707F.font.s Fonts/build/GlyphText/FontText_9E46.font.s Fonts/build/GlyphItem/FontItem_63B0.font.s Fonts/build/GlyphText/FontText_79CD.font.s Fonts/build/GlyphItem/FontItem_5FC9.font.s Fonts/build/GlyphItem/FontItem_4E21.font.s Fonts/build/GlyphItem/FontItem_676D.font.s Fonts/build/GlyphText/FontText_54D2.font.s Fonts/build/GlyphItem/FontItem_6C1B.font.s Fonts/build/GlyphItem/FontItem_4E5C.font.s Fonts/build/GlyphItem/FontItem_9B47.font.s Fonts/build/GlyphText/FontText_9977.font.s Fonts/build/GlyphItem/FontItem_6405.font.s Fonts/build/GlyphText/FontText_52BF.font.s Fonts/build/GlyphText/FontText_83DD.font.s Fonts/build/GlyphText/FontText_82A6.font.s Fonts/build/GlyphText/FontText_8F66.font.s Fonts/build/GlyphText/FontText_6AAC.font.s Fonts/build/GlyphItem/FontItem_51AC.font.s Fonts/build/GlyphItem/FontItem_4ED5.font.s Fonts/build/GlyphText/FontText_6EF4.font.s Fonts/build/GlyphText/FontText_59E3.font.s Fonts/build/GlyphText/FontText_8171.font.s Fonts/build/GlyphText/FontText_5454.font.s Fonts/build/GlyphItem/FontItem_6C2E.font.s Fonts/build/GlyphItem/FontItem_88D5.font.s Fonts/build/GlyphText/FontText_5A18.font.s Fonts/build/GlyphItem/FontItem_80F6.font.s Fonts/build/GlyphItem/FontItem_94FD.font.s Fonts/build/GlyphText/FontText_6912.font.s Fonts/build/GlyphItem/FontItem_640D.font.s Fonts/build/GlyphItem/FontItem_58D5.font.s Fonts/build/GlyphText/FontText_5E5E.font.s Fonts/build/GlyphItem/FontItem_9016.font.s Fonts/build/GlyphItem/FontItem_8C0B.font.s Fonts/build/GlyphItem/FontItem_9E4A.font.s Fonts/build/GlyphItem/FontItem_67FF.font.s Fonts/build/GlyphItem/FontItem_66FC.font.s Fonts/build/GlyphText/FontText_7D2F.font.s Fonts/build/GlyphText/FontText_7EAC.font.s Fonts/build/GlyphText/FontText_640B.font.s Fonts/build/GlyphText/FontText_998F.font.s Fonts/build/GlyphText/FontText_6846.font.s Fonts/build/GlyphItem/FontItem_6084.font.s Fonts/build/GlyphText/FontText_9B4F.font.s Fonts/build/GlyphItem/FontItem_60BC.font.s Fonts/build/GlyphItem/FontItem_6C16.font.s Fonts/build/GlyphText/FontText_53E9.font.s Fonts/build/GlyphText/FontText_60A0.font.s Fonts/build/GlyphItem/FontItem_7BFC.font.s Fonts/build/GlyphItem/FontItem_6534.font.s Fonts/build/GlyphItem/FontItem_003C.font.s Fonts/build/GlyphItem/FontItem_5CA3.font.s Fonts/build/GlyphItem/FontItem_9F50.font.s Fonts/build/GlyphItem/FontItem_5DCD.font.s Fonts/build/GlyphItem/FontItem_4EFF.font.s Fonts/build/GlyphItem/FontItem_5AD8.font.s Fonts/build/GlyphItem/FontItem_7D20.font.s Fonts/build/GlyphItem/FontItem_5014.font.s Fonts/build/GlyphText/FontText_9AEB.font.s Fonts/build/GlyphItem/FontItem_66A7.font.s Fonts/build/GlyphItem/FontItem_7591.font.s Fonts/build/GlyphItem/FontItem_9099.font.s Fonts/build/GlyphItem/FontItem_597D.font.s Fonts/build/GlyphItem/FontItem_6368.font.s Fonts/build/GlyphText/FontText_8ECE.font.s Fonts/build/GlyphText/FontText_541D.font.s Fonts/build/GlyphItem/FontItem_5FAD.font.s Fonts/build/GlyphText/FontText_6CF3.font.s Fonts/build/GlyphItem/FontItem_949D.font.s Fonts/build/GlyphItem/FontItem_803B.font.s Fonts/build/GlyphItem/FontItem_8DDA.font.s Fonts/build/GlyphText/FontText_6A19.font.s Fonts/build/GlyphItem/FontItem_5168.font.s Fonts/build/GlyphItem/FontItem_FF2D.font.s Fonts/build/GlyphItem/FontItem_58F2.font.s Fonts/build/GlyphItem/FontItem_6C6A.font.s Fonts/build/GlyphText/FontText_00D4.font.s Fonts/build/GlyphItem/FontItem_7565.font.s Fonts/build/GlyphText/FontText_6021.font.s Fonts/build/GlyphText/FontText_8C23.font.s Fonts/build/GlyphText/FontText_5219.font.s Fonts/build/GlyphItem/FontItem_8083.font.s Fonts/build/GlyphItem/FontItem_8228.font.s Fonts/build/GlyphText/FontText_5631.font.s Fonts/build/GlyphItem/FontItem_00E4.font.s Fonts/build/GlyphText/FontText_4F36.font.s Fonts/build/GlyphItem/FontItem_52D6.font.s Fonts/build/GlyphText/FontText_9CBC.font.s Fonts/build/GlyphText/FontText_8D21.font.s Fonts/build/GlyphText/FontText_6CD4.font.s Fonts/build/GlyphItem/FontItem_84BD.font.s Fonts/build/GlyphItem/FontItem_591C.font.s Fonts/build/GlyphItem/FontItem_94C5.font.s Fonts/build/GlyphText/FontText_76D4.font.s Fonts/build/GlyphItem/FontItem_88BC.font.s Fonts/build/GlyphText/FontText_6237.font.s Fonts/build/GlyphText/FontText_4FF1.font.s Fonts/build/GlyphItem/FontItem_72CD.font.s Fonts/build/GlyphText/FontText_6EDA.font.s Fonts/build/GlyphText/FontText_5EFA.font.s Fonts/build/GlyphItem/FontItem_5BBE.font.s Fonts/build/GlyphItem/FontItem_676A.font.s Fonts/build/GlyphText/FontText_593C.font.s Fonts/build/GlyphText/FontText_8F75.font.s Fonts/build/GlyphText/FontText_89E3.font.s Fonts/build/GlyphItem/FontItem_859C.font.s Fonts/build/GlyphText/FontText_7A3D.font.s Fonts/build/GlyphText/FontText_66A8.font.s Fonts/build/GlyphText/FontText_75D2.font.s Fonts/build/GlyphItem/FontItem_7115.font.s Fonts/build/GlyphText/FontText_9AA2.font.s Fonts/build/GlyphItem/FontItem_8C82.font.s Fonts/build/GlyphText/FontText_914C.font.s Fonts/build/GlyphItem/FontItem_5CFB.font.s Fonts/build/GlyphItem/FontItem_8F69.font.s Fonts/build/GlyphText/FontText_66F4.font.s Fonts/build/GlyphItem/FontItem_6EE2.font.s Fonts/build/GlyphText/FontText_6D88.font.s Fonts/build/GlyphText/FontText_6BBA.font.s Fonts/build/GlyphText/FontText_6DF7.font.s Fonts/build/GlyphItem/FontItem_9A9A.font.s Fonts/build/GlyphItem/FontItem_9791.font.s Fonts/build/GlyphItem/FontItem_0029.font.s Fonts/build/GlyphItem/FontItem_9988.font.s Fonts/build/GlyphText/FontText_6840.font.s Fonts/build/GlyphText/FontText_6C83.font.s Fonts/build/GlyphText/FontText_6BB2.font.s Fonts/build/GlyphText/FontText_5C3D.font.s Fonts/build/GlyphItem/FontItem_FF2A.font.s Fonts/build/GlyphItem/FontItem_70BC.font.s Fonts/build/GlyphItem/FontItem_6D99.font.s Fonts/build/GlyphItem/FontItem_4FDD.font.s Fonts/build/GlyphText/FontText_9542.font.s Fonts/build/GlyphText/FontText_810E.font.s Fonts/build/GlyphText/FontText_67D1.font.s Fonts/build/GlyphItem/FontItem_6266.font.s Fonts/build/GlyphText/FontText_8715.font.s Fonts/build/GlyphText/FontText_795E.font.s Fonts/build/GlyphItem/FontItem_7856.font.s Fonts/build/GlyphItem/FontItem_89E5.font.s Fonts/build/GlyphText/FontText_3056.font.s Fonts/build/GlyphText/FontText_57B2.font.s Fonts/build/GlyphText/FontText_7812.font.s Fonts/build/GlyphText/FontText_90FD.font.s Fonts/build/GlyphText/FontText_598D.font.s Fonts/build/GlyphText/FontText_6771.font.s Fonts/build/GlyphItem/FontItem_516B.font.s Fonts/build/GlyphText/FontText_9E44.font.s Fonts/build/GlyphText/FontText_95FD.font.s Fonts/build/GlyphText/FontText_836A.font.s Fonts/build/GlyphText/FontText_69B4.font.s Fonts/build/GlyphText/FontText_5FDD.font.s Fonts/build/GlyphText/FontText_59BB.font.s Fonts/build/GlyphText/FontText_9CCB.font.s Fonts/build/GlyphText/FontText_82A8.font.s Fonts/build/GlyphItem/FontItem_902D.font.s Fonts/build/GlyphItem/FontItem_76C6.font.s Fonts/build/GlyphItem/FontItem_7360.font.s Fonts/build/GlyphText/FontText_8235.font.s Fonts/build/GlyphText/FontText_52F9.font.s Fonts/build/GlyphText/FontText_0062.font.s Fonts/build/GlyphText/FontText_845A.font.s Fonts/build/GlyphText/FontText_5B9B.font.s Fonts/build/GlyphText/FontText_786D.font.s Fonts/build/GlyphText/FontText_75C4.font.s Fonts/build/GlyphItem/FontItem_82AA.font.s Fonts/build/GlyphItem/FontItem_52B1.font.s Fonts/build/GlyphItem/FontItem_8364.font.s Fonts/build/GlyphText/FontText_4F19.font.s Fonts/build/GlyphText/FontText_6C38.font.s Fonts/build/GlyphText/FontText_615F.font.s Fonts/build/GlyphText/FontText_74F7.font.s Fonts/build/GlyphItem/FontItem_62C7.font.s Fonts/build/GlyphItem/FontItem_53BF.font.s Fonts/build/GlyphItem/FontItem_8763.font.s Fonts/build/GlyphItem/FontItem_54CE.font.s Fonts/build/GlyphText/FontText_7BDA.font.s Fonts/build/GlyphItem/FontItem_960D.font.s Fonts/build/GlyphText/FontText_9CC5.font.s Fonts/build/GlyphText/FontText_FF22.font.s Fonts/build/GlyphText/FontText_7551.font.s Fonts/build/GlyphText/FontText_66FC.font.s Fonts/build/GlyphItem/FontItem_4ECD.font.s Fonts/build/GlyphText/FontText_7FE0.font.s Fonts/build/GlyphText/FontText_60C6.font.s Fonts/build/GlyphItem/FontItem_4E8B.font.s Fonts/build/GlyphItem/FontItem_663E.font.s Fonts/build/GlyphText/FontText_7780.font.s Fonts/build/GlyphItem/FontItem_8BA6.font.s Fonts/build/GlyphItem/FontItem_30BC.font.s Fonts/build/GlyphText/FontText_7EC7.font.s Fonts/build/GlyphText/FontText_5BC6.font.s Fonts/build/GlyphItem/FontItem_00EC.font.s Fonts/build/GlyphItem/FontItem_541E.font.s Fonts/build/GlyphText/FontText_52B4.font.s Fonts/build/GlyphText/FontText_9A73.font.s Fonts/build/GlyphItem/FontItem_5531.font.s Fonts/build/GlyphItem/FontItem_9AEF.font.s Fonts/build/GlyphItem/FontItem_7528.font.s Fonts/build/GlyphText/FontText_5480.font.s Fonts/build/GlyphItem/FontItem_7960.font.s Fonts/build/GlyphItem/FontItem_75BE.font.s Fonts/build/GlyphText/FontText_4E2A.font.s Fonts/build/GlyphItem/FontItem_86C4.font.s Fonts/build/GlyphText/FontText_576B.font.s Fonts/build/GlyphText/FontText_5B69.font.s Fonts/build/GlyphText/FontText_6321.font.s Fonts/build/GlyphItem/FontItem_8FE6.font.s Fonts/build/GlyphItem/FontItem_8E8F.font.s Fonts/build/GlyphText/FontText_4EA1.font.s Fonts/build/GlyphItem/FontItem_7792.font.s Fonts/build/GlyphText/FontText_4FB6.font.s Fonts/build/GlyphText/FontText_5623.font.s Fonts/build/GlyphItem/FontItem_3065.font.s Fonts/build/GlyphText/FontText_9E1F.font.s Fonts/build/GlyphItem/FontItem_89DC.font.s Fonts/build/GlyphItem/FontItem_59F9.font.s Fonts/build/GlyphText/FontText_9646.font.s Fonts/build/GlyphText/FontText_6DF5.font.s Fonts/build/GlyphText/FontText_95F0.font.s Fonts/build/GlyphText/FontText_903E.font.s Fonts/build/GlyphItem/FontItem_771A.font.s Fonts/build/GlyphItem/FontItem_84F0.font.s Fonts/build/GlyphItem/FontItem_77E3.font.s Fonts/build/GlyphItem/FontItem_71E0.font.s Fonts/build/GlyphItem/FontItem_9955.font.s Fonts/build/GlyphItem/FontItem_7AAC.font.s Fonts/build/GlyphText/FontText_6221.font.s Fonts/build/GlyphItem/FontItem_73CD.font.s Fonts/build/GlyphItem/FontItem_560F.font.s Fonts/build/GlyphItem/FontItem_8CAF.font.s Fonts/build/GlyphItem/FontItem_54D4.font.s Fonts/build/GlyphItem/FontItem_4F3D.font.s Fonts/build/GlyphItem/FontItem_4E4D.font.s Fonts/build/GlyphItem/FontItem_9E4E.font.s Fonts/build/GlyphText/FontText_7266.font.s Fonts/build/GlyphItem/FontItem_9540.font.s Fonts/build/GlyphText/FontText_4F55.font.s Fonts/build/GlyphItem/FontItem_80F0.font.s Fonts/build/GlyphText/FontText_5546.font.s Fonts/build/GlyphText/FontText_94C5.font.s Fonts/build/GlyphText/FontText_8098.font.s Fonts/build/GlyphItem/FontItem_80A2.font.s Fonts/build/GlyphItem/FontItem_997D.font.s Fonts/build/GlyphText/FontText_69FF.font.s Fonts/build/GlyphText/FontText_5FAE.font.s Fonts/build/GlyphText/FontText_8314.font.s Fonts/build/GlyphItem/FontItem_7B75.font.s Fonts/build/GlyphItem/FontItem_57F9.font.s Fonts/build/GlyphItem/FontItem_3058.font.s Fonts/build/GlyphItem/FontItem_0047.font.s Fonts/build/GlyphText/FontText_933E.font.s Fonts/build/GlyphItem/FontItem_8C41.font.s Fonts/build/GlyphText/FontText_5BBF.font.s Fonts/build/GlyphText/FontText_57A6.font.s Fonts/build/GlyphText/FontText_73DE.font.s Fonts/build/GlyphText/FontText_5290.font.s Fonts/build/GlyphText/FontText_671F.font.s Fonts/build/GlyphText/FontText_7591.font.s Fonts/build/GlyphText/FontText_652F.font.s Fonts/build/GlyphItem/FontItem_7F42.font.s Fonts/build/GlyphText/FontText_7AE6.font.s Fonts/build/GlyphText/FontText_5ABE.font.s Fonts/build/GlyphItem/FontItem_51F9.font.s Fonts/build/GlyphItem/FontItem_9603.font.s Fonts/build/GlyphItem/FontItem_6874.font.s Fonts/build/GlyphItem/FontItem_99C6.font.s Fonts/build/GlyphText/FontText_83B3.font.s Fonts/build/GlyphItem/FontItem_68E3.font.s Fonts/build/GlyphText/FontText_54A7.font.s Fonts/build/GlyphText/FontText_555C.font.s Fonts/build/GlyphItem/FontItem_667E.font.s Fonts/build/GlyphText/FontText_4F59.font.s Fonts/build/GlyphText/FontText_9508.font.s Fonts/build/GlyphItem/FontItem_5E83.font.s Fonts/build/GlyphText/FontText_004F.font.s Fonts/build/GlyphItem/FontItem_7736.font.s Fonts/build/GlyphText/FontText_68E0.font.s Fonts/build/GlyphItem/FontItem_7B45.font.s Fonts/build/GlyphText/FontText_814C.font.s Fonts/build/GlyphItem/FontItem_8BD1.font.s Fonts/build/GlyphItem/FontItem_6C3D.font.s Fonts/build/GlyphItem/FontItem_589A.font.s Fonts/build/GlyphItem/FontItem_5486.font.s Fonts/build/GlyphItem/FontItem_6479.font.s Fonts/build/GlyphItem/FontItem_94EE.font.s Fonts/build/GlyphText/FontText_90EF.font.s Fonts/build/GlyphText/FontText_872E.font.s Fonts/build/GlyphText/FontText_59F9.font.s Fonts/build/GlyphItem/FontItem_75A4.font.s Fonts/build/GlyphItem/FontItem_8587.font.s Fonts/build/GlyphText/FontText_767B.font.s Fonts/build/GlyphText/FontText_951F.font.s Fonts/build/GlyphItem/FontItem_6728.font.s Fonts/build/GlyphText/FontText_6B9B.font.s Fonts/build/GlyphItem/FontItem_6FD1.font.s Fonts/build/GlyphItem/FontItem_965F.font.s Fonts/build/GlyphItem/FontItem_4F1F.font.s Fonts/build/GlyphText/FontText_741A.font.s Fonts/build/GlyphText/FontText_7DE9.font.s Fonts/build/GlyphItem/FontItem_76E5.font.s Fonts/build/GlyphText/FontText_8C1F.font.s Fonts/build/GlyphText/FontText_8352.font.s Fonts/build/GlyphItem/FontItem_8C0D.font.s Fonts/build/GlyphItem/FontItem_954E.font.s Fonts/build/GlyphText/FontText_6376.font.s Fonts/build/GlyphItem/FontItem_3079.font.s Fonts/build/GlyphText/FontText_826F.font.s Fonts/build/GlyphText/FontText_90E6.font.s Fonts/build/GlyphText/FontText_3002.font.s Fonts/build/GlyphItem/FontItem_601C.font.s Fonts/build/GlyphText/FontText_5BE1.font.s Fonts/build/GlyphItem/FontItem_8BE2.font.s Fonts/build/GlyphText/FontText_8E9E.font.s Fonts/build/GlyphItem/FontItem_67CF.font.s Fonts/build/GlyphItem/FontItem_9AB8.font.s Fonts/build/GlyphText/FontText_5DE5.font.s Fonts/build/GlyphItem/FontItem_6A18.font.s Fonts/build/GlyphText/FontText_30E4.font.s Fonts/build/GlyphItem/FontItem_9F13.font.s Fonts/build/GlyphItem/FontItem_66F8.font.s Fonts/build/GlyphText/FontText_4FDE.font.s Fonts/build/GlyphText/FontText_9F9B.font.s Fonts/build/GlyphText/FontText_7A84.font.s Fonts/build/GlyphText/FontText_63F2.font.s Fonts/build/GlyphItem/FontItem_503E.font.s Fonts/build/GlyphItem/FontItem_88D4.font.s Fonts/build/GlyphItem/FontItem_FF5E.font.s Fonts/build/GlyphText/FontText_7076.font.s Fonts/build/GlyphText/FontText_5181.font.s Fonts/build/GlyphItem/FontItem_8E40.font.s Fonts/build/GlyphText/FontText_5F2F.font.s Fonts/build/GlyphItem/FontItem_7BEA.font.s Fonts/build/GlyphItem/FontItem_4E53.font.s Fonts/build/GlyphItem/FontItem_9709.font.s Fonts/build/GlyphItem/FontItem_7ADF.font.s Fonts/build/GlyphText/FontText_7610.font.s Fonts/build/GlyphText/FontText_616E.font.s Fonts/build/GlyphText/FontText_4E1A.font.s Fonts/build/GlyphItem/FontItem_64A4.font.s Fonts/build/GlyphItem/FontItem_876E.font.s Fonts/build/GlyphItem/FontItem_4F88.font.s Fonts/build/GlyphItem/FontItem_5FAA.font.s Fonts/build/GlyphText/FontText_727E.font.s Fonts/build/GlyphItem/FontItem_6627.font.s Fonts/build/GlyphItem/FontItem_9F3E.font.s Fonts/build/GlyphText/FontText_9026.font.s Fonts/build/GlyphText/FontText_4F5F.font.s Fonts/build/GlyphItem/FontItem_80F4.font.s Fonts/build/GlyphText/FontText_8864.font.s Fonts/build/GlyphItem/FontItem_54BD.font.s Fonts/build/GlyphText/FontText_9677.font.s Fonts/build/GlyphItem/FontItem_82E0.font.s Fonts/build/GlyphText/FontText_8105.font.s Fonts/build/GlyphText/FontText_8247.font.s Fonts/build/GlyphText/FontText_6269.font.s Fonts/build/GlyphText/FontText_7AFD.font.s Fonts/build/GlyphText/FontText_5A06.font.s Fonts/build/GlyphText/FontText_75C5.font.s Fonts/build/GlyphItem/FontItem_80AF.font.s Fonts/build/GlyphText/FontText_965F.font.s Fonts/build/GlyphItem/FontItem_6784.font.s Fonts/build/GlyphText/FontText_5E8A.font.s Fonts/build/GlyphItem/FontItem_64AD.font.s Fonts/build/GlyphItem/FontItem_51AF.font.s Fonts/build/GlyphText/FontText_6FB3.font.s Fonts/build/GlyphItem/FontItem_9503.font.s Fonts/build/GlyphText/FontText_002D.font.s Fonts/build/GlyphItem/FontItem_6B39.font.s Fonts/build/GlyphText/FontText_6DFC.font.s Fonts/build/GlyphItem/FontItem_9080.font.s Fonts/build/GlyphItem/FontItem_6CAD.font.s Fonts/build/GlyphText/FontText_829F.font.s Fonts/build/GlyphItem/FontItem_7256.font.s Fonts/build/GlyphItem/FontItem_873B.font.s Fonts/build/GlyphItem/FontItem_502C.font.s Fonts/build/GlyphText/FontText_9650.font.s Fonts/build/GlyphItem/FontItem_7EC8.font.s Fonts/build/GlyphText/FontText_72CD.font.s Fonts/build/GlyphItem/FontItem_51A2.font.s Fonts/build/GlyphText/FontText_90BB.font.s Fonts/build/GlyphItem/FontItem_2172.font.s Fonts/build/GlyphText/FontText_7BB1.font.s Fonts/build/GlyphItem/FontItem_5DE5.font.s Fonts/build/GlyphText/FontText_9B03.font.s Fonts/build/GlyphItem/FontItem_6271.font.s Fonts/build/GlyphItem/FontItem_90EF.font.s Fonts/build/GlyphText/FontText_638F.font.s Fonts/build/GlyphItem/FontItem_9538.font.s Fonts/build/GlyphText/FontText_5C38.font.s Fonts/build/GlyphItem/FontItem_6222.font.s Fonts/build/GlyphText/FontText_8DF9.font.s Fonts/build/GlyphText/FontText_898B.font.s Fonts/build/GlyphText/FontText_8E72.font.s Fonts/build/GlyphText/FontText_643F.font.s Fonts/build/GlyphItem/FontItem_73B3.font.s Fonts/build/GlyphItem/FontItem_6E20.font.s Fonts/build/GlyphText/FontText_6DFB.font.s Fonts/build/GlyphItem/FontItem_7834.font.s Fonts/build/GlyphText/FontText_87CA.font.s Fonts/build/GlyphItem/FontItem_538C.font.s Fonts/build/GlyphItem/FontItem_94B1.font.s Fonts/build/GlyphItem/FontItem_5BD0.font.s Fonts/build/GlyphText/FontText_8138.font.s Fonts/build/GlyphText/FontText_9610.font.s Fonts/build/GlyphItem/FontItem_5B22.font.s Fonts/build/GlyphItem/FontItem_96C4.font.s Fonts/build/GlyphText/FontText_6742.font.s Fonts/build/GlyphItem/FontItem_90AA.font.s Fonts/build/GlyphItem/FontItem_9CA6.font.s Fonts/build/GlyphText/FontText_695A.font.s Fonts/build/GlyphItem/FontItem_6E4D.font.s Fonts/build/GlyphItem/FontItem_6BD6.font.s Fonts/build/GlyphText/FontText_8339.font.s Fonts/build/GlyphItem/FontItem_304E.font.s Fonts/build/GlyphText/FontText_6E8F.font.s Fonts/build/GlyphItem/FontItem_91CE.font.s Fonts/build/GlyphText/FontText_201C.font.s Fonts/build/GlyphText/FontText_7EEE.font.s Fonts/build/GlyphText/FontText_9E6C.font.s Fonts/build/GlyphText/FontText_4F84.font.s Fonts/build/GlyphItem/FontItem_696B.font.s Fonts/build/GlyphItem/FontItem_7D0A.font.s Fonts/build/GlyphItem/FontItem_6EAA.font.s Fonts/build/GlyphText/FontText_7CAA.font.s Fonts/build/GlyphText/FontText_96C1.font.s Fonts/build/GlyphText/FontText_5155.font.s Fonts/build/GlyphText/FontText_4F74.font.s Fonts/build/GlyphText/FontText_72B9.font.s Fonts/build/GlyphText/FontText_6681.font.s Fonts/build/GlyphItem/FontItem_4F34.font.s Fonts/build/GlyphItem/FontItem_83CC.font.s Fonts/build/GlyphText/FontText_658B.font.s Fonts/build/GlyphItem/FontItem_59A9.font.s Fonts/build/GlyphText/FontText_88FD.font.s Fonts/build/GlyphItem/FontItem_98D2.font.s Fonts/build/GlyphItem/FontItem_52B3.font.s Fonts/build/GlyphText/FontText_5E06.font.s Fonts/build/GlyphItem/FontItem_8E1E.font.s Fonts/build/GlyphItem/FontItem_94A8.font.s Fonts/build/GlyphText/FontText_7301.font.s Fonts/build/GlyphText/FontText_5374.font.s Fonts/build/GlyphItem/FontItem_6635.font.s Fonts/build/GlyphItem/FontItem_8538.font.s Fonts/build/GlyphText/FontText_75B4.font.s Fonts/build/GlyphItem/FontItem_6016.font.s Fonts/build/GlyphText/FontText_552F.font.s Fonts/build/GlyphText/FontText_8FD0.font.s Fonts/build/GlyphText/FontText_846D.font.s Fonts/build/GlyphText/FontText_8FB1.font.s Fonts/build/GlyphItem/FontItem_77EC.font.s Fonts/build/GlyphText/FontText_52A3.font.s Fonts/build/GlyphItem/FontItem_8F7F.font.s Fonts/build/GlyphText/FontText_548E.font.s Fonts/build/GlyphItem/FontItem_7C1F.font.s Fonts/build/GlyphItem/FontItem_00CF.font.s Fonts/build/GlyphText/FontText_58E4.font.s Fonts/build/GlyphItem/FontItem_9CDE.font.s Fonts/build/GlyphItem/FontItem_6CF6.font.s Fonts/build/GlyphText/FontText_8DDD.font.s Fonts/build/GlyphItem/FontItem_95EF.font.s Fonts/build/GlyphItem/FontItem_7AE3.font.s Fonts/build/GlyphText/FontText_54D4.font.s Fonts/build/GlyphItem/FontItem_5F26.font.s Fonts/build/GlyphText/FontText_57AD.font.s Fonts/build/GlyphText/FontText_9532.font.s Fonts/build/GlyphText/FontText_6226.font.s Fonts/build/GlyphItem/FontItem_0045.font.s Fonts/build/GlyphText/FontText_67D4.font.s Fonts/build/GlyphItem/FontItem_7092.font.s Fonts/build/GlyphText/FontText_559D.font.s Fonts/build/GlyphText/FontText_69CD.font.s Fonts/build/GlyphText/FontText_817E.font.s Fonts/build/GlyphText/FontText_5F6D.font.s Fonts/build/GlyphText/FontText_5F8A.font.s Fonts/build/GlyphItem/FontItem_7EC3.font.s Fonts/build/GlyphText/FontText_948F.font.s Fonts/build/GlyphText/FontText_59AA.font.s Fonts/build/GlyphItem/FontItem_4EA0.font.s Fonts/build/GlyphItem/FontItem_8FB1.font.s Fonts/build/GlyphItem/FontItem_9739.font.s Fonts/build/GlyphItem/FontItem_915D.font.s Fonts/build/GlyphItem/FontItem_59BE.font.s Fonts/build/GlyphItem/FontItem_9E68.font.s Fonts/build/GlyphItem/FontItem_6D82.font.s Fonts/build/GlyphText/FontText_65E0.font.s Fonts/build/GlyphText/FontText_86E9.font.s Fonts/build/GlyphItem/FontItem_7B25.font.s Fonts/build/GlyphText/FontText_9CCF.font.s Fonts/build/GlyphItem/FontItem_8F8D.font.s Fonts/build/GlyphText/FontText_4F97.font.s Fonts/build/GlyphItem/FontItem_7949.font.s Fonts/build/GlyphItem/FontItem_6CA9.font.s Fonts/build/GlyphItem/FontItem_7428.font.s Fonts/build/GlyphText/FontText_65D2.font.s Fonts/build/GlyphText/FontText_62D8.font.s Fonts/build/GlyphText/FontText_996D.font.s Fonts/build/GlyphItem/FontItem_5DEB.font.s Fonts/build/GlyphText/FontText_7F7E.font.s Fonts/build/GlyphItem/FontItem_8A3E.font.s Fonts/build/GlyphText/FontText_953C.font.s Fonts/build/GlyphText/FontText_8F74.font.s Fonts/build/GlyphText/FontText_7119.font.s Fonts/build/GlyphItem/FontItem_9E9D.font.s Fonts/build/GlyphItem/FontItem_00F2.font.s Fonts/build/GlyphItem/FontItem_8BBA.font.s Fonts/build/GlyphText/FontText_6F74.font.s Fonts/build/GlyphItem/FontItem_8BE1.font.s Fonts/build/GlyphText/FontText_5C60.font.s Fonts/build/GlyphText/FontText_781A.font.s Fonts/build/GlyphText/FontText_8513.font.s Fonts/build/GlyphItem/FontItem_8816.font.s Fonts/build/GlyphText/FontText_6BEF.font.s Fonts/build/GlyphItem/FontItem_6691.font.s Fonts/build/GlyphText/FontText_5C0F.font.s Fonts/build/GlyphText/FontText_752C.font.s Fonts/build/GlyphText/FontText_745E.font.s Fonts/build/GlyphText/FontText_5549.font.s Fonts/build/GlyphItem/FontItem_753A.font.s Fonts/build/GlyphItem/FontItem_7691.font.s Fonts/build/GlyphText/FontText_30A2.font.s Fonts/build/GlyphText/FontText_77A7.font.s Fonts/build/GlyphText/FontText_81CA.font.s Fonts/build/GlyphItem/FontItem_826E.font.s Fonts/build/GlyphItem/FontItem_6B3A.font.s Fonts/build/GlyphText/FontText_FF38.font.s Fonts/build/GlyphItem/FontItem_2267.font.s Fonts/build/GlyphItem/FontItem_FF58.font.s Fonts/build/GlyphText/FontText_FF5A.font.s Fonts/build/GlyphItem/FontItem_6243.font.s Fonts/build/GlyphItem/FontItem_9E7F.font.s Fonts/build/GlyphItem/FontItem_7640.font.s Fonts/build/GlyphText/FontText_53EE.font.s Fonts/build/GlyphText/FontText_504C.font.s Fonts/build/GlyphItem/FontItem_6D19.font.s Fonts/build/GlyphText/FontText_76D2.font.s Fonts/build/GlyphItem/FontItem_58EC.font.s Fonts/build/GlyphText/FontText_5B09.font.s Fonts/build/GlyphText/FontText_95F8.font.s Fonts/build/GlyphText/FontText_76C5.font.s Fonts/build/GlyphItem/FontItem_4FFA.font.s Fonts/build/GlyphItem/FontItem_998A.font.s Fonts/build/GlyphItem/FontItem_723B.font.s Fonts/build/GlyphText/FontText_73BB.font.s Fonts/build/GlyphText/FontText_003B.font.s Fonts/build/GlyphText/FontText_84DD.font.s Fonts/build/GlyphItem/FontItem_66F2.font.s Fonts/build/GlyphText/FontText_52C7.font.s Fonts/build/GlyphItem/FontItem_82F9.font.s Fonts/build/GlyphText/FontText_9661.font.s Fonts/build/GlyphItem/FontItem_4F1E.font.s Fonts/build/GlyphItem/FontItem_636E.font.s Fonts/build/GlyphText/FontText_7BAC.font.s Fonts/build/GlyphText/FontText_4EEA.font.s Fonts/build/GlyphText/FontText_7726.font.s Fonts/build/GlyphText/FontText_62EE.font.s Fonts/build/GlyphText/FontText_4FEA.font.s Fonts/build/GlyphText/FontText_57B8.font.s Fonts/build/GlyphItem/FontItem_845A.font.s Fonts/build/GlyphItem/FontItem_5984.font.s Fonts/build/GlyphItem/FontItem_8C07.font.s Fonts/build/GlyphText/FontText_7B0F.font.s Fonts/build/GlyphItem/FontItem_90CA.font.s Fonts/build/GlyphText/FontText_4E9A.font.s Fonts/build/GlyphItem/FontItem_7FBC.font.s Fonts/build/GlyphItem/FontItem_6BCF.font.s Fonts/build/GlyphText/FontText_602B.font.s Fonts/build/GlyphText/FontText_507B.font.s Fonts/build/GlyphText/FontText_542F.font.s Fonts/build/GlyphItem/FontItem_9AFB.font.s Fonts/build/GlyphItem/FontItem_043E.font.s Fonts/build/GlyphText/FontText_78D5.font.s Fonts/build/GlyphItem/FontItem_7891.font.s Fonts/build/GlyphText/FontText_0045.font.s Fonts/build/GlyphText/FontText_4E2C.font.s Fonts/build/GlyphItem/FontItem_9FA0.font.s Fonts/build/GlyphItem/FontItem_8297.font.s Fonts/build/GlyphText/FontText_7CE7.font.s Fonts/build/GlyphText/FontText_4F9B.font.s Fonts/build/GlyphItem/FontItem_69C1.font.s Fonts/build/GlyphItem/FontItem_877D.font.s Fonts/build/GlyphItem/FontItem_4EAB.font.s Fonts/build/GlyphItem/FontItem_87FB.font.s Fonts/build/GlyphItem/FontItem_66F4.font.s Fonts/build/GlyphText/FontText_94F6.font.s Fonts/build/GlyphText/FontText_5FB7.font.s Fonts/build/GlyphItem/FontItem_786B.font.s Fonts/build/GlyphText/FontText_90F7.font.s Fonts/build/GlyphText/FontText_8F8E.font.s Fonts/build/GlyphText/FontText_64B2.font.s Fonts/build/GlyphItem/FontItem_9867.font.s Fonts/build/GlyphItem/FontItem_61D2.font.s Fonts/build/GlyphItem/FontItem_521D.font.s Fonts/build/GlyphText/FontText_7F69.font.s Fonts/build/GlyphItem/FontItem_6837.font.s Fonts/build/GlyphItem/FontItem_82C1.font.s Fonts/build/GlyphItem/FontItem_9670.font.s Fonts/build/GlyphItem/FontItem_92AE.font.s Fonts/build/GlyphItem/FontItem_708E.font.s Fonts/build/GlyphItem/FontItem_7CE0.font.s Fonts/build/GlyphText/FontText_6B7B.font.s Fonts/build/GlyphItem/FontItem_836B.font.s Fonts/build/GlyphItem/FontItem_5347.font.s Fonts/build/GlyphItem/FontItem_6C5C.font.s Fonts/build/GlyphItem/FontItem_88F3.font.s Fonts/build/GlyphText/FontText_5F7C.font.s Fonts/build/GlyphItem/FontItem_6556.font.s Fonts/build/GlyphText/FontText_7513.font.s Fonts/build/GlyphText/FontText_7CCA.font.s Fonts/build/GlyphText/FontText_5B63.font.s Fonts/build/GlyphItem/FontItem_6743.font.s Fonts/build/GlyphText/FontText_661D.font.s Fonts/build/GlyphText/FontText_98D3.font.s Fonts/build/GlyphItem/FontItem_6653.font.s Fonts/build/GlyphText/FontText_7AA0.font.s Fonts/build/GlyphItem/FontItem_6263.font.s Fonts/build/GlyphItem/FontItem_6388.font.s Fonts/build/GlyphItem/FontItem_55FD.font.s Fonts/build/GlyphItem/FontItem_4F1B.font.s Fonts/build/GlyphText/FontText_635F.font.s Fonts/build/GlyphItem/FontItem_70AB.font.s Fonts/build/GlyphItem/FontItem_89C6.font.s Fonts/build/GlyphItem/FontItem_7901.font.s Fonts/build/GlyphItem/FontItem_90E7.font.s Fonts/build/GlyphText/FontText_6043.font.s Fonts/build/GlyphItem/FontItem_4EBA.font.s Fonts/build/GlyphItem/FontItem_8A08.font.s Fonts/build/GlyphText/FontText_7A20.font.s Fonts/build/GlyphItem/FontItem_96C9.font.s Fonts/build/GlyphItem/FontItem_5BC7.font.s Fonts/build/GlyphText/FontText_754B.font.s Fonts/build/GlyphText/FontText_843D.font.s Fonts/build/GlyphItem/FontItem_7F61.font.s Fonts/build/GlyphItem/FontItem_5B6B.font.s Fonts/build/GlyphItem/FontItem_7603.font.s Fonts/build/GlyphItem/FontItem_87EE.font.s Fonts/build/GlyphItem/FontItem_7F2B.font.s Fonts/build/GlyphItem/FontItem_7615.font.s Fonts/build/GlyphItem/FontItem_5844.font.s Fonts/build/GlyphText/FontText_70DF.font.s Fonts/build/GlyphText/FontText_6942.font.s Fonts/build/GlyphItem/FontItem_94DD.font.s Fonts/build/GlyphItem/FontItem_7EBE.font.s Fonts/build/GlyphItem/FontItem_97F6.font.s Fonts/build/GlyphText/FontText_94EE.font.s Fonts/build/GlyphText/FontText_6DE4.font.s Fonts/build/GlyphItem/FontItem_8CC7.font.s Fonts/build/GlyphItem/FontItem_5B70.font.s Fonts/build/GlyphItem/FontItem_59A5.font.s Fonts/build/GlyphText/FontText_6D32.font.s Fonts/build/GlyphText/FontText_7BC0.font.s Fonts/build/GlyphItem/FontItem_8D61.font.s Fonts/build/GlyphItem/FontItem_7AD6.font.s Fonts/build/GlyphItem/FontItem_714A.font.s Fonts/build/GlyphText/FontText_8F9A.font.s Fonts/build/GlyphText/FontText_4EA0.font.s Fonts/build/GlyphText/FontText_561F.font.s Fonts/build/GlyphText/FontText_513F.font.s Fonts/build/GlyphItem/FontItem_50E6.font.s Fonts/build/GlyphText/FontText_90DB.font.s Fonts/build/GlyphText/FontText_5AF1.font.s Fonts/build/GlyphText/FontText_553E.font.s Fonts/build/GlyphItem/FontItem_682A.font.s Fonts/build/GlyphText/FontText_6C74.font.s Fonts/build/GlyphItem/FontItem_754F.font.s Fonts/build/GlyphItem/FontItem_637B.font.s Fonts/build/GlyphItem/FontItem_57A2.font.s Fonts/build/GlyphItem/FontItem_8489.font.s Fonts/build/GlyphItem/FontItem_94F3.font.s Fonts/build/GlyphItem/FontItem_00AB.font.s Fonts/build/GlyphText/FontText_30CD.font.s Fonts/build/GlyphText/FontText_6664.font.s Fonts/build/GlyphText/FontText_6C47.font.s Fonts/build/GlyphItem/FontItem_5D4B.font.s Fonts/build/GlyphText/FontText_72F7.font.s Fonts/build/GlyphText/FontText_5A40.font.s Fonts/build/GlyphText/FontText_55B5.font.s Fonts/build/GlyphText/FontText_87D2.font.s Fonts/build/GlyphText/FontText_7840.font.s Fonts/build/GlyphItem/FontItem_5FED.font.s Fonts/build/GlyphItem/FontItem_7C40.font.s Fonts/build/GlyphItem/FontItem_9ED9.font.s Fonts/build/GlyphText/FontText_8B00.font.s Fonts/build/GlyphItem/FontItem_629C.font.s Fonts/build/GlyphText/FontText_8D8B.font.s Fonts/build/GlyphText/FontText_9164.font.s Fonts/build/GlyphText/FontText_6322.font.s Fonts/build/GlyphItem/FontItem_9172.font.s Fonts/build/GlyphText/FontText_762A.font.s Fonts/build/GlyphItem/FontItem_00F0.font.s Fonts/build/GlyphText/FontText_62F1.font.s Fonts/build/GlyphText/FontText_805E.font.s Fonts/build/GlyphText/FontText_30DD.font.s Fonts/build/GlyphText/FontText_8921.font.s Fonts/build/GlyphText/FontText_6CFC.font.s Fonts/build/GlyphText/FontText_73E5.font.s Fonts/build/GlyphText/FontText_58BC.font.s Fonts/build/GlyphItem/FontItem_6A29.font.s Fonts/build/GlyphText/FontText_9189.font.s Fonts/build/GlyphItem/FontItem_77CD.font.s Fonts/build/GlyphItem/FontItem_9E9F.font.s Fonts/build/GlyphItem/FontItem_7D19.font.s Fonts/build/GlyphItem/FontItem_571F.font.s Fonts/build/GlyphItem/FontItem_8106.font.s Fonts/build/GlyphItem/FontItem_72DE.font.s Fonts/build/GlyphText/FontText_5C99.font.s Fonts/build/GlyphItem/FontItem_6C7E.font.s Fonts/build/GlyphItem/FontItem_7F1B.font.s Fonts/build/GlyphItem/FontItem_9F9F.font.s Fonts/build/GlyphItem/FontItem_6380.font.s Fonts/build/GlyphItem/FontItem_817F.font.s Fonts/build/GlyphItem/FontItem_7F2A.font.s Fonts/build/GlyphItem/FontItem_57A6.font.s Fonts/build/GlyphText/FontText_73A9.font.s Fonts/build/GlyphText/FontText_8C0A.font.s Fonts/build/GlyphText/FontText_8428.font.s Fonts/build/GlyphItem/FontItem_5AB8.font.s Fonts/build/GlyphText/FontText_5E44.font.s Fonts/build/GlyphText/FontText_83D6.font.s Fonts/build/GlyphItem/FontItem_5197.font.s Fonts/build/GlyphText/FontText_006D.font.s Fonts/build/GlyphText/FontText_574E.font.s Fonts/build/GlyphItem/FontItem_4F84.font.s Fonts/build/GlyphText/FontText_867F.font.s Fonts/build/GlyphItem/FontItem_507B.font.s Fonts/build/GlyphText/FontText_8569.font.s Fonts/build/GlyphItem/FontItem_8E9E.font.s Fonts/build/GlyphItem/FontItem_89B3.font.s Fonts/build/GlyphText/FontText_6765.font.s Fonts/build/GlyphItem/FontItem_522B.font.s Fonts/build/GlyphText/FontText_6483.font.s Fonts/build/GlyphText/FontText_5435.font.s Fonts/build/GlyphItem/FontItem_70BD.font.s Fonts/build/GlyphText/FontText_7634.font.s Fonts/build/GlyphText/FontText_788D.font.s Fonts/build/GlyphItem/FontItem_5457.font.s Fonts/build/GlyphText/FontText_5E83.font.s Fonts/build/GlyphItem/FontItem_707F.font.s Fonts/build/GlyphItem/FontItem_0032.font.s Fonts/build/GlyphItem/FontItem_7CC8.font.s Fonts/build/GlyphText/FontText_5D2E.font.s Fonts/build/GlyphText/FontText_7ECD.font.s Fonts/build/GlyphText/FontText_67AD.font.s Fonts/build/GlyphText/FontText_60BB.font.s Fonts/build/GlyphText/FontText_9503.font.s Fonts/build/GlyphItem/FontItem_92FC.font.s Fonts/build/GlyphText/FontText_9882.font.s Fonts/build/GlyphText/FontText_82D1.font.s Fonts/build/GlyphItem/FontItem_631B.font.s Fonts/build/GlyphText/FontText_78CB.font.s Fonts/build/GlyphItem/FontItem_864E.font.s Fonts/build/GlyphText/FontText_5E80.font.s Fonts/build/GlyphItem/FontItem_8A5B.font.s Fonts/build/GlyphItem/FontItem_5412.font.s Fonts/build/GlyphText/FontText_866C.font.s Fonts/build/GlyphText/FontText_4E0E.font.s Fonts/build/GlyphText/FontText_6669.font.s Fonts/build/GlyphItem/FontItem_6518.font.s Fonts/build/GlyphText/FontText_6C4A.font.s Fonts/build/GlyphItem/FontItem_5AE6.font.s Fonts/build/GlyphItem/FontItem_8682.font.s Fonts/build/GlyphText/FontText_659B.font.s Fonts/build/GlyphItem/FontItem_6B47.font.s Fonts/build/GlyphItem/FontItem_9621.font.s Fonts/build/GlyphText/FontText_8764.font.s Fonts/build/GlyphText/FontText_656C.font.s Fonts/build/GlyphItem/FontItem_5241.font.s Fonts/build/GlyphItem/FontItem_6998.font.s Fonts/build/GlyphText/FontText_8F83.font.s Fonts/build/GlyphItem/FontItem_52D2.font.s Fonts/build/GlyphItem/FontItem_6A17.font.s Fonts/build/GlyphItem/FontItem_759A.font.s Fonts/build/GlyphText/FontText_58CA.font.s Fonts/build/GlyphText/FontText_6881.font.s Fonts/build/GlyphText/FontText_53CC.font.s Fonts/build/GlyphText/FontText_9CD3.font.s Fonts/build/GlyphText/FontText_61A4.font.s Fonts/build/GlyphItem/FontItem_75B4.font.s Fonts/build/GlyphItem/FontItem_85FB.font.s Fonts/build/GlyphItem/FontItem_9969.font.s Fonts/build/GlyphItem/FontItem_7BD3.font.s Fonts/build/GlyphText/FontText_64D8.font.s Fonts/build/GlyphItem/FontItem_7B5A.font.s Fonts/build/GlyphItem/FontItem_7B7B.font.s Fonts/build/GlyphItem/FontItem_80A1.font.s Fonts/build/GlyphItem/FontItem_8869.font.s Fonts/build/GlyphText/FontText_75FF.font.s Fonts/build/GlyphText/FontText_7FA8.font.s Fonts/build/GlyphText/FontText_7518.font.s Fonts/build/GlyphItem/FontItem_67EF.font.s Fonts/build/GlyphItem/FontItem_9889.font.s Fonts/build/GlyphItem/FontItem_5A06.font.s Fonts/build/GlyphItem/FontItem_55F3.font.s Fonts/build/GlyphText/FontText_5CE4.font.s Fonts/build/GlyphItem/FontItem_818F.font.s Fonts/build/GlyphText/FontText_79C9.font.s Fonts/build/GlyphItem/FontItem_6C07.font.s Fonts/build/GlyphItem/FontItem_5B37.font.s Fonts/build/GlyphItem/FontItem_8D35.font.s Fonts/build/GlyphText/FontText_7455.font.s Fonts/build/GlyphText/FontText_73B3.font.s Fonts/build/GlyphText/FontText_5144.font.s Fonts/build/GlyphItem/FontItem_7231.font.s Fonts/build/GlyphText/FontText_9B13.font.s Fonts/build/GlyphText/FontText_9806.font.s Fonts/build/GlyphItem/FontItem_4F8F.font.s Fonts/build/GlyphText/FontText_5C41.font.s Fonts/build/GlyphItem/FontItem_8844.font.s Fonts/build/GlyphItem/FontItem_9514.font.s Fonts/build/GlyphText/FontText_7EB5.font.s Fonts/build/GlyphItem/FontItem_8349.font.s Fonts/build/GlyphItem/FontItem_57D2.font.s Fonts/build/GlyphItem/FontItem_6E17.font.s Fonts/build/GlyphItem/FontItem_87DB.font.s Fonts/build/GlyphText/FontText_76F4.font.s Fonts/build/GlyphText/FontText_8366.font.s Fonts/build/GlyphItem/FontItem_8C2F.font.s Fonts/build/GlyphItem/FontItem_8DDB.font.s Fonts/build/GlyphItem/FontItem_55B6.font.s Fonts/build/GlyphText/FontText_714C.font.s Fonts/build/GlyphItem/FontItem_6B89.font.s Fonts/build/GlyphText/FontText_30D3.font.s Fonts/build/GlyphItem/FontItem_6751.font.s Fonts/build/GlyphItem/FontItem_9E64.font.s Fonts/build/GlyphText/FontText_54FF.font.s Fonts/build/GlyphText/FontText_8043.font.s Fonts/build/GlyphItem/FontItem_50EC.font.s Fonts/build/GlyphText/FontText_727D.font.s Fonts/build/GlyphText/FontText_78B1.font.s Fonts/build/GlyphItem/FontItem_6B6A.font.s Fonts/build/GlyphItem/FontItem_9152.font.s Fonts/build/GlyphItem/FontItem_30FB.font.s Fonts/build/GlyphItem/FontItem_5F6D.font.s Fonts/build/GlyphItem/FontItem_7FC1.font.s Fonts/build/GlyphText/FontText_7FF1.font.s Fonts/build/GlyphItem/FontItem_5C3C.font.s Fonts/build/GlyphItem/FontItem_FF16.font.s Fonts/build/GlyphItem/FontItem_52D5.font.s Fonts/build/GlyphText/FontText_563B.font.s Fonts/build/GlyphText/FontText_6002.font.s Fonts/build/GlyphText/FontText_891A.font.s Fonts/build/GlyphItem/FontItem_4ECA.font.s Fonts/build/GlyphItem/FontItem_9C81.font.s Fonts/build/GlyphText/FontText_579B.font.s Fonts/build/GlyphText/FontText_8CAC.font.s Fonts/build/GlyphText/FontText_72EC.font.s Fonts/build/GlyphItem/FontItem_83F0.font.s Fonts/build/GlyphText/FontText_8446.font.s Fonts/build/GlyphItem/FontItem_4FF8.font.s Fonts/build/GlyphItem/FontItem_5E03.font.s Fonts/build/GlyphItem/FontItem_5922.font.s Fonts/build/GlyphText/FontText_7B52.font.s Fonts/build/GlyphText/FontText_568F.font.s Fonts/build/GlyphText/FontText_8FCE.font.s Fonts/build/GlyphItem/FontItem_9E82.font.s Fonts/build/GlyphItem/FontItem_6A5F.font.s Fonts/build/GlyphText/FontText_60F9.font.s Fonts/build/GlyphText/FontText_30AA.font.s Fonts/build/GlyphText/FontText_60EC.font.s Fonts/build/GlyphText/FontText_529B.font.s Fonts/build/GlyphItem/FontItem_5510.font.s Fonts/build/GlyphText/FontText_6839.font.s Fonts/build/GlyphText/FontText_565B.font.s Fonts/build/GlyphItem/FontItem_60F4.font.s Fonts/build/GlyphText/FontText_987E.font.s Fonts/build/GlyphItem/FontItem_72F3.font.s Fonts/build/GlyphText/FontText_772D.font.s Fonts/build/GlyphText/FontText_6079.font.s Fonts/build/GlyphText/FontText_58EC.font.s Fonts/build/GlyphItem/FontItem_9654.font.s Fonts/build/GlyphItem/FontItem_5C81.font.s Fonts/build/GlyphItem/FontItem_6190.font.s Fonts/build/GlyphText/FontText_7FE6.font.s Fonts/build/GlyphItem/FontItem_6E98.font.s Fonts/build/GlyphText/FontText_86E4.font.s Fonts/build/GlyphItem/FontItem_30E1.font.s Fonts/build/GlyphText/FontText_5265.font.s Fonts/build/GlyphItem/FontItem_7FCE.font.s Fonts/build/GlyphItem/FontItem_5CD2.font.s Fonts/build/GlyphText/FontText_67C1.font.s Fonts/build/GlyphText/FontText_50F5.font.s Fonts/build/GlyphItem/FontItem_877E.font.s Fonts/build/GlyphItem/FontItem_6509.font.s Fonts/build/GlyphItem/FontItem_94C6.font.s Fonts/build/GlyphText/FontText_845C.font.s Fonts/build/GlyphItem/FontItem_73E9.font.s Fonts/build/GlyphText/FontText_6100.font.s Fonts/build/GlyphText/FontText_5582.font.s Fonts/build/GlyphText/FontText_87FE.font.s Fonts/build/GlyphText/FontText_838E.font.s Fonts/build/GlyphText/FontText_9563.font.s Fonts/build/GlyphItem/FontItem_9C87.font.s Fonts/build/GlyphItem/FontItem_834F.font.s Fonts/build/GlyphText/FontText_7BF1.font.s Fonts/build/GlyphItem/FontItem_9177.font.s Fonts/build/GlyphItem/FontItem_62FD.font.s Fonts/build/GlyphText/FontText_7574.font.s Fonts/build/GlyphText/FontText_9A8B.font.s Fonts/build/GlyphItem/FontItem_9A81.font.s Fonts/build/GlyphItem/FontItem_5A09.font.s Fonts/build/GlyphItem/FontItem_9165.font.s Fonts/build/GlyphText/FontText_9545.font.s Fonts/build/GlyphItem/FontItem_5375.font.s Fonts/build/GlyphItem/FontItem_59CB.font.s Fonts/build/GlyphText/FontText_6339.font.s Fonts/build/GlyphItem/FontItem_51B5.font.s Fonts/build/GlyphItem/FontItem_77F3.font.s Fonts/build/GlyphText/FontText_8702.font.s Fonts/build/GlyphText/FontText_989B.font.s Fonts/build/GlyphItem/FontItem_6350.font.s Fonts/build/GlyphText/FontText_53EF.font.s Fonts/build/GlyphText/FontText_729F.font.s Fonts/build/GlyphText/FontText_FF06.font.s Fonts/build/GlyphText/FontText_59B3.font.s Fonts/build/GlyphText/FontText_8907.font.s Fonts/build/GlyphItem/FontItem_7C0C.font.s Fonts/build/GlyphText/FontText_5492.font.s Fonts/build/GlyphItem/FontItem_005A.font.s Fonts/build/GlyphItem/FontItem_63A7.font.s Fonts/build/GlyphItem/FontItem_85D5.font.s Fonts/build/GlyphItem/FontItem_6F9C.font.s Fonts/build/GlyphText/FontText_70C0.font.s Fonts/build/GlyphItem/FontItem_865E.font.s Fonts/build/GlyphItem/FontItem_90B5.font.s Fonts/build/GlyphItem/FontItem_9C92.font.s Fonts/build/GlyphText/FontText_82AB.font.s Fonts/build/GlyphText/FontText_4E1C.font.s Fonts/build/GlyphItem/FontItem_5F1F.font.s Fonts/build/GlyphText/FontText_9A86.font.s Fonts/build/GlyphText/FontText_843C.font.s Fonts/build/GlyphText/FontText_6EC7.font.s Fonts/build/GlyphItem/FontItem_898F.font.s Fonts/build/GlyphItem/FontItem_604B.font.s Fonts/build/GlyphText/FontText_57D4.font.s Fonts/build/GlyphText/FontText_897B.font.s Fonts/build/GlyphItem/FontItem_8BB9.font.s Fonts/build/GlyphItem/FontItem_7B97.font.s Fonts/build/GlyphItem/FontItem_4E8D.font.s Fonts/build/GlyphItem/FontItem_FF05.font.s Fonts/build/GlyphItem/FontItem_6C38.font.s Fonts/build/GlyphText/FontText_659C.font.s Fonts/build/GlyphItem/FontItem_6270.font.s Fonts/build/GlyphItem/FontItem_7BB1.font.s Fonts/build/GlyphItem/FontItem_8853.font.s Fonts/build/GlyphText/FontText_8D46.font.s Fonts/build/GlyphItem/FontItem_60A3.font.s Fonts/build/GlyphText/FontText_79C1.font.s Fonts/build/GlyphText/FontText_51CD.font.s Fonts/build/GlyphItem/FontItem_849C.font.s Fonts/build/GlyphItem/FontItem_7322.font.s Fonts/build/GlyphItem/FontItem_8FDC.font.s Fonts/build/GlyphItem/FontItem_909D.font.s Fonts/build/GlyphItem/FontItem_8C00.font.s Fonts/build/GlyphText/FontText_625B.font.s Fonts/build/GlyphItem/FontItem_62BD.font.s Fonts/build/GlyphItem/FontItem_5A7A.font.s Fonts/build/GlyphText/FontText_8E6D.font.s Fonts/build/GlyphItem/FontItem_7389.font.s Fonts/build/GlyphText/FontText_6863.font.s Fonts/build/GlyphItem/FontItem_98DB.font.s Fonts/build/GlyphItem/FontItem_6096.font.s Fonts/build/GlyphItem/FontItem_6CC9.font.s Fonts/build/GlyphText/FontText_8E14.font.s Fonts/build/GlyphItem/FontItem_9A8F.font.s Fonts/build/GlyphText/FontText_67E2.font.s Fonts/build/GlyphText/FontText_6A35.font.s Fonts/build/GlyphText/FontText_8C78.font.s Fonts/build/GlyphText/FontText_6AA0.font.s Fonts/build/GlyphText/FontText_5907.font.s Fonts/build/GlyphItem/FontItem_634B.font.s Fonts/build/GlyphItem/FontItem_5362.font.s Fonts/build/GlyphItem/FontItem_52D9.font.s Fonts/build/GlyphItem/FontItem_6C1F.font.s Fonts/build/GlyphItem/FontItem_003A.font.s Fonts/build/GlyphText/FontText_87B3.font.s Fonts/build/GlyphText/FontText_9298.font.s Fonts/build/GlyphText/FontText_5C3B.font.s Fonts/build/GlyphItem/FontItem_9675.font.s Fonts/build/GlyphItem/FontItem_7BFE.font.s Fonts/build/GlyphText/FontText_853B.font.s Fonts/build/GlyphText/FontText_4F5A.font.s Fonts/build/GlyphItem/FontItem_6DEC.font.s Fonts/build/GlyphItem/FontItem_57F4.font.s Fonts/build/GlyphText/FontText_3084.font.s Fonts/build/GlyphItem/FontItem_9C88.font.s Fonts/build/GlyphItem/FontItem_FF24.font.s Fonts/build/GlyphText/FontText_86A7.font.s Fonts/build/GlyphItem/FontItem_9492.font.s Fonts/build/GlyphItem/FontItem_699B.font.s Fonts/build/GlyphItem/FontItem_6C70.font.s Fonts/build/GlyphText/FontText_5C49.font.s Fonts/build/GlyphItem/FontItem_7228.font.s Fonts/build/GlyphItem/FontItem_9021.font.s Fonts/build/GlyphText/FontText_73A2.font.s Fonts/build/GlyphText/FontText_6E2D.font.s Fonts/build/GlyphText/FontText_9565.font.s Fonts/build/GlyphItem/FontItem_6599.font.s Fonts/build/GlyphText/FontText_0032.font.s Fonts/build/GlyphItem/FontItem_75B9.font.s Fonts/build/GlyphItem/FontItem_4F18.font.s Fonts/build/GlyphText/FontText_5F14.font.s Fonts/build/GlyphText/FontText_6D2A.font.s Fonts/build/GlyphText/FontText_5356.font.s Fonts/build/GlyphText/FontText_5014.font.s Fonts/build/GlyphText/FontText_91A2.font.s Fonts/build/GlyphItem/FontItem_990D.font.s Fonts/build/GlyphText/FontText_51F0.font.s Fonts/build/GlyphText/FontText_72D0.font.s Fonts/build/GlyphItem/FontItem_8D4F.font.s Fonts/build/GlyphText/FontText_8459.font.s Fonts/build/GlyphItem/FontItem_567C.font.s Fonts/build/GlyphText/FontText_69CB.font.s Fonts/build/GlyphItem/FontItem_5B5B.font.s Fonts/build/GlyphText/FontText_828F.font.s Fonts/build/GlyphText/FontText_971E.font.s Fonts/build/GlyphText/FontText_5FC4.font.s Fonts/build/GlyphItem/FontItem_5992.font.s Fonts/build/GlyphItem/FontItem_7554.font.s Fonts/build/GlyphText/FontText_4E56.font.s Fonts/build/GlyphItem/FontItem_8B58.font.s Fonts/build/GlyphText/FontText_8AEB.font.s Fonts/build/GlyphItem/FontItem_5FBC.font.s Fonts/build/GlyphItem/FontItem_83E1.font.s Fonts/build/GlyphText/FontText_6845.font.s Fonts/build/GlyphText/FontText_5363.font.s Fonts/build/GlyphText/FontText_9553.font.s Fonts/build/GlyphText/FontText_94C9.font.s Fonts/build/GlyphText/FontText_78A3.font.s Fonts/build/GlyphText/FontText_60AB.font.s Fonts/build/GlyphText/FontText_811A.font.s Fonts/build/GlyphText/FontText_9AB7.font.s Fonts/build/GlyphText/FontText_007C.font.s Fonts/build/GlyphItem/FontItem_7284.font.s Fonts/build/GlyphText/FontText_643A.font.s Fonts/build/GlyphText/FontText_007D.font.s Fonts/build/GlyphText/FontText_80B1.font.s Fonts/build/GlyphText/FontText_90D7.font.s Fonts/build/GlyphItem/FontItem_9898.font.s Fonts/build/GlyphText/FontText_61CA.font.s Fonts/build/GlyphItem/FontItem_5B80.font.s Fonts/build/GlyphText/FontText_50EC.font.s Fonts/build/GlyphItem/FontItem_8004.font.s Fonts/build/GlyphItem/FontItem_6B21.font.s Fonts/build/GlyphText/FontText_83B7.font.s Fonts/build/GlyphItem/FontItem_80DE.font.s Fonts/build/GlyphText/FontText_53A9.font.s Fonts/build/GlyphItem/FontItem_8987.font.s Fonts/build/GlyphItem/FontItem_9298.font.s Fonts/build/GlyphItem/FontItem_951B.font.s Fonts/build/GlyphText/FontText_72E1.font.s Fonts/build/GlyphText/FontText_9E5A.font.s Fonts/build/GlyphItem/FontItem_72AD.font.s Fonts/build/GlyphItem/FontItem_5BB8.font.s Fonts/build/GlyphItem/FontItem_7693.font.s Fonts/build/GlyphText/FontText_FF13.font.s Fonts/build/GlyphItem/FontItem_511F.font.s Fonts/build/GlyphItem/FontItem_5654.font.s Fonts/build/GlyphText/FontText_96E9.font.s Fonts/build/GlyphItem/FontItem_695E.font.s Fonts/build/GlyphText/FontText_4E24.font.s Fonts/build/GlyphText/FontText_FF24.font.s Fonts/build/GlyphText/FontText_9881.font.s Fonts/build/GlyphItem/FontItem_8340.font.s Fonts/build/GlyphText/FontText_99B4.font.s Fonts/build/GlyphText/FontText_5371.font.s Fonts/build/GlyphItem/FontItem_5D2D.font.s Fonts/build/GlyphText/FontText_5987.font.s Fonts/build/GlyphText/FontText_6DBC.font.s Fonts/build/GlyphText/FontText_6E0C.font.s Fonts/build/GlyphItem/FontItem_55EA.font.s Fonts/build/GlyphItem/FontItem_5C1A.font.s Fonts/build/GlyphText/FontText_6CB1.font.s Fonts/build/GlyphText/FontText_93E1.font.s Fonts/build/GlyphText/FontText_8027.font.s Fonts/build/GlyphItem/FontItem_572D.font.s Fonts/build/GlyphText/FontText_5DF3.font.s Fonts/build/GlyphText/FontText_7F54.font.s Fonts/build/GlyphText/FontText_869C.font.s Fonts/build/GlyphItem/FontItem_9976.font.s Fonts/build/GlyphText/FontText_81A6.font.s Fonts/build/GlyphItem/FontItem_7EB1.font.s Fonts/build/GlyphItem/FontItem_903E.font.s Fonts/build/GlyphText/FontText_6CF8.font.s Fonts/build/GlyphText/FontText_61A7.font.s Fonts/build/GlyphText/FontText_603B.font.s Fonts/build/GlyphItem/FontItem_90B4.font.s Fonts/build/GlyphItem/FontItem_7948.font.s Fonts/build/GlyphText/FontText_5E61.font.s Fonts/build/GlyphItem/FontItem_9534.font.s Fonts/build/GlyphText/FontText_5220.font.s Fonts/build/GlyphItem/FontItem_304B.font.s Fonts/build/GlyphText/FontText_0076.font.s Fonts/build/GlyphItem/FontItem_7ECD.font.s Fonts/build/GlyphItem/FontItem_7A3B.font.s Fonts/build/GlyphText/FontText_727A.font.s Fonts/build/GlyphText/FontText_8364.font.s Fonts/build/GlyphItem/FontItem_8629.font.s Fonts/build/GlyphText/FontText_552E.font.s Fonts/build/GlyphText/FontText_695D.font.s Fonts/build/GlyphItem/FontItem_89C1.font.s Fonts/build/GlyphItem/FontItem_7A37.font.s Fonts/build/GlyphItem/FontItem_5703.font.s Fonts/build/GlyphItem/FontItem_80C2.font.s Fonts/build/GlyphText/FontText_308F.font.s Fonts/build/GlyphItem/FontItem_592A.font.s Fonts/build/GlyphItem/FontItem_2173.font.s Fonts/build/GlyphText/FontText_73E9.font.s Fonts/build/GlyphText/FontText_6068.font.s Fonts/build/GlyphItem/FontItem_300D.font.s Fonts/build/GlyphItem/FontItem_8D16.font.s Fonts/build/GlyphItem/FontItem_6E2F.font.s Fonts/build/GlyphText/FontText_56FF.font.s Fonts/build/GlyphText/FontText_6784.font.s Fonts/build/GlyphItem/FontItem_68B3.font.s Fonts/build/GlyphText/FontText_0064.font.s Fonts/build/GlyphText/FontText_89AA.font.s Fonts/build/GlyphItem/FontItem_6B38.font.s Fonts/build/GlyphText/FontText_614B.font.s Fonts/build/GlyphText/FontText_9C9A.font.s Fonts/build/GlyphItem/FontItem_9CD6.font.s Fonts/build/GlyphItem/FontItem_5854.font.s Fonts/build/GlyphText/FontText_9986.font.s Fonts/build/GlyphText/FontText_9644.font.s Fonts/build/GlyphItem/FontItem_533E.font.s Fonts/build/GlyphItem/FontItem_836A.font.s Fonts/build/GlyphText/FontText_7169.font.s Fonts/build/GlyphText/FontText_817C.font.s Fonts/build/GlyphText/FontText_8CD3.font.s Fonts/build/GlyphText/FontText_730E.font.s Fonts/build/GlyphText/FontText_7ADC.font.s Fonts/build/GlyphText/FontText_5A9B.font.s Fonts/build/GlyphText/FontText_8CA1.font.s Fonts/build/GlyphItem/FontItem_901A.font.s Fonts/build/GlyphText/FontText_64CE.font.s Fonts/build/GlyphItem/FontItem_7FCC.font.s Fonts/build/GlyphText/FontText_8D4E.font.s Fonts/build/GlyphText/FontText_5428.font.s Fonts/build/GlyphText/FontText_6D1F.font.s Fonts/build/GlyphText/FontText_4EA4.font.s Fonts/build/GlyphText/FontText_65A4.font.s Fonts/build/GlyphItem/FontItem_51CB.font.s Fonts/build/GlyphItem/FontItem_6572.font.s Fonts/build/GlyphItem/FontItem_9554.font.s Fonts/build/GlyphItem/FontItem_8DBC.font.s Fonts/build/GlyphItem/FontItem_6100.font.s Fonts/build/GlyphItem/FontItem_4E19.font.s Fonts/build/GlyphItem/FontItem_5523.font.s Fonts/build/GlyphText/FontText_7C9F.font.s Fonts/build/GlyphText/FontText_7C9B.font.s Fonts/build/GlyphText/FontText_7815.font.s Fonts/build/GlyphText/FontText_82F1.font.s Fonts/build/GlyphText/FontText_9AC5.font.s Fonts/build/GlyphText/FontText_5DFE.font.s Fonts/build/GlyphText/FontText_9AB6.font.s Fonts/build/GlyphItem/FontItem_564E.font.s Fonts/build/GlyphItem/FontItem_71A8.font.s Fonts/build/GlyphItem/FontItem_7130.font.s Fonts/build/GlyphText/FontText_67C3.font.s Fonts/build/GlyphItem/FontItem_5706.font.s Fonts/build/GlyphText/FontText_90ED.font.s Fonts/build/GlyphText/FontText_51B3.font.s Fonts/build/GlyphItem/FontItem_8D63.font.s Fonts/build/GlyphText/FontText_5F3E.font.s Fonts/build/GlyphItem/FontItem_6EDE.font.s Fonts/build/GlyphItem/FontItem_64B5.font.s Fonts/build/GlyphItem/FontItem_3073.font.s Fonts/build/GlyphText/FontText_9495.font.s Fonts/build/GlyphText/FontText_7D75.font.s Fonts/build/GlyphText/FontText_5401.font.s Fonts/build/GlyphText/FontText_51FC.font.s Fonts/build/GlyphItem/FontItem_81E7.font.s Fonts/build/GlyphItem/FontItem_6C35.font.s Fonts/build/GlyphItem/FontItem_692D.font.s Fonts/build/GlyphText/FontText_8A79.font.s Fonts/build/GlyphText/FontText_6A29.font.s Fonts/build/GlyphText/FontText_9654.font.s Fonts/build/GlyphText/FontText_5BA4.font.s Fonts/build/GlyphText/FontText_727F.font.s Fonts/build/GlyphText/FontText_6E6E.font.s Fonts/build/GlyphText/FontText_7DD1.font.s Fonts/build/GlyphItem/FontItem_7A7F.font.s Fonts/build/GlyphItem/FontItem_665F.font.s Fonts/build/GlyphText/FontText_7EC8.font.s Fonts/build/GlyphText/FontText_7CF8.font.s Fonts/build/GlyphItem/FontItem_9A5A.font.s Fonts/build/GlyphItem/FontItem_6D9F.font.s Fonts/build/GlyphItem/FontItem_7678.font.s Fonts/build/GlyphItem/FontItem_62F4.font.s Fonts/build/GlyphText/FontText_9571.font.s Fonts/build/GlyphItem/FontItem_777F.font.s Fonts/build/GlyphItem/FontItem_7A86.font.s Fonts/build/GlyphItem/FontItem_03A9.font.s Fonts/build/GlyphItem/FontItem_964D.font.s Fonts/build/GlyphText/FontText_7548.font.s Fonts/build/GlyphItem/FontItem_005F.font.s Fonts/build/GlyphText/FontText_30EC.font.s Fonts/build/GlyphItem/FontItem_5E45.font.s Fonts/build/GlyphText/FontText_5C6F.font.s Fonts/build/GlyphItem/FontItem_52A9.font.s Fonts/build/GlyphText/FontText_8C00.font.s Fonts/build/GlyphText/FontText_884D.font.s Fonts/build/GlyphText/FontText_9042.font.s Fonts/build/GlyphItem/FontItem_5742.font.s Fonts/build/GlyphText/FontText_5A11.font.s Fonts/build/GlyphText/FontText_6BA1.font.s Fonts/build/GlyphItem/FontItem_0449.font.s Fonts/build/GlyphText/FontText_658C.font.s Fonts/build/GlyphText/FontText_7114.font.s Fonts/build/GlyphText/FontText_9CDF.font.s Fonts/build/GlyphText/FontText_71D5.font.s Fonts/build/GlyphItem/FontItem_6F09.font.s Fonts/build/GlyphText/FontText_3041.font.s Fonts/build/GlyphItem/FontItem_89C4.font.s Fonts/build/GlyphItem/FontItem_72C4.font.s Fonts/build/GlyphItem/FontItem_8BE9.font.s Fonts/build/GlyphText/FontText_4E8D.font.s Fonts/build/GlyphItem/FontItem_54A9.font.s Fonts/build/GlyphText/FontText_72DE.font.s Fonts/build/GlyphText/FontText_9669.font.s Fonts/build/GlyphText/FontText_53B3.font.s Fonts/build/GlyphText/FontText_005F.font.s Fonts/build/GlyphText/FontText_873B.font.s Fonts/build/GlyphItem/FontItem_63ED.font.s Fonts/build/GlyphItem/FontItem_6804.font.s Fonts/build/GlyphText/FontText_74DE.font.s Fonts/build/GlyphItem/FontItem_8572.font.s Fonts/build/GlyphText/FontText_8018.font.s Fonts/build/GlyphText/FontText_6538.font.s Fonts/build/GlyphText/FontText_006B.font.s Fonts/build/GlyphText/FontText_6B23.font.s Fonts/build/GlyphItem/FontItem_8C22.font.s Fonts/build/GlyphItem/FontItem_50A5.font.s Fonts/build/GlyphItem/FontItem_6942.font.s Fonts/build/GlyphItem/FontItem_9E87.font.s Fonts/build/GlyphText/FontText_6E7E.font.s Fonts/build/GlyphItem/FontItem_7E47.font.s Fonts/build/GlyphItem/FontItem_56DF.font.s Fonts/build/GlyphItem/FontItem_55B5.font.s Fonts/build/GlyphItem/FontItem_73CF.font.s Fonts/build/GlyphText/FontText_3069.font.s Fonts/build/GlyphText/FontText_8F97.font.s Fonts/build/GlyphItem/FontItem_7519.font.s Fonts/build/GlyphText/FontText_6E2F.font.s Fonts/build/GlyphText/FontText_5624.font.s Fonts/build/GlyphItem/FontItem_7BA9.font.s Fonts/build/GlyphItem/FontItem_8244.font.s Fonts/build/GlyphText/FontText_5E14.font.s Fonts/build/GlyphItem/FontItem_9157.font.s Fonts/build/GlyphItem/FontItem_30BD.font.s Fonts/build/GlyphText/FontText_6710.font.s Fonts/build/GlyphText/FontText_5C0B.font.s Fonts/build/GlyphText/FontText_5F77.font.s Fonts/build/GlyphItem/FontItem_760A.font.s Fonts/build/GlyphItem/FontItem_65F0.font.s Fonts/build/GlyphText/FontText_8BF1.font.s Fonts/build/GlyphText/FontText_9EE5.font.s Fonts/build/GlyphItem/FontItem_7750.font.s Fonts/build/GlyphItem/FontItem_9561.font.s Fonts/build/GlyphItem/FontItem_9192.font.s Fonts/build/GlyphText/FontText_610F.font.s Fonts/build/GlyphItem/FontItem_54A4.font.s Fonts/build/GlyphItem/FontItem_970F.font.s Fonts/build/GlyphItem/FontItem_043D.font.s Fonts/build/GlyphText/FontText_8017.font.s Fonts/build/GlyphText/FontText_56F1.font.s Fonts/build/GlyphItem/FontItem_6867.font.s Fonts/build/GlyphItem/FontItem_9E39.font.s Fonts/build/GlyphText/FontText_6C1A.font.s Fonts/build/GlyphText/FontText_943E.font.s Fonts/build/GlyphText/FontText_8BFF.font.s Fonts/build/GlyphItem/FontItem_67B8.font.s Fonts/build/GlyphText/FontText_7A3B.font.s Fonts/build/GlyphItem/FontItem_951D.font.s Fonts/build/GlyphItem/FontItem_9C7F.font.s Fonts/build/GlyphText/FontText_5E38.font.s Fonts/build/GlyphText/FontText_8258.font.s Fonts/build/GlyphItem/FontItem_86A8.font.s Fonts/build/GlyphItem/FontItem_8005.font.s Fonts/build/GlyphItem/FontItem_51F8.font.s Fonts/build/GlyphText/FontText_80CC.font.s Fonts/build/GlyphItem/FontItem_0023.font.s Fonts/build/GlyphItem/FontItem_5B83.font.s Fonts/build/GlyphText/FontText_7826.font.s Fonts/build/GlyphText/FontText_83C0.font.s Fonts/build/GlyphText/FontText_6848.font.s Fonts/build/GlyphItem/FontItem_987B.font.s Fonts/build/GlyphText/FontText_8CB0.font.s Fonts/build/GlyphText/FontText_5FD8.font.s Fonts/build/GlyphText/FontText_6DD6.font.s Fonts/build/GlyphItem/FontItem_8AAD.font.s Fonts/build/GlyphItem/FontItem_52AC.font.s Fonts/build/GlyphItem/FontItem_683E.font.s Fonts/build/GlyphText/FontText_53D7.font.s Fonts/build/GlyphText/FontText_6380.font.s Fonts/build/GlyphText/FontText_9880.font.s Fonts/build/GlyphText/FontText_5321.font.s Fonts/build/GlyphText/FontText_5496.font.s Fonts/build/GlyphText/FontText_954A.font.s Fonts/build/GlyphText/FontText_9B2F.font.s Fonts/build/GlyphItem/FontItem_9858.font.s Fonts/build/GlyphText/FontText_6D6A.font.s Fonts/build/GlyphText/FontText_7825.font.s Fonts/build/GlyphItem/FontItem_7F6E.font.s Fonts/build/GlyphItem/FontItem_53C2.font.s Fonts/build/GlyphItem/FontItem_9600.font.s Fonts/build/GlyphText/FontText_5F81.font.s Fonts/build/GlyphText/FontText_82E4.font.s Fonts/build/GlyphItem/FontItem_9A9B.font.s Fonts/build/GlyphText/FontText_6123.font.s Fonts/build/GlyphText/FontText_5E11.font.s Fonts/build/GlyphItem/FontItem_6005.font.s Fonts/build/GlyphItem/FontItem_9271.font.s Fonts/build/GlyphText/FontText_606A.font.s Fonts/build/GlyphItem/FontItem_5450.font.s Fonts/build/GlyphText/FontText_94C4.font.s Fonts/build/GlyphItem/FontItem_79B3.font.s Fonts/build/GlyphText/FontText_76B1.font.s Fonts/build/GlyphText/FontText_996E.font.s Fonts/build/GlyphText/FontText_7322.font.s Fonts/build/GlyphText/FontText_78C9.font.s Fonts/build/GlyphText/FontText_8E1D.font.s Fonts/build/GlyphText/FontText_64E2.font.s Fonts/build/GlyphText/FontText_6ECF.font.s Fonts/build/GlyphItem/FontItem_7579.font.s Fonts/build/GlyphItem/FontItem_8054.font.s Fonts/build/GlyphText/FontText_541B.font.s Fonts/build/GlyphText/FontText_6D01.font.s Fonts/build/GlyphItem/FontItem_6483.font.s Fonts/build/GlyphItem/FontItem_629A.font.s Fonts/build/GlyphText/FontText_4EC5.font.s Fonts/build/GlyphText/FontText_788C.font.s Fonts/build/GlyphItem/FontItem_817D.font.s Fonts/build/GlyphItem/FontItem_6B87.font.s Fonts/build/GlyphItem/FontItem_2510.font.s Fonts/build/GlyphText/FontText_2468.font.s Fonts/build/GlyphItem/FontItem_70C8.font.s Fonts/build/GlyphItem/FontItem_30BA.font.s Fonts/build/GlyphItem/FontItem_8E3A.font.s Fonts/build/GlyphItem/FontItem_754E.font.s Fonts/build/GlyphItem/FontItem_4E66.font.s Fonts/build/GlyphText/FontText_9694.font.s Fonts/build/GlyphText/FontText_9082.font.s Fonts/build/GlyphText/FontText_9769.font.s Fonts/build/GlyphText/FontText_62E2.font.s Fonts/build/GlyphItem/FontItem_7384.font.s Fonts/build/GlyphText/FontText_85CF.font.s Fonts/build/GlyphItem/FontItem_91AF.font.s Fonts/build/GlyphText/FontText_6CD5.font.s Fonts/build/GlyphText/FontText_5261.font.s Fonts/build/GlyphItem/FontItem_8FD0.font.s Fonts/build/GlyphText/FontText_30F2.font.s Fonts/build/GlyphText/FontText_6076.font.s Fonts/build/GlyphText/FontText_8902.font.s Fonts/build/GlyphText/FontText_976D.font.s Fonts/build/GlyphText/FontText_6C9F.font.s Fonts/build/GlyphItem/FontItem_8446.font.s Fonts/build/GlyphItem/FontItem_9CE2.font.s Fonts/build/GlyphItem/FontItem_9704.font.s Fonts/build/GlyphItem/FontItem_5FF8.font.s Fonts/build/GlyphText/FontText_8A00.font.s Fonts/build/GlyphItem/FontItem_7F9F.font.s Fonts/build/GlyphText/FontText_6296.font.s Fonts/build/GlyphItem/FontItem_7237.font.s Fonts/build/GlyphText/FontText_88D4.font.s Fonts/build/GlyphItem/FontItem_936A.font.s Fonts/build/GlyphItem/FontItem_51A5.font.s Fonts/build/GlyphText/FontText_9524.font.s Fonts/build/GlyphItem/FontItem_8299.font.s Fonts/build/GlyphText/FontText_6217.font.s Fonts/build/GlyphItem/FontItem_841D.font.s Fonts/build/GlyphText/FontText_853D.font.s Fonts/build/GlyphText/FontText_55EC.font.s Fonts/build/GlyphText/FontText_8BBF.font.s Fonts/build/GlyphItem/FontItem_66F9.font.s Fonts/build/GlyphText/FontText_4EA6.font.s Fonts/build/GlyphText/FontText_7823.font.s Fonts/build/GlyphItem/FontItem_8910.font.s Fonts/build/GlyphText/FontText_7570.font.s Fonts/build/GlyphText/FontText_98DF.font.s Fonts/build/GlyphText/FontText_6CD3.font.s Fonts/build/GlyphItem/FontItem_6309.font.s Fonts/build/GlyphItem/FontItem_7F15.font.s Fonts/build/GlyphText/FontText_6C49.font.s Fonts/build/GlyphItem/FontItem_6BBF.font.s Fonts/build/GlyphText/FontText_9674.font.s Fonts/build/GlyphItem/FontItem_6B9A.font.s Fonts/build/GlyphItem/FontItem_56ED.font.s Fonts/build/GlyphItem/FontItem_5320.font.s Fonts/build/GlyphItem/FontItem_7C3F.font.s Fonts/build/GlyphText/FontText_0053.font.s Fonts/build/GlyphText/FontText_5F71.font.s Fonts/build/GlyphItem/FontItem_558A.font.s Fonts/build/GlyphItem/FontItem_53F9.font.s Fonts/build/GlyphItem/FontItem_5FB7.font.s Fonts/build/GlyphText/FontText_585E.font.s Fonts/build/GlyphItem/FontItem_8729.font.s Fonts/build/GlyphItem/FontItem_6C8C.font.s Fonts/build/GlyphText/FontText_8E2E.font.s Fonts/build/GlyphText/FontText_5C01.font.s Fonts/build/GlyphItem/FontItem_729F.font.s Fonts/build/GlyphText/FontText_53F1.font.s Fonts/build/GlyphItem/FontItem_74BA.font.s Fonts/build/GlyphItem/FontItem_6495.font.s Fonts/build/GlyphItem/FontItem_9634.font.s Fonts/build/GlyphItem/FontItem_9A8C.font.s Fonts/build/GlyphItem/FontItem_8C03.font.s Fonts/build/GlyphText/FontText_7EFC.font.s Fonts/build/GlyphText/FontText_54CE.font.s Fonts/build/GlyphItem/FontItem_5DF2.font.s Fonts/build/GlyphText/FontText_5C91.font.s Fonts/build/GlyphItem/FontItem_788E.font.s Fonts/build/GlyphItem/FontItem_5B6A.font.s Fonts/build/GlyphItem/FontItem_6A84.font.s Fonts/build/GlyphText/FontText_8BB7.font.s Fonts/build/GlyphItem/FontItem_8052.font.s Fonts/build/GlyphText/FontText_9727.font.s Fonts/build/GlyphItem/FontItem_84BF.font.s Fonts/build/GlyphItem/FontItem_555C.font.s Fonts/build/GlyphItem/FontItem_4FAE.font.s Fonts/build/GlyphItem/FontItem_84AF.font.s Fonts/build/GlyphItem/FontItem_305E.font.s Fonts/build/GlyphText/FontText_765E.font.s Fonts/build/GlyphItem/FontItem_8D8A.font.s Fonts/build/GlyphItem/FontItem_8721.font.s Fonts/build/GlyphItem/FontItem_5792.font.s Fonts/build/GlyphItem/FontItem_87E5.font.s Fonts/build/GlyphText/FontText_9534.font.s Fonts/build/GlyphText/FontText_8DCB.font.s Fonts/build/GlyphItem/FontItem_540E.font.s Fonts/build/GlyphText/FontText_85FB.font.s Fonts/build/GlyphText/FontText_9E69.font.s Fonts/build/GlyphItem/FontItem_593C.font.s Fonts/build/GlyphText/FontText_7845.font.s Fonts/build/GlyphItem/FontItem_5EB3.font.s Fonts/build/GlyphItem/FontItem_7F38.font.s Fonts/build/GlyphText/FontText_76D0.font.s Fonts/build/GlyphText/FontText_4E5D.font.s Fonts/build/GlyphText/FontText_535E.font.s Fonts/build/GlyphItem/FontItem_5065.font.s Fonts/build/GlyphText/FontText_6939.font.s Fonts/build/GlyphText/FontText_573B.font.s Fonts/build/GlyphText/FontText_6F20.font.s Fonts/build/GlyphText/FontText_4E08.font.s Fonts/build/GlyphItem/FontItem_7EE2.font.s Fonts/build/GlyphItem/FontItem_868C.font.s Fonts/build/GlyphItem/FontItem_914C.font.s Fonts/build/GlyphItem/FontItem_5E86.font.s Fonts/build/GlyphText/FontText_6C7D.font.s Fonts/build/GlyphItem/FontItem_688F.font.s Fonts/build/GlyphItem/FontItem_8C32.font.s Fonts/build/GlyphItem/FontItem_874C.font.s Fonts/build/GlyphText/FontText_6C50.font.s Fonts/build/GlyphItem/FontItem_78B3.font.s Fonts/build/GlyphItem/FontItem_9B44.font.s Fonts/build/GlyphItem/FontItem_8718.font.s Fonts/build/GlyphText/FontText_8D84.font.s Fonts/build/GlyphItem/FontItem_6EBB.font.s Fonts/build/GlyphText/FontText_4F5C.font.s Fonts/build/GlyphItem/FontItem_662D.font.s Fonts/build/GlyphItem/FontItem_7CE8.font.s Fonts/build/GlyphItem/FontItem_5D3D.font.s Fonts/build/GlyphItem/FontItem_3045.font.s Fonts/build/GlyphText/FontText_873F.font.s Fonts/build/GlyphItem/FontItem_30E0.font.s Fonts/build/GlyphItem/FontItem_64B7.font.s Fonts/build/GlyphItem/FontItem_8001.font.s Fonts/build/GlyphText/FontText_5EDB.font.s Fonts/build/GlyphItem/FontItem_91BA.font.s Fonts/build/GlyphText/FontText_6CA9.font.s Fonts/build/GlyphText/FontText_5A29.font.s Fonts/build/GlyphText/FontText_752D.font.s Fonts/build/GlyphText/FontText_641B.font.s Fonts/build/GlyphItem/FontItem_54D3.font.s Fonts/build/GlyphText/FontText_94C0.font.s Fonts/build/GlyphItem/FontItem_911E.font.s Fonts/build/GlyphText/FontText_5A05.font.s Fonts/build/GlyphText/FontText_9992.font.s Fonts/build/GlyphText/FontText_8473.font.s Fonts/build/GlyphText/FontText_6F6D.font.s Fonts/build/GlyphText/FontText_7511.font.s Fonts/build/GlyphText/FontText_8133.font.s Fonts/build/GlyphText/FontText_5538.font.s Fonts/build/GlyphText/FontText_5B95.font.s Fonts/build/GlyphItem/FontItem_83A0.font.s Fonts/build/GlyphItem/FontItem_8707.font.s Fonts/build/GlyphItem/FontItem_54B3.font.s Fonts/build/GlyphItem/FontItem_4E98.font.s Fonts/build/GlyphItem/FontItem_70D9.font.s Fonts/build/GlyphItem/FontItem_9E55.font.s Fonts/build/GlyphText/FontText_8FBE.font.s Fonts/build/GlyphText/FontText_8A5B.font.s Fonts/build/GlyphItem/FontItem_86B4.font.s Fonts/build/GlyphText/FontText_7E9B.font.s Fonts/build/GlyphItem/FontItem_968E.font.s Fonts/build/GlyphText/FontText_75AF.font.s Fonts/build/GlyphItem/FontItem_7260.font.s Fonts/build/GlyphText/FontText_74F6.font.s Fonts/build/GlyphItem/FontItem_8351.font.s Fonts/build/GlyphText/FontText_94A6.font.s Fonts/build/GlyphItem/FontItem_7CD7.font.s Fonts/build/GlyphText/FontText_9CE5.font.s Fonts/build/GlyphItem/FontItem_872E.font.s Fonts/build/GlyphItem/FontItem_8DE4.font.s Fonts/build/GlyphText/FontText_7765.font.s Fonts/build/GlyphItem/FontItem_604D.font.s Fonts/build/GlyphText/FontText_5165.font.s Fonts/build/GlyphItem/FontItem_9674.font.s Fonts/build/GlyphText/FontText_7D1B.font.s Fonts/build/GlyphItem/FontItem_8A31.font.s Fonts/build/GlyphItem/FontItem_6C88.font.s Fonts/build/GlyphItem/FontItem_8A33.font.s Fonts/build/GlyphText/FontText_5A5A.font.s Fonts/build/GlyphItem/FontItem_6E54.font.s Fonts/build/GlyphItem/FontItem_903B.font.s Fonts/build/GlyphText/FontText_60EE.font.s Fonts/build/GlyphItem/FontItem_837C.font.s Fonts/build/GlyphText/FontText_748B.font.s Fonts/build/GlyphText/FontText_8729.font.s Fonts/build/GlyphText/FontText_63BA.font.s Fonts/build/GlyphItem/FontItem_9686.font.s Fonts/build/GlyphItem/FontItem_7329.font.s Fonts/build/GlyphText/FontText_6E26.font.s Fonts/build/GlyphText/FontText_94A1.font.s Fonts/build/GlyphText/FontText_98A4.font.s Fonts/build/GlyphItem/FontItem_6E14.font.s Fonts/build/GlyphText/FontText_559C.font.s Fonts/build/GlyphText/FontText_5247.font.s Fonts/build/GlyphText/FontText_9161.font.s Fonts/build/GlyphItem/FontItem_8638.font.s Fonts/build/GlyphText/FontText_5B16.font.s Fonts/build/GlyphText/FontText_6866.font.s Fonts/build/GlyphItem/FontItem_7455.font.s Fonts/build/GlyphItem/FontItem_5993.font.s Fonts/build/GlyphText/FontText_7633.font.s Fonts/build/GlyphItem/FontItem_9F10.font.s Fonts/build/GlyphText/FontText_8C55.font.s Fonts/build/GlyphText/FontText_5088.font.s Fonts/build/GlyphItem/FontItem_5CB8.font.s Fonts/build/GlyphItem/FontItem_66D9.font.s Fonts/build/GlyphItem/FontItem_9093.font.s Fonts/build/GlyphItem/FontItem_8862.font.s Fonts/build/GlyphText/FontText_9645.font.s Fonts/build/GlyphText/FontText_501C.font.s Fonts/build/GlyphItem/FontItem_9A87.font.s Fonts/build/GlyphText/FontText_7E54.font.s Fonts/build/GlyphItem/FontItem_80C3.font.s Fonts/build/GlyphText/FontText_8E2A.font.s Fonts/build/GlyphItem/FontItem_56F4.font.s Fonts/build/GlyphItem/FontItem_9558.font.s Fonts/build/GlyphText/FontText_6CFD.font.s Fonts/build/GlyphItem/FontItem_84B8.font.s Fonts/build/GlyphText/FontText_900D.font.s Fonts/build/GlyphItem/FontItem_5473.font.s Fonts/build/GlyphText/FontText_6052.font.s Fonts/build/GlyphItem/FontItem_518D.font.s Fonts/build/GlyphItem/FontItem_71EE.font.s Fonts/build/GlyphItem/FontItem_6854.font.s Fonts/build/GlyphItem/FontItem_65A7.font.s Fonts/build/GlyphText/FontText_305B.font.s Fonts/build/GlyphItem/FontItem_0021.font.s Fonts/build/GlyphText/FontText_950E.font.s Fonts/build/GlyphText/FontText_8BC1.font.s Fonts/build/GlyphText/FontText_80F8.font.s Fonts/build/GlyphText/FontText_917D.font.s Fonts/build/GlyphItem/FontItem_7E41.font.s Fonts/build/GlyphText/FontText_5A62.font.s Fonts/build/GlyphItem/FontItem_5BE5.font.s Fonts/build/GlyphText/FontText_763E.font.s Fonts/build/GlyphText/FontText_70AE.font.s Fonts/build/GlyphItem/FontItem_526F.font.s Fonts/build/GlyphItem/FontItem_63C6.font.s Fonts/build/GlyphText/FontText_79BD.font.s Fonts/build/GlyphItem/FontItem_6EE1.font.s Fonts/build/GlyphItem/FontItem_5E11.font.s Fonts/build/GlyphText/FontText_6225.font.s Fonts/build/GlyphItem/FontItem_3061.font.s Fonts/build/GlyphItem/FontItem_5662.font.s Fonts/build/GlyphItem/FontItem_83B8.font.s Fonts/build/GlyphText/FontText_7FDF.font.s Fonts/build/GlyphText/FontText_00E7.font.s Fonts/build/GlyphItem/FontItem_52A2.font.s Fonts/build/GlyphItem/FontItem_8303.font.s Fonts/build/GlyphText/FontText_5865.font.s Fonts/build/GlyphItem/FontItem_86D1.font.s Fonts/build/GlyphItem/FontItem_828B.font.s Fonts/build/GlyphText/FontText_81C2.font.s Fonts/build/GlyphItem/FontItem_515C.font.s Fonts/build/GlyphItem/FontItem_5C06.font.s Fonts/build/GlyphItem/FontItem_57CF.font.s Fonts/build/GlyphText/FontText_5DEF.font.s Fonts/build/GlyphText/FontText_30B2.font.s Fonts/build/GlyphText/FontText_6311.font.s Fonts/build/GlyphText/FontText_8F79.font.s Fonts/build/GlyphText/FontText_8813.font.s Fonts/build/GlyphItem/FontItem_9A6D.font.s Fonts/build/GlyphText/FontText_725B.font.s Fonts/build/GlyphText/FontText_9752.font.s Fonts/build/GlyphItem/FontItem_0051.font.s Fonts/build/GlyphItem/FontItem_5B8C.font.s Fonts/build/GlyphItem/FontItem_9042.font.s Fonts/build/GlyphText/FontText_5145.font.s Fonts/build/GlyphText/FontText_55F2.font.s Fonts/build/GlyphText/FontText_575F.font.s Fonts/build/GlyphItem/FontItem_5EF4.font.s Fonts/build/GlyphText/FontText_8DB5.font.s Fonts/build/GlyphText/FontText_4EBB.font.s Fonts/build/GlyphItem/FontItem_7E3B.font.s Fonts/build/GlyphText/FontText_7EB7.font.s Fonts/build/GlyphItem/FontItem_519C.font.s Fonts/build/GlyphText/FontText_821C.font.s Fonts/build/GlyphText/FontText_666F.font.s Fonts/build/GlyphText/FontText_59E8.font.s Fonts/build/GlyphItem/FontItem_7A0B.font.s Fonts/build/GlyphText/FontText_9E32.font.s Fonts/build/GlyphText/FontText_6CBB.font.s Fonts/build/GlyphText/FontText_305F.font.s Fonts/build/GlyphItem/FontItem_9605.font.s Fonts/build/GlyphItem/FontItem_5FFF.font.s Fonts/build/GlyphText/FontText_30B1.font.s Fonts/build/GlyphItem/FontItem_84A1.font.s Fonts/build/GlyphText/FontText_8731.font.s Fonts/build/GlyphItem/FontItem_98FE.font.s Fonts/build/GlyphItem/FontItem_7530.font.s Fonts/build/GlyphItem/FontItem_6E2D.font.s Fonts/build/GlyphItem/FontItem_5686.font.s Fonts/build/GlyphText/FontText_7116.font.s Fonts/build/GlyphItem/FontItem_7941.font.s Fonts/build/GlyphItem/FontItem_64D7.font.s Fonts/build/GlyphItem/FontItem_96F7.font.s Fonts/build/GlyphItem/FontItem_5B95.font.s Fonts/build/GlyphText/FontText_8292.font.s Fonts/build/GlyphItem/FontItem_76A4.font.s Fonts/build/GlyphItem/FontItem_5207.font.s Fonts/build/GlyphItem/FontItem_998F.font.s Fonts/build/GlyphText/FontText_8BB8.font.s Fonts/build/GlyphText/FontText_30C5.font.s Fonts/build/GlyphItem/FontItem_9C9E.font.s Fonts/build/GlyphItem/FontItem_568F.font.s Fonts/build/GlyphItem/FontItem_5907.font.s Fonts/build/GlyphText/FontText_624E.font.s Fonts/build/GlyphText/FontText_765C.font.s Fonts/build/GlyphItem/FontItem_538B.font.s Fonts/build/GlyphText/FontText_5143.font.s Fonts/build/GlyphText/FontText_9B48.font.s Fonts/build/GlyphItem/FontItem_5F8A.font.s Fonts/build/GlyphText/FontText_81BA.font.s Fonts/build/GlyphItem/FontItem_9685.font.s Fonts/build/GlyphText/FontText_55F5.font.s Fonts/build/GlyphItem/FontItem_54AC.font.s Fonts/build/GlyphText/FontText_6064.font.s Fonts/build/GlyphText/FontText_901A.font.s Fonts/build/GlyphText/FontText_4E91.font.s Fonts/build/GlyphItem/FontItem_677E.font.s Fonts/build/GlyphText/FontText_5587.font.s Fonts/build/GlyphText/FontText_8D54.font.s Fonts/build/GlyphText/FontText_7CCD.font.s Fonts/build/GlyphText/FontText_5983.font.s Fonts/build/GlyphText/FontText_56F9.font.s Fonts/build/GlyphItem/FontItem_6067.font.s Fonts/build/GlyphText/FontText_822B.font.s Fonts/build/GlyphText/FontText_50AD.font.s Fonts/build/GlyphItem/FontItem_8E1F.font.s Fonts/build/GlyphText/FontText_84AF.font.s Fonts/build/GlyphText/FontText_6EB1.font.s Fonts/build/GlyphText/FontText_597D.font.s Fonts/build/GlyphItem/FontItem_4E2C.font.s Fonts/build/GlyphItem/FontItem_7EF7.font.s Fonts/build/GlyphText/FontText_5CB5.font.s Fonts/build/GlyphItem/FontItem_30C3.font.s Fonts/build/GlyphItem/FontItem_6F47.font.s Fonts/build/GlyphText/FontText_7F68.font.s Fonts/build/GlyphItem/FontItem_6BB4.font.s Fonts/build/GlyphText/FontText_5E27.font.s Fonts/build/GlyphItem/FontItem_6CFA.font.s Fonts/build/GlyphItem/FontItem_4E01.font.s Fonts/build/GlyphText/FontText_888B.font.s Fonts/build/GlyphText/FontText_6817.font.s Fonts/build/GlyphText/FontText_815A.font.s Fonts/build/GlyphText/FontText_6328.font.s Fonts/build/GlyphItem/FontItem_4EC3.font.s Fonts/build/GlyphText/FontText_30EF.font.s Fonts/build/GlyphText/FontText_83D3.font.s Fonts/build/GlyphText/FontText_95F9.font.s Fonts/build/GlyphItem/FontItem_8A55.font.s Fonts/build/GlyphItem/FontItem_6E5F.font.s Fonts/build/GlyphItem/FontItem_663C.font.s Fonts/build/GlyphItem/FontItem_66F3.font.s Fonts/build/GlyphItem/FontItem_9050.font.s Fonts/build/GlyphText/FontText_FF01.font.s Fonts/build/GlyphText/FontText_4FAF.font.s Fonts/build/GlyphText/FontText_00ED.font.s Fonts/build/GlyphText/FontText_6708.font.s Fonts/build/GlyphItem/FontItem_95EB.font.s Fonts/build/GlyphText/FontText_795D.font.s Fonts/build/GlyphItem/FontItem_6B24.font.s Fonts/build/GlyphText/FontText_6D07.font.s Fonts/build/GlyphText/FontText_0436.font.s Fonts/build/GlyphItem/FontItem_6211.font.s Fonts/build/GlyphText/FontText_688F.font.s Fonts/build/GlyphText/FontText_5BAE.font.s Fonts/build/GlyphText/FontText_822F.font.s Fonts/build/GlyphText/FontText_8309.font.s Fonts/build/GlyphText/FontText_6405.font.s Fonts/build/GlyphText/FontText_83F2.font.s Fonts/build/GlyphItem/FontItem_62F1.font.s Fonts/build/GlyphItem/FontItem_8BD4.font.s Fonts/build/GlyphText/FontText_3042.font.s Fonts/build/GlyphText/FontText_6371.font.s Fonts/build/GlyphItem/FontItem_97AF.font.s Fonts/build/GlyphItem/FontItem_8ACD.font.s Fonts/build/GlyphText/FontText_5367.font.s Fonts/build/GlyphText/FontText_832C.font.s Fonts/build/GlyphItem/FontItem_680F.font.s Fonts/build/GlyphItem/FontItem_6709.font.s Fonts/build/GlyphText/FontText_85CD.font.s Fonts/build/GlyphText/FontText_80C0.font.s Fonts/build/GlyphItem/FontItem_3093.font.s Fonts/build/GlyphText/FontText_6478.font.s Fonts/build/GlyphText/FontText_660A.font.s Fonts/build/GlyphItem/FontItem_5C0F.font.s Fonts/build/GlyphItem/FontItem_626D.font.s Fonts/build/GlyphItem/FontItem_7EA8.font.s Fonts/build/GlyphItem/FontItem_8FBA.font.s Fonts/build/GlyphText/FontText_5BBD.font.s Fonts/build/GlyphText/FontText_8854.font.s Fonts/build/GlyphText/FontText_6F2A.font.s Fonts/build/GlyphItem/FontItem_5582.font.s Fonts/build/GlyphText/FontText_9AEF.font.s Fonts/build/GlyphText/FontText_9A0E.font.s Fonts/build/GlyphItem/FontItem_916F.font.s Fonts/build/GlyphItem/FontItem_9F8B.font.s Fonts/build/GlyphText/FontText_7981.font.s Fonts/build/GlyphText/FontText_6C85.font.s Fonts/build/GlyphItem/FontItem_6866.font.s Fonts/build/GlyphItem/FontItem_8BD2.font.s Fonts/build/GlyphText/FontText_6B24.font.s Fonts/build/GlyphText/FontText_6F09.font.s Fonts/build/GlyphText/FontText_96CE.font.s Fonts/build/GlyphText/FontText_59D7.font.s Fonts/build/GlyphText/FontText_8C20.font.s Fonts/build/GlyphItem/FontItem_53AE.font.s Fonts/build/GlyphItem/FontItem_563B.font.s Fonts/build/GlyphItem/FontItem_53B3.font.s Fonts/build/GlyphText/FontText_88F4.font.s Fonts/build/GlyphText/FontText_566C.font.s Fonts/build/GlyphText/FontText_73B2.font.s Fonts/build/GlyphText/FontText_5FE1.font.s Fonts/build/GlyphText/FontText_5CD9.font.s Fonts/build/GlyphItem/FontItem_3087.font.s Fonts/build/GlyphText/FontText_822C.font.s Fonts/build/GlyphText/FontText_7B75.font.s Fonts/build/GlyphItem/FontItem_961C.font.s Fonts/build/GlyphItem/FontItem_85D3.font.s Fonts/build/GlyphItem/FontItem_984D.font.s Fonts/build/GlyphText/FontText_3000.font.s Fonts/build/GlyphText/FontText_82E6.font.s Fonts/build/GlyphText/FontText_62C5.font.s Fonts/build/GlyphItem/FontItem_6B37.font.s Fonts/build/GlyphText/FontText_6C19.font.s Fonts/build/GlyphItem/FontItem_90FD.font.s Fonts/build/GlyphItem/FontItem_90B6.font.s Fonts/build/GlyphText/FontText_8F29.font.s Fonts/build/GlyphItem/FontItem_FF47.font.s Fonts/build/GlyphText/FontText_916F.font.s Fonts/build/GlyphItem/FontItem_540C.font.s Fonts/build/GlyphItem/FontItem_678B.font.s Fonts/build/GlyphItem/FontItem_7984.font.s Fonts/build/GlyphItem/FontItem_9601.font.s Fonts/build/GlyphItem/FontItem_4F11.font.s Fonts/build/GlyphItem/FontItem_80FD.font.s Fonts/build/GlyphItem/FontItem_9645.font.s Fonts/build/GlyphText/FontText_82F9.font.s Fonts/build/GlyphItem/FontItem_8FD8.font.s Fonts/build/GlyphItem/FontItem_72C3.font.s Fonts/build/GlyphText/FontText_6998.font.s Fonts/build/GlyphText/FontText_5AE9.font.s Fonts/build/GlyphText/FontText_9647.font.s Fonts/build/GlyphText/FontText_9984.font.s Fonts/build/GlyphText/FontText_892B.font.s Fonts/build/GlyphText/FontText_6ED3.font.s Fonts/build/GlyphText/FontText_9EE7.font.s Fonts/build/GlyphItem/FontItem_8086.font.s Fonts/build/GlyphItem/FontItem_72C8.font.s Fonts/build/GlyphText/FontText_5FA9.font.s Fonts/build/GlyphItem/FontItem_65CF.font.s Fonts/build/GlyphItem/FontItem_80B2.font.s Fonts/build/GlyphText/FontText_55A7.font.s Fonts/build/GlyphText/FontText_96E3.font.s Fonts/build/GlyphText/FontText_95EA.font.s Fonts/build/GlyphItem/FontItem_807F.font.s Fonts/build/GlyphItem/FontItem_805E.font.s Fonts/build/GlyphItem/FontItem_792B.font.s Fonts/build/GlyphText/FontText_6063.font.s Fonts/build/GlyphText/FontText_9F22.font.s Fonts/build/GlyphItem/FontItem_9ABC.font.s Fonts/build/GlyphText/FontText_7F62.font.s Fonts/build/GlyphItem/FontItem_8080.font.s Fonts/build/GlyphText/FontText_7701.font.s Fonts/build/GlyphItem/FontItem_6B8B.font.s Fonts/build/GlyphText/FontText_8D59.font.s Fonts/build/GlyphText/FontText_5315.font.s Fonts/build/GlyphItem/FontItem_8C8C.font.s Fonts/build/GlyphItem/FontItem_5420.font.s Fonts/build/GlyphItem/FontItem_51B2.font.s Fonts/build/GlyphText/FontText_9C95.font.s Fonts/build/GlyphItem/FontItem_75BC.font.s Fonts/build/GlyphText/FontText_7FE1.font.s Fonts/build/GlyphText/FontText_86F8.font.s Fonts/build/GlyphItem/FontItem_7566.font.s Fonts/build/GlyphText/FontText_8F95.font.s Fonts/build/GlyphItem/FontItem_6C55.font.s Fonts/build/GlyphItem/FontItem_25EF.font.s Fonts/build/GlyphText/FontText_71A8.font.s Fonts/build/GlyphText/FontText_8B90.font.s Fonts/build/GlyphItem/FontItem_00D1.font.s Fonts/build/GlyphText/FontText_8200.font.s Fonts/build/GlyphItem/FontItem_7248.font.s Fonts/build/GlyphItem/FontItem_004B.font.s Fonts/build/GlyphText/FontText_602F.font.s Fonts/build/GlyphText/FontText_6734.font.s Fonts/build/GlyphText/FontText_9ED9.font.s Fonts/build/GlyphText/FontText_985E.font.s Fonts/build/GlyphItem/FontItem_94DC.font.s Fonts/build/GlyphText/FontText_7F74.font.s Fonts/build/GlyphText/FontText_916E.font.s Fonts/build/GlyphItem/FontItem_76EF.font.s Fonts/build/GlyphText/FontText_9ABC.font.s Fonts/build/GlyphText/FontText_4EF2.font.s Fonts/build/GlyphItem/FontItem_9615.font.s Fonts/build/GlyphText/FontText_523B.font.s Fonts/build/GlyphItem/FontItem_7BA8.font.s Fonts/build/GlyphItem/FontItem_620B.font.s Fonts/build/GlyphItem/FontItem_006A.font.s Fonts/build/GlyphItem/FontItem_72AC.font.s Fonts/build/GlyphText/FontText_7817.font.s Fonts/build/GlyphItem/FontItem_552F.font.s Fonts/build/GlyphText/FontText_85C1.font.s Fonts/build/GlyphItem/FontItem_8749.font.s Fonts/build/GlyphItem/FontItem_7A3F.font.s Fonts/build/GlyphItem/FontItem_97EC.font.s Fonts/build/GlyphText/FontText_63EE.font.s Fonts/build/GlyphItem/FontItem_6A47.font.s Fonts/build/GlyphItem/FontItem_8159.font.s Fonts/build/GlyphItem/FontItem_6AC2.font.s Fonts/build/GlyphText/FontText_7FB9.font.s Fonts/build/GlyphItem/FontItem_6EB4.font.s Fonts/build/GlyphText/FontText_640F.font.s Fonts/build/GlyphItem/FontItem_8131.font.s Fonts/build/GlyphItem/FontItem_840F.font.s Fonts/build/GlyphItem/FontItem_5F55.font.s Fonts/build/GlyphText/FontText_6753.font.s Fonts/build/GlyphItem/FontItem_963F.font.s Fonts/build/GlyphText/FontText_950D.font.s Fonts/build/GlyphItem/FontItem_7B5D.font.s Fonts/build/GlyphItem/FontItem_5889.font.s Fonts/build/GlyphItem/FontItem_6F72.font.s Fonts/build/GlyphItem/FontItem_7FD4.font.s Fonts/build/GlyphText/FontText_5CB1.font.s Fonts/build/GlyphText/FontText_FF2A.font.s Fonts/build/GlyphItem/FontItem_58CA.font.s Fonts/build/GlyphItem/FontItem_68F5.font.s Fonts/build/GlyphItem/FontItem_77FD.font.s Fonts/build/GlyphText/FontText_5E84.font.s Fonts/build/GlyphItem/FontItem_94D0.font.s Fonts/build/GlyphText/FontText_94E7.font.s Fonts/build/GlyphItem/FontItem_7684.font.s Fonts/build/GlyphText/FontText_8E87.font.s Fonts/build/GlyphItem/FontItem_7548.font.s Fonts/build/GlyphItem/FontItem_848E.font.s Fonts/build/GlyphItem/FontItem_6910.font.s Fonts/build/GlyphText/FontText_5C04.font.s Fonts/build/GlyphText/FontText_9884.font.s Fonts/build/GlyphText/FontText_4EC3.font.s Fonts/build/GlyphText/FontText_8489.font.s Fonts/build/GlyphItem/FontItem_7387.font.s Fonts/build/GlyphItem/FontItem_5E90.font.s Fonts/build/GlyphText/FontText_9041.font.s Fonts/build/GlyphText/FontText_98FC.font.s Fonts/build/GlyphItem/FontItem_9004.font.s Fonts/build/GlyphItem/FontItem_9162.font.s Fonts/build/GlyphText/FontText_5EC3.font.s Fonts/build/GlyphText/FontText_691C.font.s Fonts/build/GlyphText/FontText_8FED.font.s Fonts/build/GlyphItem/FontItem_5385.font.s Fonts/build/GlyphItem/FontItem_745A.font.s Fonts/build/GlyphText/FontText_960B.font.s Fonts/build/GlyphText/FontText_65F7.font.s Fonts/build/GlyphText/FontText_5F85.font.s Fonts/build/GlyphItem/FontItem_8725.font.s Fonts/build/GlyphItem/FontItem_6734.font.s Fonts/build/GlyphItem/FontItem_53E8.font.s Fonts/build/GlyphText/FontText_7CC7.font.s Fonts/build/GlyphItem/FontItem_6E10.font.s Fonts/build/GlyphText/FontText_4F91.font.s Fonts/build/GlyphItem/FontItem_0065.font.s Fonts/build/GlyphItem/FontItem_7F57.font.s Fonts/build/GlyphItem/FontItem_98A1.font.s Fonts/build/GlyphText/FontText_5773.font.s Fonts/build/GlyphText/FontText_829C.font.s Fonts/build/GlyphText/FontText_96C6.font.s Fonts/build/GlyphItem/FontItem_7738.font.s Fonts/build/GlyphItem/FontItem_7A9F.font.s Fonts/build/GlyphText/FontText_928E.font.s Fonts/build/GlyphText/FontText_964D.font.s Fonts/build/GlyphItem/FontItem_76F8.font.s Fonts/build/GlyphText/FontText_6EB6.font.s Fonts/build/GlyphItem/FontItem_7239.font.s Fonts/build/GlyphText/FontText_5D5D.font.s Fonts/build/GlyphText/FontText_8C89.font.s Fonts/build/GlyphText/FontText_5BC4.font.s Fonts/build/GlyphItem/FontItem_7533.font.s Fonts/build/GlyphItem/FontItem_6E25.font.s Fonts/build/GlyphText/FontText_7837.font.s Fonts/build/GlyphItem/FontItem_9CCB.font.s Fonts/build/GlyphItem/FontItem_30DC.font.s Fonts/build/GlyphText/FontText_6332.font.s Fonts/build/GlyphItem/FontItem_62D3.font.s Fonts/build/GlyphItem/FontItem_6CDE.font.s Fonts/build/GlyphText/FontText_5174.font.s Fonts/build/GlyphItem/FontItem_8BE5.font.s Fonts/build/GlyphText/FontText_9AB1.font.s Fonts/build/GlyphItem/FontItem_5A23.font.s Fonts/build/GlyphText/FontText_904D.font.s Fonts/build/GlyphItem/FontItem_892B.font.s Fonts/build/GlyphText/FontText_6485.font.s Fonts/build/GlyphText/FontText_6DC4.font.s Fonts/build/GlyphItem/FontItem_4F4F.font.s Fonts/build/GlyphText/FontText_5DF1.font.s Fonts/build/GlyphItem/FontItem_825A.font.s Fonts/build/GlyphItem/FontItem_30C6.font.s Fonts/build/GlyphText/FontText_6362.font.s Fonts/build/GlyphText/FontText_4F75.font.s Fonts/build/GlyphItem/FontItem_9A91.font.s Fonts/build/GlyphText/FontText_91CE.font.s Fonts/build/GlyphItem/FontItem_672C.font.s Fonts/build/GlyphText/FontText_653F.font.s Fonts/build/GlyphText/FontText_71B5.font.s Fonts/build/GlyphText/FontText_707C.font.s Fonts/build/GlyphItem/FontItem_8DBA.font.s Fonts/build/GlyphText/FontText_5588.font.s Fonts/build/GlyphItem/FontItem_900F.font.s Fonts/build/GlyphItem/FontItem_786D.font.s Fonts/build/GlyphItem/FontItem_7838.font.s Fonts/build/GlyphText/FontText_7EBF.font.s Fonts/build/GlyphText/FontText_5939.font.s Fonts/build/GlyphText/FontText_510B.font.s Fonts/build/GlyphItem/FontItem_6979.font.s Fonts/build/GlyphText/FontText_83CF.font.s Fonts/build/GlyphText/FontText_70BA.font.s Fonts/build/GlyphText/FontText_798A.font.s Fonts/build/GlyphText/FontText_8403.font.s Fonts/build/GlyphText/FontText_60CA.font.s Fonts/build/GlyphText/FontText_5957.font.s Fonts/build/GlyphItem/FontItem_8D36.font.s Fonts/build/GlyphItem/FontItem_4E95.font.s Fonts/build/GlyphItem/FontItem_72F8.font.s Fonts/build/GlyphText/FontText_9526.font.s Fonts/build/GlyphText/FontText_73BA.font.s Fonts/build/GlyphText/FontText_86B5.font.s Fonts/build/GlyphText/FontText_94D7.font.s Fonts/build/GlyphItem/FontItem_5A6A.font.s Fonts/build/GlyphItem/FontItem_6862.font.s Fonts/build/GlyphText/FontText_7B3A.font.s Fonts/build/GlyphText/FontText_71E5.font.s Fonts/build/GlyphItem/FontItem_566B.font.s Fonts/build/GlyphText/FontText_77EE.font.s Fonts/build/GlyphItem/FontItem_8BD5.font.s Fonts/build/GlyphText/FontText_8C16.font.s Fonts/build/GlyphItem/FontItem_5EF6.font.s Fonts/build/GlyphText/FontText_FF55.font.s Fonts/build/GlyphText/FontText_5E99.font.s Fonts/build/GlyphText/FontText_5A32.font.s Fonts/build/GlyphText/FontText_6A58.font.s Fonts/build/GlyphItem/FontItem_82BD.font.s Fonts/build/GlyphText/FontText_6728.font.s Fonts/build/GlyphText/FontText_8ED2.font.s Fonts/build/GlyphItem/FontItem_51FA.font.s Fonts/build/GlyphText/FontText_0027.font.s Fonts/build/GlyphText/FontText_6C37.font.s Fonts/build/GlyphItem/FontItem_690D.font.s Fonts/build/GlyphText/FontText_5439.font.s Fonts/build/GlyphItem/FontItem_7812.font.s Fonts/build/GlyphText/FontText_30C7.font.s Fonts/build/GlyphItem/FontItem_770D.font.s Fonts/build/GlyphText/FontText_9E4F.font.s Fonts/build/GlyphItem/FontItem_6B81.font.s Fonts/build/GlyphItem/FontItem_6B66.font.s Fonts/build/GlyphItem/FontItem_8703.font.s Fonts/build/GlyphText/FontText_7EA1.font.s Fonts/build/GlyphItem/FontItem_65BD.font.s Fonts/build/GlyphText/FontText_6BCF.font.s Fonts/build/GlyphText/FontText_7A91.font.s Fonts/build/GlyphText/FontText_640D.font.s Fonts/build/GlyphText/FontText_8DDB.font.s Fonts/build/GlyphItem/FontItem_82EF.font.s Fonts/build/GlyphItem/FontItem_89D6.font.s Fonts/build/GlyphItem/FontItem_6708.font.s Fonts/build/GlyphText/FontText_98C4.font.s Fonts/build/GlyphText/FontText_868D.font.s Fonts/build/GlyphItem/FontItem_5C49.font.s Fonts/build/GlyphText/FontText_57DD.font.s Fonts/build/GlyphText/FontText_8C27.font.s Fonts/build/GlyphText/FontText_52AC.font.s Fonts/build/GlyphItem/FontItem_7F01.font.s Fonts/build/GlyphItem/FontItem_7199.font.s Fonts/build/GlyphText/FontText_5A9A.font.s Fonts/build/GlyphText/FontText_919A.font.s Fonts/build/GlyphText/FontText_8913.font.s Fonts/build/GlyphItem/FontItem_6BD7.font.s Fonts/build/GlyphItem/FontItem_989E.font.s Fonts/build/GlyphText/FontText_52DD.font.s Fonts/build/GlyphItem/FontItem_828E.font.s Fonts/build/GlyphItem/FontItem_985E.font.s Fonts/build/GlyphText/FontText_54DD.font.s Fonts/build/GlyphItem/FontItem_79E3.font.s Fonts/build/GlyphText/FontText_79C0.font.s Fonts/build/GlyphItem/FontItem_8C20.font.s Fonts/build/GlyphText/FontText_5BB3.font.s Fonts/build/GlyphItem/FontItem_546A.font.s Fonts/build/GlyphText/FontText_7483.font.s Fonts/build/GlyphItem/FontItem_631E.font.s Fonts/build/GlyphText/FontText_6E0D.font.s Fonts/build/GlyphText/FontText_9608.font.s Fonts/build/GlyphItem/FontItem_50CD.font.s Fonts/build/GlyphItem/FontItem_6D53.font.s Fonts/build/GlyphItem/FontItem_83F9.font.s Fonts/build/GlyphText/FontText_9B23.font.s Fonts/build/GlyphItem/FontItem_600D.font.s Fonts/build/GlyphText/FontText_58D5.font.s Fonts/build/GlyphText/FontText_9485.font.s Fonts/build/GlyphItem/FontItem_4FA5.font.s Fonts/build/GlyphText/FontText_8FEE.font.s Fonts/build/GlyphItem/FontItem_5ACC.font.s Fonts/build/GlyphText/FontText_7F0F.font.s Fonts/build/GlyphText/FontText_8A17.font.s Fonts/build/GlyphItem/FontItem_7247.font.s Fonts/build/GlyphText/FontText_6CBC.font.s Fonts/build/GlyphItem/FontItem_FF57.font.s Fonts/build/GlyphItem/FontItem_FF01.font.s Fonts/build/GlyphItem/FontItem_9ED1.font.s Fonts/build/GlyphText/FontText_5D2D.font.s Fonts/build/GlyphItem/FontItem_59A8.font.s Fonts/build/GlyphItem/FontItem_517C.font.s Fonts/build/GlyphText/FontText_741B.font.s Fonts/build/GlyphItem/FontItem_5506.font.s Fonts/build/GlyphText/FontText_4F58.font.s Fonts/build/GlyphText/FontText_68F1.font.s Fonts/build/GlyphItem/FontItem_63F4.font.s Fonts/build/GlyphItem/FontItem_8764.font.s Fonts/build/GlyphItem/FontItem_5629.font.s Fonts/build/GlyphItem/FontItem_8222.font.s Fonts/build/GlyphText/FontText_83AA.font.s Fonts/build/GlyphText/FontText_61B7.font.s Fonts/build/GlyphText/FontText_782D.font.s Fonts/build/GlyphText/FontText_77FE.font.s Fonts/build/GlyphText/FontText_6756.font.s Fonts/build/GlyphItem/FontItem_81B3.font.s Fonts/build/GlyphText/FontText_6F2D.font.s Fonts/build/GlyphItem/FontItem_8DEB.font.s Fonts/build/GlyphText/FontText_67E9.font.s Fonts/build/GlyphText/FontText_631B.font.s Fonts/build/GlyphText/FontText_86A4.font.s Fonts/build/GlyphText/FontText_6215.font.s Fonts/build/GlyphItem/FontItem_5446.font.s Fonts/build/GlyphItem/FontItem_514B.font.s Fonts/build/GlyphItem/FontItem_8F89.font.s Fonts/build/GlyphText/FontText_8757.font.s Fonts/build/GlyphItem/FontItem_7BAA.font.s Fonts/build/GlyphText/FontText_8718.font.s Fonts/build/GlyphItem/FontItem_6492.font.s Fonts/build/GlyphItem/FontItem_9F88.font.s Fonts/build/GlyphText/FontText_62FF.font.s Fonts/build/GlyphText/FontText_61E3.font.s Fonts/build/GlyphItem/FontItem_7CFB.font.s Fonts/build/GlyphItem/FontItem_9875.font.s Fonts/build/GlyphText/FontText_6934.font.s Fonts/build/GlyphItem/FontItem_68EE.font.s Fonts/build/GlyphText/FontText_8E40.font.s Fonts/build/GlyphText/FontText_51A2.font.s Fonts/build/GlyphText/FontText_6A2A.font.s Fonts/build/GlyphText/FontText_5E9E.font.s Fonts/build/GlyphText/FontText_98EF.font.s Fonts/build/GlyphText/FontText_9CA2.font.s Fonts/build/GlyphItem/FontItem_8D26.font.s Fonts/build/GlyphItem/FontItem_96BE.font.s Fonts/build/GlyphText/FontText_9B32.font.s Fonts/build/GlyphItem/FontItem_951F.font.s Fonts/build/GlyphText/FontText_52D5.font.s Fonts/build/GlyphItem/FontItem_4E11.font.s Fonts/build/GlyphItem/FontItem_F8F0.font.s Fonts/build/GlyphText/FontText_715C.font.s Fonts/build/GlyphText/FontText_00CB.font.s Fonts/build/GlyphText/FontText_7F58.font.s Fonts/build/GlyphText/FontText_9119.font.s Fonts/build/GlyphText/FontText_683E.font.s Fonts/build/GlyphText/FontText_00F8.font.s Fonts/build/GlyphText/FontText_6731.font.s Fonts/build/GlyphText/FontText_8E35.font.s Fonts/build/GlyphText/FontText_5973.font.s Fonts/build/GlyphItem/FontItem_57B4.font.s Fonts/build/GlyphText/FontText_7BEA.font.s Fonts/build/GlyphItem/FontItem_6731.font.s Fonts/build/GlyphItem/FontItem_6C76.font.s Fonts/build/GlyphText/FontText_57AB.font.s Fonts/build/GlyphText/FontText_67D2.font.s Fonts/build/GlyphText/FontText_9987.font.s Fonts/build/GlyphItem/FontItem_973E.font.s Fonts/build/GlyphText/FontText_4EB5.font.s Fonts/build/GlyphText/FontText_30E1.font.s Fonts/build/GlyphItem/FontItem_65EC.font.s Fonts/build/GlyphText/FontText_30FB.font.s Fonts/build/GlyphText/FontText_7EFE.font.s Fonts/build/GlyphText/FontText_80BC.font.s Fonts/build/GlyphText/FontText_51C6.font.s Fonts/build/GlyphItem/FontItem_831B.font.s Fonts/build/GlyphItem/FontItem_309C.font.s Fonts/build/GlyphItem/FontItem_8238.font.s Fonts/build/GlyphItem/FontItem_7BDD.font.s Fonts/build/GlyphItem/FontItem_5E08.font.s Fonts/build/GlyphItem/FontItem_5B58.font.s Fonts/build/GlyphText/FontText_7433.font.s Fonts/build/GlyphItem/FontItem_4E70.font.s Fonts/build/GlyphItem/FontItem_6273.font.s Fonts/build/GlyphItem/FontItem_6267.font.s Fonts/build/GlyphText/FontText_850C.font.s Fonts/build/GlyphItem/FontItem_61B6.font.s Fonts/build/GlyphText/FontText_80EC.font.s Fonts/build/GlyphText/FontText_86B1.font.s Fonts/build/GlyphText/FontText_8EDF.font.s Fonts/build/GlyphText/FontText_8C9D.font.s Fonts/build/GlyphText/FontText_72AD.font.s Fonts/build/GlyphText/FontText_5776.font.s Fonts/build/GlyphText/FontText_4F1F.font.s Fonts/build/GlyphText/FontText_5B5A.font.s Fonts/build/GlyphText/FontText_6B82.font.s Fonts/build/GlyphText/FontText_6DCC.font.s Fonts/build/GlyphText/FontText_680A.font.s Fonts/build/GlyphItem/FontItem_8F79.font.s Fonts/build/GlyphText/FontText_5D27.font.s Fonts/build/GlyphText/FontText_63BE.font.s Fonts/build/GlyphItem/FontItem_8521.font.s Fonts/build/GlyphText/FontText_633A.font.s Fonts/build/GlyphText/FontText_960D.font.s Fonts/build/GlyphText/FontText_30DF.font.s Fonts/build/GlyphText/FontText_6FEE.font.s Fonts/build/GlyphItem/FontItem_5E2F.font.s Fonts/build/GlyphText/FontText_8C08.font.s Fonts/build/GlyphText/FontText_304F.font.s Fonts/build/GlyphText/FontText_9ED2.font.s Fonts/build/GlyphText/FontText_9504.font.s Fonts/build/GlyphItem/FontItem_57CB.font.s Fonts/build/GlyphItem/FontItem_8102.font.s Fonts/build/GlyphItem/FontItem_6E43.font.s Fonts/build/GlyphItem/FontItem_54BB.font.s Fonts/build/GlyphItem/FontItem_8996.font.s Fonts/build/GlyphText/FontText_7626.font.s Fonts/build/GlyphText/FontText_54E7.font.s Fonts/build/GlyphText/FontText_5662.font.s Fonts/build/GlyphText/FontText_8361.font.s Fonts/build/GlyphItem/FontItem_FF54.font.s Fonts/build/GlyphItem/FontItem_919A.font.s Fonts/build/GlyphText/FontText_61A8.font.s Fonts/build/GlyphText/FontText_6805.font.s Fonts/build/GlyphText/FontText_8793.font.s Fonts/build/GlyphText/FontText_4ECB.font.s Fonts/build/GlyphItem/FontItem_8D2A.font.s Fonts/build/GlyphItem/FontItem_783B.font.s Fonts/build/GlyphItem/FontItem_85FF.font.s Fonts/build/GlyphItem/FontItem_9F87.font.s Fonts/build/GlyphText/FontText_7740.font.s Fonts/build/GlyphText/FontText_8033.font.s Fonts/build/GlyphItem/FontItem_5B5F.font.s Fonts/build/GlyphItem/FontItem_67E5.font.s Fonts/build/GlyphItem/FontItem_884C.font.s Fonts/build/GlyphText/FontText_553F.font.s Fonts/build/GlyphItem/FontItem_5177.font.s Fonts/build/GlyphText/FontText_5F04.font.s Fonts/build/GlyphText/FontText_57CE.font.s Fonts/build/GlyphText/FontText_6C10.font.s Fonts/build/GlyphText/FontText_30CB.font.s Fonts/build/GlyphText/FontText_70B3.font.s Fonts/build/GlyphItem/FontItem_6D31.font.s Fonts/build/GlyphText/FontText_80F2.font.s Fonts/build/GlyphText/FontText_8C79.font.s Fonts/build/GlyphItem/FontItem_53A8.font.s Fonts/build/GlyphText/FontText_6E16.font.s Fonts/build/GlyphText/FontText_80E8.font.s Fonts/build/GlyphItem/FontItem_7B4B.font.s Fonts/build/GlyphItem/FontItem_30D9.font.s Fonts/build/GlyphText/FontText_30DA.font.s Fonts/build/GlyphText/FontText_7BAD.font.s Fonts/build/GlyphItem/FontItem_789C.font.s Fonts/build/GlyphText/FontText_9A9C.font.s Fonts/build/GlyphText/FontText_8B77.font.s Fonts/build/GlyphText/FontText_5F00.font.s Fonts/build/GlyphItem/FontItem_6769.font.s Fonts/build/GlyphItem/FontItem_5F73.font.s Fonts/build/GlyphItem/FontItem_6EDF.font.s Fonts/build/GlyphText/FontText_8F6E.font.s Fonts/build/GlyphItem/FontItem_9769.font.s Fonts/build/GlyphText/FontText_670A.font.s Fonts/build/GlyphText/FontText_58F6.font.s Fonts/build/GlyphText/FontText_970E.font.s Fonts/build/GlyphItem/FontItem_55DD.font.s Fonts/build/GlyphText/FontText_620C.font.s Fonts/build/GlyphItem/FontItem_87A8.font.s Fonts/build/GlyphItem/FontItem_7F26.font.s Fonts/build/GlyphText/FontText_62CC.font.s Fonts/build/GlyphText/FontText_7CD9.font.s Fonts/build/GlyphText/FontText_4FFA.font.s Fonts/build/GlyphItem/FontItem_9506.font.s Fonts/build/GlyphItem/FontItem_80EB.font.s Fonts/build/GlyphItem/FontItem_6DE4.font.s Fonts/build/GlyphText/FontText_68EE.font.s Fonts/build/GlyphItem/FontItem_84E3.font.s Fonts/build/GlyphText/FontText_8FB2.font.s Fonts/build/GlyphItem/FontItem_7538.font.s Fonts/build/GlyphItem/FontItem_73B2.font.s Fonts/build/GlyphItem/FontItem_5902.font.s Fonts/build/GlyphText/FontText_953F.font.s Fonts/build/GlyphText/FontText_80A2.font.s Fonts/build/GlyphText/FontText_6978.font.s Fonts/build/GlyphItem/FontItem_7238.font.s Fonts/build/GlyphItem/FontItem_7EFE.font.s Fonts/build/GlyphItem/FontItem_8C6B.font.s Fonts/build/GlyphItem/FontItem_7FE1.font.s Fonts/build/GlyphItem/FontItem_FF0E.font.s Fonts/build/GlyphItem/FontItem_783A.font.s Fonts/build/GlyphText/FontText_52B1.font.s Fonts/build/GlyphText/FontText_558A.font.s Fonts/build/GlyphItem/FontItem_956A.font.s Fonts/build/GlyphItem/FontItem_7826.font.s Fonts/build/GlyphItem/FontItem_5185.font.s Fonts/build/GlyphItem/FontItem_7913.font.s Fonts/build/GlyphItem/FontItem_5225.font.s Fonts/build/GlyphItem/FontItem_3084.font.s Fonts/build/GlyphText/FontText_7C4D.font.s Fonts/build/GlyphText/FontText_8912.font.s Fonts/build/GlyphText/FontText_7530.font.s Fonts/build/GlyphItem/FontItem_00A1.font.s Fonts/build/GlyphText/FontText_6CE3.font.s Fonts/build/GlyphText/FontText_4EBF.font.s Fonts/build/GlyphText/FontText_002A.font.s Fonts/build/GlyphText/FontText_68CD.font.s Fonts/build/GlyphText/FontText_77AA.font.s Fonts/build/GlyphText/FontText_584C.font.s Fonts/build/GlyphText/FontText_5FB4.font.s Fonts/build/GlyphItem/FontItem_62E7.font.s Fonts/build/GlyphText/FontText_7A6B.font.s Fonts/build/GlyphText/FontText_98A7.font.s Fonts/build/GlyphText/FontText_85DC.font.s Fonts/build/GlyphItem/FontItem_7B48.font.s Fonts/build/GlyphText/FontText_4FCE.font.s Fonts/build/GlyphText/FontText_538B.font.s Fonts/build/GlyphItem/FontItem_7352.font.s Fonts/build/GlyphText/FontText_7ECA.font.s Fonts/build/GlyphText/FontText_84EC.font.s Fonts/build/GlyphItem/FontItem_00B7.font.s Fonts/build/GlyphText/FontText_7CFB.font.s Fonts/build/GlyphText/FontText_7887.font.s Fonts/build/GlyphItem/FontItem_892A.font.s Fonts/build/GlyphText/FontText_9CA8.font.s Fonts/build/GlyphItem/FontItem_9161.font.s Fonts/build/GlyphText/FontText_5564.font.s Fonts/build/GlyphText/FontText_6E54.font.s Fonts/build/GlyphText/FontText_82CA.font.s Fonts/build/GlyphText/FontText_7F28.font.s Fonts/build/GlyphText/FontText_801C.font.s Fonts/build/GlyphItem/FontItem_73FE.font.s Fonts/build/GlyphItem/FontItem_7172.font.s Fonts/build/GlyphText/FontText_5793.font.s Fonts/build/GlyphItem/FontItem_972D.font.s Fonts/build/GlyphText/FontText_6B22.font.s Fonts/build/GlyphItem/FontItem_63F8.font.s Fonts/build/GlyphText/FontText_77CD.font.s Fonts/build/GlyphItem/FontItem_7269.font.s Fonts/build/GlyphItem/FontItem_6966.font.s Fonts/build/GlyphItem/FontItem_00CC.font.s Fonts/build/GlyphItem/FontItem_4F89.font.s Fonts/build/GlyphItem/FontItem_832C.font.s Fonts/build/GlyphText/FontText_7B7B.font.s Fonts/build/GlyphItem/FontItem_949F.font.s Fonts/build/GlyphItem/FontItem_594E.font.s Fonts/build/GlyphText/FontText_77A0.font.s Fonts/build/GlyphItem/FontItem_304C.font.s Fonts/build/GlyphText/FontText_9631.font.s Fonts/build/GlyphText/FontText_867D.font.s Fonts/build/GlyphItem/FontItem_7CB9.font.s Fonts/build/GlyphItem/FontItem_8043.font.s Fonts/build/GlyphText/FontText_52DF.font.s Fonts/build/GlyphText/FontText_7EE3.font.s Fonts/build/GlyphText/FontText_733E.font.s Fonts/build/GlyphText/FontText_851A.font.s Fonts/build/GlyphText/FontText_7BA2.font.s Fonts/build/GlyphItem/FontItem_6115.font.s Fonts/build/GlyphItem/FontItem_831A.font.s Fonts/build/GlyphItem/FontItem_67D4.font.s Fonts/build/GlyphText/FontText_6862.font.s Fonts/build/GlyphItem/FontItem_53A2.font.s Fonts/build/GlyphText/FontText_9C86.font.s Fonts/build/GlyphText/FontText_54AA.font.s Fonts/build/GlyphText/FontText_6883.font.s Fonts/build/GlyphText/FontText_7D04.font.s Fonts/build/GlyphItem/FontItem_9806.font.s Fonts/build/GlyphText/FontText_600D.font.s Fonts/build/GlyphItem/FontItem_65E5.font.s Fonts/build/GlyphItem/FontItem_30DD.font.s Fonts/build/GlyphText/FontText_9DF2.font.s Fonts/build/GlyphItem/FontItem_5091.font.s Fonts/build/GlyphText/FontText_8299.font.s Fonts/build/GlyphText/FontText_75D6.font.s Fonts/build/GlyphText/FontText_78A1.font.s Fonts/build/GlyphText/FontText_5BE9.font.s Fonts/build/GlyphItem/FontItem_6587.font.s Fonts/build/GlyphText/FontText_8A34.font.s Fonts/build/GlyphItem/FontItem_8000.font.s Fonts/build/GlyphItem/FontItem_5D82.font.s Fonts/build/GlyphItem/FontItem_7707.font.s Fonts/build/GlyphItem/FontItem_5F03.font.s Fonts/build/GlyphItem/FontItem_5146.font.s Fonts/build/GlyphItem/FontItem_80C6.font.s Fonts/build/GlyphText/FontText_6A80.font.s Fonts/build/GlyphItem/FontItem_4FE9.font.s Fonts/build/GlyphItem/FontItem_94B3.font.s Fonts/build/GlyphItem/FontItem_634D.font.s Fonts/build/GlyphText/FontText_4E5E.font.s Fonts/build/GlyphItem/FontItem_6CE8.font.s Fonts/build/GlyphItem/FontItem_7480.font.s Fonts/build/GlyphItem/FontItem_7267.font.s Fonts/build/GlyphItem/FontItem_6D85.font.s Fonts/build/GlyphText/FontText_75F9.font.s Fonts/build/GlyphText/FontText_0054.font.s Fonts/build/GlyphItem/FontItem_80D7.font.s Fonts/build/GlyphItem/FontItem_548B.font.s Fonts/build/GlyphItem/FontItem_4E8E.font.s Fonts/build/GlyphText/FontText_8D4B.font.s Fonts/build/GlyphText/FontText_70E8.font.s Fonts/build/GlyphText/FontText_66BE.font.s Fonts/build/GlyphItem/FontItem_8511.font.s Fonts/build/GlyphText/FontText_8D44.font.s Fonts/build/GlyphItem/FontItem_9999.font.s Fonts/build/GlyphText/FontText_4EC0.font.s Fonts/build/GlyphText/FontText_9084.font.s Fonts/build/GlyphItem/FontItem_5ED2.font.s Fonts/build/GlyphItem/FontItem_803F.font.s Fonts/build/GlyphText/FontText_308B.font.s Fonts/build/GlyphItem/FontItem_FF4C.font.s Fonts/build/GlyphItem/FontItem_4FED.font.s Fonts/build/GlyphItem/FontItem_51BD.font.s Fonts/build/GlyphItem/FontItem_9003.font.s Fonts/build/GlyphItem/FontItem_4FCE.font.s Fonts/build/GlyphText/FontText_8650.font.s Fonts/build/GlyphText/FontText_9F10.font.s Fonts/build/GlyphText/FontText_948D.font.s Fonts/build/GlyphItem/FontItem_5237.font.s Fonts/build/GlyphItem/FontItem_4E16.font.s Fonts/build/GlyphItem/FontItem_9A74.font.s Fonts/build/GlyphText/FontText_773A.font.s Fonts/build/GlyphText/FontText_9761.font.s Fonts/build/GlyphItem/FontItem_8E7C.font.s Fonts/build/GlyphText/FontText_94CC.font.s Fonts/build/GlyphText/FontText_69CA.font.s Fonts/build/GlyphItem/FontItem_9264.font.s Fonts/build/GlyphText/FontText_8020.font.s Fonts/build/GlyphItem/FontItem_671B.font.s Fonts/build/GlyphItem/FontItem_5C1D.font.s Fonts/build/GlyphItem/FontItem_9730.font.s Fonts/build/GlyphItem/FontItem_9616.font.s Fonts/build/GlyphText/FontText_5783.font.s Fonts/build/GlyphText/FontText_4FA7.font.s Fonts/build/GlyphItem/FontItem_6753.font.s Fonts/build/GlyphText/FontText_3015.font.s Fonts/build/GlyphItem/FontItem_4FD0.font.s Fonts/build/GlyphItem/FontItem_9690.font.s Fonts/build/GlyphText/FontText_9095.font.s Fonts/build/GlyphText/FontText_520E.font.s Fonts/build/GlyphText/FontText_77EB.font.s Fonts/build/GlyphItem/FontItem_222A.font.s Fonts/build/GlyphText/FontText_539D.font.s Fonts/build/GlyphItem/FontItem_72E1.font.s Fonts/build/GlyphText/FontText_6247.font.s Fonts/build/GlyphText/FontText_758F.font.s Fonts/build/GlyphItem/FontItem_63A0.font.s Fonts/build/GlyphText/FontText_5FCC.font.s Fonts/build/GlyphItem/FontItem_6B4C.font.s Fonts/build/GlyphItem/FontItem_72D2.font.s Fonts/build/GlyphText/FontText_9185.font.s Fonts/build/GlyphText/FontText_5506.font.s Fonts/build/GlyphItem/FontItem_80F1.font.s Fonts/build/GlyphItem/FontItem_7168.font.s Fonts/build/GlyphItem/FontItem_79E7.font.s Fonts/build/GlyphItem/FontItem_8D2F.font.s Fonts/build/GlyphItem/FontItem_9102.font.s Fonts/build/GlyphItem/FontItem_614E.font.s Fonts/build/GlyphItem/FontItem_5EB7.font.s Fonts/build/GlyphItem/FontItem_897B.font.s Fonts/build/GlyphText/FontText_9993.font.s Fonts/build/GlyphItem/FontItem_002C.font.s Fonts/build/GlyphText/FontText_6B37.font.s Fonts/build/GlyphText/FontText_53D8.font.s Fonts/build/GlyphText/FontText_83C8.font.s Fonts/build/GlyphItem/FontItem_3069.font.s Fonts/build/GlyphItem/FontItem_8FDF.font.s Fonts/build/GlyphItem/FontItem_4FDA.font.s Fonts/build/GlyphText/FontText_54A9.font.s Fonts/build/GlyphItem/FontItem_59E8.font.s Fonts/build/GlyphText/FontText_67A3.font.s Fonts/build/GlyphText/FontText_8C32.font.s Fonts/build/GlyphText/FontText_54FA.font.s Fonts/build/GlyphText/FontText_5478.font.s Fonts/build/GlyphItem/FontItem_6697.font.s Fonts/build/GlyphText/FontText_7F5A.font.s Fonts/build/GlyphText/FontText_78FA.font.s Fonts/build/GlyphItem/FontItem_7EA2.font.s Fonts/build/GlyphItem/FontItem_4F5B.font.s Fonts/build/GlyphText/FontText_77D7.font.s Fonts/build/GlyphText/FontText_8E0F.font.s Fonts/build/GlyphItem/FontItem_7850.font.s Fonts/build/GlyphItem/FontItem_529B.font.s Fonts/build/GlyphText/FontText_806A.font.s Fonts/build/GlyphText/FontText_73CD.font.s Fonts/build/GlyphItem/FontItem_009C.font.s Fonts/build/GlyphText/FontText_5576.font.s Fonts/build/GlyphText/FontText_72A0.font.s Fonts/build/GlyphItem/FontItem_6DF7.font.s Fonts/build/GlyphItem/FontItem_83C1.font.s Fonts/build/GlyphText/FontText_56E0.font.s Fonts/build/GlyphItem/FontItem_733F.font.s Fonts/build/GlyphItem/FontItem_8568.font.s Fonts/build/GlyphItem/FontItem_4E91.font.s Fonts/build/GlyphText/FontText_6986.font.s Fonts/build/GlyphItem/FontItem_57DA.font.s Fonts/build/GlyphText/FontText_9537.font.s Fonts/build/GlyphText/FontText_671B.font.s Fonts/build/GlyphItem/FontItem_531A.font.s Fonts/build/GlyphItem/FontItem_30AC.font.s Fonts/build/GlyphText/FontText_7EB9.font.s Fonts/build/GlyphItem/FontItem_7136.font.s Fonts/build/GlyphItem/FontItem_4F5A.font.s Fonts/build/GlyphText/FontText_7BF7.font.s Fonts/build/GlyphText/FontText_8BDA.font.s Fonts/build/GlyphItem/FontItem_7B15.font.s Fonts/build/GlyphText/FontText_5FBC.font.s Fonts/build/GlyphText/FontText_55DF.font.s Fonts/build/GlyphItem/FontItem_542D.font.s Fonts/build/GlyphText/FontText_73AB.font.s Fonts/build/GlyphItem/FontItem_3086.font.s Fonts/build/GlyphText/FontText_675F.font.s Fonts/build/GlyphText/FontText_87EE.font.s Fonts/build/GlyphText/FontText_5CF0.font.s Fonts/build/GlyphItem/FontItem_5958.font.s Fonts/build/GlyphItem/FontItem_798A.font.s Fonts/build/GlyphText/FontText_8BD7.font.s Fonts/build/GlyphItem/FontItem_58E4.font.s Fonts/build/GlyphItem/FontItem_7F28.font.s Fonts/build/GlyphItem/FontItem_5CE0.font.s Fonts/build/GlyphText/FontText_4F0A.font.s Fonts/build/GlyphText/FontText_307C.font.s Fonts/build/GlyphText/FontText_63E3.font.s Fonts/build/GlyphItem/FontItem_69CC.font.s Fonts/build/GlyphText/FontText_6861.font.s Fonts/build/GlyphItem/FontItem_64CE.font.s Fonts/build/GlyphItem/FontItem_7532.font.s Fonts/build/GlyphText/FontText_6D66.font.s Fonts/build/GlyphItem/FontItem_4F97.font.s Fonts/build/GlyphText/FontText_9CA4.font.s Fonts/build/GlyphText/FontText_81AA.font.s Fonts/build/GlyphText/FontText_8C07.font.s Fonts/build/GlyphText/FontText_822A.font.s Fonts/build/GlyphItem/FontItem_6401.font.s Fonts/build/GlyphText/FontText_7EF7.font.s Fonts/build/GlyphItem/FontItem_61C8.font.s Fonts/build/GlyphText/FontText_6390.font.s Fonts/build/GlyphText/FontText_9005.font.s Fonts/build/GlyphText/FontText_7459.font.s Fonts/build/GlyphItem/FontItem_8165.font.s Fonts/build/GlyphItem/FontItem_9546.font.s Fonts/build/GlyphText/FontText_5FB3.font.s Fonts/build/GlyphItem/FontItem_631D.font.s Fonts/build/GlyphItem/FontItem_55B3.font.s Fonts/build/GlyphText/FontText_8463.font.s Fonts/build/GlyphText/FontText_707D.font.s Fonts/build/GlyphText/FontText_9E33.font.s Fonts/build/GlyphText/FontText_6B47.font.s Fonts/build/GlyphText/FontText_9044.font.s Fonts/build/GlyphItem/FontItem_8DF9.font.s Fonts/build/GlyphText/FontText_5685.font.s Fonts/build/GlyphText/FontText_7317.font.s Fonts/build/GlyphItem/FontItem_6832.font.s Fonts/build/GlyphItem/FontItem_516D.font.s Fonts/build/GlyphItem/FontItem_5E97.font.s Fonts/build/GlyphItem/FontItem_568E.font.s Fonts/build/GlyphItem/FontItem_7A76.font.s Fonts/build/GlyphItem/FontItem_7F34.font.s Fonts/build/GlyphText/FontText_54A3.font.s Fonts/build/GlyphItem/FontItem_7845.font.s Fonts/build/GlyphText/FontText_5176.font.s Fonts/build/GlyphItem/FontItem_6101.font.s Fonts/build/GlyphItem/FontItem_5356.font.s Fonts/build/GlyphText/FontText_8EAC.font.s Fonts/build/GlyphText/FontText_72C1.font.s Fonts/build/GlyphText/FontText_8877.font.s Fonts/build/GlyphText/FontText_77E3.font.s Fonts/build/GlyphText/FontText_8393.font.s Fonts/build/GlyphItem/FontItem_56CA.font.s Fonts/build/GlyphItem/FontItem_5176.font.s Fonts/build/GlyphText/FontText_7F36.font.s Fonts/build/GlyphItem/FontItem_5EAB.font.s Fonts/build/GlyphText/FontText_9663.font.s Fonts/build/GlyphItem/FontItem_5218.font.s Fonts/build/GlyphItem/FontItem_8274.font.s Fonts/build/GlyphText/FontText_66F0.font.s Fonts/build/GlyphItem/FontItem_0078.font.s Fonts/build/GlyphText/FontText_72EE.font.s Fonts/build/GlyphText/FontText_6DF1.font.s Fonts/build/GlyphItem/FontItem_4FD7.font.s Fonts/build/GlyphText/FontText_4E1E.font.s Fonts/build/GlyphItem/FontItem_6AAC.font.s Fonts/build/GlyphText/FontText_88E2.font.s Fonts/build/GlyphText/FontText_5550.font.s Fonts/build/GlyphText/FontText_0034.font.s Fonts/build/GlyphItem/FontItem_60F3.font.s Fonts/build/GlyphText/FontText_80A1.font.s Fonts/build/GlyphText/FontText_65AD.font.s Fonts/build/GlyphItem/FontItem_51DD.font.s Fonts/build/GlyphItem/FontItem_54AA.font.s Fonts/build/GlyphText/FontText_783C.font.s Fonts/build/GlyphItem/FontItem_7735.font.s Fonts/build/GlyphItem/FontItem_5B9D.font.s Fonts/build/GlyphItem/FontItem_9661.font.s Fonts/build/GlyphItem/FontItem_63BC.font.s Fonts/build/GlyphItem/FontItem_615D.font.s Fonts/build/GlyphItem/FontItem_825F.font.s Fonts/build/GlyphText/FontText_65BD.font.s Fonts/build/GlyphItem/FontItem_72D0.font.s Fonts/build/GlyphText/FontText_5AB8.font.s Fonts/build/GlyphItem/FontItem_6C86.font.s Fonts/build/GlyphText/FontText_9038.font.s Fonts/build/GlyphText/FontText_5CE0.font.s Fonts/build/GlyphText/FontText_8031.font.s Fonts/build/GlyphText/FontText_9557.font.s Fonts/build/GlyphText/FontText_9C88.font.s Fonts/build/GlyphItem/FontItem_72B7.font.s Fonts/build/GlyphItem/FontItem_70B8.font.s Fonts/build/GlyphItem/FontItem_5BAB.font.s Fonts/build/GlyphText/FontText_5CA3.font.s Fonts/build/GlyphText/FontText_76D7.font.s Fonts/build/GlyphText/FontText_5FA1.font.s Fonts/build/GlyphItem/FontItem_74EF.font.s Fonts/build/GlyphText/FontText_6DB8.font.s Fonts/build/GlyphText/FontText_8F78.font.s Fonts/build/GlyphItem/FontItem_996C.font.s Fonts/build/GlyphText/FontText_76AE.font.s Fonts/build/GlyphItem/FontItem_793B.font.s Fonts/build/GlyphText/FontText_683C.font.s Fonts/build/GlyphText/FontText_7EA9.font.s Fonts/build/GlyphText/FontText_5EF4.font.s Fonts/build/GlyphItem/FontItem_960B.font.s Fonts/build/GlyphText/FontText_709D.font.s Fonts/build/GlyphText/FontText_5104.font.s Fonts/build/GlyphItem/FontItem_3015.font.s Fonts/build/GlyphItem/FontItem_6B6F.font.s Fonts/build/GlyphText/FontText_8FC7.font.s Fonts/build/GlyphText/FontText_670B.font.s Fonts/build/GlyphText/FontText_5C82.font.s Fonts/build/GlyphText/FontText_30D7.font.s Fonts/build/GlyphItem/FontItem_989B.font.s Fonts/build/GlyphItem/FontItem_534E.font.s Fonts/build/GlyphItem/FontItem_6749.font.s Fonts/build/GlyphItem/FontItem_988D.font.s Fonts/build/GlyphText/FontText_738E.font.s Fonts/build/GlyphText/FontText_529E.font.s Fonts/build/GlyphItem/FontItem_9EA6.font.s Fonts/build/GlyphText/FontText_7EF5.font.s Fonts/build/GlyphText/FontText_626F.font.s Fonts/build/GlyphText/FontText_53DF.font.s Fonts/build/GlyphText/FontText_870D.font.s Fonts/build/GlyphItem/FontItem_55F5.font.s Fonts/build/GlyphItem/FontItem_7518.font.s Fonts/build/GlyphItem/FontItem_7AA5.font.s Fonts/build/GlyphText/FontText_59AC.font.s Fonts/build/GlyphText/FontText_7FBC.font.s Fonts/build/GlyphItem/FontItem_7525.font.s Fonts/build/GlyphItem/FontItem_55E8.font.s Fonts/build/GlyphText/FontText_54A6.font.s Fonts/build/GlyphItem/FontItem_6194.font.s Fonts/build/GlyphText/FontText_7F03.font.s Fonts/build/GlyphText/FontText_5241.font.s Fonts/build/GlyphItem/FontItem_30C5.font.s Fonts/build/GlyphItem/FontItem_8C85.font.s Fonts/build/GlyphText/FontText_8FE8.font.s Fonts/build/GlyphText/FontText_9CB4.font.s Fonts/build/GlyphItem/FontItem_5FE7.font.s Fonts/build/GlyphItem/FontItem_5904.font.s Fonts/build/GlyphItem/FontItem_53E9.font.s Fonts/build/GlyphItem/FontItem_2234.font.s Fonts/build/GlyphItem/FontItem_8CE4.font.s Fonts/build/GlyphText/FontText_5EB5.font.s Fonts/build/GlyphItem/FontItem_592D.font.s Fonts/build/GlyphItem/FontItem_5107.font.s Fonts/build/GlyphItem/FontItem_754C.font.s Fonts/build/GlyphItem/FontItem_938F.font.s Fonts/build/GlyphItem/FontItem_7967.font.s Fonts/build/GlyphText/FontText_9688.font.s Fonts/build/GlyphItem/FontItem_7FCA.font.s Fonts/build/GlyphText/FontText_9172.font.s Fonts/build/GlyphItem/FontItem_5B5D.font.s Fonts/build/GlyphItem/FontItem_8BC3.font.s Fonts/build/GlyphItem/FontItem_5FB5.font.s Fonts/build/GlyphText/FontText_561E.font.s Fonts/build/GlyphItem/FontItem_76CD.font.s Fonts/build/GlyphItem/FontItem_8A48.font.s Fonts/build/GlyphText/FontText_953E.font.s Fonts/build/GlyphText/FontText_9062.font.s Fonts/build/GlyphItem/FontItem_6E3A.font.s Fonts/build/GlyphText/FontText_52FF.font.s Fonts/build/GlyphText/FontText_7D77.font.s Fonts/build/GlyphText/FontText_307B.font.s Fonts/build/GlyphItem/FontItem_67D1.font.s Fonts/build/GlyphText/FontText_6E1D.font.s Fonts/build/GlyphText/FontText_808C.font.s Fonts/build/GlyphItem/FontItem_53E6.font.s Fonts/build/GlyphText/FontText_7410.font.s Fonts/build/GlyphItem/FontItem_30BE.font.s Fonts/build/GlyphText/FontText_7EDB.font.s Fonts/build/GlyphText/FontText_963D.font.s Fonts/build/GlyphItem/FontItem_60BB.font.s Fonts/build/GlyphItem/FontItem_0092.font.s Fonts/build/GlyphText/FontText_4EAD.font.s Fonts/build/GlyphText/FontText_8FBC.font.s Fonts/build/GlyphText/FontText_8132.font.s Fonts/build/GlyphItem/FontItem_60E7.font.s Fonts/build/GlyphItem/FontItem_6BEF.font.s Fonts/build/GlyphText/FontText_73B0.font.s Fonts/build/GlyphItem/FontItem_624D.font.s Fonts/build/GlyphItem/FontItem_4F0D.font.s Fonts/build/GlyphText/FontText_99D2.font.s Fonts/build/GlyphItem/FontItem_5018.font.s Fonts/build/GlyphItem/FontItem_7410.font.s Fonts/build/GlyphText/FontText_5DFD.font.s Fonts/build/GlyphText/FontText_52E7.font.s Fonts/build/GlyphText/FontText_602A.font.s Fonts/build/GlyphText/FontText_8093.font.s Fonts/build/GlyphText/FontText_686B.font.s Fonts/build/GlyphItem/FontItem_5BFC.font.s Fonts/build/GlyphItem/FontItem_5212.font.s Fonts/build/GlyphItem/FontItem_52B2.font.s Fonts/build/GlyphText/FontText_6F47.font.s Fonts/build/GlyphText/FontText_9792.font.s Fonts/build/GlyphText/FontText_5ED6.font.s Fonts/build/GlyphText/FontText_4ECA.font.s Fonts/build/GlyphItem/FontItem_7EEE.font.s Fonts/build/GlyphText/FontText_9F13.font.s Fonts/build/GlyphItem/FontItem_9CA0.font.s Fonts/build/GlyphText/FontText_5E19.font.s Fonts/build/GlyphItem/FontItem_8017.font.s Fonts/build/GlyphItem/FontItem_5F89.font.s Fonts/build/GlyphItem/FontItem_830F.font.s Fonts/build/GlyphItem/FontItem_7CCA.font.s Fonts/build/GlyphText/FontText_82BD.font.s Fonts/build/GlyphItem/FontItem_8E05.font.s Fonts/build/GlyphText/FontText_7ABF.font.s Fonts/build/GlyphItem/FontItem_9880.font.s Fonts/build/GlyphText/FontText_8BC5.font.s Fonts/build/GlyphItem/FontItem_521B.font.s Fonts/build/GlyphText/FontText_5443.font.s Fonts/build/GlyphItem/FontItem_7688.font.s Fonts/build/GlyphText/FontText_9634.font.s Fonts/build/GlyphItem/FontItem_795E.font.s Fonts/build/GlyphItem/FontItem_96B9.font.s Fonts/build/GlyphItem/FontItem_9B48.font.s Fonts/build/GlyphText/FontText_857E.font.s Fonts/build/GlyphText/FontText_517D.font.s Fonts/build/GlyphItem/FontItem_7978.font.s Fonts/build/GlyphItem/FontItem_75DB.font.s Fonts/build/GlyphItem/FontItem_76D0.font.s Fonts/build/GlyphText/FontText_0058.font.s Fonts/build/GlyphText/FontText_53F9.font.s Fonts/build/GlyphItem/FontItem_7887.font.s Fonts/build/GlyphItem/FontItem_9776.font.s Fonts/build/GlyphText/FontText_8E99.font.s Fonts/build/GlyphItem/FontItem_5E72.font.s Fonts/build/GlyphItem/FontItem_804D.font.s Fonts/build/GlyphText/FontText_9E87.font.s Fonts/build/GlyphText/FontText_87CB.font.s Fonts/build/GlyphText/FontText_5451.font.s Fonts/build/GlyphText/FontText_9AEA.font.s Fonts/build/GlyphItem/FontItem_868D.font.s Fonts/build/GlyphItem/FontItem_6E67.font.s Fonts/build/GlyphText/FontText_65AB.font.s Fonts/build/GlyphItem/FontItem_75D4.font.s Fonts/build/GlyphItem/FontItem_65CB.font.s Fonts/build/GlyphItem/FontItem_94D9.font.s Fonts/build/GlyphText/FontText_511F.font.s Fonts/build/GlyphItem/FontItem_0069.font.s Fonts/build/GlyphItem/FontItem_69A8.font.s Fonts/build/GlyphText/FontText_8C5A.font.s Fonts/build/GlyphText/FontText_00C4.font.s Fonts/build/GlyphItem/FontItem_76C2.font.s Fonts/build/GlyphItem/FontItem_6D07.font.s Fonts/build/GlyphItem/FontItem_3083.font.s Fonts/build/GlyphText/FontText_0023.font.s Fonts/build/GlyphText/FontText_70AF.font.s Fonts/build/GlyphText/FontText_8DCC.font.s Fonts/build/GlyphText/FontText_652B.font.s Fonts/build/GlyphItem/FontItem_907F.font.s Fonts/build/GlyphItem/FontItem_5FFD.font.s Fonts/build/GlyphText/FontText_51F3.font.s Fonts/build/GlyphItem/FontItem_90C4.font.s Fonts/build/GlyphItem/FontItem_9CB2.font.s Fonts/build/GlyphText/FontText_72AC.font.s Fonts/build/GlyphText/FontText_61AB.font.s Fonts/build/GlyphItem/FontItem_4EF5.font.s Fonts/build/GlyphText/FontText_950B.font.s Fonts/build/GlyphText/FontText_6216.font.s Fonts/build/GlyphItem/FontItem_8FDD.font.s Fonts/build/GlyphText/FontText_85AE.font.s Fonts/build/GlyphItem/FontItem_85D0.font.s Fonts/build/GlyphItem/FontItem_54CC.font.s Fonts/build/GlyphItem/FontItem_6F74.font.s Fonts/build/GlyphItem/FontItem_7FE6.font.s Fonts/build/GlyphItem/FontItem_95F1.font.s Fonts/build/GlyphItem/FontItem_7F7E.font.s Fonts/build/GlyphText/FontText_6816.font.s Fonts/build/GlyphText/FontText_0025.font.s Fonts/build/GlyphText/FontText_307A.font.s Fonts/build/GlyphItem/FontItem_6FA7.font.s Fonts/build/GlyphItem/FontItem_8D1F.font.s Fonts/build/GlyphItem/FontItem_9AC0.font.s Fonts/build/GlyphItem/FontItem_603B.font.s Fonts/build/GlyphText/FontText_877E.font.s Fonts/build/GlyphText/FontText_6392.font.s Fonts/build/GlyphText/FontText_878B.font.s Fonts/build/GlyphItem/FontItem_9EE2.font.s Fonts/build/GlyphText/FontText_70BC.font.s Fonts/build/GlyphText/FontText_793E.font.s Fonts/build/GlyphText/FontText_5F64.font.s Fonts/build/GlyphText/FontText_86EE.font.s Fonts/build/GlyphItem/FontItem_5178.font.s Fonts/build/GlyphItem/FontItem_7F12.font.s Fonts/build/GlyphText/FontText_8882.font.s Fonts/build/GlyphText/FontText_81EC.font.s Fonts/build/GlyphText/FontText_9E8B.font.s Fonts/build/GlyphItem/FontItem_54AD.font.s Fonts/build/GlyphText/FontText_6106.font.s Fonts/build/GlyphItem/FontItem_624E.font.s Fonts/build/GlyphItem/FontItem_30AF.font.s Fonts/build/GlyphText/FontText_80C4.font.s Fonts/build/GlyphText/FontText_7EEA.font.s Fonts/build/GlyphItem/FontItem_867C.font.s Fonts/build/GlyphItem/FontItem_6603.font.s Fonts/build/GlyphText/FontText_786B.font.s Fonts/build/GlyphText/FontText_6BBB.font.s Fonts/build/GlyphItem/FontItem_8FE8.font.s Fonts/build/GlyphText/FontText_600E.font.s Fonts/build/GlyphText/FontText_678B.font.s Fonts/build/GlyphItem/FontItem_5C51.font.s Fonts/build/GlyphItem/FontItem_60B6.font.s Fonts/build/GlyphItem/FontItem_6A71.font.s Fonts/build/GlyphText/FontText_5E26.font.s Fonts/build/GlyphItem/FontItem_6280.font.s Fonts/build/GlyphText/FontText_7704.font.s Fonts/build/GlyphText/FontText_5821.font.s Fonts/build/GlyphItem/FontItem_904A.font.s Fonts/build/GlyphItem/FontItem_7981.font.s Fonts/build/GlyphItem/FontItem_94B0.font.s Fonts/build/GlyphItem/FontItem_5C59.font.s Fonts/build/GlyphText/FontText_5C61.font.s Fonts/build/GlyphItem/FontItem_5475.font.s Fonts/build/GlyphText/FontText_90AC.font.s Fonts/build/GlyphText/FontText_907D.font.s Fonts/build/GlyphText/FontText_84C4.font.s Fonts/build/GlyphText/FontText_848B.font.s Fonts/build/GlyphText/FontText_9604.font.s Fonts/build/GlyphText/FontText_79EB.font.s Fonts/build/GlyphItem/FontItem_8709.font.s Fonts/build/GlyphText/FontText_7C16.font.s Fonts/build/GlyphItem/FontItem_8205.font.s Fonts/build/GlyphItem/FontItem_96E3.font.s Fonts/build/GlyphText/FontText_96F3.font.s Fonts/build/GlyphItem/FontItem_86F4.font.s Fonts/build/GlyphText/FontText_6F33.font.s Fonts/build/GlyphItem/FontItem_55D4.font.s Fonts/build/GlyphItem/FontItem_61B7.font.s Fonts/build/GlyphItem/FontItem_75CD.font.s Fonts/build/GlyphItem/FontItem_7F25.font.s Fonts/build/GlyphItem/FontItem_587E.font.s Fonts/build/GlyphText/FontText_6D12.font.s Fonts/build/GlyphText/FontText_63C6.font.s Fonts/build/GlyphItem/FontItem_71E6.font.s Fonts/build/GlyphText/FontText_97A0.font.s Fonts/build/GlyphText/FontText_94F3.font.s Fonts/build/GlyphText/FontText_9875.font.s Fonts/build/GlyphItem/FontItem_30CE.font.s Fonts/build/GlyphItem/FontItem_9697.font.s Fonts/build/GlyphText/FontText_955D.font.s Fonts/build/GlyphText/FontText_6078.font.s Fonts/build/GlyphText/FontText_8F9B.font.s Fonts/build/GlyphItem/FontItem_77E5.font.s Fonts/build/GlyphText/FontText_8FFD.font.s Fonts/build/GlyphItem/FontItem_6241.font.s Fonts/build/GlyphText/FontText_5A76.font.s Fonts/build/GlyphText/FontText_529D.font.s Fonts/build/GlyphItem/FontItem_9A13.font.s Fonts/build/GlyphText/FontText_91CC.font.s Fonts/build/GlyphItem/FontItem_9991.font.s Fonts/build/GlyphItem/FontItem_8F87.font.s Fonts/build/GlyphItem/FontItem_30E2.font.s Fonts/build/GlyphText/FontText_75B1.font.s Fonts/build/GlyphText/FontText_72E0.font.s Fonts/build/GlyphItem/FontItem_94EA.font.s Fonts/build/GlyphText/FontText_62F3.font.s Fonts/build/GlyphItem/FontItem_6CD6.font.s Fonts/build/GlyphText/FontText_8D2A.font.s Fonts/build/GlyphItem/FontItem_5D3E.font.s Fonts/build/GlyphText/FontText_FF30.font.s Fonts/build/GlyphText/FontText_9A82.font.s Fonts/build/GlyphText/FontText_68C9.font.s Fonts/build/GlyphText/FontText_7603.font.s Fonts/build/GlyphText/FontText_4E34.font.s Fonts/build/GlyphItem/FontItem_5EA7.font.s Fonts/build/GlyphText/FontText_9FA0.font.s Fonts/build/GlyphItem/FontItem_6D1E.font.s Fonts/build/GlyphItem/FontItem_74D2.font.s Fonts/build/GlyphText/FontText_7985.font.s Fonts/build/GlyphText/FontText_970D.font.s Fonts/build/GlyphItem/FontItem_0053.font.s Fonts/build/GlyphText/FontText_82E0.font.s Fonts/build/GlyphText/FontText_64D7.font.s Fonts/build/GlyphItem/FontItem_66F0.font.s Fonts/build/GlyphItem/FontItem_5A55.font.s Fonts/build/GlyphItem/FontItem_5F62.font.s Fonts/build/GlyphText/FontText_6B64.font.s Fonts/build/GlyphText/FontText_85AF.font.s Fonts/build/GlyphText/FontText_90C4.font.s Fonts/build/GlyphItem/FontItem_76B4.font.s Fonts/build/GlyphItem/FontItem_70F7.font.s Fonts/build/GlyphText/FontText_6577.font.s Fonts/build/GlyphItem/FontItem_800B.font.s Fonts/build/GlyphItem/FontItem_53DF.font.s Fonts/build/GlyphItem/FontItem_5FA1.font.s Fonts/build/GlyphItem/FontItem_86DF.font.s Fonts/build/GlyphText/FontText_9570.font.s Fonts/build/GlyphItem/FontItem_86CD.font.s Fonts/build/GlyphText/FontText_9670.font.s Fonts/build/GlyphItem/FontItem_4FC5.font.s Fonts/build/GlyphText/FontText_5358.font.s Fonts/build/GlyphText/FontText_0092.font.s Fonts/build/GlyphText/FontText_5A1C.font.s Fonts/build/GlyphItem/FontItem_576D.font.s Fonts/build/GlyphText/FontText_5C3E.font.s Fonts/build/GlyphText/FontText_8C8A.font.s Fonts/build/GlyphItem/FontItem_8DE8.font.s Fonts/build/GlyphItem/FontItem_8ACC.font.s Fonts/build/GlyphText/FontText_6452.font.s Fonts/build/GlyphItem/FontItem_62FE.font.s Fonts/build/GlyphText/FontText_63AD.font.s Fonts/build/GlyphText/FontText_841D.font.s Fonts/build/GlyphText/FontText_706F.font.s Fonts/build/GlyphText/FontText_94F1.font.s Fonts/build/GlyphText/FontText_778E.font.s Fonts/build/GlyphText/FontText_55C5.font.s Fonts/build/GlyphItem/FontItem_7F22.font.s Fonts/build/GlyphText/FontText_8108.font.s Fonts/build/GlyphText/FontText_6D9D.font.s Fonts/build/GlyphItem/FontItem_86A4.font.s Fonts/build/GlyphItem/FontItem_5F2F.font.s Fonts/build/GlyphText/FontText_90B4.font.s Fonts/build/GlyphText/FontText_622E.font.s Fonts/build/GlyphItem/FontItem_5587.font.s Fonts/build/GlyphText/FontText_82D2.font.s Fonts/build/GlyphText/FontText_8584.font.s Fonts/build/GlyphItem/FontItem_86E9.font.s Fonts/build/GlyphItem/FontItem_4F57.font.s Fonts/build/GlyphText/FontText_591F.font.s Fonts/build/GlyphItem/FontItem_8C17.font.s Fonts/build/GlyphText/FontText_949D.font.s Fonts/build/GlyphText/FontText_30D0.font.s Fonts/build/GlyphItem/FontItem_8776.font.s Fonts/build/GlyphText/FontText_5D47.font.s Fonts/build/GlyphItem/FontItem_851F.font.s Fonts/build/GlyphItem/FontItem_5F9C.font.s Fonts/build/GlyphText/FontText_8131.font.s Fonts/build/GlyphItem/FontItem_5F0F.font.s Fonts/build/GlyphText/FontText_7EAB.font.s Fonts/build/GlyphItem/FontItem_83EA.font.s Fonts/build/GlyphText/FontText_75E4.font.s Fonts/build/GlyphText/FontText_5DE8.font.s Fonts/build/GlyphItem/FontItem_656B.font.s Fonts/build/GlyphItem/FontItem_9672.font.s Fonts/build/GlyphText/FontText_9539.font.s Fonts/build/GlyphText/FontText_5ADC.font.s Fonts/build/GlyphText/FontText_8D37.font.s Fonts/build/GlyphText/FontText_9A70.font.s Fonts/build/GlyphItem/FontItem_5E62.font.s Fonts/build/GlyphItem/FontItem_FF55.font.s Fonts/build/GlyphItem/FontItem_5455.font.s Fonts/build/GlyphItem/FontItem_960E.font.s Fonts/build/GlyphItem/FontItem_5216.font.s Fonts/build/GlyphText/FontText_84FC.font.s Fonts/build/GlyphText/FontText_9568.font.s Fonts/build/GlyphItem/FontItem_5ADC.font.s Fonts/build/GlyphItem/FontItem_635F.font.s Fonts/build/GlyphText/FontText_6C81.font.s Fonts/build/GlyphItem/FontItem_505A.font.s Fonts/build/GlyphItem/FontItem_5830.font.s Fonts/build/GlyphText/FontText_5AB2.font.s Fonts/build/GlyphItem/FontItem_7483.font.s Fonts/build/GlyphItem/FontItem_5F8C.font.s Fonts/build/GlyphText/FontText_3082.font.s Fonts/build/GlyphItem/FontItem_5254.font.s Fonts/build/GlyphItem/FontItem_57AE.font.s Fonts/build/GlyphText/FontText_9A91.font.s Fonts/build/GlyphText/FontText_6E2B.font.s Fonts/build/GlyphItem/FontItem_9700.font.s Fonts/build/GlyphItem/FontItem_FF5A.font.s Fonts/build/GlyphText/FontText_5A7F.font.s Fonts/build/GlyphText/FontText_82B1.font.s Fonts/build/GlyphText/FontText_8146.font.s Fonts/build/GlyphItem/FontItem_002A.font.s Fonts/build/GlyphText/FontText_9E66.font.s Fonts/build/GlyphItem/FontItem_561B.font.s Fonts/build/GlyphText/FontText_9898.font.s Fonts/build/GlyphItem/FontItem_5F11.font.s Fonts/build/GlyphText/FontText_6795.font.s Fonts/build/GlyphItem/FontItem_7596.font.s Fonts/build/GlyphText/FontText_6276.font.s Fonts/build/GlyphItem/FontItem_86CF.font.s Fonts/build/GlyphText/FontText_7F0D.font.s Fonts/build/GlyphItem/FontItem_30EA.font.s Fonts/build/GlyphText/FontText_98D8.font.s Fonts/build/GlyphItem/FontItem_004D.font.s Fonts/build/GlyphText/FontText_7BB8.font.s Fonts/build/GlyphItem/FontItem_726F.font.s Fonts/build/GlyphItem/FontItem_97FF.font.s Fonts/build/GlyphText/FontText_77A9.font.s Fonts/build/GlyphText/FontText_572F.font.s Fonts/build/GlyphItem/FontItem_6C81.font.s Fonts/build/GlyphText/FontText_30D1.font.s Fonts/build/GlyphItem/FontItem_51A0.font.s Fonts/build/GlyphItem/FontItem_8803.font.s Fonts/build/GlyphText/FontText_72B8.font.s Fonts/build/GlyphText/FontText_5CC1.font.s Fonts/build/GlyphItem/FontItem_6C54.font.s Fonts/build/GlyphText/FontText_7F32.font.s Fonts/build/GlyphItem/FontItem_8463.font.s Fonts/build/GlyphItem/FontItem_6C37.font.s Fonts/build/GlyphText/FontText_5600.font.s Fonts/build/GlyphText/FontText_6E23.font.s Fonts/build/GlyphText/FontText_8DF3.font.s Fonts/build/GlyphText/FontText_5366.font.s Fonts/build/GlyphText/FontText_511A.font.s Fonts/build/GlyphText/FontText_60AA.font.s Fonts/build/GlyphItem/FontItem_5B53.font.s Fonts/build/GlyphItem/FontItem_5C11.font.s Fonts/build/GlyphText/FontText_7802.font.s Fonts/build/GlyphText/FontText_5883.font.s Fonts/build/GlyphText/FontText_8BAE.font.s Fonts/build/GlyphText/FontText_6E44.font.s Fonts/build/GlyphText/FontText_6248.font.s Fonts/build/GlyphText/FontText_7237.font.s Fonts/build/GlyphText/FontText_FF4A.font.s Fonts/build/GlyphText/FontText_96FE.font.s Fonts/build/GlyphText/FontText_64B7.font.s Fonts/build/GlyphText/FontText_8BB4.font.s Fonts/build/GlyphItem/FontItem_80EF.font.s Fonts/build/GlyphItem/FontItem_9487.font.s Fonts/build/GlyphText/FontText_6FD1.font.s Fonts/build/GlyphText/FontText_80E7.font.s Fonts/build/GlyphText/FontText_631D.font.s Fonts/build/GlyphText/FontText_956C.font.s Fonts/build/GlyphText/FontText_601D.font.s Fonts/build/GlyphText/FontText_6709.font.s Fonts/build/GlyphItem/FontItem_7078.font.s Fonts/build/GlyphText/FontText_6D59.font.s Fonts/build/GlyphItem/FontItem_8F74.font.s Fonts/build/GlyphText/FontText_8C24.font.s Fonts/build/GlyphItem/FontItem_5600.font.s Fonts/build/GlyphText/FontText_5486.font.s Fonts/build/GlyphItem/FontItem_7946.font.s Fonts/build/GlyphText/FontText_918B.font.s Fonts/build/GlyphItem/FontItem_4EA1.font.s Fonts/build/GlyphItem/FontItem_30D1.font.s Fonts/build/GlyphText/FontText_9C91.font.s Fonts/build/GlyphText/FontText_4E26.font.s Fonts/build/GlyphItem/FontItem_867A.font.s Fonts/build/GlyphText/FontText_6BE1.font.s Fonts/build/GlyphText/FontText_6243.font.s Fonts/build/GlyphText/FontText_9980.font.s Fonts/build/GlyphText/FontText_4F11.font.s Fonts/build/GlyphText/FontText_6D78.font.s Fonts/build/GlyphItem/FontItem_6CA1.font.s Fonts/build/GlyphItem/FontItem_5BF5.font.s Fonts/build/GlyphItem/FontItem_741A.font.s Fonts/build/GlyphItem/FontItem_8208.font.s Fonts/build/GlyphText/FontText_90E2.font.s Fonts/build/GlyphItem/FontItem_044B.font.s Fonts/build/GlyphText/FontText_8365.font.s Fonts/build/GlyphText/FontText_840D.font.s Fonts/build/GlyphText/FontText_8C82.font.s Fonts/build/GlyphText/FontText_857B.font.s Fonts/build/GlyphText/FontText_8574.font.s Fonts/build/GlyphItem/FontItem_8D6D.font.s Fonts/build/GlyphText/FontText_9672.font.s Fonts/build/GlyphItem/FontItem_9EBD.font.s Fonts/build/GlyphItem/FontItem_7AFD.font.s Fonts/build/GlyphText/FontText_6657.font.s Fonts/build/GlyphText/FontText_982D.font.s Fonts/build/GlyphItem/FontItem_547F.font.s Fonts/build/GlyphText/FontText_9E41.font.s Fonts/build/GlyphItem/FontItem_8654.font.s Fonts/build/GlyphItem/FontItem_80AA.font.s Fonts/build/GlyphText/FontText_7617.font.s Fonts/build/GlyphItem/FontItem_58A9.font.s Fonts/build/GlyphText/FontText_55DC.font.s Fonts/build/GlyphText/FontText_7BC9.font.s Fonts/build/GlyphText/FontText_7D14.font.s Fonts/build/GlyphText/FontText_8D81.font.s Fonts/build/GlyphText/FontText_5EAB.font.s Fonts/build/GlyphItem/FontItem_8BBD.font.s Fonts/build/GlyphText/FontText_7ED9.font.s Fonts/build/GlyphItem/FontItem_9663.font.s Fonts/build/GlyphItem/FontItem_6CD5.font.s Fonts/build/GlyphText/FontText_55E8.font.s Fonts/build/GlyphItem/FontItem_6C69.font.s Fonts/build/GlyphItem/FontItem_FF1F.font.s Fonts/build/GlyphItem/FontItem_2026.font.s Fonts/build/GlyphText/FontText_6DC6.font.s Fonts/build/GlyphText/FontText_76E3.font.s Fonts/build/GlyphItem/FontItem_9504.font.s Fonts/build/GlyphItem/FontItem_83A9.font.s Fonts/build/GlyphItem/FontItem_FF22.font.s Fonts/build/GlyphText/FontText_581E.font.s Fonts/build/GlyphText/FontText_6E53.font.s Fonts/build/GlyphText/FontText_5180.font.s Fonts/build/GlyphText/FontText_9091.font.s Fonts/build/GlyphText/FontText_82F7.font.s Fonts/build/GlyphItem/FontItem_5047.font.s Fonts/build/GlyphText/FontText_9139.font.s Fonts/build/GlyphText/FontText_7618.font.s Fonts/build/GlyphItem/FontItem_767A.font.s Fonts/build/GlyphText/FontText_7A76.font.s Fonts/build/GlyphItem/FontItem_62EC.font.s Fonts/build/GlyphItem/FontItem_FF27.font.s Fonts/build/GlyphItem/FontItem_843C.font.s Fonts/build/GlyphText/FontText_7DA6.font.s Fonts/build/GlyphItem/FontItem_5584.font.s Fonts/build/GlyphItem/FontItem_846C.font.s Fonts/build/GlyphText/FontText_6D82.font.s Fonts/build/GlyphItem/FontItem_590D.font.s Fonts/build/GlyphText/FontText_6E25.font.s Fonts/build/GlyphItem/FontItem_7EE1.font.s Fonts/build/GlyphText/FontText_74E2.font.s Fonts/build/GlyphItem/FontItem_5288.font.s Fonts/build/GlyphItem/FontItem_54FF.font.s Fonts/build/GlyphText/FontText_8110.font.s Fonts/build/GlyphText/FontText_56E3.font.s Fonts/build/GlyphItem/FontItem_7942.font.s Fonts/build/GlyphItem/FontItem_722C.font.s Fonts/build/GlyphItem/FontItem_8304.font.s Fonts/build/GlyphText/FontText_54BB.font.s Fonts/build/GlyphText/FontText_5DF2.font.s Fonts/build/GlyphItem/FontItem_5403.font.s Fonts/build/GlyphText/FontText_59A8.font.s Fonts/build/GlyphItem/FontItem_52AD.font.s Fonts/build/GlyphItem/FontItem_5A49.font.s Fonts/build/GlyphText/FontText_6109.font.s Fonts/build/GlyphText/FontText_5DDD.font.s Fonts/build/GlyphText/FontText_89CA.font.s Fonts/build/GlyphItem/FontItem_4EEC.font.s Fonts/build/GlyphText/FontText_7F08.font.s Fonts/build/GlyphText/FontText_5FC6.font.s Fonts/build/GlyphText/FontText_86AC.font.s Fonts/build/GlyphItem/FontItem_822F.font.s Fonts/build/GlyphText/FontText_7B38.font.s Fonts/build/GlyphItem/FontItem_70E6.font.s Fonts/build/GlyphItem/FontItem_6D54.font.s Fonts/build/GlyphItem/FontItem_736F.font.s Fonts/build/GlyphItem/FontItem_9535.font.s Fonts/build/GlyphText/FontText_8E7F.font.s Fonts/build/GlyphText/FontText_5168.font.s Fonts/build/GlyphText/FontText_6C27.font.s Fonts/build/GlyphItem/FontItem_8717.font.s Fonts/build/GlyphText/FontText_5D06.font.s Fonts/build/GlyphText/FontText_8D2C.font.s Fonts/build/GlyphText/FontText_61D2.font.s Fonts/build/GlyphItem/FontItem_754B.font.s Fonts/build/GlyphText/FontText_80A4.font.s Fonts/build/GlyphText/FontText_8DEB.font.s Fonts/build/GlyphItem/FontItem_8ECD.font.s Fonts/build/GlyphItem/FontItem_91CF.font.s Fonts/build/GlyphText/FontText_6EF9.font.s Fonts/build/GlyphText/FontText_8832.font.s Fonts/build/GlyphText/FontText_71D4.font.s Fonts/build/GlyphText/FontText_746D.font.s Fonts/build/GlyphItem/FontItem_7592.font.s Fonts/build/GlyphText/FontText_573E.font.s Fonts/build/GlyphText/FontText_80CE.font.s Fonts/build/GlyphText/FontText_6833.font.s Fonts/build/GlyphText/FontText_98A5.font.s Fonts/build/GlyphText/FontText_62E9.font.s Fonts/build/GlyphItem/FontItem_539F.font.s Fonts/build/GlyphItem/FontItem_803D.font.s Fonts/build/GlyphItem/FontItem_9091.font.s Fonts/build/GlyphItem/FontItem_827E.font.s Fonts/build/GlyphItem/FontItem_64AE.font.s Fonts/build/GlyphItem/FontItem_5634.font.s Fonts/build/GlyphText/FontText_987A.font.s Fonts/build/GlyphText/FontText_83B1.font.s Fonts/build/GlyphText/FontText_8461.font.s Fonts/build/GlyphItem/FontItem_5B5A.font.s Fonts/build/GlyphText/FontText_51C0.font.s Fonts/build/GlyphText/FontText_809C.font.s Fonts/build/GlyphText/FontText_5AAA.font.s Fonts/build/GlyphItem/FontItem_97EA.font.s Fonts/build/GlyphItem/FontItem_821C.font.s Fonts/build/GlyphItem/FontItem_75C2.font.s Fonts/build/GlyphText/FontText_7432.font.s Fonts/build/GlyphItem/FontItem_691F.font.s Fonts/build/GlyphText/FontText_8426.font.s Fonts/build/GlyphText/FontText_508D.font.s Fonts/build/GlyphText/FontText_004E.font.s Fonts/build/GlyphText/FontText_752B.font.s Fonts/build/GlyphText/FontText_7011.font.s Fonts/build/GlyphText/FontText_7FF0.font.s Fonts/build/GlyphText/FontText_4EFD.font.s Fonts/build/GlyphText/FontText_8D5E.font.s Fonts/build/GlyphItem/FontItem_4F5F.font.s Fonts/build/GlyphItem/FontItem_8B0E.font.s Fonts/build/GlyphText/FontText_94B6.font.s Fonts/build/GlyphText/FontText_7194.font.s Fonts/build/GlyphText/FontText_75B3.font.s Fonts/build/GlyphItem/FontItem_5192.font.s Fonts/build/GlyphText/FontText_8BB9.font.s Fonts/build/GlyphText/FontText_52AD.font.s Fonts/build/GlyphItem/FontItem_749C.font.s Fonts/build/GlyphItem/FontItem_5A07.font.s Fonts/build/GlyphItem/FontItem_6881.font.s Fonts/build/GlyphText/FontText_7B5B.font.s Fonts/build/GlyphItem/FontItem_7BB4.font.s Fonts/build/GlyphItem/FontItem_84C4.font.s Fonts/build/GlyphItem/FontItem_626C.font.s Fonts/build/GlyphItem/FontItem_830E.font.s Fonts/build/GlyphItem/FontItem_760C.font.s Fonts/build/GlyphText/FontText_9716.font.s Fonts/build/GlyphItem/FontItem_82DC.font.s Fonts/build/GlyphText/FontText_6A4B.font.s Fonts/build/GlyphText/FontText_9969.font.s Fonts/build/GlyphText/FontText_94B5.font.s Fonts/build/GlyphItem/FontItem_74A8.font.s Fonts/build/GlyphText/FontText_8D62.font.s Fonts/build/GlyphItem/FontItem_5132.font.s Fonts/build/GlyphText/FontText_5F2D.font.s Fonts/build/GlyphText/FontText_5026.font.s Fonts/build/GlyphItem/FontItem_30E7.font.s Fonts/build/GlyphText/FontText_7638.font.s Fonts/build/GlyphItem/FontItem_9648.font.s Fonts/build/GlyphItem/FontItem_8BA3.font.s Fonts/build/GlyphItem/FontItem_9ED2.font.s Fonts/build/GlyphText/FontText_8564.font.s Fonts/build/GlyphText/FontText_9A8C.font.s Fonts/build/GlyphText/FontText_5F88.font.s Fonts/build/GlyphText/FontText_8BC9.font.s Fonts/build/GlyphText/FontText_558B.font.s Fonts/build/GlyphText/FontText_4FA0.font.s Fonts/build/GlyphItem/FontItem_8D46.font.s Fonts/build/GlyphText/FontText_59FF.font.s Fonts/build/GlyphText/FontText_8AB0.font.s Fonts/build/GlyphItem/FontItem_8E0A.font.s Fonts/build/GlyphText/FontText_7953.font.s Fonts/build/GlyphItem/FontItem_8D4B.font.s Fonts/build/GlyphItem/FontItem_5BF0.font.s Fonts/build/GlyphItem/FontItem_83DC.font.s Fonts/build/GlyphItem/FontItem_6DE0.font.s Fonts/build/GlyphText/FontText_4EEB.font.s Fonts/build/GlyphItem/FontItem_7F0D.font.s Fonts/build/GlyphText/FontText_753A.font.s Fonts/build/GlyphItem/FontItem_4EF7.font.s Fonts/build/GlyphItem/FontItem_5A31.font.s Fonts/build/GlyphText/FontText_53F0.font.s Fonts/build/GlyphItem/FontItem_755A.font.s Fonts/build/GlyphText/FontText_6EDE.font.s Fonts/build/GlyphText/FontText_7EDE.font.s Fonts/build/GlyphText/FontText_8DDA.font.s Fonts/build/GlyphItem/FontItem_6DA1.font.s Fonts/build/GlyphItem/FontItem_9E67.font.s Fonts/build/GlyphItem/FontItem_6ECB.font.s Fonts/build/GlyphItem/FontItem_531D.font.s Fonts/build/GlyphItem/FontItem_8BAF.font.s Fonts/build/GlyphItem/FontItem_91B5.font.s Fonts/build/GlyphText/FontText_5782.font.s Fonts/build/GlyphText/FontText_7089.font.s Fonts/build/GlyphItem/FontItem_6301.font.s Fonts/build/GlyphText/FontText_8338.font.s Fonts/build/GlyphItem/FontItem_7EDF.font.s Fonts/build/GlyphItem/FontItem_889C.font.s Fonts/build/GlyphText/FontText_6C34.font.s Fonts/build/GlyphItem/FontItem_9EB8.font.s Fonts/build/GlyphItem/FontItem_5200.font.s Fonts/build/GlyphText/FontText_3088.font.s Fonts/build/GlyphItem/FontItem_6DA7.font.s Fonts/build/GlyphText/FontText_7B4B.font.s Fonts/build/GlyphText/FontText_81E3.font.s Fonts/build/GlyphText/FontText_5BDE.font.s Fonts/build/GlyphText/FontText_9A84.font.s Fonts/build/GlyphText/FontText_831C.font.s Fonts/build/GlyphItem/FontItem_6252.font.s Fonts/build/GlyphItem/FontItem_6041.font.s Fonts/build/GlyphText/FontText_7BE5.font.s Fonts/build/GlyphText/FontText_5BA0.font.s Fonts/build/GlyphItem/FontItem_6670.font.s Fonts/build/GlyphItem/FontItem_8F94.font.s Fonts/build/GlyphItem/FontItem_3054.font.s Fonts/build/GlyphText/FontText_FF4E.font.s Fonts/build/GlyphText/FontText_6545.font.s Fonts/build/GlyphItem/FontItem_88E2.font.s Fonts/build/GlyphItem/FontItem_73AF.font.s Fonts/build/GlyphItem/FontItem_5D99.font.s Fonts/build/GlyphItem/FontItem_521A.font.s Fonts/build/GlyphText/FontText_90D0.font.s Fonts/build/GlyphText/FontText_5AE1.font.s Fonts/build/GlyphItem/FontItem_878B.font.s Fonts/build/GlyphText/FontText_5819.font.s Fonts/build/GlyphItem/FontItem_5685.font.s Fonts/build/GlyphText/FontText_30B8.font.s Fonts/build/GlyphItem/FontItem_30B6.font.s Fonts/build/GlyphItem/FontItem_6253.font.s Fonts/build/GlyphText/FontText_9707.font.s Fonts/build/GlyphText/FontText_965B.font.s Fonts/build/GlyphText/FontText_7CA5.font.s Fonts/build/GlyphText/FontText_7FE5.font.s Fonts/build/GlyphText/FontText_7115.font.s Fonts/build/GlyphItem/FontItem_523D.font.s Fonts/build/GlyphItem/FontItem_55D1.font.s Fonts/build/GlyphText/FontText_9E37.font.s Fonts/build/GlyphText/FontText_5C3A.font.s Fonts/build/GlyphItem/FontItem_3085.font.s Fonts/build/GlyphText/FontText_6421.font.s Fonts/build/GlyphItem/FontItem_6F62.font.s Fonts/build/GlyphText/FontText_717D.font.s Fonts/build/GlyphText/FontText_51B0.font.s Fonts/build/GlyphItem/FontItem_79DF.font.s Fonts/build/GlyphText/FontText_99C4.font.s Fonts/build/GlyphItem/FontItem_5CE4.font.s Fonts/build/GlyphItem/FontItem_7D46.font.s Fonts/build/GlyphText/FontText_532A.font.s Fonts/build/GlyphText/FontText_6BEB.font.s Fonts/build/GlyphText/FontText_95FA.font.s Fonts/build/GlyphItem/FontItem_5075.font.s Fonts/build/GlyphItem/FontItem_773C.font.s Fonts/build/GlyphItem/FontItem_7AFF.font.s Fonts/build/GlyphText/FontText_7EF2.font.s Fonts/build/GlyphText/FontText_5C42.font.s Fonts/build/GlyphText/FontText_55CD.font.s Fonts/build/GlyphText/FontText_7EF8.font.s Fonts/build/GlyphText/FontText_6EC1.font.s Fonts/build/GlyphItem/FontItem_6218.font.s Fonts/build/GlyphText/FontText_835C.font.s Fonts/build/GlyphItem/FontItem_7A83.font.s Fonts/build/GlyphItem/FontItem_6CF8.font.s Fonts/build/GlyphText/FontText_7078.font.s Fonts/build/GlyphText/FontText_6CF6.font.s Fonts/build/GlyphItem/FontItem_8291.font.s Fonts/build/GlyphItem/FontItem_5632.font.s Fonts/build/GlyphText/FontText_6653.font.s Fonts/build/GlyphItem/FontItem_6D66.font.s Fonts/build/GlyphItem/FontItem_8BF0.font.s Fonts/build/GlyphText/FontText_9149.font.s Fonts/build/GlyphItem/FontItem_6772.font.s Fonts/build/GlyphText/FontText_9F62.font.s Fonts/build/GlyphItem/FontItem_5341.font.s Fonts/build/GlyphItem/FontItem_81C1.font.s Fonts/build/GlyphItem/FontItem_6D27.font.s Fonts/build/GlyphText/FontText_7BB4.font.s Fonts/build/GlyphItem/FontItem_63BB.font.s Fonts/build/GlyphText/FontText_8D91.font.s Fonts/build/GlyphItem/FontItem_6F3E.font.s Fonts/build/GlyphText/FontText_90F8.font.s Fonts/build/GlyphItem/FontItem_6555.font.s Fonts/build/GlyphItem/FontItem_7719.font.s Fonts/build/GlyphItem/FontItem_30D3.font.s Fonts/build/GlyphText/FontText_603F.font.s Fonts/build/GlyphItem/FontItem_6050.font.s Fonts/build/GlyphText/FontText_9A85.font.s Fonts/build/GlyphText/FontText_988D.font.s Fonts/build/GlyphItem/FontItem_611A.font.s Fonts/build/GlyphItem/FontItem_8E9C.font.s Fonts/build/GlyphItem/FontItem_614A.font.s Fonts/build/GlyphText/FontText_788E.font.s Fonts/build/GlyphText/FontText_9CA3.font.s Fonts/build/GlyphItem/FontItem_9761.font.s Fonts/build/GlyphItem/FontItem_6D39.font.s Fonts/build/GlyphItem/FontItem_8E70.font.s Fonts/build/GlyphText/FontText_9854.font.s Fonts/build/GlyphItem/FontItem_575F.font.s Fonts/build/GlyphItem/FontItem_564C.font.s Fonts/build/GlyphItem/FontItem_5567.font.s Fonts/build/GlyphText/FontText_9896.font.s Fonts/build/GlyphItem/FontItem_8559.font.s Fonts/build/GlyphText/FontText_5E3B.font.s Fonts/build/GlyphText/FontText_800C.font.s Fonts/build/GlyphItem/FontItem_4F5E.font.s Fonts/build/GlyphText/FontText_67D3.font.s Fonts/build/GlyphItem/FontItem_8FC4.font.s Fonts/build/GlyphText/FontText_85A4.font.s Fonts/build/GlyphText/FontText_94D8.font.s Fonts/build/GlyphItem/FontItem_5522.font.s Fonts/build/GlyphItem/FontItem_6E0C.font.s Fonts/build/GlyphItem/FontItem_5F27.font.s Fonts/build/GlyphItem/FontItem_638E.font.s Fonts/build/GlyphText/FontText_6325.font.s Fonts/build/GlyphItem/FontItem_7A80.font.s Fonts/build/GlyphItem/FontItem_4F1A.font.s Fonts/build/GlyphItem/FontItem_9589.font.s Fonts/build/GlyphText/FontText_9A78.font.s Fonts/build/GlyphText/FontText_7428.font.s Fonts/build/GlyphItem/FontItem_8F73.font.s Fonts/build/GlyphItem/FontItem_8282.font.s Fonts/build/GlyphText/FontText_86A3.font.s Fonts/build/GlyphItem/FontItem_7AF9.font.s Fonts/build/GlyphItem/FontItem_74F4.font.s Fonts/build/GlyphItem/FontItem_5A3C.font.s Fonts/build/GlyphText/FontText_6410.font.s Fonts/build/GlyphItem/FontItem_660E.font.s Fonts/build/GlyphItem/FontItem_4EDF.font.s Fonts/build/GlyphText/FontText_305A.font.s Fonts/build/GlyphText/FontText_8D6B.font.s Fonts/build/GlyphItem/FontItem_8BF5.font.s Fonts/build/GlyphText/FontText_533A.font.s Fonts/build/GlyphItem/FontItem_55EC.font.s Fonts/build/GlyphText/FontText_62E0.font.s Fonts/build/GlyphItem/FontItem_81F4.font.s Fonts/build/GlyphText/FontText_8308.font.s Fonts/build/GlyphItem/FontItem_7BD9.font.s Fonts/build/GlyphItem/FontItem_7FDF.font.s Fonts/build/GlyphItem/FontItem_618E.font.s Fonts/build/GlyphText/FontText_69D8.font.s Fonts/build/GlyphItem/FontItem_8E7F.font.s Fonts/build/GlyphItem/FontItem_6BEA.font.s Fonts/build/GlyphText/FontText_59D2.font.s Fonts/build/GlyphText/FontText_52FA.font.s Fonts/build/GlyphItem/FontItem_9631.font.s Fonts/build/GlyphItem/FontItem_6C85.font.s Fonts/build/GlyphText/FontText_7B56.font.s Fonts/build/GlyphText/FontText_50ED.font.s Fonts/build/GlyphItem/FontItem_5CBD.font.s Fonts/build/GlyphText/FontText_304E.font.s Fonts/build/GlyphItem/FontItem_70C2.font.s Fonts/build/GlyphText/FontText_57A9.font.s Fonts/build/GlyphText/FontText_8D05.font.s Fonts/build/GlyphText/FontText_8D2F.font.s Fonts/build/GlyphText/FontText_5F69.font.s Fonts/build/GlyphText/FontText_3081.font.s Fonts/build/GlyphText/FontText_5BFE.font.s Fonts/build/GlyphItem/FontItem_919B.font.s Fonts/build/GlyphText/FontText_5E2E.font.s Fonts/build/GlyphText/FontText_592F.font.s Fonts/build/GlyphText/FontText_6D3D.font.s Fonts/build/GlyphItem/FontItem_6717.font.s Fonts/build/GlyphItem/FontItem_542C.font.s Fonts/build/GlyphText/FontText_84D1.font.s Fonts/build/GlyphItem/FontItem_3082.font.s Fonts/build/GlyphText/FontText_9897.font.s Fonts/build/GlyphItem/FontItem_7ECF.font.s Fonts/build/GlyphText/FontText_91AD.font.s Fonts/build/GlyphItem/FontItem_8785.font.s Fonts/build/GlyphItem/FontItem_7EC0.font.s Fonts/build/GlyphItem/FontItem_8E90.font.s Fonts/build/GlyphText/FontText_306E.font.s Fonts/build/GlyphItem/FontItem_73AE.font.s Fonts/build/GlyphText/FontText_8709.font.s Fonts/build/GlyphText/FontText_5225.font.s Fonts/build/GlyphText/FontText_6CC4.font.s Fonts/build/GlyphItem/FontItem_2160.font.s Fonts/build/GlyphItem/FontItem_4FA6.font.s Fonts/build/GlyphText/FontText_9F86.font.s Fonts/build/GlyphItem/FontItem_9F84.font.s Fonts/build/GlyphItem/FontItem_5F7C.font.s Fonts/build/GlyphText/FontText_78D4.font.s Fonts/build/GlyphText/FontText_96C7.font.s Fonts/build/GlyphText/FontText_62CD.font.s Fonts/build/GlyphItem/FontItem_94FA.font.s Fonts/build/GlyphText/FontText_4FF8.font.s Fonts/build/GlyphItem/FontItem_83E0.font.s Fonts/build/GlyphText/FontText_7E4A.font.s Fonts/build/GlyphItem/FontItem_8B26.font.s Fonts/build/GlyphText/FontText_7EC4.font.s Fonts/build/GlyphItem/FontItem_6C34.font.s Fonts/build/GlyphItem/FontItem_6D6F.font.s Fonts/build/GlyphText/FontText_6E38.font.s Fonts/build/GlyphText/FontText_7D50.font.s Fonts/build/GlyphText/FontText_8D47.font.s Fonts/build/GlyphText/FontText_5A9E.font.s Fonts/build/GlyphItem/FontItem_7F2E.font.s Fonts/build/GlyphText/FontText_5D6B.font.s Fonts/build/GlyphItem/FontItem_6748.font.s Fonts/build/GlyphText/FontText_9512.font.s Fonts/build/GlyphText/FontText_5411.font.s Fonts/build/GlyphText/FontText_7643.font.s Fonts/build/GlyphText/FontText_52B9.font.s Fonts/build/GlyphText/FontText_67E5.font.s Fonts/build/GlyphText/FontText_7CB3.font.s Fonts/build/GlyphText/FontText_6A39.font.s Fonts/build/GlyphItem/FontItem_8944.font.s Fonts/build/GlyphItem/FontItem_7A91.font.s Fonts/build/GlyphItem/FontItem_7AE6.font.s Fonts/build/GlyphItem/FontItem_5BA2.font.s Fonts/build/GlyphText/FontText_6C8C.font.s Fonts/build/GlyphItem/FontItem_71CE.font.s Fonts/build/GlyphText/FontText_8272.font.s Fonts/build/GlyphText/FontText_7FFB.font.s Fonts/build/GlyphItem/FontItem_6127.font.s Fonts/build/GlyphText/FontText_5CCB.font.s Fonts/build/GlyphText/FontText_94CD.font.s Fonts/build/GlyphText/FontText_517B.font.s Fonts/build/GlyphItem/FontItem_8038.font.s Fonts/build/GlyphText/FontText_7D0B.font.s Fonts/build/GlyphItem/FontItem_5B63.font.s Fonts/build/GlyphItem/FontItem_66E6.font.s Fonts/build/GlyphText/FontText_65D7.font.s Fonts/build/GlyphText/FontText_7B33.font.s Fonts/build/GlyphText/FontText_6BC5.font.s Fonts/build/GlyphItem/FontItem_7F1C.font.s Fonts/build/GlyphText/FontText_6E08.font.s Fonts/build/GlyphItem/FontItem_5499.font.s Fonts/build/GlyphItem/FontItem_9A79.font.s Fonts/build/GlyphText/FontText_9ABA.font.s Fonts/build/GlyphItem/FontItem_9EFE.font.s Fonts/build/GlyphText/FontText_89CF.font.s Fonts/build/GlyphText/FontText_5FC3.font.s Fonts/build/GlyphText/FontText_8D61.font.s Fonts/build/GlyphText/FontText_9550.font.s Fonts/build/GlyphText/FontText_902D.font.s Fonts/build/GlyphText/FontText_5146.font.s Fonts/build/GlyphItem/FontItem_6CFD.font.s Fonts/build/GlyphItem/FontItem_4EEE.font.s Fonts/build/GlyphText/FontText_9888.font.s Fonts/build/GlyphItem/FontItem_748B.font.s Fonts/build/GlyphItem/FontItem_71D4.font.s Fonts/build/GlyphText/FontText_68D2.font.s Fonts/build/GlyphText/FontText_6EB2.font.s Fonts/build/GlyphItem/FontItem_62CE.font.s Fonts/build/GlyphItem/FontItem_94AD.font.s Fonts/build/GlyphItem/FontItem_94E1.font.s Fonts/build/GlyphItem/FontItem_6DDD.font.s Fonts/build/GlyphText/FontText_8BBA.font.s Fonts/build/GlyphText/FontText_74E6.font.s Fonts/build/GlyphText/FontText_8D45.font.s Fonts/build/GlyphItem/FontItem_5730.font.s Fonts/build/GlyphText/FontText_6B89.font.s Fonts/build/GlyphItem/FontItem_2179.font.s Fonts/build/GlyphText/FontText_5E05.font.s Fonts/build/GlyphText/FontText_5385.font.s Fonts/build/GlyphItem/FontItem_9A9C.font.s Fonts/build/GlyphItem/FontItem_8B77.font.s Fonts/build/GlyphItem/FontItem_85AC.font.s Fonts/build/GlyphText/FontText_8FB0.font.s Fonts/build/GlyphText/FontText_822D.font.s Fonts/build/GlyphItem/FontItem_7EF1.font.s Fonts/build/GlyphText/FontText_7CA2.font.s Fonts/build/GlyphItem/FontItem_6C93.font.s Fonts/build/GlyphText/FontText_5941.font.s Fonts/build/GlyphItem/FontItem_65BC.font.s Fonts/build/GlyphItem/FontItem_850C.font.s Fonts/build/GlyphText/FontText_641E.font.s Fonts/build/GlyphItem/FontItem_62EF.font.s Fonts/build/GlyphText/FontText_5632.font.s Fonts/build/GlyphItem/FontItem_777E.font.s Fonts/build/GlyphItem/FontItem_6C89.font.s Fonts/build/GlyphItem/FontItem_8B70.font.s Fonts/build/GlyphItem/FontItem_4FE8.font.s Fonts/build/GlyphItem/FontItem_5395.font.s Fonts/build/GlyphItem/FontItem_3076.font.s Fonts/build/GlyphText/FontText_902F.font.s Fonts/build/GlyphItem/FontItem_9580.font.s Fonts/build/GlyphText/FontText_55FE.font.s Fonts/build/GlyphItem/FontItem_73C8.font.s Fonts/build/GlyphText/FontText_95EF.font.s Fonts/build/GlyphText/FontText_6832.font.s Fonts/build/GlyphItem/FontItem_5206.font.s Fonts/build/GlyphText/FontText_6EE5.font.s Fonts/build/GlyphText/FontText_7A74.font.s Fonts/build/GlyphItem/FontItem_5F70.font.s Fonts/build/GlyphText/FontText_728F.font.s Fonts/build/GlyphItem/FontItem_9716.font.s Fonts/build/GlyphItem/FontItem_FF42.font.s Fonts/build/GlyphItem/FontItem_8D40.font.s Fonts/build/GlyphText/FontText_51C4.font.s Fonts/build/GlyphItem/FontItem_57A0.font.s Fonts/build/GlyphText/FontText_5A67.font.s Fonts/build/GlyphItem/FontItem_7EC5.font.s Fonts/build/GlyphItem/FontItem_563F.font.s Fonts/build/GlyphItem/FontItem_94DF.font.s Fonts/build/GlyphText/FontText_9642.font.s Fonts/build/GlyphText/FontText_72E9.font.s Fonts/build/GlyphText/FontText_8DBC.font.s Fonts/build/GlyphText/FontText_62D2.font.s Fonts/build/GlyphItem/FontItem_898B.font.s Fonts/build/GlyphItem/FontItem_89D2.font.s Fonts/build/GlyphItem/FontItem_4E56.font.s Fonts/build/GlyphItem/FontItem_9176.font.s Fonts/build/GlyphItem/FontItem_6E80.font.s Fonts/build/GlyphItem/FontItem_63B3.font.s Fonts/build/GlyphText/FontText_6B38.font.s Fonts/build/GlyphItem/FontItem_30DB.font.s Fonts/build/GlyphText/FontText_9A55.font.s Fonts/build/GlyphText/FontText_68C0.font.s Fonts/build/GlyphItem/FontItem_5A46.font.s Fonts/build/GlyphItem/FontItem_80B4.font.s Fonts/build/GlyphText/FontText_763F.font.s Fonts/build/GlyphItem/FontItem_607D.font.s Fonts/build/GlyphItem/FontItem_75AC.font.s Fonts/build/GlyphItem/FontItem_8F90.font.s Fonts/build/GlyphText/FontText_5951.font.s Fonts/build/GlyphItem/FontItem_8C1C.font.s Fonts/build/GlyphItem/FontItem_75A5.font.s Fonts/build/GlyphItem/FontItem_697D.font.s Fonts/build/GlyphItem/FontItem_730A.font.s Fonts/build/GlyphItem/FontItem_62C9.font.s Fonts/build/GlyphItem/FontItem_6770.font.s Fonts/build/GlyphText/FontText_571C.font.s Fonts/build/GlyphText/FontText_6A47.font.s Fonts/build/GlyphItem/FontItem_90FE.font.s Fonts/build/GlyphItem/FontItem_8713.font.s Fonts/build/GlyphItem/FontItem_3012.font.s Fonts/build/GlyphText/FontText_8424.font.s Fonts/build/GlyphItem/FontItem_5440.font.s Fonts/build/GlyphItem/FontItem_6848.font.s Fonts/build/GlyphText/FontText_5892.font.s Fonts/build/GlyphItem/FontItem_53F3.font.s Fonts/build/GlyphItem/FontItem_610E.font.s Fonts/build/GlyphItem/FontItem_53F6.font.s Fonts/build/GlyphText/FontText_8077.font.s Fonts/build/GlyphText/FontText_8C46.font.s Fonts/build/GlyphText/FontText_9074.font.s Fonts/build/GlyphText/FontText_7E41.font.s Fonts/build/GlyphItem/FontItem_8C49.font.s Fonts/build/GlyphText/FontText_6743.font.s Fonts/build/GlyphText/FontText_FF2E.font.s Fonts/build/GlyphText/FontText_5348.font.s Fonts/build/GlyphItem/FontItem_80BA.font.s Fonts/build/GlyphText/FontText_9CA0.font.s Fonts/build/GlyphText/FontText_5189.font.s Fonts/build/GlyphItem/FontItem_6496.font.s Fonts/build/GlyphItem/FontItem_62BB.font.s Fonts/build/GlyphItem/FontItem_7686.font.s Fonts/build/GlyphItem/FontItem_5FAC.font.s Fonts/build/GlyphText/FontText_7236.font.s Fonts/build/GlyphItem/FontItem_866E.font.s Fonts/build/GlyphItem/FontItem_4E8F.font.s Fonts/build/GlyphItem/FontItem_8F71.font.s Fonts/build/GlyphText/FontText_8682.font.s Fonts/build/GlyphItem/FontItem_6740.font.s Fonts/build/GlyphItem/FontItem_83B1.font.s Fonts/build/GlyphText/FontText_8D48.font.s Fonts/build/GlyphItem/FontItem_5851.font.s Fonts/build/GlyphText/FontText_891B.font.s Fonts/build/GlyphItem/FontItem_9583.font.s Fonts/build/GlyphText/FontText_61BE.font.s Fonts/build/GlyphText/FontText_59DD.font.s Fonts/build/GlyphItem/FontItem_6C28.font.s Fonts/build/GlyphItem/FontItem_5421.font.s Fonts/build/GlyphItem/FontItem_5AD4.font.s Fonts/build/GlyphText/FontText_9CCD.font.s Fonts/build/GlyphItem/FontItem_967A.font.s Fonts/build/GlyphItem/FontItem_5C99.font.s Fonts/build/GlyphItem/FontItem_220B.font.s Fonts/build/GlyphItem/FontItem_7A0D.font.s Fonts/build/GlyphText/FontText_57C3.font.s Fonts/build/GlyphText/FontText_9AE6.font.s Fonts/build/GlyphItem/FontItem_8333.font.s Fonts/build/GlyphItem/FontItem_87BD.font.s Fonts/build/GlyphItem/FontItem_9676.font.s Fonts/build/GlyphItem/FontItem_75D8.font.s Fonts/build/GlyphText/FontText_8C19.font.s Fonts/build/GlyphItem/FontItem_6A79.font.s Fonts/build/GlyphItem/FontItem_3047.font.s Fonts/build/GlyphItem/FontItem_920D.font.s Fonts/build/GlyphItem/FontItem_704C.font.s Fonts/build/GlyphItem/FontItem_9000.font.s Fonts/build/GlyphText/FontText_5DF7.font.s Fonts/build/GlyphItem/FontItem_8A17.font.s Fonts/build/GlyphText/FontText_5DE7.font.s Fonts/build/GlyphText/FontText_50A5.font.s Fonts/build/GlyphText/FontText_6D0B.font.s Fonts/build/GlyphText/FontText_6F9C.font.s Fonts/build/GlyphItem/FontItem_8D45.font.s Fonts/build/GlyphItem/FontItem_67E9.font.s Fonts/build/GlyphItem/FontItem_5182.font.s Fonts/build/GlyphItem/FontItem_5DFB.font.s Fonts/build/GlyphItem/FontItem_877C.font.s Fonts/build/GlyphItem/FontItem_8CBF.font.s Fonts/build/GlyphItem/FontItem_68D5.font.s Fonts/build/GlyphText/FontText_53DB.font.s Fonts/build/GlyphText/FontText_556A.font.s Fonts/build/GlyphItem/FontItem_6F84.font.s Fonts/build/GlyphItem/FontItem_5751.font.s Fonts/build/GlyphText/FontText_522E.font.s Fonts/build/GlyphText/FontText_60F6.font.s Fonts/build/GlyphText/FontText_5F70.font.s Fonts/build/GlyphItem/FontItem_6C9F.font.s Fonts/build/GlyphItem/FontItem_5321.font.s Fonts/build/GlyphText/FontText_7967.font.s Fonts/build/GlyphItem/FontItem_7CBD.font.s Fonts/build/GlyphItem/FontItem_6C17.font.s Fonts/build/GlyphItem/FontItem_547D.font.s Fonts/build/GlyphItem/FontItem_752D.font.s Fonts/build/GlyphItem/FontItem_828F.font.s Fonts/build/GlyphItem/FontItem_FF34.font.s Fonts/build/GlyphItem/FontItem_627F.font.s Fonts/build/GlyphItem/FontItem_984C.font.s Fonts/build/GlyphText/FontText_8910.font.s Fonts/build/GlyphText/FontText_9F37.font.s Fonts/build/GlyphItem/FontItem_7A84.font.s Fonts/build/GlyphItem/FontItem_5CB1.font.s Fonts/build/GlyphItem/FontItem_6BC1.font.s Fonts/build/GlyphText/FontText_51F8.font.s Fonts/build/GlyphText/FontText_6177.font.s Fonts/build/GlyphItem/FontItem_9805.font.s Fonts/build/GlyphText/FontText_8E90.font.s Fonts/build/GlyphItem/FontItem_7DD2.font.s Fonts/build/GlyphText/FontText_84D0.font.s Fonts/build/GlyphText/FontText_94F9.font.s Fonts/build/GlyphItem/FontItem_7574.font.s Fonts/build/GlyphItem/FontItem_5AAA.font.s Fonts/build/GlyphItem/FontItem_7817.font.s Fonts/build/GlyphText/FontText_9996.font.s Fonts/build/GlyphItem/FontItem_0048.font.s Fonts/build/GlyphText/FontText_9678.font.s Fonts/build/GlyphItem/FontItem_5EFA.font.s Contants/ChapterTitles/Source/Ch0Title.4bpp Fonts/build/GlyphItem/FontItem_9065.font.s Fonts/build/GlyphItem/FontItem_75A3.font.s Fonts/build/GlyphItem/FontItem_5E06.font.s Fonts/build/GlyphText/FontText_743C.font.s Fonts/build/GlyphText/FontText_68F9.font.s Fonts/build/GlyphItem/FontItem_98DA.font.s Fonts/build/GlyphItem/FontItem_7F03.font.s Fonts/build/GlyphItem/FontItem_627E.font.s Fonts/build/GlyphItem/FontItem_7C7D.font.s Fonts/build/GlyphText/FontText_6CAE.font.s Fonts/build/GlyphText/FontText_60A9.font.s Fonts/build/GlyphText/FontText_8228.font.s Fonts/build/GlyphItem/FontItem_9E44.font.s Fonts/build/GlyphText/FontText_9519.font.s Fonts/build/GlyphText/FontText_9530.font.s Fonts/build/GlyphText/FontText_6D89.font.s Fonts/build/GlyphText/FontText_54BD.font.s Fonts/build/GlyphText/FontText_03A9.font.s Fonts/build/GlyphItem/FontItem_7654.font.s Fonts/build/GlyphText/FontText_7EA5.font.s Fonts/build/GlyphText/FontText_8FD9.font.s Fonts/build/GlyphItem/FontItem_99D0.font.s Fonts/build/GlyphText/FontText_60DF.font.s Fonts/build/GlyphItem/FontItem_6DEB.font.s Fonts/build/GlyphText/FontText_8BE3.font.s Fonts/build/GlyphItem/FontItem_8BC9.font.s Fonts/build/GlyphText/FontText_30DE.font.s Fonts/build/GlyphItem/FontItem_6BF9.font.s Fonts/build/GlyphText/FontText_7901.font.s Fonts/build/GlyphText/FontText_6447.font.s Fonts/build/GlyphItem/FontItem_6BC5.font.s Fonts/build/GlyphText/FontText_7AA8.font.s Fonts/build/GlyphText/FontText_8112.font.s Fonts/build/GlyphText/FontText_7CB9.font.s Fonts/build/GlyphItem/FontItem_72FC.font.s Fonts/build/GlyphItem/FontItem_94C4.font.s Fonts/build/GlyphText/FontText_7984.font.s Fonts/build/GlyphText/FontText_9486.font.s Fonts/build/GlyphText/FontText_642C.font.s Fonts/build/GlyphText/FontText_6E14.font.s Fonts/build/GlyphItem/FontItem_6591.font.s Fonts/build/GlyphItem/FontItem_987C.font.s Fonts/build/GlyphText/FontText_8198.font.s Fonts/build/GlyphText/FontText_9F9F.font.s Fonts/build/GlyphItem/FontItem_90A3.font.s Fonts/build/GlyphItem/FontItem_786C.font.s Fonts/build/GlyphText/FontText_5EB3.font.s Fonts/build/GlyphText/FontText_9EBB.font.s Fonts/build/GlyphText/FontText_962E.font.s Fonts/build/GlyphItem/FontItem_961A.font.s Fonts/build/GlyphItem/FontItem_5777.font.s Fonts/build/GlyphText/FontText_8C31.font.s Fonts/build/GlyphText/FontText_997C.font.s Fonts/build/GlyphText/FontText_80B7.font.s Fonts/build/GlyphText/FontText_94D1.font.s Fonts/build/GlyphText/FontText_6954.font.s Fonts/build/GlyphText/FontText_5B84.font.s Fonts/build/GlyphText/FontText_4E9F.font.s Fonts/build/GlyphText/FontText_56F0.font.s Fonts/build/GlyphItem/FontItem_7BC1.font.s Fonts/build/GlyphText/FontText_66F7.font.s Fonts/build/GlyphItem/FontItem_6A21.font.s Fonts/build/GlyphItem/FontItem_9509.font.s Fonts/build/GlyphItem/FontItem_5150.font.s Fonts/build/GlyphText/FontText_958B.font.s Fonts/build/GlyphText/FontText_8A98.font.s Fonts/build/GlyphText/FontText_622F.font.s Fonts/build/GlyphItem/FontItem_6CEE.font.s Fonts/build/GlyphText/FontText_83BC.font.s Fonts/build/GlyphText/FontText_9150.font.s Fonts/build/GlyphText/FontText_6D74.font.s Fonts/build/GlyphItem/FontItem_7E82.font.s Fonts/build/GlyphItem/FontItem_0042.font.s Fonts/build/GlyphText/FontText_81FE.font.s Fonts/build/GlyphText/FontText_5CD2.font.s Fonts/build/GlyphText/FontText_8AA0.font.s Fonts/build/GlyphItem/FontItem_6148.font.s Fonts/build/GlyphText/FontText_72F8.font.s Fonts/build/GlyphItem/FontItem_6DFB.font.s Fonts/build/GlyphText/FontText_9122.font.s Fonts/build/GlyphText/FontText_8DF8.font.s Fonts/build/GlyphText/FontText_7406.font.s Fonts/build/GlyphText/FontText_880A.font.s Fonts/build/GlyphItem/FontItem_60F9.font.s Fonts/build/GlyphText/FontText_7C1F.font.s Fonts/build/GlyphText/FontText_64BA.font.s Fonts/build/GlyphText/FontText_53C1.font.s Fonts/build/GlyphText/FontText_5E96.font.s Fonts/build/GlyphText/FontText_86DF.font.s Fonts/build/GlyphText/FontText_7A88.font.s Fonts/build/GlyphItem/FontItem_7FD5.font.s Fonts/build/GlyphText/FontText_916A.font.s Fonts/build/GlyphText/FontText_954D.font.s Fonts/build/GlyphItem/FontItem_620A.font.s Fonts/build/GlyphItem/FontItem_9992.font.s Fonts/build/GlyphItem/FontItem_5E1C.font.s Fonts/build/GlyphItem/FontItem_9975.font.s Fonts/build/GlyphItem/FontItem_5E8F.font.s Fonts/build/GlyphItem/FontItem_85AA.font.s Fonts/build/GlyphItem/FontItem_3007.font.s Fonts/build/GlyphText/FontText_53ED.font.s Fonts/build/GlyphItem/FontItem_5E01.font.s Fonts/build/GlyphText/FontText_8336.font.s Fonts/build/GlyphItem/FontItem_9CD9.font.s Fonts/build/GlyphText/FontText_30C4.font.s Fonts/build/GlyphText/FontText_7325.font.s Fonts/build/GlyphText/FontText_8BC2.font.s Fonts/build/GlyphText/FontText_FF2D.font.s Fonts/build/GlyphText/FontText_75B5.font.s Fonts/build/GlyphItem/FontItem_4EA7.font.s Fonts/build/GlyphText/FontText_82B8.font.s Fonts/build/GlyphText/FontText_88CF.font.s Fonts/build/GlyphText/FontText_9F20.font.s Fonts/build/GlyphItem/FontItem_2208.font.s Fonts/build/GlyphItem/FontItem_4E3F.font.s Fonts/build/GlyphItem/FontItem_7406.font.s Fonts/build/GlyphItem/FontItem_2192.font.s Fonts/build/GlyphItem/FontItem_25CB.font.s Fonts/build/GlyphText/FontText_8DA3.font.s Fonts/build/GlyphText/FontText_5757.font.s Fonts/build/GlyphItem/FontItem_557E.font.s Fonts/build/GlyphItem/FontItem_783C.font.s Fonts/build/GlyphItem/FontItem_5CAC.font.s Fonts/build/GlyphItem/FontItem_64B8.font.s Fonts/build/GlyphItem/FontItem_8E31.font.s Fonts/build/GlyphItem/FontItem_70BB.font.s Fonts/build/GlyphText/FontText_903C.font.s Fonts/build/GlyphText/FontText_705E.font.s Fonts/build/GlyphItem/FontItem_6EBD.font.s Fonts/build/GlyphText/FontText_8611.font.s Fonts/build/GlyphItem/FontItem_9E6B.font.s Fonts/build/GlyphItem/FontItem_9655.font.s Fonts/build/GlyphItem/FontItem_9608.font.s Fonts/build/GlyphText/FontText_515C.font.s Fonts/build/GlyphText/FontText_FF50.font.s Fonts/build/GlyphItem/FontItem_871C.font.s Fonts/build/GlyphItem/FontItem_707C.font.s Fonts/build/GlyphText/FontText_67EF.font.s Fonts/build/GlyphItem/FontItem_8700.font.s Fonts/build/GlyphItem/FontItem_601B.font.s Fonts/build/GlyphText/FontText_9ACC.font.s Fonts/build/GlyphText/FontText_6DAA.font.s Fonts/build/GlyphText/FontText_57A1.font.s Fonts/build/GlyphItem/FontItem_8202.font.s Fonts/build/GlyphItem/FontItem_6676.font.s Fonts/build/GlyphText/FontText_006C.font.s Fonts/build/GlyphItem/FontItem_9738.font.s Fonts/build/GlyphItem/FontItem_57DD.font.s Fonts/build/GlyphText/FontText_9765.font.s Fonts/build/GlyphItem/FontItem_2606.font.s Fonts/build/GlyphItem/FontItem_557C.font.s Fonts/build/GlyphItem/FontItem_5E5B.font.s Fonts/build/GlyphItem/FontItem_9798.font.s Fonts/build/GlyphText/FontText_3058.font.s Fonts/build/GlyphItem/FontItem_307C.font.s Fonts/build/GlyphItem/FontItem_3088.font.s Fonts/build/GlyphText/FontText_5197.font.s Fonts/build/GlyphText/FontText_70C2.font.s Fonts/build/GlyphItem/FontItem_7F8E.font.s Fonts/build/GlyphItem/FontItem_9C9C.font.s Fonts/build/GlyphText/FontText_65A7.font.s Fonts/build/GlyphItem/FontItem_4EC2.font.s Fonts/build/GlyphItem/FontItem_5939.font.s Fonts/build/GlyphItem/FontItem_53F7.font.s Fonts/build/GlyphText/FontText_6C69.font.s Fonts/build/GlyphItem/FontItem_4FAC.font.s Fonts/build/GlyphItem/FontItem_5937.font.s Fonts/build/GlyphItem/FontItem_6C4A.font.s Fonts/build/GlyphText/FontText_7B7E.font.s Fonts/build/GlyphItem/FontItem_53F1.font.s Fonts/build/GlyphItem/FontItem_4E9B.font.s Fonts/build/GlyphText/FontText_8ABF.font.s Fonts/build/GlyphText/FontText_00CD.font.s Fonts/build/GlyphItem/FontItem_84D1.font.s Fonts/build/GlyphItem/FontItem_7535.font.s Fonts/build/GlyphText/FontText_901F.font.s Fonts/build/GlyphItem/FontItem_82B7.font.s Fonts/build/GlyphItem/FontItem_716E.font.s Fonts/build/GlyphItem/FontItem_95A2.font.s Fonts/build/GlyphItem/FontItem_952A.font.s Fonts/build/GlyphText/FontText_5F6A.font.s Fonts/build/GlyphText/FontText_7DCA.font.s Fonts/build/GlyphItem/FontItem_7C21.font.s Fonts/build/GlyphItem/FontItem_6C14.font.s Fonts/build/GlyphItem/FontItem_53C1.font.s Fonts/build/GlyphText/FontText_8F09.font.s Fonts/build/GlyphText/FontText_537A.font.s Fonts/build/GlyphItem/FontItem_9C8D.font.s Fonts/build/GlyphText/FontText_7A23.font.s Fonts/build/GlyphItem/FontItem_8F84.font.s Fonts/build/GlyphText/FontText_63CD.font.s Fonts/build/GlyphItem/FontItem_77FE.font.s Fonts/build/GlyphText/FontText_4F53.font.s Fonts/build/GlyphText/FontText_6BD3.font.s Fonts/build/GlyphText/FontText_6DB2.font.s Fonts/build/GlyphItem/FontItem_4F63.font.s Fonts/build/GlyphText/FontText_6E7F.font.s Fonts/build/GlyphText/FontText_8E81.font.s Fonts/build/GlyphText/FontText_683D.font.s Fonts/build/GlyphText/FontText_8681.font.s Fonts/build/GlyphText/FontText_6BC1.font.s Fonts/build/GlyphText/FontText_9CCC.font.s Fonts/build/GlyphText/FontText_539A.font.s Fonts/build/GlyphText/FontText_972D.font.s Fonts/build/GlyphItem/FontItem_7441.font.s Fonts/build/GlyphItem/FontItem_86D8.font.s Fonts/build/GlyphItem/FontItem_695D.font.s Fonts/build/GlyphItem/FontItem_7605.font.s Fonts/build/GlyphItem/FontItem_5FDD.font.s Fonts/build/GlyphText/FontText_8A93.font.s Fonts/build/GlyphText/FontText_564E.font.s Fonts/build/GlyphItem/FontItem_68B5.font.s Fonts/build/GlyphText/FontText_79E6.font.s Fonts/build/GlyphText/FontText_3046.font.s Fonts/build/GlyphItem/FontItem_96C1.font.s Fonts/build/GlyphItem/FontItem_536E.font.s Fonts/build/GlyphText/FontText_762D.font.s Fonts/build/GlyphText/FontText_732C.font.s Fonts/build/GlyphText/FontText_8BD5.font.s Fonts/build/GlyphText/FontText_8F91.font.s Fonts/build/GlyphText/FontText_8E2F.font.s Fonts/build/GlyphItem/FontItem_62F6.font.s Fonts/build/GlyphItem/FontItem_9E93.font.s Fonts/build/GlyphText/FontText_66F8.font.s Fonts/build/GlyphText/FontText_874E.font.s Fonts/build/GlyphText/FontText_93A7.font.s Fonts/build/GlyphItem/FontItem_78A7.font.s Fonts/build/GlyphText/FontText_63E1.font.s Fonts/build/GlyphText/FontText_80E5.font.s Fonts/build/GlyphText/FontText_7957.font.s Fonts/build/GlyphItem/FontItem_816E.font.s Fonts/build/GlyphItem/FontItem_7B90.font.s Fonts/build/GlyphText/FontText_50B2.font.s Fonts/build/GlyphItem/FontItem_634C.font.s Fonts/build/GlyphItem/FontItem_5729.font.s Fonts/build/GlyphText/FontText_6446.font.s Fonts/build/GlyphText/FontText_53E5.font.s Fonts/build/GlyphItem/FontItem_9688.font.s Fonts/build/GlyphItem/FontItem_5FCF.font.s Fonts/build/GlyphText/FontText_5F95.font.s Fonts/build/GlyphText/FontText_7C26.font.s Fonts/build/GlyphText/FontText_5E91.font.s Fonts/build/GlyphItem/FontItem_7CB2.font.s Fonts/build/GlyphText/FontText_949F.font.s Fonts/build/GlyphItem/FontItem_9486.font.s Fonts/build/GlyphItem/FontItem_7AD9.font.s Fonts/build/GlyphText/FontText_8E4B.font.s Fonts/build/GlyphText/FontText_74A9.font.s Fonts/build/GlyphItem/FontItem_6ED3.font.s Fonts/build/GlyphItem/FontItem_84E5.font.s Fonts/build/GlyphText/FontText_5949.font.s Fonts/build/GlyphText/FontText_516D.font.s Fonts/build/GlyphItem/FontItem_782C.font.s Fonts/build/GlyphText/FontText_5FF5.font.s Fonts/build/GlyphText/FontText_4F67.font.s Fonts/build/GlyphItem/FontItem_94F1.font.s Fonts/build/GlyphItem/FontItem_00E1.font.s Fonts/build/GlyphItem/FontItem_767E.font.s Fonts/build/GlyphItem/FontItem_5509.font.s Fonts/build/GlyphItem/FontItem_88FC.font.s Fonts/build/GlyphText/FontText_6A18.font.s Fonts/build/GlyphText/FontText_0430.font.s Fonts/build/GlyphItem/FontItem_6392.font.s Fonts/build/GlyphItem/FontItem_618B.font.s Fonts/build/GlyphItem/FontItem_94CE.font.s Fonts/build/GlyphText/FontText_00FB.font.s Fonts/build/GlyphText/FontText_4E89.font.s Fonts/build/GlyphText/FontText_6FD2.font.s Fonts/build/GlyphText/FontText_9998.font.s Fonts/build/GlyphText/FontText_61D1.font.s Fonts/build/GlyphText/FontText_7396.font.s Fonts/build/GlyphText/FontText_7321.font.s Fonts/build/GlyphItem/FontItem_840C.font.s Fonts/build/GlyphText/FontText_8535.font.s Fonts/build/GlyphItem/FontItem_9794.font.s Fonts/build/GlyphText/FontText_5FFF.font.s Fonts/build/GlyphItem/FontItem_82A6.font.s Fonts/build/GlyphText/FontText_72C8.font.s Fonts/build/GlyphItem/FontItem_9CBC.font.s Fonts/build/GlyphText/FontText_9A6C.font.s Fonts/build/GlyphText/FontText_80AF.font.s Fonts/build/GlyphItem/FontItem_713C.font.s Fonts/build/GlyphText/FontText_8315.font.s Fonts/build/GlyphText/FontText_6C35.font.s Fonts/build/GlyphText/FontText_9ECF.font.s Fonts/build/GlyphItem/FontItem_5310.font.s Fonts/build/GlyphText/FontText_58C7.font.s Fonts/build/GlyphText/FontText_6591.font.s Fonts/build/GlyphText/FontText_5807.font.s Fonts/build/GlyphItem/FontItem_97A3.font.s Fonts/build/GlyphText/FontText_6F6E.font.s Fonts/build/GlyphItem/FontItem_5A11.font.s Fonts/build/GlyphItem/FontItem_9713.font.s Fonts/build/GlyphText/FontText_9883.font.s Fonts/build/GlyphText/FontText_4E1B.font.s Fonts/build/GlyphItem/FontItem_9AB1.font.s Fonts/build/GlyphText/FontText_82E1.font.s Fonts/build/GlyphItem/FontItem_5769.font.s Fonts/build/GlyphItem/FontItem_64D0.font.s Fonts/build/GlyphItem/FontItem_6E7F.font.s Fonts/build/GlyphItem/FontItem_6BD9.font.s Fonts/build/GlyphItem/FontItem_65AF.font.s Fonts/build/GlyphText/FontText_9A7D.font.s Fonts/build/GlyphText/FontText_83C1.font.s Fonts/build/GlyphText/FontText_83A0.font.s Fonts/build/GlyphItem/FontItem_501C.font.s Fonts/build/GlyphText/FontText_65C5.font.s Fonts/build/GlyphText/FontText_7741.font.s Fonts/build/GlyphItem/FontItem_5316.font.s Fonts/build/GlyphText/FontText_FF4D.font.s Fonts/build/GlyphText/FontText_57DA.font.s Fonts/build/GlyphText/FontText_5938.font.s Fonts/build/GlyphItem/FontItem_81C2.font.s Fonts/build/GlyphItem/FontItem_7720.font.s Fonts/build/GlyphItem/FontItem_6684.font.s Fonts/build/GlyphText/FontText_6316.font.s Fonts/build/GlyphItem/FontItem_8C0E.font.s Fonts/build/GlyphItem/FontItem_53CA.font.s Fonts/build/GlyphItem/FontItem_8F7A.font.s Fonts/build/GlyphText/FontText_7A1E.font.s Fonts/build/GlyphItem/FontItem_655B.font.s Fonts/build/GlyphItem/FontItem_75D2.font.s Fonts/build/GlyphItem/FontItem_5E30.font.s Fonts/build/GlyphItem/FontItem_652B.font.s Fonts/build/GlyphItem/FontItem_65C6.font.s Fonts/build/GlyphText/FontText_0038.font.s Fonts/build/GlyphItem/FontItem_9012.font.s Fonts/build/GlyphText/FontText_4F3D.font.s Fonts/build/GlyphItem/FontItem_6668.font.s Fonts/build/GlyphItem/FontItem_50FB.font.s Fonts/build/GlyphItem/FontItem_6D6A.font.s Fonts/build/GlyphText/FontText_6441.font.s Fonts/build/GlyphItem/FontItem_659F.font.s Fonts/build/GlyphText/FontText_500B.font.s Fonts/build/GlyphItem/FontItem_79BD.font.s Fonts/build/GlyphText/FontText_7D27.font.s Fonts/build/GlyphItem/FontItem_52CB.font.s Fonts/build/GlyphItem/FontItem_9541.font.s Fonts/build/GlyphItem/FontItem_740F.font.s Fonts/build/GlyphText/FontText_827D.font.s Fonts/build/GlyphText/FontText_9A9D.font.s Fonts/build/GlyphText/FontText_5423.font.s Fonts/build/GlyphText/FontText_8E42.font.s Fonts/build/GlyphText/FontText_94C8.font.s Fonts/build/GlyphText/FontText_7B4F.font.s Fonts/build/GlyphText/FontText_7C2A.font.s Fonts/build/GlyphText/FontText_4F2A.font.s Fonts/build/GlyphItem/FontItem_9A93.font.s Fonts/build/GlyphItem/FontItem_640C.font.s Fonts/build/GlyphItem/FontItem_95FA.font.s Fonts/build/GlyphItem/FontItem_7434.font.s Fonts/build/GlyphText/FontText_5BD0.font.s Fonts/build/GlyphItem/FontItem_755B.font.s Fonts/build/GlyphText/FontText_65C4.font.s Fonts/build/GlyphItem/FontItem_8212.font.s Fonts/build/GlyphText/FontText_50A9.font.s Fonts/build/GlyphText/FontText_952B.font.s Fonts/build/GlyphText/FontText_6F70.font.s Fonts/build/GlyphItem/FontItem_9EFB.font.s Fonts/build/GlyphText/FontText_68A2.font.s Fonts/build/GlyphText/FontText_9F0B.font.s Fonts/build/GlyphItem/FontItem_539A.font.s Fonts/build/GlyphText/FontText_6FC3.font.s Fonts/build/GlyphItem/FontItem_9032.font.s Fonts/build/GlyphText/FontText_8DCE.font.s Fonts/build/GlyphText/FontText_80EA.font.s Fonts/build/GlyphItem/FontItem_5AB3.font.s Fonts/build/GlyphItem/FontItem_948B.font.s Fonts/build/GlyphText/FontText_86B4.font.s Fonts/build/GlyphText/FontText_7FC1.font.s Fonts/build/GlyphText/FontText_8E31.font.s Fonts/build/GlyphItem/FontItem_728D.font.s Fonts/build/GlyphItem/FontItem_5D0E.font.s Fonts/build/GlyphText/FontText_9F0E.font.s Fonts/build/GlyphItem/FontItem_7FA9.font.s Fonts/build/GlyphText/FontText_87C6.font.s Fonts/build/GlyphText/FontText_86D4.font.s Fonts/build/GlyphText/FontText_768B.font.s Fonts/build/GlyphText/FontText_5236.font.s Fonts/build/GlyphItem/FontItem_8C10.font.s Fonts/build/GlyphItem/FontItem_6454.font.s Fonts/build/GlyphText/FontText_8B26.font.s Fonts/build/GlyphItem/FontItem_98A0.font.s Fonts/build/GlyphText/FontText_9E2C.font.s Fonts/build/GlyphItem/FontItem_6677.font.s Fonts/build/GlyphText/FontText_57F8.font.s Fonts/build/GlyphItem/FontItem_50B7.font.s Fonts/build/GlyphText/FontText_51CB.font.s Fonts/build/GlyphText/FontText_8722.font.s Fonts/build/GlyphItem/FontItem_65A9.font.s Fonts/build/GlyphItem/FontItem_54BF.font.s Fonts/build/GlyphItem/FontItem_99AC.font.s Fonts/build/GlyphText/FontText_59DA.font.s Fonts/build/GlyphItem/FontItem_4E7E.font.s Fonts/build/GlyphItem/FontItem_6FB9.font.s Fonts/build/GlyphItem/FontItem_58F6.font.s Fonts/build/GlyphItem/FontItem_7601.font.s Fonts/build/GlyphText/FontText_54BF.font.s Fonts/build/GlyphItem/FontItem_8D84.font.s Fonts/build/GlyphItem/FontItem_65ED.font.s Fonts/build/GlyphItem/FontItem_6756.font.s Fonts/build/GlyphItem/FontItem_8F6F.font.s Fonts/build/GlyphText/FontText_7809.font.s Fonts/build/GlyphText/FontText_5769.font.s Fonts/build/GlyphItem/FontItem_8D75.font.s Fonts/build/GlyphText/FontText_5B40.font.s Fonts/build/GlyphText/FontText_5934.font.s Fonts/build/GlyphText/FontText_5A55.font.s Fonts/build/GlyphText/FontText_97EC.font.s Fonts/build/GlyphText/FontText_5B22.font.s Fonts/build/GlyphText/FontText_63D0.font.s Fonts/build/GlyphItem/FontItem_8BC2.font.s Fonts/build/GlyphText/FontText_67B7.font.s Fonts/build/GlyphText/FontText_5263.font.s Fonts/build/GlyphItem/FontItem_62E0.font.s Fonts/build/GlyphText/FontText_7968.font.s Fonts/build/GlyphText/FontText_84EE.font.s Fonts/build/GlyphItem/FontItem_7818.font.s Fonts/build/GlyphItem/FontItem_6396.font.s Fonts/build/GlyphItem/FontItem_8F88.font.s Fonts/build/GlyphText/FontText_5C02.font.s Fonts/build/GlyphText/FontText_87F9.font.s Fonts/build/GlyphItem/FontItem_7A51.font.s Fonts/build/GlyphItem/FontItem_6DEE.font.s Fonts/build/GlyphItem/FontItem_5ECA.font.s Fonts/build/GlyphItem/FontItem_891A.font.s Fonts/build/GlyphItem/FontItem_0046.font.s Fonts/build/GlyphText/FontText_6980.font.s Fonts/build/GlyphText/FontText_7629.font.s Fonts/build/GlyphText/FontText_5537.font.s Fonts/build/GlyphText/FontText_5C31.font.s Fonts/build/GlyphItem/FontItem_4FC4.font.s Fonts/build/GlyphText/FontText_30B4.font.s Fonts/build/GlyphItem/FontItem_61A8.font.s Fonts/build/GlyphText/FontText_94AD.font.s Fonts/build/GlyphItem/FontItem_FF13.font.s Fonts/build/GlyphText/FontText_9CD9.font.s Fonts/build/GlyphItem/FontItem_7EF5.font.s Fonts/build/GlyphItem/FontItem_5354.font.s Fonts/build/GlyphItem/FontItem_559F.font.s Fonts/build/GlyphText/FontText_8DBF.font.s Fonts/build/GlyphText/FontText_3083.font.s Fonts/build/GlyphText/FontText_81F4.font.s Fonts/build/GlyphItem/FontItem_6390.font.s Fonts/build/GlyphItem/FontItem_5C4B.font.s Fonts/build/GlyphText/FontText_7F8C.font.s Fonts/build/GlyphItem/FontItem_8C2D.font.s Fonts/build/GlyphItem/FontItem_76C5.font.s Fonts/build/GlyphText/FontText_5E1B.font.s Fonts/build/GlyphText/FontText_55BD.font.s Fonts/build/GlyphText/FontText_FF39.font.s Fonts/build/GlyphItem/FontItem_54CD.font.s Fonts/build/GlyphItem/FontItem_9CCF.font.s Fonts/build/GlyphItem/FontItem_557B.font.s Fonts/build/GlyphText/FontText_83E0.font.s Fonts/build/GlyphText/FontText_90BA.font.s Fonts/build/GlyphItem/FontItem_98E8.font.s Fonts/build/GlyphText/FontText_9739.font.s Fonts/build/GlyphItem/FontItem_933E.font.s Fonts/build/GlyphText/FontText_78D0.font.s Fonts/build/GlyphItem/FontItem_63E0.font.s Fonts/build/GlyphItem/FontItem_8DB1.font.s Fonts/build/GlyphText/FontText_63D2.font.s Fonts/build/GlyphText/FontText_8D53.font.s Fonts/build/GlyphItem/FontItem_98DE.font.s Fonts/build/GlyphItem/FontItem_6657.font.s Fonts/build/GlyphItem/FontItem_88FE.font.s Fonts/build/GlyphItem/FontItem_0064.font.s Fonts/build/GlyphItem/FontItem_8864.font.s Fonts/build/GlyphItem/FontItem_73C2.font.s Fonts/build/GlyphText/FontText_8CD1.font.s Fonts/build/GlyphItem/FontItem_822D.font.s Fonts/build/GlyphItem/FontItem_4E0C.font.s Fonts/build/GlyphItem/FontItem_0026.font.s Fonts/build/GlyphText/FontText_5BEE.font.s Fonts/build/GlyphItem/FontItem_733E.font.s Fonts/build/GlyphItem/FontItem_5208.font.s Fonts/build/GlyphText/FontText_6014.font.s Fonts/build/GlyphText/FontText_909B.font.s Fonts/build/GlyphItem/FontItem_5EFE.font.s Fonts/build/GlyphText/FontText_556D.font.s Fonts/build/GlyphText/FontText_03A4.font.s Fonts/build/GlyphText/FontText_5471.font.s Fonts/build/GlyphText/FontText_89CB.font.s Fonts/build/GlyphItem/FontItem_5409.font.s Fonts/build/GlyphText/FontText_786A.font.s Fonts/build/GlyphText/FontText_828E.font.s Fonts/build/GlyphItem/FontItem_5601.font.s Fonts/build/GlyphItem/FontItem_52C9.font.s Fonts/build/GlyphItem/FontItem_5594.font.s Fonts/build/GlyphItem/FontItem_5988.font.s Fonts/build/GlyphText/FontText_7656.font.s Fonts/build/GlyphText/FontText_73ED.font.s Fonts/build/GlyphItem/FontItem_7B54.font.s Fonts/build/GlyphItem/FontItem_77AC.font.s Fonts/build/GlyphText/FontText_5281.font.s Fonts/build/GlyphItem/FontItem_8BB0.font.s Fonts/build/GlyphItem/FontItem_58F3.font.s Fonts/build/GlyphText/FontText_6253.font.s Fonts/build/GlyphText/FontText_9E20.font.s Fonts/build/GlyphText/FontText_4E3E.font.s Fonts/build/GlyphText/FontText_9AA1.font.s Fonts/build/GlyphItem/FontItem_5C79.font.s Fonts/build/GlyphText/FontText_6563.font.s Fonts/build/GlyphItem/FontItem_8E2E.font.s Fonts/build/GlyphText/FontText_7615.font.s Fonts/build/GlyphItem/FontItem_83B2.font.s Fonts/build/GlyphItem/FontItem_86F1.font.s Fonts/build/GlyphText/FontText_5831.font.s Fonts/build/GlyphItem/FontItem_82D7.font.s Fonts/build/GlyphText/FontText_5464.font.s Fonts/build/GlyphItem/FontItem_8214.font.s Fonts/build/GlyphItem/FontItem_4F76.font.s Fonts/build/GlyphItem/FontItem_55B9.font.s Fonts/build/GlyphText/FontText_78B0.font.s Fonts/build/GlyphText/FontText_59A4.font.s Fonts/build/GlyphItem/FontItem_8035.font.s Fonts/build/GlyphText/FontText_5F87.font.s Fonts/build/GlyphText/FontText_4F22.font.s Fonts/build/GlyphText/FontText_749C.font.s Fonts/build/GlyphItem/FontItem_7B94.font.s Fonts/build/GlyphText/FontText_6469.font.s Fonts/build/GlyphText/FontText_6346.font.s Fonts/build/GlyphItem/FontItem_971C.font.s Fonts/build/GlyphItem/FontItem_8019.font.s Fonts/build/GlyphItem/FontItem_7EE9.font.s Fonts/build/GlyphText/FontText_9E7F.font.s Fonts/build/GlyphItem/FontItem_524A.font.s Fonts/build/GlyphItem/FontItem_5C09.font.s Fonts/build/GlyphText/FontText_5F6C.font.s Fonts/build/GlyphItem/FontItem_78F4.font.s Fonts/build/GlyphItem/FontItem_5915.font.s Fonts/build/GlyphItem/FontItem_574A.font.s Fonts/build/GlyphText/FontText_6C60.font.s Fonts/build/GlyphText/FontText_FF1C.font.s Fonts/build/GlyphItem/FontItem_996F.font.s Fonts/build/GlyphItem/FontItem_7121.font.s Fonts/build/GlyphText/FontText_5421.font.s Fonts/build/GlyphText/FontText_803F.font.s Fonts/build/GlyphItem/FontItem_556A.font.s Fonts/build/GlyphItem/FontItem_5F64.font.s Fonts/build/GlyphText/FontText_7C0B.font.s Fonts/build/GlyphItem/FontItem_9647.font.s Fonts/build/GlyphItem/FontItem_8D76.font.s Fonts/build/GlyphItem/FontItem_7537.font.s Fonts/build/GlyphItem/FontItem_6E13.font.s Fonts/build/GlyphText/FontText_88FC.font.s Fonts/build/GlyphText/FontText_865E.font.s Fonts/build/GlyphItem/FontItem_8788.font.s Fonts/build/GlyphItem/FontItem_6934.font.s Fonts/build/GlyphText/FontText_51DD.font.s Fonts/build/GlyphItem/FontItem_68FA.font.s Fonts/build/GlyphText/FontText_8025.font.s Fonts/build/GlyphItem/FontItem_654C.font.s Fonts/build/GlyphText/FontText_75A3.font.s Fonts/build/GlyphText/FontText_87E5.font.s Fonts/build/GlyphText/FontText_953A.font.s Fonts/build/GlyphText/FontText_7DBB.font.s Fonts/build/GlyphText/FontText_7EA7.font.s Fonts/build/GlyphText/FontText_84E6.font.s Fonts/build/GlyphItem/FontItem_6170.font.s Fonts/build/GlyphText/FontText_6975.font.s Fonts/build/GlyphText/FontText_5BC2.font.s Fonts/build/GlyphText/FontText_9E21.font.s Fonts/build/GlyphText/FontText_7F55.font.s Fonts/build/GlyphItem/FontItem_62E9.font.s Fonts/build/GlyphText/FontText_5224.font.s Fonts/build/GlyphText/FontText_65EF.font.s Fonts/build/GlyphItem/FontItem_0091.font.s Fonts/build/GlyphItem/FontItem_8268.font.s Fonts/build/GlyphText/FontText_70AC.font.s Fonts/build/GlyphText/FontText_65A5.font.s Fonts/build/GlyphText/FontText_9562.font.s Fonts/build/GlyphText/FontText_83D8.font.s Fonts/build/GlyphItem/FontItem_9CA5.font.s Fonts/build/GlyphText/FontText_5E93.font.s Fonts/build/GlyphText/FontText_73C0.font.s Fonts/build/GlyphItem/FontItem_4F20.font.s Fonts/build/GlyphItem/FontItem_9646.font.s Fonts/build/GlyphItem/FontItem_52D0.font.s Fonts/build/GlyphItem/FontItem_9C8B.font.s Fonts/build/GlyphText/FontText_51A5.font.s Fonts/build/GlyphItem/FontItem_7619.font.s Fonts/build/GlyphText/FontText_8D50.font.s Fonts/build/GlyphItem/FontItem_30F3.font.s Fonts/build/GlyphItem/FontItem_94AB.font.s Fonts/build/GlyphText/FontText_6190.font.s Fonts/build/GlyphItem/FontItem_5931.font.s Fonts/build/GlyphItem/FontItem_8BA2.font.s Fonts/build/GlyphText/FontText_96CD.font.s Fonts/build/GlyphText/FontText_7BC4.font.s Fonts/build/GlyphItem/FontItem_7149.font.s Fonts/build/GlyphText/FontText_7F14.font.s Fonts/build/GlyphItem/FontItem_72B9.font.s Fonts/build/GlyphText/FontText_5AE6.font.s Fonts/build/GlyphText/FontText_632A.font.s Fonts/build/GlyphText/FontText_7231.font.s Fonts/build/GlyphText/FontText_8C04.font.s Fonts/build/GlyphText/FontText_5937.font.s Fonts/build/GlyphItem/FontItem_8FC5.font.s Fonts/build/GlyphText/FontText_5C64.font.s Fonts/build/GlyphText/FontText_6FDE.font.s Fonts/build/GlyphItem/FontItem_8D25.font.s Fonts/build/GlyphItem/FontItem_52E2.font.s Fonts/build/GlyphItem/FontItem_8892.font.s Fonts/build/GlyphText/FontText_9A6F.font.s Fonts/build/GlyphText/FontText_7E70.font.s Fonts/build/GlyphText/FontText_30F4.font.s Fonts/build/GlyphItem/FontItem_59AB.font.s Fonts/build/GlyphItem/FontItem_7BC6.font.s Fonts/build/GlyphText/FontText_534E.font.s Fonts/build/GlyphItem/FontItem_5D34.font.s Fonts/build/GlyphText/FontText_8C35.font.s Fonts/build/GlyphText/FontText_6CD6.font.s Fonts/build/GlyphItem/FontItem_003F.font.s Fonts/build/GlyphItem/FontItem_62F7.font.s Fonts/build/GlyphText/FontText_7EAA.font.s Fonts/build/GlyphText/FontText_6218.font.s Fonts/build/GlyphItem/FontItem_65D7.font.s Fonts/build/GlyphText/FontText_306B.font.s Fonts/build/GlyphText/FontText_8C85.font.s Fonts/build/GlyphItem/FontItem_4F7C.font.s Fonts/build/GlyphText/FontText_710A.font.s Fonts/build/GlyphText/FontText_91A3.font.s Fonts/build/GlyphText/FontText_7EB3.font.s Fonts/build/GlyphItem/FontItem_5E0C.font.s Fonts/build/GlyphText/FontText_9955.font.s Fonts/build/GlyphItem/FontItem_502D.font.s Fonts/build/GlyphText/FontText_4F1E.font.s Fonts/build/GlyphText/FontText_7ED3.font.s Fonts/build/GlyphItem/FontItem_306A.font.s Fonts/build/GlyphItem/FontItem_732B.font.s Fonts/build/GlyphText/FontText_8654.font.s Fonts/build/GlyphItem/FontItem_960F.font.s Fonts/build/GlyphItem/FontItem_9C9F.font.s Fonts/build/GlyphItem/FontItem_002D.font.s Fonts/build/GlyphText/FontText_51AF.font.s Fonts/build/GlyphText/FontText_998A.font.s Fonts/build/GlyphItem/FontItem_58D1.font.s Fonts/build/GlyphText/FontText_0036.font.s Fonts/build/GlyphItem/FontItem_5FC6.font.s Fonts/build/GlyphText/FontText_307F.font.s Fonts/build/GlyphText/FontText_4F5B.font.s Fonts/build/GlyphText/FontText_5B6A.font.s Fonts/build/GlyphItem/FontItem_5E7C.font.s Fonts/build/GlyphText/FontText_8035.font.s Fonts/build/GlyphItem/FontItem_6893.font.s Fonts/build/GlyphItem/FontItem_8E09.font.s Fonts/build/GlyphText/FontText_72D9.font.s Fonts/build/GlyphItem/FontItem_608D.font.s Fonts/build/GlyphText/FontText_7ED1.font.s Fonts/build/GlyphText/FontText_7CE0.font.s Fonts/build/GlyphText/FontText_5495.font.s Fonts/build/GlyphItem/FontItem_5A03.font.s Fonts/build/GlyphText/FontText_9ADF.font.s Fonts/build/GlyphItem/FontItem_8DEA.font.s Fonts/build/GlyphItem/FontItem_9AED.font.s Fonts/build/GlyphItem/FontItem_8CA7.font.s Fonts/build/GlyphText/FontText_6026.font.s Fonts/build/GlyphText/FontText_25B9.font.s Fonts/build/GlyphItem/FontItem_6434.font.s Fonts/build/GlyphText/FontText_70B7.font.s Fonts/build/GlyphText/FontText_7B15.font.s Fonts/build/GlyphItem/FontItem_6666.font.s Fonts/build/GlyphText/FontText_5E9A.font.s Fonts/build/GlyphItem/FontItem_69FD.font.s Fonts/build/GlyphItem/FontItem_4E2B.font.s Fonts/build/GlyphItem/FontItem_4FAF.font.s Fonts/build/GlyphText/FontText_66F2.font.s Fonts/build/GlyphItem/FontItem_8E2C.font.s Fonts/build/GlyphText/FontText_94D2.font.s Fonts/build/GlyphText/FontText_5408.font.s Fonts/build/GlyphItem/FontItem_576B.font.s Fonts/build/GlyphItem/FontItem_8D3F.font.s Fonts/build/GlyphItem/FontItem_610D.font.s Fonts/build/GlyphItem/FontItem_30B8.font.s Fonts/build/GlyphText/FontText_5BD2.font.s Fonts/build/GlyphItem/FontItem_7A33.font.s Fonts/build/GlyphItem/FontItem_8DF5.font.s Fonts/build/GlyphText/FontText_7750.font.s Fonts/build/GlyphText/FontText_8180.font.s Fonts/build/GlyphItem/FontItem_7540.font.s Fonts/build/GlyphItem/FontItem_5305.font.s Fonts/build/GlyphText/FontText_8BF9.font.s Fonts/build/GlyphItem/FontItem_7280.font.s Fonts/build/GlyphText/FontText_91DC.font.s Fonts/build/GlyphText/FontText_8D32.font.s Fonts/build/GlyphText/FontText_784C.font.s Fonts/build/GlyphItem/FontItem_59D8.font.s Fonts/build/GlyphText/FontText_989C.font.s Fonts/build/GlyphText/FontText_63FA.font.s Fonts/build/GlyphItem/FontItem_0037.font.s Fonts/build/GlyphText/FontText_7FD2.font.s Fonts/build/GlyphItem/FontItem_722A.font.s Fonts/build/GlyphItem/FontItem_84E6.font.s Fonts/build/GlyphText/FontText_5080.font.s Fonts/build/GlyphText/FontText_9E23.font.s Fonts/build/GlyphItem/FontItem_519B.font.s Fonts/build/GlyphText/FontText_72F0.font.s Fonts/build/GlyphText/FontText_7159.font.s Fonts/build/GlyphText/FontText_6368.font.s Fonts/build/GlyphItem/FontItem_5496.font.s Fonts/build/GlyphItem/FontItem_7FD8.font.s Fonts/build/GlyphItem/FontItem_8539.font.s Fonts/build/GlyphText/FontText_4EAE.font.s Fonts/build/GlyphItem/FontItem_603F.font.s Fonts/build/GlyphText/FontText_8782.font.s Fonts/build/GlyphText/FontText_9967.font.s Fonts/build/GlyphText/FontText_8019.font.s Fonts/build/GlyphText/FontText_8A31.font.s Fonts/build/GlyphText/FontText_5019.font.s Fonts/build/GlyphText/FontText_8153.font.s Fonts/build/GlyphText/FontText_8CAF.font.s Fonts/build/GlyphItem/FontItem_5179.font.s Fonts/build/GlyphItem/FontItem_82F7.font.s Fonts/build/GlyphText/FontText_970F.font.s Fonts/build/GlyphText/FontText_8983.font.s Fonts/build/GlyphText/FontText_94DD.font.s Fonts/build/GlyphItem/FontItem_6C5B.font.s Fonts/build/GlyphItem/FontItem_51ED.font.s Fonts/build/GlyphText/FontText_6700.font.s Fonts/build/GlyphText/FontText_94DF.font.s Fonts/build/GlyphItem/FontItem_506C.font.s Fonts/build/GlyphItem/FontItem_778C.font.s Fonts/build/GlyphText/FontText_9047.font.s Fonts/build/GlyphText/FontText_5EB6.font.s Fonts/build/GlyphText/FontText_9878.font.s Fonts/build/GlyphItem/FontItem_805A.font.s Fonts/build/GlyphText/FontText_4F4E.font.s Fonts/build/GlyphItem/FontItem_6CC1.font.s Fonts/build/GlyphText/FontText_8FF8.font.s Fonts/build/GlyphItem/FontItem_63DB.font.s Fonts/build/GlyphItem/FontItem_6CAB.font.s Fonts/build/GlyphText/FontText_9187.font.s Fonts/build/GlyphItem/FontItem_76CE.font.s Fonts/build/GlyphText/FontText_00D9.font.s Fonts/build/GlyphText/FontText_5B66.font.s Fonts/build/GlyphItem/FontItem_4E92.font.s Fonts/build/GlyphText/FontText_7B2B.font.s Fonts/build/GlyphText/FontText_FF4C.font.s Fonts/build/GlyphItem/FontItem_8276.font.s Fonts/build/GlyphText/FontText_FF1E.font.s Fonts/build/GlyphItem/FontItem_8BC8.font.s Fonts/build/GlyphItem/FontItem_50F3.font.s Fonts/build/GlyphItem/FontItem_55E4.font.s Fonts/build/GlyphItem/FontItem_672A.font.s Fonts/build/GlyphItem/FontItem_6C19.font.s Fonts/build/GlyphItem/FontItem_80DD.font.s Fonts/build/GlyphItem/FontItem_62D4.font.s Fonts/build/GlyphText/FontText_676D.font.s Fonts/build/GlyphText/FontText_9B4D.font.s Fonts/build/GlyphText/FontText_543B.font.s Fonts/build/GlyphItem/FontItem_6E89.font.s Fonts/build/GlyphItem/FontItem_5F29.font.s Fonts/build/GlyphItem/FontItem_5986.font.s Fonts/build/GlyphText/FontText_5B93.font.s Fonts/build/GlyphItem/FontItem_8E74.font.s Fonts/build/GlyphItem/FontItem_512A.font.s Fonts/build/GlyphItem/FontItem_8C24.font.s Fonts/build/GlyphItem/FontItem_8888.font.s Fonts/build/GlyphItem/FontItem_9699.font.s Fonts/build/GlyphText/FontText_5CBF.font.s Fonts/build/GlyphItem/FontItem_4F58.font.s Fonts/build/GlyphText/FontText_63F6.font.s Fonts/build/GlyphItem/FontItem_5145.font.s Fonts/build/GlyphText/FontText_7239.font.s Fonts/build/GlyphText/FontText_8106.font.s Fonts/build/GlyphText/FontText_857A.font.s Fonts/build/GlyphText/FontText_5AB5.font.s Fonts/build/GlyphItem/FontItem_72B0.font.s Fonts/build/GlyphText/FontText_7259.font.s Fonts/build/GlyphText/FontText_70F9.font.s Fonts/build/GlyphItem/FontItem_5FC4.font.s Fonts/build/GlyphText/FontText_936A.font.s Fonts/build/GlyphItem/FontItem_504C.font.s Fonts/build/GlyphItem/FontItem_67A2.font.s Fonts/build/GlyphItem/FontItem_6414.font.s Fonts/build/GlyphItem/FontItem_8D73.font.s Fonts/build/GlyphText/FontText_84CD.font.s Fonts/build/GlyphText/FontText_6151.font.s Fonts/build/GlyphText/FontText_FF3C.font.s Fonts/build/GlyphText/FontText_818F.font.s Fonts/build/GlyphText/FontText_57CF.font.s Fonts/build/GlyphItem/FontItem_5608.font.s Fonts/build/GlyphItem/FontItem_6F4D.font.s Contants/Sprite/Source/Alm_mov.4bpp Fonts/build/GlyphText/FontText_4E5F.font.s Fonts/build/GlyphText/FontText_56FE.font.s Fonts/build/GlyphText/FontText_6C70.font.s Fonts/build/GlyphItem/FontItem_6402.font.s Fonts/build/GlyphText/FontText_94EC.font.s Fonts/build/GlyphText/FontText_6EBA.font.s Fonts/build/GlyphText/FontText_8712.font.s Fonts/build/GlyphText/FontText_6C18.font.s Fonts/build/GlyphItem/FontItem_8497.font.s Fonts/build/GlyphItem/FontItem_5727.font.s Fonts/build/GlyphText/FontText_98DB.font.s Fonts/build/GlyphItem/FontItem_9CA2.font.s Fonts/build/GlyphText/FontText_567B.font.s Fonts/build/GlyphItem/FontItem_624C.font.s Fonts/build/GlyphItem/FontItem_606D.font.s Fonts/build/GlyphText/FontText_4FC4.font.s Fonts/build/GlyphItem/FontItem_9CB3.font.s Fonts/build/GlyphText/FontText_7272.font.s Fonts/build/GlyphItem/FontItem_5FC3.font.s Fonts/build/GlyphItem/FontItem_6376.font.s Fonts/build/GlyphText/FontText_9097.font.s Fonts/build/GlyphText/FontText_6A71.font.s Fonts/build/GlyphText/FontText_4FB5.font.s Fonts/build/GlyphText/FontText_7B46.font.s Fonts/build/GlyphItem/FontItem_5DEE.font.s Fonts/build/GlyphItem/FontItem_66FF.font.s Fonts/build/GlyphItem/FontItem_87BA.font.s Fonts/build/GlyphText/FontText_8155.font.s Fonts/build/GlyphText/FontText_7B9C.font.s Fonts/build/GlyphText/FontText_90B1.font.s Fonts/build/GlyphText/FontText_907A.font.s Fonts/build/GlyphText/FontText_00BA.font.s Fonts/build/GlyphItem/FontItem_5BDF.font.s Fonts/build/GlyphText/FontText_7B2E.font.s Fonts/build/GlyphItem/FontItem_7F50.font.s Fonts/build/GlyphItem/FontItem_573A.font.s Fonts/build/GlyphText/FontText_5730.font.s Fonts/build/GlyphText/FontText_8881.font.s Fonts/build/GlyphItem/FontItem_606A.font.s Fonts/build/GlyphItem/FontItem_52AA.font.s Fonts/build/GlyphText/FontText_89DC.font.s Fonts/build/GlyphItem/FontItem_9881.font.s Fonts/build/GlyphItem/FontItem_559D.font.s Fonts/build/GlyphItem/FontItem_80A0.font.s Fonts/build/GlyphItem/FontItem_68B0.font.s Fonts/build/GlyphText/FontText_53D9.font.s Fonts/build/GlyphText/FontText_4EC7.font.s Fonts/build/GlyphItem/FontItem_610F.font.s Fonts/build/GlyphItem/FontItem_98A4.font.s Fonts/build/GlyphText/FontText_8BFB.font.s Fonts/build/GlyphText/FontText_68C4.font.s Fonts/build/GlyphText/FontText_518D.font.s Fonts/build/GlyphItem/FontItem_8BCA.font.s Fonts/build/GlyphText/FontText_9157.font.s Fonts/build/GlyphText/FontText_6F4B.font.s Fonts/build/GlyphText/FontText_523A.font.s Fonts/build/GlyphText/FontText_821F.font.s Fonts/build/GlyphText/FontText_524A.font.s Fonts/build/GlyphText/FontText_57F7.font.s Fonts/build/GlyphText/FontText_FF21.font.s Fonts/build/GlyphItem/FontItem_8C6A.font.s Fonts/build/GlyphItem/FontItem_9041.font.s Fonts/build/GlyphItem/FontItem_70C3.font.s Fonts/build/GlyphItem/FontItem_5CEA.font.s Fonts/build/GlyphItem/FontItem_5B69.font.s Fonts/build/GlyphItem/FontItem_723D.font.s Fonts/build/GlyphItem/FontItem_7ED0.font.s Fonts/build/GlyphText/FontText_74A7.font.s Fonts/build/GlyphItem/FontItem_94C8.font.s Fonts/build/GlyphItem/FontItem_520A.font.s Fonts/build/GlyphText/FontText_82A1.font.s Fonts/build/GlyphItem/FontItem_8018.font.s Fonts/build/GlyphItem/FontItem_8D27.font.s Fonts/build/GlyphItem/FontItem_4EF6.font.s Fonts/build/GlyphText/FontText_7624.font.s Fonts/build/GlyphItem/FontItem_70AF.font.s Fonts/build/GlyphItem/FontItem_69D0.font.s Fonts/build/GlyphItem/FontItem_6714.font.s Fonts/build/GlyphText/FontText_5CF6.font.s Fonts/build/GlyphText/FontText_829D.font.s Fonts/build/GlyphText/FontText_635C.font.s Fonts/build/GlyphText/FontText_8C1A.font.s Fonts/build/GlyphText/FontText_9525.font.s Fonts/build/GlyphItem/FontItem_4EC9.font.s Fonts/build/GlyphText/FontText_969B.font.s Fonts/build/GlyphText/FontText_62A5.font.s Fonts/build/GlyphText/FontText_75DB.font.s Fonts/build/GlyphItem/FontItem_8D4D.font.s Fonts/build/GlyphItem/FontItem_67AB.font.s Fonts/build/GlyphText/FontText_00D7.font.s Fonts/build/GlyphText/FontText_9886.font.s Fonts/build/GlyphText/FontText_8DE3.font.s Fonts/build/GlyphItem/FontItem_895E.font.s Fonts/build/GlyphText/FontText_5DE9.font.s Fonts/build/GlyphText/FontText_7281.font.s Fonts/build/GlyphText/FontText_5527.font.s Fonts/build/GlyphText/FontText_63A2.font.s Fonts/build/GlyphItem/FontItem_822B.font.s Fonts/build/GlyphText/FontText_7B9D.font.s Fonts/build/GlyphText/FontText_4FA9.font.s Fonts/build/GlyphText/FontText_967D.font.s Fonts/build/GlyphItem/FontItem_784E.font.s Fonts/build/GlyphItem/FontItem_7523.font.s Fonts/build/GlyphText/FontText_5E7D.font.s Fonts/build/GlyphText/FontText_9609.font.s Fonts/build/GlyphText/FontText_8D3D.font.s Fonts/build/GlyphText/FontText_8A02.font.s Fonts/build/GlyphText/FontText_9F0D.font.s Fonts/build/GlyphText/FontText_8C25.font.s Fonts/build/GlyphText/FontText_80AA.font.s Fonts/build/GlyphText/FontText_90A1.font.s Fonts/build/GlyphText/FontText_FF09.font.s Fonts/build/GlyphText/FontText_62D9.font.s Fonts/build/GlyphItem/FontItem_5546.font.s Fonts/build/GlyphItem/FontItem_5E2D.font.s Fonts/build/GlyphText/FontText_7A32.font.s Fonts/build/GlyphItem/FontItem_88E3.font.s Fonts/build/GlyphItem/FontItem_811A.font.s Fonts/build/GlyphText/FontText_55EB.font.s Fonts/build/GlyphItem/FontItem_69BB.font.s Fonts/build/GlyphText/FontText_8816.font.s Fonts/build/GlyphText/FontText_82DC.font.s Fonts/build/GlyphItem/FontItem_5F02.font.s Fonts/build/GlyphText/FontText_5B51.font.s Fonts/build/GlyphItem/FontItem_7BCC.font.s Fonts/build/GlyphText/FontText_5239.font.s Fonts/build/GlyphItem/FontItem_9F86.font.s Fonts/build/GlyphText/FontText_6EE0.font.s Fonts/build/GlyphText/FontText_82AA.font.s Fonts/build/GlyphItem/FontItem_8627.font.s Fonts/build/GlyphItem/FontItem_6A28.font.s Fonts/build/GlyphText/FontText_963C.font.s Fonts/build/GlyphItem/FontItem_004A.font.s Fonts/build/GlyphItem/FontItem_59D4.font.s Fonts/build/GlyphText/FontText_63B8.font.s Fonts/build/GlyphItem/FontItem_8F8B.font.s Fonts/build/GlyphText/FontText_537F.font.s Fonts/build/GlyphItem/FontItem_4E09.font.s Fonts/build/GlyphItem/FontItem_86D4.font.s Fonts/build/GlyphItem/FontItem_62A5.font.s Fonts/build/GlyphItem/FontItem_4E3B.font.s Fonts/build/GlyphItem/FontItem_62D2.font.s Fonts/build/GlyphItem/FontItem_7403.font.s Fonts/build/GlyphItem/FontItem_904B.font.s Fonts/build/GlyphItem/FontItem_8311.font.s Fonts/build/GlyphText/FontText_81D3.font.s Fonts/build/GlyphItem/FontItem_81A6.font.s Fonts/build/GlyphItem/FontItem_4EFB.font.s Fonts/build/GlyphText/FontText_30C3.font.s Fonts/build/GlyphItem/FontItem_5FD8.font.s Fonts/build/GlyphItem/FontItem_9488.font.s Fonts/build/GlyphItem/FontItem_5ED1.font.s Fonts/build/GlyphItem/FontItem_6C94.font.s Fonts/build/GlyphItem/FontItem_79C1.font.s Fonts/build/GlyphText/FontText_FF33.font.s Fonts/build/GlyphText/FontText_4E01.font.s Fonts/build/GlyphText/FontText_8539.font.s Fonts/build/GlyphItem/FontItem_786A.font.s Fonts/build/GlyphItem/FontItem_966C.font.s Fonts/build/GlyphText/FontText_623D.font.s Fonts/build/GlyphText/FontText_0433.font.s Fonts/build/GlyphItem/FontItem_59B9.font.s Fonts/build/GlyphItem/FontItem_6CB9.font.s Fonts/build/GlyphText/FontText_5F58.font.s Fonts/build/GlyphItem/FontItem_4FBF.font.s Fonts/build/GlyphItem/FontItem_5BA0.font.s Fonts/build/GlyphItem/FontItem_86D0.font.s Fonts/build/GlyphText/FontText_9493.font.s Fonts/build/GlyphText/FontText_5039.font.s Fonts/build/GlyphItem/FontItem_957F.font.s Fonts/build/GlyphText/FontText_8EAB.font.s Fonts/build/GlyphText/FontText_94D6.font.s Fonts/build/GlyphItem/FontItem_8258.font.s Fonts/build/GlyphText/FontText_835F.font.s Fonts/build/GlyphItem/FontItem_832B.font.s Fonts/build/GlyphText/FontText_4E18.font.s Fonts/build/GlyphItem/FontItem_8D74.font.s Fonts/build/GlyphText/FontText_8CEA.font.s Fonts/build/GlyphItem/FontItem_8FE5.font.s Fonts/build/GlyphItem/FontItem_72C2.font.s Fonts/build/GlyphItem/FontItem_8FAB.font.s Fonts/build/GlyphText/FontText_5F20.font.s Fonts/build/GlyphText/FontText_9C7C.font.s Fonts/build/GlyphText/FontText_665F.font.s Fonts/build/GlyphItem/FontItem_8F66.font.s Fonts/build/GlyphText/FontText_78E8.font.s Fonts/build/GlyphItem/FontItem_8FBE.font.s Fonts/build/GlyphText/FontText_8FBD.font.s Fonts/build/GlyphItem/FontItem_810D.font.s Fonts/build/GlyphItem/FontItem_7B7E.font.s Fonts/build/GlyphItem/FontItem_6C5D.font.s Fonts/build/GlyphItem/FontItem_00CE.font.s Fonts/build/GlyphItem/FontItem_6575.font.s Fonts/build/GlyphItem/FontItem_94BE.font.s Fonts/build/GlyphItem/FontItem_821E.font.s Fonts/build/GlyphText/FontText_514D.font.s Fonts/build/GlyphItem/FontItem_4F17.font.s Fonts/build/GlyphText/FontText_8F86.font.s Fonts/build/GlyphItem/FontItem_5556.font.s Fonts/build/GlyphItem/FontItem_6D04.font.s Fonts/build/GlyphItem/FontItem_00C4.font.s Fonts/build/GlyphText/FontText_80A5.font.s Fonts/build/GlyphText/FontText_72E8.font.s Fonts/build/GlyphText/FontText_85E4.font.s Fonts/build/GlyphText/FontText_67C4.font.s Fonts/build/GlyphItem/FontItem_6DC4.font.s Fonts/build/GlyphItem/FontItem_7B38.font.s Fonts/build/GlyphItem/FontItem_8870.font.s Fonts/build/GlyphItem/FontItem_500D.font.s Fonts/build/GlyphText/FontText_96B3.font.s Fonts/build/GlyphItem/FontItem_6634.font.s Fonts/build/GlyphItem/FontItem_8ACB.font.s Fonts/build/GlyphText/FontText_5530.font.s Fonts/build/GlyphText/FontText_77A5.font.s Fonts/build/GlyphText/FontText_8DF7.font.s Fonts/build/GlyphText/FontText_7178.font.s Fonts/build/GlyphText/FontText_9701.font.s Fonts/build/GlyphText/FontText_66AE.font.s Fonts/build/GlyphItem/FontItem_55EF.font.s Fonts/build/GlyphItem/FontItem_642C.font.s Fonts/build/GlyphText/FontText_8006.font.s Fonts/build/GlyphItem/FontItem_6F5C.font.s Fonts/build/GlyphText/FontText_966C.font.s Fonts/build/GlyphText/FontText_62DF.font.s Fonts/build/GlyphText/FontText_30EB.font.s Fonts/build/GlyphText/FontText_960F.font.s Fonts/build/GlyphItem/FontItem_7A20.font.s Fonts/build/GlyphItem/FontItem_FF09.font.s Fonts/build/GlyphItem/FontItem_57DF.font.s Fonts/build/GlyphItem/FontItem_6EC1.font.s Fonts/build/GlyphText/FontText_30DC.font.s Fonts/build/GlyphItem/FontItem_7487.font.s Fonts/build/GlyphText/FontText_7F9D.font.s Fonts/build/GlyphText/FontText_6A3E.font.s Fonts/build/GlyphItem/FontItem_7C26.font.s Fonts/build/GlyphItem/FontItem_59CA.font.s Fonts/build/GlyphItem/FontItem_8C2E.font.s Fonts/build/GlyphText/FontText_8C8C.font.s Fonts/build/GlyphText/FontText_8D63.font.s Fonts/build/GlyphItem/FontItem_5D29.font.s Fonts/build/GlyphText/FontText_7594.font.s Fonts/build/GlyphItem/FontItem_8C46.font.s Fonts/build/GlyphText/FontText_8C28.font.s Fonts/build/GlyphText/FontText_8DB3.font.s Fonts/build/GlyphItem/FontItem_7FA1.font.s Fonts/build/GlyphText/FontText_5438.font.s Fonts/build/GlyphText/FontText_809A.font.s Fonts/build/GlyphText/FontText_7948.font.s
